[    0.000000] Linux version 5.2.0-rc4+ (pavel@duo) (gcc version 4.9.2 (Debian 4.9.2-10+deb8u2)) #6 SMP Sun Jun 9 21:59:59 CEST 2019
[    0.000000] Command line: BOOT_IMAGE=(hd1,2)/l/k/o/next/64/arch/x86/boot/bzImage root=/dev/sdb4 resume=/dev/sda1
[    0.000000] Disabled fast string operations
[    0.000000] x86/fpu: Supporting XSAVE feature 0x001: 'x87 floating point registers'
[    0.000000] x86/fpu: Supporting XSAVE feature 0x002: 'SSE registers'
[    0.000000] x86/fpu: Supporting XSAVE feature 0x004: 'AVX registers'
[    0.000000] x86/fpu: xstate_offset[2]:  576, xstate_sizes[2]:  256
[    0.000000] x86/fpu: Enabled xstate features 0x7, context size is 832 bytes, using 'standard' format.
[    0.000000] BIOS-provided physical RAM map:
[    0.000000] BIOS-e820: [mem 0x0000000000000000-0x000000000009d7ff] usable
[    0.000000] BIOS-e820: [mem 0x000000000009d800-0x000000000009ffff] reserved
[    0.000000] BIOS-e820: [mem 0x00000000000e0000-0x00000000000fffff] reserved
[    0.000000] BIOS-e820: [mem 0x0000000000100000-0x000000001fffffff] usable
[    0.000000] BIOS-e820: [mem 0x0000000020000000-0x00000000201fffff] reserved
[    0.000000] BIOS-e820: [mem 0x0000000020200000-0x000000003fffffff] usable
[    0.000000] BIOS-e820: [mem 0x0000000040000000-0x00000000401fffff] reserved
[    0.000000] BIOS-e820: [mem 0x0000000040200000-0x00000000da99efff] usable
[    0.000000] BIOS-e820: [mem 0x00000000da99f000-0x00000000dae9efff] reserved
[    0.000000] BIOS-e820: [mem 0x00000000dae9f000-0x00000000daf9efff] ACPI NVS
[    0.000000] BIOS-e820: [mem 0x00000000daf9f000-0x00000000daffefff] ACPI data
[    0.000000] BIOS-e820: [mem 0x00000000dafff000-0x00000000daffffff] usable
[    0.000000] BIOS-e820: [mem 0x00000000db000000-0x00000000df9fffff] reserved
[    0.000000] BIOS-e820: [mem 0x00000000f8000000-0x00000000fbffffff] reserved
[    0.000000] BIOS-e820: [mem 0x00000000fec00000-0x00000000fec00fff] reserved
[    0.000000] BIOS-e820: [mem 0x00000000fed08000-0x00000000fed08fff] reserved
[    0.000000] BIOS-e820: [mem 0x00000000fed10000-0x00000000fed19fff] reserved
[    0.000000] BIOS-e820: [mem 0x00000000fed1c000-0x00000000fed1ffff] reserved
[    0.000000] BIOS-e820: [mem 0x00000000fee00000-0x00000000fee00fff] reserved
[    0.000000] BIOS-e820: [mem 0x00000000ffd20000-0x00000000ffffffff] reserved
[    0.000000] BIOS-e820: [mem 0x0000000100000000-0x000000019e5fffff] usable
[    0.000000] BIOS-e820: [mem 0x000000019e600000-0x000000019e7fffff] reserved
[    0.000000] NX (Execute Disable) protection: active
[    0.000000] SMBIOS 2.6 present.
[    0.000000] DMI: LENOVO 42872WU/42872WU, BIOS 8DET74WW (1.44 ) 03/13/2018
[    0.000000] tsc: Fast TSC calibration using PIT
[    0.000000] tsc: Detected 2491.906 MHz processor
[    0.004955] e820: update [mem 0x00000000-0x00000fff] usable ==> reserved
[    0.004964] e820: remove [mem 0x000a0000-0x000fffff] usable
[    0.004988] last_pfn = 0x19e600 max_arch_pfn = 0x400000000
[    0.005003] MTRR default type: uncachable
[    0.005007] MTRR fixed ranges enabled:
[    0.005013]   00000-9FFFF write-back
[    0.005018]   A0000-BFFFF uncachable
[    0.005022]   C0000-FFFFF write-protect
[    0.005026] MTRR variable ranges enabled:
[    0.005033]   0 base 0FFC00000 mask FFFC00000 write-protect
[    0.005038]   1 base 000000000 mask F80000000 write-back
[    0.005043]   2 base 080000000 mask FC0000000 write-back
[    0.005047]   3 base 0C0000000 mask FE0000000 write-back
[    0.005052]   4 base 0DC000000 mask FFC000000 uncachable
[    0.005056]   5 base 0DB000000 mask FFF000000 uncachable
[    0.005061]   6 base 100000000 mask F80000000 write-back
[    0.005065]   7 base 180000000 mask FE0000000 write-back
[    0.005070]   8 base 19F000000 mask FFF000000 uncachable
[    0.005074]   9 base 19E800000 mask FFF800000 uncachable
[    0.007119] x86/PAT: Configuration [0-7]: WB  WC  UC- UC  WB  WP  UC- WT  
[    0.009674] last_pfn = 0xdb000 max_arch_pfn = 0x400000000
[    0.009731] reserving inaccessible SNB gfx pages
[    0.009746] BRK [0x06401000, 0x06401fff] PGTABLE
[    0.009754] BRK [0x06402000, 0x06402fff] PGTABLE
[    0.009759] BRK [0x06403000, 0x06403fff] PGTABLE
[    0.009950] BRK [0x06404000, 0x06404fff] PGTABLE
[    0.010416] BRK [0x06405000, 0x06405fff] PGTABLE
[    0.011222] BRK [0x06406000, 0x06406fff] PGTABLE
[    0.012699] ACPI: Early table checksum verification disabled
[    0.012841] ACPI: RSDP 0x00000000000F00E0 000024 (v02 LENOVO)
[    0.012855] ACPI: XSDT 0x00000000DAFFE120 0000AC (v01 LENOVO TP-8D    00001440 PTEC 00000002)
[    0.012875] ACPI: FACP 0x00000000DAFE7000 0000F4 (v04 LENOVO TP-8D    00001440 PTL  00000002)
[    0.012896] ACPI: DSDT 0x00000000DAFEA000 00FA89 (v01 LENOVO TP-8D    00001440 INTL 20061109)
[    0.012909] ACPI: FACS 0x00000000DAF2D000 000040
[    0.012921] ACPI: FACS 0x00000000DAF2D000 000040
[    0.012932] ACPI: SLIC 0x00000000DAFFD000 000176 (v01 LENOVO TP-8D    00001440 PTEC 00000001)
[    0.012945] ACPI: SSDT 0x00000000DAFFC000 000249 (v01 LENOVO TP-SSDT2 00000200 INTL 20061109)
[    0.012958] ACPI: SSDT 0x00000000DAFFB000 000033 (v01 LENOVO TP-SSDT1 00000100 INTL 20061109)
[    0.012971] ACPI: SSDT 0x00000000DAFFA000 0007D1 (v01 LENOVO SataAhci 00001000 INTL 20061109)
[    0.012984] ACPI: HPET 0x00000000DAFE6000 000038 (v01 LENOVO TP-8D    00001440 PTL  00000002)
[    0.012997] ACPI: APIC 0x00000000DAFE5000 000098 (v01 LENOVO TP-8D    00001440 PTL  00000002)
[    0.013010] ACPI: MCFG 0x00000000DAFE4000 00003C (v01 LENOVO TP-8D    00001440 PTL  00000002)
[    0.013023] ACPI: ECDT 0x00000000DAFE3000 000052 (v01 LENOVO TP-8D    00001440 PTL  00000002)
[    0.013035] ACPI: ASF! 0x00000000DAFE9000 0000A5 (v32 LENOVO TP-8D    00001440 PTL  00000002)
[    0.013048] ACPI: TCPA 0x00000000DAFE2000 000032 (v02 PTL    LENOVO   06040000 LNVO 00000001)
[    0.013062] ACPI: SSDT 0x00000000DAFE1000 000A27 (v01 PmRef  Cpu0Ist  00003000 INTL 20061109)
[    0.013075] ACPI: SSDT 0x00000000DAFE0000 000996 (v01 PmRef  CpuPm    00003000 INTL 20061109)
[    0.013088] ACPI: DMAR 0x00000000DAFDF000 0000E8 (v01 INTEL  SNB      00000001 INTL 00000001)
[    0.013101] ACPI: UEFI 0x00000000DAFDE000 00003E (v01 LENOVO TP-8D    00001440 PTL  00000002)
[    0.013114] ACPI: UEFI 0x00000000DAFDD000 000042 (v01 PTL    COMBUF   00000001 PTL  00000001)
[    0.013127] ACPI: UEFI 0x00000000DAFDC000 000292 (v01 LENOVO TP-8D    00001440 PTL  00000002)
[    0.013151] ACPI: Local APIC address 0xfee00000
[    0.013289] Zone ranges:
[    0.013295]   DMA      [mem 0x0000000000001000-0x0000000000ffffff]
[    0.013303]   DMA32    [mem 0x0000000001000000-0x00000000ffffffff]
[    0.013310]   Normal   [mem 0x0000000100000000-0x000000019e5fffff]
[    0.013317] Movable zone start for each node
[    0.013322] Early memory node ranges
[    0.013329]   node   0: [mem 0x0000000000001000-0x000000000009cfff]
[    0.013335]   node   0: [mem 0x0000000000100000-0x000000001fffffff]
[    0.013340]   node   0: [mem 0x0000000020200000-0x000000003fffffff]
[    0.013346]   node   0: [mem 0x0000000040200000-0x00000000da99efff]
[    0.013352]   node   0: [mem 0x00000000dafff000-0x00000000daffffff]
[    0.013357]   node   0: [mem 0x0000000100000000-0x000000019e5fffff]
[    0.013953] Zeroed struct page in unavailable ranges: 23236 pages
[    0.013958] Initmem setup node 0 [mem 0x0000000000001000-0x000000019e5fffff]
[    0.013968] On node 0 totalpages: 1542972
[    0.013974]   DMA zone: 56 pages used for memmap
[    0.013977]   DMA zone: 156 pages reserved
[    0.013982]   DMA zone: 3996 pages, LIFO batch:0
[    0.014099]   DMA32 zone: 12172 pages used for memmap
[    0.014103]   DMA32 zone: 890272 pages, LIFO batch:63
[    0.039542]   Normal zone: 8869 pages used for memmap
[    0.039549]   Normal zone: 648704 pages, LIFO batch:63
[    0.056675] Reserving Intel graphics memory at [mem 0xdba00000-0xdf9fffff]
[    0.056963] ACPI: PM-Timer IO Port: 0x408
[    0.056972] ACPI: Local APIC address 0xfee00000
[    0.056992] ACPI: LAPIC_NMI (acpi_id[0x00] high edge lint[0x1])
[    0.056998] ACPI: LAPIC_NMI (acpi_id[0x01] high edge lint[0x1])
[    0.057034] IOAPIC[0]: apic_id 2, version 32, address 0xfec00000, GSI 0-23
[    0.057045] ACPI: INT_SRC_OVR (bus 0 bus_irq 0 global_irq 2 dfl dfl)
[    0.057054] ACPI: INT_SRC_OVR (bus 0 bus_irq 9 global_irq 9 high level)
[    0.057062] ACPI: IRQ0 used by override.
[    0.057069] ACPI: IRQ9 used by override.
[    0.057079] Using ACPI (MADT) for SMP configuration information
[    0.057087] ACPI: HPET id: 0x8086a301 base: 0xfed00000
[    0.057100] smpboot: Allowing 8 CPUs, 4 hotplug CPUs
[    0.057185] PM: Registered nosave memory: [mem 0x00000000-0x00000fff]
[    0.057194] PM: Registered nosave memory: [mem 0x0009d000-0x0009dfff]
[    0.057199] PM: Registered nosave memory: [mem 0x0009e000-0x0009ffff]
[    0.057205] PM: Registered nosave memory: [mem 0x000a0000-0x000dffff]
[    0.057210] PM: Registered nosave memory: [mem 0x000e0000-0x000fffff]
[    0.057219] PM: Registered nosave memory: [mem 0x20000000-0x201fffff]
[    0.057227] PM: Registered nosave memory: [mem 0x40000000-0x401fffff]
[    0.057236] PM: Registered nosave memory: [mem 0xda99f000-0xdae9efff]
[    0.057242] PM: Registered nosave memory: [mem 0xdae9f000-0xdaf9efff]
[    0.057247] PM: Registered nosave memory: [mem 0xdaf9f000-0xdaffefff]
[    0.057256] PM: Registered nosave memory: [mem 0xdb000000-0xdf9fffff]
[    0.057261] PM: Registered nosave memory: [mem 0xdfa00000-0xf7ffffff]
[    0.057267] PM: Registered nosave memory: [mem 0xf8000000-0xfbffffff]
[    0.057272] PM: Registered nosave memory: [mem 0xfc000000-0xfebfffff]
[    0.057277] PM: Registered nosave memory: [mem 0xfec00000-0xfec00fff]
[    0.057283] PM: Registered nosave memory: [mem 0xfec01000-0xfed07fff]
[    0.057288] PM: Registered nosave memory: [mem 0xfed08000-0xfed08fff]
[    0.057294] PM: Registered nosave memory: [mem 0xfed09000-0xfed0ffff]
[    0.057299] PM: Registered nosave memory: [mem 0xfed10000-0xfed19fff]
[    0.057304] PM: Registered nosave memory: [mem 0xfed1a000-0xfed1bfff]
[    0.057310] PM: Registered nosave memory: [mem 0xfed1c000-0xfed1ffff]
[    0.057315] PM: Registered nosave memory: [mem 0xfed20000-0xfedfffff]
[    0.057320] PM: Registered nosave memory: [mem 0xfee00000-0xfee00fff]
[    0.057326] PM: Registered nosave memory: [mem 0xfee01000-0xffd1ffff]
[    0.057331] PM: Registered nosave memory: [mem 0xffd20000-0xffffffff]
[    0.057343] [mem 0xdfa00000-0xf7ffffff] available for PCI devices
[    0.057352] clocksource: refined-jiffies: mask: 0xffffffff max_cycles: 0xffffffff, max_idle_ns: 7645519600211568 ns
[    0.057381] setup_percpu: NR_CPUS:8 nr_cpumask_bits:8 nr_cpu_ids:8 nr_node_ids:1
[    0.062922] percpu: Embedded 60 pages/cpu s207048 r8192 d30520 u262144
[    0.062950] pcpu-alloc: s207048 r8192 d30520 u262144 alloc=1*2097152
[    0.062955] pcpu-alloc: [0] 0 1 2 3 4 5 6 7 
[    0.063034] Built 1 zonelists, mobility grouping on.  Total pages: 1521719
[    0.063049] Kernel command line: BOOT_IMAGE=(hd1,2)/l/k/o/next/64/arch/x86/boot/bzImage root=/dev/sdb4 resume=/dev/sda1
[    0.075184] Dentry cache hash table entries: 1048576 (order: 11, 8388608 bytes)
[    0.081170] Inode-cache hash table entries: 524288 (order: 10, 4194304 bytes)
[    0.867550] Memory: 5966032K/6171888K available (16387K kernel code, 1125K rwdata, 5268K rodata, 1080K init, 9900K bss, 205856K reserved, 0K cma-reserved)
[    0.867617] random: get_random_u32 called from cache_alloc_refill+0x8cb/0xcc0 with crng_init=0
[    0.869504] Kernel/User page tables isolation: enabled
[    0.870044] rcu: Hierarchical RCU implementation.
[    0.870053] rcu: RCU calculated value of scheduler-enlistment delay is 25 jiffies.
[    0.870140] NR_IRQS: 4352, nr_irqs: 104, preallocated irqs: 16
[    0.874469] Console: colour VGA+ 80x25
[    0.896933] printk: console [tty0] enabled
[    0.897092] Lock dependency validator: Copyright (c) 2006 Red Hat, Inc., Ingo Molnar
[    0.897278] ... MAX_LOCKDEP_SUBCLASSES:  8
[    0.897436] ... MAX_LOCK_DEPTH:          48
[    0.897594] ... MAX_LOCKDEP_KEYS:        8191
[    0.897754] ... CLASSHASH_SIZE:          4096
[    0.897914] ... MAX_LOCKDEP_ENTRIES:     32768
[    0.898074] ... MAX_LOCKDEP_CHAINS:      65536
[    0.898234] ... CHAINHASH_SIZE:          32768
[    0.898394]  memory used by lock dependency info: 3507 kB
[    0.898562]  per task-struct memory footprint: 1920 bytes
[    0.898748] ACPI: Core revision 20190509
[    0.899793] clocksource: hpet: mask: 0xffffffff max_cycles: 0xffffffff, max_idle_ns: 133484882848 ns
[    0.900041] hpet clockevent registered
[    0.900060] APIC: Switch to symmetric I/O mode setup
[    0.901102] ..TIMER: vector=0x30 apic1=0 pin1=2 apic2=-1 pin2=-1
[    0.920055] clocksource: tsc-early: mask: 0xffffffffffffffff max_cycles: 0x23eb5badc15, max_idle_ns: 440795233937 ns
[    0.920225] Calibrating delay loop (skipped), value calculated using timer frequency.. 4983.81 BogoMIPS (lpj=9967624)
[    0.920392] pid_max: default: 32768 minimum: 301
[    0.920919] Mount-cache hash table entries: 16384 (order: 5, 131072 bytes)
[    0.921067] Mountpoint-cache hash table entries: 16384 (order: 5, 131072 bytes)
[    0.922154] *** VALIDATE proc ***
[    0.922421] *** VALIDATE cgroup1 ***
[    0.922510] *** VALIDATE cgroup2 ***
[    0.922685] Disabled fast string operations
[    0.922800] process: using mwait in idle threads
[    0.922899] Last level iTLB entries: 4KB 512, 2MB 8, 4MB 8
[    0.923001] Last level dTLB entries: 4KB 512, 2MB 32, 4MB 32, 1GB 0
[    0.923111] Spectre V2 : Mitigation: Full generic retpoline
[    0.923212] Spectre V2 : Spectre v2 / SpectreRSB mitigation: Filling RSB on context switch
[    0.923334] Spectre V2 : Enabling Restricted Speculation for firmware calls
[    0.923448] Spectre V2 : mitigation: Enabling conditional Indirect Branch Prediction Barrier
[    0.923572] Spectre V2 : User space: Mitigation: STIBP via prctl
[    0.923677] Speculative Store Bypass: Vulnerable
[    0.923772] MDS: Vulnerable: Clear CPU buffers attempted, no microcode
[    0.924527] Freeing SMP alternatives memory: 44K
[    0.926313] TSC deadline timer enabled
[    0.926323] smpboot: CPU0: Intel(R) Core(TM) i5-2520M CPU @ 2.50GHz (family: 0x6, model: 0x2a, stepping: 0x7)
[    0.927417] Performance Events: PEBS fmt1+, SandyBridge events, 16-deep LBR, full-width counters, Intel PMU driver.
[    0.928223] ... version:                3
[    0.928223] ... bit width:              48
[    0.928223] ... generic registers:      4
[    0.928223] ... value mask:             0000ffffffffffff
[    0.928223] ... max period:             00007fffffffffff
[    0.928223] ... fixed-purpose events:   3
[    0.928223] ... event mask:             000000070000000f
[    0.928223] rcu: Hierarchical SRCU implementation.
[    0.932318] NMI watchdog: Enabled. Permanently consumes one hw-PMU counter.
[    0.933271] smp: Bringing up secondary CPUs ...
[    0.934984] x86: Booting SMP configuration:
[    0.935088] .... node  #0, CPUs:      #1
[    0.033430] Disabled fast string operations
[    0.936587] MDS CPU bug present and SMT on, data leak possible. See https://www.kernel.org/doc/html/latest/admin-guide/hw-vuln/mds.html for more details.
[    0.938250]  #2
[    0.033430] Disabled fast string operations
[    0.941819]  #3
[    0.033430] Disabled fast string operations
[    0.944561] smp: Brought up 1 node, 4 CPUs
[    0.944651] smpboot: Max logical packages: 2
[    0.944746] smpboot: Total of 4 processors activated (19935.24 BogoMIPS)
[    0.949102] devtmpfs: initialized
[    0.949566] PM: Registering ACPI NVS region [mem 0xdae9f000-0xdaf9efff] (1048576 bytes)
[    0.950419] clocksource: jiffies: mask: 0xffffffff max_cycles: 0xffffffff, max_idle_ns: 7645041785100000 ns
[    0.950589] futex hash table entries: 2048 (order: 6, 262144 bytes)
[    0.953668] NET: Registered protocol family 16
[    0.955942] cpuidle: using governor ladder
[    0.956223] cpuidle: using governor menu
[    0.956256] ACPI FADT declares the system doesn't support PCIe ASPM, so disable it
[    0.956256] ACPI: bus type PCI registered
[    0.956413] PCI: MMCONFIG for domain 0000 [bus 00-3f] at [mem 0xf8000000-0xfbffffff] (base 0xf8000000)
[    0.956765] PCI: MMCONFIG at [mem 0xf8000000-0xfbffffff] reserved in E820
[    0.956765] PCI: Using configuration type 1 for base access
[    0.956765] core: PMU erratum BJ122, BV98, HSD29 worked around, HT is on
[    0.957489] ENERGY_PERF_BIAS: Set to 'normal', was 'performance'
[    1.048855] ACPI: Added _OSI(Module Device)
[    1.048855] ACPI: Added _OSI(Processor Device)
[    1.048855] ACPI: Added _OSI(3.0 _SCP Extensions)
[    1.052252] ACPI: Added _OSI(Processor Aggregator Device)
[    1.052252] ACPI: Added _OSI(Linux-Dell-Video)
[    1.052252] ACPI: Added _OSI(Linux-Lenovo-NV-HDMI-Audio)
[    1.052252] ACPI: Added _OSI(Linux-HPI-Hybrid-Graphics)
[    1.168236] ACPI: 6 ACPI AML tables successfully acquired and loaded
[    1.172235] ACPI: EC: EC started
[    1.172235] ACPI: EC: interrupt blocked
[    1.180235] ACPI: \: Used as first EC
[    1.180235] ACPI: \: GPE=0x11, EC_CMD/EC_SC=0x66, EC_DATA=0x62
[    1.180235] ACPI: EC: Boot ECDT EC used to handle transactions
[    1.188237] ACPI: [Firmware Bug]: BIOS _OSI(Linux) query ignored
[    1.208223] ACPI: Dynamic OEM Table Load:
[    1.208223] ACPI: SSDT 0xFFFF888196810000 0008C0 (v01 PmRef  Cpu0Cst  00003001 INTL 20061109)
[    1.216230] ACPI: Dynamic OEM Table Load:
[    1.216230] ACPI: SSDT 0xFFFF888196FC5800 000303 (v01 PmRef  ApIst    00003000 INTL 20061109)
[    1.216970] ACPI: Dynamic OEM Table Load:
[    1.217095] ACPI: SSDT 0xFFFF888197B20C00 000119 (v01 PmRef  ApCst    00003000 INTL 20061109)
[    1.224223] ACPI: Interpreter enabled
[    1.224223] ACPI: (supports S0 S3 S4 S5)
[    1.224223] ACPI: Using IOAPIC for interrupt routing
[    1.224223] PCI: Using host bridge windows from ACPI; if necessary, use "pci=nocrs" and report a bug
[    1.230346] ACPI: Enabled 6 GPEs in block 00 to 3F
[    1.257554] ACPI: Power Resource [PUBS] (on)
[    1.260349] acpi PNP0C0A:01: ACPI dock station (docks/bays count: 1)
[    1.272355] acpi LNXIOBAY:00: ACPI dock station (docks/bays count: 2)
[    1.288342] acpi IBM0079:00: ACPI dock station (docks/bays count: 3)
[    1.290109] ACPI: PCI Interrupt Link [LNKA] (IRQs 3 4 5 6 7 9 10 *11)
[    1.291256] ACPI: PCI Interrupt Link [LNKB] (IRQs 3 4 5 6 7 9 10 *11)
[    1.292416] ACPI: PCI Interrupt Link [LNKC] (IRQs 3 4 5 6 7 9 10 *11)
[    1.293551] ACPI: PCI Interrupt Link [LNKD] (IRQs 3 4 5 6 7 9 *10 11)
[    1.294683] ACPI: PCI Interrupt Link [LNKE] (IRQs 3 4 5 6 *7 9 10 11)
[    1.295537] ACPI: PCI Interrupt Link [LNKF] (IRQs 3 4 5 6 7 9 10 11) *0, disabled.
[    1.296706] ACPI: PCI Interrupt Link [LNKG] (IRQs 3 4 5 6 *7 9 10 11)
[    1.297839] ACPI: PCI Interrupt Link [LNKH] (IRQs 3 4 5 6 7 9 *10 11)
[    1.300347] ACPI: PCI Root Bridge [PCI0] (domain 0000 [bus 00-fe])
[    1.300347] acpi PNP0A08:00: _OSC: OS supports [ExtendedConfig ASPM ClockPM Segments HPX-Type3]
[    1.300347] acpi PNP0A08:00: _OSC: not requesting OS control; OS requires [ExtendedConfig ASPM ClockPM MSI]
[    1.300347] acpi PNP0A08:00: [Firmware Info]: MMCONFIG for domain 0000 [bus 00-3f] only partially covers this bridge
[    1.300798] PCI host bridge to bus 0000:00
[    1.300901] pci_bus 0000:00: root bus resource [io  0x0000-0x0cf7 window]
[    1.301022] pci_bus 0000:00: root bus resource [io  0x0d00-0xffff window]
[    1.301143] pci_bus 0000:00: root bus resource [mem 0x000a0000-0x000bffff window]
[    1.301269] pci_bus 0000:00: root bus resource [mem 0xdfa00000-0xfebfffff window]
[    1.301394] pci_bus 0000:00: root bus resource [mem 0xfed40000-0xfed4bfff window]
[    1.301522] pci_bus 0000:00: root bus resource [bus 00-fe]
[    1.301683] pci 0000:00:00.0: [8086:0104] type 00 class 0x060000
[    1.304343] pci 0000:00:02.0: [8086:0126] type 00 class 0x030000
[    1.304343] pci 0000:00:02.0: reg 0x10: [mem 0xf0000000-0xf03fffff 64bit]
[    1.304343] pci 0000:00:02.0: reg 0x18: [mem 0xe0000000-0xefffffff 64bit pref]
[    1.304343] pci 0000:00:02.0: reg 0x20: [io  0x5000-0x503f]
[    1.304351] pci 0000:00:16.0: [8086:1c3a] type 00 class 0x078000
[    1.304351] pci 0000:00:16.0: reg 0x10: [mem 0xf2525000-0xf252500f 64bit]
[    1.304351] pci 0000:00:16.0: PME# supported from D0 D3hot D3cold
[    1.308787] pci 0000:00:19.0: [8086:1502] type 00 class 0x020000
[    1.308954] pci 0000:00:19.0: reg 0x10: [mem 0xf2500000-0xf251ffff]
[    1.309086] pci 0000:00:19.0: reg 0x14: [mem 0xf252b000-0xf252bfff]
[    1.309219] pci 0000:00:19.0: reg 0x18: [io  0x5080-0x509f]
[    1.309517] pci 0000:00:19.0: PME# supported from D0 D3hot D3cold
[    1.310213] pci 0000:00:1a.0: [8086:1c2d] type 00 class 0x0c0320
[    1.310377] pci 0000:00:1a.0: reg 0x10: [mem 0xf252a000-0xf252a3ff]
[    1.310718] pci 0000:00:1a.0: PME# supported from D0 D3hot D3cold
[    1.311390] pci 0000:00:1b.0: [8086:1c20] type 00 class 0x040300
[    1.311562] pci 0000:00:1b.0: reg 0x10: [mem 0xf2520000-0xf2523fff 64bit]
[    1.311927] pci 0000:00:1b.0: PME# supported from D0 D3hot D3cold
[    1.312601] pci 0000:00:1c.0: [8086:1c10] type 01 class 0x060400
[    1.312967] pci 0000:00:1c.0: PME# supported from D0 D3hot D3cold
[    1.313669] pci 0000:00:1c.1: [8086:1c12] type 01 class 0x060400
[    1.314049] pci 0000:00:1c.1: PME# supported from D0 D3hot D3cold
[    1.314745] pci 0000:00:1c.3: [8086:1c16] type 01 class 0x060400
[    1.315123] pci 0000:00:1c.3: PME# supported from D0 D3hot D3cold
[    1.315833] pci 0000:00:1c.4: [8086:1c18] type 01 class 0x060400
[    1.316223] pci 0000:00:1c.4: PME# supported from D0 D3hot D3cold
[    1.316844] pci 0000:00:1d.0: [8086:1c26] type 00 class 0x0c0320
[    1.317008] pci 0000:00:1d.0: reg 0x10: [mem 0xf2529000-0xf25293ff]
[    1.317346] pci 0000:00:1d.0: PME# supported from D0 D3hot D3cold
[    1.318010] pci 0000:00:1f.0: [8086:1c4f] type 00 class 0x060100
[    1.318883] pci 0000:00:1f.2: [8086:1c03] type 00 class 0x010601
[    1.319049] pci 0000:00:1f.2: reg 0x10: [io  0x50a8-0x50af]
[    1.319176] pci 0000:00:1f.2: reg 0x14: [io  0x50bc-0x50bf]
[    1.319303] pci 0000:00:1f.2: reg 0x18: [io  0x50a0-0x50a7]
[    1.319429] pci 0000:00:1f.2: reg 0x1c: [io  0x50b8-0x50bb]
[    1.319556] pci 0000:00:1f.2: reg 0x20: [io  0x5060-0x507f]
[    1.319691] pci 0000:00:1f.2: reg 0x24: [mem 0xf2528000-0xf25287ff]
[    1.319951] pci 0000:00:1f.2: PME# supported from D3hot
[    1.320611] pci 0000:00:1f.3: [8086:1c22] type 00 class 0x0c0500
[    1.320775] pci 0000:00:1f.3: reg 0x10: [mem 0xf2524000-0xf25240ff 64bit]
[    1.320949] pci 0000:00:1f.3: reg 0x20: [io  0xefa0-0xefbf]
[    1.321810] pci 0000:00:1c.0: PCI bridge to [bus 02]
[    1.322208] pci 0000:03:00.0: [8086:0084] type 00 class 0x028000
[    1.322421] pci 0000:03:00.0: reg 0x10: [mem 0xf2400000-0xf2401fff 64bit]
[    1.322943] pci 0000:03:00.0: PME# supported from D0 D3hot D3cold
[    1.323481] pci 0000:00:1c.1: PCI bridge to [bus 03]
[    1.323597] pci 0000:00:1c.1:   bridge window [mem 0xf2400000-0xf24fffff]
[    1.323937] pci 0000:00:1c.3: PCI bridge to [bus 05-0c]
[    1.324049] pci 0000:00:1c.3:   bridge window [io  0x4000-0x4fff]
[    1.324167] pci 0000:00:1c.3:   bridge window [mem 0xf1c00000-0xf23fffff]
[    1.324247] pci 0000:00:1c.3:   bridge window [mem 0xf0400000-0xf0bfffff 64bit pref]
[    1.324881] pci 0000:0d:00.0: [1180:e823] type 00 class 0x088001
[    1.325168] pci 0000:0d:00.0: MMC controller base frequency changed to 50Mhz.
[    1.325469] pci 0000:0d:00.0: reg 0x10: [mem 0xf1400000-0xf14000ff]
[    1.326279] pci 0000:0d:00.0: supports D1 D2
[    1.326377] pci 0000:0d:00.0: PME# supported from D0 D1 D2 D3hot D3cold
[    1.327289] pci 0000:00:1c.4: PCI bridge to [bus 0d]
[    1.327400] pci 0000:00:1c.4:   bridge window [io  0x3000-0x3fff]
[    1.327519] pci 0000:00:1c.4:   bridge window [mem 0xf1400000-0xf1bfffff]
[    1.327659] pci 0000:00:1c.4:   bridge window [mem 0xf0c00000-0xf13fffff 64bit pref]
[    1.327850] pci_bus 0000:00: on NUMA node 0
[    1.334687] ACPI: EC: interrupt unblocked
[    1.334822] ACPI: EC: event unblocked
[    1.334963] ACPI: \_SB_.PCI0.LPC_.EC__: GPE=0x11, EC_CMD/EC_SC=0x66, EC_DATA=0x62
[    1.335115] ACPI: \_SB_.PCI0.LPC_.EC__: Boot DSDT EC used to handle transactions and events
[    1.336297] pci 0000:00:02.0: vgaarb: setting as boot VGA device
[    1.336414] pci 0000:00:02.0: vgaarb: VGA device added: decodes=io+mem,owns=io+mem,locks=none
[    1.336586] pci 0000:00:02.0: vgaarb: bridge control possible
[    1.336692] vgaarb: loaded
[    1.337637] SCSI subsystem initialized
[    1.338008] libata version 3.00 loaded.
[    1.338008] ACPI: bus type USB registered
[    1.338008] usbcore: registered new interface driver usbfs
[    1.338008] usbcore: registered new interface driver hub
[    1.338008] usbcore: registered new device driver usb
[    1.338277] media: Linux media interface: v0.10
[    1.340347] videodev: Linux video capture interface: v2.00
[    1.340591] pps_core: LinuxPPS API ver. 1 registered
[    1.340713] pps_core: Software ver. 5.3.6 - Copyright 2005-2007 Rodolfo Giometti <giometti@linux.it>
[    1.340956] PTP clock support registered
[    1.341264] EDAC MC: Ver: 3.0.0
[    1.341264] Advanced Linux Sound Architecture Driver Initialized.
[    1.341265] PCI: Using ACPI for IRQ routing
[    1.348582] PCI: pci_cache_line_size set to 64 bytes
[    1.348980] e820: reserve RAM buffer [mem 0x0009d800-0x0009ffff]
[    1.348988] e820: reserve RAM buffer [mem 0xda99f000-0xdbffffff]
[    1.348995] e820: reserve RAM buffer [mem 0xdb000000-0xdbffffff]
[    1.349001] e820: reserve RAM buffer [mem 0x19e600000-0x19fffffff]
[    1.350021] Bluetooth: Core ver 2.22
[    1.350209] NET: Registered protocol family 31
[    1.350304] Bluetooth: HCI device and connection manager initialized
[    1.350999] Bluetooth: HCI socket layer initialized
[    1.351102] Bluetooth: L2CAP socket layer initialized
[    1.351235] Bluetooth: SCO socket layer initialized
[    1.351541] clocksource: Switched to clocksource tsc-early
[    1.351541] pnp: PnP ACPI init
[    1.353561] system 00:00: [mem 0x00000000-0x0009ffff] could not be reserved
[    1.353692] system 00:00: [mem 0x000c0000-0x000c3fff] could not be reserved
[    1.353817] system 00:00: [mem 0x000c4000-0x000c7fff] could not be reserved
[    1.353941] system 00:00: [mem 0x000c8000-0x000cbfff] has been reserved
[    1.354060] system 00:00: [mem 0x000cc000-0x000cffff] has been reserved
[    1.354180] system 00:00: [mem 0x000d0000-0x000d3fff] has been reserved
[    1.354301] system 00:00: [mem 0x000d4000-0x000d7fff] has been reserved
[    1.354420] system 00:00: [mem 0x000d8000-0x000dbfff] has been reserved
[    1.354540] system 00:00: [mem 0x000dc000-0x000dffff] has been reserved
[    1.354662] system 00:00: [mem 0x000e0000-0x000e3fff] could not be reserved
[    1.354786] system 00:00: [mem 0x000e4000-0x000e7fff] could not be reserved
[    1.354909] system 00:00: [mem 0x000e8000-0x000ebfff] could not be reserved
[    1.355033] system 00:00: [mem 0x000ec000-0x000effff] could not be reserved
[    1.355156] system 00:00: [mem 0x000f0000-0x000fffff] could not be reserved
[    1.355280] system 00:00: [mem 0x00100000-0xdf9fffff] could not be reserved
[    1.355405] system 00:00: [mem 0xfec00000-0xfed3ffff] could not be reserved
[    1.355529] system 00:00: [mem 0xfed4c000-0xffffffff] could not be reserved
[    1.355723] system 00:00: Plug and Play ACPI device, IDs PNP0c01 (active)
[    1.356778] system 00:01: [io  0x0400-0x047f] has been reserved
[    1.356895] system 00:01: [io  0x0500-0x057f] has been reserved
[    1.357009] system 00:01: [io  0x0800-0x080f] has been reserved
[    1.357124] system 00:01: [io  0x15e0-0x15ef] has been reserved
[    1.357238] system 00:01: [io  0x1600-0x167f] has been reserved
[    1.357354] system 00:01: [mem 0xf8000000-0xfbffffff] has been reserved
[    1.357476] system 00:01: [mem 0x00000000-0x00000fff] could not be reserved
[    1.357598] system 00:01: [mem 0xfed1c000-0xfed1ffff] has been reserved
[    1.357718] system 00:01: [mem 0xfed10000-0xfed13fff] has been reserved
[    1.357837] system 00:01: [mem 0xfed18000-0xfed18fff] has been reserved
[    1.357956] system 00:01: [mem 0xfed19000-0xfed19fff] has been reserved
[    1.358076] system 00:01: [mem 0xfed45000-0xfed4bfff] has been reserved
[    1.358241] system 00:01: Plug and Play ACPI device, IDs PNP0c02 (active)
[    1.358675] pnp 00:02: Plug and Play ACPI device, IDs PNP0b00 (active)
[    1.358873] pnp 00:03: Plug and Play ACPI device, IDs PNP0303 (active)
[    1.359062] pnp 00:04: Plug and Play ACPI device, IDs LEN0020 PNP0f13 (active)
[    1.359467] pnp 00:05: Plug and Play ACPI device, IDs SMO1200 PNP0c31 (active)
[    1.362185] pnp: PnP ACPI: found 6 devices
[    1.385217] clocksource: acpi_pm: mask: 0xffffff max_cycles: 0xffffff, max_idle_ns: 2085701024 ns
[    1.385395] pci 0000:00:1c.0: bridge window [io  0x1000-0x0fff] to [bus 02] add_size 1000
[    1.385526] pci 0000:00:1c.0: bridge window [mem 0x00100000-0x000fffff 64bit pref] to [bus 02] add_size 200000 add_align 100000
[    1.385702] pci 0000:00:1c.0: bridge window [mem 0x00100000-0x000fffff] to [bus 02] add_size 200000 add_align 100000
[    1.385892] pci 0000:00:1c.0: BAR 8: assigned [mem 0xdfa00000-0xdfbfffff]
[    1.386017] pci 0000:00:1c.0: BAR 9: assigned [mem 0xdfc00000-0xdfdfffff 64bit pref]
[    1.386143] pci 0000:00:1c.0: BAR 7: assigned [io  0x2000-0x2fff]
[    1.386261] pci 0000:00:1c.0: PCI bridge to [bus 02]
[    1.386366] pci 0000:00:1c.0:   bridge window [io  0x2000-0x2fff]
[    1.386483] pci 0000:00:1c.0:   bridge window [mem 0xdfa00000-0xdfbfffff]
[    1.386602] pci 0000:00:1c.0:   bridge window [mem 0xdfc00000-0xdfdfffff 64bit pref]
[    1.386735] pci 0000:00:1c.1: PCI bridge to [bus 03]
[    1.386843] pci 0000:00:1c.1:   bridge window [mem 0xf2400000-0xf24fffff]
[    1.386973] pci 0000:00:1c.3: PCI bridge to [bus 05-0c]
[    1.387077] pci 0000:00:1c.3:   bridge window [io  0x4000-0x4fff]
[    1.387192] pci 0000:00:1c.3:   bridge window [mem 0xf1c00000-0xf23fffff]
[    1.387311] pci 0000:00:1c.3:   bridge window [mem 0xf0400000-0xf0bfffff 64bit pref]
[    1.387442] pci 0000:00:1c.4: PCI bridge to [bus 0d]
[    1.387544] pci 0000:00:1c.4:   bridge window [io  0x3000-0x3fff]
[    1.387660] pci 0000:00:1c.4:   bridge window [mem 0xf1400000-0xf1bfffff]
[    1.387779] pci 0000:00:1c.4:   bridge window [mem 0xf0c00000-0xf13fffff 64bit pref]
[    1.387914] pci_bus 0000:00: resource 4 [io  0x0000-0x0cf7 window]
[    1.388023] pci_bus 0000:00: resource 5 [io  0x0d00-0xffff window]
[    1.388131] pci_bus 0000:00: resource 6 [mem 0x000a0000-0x000bffff window]
[    1.388267] pci_bus 0000:00: resource 7 [mem 0xdfa00000-0xfebfffff window]
[    1.388388] pci_bus 0000:00: resource 8 [mem 0xfed40000-0xfed4bfff window]
[    1.388503] pci_bus 0000:02: resource 0 [io  0x2000-0x2fff]
[    1.388607] pci_bus 0000:02: resource 1 [mem 0xdfa00000-0xdfbfffff]
[    1.388716] pci_bus 0000:02: resource 2 [mem 0xdfc00000-0xdfdfffff 64bit pref]
[    1.388833] pci_bus 0000:03: resource 1 [mem 0xf2400000-0xf24fffff]
[    1.388943] pci_bus 0000:05: resource 0 [io  0x4000-0x4fff]
[    1.389046] pci_bus 0000:05: resource 1 [mem 0xf1c00000-0xf23fffff]
[    1.389156] pci_bus 0000:05: resource 2 [mem 0xf0400000-0xf0bfffff 64bit pref]
[    1.389272] pci_bus 0000:0d: resource 0 [io  0x3000-0x3fff]
[    1.389376] pci_bus 0000:0d: resource 1 [mem 0xf1400000-0xf1bfffff]
[    1.389485] pci_bus 0000:0d: resource 2 [mem 0xf0c00000-0xf13fffff 64bit pref]
[    1.390349] NET: Registered protocol family 2
[    1.391407] tcp_listen_portaddr_hash hash table entries: 4096 (order: 6, 294912 bytes)
[    1.391982] TCP established hash table entries: 65536 (order: 7, 524288 bytes)
[    1.392428] TCP bind hash table entries: 65536 (order: 10, 4194304 bytes)
[    1.398933] TCP: Hash tables configured (established 65536 bind 65536)
[    1.400001] UDP hash table entries: 4096 (order: 7, 655360 bytes)
[    1.401111] UDP-Lite hash table entries: 4096 (order: 7, 655360 bytes)
[    1.402424] NET: Registered protocol family 1
[    1.403549] RPC: Registered named UNIX socket transport module.
[    1.403666] RPC: Registered udp transport module.
[    1.403766] RPC: Registered tcp transport module.
[    1.403866] RPC: Registered tcp NFSv4.1 backchannel transport module.
[    1.404817] pci 0000:00:02.0: Video device with shadowed ROM at [mem 0x000c0000-0x000dffff]
[    1.407554] PCI: CLS 64 bytes, default 64
[    1.407822] PCI-DMA: Using software bounce buffering for IO (SWIOTLB)
[    1.407935] software IO TLB: mapped [mem 0xd699f000-0xda99f000] (64MB)
[    1.416019] Initialise system trusted keyrings
[    1.416820] workingset: timestamp_bits=62 max_order=21 bucket_order=0
[    1.420550] Installing knfsd (copyright (C) 1996 okir@monad.swb.de).
[    1.422508] ntfs: driver 2.1.32 [Flags: R/W].
[    1.422994] fuse: init (API version 7.31)
[    1.425413] Key type asymmetric registered
[    1.425525] Asymmetric key parser 'x509' registered
[    1.425709] Block layer SCSI generic (bsg) driver version 0.4 loaded (major 249)
[    1.425876] io scheduler mq-deadline registered
[    1.426046] io scheduler bfq registered
[    1.426791] pcieport 0000:00:1c.0: enabling device (0000 -> 0003)
[    1.430749] intel_idle: MWAIT substates: 0x21120
[    1.430757] intel_idle: v0.4.1 model 0x2A
[    1.433101] intel_idle: lapic_timer_reliable_states 0xffffffff
[    1.433879] ACPI: Deprecated procfs I/F for AC is loaded, please retry with CONFIG_ACPI_PROCFS_POWER cleared
[    1.434301] ACPI: AC Adapter [AC] (on-line)
[    1.434947] input: Lid Switch as /devices/LNXSYSTM:00/LNXSYBUS:00/PNP0C0D:00/input/input0
[    1.435437] ACPI: Lid Switch [LID]
[    1.435846] input: Sleep Button as /devices/LNXSYSTM:00/LNXSYBUS:00/PNP0C0E:00/input/input1
[    1.436129] ACPI: Sleep Button [SLPB]
[    1.436636] input: Power Button as /devices/LNXSYSTM:00/LNXPWRBN:00/input/input2
[    1.436855] ACPI: Power Button [PWRF]
[    1.445765] thermal LNXTHERM:00: registered as thermal_zone0
[    1.445884] ACPI: Thermal Zone [THM0] (54 C)
[    1.447251] Serial: 8250/16550 driver, 4 ports, IRQ sharing disabled
[    1.451194] lp: driver loaded but no devices found
[    1.451740] Non-volatile memory driver v1.3
[    1.452567] Linux agpgart interface v0.103
[    1.453696] [drm] radeon kernel modesetting enabled.
[    1.456952] i915 0000:00:02.0: vgaarb: deactivate vga console
[    1.458029] Console: switching to colour dummy device 80x25
[    1.472376] [drm] Supports vblank timestamp caching Rev 2 (21.10.2013).
[    1.472448] [drm] Driver supports precise vblank timestamp query.
[    1.475498] i915 0000:00:02.0: vgaarb: changed VGA decodes: olddecodes=io+mem,decodes=io+mem:owns=io+mem
[    1.484090] battery: ACPI: Deprecated procfs I/F for battery is loaded, please retry with CONFIG_ACPI_PROCFS_POWER cleared
[    1.484204] battery: ACPI: Battery Slot [BAT0] (battery present)
[    1.574176] [drm] Initialized i915 1.6.0 20190417 for 0000:00:02.0 on minor 0
[    1.580131] ACPI: Video Device [VID] (multi-head: yes  rom: no  post: no)
[    1.581866] input: Video Bus as /devices/LNXSYSTM:00/LNXSYBUS:00/PNP0A08:00/LNXVIDEO:00/input/input3
[    1.582806] usbcore: registered new interface driver udl
[    1.609847] loop: module loaded
[    1.656611] ahci 0000:00:1f.2: version 3.0
[    1.658403] ahci 0000:00:1f.2: SSS flag set, parallel bus scan disabled
[    1.672348] ahci 0000:00:1f.2: AHCI 0001.0300 32 slots 6 ports 6 Gbps 0x17 impl SATA mode
[    1.672412] ahci 0000:00:1f.2: flags: 64bit ncq sntf ilck stag pm led clo pio slum part ems sxs apst 
[    1.715260] scsi host0: ahci
[    1.716435] scsi host1: ahci
[    1.717551] scsi host2: ahci
[    1.718445] scsi host3: ahci
[    1.719358] scsi host4: ahci
[    1.720318] scsi host5: ahci
[    1.720799] ata1: SATA max UDMA/133 abar m2048@0xf2528000 port 0xf2528100 irq 19
[    1.720851] ata2: SATA max UDMA/133 abar m2048@0xf2528000 port 0xf2528180 irq 19
[    1.720900] ata3: SATA max UDMA/133 abar m2048@0xf2528000 port 0xf2528200 irq 19
[    1.720947] ata4: DUMMY
[    1.720964] ata5: SATA max UDMA/133 abar m2048@0xf2528000 port 0xf2528300 irq 19
[    1.721010] ata6: DUMMY
[    1.723415] tun: Universal TUN/TAP device driver, 1.6
[    1.724680] e1000e: Intel(R) PRO/1000 Network Driver - 3.2.6-k
[    1.724737] e1000e: Copyright(c) 1999 - 2015 Intel Corporation.
[    1.725918] e1000e 0000:00:19.0: Interrupt Throttling Rate (ints/sec) set to dynamic conservative mode
[    1.754541] random: fast init done
[    1.824470] e1000e 0000:00:19.0 0000:00:19.0 (uninitialized): registered PHC clock
[    1.871990] fbcon: i915drmfb (fb0) is primary device
[    1.921695] e1000e 0000:00:19.0 eth0: (PCI Express:2.5GT/s:Width x1) f0:de:f1:e3:99:75
[    1.921702] e1000e 0000:00:19.0 eth0: Intel(R) PRO/1000 Network Connection
[    1.921764] e1000e 0000:00:19.0 eth0: MAC: 10, PHY: 11, PBA No: 1000FF-0FF
[    1.922242] PPP generic driver version 2.4.2
[    1.922833] PPP BSD Compression module registered
[    1.922837] PPP Deflate Compression module registered
[    1.922842] SLIP: version 0.8.4-NET3.019-NEWTTY (dynamic channels, max=256).
[    1.922844] CSLIP: code copyright 1989 Regents of the University of California.
[    1.922975] iwl3945: Intel(R) PRO/Wireless 3945ABG/BG Network Connection driver for Linux, in-tree:ds
[    1.922977] iwl3945: Copyright(c) 2003-2011 Intel Corporation
[    1.922979] iwl3945: hw_scan is disabled
[    1.923078] Intel(R) Wireless WiFi driver for Linux
[    1.923081] Copyright(c) 2003- 2015 Intel Corporation
[    1.924142] iwlwifi 0000:03:00.0: pci_enable_msi failed - -38
[    1.925007] usbcore: registered new interface driver ax88179_178a
[    1.925118] usbcore: registered new interface driver cdc_ether
[    1.925227] usbcore: registered new interface driver cdc_eem
[    1.925342] usbcore: registered new interface driver net1080
[    1.925468] usbcore: registered new interface driver cdc_subset
[    1.925581] usbcore: registered new interface driver zaurus
[    1.925726] usbcore: registered new interface driver cdc_ncm
[    1.925829] usbcore: registered new interface driver cdc_mbim
[    1.926807] ehci_hcd: USB 2.0 'Enhanced' Host Controller (EHCI) Driver
[    1.926845] ehci-pci: EHCI PCI platform driver
[    1.926951] iwlwifi 0000:03:00.0: loaded firmware version 39.31.5.1 build 35138 op_mode iwldvm
[    1.927366] iwlwifi 0000:03:00.0: CONFIG_IWLWIFI_DEBUG disabled
[    1.927373] iwlwifi 0000:03:00.0: CONFIG_IWLWIFI_DEBUGFS disabled
[    1.927380] iwlwifi 0000:03:00.0: CONFIG_IWLWIFI_DEVICE_TRACING disabled
[    1.927388] iwlwifi 0000:03:00.0: Detected Intel(R) Centrino(R) Wireless-N 1000 BGN, REV=0x6C
[    1.927902] ehci-pci 0000:00:1a.0: EHCI Host Controller
[    1.928445] ehci-pci 0000:00:1a.0: new USB bus registered, assigned bus number 1
[    1.928510] ehci-pci 0000:00:1a.0: debug port 2
[    1.932558] ehci-pci 0000:00:1a.0: cache line size of 64 is not supported
[    1.932582] ehci-pci 0000:00:1a.0: irq 16, io mem 0xf252a000
[    1.948289] ehci-pci 0000:00:1a.0: USB 2.0 started, EHCI 1.00
[    1.949359] usb usb1: New USB device found, idVendor=1d6b, idProduct=0002, bcdDevice= 5.02
[    1.949367] usb usb1: New USB device strings: Mfr=3, Product=2, SerialNumber=1
[    1.949371] usb usb1: Product: EHCI Host Controller
[    1.949376] usb usb1: Manufacturer: Linux 5.2.0-rc4+ ehci_hcd
[    1.949380] usb usb1: SerialNumber: 0000:00:1a.0
[    1.950653] hub 1-0:1.0: USB hub found
[    1.950809] hub 1-0:1.0: 3 ports detected
[    1.953726] ehci-pci 0000:00:1d.0: EHCI Host Controller
[    1.954215] ehci-pci 0000:00:1d.0: new USB bus registered, assigned bus number 2
[    1.954278] ehci-pci 0000:00:1d.0: debug port 2
[    1.958320] ehci-pci 0000:00:1d.0: cache line size of 64 is not supported
[    1.958429] ehci-pci 0000:00:1d.0: irq 23, io mem 0xf2529000
[    1.972387] ehci-pci 0000:00:1d.0: USB 2.0 started, EHCI 1.00
[    1.973437] usb usb2: New USB device found, idVendor=1d6b, idProduct=0002, bcdDevice= 5.02
[    1.973444] usb usb2: New USB device strings: Mfr=3, Product=2, SerialNumber=1
[    1.973449] usb usb2: Product: EHCI Host Controller
[    1.973454] usb usb2: Manufacturer: Linux 5.2.0-rc4+ ehci_hcd
[    1.973458] usb usb2: SerialNumber: 0000:00:1d.0
[    1.974741] hub 2-0:1.0: USB hub found
[    1.974851] hub 2-0:1.0: 3 ports detected
[    1.976565] ohci_hcd: USB 1.1 'Open' Host Controller (OHCI) Driver
[    1.976603] ohci-pci: OHCI PCI platform driver
[    1.976753] uhci_hcd: USB Universal Host Controller Interface driver
[    1.977507] usbcore: registered new interface driver cdc_acm
[    1.977511] cdc_acm: USB Abstract Control Model driver for USB modems and ISDN adapters
[    1.977656] usbcore: registered new interface driver usblp
[    1.977764] usbcore: registered new interface driver cdc_wdm
[    1.977920] usbcore: registered new interface driver usb-storage
[    1.978019] usbcore: registered new interface driver ums-sddr09
[    1.978067] ieee80211 phy0: Selected rate control algorithm 'iwl-agn-rs'
[    1.978409] usbcore: registered new interface driver usbserial_generic
[    1.978614] usbserial: USB Serial support registered for generic
[    1.978731] usbcore: registered new interface driver ch341
[    1.978826] usbserial: USB Serial support registered for ch341-uart
[    1.978942] usbcore: registered new interface driver ftdi_sio
[    1.979039] usbserial: USB Serial support registered for FTDI USB Serial Device
[    1.979194] usbcore: registered new interface driver option
[    1.979286] usbserial: USB Serial support registered for GSM modem (1-port)
[    1.979482] usbcore: registered new interface driver pl2303
[    1.979583] usbserial: USB Serial support registered for pl2303
[    1.979693] usbcore: registered new interface driver ti_usb_3410_5052
[    1.979817] usbserial: USB Serial support registered for TI USB 3410 1 port adapter
[    1.979908] usbserial: USB Serial support registered for TI USB 5052 2 port adapter
[    1.979921] ftdi_elan: driver ftdi-elan
[    1.980032] usbcore: registered new interface driver ftdi-elan
[    1.980429] i8042: PNP: PS/2 Controller [PNP0303:KBD,PNP0f13:MOU] at 0x60,0x64 irq 1,12
[    1.983764] serio: i8042 KBD port at 0x60,0x64 irq 1
[    1.983827] serio: i8042 AUX port at 0x60,0x64 irq 12
[    1.984922] mousedev: PS/2 mouse device common for all mice
[    1.987534] input: PC Speaker as /devices/platform/pcspkr/input/input4
[    1.988684] rtc_cmos 00:02: RTC can wake from S4
[    1.989444] rtc_cmos 00:02: registered as rtc0
[    1.989699] rtc_cmos 00:02: alarms up to one month, y3k, 114 bytes nvram, hpet irqs
[    1.990048] usbcore: registered new interface driver uvcvideo
[    1.990052] USB Video Class driver (1.1.1)
[    1.990056] gspca_main: v2.14.0 registered
[    1.990162] usbcore: registered new interface driver sq930x
[    1.991934] input: AT Translated Set 2 keyboard as /devices/platform/i8042/serio0/input/input5
[    1.992799] device-mapper: ioctl: 4.40.0-ioctl (2019-01-18) initialised: dm-devel@redhat.com
[    1.992808] Bluetooth: HCI UART driver ver 2.3
[    1.992815] Bluetooth: HCI UART protocol H4 registered
[    1.992819] Bluetooth: HCI UART protocol BCSP registered
[    1.993084] usbcore: registered new interface driver btusb
[    1.993288] sdhci: Secure Digital Host Controller Interface driver
[    1.993291] sdhci: Copyright(c) Pierre Ossman
[    1.993397] sdhci-pci 0000:0d:00.0: SDHCI controller found [1180:e823] (rev 4)
[    1.995169] mmc0 bounce up to 128 segments into one, max segment size 65536 bytes
[    1.996527] mmc0: SDHCI controller on PCI [0000:0d:00.0] using DMA
[    1.997033] hidraw: raw HID events driver (C) Jiri Kosina
[    1.999658] usbcore: registered new interface driver usbhid
[    1.999662] usbhid: USB HID core driver
[    2.002868] thinkpad_acpi: ThinkPad ACPI Extras v0.26
[    2.002871] thinkpad_acpi: http://ibm-acpi.sf.net/
[    2.002874] thinkpad_acpi: ThinkPad BIOS 8DET74WW (1.44 ), EC unknown
[    2.002877] thinkpad_acpi: Lenovo ThinkPad X220, model 42872WU
[    2.007102] thinkpad_acpi: radio switch found; radios are enabled
[    2.007531] thinkpad_acpi: Tablet mode switch found (type: MHKG), currently in laptop mode
[    2.007581] thinkpad_acpi: This ThinkPad has standard ACPI backlight brightness control, supported by the ACPI video driver
[    2.007583] thinkpad_acpi: Disabling thinkpad-acpi brightness events by default...
[    2.021813] thinkpad_acpi: rfkill switch tpacpi_bluetooth_sw: radio is unblocked
[    2.027211] thinkpad_acpi: warning: userspace override of important firmware LEDs is enabled
[    2.027277] thinkpad_acpi: Standard ACPI backlight interface available, not loading native one
[    2.027281] thinkpad_acpi: volume: disabled as there is no ALSA support in this kernel
[    2.035497] thinkpad_acpi: battery 1 registered (start 0, stop 100)
[    2.035518] battery: new extension: ThinkPad Battery Extension
[    2.035865] input: ThinkPad Extra Buttons as /devices/platform/thinkpad_acpi/input/input8
[    2.037058] Console: switching to colour frame buffer device 102x42
[    2.040302] ata1: SATA link up 1.5 Gbps (SStatus 113 SControl 300)
[    2.040933] usbcore: registered new interface driver snd-usb-audio
[    2.042249] ata1.00: ACPI cmd ef/02:00:00:00:00:a0 (SET FEATURES) succeeded
[    2.042258] ata1.00: ACPI cmd f5/00:00:00:00:00:a0 (SECURITY FREEZE LOCK) filtered out
[    2.042265] ata1.00: ACPI cmd ef/10:03:00:00:00:a0 (SET FEATURES) filtered out
[    2.043187] ata1.00: ATA-8: Hitachi HTS545050A7E380, GG2OA7J0, max UDMA/133
[    2.043194] ata1.00: 976773168 sectors, multi 16: LBA48 NCQ (depth 32), AA
[    2.044818] ata1.00: ACPI cmd ef/02:00:00:00:00:a0 (SET FEATURES) succeeded
[    2.044826] ata1.00: ACPI cmd f5/00:00:00:00:00:a0 (SECURITY FREEZE LOCK) filtered out
[    2.044834] ata1.00: ACPI cmd ef/10:03:00:00:00:a0 (SET FEATURES) filtered out
[    2.045761] ata1.00: configured for UDMA/133
[    2.049433] NET: Registered protocol family 17
[    2.049772] Bluetooth: RFCOMM TTY layer initialized
[    2.049833] Bluetooth: RFCOMM socket layer initialized
[    2.049871] Bluetooth: RFCOMM ver 1.11
[    2.049902] Bluetooth: BNEP (Ethernet Emulation) ver 1.3
[    2.049906] Bluetooth: BNEP filters: protocol multicast
[    2.049918] Bluetooth: BNEP socket layer initialized
[    2.049923] Bluetooth: HIDP (Human Interface Emulation) ver 1.2
[    2.049935] Bluetooth: HIDP socket layer initialized
[    2.050488] microcode: sig=0x206a7, pf=0x10, revision=0x2d
[    2.050860] microcode: Microcode Update Driver: v2.2.
[    2.050931] sched_clock: Marking stable (2021372320, 29430632)->(2066413715, -15610763)
[    2.052289] Loading compiled-in X.509 certificates
[    2.053995] Key type encrypted registered
[    2.054296] snd_hda_intel 0000:00:1b.0: bound 0000:00:02.0 (ops i915_audio_component_bind_ops)
[    2.055525] rtc_cmos 00:02: setting system clock to 2019-06-17T07:27:52 UTC (1560756472)
[    2.076995] snd_hda_codec_generic hdaudioC0D0: autoconfig for Generic: line_outs=1 (0x1f/0x0/0x0/0x0/0x0) type:speaker
[    2.078870] i915 0000:00:02.0: fb0: i915drmfb frame buffer device
[    2.083090] snd_hda_codec_generic hdaudioC0D0:    speaker_outs=0 (0x0/0x0/0x0/0x0/0x0)
[    2.100974] cfg80211: Loading compiled-in X.509 certificates for regulatory database
[    2.102615] snd_hda_codec_generic hdaudioC0D0:    hp_outs=1 (0x19/0x0/0x0/0x0/0x0)
[    2.109152] cfg80211: Loaded X.509 cert 'sforshee: 00b28ddf47aef9cea7'
[    2.109503] snd_hda_codec_generic hdaudioC0D0:    mono: mono_out=0x0
[    2.112700] platform regulatory.0: Direct firmware load for regulatory.db failed with error -2
[    2.115168] snd_hda_codec_generic hdaudioC0D0:    inputs:
[    2.118097] cfg80211: failed to load regulatory.db
[    2.120868] snd_hda_codec_generic hdaudioC0D0:      Internal Mic=0x23
[    2.120875] snd_hda_codec_generic hdaudioC0D0:      Mic=0x1b
[    2.296275] usb 1-1: new high-speed USB device number 2 using ehci-pci
[    2.299823] scsi 0:0:0:0: Direct-Access     ATA      Hitachi HTS54505 A7J0 PQ: 0 ANSI: 5
[    2.305609] snd_hda_codec_generic hdaudioC0D3: ignore pin 0x7, too many assigned pins
[    2.308812] sd 0:0:0:0: [sda] 976773168 512-byte logical blocks: (500 GB/466 GiB)
[    2.309283] sd 0:0:0:0: Attached scsi generic sg0 type 0
[    2.311382] snd_hda_codec_generic hdaudioC0D3: autoconfig for Generic: line_outs=0 (0x0/0x0/0x0/0x0/0x0) type:line
[    2.315581] sd 0:0:0:0: [sda] 4096-byte physical blocks
[    2.319790] snd_hda_codec_generic hdaudioC0D3:    speaker_outs=0 (0x0/0x0/0x0/0x0/0x0)
[    2.324316] usb 2-1: new high-speed USB device number 2 using ehci-pci
[    2.328870] snd_hda_codec_generic hdaudioC0D3:    hp_outs=0 (0x0/0x0/0x0/0x0/0x0)
[    2.333693] sd 0:0:0:0: [sda] Write Protect is off
[    2.337156] snd_hda_codec_generic hdaudioC0D3:    mono: mono_out=0x0
[    2.340091] sd 0:0:0:0: [sda] Mode Sense: 00 3a 00 00
[    2.343478] snd_hda_codec_generic hdaudioC0D3:    dig-out=0x5/0x6
[    2.346893] sd 0:0:0:0: [sda] Write cache: enabled, read cache: enabled, doesn't support DPO or FUA
[    2.351324] snd_hda_codec_generic hdaudioC0D3:    inputs:
[    2.356684] input: HDA Intel PCH Mic as /devices/pci0000:00/0000:00:1b.0/sound/card0/input9
[    2.365328]  sda: sda1 sda2 sda3 sda4
[    2.368499] input: HDA Intel PCH Headphone as /devices/pci0000:00/0000:00:1b.0/sound/card0/input10
[    2.375822] sd 0:0:0:0: [sda] Attached SCSI disk
[    2.394961] input: HDA Intel PCH HDMI as /devices/pci0000:00/0000:00:1b.0/sound/card0/input11
[    2.436353] tsc: Refined TSC clocksource calibration: 2491.905 MHz
[    2.438317] input: HDA Intel PCH HDMI as /devices/pci0000:00/0000:00:1b.0/sound/card0/input12
[    2.441130] clocksource: tsc: mask: 0xffffffffffffffff max_cycles: 0x23eb5abbd7b, max_idle_ns: 440795277677 ns
[    2.727828] clocksource: Switched to clocksource tsc
[    2.745435] usb 1-1: New USB device found, idVendor=8087, idProduct=0024, bcdDevice= 0.00
[    2.749733] usb 1-1: New USB device strings: Mfr=0, Product=0, SerialNumber=0
[    2.754988] hub 1-1:1.0: USB hub found
[    2.759383] hub 1-1:1.0: 6 ports detected
[    2.764201] usb 2-1: New USB device found, idVendor=8087, idProduct=0024, bcdDevice= 0.00
[    2.768422] usb 2-1: New USB device strings: Mfr=0, Product=0, SerialNumber=0
[    2.775210] hub 2-1:1.0: USB hub found
[    2.779423] hub 2-1:1.0: 8 ports detected
[    2.832285] ata2: SATA link down (SStatus 0 SControl 300)
[    3.072608] usb 1-1.3: new full-speed USB device number 3 using ehci-pci
[    3.077035] usb 2-1.1: new high-speed USB device number 3 using ehci-pci
[    3.105059] psmouse serio1: synaptics: queried max coordinates: x [..5472], y [..4448]
[    3.160300] ata3: SATA link up 3.0 Gbps (SStatus 123 SControl 300)
[    3.184758] ata3.00: ACPI cmd ef/02:00:00:00:00:a0 (SET FEATURES) succeeded
[    3.184772] ata3.00: ACPI cmd f5/00:00:00:00:00:a0 (SECURITY FREEZE LOCK) filtered out
[    3.191384] ata3.00: ACPI cmd ef/10:03:00:00:00:a0 (SET FEATURES) filtered out
[    3.200411] usb 2-1.1: New USB device found, idVendor=05e3, idProduct=0608, bcdDevice=77.64
[    3.202938] ata3.00: ATA-8: KINGSTON SMS200S3240G, 60AABBF0, max UDMA/133
[    3.206537] psmouse serio1: synaptics: Touchpad model: 1, fw: 8.0, id: 0x1e2b1, caps: 0xd001a3/0x940300/0x120c00/0x0, board id: 1611, fw id: 774180
[    3.206775] usb 2-1.1: New USB device strings: Mfr=0, Product=1, SerialNumber=0
[    3.206784] usb 2-1.1: Product: USB2.0 Hub
[    3.207838] usb 1-1.3: New USB device found, idVendor=147e, idProduct=2016, bcdDevice= 0.02
[    3.207847] usb 1-1.3: New USB device strings: Mfr=1, Product=2, SerialNumber=0
[    3.207854] usb 1-1.3: Product: Biometric Coprocessor
[    3.207861] usb 1-1.3: Manufacturer: UPEK
[    3.213623] ata3.00: 468862128 sectors, multi 1: LBA48 NCQ (depth 32), AA
[    3.219167] ata3.00: ACPI cmd ef/02:00:00:00:00:a0 (SET FEATURES) succeeded
[    3.225504] psmouse serio1: synaptics: serio: Synaptics pass-through port at isa0060/serio1/input0
[    3.225785] hub 2-1.1:1.0: USB hub found
[    3.231166] ata3.00: ACPI cmd f5/00:00:00:00:00:a0 (SECURITY FREEZE LOCK) filtered out
[    3.231176] ata3.00: ACPI cmd ef/10:03:00:00:00:a0 (SET FEATURES) filtered out
[    3.236937] hub 2-1.1:1.0: 4 ports detected
[    3.246165] ata3.00: configured for UDMA/133
[    3.283367] scsi 2:0:0:0: Direct-Access     ATA      KINGSTON SMS200S BBF0 PQ: 0 ANSI: 5
[    3.287350] usb 1-1.4: new full-speed USB device number 4 using ehci-pci
[    3.291566] input: SynPS/2 Synaptics TouchPad as /devices/platform/i8042/serio1/input/input7
[    3.293706] sd 2:0:0:0: [sdb] 468862128 512-byte logical blocks: (240 GB/224 GiB)
[    3.293799] sd 2:0:0:0: Attached scsi generic sg1 type 0
[    3.304508] sd 2:0:0:0: [sdb] Write Protect is off
[    3.308103] sd 2:0:0:0: [sdb] Mode Sense: 00 3a 00 00
[    3.308475] sd 2:0:0:0: [sdb] Write cache: enabled, read cache: enabled, doesn't support DPO or FUA
[    3.317087]  sdb: sdb2 sdb4
[    3.325605] sd 2:0:0:0: [sdb] Attached SCSI disk
[    3.336312] usb 2-1.2: new high-speed USB device number 4 using ehci-pci
[    3.407536] usb 1-1.4: New USB device found, idVendor=0a5c, idProduct=217f, bcdDevice= 7.48
[    3.411418] usb 1-1.4: New USB device strings: Mfr=1, Product=2, SerialNumber=3
[    3.415255] usb 1-1.4: Product: Broadcom Bluetooth Device
[    3.419055] usb 1-1.4: Manufacturer: Broadcom Corp
[    3.422974] usb 1-1.4: SerialNumber: 7CE9D3B855AA
[    3.453620] usb 2-1.2: New USB device found, idVendor=1a40, idProduct=0101, bcdDevice= 1.11
[    3.457787] usb 2-1.2: New USB device strings: Mfr=0, Product=1, SerialNumber=0
[    3.461847] usb 2-1.2: Product: USB 2.0 Hub
[    3.467392] hub 2-1.2:1.0: USB hub found
[    3.471782] hub 2-1.2:1.0: 4 ports detected
[    3.512310] usb 1-1.6: new high-speed USB device number 5 using ehci-pci
[    3.540395] usb 2-1.1.2: new full-speed USB device number 5 using ehci-pci
[    3.613572] ata5: SATA link down (SStatus 0 SControl 300)
[    3.632944] usb 1-1.6: New USB device found, idVendor=04f2, idProduct=b217, bcdDevice= 8.54
[    3.636627] usb 1-1.6: New USB device strings: Mfr=1, Product=2, SerialNumber=0
[    3.640181] usb 1-1.6: Product: Integrated Camera
[    3.643997] usb 1-1.6: Manufacturer: Chicony Electronics Co., Ltd.
[    3.650670] uvcvideo: Found UVC 1.00 device Integrated Camera (04f2:b217)
[    3.658382] PM: Image not found (code -22)
[    3.658444] ALSA device list:
[    3.662032]   #0: HDA Intel PCH at 0xf2520000 irq 22
[    3.666391] uvcvideo 1-1.6:1.0: Entity type for entity Extension 3 was not initialized!
[    3.670230] uvcvideo 1-1.6:1.0: Entity type for entity Processing 2 was not initialized!
[    3.671343] usb 2-1.1.2: New USB device found, idVendor=0a12, idProduct=0001, bcdDevice=88.91
[    3.674801] uvcvideo 1-1.6:1.0: Entity type for entity Camera 1 was not initialized!
[    3.682764] usb 2-1.1.2: New USB device strings: Mfr=0, Product=2, SerialNumber=0
[    3.686269] usb 2-1.1.2: Product: CSR8510 A10
[    3.884294] usb 2-1.2.1: new low-speed USB device number 6 using ehci-pci
[    4.095357] psmouse serio2: trackpoint: IBM TrackPoint firmware: 0x0e, buttons: 3/3
[    4.135522] usb 2-1.2.1: New USB device found, idVendor=06a3, idProduct=053f, bcdDevice= 0.02
[    4.139091] usb 2-1.2.1: New USB device strings: Mfr=1, Product=2, SerialNumber=3
[    4.142494] usb 2-1.2.1: Product: Saitek X36
[    4.145831] usb 2-1.2.1: Manufacturer: Saitek
[    4.149149] usb 2-1.2.1: SerialNumber: 00103464
[    4.194953] input: Saitek Saitek X36 as /devices/pci0000:00/0000:00:1d.0/usb2/2-1/2-1.2/2-1.2.1/2-1.2.1:1.0/0003:06A3:053F.0001/input/input14
[    4.203796] hid-generic 0003:06A3:053F.0001: input,hidraw0: USB HID v1.00 Joystick [Saitek Saitek X36] on usb-0000:00:1d.0-1.2.1/input0
[    4.380652] input: TPPS/2 IBM TrackPoint as /devices/platform/i8042/serio1/serio2/input/input13
[    4.392346] usb 2-1.2.2: new low-speed USB device number 7 using ehci-pci
[    4.491281] md: Waiting for all devices to be available before autodetect
[    4.494913] md: If you don't use raid, use raid=noautodetect
[    4.499733] md: Autodetecting RAID arrays.
[    4.503328] md: autorun ...
[    4.506790] md: ... autorun DONE.
[    4.517097] EXT4-fs (sdb4): INFO: recovery required on readonly filesystem
[    4.520731] EXT4-fs (sdb4): write access will be enabled during recovery
[    4.630951] usb 2-1.2.2: New USB device found, idVendor=046d, idProduct=c050, bcdDevice=27.20
[    4.634834] usb 2-1.2.2: New USB device strings: Mfr=1, Product=2, SerialNumber=0
[    4.638614] usb 2-1.2.2: Product: USB-PS/2 Optical Mouse
[    4.643240] usb 2-1.2.2: Manufacturer: Logitech
[    4.650747] EXT4-fs (sdb4): orphan cleanup on readonly fs
[    4.655259] input: Logitech USB-PS/2 Optical Mouse as /devices/pci0000:00/0000:00:1d.0/usb2/2-1/2-1.2/2-1.2.2/2-1.2.2:1.0/0003:046D:C050.0002/input/input15
[    4.664937] hid-generic 0003:046D:C050.0002: input,hidraw1: USB HID v1.10 Mouse [Logitech USB-PS/2 Optical Mouse] on usb-0000:00:1d.0-1.2.2/input0
[    4.686099] EXT4-fs (sdb4): 106 orphan inodes deleted
[    4.689948] EXT4-fs (sdb4): recovery complete
[    4.698639] EXT4-fs (sdb4): mounted filesystem with ordered data mode. Opts: (null)
[    4.702606] VFS: Mounted root (ext4 filesystem) readonly on device 8:20.
[    4.707016] devtmpfs: mounted
[    4.715799] Freeing unused kernel image memory: 1080K
[    4.732397] Write protecting the kernel read-only data: 24576k
[    4.738941] Freeing unused kernel image memory: 2012K
[    4.743642] Freeing unused kernel image memory: 876K
[    4.779899] x86/mm: Checked W+X mappings: passed, no W+X pages found.
[    4.783444] rodata_test: all tests were successful
[    4.786895] x86/mm: Checking user space page tables
[    4.821880] x86/mm: Checked W+X mappings: passed, no W+X pages found.
[    4.825420] Run /sbin/init as init process
[    4.876309] usb 2-1.2.3: new low-speed USB device number 8 using ehci-pci
[    4.899989] random: systemd: uninitialized urandom read (16 bytes read)
[    4.905913] systemd[1]: systemd 215 running in system mode. (+PAM +AUDIT +SELINUX +IMA +SYSVINIT +LIBCRYPTSETUP +GCRYPT +ACL +XZ -SECCOMP -APPARMOR)
[    4.932917] systemd[1]: Detected architecture 'x86-64'.
[    4.973413] systemd[1]: Failed to insert module 'ipv6'
[    4.977546] systemd[1]: Set hostname to <duo>.
[    5.013099] random: systemd-sysv-ge: uninitialized urandom read (16 bytes read)
[    5.086964] random: systemd-sysv-ge: uninitialized urandom read (16 bytes read)
[    5.120322] usb 2-1.2.3: New USB device found, idVendor=04f2, idProduct=0111, bcdDevice= 1.02
[    5.125901] usb 2-1.2.3: New USB device strings: Mfr=1, Product=2, SerialNumber=0
[    5.130899] usb 2-1.2.3: Product: USB Keyboard
[    5.135788] usb 2-1.2.3: Manufacturer: Chicony
[    5.153759] input: Chicony USB Keyboard as /devices/pci0000:00/0000:00:1d.0/usb2/2-1/2-1.2/2-1.2.3/2-1.2.3:1.0/0003:04F2:0111.0003/input/input16
[    5.226684] hid-generic 0003:04F2:0111.0003: input,hidraw2: USB HID v1.10 Keyboard [Chicony USB Keyboard] on usb-0000:00:1d.0-1.2.3/input0
[    5.239757] systemd[1]: Binding to IPv6 address not available since kernel does not support IPv6.
[    5.243298] systemd[1]: [/lib/systemd/system/gpsd.socket:6] Failed to parse address value, ignoring: [::1]:2947
[    5.251801] input: Chicony USB Keyboard System Control as /devices/pci0000:00/0000:00:1d.0/usb2/2-1/2-1.2/2-1.2.3/2-1.2.3:1.1/0003:04F2:0111.0004/input/input17
[    5.259096] systemd[1]: Starting Forward Password Requests to Wall Directory Watch.
[    5.267965] systemd[1]: Started Forward Password Requests to Wall Directory Watch.
[    5.271681] systemd[1]: Starting Remote File Systems (Pre).
[    5.283298] systemd[1]: Reached target Remote File Systems (Pre).
[    5.321311] input: Chicony USB Keyboard Consumer Control as /devices/pci0000:00/0000:00:1d.0/usb2/2-1/2-1.2/2-1.2.3/2-1.2.3:1.1/0003:04F2:0111.0004/input/input18
[    5.323109] hid-generic 0003:04F2:0111.0004: input,hiddev96,hidraw3: USB HID v1.10 Device [Chicony USB Keyboard] on usb-0000:00:1d.0-1.2.3/input1
[    5.793531] systemd-udevd[2040]: starting version 215
[    6.709435] e1000e 0000:00:19.0 eth2: renamed from eth0
[    6.745009] systemd-udevd[2645]: renamed network interface eth0 to eth2
[    6.769548] iwlwifi 0000:03:00.0 wlan1: renamed from wlan0
[    6.789333] systemd-udevd[2654]: renamed network interface wlan0 to wlan1
[    7.515797] EXT4-fs (sdb4): re-mounted. Opts: errors=remount-ro
[    8.230727] random: crng init done
[    8.234110] random: 7 urandom warning(s) missed due to ratelimiting
[   10.328715] Adding 1681428k swap on /dev/sda1.  Priority:-2 extents:1 across:1681428k 
[   23.146265] EXT4-fs (sda2): mounted filesystem with ordered data mode. Opts: errors=remount-ro
[   23.231944] EXT4-fs (sdb2): mounted filesystem with ordered data mode. Opts: errors=remount-ro
[   23.419564] systemd-journald[2042]: Received request to flush runtime journal from PID 1
[   25.462699] device-mapper: table: 251:0: thin-pool: unknown target type
[   25.462706] device-mapper: ioctl: error adding target to table
[   29.999886] iwlwifi 0000:03:00.0: Radio type=0x0-0x0-0x3
[   30.076968] iwlwifi 0000:03:00.0: Radio type=0x0-0x0-0x3
[   31.642402] e1000e: eth2 NIC Link is Up 100 Mbps Full Duplex, Flow Control: Rx/Tx
[   31.642430] e1000e 0000:00:19.0 eth2: 10/100 speed: disabling TSO
