[    0.000000] Linux version 5.0.0-rc7-next-20190222+ (pavel@amd) (gcc version 4.9.2 (Debian 4.9.2-10+deb8u2)) #223 SMP Sat Feb 23 20:16:05 CET 2019
[    0.000000] Disabled fast string operations
[    0.000000] x86/fpu: x87 FPU will use FXSAVE
[    0.000000] BIOS-provided physical RAM map:
[    0.000000] BIOS-e820: [mem 0x0000000000000000-0x000000000009efff] usable
[    0.000000] BIOS-e820: [mem 0x000000000009f000-0x000000000009ffff] reserved
[    0.000000] BIOS-e820: [mem 0x00000000000dc000-0x00000000000fffff] reserved
[    0.000000] BIOS-e820: [mem 0x0000000000100000-0x00000000bf6cffff] usable
[    0.000000] BIOS-e820: [mem 0x00000000bf6d0000-0x00000000bf6defff] ACPI data
[    0.000000] BIOS-e820: [mem 0x00000000bf6df000-0x00000000bf6fffff] ACPI NVS
[    0.000000] BIOS-e820: [mem 0x00000000bf700000-0x00000000bfffffff] reserved
[    0.000000] BIOS-e820: [mem 0x00000000f0000000-0x00000000f3ffffff] reserved
[    0.000000] BIOS-e820: [mem 0x00000000fec00000-0x00000000fec0ffff] reserved
[    0.000000] BIOS-e820: [mem 0x00000000fed00000-0x00000000fed003ff] reserved
[    0.000000] BIOS-e820: [mem 0x00000000fed14000-0x00000000fed19fff] reserved
[    0.000000] BIOS-e820: [mem 0x00000000fed1c000-0x00000000fed8ffff] reserved
[    0.000000] BIOS-e820: [mem 0x00000000fee00000-0x00000000fee00fff] reserved
[    0.000000] BIOS-e820: [mem 0x00000000ff800000-0x00000000ffffffff] reserved
[    0.000000] NX (Execute Disable) protection: active
[    0.000000] SMBIOS 2.4 present.
[    0.000000] DMI: LENOVO 17097HU/17097HU, BIOS 7BETD8WW (2.19 ) 03/31/2011
[    0.000000] tsc: Fast TSC calibration using PIT
[    0.000000] tsc: Detected 1828.741 MHz processor
[    0.025827] e820: update [mem 0x00000000-0x00000fff] usable ==> reserved
[    0.025836] e820: remove [mem 0x000a0000-0x000fffff] usable
[    0.025859] last_pfn = 0xbf6d0 max_arch_pfn = 0x1000000
[    0.025879] MTRR default type: uncachable
[    0.025885] MTRR fixed ranges enabled:
[    0.025891]   00000-9FFFF write-back
[    0.025896]   A0000-BFFFF uncachable
[    0.025901]   C0000-CFFFF write-protect
[    0.025906]   D0000-DBFFF uncachable
[    0.025911]   DC000-DFFFF write-back
[    0.025917]   E0000-FFFFF write-protect
[    0.025921] MTRR variable ranges enabled:
[    0.025928]   0 base 000000000 mask F80000000 write-back
[    0.025933]   1 base 080000000 mask FC0000000 write-back
[    0.025939]   2 base 0BF700000 mask FFFF00000 uncachable
[    0.025944]   3 base 0BF800000 mask FFF800000 uncachable
[    0.025949]   4 disabled
[    0.025953]   5 disabled
[    0.025957]   6 disabled
[    0.025961]   7 disabled
[    0.027366] x86/PAT: PAT not supported by CPU.
[    0.028883] x86/PAT: Configuration [0-7]: WB  WT  UC- UC  WB  WT  UC- UC  
[    0.028913] initial memory mapped: [mem 0x00000000-0x05dfffff]
[    0.028924] Base memory trampoline at [(ptrval)] 9b000 size 16384
[    0.029063] BRK [0x05883000, 0x05883fff] PGTABLE
[    0.029097] BRK [0x05884000, 0x05884fff] PGTABLE
[    0.029114] ACPI: Early table checksum verification disabled
[    0.029129] ACPI: RSDP 0x00000000000F67C0 000024 (v02 LENOVO)
[    0.029144] ACPI: XSDT 0x00000000BF6D191C 000084 (v01 LENOVO TP-7B    00002190  LTP 00000000)
[    0.029165] ACPI: FACP 0x00000000BF6D1A00 0000F4 (v03 LENOVO TP-7B    00002190 LNVO 00000001)
[    0.029184] ACPI BIOS Warning (bug): 32/64X length mismatch in FADT/Gpe0Block: 64/32 (20190215/tbfadt-569)
[    0.029197] ACPI BIOS Warning (bug): Optional FADT field Gpe1Block has valid Address but zero Length: 0x000000000000102C/0x0 (20190215/tbfadt-624)
[    0.029214] ACPI: DSDT 0x00000000BF6D1D90 00CFB9 (v01 LENOVO TP-7B    00002190 MSFT 0100000E)
[    0.029230] ACPI: FACS 0x00000000BF6F4000 000040
[    0.029243] ACPI: FACS 0x00000000BF6F4000 000040
[    0.029256] ACPI: SSDT 0x00000000BF6D1BB4 0001DC (v01 LENOVO TP-7B    00002190 MSFT 0100000E)
[    0.029272] ACPI: ECDT 0x00000000BF6DED49 000052 (v01 LENOVO TP-7B    00002190 LNVO 00000001)
[    0.029288] ACPI: TCPA 0x00000000BF6DED9B 000032 (v02 LENOVO TP-7B    00002190 LNVO 00000001)
[    0.029303] ACPI: APIC 0x00000000BF6DEDCD 000068 (v01 LENOVO TP-7B    00002190 LNVO 00000001)
[    0.029319] ACPI: MCFG 0x00000000BF6DEE35 00003C (v01 LENOVO TP-7B    00002190 LNVO 00000001)
[    0.029334] ACPI: HPET 0x00000000BF6DEE71 000038 (v01 LENOVO TP-7B    00002190 LNVO 00000001)
[    0.029349] ACPI: BOOT 0x00000000BF6DEFD8 000028 (v01 LENOVO TP-7B    00002190  LTP 00000001)
[    0.029365] ACPI: SSDT 0x00000000BF6F2645 00025F (v01 LENOVO TP-7B    00002190 INTL 20050513)
[    0.029381] ACPI: SSDT 0x00000000BF6F28A4 0000A6 (v01 LENOVO TP-7B    00002190 INTL 20050513)
[    0.029396] ACPI: SSDT 0x00000000BF6F294A 0004F7 (v01 LENOVO TP-7B    00002190 INTL 20050513)
[    0.029412] ACPI: SSDT 0x00000000BF6F2E41 0001D8 (v01 LENOVO TP-7B    00002190 INTL 20050513)
[    0.029447] ACPI: Local APIC address 0xfee00000
[    0.029456] 2176MB HIGHMEM available.
[    0.029464] 885MB LOWMEM available.
[    0.029471]   mapped low ram: 0 - 375fe000
[    0.029477]   low ram: 0 - 375fe000
[    0.029497] BRK [0x05885000, 0x05885fff] PGTABLE
[    0.029505] Zone ranges:
[    0.029512]   DMA      [mem 0x0000000000001000-0x0000000000ffffff]
[    0.029521]   Normal   [mem 0x0000000001000000-0x00000000375fdfff]
[    0.029529]   HighMem  [mem 0x00000000375fe000-0x00000000bf6cffff]
[    0.029538] Movable zone start for each node
[    0.029544] Early memory node ranges
[    0.029551]   node   0: [mem 0x0000000000001000-0x000000000009efff]
[    0.029559]   node   0: [mem 0x0000000000100000-0x00000000bf6cffff]
[    0.029568] Initmem setup node 0 [mem 0x0000000000001000-0x00000000bf6cffff]
[    0.029577] On node 0 totalpages: 783982
[    0.041931]   DMA zone: 32 pages used for memmap
[    0.041937]   DMA zone: 0 pages reserved
[    0.041942]   DMA zone: 3998 pages, LIFO batch:0
[    0.042121]   Normal zone: 1740 pages used for memmap
[    0.042126]   Normal zone: 222718 pages, LIFO batch:63
[    0.052015]   HighMem zone: 557266 pages, LIFO batch:63
[    0.075110] Using APIC driver default
[    0.075134] Reserving Intel graphics memory at [mem 0xbf800000-0xbfffffff]
[    0.075626] ACPI: PM-Timer IO Port: 0x1008
[    0.075636] ACPI: Local APIC address 0xfee00000
[    0.075656] ACPI: LAPIC_NMI (acpi_id[0x00] high edge lint[0x1])
[    0.075664] ACPI: LAPIC_NMI (acpi_id[0x01] high edge lint[0x1])
[    0.075706] IOAPIC[0]: apic_id 1, version 32, address 0xfec00000, GSI 0-23
[    0.075718] ACPI: INT_SRC_OVR (bus 0 bus_irq 0 global_irq 2 dfl dfl)
[    0.075728] ACPI: INT_SRC_OVR (bus 0 bus_irq 9 global_irq 9 high level)
[    0.075737] ACPI: IRQ0 used by override.
[    0.075745] ACPI: IRQ9 used by override.
[    0.075756] Using ACPI (MADT) for SMP configuration information
[    0.075766] ACPI: HPET id: 0x8086a201 base: 0xfed00000
[    0.075784] smpboot: Allowing 2 CPUs, 0 hotplug CPUs
[    0.075853] PM: Registered nosave memory: [mem 0x00000000-0x00000fff]
[    0.075863] PM: Registered nosave memory: [mem 0x0009f000-0x0009ffff]
[    0.075870] PM: Registered nosave memory: [mem 0x000a0000-0x000dbfff]
[    0.075877] PM: Registered nosave memory: [mem 0x000dc000-0x000fffff]
[    0.075894] [mem 0xc0000000-0xefffffff] available for PCI devices
[    0.075905] clocksource: refined-jiffies: mask: 0xffffffff max_cycles: 0xffffffff, max_idle_ns: 7645519600211568 ns
[    0.075945] random: get_random_bytes called from start_kernel+0x74/0x375 with crng_init=0
[    0.075967] setup_percpu: NR_CPUS:8 nr_cpumask_bits:8 nr_cpu_ids:2 nr_node_ids:1
[    0.076271] percpu: Embedded 37 pages/cpu @(ptrval) s119336 r0 d32216 u151552
[    0.076295] pcpu-alloc: s119336 r0 d32216 u151552 alloc=37*4096
[    0.076300] pcpu-alloc: [0] 0 [0] 1 
[    0.076352] Built 1 zonelists, mobility grouping on.  Total pages: 782210
[    0.076368] Kernel command line: BOOT_IMAGE=(hd0,2)/fast/l/linux-next-32/arch/x86/boot/bzImage root=/dev/sda4 resume=/dev/sda1
[    0.076914] Dentry cache hash table entries: 131072 (order: 7, 524288 bytes)
[    0.077036] Inode-cache hash table entries: 65536 (order: 6, 262144 bytes)
[    0.077074] Initializing CPU#0
[    0.111961] Initializing HighMem for node 0 (000375fe:000bf6d0)
[    0.752544] Initializing Movable for node 0 (00000000:00000000)
[    0.879911] Memory: 3019224K/3135928K available (12406K kernel code, 717K rwdata, 4844K rodata, 644K init, 6084K bss, 116704K reserved, 0K cma-reserved, 2229064K highmem)
[    0.879933] virtual kernel memory layout:
    fixmap  : 0xffe70000 - 0xfffff000   (1596 kB)
  cpu_entry : 0xffa00000 - 0xffb31000   (1220 kB)
    pkmap   : 0xff600000 - 0xff800000   (2048 kB)
    vmalloc : 0xf7dfe000 - 0xff5fe000   ( 120 MB)
    lowmem  : 0xc0000000 - 0xf75fe000   ( 885 MB)
      .init : 0xc51b5000 - 0xc5256000   ( 644 kB)
      .data : 0xc4c1daa4 - 0xc5193640   (5590 kB)
      .text : 0xc4000000 - 0xc4c1daa4   (12406 kB)
[    0.879942] Checking if this processor honours the WP bit even in supervisor mode...Ok.
[    0.882357] Kernel/User page tables isolation: enabled
[    0.882806] rcu: Hierarchical RCU implementation.
[    0.882814] rcu: 	RCU restricting CPUs from NR_CPUS=8 to nr_cpu_ids=2.
[    0.882823] rcu: RCU calculated value of scheduler-enlistment delay is 25 jiffies.
[    0.882830] rcu: Adjusting geometry for rcu_fanout_leaf=16, nr_cpu_ids=2
[    0.882899] NR_IRQS: 2304, nr_irqs: 56, preallocated irqs: 16
[    0.883402] CPU 0 irqstacks, hard=(ptrval) soft=(ptrval)
[    0.886996] Console: colour VGA+ 80x25
[    0.900088] printk: console [tty0] enabled
[    0.900204] Lock dependency validator: Copyright (c) 2006 Red Hat, Inc., Ingo Molnar
[    0.900349] ... MAX_LOCKDEP_SUBCLASSES:  8
[    0.900464] ... MAX_LOCK_DEPTH:          48
[    0.900580] ... MAX_LOCKDEP_KEYS:        8191
[    0.900697] ... CLASSHASH_SIZE:          4096
[    0.900814] ... MAX_LOCKDEP_ENTRIES:     32768
[    0.900932] ... MAX_LOCKDEP_CHAINS:      65536
[    0.901051] ... CHAINHASH_SIZE:          32768
[    0.901169]  memory used by lock dependency info: 4319 kB
[    0.901295]  per task-struct memory footprint: 1344 bytes
[    0.901441] ACPI: Core revision 20190215
[    0.902305] clocksource: hpet: mask: 0xffffffff max_cycles: 0xffffffff, max_idle_ns: 133484882848 ns
[    0.902506] hpet clockevent registered
[    0.902525] APIC: Switch to symmetric I/O mode setup
[    0.902649] Enabling APIC mode:  Flat.  Using 1 I/O APICs
[    0.903540] ..TIMER: vector=0x30 apic1=0 pin1=2 apic2=-1 pin2=-1
[    0.922521] clocksource: tsc-early: mask: 0xffffffffffffffff max_cycles: 0x1a5c3840d90, max_idle_ns: 440795278970 ns
[    0.922690] Calibrating delay loop (skipped), value calculated using timer frequency.. 3657.48 BogoMIPS (lpj=7314964)
[    0.922854] pid_max: default: 32768 minimum: 301
[    0.923425] Mount-cache hash table entries: 2048 (order: 1, 8192 bytes)
[    0.923547] Mountpoint-cache hash table entries: 2048 (order: 1, 8192 bytes)
[    0.924719] *** VALIDATE proc ***
[    0.924982] *** VALIDATE cgroup1 ***
[    0.925074] *** VALIDATE cgroup2 ***
[    0.925182] Disabled fast string operations
[    0.925292] process: using mwait in idle threads
[    0.925400] Last level iTLB entries: 4KB 128, 2MB 0, 4MB 2
[    0.925504] Last level dTLB entries: 4KB 128, 2MB 0, 4MB 8, 1GB 0
[    0.925616] Spectre V2 : Mitigation: Full generic retpoline
[    0.925721] Spectre V2 : Spectre v2 / SpectreRSB mitigation: Filling RSB on context switch
[    0.925856] L1TF: System has more than MAX_PA/2 memory. L1TF mitigation not effective.
[    0.925979] L1TF: You may make it effective by booting the kernel with mem=2147483648 parameter.
[    0.926125] L1TF: However, doing so will make a part of your RAM unusable.
[    0.926240] L1TF: Reading https://www.kernel.org/doc/html/latest/admin-guide/l1tf.html might help you decide.
[    0.926934] Freeing SMP alternatives memory: 44K
[    0.938688] smpboot: CPU0: Genuine Intel(R) CPU           T2400  @ 1.83GHz (family: 0x6, model: 0xe, stepping: 0x8)
[    0.938688] Performance Events: Core events, core PMU driver.
[    0.938688] ... version:                1
[    0.938688] ... bit width:              40
[    0.938688] ... generic registers:      2
[    0.938688] ... value mask:             000000ffffffffff
[    0.938688] ... max period:             000000007fffffff
[    0.938688] ... fixed-purpose events:   0
[    0.938688] ... event mask:             0000000000000003
[    0.938688] rcu: Hierarchical SRCU implementation.
[    0.940872] NMI watchdog: Enabled. Permanently consumes one hw-PMU counter.
[    0.941306] smp: Bringing up secondary CPUs ...
[    0.943071] CPU 1 irqstacks, hard=(ptrval) soft=(ptrval)
[    0.943078] x86: Booting SMP configuration:
[    0.943184] .... node  #0, CPUs:      #1
[    0.023243] Initializing CPU#1
[    0.023243] Disabled fast string operations
[    0.945797] TSC synchronization [CPU#0 -> CPU#1]:
[    0.946194] Measured 579656 cycles TSC warp between CPUs, turning off TSC clock.
[    0.946332] tsc: Marking TSC unstable due to check_tsc_sync_source failed
[    0.946749] smp: Brought up 1 node, 2 CPUs
[    0.946798] smpboot: Max logical packages: 1
[    0.946893] smpboot: Total of 2 processors activated (7314.96 BogoMIPS)
[    0.949770] devtmpfs: initialized
[    0.949770] PM: Registering ACPI NVS region [mem 0xbf6df000-0xbf6fffff] (135168 bytes)
[    0.951036] clocksource: jiffies: mask: 0xffffffff max_cycles: 0xffffffff, max_idle_ns: 7645041785100000 ns
[    0.951280] futex hash table entries: 512 (order: 3, 32768 bytes)
[    0.951374] NET: Registered protocol family 16
[    0.956381] cpuidle: using governor ladder
[    0.956639] cpuidle: using governor menu
[    0.958972] Simple Boot Flag at 0x35 set to 0x1
[    0.959131] ACPI FADT declares the system doesn't support PCIe ASPM, so disable it
[    0.959253] ACPI: bus type PCI registered
[    0.959736] PCI: MMCONFIG for domain 0000 [bus 00-3f] at [mem 0xf0000000-0xf3ffffff] (base 0xf0000000)
[    0.959893] PCI: MMCONFIG at [mem 0xf0000000-0xf3ffffff] reserved in E820
[    0.960008] PCI: Using MMCONFIG for extended config space
[    0.960110] PCI: Using configuration type 1 for base access
[    0.960922] mtrr: your CPUs had inconsistent variable MTRR settings
[    0.961032] mtrr: probably your BIOS does not setup all CPUs.
[    0.961139] mtrr: corrected configuration.
[    1.070227] ACPI: Added _OSI(Module Device)
[    1.070330] ACPI: Added _OSI(Processor Device)
[    1.070428] ACPI: Added _OSI(3.0 _SCP Extensions)
[    1.070528] ACPI: Added _OSI(Processor Aggregator Device)
[    1.070636] ACPI: Added _OSI(Linux-Dell-Video)
[    1.071411] ACPI: Added _OSI(Linux-Lenovo-NV-HDMI-Audio)
[    1.071520] ACPI: Added _OSI(Linux-HPI-Hybrid-Graphics)
[    1.194675] ACPI: 6 ACPI AML tables successfully acquired and loaded
[    1.202598] ACPI: EC: EC started
[    1.202697] ACPI: EC: interrupt blocked
[    1.212119] ACPI: \: Used as first EC
[    1.212215] ACPI: \: GPE=0x1c, EC_CMD/EC_SC=0x66, EC_DATA=0x62
[    1.212322] ACPI: EC: Boot ECDT EC used to handle transactions
[    1.247274] ACPI: Dynamic OEM Table Load:
[    1.247397] ACPI: SSDT 0x00000000F113A800 000240 (v01 PmRef  Cpu0Ist  00000100 INTL 20050513)
[    1.250389] ACPI: Dynamic OEM Table Load:
[    1.250510] ACPI: SSDT 0x00000000F1947000 00065A (v01 PmRef  Cpu0Cst  00000100 INTL 20050513)
[    1.257207] ACPI: Dynamic OEM Table Load:
[    1.257327] ACPI: SSDT 0x00000000F1214100 0000C8 (v01 PmRef  Cpu1Ist  00000100 INTL 20050513)
[    1.257327] ACPI: Dynamic OEM Table Load:
[    1.257327] ACPI: SSDT 0x00000000F11D5600 000085 (v01 PmRef  Cpu1Cst  00000100 INTL 20050513)
[    1.262757] ACPI: Interpreter enabled
[    1.262983] ACPI: (supports S0 S3 S4 S5)
[    1.263087] ACPI: Using IOAPIC for interrupt routing
[    1.263407] PCI: Using host bridge windows from ACPI; if necessary, use "pci=nocrs" and report a bug
[    1.265366] ACPI: Enabled 4 GPEs in block 00 to 1F
[    1.306393] ACPI: Power Resource [PUBS] (on)
[    1.308450] acpi PNP0C0A:01: ACPI dock station (docks/bays count: 1)
[    1.322639] acpi LNXIOBAY:00: ACPI dock station (docks/bays count: 2)
[    1.343350] acpi IBM0079:00: ACPI dock station (docks/bays count: 3)
[    1.347735] ACPI: PCI Interrupt Link [LNKA] (IRQs 3 4 5 6 7 9 10 *11)
[    1.349238] ACPI: PCI Interrupt Link [LNKB] (IRQs 3 4 5 6 7 9 10 *11)
[    1.350756] ACPI: PCI Interrupt Link [LNKC] (IRQs 3 4 5 6 7 9 10 *11)
[    1.352253] ACPI: PCI Interrupt Link [LNKD] (IRQs 3 4 5 6 7 9 10 *11)
[    1.353751] ACPI: PCI Interrupt Link [LNKE] (IRQs 3 4 5 6 7 9 10 *11)
[    1.355271] ACPI: PCI Interrupt Link [LNKF] (IRQs 3 4 5 6 7 9 10 *11)
[    1.356768] ACPI: PCI Interrupt Link [LNKG] (IRQs 3 4 5 6 7 9 10 *11)
[    1.358264] ACPI: PCI Interrupt Link [LNKH] (IRQs 3 4 5 6 7 9 10 *11)
[    1.359206] ACPI: PCI Root Bridge [PCI0] (domain 0000 [bus 00-ff])
[    1.359343] acpi PNP0A08:00: _OSC: OS supports [ExtendedConfig ASPM ClockPM Segments]
[    1.361197] acpi PNP0A08:00: _OSC: not requesting OS control; OS requires [ExtendedConfig ASPM ClockPM MSI]
[    1.361384] acpi PNP0A08:00: [Firmware Info]: MMCONFIG for domain 0000 [bus 00-3f] only partially covers this bridge
[    1.361999] PCI host bridge to bus 0000:00
[    1.362103] pci_bus 0000:00: root bus resource [io  0x0000-0x0cf7 window]
[    1.362227] pci_bus 0000:00: root bus resource [io  0x0d00-0xffff window]
[    1.362351] pci_bus 0000:00: root bus resource [mem 0x000a0000-0x000bffff window]
[    1.362482] pci_bus 0000:00: root bus resource [mem 0x000d0000-0x000d3fff window]
[    1.362612] pci_bus 0000:00: root bus resource [mem 0x000d4000-0x000d7fff window]
[    1.362704] pci_bus 0000:00: root bus resource [mem 0x000d8000-0x000dbfff window]
[    1.362835] pci_bus 0000:00: root bus resource [mem 0xc0000000-0xfebfffff window]
[    1.362965] pci_bus 0000:00: root bus resource [mem 0xfed40000-0xfed40fff window]
[    1.363097] pci_bus 0000:00: root bus resource [bus 00-ff]
[    1.363257] pci 0000:00:00.0: [8086:27a0] type 00 class 0x060000
[    1.364073] pci 0000:00:02.0: [8086:27a2] type 00 class 0x030000
[    1.364109] pci 0000:00:02.0: reg 0x10: [mem 0xee100000-0xee17ffff]
[    1.364127] pci 0000:00:02.0: reg 0x14: [io  0x1800-0x1807]
[    1.364146] pci 0000:00:02.0: reg 0x18: [mem 0xd0000000-0xdfffffff pref]
[    1.364164] pci 0000:00:02.0: reg 0x1c: [mem 0xee200000-0xee23ffff]
[    1.364982] pci 0000:00:02.1: [8086:27a6] type 00 class 0x038000
[    1.365014] pci 0000:00:02.1: reg 0x10: [mem 0xee180000-0xee1fffff]
[    1.365867] pci 0000:00:1b.0: [8086:27d8] type 00 class 0x040300
[    1.365929] pci 0000:00:1b.0: reg 0x10: [mem 0xee240000-0xee243fff 64bit]
[    1.366159] pci 0000:00:1b.0: PME# supported from D0 D3hot D3cold
[    1.367027] pci 0000:00:1c.0: [8086:27d0] type 01 class 0x060400
[    1.367299] pci 0000:00:1c.0: PME# supported from D0 D3hot D3cold
[    1.368095] pci 0000:00:1c.1: [8086:27d2] type 01 class 0x060400
[    1.368366] pci 0000:00:1c.1: PME# supported from D0 D3hot D3cold
[    1.369146] pci 0000:00:1c.2: [8086:27d4] type 01 class 0x060400
[    1.369417] pci 0000:00:1c.2: PME# supported from D0 D3hot D3cold
[    1.370221] pci 0000:00:1c.3: [8086:27d6] type 01 class 0x060400
[    1.370491] pci 0000:00:1c.3: PME# supported from D0 D3hot D3cold
[    1.371297] pci 0000:00:1d.0: [8086:27c8] type 00 class 0x0c0300
[    1.371402] pci 0000:00:1d.0: reg 0x20: [io  0x1820-0x183f]
[    1.372204] pci 0000:00:1d.1: [8086:27c9] type 00 class 0x0c0300
[    1.372310] pci 0000:00:1d.1: reg 0x20: [io  0x1840-0x185f]
[    1.373107] pci 0000:00:1d.2: [8086:27ca] type 00 class 0x0c0300
[    1.373212] pci 0000:00:1d.2: reg 0x20: [io  0x1860-0x187f]
[    1.374016] pci 0000:00:1d.3: [8086:27cb] type 00 class 0x0c0300
[    1.374121] pci 0000:00:1d.3: reg 0x20: [io  0x1880-0x189f]
[    1.374902] pci 0000:00:1d.7: [8086:27cc] type 00 class 0x0c0320
[    1.374952] pci 0000:00:1d.7: reg 0x10: [mem 0xee444000-0xee4443ff]
[    1.375150] pci 0000:00:1d.7: PME# supported from D0 D3hot D3cold
[    1.375912] pci 0000:00:1e.0: [8086:2448] type 01 class 0x060401
[    1.376829] pci 0000:00:1f.0: [8086:27b9] type 00 class 0x060100
[    1.377037] pci 0000:00:1f.0: quirk: [io  0x1000-0x107f] claimed by ICH6 ACPI/GPIO/TCO
[    1.377178] pci 0000:00:1f.0: quirk: [io  0x1180-0x11bf] claimed by ICH6 GPIO
[    1.377307] pci 0000:00:1f.0: ICH7 LPC Generic IO decode 1 PIO at 1600 (mask 007f)
[    1.377439] pci 0000:00:1f.0: ICH7 LPC Generic IO decode 2 PIO at 15e0 (mask 000f)
[    1.377571] pci 0000:00:1f.0: ICH7 LPC Generic IO decode 3 PIO at 1680 (mask 001f)
[    1.378453] pci 0000:00:1f.1: [8086:27df] type 00 class 0x01018a
[    1.378495] pci 0000:00:1f.1: reg 0x10: [io  0x0000-0x0007]
[    1.378518] pci 0000:00:1f.1: reg 0x14: [io  0x0000-0x0003]
[    1.378541] pci 0000:00:1f.1: reg 0x18: [io  0x0000-0x0007]
[    1.378564] pci 0000:00:1f.1: reg 0x1c: [io  0x0000-0x0003]
[    1.378588] pci 0000:00:1f.1: reg 0x20: [io  0x1810-0x181f]
[    1.378634] pci 0000:00:1f.1: legacy IDE quirk: reg 0x10: [io  0x01f0-0x01f7]
[    1.378702] pci 0000:00:1f.1: legacy IDE quirk: reg 0x14: [io  0x03f6]
[    1.378823] pci 0000:00:1f.1: legacy IDE quirk: reg 0x18: [io  0x0170-0x0177]
[    1.378948] pci 0000:00:1f.1: legacy IDE quirk: reg 0x1c: [io  0x0376]
[    1.379791] pci 0000:00:1f.2: [8086:27c5] type 00 class 0x010601
[    1.379840] pci 0000:00:1f.2: reg 0x10: [io  0x18d0-0x18d7]
[    1.379863] pci 0000:00:1f.2: reg 0x14: [io  0x18c4-0x18c7]
[    1.379886] pci 0000:00:1f.2: reg 0x18: [io  0x18c8-0x18cf]
[    1.379909] pci 0000:00:1f.2: reg 0x1c: [io  0x18c0-0x18c3]
[    1.379932] pci 0000:00:1f.2: reg 0x20: [io  0x18b0-0x18bf]
[    1.379956] pci 0000:00:1f.2: reg 0x24: [mem 0xee444400-0xee4447ff]
[    1.380080] pci 0000:00:1f.2: PME# supported from D3hot
[    1.380820] pci 0000:00:1f.3: [8086:27da] type 00 class 0x0c0500
[    1.380944] pci 0000:00:1f.3: reg 0x20: [io  0x18e0-0x18ff]
[    1.382006] pci 0000:02:00.0: [8086:109a] type 00 class 0x020000
[    1.382087] pci 0000:02:00.0: reg 0x10: [mem 0xee000000-0xee01ffff]
[    1.382146] pci 0000:02:00.0: reg 0x18: [io  0x2000-0x201f]
[    1.382473] pci 0000:02:00.0: PME# supported from D0 D3hot D3cold
[    1.383082] pci 0000:00:1c.0: PCI bridge to [bus 02]
[    1.383195] pci 0000:00:1c.0:   bridge window [io  0x2000-0x2fff]
[    1.383209] pci 0000:00:1c.0:   bridge window [mem 0xee000000-0xee0fffff]
[    1.383584] pci 0000:03:00.0: [8086:4227] type 00 class 0x028000
[    1.383707] pci 0000:03:00.0: reg 0x10: [mem 0xedf00000-0xedf00fff]
[    1.384299] pci 0000:03:00.0: PME# supported from D0 D3hot D3cold
[    1.384921] pci 0000:00:1c.1: PCI bridge to [bus 03]
[    1.385033] pci 0000:00:1c.1:   bridge window [io  0x3000-0x4fff]
[    1.385045] pci 0000:00:1c.1:   bridge window [mem 0xec000000-0xedffffff]
[    1.385062] pci 0000:00:1c.1:   bridge window [mem 0xe4000000-0xe40fffff 64bit pref]
[    1.385309] pci 0000:00:1c.2: PCI bridge to [bus 04-0b]
[    1.385423] pci 0000:00:1c.2:   bridge window [io  0x5000-0x6fff]
[    1.385436] pci 0000:00:1c.2:   bridge window [mem 0xe8000000-0xe9ffffff]
[    1.385453] pci 0000:00:1c.2:   bridge window [mem 0xe4100000-0xe41fffff 64bit pref]
[    1.385700] pci 0000:00:1c.3: PCI bridge to [bus 0c-13]
[    1.385814] pci 0000:00:1c.3:   bridge window [io  0x7000-0x8fff]
[    1.385826] pci 0000:00:1c.3:   bridge window [mem 0xea000000-0xebffffff]
[    1.385843] pci 0000:00:1c.3:   bridge window [mem 0xe4200000-0xe42fffff 64bit pref]
[    1.385901] pci_bus 0000:15: extended config space not accessible
[    1.386218] pci 0000:15:00.0: [1180:0476] type 02 class 0x060700
[    1.386263] pci 0000:15:00.0: reg 0x10: [mem 0xe4300000-0xe4300fff]
[    1.386373] pci 0000:15:00.0: supports D1 D2
[    1.386381] pci 0000:15:00.0: PME# supported from D0 D1 D2 D3hot D3cold
[    1.386843] pci 0000:15:00.1: [1180:0552] type 00 class 0x0c0010
[    1.386884] pci 0000:15:00.1: reg 0x10: [mem 0xe4301000-0xe43017ff]
[    1.387093] pci 0000:15:00.1: PME# supported from D0 D3hot D3cold
[    1.387452] pci 0000:15:00.2: [1180:0822] type 00 class 0x080500
[    1.387493] pci 0000:15:00.2: reg 0x10: [mem 0xe4301800-0xe43018ff]
[    1.387700] pci 0000:15:00.2: supports D1 D2
[    1.387708] pci 0000:15:00.2: PME# supported from D0 D1 D2 D3hot D3cold
[    1.388156] pci 0000:00:1e.0: PCI bridge to [bus 15-18] (subtractive decode)
[    1.388287] pci 0000:00:1e.0:   bridge window [io  0x9000-0xcfff]
[    1.388299] pci 0000:00:1e.0:   bridge window [mem 0xe4300000-0xe7ffffff]
[    1.388316] pci 0000:00:1e.0:   bridge window [mem 0xe0000000-0xe3ffffff 64bit pref]
[    1.388325] pci 0000:00:1e.0:   bridge window [io  0x0000-0x0cf7 window] (subtractive decode)
[    1.388334] pci 0000:00:1e.0:   bridge window [io  0x0d00-0xffff window] (subtractive decode)
[    1.388342] pci 0000:00:1e.0:   bridge window [mem 0x000a0000-0x000bffff window] (subtractive decode)
[    1.388350] pci 0000:00:1e.0:   bridge window [mem 0x000d0000-0x000d3fff window] (subtractive decode)
[    1.388359] pci 0000:00:1e.0:   bridge window [mem 0x000d4000-0x000d7fff window] (subtractive decode)
[    1.388367] pci 0000:00:1e.0:   bridge window [mem 0x000d8000-0x000dbfff window] (subtractive decode)
[    1.388376] pci 0000:00:1e.0:   bridge window [mem 0xc0000000-0xfebfffff window] (subtractive decode)
[    1.388384] pci 0000:00:1e.0:   bridge window [mem 0xfed40000-0xfed40fff window] (subtractive decode)
[    1.388448] pci_bus 0000:16: extended config space not accessible
[    1.388730] pci_bus 0000:16: busn_res: [bus 16-18] end is updated to 17
[    1.388806] pci_bus 0000:00: on NUMA node 0
[    1.398739] ACPI: EC: interrupt unblocked
[    1.398881] ACPI: EC: event unblocked
[    1.399011] ACPI: \_SB_.PCI0.LPC_.EC__: GPE=0x1c, EC_CMD/EC_SC=0x66, EC_DATA=0x62
[    1.399144] ACPI: \_SB_.PCI0.LPC_.EC__: Boot DSDT EC used to handle transactions and events
[    1.400164] pci 0000:00:02.0: vgaarb: setting as boot VGA device
[    1.400283] pci 0000:00:02.0: vgaarb: VGA device added: decodes=io+mem,owns=io+mem,locks=none
[    1.400477] pci 0000:00:02.0: vgaarb: bridge control possible
[    1.400583] vgaarb: loaded
[    1.401639] SCSI subsystem initialized
[    1.402028] libata version 3.00 loaded.
[    1.402028] ACPI: bus type USB registered
[    1.402933] usbcore: registered new interface driver usbfs
[    1.403163] usbcore: registered new interface driver hub
[    1.403381] usbcore: registered new device driver usb
[    1.403709] media: Linux media interface: v0.10
[    1.403884] videodev: Linux video capture interface: v2.00
[    1.404115] pps_core: LinuxPPS API ver. 1 registered
[    1.404216] pps_core: Software ver. 5.3.6 - Copyright 2005-2007 Rodolfo Giometti <giometti@linux.it>
[    1.404428] PTP clock support registered
[    1.405772] EDAC MC: Ver: 3.0.0
[    1.407561] Advanced Linux Sound Architecture Driver Initialized.
[    1.407931] PCI: Using ACPI for IRQ routing
[    1.411904] PCI: pci_cache_line_size set to 64 bytes
[    1.412121] e820: reserve RAM buffer [mem 0x0009f000-0x0009ffff]
[    1.412132] e820: reserve RAM buffer [mem 0xbf6d0000-0xbfffffff]
[    1.413335] Bluetooth: Core ver 2.22
[    1.413545] NET: Registered protocol family 31
[    1.413641] Bluetooth: HCI device and connection manager initialized
[    1.413772] Bluetooth: HCI socket layer initialized
[    1.413879] Bluetooth: L2CAP socket layer initialized
[    1.414020] Bluetooth: SCO socket layer initialized
[    1.415189] clocksource: Switched to clocksource hpet
[    1.415986] pnp: PnP ACPI init
[    1.421473] system 00:00: [mem 0x00000000-0x0009ffff] could not be reserved
[    1.421610] system 00:00: [mem 0x000c0000-0x000c3fff] could not be reserved
[    1.421741] system 00:00: [mem 0x000c4000-0x000c7fff] could not be reserved
[    1.421869] system 00:00: [mem 0x000c8000-0x000cbfff] has been reserved
[    1.421994] system 00:00: [mem 0x000cc000-0x000cffff] has been reserved
[    1.422121] system 00:00: [mem 0x000dc000-0x000dffff] could not be reserved
[    1.422252] system 00:00: [mem 0x000e0000-0x000e3fff] could not be reserved
[    1.422382] system 00:00: [mem 0x000e4000-0x000e7fff] could not be reserved
[    1.422512] system 00:00: [mem 0x000e8000-0x000ebfff] could not be reserved
[    1.422642] system 00:00: [mem 0x000ec000-0x000effff] could not be reserved
[    1.422802] system 00:00: [mem 0x000f0000-0x000fffff] could not be reserved
[    1.422933] system 00:00: [mem 0x00100000-0xbfffffff] could not be reserved
[    1.423063] system 00:00: [mem 0xfec00000-0xfed3ffff] could not be reserved
[    1.423194] system 00:00: [mem 0xfed41000-0xffffffff] could not be reserved
[    1.423405] system 00:00: Plug and Play ACPI device, IDs PNP0c01 (active)
[    1.424325] system 00:01: [io  0x164e-0x164f] has been reserved
[    1.424447] system 00:01: [io  0x1000-0x107f] has been reserved
[    1.424566] system 00:01: [io  0x1180-0x11bf] has been reserved
[    1.424686] system 00:01: [io  0x0800-0x080f] has been reserved
[    1.424804] system 00:01: [io  0x15e0-0x15ef] has been reserved
[    1.424927] system 00:01: [io  0x1600-0x165f] could not be reserved
[    1.425049] system 00:01: [mem 0xf0000000-0xf3ffffff] has been reserved
[    1.425175] system 00:01: [mem 0xfed1c000-0xfed1ffff] has been reserved
[    1.425300] system 00:01: [mem 0xfed14000-0xfed17fff] has been reserved
[    1.425424] system 00:01: [mem 0xfed18000-0xfed18fff] has been reserved
[    1.425551] system 00:01: [mem 0xfed19000-0xfed19fff] has been reserved
[    1.425736] system 00:01: Plug and Play ACPI device, IDs PNP0c02 (active)
[    1.426291] pnp 00:02: Plug and Play ACPI device, IDs PNP0b00 (active)
[    1.426543] pnp 00:03: Plug and Play ACPI device, IDs PNP0303 (active)
[    1.426809] pnp 00:04: Plug and Play ACPI device, IDs IBM3780 PNP0f13 (active)
[    1.428189] pnp 00:05: [dma 3]
[    1.428586] pnp 00:05: Plug and Play ACPI device, IDs IBM0071 PNP0511 (active)
[    1.429009] pnp 00:06: Plug and Play ACPI device, IDs ATM1200 PNP0c31 (active)
[    1.433232] pnp: PnP ACPI: found 7 devices
[    1.488497] clocksource: acpi_pm: mask: 0xffffff max_cycles: 0xffffff, max_idle_ns: 2085701024 ns
[    1.488674] pci 0000:00:1c.0: bridge window [mem 0x00100000-0x000fffff 64bit pref] to [bus 02] add_size 200000 add_align 100000
[    1.488746] pci 0000:00:1c.0: BAR 9: assigned [mem 0xc0000000-0xc01fffff 64bit pref]
[    1.488878] pci 0000:00:1c.0: PCI bridge to [bus 02]
[    1.488983] pci 0000:00:1c.0:   bridge window [io  0x2000-0x2fff]
[    1.489101] pci 0000:00:1c.0:   bridge window [mem 0xee000000-0xee0fffff]
[    1.489223] pci 0000:00:1c.0:   bridge window [mem 0xc0000000-0xc01fffff 64bit pref]
[    1.489356] pci 0000:00:1c.1: PCI bridge to [bus 03]
[    1.489460] pci 0000:00:1c.1:   bridge window [io  0x3000-0x4fff]
[    1.489578] pci 0000:00:1c.1:   bridge window [mem 0xec000000-0xedffffff]
[    1.489698] pci 0000:00:1c.1:   bridge window [mem 0xe4000000-0xe40fffff 64bit pref]
[    1.489832] pci 0000:00:1c.2: PCI bridge to [bus 04-0b]
[    1.489938] pci 0000:00:1c.2:   bridge window [io  0x5000-0x6fff]
[    1.490055] pci 0000:00:1c.2:   bridge window [mem 0xe8000000-0xe9ffffff]
[    1.490176] pci 0000:00:1c.2:   bridge window [mem 0xe4100000-0xe41fffff 64bit pref]
[    1.490309] pci 0000:00:1c.3: PCI bridge to [bus 0c-13]
[    1.490415] pci 0000:00:1c.3:   bridge window [io  0x7000-0x8fff]
[    1.490532] pci 0000:00:1c.3:   bridge window [mem 0xea000000-0xebffffff]
[    1.490653] pci 0000:00:1c.3:   bridge window [mem 0xe4200000-0xe42fffff 64bit pref]
[    1.490830] pci 0000:15:00.0: BAR 9: assigned [mem 0xe0000000-0xe3ffffff pref]
[    1.490959] pci 0000:15:00.0: BAR 10: assigned [mem 0xc4000000-0xc7ffffff]
[    1.491078] pci 0000:15:00.0: BAR 7: assigned [io  0x9000-0x90ff]
[    1.491191] pci 0000:15:00.0: BAR 8: assigned [io  0x9400-0x94ff]
[    1.491316] pci 0000:15:00.0: CardBus bridge to [bus 16-17]
[    1.491422] pci 0000:15:00.0:   bridge window [io  0x9000-0x90ff]
[    1.491537] pci 0000:15:00.0:   bridge window [io  0x9400-0x94ff]
[    1.491653] pci 0000:15:00.0:   bridge window [mem 0xe0000000-0xe3ffffff pref]
[    1.491777] pci 0000:15:00.0:   bridge window [mem 0xc4000000-0xc7ffffff]
[    1.491898] pci 0000:00:1e.0: PCI bridge to [bus 15-18]
[    1.492005] pci 0000:00:1e.0:   bridge window [io  0x9000-0xcfff]
[    1.492122] pci 0000:00:1e.0:   bridge window [mem 0xe4300000-0xe7ffffff]
[    1.492243] pci 0000:00:1e.0:   bridge window [mem 0xe0000000-0xe3ffffff 64bit pref]
[    1.492377] pci_bus 0000:00: resource 4 [io  0x0000-0x0cf7 window]
[    1.492385] pci_bus 0000:00: resource 5 [io  0x0d00-0xffff window]
[    1.492392] pci_bus 0000:00: resource 6 [mem 0x000a0000-0x000bffff window]
[    1.492400] pci_bus 0000:00: resource 7 [mem 0x000d0000-0x000d3fff window]
[    1.492407] pci_bus 0000:00: resource 8 [mem 0x000d4000-0x000d7fff window]
[    1.492414] pci_bus 0000:00: resource 9 [mem 0x000d8000-0x000dbfff window]
[    1.492421] pci_bus 0000:00: resource 10 [mem 0xc0000000-0xfebfffff window]
[    1.492429] pci_bus 0000:00: resource 11 [mem 0xfed40000-0xfed40fff window]
[    1.492436] pci_bus 0000:02: resource 0 [io  0x2000-0x2fff]
[    1.492444] pci_bus 0000:02: resource 1 [mem 0xee000000-0xee0fffff]
[    1.492451] pci_bus 0000:02: resource 2 [mem 0xc0000000-0xc01fffff 64bit pref]
[    1.492458] pci_bus 0000:03: resource 0 [io  0x3000-0x4fff]
[    1.492466] pci_bus 0000:03: resource 1 [mem 0xec000000-0xedffffff]
[    1.492473] pci_bus 0000:03: resource 2 [mem 0xe4000000-0xe40fffff 64bit pref]
[    1.492480] pci_bus 0000:04: resource 0 [io  0x5000-0x6fff]
[    1.492487] pci_bus 0000:04: resource 1 [mem 0xe8000000-0xe9ffffff]
[    1.492495] pci_bus 0000:04: resource 2 [mem 0xe4100000-0xe41fffff 64bit pref]
[    1.492502] pci_bus 0000:0c: resource 0 [io  0x7000-0x8fff]
[    1.492509] pci_bus 0000:0c: resource 1 [mem 0xea000000-0xebffffff]
[    1.492517] pci_bus 0000:0c: resource 2 [mem 0xe4200000-0xe42fffff 64bit pref]
[    1.492524] pci_bus 0000:15: resource 0 [io  0x9000-0xcfff]
[    1.492531] pci_bus 0000:15: resource 1 [mem 0xe4300000-0xe7ffffff]
[    1.492538] pci_bus 0000:15: resource 2 [mem 0xe0000000-0xe3ffffff 64bit pref]
[    1.492545] pci_bus 0000:15: resource 4 [io  0x0000-0x0cf7 window]
[    1.492553] pci_bus 0000:15: resource 5 [io  0x0d00-0xffff window]
[    1.492560] pci_bus 0000:15: resource 6 [mem 0x000a0000-0x000bffff window]
[    1.492567] pci_bus 0000:15: resource 7 [mem 0x000d0000-0x000d3fff window]
[    1.492574] pci_bus 0000:15: resource 8 [mem 0x000d4000-0x000d7fff window]
[    1.492581] pci_bus 0000:15: resource 9 [mem 0x000d8000-0x000dbfff window]
[    1.492589] pci_bus 0000:15: resource 10 [mem 0xc0000000-0xfebfffff window]
[    1.492596] pci_bus 0000:15: resource 11 [mem 0xfed40000-0xfed40fff window]
[    1.492603] pci_bus 0000:16: resource 0 [io  0x9000-0x90ff]
[    1.492610] pci_bus 0000:16: resource 1 [io  0x9400-0x94ff]
[    1.492618] pci_bus 0000:16: resource 2 [mem 0xe0000000-0xe3ffffff pref]
[    1.492625] pci_bus 0000:16: resource 3 [mem 0xc4000000-0xc7ffffff]
[    1.493406] NET: Registered protocol family 2
[    1.494948] tcp_listen_portaddr_hash hash table entries: 512 (order: 2, 20480 bytes)
[    1.495168] TCP established hash table entries: 8192 (order: 3, 32768 bytes)
[    1.495395] TCP bind hash table entries: 8192 (order: 6, 294912 bytes)
[    1.496338] TCP: Hash tables configured (established 8192 bind 8192)
[    1.497827] UDP hash table entries: 512 (order: 3, 40960 bytes)
[    1.498069] UDP-Lite hash table entries: 512 (order: 3, 40960 bytes)
[    1.498566] NET: Registered protocol family 1
[    1.499782] RPC: Registered named UNIX socket transport module.
[    1.499897] RPC: Registered udp transport module.
[    1.499999] RPC: Registered tcp transport module.
[    1.500101] RPC: Registered tcp NFSv4.1 backchannel transport module.
[    1.501164] pci 0000:00:02.0: Video device with shadowed ROM at [mem 0x000c0000-0x000dffff]
[    1.508341] PCI: CLS mismatch (64 != 32), using 64 bytes
[    1.508559] PCI-DMA: Using software bounce buffering for IO (SWIOTLB)
[    1.508675] software IO TLB: mapped [mem 0x31d00000-0x35d00000] (64MB)
[    1.513538] Initialise system trusted keyrings
[    1.514345] workingset: timestamp_bits=30 max_order=20 bucket_order=0
[    1.517937] Installing knfsd (copyright (C) 1996 okir@monad.swb.de).
[    1.518839] ntfs: driver 2.1.32 [Flags: R/W].
[    1.519339] fuse init (API version 7.29)
[    1.535272] Key type asymmetric registered
[    1.535385] Asymmetric key parser 'x509' registered
[    1.535685] bounce: pool size: 64 pages
[    1.535926] Block layer SCSI generic (bsg) driver version 0.4 loaded (major 249)
[    1.536064] io scheduler mq-deadline registered
[    1.536231] io scheduler bfq registered
[    1.540675] intel_idle: does not run on family 6 model 14
[    1.541353] ACPI: Deprecated procfs I/F for AC is loaded, please retry with CONFIG_ACPI_PROCFS_POWER cleared
[    1.541801] ACPI: AC Adapter [AC] (off-line)
[    1.542493] input: Lid Switch as /devices/LNXSYSTM:00/LNXSYBUS:00/PNP0C0D:00/input/input0
[    1.543000] ACPI: Lid Switch [LID]
[    1.543456] input: Sleep Button as /devices/LNXSYSTM:00/LNXSYBUS:00/PNP0C0E:00/input/input1
[    1.543702] ACPI: Sleep Button [SLPB]
[    1.544235] input: Power Button as /devices/LNXSYSTM:00/LNXPWRBN:00/input/input2
[    1.544450] ACPI: Power Button [PWRF]
[    1.545319] ACPI: Video Device [VID] (multi-head: yes  rom: no  post: no)
[    1.558237] acpi device:01: registered as cooling_device0
[    1.559166] input: Video Bus as /devices/LNXSYSTM:00/LNXSYBUS:00/PNP0A08:00/LNXVIDEO:00/input/input3
[    1.587252] thermal LNXTHERM:00: registered as thermal_zone0
[    1.587368] ACPI: Thermal Zone [THM0] (30 C)
[    1.593751] thermal LNXTHERM:01: registered as thermal_zone1
[    1.593867] ACPI: Thermal Zone [THM1] (28 C)
[    1.595035] Serial: 8250/16550 driver, 4 ports, IRQ sharing disabled
[    1.596402] serial8250: ttyS1 at I/O 0x2f8 (irq = 3, base_baud = 921600) is a NS16550A
[    1.603280] lp: driver loaded but no devices found
[    1.603657] Non-volatile memory driver v1.3
[    1.606017] intel_rng: FWH not detected
[    1.606354] Linux agpgart interface v0.103
[    1.607846] [drm] radeon kernel modesetting enabled.
[    1.609976] pci 0000:00:00.0: Intel 945GM Chipset
[    1.610143] pci 0000:00:00.0: detected gtt size: 262144K total, 262144K mappable
[    1.611260] pci 0000:00:00.0: detected 8192K stolen memory
[    1.611642] [drm] Replacing VGA console driver
[    1.613200] Console: switching to colour dummy device 80x25
[    1.616316] [drm] Supports vblank timestamp caching Rev 2 (21.10.2013).
[    1.616377] [drm] Driver supports precise vblank timestamp query.
[    1.616453] resource sanity check: requesting [mem 0x000c0000-0x000dffff], which spans more than pnp 00:00 [mem 0x000c8000-0x000cbfff]
[    1.616575] caller pci_map_rom+0x75/0x1d0 mapping multiple BARs
[    1.619583] i915 0000:00:02.0: vgaarb: changed VGA decodes: olddecodes=io+mem,decodes=io+mem:owns=io+mem
[    1.634919] battery: ACPI: Deprecated procfs I/F for battery is loaded, please retry with CONFIG_ACPI_PROCFS_POWER cleared
[    1.635061] battery: ACPI: Battery Slot [BAT0] (battery present)
[    1.662927] random: fast init done
[    1.706311] [drm] RC6 disabled, disabling runtime PM support
[    1.706738] [drm] Initialized overlay support.
[    1.709751] [drm] Initialized i915 1.6.0 20190207 for 0000:00:02.0 on minor 0
[    1.711703] usbcore: registered new interface driver udl
[    1.733996] fbcon: inteldrmfb (fb0) is primary device
[    1.737159] loop: module loaded
[    1.777523] ahci 0000:00:1f.2: version 3.0
[    1.778841] ahci 0000:00:1f.2: AHCI 0001.0100 32 slots 4 ports 1.5 Gbps 0x1 impl SATA mode
[    1.778851] ahci 0000:00:1f.2: flags: 64bit ncq pm led clo pio slum part 
[    1.783008] scsi host0: ahci
[    1.784166] scsi host1: ahci
[    1.785222] scsi host2: ahci
[    1.786275] scsi host3: ahci
[    1.786921] ata1: SATA max UDMA/133 abar m1024@0xee444400 port 0xee444500 irq 16
[    1.786926] ata2: DUMMY
[    1.786929] ata3: DUMMY
[    1.786933] ata4: DUMMY
[    1.787224] ata_piix 0000:00:1f.1: version 2.13
[    1.792625] scsi host4: ata_piix
[    1.793656] scsi host5: ata_piix
[    1.794067] ata5: PATA max UDMA/100 cmd 0x1f0 ctl 0x3f6 bmdma 0x1810 irq 14
[    1.794072] ata6: PATA max UDMA/100 cmd 0x170 ctl 0x376 bmdma 0x1818 irq 15
[    1.796560] tun: Universal TUN/TAP device driver, 1.6
[    1.799845] e1000e: Intel(R) PRO/1000 Network Driver - 3.2.6-k
[    1.799848] e1000e: Copyright(c) 1999 - 2015 Intel Corporation.
[    1.799943] e1000e 0000:02:00.0: Disabling ASPM  L1
[    1.799949] e1000e 0000:02:00.0: can't disable ASPM; OS doesn't have ASPM control
[    1.800608] e1000e 0000:02:00.0: Interrupt Throttling Rate (ints/sec) set to dynamic conservative mode
[    1.801429] ata6: port disabled--ignoring
[    1.936132] e1000e 0000:02:00.0 eth0: (PCI Express:2.5GT/s:Width x1) 00:16:d3:25:19:04
[    1.936139] e1000e 0000:02:00.0 eth0: Intel(R) PRO/1000 Network Connection
[    1.936222] e1000e 0000:02:00.0 eth0: MAC: 2, PHY: 2, PBA No: 005302-003
[    1.936718] PPP generic driver version 2.4.2
[    1.937207] PPP BSD Compression module registered
[    1.937212] PPP Deflate Compression module registered
[    1.937217] SLIP: version 0.8.4-NET3.019-NEWTTY (dynamic channels, max=256).
[    1.937220] CSLIP: code copyright 1989 Regents of the University of California.
[    1.937374] iwl3945: Intel(R) PRO/Wireless 3945ABG/BG Network Connection driver for Linux, in-tree:ds
[    1.937376] iwl3945: Copyright(c) 2003-2011 Intel Corporation
[    1.937379] iwl3945: hw_scan is disabled
[    1.937754] iwl3945 0000:03:00.0: can't disable ASPM; OS doesn't have ASPM control
[    1.992910] iwl3945 0000:03:00.0: Tunable channels: 11 802.11bg, 13 802.11a channels
[    1.992917] iwl3945 0000:03:00.0: Detected Intel Wireless WiFi Link 3945ABG
[    1.994488] ieee80211 phy0: Selected rate control algorithm 'iwl-3945-rs'
[    1.996237] Intel(R) Wireless WiFi driver for Linux
[    1.996240] Copyright(c) 2003- 2015 Intel Corporation
[    1.996684] usbcore: registered new interface driver ax88179_178a
[    1.996763] usbcore: registered new interface driver cdc_ether
[    1.996846] usbcore: registered new interface driver net1080
[    1.996923] usbcore: registered new interface driver cdc_subset
[    1.996998] usbcore: registered new interface driver zaurus
[    1.997097] usbcore: registered new interface driver cdc_ncm
[    1.997174] usbcore: registered new interface driver aqc111
[    1.997320] pci 0000:00:1e.0: enabling device (0005 -> 0007)
[    1.997718] yenta_cardbus 0000:15:00.0: CardBus bridge found [17aa:201c]
[    2.107490] ata1: SATA link up 1.5 Gbps (SStatus 113 SControl 300)
[    2.276227] ata1.00: ACPI cmd ef/02:00:00:00:00:a0 (SET FEATURES) succeeded
[    2.276237] ata1.00: ACPI cmd f5/00:00:00:00:00:a0 (SECURITY FREEZE LOCK) filtered out
[    2.276245] ata1.00: ACPI cmd ef/10:03:00:00:00:a0 (SET FEATURES) filtered out
[    2.315569] ata1.00: ATA-9: ST1000LM014-1EJ164, SM11, max UDMA/133
[    2.315576] ata1.00: 1953525168 sectors, multi 16: LBA48 NCQ (depth 32), AA
[    2.360687] ata1.00: ACPI cmd ef/02:00:00:00:00:a0 (SET FEATURES) succeeded
[    2.360696] ata1.00: ACPI cmd f5/00:00:00:00:00:a0 (SECURITY FREEZE LOCK) filtered out
[    2.360704] ata1.00: ACPI cmd ef/10:03:00:00:00:a0 (SET FEATURES) filtered out
[    2.404203] ata1.00: configured for UDMA/133
[    2.406422] Console: switching to colour frame buffer device 102x42
[    2.609675] i915 0000:00:02.0: fb0: inteldrmfb frame buffer device
[    2.615324] scsi 0:0:0:0: Direct-Access     ATA      ST1000LM014-1EJ1 SM11 PQ: 0 ANSI: 5
[    2.621529] sd 0:0:0:0: [sda] 1953525168 512-byte logical blocks: (1.00 TB/932 GiB)
[    2.621869] sd 0:0:0:0: Attached scsi generic sg0 type 0
[    2.625926] sd 0:0:0:0: [sda] 4096-byte physical blocks
[    2.634676] sd 0:0:0:0: [sda] Write Protect is off
[    2.638914] sd 0:0:0:0: [sda] Mode Sense: 00 3a 00 00
[    2.639434] sd 0:0:0:0: [sda] Write cache: enabled, read cache: enabled, doesn't support DPO or FUA
[    2.646861]  sda: sda1 sda2 sda3 sda4
[    2.655441] sd 0:0:0:0: [sda] Attached SCSI disk
[    2.795747] yenta_cardbus 0000:15:00.0: ISA IRQ mask 0x0cb8, PCI irq 16
[    2.800145] yenta_cardbus 0000:15:00.0: Socket status: 30000006
[    2.804438] yenta_cardbus 0000:15:00.0: pcmcia: parent PCI bridge window: [io  0x9000-0xcfff]
[    2.808697] yenta_cardbus 0000:15:00.0: pcmcia: parent PCI bridge window: [mem 0xe4300000-0xe7ffffff]
[    2.812945] pcmcia_socket pcmcia_socket0: cs: memory probe 0xe4300000-0xe7ffffff:
[    2.817208]  excluding 0xe4300000-0xe46cffff
[    2.821500] yenta_cardbus 0000:15:00.0: pcmcia: parent PCI bridge window: [mem 0xe0000000-0xe3ffffff 64bit pref]
[    2.825986] pcmcia_socket pcmcia_socket0: cs: memory probe 0xe0000000-0xe3ffffff:
[    2.830562]  excluding 0xe0000000-0xe3ffffff
[    2.836871] ehci_hcd: USB 2.0 'Enhanced' Host Controller (EHCI) Driver
[    2.841387] ehci-pci: EHCI PCI platform driver
[    2.846849] ehci-pci 0000:00:1d.7: EHCI Host Controller
[    2.852016] ehci-pci 0000:00:1d.7: new USB bus registered, assigned bus number 1
[    2.856890] ehci-pci 0000:00:1d.7: debug port 1
[    2.865715] ehci-pci 0000:00:1d.7: cache line size of 64 is not supported
[    2.865805] ehci-pci 0000:00:1d.7: irq 19, io mem 0xee444000
[    2.882965] ehci-pci 0000:00:1d.7: USB 2.0 started, EHCI 1.00
[    2.888868] usb usb1: New USB device found, idVendor=1d6b, idProduct=0002, bcdDevice= 5.00
[    2.893995] usb usb1: New USB device strings: Mfr=3, Product=2, SerialNumber=1
[    2.899026] usb usb1: Product: EHCI Host Controller
[    2.903969] usb usb1: Manufacturer: Linux 5.0.0-rc7-next-20190222+ ehci_hcd
[    2.908944] usb usb1: SerialNumber: 0000:00:1d.7
[    2.915360] hub 1-0:1.0: USB hub found
[    2.920404] hub 1-0:1.0: 8 ports detected
[    2.928800] ohci_hcd: USB 1.1 'Open' Host Controller (OHCI) Driver
[    2.933583] ohci-pci: OHCI PCI platform driver
[    2.938424] uhci_hcd: USB Universal Host Controller Interface driver
[    2.944130] uhci_hcd 0000:00:1d.0: UHCI Host Controller
[    2.949354] uhci_hcd 0000:00:1d.0: new USB bus registered, assigned bus number 2
[    2.954218] uhci_hcd 0000:00:1d.0: detected 2 ports
[    2.958976] uhci_hcd 0000:00:1d.0: irq 16, io base 0x00001820
[    2.964375] usb usb2: New USB device found, idVendor=1d6b, idProduct=0001, bcdDevice= 5.00
[    2.969171] usb usb2: New USB device strings: Mfr=3, Product=2, SerialNumber=1
[    2.973914] usb usb2: Product: UHCI Host Controller
[    2.978642] usb usb2: Manufacturer: Linux 5.0.0-rc7-next-20190222+ uhci_hcd
[    2.983412] usb usb2: SerialNumber: 0000:00:1d.0
[    2.989074] hub 2-0:1.0: USB hub found
[    2.993842] hub 2-0:1.0: 2 ports detected
[    3.000332] uhci_hcd 0000:00:1d.1: UHCI Host Controller
[    3.005340] uhci_hcd 0000:00:1d.1: new USB bus registered, assigned bus number 3
[    3.009999] uhci_hcd 0000:00:1d.1: detected 2 ports
[    3.014576] uhci_hcd 0000:00:1d.1: irq 17, io base 0x00001840
[    3.019726] usb usb3: New USB device found, idVendor=1d6b, idProduct=0001, bcdDevice= 5.00
[    3.024344] usb usb3: New USB device strings: Mfr=3, Product=2, SerialNumber=1
[    3.028751] usb usb3: Product: UHCI Host Controller
[    3.032980] usb usb3: Manufacturer: Linux 5.0.0-rc7-next-20190222+ uhci_hcd
[    3.037241] usb usb3: SerialNumber: 0000:00:1d.1
[    3.042510] hub 3-0:1.0: USB hub found
[    3.046827] hub 3-0:1.0: 2 ports detected
[    3.053020] uhci_hcd 0000:00:1d.2: UHCI Host Controller
[    3.057557] uhci_hcd 0000:00:1d.2: new USB bus registered, assigned bus number 4
[    3.061755] uhci_hcd 0000:00:1d.2: detected 2 ports
[    3.065965] uhci_hcd 0000:00:1d.2: irq 18, io base 0x00001860
[    3.070838] usb usb4: New USB device found, idVendor=1d6b, idProduct=0001, bcdDevice= 5.00
[    3.075143] usb usb4: New USB device strings: Mfr=3, Product=2, SerialNumber=1
[    3.079352] usb usb4: Product: UHCI Host Controller
[    3.083473] usb usb4: Manufacturer: Linux 5.0.0-rc7-next-20190222+ uhci_hcd
[    3.087667] usb usb4: SerialNumber: 0000:00:1d.2
[    3.092885] hub 4-0:1.0: USB hub found
[    3.097196] hub 4-0:1.0: 2 ports detected
[    3.103352] uhci_hcd 0000:00:1d.3: UHCI Host Controller
[    3.107905] uhci_hcd 0000:00:1d.3: new USB bus registered, assigned bus number 5
[    3.112111] uhci_hcd 0000:00:1d.3: detected 2 ports
[    3.116242] uhci_hcd 0000:00:1d.3: irq 19, io base 0x00001880
[    3.120964] usb usb5: New USB device found, idVendor=1d6b, idProduct=0001, bcdDevice= 5.00
[    3.125200] usb usb5: New USB device strings: Mfr=3, Product=2, SerialNumber=1
[    3.129425] usb usb5: Product: UHCI Host Controller
[    3.133597] usb usb5: Manufacturer: Linux 5.0.0-rc7-next-20190222+ uhci_hcd
[    3.137792] usb usb5: SerialNumber: 0000:00:1d.3
[    3.142973] hub 5-0:1.0: USB hub found
[    3.147170] hub 5-0:1.0: 2 ports detected
[    3.152849] usbcore: registered new interface driver cdc_acm
[    3.156804] cdc_acm: USB Abstract Control Model driver for USB modems and ISDN adapters
[    3.161044] usbcore: registered new interface driver usblp
[    3.165352] usbcore: registered new interface driver usb-storage
[    3.169521] usbcore: registered new interface driver ums-sddr09
[    3.173776] usbcore: registered new interface driver usbserial_generic
[    3.177850] usbserial: USB Serial support registered for generic
[    3.181968] usbcore: registered new interface driver ch341
[    3.185974] usbserial: USB Serial support registered for ch341-uart
[    3.190054] usbcore: registered new interface driver ftdi_sio
[    3.194056] usbserial: USB Serial support registered for FTDI USB Serial Device
[    3.198264] usbcore: registered new interface driver option
[    3.202310] usbserial: USB Serial support registered for GSM modem (1-port)
[    3.206648] usbcore: registered new interface driver pl2303
[    3.210856] usbserial: USB Serial support registered for pl2303
[    3.215126] usbcore: registered new interface driver ti_usb_3410_5052
[    3.219403] usbserial: USB Serial support registered for TI USB 3410 1 port adapter
[    3.223779] usbserial: USB Serial support registered for TI USB 5052 2 port adapter
[    3.228037] ftdi_elan: driver ftdi-elan
[    3.232226] usbcore: registered new interface driver ftdi-elan
[    3.236704] i8042: PNP: PS/2 Controller [PNP0303:KBD,PNP0f13:MOU] at 0x60,0x64 irq 1,12
[    3.250631] serio: i8042 KBD port at 0x60,0x64 irq 1
[    3.254918] serio: i8042 AUX port at 0x60,0x64 irq 12
[    3.260768] mousedev: PS/2 mouse device common for all mice
[    3.267052] input: PC Speaker as /devices/platform/pcspkr/input/input4
[    3.273004] rtc_cmos 00:02: RTC can wake from S4
[    3.277991] rtc_cmos 00:02: registered as rtc0
[    3.282538] rtc_cmos 00:02: alarms up to one month, y3k, 114 bytes nvram, hpet irqs
[    3.287182] usbcore: registered new interface driver uvcvideo
[    3.291557] USB Video Class driver (1.1.1)
[    3.295813] gspca_main: v2.14.0 registered
[    3.300123] usbcore: registered new interface driver sq930x
[    3.306405] device-mapper: ioctl: 4.40.0-ioctl (2019-01-18) initialised: dm-devel@redhat.com
[    3.310877] Bluetooth: HCI UART driver ver 2.3
[    3.315254] Bluetooth: HCI UART protocol H4 registered
[    3.319580] Bluetooth: HCI UART protocol BCSP registered
[    3.319947] input: AT Translated Set 2 keyboard as /devices/platform/i8042/serio0/input/input5
[    3.324088] usbcore: registered new interface driver btusb
[    3.332976] intel_pstate: CPU ID not supported
[    3.337446] sdhci: Secure Digital Host Controller Interface driver
[    3.341915] sdhci: Copyright(c) Pierre Ossman
[    3.346501] sdhci-pci 0000:15:00.2: SDHCI controller found [1180:0822] (rev 18)
[    3.351785] sdhci-pci 0000:15:00.2: Will use DMA mode even though HW doesn't fully claim to support it.
[    3.357454] mmc0 bounce up to 128 segments into one, max segment size 65536 bytes
[    3.362331] sdhci-pci 0000:15:00.2: Will use DMA mode even though HW doesn't fully claim to support it.
[    3.368248] mmc0: SDHCI controller on PCI [0000:15:00.2] using DMA
[    3.373630] hidraw: raw HID events driver (C) Jiri Kosina
[    3.381000] usbcore: registered new interface driver usbhid
[    3.385890] usbhid: USB HID core driver
[    3.392028] thinkpad_acpi: ThinkPad ACPI Extras v0.26
[    3.396889] thinkpad_acpi: http://ibm-acpi.sf.net/
[    3.401624] thinkpad_acpi: ThinkPad BIOS 7BETD8WW (2.19 ), EC 7BHT40WW-1.13
[    3.406407] thinkpad_acpi: Lenovo ThinkPad X60, model 17097HU
[    3.420350] thinkpad_acpi: ACPI backlight control delay disabled
[    3.425771] thinkpad_acpi: radio switch found; radios are enabled
[    3.430591] thinkpad_acpi: This ThinkPad has standard ACPI backlight brightness control, supported by the ACPI video driver
[    3.440229] thinkpad_acpi: Disabling thinkpad-acpi brightness events by default...
[    3.463884] thinkpad_acpi: rfkill switch tpacpi_bluetooth_sw: radio is unblocked
[    3.473244] thinkpad_acpi: warning: userspace override of important firmware LEDs is enabled
[    3.479742] sdhci-pci 0000:15:00.2: Will use DMA mode even though HW doesn't fully claim to support it.
[    3.488739] thinkpad_acpi: Standard ACPI backlight interface available, not loading native one
[    3.494020] thinkpad_acpi: volume: disabled as there is no ALSA support in this kernel
[    3.499422] usb 5-1: new full-speed USB device number 2 using uhci_hcd
[    3.505332] thinkpad_acpi: battery 1 registered (start 0, stop 0)
[    3.505347] battery: new extension: ThinkPad Battery Extension
[    3.516254] input: ThinkPad Extra Buttons as /devices/platform/thinkpad_acpi/input/input8
[    3.527989] snd_hda_intel 0000:00:1b.0: probe_mask set to 0x1 for device 17aa:2010
[    3.534334] usbcore: registered new interface driver snd-usb-audio
[    3.543522] NET: Registered protocol family 17
[    3.544665] sdhci-pci 0000:15:00.2: Will use DMA mode even though HW doesn't fully claim to support it.
[    3.549472] Bluetooth: RFCOMM TTY layer initialized
[    3.560211] Bluetooth: RFCOMM socket layer initialized
[    3.565787] Bluetooth: RFCOMM ver 1.11
[    3.571185] Bluetooth: BNEP (Ethernet Emulation) ver 1.3
[    3.576612] Bluetooth: BNEP filters: protocol multicast
[    3.581953] Bluetooth: BNEP socket layer initialized
[    3.587226] Bluetooth: HIDP (Human Interface Emulation) ver 1.2
[    3.592491] Bluetooth: HIDP socket layer initialized
[    3.598227] microcode: sig=0x6e8, pf=0x20, revision=0x39
[    3.603694] microcode: Microcode Update Driver: v2.2.
[    3.603702] Using IPI No-Shortcut mode
[    3.614109] sdhci-pci 0000:15:00.2: Will use DMA mode even though HW doesn't fully claim to support it.
[    3.620728] Loading compiled-in X.509 certificates
[    3.628298] Key type encrypted registered
[    3.635824] rtc_cmos 00:02: setting system clock to 2019-02-25T17:46:33 UTC (1551116793)
[    3.641072] snd_hda_codec_analog hdaudioC0D0: autoconfig for AD1981: line_outs=1 (0x5/0x0/0x0/0x0/0x0) type:speaker
[    3.641079] snd_hda_codec_analog hdaudioC0D0:    speaker_outs=0 (0x0/0x0/0x0/0x0/0x0)
[    3.641087] snd_hda_codec_analog hdaudioC0D0:    hp_outs=0 (0x0/0x0/0x0/0x0/0x0)
[    3.641092] snd_hda_codec_analog hdaudioC0D0:    mono: mono_out=0x0
[    3.641099] snd_hda_codec_analog hdaudioC0D0:    inputs:
[    3.665389] cfg80211: Loading compiled-in X.509 certificates for regulatory database
[    3.668850] snd_hda_codec_analog hdaudioC0D0:      Mic=0x8
[    3.668857] snd_hda_codec_analog hdaudioC0D0:      CD=0x19
[    3.695294] cfg80211: Loaded X.509 cert 'sforshee: 00b28ddf47aef9cea7'
[    3.698958] platform regulatory.0: Direct firmware load for regulatory.db failed with error -2
[    3.702019] cfg80211: failed to load regulatory.db
[    3.725443] usb 5-1: New USB device found, idVendor=0a5c, idProduct=2110, bcdDevice= 1.00
[    3.729885] sdhci-pci 0000:15:00.2: Will use DMA mode even though HW doesn't fully claim to support it.
[    3.730735] usb 5-1: New USB device strings: Mfr=1, Product=2, SerialNumber=0
[    3.740025] usb 5-1: Product: BCM2045B
[    3.743969] usb 5-1: Manufacturer: Broadcom Corp
[    3.789020] PM: Image not found (code -22)
[    3.789061] ALSA device list:
[    3.793987]   #0: HDA Intel at 0xee240000 irq 17
[    4.054066] psmouse serio1: trackpoint: IBM TrackPoint firmware: 0x0e, buttons: 3/3
[    4.077646] input: TPPS/2 IBM TrackPoint as /devices/platform/i8042/serio1/input/input7
[    4.087815] md: Waiting for all devices to be available before autodetect
[    4.091568] md: If you don't use raid, use raid=noautodetect
[    4.096288] md: Autodetecting RAID arrays.
[    4.099830] md: autorun ...
[    4.102626] md: ... autorun DONE.
[    4.118817] EXT4-fs (sda4): mounted filesystem with ordered data mode. Opts: (null)
[    4.124070] VFS: Mounted root (ext4 filesystem) readonly on device 8:4.
[    4.129830] devtmpfs: mounted
[    4.133448] Freeing unused kernel image memory: 644K
[    4.147000] Write protecting kernel text and read-only data: 17280k
[    4.152247] NX-protecting the kernel data: 8072k
[    4.158907] x86/mm: Checked W+X mappings: passed, no W+X pages found.
[    4.162808] rodata_test: all tests were successful
[    4.166637] x86/mm: Checking user space page tables
[    4.170540] x86/mm: Checked W+X mappings: passed, no W+X pages found.
[    4.173738] Run /sbin/init as init process
[    4.378365] random: systemd: uninitialized urandom read (16 bytes read)
[    4.383919] systemd[1]: systemd 215 running in system mode. (+PAM +AUDIT +SELINUX +IMA +SYSVINIT +LIBCRYPTSETUP +GCRYPT +ACL +XZ -SECCOMP -APPARMOR)
[    4.411106] systemd[1]: Detected architecture 'x86'.
[    4.464240] systemd[1]: Failed to insert module 'ipv6'
[    4.481099] systemd[1]: Set hostname to <amd>.
[    4.558808] usb 5-2: new full-speed USB device number 3 using uhci_hcd
[    4.588037] random: systemd-sysv-ge: uninitialized urandom read (16 bytes read)
[    4.764502] usb 5-2: New USB device found, idVendor=0483, idProduct=2016, bcdDevice= 0.01
[    4.768354] usb 5-2: New USB device strings: Mfr=1, Product=2, SerialNumber=0
[    4.772043] usb 5-2: Product: Biometric Coprocessor
[    4.776730] usb 5-2: Manufacturer: STMicroelectronics
[    4.799956] random: systemd-sysv-ge: uninitialized urandom read (16 bytes read)
[    5.173461] systemd[1]: Binding to IPv6 address not available since kernel does not support IPv6.
[    5.177284] systemd[1]: [/lib/systemd/system/gpsd.socket:6] Failed to parse address value, ignoring: [::1]:2947
[    5.189408] systemd[1]: Starting Forward Password Requests to Wall Directory Watch.
[    5.193903] systemd[1]: Started Forward Password Requests to Wall Directory Watch.
[    5.196797] systemd[1]: Starting Remote File Systems (Pre).
[    5.205556] systemd[1]: Reached target Remote File Systems (Pre).
[    5.571681] systemd-udevd[1893]: starting version 215
[    6.451957] EXT4-fs (sda4): re-mounted. Opts: errors=remount-ro
[    6.775906] e1000e 0000:02:00.0 eth1: renamed from eth0
[    6.805350] systemd-udevd[2429]: renamed network interface eth0 to eth1
[    7.363121] random: crng init done
[    7.366873] random: 7 urandom warning(s) missed due to ratelimiting
[    7.998231] Adding 2097148k swap on /dev/sda1.  Priority:-2 extents:1 across:2097148k 
[    8.132341] EXT4-fs (sda2): mounted filesystem with ordered data mode. Opts: errors=remount-ro
[    8.197941] systemd-journald[1551]: Received request to flush runtime journal from PID 1
[   16.645314] iwl3945 0000:03:00.0: loaded firmware version 15.32.2.9
[   56.817856] wlan0: authenticate with 00:24:d2:5a:8a:04
[   56.820128] wlan0: send auth to 00:24:d2:5a:8a:04 (try 1/3)
[   56.822004] wlan0: authenticated
[   56.822329] iwl3945 0000:03:00.0 wlan0: disabling HE/HT/VHT due to WEP/TKIP use
[   56.823781] wlan0: associate with 00:24:d2:5a:8a:04 (try 1/3)
[   56.826471] wlan0: RX AssocResp from 00:24:d2:5a:8a:04 (capab=0x411 status=0 aid=3)
[   56.829066] wlan0: associated
[  372.841613] perf: interrupt took too long (2503 > 2500), lowering kernel.perf_event_max_sample_rate to 79750
[  426.412661] snd_hda_intel 0000:00:1b.0: IRQ timing workaround is activated for card #0. Suggest a bigger bdl_pos_adj.
[ 1116.379105] perf: interrupt took too long (3135 > 3128), lowering kernel.perf_event_max_sample_rate to 63750
