[    0.000000] Booting Linux on physical CPU 0x0
[    0.000000] Linux version 4.18.0-rc7-next-20180803-dirty (pavel@half) (gcc version 4.7.2 (GCC)) #96 SMP Sun Aug 5 09:54:43 CEST 2018
[    0.000000] CPU: ARMv7 Processor [411fc083] revision 3 (ARMv7), cr=10c5387d
[    0.000000] CPU: PIPT / VIPT nonaliasing data cache, VIPT nonaliasing instruction cache
[    0.000000] OF: fdt: Machine model: Nokia N900
[    0.000000] Memory policy: Data cache writeback
[    0.000000] cma: Reserved 16 MiB at 0x8e800000
[    0.000000] On node 0 totalpages: 65024
[    0.000000]   Normal zone: 508 pages used for memmap
[    0.000000]   Normal zone: 0 pages reserved
[    0.000000]   Normal zone: 65024 pages, LIFO batch:15
[    0.000000] CPU: All CPU(s) started in SVC mode.
[    0.000000] OMAP3430/3530 ES3.1 (l2cache iva sgx neon isp)
[    0.000000] random: get_random_bytes called from start_kernel+0x74/0x38c with crng_init=0
[    0.000000] percpu: Embedded 16 pages/cpu @(ptrval) s36032 r8192 d21312 u65536
[    0.000000] pcpu-alloc: s36032 r8192 d21312 u65536 alloc=16*4096
[    0.000000] pcpu-alloc: [0] 0 
[    0.000000] Built 1 zonelists, mobility grouping on.  Total pages: 64516
[    0.000000] Kernel command line: root=/dev/mmcblk0p4 console=ttyO2,115200 console=tty1 rootwait no-omap-wd no-ext-wd
[    0.000000] Dentry cache hash table entries: 32768 (order: 5, 131072 bytes)
[    0.000000] Inode-cache hash table entries: 16384 (order: 4, 65536 bytes)
[    0.000000] Memory: 227012K/260096K available (8192K kernel code, 401K rwdata, 2876K rodata, 1024K init, 329K bss, 16700K reserved, 16384K cma-reserved, 0K highmem)
[    0.000000] Virtual kernel memory layout:
[    0.000000]     vector  : 0xffff0000 - 0xffff1000   (   4 kB)
[    0.000000]     fixmap  : 0xffc00000 - 0xfff00000   (3072 kB)
[    0.000000]     vmalloc : 0xd0000000 - 0xff800000   ( 760 MB)
[    0.000000]     lowmem  : 0xc0000000 - 0xcfe00000   ( 254 MB)
[    0.000000]     pkmap   : 0xbfe00000 - 0xc0000000   (   2 MB)
[    0.000000]     modules : 0xbf000000 - 0xbfe00000   (  14 MB)
[    0.000000]       .text : 0x(ptrval) - 0x(ptrval)   (9184 kB)
[    0.000000]       .init : 0x(ptrval) - 0x(ptrval)   (1024 kB)
[    0.000000]       .data : 0x(ptrval) - 0x(ptrval)   ( 402 kB)
[    0.000000]        .bss : 0x(ptrval) - 0x(ptrval)   ( 330 kB)
[    0.000000] rcu: Hierarchical RCU implementation.
[    0.000000] rcu: 	RCU restricting CPUs from NR_CPUS=2 to nr_cpu_ids=1.
[    0.000000] rcu: Adjusting geometry for rcu_fanout_leaf=16, nr_cpu_ids=1
[    0.000000] NR_IRQS: 16, nr_irqs: 16, preallocated irqs: 16
[    0.000000] IRQ: Found an INTC at 0x(ptrval) (revision 4.0) with 96 interrupts
[    0.000000] Clocking rate (Crystal/Core/MPU): 19.2/332/500 MHz
[    0.000000] OMAP clockevent source: timer1 at 32768 Hz
[    0.000000] clocksource: 32k_counter: mask: 0xffffffff max_cycles: 0xffffffff, max_idle_ns: 58327039986419 ns
[    0.000000] sched_clock: 32 bits at 32kHz, resolution 30517ns, wraps every 65535999984741ns
[    0.000030] OMAP clocksource: 32k_counter at 32768 Hz
[    0.001281] Console: colour dummy device 80x30
[    0.002075] console [tty1] enabled
[    0.002105] WARNING: Your 'console=ttyO2' has been replaced by 'ttyS2'
[    0.002166] This ensures that you still see kernel messages. Please
[    0.002197] update your kernel commandline.
[    0.002258] Calibrating delay loop... 496.43 BogoMIPS (lpj=2482176)
[    0.047851] pid_max: default: 32768 minimum: 301
[    0.048095] Security Framework initialized
[    0.048278] Mount-cache hash table entries: 1024 (order: 0, 4096 bytes)
[    0.048339] Mountpoint-cache hash table entries: 1024 (order: 0, 4096 bytes)
[    0.049835] CPU: Testing write buffer coherency: ok
[    0.049987] CPU0: Spectre v2: firmware did not set auxiliary control register IBE bit, system vulnerable
[    0.050537] CPU0: thread -1, cpu 0, socket -1, mpidr 0
[    0.052124] Setting up static identity map for 0x80100000 - 0x80100078
[    0.052520] rcu: Hierarchical SRCU implementation.
[    0.053802] smp: Bringing up secondary CPUs ...
[    0.053863] smp: Brought up 1 node, 1 CPU
[    0.053894] SMP: Total of 1 processors activated (496.43 BogoMIPS).
[    0.053955] CPU: All CPU(s) started in SVC mode.
[    0.057556] devtmpfs: initialized
[    0.097351] VFP support v0.3: implementor 41 architecture 3 part 30 variant c rev 1
[    0.098114] clocksource: jiffies: mask: 0xffffffff max_cycles: 0xffffffff, max_idle_ns: 19112604462750000 ns
[    0.098205] futex hash table entries: 256 (order: 2, 16384 bytes)
[    0.099884] pinctrl core: initialized pinctrl subsystem
[    0.102355] NET: Registered protocol family 16
[    0.108764] DMA: preallocated 256 KiB pool for atomic coherent allocations
[    0.150817] omap_hwmod: mcbsp2_sidetone using broken dt data from mcbsp
[    0.152160] omap_hwmod: mcbsp3_sidetone using broken dt data from mcbsp
[    0.212921] cpuidle: using governor menu
[    0.213684] Reprogramming SDRC clock to 332000000 Hz
[    0.221343] gpio gpiochip0: (gpio-0-31): added GPIO chardev (254:0)
[    0.221527] gpiochip_setup_dev: registered GPIOs 0 to 31 on device: gpiochip0 (gpio-0-31)
[    0.221618] OMAP GPIO hardware version 2.5
[    0.223052] gpio gpiochip1: (gpio-32-63): added GPIO chardev (254:1)
[    0.223236] gpiochip_setup_dev: registered GPIOs 32 to 63 on device: gpiochip1 (gpio-32-63)
[    0.224578] gpio gpiochip2: (gpio-64-95): added GPIO chardev (254:2)
[    0.224731] gpiochip_setup_dev: registered GPIOs 64 to 95 on device: gpiochip2 (gpio-64-95)
[    0.226074] gpio gpiochip3: (gpio-96-127): added GPIO chardev (254:3)
[    0.226257] gpiochip_setup_dev: registered GPIOs 96 to 127 on device: gpiochip3 (gpio-96-127)
[    0.227661] gpio gpiochip4: (gpio-128-159): added GPIO chardev (254:4)
[    0.227874] gpiochip_setup_dev: registered GPIOs 128 to 159 on device: gpiochip4 (gpio-128-159)
[    0.229217] gpio gpiochip5: (gpio-160-191): added GPIO chardev (254:5)
[    0.229400] gpiochip_setup_dev: registered GPIOs 160 to 191 on device: gpiochip5 (gpio-160-191)
[    0.249481] RX-51: Enabling ARM errata 430973 workaround
[    0.251342] RX-51: Registering OMAP3 HWRNG device
[    0.253906] omap4_sram_init:Unable to allocate sram needed to handle errata I688
[    0.253967] omap4_sram_init:Unable to get sram pool needed to handle errata I688
[    0.255035] Reserving DMA channels 0 and 1 for HS ROM code
[    0.255096] OMAP DMA hardware revision 4.0
[    0.295532] omap-dma-engine 48056000.dma-controller: OMAP DMA engine driver
[    0.301696] omap-iommu 480bd400.mmu: 480bd400.mmu registered
[    0.302429] iommu: Adding device 480bc000.isp to group 0
[    0.305603] SCSI subsystem initialized
[    0.306152] usbcore: registered new interface driver usbfs
[    0.306304] usbcore: registered new interface driver hub
[    0.306488] usbcore: registered new device driver usb
[    0.308105] media: Linux media interface: v0.10
[    0.308227] videodev: Linux video capture interface: v2.00
[    0.308502] pps_core: LinuxPPS API ver. 1 registered
[    0.308563] pps_core: Software ver. 5.3.6 - Copyright 2005-2007 Rodolfo Giometti <giometti@linux.it>
[    0.308654] PTP clock support registered
[    0.309570] omap-mailbox 48094000.mailbox: omap mailbox rev 0x40
[    0.310333] Advanced Linux Sound Architecture Driver Initialized.
[    0.311370] Bluetooth: Core ver 2.22
[    0.311523] NET: Registered protocol family 31
[    0.311553] Bluetooth: HCI device and connection manager initialized
[    0.311614] Bluetooth: HCI socket layer initialized
[    0.311676] Bluetooth: L2CAP socket layer initialized
[    0.311767] Bluetooth: SCO socket layer initialized
[    0.313537] clocksource: Switched to clocksource 32k_counter
[    0.336700] NET: Registered protocol family 2
[    0.338043] tcp_listen_portaddr_hash hash table entries: 256 (order: 0, 6144 bytes)
[    0.338134] TCP established hash table entries: 2048 (order: 1, 8192 bytes)
[    0.338226] TCP bind hash table entries: 2048 (order: 3, 40960 bytes)
[    0.338378] TCP: Hash tables configured (established 2048 bind 2048)
[    0.338592] UDP hash table entries: 256 (order: 1, 12288 bytes)
[    0.338684] UDP-Lite hash table entries: 256 (order: 1, 12288 bytes)
[    0.339019] NET: Registered protocol family 1
[    0.340393] RPC: Registered named UNIX socket transport module.
[    0.340454] RPC: Registered udp transport module.
[    0.340484] RPC: Registered tcp transport module.
[    0.340515] RPC: Registered tcp NFSv4.1 backchannel transport module.
[    0.349060] Initialise system trusted keyrings
[    0.349945] workingset: timestamp_bits=31 max_order=16 bucket_order=0
[    0.351745] NFS: Registering the id_resolver key type
[    0.351837] Key type id_resolver registered
[    0.351898] Key type id_legacy registered
[    0.359802] jitterentropy: Initialization failed with host not compliant with requirements: 2
[    0.360473] Key type asymmetric registered
[    0.360534] Asymmetric key parser 'x509' registered
[    0.360595] io scheduler noop registered
[    0.360626] io scheduler deadline registered
[    0.360778] io scheduler cfq registered (default)
[    0.360839] io scheduler mq-deadline registered
[    0.362609] ti-sysc 480cb024.target-module: sysc_flags 00000100 != 00000110
[    0.364227] ti-sysc 480c9024.target-module: sysc_flags 00000100 != 00000110
[    0.368560] pinctrl-single 48002030.pinmux: 284 pins, size 568
[    0.369323] pinctrl-single 48002a00.pinmux: 46 pins, size 92
[    0.370208] pinctrl-single 480025d8.pinmux: 18 pins, size 36
[    0.371063] omap-dmtimer-pwm dmtimer-pwm: dmtimer pdata structure NULL
[    0.371154] omap-dmtimer-pwm: probe of dmtimer-pwm failed with error -22
[    0.376190] Serial: 8250/16550 driver, 4 ports, IRQ sharing enabled
[    0.380737] 4806c000.serial: ttyS1 at MMIO 0x4806c000 (irq = 89, base_baud = 3000000) is a 8250
[    0.381164] serial serial0: tty port ttyS1 registered
[    0.382354] 49020000.serial: ttyS2 at MMIO 0x49020000 (irq = 90, base_baud = 3000000) is a 8250
[    1.155090] console [ttyS2] enabled
[    1.162506] omap3_rom_rng: initializing
[    1.166687] omap3_rom_rng: unable to get RNG clock
[    1.171569] omap3-rom-rng: probe of omap3-rom-rng failed with error -2
[    1.179229] omapdss_dss 48050000.dss: 48050000.dss supply vdda_video not found, using dummy regulator
[    1.188842] omapdss_dss 48050000.dss: Linked as a consumer to regulator.0
[    1.195892] DSS: OMAP DSS rev 2.0
[    1.201812] omapdss_dss 48050000.dss: bound 48050400.dispc (ops dispc_component_ops)
[    1.210144] omapdss_dss 48050000.dss: bound 48050c00.encoder (ops venc_component_ops)
[    1.222259] Error: Driver 'tfp410' is already registered, aborting...
[    1.256774] brd: module loaded
[    1.279815] loop: module loaded
[    1.285522] mtdoops: mtd device (mtddev=name/number) must be supplied
[    1.296051] of_get_named_gpiod_flags: parsed 'reset-gpios' property of node '/ocp@68000000/spi@48098000/acx565akm@2[0]' - status (0)
[    1.306640] acx565akm spi0.2: omapfb: acx565akm rev ab LCD detected
[    1.319610] omap_ssi 48058000.ssi-controller: ssi controller 0 initialized (1 ports)!
[    1.328582] omap_ssi_port 4805a000.ssi-port: GPIO lookup for consumer ti,ssi-cawake
[    1.328613] omap_ssi_port 4805a000.ssi-port: using device tree for GPIO lookup
[    1.328643] of_get_named_gpiod_flags: can't parse 'ti,ssi-cawake-gpios' property of node '/ocp@68000000/ssi-controller@48058000/ssi-port@4805a000[0]'
[    1.328704] of_get_named_gpiod_flags: parsed 'ti,ssi-cawake-gpio' property of node '/ocp@68000000/ssi-controller@48058000/ssi-port@4805a000[0]' - status (0)
[    1.328796] gpio gpiochip4: Persistence not supported for GPIO 23
[    1.330535] omap_ssi_port 4805a000.ssi-port: ssi port 0 successfully initialized
[    1.338836] nokia-modem n900-modem: GPIO lookup for consumer (null)
[    1.338836] nokia-modem n900-modem: using device tree for GPIO lookup
[    1.338897] of_get_named_gpiod_flags: parsed 'gpios' property of node '/ocp@68000000/ssi-controller@48058000/ssi-port@4805a000/hsi-client[0]' - status (0)
[    1.338928] gpio gpiochip2: Persistence not supported for GPIO 6
[    1.339233] nokia-modem n900-modem: GPIO lookup for consumer (null)
[    1.339263] nokia-modem n900-modem: using device tree for GPIO lookup
[    1.339324] of_get_named_gpiod_flags: parsed 'gpios' property of node '/ocp@68000000/ssi-controller@48058000/ssi-port@4805a000/hsi-client[1]' - status (0)
[    1.339355] gpio gpiochip2: Persistence not supported for GPIO 9
[    1.339630] nokia-modem n900-modem: GPIO lookup for consumer (null)
[    1.339630] nokia-modem n900-modem: using device tree for GPIO lookup
[    1.339691] of_get_named_gpiod_flags: parsed 'gpios' property of node '/ocp@68000000/ssi-controller@48058000/ssi-port@4805a000/hsi-client[2]' - status (0)
[    1.339721] gpio gpiochip2: Persistence not supported for GPIO 10
[    1.339965] nokia-modem n900-modem: GPIO lookup for consumer (null)
[    1.339996] nokia-modem n900-modem: using device tree for GPIO lookup
[    1.340057] of_get_named_gpiod_flags: parsed 'gpios' property of node '/ocp@68000000/ssi-controller@48058000/ssi-port@4805a000/hsi-client[3]' - status (0)
[    1.340087] gpio gpiochip2: Persistence not supported for GPIO 11
[    1.340332] nokia-modem n900-modem: GPIO lookup for consumer (null)
[    1.340362] nokia-modem n900-modem: using device tree for GPIO lookup
[    1.340423] of_get_named_gpiod_flags: parsed 'gpios' property of node '/ocp@68000000/ssi-controller@48058000/ssi-port@4805a000/hsi-client[4]' - status (0)
[    1.340454] gpio gpiochip4: Persistence not supported for GPIO 29
[    1.341918] SSI protocol aka McSAAB added
[    1.346221] CMT speech driver added
[    1.350006] HSI/SSI char device loaded
[    1.354370] mdio_bus fixed-0: GPIO lookup for consumer reset
[    1.354370] mdio_bus fixed-0: using lookup tables for GPIO lookup
[    1.354400] mdio_bus fixed-0: No GPIO consumer reset found
[    1.354431] libphy: Fixed MDIO Bus: probed
[    1.359558] of_get_named_gpiod_flags: parsed 'ti,power-gpio' property of node '/ocp@68000000/spi@480ba000/wl1251@0[0]' - status (0)
[    1.359741] wl1251: ERROR vio regulator missing: -517
[    1.365295] usbcore: registered new interface driver qmi_wwan
[    1.371124] ohci_hcd: USB 1.1 'Open' Host Controller (OHCI) Driver
[    1.377502] ohci-platform: OHCI generic platform driver
[    1.383544] ohci-platform 48064400.ohci: Generic Platform OHCI controller
[    1.390563] ohci-platform 48064400.ohci: new USB bus registered, assigned bus number 1
[    1.399383] ohci-platform 48064400.ohci: irq 92, io mem 0x48064400
[    1.495574] hub 1-0:1.0: USB hub found
[    1.499511] hub 1-0:1.0: 3 ports detected
[    1.505218] usbcore: registered new interface driver cdc_wdm
[    1.511199] usbcore: registered new interface driver qcserial
[    1.517211] usbserial: USB Serial support registered for Qualcomm USB modem
[    1.526153] udc-core: couldn't find an available UDC - added [g_ether] to list of pending drivers
[    1.536102] mousedev: PS/2 mouse device common for all mice
[    1.543273] tsc2005 spi0.0: GPIO lookup for consumer reset
[    1.543273] tsc2005 spi0.0: using device tree for GPIO lookup
[    1.543365] of_get_named_gpiod_flags: parsed 'reset-gpios' property of node '/ocp@68000000/spi@48098000/tsc2005@0[0]' - status (0)
[    1.543395] gpio gpiochip3: Persistence not supported for GPIO 8
[    1.543426] tsc2005 spi0.0: error acquiring vio regulator: -517
[    1.551757] i2c /dev entries driver
[    1.560485] ti-soc-thermal 48002524.bandgap: This OMAP thermal sensor is unreliable. You've been warned
[    1.570159] ti-soc-thermal 48002524.bandgap: Non-trimmed BGAP, Temp not accurate
[    1.580078] omap_wdt: OMAP Watchdog Timer Rev 0x31: initial timeout 60 sec
[    1.587890] Bluetooth: HCI UART driver ver 2.3
[    1.592407] Bluetooth: HCI UART protocol H4 registered
[    1.597778] Bluetooth: HCI UART protocol LL registered
[    1.603240] Bluetooth: HCI UART protocol Broadcom registered
[    1.611083] omap_hsmmc 4809c000.mmc: GPIO lookup for consumer cd
[    1.611083] omap_hsmmc 4809c000.mmc: using device tree for GPIO lookup
[    1.611145] of_get_named_gpiod_flags: parsed 'cd-gpios' property of node '/ocp@68000000/mmc@4809c000[0]' - status (0)
[    1.611267] gpio gpiochip5: Persistence not supported for GPIO 0
[    1.611297] omap_hsmmc 4809c000.mmc: Got CD GPIO
[    1.616088] omap_hsmmc 4809c000.mmc: GPIO lookup for consumer wp
[    1.616119] omap_hsmmc 4809c000.mmc: using device tree for GPIO lookup
[    1.616149] of_get_named_gpiod_flags: can't parse 'wp-gpios' property of node '/ocp@68000000/mmc@4809c000[0]'
[    1.616180] of_get_named_gpiod_flags: can't parse 'wp-gpio' property of node '/ocp@68000000/mmc@4809c000[0]'
[    1.616210] omap_hsmmc 4809c000.mmc: using lookup tables for GPIO lookup
[    1.616210] omap_hsmmc 4809c000.mmc: No GPIO consumer wp found
[    1.618957] omap_hsmmc 480b4000.mmc: GPIO lookup for consumer wp
[    1.618988] omap_hsmmc 480b4000.mmc: using device tree for GPIO lookup
[    1.619018] of_get_named_gpiod_flags: can't parse 'wp-gpios' property of node '/ocp@68000000/mmc@480b4000[0]'
[    1.619049] of_get_named_gpiod_flags: can't parse 'wp-gpio' property of node '/ocp@68000000/mmc@480b4000[0]'
[    1.619079] omap_hsmmc 480b4000.mmc: using lookup tables for GPIO lookup
[    1.619079] omap_hsmmc 480b4000.mmc: No GPIO consumer wp found
[    1.621276] of_get_named_gpiod_flags: parsed 'gpios' property of node '/leds/heartbeat[0]' - status (0)
[    1.621368] gpio gpiochip5: Persistence not supported for GPIO 2
[    1.621398] no flags found for gpios
[    1.622039] ledtrig-cpu: registered to indicate activity on CPUs
[    1.639099] rx51-audio n900-audio: GPIO lookup for consumer tvout-selection
[    1.639129] rx51-audio n900-audio: using device tree for GPIO lookup
[    1.639190] of_get_named_gpiod_flags: parsed 'tvout-selection-gpios' property of node '/n900-audio[0]' - status (0)
[    1.639221] gpio gpiochip1: Persistence not supported for GPIO 8
[    1.639251] rx51-audio n900-audio: GPIO lookup for consumer jack-detection
[    1.639251] rx51-audio n900-audio: using device tree for GPIO lookup
[    1.639312] of_get_named_gpiod_flags: parsed 'jack-detection-gpios' property of node '/n900-audio[0]' - status (0)
[    1.639343] gpio gpiochip5: Persistence not supported for GPIO 17
[    1.639343] no flags found for jack-detection
[    1.639373] rx51-audio n900-audio: GPIO lookup for consumer eci-switch
[    1.639373] rx51-audio n900-audio: using device tree for GPIO lookup
[    1.639404] of_get_named_gpiod_flags: parsed 'eci-switch-gpios' property of node '/n900-audio[0]' - status (0)
[    1.639434] gpio gpiochip5: Persistence not supported for GPIO 22
[    1.639465] rx51-audio n900-audio: GPIO lookup for consumer speaker-amplifier
[    1.639465] rx51-audio n900-audio: using device tree for GPIO lookup
[    1.639495] rx51-audio n900-audio: No GPIO consumer speaker-amplifier found
[    1.639526] rx51-audio n900-audio: could not get speaker enable gpio
[    1.649200] Initializing XFRM netlink socket
[    1.653717] NET: Registered protocol family 17
[    1.658264] NET: Registered protocol family 15
[    1.663208] Bluetooth: RFCOMM TTY layer initialized
[    1.668304] Bluetooth: RFCOMM socket layer initialized
[    1.673614] Bluetooth: RFCOMM ver 1.11
[    1.677459] Bluetooth: BNEP (Ethernet Emulation) ver 1.3
[    1.682830] Bluetooth: BNEP filters: protocol multicast
[    1.688171] Bluetooth: BNEP socket layer initialized
[    1.693206] Bluetooth: HIDP (Human Interface Emulation) ver 1.2
[    1.699249] Bluetooth: HIDP socket layer initialized
[    1.704498] NET: Registered protocol family 35
[    1.709106] Key type dns_resolver registered
[    1.713806] ThumbEE CPU extension supported.
[    1.718170] Registering SWP/SWPB emulation handler
[    1.723083] omap2_set_init_voltage: unable to find boot up OPP for vdd_mpu_iva
[    1.730468] omap2_set_init_voltage: unable to set vdd_mpu_iva
[    1.736358] omap2_set_init_voltage: unable to find boot up OPP for vdd_core
[    1.743377] omap2_set_init_voltage: unable to set vdd_core
[    1.752441] SmartReflex Class3 initialized
[    1.758300] Loading compiled-in X.509 certificates
[    1.811035] omap-gpmc 6e000000.gpmc: GPMC revision 5.0
[    1.816467] gpmc_mem_init: disabling cs 0 mapped at 0x0-0x1000000
[    1.822692] gpiochip_find_base: found new base at 508
[    1.823242] gpio gpiochip6: (omap-gpmc): added GPIO chardev (254:6)
[    1.823455] gpiochip_setup_dev: registered GPIOs 508 to 511 on device: gpiochip6 (omap-gpmc)
[    1.825012] omap2-onenand 1000000.onenand: GPIO lookup for consumer int
[    1.825012] omap2-onenand 1000000.onenand: using device tree for GPIO lookup
[    1.825073] of_get_named_gpiod_flags: can't parse 'int-gpios' property of node '/ocp@68000000/gpmc@6e000000/onenand@0,0[0]'
[    1.825103] of_get_named_gpiod_flags: can't parse 'int-gpio' property of node '/ocp@68000000/gpmc@6e000000/onenand@0,0[0]'
[    1.825134] omap2-onenand 1000000.onenand: using lookup tables for GPIO lookup
[    1.825134] omap2-onenand 1000000.onenand: No GPIO consumer int found
[    1.825195] omap2-onenand 1000000.onenand: initializing on CS0 (0x01000000), va (ptrval), DMA mode
[    1.834411] OneNAND Manufacturer: Unknown (0xa0)
[    1.840850] Skipping twl internal clock init and using bootloader value (unknown osc rate)
[    1.854675] twl 1-0048: PIH (irq 23) chaining IRQs 155..163
[    1.860504] twl 1-0048: power (irq 160) chaining IRQs 163..170
[    1.869293] twl_rtc 48070000.i2c:twl@48:rtc: Enabling TWL-RTC
[    1.875366] random: fast init done
[    1.881835] twl_rtc 48070000.i2c:twl@48:rtc: rtc core: registered 48070000.i2c:twl@48:rtc as rtc0
[    1.922576] V28_A: Bringing 2600000uV into 2800000-2800000uV
[    1.946594] twl4030_gpio twl4030-gpio: gpio (irq 155) chaining IRQs 171..188
[    1.954254] gpiochip_find_base: found new base at 490
[    1.954742] gpio gpiochip7: (twl4030): added GPIO chardev (254:7)
[    1.954925] gpiochip_setup_dev: registered GPIOs 490 to 507 on device: gpiochip7 (twl4030)
[    1.956573] twl4030_usb 48070000.i2c:twl@48:twl4030-usb: Linked as a consumer to regulator.16
[    1.965820] twl4030_usb 48070000.i2c:twl@48:twl4030-usb: Linked as a consumer to regulator.14
[    1.974945] twl4030_usb 48070000.i2c:twl@48:twl4030-usb: Linked as a consumer to regulator.15
[    2.054809] twl4030_usb 48070000.i2c:twl@48:twl4030-usb: Initialized TWL4030 USB module
[    2.067291] input: twl4030_pwrbutton as /devices/platform/68000000.ocp/48070000.i2c/i2c-1/1-0048/48070000.i2c:twl@48:pwrbutton/input/input1
[    2.082061] input: TWL4030 Keypad as /devices/platform/68000000.ocp/48070000.i2c/i2c-1/1-0048/48070000.i2c:twl@48:keypad/input/input2
[    2.100524] twl4030_madc 48070000.i2c:twl@48:madc: 48070000.i2c:twl@48:madc supply vusb3v1 not found, using dummy regulator
[    2.112121] twl4030_madc 48070000.i2c:twl@48:madc: Linked as a consumer to regulator.0
[    2.123687] input: twl4030:vibrator as /devices/platform/68000000.ocp/48070000.i2c/i2c-1/1-0048/48070000.i2c:twl@48:audio/twl4030-vibra/input/input3
[    2.180847] omap_i2c 48070000.i2c: bus 1 rev3.3 at 2200 kHz
[    2.189605] of_get_named_gpiod_flags: parsed 'reset-gpios' property of node '/ocp@68000000/i2c@48072000/tlv320aic3x@18[0]' - status (0)
[    2.189819] tlv320aic3x-codec 2-0018: Linked as a consumer to regulator.8
[    2.197479] tlv320aic3x-codec 2-0018: Linked as a consumer to regulator.13
[    2.206359] of_get_named_gpiod_flags: parsed 'reset-gpios' property of node '/ocp@68000000/i2c@48072000/tlv320aic3x@19[0]' - status (0)
[    2.206542] tlv320aic3x-codec 2-0019: Linked as a consumer to regulator.8
[    2.214080] tlv320aic3x-codec 2-0019: Linked as a consumer to regulator.13
[    2.224853] tsl2563 2-0029: model 7, rev. 0
[    2.234222] of_get_named_gpiod_flags: parsed 'enable-gpio' property of node '/ocp@68000000/i2c@48072000/lp5523@32[0]' - status (0)
[    3.283905] omap_i2c 48072000.i2c: controller timed out
[    3.417480] lp5523x 2-0032: lp5523 Programmable led chip found
[    3.429840] power_supply bq27200-0: Not all required supplies found, defer probe
[    3.437438] bq27xxx-battery 2-0055: failed to register battery
[    3.444366] of_get_named_gpiod_flags: parsed 'power-gpio' property of node '/ocp@68000000/i2c@48072000/tpa6130a2@60[0]' - status (0)
[    3.445037] tpa6130a2 2-0060: Linked as a consumer to regulator.13
[    3.470428] bq2415x-charger 2-006b: automode supported, waiting for events
[    3.478698] bq2415x-charger 2-006b: driver registered
[    3.484069] omap_i2c 48072000.i2c: bus 2 rev3.3 at 100 kHz
[    3.493255] lis3lv02d_i2c 3-001d: Linked as a consumer to regulator.2
[    3.500152] lis3lv02d_i2c 3-001d: Linked as a consumer to regulator.8
[    3.527862] lis3lv02d: 8 bits sensor found
[    3.604339] input: ST LIS3LV02DL Accelerometer as /devices/platform/lis3lv02d/input/input4
[    3.619354] et8ek8 3-003e: GPIO lookup for consumer reset
[    3.619384] et8ek8 3-003e: using device tree for GPIO lookup
[    3.619415] of_get_named_gpiod_flags: can't parse 'reset-gpios' property of node '/ocp@68000000/i2c@48060000/camera@3e[0]'
[    3.619476] of_get_named_gpiod_flags: parsed 'reset-gpio' property of node '/ocp@68000000/i2c@48060000/camera@3e[0]' - status (0)
[    3.619506] gpio gpiochip3: Persistence not supported for GPIO 6
[    3.619750] et8ek8 3-003e: Linked as a consumer to regulator.5
[    3.625854] et8ek8 3-003e: could not get clock
[    3.630523] et8ek8 3-003e: Dropping the link to regulator.5
[    3.637084] ad5820 3-000c: Linked as a consumer to regulator.5
[    3.643127] omap_i2c 48060000.i2c: bus 3 rev3.3 at 400 kHz
[    3.649230] nokia-modem n900-modem: GPIO lookup for consumer (null)
[    3.649261] nokia-modem n900-modem: using device tree for GPIO lookup
[    3.649322] of_get_named_gpiod_flags: parsed 'gpios' property of node '/ocp@68000000/ssi-controller@48058000/ssi-port@4805a000/hsi-client[0]' - status (0)
[    3.649353] gpio gpiochip2: Persistence not supported for GPIO 6
[    3.649597] nokia-modem n900-modem: GPIO lookup for consumer (null)
[    3.649627] nokia-modem n900-modem: using device tree for GPIO lookup
[    3.649688] of_get_named_gpiod_flags: parsed 'gpios' property of node '/ocp@68000000/ssi-controller@48058000/ssi-port@4805a000/hsi-client[1]' - status (0)
[    3.649719] gpio gpiochip2: Persistence not supported for GPIO 9
[    3.649902] nokia-modem n900-modem: GPIO lookup for consumer (null)
[    3.649902] nokia-modem n900-modem: using device tree for GPIO lookup
[    3.649963] of_get_named_gpiod_flags: parsed 'gpios' property of node '/ocp@68000000/ssi-controller@48058000/ssi-port@4805a000/hsi-client[2]' - status (0)
[    3.649993] gpio gpiochip2: Persistence not supported for GPIO 10
[    3.650177] nokia-modem n900-modem: GPIO lookup for consumer (null)
[    3.650207] nokia-modem n900-modem: using device tree for GPIO lookup
[    3.650238] of_get_named_gpiod_flags: parsed 'gpios' property of node '/ocp@68000000/ssi-controller@48058000/ssi-port@4805a000/hsi-client[3]' - status (0)
[    3.650268] gpio gpiochip2: Persistence not supported for GPIO 11
[    3.650482] nokia-modem n900-modem: GPIO lookup for consumer (null)
[    3.650482] nokia-modem n900-modem: using device tree for GPIO lookup
[    3.650543] of_get_named_gpiod_flags: parsed 'gpios' property of node '/ocp@68000000/ssi-controller@48058000/ssi-port@4805a000/hsi-client[4]' - status (0)
[    3.650573] gpio gpiochip4: Persistence not supported for GPIO 29
[    3.652801] nokia-modem n900-modem: Registered Nokia HSI modem
[    3.659423] of_get_named_gpiod_flags: parsed 'ti,power-gpio' property of node '/ocp@68000000/spi@480ba000/wl1251@0[0]' - status (0)
[    3.659729] wl1251 spi3.0: Linked as a consumer to regulator.8
[    3.666046] wl1251 spi3.0: Direct firmware load for ti-connectivity/wl1251-nvs.bin failed with error -2
[    3.675689] wl1251: ERROR could not get nvs file: -2
[    3.680938] wl1251 spi3.0: Dropping the link to regulator.8
[    3.686798] wl1251: probe of spi3.0 failed with error -2
[    3.693176] udc musb-hdrc.0.auto: registering UDC driver [g_ether]
[    3.693328] using random self ethernet address
[    3.697967] using random host ethernet address
[    3.702484] g_ether gadget: adding config #1 'CDC Ethernet (ECM)'/(ptrval)
[    3.702514] g_ether gadget: adding 'cdc_ethernet'/(ptrval) to config 'CDC Ethernet (ECM)'/(ptrval)
[    3.703521] usb0: HOST MAC aa:f2:79:b7:a7:d8
[    3.708007] usb0: MAC 3a:72:25:a5:ec:8c
[    3.711944] g_ether gadget: CDC Ethernet: dual speed IN/ep1in OUT/ep1out NOTIFY/ep2in
[    3.711975] g_ether gadget: cfg 1/(ptrval) speeds: high full
[    3.711975] g_ether gadget:   interface 0 = cdc_ethernet/(ptrval)
[    3.711975] g_ether gadget:   interface 1 = cdc_ethernet/(ptrval)
[    3.712005] g_ether gadget: Ethernet Gadget, version: Memorial Day 2008
[    3.718749] g_ether gadget: g_ether ready
[    3.723480] tsc2005 spi0.0: GPIO lookup for consumer reset
[    3.723510] tsc2005 spi0.0: using device tree for GPIO lookup
[    3.723571] of_get_named_gpiod_flags: parsed 'reset-gpios' property of node '/ocp@68000000/spi@48098000/tsc2005@0[0]' - status (0)
[    3.723693] gpio gpiochip3: Persistence not supported for GPIO 8
[    3.723907] tsc2005 spi0.0: Linked as a consumer to regulator.8
[    3.731597] input: TSC2005 touchscreen as /devices/platform/68000000.ocp/48098000.spi/spi_master/spi0/spi0.0/input/input5
[    3.747650] omap_hsmmc 4809c000.mmc: GPIO lookup for consumer cd
[    3.747680] omap_hsmmc 4809c000.mmc: using device tree for GPIO lookup
[    3.747741] of_get_named_gpiod_flags: parsed 'cd-gpios' property of node '/ocp@68000000/mmc@4809c000[0]' - status (0)
[    3.747772] gpio gpiochip5: Persistence not supported for GPIO 0
[    3.747833] omap_hsmmc 4809c000.mmc: Got CD GPIO
[    3.752532] omap_hsmmc 4809c000.mmc: GPIO lookup for consumer wp
[    3.752563] omap_hsmmc 4809c000.mmc: using device tree for GPIO lookup
[    3.752593] of_get_named_gpiod_flags: can't parse 'wp-gpios' property of node '/ocp@68000000/mmc@4809c000[0]'
[    3.752624] of_get_named_gpiod_flags: can't parse 'wp-gpio' property of node '/ocp@68000000/mmc@4809c000[0]'
[    3.752655] omap_hsmmc 4809c000.mmc: using lookup tables for GPIO lookup
[    3.752655] omap_hsmmc 4809c000.mmc: No GPIO consumer wp found
[    3.753448] omap_hsmmc 4809c000.mmc: Linked as a consumer to regulator.12
[    3.760772] omap_hsmmc 4809c000.mmc: Linked as a consumer to regulator.1
[    3.798675] omap_hsmmc 480b4000.mmc: GPIO lookup for consumer wp
[    3.798706] omap_hsmmc 480b4000.mmc: using device tree for GPIO lookup
[    3.798736] of_get_named_gpiod_flags: can't parse 'wp-gpios' property of node '/ocp@68000000/mmc@480b4000[0]'
[    3.798767] of_get_named_gpiod_flags: can't parse 'wp-gpio' property of node '/ocp@68000000/mmc@480b4000[0]'
[    3.798797] omap_hsmmc 480b4000.mmc: using lookup tables for GPIO lookup
[    3.798828] omap_hsmmc 480b4000.mmc: No GPIO consumer wp found
[    3.799560] omap_hsmmc 480b4000.mmc: Linked as a consumer to regulator.4
[    3.806732] omap_hsmmc 480b4000.mmc: Linked as a consumer to regulator.19
[    3.843078] rx51-audio n900-audio: GPIO lookup for consumer tvout-selection
[    3.843109] rx51-audio n900-audio: using device tree for GPIO lookup
[    3.843170] of_get_named_gpiod_flags: parsed 'tvout-selection-gpios' property of node '/n900-audio[0]' - status (0)
[    3.843200] gpio gpiochip1: Persistence not supported for GPIO 8
[    3.843231] rx51-audio n900-audio: GPIO lookup for consumer jack-detection
[    3.843231] rx51-audio n900-audio: using device tree for GPIO lookup
[    3.843292] of_get_named_gpiod_flags: parsed 'jack-detection-gpios' property of node '/n900-audio[0]' - status (0)
[    3.843322] gpio gpiochip5: Persistence not supported for GPIO 17
[    3.843322] no flags found for jack-detection
[    3.843353] rx51-audio n900-audio: GPIO lookup for consumer eci-switch
[    3.843353] rx51-audio n900-audio: using device tree for GPIO lookup
[    3.843414] of_get_named_gpiod_flags: parsed 'eci-switch-gpios' property of node '/n900-audio[0]' - status (0)
[    3.843414] gpio gpiochip5: Persistence not supported for GPIO 22
[    3.843444] rx51-audio n900-audio: GPIO lookup for consumer speaker-amplifier
[    3.843475] rx51-audio n900-audio: using device tree for GPIO lookup
[    3.843505] of_get_named_gpiod_flags: parsed 'speaker-amplifier-gpios' property of node '/n900-audio[0]' - status (0)
[    3.852233] rx51-audio n900-audio: tlv320aic3x-hifi <-> 49022000.mcbsp mapping ok
[    3.872833] input: RX-51 AV Jack as /devices/platform/n900-audio/sound/card0/input6
[    3.890502] omapdss_dss 48050000.dss: Linked as a consumer to regulator.2
[    3.897766] omapdss_venc 48050c00.encoder: Linked as a consumer to regulator.7
[    3.905639] omapdrm omapdrm.0: DMM not available, disable DMM support
[    3.912841] [drm] Supports vblank timestamp caching Rev 2 (21.10.2013).
[    3.919677] [drm] No driver support for vblank timestamp query.
[    3.963104] mmc0: host does not support reading read-only switch, assuming write-enable
[    3.968688] mmc0: new high speed SDHC card at address e624
[    3.971069] mmcblk0: mmc0:e624 SU16G 14.8 GiB 
[    3.980133]  mmcblk0: p1 p2 p3 p4
[    4.036651] Console: switching to colour frame buffer device 100x30
[    4.104064] omapdrm omapdrm.0: fb0: omapdrm frame buffer device
[    4.116973] [drm] Initialized omapdrm 1.0.0 20110917 for omapdrm.0 on minor 0
[    4.139587] power_supply bq27200-0: bq27200-0: Found supply : bq24150a-0
[    4.155090] mmc1: switch to bus width 8 failed
[    4.166564] mmc1: switch to bus width 4 failed
[    4.175781] mmc1: new high speed MMC card at address 0001
[    4.188262] mmcblk1: mmc1:0001 MMC32G 29.8 GiB 
[    4.199554] mmcblk1boot0: mmc1:0001 MMC32G partition 1 512 KiB
[    4.212219] mmcblk1boot1: mmc1:0001 MMC32G partition 2 512 KiB
[    4.225860] g_ether gadget: high-speed config #1: CDC Ethernet (ECM)
[    4.237213] g_ether gadget: init ecm
[    4.237243] g_ether gadget: notify connect false
[    4.237823] g_ether gadget: activate ecm
[    4.237854] usb0: qlen 10
[    4.237884] g_ether gadget: ecm_close
[    4.238067] g_ether gadget: packet filter 0c
[    4.238098] g_ether gadget: ecm req21.43 v000c i0000 l0
[    4.240692]  mmcblk1: p1 p2 p3 p4
[    4.253021] et8ek8 3-003e: GPIO lookup for consumer reset
[    4.253021] et8ek8 3-003e: using device tree for GPIO lookup
[    4.253082] of_get_named_gpiod_flags: can't parse 'reset-gpios' property of node '/ocp@68000000/i2c@48060000/camera@3e[0]'
[    4.253143] of_get_named_gpiod_flags: parsed 'reset-gpio' property of node '/ocp@68000000/i2c@48060000/camera@3e[0]' - status (0)
[    4.253173] gpio gpiochip3: Persistence not supported for GPIO 6
[    4.253417] et8ek8 3-003e: Linked as a consumer to regulator.5
[    4.264434] et8ek8 3-003e: could not get clock
[    4.280639] et8ek8 3-003e: Dropping the link to regulator.5
[    4.292877] et8ek8 3-003e: GPIO lookup for consumer reset
[    4.292907] et8ek8 3-003e: using device tree for GPIO lookup
[    4.292938] of_get_named_gpiod_flags: can't parse 'reset-gpios' property of node '/ocp@68000000/i2c@48060000/camera@3e[0]'
[    4.292999] of_get_named_gpiod_flags: parsed 'reset-gpio' property of node '/ocp@68000000/i2c@48060000/camera@3e[0]' - status (0)
[    4.293029] gpio gpiochip3: Persistence not supported for GPIO 6
[    4.293304] et8ek8 3-003e: Linked as a consumer to regulator.5
[    4.303985] et8ek8 3-003e: could not get clock
[    4.313049] et8ek8 3-003e: Dropping the link to regulator.5
[    4.324371] omap3isp 480bc000.isp: ignoring dependency for device, assuming no driver
[    4.337127] omap3isp 480bc000.isp: parsing endpoint /ocp@68000000/isp@480bc000/ports/port@1/endpoint, interface 1
[    4.337158] omap3isp 480bc000.isp: CSI-1/CCP-2 configuration
[    4.337158] omap3isp 480bc000.isp: clock lane polarity 0, pos 1
[    4.337188] omap3isp 480bc000.isp: data lane polarity 0, pos 0
[    4.337249] omap3isp 480bc000.isp: 480bc000.isp supply vdd-csiphy1 not found, using dummy regulator
[    4.355163] omap3isp 480bc000.isp: Linked as a consumer to regulator.0
[    4.366210] omap3isp 480bc000.isp: 480bc000.isp supply vdd-csiphy2 not found, using dummy regulator
[    4.384704] omap3isp 480bc000.isp: Revision 2.0 found
[    4.395538] omap-iommu 480bd400.mmu: 480bd400.mmu: version 1.1
[    4.406433] omap3isp 480bc000.isp: Linked as a consumer to regulator.3
[    4.417877] omap3isp 480bc000.isp: hist: using DMA channel dma0chan12
[    4.417938] omap3isp 480bc000.isp: Entity type for entity OMAP3 ISP CCP2 was not initialized!
[    4.431976] omap3isp 480bc000.isp: Entity type for entity OMAP3 ISP CSI2a was not initialized!
[    4.445678] omap3isp 480bc000.isp: Entity type for entity OMAP3 ISP CCDC was not initialized!
[    4.459259] omap3isp 480bc000.isp: Entity type for entity OMAP3 ISP preview was not initialized!
[    4.473388] omap3isp 480bc000.isp: Entity type for entity OMAP3 ISP resizer was not initialized!
[    4.487365] omap3isp 480bc000.isp: Entity type for entity OMAP3 ISP AEWB was not initialized!
[    4.500396] omap3isp 480bc000.isp: Entity type for entity OMAP3 ISP AF was not initialized!
[    4.513244] omap3isp 480bc000.isp: Entity type for entity OMAP3 ISP histogram was not initialized!
[    4.531158] et8ek8 3-003e: GPIO lookup for consumer reset
[    4.531158] et8ek8 3-003e: using device tree for GPIO lookup
[    4.531219] of_get_named_gpiod_flags: can't parse 'reset-gpios' property of node '/ocp@68000000/i2c@48060000/camera@3e[0]'
[    4.531280] of_get_named_gpiod_flags: parsed 'reset-gpio' property of node '/ocp@68000000/i2c@48060000/camera@3e[0]' - status (0)
[    4.531311] gpio gpiochip3: Persistence not supported for GPIO 6
[    4.531524] et8ek8 3-003e: Linked as a consumer to regulator.5
[    4.543548] omap3isp 480bc000.isp: isp_xclk_set_rate: cam_xclka set to 9600000 Hz (div 18)
[    4.584747] et8ek8 3-003e: meta_reglist version V14 03-June-2008
[    4.675170] omap3isp 480bc000.isp: Entity type for entity ad5820 focus was not initialized!
[    4.693237] of_get_named_gpiod_flags: parsed 'gpios' property of node '/gpio_keys/camera_lens_cover[0]' - status (0)
[    4.693298] gpio gpiochip3: Persistence not supported for GPIO 14
[    4.693786] of_get_named_gpiod_flags: parsed 'gpios' property of node '/gpio_keys/camera_focus[0]' - status (0)
[    4.693817] gpio gpiochip2: Persistence not supported for GPIO 4
[    4.694091] of_get_named_gpiod_flags: parsed 'gpios' property of node '/gpio_keys/camera_capture[0]' - status (0)
[    4.694122] gpio gpiochip2: Persistence not supported for GPIO 5
[    4.694335] of_get_named_gpiod_flags: parsed 'gpios' property of node '/gpio_keys/lock_button[0]' - status (0)
[    4.694366] gpio gpiochip3: Persistence not supported for GPIO 17
[    4.694610] of_get_named_gpiod_flags: parsed 'gpios' property of node '/gpio_keys/keypad_slide[0]' - status (0)
[    4.694641] gpio gpiochip2: Persistence not supported for GPIO 7
[    4.694885] of_get_named_gpiod_flags: parsed 'gpios' property of node '/gpio_keys/proximity_sensor[0]' - status (0)
[    4.694915] gpio gpiochip2: Persistence not supported for GPIO 25
[    4.695465] input: gpio_keys as /devices/platform/gpio_keys/input/input7
[    4.709289] twl_rtc 48070000.i2c:twl@48:rtc: setting system clock to 2018-08-05 08:05:29 UTC (1533456329)
[    4.728790] sr_init: No PMIC hook to init smartreflex
[    4.739746] smartreflex 480cb000.smartreflex: omap_sr_probe: SmartReflex driver initialized
[    4.754058] smartreflex 480c9000.smartreflex: omap_sr_probe: SmartReflex driver initialized
[    4.769042] cfg80211: Loading compiled-in X.509 certificates for regulatory database
[    4.791961] cfg80211: Loaded X.509 cert 'sforshee: 00b28ddf47aef9cea7'
[    4.804870] platform regulatory.0: Direct firmware load for regulatory.db failed with error -2
[    4.818634] cfg80211: failed to load regulatory.db
[    4.828613] VCSI: disabling
[    4.838256] ALSA device list:
[    4.845977]   #0: RX-51
[    4.866790] twl4030_bci 48070000.i2c:twl@48:bci: battery temperature out of range
[    4.894073] EXT4-fs (mmcblk0p4): mounted filesystem with ordered data mode. Opts: (null)
[    4.907562] VFS: Mounted root (ext4 filesystem) readonly on device 179:4.
[    4.933258] devtmpfs: mounted
[    4.945312] Freeing unused kernel memory: 1024K
[    4.955963] Run /sbin/init as init process
[    6.787414] udevd[195]: starting version 175
[   11.231109] ad5820 3-000c: write failed, error -121
[   15.097595] (stc): gdata/new_proto/recv or reg_complete_cb not ready
[   15.097595] fmdrv: Failed to get ST write func pointer
[   15.119812] (stc):  chnl_id 8 not supported
[   15.119812] fmdrv: st_unregister failed -93
[   15.138031] fmdrv: Unable to prepare FM CORE
[   15.219329] random: alsactl: uninitialized urandom read (4 bytes read)
[   16.877624] random: crng init done
[   18.194610] EXT4-fs (mmcblk0p4): re-mounted. Opts: (null)
[   26.333557] EXT4-fs (mmcblk0p1): mounted filesystem with ordered data mode. Opts: errors=remount-ro
[   26.421691] EXT4-fs (mmcblk1p4): mounted filesystem with ordered data mode. Opts: errors=remount-ro
[   29.444641] usb0: eth_open
[   29.444641] usb0: eth_start
[   29.444793] g_ether gadget: ecm_open
[   95.401977] g_ether gadget: packet filter 0e
[   95.402008] g_ether gadget: ecm req21.43 v000e i0000 l0
[   95.404449] g_ether gadget: notify connect true
[   95.409729] g_ether gadget: packet filter 0e
[   95.409759] g_ether gadget: ecm req21.43 v000e i0000 l0
[   95.436492] g_ether gadget: notify speed 425984000
[   97.867156] g_ether gadget: packet filter 0e
[   97.867187] g_ether gadget: ecm req21.43 v000e i0000 l0
[  118.132476] ssi-protocol ssi-protocol: WAKELINES TEST OK
