[    0.000000] Linux version 5.2.0-next-20190719+ (pavel@pollux.denx.de) (gcc version 9.1.1 20190503 (Red Hat 9.1.1-1) (GCC)) #68 SMP PREEMPT Sat Jul 20 21:14:54 CEST 2019
[    0.000000] Disabled fast string operations
[    0.000000] x86/fpu: x87 FPU will use FXSAVE
[    0.000000] BIOS-provided physical RAM map:
[    0.000000] BIOS-e820: [mem 0x0000000000000000-0x000000000009efff] usable
[    0.000000] BIOS-e820: [mem 0x000000000009f000-0x000000000009ffff] reserved
[    0.000000] BIOS-e820: [mem 0x00000000000dc000-0x00000000000fffff] reserved
[    0.000000] BIOS-e820: [mem 0x0000000000100000-0x00000000bf6cffff] usable
[    0.000000] BIOS-e820: [mem 0x00000000bf6d0000-0x00000000bf6defff] ACPI data
[    0.000000] BIOS-e820: [mem 0x00000000bf6df000-0x00000000bf6fffff] ACPI NVS
[    0.000000] BIOS-e820: [mem 0x00000000bf700000-0x00000000bfffffff] reserved
[    0.000000] BIOS-e820: [mem 0x00000000f0000000-0x00000000f3ffffff] reserved
[    0.000000] BIOS-e820: [mem 0x00000000fec00000-0x00000000fec0ffff] reserved
[    0.000000] BIOS-e820: [mem 0x00000000fed00000-0x00000000fed003ff] reserved
[    0.000000] BIOS-e820: [mem 0x00000000fed14000-0x00000000fed19fff] reserved
[    0.000000] BIOS-e820: [mem 0x00000000fed1c000-0x00000000fed8ffff] reserved
[    0.000000] BIOS-e820: [mem 0x00000000fee00000-0x00000000fee00fff] reserved
[    0.000000] BIOS-e820: [mem 0x00000000ff800000-0x00000000ffffffff] reserved
[    0.000000] NX (Execute Disable) protection: active
[    0.000000] SMBIOS 2.4 present.
[    0.000000] DMI: LENOVO 17097HU/17097HU, BIOS 7BETD8WW (2.19 ) 03/31/2011
[    0.000000] tsc: Fast TSC calibration using PIT
[    0.000000] tsc: Detected 1828.787 MHz processor
[    0.013418] e820: update [mem 0x00000000-0x00000fff] usable ==> reserved
[    0.013423] e820: remove [mem 0x000a0000-0x000fffff] usable
[    0.013435] last_pfn = 0xbf6d0 max_arch_pfn = 0x1000000
[    0.013448] MTRR default type: uncachable
[    0.013451] MTRR fixed ranges enabled:
[    0.013454]   00000-9FFFF write-back
[    0.013457]   A0000-BFFFF uncachable
[    0.013460]   C0000-CFFFF write-protect
[    0.013463]   D0000-DBFFF uncachable
[    0.013466]   DC000-DFFFF write-back
[    0.013469]   E0000-FFFFF write-protect
[    0.013471] MTRR variable ranges enabled:
[    0.013475]   0 base 000000000 mask F80000000 write-back
[    0.013478]   1 base 080000000 mask FC0000000 write-back
[    0.013481]   2 base 0BF700000 mask FFFF00000 uncachable
[    0.013484]   3 base 0BF800000 mask FFF800000 uncachable
[    0.013487]   4 disabled
[    0.013489]   5 disabled
[    0.013491]   6 disabled
[    0.013494]   7 disabled
[    0.014535] x86/PAT: PAT not supported by CPU.
[    0.015752] x86/PAT: Configuration [0-7]: WB  WT  UC- UC  WB  WT  UC- UC  
[    0.015773] initial memory mapped: [mem 0x00000000-0x05bfffff]
[    0.015855] BRK [0x0562d000, 0x0562dfff] PGTABLE
[    0.015876] BRK [0x0562e000, 0x0562efff] PGTABLE
[    0.015887] ACPI: Early table checksum verification disabled
[    0.015896] ACPI: RSDP 0x00000000000F67C0 000024 (v02 LENOVO)
[    0.015905] ACPI: XSDT 0x00000000BF6D191C 000084 (v01 LENOVO TP-7B    00002190  LTP 00000000)
[    0.015919] ACPI: FACP 0x00000000BF6D1A00 0000F4 (v03 LENOVO TP-7B    00002190 LNVO 00000001)
[    0.015930] ACPI BIOS Warning (bug): 32/64X length mismatch in FADT/Gpe0Block: 64/32 (20190703/tbfadt-564)
[    0.015937] ACPI BIOS Warning (bug): Optional FADT field Gpe1Block has valid Address but zero Length: 0x000000000000102C/0x0 (20190703/tbfadt-615)
[    0.015947] ACPI: DSDT 0x00000000BF6D1D90 00CFB9 (v01 LENOVO TP-7B    00002190 MSFT 0100000E)
[    0.015956] ACPI: FACS 0x00000000BF6F4000 000040
[    0.015964] ACPI: FACS 0x00000000BF6F4000 000040
[    0.015971] ACPI: SSDT 0x00000000BF6D1BB4 0001DC (v01 LENOVO TP-7B    00002190 MSFT 0100000E)
[    0.015980] ACPI: ECDT 0x00000000BF6DED49 000052 (v01 LENOVO TP-7B    00002190 LNVO 00000001)
[    0.015989] ACPI: TCPA 0x00000000BF6DED9B 000032 (v02 LENOVO TP-7B    00002190 LNVO 00000001)
[    0.015997] ACPI: APIC 0x00000000BF6DEDCD 000068 (v01 LENOVO TP-7B    00002190 LNVO 00000001)
[    0.016006] ACPI: MCFG 0x00000000BF6DEE35 00003C (v01 LENOVO TP-7B    00002190 LNVO 00000001)
[    0.016015] ACPI: HPET 0x00000000BF6DEE71 000038 (v01 LENOVO TP-7B    00002190 LNVO 00000001)
[    0.016024] ACPI: BOOT 0x00000000BF6DEFD8 000028 (v01 LENOVO TP-7B    00002190  LTP 00000001)
[    0.016032] ACPI: SSDT 0x00000000BF6F2645 00025F (v01 LENOVO TP-7B    00002190 INTL 20050513)
[    0.016041] ACPI: SSDT 0x00000000BF6F28A4 0000A6 (v01 LENOVO TP-7B    00002190 INTL 20050513)
[    0.016050] ACPI: SSDT 0x00000000BF6F294A 0004F7 (v01 LENOVO TP-7B    00002190 INTL 20050513)
[    0.016059] ACPI: SSDT 0x00000000BF6F2E41 0001D8 (v01 LENOVO TP-7B    00002190 INTL 20050513)
[    0.016079] ACPI: Local APIC address 0xfee00000
[    0.016086] 2176MB HIGHMEM available.
[    0.016090] 885MB LOWMEM available.
[    0.016094]   mapped low ram: 0 - 375fe000
[    0.016097]   low ram: 0 - 375fe000
[    0.016108] BRK [0x0562f000, 0x0562ffff] PGTABLE
[    0.016113] Zone ranges:
[    0.016117]   DMA      [mem 0x0000000000001000-0x0000000000ffffff]
[    0.016122]   Normal   [mem 0x0000000001000000-0x00000000375fdfff]
[    0.016127]   HighMem  [mem 0x00000000375fe000-0x00000000bf6cffff]
[    0.016132] Movable zone start for each node
[    0.016135] Early memory node ranges
[    0.016139]   node   0: [mem 0x0000000000001000-0x000000000009efff]
[    0.016143]   node   0: [mem 0x0000000000100000-0x00000000bf6cffff]
[    0.016148] Initmem setup node 0 [mem 0x0000000000001000-0x00000000bf6cffff]
[    0.016154] On node 0 totalpages: 783982
[    0.027525]   DMA zone: 32 pages used for memmap
[    0.027528]   DMA zone: 0 pages reserved
[    0.027532]   DMA zone: 3998 pages, LIFO batch:0
[    0.027641]   Normal zone: 1740 pages used for memmap
[    0.027644]   Normal zone: 222718 pages, LIFO batch:63
[    0.033292]   HighMem zone: 557266 pages, LIFO batch:63
[    0.048002] Using APIC driver default
[    0.048021] Reserving Intel graphics memory at [mem 0xbf800000-0xbfffffff]
[    0.048505] ACPI: PM-Timer IO Port: 0x1008
[    0.048511] ACPI: Local APIC address 0xfee00000
[    0.048524] ACPI: LAPIC_NMI (acpi_id[0x00] high edge lint[0x1])
[    0.048528] ACPI: LAPIC_NMI (acpi_id[0x01] high edge lint[0x1])
[    0.048554] IOAPIC[0]: apic_id 1, version 32, address 0xfec00000, GSI 0-23
[    0.048560] ACPI: INT_SRC_OVR (bus 0 bus_irq 0 global_irq 2 dfl dfl)
[    0.048567] ACPI: INT_SRC_OVR (bus 0 bus_irq 9 global_irq 9 high level)
[    0.048572] ACPI: IRQ0 used by override.
[    0.048576] ACPI: IRQ9 used by override.
[    0.048581] Using ACPI (MADT) for SMP configuration information
[    0.048586] ACPI: HPET id: 0x8086a201 base: 0xfed00000
[    0.048600] smpboot: Allowing 2 CPUs, 0 hotplug CPUs
[    0.048639] PM: Registered nosave memory: [mem 0x00000000-0x00000fff]
[    0.048644] PM: Registered nosave memory: [mem 0x0009f000-0x0009ffff]
[    0.048648] PM: Registered nosave memory: [mem 0x000a0000-0x000dbfff]
[    0.048652] PM: Registered nosave memory: [mem 0x000dc000-0x000fffff]
[    0.048661] [mem 0xc0000000-0xefffffff] available for PCI devices
[    0.048668] clocksource: refined-jiffies: mask: 0xffffffff max_cycles: 0xffffffff, max_idle_ns: 7645519600211568 ns
[    0.048683] setup_percpu: NR_CPUS:8 nr_cpumask_bits:8 nr_cpu_ids:2 nr_node_ids:1
[    0.048950] percpu: Embedded 37 pages/cpu s119080 r0 d32472 u151552
[    0.048964] pcpu-alloc: s119080 r0 d32472 u151552 alloc=37*4096
[    0.048967] pcpu-alloc: [0] 0 [0] 1 
[    0.048999] Built 1 zonelists, mobility grouping on.  Total pages: 782210
[    0.049008] Kernel command line: BOOT_IMAGE=(hd0,2)/fast/l/linux-next-32/arch/x86/boot/bzImage root=/dev/sda4 resume=/dev/sda1
[    0.049437] Dentry cache hash table entries: 131072 (order: 7, 524288 bytes, linear)
[    0.049553] Inode-cache hash table entries: 65536 (order: 6, 262144 bytes, linear)
[    0.049576] Initializing CPU#0
[    0.049586] mem auto-init: stack:off, heap alloc:off, heap free:off
[    0.081858] Initializing HighMem for node 0 (000375fe:000bf6d0)
[    0.435963] Initializing Movable for node 0 (00000000:00000000)
[    0.507216] Memory: 3021616K/3135928K available (12668K kernel code, 688K rwdata, 4944K rodata, 640K init, 3360K bss, 114312K reserved, 0K cma-reserved, 2229064K highmem)
[    0.507227] virtual kernel memory layout:
    fixmap  : 0xffe72000 - 0xfffff000   (1588 kB)
  cpu_entry : 0xffa00000 - 0xffb31000   (1220 kB)
    pkmap   : 0xff600000 - 0xff800000   (2048 kB)
    vmalloc : 0xf7dfe000 - 0xff5fe000   ( 120 MB)
    lowmem  : 0xc0000000 - 0xf75fe000   ( 885 MB)
      .init : 0xc520b000 - 0xc52ab000   ( 640 kB)
      .data : 0xc4c5f284 - 0xc51e83c0   (5668 kB)
      .text : 0xc4000000 - 0xc4c5f284   (12668 kB)
[    0.507233] Checking if this processor honours the WP bit even in supervisor mode...Ok.
[    0.507302] random: get_random_u32 called from cache_alloc_refill+0x646/0xae0 with crng_init=0
[    0.508570] Kernel/User page tables isolation: enabled
[    0.508846] rcu: Preemptible hierarchical RCU implementation.
[    0.508851] rcu: 	RCU restricting CPUs from NR_CPUS=8 to nr_cpu_ids=2.
[    0.508855] 	Tasks RCU enabled.
[    0.508859] rcu: RCU calculated value of scheduler-enlistment delay is 25 jiffies.
[    0.508863] rcu: Adjusting geometry for rcu_fanout_leaf=16, nr_cpu_ids=2
[    0.508907] NR_IRQS: 2304, nr_irqs: 56, preallocated irqs: 16
[    0.511902] Console: colour VGA+ 80x25
[    0.520294] printk: console [tty0] enabled
[    0.520366] Lock dependency validator: Copyright (c) 2006 Red Hat, Inc., Ingo Molnar
[    0.520457] ... MAX_LOCKDEP_SUBCLASSES:  8
[    0.520530] ... MAX_LOCK_DEPTH:          48
[    0.520602] ... MAX_LOCKDEP_KEYS:        8192
[    0.520676] ... CLASSHASH_SIZE:          4096
[    0.520750] ... MAX_LOCKDEP_ENTRIES:     32768
[    0.520824] ... MAX_LOCKDEP_CHAINS:      65536
[    0.520898] ... CHAINHASH_SIZE:          32768
[    0.520972]  memory used by lock dependency info: 2213 kB
[    0.521051]  per task-struct memory footprint: 1344 bytes
[    0.521141] ACPI: Core revision 20190703
[    0.521563] clocksource: hpet: mask: 0xffffffff max_cycles: 0xffffffff, max_idle_ns: 133484882848 ns
[    0.521705] APIC: Switch to symmetric I/O mode setup
[    0.521783] Enabling APIC mode:  Flat.  Using 1 I/O APICs
[    0.522420] ..TIMER: vector=0x30 apic1=0 pin1=2 apic2=-1 pin2=-1
[    0.541705] clocksource: tsc-early: mask: 0xffffffffffffffff max_cycles: 0x1a5c63aeeae, max_idle_ns: 440795239090 ns
[    0.541830] Calibrating delay loop (skipped), value calculated using timer frequency.. 3657.57 BogoMIPS (lpj=7315148)
[    0.541953] pid_max: default: 32768 minimum: 301
[    0.542285] Mount-cache hash table entries: 2048 (order: 1, 8192 bytes, linear)
[    0.542383] Mountpoint-cache hash table entries: 2048 (order: 1, 8192 bytes, linear)
[    0.542562] *** VALIDATE shmem ***
[    0.543166] *** VALIDATE proc ***
[    0.543336] *** VALIDATE cgroup1 ***
[    0.543409] *** VALIDATE cgroup2 ***
[    0.543559] Disabled fast string operations
[    0.543648] process: using mwait in idle threads
[    0.543734] Last level iTLB entries: 4KB 128, 2MB 0, 4MB 2
[    0.543815] Last level dTLB entries: 4KB 128, 2MB 0, 4MB 8, 1GB 0
[    0.543902] Spectre V2 : Mitigation: Full generic retpoline
[    0.543984] Spectre V2 : Spectre v2 / SpectreRSB mitigation: Filling RSB on context switch
[    0.544080] L1TF: System has more than MAX_PA/2 memory. L1TF mitigation not effective.
[    0.544173] L1TF: You may make it effective by booting the kernel with mem=2147483648 parameter.
[    0.544284] L1TF: However, doing so will make a part of your RAM unusable.
[    0.544372] L1TF: Reading https://www.kernel.org/doc/html/latest/admin-guide/hw-vuln/l1tf.html might help you decide.
[    0.544493] MDS: Vulnerable: Clear CPU buffers attempted, no microcode
[    0.544840] Freeing SMP alternatives memory: 44K
[    0.549828] smpboot: CPU0: Genuine Intel(R) CPU           T2400  @ 1.83GHz (family: 0x6, model: 0xe, stepping: 0x8)
[    0.569858] Performance Events: Core events, core PMU driver.
[    0.569952] ... version:                1
[    0.570026] ... bit width:              40
[    0.570101] ... generic registers:      2
[    0.570174] ... value mask:             000000ffffffffff
[    0.570255] ... max period:             000000007fffffff
[    0.570335] ... fixed-purpose events:   0
[    0.570409] ... event mask:             0000000000000003
[    0.577841] rcu: Hierarchical SRCU implementation.
[    0.589911] NMI watchdog: Enabled. Permanently consumes one hw-PMU counter.
[    0.597856] smp: Bringing up secondary CPUs ...
[    0.630327] x86: Booting SMP configuration:
[    0.630410] .... node  #0, CPUs:      #1
[    0.016604] Initializing CPU#1
[    0.016604] Disabled fast string operations
[    0.632842] TSC synchronization [CPU#0 -> CPU#1]:
[    0.633154] Measured 579920 cycles TSC warp between CPUs, turning off TSC clock.
[    0.633257] tsc: Marking TSC unstable due to check_tsc_sync_source failed
[    0.633438] smp: Brought up 1 node, 2 CPUs
[    0.633438] smpboot: Max logical packages: 1
[    0.633438] smpboot: Total of 2 processors activated (7315.14 BogoMIPS)
[    0.635454] devtmpfs: initialized
[    0.635454] PM: Registering ACPI NVS region [mem 0xbf6df000-0xbf6fffff] (135168 bytes)
[    0.635454] clocksource: jiffies: mask: 0xffffffff max_cycles: 0xffffffff, max_idle_ns: 7645041785100000 ns
[    0.637915] futex hash table entries: 512 (order: 3, 32768 bytes, linear)
[    0.638110] *** VALIDATE debugfs ***
[    0.638686] NET: Registered protocol family 16
[    0.641865] cpuidle: using governor ladder
[    0.641945] cpuidle: using governor menu
[    0.642181] Simple Boot Flag at 0x35 set to 0x1
[    0.645887] ACPI FADT declares the system doesn't support PCIe ASPM, so disable it
[    0.645979] ACPI: bus type PCI registered
[    0.646266] PCI: MMCONFIG for domain 0000 [bus 00-3f] at [mem 0xf0000000-0xf3ffffff] (base 0xf0000000)
[    0.646384] PCI: MMCONFIG at [mem 0xf0000000-0xf3ffffff] reserved in E820
[    0.646473] PCI: Using MMCONFIG for extended config space
[    0.646553] PCI: Using configuration type 1 for base access
[    0.647001] mtrr: your CPUs had inconsistent variable MTRR settings
[    0.647087] mtrr: probably your BIOS does not setup all CPUs.
[    0.647169] mtrr: corrected configuration.
[    0.706422] ACPI: Added _OSI(Module Device)
[    0.706505] ACPI: Added _OSI(Processor Device)
[    0.706582] ACPI: Added _OSI(3.0 _SCP Extensions)
[    0.706660] ACPI: Added _OSI(Processor Aggregator Device)
[    0.706743] ACPI: Added _OSI(Linux-Dell-Video)
[    0.706821] ACPI: Added _OSI(Linux-Lenovo-NV-HDMI-Audio)
[    0.706904] ACPI: Added _OSI(Linux-HPI-Hybrid-Graphics)
[    0.773420] ACPI: 6 ACPI AML tables successfully acquired and loaded
[    0.777624] ACPI: EC: EC started
[    0.777697] ACPI: EC: interrupt blocked
[    0.782721] ACPI: \: Used as first EC
[    0.782797] ACPI: \: GPE=0x1c, EC_CMD/EC_SC=0x66, EC_DATA=0x62
[    0.782880] ACPI: EC: Boot ECDT EC used to handle transactions
[    0.801617] ACPI: Dynamic OEM Table Load:
[    0.801707] ACPI: SSDT 0x00000000F1B44000 000240 (v01 PmRef  Cpu0Ist  00000100 INTL 20050513)
[    0.805861] ACPI: Dynamic OEM Table Load:
[    0.805950] ACPI: SSDT 0x00000000F1A53000 00065A (v01 PmRef  Cpu0Cst  00000100 INTL 20050513)
[    0.812364] ACPI: Dynamic OEM Table Load:
[    0.812452] ACPI: SSDT 0x00000000F1AB1E00 0000C8 (v01 PmRef  Cpu1Ist  00000100 INTL 20050513)
[    0.815891] ACPI: Dynamic OEM Table Load:
[    0.815979] ACPI: SSDT 0x00000000F18C2480 000085 (v01 PmRef  Cpu1Cst  00000100 INTL 20050513)
[    0.819962] ACPI: Interpreter enabled
[    0.820109] ACPI: (supports S0 S3 S4 S5)
[    0.820189] ACPI: Using IOAPIC for interrupt routing
[    0.820392] PCI: Using host bridge windows from ACPI; if necessary, use "pci=nocrs" and report a bug
[    0.821471] ACPI: Enabled 4 GPEs in block 00 to 1F
[    0.845046] ACPI: Power Resource [PUBS] (on)
[    0.846176] acpi PNP0C0A:01: ACPI dock station (docks/bays count: 1)
[    0.853868] acpi LNXIOBAY:00: ACPI dock station (docks/bays count: 2)
[    0.868072] acpi IBM0079:00: ACPI dock station (docks/bays count: 3)
[    0.870496] ACPI: PCI Interrupt Link [LNKA] (IRQs 3 4 5 6 7 9 10 *11)
[    0.871349] ACPI: PCI Interrupt Link [LNKB] (IRQs 3 4 5 6 7 9 10 *11)
[    0.872199] ACPI: PCI Interrupt Link [LNKC] (IRQs 3 4 5 6 7 9 10 *11)
[    0.873048] ACPI: PCI Interrupt Link [LNKD] (IRQs 3 4 5 6 7 9 10 *11)
[    0.873911] ACPI: PCI Interrupt Link [LNKE] (IRQs 3 4 5 6 7 9 10 *11)
[    0.874761] ACPI: PCI Interrupt Link [LNKF] (IRQs 3 4 5 6 7 9 10 *11)
[    0.875611] ACPI: PCI Interrupt Link [LNKG] (IRQs 3 4 5 6 7 9 10 *11)
[    0.876460] ACPI: PCI Interrupt Link [LNKH] (IRQs 3 4 5 6 7 9 10 *11)
[    0.876981] ACPI: PCI Root Bridge [PCI0] (domain 0000 [bus 00-ff])
[    0.877080] acpi PNP0A08:00: _OSC: OS supports [ExtendedConfig ASPM ClockPM Segments HPX-Type3]
[    0.878182] acpi PNP0A08:00: _OSC: not requesting OS control; OS requires [ExtendedConfig ASPM ClockPM MSI]
[    0.878317] acpi PNP0A08:00: [Firmware Info]: MMCONFIG for domain 0000 [bus 00-3f] only partially covers this bridge
[    0.878679] PCI host bridge to bus 0000:00
[    0.878760] pci_bus 0000:00: root bus resource [io  0x0000-0x0cf7 window]
[    0.878853] pci_bus 0000:00: root bus resource [io  0x0d00-0xffff window]
[    0.878947] pci_bus 0000:00: root bus resource [mem 0x000a0000-0x000bffff window]
[    0.879043] pci_bus 0000:00: root bus resource [mem 0x000d0000-0x000d3fff window]
[    0.879140] pci_bus 0000:00: root bus resource [mem 0x000d4000-0x000d7fff window]
[    0.879237] pci_bus 0000:00: root bus resource [mem 0x000d8000-0x000dbfff window]
[    0.879334] pci_bus 0000:00: root bus resource [mem 0xc0000000-0xfebfffff window]
[    0.879432] pci_bus 0000:00: root bus resource [mem 0xfed40000-0xfed40fff window]
[    0.879530] pci_bus 0000:00: root bus resource [bus 00-ff]
[    0.879663] pci 0000:00:00.0: [8086:27a0] type 00 class 0x060000
[    0.880206] pci 0000:00:02.0: [8086:27a2] type 00 class 0x030000
[    0.880314] pci 0000:00:02.0: reg 0x10: [mem 0xee100000-0xee17ffff]
[    0.880410] pci 0000:00:02.0: reg 0x14: [io  0x1800-0x1807]
[    0.880503] pci 0000:00:02.0: reg 0x18: [mem 0xd0000000-0xdfffffff pref]
[    0.880601] pci 0000:00:02.0: reg 0x1c: [mem 0xee200000-0xee23ffff]
[    0.881135] pci 0000:00:02.1: [8086:27a6] type 00 class 0x038000
[    0.881239] pci 0000:00:02.1: reg 0x10: [mem 0xee180000-0xee1fffff]
[    0.881807] pci 0000:00:1b.0: [8086:27d8] type 00 class 0x040300
[    0.881878] pci 0000:00:1b.0: reg 0x10: [mem 0xee240000-0xee243fff 64bit]
[    0.882133] pci 0000:00:1b.0: PME# supported from D0 D3hot D3cold
[    0.882672] pci 0000:00:1c.0: [8086:27d0] type 01 class 0x060400
[    0.882951] pci 0000:00:1c.0: PME# supported from D0 D3hot D3cold
[    0.883478] pci 0000:00:1c.1: [8086:27d2] type 01 class 0x060400
[    0.883757] pci 0000:00:1c.1: PME# supported from D0 D3hot D3cold
[    0.884285] pci 0000:00:1c.2: [8086:27d4] type 01 class 0x060400
[    0.884563] pci 0000:00:1c.2: PME# supported from D0 D3hot D3cold
[    0.885086] pci 0000:00:1c.3: [8086:27d6] type 01 class 0x060400
[    0.885365] pci 0000:00:1c.3: PME# supported from D0 D3hot D3cold
[    0.885981] pci 0000:00:1d.0: [8086:27c8] type 00 class 0x0c0300
[    0.886144] pci 0000:00:1d.0: reg 0x20: [io  0x1820-0x183f]
[    0.886671] pci 0000:00:1d.1: [8086:27c9] type 00 class 0x0c0300
[    0.886833] pci 0000:00:1d.1: reg 0x20: [io  0x1840-0x185f]
[    0.887371] pci 0000:00:1d.2: [8086:27ca] type 00 class 0x0c0300
[    0.887533] pci 0000:00:1d.2: reg 0x20: [io  0x1860-0x187f]
[    0.888057] pci 0000:00:1d.3: [8086:27cb] type 00 class 0x0c0300
[    0.888220] pci 0000:00:1d.3: reg 0x20: [io  0x1880-0x189f]
[    0.888740] pci 0000:00:1d.7: [8086:27cc] type 00 class 0x0c0320
[    0.888861] pci 0000:00:1d.7: reg 0x10: [mem 0xee444000-0xee4443ff]
[    0.889089] pci 0000:00:1d.7: PME# supported from D0 D3hot D3cold
[    0.889585] pci 0000:00:1e.0: [8086:2448] type 01 class 0x060401
[    0.890223] pci 0000:00:1f.0: [8086:27b9] type 00 class 0x060100
[    0.890464] pci 0000:00:1f.0: quirk: [io  0x1000-0x107f] claimed by ICH6 ACPI/GPIO/TCO
[    0.890568] pci 0000:00:1f.0: quirk: [io  0x1180-0x11bf] claimed by ICH6 GPIO
[    0.890665] pci 0000:00:1f.0: ICH7 LPC Generic IO decode 1 PIO at 1600 (mask 007f)
[    0.890764] pci 0000:00:1f.0: ICH7 LPC Generic IO decode 2 PIO at 15e0 (mask 000f)
[    0.890863] pci 0000:00:1f.0: ICH7 LPC Generic IO decode 3 PIO at 1680 (mask 001f)
[    0.891382] pci 0000:00:1f.1: [8086:27df] type 00 class 0x01018a
[    0.891497] pci 0000:00:1f.1: reg 0x10: [io  0x0000-0x0007]
[    0.891595] pci 0000:00:1f.1: reg 0x14: [io  0x0000-0x0003]
[    0.891692] pci 0000:00:1f.1: reg 0x18: [io  0x0000-0x0007]
[    0.891790] pci 0000:00:1f.1: reg 0x1c: [io  0x0000-0x0003]
[    0.891887] pci 0000:00:1f.1: reg 0x20: [io  0x1810-0x181f]
[    0.892002] pci 0000:00:1f.1: legacy IDE quirk: reg 0x10: [io  0x01f0-0x01f7]
[    0.892096] pci 0000:00:1f.1: legacy IDE quirk: reg 0x14: [io  0x03f6]
[    0.892188] pci 0000:00:1f.1: legacy IDE quirk: reg 0x18: [io  0x0170-0x0177]
[    0.892282] pci 0000:00:1f.1: legacy IDE quirk: reg 0x1c: [io  0x0376]
[    0.892770] pci 0000:00:1f.2: [8086:27c5] type 00 class 0x010601
[    0.892890] pci 0000:00:1f.2: reg 0x10: [io  0x18d0-0x18d7]
[    0.892988] pci 0000:00:1f.2: reg 0x14: [io  0x18c4-0x18c7]
[    0.893086] pci 0000:00:1f.2: reg 0x18: [io  0x18c8-0x18cf]
[    0.893183] pci 0000:00:1f.2: reg 0x1c: [io  0x18c0-0x18c3]
[    0.893281] pci 0000:00:1f.2: reg 0x20: [io  0x18b0-0x18bf]
[    0.893379] pci 0000:00:1f.2: reg 0x24: [mem 0xee444400-0xee4447ff]
[    0.893550] pci 0000:00:1f.2: PME# supported from D3hot
[    0.894057] pci 0000:00:1f.3: [8086:27da] type 00 class 0x0c0500
[    0.894239] pci 0000:00:1f.3: reg 0x20: [io  0x18e0-0x18ff]
[    0.894987] pci 0000:02:00.0: [8086:109a] type 00 class 0x020000
[    0.895197] pci 0000:02:00.0: reg 0x10: [mem 0xee000000-0xee01ffff]
[    0.895391] pci 0000:02:00.0: reg 0x18: [io  0x2000-0x201f]
[    0.895793] pci 0000:02:00.0: PME# supported from D0 D3hot D3cold
[    0.896322] pci 0000:00:1c.0: PCI bridge to [bus 02]
[    0.896409] pci 0000:00:1c.0:   bridge window [io  0x2000-0x2fff]
[    0.896502] pci 0000:00:1c.0:   bridge window [mem 0xee000000-0xee0fffff]
[    0.896847] pci 0000:03:00.0: [8086:4227] type 00 class 0x028000
[    0.897081] pci 0000:03:00.0: reg 0x10: [mem 0xedf00000-0xedf00fff]
[    0.897725] pci 0000:03:00.0: PME# supported from D0 D3hot D3cold
[    0.898267] pci 0000:00:1c.1: PCI bridge to [bus 03]
[    0.898355] pci 0000:00:1c.1:   bridge window [io  0x3000-0x4fff]
[    0.898447] pci 0000:00:1c.1:   bridge window [mem 0xec000000-0xedffffff]
[    0.898547] pci 0000:00:1c.1:   bridge window [mem 0xe4000000-0xe40fffff 64bit pref]
[    0.898782] pci 0000:00:1c.2: PCI bridge to [bus 04-0b]
[    0.898870] pci 0000:00:1c.2:   bridge window [io  0x5000-0x6fff]
[    0.898963] pci 0000:00:1c.2:   bridge window [mem 0xe8000000-0xe9ffffff]
[    0.899062] pci 0000:00:1c.2:   bridge window [mem 0xe4100000-0xe41fffff 64bit pref]
[    0.899293] pci 0000:00:1c.3: PCI bridge to [bus 0c-13]
[    0.899381] pci 0000:00:1c.3:   bridge window [io  0x7000-0x8fff]
[    0.899473] pci 0000:00:1c.3:   bridge window [mem 0xea000000-0xebffffff]
[    0.899573] pci 0000:00:1c.3:   bridge window [mem 0xe4200000-0xe42fffff 64bit pref]
[    0.899706] pci_bus 0000:15: extended config space not accessible
[    0.899905] pci 0000:15:00.0: [1180:0476] type 02 class 0x060700
[    0.900021] pci 0000:15:00.0: reg 0x10: [mem 0xe4300000-0xe4300fff]
[    0.900178] pci 0000:15:00.0: supports D1 D2
[    0.900257] pci 0000:15:00.0: PME# supported from D0 D1 D2 D3hot D3cold
[    0.900586] pci 0000:15:00.1: [1180:0552] type 00 class 0x0c0010
[    0.900700] pci 0000:15:00.1: reg 0x10: [mem 0xe4301000-0xe43017ff]
[    0.900934] pci 0000:15:00.1: PME# supported from D0 D3hot D3cold
[    0.901223] pci 0000:15:00.2: [1180:0822] type 00 class 0x080500
[    0.901337] pci 0000:15:00.2: reg 0x10: [mem 0xe4301800-0xe43018ff]
[    0.901569] pci 0000:15:00.2: supports D1 D2
[    0.901648] pci 0000:15:00.2: PME# supported from D0 D1 D2 D3hot D3cold
[    0.902043] pci 0000:00:1e.0: PCI bridge to [bus 15-18] (subtractive decode)
[    0.902141] pci 0000:00:1e.0:   bridge window [io  0x9000-0xcfff]
[    0.902233] pci 0000:00:1e.0:   bridge window [mem 0xe4300000-0xe7ffffff]
[    0.902333] pci 0000:00:1e.0:   bridge window [mem 0xe0000000-0xe3ffffff 64bit pref]
[    0.902431] pci 0000:00:1e.0:   bridge window [io  0x0000-0x0cf7 window] (subtractive decode)
[    0.902548] pci 0000:00:1e.0:   bridge window [io  0x0d00-0xffff window] (subtractive decode)
[    0.902664] pci 0000:00:1e.0:   bridge window [mem 0x000a0000-0x000bffff window] (subtractive decode)
[    0.902784] pci 0000:00:1e.0:   bridge window [mem 0x000d0000-0x000d3fff window] (subtractive decode)
[    0.903671] pci 0000:00:1e.0:   bridge window [mem 0x000d4000-0x000d7fff window] (subtractive decode)
[    0.903791] pci 0000:00:1e.0:   bridge window [mem 0x000d8000-0x000dbfff window] (subtractive decode)
[    0.903910] pci 0000:00:1e.0:   bridge window [mem 0xc0000000-0xfebfffff window] (subtractive decode)
[    0.904031] pci 0000:00:1e.0:   bridge window [mem 0xfed40000-0xfed40fff window] (subtractive decode)
[    0.904197] pci_bus 0000:16: extended config space not accessible
[    0.904376] pci_bus 0000:16: busn_res: [bus 16-18] end is updated to 17
[    0.904519] pci_bus 0000:00: on NUMA node 0
[    0.911090] ACPI: EC: interrupt unblocked
[    0.911185] ACPI: EC: event unblocked
[    0.911271] ACPI: \_SB_.PCI0.LPC_.EC__: GPE=0x1c, EC_CMD/EC_SC=0x66, EC_DATA=0x62
[    0.911370] ACPI: \_SB_.PCI0.LPC_.EC__: Boot DSDT EC used to handle transactions and events
[    0.911946] pci 0000:00:02.0: vgaarb: setting as boot VGA device
[    0.912036] pci 0000:00:02.0: vgaarb: VGA device added: decodes=io+mem,owns=io+mem,locks=none
[    0.912170] pci 0000:00:02.0: vgaarb: bridge control possible
[    0.912253] vgaarb: loaded
[    0.912952] SCSI subsystem initialized
[    0.913207] libata version 3.00 loaded.
[    0.913207] ACPI: bus type USB registered
[    0.913207] usbcore: registered new interface driver usbfs
[    0.913840] usbcore: registered new interface driver hub
[    0.913978] usbcore: registered new device driver usb
[    0.914148] mc: Linux media interface: v0.10
[    0.914275] videodev: Linux video capture interface: v2.00
[    0.914442] pps_core: LinuxPPS API ver. 1 registered
[    0.914547] pps_core: Software ver. 5.3.6 - Copyright 2005-2007 Rodolfo Giometti <giometti@linux.it>
[    0.914694] PTP clock support registered
[    0.917935] EDAC MC: Ver: 3.0.0
[    0.926180] Advanced Linux Sound Architecture Driver Initialized.
[    0.929879] PCI: Using ACPI for IRQ routing
[    0.930432] PCI: pci_cache_line_size set to 64 bytes
[    0.930432] e820: reserve RAM buffer [mem 0x0009f000-0x0009ffff]
[    0.930432] e820: reserve RAM buffer [mem 0xbf6d0000-0xbfffffff]
[    0.933941] Bluetooth: Core ver 2.22
[    0.934149] NET: Registered protocol family 31
[    0.934225] Bluetooth: HCI device and connection manager initialized
[    0.934225] Bluetooth: HCI socket layer initialized
[    0.934225] Bluetooth: L2CAP socket layer initialized
[    0.934225] Bluetooth: SCO socket layer initialized
[    0.934300] clocksource: Switched to clocksource hpet
[    0.934300] *** VALIDATE ramfs ***
[    0.934300] pnp: PnP ACPI init
[    0.937458] system 00:00: [mem 0x00000000-0x0009ffff] could not be reserved
[    0.937559] system 00:00: [mem 0x000c0000-0x000c3fff] could not be reserved
[    0.937657] system 00:00: [mem 0x000c4000-0x000c7fff] could not be reserved
[    0.937753] system 00:00: [mem 0x000c8000-0x000cbfff] has been reserved
[    0.937914] system 00:00: [mem 0x000cc000-0x000cffff] has been reserved
[    0.938009] system 00:00: [mem 0x000dc000-0x000dffff] could not be reserved
[    0.938106] system 00:00: [mem 0x000e0000-0x000e3fff] could not be reserved
[    0.938203] system 00:00: [mem 0x000e4000-0x000e7fff] could not be reserved
[    0.938301] system 00:00: [mem 0x000e8000-0x000ebfff] could not be reserved
[    0.938398] system 00:00: [mem 0x000ec000-0x000effff] could not be reserved
[    0.938495] system 00:00: [mem 0x000f0000-0x000fffff] could not be reserved
[    0.938593] system 00:00: [mem 0x00100000-0xbfffffff] could not be reserved
[    0.938690] system 00:00: [mem 0xfec00000-0xfed3ffff] could not be reserved
[    0.938788] system 00:00: [mem 0xfed41000-0xffffffff] could not be reserved
[    0.938926] system 00:00: Plug and Play ACPI device, IDs PNP0c01 (active)
[    0.939402] system 00:01: [io  0x164e-0x164f] has been reserved
[    0.939495] system 00:01: [io  0x1000-0x107f] has been reserved
[    0.939586] system 00:01: [io  0x1180-0x11bf] has been reserved
[    0.939676] system 00:01: [io  0x0800-0x080f] has been reserved
[    0.939765] system 00:01: [io  0x15e0-0x15ef] has been reserved
[    0.939857] system 00:01: [io  0x1600-0x165f] could not be reserved
[    0.939949] system 00:01: [mem 0xf0000000-0xf3ffffff] has been reserved
[    0.940043] system 00:01: [mem 0xfed1c000-0xfed1ffff] has been reserved
[    0.940137] system 00:01: [mem 0xfed14000-0xfed17fff] has been reserved
[    0.940231] system 00:01: [mem 0xfed18000-0xfed18fff] has been reserved
[    0.940324] system 00:01: [mem 0xfed19000-0xfed19fff] has been reserved
[    0.940450] system 00:01: Plug and Play ACPI device, IDs PNP0c02 (active)
[    0.940750] pnp 00:02: Plug and Play ACPI device, IDs PNP0b00 (active)
[    0.940878] pnp 00:03: Plug and Play ACPI device, IDs PNP0303 (active)
[    0.941005] pnp 00:04: Plug and Play ACPI device, IDs IBM3780 PNP0f13 (active)
[    0.941741] pnp 00:05: [dma 3]
[    0.941965] pnp 00:05: Plug and Play ACPI device, IDs IBM0071 PNP0511 (active)
[    0.942191] pnp 00:06: Plug and Play ACPI device, IDs ATM1200 PNP0c31 (active)
[    0.944571] pnp: PnP ACPI: found 7 devices
[    0.955023] thermal_sys: Registered thermal governor 'step_wise'
[    0.989632] clocksource: acpi_pm: mask: 0xffffff max_cycles: 0xffffff, max_idle_ns: 2085701024 ns
[    0.989859] pci 0000:00:1c.0: bridge window [mem 0x00100000-0x000fffff 64bit pref] to [bus 02] add_size 200000 add_align 100000
[    0.990026] pci 0000:00:1c.0: BAR 9: assigned [mem 0xc0000000-0xc01fffff 64bit pref]
[    0.990124] pci 0000:00:1c.0: PCI bridge to [bus 02]
[    0.990207] pci 0000:00:1c.0:   bridge window [io  0x2000-0x2fff]
[    0.990298] pci 0000:00:1c.0:   bridge window [mem 0xee000000-0xee0fffff]
[    0.990390] pci 0000:00:1c.0:   bridge window [mem 0xc0000000-0xc01fffff 64bit pref]
[    0.990491] pci 0000:00:1c.1: PCI bridge to [bus 03]
[    0.990572] pci 0000:00:1c.1:   bridge window [io  0x3000-0x4fff]
[    0.990663] pci 0000:00:1c.1:   bridge window [mem 0xec000000-0xedffffff]
[    0.990755] pci 0000:00:1c.1:   bridge window [mem 0xe4000000-0xe40fffff 64bit pref]
[    0.990855] pci 0000:00:1c.2: PCI bridge to [bus 04-0b]
[    0.990938] pci 0000:00:1c.2:   bridge window [io  0x5000-0x6fff]
[    0.991029] pci 0000:00:1c.2:   bridge window [mem 0xe8000000-0xe9ffffff]
[    0.991121] pci 0000:00:1c.2:   bridge window [mem 0xe4100000-0xe41fffff 64bit pref]
[    0.991222] pci 0000:00:1c.3: PCI bridge to [bus 0c-13]
[    0.991305] pci 0000:00:1c.3:   bridge window [io  0x7000-0x8fff]
[    0.991395] pci 0000:00:1c.3:   bridge window [mem 0xea000000-0xebffffff]
[    0.991488] pci 0000:00:1c.3:   bridge window [mem 0xe4200000-0xe42fffff 64bit pref]
[    0.991599] pci 0000:15:00.0: BAR 9: assigned [mem 0xe0000000-0xe3ffffff pref]
[    0.991695] pci 0000:15:00.0: BAR 10: assigned [mem 0xc4000000-0xc7ffffff]
[    0.991785] pci 0000:15:00.0: BAR 7: assigned [io  0x9000-0x90ff]
[    0.991872] pci 0000:15:00.0: BAR 8: assigned [io  0x9400-0x94ff]
[    0.991966] pci 0000:15:00.0: CardBus bridge to [bus 16-17]
[    0.992049] pci 0000:15:00.0:   bridge window [io  0x9000-0x90ff]
[    0.992138] pci 0000:15:00.0:   bridge window [io  0x9400-0x94ff]
[    0.992227] pci 0000:15:00.0:   bridge window [mem 0xe0000000-0xe3ffffff pref]
[    0.992323] pci 0000:15:00.0:   bridge window [mem 0xc4000000-0xc7ffffff]
[    0.992415] pci 0000:00:1e.0: PCI bridge to [bus 15-18]
[    0.992498] pci 0000:00:1e.0:   bridge window [io  0x9000-0xcfff]
[    0.992589] pci 0000:00:1e.0:   bridge window [mem 0xe4300000-0xe7ffffff]
[    0.992681] pci 0000:00:1e.0:   bridge window [mem 0xe0000000-0xe3ffffff 64bit pref]
[    0.992782] pci_bus 0000:00: resource 4 [io  0x0000-0x0cf7 window]
[    0.992868] pci_bus 0000:00: resource 5 [io  0x0d00-0xffff window]
[    0.992954] pci_bus 0000:00: resource 6 [mem 0x000a0000-0x000bffff window]
[    0.993044] pci_bus 0000:00: resource 7 [mem 0x000d0000-0x000d3fff window]
[    0.993133] pci_bus 0000:00: resource 8 [mem 0x000d4000-0x000d7fff window]
[    0.993223] pci_bus 0000:00: resource 9 [mem 0x000d8000-0x000dbfff window]
[    0.993313] pci_bus 0000:00: resource 10 [mem 0xc0000000-0xfebfffff window]
[    0.993403] pci_bus 0000:00: resource 11 [mem 0xfed40000-0xfed40fff window]
[    0.993493] pci_bus 0000:02: resource 0 [io  0x2000-0x2fff]
[    0.993576] pci_bus 0000:02: resource 1 [mem 0xee000000-0xee0fffff]
[    0.993662] pci_bus 0000:02: resource 2 [mem 0xc0000000-0xc01fffff 64bit pref]
[    0.993753] pci_bus 0000:03: resource 0 [io  0x3000-0x4fff]
[    0.993851] pci_bus 0000:03: resource 1 [mem 0xec000000-0xedffffff]
[    0.993937] pci_bus 0000:03: resource 2 [mem 0xe4000000-0xe40fffff 64bit pref]
[    0.994028] pci_bus 0000:04: resource 0 [io  0x5000-0x6fff]
[    0.994111] pci_bus 0000:04: resource 1 [mem 0xe8000000-0xe9ffffff]
[    0.994198] pci_bus 0000:04: resource 2 [mem 0xe4100000-0xe41fffff 64bit pref]
[    0.994289] pci_bus 0000:0c: resource 0 [io  0x7000-0x8fff]
[    0.994372] pci_bus 0000:0c: resource 1 [mem 0xea000000-0xebffffff]
[    0.994459] pci_bus 0000:0c: resource 2 [mem 0xe4200000-0xe42fffff 64bit pref]
[    0.994550] pci_bus 0000:15: resource 0 [io  0x9000-0xcfff]
[    0.994633] pci_bus 0000:15: resource 1 [mem 0xe4300000-0xe7ffffff]
[    0.994719] pci_bus 0000:15: resource 2 [mem 0xe0000000-0xe3ffffff 64bit pref]
[    0.994811] pci_bus 0000:15: resource 4 [io  0x0000-0x0cf7 window]
[    0.994897] pci_bus 0000:15: resource 5 [io  0x0d00-0xffff window]
[    0.994983] pci_bus 0000:15: resource 6 [mem 0x000a0000-0x000bffff window]
[    0.995073] pci_bus 0000:15: resource 7 [mem 0x000d0000-0x000d3fff window]
[    0.995162] pci_bus 0000:15: resource 8 [mem 0x000d4000-0x000d7fff window]
[    0.995251] pci_bus 0000:15: resource 9 [mem 0x000d8000-0x000dbfff window]
[    0.995341] pci_bus 0000:15: resource 10 [mem 0xc0000000-0xfebfffff window]
[    0.995431] pci_bus 0000:15: resource 11 [mem 0xfed40000-0xfed40fff window]
[    0.995522] pci_bus 0000:16: resource 0 [io  0x9000-0x90ff]
[    0.995605] pci_bus 0000:16: resource 1 [io  0x9400-0x94ff]
[    0.995688] pci_bus 0000:16: resource 2 [mem 0xe0000000-0xe3ffffff pref]
[    0.995777] pci_bus 0000:16: resource 3 [mem 0xc4000000-0xc7ffffff]
[    0.996312] NET: Registered protocol family 2
[    0.996895] tcp_listen_portaddr_hash hash table entries: 512 (order: 2, 20480 bytes, linear)
[    0.997048] TCP established hash table entries: 8192 (order: 3, 32768 bytes, linear)
[    0.997206] TCP bind hash table entries: 8192 (order: 6, 294912 bytes, linear)
[    0.997773] TCP: Hash tables configured (established 8192 bind 8192)
[    0.998189] UDP hash table entries: 512 (order: 3, 40960 bytes, linear)
[    0.998347] UDP-Lite hash table entries: 512 (order: 3, 40960 bytes, linear)
[    0.998637] NET: Registered protocol family 1
[    0.999339] RPC: Registered named UNIX socket transport module.
[    0.999427] RPC: Registered udp transport module.
[    0.999508] RPC: Registered tcp transport module.
[    0.999587] RPC: Registered tcp NFSv4.1 backchannel transport module.
[    1.004173] pci 0000:00:02.0: Video device with shadowed ROM at [mem 0x000c0000-0x000dffff]
[    1.007645] pci 0000:15:00.0: CLS mismatch (64 != 32), using 64 bytes
[    1.007855] PCI-DMA: Using software bounce buffering for IO (SWIOTLB)
[    1.007942] software IO TLB: mapped [mem 0x31d00000-0x35d00000] (64MB)
[    1.010596] Initialise system trusted keyrings
[    1.011064] workingset: timestamp_bits=30 max_order=20 bucket_order=0
[    1.011548] *** VALIDATE devpts ***
[    1.012755] *** VALIDATE coda ***
[    1.017335] Installing knfsd (copyright (C) 1996 okir@monad.swb.de).
[    1.018083] ntfs: driver 2.1.32 [Flags: R/W].
[    1.018372] *** VALIDATE autofs ***
[    1.018449] fuse: init (API version 7.31)
[    1.018539] *** VALIDATE fuse ***
[    1.018611] *** VALIDATE fuse ***
[    1.027939] Key type asymmetric registered
[    1.028025] Asymmetric key parser 'x509' registered
[    1.028235] bounce: pool size: 64 pages
[    1.028381] Block layer SCSI generic (bsg) driver version 0.4 loaded (major 249)
[    1.028485] io scheduler mq-deadline registered
[    1.028598] io scheduler bfq registered
[    1.031784] intel_idle: does not run on family 6 model 14
[    1.032227] ACPI: Deprecated procfs I/F for AC is loaded, please retry with CONFIG_ACPI_PROCFS_POWER cleared
[    1.032629] ACPI: AC Adapter [AC] (on-line)
[    1.033013] input: Lid Switch as /devices/LNXSYSTM:00/LNXSYBUS:00/PNP0C0D:00/input/input0
[    1.033957] ACPI: Lid Switch [LID]
[    1.034232] input: Sleep Button as /devices/LNXSYSTM:00/LNXSYBUS:00/PNP0C0E:00/input/input1
[    1.037898] ACPI: Sleep Button [SLPB]
[    1.038199] input: Power Button as /devices/LNXSYSTM:00/LNXPWRBN:00/input/input2
[    1.041897] ACPI: Power Button [PWRF]
[    1.042405] ACPI: Video Device [VID] (multi-head: yes  rom: no  post: no)
[    1.052022] acpi device:01: registered as cooling_device0
[    1.052493] input: Video Bus as /devices/LNXSYSTM:00/LNXSYBUS:00/PNP0A08:00/LNXVIDEO:00/input/input3
[    1.069475] thermal LNXTHERM:00: registered as thermal_zone0
[    1.069563] ACPI: Thermal Zone [THM0] (82 C)
[    1.073463] thermal LNXTHERM:01: registered as thermal_zone1
[    1.073550] ACPI: Thermal Zone [THM1] (81 C)
[    1.074353] Serial: 8250/16550 driver, 4 ports, IRQ sharing disabled
[    1.075039] serial8250: ttyS1 at I/O 0x2f8 (irq = 3, base_baud = 921600) is a NS16550A
[    1.077350] lp: driver loaded but no devices found
[    1.077604] Non-volatile memory driver v1.3
[    1.078085] intel_rng: FWH not detected
[    1.078331] Linux agpgart interface v0.103
[    1.079101] [drm] radeon kernel modesetting enabled.
[    1.080327] pci 0000:00:00.0: Intel 945GM Chipset
[    1.080435] pci 0000:00:00.0: detected gtt size: 262144K total, 262144K mappable
[    1.081123] pci 0000:00:00.0: detected 8192K stolen memory
[    1.081383] i915 0000:00:02.0: vgaarb: deactivate vga console
[    1.082424] Console: switching to colour dummy device 80x25
[    1.084277] [drm] Supports vblank timestamp caching Rev 2 (21.10.2013).
[    1.084316] [drm] Driver supports precise vblank timestamp query.
[    1.084368] resource sanity check: requesting [mem 0x000c0000-0x000dffff], which spans more than pnp 00:00 [mem 0x000c8000-0x000cbfff]
[    1.084441] caller pci_map_rom+0x6f/0x174 mapping multiple BARs
[    1.086645] i915 0000:00:02.0: vgaarb: changed VGA decodes: olddecodes=io+mem,decodes=io+mem:owns=io+mem
[    1.097958] random: fast init done
[    1.112603] battery: ACPI: Deprecated procfs I/F for battery is loaded, please retry with CONFIG_ACPI_PROCFS_POWER cleared
[    1.112688] battery: ACPI: Battery Slot [BAT0] (battery present)
[    1.119435] [drm] RC6 disabled, disabling runtime PM support
[    1.119765] [drm] Initialized overlay support.
[    1.121360] [drm] Initialized i915 1.6.0 20190708 for 0000:00:02.0 on minor 0
[    1.122423] usbcore: registered new interface driver udl
[    1.135899] loop: module loaded
[    1.136731] fbcon: i915drmfb (fb0) is primary device
[    1.163326] ahci 0000:00:1f.2: version 3.0
[    1.164069] ahci 0000:00:1f.2: AHCI 0001.0100 32 slots 4 ports 1.5 Gbps 0x1 impl SATA mode
[    1.164074] ahci 0000:00:1f.2: flags: 64bit ncq pm led clo pio slum part 
[    1.166527] scsi host0: ahci
[    1.167142] scsi host1: ahci
[    1.167664] scsi host2: ahci
[    1.168225] scsi host3: ahci
[    1.168549] ata1: SATA max UDMA/133 abar m1024@0xee444400 port 0xee444500 irq 16
[    1.168551] ata2: DUMMY
[    1.168553] ata3: DUMMY
[    1.168555] ata4: DUMMY
[    1.168726] ata_piix 0000:00:1f.1: version 2.13
[    1.171753] scsi host4: ata_piix
[    1.176434] scsi host5: ata_piix
[    1.176664] ata5: PATA max UDMA/100 cmd 0x1f0 ctl 0x3f6 bmdma 0x1810 irq 14
[    1.176666] ata6: PATA max UDMA/100 cmd 0x170 ctl 0x376 bmdma 0x1818 irq 15
[    1.177968] tun: Universal TUN/TAP device driver, 1.6
[    1.178354] ata6: port disabled--ignoring
[    1.178675] e1000: Intel(R) PRO/1000 Network Driver - version 7.3.21-k8-NAPI
[    1.178677] e1000: Copyright (c) 1999-2006 Intel Corporation.
[    1.178749] e1000e: Intel(R) PRO/1000 Network Driver - 3.2.6-k
[    1.178750] e1000e: Copyright(c) 1999 - 2015 Intel Corporation.
[    1.178862] e1000e 0000:02:00.0: Disabling ASPM  L1
[    1.178866] e1000e 0000:02:00.0: can't disable ASPM; OS doesn't have ASPM control
[    1.179284] e1000e 0000:02:00.0: Interrupt Throttling Rate (ints/sec) set to dynamic conservative mode
[    1.285103] e1000e 0000:02:00.0 eth0: (PCI Express:2.5GT/s:Width x1) 00:16:d3:25:19:04
[    1.285133] e1000e 0000:02:00.0 eth0: Intel(R) PRO/1000 Network Connection
[    1.285212] e1000e 0000:02:00.0 eth0: MAC: 2, PHY: 2, PBA No: 005302-003
[    1.285458] PPP generic driver version 2.4.2
[    1.285665] PPP BSD Compression module registered
[    1.285669] PPP Deflate Compression module registered
[    1.285671] SLIP: version 0.8.4-NET3.019-NEWTTY (dynamic channels, max=256).
[    1.285672] CSLIP: code copyright 1989 Regents of the University of California.
[    1.285759] iwl3945: Intel(R) PRO/Wireless 3945ABG/BG Network Connection driver for Linux, in-tree:ds
[    1.285760] iwl3945: Copyright(c) 2003-2011 Intel Corporation
[    1.285761] iwl3945: hw_scan is disabled
[    1.285974] iwl3945 0000:03:00.0: can't disable ASPM; OS doesn't have ASPM control
[    1.340441] iwl3945 0000:03:00.0: Tunable channels: 11 802.11bg, 13 802.11a channels
[    1.340445] iwl3945 0000:03:00.0: Detected Intel Wireless WiFi Link 3945ABG
[    1.345662] ieee80211 phy0: Selected rate control algorithm 'iwl-3945-rs'
[    1.347089] Intel(R) Wireless WiFi driver for Linux
[    1.347091] Copyright(c) 2003- 2015 Intel Corporation
[    1.347459] usbcore: registered new interface driver ax88179_178a
[    1.347575] usbcore: registered new interface driver cdc_ether
[    1.347677] usbcore: registered new interface driver net1080
[    1.347788] usbcore: registered new interface driver cdc_subset
[    1.347889] usbcore: registered new interface driver zaurus
[    1.348010] usbcore: registered new interface driver cdc_ncm
[    1.348093] pci 0000:00:1e.0: enabling device (0005 -> 0007)
[    1.348326] yenta_cardbus 0000:15:00.0: CardBus bridge found [17aa:201c]
[    1.485734] ata1: SATA link up 1.5 Gbps (SStatus 113 SControl 300)
[    1.546334] ata1.00: ACPI cmd ef/02:00:00:00:00:a0 (SET FEATURES) succeeded
[    1.546339] ata1.00: ACPI cmd f5/00:00:00:00:00:a0 (SECURITY FREEZE LOCK) filtered out
[    1.546343] ata1.00: ACPI cmd ef/10:03:00:00:00:a0 (SET FEATURES) filtered out
[    1.590408] ata1.00: ATA-9: ST1000LM014-1EJ164, SM11, max UDMA/133
[    1.590411] ata1.00: 1953525168 sectors, multi 16: LBA48 NCQ (depth 32), AA
[    1.635022] ata1.00: ACPI cmd ef/02:00:00:00:00:a0 (SET FEATURES) succeeded
[    1.635027] ata1.00: ACPI cmd f5/00:00:00:00:00:a0 (SECURITY FREEZE LOCK) filtered out
[    1.635030] ata1.00: ACPI cmd ef/10:03:00:00:00:a0 (SET FEATURES) filtered out
[    1.679171] ata1.00: configured for UDMA/133
[    1.854345] Console: switching to colour frame buffer device 102x42
[    1.990537] i915 0000:00:02.0: fb0: i915drmfb frame buffer device
[    1.994125] scsi 0:0:0:0: Direct-Access     ATA      ST1000LM014-1EJ1 SM11 PQ: 0 ANSI: 5
[    1.997875] sd 0:0:0:0: Attached scsi generic sg0 type 0
[    1.998036] sd 0:0:0:0: [sda] 1953525168 512-byte logical blocks: (1.00 TB/932 GiB)
[    2.003559] sd 0:0:0:0: [sda] 4096-byte physical blocks
[    2.006472] sd 0:0:0:0: [sda] Write Protect is off
[    2.009272] sd 0:0:0:0: [sda] Mode Sense: 00 3a 00 00
[    2.009389] sd 0:0:0:0: [sda] Write cache: enabled, read cache: enabled, doesn't support DPO or FUA
[    2.032576]  sda: sda1 sda2 sda3 sda4
[    2.037750] sd 0:0:0:0: [sda] Attached SCSI disk
[    2.178749] yenta_cardbus 0000:15:00.0: ISA IRQ mask 0x0cb8, PCI irq 16
[    2.181608] yenta_cardbus 0000:15:00.0: Socket status: 30000006
[    2.184466] yenta_cardbus 0000:15:00.0: pcmcia: parent PCI bridge window: [io  0x9000-0xcfff]
[    2.187307] yenta_cardbus 0000:15:00.0: pcmcia: parent PCI bridge window: [mem 0xe4300000-0xe7ffffff]
[    2.190081] pcmcia_socket pcmcia_socket0: cs: memory probe 0xe4300000-0xe7ffffff:
[    2.192875]  excluding 0xe4300000-0xe46cffff
[    2.195679] yenta_cardbus 0000:15:00.0: pcmcia: parent PCI bridge window: [mem 0xe0000000-0xe3ffffff 64bit pref]
[    2.198618] pcmcia_socket pcmcia_socket0: cs: memory probe 0xe0000000-0xe3ffffff:
[    2.201599]  excluding 0xe0000000-0xe3ffffff
[    2.205511] ehci_hcd: USB 2.0 'Enhanced' Host Controller (EHCI) Driver
[    2.208550] ehci-pci: EHCI PCI platform driver
[    2.212000] ehci-pci 0000:00:1d.7: EHCI Host Controller
[    2.215285] ehci-pci 0000:00:1d.7: new USB bus registered, assigned bus number 1
[    2.218423] ehci-pci 0000:00:1d.7: debug port 1
[    2.225449] ehci-pci 0000:00:1d.7: cache line size of 64 is not supported
[    2.228670] ehci-pci 0000:00:1d.7: irq 19, io mem 0xee444000
[    2.245918] ehci-pci 0000:00:1d.7: USB 2.0 started, EHCI 1.00
[    2.249412] usb usb1: New USB device found, idVendor=1d6b, idProduct=0002, bcdDevice= 5.02
[    2.252683] usb usb1: New USB device strings: Mfr=3, Product=2, SerialNumber=1
[    2.255918] usb usb1: Product: EHCI Host Controller
[    2.259084] usb usb1: Manufacturer: Linux 5.2.0-next-20190719+ ehci_hcd
[    2.262291] usb usb1: SerialNumber: 0000:00:1d.7
[    2.266132] hub 1-0:1.0: USB hub found
[    2.269577] hub 1-0:1.0: 8 ports detected
[    2.274411] ohci_hcd: USB 1.1 'Open' Host Controller (OHCI) Driver
[    2.277477] ohci-pci: OHCI PCI platform driver
[    2.280548] uhci_hcd: USB Universal Host Controller Interface driver
[    2.284108] uhci_hcd 0000:00:1d.0: UHCI Host Controller
[    2.287424] uhci_hcd 0000:00:1d.0: new USB bus registered, assigned bus number 2
[    2.290512] uhci_hcd 0000:00:1d.0: detected 2 ports
[    2.293494] uhci_hcd 0000:00:1d.0: irq 16, io base 0x00001820
[    2.296697] usb usb2: New USB device found, idVendor=1d6b, idProduct=0001, bcdDevice= 5.02
[    2.299740] usb usb2: New USB device strings: Mfr=3, Product=2, SerialNumber=1
[    2.302803] usb usb2: Product: UHCI Host Controller
[    2.305771] usb usb2: Manufacturer: Linux 5.2.0-next-20190719+ uhci_hcd
[    2.308730] usb usb2: SerialNumber: 0000:00:1d.0
[    2.312231] hub 2-0:1.0: USB hub found
[    2.315177] hub 2-0:1.0: 2 ports detected
[    2.319013] uhci_hcd 0000:00:1d.1: UHCI Host Controller
[    2.322139] uhci_hcd 0000:00:1d.1: new USB bus registered, assigned bus number 3
[    2.325076] uhci_hcd 0000:00:1d.1: detected 2 ports
[    2.327942] uhci_hcd 0000:00:1d.1: irq 17, io base 0x00001840
[    2.330963] usb usb3: New USB device found, idVendor=1d6b, idProduct=0001, bcdDevice= 5.02
[    2.333759] usb usb3: New USB device strings: Mfr=3, Product=2, SerialNumber=1
[    2.336490] usb usb3: Product: UHCI Host Controller
[    2.339141] usb usb3: Manufacturer: Linux 5.2.0-next-20190719+ uhci_hcd
[    2.341793] usb usb3: SerialNumber: 0000:00:1d.1
[    2.345014] hub 3-0:1.0: USB hub found
[    2.347750] hub 3-0:1.0: 2 ports detected
[    2.351399] uhci_hcd 0000:00:1d.2: UHCI Host Controller
[    2.354228] uhci_hcd 0000:00:1d.2: new USB bus registered, assigned bus number 4
[    2.356847] uhci_hcd 0000:00:1d.2: detected 2 ports
[    2.359499] uhci_hcd 0000:00:1d.2: irq 18, io base 0x00001860
[    2.362330] usb usb4: New USB device found, idVendor=1d6b, idProduct=0001, bcdDevice= 5.02
[    2.364968] usb usb4: New USB device strings: Mfr=3, Product=2, SerialNumber=1
[    2.367609] usb usb4: Product: UHCI Host Controller
[    2.370192] usb usb4: Manufacturer: Linux 5.2.0-next-20190719+ uhci_hcd
[    2.372794] usb usb4: SerialNumber: 0000:00:1d.2
[    2.375955] hub 4-0:1.0: USB hub found
[    2.378581] hub 4-0:1.0: 2 ports detected
[    2.382208] uhci_hcd 0000:00:1d.3: UHCI Host Controller
[    2.384995] uhci_hcd 0000:00:1d.3: new USB bus registered, assigned bus number 5
[    2.387621] uhci_hcd 0000:00:1d.3: detected 2 ports
[    2.390230] uhci_hcd 0000:00:1d.3: irq 19, io base 0x00001880
[    2.392975] usb usb5: New USB device found, idVendor=1d6b, idProduct=0001, bcdDevice= 5.02
[    2.395614] usb usb5: New USB device strings: Mfr=3, Product=2, SerialNumber=1
[    2.398244] usb usb5: Product: UHCI Host Controller
[    2.400836] usb usb5: Manufacturer: Linux 5.2.0-next-20190719+ uhci_hcd
[    2.403446] usb usb5: SerialNumber: 0000:00:1d.3
[    2.406558] hub 5-0:1.0: USB hub found
[    2.409101] hub 5-0:1.0: 2 ports detected
[    2.412393] usbcore: registered new interface driver cdc_acm
[    2.414943] cdc_acm: USB Abstract Control Model driver for USB modems and ISDN adapters
[    2.417567] usbcore: registered new interface driver usblp
[    2.420252] usbcore: registered new interface driver usb-storage
[    2.422876] usbcore: registered new interface driver ums-sddr09
[    2.425508] usbcore: registered new interface driver usbserial_generic
[    2.428063] usbserial: USB Serial support registered for generic
[    2.430648] usbcore: registered new interface driver ch341
[    2.433136] usbserial: USB Serial support registered for ch341-uart
[    2.435676] usbcore: registered new interface driver ftdi_sio
[    2.438187] usbserial: USB Serial support registered for FTDI USB Serial Device
[    2.440796] usbcore: registered new interface driver option
[    2.443346] usbserial: USB Serial support registered for GSM modem (1-port)
[    2.446063] usbcore: registered new interface driver pl2303
[    2.448694] usbserial: USB Serial support registered for pl2303
[    2.451384] usbcore: registered new interface driver ti_usb_3410_5052
[    2.454073] usbserial: USB Serial support registered for TI USB 3410 1 port adapter
[    2.456807] usbserial: USB Serial support registered for TI USB 5052 2 port adapter
[    2.459501] ftdi_elan: driver ftdi-elan
[    2.462139] usbcore: registered new interface driver ftdi-elan
[    2.464908] i8042: PNP: PS/2 Controller [PNP0303:KBD,PNP0f13:MOU] at 0x60,0x64 irq 1,12
[    2.478612] serio: i8042 KBD port at 0x60,0x64 irq 1
[    2.481518] serio: i8042 AUX port at 0x60,0x64 irq 12
[    2.484760] mousedev: PS/2 mouse device common for all mice
[    2.488615] input: PC Speaker as /devices/platform/pcspkr/input/input4
[    2.491955] rtc_cmos 00:02: RTC can wake from S4
[    2.495136] rtc_cmos 00:02: registered as rtc0
[    2.497984] rtc_cmos 00:02: alarms up to one month, y3k, 114 bytes nvram, hpet irqs
[    2.500886] usbcore: registered new interface driver uvcvideo
[    2.503691] USB Video Class driver (1.1.1)
[    2.506414] gspca_main: v2.14.0 registered
[    2.509151] usbcore: registered new interface driver sq930x
[    2.512022] input: AT Translated Set 2 keyboard as /devices/platform/i8042/serio0/input/input5
[    2.520846] device-mapper: ioctl: 4.40.0-ioctl (2019-01-18) initialised: dm-devel@redhat.com
[    2.526237] Bluetooth: HCI UART driver ver 2.3
[    2.529027] Bluetooth: HCI UART protocol H4 registered
[    2.531905] Bluetooth: HCI UART protocol BCSP registered
[    2.534800] usbcore: registered new interface driver btusb
[    2.537562] intel_pstate: CPU model not supported
[    2.540401] sdhci: Secure Digital Host Controller Interface driver
[    2.543213] sdhci: Copyright(c) Pierre Ossman
[    2.546075] sdhci-pci 0000:15:00.2: SDHCI controller found [1180:0822] (rev 18)
[    2.549326] sdhci-pci 0000:15:00.2: Will use DMA mode even though HW doesn't fully claim to support it.
[    2.552785] mmc0 bounce up to 128 segments into one, max segment size 65536 bytes
[    2.556646] sdhci-pci 0000:15:00.2: Will use DMA mode even though HW doesn't fully claim to support it.
[    2.560441] mmc0: SDHCI controller on PCI [0000:15:00.2] using DMA
[    2.563968] hidraw: raw HID events driver (C) Jiri Kosina
[    2.568289] usbcore: registered new interface driver usbhid
[    2.571357] usbhid: USB HID core driver
[    2.575133] thinkpad_acpi: ThinkPad ACPI Extras v0.26
[    2.578123] thinkpad_acpi: http://ibm-acpi.sf.net/
[    2.581057] thinkpad_acpi: ThinkPad BIOS 7BETD8WW (2.19 ), EC 7BHT40WW-1.13
[    2.584044] thinkpad_acpi: Lenovo ThinkPad X60, model 17097HU
[    2.593504] thinkpad_acpi: ACPI backlight control delay disabled
[    2.597205] thinkpad_acpi: radio switch found; radios are enabled
[    2.600337] thinkpad_acpi: This ThinkPad has standard ACPI backlight brightness control, supported by the ACPI video driver
[    2.602586] sdhci-pci 0000:15:00.2: Will use DMA mode even though HW doesn't fully claim to support it.
[    2.606535] thinkpad_acpi: Disabling thinkpad-acpi brightness events by default...
[    2.623854] thinkpad_acpi: rfkill switch tpacpi_bluetooth_sw: radio is unblocked
[    2.630427] thinkpad_acpi: warning: userspace override of important firmware LEDs is enabled
[    2.638629] thinkpad_acpi: Standard ACPI backlight interface available, not loading native one
[    2.642025] thinkpad_acpi: volume: disabled as there is no ALSA support in this kernel
[    2.646326] thinkpad_acpi: battery 1 registered (start 0, stop 0)
[    2.646334] battery: new extension: ThinkPad Battery Extension
[    2.653380] input: ThinkPad Extra Buttons as /devices/platform/thinkpad_acpi/input/input8
[    2.659426] sdhci-pci 0000:15:00.2: Will use DMA mode even though HW doesn't fully claim to support it.
[    2.662140] snd_hda_intel 0000:00:1b.0: probe_mask set to 0x1 for device 17aa:2010
[    2.668892] usbcore: registered new interface driver snd-usb-audio
[    2.674981] NET: Registered protocol family 17
[    2.684690] snd_hda_codec_analog hdaudioC0D0: autoconfig for AD1981: line_outs=1 (0x5/0x0/0x0/0x0/0x0) type:speaker
[    2.692031] snd_hda_codec_analog hdaudioC0D0:    speaker_outs=0 (0x0/0x0/0x0/0x0/0x0)
[    2.692066] Bluetooth: RFCOMM TTY layer initialized
[    2.695971] snd_hda_codec_analog hdaudioC0D0:    hp_outs=0 (0x0/0x0/0x0/0x0/0x0)
[    2.699541] Bluetooth: RFCOMM socket layer initialized
[    2.703480] snd_hda_codec_analog hdaudioC0D0:    mono: mono_out=0x0
[    2.707010] Bluetooth: RFCOMM ver 1.11
[    2.710885] snd_hda_codec_analog hdaudioC0D0:    inputs:
[    2.714321] Bluetooth: BNEP (Ethernet Emulation) ver 1.3
[    2.718348] snd_hda_codec_analog hdaudioC0D0:      Mic=0x8
[    2.721566] Bluetooth: BNEP filters: protocol multicast
[    2.725142] snd_hda_codec_analog hdaudioC0D0:      CD=0x19
[    2.728579] Bluetooth: BNEP socket layer initialized
[    2.728582] Bluetooth: HIDP (Human Interface Emulation) ver 1.2
[    2.739012] Bluetooth: HIDP socket layer initialized
[    2.743295] microcode: sig=0x6e8, pf=0x20, revision=0x39
[    2.747277] microcode: Microcode Update Driver: v2.2.
[    2.747283] Using IPI No-Shortcut mode
[    2.755880] Loading compiled-in X.509 certificates
[    2.759612] *** VALIDATE pstore ***
[    2.770714] Key type encrypted registered
[    2.775049] rtc_cmos 00:02: setting system clock to 2019-07-20T19:52:04 UTC (1563652324)
[    2.778632] sdhci-pci 0000:15:00.2: Will use DMA mode even though HW doesn't fully claim to support it.
[    2.786070] cfg80211: Loading compiled-in X.509 certificates for regulatory database
[    2.792283] cfg80211: Loaded X.509 cert 'sforshee: 00b28ddf47aef9cea7'
[    2.796148] platform regulatory.0: Direct firmware load for regulatory.db failed with error -2
[    2.799588] cfg80211: failed to load regulatory.db
[    2.808823] PM: Image not found (code -22)
[    2.808857] ALSA device list:
[    2.812294]   #0: HDA Intel at 0xee240000 irq 17
[    2.844177] sdhci-pci 0000:15:00.2: Will use DMA mode even though HW doesn't fully claim to support it.
[    2.901921] usb 5-1: new full-speed USB device number 2 using uhci_hcd
[    3.095220] usb 5-1: New USB device found, idVendor=0a5c, idProduct=2110, bcdDevice= 1.00
[    3.101278] usb 5-1: New USB device strings: Mfr=1, Product=2, SerialNumber=0
[    3.107164] usb 5-1: Product: BCM2045B
[    3.112876] usb 5-1: Manufacturer: Broadcom Corp
[    3.133724] psmouse serio1: trackpoint: IBM TrackPoint firmware: 0x0e, buttons: 3/3
[    3.156477] input: TPPS/2 IBM TrackPoint as /devices/platform/i8042/serio1/input/input7
[    3.167734] md: Waiting for all devices to be available before autodetect
[    3.171972] md: If you don't use raid, use raid=noautodetect
[    3.177076] md: Autodetecting RAID arrays.
[    3.181222] md: autorun ...
[    3.184295] md: ... autorun DONE.
[    3.193569] EXT4-fs (sda4): mounted filesystem with ordered data mode. Opts: (null)
[    3.196782] VFS: Mounted root (ext4 filesystem) readonly on device 8:4.
[    3.200395] devtmpfs: mounted
[    3.204320] Freeing unused kernel image memory: 640K
[    3.214208] Write protecting kernel text and read-only data: 17644k
[    3.218329] NX-protecting the kernel data: 7808k
[    3.223528] x86/mm: Checked W+X mappings: passed, no W+X pages found.
[    3.227692] rodata_test: all tests were successful
[    3.230960] x86/mm: Checking user space page tables
[    3.234156] x86/mm: Checked W+X mappings: passed, no W+X pages found.
[    3.237285] Run /sbin/init as init process
[    3.435398] random: systemd: uninitialized urandom read (16 bytes read)
[    3.441388] systemd[1]: systemd 215 running in system mode. (+PAM +AUDIT +SELINUX +IMA +SYSVINIT +LIBCRYPTSETUP +GCRYPT +ACL +XZ -SECCOMP -APPARMOR)
[    3.470154] systemd[1]: Detected architecture 'x86'.
[    3.551044] systemd[1]: Failed to insert module 'ipv6'
[    3.567460] systemd[1]: Set hostname to <amd>.
[    3.653321] random: systemd-sysv-ge: uninitialized urandom read (16 bytes read)
[    3.937932] usb 5-2: new full-speed USB device number 3 using uhci_hcd
[    3.986134] random: systemd-sysv-ge: uninitialized urandom read (16 bytes read)
[    4.140225] usb 5-2: New USB device found, idVendor=0483, idProduct=2016, bcdDevice= 0.01
[    4.145973] usb 5-2: New USB device strings: Mfr=1, Product=2, SerialNumber=0
[    4.151526] usb 5-2: Product: Biometric Coprocessor
[    4.156934] usb 5-2: Manufacturer: STMicroelectronics
[    4.564166] systemd[1]: Binding to IPv6 address not available since kernel does not support IPv6.
[    4.569725] systemd[1]: [/lib/systemd/system/gpsd.socket:6] Failed to parse address value, ignoring: [::1]:2947
[    4.582518] systemd[1]: Starting Forward Password Requests to Wall Directory Watch.
[    4.586284] systemd[1]: Started Forward Password Requests to Wall Directory Watch.
[    4.589444] systemd[1]: Starting Remote File Systems (Pre).
[    4.597578] systemd[1]: Reached target Remote File Systems (Pre).
[    5.074967] systemd-udevd[2369]: starting version 215
[    6.302772] EXT4-fs (sda4): re-mounted. Opts: errors=remount-ro
[    6.340997] random: crng init done
[    6.343430] random: 7 urandom warning(s) missed due to ratelimiting
[    6.493948] e1000e 0000:02:00.0 eth1: renamed from eth0
[    6.514293] systemd-udevd[2454]: renamed network interface eth0 to eth1
[    7.774025] Adding 2097148k swap on /dev/sda1.  Priority:-2 extents:1 across:2097148k 
[    8.208395] EXT4-fs (sda2): mounted filesystem with ordered data mode. Opts: errors=remount-ro
[    8.316715] systemd-journald[1599]: Received request to flush runtime journal from PID 1
[   18.327978] iwl3945 0000:03:00.0: loaded firmware version 15.32.2.9
[   33.576586] wlan0: authenticate with 5c:f4:ab:10:d2:bb
[   33.576870] wlan0: send auth to 5c:f4:ab:10:d2:bb (try 1/3)
[   33.579694] wlan0: authenticated
[   33.582358] wlan0: associate with 5c:f4:ab:10:d2:bb (try 1/3)
[   33.585121] wlan0: RX AssocResp from 5c:f4:ab:10:d2:bb (capab=0x411 status=0 aid=1)
[   33.586908] wlan0: associated
[   39.469101] wlan0: deauthenticating from 5c:f4:ab:10:d2:bb by local choice (Reason: 3=DEAUTH_LEAVING)
[   39.671369] PM: suspend entry (deep)
[   40.428008] Filesystems sync: 0.756 seconds
[   40.429168] Freezing user space processes ... (elapsed 0.005 seconds) done.
[   40.434407] OOM killer disabled.
[   40.434417] Freezing remaining freezable tasks ... (elapsed 0.001 seconds) done.
[   40.436248] printk: Suspending console(s) (use no_console_suspend to debug)
[   40.465086] e1000e: EEE TX LPI TIMER: 00000000
[   40.478001] sd 0:0:0:0: [sda] Synchronizing SCSI cache
[   40.478248] sd 0:0:0:0: [sda] Stopping disk
[   40.806014] PM: suspend devices took 0.372 seconds
[   40.829059] ACPI: EC: interrupt blocked
[   40.850346] ACPI: Preparing to enter system sleep state S3
[   40.866122] ACPI: EC: event blocked
[   40.866127] ACPI: EC: EC stopped
[   40.866134] PM: Saving platform NVS memory
[   40.866433] Disabling non-boot CPUs ...
[   40.868262] IRQ 17: no longer affine to CPU1
[   40.869327] smpboot: CPU 1 is now offline
[   40.872793] ACPI: Low-level resume complete
[   40.872793] ACPI: EC: EC started
[   40.872793] PM: Restoring platform NVS memory
[   40.872793] Enabling non-boot CPUs ...
[   40.874467] x86: Booting SMP configuration:
[   40.874472] smpboot: Booting Node 0 Processor 1 APIC 0x1
[   40.869283] Initializing CPU#1
[   40.869283] Disabled fast string operations
[   40.878888] CPU1 is up
[   40.880267] ACPI: Waking up from system sleep state S3
[   40.913890] ACPI: EC: interrupt unblocked
[   40.938914] usb usb5: root hub lost power or was reset
[   40.939276] sdhci-pci 0000:15:00.2: Will use DMA mode even though HW doesn't fully claim to support it.
[   40.939288] sdhci-pci 0000:15:00.2: Will use DMA mode even though HW doesn't fully claim to support it.
[   40.942200] ACPI: EC: event unblocked
[   40.943183] usb usb2: root hub lost power or was reset
[   40.944421] usb usb3: root hub lost power or was reset
[   40.945604] usb usb4: root hub lost power or was reset
[   40.947800] sd 0:0:0:0: [sda] Starting disk
[   40.948095] ata6: port disabled--ignoring
[   41.118215] thinkpad_acpi: ACPI backlight control delay disabled
[   41.253457] ata1: SATA link up 1.5 Gbps (SStatus 113 SControl 300)
[   41.254432] ata1.00: ACPI cmd ef/02:00:00:00:00:a0 (SET FEATURES) succeeded
[   41.254441] ata1.00: ACPI cmd f5/00:00:00:00:00:a0 (SECURITY FREEZE LOCK) filtered out
[   41.254449] ata1.00: ACPI cmd ef/10:03:00:00:00:a0 (SET FEATURES) filtered out
[   41.256193] ata1.00: ACPI cmd ef/02:00:00:00:00:a0 (SET FEATURES) succeeded
[   41.256203] ata1.00: ACPI cmd f5/00:00:00:00:00:a0 (SECURITY FREEZE LOCK) filtered out
[   41.256211] ata1.00: ACPI cmd ef/10:03:00:00:00:a0 (SET FEATURES) filtered out
[   41.256679] ata1.00: configured for UDMA/133
[   41.302024] usb 5-2: reset full-speed USB device number 3 using uhci_hcd
[   41.585911] usb 5-1: reset full-speed USB device number 2 using uhci_hcd
[   45.057781] PM: resume devices took 4.120 seconds
[   45.058410] OOM killer enabled.
[   45.058417] Restarting tasks ... done.
[   45.081960] video LNXVIDEO:00: Restoring backlight state
[   45.119829] PM: suspend exit
[   45.157563] sdhci-pci 0000:15:00.2: Will use DMA mode even though HW doesn't fully claim to support it.
[   45.193232] e1000e: eth1 NIC Link is Down
[   45.198417] sdhci-pci 0000:15:00.2: Will use DMA mode even though HW doesn't fully claim to support it.
[   45.249036] sdhci-pci 0000:15:00.2: Will use DMA mode even though HW doesn't fully claim to support it.
[   45.318330] sdhci-pci 0000:15:00.2: Will use DMA mode even though HW doesn't fully claim to support it.
[   47.716912] wlan0: authenticate with 5c:f4:ab:10:d2:bb
[   47.718639] wlan0: send auth to 5c:f4:ab:10:d2:bb (try 1/3)
[   47.720704] wlan0: authenticated
[   47.725904] wlan0: associate with 5c:f4:ab:10:d2:bb (try 1/3)
[   47.730253] wlan0: RX AssocResp from 5c:f4:ab:10:d2:bb (capab=0x411 status=0 aid=1)
[   47.731852] wlan0: associated
