[    0.000000] Linux version 4.19.0-next-20181102+ (pavel@duo) (gcc version 4.9.2 (Debian 4.9.2-10+deb8u1)) #1 SMP Sun Nov 4 20:39:07 CET 2018
[    0.000000] Disabled fast string operations
[    0.000000] x86/fpu: x87 FPU will use FXSAVE
[    0.000000] BIOS-provided physical RAM map:
[    0.000000] BIOS-e820: [mem 0x0000000000000000-0x000000000009efff] usable
[    0.000000] BIOS-e820: [mem 0x000000000009f000-0x000000000009ffff] reserved
[    0.000000] BIOS-e820: [mem 0x00000000000dc000-0x00000000000fffff] reserved
[    0.000000] BIOS-e820: [mem 0x0000000000100000-0x00000000bf6cffff] usable
[    0.000000] BIOS-e820: [mem 0x00000000bf6d0000-0x00000000bf6defff] ACPI data
[    0.000000] BIOS-e820: [mem 0x00000000bf6df000-0x00000000bf6fffff] ACPI NVS
[    0.000000] BIOS-e820: [mem 0x00000000bf700000-0x00000000bfffffff] reserved
[    0.000000] BIOS-e820: [mem 0x00000000f0000000-0x00000000f3ffffff] reserved
[    0.000000] BIOS-e820: [mem 0x00000000fec00000-0x00000000fec0ffff] reserved
[    0.000000] BIOS-e820: [mem 0x00000000fed00000-0x00000000fed003ff] reserved
[    0.000000] BIOS-e820: [mem 0x00000000fed14000-0x00000000fed19fff] reserved
[    0.000000] BIOS-e820: [mem 0x00000000fed1c000-0x00000000fed8ffff] reserved
[    0.000000] BIOS-e820: [mem 0x00000000fee00000-0x00000000fee00fff] reserved
[    0.000000] BIOS-e820: [mem 0x00000000ff800000-0x00000000ffffffff] reserved
[    0.000000] NX (Execute Disable) protection: active
[    0.000000] SMBIOS 2.4 present.
[    0.000000] DMI: LENOVO 17097HU/17097HU, BIOS 7BETD8WW (2.19 ) 03/31/2011
[    0.000000] tsc: Fast TSC calibration failed
[    0.000000] e820: update [mem 0x00000000-0x00000fff] usable ==> reserved
[    0.000000] e820: remove [mem 0x000a0000-0x000fffff] usable
[    0.000000] last_pfn = 0xbf6d0 max_arch_pfn = 0x1000000
[    0.000000] MTRR default type: uncachable
[    0.000000] MTRR fixed ranges enabled:
[    0.000000]   00000-9FFFF write-back
[    0.000000]   A0000-BFFFF uncachable
[    0.000000]   C0000-CFFFF write-protect
[    0.000000]   D0000-DBFFF uncachable
[    0.000000]   DC000-DFFFF write-back
[    0.000000]   E0000-FFFFF write-protect
[    0.000000] MTRR variable ranges enabled:
[    0.000000]   0 base 000000000 mask F80000000 write-back
[    0.000000]   1 base 080000000 mask FC0000000 write-back
[    0.000000]   2 base 0BF700000 mask FFFF00000 uncachable
[    0.000000]   3 base 0BF800000 mask FFF800000 uncachable
[    0.000000]   4 disabled
[    0.000000]   5 disabled
[    0.000000]   6 disabled
[    0.000000]   7 disabled
[    0.000000] x86/PAT: PAT not supported by CPU.
[    0.000000] x86/PAT: Configuration [0-7]: WB  WT  UC- UC  WB  WT  UC- UC  
[    0.000000] initial memory mapped: [mem 0x00000000-0x05dfffff]
[    0.000000] Base memory trampoline at [(ptrval)] 9b000 size 16384
[    0.000000] BRK [0x05863000, 0x05863fff] PGTABLE
[    0.000000] BRK [0x05864000, 0x05864fff] PGTABLE
[    0.000000] ACPI: Early table checksum verification disabled
[    0.000000] ACPI: RSDP 0x00000000000F67C0 000024 (v02 LENOVO)
[    0.000000] ACPI: XSDT 0x00000000BF6D191C 000084 (v01 LENOVO TP-7B    00002190  LTP 00000000)
[    0.000000] ACPI: FACP 0x00000000BF6D1A00 0000F4 (v03 LENOVO TP-7B    00002190 LNVO 00000001)
[    0.000000] ACPI BIOS Warning (bug): 32/64X length mismatch in FADT/Gpe0Block: 64/32 (20181003/tbfadt-569)
[    0.000000] ACPI BIOS Warning (bug): Optional FADT field Gpe1Block has valid Address but zero Length: 0x000000000000102C/0x0 (20181003/tbfadt-624)
[    0.000000] ACPI: DSDT 0x00000000BF6D1D90 00CFB9 (v01 LENOVO TP-7B    00002190 MSFT 0100000E)
[    0.000000] ACPI: FACS 0x00000000BF6F4000 000040
[    0.000000] ACPI: FACS 0x00000000BF6F4000 000040
[    0.000000] ACPI: SSDT 0x00000000BF6D1BB4 0001DC (v01 LENOVO TP-7B    00002190 MSFT 0100000E)
[    0.000000] ACPI: ECDT 0x00000000BF6DED49 000052 (v01 LENOVO TP-7B    00002190 LNVO 00000001)
[    0.000000] ACPI: TCPA 0x00000000BF6DED9B 000032 (v02 LENOVO TP-7B    00002190 LNVO 00000001)
[    0.000000] ACPI: APIC 0x00000000BF6DEDCD 000068 (v01 LENOVO TP-7B    00002190 LNVO 00000001)
[    0.000000] ACPI: MCFG 0x00000000BF6DEE35 00003C (v01 LENOVO TP-7B    00002190 LNVO 00000001)
[    0.000000] ACPI: HPET 0x00000000BF6DEE71 000038 (v01 LENOVO TP-7B    00002190 LNVO 00000001)
[    0.000000] ACPI: BOOT 0x00000000BF6DEFD8 000028 (v01 LENOVO TP-7B    00002190  LTP 00000001)
[    0.000000] ACPI: SSDT 0x00000000BF6F2645 00025F (v01 LENOVO TP-7B    00002190 INTL 20050513)
[    0.000000] ACPI: SSDT 0x00000000BF6F28A4 0000A6 (v01 LENOVO TP-7B    00002190 INTL 20050513)
[    0.000000] ACPI: SSDT 0x00000000BF6F294A 0004F7 (v01 LENOVO TP-7B    00002190 INTL 20050513)
[    0.000000] ACPI: SSDT 0x00000000BF6F2E41 0001D8 (v01 LENOVO TP-7B    00002190 INTL 20050513)
[    0.000000] ACPI: Local APIC address 0xfee00000
[    0.000000] 2176MB HIGHMEM available.
[    0.000000] 885MB LOWMEM available.
[    0.000000]   mapped low ram: 0 - 375fe000
[    0.000000]   low ram: 0 - 375fe000
[    0.000000] BRK [0x05865000, 0x05865fff] PGTABLE
[    0.000000] Zone ranges:
[    0.000000]   DMA      [mem 0x0000000000001000-0x0000000000ffffff]
[    0.000000]   Normal   [mem 0x0000000001000000-0x00000000375fdfff]
[    0.000000]   HighMem  [mem 0x00000000375fe000-0x00000000bf6cffff]
[    0.000000] Movable zone start for each node
[    0.000000] Early memory node ranges
[    0.000000]   node   0: [mem 0x0000000000001000-0x000000000009efff]
[    0.000000]   node   0: [mem 0x0000000000100000-0x00000000bf6cffff]
[    0.000000] Initmem setup node 0 [mem 0x0000000000001000-0x00000000bf6cffff]
[    0.000000] On node 0 totalpages: 783982
[    0.000000]   DMA zone: 32 pages used for memmap
[    0.000000]   DMA zone: 0 pages reserved
[    0.000000]   DMA zone: 3998 pages, LIFO batch:0
[    0.000000]   Normal zone: 1740 pages used for memmap
[    0.000000]   Normal zone: 222718 pages, LIFO batch:63
[    0.000000]   HighMem zone: 557266 pages, LIFO batch:63
[    0.000000] Using APIC driver default
[    0.000000] Reserving Intel graphics memory at [mem 0xbf800000-0xbfffffff]
[    0.000000] ACPI: PM-Timer IO Port: 0x1008
[    0.000000] ACPI: Local APIC address 0xfee00000
[    0.000000] ACPI: LAPIC_NMI (acpi_id[0x00] high edge lint[0x1])
[    0.000000] ACPI: LAPIC_NMI (acpi_id[0x01] high edge lint[0x1])
[    0.000000] IOAPIC[0]: apic_id 1, version 32, address 0xfec00000, GSI 0-23
[    0.000000] ACPI: INT_SRC_OVR (bus 0 bus_irq 0 global_irq 2 dfl dfl)
[    0.000000] ACPI: INT_SRC_OVR (bus 0 bus_irq 9 global_irq 9 high level)
[    0.000000] ACPI: IRQ0 used by override.
[    0.000000] ACPI: IRQ9 used by override.
[    0.000000] Using ACPI (MADT) for SMP configuration information
[    0.000000] ACPI: HPET id: 0x8086a201 base: 0xfed00000
[    0.000000] smpboot: Allowing 2 CPUs, 0 hotplug CPUs
[    0.000000] PM: Registered nosave memory: [mem 0x00000000-0x00000fff]
[    0.000000] PM: Registered nosave memory: [mem 0x0009f000-0x0009ffff]
[    0.000000] PM: Registered nosave memory: [mem 0x000a0000-0x000dbfff]
[    0.000000] PM: Registered nosave memory: [mem 0x000dc000-0x000fffff]
[    0.000000] [mem 0xc0000000-0xefffffff] available for PCI devices
[    0.000000] clocksource: refined-jiffies: mask: 0xffffffff max_cycles: 0xffffffff, max_idle_ns: 7645519600211568 ns
[    0.000000] random: get_random_bytes called from start_kernel+0x74/0x351 with crng_init=0
[    0.000000] setup_percpu: NR_CPUS:8 nr_cpumask_bits:8 nr_cpu_ids:2 nr_node_ids:1
[    0.000000] percpu: Embedded 37 pages/cpu @(ptrval) s119144 r0 d32408 u151552
[    0.000000] pcpu-alloc: s119144 r0 d32408 u151552 alloc=37*4096
[    0.000000] pcpu-alloc: [0] 0 [0] 1 
[    0.000000] Built 1 zonelists, mobility grouping on.  Total pages: 782210
[    0.000000] Kernel command line: BOOT_IMAGE=(hd0,2)/fast/l/k/o/next/32/arch/x86/boot/bzImage root=/dev/sda4 resume=/dev/sda1
[    0.000000] Dentry cache hash table entries: 131072 (order: 7, 524288 bytes)
[    0.000000] Inode-cache hash table entries: 65536 (order: 6, 262144 bytes)
[    0.000000] Initializing CPU#0
[    0.000000] Initializing HighMem for node 0 (000375fe:000bf6d0)
[    0.000000] Initializing Movable for node 0 (00000000:00000000)
[    0.000000] Memory: 3019352K/3135928K available (12294K kernel code, 701K rwdata, 4808K rodata, 640K init, 6116K bss, 116576K reserved, 0K cma-reserved, 2229064K highmem)
[    0.000000] virtual kernel memory layout:
    fixmap  : 0xffe70000 - 0xfffff000   (1596 kB)
  cpu_entry : 0xffa00000 - 0xffb31000   (1220 kB)
    pkmap   : 0xff600000 - 0xff800000   (2048 kB)
    vmalloc : 0xf7dfe000 - 0xff5fe000   ( 120 MB)
    lowmem  : 0xc0000000 - 0xf75fe000   ( 885 MB)
      .init : 0xc518f000 - 0xc522f000   ( 640 kB)
      .data : 0xc4c01ab8 - 0xc516b780   (5543 kB)
      .text : 0xc4000000 - 0xc4c01ab8   (12294 kB)
[    0.000000] Checking if this processor honours the WP bit even in supervisor mode...Ok.
[    0.000000] Kernel/User page tables isolation: enabled
[    0.000000] rcu: Hierarchical RCU implementation.
[    0.000000] rcu: 	RCU restricting CPUs from NR_CPUS=8 to nr_cpu_ids=2.
[    0.000000] rcu: RCU calculated value of scheduler-enlistment delay is 25 jiffies.
[    0.000000] rcu: Adjusting geometry for rcu_fanout_leaf=16, nr_cpu_ids=2
[    0.000000] NR_IRQS: 2304, nr_irqs: 56, preallocated irqs: 16
[    0.000000] CPU 0 irqstacks, hard=(ptrval) soft=(ptrval)
[    0.000000] Console: colour VGA+ 80x25
[    0.000000] printk: console [tty0] enabled
[    0.000000] Lock dependency validator: Copyright (c) 2006 Red Hat, Inc., Ingo Molnar
[    0.000000] ... MAX_LOCKDEP_SUBCLASSES:  8
[    0.000000] ... MAX_LOCK_DEPTH:          48
[    0.000000] ... MAX_LOCKDEP_KEYS:        8191
[    0.000000] ... CLASSHASH_SIZE:          4096
[    0.000000] ... MAX_LOCKDEP_ENTRIES:     32768
[    0.000000] ... MAX_LOCKDEP_CHAINS:      65536
[    0.000000] ... CHAINHASH_SIZE:          32768
[    0.000000]  memory used by lock dependency info: 4351 kB
[    0.000000]  per task-struct memory footprint: 1344 bytes
[    0.000000] ACPI: Core revision 20181003
[    0.000000] ACPI: EC: EC started
[    0.000000] ACPI: EC: interrupt blocked
[    0.000000] ACPI: \: Used as first EC
[    0.000000] ACPI: \: GPE=0x1c, EC_CMD/EC_SC=0x66, EC_DATA=0x62
[    0.000000] ACPI: \: Used as boot ECDT EC to handle transactions
[    0.000000] clocksource: hpet: mask: 0xffffffff max_cycles: 0xffffffff, max_idle_ns: 133484882848 ns
[    0.000000] hpet clockevent registered
[    0.000000] APIC: Switch to symmetric I/O mode setup
[    0.000000] Enabling APIC mode:  Flat.  Using 1 I/O APICs
[    0.000000] ..TIMER: vector=0x30 apic1=0 pin1=2 apic2=-1 pin2=-1
[    0.028000] tsc: PIT calibration matches HPET. 2 loops
[    0.028000] tsc: Detected 1828.744 MHz processor
[    0.000004] clocksource: tsc-early: mask: 0xffffffffffffffff max_cycles: 0x1a5c3af7b5f, max_idle_ns: 440795215744 ns
[    0.000093] Calibrating delay loop (skipped), value calculated using timer frequency.. 3657.48 BogoMIPS (lpj=7314976)
[    0.000180] pid_max: default: 32768 minimum: 301
[    0.000520] Mount-cache hash table entries: 2048 (order: 1, 8192 bytes)
[    0.000613] Mountpoint-cache hash table entries: 2048 (order: 1, 8192 bytes)
[    0.001293] *** VALIDATE proc ***
[    0.001466] *** VALIDATE cgroup1 ***
[    0.001540] *** VALIDATE cgroup2 ***
[    0.001625] Disabled fast string operations
[    0.001712] process: using mwait in idle threads
[    0.001797] Last level iTLB entries: 4KB 128, 2MB 0, 4MB 2
[    0.001877] Last level dTLB entries: 4KB 128, 2MB 0, 4MB 8, 1GB 0
[    0.001962] Spectre V2 : Mitigation: Full generic retpoline
[    0.002042] Spectre V2 : Spectre v2 / SpectreRSB mitigation: Filling RSB on context switch
[    0.002135] L1TF: System has more than MAX_PA/2 memory. L1TF mitigation not effective.
[    0.002226] L1TF: You may make it effective by booting the kernel with mem=2147483648 parameter.
[    0.002333] L1TF: However, doing so will make a part of your RAM unusable.
[    0.002419] L1TF: Reading https://www.kernel.org/doc/html/latest/admin-guide/l1tf.html might help you decide.
[    0.002758] Freeing SMP alternatives memory: 44K
[    0.008092] smpboot: CPU0: Genuine Intel(R) CPU           T2400  @ 1.83GHz (family: 0x6, model: 0xe, stepping: 0x8)
[    0.008092] Performance Events: Core events, core PMU driver.
[    0.008092] ... version:                1
[    0.008092] ... bit width:              40
[    0.008092] ... generic registers:      2
[    0.008092] ... value mask:             000000ffffffffff
[    0.008092] ... max period:             000000007fffffff
[    0.008092] ... fixed-purpose events:   0
[    0.008092] ... event mask:             0000000000000003
[    0.008092] rcu: Hierarchical SRCU implementation.
[    0.008092] NMI watchdog: Enabled. Permanently consumes one hw-PMU counter.
[    0.008250] smp: Bringing up secondary CPUs ...
[    0.009221] CPU 1 irqstacks, hard=(ptrval) soft=(ptrval)
[    0.009224] x86: Booting SMP configuration:
[    0.009305] .... node  #0, CPUs:      #1
[    0.000000] Initializing CPU#1
[    0.000000] Disabled fast string operations
[    0.011747] TSC synchronization [CPU#0 -> CPU#1]:
[    0.012057] Measured 580151 cycles TSC warp between CPUs, turning off TSC clock.
[    0.012092] tsc: Marking TSC unstable due to check_tsc_sync_source failed
[    0.012279] smp: Brought up 1 node, 2 CPUs
[    0.012279] smpboot: Max logical packages: 1
[    0.012279] smpboot: Total of 2 processors activated (7314.97 BogoMIPS)
[    0.013942] devtmpfs: initialized
[    0.013942] PM: Registering ACPI NVS region [mem 0xbf6df000-0xbf6fffff] (135168 bytes)
[    0.016359] clocksource: jiffies: mask: 0xffffffff max_cycles: 0xffffffff, max_idle_ns: 7645041785100000 ns
[    0.016479] futex hash table entries: 512 (order: 3, 32768 bytes)
[    0.017476] NET: Registered protocol family 16
[    0.018994] cpuidle: using governor ladder
[    0.019152] cpuidle: using governor menu
[    0.019385] Simple Boot Flag at 0x35 set to 0x1
[    0.019500] ACPI FADT declares the system doesn't support PCIe ASPM, so disable it
[    0.020117] ACPI: bus type PCI registered
[    0.020402] PCI: MMCONFIG for domain 0000 [bus 00-3f] at [mem 0xf0000000-0xf3ffffff] (base 0xf0000000)
[    0.020518] PCI: MMCONFIG at [mem 0xf0000000-0xf3ffffff] reserved in E820
[    0.020604] PCI: Using MMCONFIG for extended config space
[    0.020684] PCI: Using configuration type 1 for base access
[    0.021148] mtrr: your CPUs had inconsistent variable MTRR settings
[    0.021231] mtrr: probably your BIOS does not setup all CPUs.
[    0.021312] mtrr: corrected configuration.
[    0.084218] ACPI: Added _OSI(Module Device)
[    0.084302] ACPI: Added _OSI(Processor Device)
[    0.084378] ACPI: Added _OSI(3.0 _SCP Extensions)
[    0.084456] ACPI: Added _OSI(Processor Aggregator Device)
[    0.084538] ACPI: Added _OSI(Linux-Dell-Video)
[    0.084616] ACPI: Added _OSI(Linux-Lenovo-NV-HDMI-Audio)
[    0.150378] ACPI: 6 ACPI AML tables successfully acquired and loaded
[    0.175139] ACPI: Dynamic OEM Table Load:
[    0.175232] ACPI: SSDT 0x00000000F1A02C00 000240 (v01 PmRef  Cpu0Ist  00000100 INTL 20050513)
[    0.176921] ACPI: Dynamic OEM Table Load:
[    0.177010] ACPI: SSDT 0x00000000F1B11800 00065A (v01 PmRef  Cpu0Cst  00000100 INTL 20050513)
[    0.180900] ACPI: Dynamic OEM Table Load:
[    0.180990] ACPI: SSDT 0x00000000F1818500 0000C8 (v01 PmRef  Cpu1Ist  00000100 INTL 20050513)
[    0.181934] ACPI: Dynamic OEM Table Load:
[    0.182022] ACPI: SSDT 0x00000000F11E5300 000085 (v01 PmRef  Cpu1Cst  00000100 INTL 20050513)
[    0.182536] ACPI: Interpreter enabled
[    0.182536] ACPI: (supports S0 S3 S4 S5)
[    0.182536] ACPI: Using IOAPIC for interrupt routing
[    0.184145] PCI: Using host bridge windows from ACPI; if necessary, use "pci=nocrs" and report a bug
[    0.185235] ACPI: Enabled 4 GPEs in block 00 to 1F
[    0.208115] ACPI: Power Resource [PUBS] (on)
[    0.209231] acpi PNP0C0A:01: ACPI dock station (docks/bays count: 1)
[    0.216792] acpi LNXIOBAY:00: ACPI dock station (docks/bays count: 2)
[    0.230893] acpi IBM0079:00: ACPI dock station (docks/bays count: 3)
[    0.233246] ACPI: PCI Interrupt Link [LNKA] (IRQs 3 4 5 6 7 9 10 *11)
[    0.234077] ACPI: PCI Interrupt Link [LNKB] (IRQs 3 4 5 6 7 9 10 *11)
[    0.234907] ACPI: PCI Interrupt Link [LNKC] (IRQs 3 4 5 6 7 9 10 *11)
[    0.235734] ACPI: PCI Interrupt Link [LNKD] (IRQs 3 4 5 6 7 9 10 *11)
[    0.236575] ACPI: PCI Interrupt Link [LNKE] (IRQs 3 4 5 6 7 9 10 *11)
[    0.237404] ACPI: PCI Interrupt Link [LNKF] (IRQs 3 4 5 6 7 9 10 *11)
[    0.238232] ACPI: PCI Interrupt Link [LNKG] (IRQs 3 4 5 6 7 9 10 *11)
[    0.239061] ACPI: PCI Interrupt Link [LNKH] (IRQs 3 4 5 6 7 9 10 *11)
[    0.239586] ACPI: PCI Root Bridge [PCI0] (domain 0000 [bus 00-ff])
[    0.239683] acpi PNP0A08:00: _OSC: OS supports [ExtendedConfig ASPM ClockPM Segments]
[    0.240717] acpi PNP0A08:00: _OSC: not requesting OS control; OS requires [ExtendedConfig ASPM ClockPM MSI]
[    0.240850] acpi PNP0A08:00: [Firmware Info]: MMCONFIG for domain 0000 [bus 00-3f] only partially covers this bridge
[    0.241216] PCI host bridge to bus 0000:00
[    0.241296] pci_bus 0000:00: root bus resource [io  0x0000-0x0cf7 window]
[    0.241388] pci_bus 0000:00: root bus resource [io  0x0d00-0xffff window]
[    0.241480] pci_bus 0000:00: root bus resource [mem 0x000a0000-0x000bffff window]
[    0.241577] pci_bus 0000:00: root bus resource [mem 0x000d0000-0x000d3fff window]
[    0.241672] pci_bus 0000:00: root bus resource [mem 0x000d4000-0x000d7fff window]
[    0.241767] pci_bus 0000:00: root bus resource [mem 0x000d8000-0x000dbfff window]
[    0.241862] pci_bus 0000:00: root bus resource [mem 0xc0000000-0xfebfffff window]
[    0.241957] pci_bus 0000:00: root bus resource [mem 0xfed40000-0xfed40fff window]
[    0.242054] pci_bus 0000:00: root bus resource [bus 00-ff]
[    0.242167] pci 0000:00:00.0: [8086:27a0] type 00 class 0x060000
[    0.242613] pci 0000:00:02.0: [8086:27a2] type 00 class 0x030000
[    0.242635] pci 0000:00:02.0: reg 0x10: [mem 0xee100000-0xee17ffff]
[    0.242646] pci 0000:00:02.0: reg 0x14: [io  0x1800-0x1807]
[    0.242656] pci 0000:00:02.0: reg 0x18: [mem 0xd0000000-0xdfffffff pref]
[    0.242667] pci 0000:00:02.0: reg 0x1c: [mem 0xee200000-0xee23ffff]
[    0.243112] pci 0000:00:02.1: [8086:27a6] type 00 class 0x038000
[    0.243132] pci 0000:00:02.1: reg 0x10: [mem 0xee180000-0xee1fffff]
[    0.243613] pci 0000:00:1b.0: [8086:27d8] type 00 class 0x040300
[    0.243657] pci 0000:00:1b.0: reg 0x10: [mem 0xee240000-0xee243fff 64bit]
[    0.243816] pci 0000:00:1b.0: PME# supported from D0 D3hot D3cold
[    0.244270] pci 0000:00:1c.0: [8086:27d0] type 01 class 0x060400
[    0.244446] pci 0000:00:1c.0: PME# supported from D0 D3hot D3cold
[    0.244895] pci 0000:00:1c.1: [8086:27d2] type 01 class 0x060400
[    0.245069] pci 0000:00:1c.1: PME# supported from D0 D3hot D3cold
[    0.245499] pci 0000:00:1c.2: [8086:27d4] type 01 class 0x060400
[    0.245673] pci 0000:00:1c.2: PME# supported from D0 D3hot D3cold
[    0.246111] pci 0000:00:1c.3: [8086:27d6] type 01 class 0x060400
[    0.246285] pci 0000:00:1c.3: PME# supported from D0 D3hot D3cold
[    0.246719] pci 0000:00:1d.0: [8086:27c8] type 00 class 0x0c0300
[    0.246797] pci 0000:00:1d.0: reg 0x20: [io  0x1820-0x183f]
[    0.247240] pci 0000:00:1d.1: [8086:27c9] type 00 class 0x0c0300
[    0.247318] pci 0000:00:1d.1: reg 0x20: [io  0x1840-0x185f]
[    0.247756] pci 0000:00:1d.2: [8086:27ca] type 00 class 0x0c0300
[    0.247833] pci 0000:00:1d.2: reg 0x20: [io  0x1860-0x187f]
[    0.248292] pci 0000:00:1d.3: [8086:27cb] type 00 class 0x0c0300
[    0.248370] pci 0000:00:1d.3: reg 0x20: [io  0x1880-0x189f]
[    0.248798] pci 0000:00:1d.7: [8086:27cc] type 00 class 0x0c0320
[    0.248833] pci 0000:00:1d.7: reg 0x10: [mem 0xee444000-0xee4443ff]
[    0.248974] pci 0000:00:1d.7: PME# supported from D0 D3hot D3cold
[    0.249380] pci 0000:00:1e.0: [8086:2448] type 01 class 0x060401
[    0.249891] pci 0000:00:1f.0: [8086:27b9] type 00 class 0x060100
[    0.250048] pci 0000:00:1f.0: quirk: [io  0x1000-0x107f] claimed by ICH6 ACPI/GPIO/TCO
[    0.250152] pci 0000:00:1f.0: quirk: [io  0x1180-0x11bf] claimed by ICH6 GPIO
[    0.250247] pci 0000:00:1f.0: ICH7 LPC Generic IO decode 1 PIO at 1600 (mask 007f)
[    0.250344] pci 0000:00:1f.0: ICH7 LPC Generic IO decode 2 PIO at 15e0 (mask 000f)
[    0.250442] pci 0000:00:1f.0: ICH7 LPC Generic IO decode 3 PIO at 1680 (mask 001f)
[    0.250957] pci 0000:00:1f.1: [8086:27df] type 00 class 0x01018a
[    0.250987] pci 0000:00:1f.1: reg 0x10: [io  0x0000-0x0007]
[    0.251004] pci 0000:00:1f.1: reg 0x14: [io  0x0000-0x0003]
[    0.251019] pci 0000:00:1f.1: reg 0x18: [io  0x0000-0x0007]
[    0.251035] pci 0000:00:1f.1: reg 0x1c: [io  0x0000-0x0003]
[    0.251051] pci 0000:00:1f.1: reg 0x20: [io  0x1810-0x181f]
[    0.251084] pci 0000:00:1f.1: legacy IDE quirk: reg 0x10: [io  0x01f0-0x01f7]
[    0.251177] pci 0000:00:1f.1: legacy IDE quirk: reg 0x14: [io  0x03f6]
[    0.251267] pci 0000:00:1f.1: legacy IDE quirk: reg 0x18: [io  0x0170-0x0177]
[    0.251359] pci 0000:00:1f.1: legacy IDE quirk: reg 0x1c: [io  0x0376]
[    0.251847] pci 0000:00:1f.2: [8086:27c5] type 00 class 0x010601
[    0.251882] pci 0000:00:1f.2: reg 0x10: [io  0x18d0-0x18d7]
[    0.251898] pci 0000:00:1f.2: reg 0x14: [io  0x18c4-0x18c7]
[    0.251914] pci 0000:00:1f.2: reg 0x18: [io  0x18c8-0x18cf]
[    0.251930] pci 0000:00:1f.2: reg 0x1c: [io  0x18c0-0x18c3]
[    0.251946] pci 0000:00:1f.2: reg 0x20: [io  0x18b0-0x18bf]
[    0.251962] pci 0000:00:1f.2: reg 0x24: [mem 0xee444400-0xee4447ff]
[    0.252045] pci 0000:00:1f.2: PME# supported from D3hot
[    0.252467] pci 0000:00:1f.3: [8086:27da] type 00 class 0x0c0500
[    0.252564] pci 0000:00:1f.3: reg 0x20: [io  0x18e0-0x18ff]
[    0.253229] pci 0000:02:00.0: [8086:109a] type 00 class 0x020000
[    0.253293] pci 0000:02:00.0: reg 0x10: [mem 0xee000000-0xee01ffff]
[    0.253340] pci 0000:02:00.0: reg 0x18: [io  0x2000-0x201f]
[    0.253591] pci 0000:02:00.0: PME# supported from D0 D3hot D3cold
[    0.253654] pci 0000:02:00.0: 2.000 Gb/s available PCIe bandwidth, limited by 2.5 GT/s x1 link at 0000:00:1c.0 (capable of 7.876 Gb/s with 8 GT/s x1 link)
[    0.254105] pci 0000:02:00.0: disabling ASPM on pre-1.1 PCIe device.  You can enable it with 'pcie_aspm=force'
[    0.254329] pci 0000:00:1c.0: PCI bridge to [bus 02]
[    0.254415] pci 0000:00:1c.0:   bridge window [io  0x2000-0x2fff]
[    0.254423] pci 0000:00:1c.0:   bridge window [mem 0xee000000-0xee0fffff]
[    0.254682] pci 0000:03:00.0: [8086:4227] type 00 class 0x028000
[    0.254790] pci 0000:03:00.0: reg 0x10: [mem 0xedf00000-0xedf00fff]
[    0.255294] pci 0000:03:00.0: PME# supported from D0 D3hot D3cold
[    0.255397] pci 0000:03:00.0: 2.000 Gb/s available PCIe bandwidth, limited by 2.5 GT/s x1 link at 0000:00:1c.1 (capable of 7.876 Gb/s with 8 GT/s x1 link)
[    0.255824] pci 0000:03:00.0: disabling ASPM on pre-1.1 PCIe device.  You can enable it with 'pcie_aspm=force'
[    0.256027] pci 0000:00:1c.1: PCI bridge to [bus 03]
[    0.256103] pci 0000:00:1c.1:   bridge window [io  0x3000-0x4fff]
[    0.256111] pci 0000:00:1c.1:   bridge window [mem 0xec000000-0xedffffff]
[    0.256122] pci 0000:00:1c.1:   bridge window [mem 0xe4000000-0xe40fffff 64bit pref]
[    0.256269] pci 0000:00:1c.2: PCI bridge to [bus 04-0b]
[    0.256357] pci 0000:00:1c.2:   bridge window [io  0x5000-0x6fff]
[    0.256365] pci 0000:00:1c.2:   bridge window [mem 0xe8000000-0xe9ffffff]
[    0.256376] pci 0000:00:1c.2:   bridge window [mem 0xe4100000-0xe41fffff 64bit pref]
[    0.256521] pci 0000:00:1c.3: PCI bridge to [bus 0c-13]
[    0.256610] pci 0000:00:1c.3:   bridge window [io  0x7000-0x8fff]
[    0.256617] pci 0000:00:1c.3:   bridge window [mem 0xea000000-0xebffffff]
[    0.256629] pci 0000:00:1c.3:   bridge window [mem 0xe4200000-0xe42fffff 64bit pref]
[    0.256668] pci_bus 0000:15: extended config space not accessible
[    0.256868] pci 0000:15:00.0: [1180:0476] type 02 class 0x060700
[    0.256901] pci 0000:15:00.0: reg 0x10: [mem 0xe4300000-0xe4300fff]
[    0.256972] pci 0000:15:00.0: supports D1 D2
[    0.256976] pci 0000:15:00.0: PME# supported from D0 D1 D2 D3hot D3cold
[    0.257220] pci 0000:15:00.1: [1180:0552] type 00 class 0x0c0010
[    0.257249] pci 0000:15:00.1: reg 0x10: [mem 0xe4301000-0xe43017ff]
[    0.257396] pci 0000:15:00.1: PME# supported from D0 D3hot D3cold
[    0.257599] pci 0000:15:00.2: [1180:0822] type 00 class 0x080500
[    0.257628] pci 0000:15:00.2: reg 0x10: [mem 0xe4301800-0xe43018ff]
[    0.257773] pci 0000:15:00.2: supports D1 D2
[    0.257778] pci 0000:15:00.2: PME# supported from D0 D1 D2 D3hot D3cold
[    0.258045] pci 0000:00:1e.0: PCI bridge to [bus 15-18] (subtractive decode)
[    0.258142] pci 0000:00:1e.0:   bridge window [io  0x9000-0xcfff]
[    0.258149] pci 0000:00:1e.0:   bridge window [mem 0xe4300000-0xe7ffffff]
[    0.258161] pci 0000:00:1e.0:   bridge window [mem 0xe0000000-0xe3ffffff 64bit pref]
[    0.258166] pci 0000:00:1e.0:   bridge window [io  0x0000-0x0cf7 window] (subtractive decode)
[    0.258170] pci 0000:00:1e.0:   bridge window [io  0x0d00-0xffff window] (subtractive decode)
[    0.258175] pci 0000:00:1e.0:   bridge window [mem 0x000a0000-0x000bffff window] (subtractive decode)
[    0.258180] pci 0000:00:1e.0:   bridge window [mem 0x000d0000-0x000d3fff window] (subtractive decode)
[    0.258184] pci 0000:00:1e.0:   bridge window [mem 0x000d4000-0x000d7fff window] (subtractive decode)
[    0.258189] pci 0000:00:1e.0:   bridge window [mem 0x000d8000-0x000dbfff window] (subtractive decode)
[    0.258194] pci 0000:00:1e.0:   bridge window [mem 0xc0000000-0xfebfffff window] (subtractive decode)
[    0.258199] pci 0000:00:1e.0:   bridge window [mem 0xfed40000-0xfed40fff window] (subtractive decode)
[    0.258244] pci_bus 0000:16: extended config space not accessible
[    0.258422] pci_bus 0000:16: busn_res: [bus 16-18] end is updated to 17
[    0.258477] pci_bus 0000:00: on NUMA node 0
[    0.265060] ACPI: EC: interrupt unblocked
[    0.265174] ACPI: EC: event unblocked
[    0.265281] ACPI: \_SB_.PCI0.LPC_.EC__: GPE=0x1c, EC_CMD/EC_SC=0x66, EC_DATA=0x62
[    0.265378] ACPI: \_SB_.PCI0.LPC_.EC__: Used as boot DSDT EC to handle transactions and events
[    0.265997] pci 0000:00:02.0: vgaarb: setting as boot VGA device
[    0.266089] pci 0000:00:02.0: vgaarb: VGA device added: decodes=io+mem,owns=io+mem,locks=none
[    0.266223] pci 0000:00:02.0: vgaarb: bridge control possible
[    0.266304] vgaarb: loaded
[    0.266926] SCSI subsystem initialized
[    0.267286] libata version 3.00 loaded.
[    0.267487] ACPI: bus type USB registered
[    0.267687] usbcore: registered new interface driver usbfs
[    0.267829] usbcore: registered new interface driver hub
[    0.267968] usbcore: registered new device driver usb
[    0.268182] media: Linux media interface: v0.10
[    0.268301] videodev: Linux video capture interface: v2.00
[    0.268460] pps_core: LinuxPPS API ver. 1 registered
[    0.268538] pps_core: Software ver. 5.3.6 - Copyright 2005-2007 Rodolfo Giometti <giometti@linux.it>
[    0.268684] PTP clock support registered
[    0.269312] EDAC MC: Ver: 3.0.0
[    0.269598] Advanced Linux Sound Architecture Driver Initialized.
[    0.269598] PCI: Using ACPI for IRQ routing
[    0.273312] PCI: pci_cache_line_size set to 64 bytes
[    0.273438] e820: reserve RAM buffer [mem 0x0009f000-0x0009ffff]
[    0.273444] e820: reserve RAM buffer [mem 0xbf6d0000-0xbfffffff]
[    0.274082] Bluetooth: Core ver 2.22
[    0.274218] NET: Registered protocol family 31
[    0.274294] Bluetooth: HCI device and connection manager initialized
[    0.274390] Bluetooth: HCI socket layer initialized
[    0.274471] Bluetooth: L2CAP socket layer initialized
[    0.274571] Bluetooth: SCO socket layer initialized
[    0.275224] clocksource: Switched to clocksource hpet
[    0.275680] pnp: PnP ACPI init
[    0.275732] system 00:00: [mem 0x00000000-0x0009ffff] could not be reserved
[    0.275831] system 00:00: [mem 0x000c0000-0x000c3fff] could not be reserved
[    0.275927] system 00:00: [mem 0x000c4000-0x000c7fff] could not be reserved
[    0.276022] system 00:00: [mem 0x000c8000-0x000cbfff] has been reserved
[    0.276128] system 00:00: [mem 0x000cc000-0x000cffff] has been reserved
[    0.276223] system 00:00: [mem 0x000dc000-0x000dffff] could not be reserved
[    0.276319] system 00:00: [mem 0x000e0000-0x000e3fff] could not be reserved
[    0.276415] system 00:00: [mem 0x000e4000-0x000e7fff] could not be reserved
[    0.276510] system 00:00: [mem 0x000e8000-0x000ebfff] could not be reserved
[    0.276605] system 00:00: [mem 0x000ec000-0x000effff] could not be reserved
[    0.276700] system 00:00: [mem 0x000f0000-0x000fffff] could not be reserved
[    0.276796] system 00:00: [mem 0x00100000-0xbfffffff] could not be reserved
[    0.276892] system 00:00: [mem 0xfec00000-0xfed3ffff] could not be reserved
[    0.276988] system 00:00: [mem 0xfed41000-0xffffffff] could not be reserved
[    0.277129] system 00:00: Plug and Play ACPI device, IDs PNP0c01 (active)
[    0.277914] system 00:01: [io  0x164e-0x164f] has been reserved
[    0.278004] system 00:01: [io  0x1000-0x107f] has been reserved
[    0.278093] system 00:01: [io  0x1180-0x11bf] has been reserved
[    0.278183] system 00:01: [io  0x0800-0x080f] has been reserved
[    0.278272] system 00:01: [io  0x15e0-0x15ef] has been reserved
[    0.278362] system 00:01: [io  0x1600-0x165f] could not be reserved
[    0.278454] system 00:01: [mem 0xf0000000-0xf3ffffff] has been reserved
[    0.278546] system 00:01: [mem 0xfed1c000-0xfed1ffff] has been reserved
[    0.278638] system 00:01: [mem 0xfed14000-0xfed17fff] has been reserved
[    0.278730] system 00:01: [mem 0xfed18000-0xfed18fff] has been reserved
[    0.278823] system 00:01: [mem 0xfed19000-0xfed19fff] has been reserved
[    0.278948] system 00:01: Plug and Play ACPI device, IDs PNP0c02 (active)
[    0.279249] pnp 00:02: Plug and Play ACPI device, IDs PNP0b00 (active)
[    0.279380] pnp 00:03: Plug and Play ACPI device, IDs PNP0303 (active)
[    0.279515] pnp 00:04: Plug and Play ACPI device, IDs IBM3780 PNP0f13 (active)
[    0.280283] pnp 00:05: [dma 3]
[    0.280497] pnp 00:05: Plug and Play ACPI device, IDs IBM0071 PNP0511 (active)
[    0.280724] pnp 00:06: Plug and Play ACPI device, IDs ATM1200 PNP0c31 (active)
[    0.283097] pnp: PnP ACPI: found 7 devices
[    0.331034] clocksource: acpi_pm: mask: 0xffffff max_cycles: 0xffffff, max_idle_ns: 2085701024 ns
[    0.331179] pci 0000:00:1c.0: bridge window [mem 0x00100000-0x000fffff 64bit pref] to [bus 02] add_size 200000 add_align 100000
[    0.331264] pci 0000:00:1c.0: BAR 9: assigned [mem 0xc0000000-0xc01fffff 64bit pref]
[    0.331361] pci 0000:00:1c.0: PCI bridge to [bus 02]
[    0.331443] pci 0000:00:1c.0:   bridge window [io  0x2000-0x2fff]
[    0.331532] pci 0000:00:1c.0:   bridge window [mem 0xee000000-0xee0fffff]
[    0.331623] pci 0000:00:1c.0:   bridge window [mem 0xc0000000-0xc01fffff 64bit pref]
[    0.331722] pci 0000:00:1c.1: PCI bridge to [bus 03]
[    0.331803] pci 0000:00:1c.1:   bridge window [io  0x3000-0x4fff]
[    0.331892] pci 0000:00:1c.1:   bridge window [mem 0xec000000-0xedffffff]
[    0.331983] pci 0000:00:1c.1:   bridge window [mem 0xe4000000-0xe40fffff 64bit pref]
[    0.332081] pci 0000:00:1c.2: PCI bridge to [bus 04-0b]
[    0.332176] pci 0000:00:1c.2:   bridge window [io  0x5000-0x6fff]
[    0.332266] pci 0000:00:1c.2:   bridge window [mem 0xe8000000-0xe9ffffff]
[    0.332357] pci 0000:00:1c.2:   bridge window [mem 0xe4100000-0xe41fffff 64bit pref]
[    0.332455] pci 0000:00:1c.3: PCI bridge to [bus 0c-13]
[    0.332538] pci 0000:00:1c.3:   bridge window [io  0x7000-0x8fff]
[    0.332626] pci 0000:00:1c.3:   bridge window [mem 0xea000000-0xebffffff]
[    0.332717] pci 0000:00:1c.3:   bridge window [mem 0xe4200000-0xe42fffff 64bit pref]
[    0.332827] pci 0000:15:00.0: BAR 9: assigned [mem 0xe0000000-0xe3ffffff pref]
[    0.332922] pci 0000:15:00.0: BAR 10: assigned [mem 0xc4000000-0xc7ffffff]
[    0.333011] pci 0000:15:00.0: BAR 7: assigned [io  0x9000-0x90ff]
[    0.333096] pci 0000:15:00.0: BAR 8: assigned [io  0x9400-0x94ff]
[    0.333188] pci 0000:15:00.0: CardBus bridge to [bus 16-17]
[    0.333270] pci 0000:15:00.0:   bridge window [io  0x9000-0x90ff]
[    0.333358] pci 0000:15:00.0:   bridge window [io  0x9400-0x94ff]
[    0.333445] pci 0000:15:00.0:   bridge window [mem 0xe0000000-0xe3ffffff pref]
[    0.333538] pci 0000:15:00.0:   bridge window [mem 0xc4000000-0xc7ffffff]
[    0.334393] pci 0000:00:1e.0: PCI bridge to [bus 15-18]
[    0.334475] pci 0000:00:1e.0:   bridge window [io  0x9000-0xcfff]
[    0.334564] pci 0000:00:1e.0:   bridge window [mem 0xe4300000-0xe7ffffff]
[    0.334655] pci 0000:00:1e.0:   bridge window [mem 0xe0000000-0xe3ffffff 64bit pref]
[    0.334755] pci_bus 0000:00: resource 4 [io  0x0000-0x0cf7 window]
[    0.334760] pci_bus 0000:00: resource 5 [io  0x0d00-0xffff window]
[    0.334764] pci_bus 0000:00: resource 6 [mem 0x000a0000-0x000bffff window]
[    0.334768] pci_bus 0000:00: resource 7 [mem 0x000d0000-0x000d3fff window]
[    0.334772] pci_bus 0000:00: resource 8 [mem 0x000d4000-0x000d7fff window]
[    0.334776] pci_bus 0000:00: resource 9 [mem 0x000d8000-0x000dbfff window]
[    0.334780] pci_bus 0000:00: resource 10 [mem 0xc0000000-0xfebfffff window]
[    0.334784] pci_bus 0000:00: resource 11 [mem 0xfed40000-0xfed40fff window]
[    0.334788] pci_bus 0000:02: resource 0 [io  0x2000-0x2fff]
[    0.334792] pci_bus 0000:02: resource 1 [mem 0xee000000-0xee0fffff]
[    0.334796] pci_bus 0000:02: resource 2 [mem 0xc0000000-0xc01fffff 64bit pref]
[    0.334800] pci_bus 0000:03: resource 0 [io  0x3000-0x4fff]
[    0.334804] pci_bus 0000:03: resource 1 [mem 0xec000000-0xedffffff]
[    0.334808] pci_bus 0000:03: resource 2 [mem 0xe4000000-0xe40fffff 64bit pref]
[    0.334813] pci_bus 0000:04: resource 0 [io  0x5000-0x6fff]
[    0.334816] pci_bus 0000:04: resource 1 [mem 0xe8000000-0xe9ffffff]
[    0.334821] pci_bus 0000:04: resource 2 [mem 0xe4100000-0xe41fffff 64bit pref]
[    0.334825] pci_bus 0000:0c: resource 0 [io  0x7000-0x8fff]
[    0.334829] pci_bus 0000:0c: resource 1 [mem 0xea000000-0xebffffff]
[    0.334833] pci_bus 0000:0c: resource 2 [mem 0xe4200000-0xe42fffff 64bit pref]
[    0.334837] pci_bus 0000:15: resource 0 [io  0x9000-0xcfff]
[    0.334841] pci_bus 0000:15: resource 1 [mem 0xe4300000-0xe7ffffff]
[    0.334845] pci_bus 0000:15: resource 2 [mem 0xe0000000-0xe3ffffff 64bit pref]
[    0.334849] pci_bus 0000:15: resource 4 [io  0x0000-0x0cf7 window]
[    0.334853] pci_bus 0000:15: resource 5 [io  0x0d00-0xffff window]
[    0.334857] pci_bus 0000:15: resource 6 [mem 0x000a0000-0x000bffff window]
[    0.334861] pci_bus 0000:15: resource 7 [mem 0x000d0000-0x000d3fff window]
[    0.334865] pci_bus 0000:15: resource 8 [mem 0x000d4000-0x000d7fff window]
[    0.334869] pci_bus 0000:15: resource 9 [mem 0x000d8000-0x000dbfff window]
[    0.334873] pci_bus 0000:15: resource 10 [mem 0xc0000000-0xfebfffff window]
[    0.334877] pci_bus 0000:15: resource 11 [mem 0xfed40000-0xfed40fff window]
[    0.334881] pci_bus 0000:16: resource 0 [io  0x9000-0x90ff]
[    0.334885] pci_bus 0000:16: resource 1 [io  0x9400-0x94ff]
[    0.334889] pci_bus 0000:16: resource 2 [mem 0xe0000000-0xe3ffffff pref]
[    0.334893] pci_bus 0000:16: resource 3 [mem 0xc4000000-0xc7ffffff]
[    0.335353] NET: Registered protocol family 2
[    0.336624] tcp_listen_portaddr_hash hash table entries: 512 (order: 2, 20480 bytes)
[    0.336774] TCP established hash table entries: 8192 (order: 3, 32768 bytes)
[    0.336928] TCP bind hash table entries: 8192 (order: 6, 294912 bytes)
[    0.337511] TCP: Hash tables configured (established 8192 bind 8192)
[    0.337927] UDP hash table entries: 512 (order: 3, 40960 bytes)
[    0.338089] UDP-Lite hash table entries: 512 (order: 3, 40960 bytes)
[    0.338404] NET: Registered protocol family 1
[    0.339074] RPC: Registered named UNIX socket transport module.
[    0.339161] RPC: Registered udp transport module.
[    0.339241] RPC: Registered tcp transport module.
[    0.339321] RPC: Registered tcp NFSv4.1 backchannel transport module.
[    0.339935] pci 0000:00:02.0: Video device with shadowed ROM at [mem 0x000c0000-0x000dffff]
[    0.344217] PCI: CLS mismatch (64 != 32), using 64 bytes
[    0.344341] PCI-DMA: Using software bounce buffering for IO (SWIOTLB)
[    0.344429] software IO TLB: mapped [mem 0x31d00000-0x35d00000] (64MB)
[    0.347092] Initialise system trusted keyrings
[    0.347562] workingset: timestamp_bits=30 max_order=20 bucket_order=0
[    0.349590] Installing knfsd (copyright (C) 1996 okir@monad.swb.de).
[    0.350102] ntfs: driver 2.1.32 [Flags: R/W].
[    0.350402] fuse init (API version 7.28)
[    0.358975] Key type asymmetric registered
[    0.359062] Asymmetric key parser 'x509' registered
[    0.359271] bounce: pool size: 64 pages
[    0.359425] Block layer SCSI generic (bsg) driver version 0.4 loaded (major 249)
[    0.359527] io scheduler noop registered
[    0.359602] io scheduler deadline registered
[    0.359720] io scheduler cfq registered (default)
[    0.359798] io scheduler mq-deadline registered
[    0.359909] io scheduler bfq registered
[    0.362424] intel_idle: does not run on family 6 model 14
[    0.363019] ACPI: Deprecated procfs I/F for AC is loaded, please retry with CONFIG_ACPI_PROCFS_POWER cleared
[    0.363305] ACPI: AC Adapter [AC] (on-line)
[    0.363694] input: Lid Switch as /devices/LNXSYSTM:00/LNXSYBUS:00/PNP0C0D:00/input/input0
[    0.363964] ACPI: Lid Switch [LID]
[    0.364298] input: Sleep Button as /devices/LNXSYSTM:00/LNXSYBUS:00/PNP0C0E:00/input/input1
[    0.364617] ACPI: Sleep Button [SLPB]
[    0.364934] input: Power Button as /devices/LNXSYSTM:00/LNXPWRBN:00/input/input2
[    0.365078] ACPI: Power Button [PWRF]
[    0.365589] ACPI: Video Device [VID] (multi-head: yes  rom: no  post: no)
[    0.373129] acpi device:01: registered as cooling_device0
[    0.373587] input: Video Bus as /devices/LNXSYSTM:00/LNXSYBUS:00/PNP0A08:00/LNXVIDEO:00/input/input3
[    0.390454] thermal LNXTHERM:00: registered as thermal_zone0
[    0.390546] ACPI: Thermal Zone [THM0] (66 C)
[    0.394354] thermal LNXTHERM:01: registered as thermal_zone1
[    0.394442] ACPI: Thermal Zone [THM1] (67 C)
[    0.395145] Serial: 8250/16550 driver, 4 ports, IRQ sharing disabled
[    0.396743] serial8250: ttyS1 at I/O 0x2f8 (irq = 3, base_baud = 921600) is a NS16550A
[    0.400166] lp: driver loaded but no devices found
[    0.400635] Non-volatile memory driver v1.3
[    0.401359] intel_rng: FWH not detected
[    0.401503] Linux agpgart interface v0.103
[    0.402812] [drm] radeon kernel modesetting enabled.
[    0.406960] pci 0000:00:00.0: Intel 945GM Chipset
[    0.407158] pci 0000:00:00.0: detected gtt size: 262144K total, 262144K mappable
[    0.408218] pci 0000:00:00.0: detected 8192K stolen memory
[    0.408425] [drm] Replacing VGA console driver
[    0.410709] Console: switching to colour dummy device 80x25
[    0.413649] [drm] Supports vblank timestamp caching Rev 2 (21.10.2013).
[    0.413776] [drm] Driver supports precise vblank timestamp query.
[    0.413903] resource sanity check: requesting [mem 0x000c0000-0x000dffff], which spans more than pnp 00:00 [mem 0x000c8000-0x000cbfff]
[    0.414065] caller pci_map_rom+0x67/0x1d0 mapping multiple BARs
[    0.419954] i915 0000:00:02.0: vgaarb: changed VGA decodes: olddecodes=io+mem,decodes=io+mem:owns=io+mem
[    0.423944] battery: ACPI: Deprecated procfs I/F for battery is loaded, please retry with CONFIG_ACPI_PROCFS_POWER cleared
[    0.424021] battery: ACPI: Battery Slot [BAT0] (battery present)
[    0.456183] random: fast init done
[    0.511527] [drm] RC6 disabled, disabling runtime PM support
[    0.511747] [drm] Initialized overlay support.
[    0.513388] [drm] Initialized i915 1.6.0 20180921 for 0000:00:02.0 on minor 0
[    0.514450] usbcore: registered new interface driver udl
[    0.527212] loop: module loaded
[    0.538778] fbcon: inteldrmfb (fb0) is primary device
[    0.550601] ahci 0000:00:1f.2: version 3.0
[    0.551372] ahci 0000:00:1f.2: AHCI 0001.0100 32 slots 4 ports 1.5 Gbps 0x1 impl SATA mode
[    0.551377] ahci 0000:00:1f.2: flags: 64bit ncq pm led clo pio slum part 
[    0.553739] scsi host0: ahci
[    0.554292] scsi host1: ahci
[    0.554755] scsi host2: ahci
[    0.555204] scsi host3: ahci
[    0.555426] ata1: SATA max UDMA/133 abar m1024@0xee444400 port 0xee444500 irq 16
[    0.555429] ata2: DUMMY
[    0.555431] ata3: DUMMY
[    0.555433] ata4: DUMMY
[    0.555602] ata_piix 0000:00:1f.1: version 2.13
[    0.558784] scsi host4: ata_piix
[    0.559222] scsi host5: ata_piix
[    0.559413] ata5: PATA max UDMA/100 cmd 0x1f0 ctl 0x3f6 bmdma 0x1810 irq 14
[    0.559416] ata6: PATA max UDMA/100 cmd 0x170 ctl 0x376 bmdma 0x1818 irq 15
[    0.560574] ata6: port disabled--ignoring
[    0.560683] tun: Universal TUN/TAP device driver, 1.6
[    0.561197] e1000e: Intel(R) PRO/1000 Network Driver - 3.2.6-k
[    0.561199] e1000e: Copyright(c) 1999 - 2015 Intel Corporation.
[    0.561673] e1000e 0000:02:00.0: Interrupt Throttling Rate (ints/sec) set to dynamic conservative mode
[    0.701002] e1000e 0000:02:00.0 eth0: (PCI Express:2.5GT/s:Width x1) 00:16:d3:25:19:04
[    0.701005] e1000e 0000:02:00.0 eth0: Intel(R) PRO/1000 Network Connection
[    0.701084] e1000e 0000:02:00.0 eth0: MAC: 2, PHY: 2, PBA No: 005302-003
[    0.701346] PPP generic driver version 2.4.2
[    0.701650] PPP BSD Compression module registered
[    0.701653] PPP Deflate Compression module registered
[    0.701656] SLIP: version 0.8.4-NET3.019-NEWTTY (dynamic channels, max=256).
[    0.701657] CSLIP: code copyright 1989 Regents of the University of California.
[    0.701740] iwl3945: Intel(R) PRO/Wireless 3945ABG/BG Network Connection driver for Linux, in-tree:ds
[    0.701741] iwl3945: Copyright(c) 2003-2011 Intel Corporation
[    0.701743] iwl3945: hw_scan is disabled
[    0.756578] iwl3945 0000:03:00.0: Tunable channels: 11 802.11bg, 13 802.11a channels
[    0.756581] iwl3945 0000:03:00.0: Detected Intel Wireless WiFi Link 3945ABG
[    0.757498] ieee80211 phy0: Selected rate control algorithm 'iwl-3945-rs'
[    0.758400] Intel(R) Wireless WiFi driver for Linux
[    0.758401] Copyright(c) 2003- 2015 Intel Corporation
[    0.758629] usbcore: registered new interface driver ax88179_178a
[    0.758674] usbcore: registered new interface driver cdc_ether
[    0.758715] usbcore: registered new interface driver net1080
[    0.758757] usbcore: registered new interface driver cdc_subset
[    0.758798] usbcore: registered new interface driver zaurus
[    0.758850] usbcore: registered new interface driver cdc_ncm
[    0.758938] pci 0000:00:1e.0: enabling device (0005 -> 0007)
[    0.759168] yenta_cardbus 0000:15:00.0: CardBus bridge found [17aa:201c]
[    0.872193] ata1: SATA link up 1.5 Gbps (SStatus 113 SControl 300)
[    0.980920] ata1.00: ACPI cmd ef/02:00:00:00:00:a0 (SET FEATURES) succeeded
[    0.980925] ata1.00: ACPI cmd f5/00:00:00:00:00:a0 (SECURITY FREEZE LOCK) filtered out
[    0.980929] ata1.00: ACPI cmd ef/10:03:00:00:00:a0 (SET FEATURES) filtered out
[    1.024996] ata1.00: ATA-9: ST1000LM014-1EJ164, SM11, max UDMA/133
[    1.025000] ata1.00: 1953525168 sectors, multi 16: LBA48 NCQ (depth 32), AA
[    1.069613] ata1.00: ACPI cmd ef/02:00:00:00:00:a0 (SET FEATURES) succeeded
[    1.069618] ata1.00: ACPI cmd f5/00:00:00:00:00:a0 (SECURITY FREEZE LOCK) filtered out
[    1.069622] ata1.00: ACPI cmd ef/10:03:00:00:00:a0 (SET FEATURES) filtered out
[    1.113763] ata1.00: configured for UDMA/133
[    1.259377] Console: switching to colour frame buffer device 102x42
[    1.373897] i915 0000:00:02.0: fb0: inteldrmfb frame buffer device
[    1.377143] scsi 0:0:0:0: Direct-Access     ATA      ST1000LM014-1EJ1 SM11 PQ: 0 ANSI: 5
[    1.380830] sd 0:0:0:0: [sda] 1953525168 512-byte logical blocks: (1.00 TB/932 GiB)
[    1.380957] sd 0:0:0:0: Attached scsi generic sg0 type 0
[    1.383436] sd 0:0:0:0: [sda] 4096-byte physical blocks
[    1.388609] sd 0:0:0:0: [sda] Write Protect is off
[    1.391057] sd 0:0:0:0: [sda] Mode Sense: 00 3a 00 00
[    1.391205] sd 0:0:0:0: [sda] Write cache: enabled, read cache: enabled, doesn't support DPO or FUA
[    1.395758]  sda: sda1 sda2 sda3 sda4
[    1.401142] sd 0:0:0:0: [sda] Attached SCSI disk
[    1.537201] yenta_cardbus 0000:15:00.0: ISA IRQ mask 0x0cb8, PCI irq 16
[    1.539800] yenta_cardbus 0000:15:00.0: Socket status: 30000006
[    1.542391] yenta_cardbus 0000:15:00.0: pcmcia: parent PCI bridge window: [io  0x9000-0xcfff]
[    1.544996] yenta_cardbus 0000:15:00.0: pcmcia: parent PCI bridge window: [mem 0xe4300000-0xe7ffffff]
[    1.547510] pcmcia_socket pcmcia_socket0: cs: memory probe 0xe4300000-0xe7ffffff:
[    1.550021]  excluding 0xe4300000-0xe46cffff
[    1.552565] yenta_cardbus 0000:15:00.0: pcmcia: parent PCI bridge window: [mem 0xe0000000-0xe3ffffff 64bit pref]
[    1.555188] pcmcia_socket pcmcia_socket0: cs: memory probe 0xe0000000-0xe3ffffff:
[    1.557890]  excluding 0xe0000000-0xe3ffffff
[    1.561552] ehci_hcd: USB 2.0 'Enhanced' Host Controller (EHCI) Driver
[    1.564223] ehci-pci: EHCI PCI platform driver
[    1.567346] ehci-pci 0000:00:1d.7: EHCI Host Controller
[    1.570321] ehci-pci 0000:00:1d.7: new USB bus registered, assigned bus number 1
[    1.573153] ehci-pci 0000:00:1d.7: debug port 1
[    1.579869] ehci-pci 0000:00:1d.7: cache line size of 64 is not supported
[    1.579920] ehci-pci 0000:00:1d.7: irq 19, io mem 0xee444000
[    1.596267] ehci-pci 0000:00:1d.7: USB 2.0 started, EHCI 1.00
[    1.599651] usb usb1: New USB device found, idVendor=1d6b, idProduct=0002, bcdDevice= 4.19
[    1.602606] usb usb1: New USB device strings: Mfr=3, Product=2, SerialNumber=1
[    1.605526] usb usb1: Product: EHCI Host Controller
[    1.608392] usb usb1: Manufacturer: Linux 4.19.0-next-20181102+ ehci_hcd
[    1.611245] usb usb1: SerialNumber: 0000:00:1d.7
[    1.614776] hub 1-0:1.0: USB hub found
[    1.617709] hub 1-0:1.0: 8 ports detected
[    1.622407] ohci_hcd: USB 1.1 'Open' Host Controller (OHCI) Driver
[    1.625190] ohci-pci: OHCI PCI platform driver
[    1.627954] uhci_hcd: USB Universal Host Controller Interface driver
[    1.631203] uhci_hcd 0000:00:1d.0: UHCI Host Controller
[    1.634205] uhci_hcd 0000:00:1d.0: new USB bus registered, assigned bus number 2
[    1.637007] uhci_hcd 0000:00:1d.0: detected 2 ports
[    1.640001] uhci_hcd 0000:00:1d.0: irq 16, io base 0x00001820
[    1.643127] usb usb2: New USB device found, idVendor=1d6b, idProduct=0001, bcdDevice= 4.19
[    1.645883] usb usb2: New USB device strings: Mfr=3, Product=2, SerialNumber=1
[    1.648652] usb usb2: Product: UHCI Host Controller
[    1.651365] usb usb2: Manufacturer: Linux 4.19.0-next-20181102+ uhci_hcd
[    1.654097] usb usb2: SerialNumber: 0000:00:1d.0
[    1.657320] hub 2-0:1.0: USB hub found
[    1.660037] hub 2-0:1.0: 2 ports detected
[    1.663695] uhci_hcd 0000:00:1d.1: UHCI Host Controller
[    1.666561] uhci_hcd 0000:00:1d.1: new USB bus registered, assigned bus number 3
[    1.669215] uhci_hcd 0000:00:1d.1: detected 2 ports
[    1.671832] uhci_hcd 0000:00:1d.1: irq 17, io base 0x00001840
[    1.674812] usb usb3: New USB device found, idVendor=1d6b, idProduct=0001, bcdDevice= 4.19
[    1.677451] usb usb3: New USB device strings: Mfr=3, Product=2, SerialNumber=1
[    1.679959] usb usb3: Product: UHCI Host Controller
[    1.682404] usb usb3: Manufacturer: Linux 4.19.0-next-20181102+ uhci_hcd
[    1.684831] usb usb3: SerialNumber: 0000:00:1d.1
[    1.687794] hub 3-0:1.0: USB hub found
[    1.690257] hub 3-0:1.0: 2 ports detected
[    1.693727] uhci_hcd 0000:00:1d.2: UHCI Host Controller
[    1.696315] uhci_hcd 0000:00:1d.2: new USB bus registered, assigned bus number 4
[    1.698688] uhci_hcd 0000:00:1d.2: detected 2 ports
[    1.701111] uhci_hcd 0000:00:1d.2: irq 18, io base 0x00001860
[    1.703873] usb usb4: New USB device found, idVendor=1d6b, idProduct=0001, bcdDevice= 4.19
[    1.706302] usb usb4: New USB device strings: Mfr=3, Product=2, SerialNumber=1
[    1.708695] usb usb4: Product: UHCI Host Controller
[    1.711023] usb usb4: Manufacturer: Linux 4.19.0-next-20181102+ uhci_hcd
[    1.713428] usb usb4: SerialNumber: 0000:00:1d.2
[    1.716394] hub 4-0:1.0: USB hub found
[    1.718811] hub 4-0:1.0: 2 ports detected
[    1.722267] uhci_hcd 0000:00:1d.3: UHCI Host Controller
[    1.724886] uhci_hcd 0000:00:1d.3: new USB bus registered, assigned bus number 5
[    1.727256] uhci_hcd 0000:00:1d.3: detected 2 ports
[    1.729623] uhci_hcd 0000:00:1d.3: irq 19, io base 0x00001880
[    1.732348] usb usb5: New USB device found, idVendor=1d6b, idProduct=0001, bcdDevice= 4.19
[    1.734732] usb usb5: New USB device strings: Mfr=3, Product=2, SerialNumber=1
[    1.737122] usb usb5: Product: UHCI Host Controller
[    1.739471] usb usb5: Manufacturer: Linux 4.19.0-next-20181102+ uhci_hcd
[    1.741842] usb usb5: SerialNumber: 0000:00:1d.3
[    1.744743] hub 5-0:1.0: USB hub found
[    1.747117] hub 5-0:1.0: 2 ports detected
[    1.750292] usbcore: registered new interface driver cdc_acm
[    1.752545] cdc_acm: USB Abstract Control Model driver for USB modems and ISDN adapters
[    1.754924] usbcore: registered new interface driver usblp
[    1.757381] usbcore: registered new interface driver usb-storage
[    1.759743] usbcore: registered new interface driver ums-sddr09
[    1.762167] usbcore: registered new interface driver usbserial_generic
[    1.764490] usbserial: USB Serial support registered for generic
[    1.767105] usbcore: registered new interface driver ch341
[    1.769391] usbserial: USB Serial support registered for ch341-uart
[    1.771683] usbcore: registered new interface driver ftdi_sio
[    1.773960] usbserial: USB Serial support registered for FTDI USB Serial Device
[    1.776358] usbcore: registered new interface driver option
[    1.778662] usbserial: USB Serial support registered for GSM modem (1-port)
[    1.781138] usbcore: registered new interface driver pl2303
[    1.783537] usbserial: USB Serial support registered for pl2303
[    1.785985] usbcore: registered new interface driver ti_usb_3410_5052
[    1.788427] usbserial: USB Serial support registered for TI USB 3410 1 port adapter
[    1.790904] usbserial: USB Serial support registered for TI USB 5052 2 port adapter
[    1.793330] ftdi_elan: driver ftdi-elan
[    1.795709] usbcore: registered new interface driver ftdi-elan
[    1.798261] i8042: PNP: PS/2 Controller [PNP0303:KBD,PNP0f13:MOU] at 0x60,0x64 irq 1,12
[    1.811077] serio: i8042 KBD port at 0x60,0x64 irq 1
[    1.813533] serio: i8042 AUX port at 0x60,0x64 irq 12
[    1.816733] mousedev: PS/2 mouse device common for all mice
[    1.820219] input: PC Speaker as /devices/platform/pcspkr/input/input4
[    1.823243] rtc_cmos 00:02: RTC can wake from S4
[    1.826466] rtc_cmos 00:02: registered as rtc0
[    1.829084] rtc_cmos 00:02: alarms up to one month, y3k, 114 bytes nvram, hpet irqs
[    1.831730] usbcore: registered new interface driver uvcvideo
[    1.834239] USB Video Class driver (1.1.1)
[    1.836683] gspca_main: v2.14.0 registered
[    1.839140] usbcore: registered new interface driver sq930x
[    1.842601] input: AT Translated Set 2 keyboard as /devices/platform/i8042/serio0/input/input5
[    1.842794] device-mapper: ioctl: 4.39.0-ioctl (2018-04-03) initialised: dm-devel@redhat.com
[    1.847806] Bluetooth: HCI UART driver ver 2.3
[    1.850338] Bluetooth: HCI UART protocol H4 registered
[    1.852885] Bluetooth: HCI UART protocol BCSP registered
[    1.855492] usbcore: registered new interface driver btusb
[    1.858099] sdhci: Secure Digital Host Controller Interface driver
[    1.860569] sdhci: Copyright(c) Pierre Ossman
[    1.863100] sdhci-pci 0000:15:00.2: SDHCI controller found [1180:0822] (rev 18)
[    1.866068] sdhci-pci 0000:15:00.2: Will use DMA mode even though HW doesn't fully claim to support it.
[    1.869275] mmc0 bounce up to 128 segments into one, max segment size 65536 bytes
[    1.872004] sdhci-pci 0000:15:00.2: Will use DMA mode even though HW doesn't fully claim to support it.
[    1.875285] mmc0: SDHCI controller on PCI [0000:15:00.2] using DMA
[    1.878313] hidraw: raw HID events driver (C) Jiri Kosina
[    1.882413] usbcore: registered new interface driver usbhid
[    1.885204] usbhid: USB HID core driver
[    1.888121] sdhci-pci 0000:15:00.2: Will use DMA mode even though HW doesn't fully claim to support it.
[    1.889020] thinkpad_acpi: ThinkPad ACPI Extras v0.26
[    1.893889] thinkpad_acpi: http://ibm-acpi.sf.net/
[    1.896683] thinkpad_acpi: ThinkPad BIOS 7BETD8WW (2.19 ), EC 7BHT40WW-1.13
[    1.899496] thinkpad_acpi: Lenovo ThinkPad X60, model 17097HU
[    1.908872] thinkpad_acpi: ACPI backlight control delay disabled
[    1.912142] thinkpad_acpi: radio switch found; radios are enabled
[    1.914972] thinkpad_acpi: This ThinkPad has standard ACPI backlight brightness control, supported by the ACPI video driver
[    1.920685] thinkpad_acpi: Disabling thinkpad-acpi brightness events by default...
[    1.934890] thinkpad_acpi: rfkill switch tpacpi_bluetooth_sw: radio is unblocked
[    1.940469] thinkpad_acpi: warning: userspace override of important firmware LEDs is enabled
[    1.948320] thinkpad_acpi: Standard ACPI backlight interface available, not loading native one
[    1.951344] thinkpad_acpi: volume: disabled as there is no ALSA support in this kernel
[    1.955006] thinkpad_acpi: battery 1 registered (start 0, stop 0)
[    1.955020] battery: new extension: ThinkPad Battery Extension
[    1.961437] input: ThinkPad Extra Buttons as /devices/platform/thinkpad_acpi/input/input8
[    1.969294] snd_hda_intel 0000:00:1b.0: probe_mask set to 0x1 for device 17aa:2010
[    1.972678] usbcore: registered new interface driver snd-usb-audio
[    1.977933] NET: Registered protocol family 17
[    1.981222] Bluetooth: RFCOMM TTY layer initialized
[    1.984342] Bluetooth: RFCOMM socket layer initialized
[    1.987348] Bluetooth: RFCOMM ver 1.11
[    1.990274] Bluetooth: BNEP (Ethernet Emulation) ver 1.3
[    1.993229] Bluetooth: BNEP filters: protocol multicast
[    1.996235] Bluetooth: BNEP socket layer initialized
[    1.999188] Bluetooth: HIDP (Human Interface Emulation) ver 1.2
[    2.002156] Bluetooth: HIDP socket layer initialized
[    2.005612] microcode: sig=0x6e8, pf=0x20, revision=0x39
[    2.009107] microcode: Microcode Update Driver: v2.2.
[    2.009112] Using IPI No-Shortcut mode
[    2.016379] Loading compiled-in X.509 certificates
[    2.020669] Key type encrypted registered
[    2.023599] snd_hda_codec_analog hdaudioC0D0: autoconfig for AD1981: line_outs=1 (0x5/0x0/0x0/0x0/0x0) type:speaker
[    2.024329] rtc_cmos 00:02: setting system clock to 2018-11-11 18:08:23 UTC (1541959703)
[    2.029208] snd_hda_codec_analog hdaudioC0D0:    speaker_outs=0 (0x0/0x0/0x0/0x0/0x0)
[    2.035224] snd_hda_codec_analog hdaudioC0D0:    hp_outs=0 (0x0/0x0/0x0/0x0/0x0)
[    2.038017] snd_hda_codec_analog hdaudioC0D0:    mono: mono_out=0x0
[    2.039321] cfg80211: Loading compiled-in X.509 certificates for regulatory database
[    2.040801] snd_hda_codec_analog hdaudioC0D0:    inputs:
[    2.040806] snd_hda_codec_analog hdaudioC0D0:      Mic=0x8
[    2.040810] snd_hda_codec_analog hdaudioC0D0:      CD=0x19
[    2.056077] cfg80211: Loaded X.509 cert 'sforshee: 00b28ddf47aef9cea7'
[    2.059556] platform regulatory.0: Direct firmware load for regulatory.db failed with error -2
[    2.062358] cfg80211: failed to load regulatory.db
[    2.065142] PM: Image not found (code -22)
[    2.065161] ALSA device list:
[    2.067763]   No soundcards found.
[    2.224185] usb 5-1: new full-speed USB device number 2 using uhci_hcd
[    2.418233] usb 5-1: New USB device found, idVendor=0a5c, idProduct=2110, bcdDevice= 1.00
[    2.422885] usb 5-1: New USB device strings: Mfr=1, Product=2, SerialNumber=0
[    2.427464] usb 5-1: Product: BCM2045B
[    2.431916] usb 5-1: Manufacturer: Broadcom Corp
[    2.448779] psmouse serio1: trackpoint: IBM TrackPoint firmware: 0x0e, buttons: 3/3
[    2.469985] input: TPPS/2 IBM TrackPoint as /devices/platform/i8042/serio1/input/input7
[    2.477856] md: Waiting for all devices to be available before autodetect
[    2.481265] md: If you don't use raid, use raid=noautodetect
[    2.485605] md: Autodetecting RAID arrays.
[    2.488213] md: autorun ...
[    2.490732] md: ... autorun DONE.
[    2.506460] EXT4-fs (sda4): mounted filesystem with ordered data mode. Opts: (null)
[    2.510091] VFS: Mounted root (ext4 filesystem) readonly on device 8:4.
[    2.514388] devtmpfs: mounted
[    2.517832] Freeing unused kernel image memory: 640K
[    2.536376] Write protecting kernel text and read-only data: 17132k
[    2.541137] NX-protecting the kernel data: 8184k
[    2.547379] x86/mm: Checked W+X mappings: passed, no W+X pages found.
[    2.551039] rodata_test: all tests were successful
[    2.554739] x86/mm: Checking user space page tables
[    2.558499] x86/mm: Checked W+X mappings: passed, no W+X pages found.
[    2.561265] Run /sbin/init as init process
[    2.969149] random: systemd: uninitialized urandom read (16 bytes read)
[    2.974465] systemd[1]: systemd 215 running in system mode. (+PAM +AUDIT +SELINUX +IMA +SYSVINIT +LIBCRYPTSETUP +GCRYPT +ACL +XZ -SECCOMP -APPARMOR)
[    3.000471] systemd[1]: Detected architecture 'x86'.
[    3.074708] systemd[1]: Failed to insert module 'ipv6'
[    3.079240] systemd[1]: Set hostname to <amd>.
[    3.140190] usb 5-2: new full-speed USB device number 3 using uhci_hcd
[    3.232601] random: systemd-sysv-ge: uninitialized urandom read (16 bytes read)
[    3.347226] usb 5-2: New USB device found, idVendor=0483, idProduct=2016, bcdDevice= 0.01
[    3.351149] usb 5-2: New USB device strings: Mfr=1, Product=2, SerialNumber=0
[    3.354932] usb 5-2: Product: Biometric Coprocessor
[    3.358588] usb 5-2: Manufacturer: STMicroelectronics
[    3.598272] random: systemd-sysv-ge: uninitialized urandom read (16 bytes read)
[    4.104977] systemd[1]: Binding to IPv6 address not available since kernel does not support IPv6.
[    4.108789] systemd[1]: [/lib/systemd/system/gpsd.socket:6] Failed to parse address value, ignoring: [::1]:2947
[    4.120667] systemd[1]: Starting Forward Password Requests to Wall Directory Watch.
[    4.125159] systemd[1]: Started Forward Password Requests to Wall Directory Watch.
[    4.128042] systemd[1]: Starting Remote File Systems (Pre).
[    4.136997] systemd[1]: Reached target Remote File Systems (Pre).
[    4.587229] systemd-udevd[1896]: starting version 215
[    5.288328] random: crng init done
[    5.290567] random: 7 urandom warning(s) missed due to ratelimiting
[    5.683447] EXT4-fs (sda4): re-mounted. Opts: errors=remount-ro
[    6.082315] e1000e 0000:02:00.0 eth1: renamed from eth0
[    6.100438] systemd-udevd[2426]: renamed network interface eth0 to eth1
[    7.617776] Adding 2097148k swap on /dev/sda1.  Priority:-2 extents:1 across:2097148k 
[    7.762270] EXT4-fs (sda2): mounted filesystem with ordered data mode. Opts: errors=remount-ro
[    7.903727] systemd-journald[2364]: Received request to flush runtime journal from PID 1
[   14.846929] iwl3945 0000:03:00.0: loaded firmware version 15.32.2.9
[   17.263259] wlan0: authenticate with 00:00:00:00:00:01
[   17.265304] wlan0: send auth to 00:00:00:00:00:01 (try 1/3)
[   17.267189] wlan0: authenticated
[   17.272327] wlan0: associate with 00:00:00:00:00:01 (try 1/3)
[   17.275154] wlan0: RX AssocResp from 00:00:00:00:00:01 (capab=0x401 status=0 aid=7)
[   17.277990] wlan0: associated
