[    0.000000] Booting Linux on physical CPU 0x0
[    0.000000] Linux version 4.18.0-rc3-next-20180706 (pavel@half) (gcc version 4.7.2 (GCC)) #92 SMP Sat Jul 7 22:55:41 CEST 2018
[    0.000000] CPU: ARMv7 Processor [411fc083] revision 3 (ARMv7), cr=10c5387d
[    0.000000] CPU: PIPT / VIPT nonaliasing data cache, VIPT nonaliasing instruction cache
[    0.000000] OF: fdt: Machine model: Nokia N900
[    0.000000] Memory policy: Data cache writeback
[    0.000000] cma: Reserved 16 MiB at 0x8e800000
[    0.000000] On node 0 totalpages: 65024
[    0.000000]   Normal zone: 508 pages used for memmap
[    0.000000]   Normal zone: 0 pages reserved
[    0.000000]   Normal zone: 65024 pages, LIFO batch:15
[    0.000000] CPU: All CPU(s) started in SVC mode.
[    0.000000] OMAP3430/3530 ES3.1 (l2cache iva sgx neon isp)
[    0.000000] random: get_random_bytes called from start_kernel+0x74/0x38c with crng_init=0
[    0.000000] percpu: Embedded 16 pages/cpu @(ptrval) s35904 r8192 d21440 u65536
[    0.000000] pcpu-alloc: s35904 r8192 d21440 u65536 alloc=16*4096
[    0.000000] pcpu-alloc: [0] 0 
[    0.000000] Built 1 zonelists, mobility grouping on.  Total pages: 64516
[    0.000000] Kernel command line: root=/dev/mmcblk0p4 console=ttyO2,115200 console=tty1 rootwait no-omap-wd no-ext-wd
[    0.000000] Dentry cache hash table entries: 32768 (order: 5, 131072 bytes)
[    0.000000] Inode-cache hash table entries: 16384 (order: 4, 65536 bytes)
[    0.000000] Memory: 227020K/260096K available (8192K kernel code, 396K rwdata, 2864K rodata, 1024K init, 327K bss, 16692K reserved, 16384K cma-reserved, 0K highmem)
[    0.000000] Virtual kernel memory layout:
[    0.000000]     vector  : 0xffff0000 - 0xffff1000   (   4 kB)
[    0.000000]     fixmap  : 0xffc00000 - 0xfff00000   (3072 kB)
[    0.000000]     vmalloc : 0xd0000000 - 0xff800000   ( 760 MB)
[    0.000000]     lowmem  : 0xc0000000 - 0xcfe00000   ( 254 MB)
[    0.000000]     pkmap   : 0xbfe00000 - 0xc0000000   (   2 MB)
[    0.000000]     modules : 0xbf000000 - 0xbfe00000   (  14 MB)
[    0.000000]       .text : 0x(ptrval) - 0x(ptrval)   (9184 kB)
[    0.000000]       .init : 0x(ptrval) - 0x(ptrval)   (1024 kB)
[    0.000000]       .data : 0x(ptrval) - 0x(ptrval)   ( 397 kB)
[    0.000000]        .bss : 0x(ptrval) - 0x(ptrval)   ( 328 kB)
[    0.000000] rcu: Hierarchical RCU implementation.
[    0.000000] rcu: 	RCU restricting CPUs from NR_CPUS=2 to nr_cpu_ids=1.
[    0.000000] rcu: Adjusting geometry for rcu_fanout_leaf=16, nr_cpu_ids=1
[    0.000000] NR_IRQS: 16, nr_irqs: 16, preallocated irqs: 16
[    0.000000] IRQ: Found an INTC at 0x(ptrval) (revision 4.0) with 96 interrupts
[    0.000000] Clocking rate (Crystal/Core/MPU): 19.2/332/500 MHz
[    0.000000] OMAP clockevent source: timer1 at 32768 Hz
[    0.000000] clocksource: 32k_counter: mask: 0xffffffff max_cycles: 0xffffffff, max_idle_ns: 58327039986419 ns
[    0.000000] sched_clock: 32 bits at 32kHz, resolution 30517ns, wraps every 65535999984741ns
[    0.000030] OMAP clocksource: 32k_counter at 32768 Hz
[    0.001281] Console: colour dummy device 80x30
[    0.002044] console [tty1] enabled
[    0.002105] WARNING: Your 'console=ttyO2' has been replaced by 'ttyS2'
[    0.002136] This ensures that you still see kernel messages. Please
[    0.002166] update your kernel commandline.
[    0.002227] Calibrating delay loop... 496.43 BogoMIPS (lpj=2482176)
[    0.047821] pid_max: default: 32768 minimum: 301
[    0.048095] Security Framework initialized
[    0.048278] Mount-cache hash table entries: 1024 (order: 0, 4096 bytes)
[    0.048339] Mountpoint-cache hash table entries: 1024 (order: 0, 4096 bytes)
[    0.049835] CPU: Testing write buffer coherency: ok
[    0.049957] CPU0: Spectre v2: firmware did not set auxiliary control register IBE bit, system vulnerable
[    0.050506] CPU0: thread -1, cpu 0, socket -1, mpidr 0
[    0.052062] Setting up static identity map for 0x80100000 - 0x80100078
[    0.052429] rcu: Hierarchical SRCU implementation.
[    0.053710] smp: Bringing up secondary CPUs ...
[    0.053771] smp: Brought up 1 node, 1 CPU
[    0.053802] SMP: Total of 1 processors activated (496.43 BogoMIPS).
[    0.053863] CPU: All CPU(s) started in SVC mode.
[    0.057403] devtmpfs: initialized
[    0.096191] VFP support v0.3: implementor 41 architecture 3 part 30 variant c rev 1
[    0.096832] clocksource: jiffies: mask: 0xffffffff max_cycles: 0xffffffff, max_idle_ns: 19112604462750000 ns
[    0.096923] futex hash table entries: 256 (order: 2, 16384 bytes)
[    0.098724] pinctrl core: initialized pinctrl subsystem
[    0.101196] NET: Registered protocol family 16
[    0.107604] DMA: preallocated 256 KiB pool for atomic coherent allocations
[    0.149963] omap_hwmod: mcbsp2_sidetone using broken dt data from mcbsp
[    0.151306] omap_hwmod: mcbsp3_sidetone using broken dt data from mcbsp
[    0.214019] cpuidle: using governor menu
[    0.214782] Reprogramming SDRC clock to 332000000 Hz
[    0.222351] gpio gpiochip0: (gpio-0-31): added GPIO chardev (254:0)
[    0.222534] gpiochip_setup_dev: registered GPIOs 0 to 31 on device: gpiochip0 (gpio-0-31)
[    0.222595] OMAP GPIO hardware version 2.5
[    0.223999] gpio gpiochip1: (gpio-32-63): added GPIO chardev (254:1)
[    0.224182] gpiochip_setup_dev: registered GPIOs 32 to 63 on device: gpiochip1 (gpio-32-63)
[    0.225494] gpio gpiochip2: (gpio-64-95): added GPIO chardev (254:2)
[    0.225677] gpiochip_setup_dev: registered GPIOs 64 to 95 on device: gpiochip2 (gpio-64-95)
[    0.226959] gpio gpiochip3: (gpio-96-127): added GPIO chardev (254:3)
[    0.227142] gpiochip_setup_dev: registered GPIOs 96 to 127 on device: gpiochip3 (gpio-96-127)
[    0.228546] gpio gpiochip4: (gpio-128-159): added GPIO chardev (254:4)
[    0.228729] gpiochip_setup_dev: registered GPIOs 128 to 159 on device: gpiochip4 (gpio-128-159)
[    0.230041] gpio gpiochip5: (gpio-160-191): added GPIO chardev (254:5)
[    0.230224] gpiochip_setup_dev: registered GPIOs 160 to 191 on device: gpiochip5 (gpio-160-191)
[    0.244537] omap-gpmc 6e000000.gpmc: could not find pctldev for node /ocp@68000000/l4@48000000/scm@2000/pinmux@30/pinmux_gpmc_pins, deferring probe
[    0.250091] RX-51: Enabling ARM errata 430973 workaround
[    0.251953] RX-51: Registering OMAP3 HWRNG device
[    0.254486] omap4_sram_init:Unable to allocate sram needed to handle errata I688
[    0.254547] omap4_sram_init:Unable to get sram pool needed to handle errata I688
[    0.255615] Reserving DMA channels 0 and 1 for HS ROM code
[    0.255645] OMAP DMA hardware revision 4.0
[    0.295562] omap-dma-engine 48056000.dma-controller: OMAP DMA engine driver
[    0.301788] omap-iommu 480bd400.mmu: 480bd400.mmu registered
[    0.302490] iommu: Adding device 480bc000.isp to group 0
[    0.305694] SCSI subsystem initialized
[    0.306243] usbcore: registered new interface driver usbfs
[    0.306396] usbcore: registered new interface driver hub
[    0.306579] usbcore: registered new device driver usb
[    0.307769] omap_i2c 48070000.i2c: could not find pctldev for node /ocp@68000000/l4@48000000/scm@2000/pinmux@30/pinmux_i2c1_pins, deferring probe
[    0.307922] omap_i2c 48072000.i2c: could not find pctldev for node /ocp@68000000/l4@48000000/scm@2000/pinmux@30/pinmux_i2c2_pins, deferring probe
[    0.308044] omap_i2c 48060000.i2c: could not find pctldev for node /ocp@68000000/l4@48000000/scm@2000/pinmux@30/pinmux_i2c3_pins, deferring probe
[    0.308410] media: Linux media interface: v0.10
[    0.308502] videodev: Linux video capture interface: v2.00
[    0.308807] pps_core: LinuxPPS API ver. 1 registered
[    0.308837] pps_core: Software ver. 5.3.6 - Copyright 2005-2007 Rodolfo Giometti <giometti@linux.it>
[    0.308929] PTP clock support registered
[    0.309844] omap-mailbox 48094000.mailbox: omap mailbox rev 0x40
[    0.310577] Advanced Linux Sound Architecture Driver Initialized.
[    0.311614] Bluetooth: Core ver 2.22
[    0.311737] NET: Registered protocol family 31
[    0.311767] Bluetooth: HCI device and connection manager initialized
[    0.311828] Bluetooth: HCI socket layer initialized
[    0.311889] Bluetooth: L2CAP socket layer initialized
[    0.311981] Bluetooth: SCO socket layer initialized
[    0.313690] clocksource: Switched to clocksource 32k_counter
[    0.336273] NET: Registered protocol family 2
[    0.337615] tcp_listen_portaddr_hash hash table entries: 256 (order: 0, 6144 bytes)
[    0.337707] TCP established hash table entries: 2048 (order: 1, 8192 bytes)
[    0.337799] TCP bind hash table entries: 2048 (order: 3, 40960 bytes)
[    0.337951] TCP: Hash tables configured (established 2048 bind 2048)
[    0.338195] UDP hash table entries: 256 (order: 1, 12288 bytes)
[    0.338287] UDP-Lite hash table entries: 256 (order: 1, 12288 bytes)
[    0.338592] NET: Registered protocol family 1
[    0.339935] RPC: Registered named UNIX socket transport module.
[    0.339996] RPC: Registered udp transport module.
[    0.340026] RPC: Registered tcp transport module.
[    0.340057] RPC: Registered tcp NFSv4.1 backchannel transport module.
[    0.348480] Initialise system trusted keyrings
[    0.349334] workingset: timestamp_bits=31 max_order=16 bucket_order=0
[    0.351074] NFS: Registering the id_resolver key type
[    0.351196] Key type id_resolver registered
[    0.351226] Key type id_legacy registered
[    0.359069] jitterentropy: Initialization failed with host not compliant with requirements: 2
[    0.359680] Key type asymmetric registered
[    0.359741] Asymmetric key parser 'x509' registered
[    0.359832] io scheduler noop registered
[    0.359863] io scheduler deadline registered
[    0.359985] io scheduler cfq registered (default)
[    0.360046] io scheduler mq-deadline registered
[    0.361816] ti-sysc 480cb024.target-module: sysc_flags 00000100 != 00000110
[    0.363220] ti-sysc 480c9024.target-module: sysc_flags 00000100 != 00000110
[    0.367706] pinctrl-single 48002030.pinmux: 284 pins, size 568
[    0.368469] pinctrl-single 48002a00.pinmux: 46 pins, size 92
[    0.369323] pinctrl-single 480025d8.pinmux: 18 pins, size 36
[    0.370178] omap-dmtimer-pwm dmtimer-pwm: dmtimer pdata structure NULL
[    0.370269] omap-dmtimer-pwm: probe of dmtimer-pwm failed with error -22
[    0.375244] Serial: 8250/16550 driver, 4 ports, IRQ sharing enabled
[    0.379669] 4806c000.serial: ttyS1 at MMIO 0x4806c000 (irq = 89, base_baud = 3000000) is a 8250
[    0.380126] serial serial0: tty port ttyS1 registered
[    0.381286] 49020000.serial: ttyS2 at MMIO 0x49020000 (irq = 90, base_baud = 3000000) is a 8250
[    1.206176] console [ttyS2] enabled
[    1.213562] omap3_rom_rng: initializing
[    1.217742] omap3_rom_rng: unable to get RNG clock
[    1.222625] omap3-rom-rng: probe of omap3-rom-rng failed with error -2
[    1.230255] omapdss_dss 48050000.dss: 48050000.dss supply vdda_video not found, using dummy regulator
[    1.239837] omapdss_dss 48050000.dss: Linked as a consumer to regulator.0
[    1.246887] DSS: OMAP DSS rev 2.0
[    1.252746] omapdss_dss 48050000.dss: bound 48050400.dispc (ops dispc_component_ops)
[    1.261108] omapdss_dss 48050000.dss: bound 48050c00.encoder (ops venc_component_ops)
[    1.273193] Error: Driver 'tfp410' is already registered, aborting...
[    1.306793] brd: module loaded
[    1.329406] loop: module loaded
[    1.335052] mtdoops: mtd device (mtddev=name/number) must be supplied
[    1.345581] of_get_named_gpiod_flags: parsed 'reset-gpios' property of node '/ocp@68000000/spi@48098000/acx565akm@2[0]' - status (0)
[    1.356170] acx565akm spi0.2: omapfb: acx565akm rev ab LCD detected
[    1.369018] omap_ssi 48058000.ssi-controller: ssi controller 0 initialized (1 ports)!
[    1.377990] omap_ssi_port 4805a000.ssi-port: GPIO lookup for consumer ti,ssi-cawake
[    1.378021] omap_ssi_port 4805a000.ssi-port: using device tree for GPIO lookup
[    1.378051] of_get_named_gpiod_flags: can't parse 'ti,ssi-cawake-gpios' property of node '/ocp@68000000/ssi-controller@48058000/ssi-port@4805a000[0]'
[    1.378112] of_get_named_gpiod_flags: parsed 'ti,ssi-cawake-gpio' property of node '/ocp@68000000/ssi-controller@48058000/ssi-port@4805a000[0]' - status (0)
[    1.378204] gpio gpiochip4: Persistence not supported for GPIO 23
[    1.379913] omap_ssi_port 4805a000.ssi-port: ssi port 0 successfully initialized
[    1.388183] nokia-modem n900-modem: GPIO lookup for consumer (null)
[    1.388183] nokia-modem n900-modem: using device tree for GPIO lookup
[    1.388244] of_get_named_gpiod_flags: parsed 'gpios' property of node '/ocp@68000000/ssi-controller@48058000/ssi-port@4805a000/hsi-client[0]' - status (0)
[    1.388275] gpio gpiochip2: Persistence not supported for GPIO 6
[    1.388580] nokia-modem n900-modem: GPIO lookup for consumer (null)
[    1.388610] nokia-modem n900-modem: using device tree for GPIO lookup
[    1.388671] of_get_named_gpiod_flags: parsed 'gpios' property of node '/ocp@68000000/ssi-controller@48058000/ssi-port@4805a000/hsi-client[1]' - status (0)
[    1.388702] gpio gpiochip2: Persistence not supported for GPIO 9
[    1.388977] nokia-modem n900-modem: GPIO lookup for consumer (null)
[    1.388977] nokia-modem n900-modem: using device tree for GPIO lookup
[    1.389038] of_get_named_gpiod_flags: parsed 'gpios' property of node '/ocp@68000000/ssi-controller@48058000/ssi-port@4805a000/hsi-client[2]' - status (0)
[    1.389068] gpio gpiochip2: Persistence not supported for GPIO 10
[    1.389343] nokia-modem n900-modem: GPIO lookup for consumer (null)
[    1.389343] nokia-modem n900-modem: using device tree for GPIO lookup
[    1.389404] of_get_named_gpiod_flags: parsed 'gpios' property of node '/ocp@68000000/ssi-controller@48058000/ssi-port@4805a000/hsi-client[3]' - status (0)
[    1.389434] gpio gpiochip2: Persistence not supported for GPIO 11
[    1.389678] nokia-modem n900-modem: GPIO lookup for consumer (null)
[    1.389709] nokia-modem n900-modem: using device tree for GPIO lookup
[    1.389770] of_get_named_gpiod_flags: parsed 'gpios' property of node '/ocp@68000000/ssi-controller@48058000/ssi-port@4805a000/hsi-client[4]' - status (0)
[    1.389801] gpio gpiochip4: Persistence not supported for GPIO 29
[    1.391265] SSI protocol aka McSAAB added
[    1.395507] CMT speech driver added
[    1.399291] HSI/SSI char device loaded
[    1.403564] mdio_bus fixed-0: GPIO lookup for consumer reset
[    1.403594] mdio_bus fixed-0: using lookup tables for GPIO lookup
[    1.403625] mdio_bus fixed-0: No GPIO consumer reset found
[    1.403656] libphy: Fixed MDIO Bus: probed
[    1.408874] of_get_named_gpiod_flags: parsed 'ti,power-gpio' property of node '/ocp@68000000/spi@480ba000/wl1251@0[0]' - status (0)
[    1.409057] wl1251: ERROR vio regulator missing: -517
[    1.414581] usbcore: registered new interface driver qmi_wwan
[    1.420410] ohci_hcd: USB 1.1 'Open' Host Controller (OHCI) Driver
[    1.426788] ohci-platform: OHCI generic platform driver
[    1.432830] ohci-platform 48064400.ohci: Generic Platform OHCI controller
[    1.439849] ohci-platform 48064400.ohci: new USB bus registered, assigned bus number 1
[    1.448638] ohci-platform 48064400.ohci: irq 92, io mem 0x48064400
[    1.545715] hub 1-0:1.0: USB hub found
[    1.549652] hub 1-0:1.0: 3 ports detected
[    1.555358] usbcore: registered new interface driver cdc_wdm
[    1.561309] usbcore: registered new interface driver qcserial
[    1.567321] usbserial: USB Serial support registered for Qualcomm USB modem
[    1.576232] udc-core: couldn't find an available UDC - added [g_ether] to list of pending drivers
[    1.586181] mousedev: PS/2 mouse device common for all mice
[    1.593353] tsc2005 spi0.0: GPIO lookup for consumer reset
[    1.593353] tsc2005 spi0.0: using device tree for GPIO lookup
[    1.593414] of_get_named_gpiod_flags: parsed 'reset-gpios' property of node '/ocp@68000000/spi@48098000/tsc2005@0[0]' - status (0)
[    1.593475] gpio gpiochip3: Persistence not supported for GPIO 8
[    1.593505] tsc2005 spi0.0: error acquiring vio regulator: -517
[    1.601806] i2c /dev entries driver
[    1.606842] omap3isp 480bc000.isp: parsing endpoint /ocp@68000000/isp@480bc000/ports/port@1/endpoint, interface 1
[    1.606872] omap3isp 480bc000.isp: CSI-1/CCP-2 configuration
[    1.606903] omap3isp 480bc000.isp: clock lane polarity 0, pos 1
[    1.606903] omap3isp 480bc000.isp: data lane polarity 0, pos 0
[    1.606933] omap3isp 480bc000.isp: 480bc000.isp supply vdd-csiphy1 not found, using dummy regulator
[    1.616394] omap3isp 480bc000.isp: Linked as a consumer to regulator.0
[    1.623016] omap3isp 480bc000.isp: 480bc000.isp supply vdd-csiphy2 not found, using dummy regulator
[    1.632720] omap3isp 480bc000.isp: Revision 2.0 found
[    1.638549] omap-iommu 480bd400.mmu: 480bd400.mmu: version 1.1
[    1.644714] omap3isp 480bc000.isp: Can't get regulator vdds_csib, deferring probing
[    1.649536] ti-soc-thermal 48002524.bandgap: This OMAP thermal sensor is unreliable. You've been warned
[    1.659240] ti-soc-thermal 48002524.bandgap: Non-trimmed BGAP, Temp not accurate
[    1.669708] omap_wdt: OMAP Watchdog Timer Rev 0x31: initial timeout 60 sec
[    1.677520] Bluetooth: HCI UART driver ver 2.3
[    1.682037] Bluetooth: HCI UART protocol H4 registered
[    1.687438] Bluetooth: HCI UART protocol LL registered
[    1.692871] Bluetooth: HCI UART protocol Broadcom registered
[    1.700714] omap_hsmmc 4809c000.mmc: GPIO lookup for consumer cd
[    1.700714] omap_hsmmc 4809c000.mmc: using device tree for GPIO lookup
[    1.700775] of_get_named_gpiod_flags: parsed 'cd-gpios' property of node '/ocp@68000000/mmc@4809c000[0]' - status (0)
[    1.700897] gpio gpiochip5: Persistence not supported for GPIO 0
[    1.700927] omap_hsmmc 4809c000.mmc: Got CD GPIO
[    1.705718] omap_hsmmc 4809c000.mmc: GPIO lookup for consumer wp
[    1.705718] omap_hsmmc 4809c000.mmc: using device tree for GPIO lookup
[    1.705780] of_get_named_gpiod_flags: can't parse 'wp-gpios' property of node '/ocp@68000000/mmc@4809c000[0]'
[    1.705780] of_get_named_gpiod_flags: can't parse 'wp-gpio' property of node '/ocp@68000000/mmc@4809c000[0]'
[    1.705810] omap_hsmmc 4809c000.mmc: using lookup tables for GPIO lookup
[    1.705841] omap_hsmmc 4809c000.mmc: No GPIO consumer wp found
[    1.707733] omap_hsmmc 480b4000.mmc: GPIO lookup for consumer wp
[    1.707763] omap_hsmmc 480b4000.mmc: using device tree for GPIO lookup
[    1.707794] of_get_named_gpiod_flags: can't parse 'wp-gpios' property of node '/ocp@68000000/mmc@480b4000[0]'
[    1.707824] of_get_named_gpiod_flags: can't parse 'wp-gpio' property of node '/ocp@68000000/mmc@480b4000[0]'
[    1.707855] omap_hsmmc 480b4000.mmc: using lookup tables for GPIO lookup
[    1.707855] omap_hsmmc 480b4000.mmc: No GPIO consumer wp found
[    1.710052] of_get_named_gpiod_flags: parsed 'gpios' property of node '/leds/heartbeat[0]' - status (0)
[    1.710144] gpio gpiochip5: Persistence not supported for GPIO 2
[    1.710144] no flags found for gpios
[    1.710754] ledtrig-cpu: registered to indicate activity on CPUs
[    1.727966] rx51-audio n900-audio: GPIO lookup for consumer tvout-selection
[    1.727996] rx51-audio n900-audio: using device tree for GPIO lookup
[    1.728057] of_get_named_gpiod_flags: parsed 'tvout-selection-gpios' property of node '/n900-audio[0]' - status (0)
[    1.728088] gpio gpiochip1: Persistence not supported for GPIO 8
[    1.728118] rx51-audio n900-audio: GPIO lookup for consumer jack-detection
[    1.728118] rx51-audio n900-audio: using device tree for GPIO lookup
[    1.728179] of_get_named_gpiod_flags: parsed 'jack-detection-gpios' property of node '/n900-audio[0]' - status (0)
[    1.728179] gpio gpiochip5: Persistence not supported for GPIO 17
[    1.728210] no flags found for jack-detection
[    1.728210] rx51-audio n900-audio: GPIO lookup for consumer eci-switch
[    1.728240] rx51-audio n900-audio: using device tree for GPIO lookup
[    1.728271] of_get_named_gpiod_flags: parsed 'eci-switch-gpios' property of node '/n900-audio[0]' - status (0)
[    1.728302] gpio gpiochip5: Persistence not supported for GPIO 22
[    1.728332] rx51-audio n900-audio: GPIO lookup for consumer speaker-amplifier
[    1.728332] rx51-audio n900-audio: using device tree for GPIO lookup
[    1.728363] rx51-audio n900-audio: No GPIO consumer speaker-amplifier found
[    1.728393] rx51-audio n900-audio: could not get speaker enable gpio
[    1.738006] Initializing XFRM netlink socket
[    1.742401] NET: Registered protocol family 17
[    1.747070] NET: Registered protocol family 15
[    1.752014] Bluetooth: RFCOMM TTY layer initialized
[    1.757080] Bluetooth: RFCOMM socket layer initialized
[    1.762329] Bluetooth: RFCOMM ver 1.11
[    1.766235] Bluetooth: BNEP (Ethernet Emulation) ver 1.3
[    1.771606] Bluetooth: BNEP filters: protocol multicast
[    1.776947] Bluetooth: BNEP socket layer initialized
[    1.781982] Bluetooth: HIDP (Human Interface Emulation) ver 1.2
[    1.788024] Bluetooth: HIDP socket layer initialized
[    1.793212] NET: Registered protocol family 35
[    1.797912] Key type dns_resolver registered
[    1.802520] ThumbEE CPU extension supported.
[    1.806945] Registering SWP/SWPB emulation handler
[    1.811889] omap2_set_init_voltage: unable to find boot up OPP for vdd_mpu_iva
[    1.819244] omap2_set_init_voltage: unable to set vdd_mpu_iva
[    1.825134] omap2_set_init_voltage: unable to find boot up OPP for vdd_core
[    1.832153] omap2_set_init_voltage: unable to set vdd_core
[    1.841156] SmartReflex Class3 initialized
[    1.847015] Loading compiled-in X.509 certificates
[    1.899658] omap-gpmc 6e000000.gpmc: GPMC revision 5.0
[    1.905059] gpmc_mem_init: disabling cs 0 mapped at 0x0-0x1000000
[    1.911285] gpiochip_find_base: found new base at 508
[    1.911865] gpio gpiochip6: (omap-gpmc): added GPIO chardev (254:6)
[    1.912048] gpiochip_setup_dev: registered GPIOs 508 to 511 on device: gpiochip6 (omap-gpmc)
[    1.913452] omap2-onenand 1000000.onenand: GPIO lookup for consumer int
[    1.913482] omap2-onenand 1000000.onenand: using device tree for GPIO lookup
[    1.913513] of_get_named_gpiod_flags: can't parse 'int-gpios' property of node '/ocp@68000000/gpmc@6e000000/onenand@0,0[0]'
[    1.913543] of_get_named_gpiod_flags: can't parse 'int-gpio' property of node '/ocp@68000000/gpmc@6e000000/onenand@0,0[0]'
[    1.913574] omap2-onenand 1000000.onenand: using lookup tables for GPIO lookup
[    1.913574] omap2-onenand 1000000.onenand: No GPIO consumer int found
[    1.913635] omap2-onenand 1000000.onenand: initializing on CS0 (0x01000000), va (ptrval), DMA mode
[    1.922882] OneNAND Manufacturer: Unknown (0xa0)
[    1.929595] Skipping twl internal clock init and using bootloader value (unknown osc rate)
[    1.943206] twl 1-0048: PIH (irq 23) chaining IRQs 155..163
[    1.949096] twl 1-0048: power (irq 160) chaining IRQs 163..170
[    1.957397] random: fast init done
[    1.961273] twl_rtc 48070000.i2c:twl@48:rtc: Enabling TWL-RTC
[    1.970733] twl_rtc 48070000.i2c:twl@48:rtc: rtc core: registered 48070000.i2c:twl@48:rtc as rtc0
[    2.027801] twl4030_gpio twl4030-gpio: gpio (irq 155) chaining IRQs 171..188
[    2.035461] gpiochip_find_base: found new base at 490
[    2.035919] gpio gpiochip7: (twl4030): added GPIO chardev (254:7)
[    2.036102] gpiochip_setup_dev: registered GPIOs 490 to 507 on device: gpiochip7 (twl4030)
[    2.037750] twl4030_usb 48070000.i2c:twl@48:twl4030-usb: Linked as a consumer to regulator.16
[    2.046997] twl4030_usb 48070000.i2c:twl@48:twl4030-usb: Linked as a consumer to regulator.14
[    2.056152] twl4030_usb 48070000.i2c:twl@48:twl4030-usb: Linked as a consumer to regulator.15
[    2.134796] twl4030_usb 48070000.i2c:twl@48:twl4030-usb: Initialized TWL4030 USB module
[    2.147216] input: twl4030_pwrbutton as /devices/platform/68000000.ocp/48070000.i2c/i2c-1/1-0048/48070000.i2c:twl@48:pwrbutton/input/input1
[    2.161956] input: TWL4030 Keypad as /devices/platform/68000000.ocp/48070000.i2c/i2c-1/1-0048/48070000.i2c:twl@48:keypad/input/input2
[    2.179992] twl4030_madc 48070000.i2c:twl@48:madc: 48070000.i2c:twl@48:madc supply vusb3v1 not found, using dummy regulator
[    2.191589] twl4030_madc 48070000.i2c:twl@48:madc: Linked as a consumer to regulator.0
[    2.203002] input: twl4030:vibrator as /devices/platform/68000000.ocp/48070000.i2c/i2c-1/1-0048/48070000.i2c:twl@48:audio/twl4030-vibra/input/input3
[    2.259368] omap_i2c 48070000.i2c: bus 1 rev3.3 at 2200 kHz
[    2.268035] of_get_named_gpiod_flags: parsed 'reset-gpios' property of node '/ocp@68000000/i2c@48072000/tlv320aic3x@18[0]' - status (0)
[    2.268249] tlv320aic3x-codec 2-0018: Linked as a consumer to regulator.8
[    2.275909] tlv320aic3x-codec 2-0018: Linked as a consumer to regulator.13
[    2.284729] of_get_named_gpiod_flags: parsed 'reset-gpios' property of node '/ocp@68000000/i2c@48072000/tlv320aic3x@19[0]' - status (0)
[    2.284912] tlv320aic3x-codec 2-0019: Linked as a consumer to regulator.8
[    2.292358] tlv320aic3x-codec 2-0019: Linked as a consumer to regulator.13
[    2.303497] tsl2563 2-0029: model 7, rev. 0
[    2.312011] of_get_named_gpiod_flags: parsed 'enable-gpio' property of node '/ocp@68000000/i2c@48072000/lp5523@32[0]' - status (0)
[    3.364105] omap_i2c 48072000.i2c: controller timed out
[    3.464019] lp5523x 2-0032: lp5523 Programmable led chip found
[    3.476684] power_supply bq27200-0: Not all required supplies found, defer probe
[    3.484283] bq27xxx-battery 2-0055: failed to register battery
[    3.491119] of_get_named_gpiod_flags: parsed 'power-gpio' property of node '/ocp@68000000/i2c@48072000/tpa6130a2@60[0]' - status (0)
[    3.491699] tpa6130a2 2-0060: Linked as a consumer to regulator.13
[    3.518768] bq2415x-charger 2-006b: automode supported, waiting for events
[    3.527496] bq2415x-charger 2-006b: driver registered
[    3.532806] omap_i2c 48072000.i2c: bus 2 rev3.3 at 100 kHz
[    3.541992] lis3lv02d_i2c 3-001d: Linked as a consumer to regulator.2
[    3.548858] lis3lv02d_i2c 3-001d: Linked as a consumer to regulator.8
[    3.576538] lis3lv02d: 8 bits sensor found
[    3.654479] input: ST LIS3LV02DL Accelerometer as /devices/platform/lis3lv02d/input/input4
[    3.669982] et8ek8 3-003e: GPIO lookup for consumer reset
[    3.670013] et8ek8 3-003e: using device tree for GPIO lookup
[    3.670043] of_get_named_gpiod_flags: can't parse 'reset-gpios' property of node '/ocp@68000000/i2c@48060000/camera@3e[0]'
[    3.670104] of_get_named_gpiod_flags: parsed 'reset-gpio' property of node '/ocp@68000000/i2c@48060000/camera@3e[0]' - status (0)
[    3.670135] gpio gpiochip3: Persistence not supported for GPIO 6
[    3.670379] et8ek8 3-003e: Linked as a consumer to regulator.5
[    3.676483] et8ek8 3-003e: could not get clock
[    3.681152] et8ek8 3-003e: Dropping the link to regulator.5
[    3.687713] ad5820 3-000c: Linked as a consumer to regulator.5
[    3.693847] omap_i2c 48060000.i2c: bus 3 rev3.3 at 400 kHz
[    3.699829] nokia-modem n900-modem: GPIO lookup for consumer (null)
[    3.699859] nokia-modem n900-modem: using device tree for GPIO lookup
[    3.699920] of_get_named_gpiod_flags: parsed 'gpios' property of node '/ocp@68000000/ssi-controller@48058000/ssi-port@4805a000/hsi-client[0]' - status (0)
[    3.699951] gpio gpiochip2: Persistence not supported for GPIO 6
[    3.700195] nokia-modem n900-modem: GPIO lookup for consumer (null)
[    3.700225] nokia-modem n900-modem: using device tree for GPIO lookup
[    3.700286] of_get_named_gpiod_flags: parsed 'gpios' property of node '/ocp@68000000/ssi-controller@48058000/ssi-port@4805a000/hsi-client[1]' - status (0)
[    3.700317] gpio gpiochip2: Persistence not supported for GPIO 9
[    3.700500] nokia-modem n900-modem: GPIO lookup for consumer (null)
[    3.700500] nokia-modem n900-modem: using device tree for GPIO lookup
[    3.700561] of_get_named_gpiod_flags: parsed 'gpios' property of node '/ocp@68000000/ssi-controller@48058000/ssi-port@4805a000/hsi-client[2]' - status (0)
[    3.700592] gpio gpiochip2: Persistence not supported for GPIO 10
[    3.700775] nokia-modem n900-modem: GPIO lookup for consumer (null)
[    3.700775] nokia-modem n900-modem: using device tree for GPIO lookup
[    3.700836] of_get_named_gpiod_flags: parsed 'gpios' property of node '/ocp@68000000/ssi-controller@48058000/ssi-port@4805a000/hsi-client[3]' - status (0)
[    3.700866] gpio gpiochip2: Persistence not supported for GPIO 11
[    3.701049] nokia-modem n900-modem: GPIO lookup for consumer (null)
[    3.701080] nokia-modem n900-modem: using device tree for GPIO lookup
[    3.701141] of_get_named_gpiod_flags: parsed 'gpios' property of node '/ocp@68000000/ssi-controller@48058000/ssi-port@4805a000/hsi-client[4]' - status (0)
[    3.701141] gpio gpiochip4: Persistence not supported for GPIO 29
[    3.703338] nokia-modem n900-modem: Registered Nokia HSI modem
[    3.709930] of_get_named_gpiod_flags: parsed 'ti,power-gpio' property of node '/ocp@68000000/spi@480ba000/wl1251@0[0]' - status (0)
[    3.710266] wl1251 spi3.0: Linked as a consumer to regulator.8
[    3.716552] wl1251 spi3.0: Direct firmware load for ti-connectivity/wl1251-nvs.bin failed with error -2
[    3.726165] wl1251: ERROR could not get nvs file: -2
[    3.731445] wl1251 spi3.0: Dropping the link to regulator.8
[    3.737304] wl1251: probe of spi3.0 failed with error -2
[    3.743682] udc musb-hdrc.0.auto: registering UDC driver [g_ether]
[    3.743896] using random self ethernet address
[    3.748413] using random host ethernet address
[    3.752929] g_ether gadget: adding config #1 'CDC Ethernet (ECM)'/(ptrval)
[    3.752960] g_ether gadget: adding 'cdc_ethernet'/(ptrval) to config 'CDC Ethernet (ECM)'/(ptrval)
[    3.754058] usb0: HOST MAC 6a:83:14:3e:05:9f
[    3.758453] usb0: MAC 6a:e7:49:2c:bf:da
[    3.762390] g_ether gadget: CDC Ethernet: dual speed IN/ep1in OUT/ep1out NOTIFY/ep2in
[    3.762390] g_ether gadget: cfg 1/(ptrval) speeds: high full
[    3.762420] g_ether gadget:   interface 0 = cdc_ethernet/(ptrval)
[    3.762420] g_ether gadget:   interface 1 = cdc_ethernet/(ptrval)
[    3.762451] g_ether gadget: Ethernet Gadget, version: Memorial Day 2008
[    3.769226] g_ether gadget: g_ether ready
[    3.774017] tsc2005 spi0.0: GPIO lookup for consumer reset
[    3.774017] tsc2005 spi0.0: using device tree for GPIO lookup
[    3.774078] of_get_named_gpiod_flags: parsed 'reset-gpios' property of node '/ocp@68000000/spi@48098000/tsc2005@0[0]' - status (0)
[    3.774139] gpio gpiochip3: Persistence not supported for GPIO 8
[    3.774353] tsc2005 spi0.0: Linked as a consumer to regulator.8
[    3.781951] input: TSC2005 touchscreen as /devices/platform/68000000.ocp/48098000.spi/spi_master/spi0/spi0.0/input/input5
[    3.795623] omap3isp 480bc000.isp: parsing endpoint /ocp@68000000/isp@480bc000/ports/port@1/endpoint, interface 1
[    3.795654] omap3isp 480bc000.isp: CSI-1/CCP-2 configuration
[    3.795684] omap3isp 480bc000.isp: clock lane polarity 0, pos 1
[    3.795684] omap3isp 480bc000.isp: data lane polarity 0, pos 0
[    3.795776] omap3isp 480bc000.isp: 480bc000.isp supply vdd-csiphy1 not found, using dummy regulator
[    3.805267] omap3isp 480bc000.isp: 480bc000.isp supply vdd-csiphy2 not found, using dummy regulator
[    3.815002] omap3isp 480bc000.isp: Revision 2.0 found
[    3.821136] omap-iommu 480bd400.mmu: 480bd400.mmu: version 1.1
[    3.827514] omap3isp 480bc000.isp: Linked as a consumer to regulator.3
[    3.834411] omap3isp 480bc000.isp: hist: using DMA channel dma0chan8
[    3.834503] omap3isp 480bc000.isp: Entity type for entity OMAP3 ISP CCP2 was not initialized!
[    3.843719] omap3isp 480bc000.isp: Entity type for entity OMAP3 ISP CSI2a was not initialized!
[    3.852905] omap3isp 480bc000.isp: Entity type for entity OMAP3 ISP CCDC was not initialized!
[    3.861999] omap3isp 480bc000.isp: Entity type for entity OMAP3 ISP preview was not initialized!
[    3.871551] omap3isp 480bc000.isp: Entity type for entity OMAP3 ISP resizer was not initialized!
[    3.881134] omap3isp 480bc000.isp: Entity type for entity OMAP3 ISP AEWB was not initialized!
[    3.889801] omap3isp 480bc000.isp: Entity type for entity OMAP3 ISP AF was not initialized!
[    3.898315] omap3isp 480bc000.isp: Entity type for entity OMAP3 ISP histogram was not initialized!
[    3.908905] (NULL device *): hwmon: 'rx51-battery' is not a valid name attribute, please fix
[    3.918914] omap_hsmmc 4809c000.mmc: GPIO lookup for consumer cd
[    3.918945] omap_hsmmc 4809c000.mmc: using device tree for GPIO lookup
[    3.919006] of_get_named_gpiod_flags: parsed 'cd-gpios' property of node '/ocp@68000000/mmc@4809c000[0]' - status (0)
[    3.919036] gpio gpiochip5: Persistence not supported for GPIO 0
[    3.919097] omap_hsmmc 4809c000.mmc: Got CD GPIO
[    3.923889] omap_hsmmc 4809c000.mmc: GPIO lookup for consumer wp
[    3.923889] omap_hsmmc 4809c000.mmc: using device tree for GPIO lookup
[    3.923919] of_get_named_gpiod_flags: can't parse 'wp-gpios' property of node '/ocp@68000000/mmc@4809c000[0]'
[    3.923950] of_get_named_gpiod_flags: can't parse 'wp-gpio' property of node '/ocp@68000000/mmc@4809c000[0]'
[    3.923980] omap_hsmmc 4809c000.mmc: using lookup tables for GPIO lookup
[    3.924011] omap_hsmmc 4809c000.mmc: No GPIO consumer wp found
[    3.924804] omap_hsmmc 4809c000.mmc: Linked as a consumer to regulator.12
[    3.931915] omap_hsmmc 4809c000.mmc: Linked as a consumer to regulator.1
[    3.968749] omap_hsmmc 480b4000.mmc: GPIO lookup for consumer wp
[    3.968780] omap_hsmmc 480b4000.mmc: using device tree for GPIO lookup
[    3.968811] of_get_named_gpiod_flags: can't parse 'wp-gpios' property of node '/ocp@68000000/mmc@480b4000[0]'
[    3.968841] of_get_named_gpiod_flags: can't parse 'wp-gpio' property of node '/ocp@68000000/mmc@480b4000[0]'
[    3.968872] omap_hsmmc 480b4000.mmc: using lookup tables for GPIO lookup
[    3.968872] omap_hsmmc 480b4000.mmc: No GPIO consumer wp found
[    3.969635] omap_hsmmc 480b4000.mmc: Linked as a consumer to regulator.4
[    3.976806] omap_hsmmc 480b4000.mmc: Linked as a consumer to regulator.19
[    4.012176] rx51-audio n900-audio: GPIO lookup for consumer tvout-selection
[    4.012207] rx51-audio n900-audio: using device tree for GPIO lookup
[    4.012268] of_get_named_gpiod_flags: parsed 'tvout-selection-gpios' property of node '/n900-audio[0]' - status (0)
[    4.012298] gpio gpiochip1: Persistence not supported for GPIO 8
[    4.012329] rx51-audio n900-audio: GPIO lookup for consumer jack-detection
[    4.012329] rx51-audio n900-audio: using device tree for GPIO lookup
[    4.012390] of_get_named_gpiod_flags: parsed 'jack-detection-gpios' property of node '/n900-audio[0]' - status (0)
[    4.012420] gpio gpiochip5: Persistence not supported for GPIO 17
[    4.012420] no flags found for jack-detection
[    4.012451] rx51-audio n900-audio: GPIO lookup for consumer eci-switch
[    4.012451] rx51-audio n900-audio: using device tree for GPIO lookup
[    4.012481] of_get_named_gpiod_flags: parsed 'eci-switch-gpios' property of node '/n900-audio[0]' - status (0)
[    4.012512] gpio gpiochip5: Persistence not supported for GPIO 22
[    4.012542] rx51-audio n900-audio: GPIO lookup for consumer speaker-amplifier
[    4.012542] rx51-audio n900-audio: using device tree for GPIO lookup
[    4.012603] of_get_named_gpiod_flags: parsed 'speaker-amplifier-gpios' property of node '/n900-audio[0]' - status (0)
[    4.021270] rx51-audio n900-audio: tlv320aic3x-hifi <-> 49022000.mcbsp mapping ok
[    4.041625] input: RX-51 AV Jack as /devices/platform/n900-audio/sound/card0/input6
[    4.059051] omapdss_dss 48050000.dss: Linked as a consumer to regulator.2
[    4.066375] omapdss_venc 48050c00.encoder: Linked as a consumer to regulator.7
[    4.074279] omapdrm omapdrm.0: DMM not available, disable DMM support
[    4.081481] [drm] Supports vblank timestamp caching Rev 2 (21.10.2013).
[    4.088317] [drm] No driver support for vblank timestamp query.
[    4.141418] mmc0: host does not support reading read-only switch, assuming write-enable
[    4.146911] mmc0: new high speed SDHC card at address e624
[    4.149322] mmcblk0: mmc0:e624 SU16G 14.8 GiB 
[    4.158905]  mmcblk0: p1 p2 p3 p4
[    4.205810] Console: switching to colour frame buffer device 100x30
[    4.275573] omapdrm omapdrm.0: fb0: omapdrm frame buffer device
[    4.287109] g_ether gadget: high-speed config #1: CDC Ethernet (ECM)
[    4.298431] g_ether gadget: init ecm
[    4.298431] g_ether gadget: notify connect false
[    4.298950] g_ether gadget: activate ecm
[    4.298980] usb0: qlen 10
[    4.299011] g_ether gadget: ecm_close
[    4.299224] g_ether gadget: packet filter 0c
[    4.299224] g_ether gadget: ecm req21.43 v000c i0000 l0
[    4.300720] [drm] Initialized omapdrm 1.0.0 20110917 for omapdrm.0 on minor 0
[    4.320678] power_supply bq27200-0: bq27200-0: Found supply : bq24150a-0
[    4.333160] (NULL device *): hwmon: 'bq27200-0' is not a valid name attribute, please fix
[    4.349487] mmc1: switch to bus width 8 failed
[    4.360260] mmc1: switch to bus width 4 failed
[    4.369842] mmc1: new high speed MMC card at address 0001
[    4.382873] mmcblk1: mmc1:0001 MMC32G 29.8 GiB 
[    4.394744] mmcblk1boot0: mmc1:0001 MMC32G partition 1 512 KiB
[    4.407714] mmcblk1boot1: mmc1:0001 MMC32G partition 2 512 KiB
[    4.422851]  mmcblk1: p1 p2 p3 p4
[    4.441955] et8ek8 3-003e: GPIO lookup for consumer reset
[    4.441955] et8ek8 3-003e: using device tree for GPIO lookup
[    4.442016] of_get_named_gpiod_flags: can't parse 'reset-gpios' property of node '/ocp@68000000/i2c@48060000/camera@3e[0]'
[    4.442077] of_get_named_gpiod_flags: parsed 'reset-gpio' property of node '/ocp@68000000/i2c@48060000/camera@3e[0]' - status (0)
[    4.442108] gpio gpiochip3: Persistence not supported for GPIO 6
[    4.442321] et8ek8 3-003e: Linked as a consumer to regulator.5
[    4.453460] omap3isp 480bc000.isp: Entity type for entity et8ek8 3-003e was not initialized!
[    4.470245] omap3isp 480bc000.isp: isp_xclk_set_rate: cam_xclka set to 9600000 Hz (div 18)
[    4.504333] et8ek8 3-003e: meta_reglist version V14 03-June-2008
[    4.595031] omap3isp 480bc000.isp: Entity type for entity ad5820 focus was not initialized!
[    4.613403] of_get_named_gpiod_flags: parsed 'gpios' property of node '/gpio_keys/camera_lens_cover[0]' - status (0)
[    4.613464] gpio gpiochip3: Persistence not supported for GPIO 14
[    4.613952] of_get_named_gpiod_flags: parsed 'gpios' property of node '/gpio_keys/camera_focus[0]' - status (0)
[    4.613983] gpio gpiochip2: Persistence not supported for GPIO 4
[    4.614257] of_get_named_gpiod_flags: parsed 'gpios' property of node '/gpio_keys/camera_capture[0]' - status (0)
[    4.614288] gpio gpiochip2: Persistence not supported for GPIO 5
[    4.614532] of_get_named_gpiod_flags: parsed 'gpios' property of node '/gpio_keys/lock_button[0]' - status (0)
[    4.614562] gpio gpiochip3: Persistence not supported for GPIO 17
[    4.614776] of_get_named_gpiod_flags: parsed 'gpios' property of node '/gpio_keys/keypad_slide[0]' - status (0)
[    4.614807] gpio gpiochip2: Persistence not supported for GPIO 7
[    4.615112] of_get_named_gpiod_flags: parsed 'gpios' property of node '/gpio_keys/proximity_sensor[0]' - status (0)
[    4.615142] gpio gpiochip2: Persistence not supported for GPIO 25
[    4.615722] input: gpio_keys as /devices/platform/gpio_keys/input/input7
[    4.629821] twl_rtc 48070000.i2c:twl@48:rtc: setting system clock to 2018-07-07 20:58:23 UTC (1530997103)
[    4.649871] sr_init: No PMIC hook to init smartreflex
[    4.661071] smartreflex 480cb000.smartreflex: omap_sr_probe: SmartReflex driver initialized
[    4.675628] smartreflex 480c9000.smartreflex: omap_sr_probe: SmartReflex driver initialized
[    4.690887] cfg80211: Loading compiled-in X.509 certificates for regulatory database
[    4.710876] cfg80211: Loaded X.509 cert 'sforshee: 00b28ddf47aef9cea7'
[    4.724304] platform regulatory.0: Direct firmware load for regulatory.db failed with error -2
[    4.738586] cfg80211: failed to load regulatory.db
[    4.748962] VCSI: disabling
[    4.758148] ALSA device list:
[    4.766204]   #0: RX-51
[    4.802276] EXT4-fs (mmcblk0p4): mounted filesystem with ordered data mode. Opts: (null)
[    4.816009] VFS: Mounted root (ext4 filesystem) readonly on device 179:4.
[    4.846160] devtmpfs: mounted
[    4.858703] Freeing unused kernel memory: 1024K
[    4.873565] twl4030_bci 48070000.i2c:twl@48:bci: battery temperature out of range
[    6.721069] udevd[196]: starting version 175
[   10.725219] ad5820 3-000c: write failed, error -121
[   14.561767] (stc): gdata/new_proto/recv or reg_complete_cb not ready
[   14.561798] fmdrv: Failed to get ST write func pointer
[   14.584808] (stc):  chnl_id 8 not supported
[   14.584808] fmdrv: st_unregister failed -93
[   14.603485] fmdrv: Unable to prepare FM CORE
[   14.717834] random: alsactl: uninitialized urandom read (4 bytes read)
[   16.343994] random: crng init done
[   17.636688] EXT4-fs (mmcblk0p4): re-mounted. Opts: (null)
[   25.601226] EXT4-fs (mmcblk0p1): mounted filesystem with ordered data mode. Opts: errors=remount-ro
[   25.679992] EXT4-fs (mmcblk1p4): mounted filesystem with ordered data mode. Opts: errors=remount-ro
[   28.704437] usb0: eth_open
[   28.704467] usb0: eth_start
[   28.704589] g_ether gadget: ecm_open
[   75.365722] g_ether gadget: packet filter 0e
[   75.365753] g_ether gadget: ecm req21.43 v000e i0000 l0
[   75.369232] g_ether gadget: packet filter 0e
[   75.369262] g_ether gadget: ecm req21.43 v000e i0000 l0
[   75.396148] g_ether gadget: notify connect true
[   75.428161] g_ether gadget: notify speed 425984000
[   84.113006] g_ether gadget: packet filter 0e
[   84.113037] g_ether gadget: ecm req21.43 v000e i0000 l0
