[    0.000000] Linux version 4.17.0-next-20180615 (pavel@half) (gcc version 4.9.2 (Debian 4.9.2-10+deb8u1)) #133 SMP Fri Jun 15 12:45:30 CEST 2018
[    0.000000] Disabled fast string operations
[    0.000000] x86/fpu: x87 FPU will use FXSAVE
[    0.000000] BIOS-provided physical RAM map:
[    0.000000] BIOS-e820: [mem 0x0000000000000000-0x000000000009efff] usable
[    0.000000] BIOS-e820: [mem 0x000000000009f000-0x000000000009ffff] reserved
[    0.000000] BIOS-e820: [mem 0x00000000000dc000-0x00000000000fffff] reserved
[    0.000000] BIOS-e820: [mem 0x0000000000100000-0x00000000bf6cffff] usable
[    0.000000] BIOS-e820: [mem 0x00000000bf6d0000-0x00000000bf6defff] ACPI data
[    0.000000] BIOS-e820: [mem 0x00000000bf6df000-0x00000000bf6fffff] ACPI NVS
[    0.000000] BIOS-e820: [mem 0x00000000bf700000-0x00000000bfffffff] reserved
[    0.000000] BIOS-e820: [mem 0x00000000f0000000-0x00000000f3ffffff] reserved
[    0.000000] BIOS-e820: [mem 0x00000000fec00000-0x00000000fec0ffff] reserved
[    0.000000] BIOS-e820: [mem 0x00000000fed00000-0x00000000fed003ff] reserved
[    0.000000] BIOS-e820: [mem 0x00000000fed14000-0x00000000fed19fff] reserved
[    0.000000] BIOS-e820: [mem 0x00000000fed1c000-0x00000000fed8ffff] reserved
[    0.000000] BIOS-e820: [mem 0x00000000fee00000-0x00000000fee00fff] reserved
[    0.000000] BIOS-e820: [mem 0x00000000ff800000-0x00000000ffffffff] reserved
[    0.000000] NX (Execute Disable) protection: active
[    0.000000] SMBIOS 2.4 present.
[    0.000000] DMI: LENOVO 17097HU/17097HU, BIOS 7BETD8WW (2.19 ) 03/31/2011
[    0.000000] e820: update [mem 0x00000000-0x00000fff] usable ==> reserved
[    0.000000] e820: remove [mem 0x000a0000-0x000fffff] usable
[    0.000000] last_pfn = 0xbf6d0 max_arch_pfn = 0x1000000
[    0.000000] MTRR default type: uncachable
[    0.000000] MTRR fixed ranges enabled:
[    0.000000]   00000-9FFFF write-back
[    0.000000]   A0000-BFFFF uncachable
[    0.000000]   C0000-CFFFF write-protect
[    0.000000]   D0000-DBFFF uncachable
[    0.000000]   DC000-DFFFF write-back
[    0.000000]   E0000-FFFFF write-protect
[    0.000000] MTRR variable ranges enabled:
[    0.000000]   0 base 000000000 mask F80000000 write-back
[    0.000000]   1 base 080000000 mask FC0000000 write-back
[    0.000000]   2 base 0BF700000 mask FFFF00000 uncachable
[    0.000000]   3 base 0BF800000 mask FFF800000 uncachable
[    0.000000]   4 disabled
[    0.000000]   5 disabled
[    0.000000]   6 disabled
[    0.000000]   7 disabled
[    0.000000] x86/PAT: PAT not supported by CPU.
[    0.000000] x86/PAT: Configuration [0-7]: WB  WT  UC- UC  WB  WT  UC- UC  
[    0.000000] initial memory mapped: [mem 0x00000000-0x05dfffff]
[    0.000000] Base memory trampoline at [(ptrval)] 9b000 size 16384
[    0.000000] BRK [0x05829000, 0x05829fff] PGTABLE
[    0.000000] BRK [0x0582a000, 0x0582afff] PGTABLE
[    0.000000] ACPI: Early table checksum verification disabled
[    0.000000] ACPI: RSDP 0x00000000000F67C0 000024 (v02 LENOVO)
[    0.000000] ACPI: XSDT 0x00000000BF6D191C 000084 (v01 LENOVO TP-7B    00002190  LTP 00000000)
[    0.000000] ACPI: FACP 0x00000000BF6D1A00 0000F4 (v03 LENOVO TP-7B    00002190 LNVO 00000001)
[    0.000000] ACPI BIOS Warning (bug): 32/64X length mismatch in FADT/Gpe0Block: 64/32 (20180531/tbfadt-569)
[    0.000000] ACPI BIOS Warning (bug): Optional FADT field Gpe1Block has valid Address but zero Length: 0x000000000000102C/0x0 (20180531/tbfadt-624)
[    0.000000] ACPI: DSDT 0x00000000BF6D1D90 00CFB9 (v01 LENOVO TP-7B    00002190 MSFT 0100000E)
[    0.000000] ACPI: FACS 0x00000000BF6F4000 000040
[    0.000000] ACPI: FACS 0x00000000BF6F4000 000040
[    0.000000] ACPI: SSDT 0x00000000BF6D1BB4 0001DC (v01 LENOVO TP-7B    00002190 MSFT 0100000E)
[    0.000000] ACPI: ECDT 0x00000000BF6DED49 000052 (v01 LENOVO TP-7B    00002190 LNVO 00000001)
[    0.000000] ACPI: TCPA 0x00000000BF6DED9B 000032 (v02 LENOVO TP-7B    00002190 LNVO 00000001)
[    0.000000] ACPI: APIC 0x00000000BF6DEDCD 000068 (v01 LENOVO TP-7B    00002190 LNVO 00000001)
[    0.000000] ACPI: MCFG 0x00000000BF6DEE35 00003C (v01 LENOVO TP-7B    00002190 LNVO 00000001)
[    0.000000] ACPI: HPET 0x00000000BF6DEE71 000038 (v01 LENOVO TP-7B    00002190 LNVO 00000001)
[    0.000000] ACPI: BOOT 0x00000000BF6DEFD8 000028 (v01 LENOVO TP-7B    00002190  LTP 00000001)
[    0.000000] ACPI: SSDT 0x00000000BF6F2645 00025F (v01 LENOVO TP-7B    00002190 INTL 20050513)
[    0.000000] ACPI: SSDT 0x00000000BF6F28A4 0000A6 (v01 LENOVO TP-7B    00002190 INTL 20050513)
[    0.000000] ACPI: SSDT 0x00000000BF6F294A 0004F7 (v01 LENOVO TP-7B    00002190 INTL 20050513)
[    0.000000] ACPI: SSDT 0x00000000BF6F2E41 0001D8 (v01 LENOVO TP-7B    00002190 INTL 20050513)
[    0.000000] ACPI: Local APIC address 0xfee00000
[    0.000000] 2174MB HIGHMEM available.
[    0.000000] 887MB LOWMEM available.
[    0.000000]   mapped low ram: 0 - 377fe000
[    0.000000]   low ram: 0 - 377fe000
[    0.000000] tsc: Fast TSC calibration using PIT
[    0.000000] BRK [0x0582b000, 0x0582bfff] PGTABLE
[    0.000000] Zone ranges:
[    0.000000]   DMA      [mem 0x0000000000001000-0x0000000000ffffff]
[    0.000000]   Normal   [mem 0x0000000001000000-0x00000000377fdfff]
[    0.000000]   HighMem  [mem 0x00000000377fe000-0x00000000bf6cffff]
[    0.000000] Movable zone start for each node
[    0.000000] Early memory node ranges
[    0.000000]   node   0: [mem 0x0000000000001000-0x000000000009efff]
[    0.000000]   node   0: [mem 0x0000000000100000-0x00000000bf6cffff]
[    0.000000] Initmem setup node 0 [mem 0x0000000000001000-0x00000000bf6cffff]
[    0.000000] On node 0 totalpages: 783982
[    0.000000]   DMA zone: 32 pages used for memmap
[    0.000000]   DMA zone: 0 pages reserved
[    0.000000]   DMA zone: 3998 pages, LIFO batch:0
[    0.000000]   Normal zone: 1744 pages used for memmap
[    0.000000]   Normal zone: 223230 pages, LIFO batch:31
[    0.000000]   HighMem zone: 556754 pages, LIFO batch:31
[    0.000000] Zeroed struct page in unavailable ranges: 98 pages
[    0.000000] Using APIC driver default
[    0.000000] Reserving Intel graphics memory at [mem 0xbf800000-0xbfffffff]
[    0.000000] ACPI: PM-Timer IO Port: 0x1008
[    0.000000] ACPI: Local APIC address 0xfee00000
[    0.000000] ACPI: LAPIC_NMI (acpi_id[0x00] high edge lint[0x1])
[    0.000000] ACPI: LAPIC_NMI (acpi_id[0x01] high edge lint[0x1])
[    0.000000] IOAPIC[0]: apic_id 1, version 32, address 0xfec00000, GSI 0-23
[    0.000000] ACPI: INT_SRC_OVR (bus 0 bus_irq 0 global_irq 2 dfl dfl)
[    0.000000] ACPI: INT_SRC_OVR (bus 0 bus_irq 9 global_irq 9 high level)
[    0.000000] ACPI: IRQ0 used by override.
[    0.000000] ACPI: IRQ9 used by override.
[    0.000000] Using ACPI (MADT) for SMP configuration information
[    0.000000] ACPI: HPET id: 0x8086a201 base: 0xfed00000
[    0.000000] smpboot: Allowing 2 CPUs, 0 hotplug CPUs
[    0.000000] PM: Registered nosave memory: [mem 0x00000000-0x00000fff]
[    0.000000] PM: Registered nosave memory: [mem 0x0009f000-0x0009ffff]
[    0.000000] PM: Registered nosave memory: [mem 0x000a0000-0x000dbfff]
[    0.000000] PM: Registered nosave memory: [mem 0x000dc000-0x000fffff]
[    0.000000] [mem 0xc0000000-0xefffffff] available for PCI devices
[    0.000000] clocksource: refined-jiffies: mask: 0xffffffff max_cycles: 0xffffffff, max_idle_ns: 7645519600211568 ns
[    0.000000] random: get_random_bytes called from start_kernel+0x74/0x347 with crng_init=0
[    0.000000] setup_percpu: NR_CPUS:8 nr_cpumask_bits:8 nr_cpu_ids:2 nr_node_ids:1
[    0.000000] percpu: Embedded 29 pages/cpu @(ptrval) s86248 r0 d32536 u118784
[    0.000000] pcpu-alloc: s86248 r0 d32536 u118784 alloc=29*4096
[    0.000000] pcpu-alloc: [0] 0 [0] 1 
[    0.000000] Built 1 zonelists, mobility grouping on.  Total pages: 782206
[    0.000000] Kernel command line: BOOT_IMAGE=(hd0,2)/fast/l/linux-next-32/arch/x86/boot/bzImage root=/dev/sda4 resume=/dev/sda1
[    0.000000] Dentry cache hash table entries: 131072 (order: 7, 524288 bytes)
[    0.000000] Inode-cache hash table entries: 65536 (order: 6, 262144 bytes)
[    0.000000] Initializing CPU#0
[    0.000000] Initializing HighMem for node 0 (000377fe:000bf6d0)
[    0.000000] Initializing Movable for node 0 (00000000:00000000)
[    0.000000] Memory: 3085568K/3135928K available (12133K kernel code, 705K rwdata, 4768K rodata, 600K init, 6136K bss, 50360K reserved, 0K cma-reserved, 2227016K highmem)
[    0.000000] virtual kernel memory layout:
    fixmap  : 0xffe70000 - 0xfffff000   (1596 kB)
  cpu_entry : 0xffa00000 - 0xffb39000   (1252 kB)
    pkmap   : 0xff800000 - 0xffa00000   (2048 kB)
    vmalloc : 0xf7ffe000 - 0xff7fe000   ( 120 MB)
    lowmem  : 0xc0000000 - 0xf77fe000   ( 887 MB)
      .init : 0xc515a000 - 0xc51f0000   ( 600 kB)
      .data : 0xc4bd9418 - 0xc51384c0   (5500 kB)
      .text : 0xc4000000 - 0xc4bd9418   (12133 kB)
[    0.000000] Checking if this processor honours the WP bit even in supervisor mode...Ok.
[    0.000000] rcu: Hierarchical RCU implementation.
[    0.000000] rcu: 	RCU restricting CPUs from NR_CPUS=8 to nr_cpu_ids=2.
[    0.000000] rcu: Adjusting geometry for rcu_fanout_leaf=16, nr_cpu_ids=2
[    0.000000] NR_IRQS: 2304, nr_irqs: 56, preallocated irqs: 16
[    0.000000] CPU 0 irqstacks, hard=(ptrval) soft=(ptrval)
[    0.000000] Console: colour VGA+ 80x25
[    0.000000] console [tty0] enabled
[    0.000000] Lock dependency validator: Copyright (c) 2006 Red Hat, Inc., Ingo Molnar
[    0.000000] ... MAX_LOCKDEP_SUBCLASSES:  8
[    0.000000] ... MAX_LOCK_DEPTH:          48
[    0.000000] ... MAX_LOCKDEP_KEYS:        8191
[    0.000000] ... CLASSHASH_SIZE:          4096
[    0.000000] ... MAX_LOCKDEP_ENTRIES:     32768
[    0.000000] ... MAX_LOCKDEP_CHAINS:      65536
[    0.000000] ... CHAINHASH_SIZE:          32768
[    0.000000]  memory used by lock dependency info: 4383 kB
[    0.000000]  per task-struct memory footprint: 1344 bytes
[    0.000000] ACPI: Core revision 20180531
[    0.000000] clocksource: hpet: mask: 0xffffffff max_cycles: 0xffffffff, max_idle_ns: 133484882848 ns
[    0.000000] hpet clockevent registered
[    0.000000] APIC: Switch to symmetric I/O mode setup
[    0.000000] Enabling APIC mode:  Flat.  Using 1 I/O APICs
[    0.000000] ..TIMER: vector=0x30 apic1=0 pin1=2 apic2=-1 pin2=-1
[    0.020000] tsc: Fast TSC calibration using PIT
[    0.024000] tsc: Detected 1828.759 MHz processor
[    0.024000] clocksource: tsc-early: mask: 0xffffffffffffffff max_cycles: 0x1a5c4937c6f, max_idle_ns: 440795288698 ns
[    0.024000] Calibrating delay loop (skipped), value calculated using timer frequency.. 3657.51 BogoMIPS (lpj=7315036)
[    0.024000] pid_max: default: 32768 minimum: 301
[    0.024000] Mount-cache hash table entries: 2048 (order: 1, 8192 bytes)
[    0.024000] Mountpoint-cache hash table entries: 2048 (order: 1, 8192 bytes)
[    0.024000] Disabled fast string operations
[    0.024000] CPU: Physical Processor ID: 0
[    0.024000] CPU: Processor Core ID: 0
[    0.024000] process: using mwait in idle threads
[    0.024000] Last level iTLB entries: 4KB 128, 2MB 0, 4MB 2
[    0.024000] Last level dTLB entries: 4KB 128, 2MB 0, 4MB 8, 1GB 0
[    0.024000] Spectre V2 : Mitigation: Full generic retpoline
[    0.024000] Spectre V2 : Spectre v2 mitigation: Filling RSB on context switch
[    0.024000] Freeing SMP alternatives memory: 44K
[    0.032000] smpboot: CPU0: Genuine Intel(R) CPU           T2400  @ 1.83GHz (family: 0x6, model: 0xe, stepping: 0x8)
[    0.032000] Performance Events: Core events, core PMU driver.
[    0.032000] ... version:                1
[    0.032000] ... bit width:              40
[    0.032000] ... generic registers:      2
[    0.032000] ... value mask:             000000ffffffffff
[    0.032000] ... max period:             000000007fffffff
[    0.032000] ... fixed-purpose events:   0
[    0.032000] ... event mask:             0000000000000003
[    0.032000] rcu: Hierarchical SRCU implementation.
[    0.032000] NMI watchdog: Enabled. Permanently consumes one hw-PMU counter.
[    0.032058] smp: Bringing up secondary CPUs ...
[    0.033122] CPU 1 irqstacks, hard=(ptrval) soft=(ptrval)
[    0.033126] x86: Booting SMP configuration:
[    0.033209] .... node  #0, CPUs:      #1
[    0.004000] Initializing CPU#1
[    0.004000] Disabled fast string operations
[    0.035672] TSC synchronization [CPU#0 -> CPU#1]:
[    0.035985] Measured 580162 cycles TSC warp between CPUs, turning off TSC clock.
[    0.036000] tsc: Marking TSC unstable due to check_tsc_sync_source failed
[    0.036102] smp: Brought up 1 node, 2 CPUs
[    0.036102] smpboot: Max logical packages: 1
[    0.036169] smpboot: Total of 2 processors activated (7315.03 BogoMIPS)
[    0.037876] devtmpfs: initialized
[    0.037876] PM: Registering ACPI NVS region [mem 0xbf6df000-0xbf6fffff] (135168 bytes)
[    0.040184] clocksource: jiffies: mask: 0xffffffff max_cycles: 0xffffffff, max_idle_ns: 7645041785100000 ns
[    0.040200] futex hash table entries: 512 (order: 3, 32768 bytes)
[    0.041000] NET: Registered protocol family 16
[    0.042477] cpuidle: using governor ladder
[    0.042640] cpuidle: using governor menu
[    0.042863] Simple Boot Flag at 0x35 set to 0x1
[    0.042979] ACPI FADT declares the system doesn't support PCIe ASPM, so disable it
[    0.043079] ACPI: bus type PCI registered
[    0.043389] PCI: MMCONFIG for domain 0000 [bus 00-3f] at [mem 0xf0000000-0xf3ffffff] (base 0xf0000000)
[    0.043509] PCI: MMCONFIG at [mem 0xf0000000-0xf3ffffff] reserved in E820
[    0.043596] PCI: Using MMCONFIG for extended config space
[    0.044025] PCI: Using configuration type 1 for base access
[    0.044496] mtrr: your CPUs had inconsistent variable MTRR settings
[    0.044583] mtrr: probably your BIOS does not setup all CPUs.
[    0.044665] mtrr: corrected configuration.
[    0.108652] ACPI: Added _OSI(Module Device)
[    0.108729] ACPI: Added _OSI(Processor Device)
[    0.108807] ACPI: Added _OSI(3.0 _SCP Extensions)
[    0.108886] ACPI: Added _OSI(Processor Aggregator Device)
[    0.108969] ACPI: Added _OSI(Linux-Dell-Video)
[    0.109068] ACPI: EC: EC started
[    0.109141] ACPI: EC: interrupt blocked
[    0.109269] ACPI: \: Used as first EC
[    0.109345] ACPI: \: GPE=0x1c, EC_CMD/EC_SC=0x66, EC_DATA=0x62
[    0.109431] ACPI: \: Used as boot ECDT EC to handle transactions
[    0.176827] ACPI: 6 ACPI AML tables successfully acquired and loaded
[    0.210293] ACPI: Dynamic OEM Table Load:
[    0.210389] ACPI: SSDT 0x00000000F5BA6000 000240 (v01 PmRef  Cpu0Ist  00000100 INTL 20050513)
[    0.212057] ACPI: Dynamic OEM Table Load:
[    0.212152] ACPI: SSDT 0x00000000F5B9E800 00065A (v01 PmRef  Cpu0Cst  00000100 INTL 20050513)
[    0.214854] ACPI: Dynamic OEM Table Load:
[    0.216055] ACPI: SSDT 0x00000000F58B5D00 0000C8 (v01 PmRef  Cpu1Ist  00000100 INTL 20050513)
[    0.217003] ACPI: Dynamic OEM Table Load:
[    0.217095] ACPI: SSDT 0x00000000F5A8E0C0 000085 (v01 PmRef  Cpu1Cst  00000100 INTL 20050513)
[    0.217589] ACPI: Interpreter enabled
[    0.217589] ACPI: (supports S0 S3 S4 S5)
[    0.217589] ACPI: Using IOAPIC for interrupt routing
[    0.217619] PCI: Using host bridge windows from ACPI; if necessary, use "pci=nocrs" and report a bug
[    0.220539] ACPI: Enabled 4 GPEs in block 00 to 1F
[    0.244106] ACPI: Power Resource [PUBS] (on)
[    0.245274] acpi PNP0C0A:01: ACPI dock station (docks/bays count: 1)
[    0.253139] acpi LNXIOBAY:00: ACPI dock station (docks/bays count: 2)
[    0.267722] acpi IBM0079:00: ACPI dock station (docks/bays count: 3)
[    0.270170] ACPI: PCI Interrupt Link [LNKA] (IRQs 3 4 5 6 7 9 10 *11)
[    0.271033] ACPI: PCI Interrupt Link [LNKB] (IRQs 3 4 5 6 7 9 10 *11)
[    0.271895] ACPI: PCI Interrupt Link [LNKC] (IRQs 3 4 5 6 7 9 10 *11)
[    0.272753] ACPI: PCI Interrupt Link [LNKD] (IRQs 3 4 5 6 7 9 10 *11)
[    0.273615] ACPI: PCI Interrupt Link [LNKE] (IRQs 3 4 5 6 7 9 10 *11)
[    0.274476] ACPI: PCI Interrupt Link [LNKF] (IRQs 3 4 5 6 7 9 10 *11)
[    0.275337] ACPI: PCI Interrupt Link [LNKG] (IRQs 3 4 5 6 7 9 10 *11)
[    0.276228] ACPI: PCI Interrupt Link [LNKH] (IRQs 3 4 5 6 7 9 10 *11)
[    0.276794] ACPI: PCI Root Bridge [PCI0] (domain 0000 [bus 00-ff])
[    0.276894] acpi PNP0A08:00: _OSC: OS supports [ExtendedConfig ASPM ClockPM Segments]
[    0.277934] acpi PNP0A08:00: _OSC: not requesting OS control; OS requires [ExtendedConfig ASPM ClockPM MSI]
[    0.278070] acpi PNP0A08:00: [Firmware Info]: MMCONFIG for domain 0000 [bus 00-3f] only partially covers this bridge
[    0.278443] PCI host bridge to bus 0000:00
[    0.278525] pci_bus 0000:00: root bus resource [io  0x0000-0x0cf7 window]
[    0.278618] pci_bus 0000:00: root bus resource [io  0x0d00-0xffff window]
[    0.278712] pci_bus 0000:00: root bus resource [mem 0x000a0000-0x000bffff window]
[    0.278809] pci_bus 0000:00: root bus resource [mem 0x000d0000-0x000d3fff window]
[    0.278905] pci_bus 0000:00: root bus resource [mem 0x000d4000-0x000d7fff window]
[    0.279002] pci_bus 0000:00: root bus resource [mem 0x000d8000-0x000dbfff window]
[    0.279099] pci_bus 0000:00: root bus resource [mem 0xc0000000-0xfebfffff window]
[    0.279196] pci_bus 0000:00: root bus resource [mem 0xfed40000-0xfed40fff window]
[    0.279294] pci_bus 0000:00: root bus resource [bus 00-ff]
[    0.279409] pci 0000:00:00.0: [8086:27a0] type 00 class 0x060000
[    0.279872] pci 0000:00:02.0: [8086:27a2] type 00 class 0x030000
[    0.279895] pci 0000:00:02.0: reg 0x10: [mem 0xee100000-0xee17ffff]
[    0.279906] pci 0000:00:02.0: reg 0x14: [io  0x1800-0x1807]
[    0.279917] pci 0000:00:02.0: reg 0x18: [mem 0xd0000000-0xdfffffff pref]
[    0.279928] pci 0000:00:02.0: reg 0x1c: [mem 0xee200000-0xee23ffff]
[    0.280407] pci 0000:00:02.1: [8086:27a6] type 00 class 0x038000
[    0.280427] pci 0000:00:02.1: reg 0x10: [mem 0xee180000-0xee1fffff]
[    0.280920] pci 0000:00:1b.0: [8086:27d8] type 00 class 0x040300
[    0.280965] pci 0000:00:1b.0: reg 0x10: [mem 0xee240000-0xee243fff 64bit]
[    0.281128] pci 0000:00:1b.0: PME# supported from D0 D3hot D3cold
[    0.281587] pci 0000:00:1c.0: [8086:27d0] type 01 class 0x060400
[    0.281763] pci 0000:00:1c.0: PME# supported from D0 D3hot D3cold
[    0.282221] pci 0000:00:1c.1: [8086:27d2] type 01 class 0x060400
[    0.282397] pci 0000:00:1c.1: PME# supported from D0 D3hot D3cold
[    0.282852] pci 0000:00:1c.2: [8086:27d4] type 01 class 0x060400
[    0.283031] pci 0000:00:1c.2: PME# supported from D0 D3hot D3cold
[    0.283483] pci 0000:00:1c.3: [8086:27d6] type 01 class 0x060400
[    0.283660] pci 0000:00:1c.3: PME# supported from D0 D3hot D3cold
[    0.284114] pci 0000:00:1d.0: [8086:27c8] type 00 class 0x0c0300
[    0.284193] pci 0000:00:1d.0: reg 0x20: [io  0x1820-0x183f]
[    0.284651] pci 0000:00:1d.1: [8086:27c9] type 00 class 0x0c0300
[    0.284730] pci 0000:00:1d.1: reg 0x20: [io  0x1840-0x185f]
[    0.285183] pci 0000:00:1d.2: [8086:27ca] type 00 class 0x0c0300
[    0.285263] pci 0000:00:1d.2: reg 0x20: [io  0x1860-0x187f]
[    0.285723] pci 0000:00:1d.3: [8086:27cb] type 00 class 0x0c0300
[    0.285801] pci 0000:00:1d.3: reg 0x20: [io  0x1880-0x189f]
[    0.286245] pci 0000:00:1d.7: [8086:27cc] type 00 class 0x0c0320
[    0.286282] pci 0000:00:1d.7: reg 0x10: [mem 0xee444000-0xee4443ff]
[    0.286424] pci 0000:00:1d.7: PME# supported from D0 D3hot D3cold
[    0.286844] pci 0000:00:1e.0: [8086:2448] type 01 class 0x060401
[    0.287377] pci 0000:00:1f.0: [8086:27b9] type 00 class 0x060100
[    0.287539] pci 0000:00:1f.0: quirk: [io  0x1000-0x107f] claimed by ICH6 ACPI/GPIO/TCO
[    0.287644] pci 0000:00:1f.0: quirk: [io  0x1180-0x11bf] claimed by ICH6 GPIO
[    0.287741] pci 0000:00:1f.0: ICH7 LPC Generic IO decode 1 PIO at 1600 (mask 007f)
[    0.287839] pci 0000:00:1f.0: ICH7 LPC Generic IO decode 2 PIO at 15e0 (mask 000f)
[    0.287938] pci 0000:00:1f.0: ICH7 LPC Generic IO decode 3 PIO at 1680 (mask 001f)
[    0.288441] pci 0000:00:1f.1: [8086:27df] type 00 class 0x01018a
[    0.288471] pci 0000:00:1f.1: reg 0x10: [io  0x0000-0x0007]
[    0.288487] pci 0000:00:1f.1: reg 0x14: [io  0x0000-0x0003]
[    0.288504] pci 0000:00:1f.1: reg 0x18: [io  0x0000-0x0007]
[    0.288520] pci 0000:00:1f.1: reg 0x1c: [io  0x0000-0x0003]
[    0.288537] pci 0000:00:1f.1: reg 0x20: [io  0x1810-0x181f]
[    0.288571] pci 0000:00:1f.1: legacy IDE quirk: reg 0x10: [io  0x01f0-0x01f7]
[    0.288667] pci 0000:00:1f.1: legacy IDE quirk: reg 0x14: [io  0x03f6]
[    0.288758] pci 0000:00:1f.1: legacy IDE quirk: reg 0x18: [io  0x0170-0x0177]
[    0.288852] pci 0000:00:1f.1: legacy IDE quirk: reg 0x1c: [io  0x0376]
[    0.289349] pci 0000:00:1f.2: [8086:27c5] type 00 class 0x010601
[    0.289385] pci 0000:00:1f.2: reg 0x10: [io  0x18d0-0x18d7]
[    0.289402] pci 0000:00:1f.2: reg 0x14: [io  0x18c4-0x18c7]
[    0.289418] pci 0000:00:1f.2: reg 0x18: [io  0x18c8-0x18cf]
[    0.289435] pci 0000:00:1f.2: reg 0x1c: [io  0x18c0-0x18c3]
[    0.289451] pci 0000:00:1f.2: reg 0x20: [io  0x18b0-0x18bf]
[    0.289468] pci 0000:00:1f.2: reg 0x24: [mem 0xee444400-0xee4447ff]
[    0.289552] pci 0000:00:1f.2: PME# supported from D3hot
[    0.289972] pci 0000:00:1f.3: [8086:27da] type 00 class 0x0c0500
[    0.290071] pci 0000:00:1f.3: reg 0x20: [io  0x18e0-0x18ff]
[    0.290750] pci 0000:02:00.0: [8086:109a] type 00 class 0x020000
[    0.290814] pci 0000:02:00.0: reg 0x10: [mem 0xee000000-0xee01ffff]
[    0.290863] pci 0000:02:00.0: reg 0x18: [io  0x2000-0x201f]
[    0.291116] pci 0000:02:00.0: PME# supported from D0 D3hot D3cold
[    0.291485] pci 0000:00:1c.0: PCI bridge to [bus 02]
[    0.291572] pci 0000:00:1c.0:   bridge window [io  0x2000-0x2fff]
[    0.291580] pci 0000:00:1c.0:   bridge window [mem 0xee000000-0xee0fffff]
[    0.291854] pci 0000:03:00.0: [8086:4227] type 00 class 0x028000
[    0.292007] pci 0000:03:00.0: reg 0x10: [mem 0xedf00000-0xedf00fff]
[    0.292515] pci 0000:03:00.0: PME# supported from D0 D3hot D3cold
[    0.292926] pci 0000:00:1c.1: PCI bridge to [bus 03]
[    0.293014] pci 0000:00:1c.1:   bridge window [io  0x3000-0x4fff]
[    0.293022] pci 0000:00:1c.1:   bridge window [mem 0xec000000-0xedffffff]
[    0.293033] pci 0000:00:1c.1:   bridge window [mem 0xe4000000-0xe40fffff 64bit pref]
[    0.293186] pci 0000:00:1c.2: PCI bridge to [bus 04-0b]
[    0.293276] pci 0000:00:1c.2:   bridge window [io  0x5000-0x6fff]
[    0.293284] pci 0000:00:1c.2:   bridge window [mem 0xe8000000-0xe9ffffff]
[    0.293296] pci 0000:00:1c.2:   bridge window [mem 0xe4100000-0xe41fffff 64bit pref]
[    0.293447] pci 0000:00:1c.3: PCI bridge to [bus 0c-13]
[    0.293538] pci 0000:00:1c.3:   bridge window [io  0x7000-0x8fff]
[    0.293546] pci 0000:00:1c.3:   bridge window [mem 0xea000000-0xebffffff]
[    0.293557] pci 0000:00:1c.3:   bridge window [mem 0xe4200000-0xe42fffff 64bit pref]
[    0.293598] pci_bus 0000:15: extended config space not accessible
[    0.293797] pci 0000:15:00.0: [1180:0476] type 02 class 0x060700
[    0.293829] pci 0000:15:00.0: reg 0x10: [mem 0xe4300000-0xe4300fff]
[    0.293902] pci 0000:15:00.0: supports D1 D2
[    0.293907] pci 0000:15:00.0: PME# supported from D0 D1 D2 D3hot D3cold
[    0.294165] pci 0000:15:00.1: [1180:0552] type 00 class 0x0c0010
[    0.294194] pci 0000:15:00.1: reg 0x10: [mem 0xe4301000-0xe43017ff]
[    0.294341] pci 0000:15:00.1: PME# supported from D0 D3hot D3cold
[    0.294549] pci 0000:15:00.2: [1180:0822] type 00 class 0x080500
[    0.294579] pci 0000:15:00.2: reg 0x10: [mem 0xe4301800-0xe43018ff]
[    0.294727] pci 0000:15:00.2: supports D1 D2
[    0.294731] pci 0000:15:00.2: PME# supported from D0 D1 D2 D3hot D3cold
[    0.295004] pci 0000:00:1e.0: PCI bridge to [bus 15-18] (subtractive decode)
[    0.295102] pci 0000:00:1e.0:   bridge window [io  0x9000-0xcfff]
[    0.295110] pci 0000:00:1e.0:   bridge window [mem 0xe4300000-0xe7ffffff]
[    0.295122] pci 0000:00:1e.0:   bridge window [mem 0xe0000000-0xe3ffffff 64bit pref]
[    0.295127] pci 0000:00:1e.0:   bridge window [io  0x0000-0x0cf7 window] (subtractive decode)
[    0.295132] pci 0000:00:1e.0:   bridge window [io  0x0d00-0xffff window] (subtractive decode)
[    0.295137] pci 0000:00:1e.0:   bridge window [mem 0x000a0000-0x000bffff window] (subtractive decode)
[    0.295142] pci 0000:00:1e.0:   bridge window [mem 0x000d0000-0x000d3fff window] (subtractive decode)
[    0.295158] pci 0000:00:1e.0:   bridge window [mem 0x000d4000-0x000d7fff window] (subtractive decode)
[    0.295162] pci 0000:00:1e.0:   bridge window [mem 0x000d8000-0x000dbfff window] (subtractive decode)
[    0.295167] pci 0000:00:1e.0:   bridge window [mem 0xc0000000-0xfebfffff window] (subtractive decode)
[    0.295172] pci 0000:00:1e.0:   bridge window [mem 0xfed40000-0xfed40fff window] (subtractive decode)
[    0.295220] pci_bus 0000:16: extended config space not accessible
[    0.295409] pci_bus 0000:16: busn_res: [bus 16-18] end is updated to 17
[    0.295467] pci_bus 0000:00: on NUMA node 0
[    0.301913] ACPI: EC: interrupt unblocked
[    0.302027] ACPI: EC: event unblocked
[    0.302135] ACPI: \_SB_.PCI0.LPC_.EC__: GPE=0x1c, EC_CMD/EC_SC=0x66, EC_DATA=0x62
[    0.302233] ACPI: \_SB_.PCI0.LPC_.EC__: Used as boot DSDT EC to handle transactions and events
[    0.303393] pci 0000:00:02.0: vgaarb: setting as boot VGA device
[    0.303487] pci 0000:00:02.0: vgaarb: VGA device added: decodes=io+mem,owns=io+mem,locks=none
[    0.303624] pci 0000:00:02.0: vgaarb: bridge control possible
[    0.303707] vgaarb: loaded
[    0.304334] SCSI subsystem initialized
[    0.304626] libata version 3.00 loaded.
[    0.304828] ACPI: bus type USB registered
[    0.305032] usbcore: registered new interface driver usbfs
[    0.305181] usbcore: registered new interface driver hub
[    0.305319] usbcore: registered new device driver usb
[    0.305524] media: Linux media interface: v0.10
[    0.305648] videodev: Linux video capture interface: v2.00
[    0.305793] pps_core: LinuxPPS API ver. 1 registered
[    0.305873] pps_core: Software ver. 5.3.6 - Copyright 2005-2007 Rodolfo Giometti <giometti@linux.it>
[    0.306020] PTP clock support registered
[    0.306511] EDAC MC: Ver: 3.0.0
[    0.307757] Advanced Linux Sound Architecture Driver Initialized.
[    0.307988] PCI: Using ACPI for IRQ routing
[    0.311056] PCI: pci_cache_line_size set to 64 bytes
[    0.311389] e820: reserve RAM buffer [mem 0x0009f000-0x0009ffff]
[    0.311395] e820: reserve RAM buffer [mem 0xbf6d0000-0xbfffffff]
[    0.312176] Bluetooth: Core ver 2.22
[    0.312318] NET: Registered protocol family 31
[    0.312395] Bluetooth: HCI device and connection manager initialized
[    0.312497] Bluetooth: HCI socket layer initialized
[    0.312580] Bluetooth: L2CAP socket layer initialized
[    0.312702] Bluetooth: SCO socket layer initialized
[    0.313309] clocksource: Switched to clocksource hpet
[    0.313748] pnp: PnP ACPI init
[    0.316000] system 00:00: [mem 0x00000000-0x0009ffff] could not be reserved
[    0.316000] system 00:00: [mem 0x000c0000-0x000c3fff] could not be reserved
[    0.316000] system 00:00: [mem 0x000c4000-0x000c7fff] could not be reserved
[    0.316000] system 00:00: [mem 0x000c8000-0x000cbfff] has been reserved
[    0.316115] system 00:00: [mem 0x000cc000-0x000cffff] has been reserved
[    0.316210] system 00:00: [mem 0x000dc000-0x000dffff] could not be reserved
[    0.316307] system 00:00: [mem 0x000e0000-0x000e3fff] could not be reserved
[    0.316404] system 00:00: [mem 0x000e4000-0x000e7fff] could not be reserved
[    0.316501] system 00:00: [mem 0x000e8000-0x000ebfff] could not be reserved
[    0.316598] system 00:00: [mem 0x000ec000-0x000effff] could not be reserved
[    0.316695] system 00:00: [mem 0x000f0000-0x000fffff] could not be reserved
[    0.316792] system 00:00: [mem 0x00100000-0xbfffffff] could not be reserved
[    0.316889] system 00:00: [mem 0xfec00000-0xfed3ffff] could not be reserved
[    0.316986] system 00:00: [mem 0xfed41000-0xffffffff] could not be reserved
[    0.317129] system 00:00: Plug and Play ACPI device, IDs PNP0c01 (active)
[    0.317634] system 00:01: [io  0x164e-0x164f] has been reserved
[    0.317729] system 00:01: [io  0x1000-0x107f] has been reserved
[    0.317820] system 00:01: [io  0x1180-0x11bf] has been reserved
[    0.317912] system 00:01: [io  0x0800-0x080f] has been reserved
[    0.318002] system 00:01: [io  0x15e0-0x15ef] has been reserved
[    0.318094] system 00:01: [io  0x1600-0x165f] could not be reserved
[    0.318186] system 00:01: [mem 0xf0000000-0xf3ffffff] has been reserved
[    0.318281] system 00:01: [mem 0xfed1c000-0xfed1ffff] has been reserved
[    0.318375] system 00:01: [mem 0xfed14000-0xfed17fff] has been reserved
[    0.318469] system 00:01: [mem 0xfed18000-0xfed18fff] has been reserved
[    0.318563] system 00:01: [mem 0xfed19000-0xfed19fff] has been reserved
[    0.318690] system 00:01: Plug and Play ACPI device, IDs PNP0c02 (active)
[    0.319008] pnp 00:02: Plug and Play ACPI device, IDs PNP0b00 (active)
[    0.319146] pnp 00:03: Plug and Play ACPI device, IDs PNP0303 (active)
[    0.319284] pnp 00:04: Plug and Play ACPI device, IDs IBM3780 PNP0f13 (active)
[    0.320070] pnp 00:05: [dma 3]
[    0.320279] pnp 00:05: Plug and Play ACPI device, IDs IBM0071 PNP0511 (active)
[    0.320521] pnp 00:06: Plug and Play ACPI device, IDs ATM1200 PNP0c31 (active)
[    0.322936] pnp: PnP ACPI: found 7 devices
[    0.369253] clocksource: acpi_pm: mask: 0xffffff max_cycles: 0xffffff, max_idle_ns: 2085701024 ns
[    0.369398] pci 0000:00:1c.0: bridge window [mem 0x00100000-0x000fffff 64bit pref] to [bus 02] add_size 200000 add_align 100000
[    0.369483] pci 0000:00:1c.0: BAR 9: assigned [mem 0xc0000000-0xc01fffff 64bit pref]
[    0.369581] pci 0000:00:1c.0: PCI bridge to [bus 02]
[    0.369664] pci 0000:00:1c.0:   bridge window [io  0x2000-0x2fff]
[    0.369755] pci 0000:00:1c.0:   bridge window [mem 0xee000000-0xee0fffff]
[    0.369848] pci 0000:00:1c.0:   bridge window [mem 0xc0000000-0xc01fffff 64bit pref]
[    0.369948] pci 0000:00:1c.1: PCI bridge to [bus 03]
[    0.370030] pci 0000:00:1c.1:   bridge window [io  0x3000-0x4fff]
[    0.370121] pci 0000:00:1c.1:   bridge window [mem 0xec000000-0xedffffff]
[    0.370214] pci 0000:00:1c.1:   bridge window [mem 0xe4000000-0xe40fffff 64bit pref]
[    0.370315] pci 0000:00:1c.2: PCI bridge to [bus 04-0b]
[    0.370398] pci 0000:00:1c.2:   bridge window [io  0x5000-0x6fff]
[    0.370489] pci 0000:00:1c.2:   bridge window [mem 0xe8000000-0xe9ffffff]
[    0.370581] pci 0000:00:1c.2:   bridge window [mem 0xe4100000-0xe41fffff 64bit pref]
[    0.370682] pci 0000:00:1c.3: PCI bridge to [bus 0c-13]
[    0.370765] pci 0000:00:1c.3:   bridge window [io  0x7000-0x8fff]
[    0.370856] pci 0000:00:1c.3:   bridge window [mem 0xea000000-0xebffffff]
[    0.370948] pci 0000:00:1c.3:   bridge window [mem 0xe4200000-0xe42fffff 64bit pref]
[    0.371060] pci 0000:15:00.0: BAR 9: assigned [mem 0xe0000000-0xe3ffffff pref]
[    0.371156] pci 0000:15:00.0: BAR 10: assigned [mem 0xc4000000-0xc7ffffff]
[    0.371246] pci 0000:15:00.0: BAR 7: assigned [io  0x9000-0x90ff]
[    0.371332] pci 0000:15:00.0: BAR 8: assigned [io  0x9400-0x94ff]
[    0.371426] pci 0000:15:00.0: CardBus bridge to [bus 16-17]
[    0.371510] pci 0000:15:00.0:   bridge window [io  0x9000-0x90ff]
[    0.371599] pci 0000:15:00.0:   bridge window [io  0x9400-0x94ff]
[    0.371688] pci 0000:15:00.0:   bridge window [mem 0xe0000000-0xe3ffffff pref]
[    0.371783] pci 0000:15:00.0:   bridge window [mem 0xc4000000-0xc7ffffff]
[    0.371876] pci 0000:00:1e.0: PCI bridge to [bus 15-18]
[    0.371959] pci 0000:00:1e.0:   bridge window [io  0x9000-0xcfff]
[    0.372069] pci 0000:00:1e.0:   bridge window [mem 0xe4300000-0xe7ffffff]
[    0.372162] pci 0000:00:1e.0:   bridge window [mem 0xe0000000-0xe3ffffff 64bit pref]
[    0.372264] pci_bus 0000:00: resource 4 [io  0x0000-0x0cf7 window]
[    0.372268] pci_bus 0000:00: resource 5 [io  0x0d00-0xffff window]
[    0.372272] pci_bus 0000:00: resource 6 [mem 0x000a0000-0x000bffff window]
[    0.372276] pci_bus 0000:00: resource 7 [mem 0x000d0000-0x000d3fff window]
[    0.372280] pci_bus 0000:00: resource 8 [mem 0x000d4000-0x000d7fff window]
[    0.372284] pci_bus 0000:00: resource 9 [mem 0x000d8000-0x000dbfff window]
[    0.372288] pci_bus 0000:00: resource 10 [mem 0xc0000000-0xfebfffff window]
[    0.372293] pci_bus 0000:00: resource 11 [mem 0xfed40000-0xfed40fff window]
[    0.372297] pci_bus 0000:02: resource 0 [io  0x2000-0x2fff]
[    0.372301] pci_bus 0000:02: resource 1 [mem 0xee000000-0xee0fffff]
[    0.372305] pci_bus 0000:02: resource 2 [mem 0xc0000000-0xc01fffff 64bit pref]
[    0.372310] pci_bus 0000:03: resource 0 [io  0x3000-0x4fff]
[    0.372314] pci_bus 0000:03: resource 1 [mem 0xec000000-0xedffffff]
[    0.372318] pci_bus 0000:03: resource 2 [mem 0xe4000000-0xe40fffff 64bit pref]
[    0.372323] pci_bus 0000:04: resource 0 [io  0x5000-0x6fff]
[    0.372327] pci_bus 0000:04: resource 1 [mem 0xe8000000-0xe9ffffff]
[    0.372331] pci_bus 0000:04: resource 2 [mem 0xe4100000-0xe41fffff 64bit pref]
[    0.372336] pci_bus 0000:0c: resource 0 [io  0x7000-0x8fff]
[    0.372340] pci_bus 0000:0c: resource 1 [mem 0xea000000-0xebffffff]
[    0.372344] pci_bus 0000:0c: resource 2 [mem 0xe4200000-0xe42fffff 64bit pref]
[    0.372348] pci_bus 0000:15: resource 0 [io  0x9000-0xcfff]
[    0.372352] pci_bus 0000:15: resource 1 [mem 0xe4300000-0xe7ffffff]
[    0.372356] pci_bus 0000:15: resource 2 [mem 0xe0000000-0xe3ffffff 64bit pref]
[    0.372360] pci_bus 0000:15: resource 4 [io  0x0000-0x0cf7 window]
[    0.372364] pci_bus 0000:15: resource 5 [io  0x0d00-0xffff window]
[    0.372368] pci_bus 0000:15: resource 6 [mem 0x000a0000-0x000bffff window]
[    0.372372] pci_bus 0000:15: resource 7 [mem 0x000d0000-0x000d3fff window]
[    0.372376] pci_bus 0000:15: resource 8 [mem 0x000d4000-0x000d7fff window]
[    0.372381] pci_bus 0000:15: resource 9 [mem 0x000d8000-0x000dbfff window]
[    0.372385] pci_bus 0000:15: resource 10 [mem 0xc0000000-0xfebfffff window]
[    0.372389] pci_bus 0000:15: resource 11 [mem 0xfed40000-0xfed40fff window]
[    0.372393] pci_bus 0000:16: resource 0 [io  0x9000-0x90ff]
[    0.372397] pci_bus 0000:16: resource 1 [io  0x9400-0x94ff]
[    0.372401] pci_bus 0000:16: resource 2 [mem 0xe0000000-0xe3ffffff pref]
[    0.372405] pci_bus 0000:16: resource 3 [mem 0xc4000000-0xc7ffffff]
[    0.372874] NET: Registered protocol family 2
[    0.373575] tcp_listen_portaddr_hash hash table entries: 512 (order: 2, 20480 bytes)
[    0.373720] TCP established hash table entries: 8192 (order: 3, 32768 bytes)
[    0.373876] TCP bind hash table entries: 8192 (order: 6, 294912 bytes)
[    0.374461] TCP: Hash tables configured (established 8192 bind 8192)
[    0.374877] UDP hash table entries: 512 (order: 3, 40960 bytes)
[    0.375036] UDP-Lite hash table entries: 512 (order: 3, 40960 bytes)
[    0.375348] NET: Registered protocol family 1
[    0.376134] RPC: Registered named UNIX socket transport module.
[    0.376224] RPC: Registered udp transport module.
[    0.376306] RPC: Registered tcp transport module.
[    0.376387] RPC: Registered tcp NFSv4.1 backchannel transport module.
[    0.377029] pci 0000:00:02.0: Video device with shadowed ROM at [mem 0x000c0000-0x000dffff]
[    0.382100] PCI: CLS mismatch (64 != 32), using 64 bytes
[    0.384868] Initialise system trusted keyrings
[    0.385441] workingset: timestamp_bits=30 max_order=20 bucket_order=0
[    0.387508] Installing knfsd (copyright (C) 1996 okir@monad.swb.de).
[    0.388041] ntfs: driver 2.1.32 [Flags: R/W].
[    0.388356] fuse init (API version 7.27)
[    0.389048] pstore: using deflate compression
[    0.392580] Key type asymmetric registered
[    0.392669] Asymmetric key parser 'x509' registered
[    0.392889] bounce: pool size: 64 pages
[    0.393063] Block layer SCSI generic (bsg) driver version 0.4 loaded (major 249)
[    0.393171] io scheduler noop registered
[    0.393246] io scheduler deadline registered
[    0.393358] io scheduler cfq registered (default)
[    0.393436] io scheduler mq-deadline registered
[    0.393556] io scheduler bfq registered
[    0.396160] intel_idle: does not run on family 6 model 14
[    0.396609] ACPI: Deprecated procfs I/F for AC is loaded, please retry with CONFIG_ACPI_PROCFS_POWER cleared
[    0.396892] ACPI: AC Adapter [AC] (on-line)
[    0.397295] input: Lid Switch as /devices/LNXSYSTM:00/LNXSYBUS:00/PNP0C0D:00/input/input0
[    0.397565] ACPI: Lid Switch [LID]
[    0.397857] input: Sleep Button as /devices/LNXSYSTM:00/LNXSYBUS:00/PNP0C0E:00/input/input1
[    0.398028] ACPI: Sleep Button [SLPB]
[    0.398347] input: Power Button as /devices/LNXSYSTM:00/LNXPWRBN:00/input/input2
[    0.398499] ACPI: Power Button [PWRF]
[    0.399022] ACPI: Video Device [VID] (multi-head: yes  rom: no  post: no)
[    0.406711] acpi device:01: registered as cooling_device0
[    0.407188] input: Video Bus as /devices/LNXSYSTM:00/LNXSYBUS:00/PNP0A08:00/LNXVIDEO:00/input/input3
[    0.425136] thermal LNXTHERM:00: registered as thermal_zone0
[    0.425264] ACPI: Thermal Zone [THM0] (72 C)
[    0.429138] thermal LNXTHERM:01: registered as thermal_zone1
[    0.429226] ACPI: Thermal Zone [THM1] (73 C)
[    0.430047] Serial: 8250/16550 driver, 4 ports, IRQ sharing disabled
[    0.431538] serial8250: ttyS1 at I/O 0x2f8 (irq = 3, base_baud = 921600) is a NS16550A
[    0.435309] lp: driver loaded but no devices found
[    0.435775] Non-volatile memory driver v1.3
[    0.436433] intel_rng: FWH not detected
[    0.437069] Linux agpgart interface v0.103
[    0.438109] [drm] radeon kernel modesetting enabled.
[    0.441933] pci 0000:00:00.0: Intel 945GM Chipset
[    0.442216] pci 0000:00:00.0: detected gtt size: 262144K total, 262144K mappable
[    0.443164] pci 0000:00:00.0: detected 8192K stolen memory
[    0.443476] [drm] Replacing VGA console driver
[    0.445565] Console: switching to colour dummy device 80x25
[    0.448413] [drm] Supports vblank timestamp caching Rev 2 (21.10.2013).
[    0.448451] [drm] Driver supports precise vblank timestamp query.
[    0.448669] resource sanity check: requesting [mem 0x000c0000-0x000dffff], which spans more than pnp 00:00 [mem 0x000c8000-0x000cbfff]
[    0.448825] caller pci_map_rom+0x58/0xf0 mapping multiple BARs
[    0.454911] i915 0000:00:02.0: vgaarb: changed VGA decodes: olddecodes=io+mem,decodes=io+mem:owns=io+mem
[    0.459910] ACPI: Deprecated procfs I/F for battery is loaded, please retry with CONFIG_ACPI_PROCFS_POWER cleared
[    0.459986] ACPI: Battery Slot [BAT0] (battery present)
[    0.496092] random: fast init done
[    0.530995] [drm] RC6 disabled, disabling runtime PM support
[    0.531294] [drm] initialized overlay support
[    0.532895] [drm] Initialized i915 1.6.0 20180514 for 0000:00:02.0 on minor 0
[    0.534054] usbcore: registered new interface driver udl
[    0.546998] loop: module loaded
[    0.558544] fbcon: inteldrmfb (fb0) is primary device
[    0.569766] ahci 0000:00:1f.2: version 3.0
[    0.570534] ahci 0000:00:1f.2: AHCI 0001.0100 32 slots 4 ports 1.5 Gbps 0x1 impl SATA mode
[    0.570540] ahci 0000:00:1f.2: flags: 64bit ncq pm led clo pio slum part 
[    0.573097] scsi host0: ahci
[    0.573668] scsi host1: ahci
[    0.574166] scsi host2: ahci
[    0.574661] scsi host3: ahci
[    0.574893] ata1: SATA max UDMA/133 abar m1024@0xee444400 port 0xee444500 irq 16
[    0.574895] ata2: DUMMY
[    0.574897] ata3: DUMMY
[    0.574899] ata4: DUMMY
[    0.575087] ata_piix 0000:00:1f.1: version 2.13
[    0.578124] scsi host4: ata_piix
[    0.578639] scsi host5: ata_piix
[    0.578844] ata5: PATA max UDMA/100 cmd 0x1f0 ctl 0x3f6 bmdma 0x1810 irq 14
[    0.578847] ata6: PATA max UDMA/100 cmd 0x170 ctl 0x376 bmdma 0x1818 irq 15
[    0.579822] tun: Universal TUN/TAP device driver, 1.6
[    0.580387] e1000: Intel(R) PRO/1000 Network Driver - version 7.3.21-k8-NAPI
[    0.580389] e1000: Copyright (c) 1999-2006 Intel Corporation.
[    0.580464] e1000e: Intel(R) PRO/1000 Network Driver - 3.2.6-k
[    0.580465] e1000e: Copyright(c) 1999 - 2015 Intel Corporation.
[    0.580579] e1000e 0000:02:00.0: Disabling ASPM  L1
[    0.580583] e1000e 0000:02:00.0: can't disable ASPM; OS doesn't have ASPM control
[    0.580993] e1000e 0000:02:00.0: Interrupt Throttling Rate (ints/sec) set to dynamic conservative mode
[    0.581261] ata6: port disabled--ignoring
[    0.704933] e1000e 0000:02:00.0 eth0: (PCI Express:2.5GT/s:Width x1) 00:16:d3:25:19:04
[    0.704937] e1000e 0000:02:00.0 eth0: Intel(R) PRO/1000 Network Connection
[    0.705016] e1000e 0000:02:00.0 eth0: MAC: 2, PHY: 2, PBA No: 005302-003
[    0.705288] PPP generic driver version 2.4.2
[    0.705543] PPP BSD Compression module registered
[    0.705546] PPP Deflate Compression module registered
[    0.705549] SLIP: version 0.8.4-NET3.019-NEWTTY (dynamic channels, max=256).
[    0.705550] CSLIP: code copyright 1989 Regents of the University of California.
[    0.705641] iwl3945: Intel(R) PRO/Wireless 3945ABG/BG Network Connection driver for Linux, in-tree:ds
[    0.705643] iwl3945: Copyright(c) 2003-2011 Intel Corporation
[    0.705645] iwl3945: hw_scan is disabled
[    0.705868] iwl3945 0000:03:00.0: can't disable ASPM; OS doesn't have ASPM control
[    0.760699] iwl3945 0000:03:00.0: Tunable channels: 11 802.11bg, 13 802.11a channels
[    0.760703] iwl3945 0000:03:00.0: Detected Intel Wireless WiFi Link 3945ABG
[    0.761595] ieee80211 phy0: Selected rate control algorithm 'iwl-3945-rs'
[    0.762524] Intel(R) Wireless WiFi driver for Linux
[    0.762526] Copyright(c) 2003- 2015 Intel Corporation
[    0.762767] usbcore: registered new interface driver ax88179_178a
[    0.762813] usbcore: registered new interface driver cdc_ether
[    0.762861] usbcore: registered new interface driver net1080
[    0.762904] usbcore: registered new interface driver cdc_subset
[    0.762946] usbcore: registered new interface driver zaurus
[    0.763004] usbcore: registered new interface driver cdc_ncm
[    0.763098] pci 0000:00:1e.0: enabling device (0005 -> 0007)
[    0.763332] yenta_cardbus 0000:15:00.0: CardBus bridge found [17aa:201c]
[    0.892105] ata1: SATA link up 1.5 Gbps (SStatus 113 SControl 300)
[    1.006855] ata1.00: ACPI cmd ef/02:00:00:00:00:a0 (SET FEATURES) succeeded
[    1.006860] ata1.00: ACPI cmd f5/00:00:00:00:00:a0 (SECURITY FREEZE LOCK) filtered out
[    1.006864] ata1.00: ACPI cmd ef/10:03:00:00:00:a0 (SET FEATURES) filtered out
[    1.050926] ata1.00: ATA-9: ST1000LM014-1EJ164, SM11, max UDMA/133
[    1.050930] ata1.00: 1953525168 sectors, multi 16: LBA48 NCQ (depth 32), AA
[    1.095556] ata1.00: ACPI cmd ef/02:00:00:00:00:a0 (SET FEATURES) succeeded
[    1.095560] ata1.00: ACPI cmd f5/00:00:00:00:00:a0 (SECURITY FREEZE LOCK) filtered out
[    1.095565] ata1.00: ACPI cmd ef/10:03:00:00:00:a0 (SET FEATURES) filtered out
[    1.139678] ata1.00: configured for UDMA/133
[    1.279332] Console: switching to colour frame buffer device 102x42
[    1.405997] i915 0000:00:02.0: fb0: inteldrmfb frame buffer device
[    1.409105] scsi 0:0:0:0: Direct-Access     ATA      ST1000LM014-1EJ1 SM11 PQ: 0 ANSI: 5
[    1.412905] sd 0:0:0:0: [sda] 1953525168 512-byte logical blocks: (1.00 TB/932 GiB)
[    1.412939] sd 0:0:0:0: Attached scsi generic sg0 type 0
[    1.415483] sd 0:0:0:0: [sda] 4096-byte physical blocks
[    1.420638] sd 0:0:0:0: [sda] Write Protect is off
[    1.423122] sd 0:0:0:0: [sda] Mode Sense: 00 3a 00 00
[    1.423275] sd 0:0:0:0: [sda] Write cache: enabled, read cache: enabled, doesn't support DPO or FUA
[    1.427898]  sda: sda1 sda2 sda3 sda4
[    1.433499] sd 0:0:0:0: [sda] Attached SCSI disk
[    1.572883] yenta_cardbus 0000:15:00.0: ISA IRQ mask 0x0cb8, PCI irq 16
[    1.575477] yenta_cardbus 0000:15:00.0: Socket status: 30000006
[    1.578073] yenta_cardbus 0000:15:00.0: pcmcia: parent PCI bridge window: [io  0x9000-0xcfff]
[    1.580636] yenta_cardbus 0000:15:00.0: pcmcia: parent PCI bridge window: [mem 0xe4300000-0xe7ffffff]
[    1.583123] pcmcia_socket pcmcia_socket0: cs: memory probe 0xe4300000-0xe7ffffff:
[    1.585659]  excluding 0xe4300000-0xe46cffff
[    1.588201] yenta_cardbus 0000:15:00.0: pcmcia: parent PCI bridge window: [mem 0xe0000000-0xe3ffffff 64bit pref]
[    1.590834] pcmcia_socket pcmcia_socket0: cs: memory probe 0xe0000000-0xe3ffffff:
[    1.593546]  excluding 0xe0000000-0xe3ffffff
[    1.597199] ehci_hcd: USB 2.0 'Enhanced' Host Controller (EHCI) Driver
[    1.599861] ehci-pci: EHCI PCI platform driver
[    1.603010] ehci-pci 0000:00:1d.7: EHCI Host Controller
[    1.605999] ehci-pci 0000:00:1d.7: new USB bus registered, assigned bus number 1
[    1.608842] ehci-pci 0000:00:1d.7: debug port 1
[    1.615583] ehci-pci 0000:00:1d.7: cache line size of 64 is not supported
[    1.615643] ehci-pci 0000:00:1d.7: irq 19, io mem 0xee444000
[    1.632141] ehci-pci 0000:00:1d.7: USB 2.0 started, EHCI 1.00
[    1.635564] usb usb1: New USB device found, idVendor=1d6b, idProduct=0002, bcdDevice= 4.17
[    1.638538] usb usb1: New USB device strings: Mfr=3, Product=2, SerialNumber=1
[    1.641460] usb usb1: Product: EHCI Host Controller
[    1.644331] usb usb1: Manufacturer: Linux 4.17.0-next-20180615 ehci_hcd
[    1.647189] usb usb1: SerialNumber: 0000:00:1d.7
[    1.650744] hub 1-0:1.0: USB hub found
[    1.653675] hub 1-0:1.0: 8 ports detected
[    1.658407] ohci_hcd: USB 1.1 'Open' Host Controller (OHCI) Driver
[    1.661184] ohci-pci: OHCI PCI platform driver
[    1.663955] uhci_hcd: USB Universal Host Controller Interface driver
[    1.667252] uhci_hcd 0000:00:1d.0: UHCI Host Controller
[    1.670266] uhci_hcd 0000:00:1d.0: new USB bus registered, assigned bus number 2
[    1.673076] uhci_hcd 0000:00:1d.0: detected 2 ports
[    1.675785] uhci_hcd 0000:00:1d.0: irq 16, io base 0x00001820
[    1.678923] usb usb2: New USB device found, idVendor=1d6b, idProduct=0001, bcdDevice= 4.17
[    1.681677] usb usb2: New USB device strings: Mfr=3, Product=2, SerialNumber=1
[    1.684440] usb usb2: Product: UHCI Host Controller
[    1.687158] usb usb2: Manufacturer: Linux 4.17.0-next-20180615 uhci_hcd
[    1.689897] usb usb2: SerialNumber: 0000:00:1d.0
[    1.693138] hub 2-0:1.0: USB hub found
[    1.695846] hub 2-0:1.0: 2 ports detected
[    1.699541] uhci_hcd 0000:00:1d.1: UHCI Host Controller
[    1.702403] uhci_hcd 0000:00:1d.1: new USB bus registered, assigned bus number 3
[    1.705058] uhci_hcd 0000:00:1d.1: detected 2 ports
[    1.707678] uhci_hcd 0000:00:1d.1: irq 17, io base 0x00001840
[    1.710677] usb usb3: New USB device found, idVendor=1d6b, idProduct=0001, bcdDevice= 4.17
[    1.713308] usb usb3: New USB device strings: Mfr=3, Product=2, SerialNumber=1
[    1.715811] usb usb3: Product: UHCI Host Controller
[    1.718257] usb usb3: Manufacturer: Linux 4.17.0-next-20180615 uhci_hcd
[    1.720683] usb usb3: SerialNumber: 0000:00:1d.1
[    1.723668] hub 3-0:1.0: USB hub found
[    1.726114] hub 3-0:1.0: 2 ports detected
[    1.729620] uhci_hcd 0000:00:1d.2: UHCI Host Controller
[    1.732205] uhci_hcd 0000:00:1d.2: new USB bus registered, assigned bus number 4
[    1.734572] uhci_hcd 0000:00:1d.2: detected 2 ports
[    1.736987] uhci_hcd 0000:00:1d.2: irq 18, io base 0x00001860
[    1.739776] usb usb4: New USB device found, idVendor=1d6b, idProduct=0001, bcdDevice= 4.17
[    1.742199] usb usb4: New USB device strings: Mfr=3, Product=2, SerialNumber=1
[    1.744585] usb usb4: Product: UHCI Host Controller
[    1.746912] usb usb4: Manufacturer: Linux 4.17.0-next-20180615 uhci_hcd
[    1.749315] usb usb4: SerialNumber: 0000:00:1d.2
[    1.752277] hub 4-0:1.0: USB hub found
[    1.754682] hub 4-0:1.0: 2 ports detected
[    1.758175] uhci_hcd 0000:00:1d.3: UHCI Host Controller
[    1.760800] uhci_hcd 0000:00:1d.3: new USB bus registered, assigned bus number 5
[    1.763169] uhci_hcd 0000:00:1d.3: detected 2 ports
[    1.765540] uhci_hcd 0000:00:1d.3: irq 19, io base 0x00001880
[    1.768315] usb usb5: New USB device found, idVendor=1d6b, idProduct=0001, bcdDevice= 4.17
[    1.770694] usb usb5: New USB device strings: Mfr=3, Product=2, SerialNumber=1
[    1.773060] usb usb5: Product: UHCI Host Controller
[    1.775408] usb usb5: Manufacturer: Linux 4.17.0-next-20180615 uhci_hcd
[    1.777799] usb usb5: SerialNumber: 0000:00:1d.3
[    1.780718] hub 5-0:1.0: USB hub found
[    1.783076] hub 5-0:1.0: 2 ports detected
[    1.786257] usbcore: registered new interface driver cdc_acm
[    1.788513] cdc_acm: USB Abstract Control Model driver for USB modems and ISDN adapters
[    1.790898] usbcore: registered new interface driver usblp
[    1.793345] usbcore: registered new interface driver usb-storage
[    1.795702] usbcore: registered new interface driver ums-sddr09
[    1.798127] usbcore: registered new interface driver usbserial_generic
[    1.800464] usbserial: USB Serial support registered for generic
[    1.802801] usbcore: registered new interface driver ch341
[    1.805075] usbserial: USB Serial support registered for ch341-uart
[    1.807368] usbcore: registered new interface driver ftdi_sio
[    1.809639] usbserial: USB Serial support registered for FTDI USB Serial Device
[    1.812040] usbcore: registered new interface driver option
[    1.814344] usbserial: USB Serial support registered for GSM modem (1-port)
[    1.816823] usbcore: registered new interface driver pl2303
[    1.819219] usbserial: USB Serial support registered for pl2303
[    1.821666] usbcore: registered new interface driver ti_usb_3410_5052
[    1.824152] usbserial: USB Serial support registered for TI USB 3410 1 port adapter
[    1.826635] usbserial: USB Serial support registered for TI USB 5052 2 port adapter
[    1.829079] ftdi_elan: driver ftdi-elan
[    1.831460] usbcore: registered new interface driver ftdi-elan
[    1.834049] i8042: PNP: PS/2 Controller [PNP0303:KBD,PNP0f13:MOU] at 0x60,0x64 irq 1,12
[    1.847571] serio: i8042 KBD port at 0x60,0x64 irq 1
[    1.850033] serio: i8042 AUX port at 0x60,0x64 irq 12
[    1.853251] mousedev: PS/2 mouse device common for all mice
[    1.856779] input: PC Speaker as /devices/platform/pcspkr/input/input4
[    1.859877] rtc_cmos 00:02: RTC can wake from S4
[    1.862880] rtc_cmos 00:02: registered as rtc0
[    1.865482] rtc_cmos 00:02: alarms up to one month, y3k, 114 bytes nvram, hpet irqs
[    1.868140] usbcore: registered new interface driver uvcvideo
[    1.870623] USB Video Class driver (1.1.1)
[    1.873054] gspca_main: v2.14.0 registered
[    1.875501] usbcore: registered new interface driver sq930x
[    1.879062] device-mapper: ioctl: 4.39.0-ioctl (2018-04-03) initialised: dm-devel@redhat.com
[    1.881616] Bluetooth: HCI UART driver ver 2.3
[    1.884116] Bluetooth: HCI UART protocol H4 registered
[    1.886577] Bluetooth: HCI UART protocol BCSP registered
[    1.889183] usbcore: registered new interface driver btusb
[    1.891779] sdhci: Secure Digital Host Controller Interface driver
[    1.894283] sdhci: Copyright(c) Pierre Ossman
[    1.896745] sdhci-pci 0000:15:00.2: SDHCI controller found [1180:0822] (rev 18)
[    1.899601] sdhci-pci 0000:15:00.2: Will use DMA mode even though HW doesn't fully claim to support it.
[    1.902737] mmc0 bounce up to 128 segments into one, max segment size 65536 bytes
[    1.905463] sdhci-pci 0000:15:00.2: Will use DMA mode even though HW doesn't fully claim to support it.
[    1.908749] mmc0: SDHCI controller on PCI [0000:15:00.2] using DMA
[    1.911699] hidraw: raw HID events driver (C) Jiri Kosina
[    1.912280] input: AT Translated Set 2 keyboard as /devices/platform/i8042/serio0/input/input5
[    1.915753] usbcore: registered new interface driver usbhid
[    1.920240] usbhid: USB HID core driver
[    1.925052] thinkpad_acpi: ThinkPad ACPI Extras v0.26
[    1.927806] thinkpad_acpi: http://ibm-acpi.sf.net/
[    1.930524] thinkpad_acpi: ThinkPad BIOS 7BETD8WW (2.19 ), EC 7BHT40WW-1.13
[    1.933307] thinkpad_acpi: Lenovo ThinkPad X60, model 17097HU
[    1.942538] thinkpad_acpi: ACPI backlight control delay disabled
[    1.945730] thinkpad_acpi: radio switch found; radios are enabled
[    1.948528] thinkpad_acpi: This ThinkPad has standard ACPI backlight brightness control, supported by the ACPI video driver
[    1.954099] thinkpad_acpi: Disabling thinkpad-acpi brightness events by default...
[    1.968303] thinkpad_acpi: rfkill switch tpacpi_bluetooth_sw: radio is unblocked
[    1.974163] thinkpad_acpi: warning: userspace override of important firmware LEDs is enabled
[    1.983804] thinkpad_acpi: Standard ACPI backlight interface available, not loading native one
[    1.987004] thinkpad_acpi: volume: disabled as there is no ALSA support in this kernel
[    1.990535] thinkpad_acpi: battery 1 registered (start 0, stop 0)
[    1.990545] battery: new extension: ThinkPad Battery Extension
[    1.996625] input: ThinkPad Extra Buttons as /devices/platform/thinkpad_acpi/input/input8
[    2.004724] snd_hda_intel 0000:00:1b.0: probe_mask set to 0x1 for device 17aa:2010
[    2.007880] sdhci-pci 0000:15:00.2: Will use DMA mode even though HW doesn't fully claim to support it.
[    2.008059] usbcore: registered new interface driver snd-usb-audio
[    2.015910] NET: Registered protocol family 17
[    2.019354] Bluetooth: RFCOMM TTY layer initialized
[    2.022444] Bluetooth: RFCOMM socket layer initialized
[    2.025491] Bluetooth: RFCOMM ver 1.11
[    2.028489] Bluetooth: BNEP (Ethernet Emulation) ver 1.3
[    2.031510] Bluetooth: BNEP filters: protocol multicast
[    2.034521] Bluetooth: BNEP socket layer initialized
[    2.037488] Bluetooth: HIDP (Human Interface Emulation) ver 1.2
[    2.040466] Bluetooth: HIDP socket layer initialized
[    2.043812] microcode: sig=0x6e8, pf=0x20, revision=0x39
[    2.047442] microcode: Microcode Update Driver: v2.2.
[    2.047449] Using IPI No-Shortcut mode
[    2.054216] Loading compiled-in X.509 certificates
[    2.058114] Key type encrypted registered
[    2.066192] snd_hda_codec_analog hdaudioC0D0: autoconfig for AD1981: line_outs=1 (0x5/0x0/0x0/0x0/0x0) type:speaker
[    2.071726] snd_hda_codec_analog hdaudioC0D0:    speaker_outs=0 (0x0/0x0/0x0/0x0/0x0)
[    2.074595] snd_hda_codec_analog hdaudioC0D0:    hp_outs=0 (0x0/0x0/0x0/0x0/0x0)
[    2.077445] snd_hda_codec_analog hdaudioC0D0:    mono: mono_out=0x0
[    2.080276] snd_hda_codec_analog hdaudioC0D0:    inputs:
[    2.083036] snd_hda_codec_analog hdaudioC0D0:      Mic=0x8
[    2.085769] snd_hda_codec_analog hdaudioC0D0:      CD=0x19
[    2.095917] sdhci-pci 0000:15:00.2: Will use DMA mode even though HW doesn't fully claim to support it.
[    2.100482] rtc_cmos 00:02: setting system clock to 2018-06-15 11:20:02 UTC (1529061602)
[    2.107020] cfg80211: Loading compiled-in X.509 certificates for regulatory database
[    2.112417] cfg80211: Loaded X.509 cert 'sforshee: 00b28ddf47aef9cea7'
[    2.115731] platform regulatory.0: Direct firmware load for regulatory.db failed with error -2
[    2.115849] PM: Image not found (code -22)
[    2.119444] cfg80211: failed to load regulatory.db
[    2.123217] ALSA device list:
[    2.126742]   #0: HDA Intel at 0xee240000 irq 17
[    2.160547] sdhci-pci 0000:15:00.2: Will use DMA mode even though HW doesn't fully claim to support it.
[    2.229635] sdhci-pci 0000:15:00.2: Will use DMA mode even though HW doesn't fully claim to support it.
[    2.280131] usb 5-1: new full-speed USB device number 2 using uhci_hcd
[    2.468141] usb 5-1: New USB device found, idVendor=0a5c, idProduct=2110, bcdDevice= 1.00
[    2.472911] usb 5-1: New USB device strings: Mfr=1, Product=2, SerialNumber=0
[    2.477530] usb 5-1: Product: BCM2045B
[    2.481938] usb 5-1: Manufacturer: Broadcom Corp
[    2.605065] psmouse serio1: trackpoint: IBM TrackPoint firmware: 0x0e, buttons: 3/3
[    2.626653] input: TPPS/2 IBM TrackPoint as /devices/platform/i8042/serio1/input/input7
[    2.635440] md: Waiting for all devices to be available before autodetect
[    2.639039] md: If you don't use raid, use raid=noautodetect
[    2.643593] md: Autodetecting RAID arrays.
[    2.647207] md: autorun ...
[    2.650741] md: ... autorun DONE.
[    2.666568] EXT4-fs (sda4): mounted filesystem with ordered data mode. Opts: (null)
[    2.670341] VFS: Mounted root (ext4 filesystem) readonly on device 8:4.
[    2.674584] devtmpfs: mounted
[    2.677937] Freeing unused kernel memory: 600K
[    2.692524] Write protecting the kernel text: 12136k
[    2.696319] Write protecting the kernel read-only data: 4792k
[    2.699935] NX-protecting the kernel data: 6296k
[    2.704328] x86/mm: Checked W+X mappings: passed, no W+X pages found.
[    2.707808] rodata_test: all tests were successful
[    3.150383] random: systemd: uninitialized urandom read (16 bytes read)
[    3.156243] systemd[1]: systemd 215 running in system mode. (+PAM +AUDIT +SELINUX +IMA +SYSVINIT +LIBCRYPTSETUP +GCRYPT +ACL +XZ -SECCOMP -APPARMOR)
[    3.163706] usb 5-2: new full-speed USB device number 3 using uhci_hcd
[    3.188318] systemd[1]: Detected architecture 'x86'.
[    3.298689] systemd[1]: Failed to insert module 'ipv6'
[    3.316511] systemd[1]: Set hostname to <amd>.
[    3.362145] usb 5-2: New USB device found, idVendor=0483, idProduct=2016, bcdDevice= 0.01
[    3.365895] usb 5-2: New USB device strings: Mfr=1, Product=2, SerialNumber=0
[    3.369584] usb 5-2: Product: Biometric Coprocessor
[    3.373235] usb 5-2: Manufacturer: STMicroelectronics
[    3.405007] random: systemd-sysv-ge: uninitialized urandom read (16 bytes read)
[    3.900085] random: systemd-sysv-ge: uninitialized urandom read (16 bytes read)
[    4.441560] systemd[1]: Binding to IPv6 address not available since kernel does not support IPv6.
[    4.446429] systemd[1]: [/lib/systemd/system/gpsd.socket:6] Failed to parse address value, ignoring: [::1]:2947
[    4.469607] systemd[1]: Starting Forward Password Requests to Wall Directory Watch.
[    4.474076] systemd[1]: Started Forward Password Requests to Wall Directory Watch.
[    4.477855] systemd[1]: Starting Remote File Systems (Pre).
[    4.487885] systemd[1]: Reached target Remote File Systems (Pre).
[    5.058926] random: crng init done
[    5.062672] random: 7 urandom warning(s) missed due to ratelimiting
[    5.269172] systemd-udevd[2315]: starting version 215
[    6.435216] EXT4-fs (sda4): re-mounted. Opts: errors=remount-ro
[    6.908033] e1000e 0000:02:00.0 eth1: renamed from eth0
[    6.920358] systemd-udevd[2375]: renamed network interface eth0 to eth1
[    8.584796] Adding 2097148k swap on /dev/sda1.  Priority:-2 extents:1 across:2097148k 
[    8.811732] EXT4-fs (sda2): mounted filesystem with ordered data mode. Opts: errors=remount-ro
[    8.899203] systemd-journald[2211]: Received request to flush runtime journal from PID 1
[   13.967315] NFSD: Using /var/lib/nfs/v4recovery as the NFSv4 state recovery directory
[   13.983623] NFSD: starting 45-second grace period (net f0000098)
[   17.311458] iwl3945 0000:03:00.0: loaded firmware version 15.32.2.9
[   18.946710] e1000e: eth1 NIC Link is Up 100 Mbps Full Duplex, Flow Control: None
[   18.946921] e1000e 0000:02:00.0 eth1: 10/100 speed: disabling TSO
[   21.451983] wlan0: authenticate with 00:00:00:00:00:01
[   21.454690] wlan0: send auth to 00:00:00:00:00:01 (try 1/3)
[   21.456636] wlan0: authenticated
[   21.460318] wlan0: associate with 00:00:00:00:00:01 (try 1/3)
[   21.465048] wlan0: RX AssocResp from 00:00:00:00:00:01 (capab=0x401 status=0 aid=1)
[   21.472247] wlan0: associated
