[    0.000000] Linux version 5.0.0-rc6-next-20190215+ (pavel@amd) (gcc version 4.9.2 (Debian 4.9.2-10+deb8u2)) #222 SMP Sun Feb 17 21:26:19 CET 2019
[    0.000000] Disabled fast string operations
[    0.000000] x86/fpu: x87 FPU will use FXSAVE
[    0.000000] BIOS-provided physical RAM map:
[    0.000000] BIOS-e820: [mem 0x0000000000000000-0x000000000009efff] usable
[    0.000000] BIOS-e820: [mem 0x000000000009f000-0x000000000009ffff] reserved
[    0.000000] BIOS-e820: [mem 0x00000000000dc000-0x00000000000fffff] reserved
[    0.000000] BIOS-e820: [mem 0x0000000000100000-0x00000000bf6cffff] usable
[    0.000000] BIOS-e820: [mem 0x00000000bf6d0000-0x00000000bf6defff] ACPI data
[    0.000000] BIOS-e820: [mem 0x00000000bf6df000-0x00000000bf6fffff] ACPI NVS
[    0.000000] BIOS-e820: [mem 0x00000000bf700000-0x00000000bfffffff] reserved
[    0.000000] BIOS-e820: [mem 0x00000000f0000000-0x00000000f3ffffff] reserved
[    0.000000] BIOS-e820: [mem 0x00000000fec00000-0x00000000fec0ffff] reserved
[    0.000000] BIOS-e820: [mem 0x00000000fed00000-0x00000000fed003ff] reserved
[    0.000000] BIOS-e820: [mem 0x00000000fed14000-0x00000000fed19fff] reserved
[    0.000000] BIOS-e820: [mem 0x00000000fed1c000-0x00000000fed8ffff] reserved
[    0.000000] BIOS-e820: [mem 0x00000000fee00000-0x00000000fee00fff] reserved
[    0.000000] BIOS-e820: [mem 0x00000000ff800000-0x00000000ffffffff] reserved
[    0.000000] NX (Execute Disable) protection: active
[    0.000000] SMBIOS 2.4 present.
[    0.000000] DMI: LENOVO 17097HU/17097HU, BIOS 7BETD8WW (2.19 ) 03/31/2011
[    0.000000] tsc: Fast TSC calibration using PIT
[    0.000000] tsc: Detected 1828.766 MHz processor
[    0.014173] e820: update [mem 0x00000000-0x00000fff] usable ==> reserved
[    0.014178] e820: remove [mem 0x000a0000-0x000fffff] usable
[    0.014191] last_pfn = 0xbf6d0 max_arch_pfn = 0x1000000
[    0.014203] MTRR default type: uncachable
[    0.014206] MTRR fixed ranges enabled:
[    0.014209]   00000-9FFFF write-back
[    0.014212]   A0000-BFFFF uncachable
[    0.014215]   C0000-CFFFF write-protect
[    0.014218]   D0000-DBFFF uncachable
[    0.014220]   DC000-DFFFF write-back
[    0.014223]   E0000-FFFFF write-protect
[    0.014226] MTRR variable ranges enabled:
[    0.014229]   0 base 000000000 mask F80000000 write-back
[    0.014232]   1 base 080000000 mask FC0000000 write-back
[    0.014235]   2 base 0BF700000 mask FFFF00000 uncachable
[    0.014238]   3 base 0BF800000 mask FFF800000 uncachable
[    0.014240]   4 disabled
[    0.014243]   5 disabled
[    0.014245]   6 disabled
[    0.014247]   7 disabled
[    0.015329] x86/PAT: PAT not supported by CPU.
[    0.016469] x86/PAT: Configuration [0-7]: WB  WT  UC- UC  WB  WT  UC- UC  
[    0.016490] initial memory mapped: [mem 0x00000000-0x05dfffff]
[    0.016498] Base memory trampoline at [(ptrval)] 9b000 size 16384
[    0.016580] BRK [0x0587b000, 0x0587bfff] PGTABLE
[    0.016598] BRK [0x0587c000, 0x0587cfff] PGTABLE
[    0.016608] ACPI: Early table checksum verification disabled
[    0.016618] ACPI: RSDP 0x00000000000F67C0 000024 (v02 LENOVO)
[    0.016627] ACPI: XSDT 0x00000000BF6D191C 000084 (v01 LENOVO TP-7B    00002190  LTP 00000000)
[    0.016640] ACPI: FACP 0x00000000BF6D1A00 0000F4 (v03 LENOVO TP-7B    00002190 LNVO 00000001)
[    0.016651] ACPI BIOS Warning (bug): 32/64X length mismatch in FADT/Gpe0Block: 64/32 (20190108/tbfadt-569)
[    0.016658] ACPI BIOS Warning (bug): Optional FADT field Gpe1Block has valid Address but zero Length: 0x000000000000102C/0x0 (20190108/tbfadt-624)
[    0.016668] ACPI: DSDT 0x00000000BF6D1D90 00CFB9 (v01 LENOVO TP-7B    00002190 MSFT 0100000E)
[    0.016677] ACPI: FACS 0x00000000BF6F4000 000040
[    0.016684] ACPI: FACS 0x00000000BF6F4000 000040
[    0.016691] ACPI: SSDT 0x00000000BF6D1BB4 0001DC (v01 LENOVO TP-7B    00002190 MSFT 0100000E)
[    0.016700] ACPI: ECDT 0x00000000BF6DED49 000052 (v01 LENOVO TP-7B    00002190 LNVO 00000001)
[    0.016708] ACPI: TCPA 0x00000000BF6DED9B 000032 (v02 LENOVO TP-7B    00002190 LNVO 00000001)
[    0.016717] ACPI: APIC 0x00000000BF6DEDCD 000068 (v01 LENOVO TP-7B    00002190 LNVO 00000001)
[    0.016725] ACPI: MCFG 0x00000000BF6DEE35 00003C (v01 LENOVO TP-7B    00002190 LNVO 00000001)
[    0.016733] ACPI: HPET 0x00000000BF6DEE71 000038 (v01 LENOVO TP-7B    00002190 LNVO 00000001)
[    0.016742] ACPI: BOOT 0x00000000BF6DEFD8 000028 (v01 LENOVO TP-7B    00002190  LTP 00000001)
[    0.016750] ACPI: SSDT 0x00000000BF6F2645 00025F (v01 LENOVO TP-7B    00002190 INTL 20050513)
[    0.016759] ACPI: SSDT 0x00000000BF6F28A4 0000A6 (v01 LENOVO TP-7B    00002190 INTL 20050513)
[    0.016767] ACPI: SSDT 0x00000000BF6F294A 0004F7 (v01 LENOVO TP-7B    00002190 INTL 20050513)
[    0.016776] ACPI: SSDT 0x00000000BF6F2E41 0001D8 (v01 LENOVO TP-7B    00002190 INTL 20050513)
[    0.016797] ACPI: Local APIC address 0xfee00000
[    0.016803] 2176MB HIGHMEM available.
[    0.016808] 885MB LOWMEM available.
[    0.016812]   mapped low ram: 0 - 375fe000
[    0.016815]   low ram: 0 - 375fe000
[    0.016827] BRK [0x0587d000, 0x0587dfff] PGTABLE
[    0.016831] Zone ranges:
[    0.016835]   DMA      [mem 0x0000000000001000-0x0000000000ffffff]
[    0.016840]   Normal   [mem 0x0000000001000000-0x00000000375fdfff]
[    0.016845]   HighMem  [mem 0x00000000375fe000-0x00000000bf6cffff]
[    0.016849] Movable zone start for each node
[    0.016853] Early memory node ranges
[    0.016857]   node   0: [mem 0x0000000000001000-0x000000000009efff]
[    0.016861]   node   0: [mem 0x0000000000100000-0x00000000bf6cffff]
[    0.016866] Initmem setup node 0 [mem 0x0000000000001000-0x00000000bf6cffff]
[    0.016871] On node 0 totalpages: 783982
[    0.028244]   DMA zone: 32 pages used for memmap
[    0.028247]   DMA zone: 0 pages reserved
[    0.028250]   DMA zone: 3998 pages, LIFO batch:0
[    0.028363]   Normal zone: 1740 pages used for memmap
[    0.028366]   Normal zone: 222718 pages, LIFO batch:63
[    0.034120]   HighMem zone: 557266 pages, LIFO batch:63
[    0.048530] Using APIC driver default
[    0.048547] Reserving Intel graphics memory at [mem 0xbf800000-0xbfffffff]
[    0.049033] ACPI: PM-Timer IO Port: 0x1008
[    0.049039] ACPI: Local APIC address 0xfee00000
[    0.049052] ACPI: LAPIC_NMI (acpi_id[0x00] high edge lint[0x1])
[    0.049056] ACPI: LAPIC_NMI (acpi_id[0x01] high edge lint[0x1])
[    0.049087] IOAPIC[0]: apic_id 1, version 32, address 0xfec00000, GSI 0-23
[    0.049094] ACPI: INT_SRC_OVR (bus 0 bus_irq 0 global_irq 2 dfl dfl)
[    0.049099] ACPI: INT_SRC_OVR (bus 0 bus_irq 9 global_irq 9 high level)
[    0.049105] ACPI: IRQ0 used by override.
[    0.049109] ACPI: IRQ9 used by override.
[    0.049116] Using ACPI (MADT) for SMP configuration information
[    0.049121] ACPI: HPET id: 0x8086a201 base: 0xfed00000
[    0.049133] smpboot: Allowing 2 CPUs, 0 hotplug CPUs
[    0.049175] PM: Registered nosave memory: [mem 0x00000000-0x00000fff]
[    0.049180] PM: Registered nosave memory: [mem 0x0009f000-0x0009ffff]
[    0.049184] PM: Registered nosave memory: [mem 0x000a0000-0x000dbfff]
[    0.049188] PM: Registered nosave memory: [mem 0x000dc000-0x000fffff]
[    0.049198] [mem 0xc0000000-0xefffffff] available for PCI devices
[    0.049205] clocksource: refined-jiffies: mask: 0xffffffff max_cycles: 0xffffffff, max_idle_ns: 7645519600211568 ns
[    0.049231] random: get_random_bytes called from start_kernel+0x74/0x375 with crng_init=0
[    0.049245] setup_percpu: NR_CPUS:8 nr_cpumask_bits:8 nr_cpu_ids:2 nr_node_ids:1
[    0.049508] percpu: Embedded 37 pages/cpu @(ptrval) s119336 r0 d32216 u151552
[    0.049523] pcpu-alloc: s119336 r0 d32216 u151552 alloc=37*4096
[    0.049526] pcpu-alloc: [0] 0 [0] 1 
[    0.049560] Built 1 zonelists, mobility grouping on.  Total pages: 782210
[    0.049571] Kernel command line: BOOT_IMAGE=(hd0,2)/fast/l/linux-next-32/arch/x86/boot/bzImage root=/dev/sda4 resume=/dev/sda1
[    0.049987] Dentry cache hash table entries: 131072 (order: 7, 524288 bytes)
[    0.050104] Inode-cache hash table entries: 65536 (order: 6, 262144 bytes)
[    0.050129] Initializing CPU#0
[    0.082375] Initializing HighMem for node 0 (000375fe:000bf6d0)
[    0.433816] Initializing Movable for node 0 (00000000:00000000)
[    0.505824] Memory: 3019256K/3135928K available (12385K kernel code, 717K rwdata, 4832K rodata, 644K init, 6084K bss, 116672K reserved, 0K cma-reserved, 2229064K highmem)
[    0.505836] virtual kernel memory layout:
    fixmap  : 0xffe70000 - 0xfffff000   (1596 kB)
  cpu_entry : 0xffa00000 - 0xffb31000   (1220 kB)
    pkmap   : 0xff600000 - 0xff800000   (2048 kB)
    vmalloc : 0xf7dfe000 - 0xff5fe000   ( 120 MB)
    lowmem  : 0xc0000000 - 0xf75fe000   ( 885 MB)
      .init : 0xc51ad000 - 0xc524e000   ( 644 kB)
      .data : 0xc4c185e4 - 0xc518b540   (5579 kB)
      .text : 0xc4000000 - 0xc4c185e4   (12385 kB)
[    0.505841] Checking if this processor honours the WP bit even in supervisor mode...Ok.
[    0.507204] Kernel/User page tables isolation: enabled
[    0.507480] rcu: Hierarchical RCU implementation.
[    0.507484] rcu: 	RCU restricting CPUs from NR_CPUS=8 to nr_cpu_ids=2.
[    0.507489] rcu: RCU calculated value of scheduler-enlistment delay is 25 jiffies.
[    0.507493] rcu: Adjusting geometry for rcu_fanout_leaf=16, nr_cpu_ids=2
[    0.507537] NR_IRQS: 2304, nr_irqs: 56, preallocated irqs: 16
[    0.507832] CPU 0 irqstacks, hard=(ptrval) soft=(ptrval)
[    0.510498] Console: colour VGA+ 80x25
[    0.518538] printk: console [tty0] enabled
[    0.518609] Lock dependency validator: Copyright (c) 2006 Red Hat, Inc., Ingo Molnar
[    0.518697] ... MAX_LOCKDEP_SUBCLASSES:  8
[    0.518768] ... MAX_LOCK_DEPTH:          48
[    0.518839] ... MAX_LOCKDEP_KEYS:        8191
[    0.518911] ... CLASSHASH_SIZE:          4096
[    0.518983] ... MAX_LOCKDEP_ENTRIES:     32768
[    0.519056] ... MAX_LOCKDEP_CHAINS:      65536
[    0.519130] ... CHAINHASH_SIZE:          32768
[    0.519202]  memory used by lock dependency info: 4319 kB
[    0.519280]  per task-struct memory footprint: 1344 bytes
[    0.519368] ACPI: Core revision 20190108
[    0.519922] clocksource: hpet: mask: 0xffffffff max_cycles: 0xffffffff, max_idle_ns: 133484882848 ns
[    0.520050] hpet clockevent registered
[    0.520063] APIC: Switch to symmetric I/O mode setup
[    0.520140] Enabling APIC mode:  Flat.  Using 1 I/O APICs
[    0.520774] ..TIMER: vector=0x30 apic1=0 pin1=2 apic2=-1 pin2=-1
[    0.540059] clocksource: tsc-early: mask: 0xffffffffffffffff max_cycles: 0x1a5c4faa1ce, max_idle_ns: 440795206017 ns
[    0.540181] Calibrating delay loop (skipped), value calculated using timer frequency.. 3657.53 BogoMIPS (lpj=7315064)
[    0.540299] pid_max: default: 32768 minimum: 301
[    0.540641] Mount-cache hash table entries: 2048 (order: 1, 8192 bytes)
[    0.540733] Mountpoint-cache hash table entries: 2048 (order: 1, 8192 bytes)
[    0.541421] *** VALIDATE proc ***
[    0.541594] *** VALIDATE cgroup1 ***
[    0.541667] *** VALIDATE cgroup2 ***
[    0.541752] Disabled fast string operations
[    0.541838] process: using mwait in idle threads
[    0.541921] Last level iTLB entries: 4KB 128, 2MB 0, 4MB 2
[    0.542000] Last level dTLB entries: 4KB 128, 2MB 0, 4MB 8, 1GB 0
[    0.542085] Spectre V2 : Mitigation: Full generic retpoline
[    0.542165] Spectre V2 : Spectre v2 / SpectreRSB mitigation: Filling RSB on context switch
[    0.542262] L1TF: System has more than MAX_PA/2 memory. L1TF mitigation not effective.
[    0.542354] L1TF: You may make it effective by booting the kernel with mem=2147483648 parameter.
[    0.542461] L1TF: However, doing so will make a part of your RAM unusable.
[    0.542547] L1TF: Reading https://www.kernel.org/doc/html/latest/admin-guide/l1tf.html might help you decide.
[    0.542888] Freeing SMP alternatives memory: 44K
[    0.548179] smpboot: CPU0: Genuine Intel(R) CPU           T2400  @ 1.83GHz (family: 0x6, model: 0xe, stepping: 0x8)
[    0.548179] Performance Events: Core events, core PMU driver.
[    0.548179] ... version:                1
[    0.548179] ... bit width:              40
[    0.548179] ... generic registers:      2
[    0.548179] ... value mask:             000000ffffffffff
[    0.548179] ... max period:             000000007fffffff
[    0.548179] ... fixed-purpose events:   0
[    0.548179] ... event mask:             0000000000000003
[    0.548179] rcu: Hierarchical SRCU implementation.
[    0.548179] NMI watchdog: Enabled. Permanently consumes one hw-PMU counter.
[    0.548197] smp: Bringing up secondary CPUs ...
[    0.549205] CPU 1 irqstacks, hard=(ptrval) soft=(ptrval)
[    0.549209] x86: Booting SMP configuration:
[    0.549290] .... node  #0, CPUs:      #1
[    0.016311] Initializing CPU#1
[    0.016311] Disabled fast string operations
[    0.551741] TSC synchronization [CPU#0 -> CPU#1]:
[    0.552048] Measured 579865 cycles TSC warp between CPUs, turning off TSC clock.
[    0.552147] tsc: Marking TSC unstable due to check_tsc_sync_source failed
[    0.552374] smp: Brought up 1 node, 2 CPUs
[    0.552374] smpboot: Max logical packages: 1
[    0.552374] smpboot: Total of 2 processors activated (7315.06 BogoMIPS)
[    0.556429] devtmpfs: initialized
[    0.557322] PM: Registering ACPI NVS region [mem 0xbf6df000-0xbf6fffff] (135168 bytes)
[    0.557777] clocksource: jiffies: mask: 0xffffffff max_cycles: 0xffffffff, max_idle_ns: 7645041785100000 ns
[    0.557898] futex hash table entries: 512 (order: 3, 32768 bytes)
[    0.560781] NET: Registered protocol family 16
[    0.562432] cpuidle: using governor ladder
[    0.562591] cpuidle: using governor menu
[    0.563591] Simple Boot Flag at 0x35 set to 0x1
[    0.563703] ACPI FADT declares the system doesn't support PCIe ASPM, so disable it
[    0.563793] ACPI: bus type PCI registered
[    0.564091] PCI: MMCONFIG for domain 0000 [bus 00-3f] at [mem 0xf0000000-0xf3ffffff] (base 0xf0000000)
[    0.564256] PCI: MMCONFIG at [mem 0xf0000000-0xf3ffffff] reserved in E820
[    0.564277] PCI: Using MMCONFIG for extended config space
[    0.564356] PCI: Using configuration type 1 for base access
[    0.564827] mtrr: your CPUs had inconsistent variable MTRR settings
[    0.564911] mtrr: probably your BIOS does not setup all CPUs.
[    0.564991] mtrr: corrected configuration.
[    0.629816] ACPI: Added _OSI(Module Device)
[    0.629900] ACPI: Added _OSI(Processor Device)
[    0.629976] ACPI: Added _OSI(3.0 _SCP Extensions)
[    0.630053] ACPI: Added _OSI(Processor Aggregator Device)
[    0.630135] ACPI: Added _OSI(Linux-Dell-Video)
[    0.630213] ACPI: Added _OSI(Linux-Lenovo-NV-HDMI-Audio)
[    0.630295] ACPI: Added _OSI(Linux-HPI-Hybrid-Graphics)
[    0.695950] ACPI: 6 ACPI AML tables successfully acquired and loaded
[    0.700292] ACPI: EC: EC started
[    0.700364] ACPI: EC: interrupt blocked
[    0.705532] ACPI: \: Used as first EC
[    0.705608] ACPI: \: GPE=0x1c, EC_CMD/EC_SC=0x66, EC_DATA=0x62
[    0.705690] ACPI: EC: Boot ECDT EC used to handle transactions
[    0.726455] ACPI: Dynamic OEM Table Load:
[    0.726546] ACPI: SSDT 0x00000000E5932400 000240 (v01 PmRef  Cpu0Ist  00000100 INTL 20050513)
[    0.728401] ACPI: Dynamic OEM Table Load:
[    0.728490] ACPI: SSDT 0x00000000EAD55000 00065A (v01 PmRef  Cpu0Cst  00000100 INTL 20050513)
[    0.732486] ACPI: Dynamic OEM Table Load:
[    0.732578] ACPI: SSDT 0x00000000EAC58B00 0000C8 (v01 PmRef  Cpu1Ist  00000100 INTL 20050513)
[    0.733528] ACPI: Dynamic OEM Table Load:
[    0.733616] ACPI: SSDT 0x00000000EAE9A6C0 000085 (v01 PmRef  Cpu1Cst  00000100 INTL 20050513)
[    0.734113] ACPI: Interpreter enabled
[    0.734113] ACPI: (supports S0 S3 S4 S5)
[    0.734113] ACPI: Using IOAPIC for interrupt routing
[    0.734127] PCI: Using host bridge windows from ACPI; if necessary, use "pci=nocrs" and report a bug
[    0.736807] ACPI: Enabled 4 GPEs in block 00 to 1F
[    0.760153] ACPI: Power Resource [PUBS] (on)
[    0.761265] acpi PNP0C0A:01: ACPI dock station (docks/bays count: 1)
[    0.769120] acpi LNXIOBAY:00: ACPI dock station (docks/bays count: 2)
[    0.783244] acpi IBM0079:00: ACPI dock station (docks/bays count: 3)
[    0.785680] ACPI: PCI Interrupt Link [LNKA] (IRQs 3 4 5 6 7 9 10 *11)
[    0.786521] ACPI: PCI Interrupt Link [LNKB] (IRQs 3 4 5 6 7 9 10 *11)
[    0.787360] ACPI: PCI Interrupt Link [LNKC] (IRQs 3 4 5 6 7 9 10 *11)
[    0.788209] ACPI: PCI Interrupt Link [LNKD] (IRQs 3 4 5 6 7 9 10 *11)
[    0.789049] ACPI: PCI Interrupt Link [LNKE] (IRQs 3 4 5 6 7 9 10 *11)
[    0.789888] ACPI: PCI Interrupt Link [LNKF] (IRQs 3 4 5 6 7 9 10 *11)
[    0.790725] ACPI: PCI Interrupt Link [LNKG] (IRQs 3 4 5 6 7 9 10 *11)
[    0.791563] ACPI: PCI Interrupt Link [LNKH] (IRQs 3 4 5 6 7 9 10 *11)
[    0.792099] ACPI: PCI Root Bridge [PCI0] (domain 0000 [bus 00-ff])
[    0.792197] acpi PNP0A08:00: _OSC: OS supports [ExtendedConfig ASPM ClockPM Segments]
[    0.793224] acpi PNP0A08:00: _OSC: not requesting OS control; OS requires [ExtendedConfig ASPM ClockPM MSI]
[    0.793357] acpi PNP0A08:00: [Firmware Info]: MMCONFIG for domain 0000 [bus 00-3f] only partially covers this bridge
[    0.793727] PCI host bridge to bus 0000:00
[    0.793807] pci_bus 0000:00: root bus resource [io  0x0000-0x0cf7 window]
[    0.793898] pci_bus 0000:00: root bus resource [io  0x0d00-0xffff window]
[    0.793990] pci_bus 0000:00: root bus resource [mem 0x000a0000-0x000bffff window]
[    0.794085] pci_bus 0000:00: root bus resource [mem 0x000d0000-0x000d3fff window]
[    0.794181] pci_bus 0000:00: root bus resource [mem 0x000d4000-0x000d7fff window]
[    0.794275] pci_bus 0000:00: root bus resource [mem 0x000d8000-0x000dbfff window]
[    0.794370] pci_bus 0000:00: root bus resource [mem 0xc0000000-0xfebfffff window]
[    0.794466] pci_bus 0000:00: root bus resource [mem 0xfed40000-0xfed40fff window]
[    0.794562] pci_bus 0000:00: root bus resource [bus 00-ff]
[    0.794675] pci 0000:00:00.0: [8086:27a0] type 00 class 0x060000
[    0.795144] pci 0000:00:02.0: [8086:27a2] type 00 class 0x030000
[    0.795167] pci 0000:00:02.0: reg 0x10: [mem 0xee100000-0xee17ffff]
[    0.795178] pci 0000:00:02.0: reg 0x14: [io  0x1800-0x1807]
[    0.795189] pci 0000:00:02.0: reg 0x18: [mem 0xd0000000-0xdfffffff pref]
[    0.795200] pci 0000:00:02.0: reg 0x1c: [mem 0xee200000-0xee23ffff]
[    0.795658] pci 0000:00:02.1: [8086:27a6] type 00 class 0x038000
[    0.795677] pci 0000:00:02.1: reg 0x10: [mem 0xee180000-0xee1fffff]
[    0.796193] pci 0000:00:1b.0: [8086:27d8] type 00 class 0x040300
[    0.796238] pci 0000:00:1b.0: reg 0x10: [mem 0xee240000-0xee243fff 64bit]
[    0.796401] pci 0000:00:1b.0: PME# supported from D0 D3hot D3cold
[    0.796858] pci 0000:00:1c.0: [8086:27d0] type 01 class 0x060400
[    0.797051] pci 0000:00:1c.0: PME# supported from D0 D3hot D3cold
[    0.797508] pci 0000:00:1c.1: [8086:27d2] type 01 class 0x060400
[    0.797700] pci 0000:00:1c.1: PME# supported from D0 D3hot D3cold
[    0.798146] pci 0000:00:1c.2: [8086:27d4] type 01 class 0x060400
[    0.798337] pci 0000:00:1c.2: PME# supported from D0 D3hot D3cold
[    0.798795] pci 0000:00:1c.3: [8086:27d6] type 01 class 0x060400
[    0.798987] pci 0000:00:1c.3: PME# supported from D0 D3hot D3cold
[    0.799436] pci 0000:00:1d.0: [8086:27c8] type 00 class 0x0c0300
[    0.799513] pci 0000:00:1d.0: reg 0x20: [io  0x1820-0x183f]
[    0.799971] pci 0000:00:1d.1: [8086:27c9] type 00 class 0x0c0300
[    0.800049] pci 0000:00:1d.1: reg 0x20: [io  0x1840-0x185f]
[    0.800510] pci 0000:00:1d.2: [8086:27ca] type 00 class 0x0c0300
[    0.800587] pci 0000:00:1d.2: reg 0x20: [io  0x1860-0x187f]
[    0.801049] pci 0000:00:1d.3: [8086:27cb] type 00 class 0x0c0300
[    0.801126] pci 0000:00:1d.3: reg 0x20: [io  0x1880-0x189f]
[    0.801563] pci 0000:00:1d.7: [8086:27cc] type 00 class 0x0c0320
[    0.801599] pci 0000:00:1d.7: reg 0x10: [mem 0xee444000-0xee4443ff]
[    0.801741] pci 0000:00:1d.7: PME# supported from D0 D3hot D3cold
[    0.802162] pci 0000:00:1e.0: [8086:2448] type 01 class 0x060401
[    0.802701] pci 0000:00:1f.0: [8086:27b9] type 00 class 0x060100
[    0.802857] pci 0000:00:1f.0: quirk: [io  0x1000-0x107f] claimed by ICH6 ACPI/GPIO/TCO
[    0.802959] pci 0000:00:1f.0: quirk: [io  0x1180-0x11bf] claimed by ICH6 GPIO
[    0.803054] pci 0000:00:1f.0: ICH7 LPC Generic IO decode 1 PIO at 1600 (mask 007f)
[    0.803151] pci 0000:00:1f.0: ICH7 LPC Generic IO decode 2 PIO at 15e0 (mask 000f)
[    0.803247] pci 0000:00:1f.0: ICH7 LPC Generic IO decode 3 PIO at 1680 (mask 001f)
[    0.803788] pci 0000:00:1f.1: [8086:27df] type 00 class 0x01018a
[    0.803818] pci 0000:00:1f.1: reg 0x10: [io  0x0000-0x0007]
[    0.803834] pci 0000:00:1f.1: reg 0x14: [io  0x0000-0x0003]
[    0.803850] pci 0000:00:1f.1: reg 0x18: [io  0x0000-0x0007]
[    0.803866] pci 0000:00:1f.1: reg 0x1c: [io  0x0000-0x0003]
[    0.803882] pci 0000:00:1f.1: reg 0x20: [io  0x1810-0x181f]
[    0.803915] pci 0000:00:1f.1: legacy IDE quirk: reg 0x10: [io  0x01f0-0x01f7]
[    0.804008] pci 0000:00:1f.1: legacy IDE quirk: reg 0x14: [io  0x03f6]
[    0.804097] pci 0000:00:1f.1: legacy IDE quirk: reg 0x18: [io  0x0170-0x0177]
[    0.804187] pci 0000:00:1f.1: legacy IDE quirk: reg 0x1c: [io  0x0376]
[    0.804682] pci 0000:00:1f.2: [8086:27c5] type 00 class 0x010601
[    0.804717] pci 0000:00:1f.2: reg 0x10: [io  0x18d0-0x18d7]
[    0.804734] pci 0000:00:1f.2: reg 0x14: [io  0x18c4-0x18c7]
[    0.804750] pci 0000:00:1f.2: reg 0x18: [io  0x18c8-0x18cf]
[    0.804765] pci 0000:00:1f.2: reg 0x1c: [io  0x18c0-0x18c3]
[    0.804781] pci 0000:00:1f.2: reg 0x20: [io  0x18b0-0x18bf]
[    0.804798] pci 0000:00:1f.2: reg 0x24: [mem 0xee444400-0xee4447ff]
[    0.804882] pci 0000:00:1f.2: PME# supported from D3hot
[    0.805300] pci 0000:00:1f.3: [8086:27da] type 00 class 0x0c0500
[    0.805397] pci 0000:00:1f.3: reg 0x20: [io  0x18e0-0x18ff]
[    0.806084] pci 0000:02:00.0: [8086:109a] type 00 class 0x020000
[    0.806148] pci 0000:02:00.0: reg 0x10: [mem 0xee000000-0xee01ffff]
[    0.806196] pci 0000:02:00.0: reg 0x18: [io  0x2000-0x201f]
[    0.806454] pci 0000:02:00.0: PME# supported from D0 D3hot D3cold
[    0.806847] pci 0000:00:1c.0: PCI bridge to [bus 02]
[    0.806933] pci 0000:00:1c.0:   bridge window [io  0x2000-0x2fff]
[    0.806941] pci 0000:00:1c.0:   bridge window [mem 0xee000000-0xee0fffff]
[    0.807204] pci 0000:03:00.0: [8086:4227] type 00 class 0x028000
[    0.807311] pci 0000:03:00.0: reg 0x10: [mem 0xedf00000-0xedf00fff]
[    0.807827] pci 0000:03:00.0: PME# supported from D0 D3hot D3cold
[    0.808269] pci 0000:00:1c.1: PCI bridge to [bus 03]
[    0.808354] pci 0000:00:1c.1:   bridge window [io  0x3000-0x4fff]
[    0.808362] pci 0000:00:1c.1:   bridge window [mem 0xec000000-0xedffffff]
[    0.808373] pci 0000:00:1c.1:   bridge window [mem 0xe4000000-0xe40fffff 64bit pref]
[    0.808524] pci 0000:00:1c.2: PCI bridge to [bus 04-0b]
[    0.808611] pci 0000:00:1c.2:   bridge window [io  0x5000-0x6fff]
[    0.808618] pci 0000:00:1c.2:   bridge window [mem 0xe8000000-0xe9ffffff]
[    0.808630] pci 0000:00:1c.2:   bridge window [mem 0xe4100000-0xe41fffff 64bit pref]
[    0.808779] pci 0000:00:1c.3: PCI bridge to [bus 0c-13]
[    0.808867] pci 0000:00:1c.3:   bridge window [io  0x7000-0x8fff]
[    0.808874] pci 0000:00:1c.3:   bridge window [mem 0xea000000-0xebffffff]
[    0.808885] pci 0000:00:1c.3:   bridge window [mem 0xe4200000-0xe42fffff 64bit pref]
[    0.808925] pci_bus 0000:15: extended config space not accessible
[    0.809125] pci 0000:15:00.0: [1180:0476] type 02 class 0x060700
[    0.809157] pci 0000:15:00.0: reg 0x10: [mem 0xe4300000-0xe4300fff]
[    0.809230] pci 0000:15:00.0: supports D1 D2
[    0.809234] pci 0000:15:00.0: PME# supported from D0 D1 D2 D3hot D3cold
[    0.809487] pci 0000:15:00.1: [1180:0552] type 00 class 0x0c0010
[    0.809516] pci 0000:15:00.1: reg 0x10: [mem 0xe4301000-0xe43017ff]
[    0.809663] pci 0000:15:00.1: PME# supported from D0 D3hot D3cold
[    0.809871] pci 0000:15:00.2: [1180:0822] type 00 class 0x080500
[    0.809900] pci 0000:15:00.2: reg 0x10: [mem 0xe4301800-0xe43018ff]
[    0.810045] pci 0000:15:00.2: supports D1 D2
[    0.810050] pci 0000:15:00.2: PME# supported from D0 D1 D2 D3hot D3cold
[    0.810326] pci 0000:00:1e.0: PCI bridge to [bus 15-18] (subtractive decode)
[    0.810422] pci 0000:00:1e.0:   bridge window [io  0x9000-0xcfff]
[    0.810429] pci 0000:00:1e.0:   bridge window [mem 0xe4300000-0xe7ffffff]
[    0.810441] pci 0000:00:1e.0:   bridge window [mem 0xe0000000-0xe3ffffff 64bit pref]
[    0.810446] pci 0000:00:1e.0:   bridge window [io  0x0000-0x0cf7 window] (subtractive decode)
[    0.810450] pci 0000:00:1e.0:   bridge window [io  0x0d00-0xffff window] (subtractive decode)
[    0.810455] pci 0000:00:1e.0:   bridge window [mem 0x000a0000-0x000bffff window] (subtractive decode)
[    0.810460] pci 0000:00:1e.0:   bridge window [mem 0x000d0000-0x000d3fff window] (subtractive decode)
[    0.810464] pci 0000:00:1e.0:   bridge window [mem 0x000d4000-0x000d7fff window] (subtractive decode)
[    0.810469] pci 0000:00:1e.0:   bridge window [mem 0x000d8000-0x000dbfff window] (subtractive decode)
[    0.810474] pci 0000:00:1e.0:   bridge window [mem 0xc0000000-0xfebfffff window] (subtractive decode)
[    0.810479] pci 0000:00:1e.0:   bridge window [mem 0xfed40000-0xfed40fff window] (subtractive decode)
[    0.810523] pci_bus 0000:16: extended config space not accessible
[    0.810703] pci_bus 0000:16: busn_res: [bus 16-18] end is updated to 17
[    0.810759] pci_bus 0000:00: on NUMA node 0
[    0.816988] ACPI: EC: interrupt unblocked
[    0.817101] ACPI: EC: event unblocked
[    0.817207] ACPI: \_SB_.PCI0.LPC_.EC__: GPE=0x1c, EC_CMD/EC_SC=0x66, EC_DATA=0x62
[    0.817304] ACPI: \_SB_.PCI0.LPC_.EC__: Boot DSDT EC used to handle transactions and events
[    0.818071] pci 0000:00:02.0: vgaarb: setting as boot VGA device
[    0.818160] pci 0000:00:02.0: vgaarb: VGA device added: decodes=io+mem,owns=io+mem,locks=none
[    0.818296] pci 0000:00:02.0: vgaarb: bridge control possible
[    0.818377] vgaarb: loaded
[    0.818999] SCSI subsystem initialized
[    0.819365] libata version 3.00 loaded.
[    0.819574] ACPI: bus type USB registered
[    0.819780] usbcore: registered new interface driver usbfs
[    0.819924] usbcore: registered new interface driver hub
[    0.820064] usbcore: registered new device driver usb
[    0.820263] media: Linux media interface: v0.10
[    0.820383] videodev: Linux video capture interface: v2.00
[    0.820533] pps_core: LinuxPPS API ver. 1 registered
[    0.820611] pps_core: Software ver. 5.3.6 - Copyright 2005-2007 Rodolfo Giometti <giometti@linux.it>
[    0.820752] PTP clock support registered
[    0.822169] EDAC MC: Ver: 3.0.0
[    0.823110] Advanced Linux Sound Architecture Driver Initialized.
[    0.823288] PCI: Using ACPI for IRQ routing
[    0.826346] PCI: pci_cache_line_size set to 64 bytes
[    0.826676] e820: reserve RAM buffer [mem 0x0009f000-0x0009ffff]
[    0.826682] e820: reserve RAM buffer [mem 0xbf6d0000-0xbfffffff]
[    0.827360] Bluetooth: Core ver 2.22
[    0.827496] NET: Registered protocol family 31
[    0.827573] Bluetooth: HCI device and connection manager initialized
[    0.827670] Bluetooth: HCI socket layer initialized
[    0.827751] Bluetooth: L2CAP socket layer initialized
[    0.827850] Bluetooth: SCO socket layer initialized
[    0.828597] clocksource: Switched to clocksource hpet
[    0.829059] pnp: PnP ACPI init
[    0.831849] system 00:00: [mem 0x00000000-0x0009ffff] could not be reserved
[    0.831946] system 00:00: [mem 0x000c0000-0x000c3fff] could not be reserved
[    0.832040] system 00:00: [mem 0x000c4000-0x000c7fff] could not be reserved
[    0.832134] system 00:00: [mem 0x000c8000-0x000cbfff] has been reserved
[    0.832386] system 00:00: [mem 0x000cc000-0x000cffff] has been reserved
[    0.832479] system 00:00: [mem 0x000dc000-0x000dffff] could not be reserved
[    0.832574] system 00:00: [mem 0x000e0000-0x000e3fff] could not be reserved
[    0.832669] system 00:00: [mem 0x000e4000-0x000e7fff] could not be reserved
[    0.832764] system 00:00: [mem 0x000e8000-0x000ebfff] could not be reserved
[    0.832859] system 00:00: [mem 0x000ec000-0x000effff] could not be reserved
[    0.832954] system 00:00: [mem 0x000f0000-0x000fffff] could not be reserved
[    0.833049] system 00:00: [mem 0x00100000-0xbfffffff] could not be reserved
[    0.833143] system 00:00: [mem 0xfec00000-0xfed3ffff] could not be reserved
[    0.833238] system 00:00: [mem 0xfed41000-0xffffffff] could not be reserved
[    0.833376] system 00:00: Plug and Play ACPI device, IDs PNP0c01 (active)
[    0.833886] system 00:01: [io  0x164e-0x164f] has been reserved
[    0.833977] system 00:01: [io  0x1000-0x107f] has been reserved
[    0.834065] system 00:01: [io  0x1180-0x11bf] has been reserved
[    0.834154] system 00:01: [io  0x0800-0x080f] has been reserved
[    0.834242] system 00:01: [io  0x15e0-0x15ef] has been reserved
[    0.834332] system 00:01: [io  0x1600-0x165f] could not be reserved
[    0.834423] system 00:01: [mem 0xf0000000-0xf3ffffff] has been reserved
[    0.834515] system 00:01: [mem 0xfed1c000-0xfed1ffff] has been reserved
[    0.834607] system 00:01: [mem 0xfed14000-0xfed17fff] has been reserved
[    0.834698] system 00:01: [mem 0xfed18000-0xfed18fff] has been reserved
[    0.834791] system 00:01: [mem 0xfed19000-0xfed19fff] has been reserved
[    0.834918] system 00:01: Plug and Play ACPI device, IDs PNP0c02 (active)
[    0.835231] pnp 00:02: Plug and Play ACPI device, IDs PNP0b00 (active)
[    0.835370] pnp 00:03: Plug and Play ACPI device, IDs PNP0303 (active)
[    0.835504] pnp 00:04: Plug and Play ACPI device, IDs IBM3780 PNP0f13 (active)
[    0.836277] pnp 00:05: [dma 3]
[    0.836497] pnp 00:05: Plug and Play ACPI device, IDs IBM0071 PNP0511 (active)
[    0.836737] pnp 00:06: Plug and Play ACPI device, IDs ATM1200 PNP0c31 (active)
[    0.839125] pnp: PnP ACPI: found 7 devices
[    0.885903] clocksource: acpi_pm: mask: 0xffffff max_cycles: 0xffffff, max_idle_ns: 2085701024 ns
[    0.886035] pci 0000:00:1c.0: bridge window [mem 0x00100000-0x000fffff 64bit pref] to [bus 02] add_size 200000 add_align 100000
[    0.886078] pci 0000:00:1c.0: BAR 9: assigned [mem 0xc0000000-0xc01fffff 64bit pref]
[    0.886175] pci 0000:00:1c.0: PCI bridge to [bus 02]
[    0.886256] pci 0000:00:1c.0:   bridge window [io  0x2000-0x2fff]
[    0.886346] pci 0000:00:1c.0:   bridge window [mem 0xee000000-0xee0fffff]
[    0.886436] pci 0000:00:1c.0:   bridge window [mem 0xc0000000-0xc01fffff 64bit pref]
[    0.886535] pci 0000:00:1c.1: PCI bridge to [bus 03]
[    0.886616] pci 0000:00:1c.1:   bridge window [io  0x3000-0x4fff]
[    0.886705] pci 0000:00:1c.1:   bridge window [mem 0xec000000-0xedffffff]
[    0.886796] pci 0000:00:1c.1:   bridge window [mem 0xe4000000-0xe40fffff 64bit pref]
[    0.886895] pci 0000:00:1c.2: PCI bridge to [bus 04-0b]
[    0.886977] pci 0000:00:1c.2:   bridge window [io  0x5000-0x6fff]
[    0.887066] pci 0000:00:1c.2:   bridge window [mem 0xe8000000-0xe9ffffff]
[    0.887156] pci 0000:00:1c.2:   bridge window [mem 0xe4100000-0xe41fffff 64bit pref]
[    0.887254] pci 0000:00:1c.3: PCI bridge to [bus 0c-13]
[    0.887336] pci 0000:00:1c.3:   bridge window [io  0x7000-0x8fff]
[    0.887425] pci 0000:00:1c.3:   bridge window [mem 0xea000000-0xebffffff]
[    0.887515] pci 0000:00:1c.3:   bridge window [mem 0xe4200000-0xe42fffff 64bit pref]
[    0.887625] pci 0000:15:00.0: BAR 9: assigned [mem 0xe0000000-0xe3ffffff pref]
[    0.887719] pci 0000:15:00.0: BAR 10: assigned [mem 0xc4000000-0xc7ffffff]
[    0.887808] pci 0000:15:00.0: BAR 7: assigned [io  0x9000-0x90ff]
[    0.887893] pci 0000:15:00.0: BAR 8: assigned [io  0x9400-0x94ff]
[    0.887985] pci 0000:15:00.0: CardBus bridge to [bus 16-17]
[    0.888067] pci 0000:15:00.0:   bridge window [io  0x9000-0x90ff]
[    0.888154] pci 0000:15:00.0:   bridge window [io  0x9400-0x94ff]
[    0.888261] pci 0000:15:00.0:   bridge window [mem 0xe0000000-0xe3ffffff pref]
[    0.888353] pci 0000:15:00.0:   bridge window [mem 0xc4000000-0xc7ffffff]
[    0.888444] pci 0000:00:1e.0: PCI bridge to [bus 15-18]
[    0.888526] pci 0000:00:1e.0:   bridge window [io  0x9000-0xcfff]
[    0.888616] pci 0000:00:1e.0:   bridge window [mem 0xe4300000-0xe7ffffff]
[    0.888707] pci 0000:00:1e.0:   bridge window [mem 0xe0000000-0xe3ffffff 64bit pref]
[    0.888806] pci_bus 0000:00: resource 4 [io  0x0000-0x0cf7 window]
[    0.888810] pci_bus 0000:00: resource 5 [io  0x0d00-0xffff window]
[    0.888814] pci_bus 0000:00: resource 6 [mem 0x000a0000-0x000bffff window]
[    0.888819] pci_bus 0000:00: resource 7 [mem 0x000d0000-0x000d3fff window]
[    0.888823] pci_bus 0000:00: resource 8 [mem 0x000d4000-0x000d7fff window]
[    0.888827] pci_bus 0000:00: resource 9 [mem 0x000d8000-0x000dbfff window]
[    0.888831] pci_bus 0000:00: resource 10 [mem 0xc0000000-0xfebfffff window]
[    0.888835] pci_bus 0000:00: resource 11 [mem 0xfed40000-0xfed40fff window]
[    0.888839] pci_bus 0000:02: resource 0 [io  0x2000-0x2fff]
[    0.888843] pci_bus 0000:02: resource 1 [mem 0xee000000-0xee0fffff]
[    0.888847] pci_bus 0000:02: resource 2 [mem 0xc0000000-0xc01fffff 64bit pref]
[    0.888851] pci_bus 0000:03: resource 0 [io  0x3000-0x4fff]
[    0.888855] pci_bus 0000:03: resource 1 [mem 0xec000000-0xedffffff]
[    0.888859] pci_bus 0000:03: resource 2 [mem 0xe4000000-0xe40fffff 64bit pref]
[    0.888864] pci_bus 0000:04: resource 0 [io  0x5000-0x6fff]
[    0.888868] pci_bus 0000:04: resource 1 [mem 0xe8000000-0xe9ffffff]
[    0.888872] pci_bus 0000:04: resource 2 [mem 0xe4100000-0xe41fffff 64bit pref]
[    0.888876] pci_bus 0000:0c: resource 0 [io  0x7000-0x8fff]
[    0.888880] pci_bus 0000:0c: resource 1 [mem 0xea000000-0xebffffff]
[    0.888884] pci_bus 0000:0c: resource 2 [mem 0xe4200000-0xe42fffff 64bit pref]
[    0.888888] pci_bus 0000:15: resource 0 [io  0x9000-0xcfff]
[    0.888892] pci_bus 0000:15: resource 1 [mem 0xe4300000-0xe7ffffff]
[    0.888896] pci_bus 0000:15: resource 2 [mem 0xe0000000-0xe3ffffff 64bit pref]
[    0.888900] pci_bus 0000:15: resource 4 [io  0x0000-0x0cf7 window]
[    0.888904] pci_bus 0000:15: resource 5 [io  0x0d00-0xffff window]
[    0.888908] pci_bus 0000:15: resource 6 [mem 0x000a0000-0x000bffff window]
[    0.888912] pci_bus 0000:15: resource 7 [mem 0x000d0000-0x000d3fff window]
[    0.888916] pci_bus 0000:15: resource 8 [mem 0x000d4000-0x000d7fff window]
[    0.888919] pci_bus 0000:15: resource 9 [mem 0x000d8000-0x000dbfff window]
[    0.888924] pci_bus 0000:15: resource 10 [mem 0xc0000000-0xfebfffff window]
[    0.888928] pci_bus 0000:15: resource 11 [mem 0xfed40000-0xfed40fff window]
[    0.888932] pci_bus 0000:16: resource 0 [io  0x9000-0x90ff]
[    0.888936] pci_bus 0000:16: resource 1 [io  0x9400-0x94ff]
[    0.888940] pci_bus 0000:16: resource 2 [mem 0xe0000000-0xe3ffffff pref]
[    0.888944] pci_bus 0000:16: resource 3 [mem 0xc4000000-0xc7ffffff]
[    0.889397] NET: Registered protocol family 2
[    0.890841] tcp_listen_portaddr_hash hash table entries: 512 (order: 2, 20480 bytes)
[    0.890986] TCP established hash table entries: 8192 (order: 3, 32768 bytes)
[    0.891136] TCP bind hash table entries: 8192 (order: 6, 294912 bytes)
[    0.891679] TCP: Hash tables configured (established 8192 bind 8192)
[    0.893118] UDP hash table entries: 512 (order: 3, 40960 bytes)
[    0.893273] UDP-Lite hash table entries: 512 (order: 3, 40960 bytes)
[    0.893580] NET: Registered protocol family 1
[    0.894301] RPC: Registered named UNIX socket transport module.
[    0.894388] RPC: Registered udp transport module.
[    0.894467] RPC: Registered tcp transport module.
[    0.894546] RPC: Registered tcp NFSv4.1 backchannel transport module.
[    0.895173] pci 0000:00:02.0: Video device with shadowed ROM at [mem 0x000c0000-0x000dffff]
[    0.899305] PCI: CLS mismatch (64 != 32), using 64 bytes
[    0.899430] PCI-DMA: Using software bounce buffering for IO (SWIOTLB)
[    0.899517] software IO TLB: mapped [mem 0x31d00000-0x35d00000] (64MB)
[    0.902263] Initialise system trusted keyrings
[    0.902734] workingset: timestamp_bits=30 max_order=20 bucket_order=0
[    0.904874] Installing knfsd (copyright (C) 1996 okir@monad.swb.de).
[    0.905367] ntfs: driver 2.1.32 [Flags: R/W].
[    0.905685] fuse init (API version 7.29)
[    0.914374] Key type asymmetric registered
[    0.914461] Asymmetric key parser 'x509' registered
[    0.914676] bounce: pool size: 64 pages
[    0.914832] Block layer SCSI generic (bsg) driver version 0.4 loaded (major 249)
[    0.914934] io scheduler mq-deadline registered
[    0.915062] io scheduler bfq registered
[    0.917777] intel_idle: does not run on family 6 model 14
[    0.918268] ACPI: Deprecated procfs I/F for AC is loaded, please retry with CONFIG_ACPI_PROCFS_POWER cleared
[    0.918542] ACPI: AC Adapter [AC] (on-line)
[    0.918949] input: Lid Switch as /devices/LNXSYSTM:00/LNXSYBUS:00/PNP0C0D:00/input/input0
[    0.919232] ACPI: Lid Switch [LID]
[    0.919522] input: Sleep Button as /devices/LNXSYSTM:00/LNXSYBUS:00/PNP0C0E:00/input/input1
[    0.919688] ACPI: Sleep Button [SLPB]
[    0.920010] input: Power Button as /devices/LNXSYSTM:00/LNXPWRBN:00/input/input2
[    0.920156] ACPI: Power Button [PWRF]
[    0.920916] ACPI: Video Device [VID] (multi-head: yes  rom: no  post: no)
[    0.928521] acpi device:01: registered as cooling_device0
[    0.928990] input: Video Bus as /devices/LNXSYSTM:00/LNXSYBUS:00/PNP0A08:00/LNXVIDEO:00/input/input3
[    0.945503] thermal LNXTHERM:00: registered as thermal_zone0
[    0.945592] ACPI: Thermal Zone [THM0] (67 C)
[    0.949406] thermal LNXTHERM:01: registered as thermal_zone1
[    0.949492] ACPI: Thermal Zone [THM1] (68 C)
[    0.950307] Serial: 8250/16550 driver, 4 ports, IRQ sharing disabled
[    0.951141] serial8250: ttyS1 at I/O 0x2f8 (irq = 3, base_baud = 921600) is a NS16550A
[    0.953763] lp: driver loaded but no devices found
[    0.954088] Non-volatile memory driver v1.3
[    0.954778] intel_rng: FWH not detected
[    0.955044] Linux agpgart interface v0.103
[    0.955873] [drm] radeon kernel modesetting enabled.
[    0.957099] pci 0000:00:00.0: Intel 945GM Chipset
[    0.957206] pci 0000:00:00.0: detected gtt size: 262144K total, 262144K mappable
[    0.957885] pci 0000:00:00.0: detected 8192K stolen memory
[    0.958146] [drm] Replacing VGA console driver
[    0.959369] Console: switching to colour dummy device 80x25
[    0.961031] [drm] Supports vblank timestamp caching Rev 2 (21.10.2013).
[    0.961066] [drm] Driver supports precise vblank timestamp query.
[    0.961113] resource sanity check: requesting [mem 0x000c0000-0x000dffff], which spans more than pnp 00:00 [mem 0x000c8000-0x000cbfff]
[    0.961182] caller pci_map_rom+0x75/0x1d0 mapping multiple BARs
[    0.962964] i915 0000:00:02.0: vgaarb: changed VGA decodes: olddecodes=io+mem,decodes=io+mem:owns=io+mem
[    0.986545] battery: ACPI: Deprecated procfs I/F for battery is loaded, please retry with CONFIG_ACPI_PROCFS_POWER cleared
[    0.986624] battery: ACPI: Battery Slot [BAT0] (battery present)
[    1.020251] random: fast init done
[    1.048393] [drm] RC6 disabled, disabling runtime PM support
[    1.048622] [drm] Initialized overlay support.
[    1.050265] [drm] Initialized i915 1.6.0 20190207 for 0000:00:02.0 on minor 0
[    1.051286] usbcore: registered new interface driver udl
[    1.064847] loop: module loaded
[    1.074590] fbcon: inteldrmfb (fb0) is primary device
[    1.089538] ahci 0000:00:1f.2: version 3.0
[    1.090299] ahci 0000:00:1f.2: AHCI 0001.0100 32 slots 4 ports 1.5 Gbps 0x1 impl SATA mode
[    1.090305] ahci 0000:00:1f.2: flags: 64bit ncq pm led clo pio slum part 
[    1.092844] scsi host0: ahci
[    1.093546] scsi host1: ahci
[    1.094156] scsi host2: ahci
[    1.094752] scsi host3: ahci
[    1.095128] ata1: SATA max UDMA/133 abar m1024@0xee444400 port 0xee444500 irq 16
[    1.095130] ata2: DUMMY
[    1.095132] ata3: DUMMY
[    1.095134] ata4: DUMMY
[    1.095336] ata_piix 0000:00:1f.1: version 2.13
[    1.099154] scsi host4: ata_piix
[    1.099667] scsi host5: ata_piix
[    1.099898] ata5: PATA max UDMA/100 cmd 0x1f0 ctl 0x3f6 bmdma 0x1810 irq 14
[    1.099901] ata6: PATA max UDMA/100 cmd 0x170 ctl 0x376 bmdma 0x1818 irq 15
[    1.101241] tun: Universal TUN/TAP device driver, 1.6
[    1.101401] ata6: port disabled--ignoring
[    1.101782] e1000e: Intel(R) PRO/1000 Network Driver - 3.2.6-k
[    1.101784] e1000e: Copyright(c) 1999 - 2015 Intel Corporation.
[    1.101900] e1000e 0000:02:00.0: Disabling ASPM  L1
[    1.101903] e1000e 0000:02:00.0: can't disable ASPM; OS doesn't have ASPM control
[    1.102326] e1000e 0000:02:00.0: Interrupt Throttling Rate (ints/sec) set to dynamic conservative mode
[    1.233075] e1000e 0000:02:00.0 eth0: (PCI Express:2.5GT/s:Width x1) 00:16:d3:25:19:04
[    1.233079] e1000e 0000:02:00.0 eth0: Intel(R) PRO/1000 Network Connection
[    1.233158] e1000e 0000:02:00.0 eth0: MAC: 2, PHY: 2, PBA No: 005302-003
[    1.233431] PPP generic driver version 2.4.2
[    1.233749] PPP BSD Compression module registered
[    1.233751] PPP Deflate Compression module registered
[    1.233754] SLIP: version 0.8.4-NET3.019-NEWTTY (dynamic channels, max=256).
[    1.233756] CSLIP: code copyright 1989 Regents of the University of California.
[    1.233841] iwl3945: Intel(R) PRO/Wireless 3945ABG/BG Network Connection driver for Linux, in-tree:ds
[    1.233843] iwl3945: Copyright(c) 2003-2011 Intel Corporation
[    1.233844] iwl3945: hw_scan is disabled
[    1.234060] iwl3945 0000:03:00.0: can't disable ASPM; OS doesn't have ASPM control
[    1.289068] iwl3945 0000:03:00.0: Tunable channels: 11 802.11bg, 13 802.11a channels
[    1.289071] iwl3945 0000:03:00.0: Detected Intel Wireless WiFi Link 3945ABG
[    1.289965] ieee80211 phy0: Selected rate control algorithm 'iwl-3945-rs'
[    1.290898] Intel(R) Wireless WiFi driver for Linux
[    1.290899] Copyright(c) 2003- 2015 Intel Corporation
[    1.291155] usbcore: registered new interface driver ax88179_178a
[    1.291200] usbcore: registered new interface driver cdc_ether
[    1.291242] usbcore: registered new interface driver net1080
[    1.291285] usbcore: registered new interface driver cdc_subset
[    1.291326] usbcore: registered new interface driver zaurus
[    1.291385] usbcore: registered new interface driver cdc_ncm
[    1.291427] usbcore: registered new interface driver aqc111
[    1.291513] pci 0000:00:1e.0: enabling device (0005 -> 0007)
[    1.291745] yenta_cardbus 0000:15:00.0: CardBus bridge found [17aa:201c]
[    1.416431] ata1: SATA link up 1.5 Gbps (SStatus 113 SControl 300)
[    1.467051] ata1.00: ACPI cmd ef/02:00:00:00:00:a0 (SET FEATURES) succeeded
[    1.467055] ata1.00: ACPI cmd f5/00:00:00:00:00:a0 (SECURITY FREEZE LOCK) filtered out
[    1.467060] ata1.00: ACPI cmd ef/10:03:00:00:00:a0 (SET FEATURES) filtered out
[    1.511047] ata1.00: ATA-9: ST1000LM014-1EJ164, SM11, max UDMA/133
[    1.511050] ata1.00: 1953525168 sectors, multi 16: LBA48 NCQ (depth 32), AA
[    1.555746] ata1.00: ACPI cmd ef/02:00:00:00:00:a0 (SET FEATURES) succeeded
[    1.555751] ata1.00: ACPI cmd f5/00:00:00:00:00:a0 (SECURITY FREEZE LOCK) filtered out
[    1.555755] ata1.00: ACPI cmd ef/10:03:00:00:00:a0 (SET FEATURES) filtered out
[    1.599806] ata1.00: configured for UDMA/133
[    1.815499] Console: switching to colour frame buffer device 102x42
[    1.938743] i915 0000:00:02.0: fb0: inteldrmfb frame buffer device
[    1.942161] scsi 0:0:0:0: Direct-Access     ATA      ST1000LM014-1EJ1 SM11 PQ: 0 ANSI: 5
[    1.945811] sd 0:0:0:0: [sda] 1953525168 512-byte logical blocks: (1.00 TB/932 GiB)
[    1.945893] sd 0:0:0:0: Attached scsi generic sg0 type 0
[    1.948338] sd 0:0:0:0: [sda] 4096-byte physical blocks
[    1.953387] sd 0:0:0:0: [sda] Write Protect is off
[    1.955790] sd 0:0:0:0: [sda] Mode Sense: 00 3a 00 00
[    1.955923] sd 0:0:0:0: [sda] Write cache: enabled, read cache: enabled, doesn't support DPO or FUA
[    1.960415]  sda: sda1 sda2 sda3 sda4
[    1.965596] sd 0:0:0:0: [sda] Attached SCSI disk
[    2.105060] yenta_cardbus 0000:15:00.0: ISA IRQ mask 0x0cb8, PCI irq 16
[    2.107581] yenta_cardbus 0000:15:00.0: Socket status: 30000006
[    2.110061] yenta_cardbus 0000:15:00.0: pcmcia: parent PCI bridge window: [io  0x9000-0xcfff]
[    2.112520] yenta_cardbus 0000:15:00.0: pcmcia: parent PCI bridge window: [mem 0xe4300000-0xe7ffffff]
[    2.114957] pcmcia_socket pcmcia_socket0: cs: memory probe 0xe4300000-0xe7ffffff:
[    2.117408]  excluding 0xe4300000-0xe46cffff
[    2.119860] yenta_cardbus 0000:15:00.0: pcmcia: parent PCI bridge window: [mem 0xe0000000-0xe3ffffff 64bit pref]
[    2.122448] pcmcia_socket pcmcia_socket0: cs: memory probe 0xe0000000-0xe3ffffff:
[    2.125085]  excluding 0xe0000000-0xe3ffffff
[    2.128707] ehci_hcd: USB 2.0 'Enhanced' Host Controller (EHCI) Driver
[    2.131309] ehci-pci: EHCI PCI platform driver
[    2.134472] ehci-pci 0000:00:1d.7: EHCI Host Controller
[    2.137761] ehci-pci 0000:00:1d.7: new USB bus registered, assigned bus number 1
[    2.140601] ehci-pci 0000:00:1d.7: debug port 1
[    2.147346] ehci-pci 0000:00:1d.7: cache line size of 64 is not supported
[    2.147403] ehci-pci 0000:00:1d.7: irq 19, io mem 0xee444000
[    2.164265] ehci-pci 0000:00:1d.7: USB 2.0 started, EHCI 1.00
[    2.167654] usb usb1: New USB device found, idVendor=1d6b, idProduct=0002, bcdDevice= 5.00
[    2.170610] usb usb1: New USB device strings: Mfr=3, Product=2, SerialNumber=1
[    2.173517] usb usb1: Product: EHCI Host Controller
[    2.176378] usb usb1: Manufacturer: Linux 5.0.0-rc6-next-20190215+ ehci_hcd
[    2.179243] usb usb1: SerialNumber: 0000:00:1d.7
[    2.182821] hub 1-0:1.0: USB hub found
[    2.185748] hub 1-0:1.0: 8 ports detected
[    2.190548] ohci_hcd: USB 1.1 'Open' Host Controller (OHCI) Driver
[    2.193324] ohci-pci: OHCI PCI platform driver
[    2.196106] uhci_hcd: USB Universal Host Controller Interface driver
[    2.199400] uhci_hcd 0000:00:1d.0: UHCI Host Controller
[    2.202410] uhci_hcd 0000:00:1d.0: new USB bus registered, assigned bus number 2
[    2.205224] uhci_hcd 0000:00:1d.0: detected 2 ports
[    2.207936] uhci_hcd 0000:00:1d.0: irq 16, io base 0x00001820
[    2.211080] usb usb2: New USB device found, idVendor=1d6b, idProduct=0001, bcdDevice= 5.00
[    2.213858] usb usb2: New USB device strings: Mfr=3, Product=2, SerialNumber=1
[    2.216609] usb usb2: Product: UHCI Host Controller
[    2.219334] usb usb2: Manufacturer: Linux 5.0.0-rc6-next-20190215+ uhci_hcd
[    2.222089] usb usb2: SerialNumber: 0000:00:1d.0
[    2.225338] hub 2-0:1.0: USB hub found
[    2.228073] hub 2-0:1.0: 2 ports detected
[    2.231782] uhci_hcd 0000:00:1d.1: UHCI Host Controller
[    2.234668] uhci_hcd 0000:00:1d.1: new USB bus registered, assigned bus number 3
[    2.237343] uhci_hcd 0000:00:1d.1: detected 2 ports
[    2.239981] uhci_hcd 0000:00:1d.1: irq 17, io base 0x00001840
[    2.242983] usb usb3: New USB device found, idVendor=1d6b, idProduct=0001, bcdDevice= 5.00
[    2.245650] usb usb3: New USB device strings: Mfr=3, Product=2, SerialNumber=1
[    2.248178] usb usb3: Product: UHCI Host Controller
[    2.250620] usb usb3: Manufacturer: Linux 5.0.0-rc6-next-20190215+ uhci_hcd
[    2.253078] usb usb3: SerialNumber: 0000:00:1d.1
[    2.256092] hub 3-0:1.0: USB hub found
[    2.258583] hub 3-0:1.0: 2 ports detected
[    2.262142] uhci_hcd 0000:00:1d.2: UHCI Host Controller
[    2.264761] uhci_hcd 0000:00:1d.2: new USB bus registered, assigned bus number 4
[    2.267159] uhci_hcd 0000:00:1d.2: detected 2 ports
[    2.269609] uhci_hcd 0000:00:1d.2: irq 18, io base 0x00001860
[    2.272464] usb usb4: New USB device found, idVendor=1d6b, idProduct=0001, bcdDevice= 5.00
[    2.274898] usb usb4: New USB device strings: Mfr=3, Product=2, SerialNumber=1
[    2.277335] usb usb4: Product: UHCI Host Controller
[    2.279697] usb usb4: Manufacturer: Linux 5.0.0-rc6-next-20190215+ uhci_hcd
[    2.282111] usb usb4: SerialNumber: 0000:00:1d.2
[    2.285102] hub 4-0:1.0: USB hub found
[    2.287551] hub 4-0:1.0: 2 ports detected
[    2.291063] uhci_hcd 0000:00:1d.3: UHCI Host Controller
[    2.293706] uhci_hcd 0000:00:1d.3: new USB bus registered, assigned bus number 5
[    2.296112] uhci_hcd 0000:00:1d.3: detected 2 ports
[    2.298527] uhci_hcd 0000:00:1d.3: irq 19, io base 0x00001880
[    2.301288] usb usb5: New USB device found, idVendor=1d6b, idProduct=0001, bcdDevice= 5.00
[    2.303700] usb usb5: New USB device strings: Mfr=3, Product=2, SerialNumber=1
[    2.306124] usb usb5: Product: UHCI Host Controller
[    2.308550] usb usb5: Manufacturer: Linux 5.0.0-rc6-next-20190215+ uhci_hcd
[    2.310944] usb usb5: SerialNumber: 0000:00:1d.3
[    2.313901] hub 5-0:1.0: USB hub found
[    2.316348] hub 5-0:1.0: 2 ports detected
[    2.319568] usbcore: registered new interface driver cdc_acm
[    2.321860] cdc_acm: USB Abstract Control Model driver for USB modems and ISDN adapters
[    2.324288] usbcore: registered new interface driver usblp
[    2.326757] usbcore: registered new interface driver usb-storage
[    2.329161] usbcore: registered new interface driver ums-sddr09
[    2.331604] usbcore: registered new interface driver usbserial_generic
[    2.333963] usbserial: USB Serial support registered for generic
[    2.336332] usbcore: registered new interface driver ch341
[    2.338621] usbserial: USB Serial support registered for ch341-uart
[    2.340958] usbcore: registered new interface driver ftdi_sio
[    2.343241] usbserial: USB Serial support registered for FTDI USB Serial Device
[    2.345751] usbcore: registered new interface driver option
[    2.348071] usbserial: USB Serial support registered for GSM modem (1-port)
[    2.350582] usbcore: registered new interface driver pl2303
[    2.353011] usbserial: USB Serial support registered for pl2303
[    2.355459] usbcore: registered new interface driver ti_usb_3410_5052
[    2.357916] usbserial: USB Serial support registered for TI USB 3410 1 port adapter
[    2.360424] usbserial: USB Serial support registered for TI USB 5052 2 port adapter
[    2.362857] ftdi_elan: driver ftdi-elan
[    2.365271] usbcore: registered new interface driver ftdi-elan
[    2.367846] i8042: PNP: PS/2 Controller [PNP0303:KBD,PNP0f13:MOU] at 0x60,0x64 irq 1,12
[    2.379826] serio: i8042 KBD port at 0x60,0x64 irq 1
[    2.382295] serio: i8042 AUX port at 0x60,0x64 irq 12
[    2.385512] mousedev: PS/2 mouse device common for all mice
[    2.389072] input: PC Speaker as /devices/platform/pcspkr/input/input4
[    2.392153] rtc_cmos 00:02: RTC can wake from S4
[    2.395144] rtc_cmos 00:02: registered as rtc0
[    2.397759] rtc_cmos 00:02: alarms up to one month, y3k, 114 bytes nvram, hpet irqs
[    2.400416] usbcore: registered new interface driver uvcvideo
[    2.402904] USB Video Class driver (1.1.1)
[    2.405338] gspca_main: v2.14.0 registered
[    2.407796] usbcore: registered new interface driver sq930x
[    2.411507] device-mapper: ioctl: 4.39.0-ioctl (2018-04-03) initialised: dm-devel@redhat.com
[    2.414060] Bluetooth: HCI UART driver ver 2.3
[    2.415180] input: AT Translated Set 2 keyboard as /devices/platform/i8042/serio0/input/input5
[    2.416540] Bluetooth: HCI UART protocol H4 registered
[    2.416542] Bluetooth: HCI UART protocol BCSP registered
[    2.416651] usbcore: registered new interface driver btusb
[    2.427031] intel_pstate: CPU ID not supported
[    2.429630] sdhci: Secure Digital Host Controller Interface driver
[    2.432242] sdhci: Copyright(c) Pierre Ossman
[    2.434907] sdhci-pci 0000:15:00.2: SDHCI controller found [1180:0822] (rev 18)
[    2.437984] sdhci-pci 0000:15:00.2: Will use DMA mode even though HW doesn't fully claim to support it.
[    2.441276] mmc0 bounce up to 128 segments into one, max segment size 65536 bytes
[    2.444101] sdhci-pci 0000:15:00.2: Will use DMA mode even though HW doesn't fully claim to support it.
[    2.447964] mmc0: SDHCI controller on PCI [0000:15:00.2] using DMA
[    2.451073] hidraw: raw HID events driver (C) Jiri Kosina
[    2.455257] usbcore: registered new interface driver usbhid
[    2.458122] usbhid: USB HID core driver
[    2.461767] thinkpad_acpi: ThinkPad ACPI Extras v0.26
[    2.464559] thinkpad_acpi: http://ibm-acpi.sf.net/
[    2.467278] thinkpad_acpi: ThinkPad BIOS 7BETD8WW (2.19 ), EC 7BHT40WW-1.13
[    2.470048] thinkpad_acpi: Lenovo ThinkPad X60, model 17097HU
[    2.479010] thinkpad_acpi: ACPI backlight control delay disabled
[    2.482200] thinkpad_acpi: radio switch found; radios are enabled
[    2.484994] thinkpad_acpi: This ThinkPad has standard ACPI backlight brightness control, supported by the ACPI video driver
[    2.490619] thinkpad_acpi: Disabling thinkpad-acpi brightness events by default...
[    2.504766] thinkpad_acpi: rfkill switch tpacpi_bluetooth_sw: radio is unblocked
[    2.510252] thinkpad_acpi: warning: userspace override of important firmware LEDs is enabled
[    2.518392] thinkpad_acpi: Standard ACPI backlight interface available, not loading native one
[    2.521377] thinkpad_acpi: volume: disabled as there is no ALSA support in this kernel
[    2.525532] thinkpad_acpi: battery 1 registered (start 0, stop 0)
[    2.525541] battery: new extension: ThinkPad Battery Extension
[    2.531706] input: ThinkPad Extra Buttons as /devices/platform/thinkpad_acpi/input/input8
[    2.537646] sdhci-pci 0000:15:00.2: Will use DMA mode even though HW doesn't fully claim to support it.
[    2.538801] snd_hda_intel 0000:00:1b.0: probe_mask set to 0x1 for device 17aa:2010
[    2.544453] usbcore: registered new interface driver snd-usb-audio
[    2.550228] NET: Registered protocol family 17
[    2.553849] Bluetooth: RFCOMM TTY layer initialized
[    2.556912] Bluetooth: RFCOMM socket layer initialized
[    2.559886] Bluetooth: RFCOMM ver 1.11
[    2.562776] Bluetooth: BNEP (Ethernet Emulation) ver 1.3
[    2.565708] Bluetooth: BNEP filters: protocol multicast
[    2.568611] Bluetooth: BNEP socket layer initialized
[    2.571553] Bluetooth: HIDP (Human Interface Emulation) ver 1.2
[    2.574449] Bluetooth: HIDP socket layer initialized
[    2.577711] microcode: sig=0x6e8, pf=0x20, revision=0x39
[    2.580966] microcode: Microcode Update Driver: v2.2.
[    2.580971] Using IPI No-Shortcut mode
[    2.587565] Loading compiled-in X.509 certificates
[    2.591821] Key type encrypted registered
[    2.595694] rtc_cmos 00:02: setting system clock to 2019-02-17T20:57:07 UTC (1550437027)
[    2.601754] cfg80211: Loading compiled-in X.509 certificates for regulatory database
[    2.605999] snd_hda_codec_analog hdaudioC0D0: autoconfig for AD1981: line_outs=1 (0x5/0x0/0x0/0x0/0x0) type:speaker
[    2.607797] cfg80211: Loaded X.509 cert 'sforshee: 00b28ddf47aef9cea7'
[    2.611634] snd_hda_codec_analog hdaudioC0D0:    speaker_outs=0 (0x0/0x0/0x0/0x0/0x0)
[    2.611639] snd_hda_codec_analog hdaudioC0D0:    hp_outs=0 (0x0/0x0/0x0/0x0/0x0)
[    2.611642] snd_hda_codec_analog hdaudioC0D0:    mono: mono_out=0x0
[    2.615017] platform regulatory.0: Direct firmware load for regulatory.db failed with error -2
[    2.617647] snd_hda_codec_analog hdaudioC0D0:    inputs:
[    2.620546] cfg80211: failed to load regulatory.db
[    2.623412] snd_hda_codec_analog hdaudioC0D0:      Mic=0x8
[    2.626475] PM: Image not found (code -22)
[    2.629418] snd_hda_codec_analog hdaudioC0D0:      CD=0x19
[    2.632148] ALSA device list:
[    2.640326]   No soundcards found.
[    2.643739] sdhci-pci 0000:15:00.2: Will use DMA mode even though HW doesn't fully claim to support it.
[    2.721763] sdhci-pci 0000:15:00.2: Will use DMA mode even though HW doesn't fully claim to support it.
[    2.788294] usb 5-1: new full-speed USB device number 2 using uhci_hcd
[    2.805780] sdhci-pci 0000:15:00.2: Will use DMA mode even though HW doesn't fully claim to support it.
[    2.981667] usb 5-1: New USB device found, idVendor=0a5c, idProduct=2110, bcdDevice= 1.00
[    2.986495] usb 5-1: New USB device strings: Mfr=1, Product=2, SerialNumber=0
[    2.991186] usb 5-1: Product: BCM2045B
[    2.995727] usb 5-1: Manufacturer: Broadcom Corp
[    3.105344] psmouse serio1: trackpoint: IBM TrackPoint firmware: 0x0e, buttons: 3/3
[    3.127619] input: TPPS/2 IBM TrackPoint as /devices/platform/i8042/serio1/input/input7
[    3.135331] md: Waiting for all devices to be available before autodetect
[    3.138992] md: If you don't use raid, use raid=noautodetect
[    3.143613] md: Autodetecting RAID arrays.
[    3.146410] md: autorun ...
[    3.149181] md: ... autorun DONE.
[    3.184104] EXT4-fs (sda4): mounted filesystem with ordered data mode. Opts: (null)
[    3.189223] VFS: Mounted root (ext4 filesystem) readonly on device 8:4.
[    3.194951] devtmpfs: mounted
[    3.199511] Freeing unused kernel image memory: 644K
[    3.212420] Write protecting kernel text and read-only data: 17248k
[    3.216263] NX-protecting the kernel data: 8092k
[    3.221245] x86/mm: Checked W+X mappings: passed, no W+X pages found.
[    3.225059] rodata_test: all tests were successful
[    3.228855] x86/mm: Checking user space page tables
[    3.232603] x86/mm: Checked W+X mappings: passed, no W+X pages found.
[    3.235337] Run /sbin/init as init process
[    3.643935] random: systemd: uninitialized urandom read (16 bytes read)
[    3.651269] systemd[1]: systemd 215 running in system mode. (+PAM +AUDIT +SELINUX +IMA +SYSVINIT +LIBCRYPTSETUP +GCRYPT +ACL +XZ -SECCOMP -APPARMOR)
[    3.680492] systemd[1]: Detected architecture 'x86'.
[    3.819921] systemd[1]: Failed to insert module 'ipv6'
[    3.832133] systemd[1]: Set hostname to <amd>.
[    3.884335] usb 5-2: new full-speed USB device number 3 using uhci_hcd
[    3.982306] random: systemd-sysv-ge: uninitialized urandom read (16 bytes read)
[    4.080671] usb 5-2: New USB device found, idVendor=0483, idProduct=2016, bcdDevice= 0.01
[    4.085293] usb 5-2: New USB device strings: Mfr=1, Product=2, SerialNumber=0
[    4.090317] usb 5-2: Product: Biometric Coprocessor
[    4.095167] usb 5-2: Manufacturer: STMicroelectronics
[    4.605820] random: systemd-sysv-ge: uninitialized urandom read (16 bytes read)
[    4.739025] urandom_read: 3 callbacks suppressed
[    4.739029] random: systemd: uninitialized urandom read (16 bytes read)
[    4.748996] random: systemd: uninitialized urandom read (16 bytes read)
[    4.751863] random: systemd: uninitialized urandom read (16 bytes read)
[    5.179064] systemd[1]: Binding to IPv6 address not available since kernel does not support IPv6.
[    5.182710] systemd[1]: [/lib/systemd/system/gpsd.socket:6] Failed to parse address value, ignoring: [::1]:2947
[    5.195826] systemd[1]: Starting Forward Password Requests to Wall Directory Watch.
[    5.200273] systemd[1]: Started Forward Password Requests to Wall Directory Watch.
[    5.203986] systemd[1]: Starting Remote File Systems (Pre).
[    5.212638] systemd[1]: Reached target Remote File Systems (Pre).
[    5.840726] systemd-udevd[2369]: starting version 215
[    6.176355] random: crng init done
[    6.179166] random: 1 urandom warning(s) missed due to ratelimiting
[    6.895334] EXT4-fs (sda4): re-mounted. Opts: errors=remount-ro
[    7.247259] e1000e 0000:02:00.0 eth1: renamed from eth0
[    7.257141] systemd-udevd[2438]: renamed network interface eth0 to eth1
[    8.869085] Adding 2097148k swap on /dev/sda1.  Priority:-2 extents:1 across:2097148k 
[    9.288341] EXT4-fs (sda2): mounted filesystem with ordered data mode. Opts: errors=remount-ro
[    9.398087] systemd-journald[2365]: Received request to flush runtime journal from PID 1
[   15.708032] iwl3945 0000:03:00.0: loaded firmware version 15.32.2.9
[   79.222470] wlan0: authenticate with 5c:f4:ab:10:d2:bb
[   79.225443] wlan0: send auth to 5c:f4:ab:10:d2:bb (try 1/3)
[   79.227385] wlan0: authenticated
[   79.231165] wlan0: associate with 5c:f4:ab:10:d2:bb (try 1/3)
[   79.235138] wlan0: RX AssocResp from 5c:f4:ab:10:d2:bb (capab=0x411 status=0 aid=1)
[   79.240849] wlan0: associated
