[    0.000000] Booting Linux on physical CPU 0x0
[    0.000000] Linux version 4.17.0-rc3-74202-gee7e5f8-dirty (pavel@amd) (gcc version 4.7.2 (GCC)) #644 SMP Thu May 3 08:17:32 CEST 2018
[    0.000000] CPU: ARMv7 Processor [411fc093] revision 3 (ARMv7), cr=10c5387d
[    0.000000] CPU: PIPT / VIPT nonaliasing data cache, VIPT aliasing instruction cache
[    0.000000] OF: fdt: Machine model: Motorola Droid 4 XT894
[    0.000000] earlycon: omap8250 at MMIO 0x48020000 (options '')
[    0.000000] bootconsole [omap8250] enabled
[    0.000000] Memory policy: Data cache writealloc
[    0.000000] cma: Reserved 16 MiB at 0xbe800000
[    0.000000] OMAP4: Map 0xbfb00000 to (ptrval) for dram barrier
[    0.000000] On node 0 totalpages: 260864
[    0.000000]   Normal zone: 1728 pages used for memmap
[    0.000000]   Normal zone: 0 pages reserved
[    0.000000]   Normal zone: 196608 pages, LIFO batch:31
[    0.000000]   HighMem zone: 64256 pages, LIFO batch:15
[    0.000000] OMAP4430 ES2.3
[    0.000000] percpu: Embedded 16 pages/cpu @(ptrval) s36864 r8192 d20480 u65536
[    0.000000] pcpu-alloc: s36864 r8192 d20480 u65536 alloc=16*4096
[    0.000000] pcpu-alloc: [0] 0 [0] 1 
[    0.000000] Built 1 zonelists, mobility grouping on.  Total pages: 259136
[    0.000000] Kernel command line: root=/dev/mmcblk0p2 drm.debug=8 rootwait=10 rootdelay=10 console=tty0 console=ttyS2,115200 fbcon=rotate:1 debug earlyprintk earlycon
[    0.000000] Dentry cache hash table entries: 131072 (order: 7, 524288 bytes)
[    0.000000] Inode-cache hash table entries: 65536 (order: 6, 262144 bytes)
[    0.000000] Memory: 994096K/1043456K available (9216K kernel code, 756K rwdata, 3032K rodata, 1024K init, 7464K bss, 32976K reserved, 16384K cma-reserved, 240640K highmem)
[    0.000000] Virtual kernel memory layout:
                   vector  : 0xffff0000 - 0xffff1000   (   4 kB)
                   fixmap  : 0xffc00000 - 0xfff00000   (3072 kB)
                   vmalloc : 0xf0800000 - 0xff800000   ( 240 MB)
                   lowmem  : 0xc0000000 - 0xf0000000   ( 768 MB)
                   pkmap   : 0xbfe00000 - 0xc0000000   (   2 MB)
                   modules : 0xbf000000 - 0xbfe00000   (  14 MB)
                     .text : 0x(ptrval) - 0x(ptrval)   (10208 kB)
                     .init : 0x(ptrval) - 0x(ptrval)   (1024 kB)
                     .data : 0x(ptrval) - 0x(ptrval)   ( 757 kB)
                      .bss : 0x(ptrval) - 0x(ptrval)   (7465 kB)
[    0.000000] Running RCU self tests
[    0.000000] Hierarchical RCU implementation.
[    0.000000] 	RCU event tracing is enabled.
[    0.000000] 	RCU lockdep checking is enabled.
[    0.000000] NR_IRQS: 16, nr_irqs: 16, preallocated irqs: 16
[    0.000000] L2C: platform modifies aux control register: 0x5e470000 -> 0x7e470000
[    0.000000] L2C: DT/platform modifies aux control register: 0x5e470000 -> 0x7e470000
[    0.000000] L2C-310 erratum 727915 enabled
[    0.000000] L2C-310 enabling early BRESP for Cortex-A9
[    0.000000] L2C-310 ID prefetch enabled, offset 8 lines
[    0.000000] L2C-310 cache controller enabled, 16 ways, 1024 kB
[    0.000000] L2C-310: CACHE_ID 0x410000c4, AUX_CTRL 0x7e470000
[    0.000000] OMAP clockevent source: timer1 at 32768 Hz
[    0.000000] clocksource: 32k_counter: mask: 0xffffffff max_cycles: 0xffffffff, max_idle_ns: 58327039986419 ns
[    0.000030] sched_clock: 32 bits at 32kHz, resolution 30517ns, wraps every 65535999984741ns
[    0.008636] OMAP clocksource: 32k_counter at 32768 Hz
[    0.015655] Console: colour dummy device 80x30
[    0.023468] console [tty0] enabled
[    0.027038] Lock dependency validator: Copyright (c) 2006 Red Hat, Inc., Ingo Molnar
[    0.035095] ... MAX_LOCKDEP_SUBCLASSES:  8
[    0.039398] ... MAX_LOCK_DEPTH:          48
[    0.043762] ... MAX_LOCKDEP_KEYS:        8191
[    0.048278] ... CLASSHASH_SIZE:          4096
[    0.052825] ... MAX_LOCKDEP_ENTRIES:     32768
[    0.057464] ... MAX_LOCKDEP_CHAINS:      65536
[    0.062103] ... CHAINHASH_SIZE:          32768
[    0.066711]  memory used by lock dependency info: 4655 kB
[    0.072357]  per task-struct memory footprint: 1536 bytes
[    0.078002] Calibrating delay loop... 1594.16 BogoMIPS (lpj=7970816)
[    0.165954] pid_max: default: 32768 minimum: 301
[    0.171234] Security Framework initialized
[    0.175628] Mount-cache hash table entries: 2048 (order: 1, 8192 bytes)
[    0.182556] Mountpoint-cache hash table entries: 2048 (order: 1, 8192 bytes)
[    0.193420] CPU: Testing write buffer coherency: ok
[    0.200134] CPU0: thread -1, cpu 0, socket 0, mpidr 80000000
[    0.206024] smp: CPU1 parked within kernel, needs reset (0x80011ba8 0x80067478)
[    0.215576] Setting up static identity map for 0x80100000 - 0x80100078
[    0.222991] Hierarchical SRCU implementation.
[    0.229583] smp: Bringing up secondary CPUs ...
[    0.269317] CPU1: thread -1, cpu 1, socket 0, mpidr 80000001
[    0.270233] smp: Brought up 1 node, 2 CPUs
[    0.280609] SMP: Total of 2 processors activated (3188.32 BogoMIPS).
[    0.287200] CPU: All CPU(s) started in SVC mode.
[    0.295410] devtmpfs: initialized
[    0.342346] Built 1 zonelists, mobility grouping on.  Total pages: 252620
[    0.349731] random: get_random_u32 called from bucket_table_alloc+0x7c/0x1b4 with crng_init=0
[    0.359649] VFP support v0.3: implementor 41 architecture 3 part 30 variant 9 rev 4
[    0.370269] clocksource: jiffies: mask: 0xffffffff max_cycles: 0xffffffff, max_idle_ns: 19112604462750000 ns
[    0.380584] futex hash table entries: 512 (order: 3, 32768 bytes)
[    0.387878] pinctrl core: initialized pinctrl subsystem
[    0.398010] NET: Registered protocol family 16
[    0.408477] DMA: preallocated 256 KiB pool for atomic coherent allocations
[    0.421264] omap_hwmod: l3_main_3 using broken dt data from ocp
[    0.432678] omap_hwmod: l3_main_2 using broken dt data from ocp
[    0.580535] l4_per_cm:clk:0120:0: failed to disable
[    0.590850] cpuidle: using governor menu
[    0.616699] gpio gpiochip0: (gpio-0-31): added GPIO chardev (254:0)
[    0.623718] gpiochip_setup_dev: registered GPIOs 0 to 31 on device: gpiochip0 (gpio-0-31)
[    0.632415] OMAP GPIO hardware version 0.1
[    0.638397] gpio gpiochip1: (gpio-32-63): added GPIO chardev (254:1)
[    0.645263] gpiochip_setup_dev: registered GPIOs 32 to 63 on device: gpiochip1 (gpio-32-63)
[    0.655517] gpio gpiochip2: (gpio-64-95): added GPIO chardev (254:2)
[    0.662384] gpiochip_setup_dev: registered GPIOs 64 to 95 on device: gpiochip2 (gpio-64-95)
[    0.672607] gpio gpiochip3: (gpio-96-127): added GPIO chardev (254:3)
[    0.679565] gpiochip_setup_dev: registered GPIOs 96 to 127 on device: gpiochip3 (gpio-96-127)
[    0.690002] gpio gpiochip4: (gpio-128-159): added GPIO chardev (254:4)
[    0.696990] gpiochip_setup_dev: registered GPIOs 128 to 159 on device: gpiochip4 (gpio-128-159)
[    0.707641] gpio gpiochip5: (gpio-160-191): added GPIO chardev (254:5)
[    0.714691] gpiochip_setup_dev: registered GPIOs 160 to 191 on device: gpiochip5 (gpio-160-191)
[    0.725280] omap-gpmc 50000000.gpmc: GPMC revision 6.0
[    0.730865] gpmc_mem_init: disabling cs 0 mapped at 0x0-0x1000000
[    0.737274] gpiochip_find_base: found new base at 508
[    0.743011] gpio gpiochip6: (omap-gpmc): added GPIO chardev (254:6)
[    0.749755] gpiochip_setup_dev: registered GPIOs 508 to 511 on device: gpiochip6 (omap-gpmc)
[    0.801208] No ATAGs?
[    0.801483] hw-breakpoint: Failed to enable monitor mode on CPU 0.
[    0.813171] OMAP DMA hardware revision 0.0
[    0.870330] omap-dma-engine 4a056000.dma-controller: OMAP DMA engine driver (LinkedList1/2/3 supported)
[    0.882415] of_get_named_gpiod_flags: parsed 'gpio' property of node '/regulator-hdmi[0]' - status (0)
[    0.893157] of_get_named_gpiod_flags: parsed 'gpio' property of node '/regulator-lcd[0]' - status (0)
[    0.903625] of_get_named_gpiod_flags: parsed 'gpio' property of node '/regulator-wl12xx[0]' - status (0)
[    0.918243] omap-iommu 4a066000.mmu: 4a066000.mmu registered
[    0.924774] omap-iommu 55082000.mmu: 55082000.mmu registered
[    0.933624] usbcore: registered new interface driver usbfs
[    0.939605] usbcore: registered new interface driver hub
[    0.945281] usbcore: registered new device driver usb
[    0.951141] usb_phy_generic usb-phy@2: GPIO lookup for consumer reset
[    0.957855] usb_phy_generic usb-phy@2: using device tree for GPIO lookup
[    0.964904] of_get_named_gpiod_flags: can't parse 'reset-gpios' property of node '/usb-phy@2[0]'
[    0.974121] of_get_named_gpiod_flags: can't parse 'reset-gpio' property of node '/usb-phy@2[0]'
[    0.983215] usb_phy_generic usb-phy@2: using lookup tables for GPIO lookup
[    0.990539] usb_phy_generic usb-phy@2: No GPIO consumer reset found
[    0.997070] usb_phy_generic usb-phy@2: GPIO lookup for consumer vbus-detect
[    1.004364] usb_phy_generic usb-phy@2: using device tree for GPIO lookup
[    1.011413] of_get_named_gpiod_flags: can't parse 'vbus-detect-gpios' property of node '/usb-phy@2[0]'
[    1.021179] of_get_named_gpiod_flags: can't parse 'vbus-detect-gpio' property of node '/usb-phy@2[0]'
[    1.030822] usb_phy_generic usb-phy@2: using lookup tables for GPIO lookup
[    1.037963] usb_phy_generic usb-phy@2: No GPIO consumer vbus-detect found
[    1.045257] usb_phy_generic usb-phy@2: usb-phy@2 supply vcc not found, using dummy regulator
[    1.058013] omap_i2c 48070000.i2c: bus 0 rev0.10 at 100 kHz
[    1.065734] omap_i2c 48072000.i2c: bus 1 rev0.10 at 100 kHz
[    1.072662] omap_i2c 48060000.i2c: bus 2 rev0.10 at 100 kHz
[    1.080078] omap_i2c 48350000.i2c: bus 3 rev0.10 at 100 kHz
[    1.086364] Linux video capture interface: v2.00
[    1.092224] Advanced Linux Sound Architecture Driver Initialized.
[    1.100769] Bluetooth: Core ver 2.22
[    1.104583] NET: Registered protocol family 31
[    1.109222] Bluetooth: HCI device and connection manager initialized
[    1.115997] Bluetooth: HCI socket layer initialized
[    1.121307] Bluetooth: L2CAP socket layer initialized
[    1.126739] Bluetooth: SCO socket layer initialized
[    1.133911] clocksource: Switched to clocksource 32k_counter
[    1.378356] NET: Registered protocol family 2
[    1.385131] tcp_listen_portaddr_hash hash table entries: 512 (order: 2, 20480 bytes)
[    1.393402] TCP established hash table entries: 8192 (order: 3, 32768 bytes)
[    1.400939] TCP bind hash table entries: 8192 (order: 6, 294912 bytes)
[    1.409942] TCP: Hash tables configured (established 8192 bind 8192)
[    1.417266] UDP hash table entries: 512 (order: 3, 40960 bytes)
[    1.423736] UDP-Lite hash table entries: 512 (order: 3, 40960 bytes)
[    1.431243] NET: Registered protocol family 1
[    1.443481] hw perfevents: no irqs for PMU, sampling events not supported
[    1.451110] hw perfevents: enabled with armv7_cortex_a9 PMU driver, 7 counters available
[    1.464721] Initialise system trusted keyrings
[    1.470123] workingset: timestamp_bits=14 max_order=18 bucket_order=4
[    1.490722] jitterentropy: Initialization failed with host not compliant with requirements: 2
[    1.500732] Key type asymmetric registered
[    1.505279] Asymmetric key parser 'x509' registered
[    1.510589] bounce: pool size: 64 pages
[    1.514801] io scheduler noop registered
[    1.518951] io scheduler cfq registered (default)
[    1.535125] phy-mapphone-mdm6600 usb-phy@1: could not find pctldev for node /ocp/l4@4a000000/scm@100000/pinmux@40/pinmux_usb_mdm6600_pins, deferring probe
[    1.554229] pinctrl-single 4a100040.pinmux: 203 pins, size 406
[    1.561065] pinctrl-single 4a31e040.pinmux: 28 pins, size 56
[    1.581848] Serial: 8250/16550 driver, 6 ports, IRQ sharing enabled
[    1.602386] 4806a000.serial: ttyS0 at MMIO 0x4806a000 (irq = 32, base_baud = 3000000) is a 8250
[    1.614288] 4806c000.serial: ttyS1 at MMIO 0x4806c000 (irq = 33, base_baud = 3000000) is a 8250
[    1.625518] 48020000.serial: ttyS2 at MMIO 0x48020000 (irq = 34, base_baud = 3000000) is a 8250
[    1.635101] console [ttyS2] enabled
[    1.642303] bootconsole [omap8250] disabled
[    1.653594] 4806e000.serial: ttyS3 at MMIO 0x4806e000 (irq = 35, base_baud = 3000000) is a 8250
[    1.662933] serial serial0: tty port ttyS3 registered
[    1.672515] omapdss_dss 58000000.dss: 58000000.dss supply vdda_video not found, using dummy regulator
[    1.682342] DSS: OMAP DSS rev 4.0
[    1.691314] omapdss_dss 58000000.dss: bound 58001000.dispc (ops dispc_component_ops)
[    1.701416] omapdss_dss 58000000.dss: bound 58004000.encoder (ops dsi_component_ops)
[    1.712554] omapdss_dss 58000000.dss: bound 58006000.encoder (ops hdmi4_component_ops)
[    1.724609] of_get_named_gpiod_flags: parsed 'hpd-gpios' property of node '/connector[0]' - status (0)
[    1.737457] panel-dsi-cm 58004000.encoder:display: GPIO lookup for consumer reset
[    1.745178] panel-dsi-cm 58004000.encoder:display: using device tree for GPIO lookup
[    1.753082] of_get_named_gpiod_flags: parsed 'reset-gpios' property of node '/ocp/dss@58000000/encoder@58004000/display[0]' - status (0)
[    1.765624] gpio gpiochip3: Persistence not supported for GPIO 5
[    1.771728] panel-dsi-cm 58004000.encoder:display: GPIO lookup for consumer te
[    1.779144] panel-dsi-cm 58004000.encoder:display: using device tree for GPIO lookup
[    1.787109] of_get_named_gpiod_flags: can't parse 'te-gpios' property of node '/ocp/dss@58000000/encoder@58004000/display[0]'
[    1.798675] of_get_named_gpiod_flags: can't parse 'te-gpio' property of node '/ocp/dss@58000000/encoder@58004000/display[0]'
[    1.810119] panel-dsi-cm 58004000.encoder:display: using lookup tables for GPIO lookup
[    1.818237] panel-dsi-cm 58004000.encoder:display: No GPIO consumer te found
[    1.826446] Error: Driver 'tfp410' is already registered, aborting...
[    1.859558] brd: module loaded
[    1.885864] loop: module loaded
[    1.892639] of_get_named_gpiod_flags: parsed 'enable-gpios' property of node '/ocp/i2c@48070000/lm3532@38[0]' - status (0)
[    1.949432] cpcap-core spi0.0: CPCAP vendor: ST rev: 2.10 (1a)
[    1.970977] SW5: Bringing 0uV into 5050000-5050000uV
[    2.054565] VRF2: Bringing 0uV into 2775000-2775000uV
[    2.353942] cpcap-usb-phy cpcap-usb-phy.0: GPIO lookup for consumer mode
[    2.360778] cpcap-usb-phy cpcap-usb-phy.0: using device tree for GPIO lookup
[    2.368072] of_get_named_gpiod_flags: parsed 'mode-gpios' property of node '/ocp/spi@48098000/pmic@0/phy[0]' - status (0)
[    2.379333] gpio gpiochip1: Persistence not supported for GPIO 28
[    2.385589] cpcap-usb-phy cpcap-usb-phy.0: GPIO lookup for consumer mode
[    2.392425] cpcap-usb-phy cpcap-usb-phy.0: using device tree for GPIO lookup
[    2.399688] of_get_named_gpiod_flags: parsed 'mode-gpios' property of node '/ocp/spi@48098000/pmic@0/phy[1]' - status (0)
[    2.410888] gpio gpiochip0: Persistence not supported for GPIO 0
[    2.417114] cpcap-usb-phy cpcap-usb-phy.0: could not initialize VBUS or ID IIO: -517
[    2.435699] usbcore: registered new interface driver qmi_wwan
[    2.445709] ehci_hcd: USB 2.0 'Enhanced' Host Controller (EHCI) Driver
[    2.452362] ehci-omap: OMAP-EHCI Host Controller driver
[    2.458709] ehci-omap 4a064c00.ehci: EHCI Host Controller
[    2.465759] ehci-omap 4a064c00.ehci: new USB bus registered, assigned bus number 1
[    2.474365] ehci-omap 4a064c00.ehci: irq 147, io mem 0x4a064c00
[    2.503967] ehci-omap 4a064c00.ehci: USB 2.0 started, EHCI 1.00
[    2.511688] usb usb1: New USB device found, idVendor=1d6b, idProduct=0002, bcdDevice= 4.17
[    2.520324] usb usb1: New USB device strings: Mfr=3, Product=2, SerialNumber=1
[    2.527709] usb usb1: Product: EHCI Host Controller
[    2.532684] usb usb1: Manufacturer: Linux 4.17.0-rc3-74202-gee7e5f8-dirty ehci_hcd
[    2.540435] usb usb1: SerialNumber: 4a064c00.ehci
[    2.548248] hub 1-0:1.0: USB hub found
[    2.552398] hub 1-0:1.0: 3 ports detected
[    2.559906] ohci_hcd: USB 1.1 'Open' Host Controller (OHCI) Driver
[    2.566314] ohci-platform: OHCI generic platform driver
[    2.572906] usbcore: registered new interface driver cdc_wdm
[    2.578918] usbcore: registered new interface driver qcserial
[    2.585144] usbserial: USB Serial support registered for Qualcomm USB modem
[    2.594451] musb-hdrc musb-hdrc.1.auto: HS USB OTG: revision 0x50, sysconfig 0x100d, sysstatus 0x1, intrfsel 0x0, simenable  0x0
[    2.611938] using random self ethernet address
[    2.616699] using random host ethernet address
[    2.617034] mousedev: PS/2 mouse device common for all mice
[    2.622619] usb0: HOST MAC c2:d0:e8:72:6c:63
[    2.631744] usb0: MAC 62:07:16:8c:a1:f9
[    2.635803] using random self ethernet address
[    2.640319] using random host ethernet address
[    2.645111] input: 4a31c000.keypad as /devices/platform/44000000.ocp/4a31c000.keypad/input/input0
[    2.645477] g_ether gadget: Ethernet Gadget, version: Memorial Day 2008
[    2.657318] atmel_mxt_ts 1-004a: GPIO lookup for consumer reset
[    2.660949] g_ether gadget: g_ether ready
[    2.667022] atmel_mxt_ts 1-004a: using device tree for GPIO lookup
[    2.667083] of_get_named_gpiod_flags: parsed 'reset-gpios' property of node '/ocp/i2c@48072000/touchscreen@4a[0]' - status (0)
[    2.667114] gpio gpiochip5: Persistence not supported for GPIO 13
[    2.966674] atmel_mxt_ts 1-004a: Direct firmware load for maxtouch.cfg failed with error -2
[    2.977142] input: cpcap-pwrbutton as /devices/platform/44000000.ocp/48098000.spi/spi_master/spi0/spi0.0/cpcap-pwrbutton.0/input/input1
[    2.979797] atmel_mxt_ts 1-004a: Touchscreen size X1023Y1023
[    2.996063] input: Atmel maXTouch Touchscreen as /devices/platform/44000000.ocp/48072000.i2c/i2c-1/1-004a/input/input2
[    3.006744] cpcap-rtc cpcap-rtc.0: rtc core: registered cpcap_rtc as rtc0
[    3.017028] atmel_mxt_ts 1-004a: Family: 129 Variant: 1 Firmware V0.4.31 Objects: 18
[    3.018707] i2c /dev entries driver
[    3.031463] Driver for 1-wire Dallas network protocol.
[    3.053955] omap_hdq 480b2000.1w: OMAP HDQ Hardware Rev 0.6. Driver in Interrupt mode
[    3.064544] w1_master_driver w1_bus_master1: Attaching one wire slave 01.000000000000 crc 3d
[    3.065338] poweroff-gpio gpio-poweroff: GPIO lookup for consumer (null)
[    3.080169] poweroff-gpio gpio-poweroff: using device tree for GPIO lookup
[    3.087280] of_get_named_gpiod_flags: parsed 'gpios' property of node '/gpio-poweroff[0]' - status (0)
[    3.096832] gpio gpiochip1: Persistence not supported for GPIO 18
[    3.106933] w1_master_driver w1_bus_master1: Family 1 for 01.000000000000.3d is not registered.
[    3.108398] cpcap_battery cpcap_battery.0: could not initialize VBUS or ID IIO: -517
[    3.131530] w1_master_driver w1_bus_master1: Attaching one wire slave 01.000000000000 crc 3d
[    3.142333] (NULL device *): hwmon: 'bq27000-battery' is not a valid name attribute, please fix
[    3.151947] w1_slave_driver 01-000000000000: support enabled
[    3.157745] power_supply bq27000-battery: power_supply_get_battery_info currently only supports devicetree
[    3.375183] cpcap-charger cpcap-charger.0: could not initialize VBUS or ID IIO: -517
[    3.385803] Bluetooth: HCI UART driver ver 2.3
[    3.390350] Bluetooth: HCI UART protocol H4 registered
[    3.395874] Bluetooth: HCI UART protocol LL registered
[    3.396392] hci-ti serial0-0: GPIO lookup for consumer enable
[    3.403564] omap_hsmmc 4809c000.mmc: GPIO lookup for consumer cd
[    3.407104] hci-ti serial0-0: using device tree for GPIO lookup
[    3.413208] omap_hsmmc 4809c000.mmc: using device tree for GPIO lookup
[    3.419372] of_get_named_gpiod_flags: parsed 'enable-gpios' property of node '/ocp/serial@4806e000/bluetooth[0]' - status (0)
[    3.425994] of_get_named_gpiod_flags: parsed 'cd-gpios' property of node '/ocp/mmc@4809c000[0]' - status (0)
[    3.437530] gpio gpiochip5: Persistence not supported for GPIO 14
[    3.447509] gpio gpiochip5: Persistence not supported for GPIO 16
[    3.459960] omap_hsmmc 4809c000.mmc: Got CD GPIO
[    3.464752] omap_hsmmc 4809c000.mmc: GPIO lookup for consumer wp
[    3.470855] omap_hsmmc 4809c000.mmc: using device tree for GPIO lookup
[    3.477600] of_get_named_gpiod_flags: can't parse 'wp-gpios' property of node '/ocp/mmc@4809c000[0]'
[    3.486938] of_get_named_gpiod_flags: can't parse 'wp-gpio' property of node '/ocp/mmc@4809c000[0]'
[    3.496185] omap_hsmmc 4809c000.mmc: using lookup tables for GPIO lookup
[    3.503021] omap_hsmmc 4809c000.mmc: No GPIO consumer wp found
[    3.538421] omap_hsmmc 480b4000.mmc: GPIO lookup for consumer wp
[    3.544677] omap_hsmmc 480b4000.mmc: using device tree for GPIO lookup
[    3.551330] of_get_named_gpiod_flags: can't parse 'wp-gpios' property of node '/ocp/mmc@480b4000[0]'
[    3.560699] of_get_named_gpiod_flags: can't parse 'wp-gpio' property of node '/ocp/mmc@480b4000[0]'
[    3.569946] omap_hsmmc 480b4000.mmc: using lookup tables for GPIO lookup
[    3.576812] omap_hsmmc 480b4000.mmc: No GPIO consumer wp found
[    3.604400] hci-ti serial0-0: Direct firmware load for ti-connectivity/TIInit_10.6.15.bts failed with error -2
[    3.609802] omap_hsmmc 480ad000.mmc: GPIO lookup for consumer wp
[    3.614868] Bluetooth: hci0: request_firmware failed(errno -2) for ti-connectivity/TIInit_10.6.15.bts
[    3.620910] omap_hsmmc 480ad000.mmc: using device tree for GPIO lookup
[    3.630310] Bluetooth: hci0: download firmware failed, retrying...
[    3.637023] of_get_named_gpiod_flags: can't parse 'wp-gpios' property of node '/ocp/mmc@480ad000[0]'
[    3.652770] of_get_named_gpiod_flags: can't parse 'wp-gpio' property of node '/ocp/mmc@480ad000[0]'
[    3.662017] omap_hsmmc 480ad000.mmc: using lookup tables for GPIO lookup
[    3.668884] omap_hsmmc 480ad000.mmc: No GPIO consumer wp found
[    3.729492] mmc1: new high speed MMC card at address 0001
[    3.738098] mmcblk1: mmc1:0001 016G92 14.7 GiB 
[    3.743804] mmcblk1boot0: mmc1:0001 016G92 partition 1 4.00 MiB
[    3.750671] mmcblk1boot1: mmc1:0001 016G92 partition 2 4.00 MiB
[    3.758209] mmcblk1rpmb: mmc1:0001 016G92 partition 3 512 KiB, chardev (247:0)
[    3.774139]  mmcblk1: p1 p2 p3 p4 < p5 p6 p7 p8 p9 p10 p11 p12 p13 p14 p15 p16 p17 p18 p19 p20 p21 p22 p23 p24 p25 p26 >
[    3.791168] hci-ti serial0-0: Direct firmware load for ti-connectivity/TIInit_10.6.15.bts failed with error -2
[    3.795440] mmc0: host does not support reading read-only switch, assuming write-enable
[    3.801483] Bluetooth: hci0: request_firmware failed(errno -2) for ti-connectivity/TIInit_10.6.15.bts
[    3.810150] omap_hsmmc 480d1000.mmc: GPIO lookup for consumer cd
[    3.818939] Bluetooth: hci0: download firmware failed, retrying...
[    3.831512] omap_hsmmc 480d1000.mmc: using device tree for GPIO lookup
[    3.838226] of_get_named_gpiod_flags: can't parse 'cd-gpios' property of node '/ocp/mmc@480d1000[0]'
[    3.847564] of_get_named_gpiod_flags: can't parse 'cd-gpio' property of node '/ocp/mmc@480d1000[0]'
[    3.856811] omap_hsmmc 480d1000.mmc: using lookup tables for GPIO lookup
[    3.863647] omap_hsmmc 480d1000.mmc: No GPIO consumer cd found
[    3.869628] omap_hsmmc 480d1000.mmc: GPIO lookup for consumer wp
[    3.875793] omap_hsmmc 480d1000.mmc: using device tree for GPIO lookup
[    3.882446] of_get_named_gpiod_flags: can't parse 'wp-gpios' property of node '/ocp/mmc@480d1000[0]'
[    3.891784] of_get_named_gpiod_flags: can't parse 'wp-gpio' property of node '/ocp/mmc@480d1000[0]'
[    3.901031] omap_hsmmc 480d1000.mmc: using lookup tables for GPIO lookup
[    3.907897] omap_hsmmc 480d1000.mmc: No GPIO consumer wp found
[    3.916229] mmc0: new high speed SDHC card at address aaaa
[    3.923431] mmcblk0: mmc0:aaaa SS08G 7.40 GiB 
[    3.928680] hci-ti serial0-0: Direct firmware load for ti-connectivity/TIInit_10.6.15.bts failed with error -2
[    3.935913] mmcblk1: p25 size 16803584 extends beyond EOD, truncated
[    3.939025] Bluetooth: hci0: request_firmware failed(errno -2) for ti-connectivity/TIInit_10.6.15.bts
[    3.945770] omap_hsmmc 480ad000.mmc: card claims to support voltages below defined range
[    3.954864] Bluetooth: hci0: download firmware failed, retrying...
[    3.968475] omap_hsmmc 480d5000.mmc: GPIO lookup for consumer cd
[    3.970306] mmcblk1: p26 start 31104768 is beyond EOD, truncated
[    3.975646] omap_hsmmc 480d5000.mmc: using device tree for GPIO lookup
[    3.975677] of_get_named_gpiod_flags: can't parse 'cd-gpios' property of node '/ocp/mmc@480d5000[0]'
[    3.982177]  mmcblk0: p1 p2
[    3.988494] of_get_named_gpiod_flags: can't parse 'cd-gpio' property of node '/ocp/mmc@480d5000[0]'
[    3.988525] omap_hsmmc 480d5000.mmc: using lookup tables for GPIO lookup
[    4.012359] random: fast init done
[    4.016845] omap_hsmmc 480d5000.mmc: No GPIO consumer cd found
[    4.026245] omap_hsmmc 480d5000.mmc: GPIO lookup for consumer wp
[    4.032348] omap_hsmmc 480d5000.mmc: using device tree for GPIO lookup
[    4.032897] mmc2: new high speed SDIO card at address 0001
[    4.039062] of_get_named_gpiod_flags: can't parse 'wp-gpios' property of node '/ocp/mmc@480d5000[0]'
[    4.039093] of_get_named_gpiod_flags: can't parse 'wp-gpio' property of node '/ocp/mmc@480d5000[0]'
[    4.039093] omap_hsmmc 480d5000.mmc: using lookup tables for GPIO lookup
[    4.049560] wl12xx_driver wl12xx.2.auto: Direct firmware load for ti-connectivity/wl128x-nvs.bin failed with error -2
[    4.054077] omap_hsmmc 480d5000.mmc: No GPIO consumer wp found
[    4.070831] hci-ti serial0-0: Direct firmware load for ti-connectivity/TIInit_10.6.15.bts failed with error -2
[    4.097564] Bluetooth: hci0: request_firmware failed(errno -2) for ti-connectivity/TIInit_10.6.15.bts
[    4.106994] Bluetooth: hci0: download firmware failed, retrying...
[    4.113739] ledtrig-cpu: registered to indicate activity on CPUs
[    4.124328] usbcore: registered new interface driver usbhid
[    4.130035] usbhid: USB HID core driver
[    4.136108] emif_probe: error getting device data
[    4.141052] emif_probe: error getting device data
[    4.149353] st-accel-i2c 3-0018: 3-0018 supply vddio not found, using dummy regulator
[    4.189819] iio iio:device0: unsupported IRQ trigger specified (3), enforce rising edge
[    4.200195] iio iio:device0: registered accelerometer lis3dh
[    4.284454] cpcap_adc cpcap_adc.0: CPCAP ADC device probed
[    4.291931] isl29028 1-0044: No cache defaults, reading back from HW
[    4.303375] of_get_named_gpiod_flags: can't parse 'gpios' property of node '/ocp/i2c@48350000/magnetometer@c[0]'
[    4.313903] ak8975 3-000c: mounting matrix not found: using identity...
[    4.321166] ak8975 3-000c: 3-000c supply vid not found, using dummy regulator
[    4.336853] usbcore: registered new interface driver snd-usb-audio
[    4.347381] asoc-audio-graph-card soundcard: GPIO lookup for consumer pa
[    4.354309] asoc-audio-graph-card soundcard: using device tree for GPIO lookup
[    4.361694] of_get_named_gpiod_flags: can't parse 'pa-gpios' property of node '/soundcard[0]'
[    4.370422] of_get_named_gpiod_flags: can't parse 'pa-gpio' property of node '/soundcard[0]'
[    4.379058] asoc-audio-graph-card soundcard: using lookup tables for GPIO lookup
[    4.386657] asoc-audio-graph-card soundcard: No GPIO consumer pa found
[    4.399719] omapdss_hdmi 58006000.encoder: ASoC: Failed to create component debugfs directory
[    4.410095] omap-hdmi-audio omap-hdmi-audio.0.auto: snd-soc-dummy-dai <-> 58006000.encoder mapping ok
[    4.424926] oprofile: using arm/armv7-ca9
[    4.429901] NET: Registered protocol family 17
[    4.434844] twl: not initialized
[    4.438140] twl6030_uv_to_vsel:OUT OF RANGE! non mapped vsel for 1375000 Vs max 1316660
[    4.446350] twl6030_uv_to_vsel:OUT OF RANGE! non mapped vsel for 1375000 Vs max 1316660
[    4.454589] twl6030_uv_to_vsel:OUT OF RANGE! non mapped vsel for 1375000 Vs max 1316660
[    4.462707] twl6030_uv_to_vsel:OUT OF RANGE! non mapped vsel for 1375000 Vs max 1316660
[    4.470947] twl6030_uv_to_vsel:OUT OF RANGE! non mapped vsel for 1375000 Vs max 1316660
[    4.479156] twl6030_uv_to_vsel:OUT OF RANGE! non mapped vsel for 1375000 Vs max 1316660
[    4.487335] twl6030_uv_to_vsel:OUT OF RANGE! non mapped vsel for 1410000 Vs max 1316660
[    4.495788] omap2_set_init_voltage: unable to find boot up OPP for vdd_mpu
[    4.502777] omap2_set_init_voltage: unable to set vdd_mpu
[    4.508331] wlcore: loaded
[    4.511199] omap2_set_init_voltage: unable to find boot up OPP for vdd_core
[    4.518341] omap2_set_init_voltage: unable to set vdd_core
[    4.524017] omap2_set_init_voltage: unable to find boot up OPP for vdd_iva
[    4.531005] omap2_set_init_voltage: unable to set vdd_iva
[    4.536621] Power Management for TI OMAP4+ devices.
[    4.541595] OMAP4 PM: u-boot >= v2012.07 is required for full PM support
[    4.548675] ThumbEE CPU extension supported.
[    4.548675] Registering SWP/SWPB emulation handler
[    4.554077] SmartReflex Class3 initialized
[    4.565032] Loading compiled-in X.509 certificates
[    4.651428] dmm 4e000000.dmm: initialized all PAT entries
[    4.660247] phy-mapphone-mdm6600 usb-phy@1: GPIO lookup for consumer enable
[    4.660247] phy-mapphone-mdm6600 usb-phy@1: using device tree for GPIO lookup
[    4.674865] of_get_named_gpiod_flags: parsed 'enable-gpios' property of node '/usb-phy@1[0]' - status (0)
[    4.684814] gpio gpiochip2: Persistence not supported for GPIO 31
[    4.691101] phy-mapphone-mdm6600 usb-phy@1: GPIO lookup for consumer power
[    4.698150] phy-mapphone-mdm6600 usb-phy@1: using device tree for GPIO lookup
[    4.705474] of_get_named_gpiod_flags: parsed 'power-gpios' property of node '/usb-phy@1[0]' - status (0)
[    4.715179] gpio gpiochip1: Persistence not supported for GPIO 22
[    4.721405] phy-mapphone-mdm6600 usb-phy@1: GPIO lookup for consumer reset
[    4.728485] phy-mapphone-mdm6600 usb-phy@1: using device tree for GPIO lookup
[    4.728485] of_get_named_gpiod_flags: parsed 'reset-gpios' property of node '/usb-phy@1[0]' - status (0)
[    4.745544] gpio gpiochip1: Persistence not supported for GPIO 17
[    4.745544] phy-mapphone-mdm6600 usb-phy@1: GPIO lookup for consumer motorola,mode
[    4.745544] phy-mapphone-mdm6600 usb-phy@1: using device tree for GPIO lookup
[    4.745544] of_get_named_gpiod_flags: parsed 'motorola,mode-gpios' property of node '/usb-phy@1[0]' - status (0)
[    4.777343] gpio gpiochip4: Persistence not supported for GPIO 20
[    4.783691] phy-mapphone-mdm6600 usb-phy@1: GPIO lookup for consumer motorola,mode
[    4.783691] phy-mapphone-mdm6600 usb-phy@1: using device tree for GPIO lookup
[    4.798828] of_get_named_gpiod_flags: parsed 'motorola,mode-gpios' property of node '/usb-phy@1[1]' - status (0)
[    4.809204] gpio gpiochip4: Persistence not supported for GPIO 21
[    4.815460] phy-mapphone-mdm6600 usb-phy@1: GPIO lookup for consumer motorola,status
[    4.823425] phy-mapphone-mdm6600 usb-phy@1: using device tree for GPIO lookup
[    4.830749] of_get_named_gpiod_flags: parsed 'motorola,status-gpios' property of node '/usb-phy@1[0]' - status (0)
[    4.841369] gpio gpiochip1: Persistence not supported for GPIO 20
[    4.841369] phy-mapphone-mdm6600 usb-phy@1: GPIO lookup for consumer motorola,status
[    4.855499] phy-mapphone-mdm6600 usb-phy@1: using device tree for GPIO lookup
[    4.862762] of_get_named_gpiod_flags: parsed 'motorola,status-gpios' property of node '/usb-phy@1[1]' - status (0)
[    4.873413] gpio gpiochip1: Persistence not supported for GPIO 21
[    4.879669] phy-mapphone-mdm6600 usb-phy@1: GPIO lookup for consumer motorola,status
[    4.887603] phy-mapphone-mdm6600 usb-phy@1: using device tree for GPIO lookup
[    4.894927] of_get_named_gpiod_flags: parsed 'motorola,status-gpios' property of node '/usb-phy@1[2]' - status (0)
[    4.894927] gpio gpiochip1: Persistence not supported for GPIO 23
[    4.894927] phy-mapphone-mdm6600 usb-phy@1: GPIO lookup for consumer motorola,cmd
[    4.919433] phy-mapphone-mdm6600 usb-phy@1: using device tree for GPIO lookup
[    4.926757] of_get_named_gpiod_flags: parsed 'motorola,cmd-gpios' property of node '/usb-phy@1[0]' - status (0)
[    4.937072] gpio gpiochip3: Persistence not supported for GPIO 7
[    4.943206] phy-mapphone-mdm6600 usb-phy@1: GPIO lookup for consumer motorola,cmd
[    4.950897] phy-mapphone-mdm6600 usb-phy@1: using device tree for GPIO lookup
[    4.950897] of_get_named_gpiod_flags: parsed 'motorola,cmd-gpios' property of node '/usb-phy@1[1]' - status (0)
[    4.950897] gpio gpiochip3: Persistence not supported for GPIO 8
[    4.974639] phy-mapphone-mdm6600 usb-phy@1: GPIO lookup for consumer motorola,cmd
[    4.982330] phy-mapphone-mdm6600 usb-phy@1: using device tree for GPIO lookup
[    4.982330] of_get_named_gpiod_flags: parsed 'motorola,cmd-gpios' property of node '/usb-phy@1[2]' - status (0)
[    4.982330] gpio gpiochip4: Persistence not supported for GPIO 14
[    9.274322] phy-mapphone-mdm6600 usb-phy@1: Waiting for power up request to complete..
[    9.594909] panel-dsi-cm 58004000.encoder:display: GPIO lookup for consumer reset
[    9.595764] panel-dsi-cm 58004000.encoder:display: using device tree for GPIO lookup
[    9.611328] of_get_named_gpiod_flags: parsed 'reset-gpios' property of node '/ocp/dss@58000000/encoder@58004000/display[0]' - status (0)
[    9.611328] gpio gpiochip3: Persistence not supported for GPIO 5
[    9.630035] panel-dsi-cm 58004000.encoder:display: GPIO lookup for consumer te
[    9.637451] panel-dsi-cm 58004000.encoder:display: using device tree for GPIO lookup
[    9.645416] of_get_named_gpiod_flags: can't parse 'te-gpios' property of node '/ocp/dss@58000000/encoder@58004000/display[0]'
[    9.656921] of_get_named_gpiod_flags: can't parse 'te-gpio' property of node '/ocp/dss@58000000/encoder@58004000/display[0]'
[    9.668457] panel-dsi-cm 58004000.encoder:display: using lookup tables for GPIO lookup
[    9.676666] panel-dsi-cm 58004000.encoder:display: No GPIO consumer te found
[    9.676666] lcd: supplied by SW5
[    9.695312] cpcap-usb-phy cpcap-usb-phy.0: GPIO lookup for consumer mode
[    9.702972] cpcap-usb-phy cpcap-usb-phy.0: using device tree for GPIO lookup
[    9.702972] of_get_named_gpiod_flags: parsed 'mode-gpios' property of node '/ocp/spi@48098000/pmic@0/phy[0]' - status (0)
[    9.721466] gpio gpiochip1: Persistence not supported for GPIO 28
[    9.721466] cpcap-usb-phy cpcap-usb-phy.0: GPIO lookup for consumer mode
[    9.721466] cpcap-usb-phy cpcap-usb-phy.0: using device tree for GPIO lookup
[    9.741760] of_get_named_gpiod_flags: parsed 'mode-gpios' property of node '/ocp/spi@48098000/pmic@0/phy[1]' - status (0)
[    9.753021] gpio gpiochip0: Persistence not supported for GPIO 0
[    9.773345] ohci-platform 4a064800.ohci: Generic Platform OHCI controller
[    9.781829] ohci-platform 4a064800.ohci: new USB bus registered, assigned bus number 2
[    9.791442] ohci-platform 4a064800.ohci: irq 146, io mem 0x4a064800
[    9.802368] cpcap-usb-phy cpcap-usb-phy.0: connected to USB host
[    9.885986] usb usb2: New USB device found, idVendor=1d6b, idProduct=0001, bcdDevice= 4.17
[    9.894622] usb usb2: New USB device strings: Mfr=3, Product=2, SerialNumber=1
[    9.901977] usb usb2: Product: Generic Platform OHCI controller
[    9.908050] usb usb2: Manufacturer: Linux 4.17.0-rc3-74202-gee7e5f8-dirty ohci_hcd
[    9.915832] usb usb2: SerialNumber: 4a064800.ohci
[    9.923004] hub 2-0:1.0: USB hub found
[    9.927459] hub 2-0:1.0: 3 ports detected
[    9.941162] power_supply battery: Not all required supplies found, defer probe
[    9.948608] cpcap_battery cpcap_battery.0: failed to register power supply
[    9.974304] cpcap-charger cpcap-charger.0: GPIO lookup for consumer mode
[    9.981109] cpcap-charger cpcap-charger.0: using device tree for GPIO lookup
[    9.988433] of_get_named_gpiod_flags: parsed 'mode-gpios' property of node '/ocp/spi@48098000/pmic@0/charger[0]' - status (0)
[   10.000091] gpio gpiochip2: Persistence not supported for GPIO 29
[   10.006378] cpcap-charger cpcap-charger.0: GPIO lookup for consumer mode
[   10.013183] cpcap-charger cpcap-charger.0: using device tree for GPIO lookup
[   10.020446] of_get_named_gpiod_flags: parsed 'mode-gpios' property of node '/ocp/spi@48098000/pmic@0/charger[1]' - status (0)
[   10.032012] gpio gpiochip2: Persistence not supported for GPIO 23
[   10.039031] asoc-audio-graph-card soundcard: GPIO lookup for consumer pa
[   10.046447] asoc-audio-graph-card soundcard: using device tree for GPIO lookup
[   10.053802] of_get_named_gpiod_flags: can't parse 'pa-gpios' property of node '/soundcard[0]'
[   10.062591] of_get_named_gpiod_flags: can't parse 'pa-gpio' property of node '/soundcard[0]'
[   10.071228] asoc-audio-graph-card soundcard: using lookup tables for GPIO lookup
[   10.078826] asoc-audio-graph-card soundcard: No GPIO consumer pa found
[   10.104248] omap-mcbsp 40124000.mcbsp: ASoC: Failed to create component debugfs directory
[   10.112854] omap-mcbsp 40126000.mcbsp: ASoC: Failed to create component debugfs directory
[   10.122924] asoc-audio-graph-card soundcard: cpcap-hifi <-> 40124000.mcbsp mapping ok
[   10.133331] asoc-audio-graph-card soundcard: cpcap-voice <-> 40126000.mcbsp mapping ok
[   10.161071] [drm] Supports vblank timestamp caching Rev 2 (21.10.2013).
[   10.167907] [drm] No driver support for vblank timestamp query.
[   10.207794] [drm] Enabling DMM ywrap scrolling
[   10.223663] power_supply usb: driver failed to report `constant_charge_current' property: -22
[   10.227111] Charging, 4350 mV, 532 mA
[   10.238342] Charging, 4350 mV, 532 mA
[   10.282989] g_ether gadget: high-speed config #1: CDC Ethernet (ECM)
[   11.434814] panel-dsi-cm 58004000.encoder:display: panel revision 70.01.02
[   11.463562] Console: switching to colour frame buffer device 120x33
[   11.521789] omapdrm omapdrm.0: fb0: omapdrm frame buffer device
[   11.534881] usb 2-1: new full-speed USB device number 2 using ohci-platform
[   11.550506] [drm] Initialized omapdrm 1.0.0 20110917 for omapdrm.0 on minor 0
[   11.554809] phy-mapphone-mdm6600 usb-phy@1: modem status: 4 awake
[   11.569000] power_supply battery: battery: Found supply : usb
[   11.585784] phy-mapphone-mdm6600 usb-phy@1: Powered up OK
[   11.598571] of_get_named_gpiod_flags: parsed 'gpios' property of node '/gpio_keys/volume_down[0]' - status (0)
[   11.613464] gpio gpiochip4: Persistence not supported for GPIO 26
[   11.624603] of_get_named_gpiod_flags: parsed 'gpios' property of node '/gpio_keys/slider[0]' - status (0)
[   11.638977] gpio gpiochip3: Persistence not supported for GPIO 26
[   11.650482] input: gpio_keys as /devices/platform/gpio_keys/input/input3
[   11.664886] cpcap-rtc cpcap-rtc.0: setting system clock to 2018-05-03 06:28:52 UTC (1525328932)
[   11.678955] sr_init: No PMIC hook to init smartreflex
[   11.690002] smartreflex 4a0db000.smartreflex: omap_sr_probe: SmartReflex driver initialized
[   11.704101] smartreflex 4a0dd000.smartreflex: omap_sr_probe: SmartReflex driver initialized
[   11.717895] smartreflex 4a0d9000.smartreflex: omap_sr_probe: SmartReflex driver initialized
[   11.731964] cfg80211: Loading compiled-in X.509 certificates for regulatory database
[   11.756622] cfg80211: Loaded X.509 cert 'sforshee: 00b28ddf47aef9cea7'
[   11.769256] vwl1271: disabling
[   11.779052] platform regulatory.0: Direct firmware load for regulatory.db failed with error -2
[   11.779724] VAUDIO: disabling
[   11.792449] cfg80211: failed to load regulatory.db
[   11.800933] ALSA device list:
[   11.816406]   #0: HDMI 58006000.encoder
[   11.824859]   #1: Droid 4 Audio
[   11.835906] Waiting 10 sec before mounting root device...
[   11.914001] usb 2-1: New USB device found, idVendor=22b8, idProduct=2a70, bcdDevice= 0.00
[   11.927001] usb 2-1: New USB device strings: Mfr=1, Product=2, SerialNumber=0
[   11.938537] usb 2-1: Product: Flash MZ600
[   11.946807] usb 2-1: Manufacturer: Motorola, Incorporated
[   11.966400] qcserial 2-1:1.0: Qualcomm USB modem converter detected
[   11.978729] usb 2-1: Qualcomm USB modem converter now attached to ttyUSB0
[   11.993347] qcserial 2-1:1.1: Qualcomm USB modem converter detected
[   12.004852] usb 2-1: Qualcomm USB modem converter now attached to ttyUSB1
[   12.018402] qcserial 2-1:1.2: Qualcomm USB modem converter detected
[   12.029724] usb 2-1: Qualcomm USB modem converter now attached to ttyUSB2
[   12.043334] qcserial 2-1:1.3: Qualcomm USB modem converter detected
[   12.054626] usb 2-1: Qualcomm USB modem converter now attached to ttyUSB3
[   12.068634] qcserial 2-1:1.4: Qualcomm USB modem converter detected
[   12.079772] usb 2-1: Qualcomm USB modem converter now attached to ttyUSB4
[   12.095245] qmi_wwan 2-1:1.5: cdc-wdm0: USB WDM device
[   12.106231] qmi_wwan 2-1:1.5 wwan0: register 'qmi_wwan' at usb-4a064800.ohci-1, WWAN/QMI device, 7e:32:0e:64:97:1a
[   12.124084] qmi_wwan 2-1:1.6: cdc-wdm1: USB WDM device
[   12.134704] qmi_wwan 2-1:1.6 wwan1: register 'qmi_wwan' at usb-4a064800.ohci-1, WWAN/QMI device, 7e:32:0e:64:97:1a
[   12.152954] qmi_wwan 2-1:1.7: cdc-wdm2: USB WDM device
[   12.163604] qmi_wwan 2-1:1.7 wwan2: register 'qmi_wwan' at usb-4a064800.ohci-1, WWAN/QMI device, 7e:32:0e:64:97:1a
[   12.181945] qmi_wwan 2-1:1.8: cdc-wdm3: USB WDM device
[   12.192687] qmi_wwan 2-1:1.8 wwan3: register 'qmi_wwan' at usb-4a064800.ohci-1, WWAN/QMI device, 7e:32:0e:64:97:1a
[   22.252807] EXT4-fs (mmcblk0p2): mounting ext3 file system using the ext4 subsystem
[   22.288238] EXT4-fs (mmcblk0p2): mounted filesystem with ordered data mode. Opts: (null)
[   22.301239] VFS: Mounted root (ext3 filesystem) readonly on device 179:26.
[   22.331512] devtmpfs: mounted
[   22.341339] Freeing unused kernel memory: 1024K
[   26.964874] udevd[456]: starting version 3.2.2
[   26.994903] random: udevd: uninitialized urandom read (16 bytes read)
[   27.012237] random: udevd: uninitialized urandom read (16 bytes read)
[   27.023742] random: udevd: uninitialized urandom read (16 bytes read)
[   27.137298] udevd[457]: starting eudev-3.2.2
[   27.535339] power_supply usb: driver failed to report `constant_charge_current' property: -22
[   27.550354] synth uevent: /devices/platform/44000000.ocp/48098000.spi/spi_master/spi0/spi0.0/cpcap-charger.0/power_supply/usb: failed to send uevent
[   27.550384] power_supply usb: uevent: failed to send synthetic uevent
[   29.970886] (stc): gdata/new_proto/recv or reg_complete_cb not ready
[   29.970947] fmdrv: Failed to get ST write func pointer
[   29.993408] (stc):  chnl_id 8 not supported
[   29.993438] fmdrv: st_unregister failed -93
[   30.011047] fmdrv: Unable to prepare FM CORE
[   30.111602] urandom_read: 6 callbacks suppressed
[   30.111602] random: alsactl: uninitialized urandom read (4 bytes read)
[   30.165069] Requested mode 0
[   32.107421] EXT4-fs (mmcblk0p2): re-mounted. Opts: (null)
[   34.583251] FAT-fs (mmcblk0p1): bogus number of reserved sectors
[   34.594696] FAT-fs (mmcblk0p1): Can't find a valid FAT filesystem
[   38.799438] Requested mode 0
[   40.157714] cpcap-usb-phy cpcap-usb-phy.0: connected to USB host
[   70.236602] cpcap-usb-phy cpcap-usb-phy.0: connected to USB host
[   90.244201] random: crng init done
[  100.315795] cpcap-usb-phy cpcap-usb-phy.0: connected to USB host
[  130.395324] cpcap-usb-phy cpcap-usb-phy.0: connected to USB host
[  160.474975] cpcap-usb-phy cpcap-usb-phy.0: connected to USB host
[  190.554565] cpcap-usb-phy cpcap-usb-phy.0: connected to USB host
[  220.634185] cpcap-usb-phy cpcap-usb-phy.0: connected to USB host
[  250.713836] cpcap-usb-phy cpcap-usb-phy.0: connected to USB host
[  280.793670] cpcap-usb-phy cpcap-usb-phy.0: connected to USB host
[  310.873077] cpcap-usb-phy cpcap-usb-phy.0: connected to USB host
[  340.952728] cpcap-usb-phy cpcap-usb-phy.0: connected to USB host
[  371.032623] cpcap-usb-phy cpcap-usb-phy.0: connected to USB host
[  401.111907] cpcap-usb-phy cpcap-usb-phy.0: connected to USB host
[  431.191558] cpcap-usb-phy cpcap-usb-phy.0: connected to USB host
[  461.271148] cpcap-usb-phy cpcap-usb-phy.0: connected to USB host
[  491.350646] cpcap-usb-phy cpcap-usb-phy.0: connected to USB host
[  521.430480] cpcap-usb-phy cpcap-usb-phy.0: connected to USB host
[  539.491394] omap-mcbsp 40124000.mcbsp: CLKS: could not clk_set_parent() to prcm_fck
[  539.521392] omap-mcbsp 40124000.mcbsp: CLKS: could not clk_set_parent() to prcm_fck
[  539.540954] omap-mcbsp 40124000.mcbsp: CLKS: could not clk_set_parent() to prcm_fck
[  539.562133] omap-mcbsp 40124000.mcbsp: CLKS: could not clk_set_parent() to prcm_fck
[  539.682128] omap-mcbsp 40124000.mcbsp: CLKS: could not clk_set_parent() to prcm_fck
[  540.075378] omap-mcbsp 40124000.mcbsp: CLKS: could not clk_set_parent() to prcm_fck
[  540.090637] ------------[ cut here ]------------
[  540.095825] WARNING: CPU: 1 PID: 2136 at drivers/gpu/drm/omapdrm/dss/hdmi4.c:667 hdmi_audio_stop+0x5c/0x68
[  540.105560] Modules linked in:
[  540.108642] CPU: 1 PID: 2136 Comm: pulseaudio Not tainted 4.17.0-rc3-74202-gee7e5f8-dirty #644
[  540.117340] Hardware name: Generic OMAP4 (Flattened Device Tree)
[  540.123413] [<c0111854>] (unwind_backtrace) from [<c010d740>] (show_stack+0x10/0x14)
[  540.131256] [<c010d740>] (show_stack) from [<c093b0a4>] (dump_stack+0xa8/0xe0)
[  540.138549] [<c093b0a4>] (dump_stack) from [<c0134d54>] (__warn+0xf8/0x124)
[  540.145568] [<c0134d54>] (__warn) from [<c0134dbc>] (warn_slowpath_null+0x3c/0x48)
[  540.153228] [<c0134dbc>] (warn_slowpath_null) from [<c053dab0>] (hdmi_audio_stop+0x5c/0x68)
[  540.161651] [<c053dab0>] (hdmi_audio_stop) from [<c07314dc>] (hdmi_dai_trigger+0x6c/0x88)
[  540.169921] [<c07314dc>] (hdmi_dai_trigger) from [<c071d97c>] (soc_pcm_trigger+0x140/0x184)
[  540.178344] [<c071d97c>] (soc_pcm_trigger) from [<c06ed2ac>] (snd_pcm_do_stop+0x54/0x58)
[  540.186492] [<c06ed2ac>] (snd_pcm_do_stop) from [<c06ed054>] (snd_pcm_action_single+0x38/0x78)
[  540.195159] [<c06ed054>] (snd_pcm_action_single) from [<c06ef280>] (snd_pcm_drop+0x48/0x94)
[  540.203582] [<c06ef280>] (snd_pcm_drop) from [<c06f037c>] (snd_pcm_ioctl+0x904/0x132c)
[  540.211578] [<c06f037c>] (snd_pcm_ioctl) from [<c02c7e84>] (do_vfs_ioctl+0x84/0xa70)
[  540.219390] [<c02c7e84>] (do_vfs_ioctl) from [<c02c88cc>] (ksys_ioctl+0x5c/0x80)
[  540.226837] [<c02c88cc>] (ksys_ioctl) from [<c0101000>] (ret_fast_syscall+0x0/0x28)
[  540.234558] Exception stack(0xecf9bfa8 to 0xecf9bff0)
[  540.239654] bfa0:                   0052c4f0 b1971394 00000015 00004143 00000000 0052c4a0
[  540.247894] bfc0: 0052c4f0 b1971394 00507610 00000036 0000000e b6fc3ce8 004c80b8 bee42544
[  540.256134] bfe0: b19717c4 bee423c4 b1901be7 b6c75716
[  540.261199] irq event stamp: 61378
[  540.264648] hardirqs last  enabled at (61377): [<c01c6e9c>] ktime_get_ts64+0x19c/0x1dc
[  540.272644] hardirqs last disabled at (61378): [<c06edfe0>] snd_pcm_stream_lock_irq+0x24/0x34
[  540.281219] softirqs last  enabled at (61012): [<c01024a0>] __do_softirq+0x2e0/0x59c
[  540.289031] softirqs last disabled at (60957): [<c013c688>] irq_exit+0x144/0x194
[  540.296478] ---[ end trace 356e8e63c4d92516 ]---
[  551.510223] cpcap-usb-phy cpcap-usb-phy.0: connected to USB host
