[    0.000000] Linux version 4.19.0-rc6-next-20181005 (pavel@amd) (gcc version 4.9.2 (Debian 4.9.2-10+deb8u1)) #161 SMP Fri Oct 5 14:01:53 CEST 2018
[    0.000000] Disabled fast string operations
[    0.000000] x86/fpu: x87 FPU will use FXSAVE
[    0.000000] BIOS-provided physical RAM map:
[    0.000000] BIOS-e820: [mem 0x0000000000000000-0x000000000009efff] usable
[    0.000000] BIOS-e820: [mem 0x000000000009f000-0x000000000009ffff] reserved
[    0.000000] BIOS-e820: [mem 0x00000000000dc000-0x00000000000fffff] reserved
[    0.000000] BIOS-e820: [mem 0x0000000000100000-0x00000000bf6cffff] usable
[    0.000000] BIOS-e820: [mem 0x00000000bf6d0000-0x00000000bf6defff] ACPI data
[    0.000000] BIOS-e820: [mem 0x00000000bf6df000-0x00000000bf6fffff] ACPI NVS
[    0.000000] BIOS-e820: [mem 0x00000000bf700000-0x00000000bfffffff] reserved
[    0.000000] BIOS-e820: [mem 0x00000000f0000000-0x00000000f3ffffff] reserved
[    0.000000] BIOS-e820: [mem 0x00000000fec00000-0x00000000fec0ffff] reserved
[    0.000000] BIOS-e820: [mem 0x00000000fed00000-0x00000000fed003ff] reserved
[    0.000000] BIOS-e820: [mem 0x00000000fed14000-0x00000000fed19fff] reserved
[    0.000000] BIOS-e820: [mem 0x00000000fed1c000-0x00000000fed8ffff] reserved
[    0.000000] BIOS-e820: [mem 0x00000000fee00000-0x00000000fee00fff] reserved
[    0.000000] BIOS-e820: [mem 0x00000000ff800000-0x00000000ffffffff] reserved
[    0.000000] NX (Execute Disable) protection: active
[    0.000000] SMBIOS 2.4 present.
[    0.000000] DMI: LENOVO 17097HU/17097HU, BIOS 7BETD8WW (2.19 ) 03/31/2011
[    0.000000] tsc: Fast TSC calibration using PIT
[    0.000000] tsc: Detected 1828.728 MHz processor
[    0.014171] e820: update [mem 0x00000000-0x00000fff] usable ==> reserved
[    0.014182] e820: remove [mem 0x000a0000-0x000fffff] usable
[    0.014198] last_pfn = 0xbf6d0 max_arch_pfn = 0x1000000
[    0.014211] MTRR default type: uncachable
[    0.014214] MTRR fixed ranges enabled:
[    0.014218]   00000-9FFFF write-back
[    0.014221]   A0000-BFFFF uncachable
[    0.014224]   C0000-CFFFF write-protect
[    0.014227]   D0000-DBFFF uncachable
[    0.014229]   DC000-DFFFF write-back
[    0.014232]   E0000-FFFFF write-protect
[    0.014235] MTRR variable ranges enabled:
[    0.014239]   0 base 000000000 mask F80000000 write-back
[    0.014242]   1 base 080000000 mask FC0000000 write-back
[    0.014245]   2 base 0BF700000 mask FFFF00000 uncachable
[    0.014248]   3 base 0BF800000 mask FFF800000 uncachable
[    0.014251]   4 disabled
[    0.014253]   5 disabled
[    0.014256]   6 disabled
[    0.014258]   7 disabled
[    0.015340] x86/PAT: PAT not supported by CPU.
[    0.016566] x86/PAT: Configuration [0-7]: WB  WT  UC- UC  WB  WT  UC- UC  
[    0.016592] initial memory mapped: [mem 0x00000000-0x05dfffff]
[    0.016600] Base memory trampoline at [(ptrval)] 9b000 size 16384
[    0.016681] BRK [0x0586b000, 0x0586bfff] PGTABLE
[    0.016701] BRK [0x0586c000, 0x0586cfff] PGTABLE
[    0.016711] ACPI: Early table checksum verification disabled
[    0.016892] ACPI: RSDP 0x00000000000F67C0 000024 (v02 LENOVO)
[    0.016904] ACPI: XSDT 0x00000000BF6D191C 000084 (v01 LENOVO TP-7B    00002190  LTP 00000000)
[    0.016920] ACPI: FACP 0x00000000BF6D1A00 0000F4 (v03 LENOVO TP-7B    00002190 LNVO 00000001)
[    0.016934] ACPI BIOS Warning (bug): 32/64X length mismatch in FADT/Gpe0Block: 64/32 (20180810/tbfadt-569)
[    0.016945] ACPI BIOS Warning (bug): Optional FADT field Gpe1Block has valid Address but zero Length: 0x000000000000102C/0x0 (20180810/tbfadt-624)
[    0.016959] ACPI: DSDT 0x00000000BF6D1D90 00CFB9 (v01 LENOVO TP-7B    00002190 MSFT 0100000E)
[    0.016971] ACPI: FACS 0x00000000BF6F4000 000040
[    0.016982] ACPI: FACS 0x00000000BF6F4000 000040
[    0.016993] ACPI: SSDT 0x00000000BF6D1BB4 0001DC (v01 LENOVO TP-7B    00002190 MSFT 0100000E)
[    0.017005] ACPI: ECDT 0x00000000BF6DED49 000052 (v01 LENOVO TP-7B    00002190 LNVO 00000001)
[    0.017017] ACPI: TCPA 0x00000000BF6DED9B 000032 (v02 LENOVO TP-7B    00002190 LNVO 00000001)
[    0.017029] ACPI: APIC 0x00000000BF6DEDCD 000068 (v01 LENOVO TP-7B    00002190 LNVO 00000001)
[    0.017041] ACPI: MCFG 0x00000000BF6DEE35 00003C (v01 LENOVO TP-7B    00002190 LNVO 00000001)
[    0.017053] ACPI: HPET 0x00000000BF6DEE71 000038 (v01 LENOVO TP-7B    00002190 LNVO 00000001)
[    0.017065] ACPI: BOOT 0x00000000BF6DEFD8 000028 (v01 LENOVO TP-7B    00002190  LTP 00000001)
[    0.017077] ACPI: SSDT 0x00000000BF6F2645 00025F (v01 LENOVO TP-7B    00002190 INTL 20050513)
[    0.017089] ACPI: SSDT 0x00000000BF6F28A4 0000A6 (v01 LENOVO TP-7B    00002190 INTL 20050513)
[    0.017101] ACPI: SSDT 0x00000000BF6F294A 0004F7 (v01 LENOVO TP-7B    00002190 INTL 20050513)
[    0.017113] ACPI: SSDT 0x00000000BF6F2E41 0001D8 (v01 LENOVO TP-7B    00002190 INTL 20050513)
[    0.017136] ACPI: Local APIC address 0xfee00000
[    0.017142] 2176MB HIGHMEM available.
[    0.017147] 885MB LOWMEM available.
[    0.017151]   mapped low ram: 0 - 375fe000
[    0.017155]   low ram: 0 - 375fe000
[    0.017167] BRK [0x0586d000, 0x0586dfff] PGTABLE
[    0.017173] Zone ranges:
[    0.017177]   DMA      [mem 0x0000000000001000-0x0000000000ffffff]
[    0.017184]   Normal   [mem 0x0000000001000000-0x00000000375fdfff]
[    0.017191]   HighMem  [mem 0x00000000375fe000-0x00000000bf6cffff]
[    0.017197] Movable zone start for each node
[    0.017201] Early memory node ranges
[    0.017206]   node   0: [mem 0x0000000000001000-0x000000000009efff]
[    0.017210]   node   0: [mem 0x0000000000100000-0x00000000bf6cffff]
[    0.017215] Initmem setup node 0 [mem 0x0000000000001000-0x00000000bf6cffff]
[    0.017221] On node 0 totalpages: 783982
[    0.028595]   DMA zone: 32 pages used for memmap
[    0.028598]   DMA zone: 0 pages reserved
[    0.028602]   DMA zone: 3998 pages, LIFO batch:0
[    0.028712]   Normal zone: 1740 pages used for memmap
[    0.028717]   Normal zone: 222718 pages, LIFO batch:63
[    0.034372]   HighMem zone: 557266 pages, LIFO batch:63
[    0.048562] Using APIC driver default
[    0.048579] Reserving Intel graphics memory at [mem 0xbf800000-0xbfffffff]
[    0.049067] ACPI: PM-Timer IO Port: 0x1008
[    0.049072] ACPI: Local APIC address 0xfee00000
[    0.049084] ACPI: LAPIC_NMI (acpi_id[0x00] high edge lint[0x1])
[    0.049089] ACPI: LAPIC_NMI (acpi_id[0x01] high edge lint[0x1])
[    0.049119] IOAPIC[0]: apic_id 1, version 32, address 0xfec00000, GSI 0-23
[    0.049126] ACPI: INT_SRC_OVR (bus 0 bus_irq 0 global_irq 2 dfl dfl)
[    0.049132] ACPI: INT_SRC_OVR (bus 0 bus_irq 9 global_irq 9 high level)
[    0.049138] ACPI: IRQ0 used by override.
[    0.049142] ACPI: IRQ9 used by override.
[    0.049149] Using ACPI (MADT) for SMP configuration information
[    0.049155] ACPI: HPET id: 0x8086a201 base: 0xfed00000
[    0.049167] smpboot: Allowing 2 CPUs, 0 hotplug CPUs
[    0.049210] PM: Registered nosave memory: [mem 0x00000000-0x00000fff]
[    0.049216] PM: Registered nosave memory: [mem 0x0009f000-0x0009ffff]
[    0.049220] PM: Registered nosave memory: [mem 0x000a0000-0x000dbfff]
[    0.049224] PM: Registered nosave memory: [mem 0x000dc000-0x000fffff]
[    0.049234] [mem 0xc0000000-0xefffffff] available for PCI devices
[    0.049241] clocksource: refined-jiffies: mask: 0xffffffff max_cycles: 0xffffffff, max_idle_ns: 7645519600211568 ns
[    0.049267] random: get_random_bytes called from start_kernel+0x74/0x351 with crng_init=0
[    0.049282] setup_percpu: NR_CPUS:8 nr_cpumask_bits:8 nr_cpu_ids:2 nr_node_ids:1
[    0.049488] percpu: Embedded 29 pages/cpu @(ptrval) s86376 r0 d32408 u118784
[    0.049502] pcpu-alloc: s86376 r0 d32408 u118784 alloc=29*4096
[    0.049507] pcpu-alloc: [0] 0 [0] 1 
[    0.049550] Built 1 zonelists, mobility grouping on.  Total pages: 782210
[    0.049561] Kernel command line: BOOT_IMAGE=(hd0,2)/fast/l/linux-next-32/arch/x86/boot/bzImage root=/dev/sda4 resume=/dev/sda1
[    0.049979] Dentry cache hash table entries: 131072 (order: 7, 524288 bytes)
[    0.050098] Inode-cache hash table entries: 65536 (order: 6, 262144 bytes)
[    0.050125] Initializing CPU#0
[    0.050138] Initializing HighMem for node 0 (000375fe:000bf6d0)
[    0.391582] Initializing Movable for node 0 (00000000:00000000)
[    0.475374] Memory: 3085304K/3135928K available (12340K kernel code, 707K rwdata, 4800K rodata, 608K init, 6148K bss, 50624K reserved, 0K cma-reserved, 2229064K highmem)
[    0.475386] virtual kernel memory layout:
    fixmap  : 0xffe70000 - 0xfffff000   (1596 kB)
  cpu_entry : 0xffa00000 - 0xffb31000   (1220 kB)
    pkmap   : 0xff600000 - 0xff800000   (2048 kB)
    vmalloc : 0xf7dfe000 - 0xff5fe000   ( 120 MB)
    lowmem  : 0xc0000000 - 0xf75fe000   ( 885 MB)
      .init : 0xc5197000 - 0xc522f000   ( 608 kB)
      .data : 0xc4c0d0bc - 0xc5174d80   (5535 kB)
      .text : 0xc4000000 - 0xc4c0d0bc   (12340 kB)
[    0.475392] Checking if this processor honours the WP bit even in supervisor mode...Ok.
[    0.475844] Kernel/User page tables isolation: enabled
[    0.476125] rcu: Hierarchical RCU implementation.
[    0.476130] rcu: 	RCU restricting CPUs from NR_CPUS=8 to nr_cpu_ids=2.
[    0.476136] rcu: RCU calculated value of scheduler-enlistment delay is 25 jiffies.
[    0.476140] rcu: Adjusting geometry for rcu_fanout_leaf=16, nr_cpu_ids=2
[    0.476185] NR_IRQS: 2304, nr_irqs: 56, preallocated irqs: 16
[    0.476477] CPU 0 irqstacks, hard=(ptrval) soft=(ptrval)
[    0.479113] Console: colour VGA+ 80x25
[    0.487413] console [tty0] enabled
[    0.487483] Lock dependency validator: Copyright (c) 2006 Red Hat, Inc., Ingo Molnar
[    0.487574] ... MAX_LOCKDEP_SUBCLASSES:  8
[    0.487647] ... MAX_LOCK_DEPTH:          48
[    0.487721] ... MAX_LOCKDEP_KEYS:        8191
[    0.487795] ... CLASSHASH_SIZE:          4096
[    0.487869] ... MAX_LOCKDEP_ENTRIES:     32768
[    0.487944] ... MAX_LOCKDEP_CHAINS:      65536
[    0.488019] ... CHAINHASH_SIZE:          32768
[    0.488093]  memory used by lock dependency info: 4383 kB
[    0.488172]  per task-struct memory footprint: 1344 bytes
[    0.488898] ACPI: Core revision 20180810
[    0.489461] clocksource: hpet: mask: 0xffffffff max_cycles: 0xffffffff, max_idle_ns: 133484882848 ns
[    0.489595] hpet clockevent registered
[    0.489609] APIC: Switch to symmetric I/O mode setup
[    0.489687] Enabling APIC mode:  Flat.  Using 1 I/O APICs
[    0.490327] ..TIMER: vector=0x30 apic1=0 pin1=2 apic2=-1 pin2=-1
[    0.509604] clocksource: tsc-early: mask: 0xffffffffffffffff max_cycles: 0x1a5c2c09fdc, max_idle_ns: 440795293561 ns
[    0.509730] Calibrating delay loop (skipped), value calculated using timer frequency.. 3657.45 BogoMIPS (lpj=7314912)
[    0.509854] pid_max: default: 32768 minimum: 301
[    0.510200] Mount-cache hash table entries: 2048 (order: 1, 8192 bytes)
[    0.510294] Mountpoint-cache hash table entries: 2048 (order: 1, 8192 bytes)
[    0.511006] *** VALIDATE proc ***
[    0.511186] *** VALIDATE cgroup1 ***
[    0.511260] *** VALIDATE cgroup2 ***
[    0.511345] Disabled fast string operations
[    0.511435] process: using mwait in idle threads
[    0.511520] Last level iTLB entries: 4KB 128, 2MB 0, 4MB 2
[    0.511602] Last level dTLB entries: 4KB 128, 2MB 0, 4MB 8, 1GB 0
[    0.511689] Spectre V2 : Mitigation: Full generic retpoline
[    0.511771] Spectre V2 : Spectre v2 / SpectreRSB mitigation: Filling RSB on context switch
[    0.511868] L1TF: System has more than MAX_PA/2 memory. L1TF mitigation not effective.
[    0.511961] L1TF: You may make it effective by booting the kernel with mem=2147483648 parameter.
[    0.512072] L1TF: However, doing so will make a part of your RAM unusable.
[    0.512160] L1TF: Reading https://www.kernel.org/doc/html/latest/admin-guide/l1tf.html might help you decide.
[    0.512508] Freeing SMP alternatives memory: 44K
[    0.517728] smpboot: CPU0: Genuine Intel(R) CPU           T2400  @ 1.83GHz (family: 0x6, model: 0xe, stepping: 0x8)
[    0.517728] Performance Events: Core events, core PMU driver.
[    0.517728] ... version:                1
[    0.517728] ... bit width:              40
[    0.517728] ... generic registers:      2
[    0.517728] ... value mask:             000000ffffffffff
[    0.517728] ... max period:             000000007fffffff
[    0.517728] ... fixed-purpose events:   0
[    0.517728] ... event mask:             0000000000000003
[    0.517728] rcu: Hierarchical SRCU implementation.
[    0.517728] NMI watchdog: Enabled. Permanently consumes one hw-PMU counter.
[    0.517873] smp: Bringing up secondary CPUs ...
[    0.518918] CPU 1 irqstacks, hard=(ptrval) soft=(ptrval)
[    0.518922] x86: Booting SMP configuration:
[    0.519006] .... node  #0, CPUs:      #1
[    0.017214] Initializing CPU#1
[    0.017214] Disabled fast string operations
[    0.521470] TSC synchronization [CPU#0 -> CPU#1]:
[    0.521728] Measured 580305 cycles TSC warp between CPUs, turning off TSC clock.
[    0.521728] tsc: Marking TSC unstable due to check_tsc_sync_source failed
[    0.521922] smp: Brought up 1 node, 2 CPUs
[    0.521922] smpboot: Max logical packages: 1
[    0.521922] smpboot: Total of 2 processors activated (7314.91 BogoMIPS)
[    0.523601] devtmpfs: initialized
[    0.523601] PM: Registering ACPI NVS region [mem 0xbf6df000-0xbf6fffff] (135168 bytes)
[    0.525928] clocksource: jiffies: mask: 0xffffffff max_cycles: 0xffffffff, max_idle_ns: 7645041785100000 ns
[    0.525964] futex hash table entries: 512 (order: 3, 32768 bytes)
[    0.526988] NET: Registered protocol family 16
[    0.528485] cpuidle: using governor ladder
[    0.528652] cpuidle: using governor menu
[    0.529664] Simple Boot Flag at 0x35 set to 0x1
[    0.529782] ACPI FADT declares the system doesn't support PCIe ASPM, so disable it
[    0.529882] ACPI: bus type PCI registered
[    0.530191] PCI: MMCONFIG for domain 0000 [bus 00-3f] at [mem 0xf0000000-0xf3ffffff] (base 0xf0000000)
[    0.530312] PCI: MMCONFIG at [mem 0xf0000000-0xf3ffffff] reserved in E820
[    0.530400] PCI: Using MMCONFIG for extended config space
[    0.530482] PCI: Using configuration type 1 for base access
[    0.530972] mtrr: your CPUs had inconsistent variable MTRR settings
[    0.531059] mtrr: probably your BIOS does not setup all CPUs.
[    0.531142] mtrr: corrected configuration.
[    0.595565] ACPI: Added _OSI(Module Device)
[    0.595565] ACPI: Added _OSI(Processor Device)
[    0.595565] ACPI: Added _OSI(3.0 _SCP Extensions)
[    0.595565] ACPI: Added _OSI(Processor Aggregator Device)
[    0.595565] ACPI: Added _OSI(Linux-Dell-Video)
[    0.595565] ACPI: Added _OSI(Linux-Lenovo-NV-HDMI-Audio)
[    0.595565] ACPI: EC: EC started
[    0.595565] ACPI: EC: interrupt blocked
[    0.595565] ACPI: \: Used as first EC
[    0.595565] ACPI: \: GPE=0x1c, EC_CMD/EC_SC=0x66, EC_DATA=0x62
[    0.595640] ACPI: \: Used as boot ECDT EC to handle transactions
[    0.664016] ACPI: 6 ACPI AML tables successfully acquired and loaded
[    0.696855] ACPI: Dynamic OEM Table Load:
[    0.696952] ACPI: SSDT 0x00000000F501A400 000240 (v01 PmRef  Cpu0Ist  00000100 INTL 20050513)
[    0.698687] ACPI: Dynamic OEM Table Load:
[    0.698782] ACPI: SSDT 0x00000000F5A08000 00065A (v01 PmRef  Cpu0Cst  00000100 INTL 20050513)
[    0.704095] ACPI: Dynamic OEM Table Load:
[    0.704095] ACPI: SSDT 0x00000000F5818000 0000C8 (v01 PmRef  Cpu1Ist  00000100 INTL 20050513)
[    0.706395] ACPI: Dynamic OEM Table Load:
[    0.706489] ACPI: SSDT 0x00000000F50563C0 000085 (v01 PmRef  Cpu1Cst  00000100 INTL 20050513)
[    0.706999] ACPI: Interpreter enabled
[    0.706999] ACPI: (supports S0 S3 S4 S5)
[    0.707003] ACPI: Using IOAPIC for interrupt routing
[    0.707218] PCI: Using host bridge windows from ACPI; if necessary, use "pci=nocrs" and report a bug
[    0.709907] ACPI: Enabled 4 GPEs in block 00 to 1F
[    0.734282] ACPI: Power Resource [PUBS] (on)
[    0.735459] acpi PNP0C0A:01: ACPI dock station (docks/bays count: 1)
[    0.743387] acpi LNXIOBAY:00: ACPI dock station (docks/bays count: 2)
[    0.758178] acpi IBM0079:00: ACPI dock station (docks/bays count: 3)
[    0.760632] ACPI: PCI Interrupt Link [LNKA] (IRQs 3 4 5 6 7 9 10 *11)
[    0.761498] ACPI: PCI Interrupt Link [LNKB] (IRQs 3 4 5 6 7 9 10 *11)
[    0.762373] ACPI: PCI Interrupt Link [LNKC] (IRQs 3 4 5 6 7 9 10 *11)
[    0.763236] ACPI: PCI Interrupt Link [LNKD] (IRQs 3 4 5 6 7 9 10 *11)
[    0.764099] ACPI: PCI Interrupt Link [LNKE] (IRQs 3 4 5 6 7 9 10 *11)
[    0.764963] ACPI: PCI Interrupt Link [LNKF] (IRQs 3 4 5 6 7 9 10 *11)
[    0.765837] ACPI: PCI Interrupt Link [LNKG] (IRQs 3 4 5 6 7 9 10 *11)
[    0.766701] ACPI: PCI Interrupt Link [LNKH] (IRQs 3 4 5 6 7 9 10 *11)
[    0.767269] ACPI: PCI Root Bridge [PCI0] (domain 0000 [bus 00-ff])
[    0.767371] acpi PNP0A08:00: _OSC: OS supports [ExtendedConfig ASPM ClockPM Segments]
[    0.768426] acpi PNP0A08:00: _OSC: not requesting OS control; OS requires [ExtendedConfig ASPM ClockPM MSI]
[    0.768562] acpi PNP0A08:00: [Firmware Info]: MMCONFIG for domain 0000 [bus 00-3f] only partially covers this bridge
[    0.768944] PCI host bridge to bus 0000:00
[    0.769026] pci_bus 0000:00: root bus resource [io  0x0000-0x0cf7 window]
[    0.769120] pci_bus 0000:00: root bus resource [io  0x0d00-0xffff window]
[    0.769214] pci_bus 0000:00: root bus resource [mem 0x000a0000-0x000bffff window]
[    0.769311] pci_bus 0000:00: root bus resource [mem 0x000d0000-0x000d3fff window]
[    0.769409] pci_bus 0000:00: root bus resource [mem 0x000d4000-0x000d7fff window]
[    0.769506] pci_bus 0000:00: root bus resource [mem 0x000d8000-0x000dbfff window]
[    0.769603] pci_bus 0000:00: root bus resource [mem 0xc0000000-0xfebfffff window]
[    0.769700] pci_bus 0000:00: root bus resource [mem 0xfed40000-0xfed40fff window]
[    0.769739] pci_bus 0000:00: root bus resource [bus 00-ff]
[    0.769856] pci 0000:00:00.0: [8086:27a0] type 00 class 0x060000
[    0.770325] pci 0000:00:02.0: [8086:27a2] type 00 class 0x030000
[    0.770349] pci 0000:00:02.0: reg 0x10: [mem 0xee100000-0xee17ffff]
[    0.770360] pci 0000:00:02.0: reg 0x14: [io  0x1800-0x1807]
[    0.770372] pci 0000:00:02.0: reg 0x18: [mem 0xd0000000-0xdfffffff pref]
[    0.770383] pci 0000:00:02.0: reg 0x1c: [mem 0xee200000-0xee23ffff]
[    0.770857] pci 0000:00:02.1: [8086:27a6] type 00 class 0x038000
[    0.770878] pci 0000:00:02.1: reg 0x10: [mem 0xee180000-0xee1fffff]
[    0.771387] pci 0000:00:1b.0: [8086:27d8] type 00 class 0x040300
[    0.771432] pci 0000:00:1b.0: reg 0x10: [mem 0xee240000-0xee243fff 64bit]
[    0.771595] pci 0000:00:1b.0: PME# supported from D0 D3hot D3cold
[    0.772058] pci 0000:00:1c.0: [8086:27d0] type 01 class 0x060400
[    0.772237] pci 0000:00:1c.0: PME# supported from D0 D3hot D3cold
[    0.772698] pci 0000:00:1c.1: [8086:27d2] type 01 class 0x060400
[    0.772876] pci 0000:00:1c.1: PME# supported from D0 D3hot D3cold
[    0.773329] pci 0000:00:1c.2: [8086:27d4] type 01 class 0x060400
[    0.773507] pci 0000:00:1c.2: PME# supported from D0 D3hot D3cold
[    0.774051] pci 0000:00:1c.3: [8086:27d6] type 01 class 0x060400
[    0.774228] pci 0000:00:1c.3: PME# supported from D0 D3hot D3cold
[    0.774685] pci 0000:00:1d.0: [8086:27c8] type 00 class 0x0c0300
[    0.774763] pci 0000:00:1d.0: reg 0x20: [io  0x1820-0x183f]
[    0.775231] pci 0000:00:1d.1: [8086:27c9] type 00 class 0x0c0300
[    0.775311] pci 0000:00:1d.1: reg 0x20: [io  0x1840-0x185f]
[    0.775770] pci 0000:00:1d.2: [8086:27ca] type 00 class 0x0c0300
[    0.775850] pci 0000:00:1d.2: reg 0x20: [io  0x1860-0x187f]
[    0.776317] pci 0000:00:1d.3: [8086:27cb] type 00 class 0x0c0300
[    0.776395] pci 0000:00:1d.3: reg 0x20: [io  0x1880-0x189f]
[    0.776843] pci 0000:00:1d.7: [8086:27cc] type 00 class 0x0c0320
[    0.776879] pci 0000:00:1d.7: reg 0x10: [mem 0xee444000-0xee4443ff]
[    0.777022] pci 0000:00:1d.7: PME# supported from D0 D3hot D3cold
[    0.777452] pci 0000:00:1e.0: [8086:2448] type 01 class 0x060401
[    0.777998] pci 0000:00:1f.0: [8086:27b9] type 00 class 0x060100
[    0.778159] pci 0000:00:1f.0: quirk: [io  0x1000-0x107f] claimed by ICH6 ACPI/GPIO/TCO
[    0.778264] pci 0000:00:1f.0: quirk: [io  0x1180-0x11bf] claimed by ICH6 GPIO
[    0.778362] pci 0000:00:1f.0: ICH7 LPC Generic IO decode 1 PIO at 1600 (mask 007f)
[    0.778461] pci 0000:00:1f.0: ICH7 LPC Generic IO decode 2 PIO at 15e0 (mask 000f)
[    0.778560] pci 0000:00:1f.0: ICH7 LPC Generic IO decode 3 PIO at 1680 (mask 001f)
[    0.779100] pci 0000:00:1f.1: [8086:27df] type 00 class 0x01018a
[    0.779130] pci 0000:00:1f.1: reg 0x10: [io  0x0000-0x0007]
[    0.779147] pci 0000:00:1f.1: reg 0x14: [io  0x0000-0x0003]
[    0.779163] pci 0000:00:1f.1: reg 0x18: [io  0x0000-0x0007]
[    0.779180] pci 0000:00:1f.1: reg 0x1c: [io  0x0000-0x0003]
[    0.779196] pci 0000:00:1f.1: reg 0x20: [io  0x1810-0x181f]
[    0.779230] pci 0000:00:1f.1: legacy IDE quirk: reg 0x10: [io  0x01f0-0x01f7]
[    0.779326] pci 0000:00:1f.1: legacy IDE quirk: reg 0x14: [io  0x03f6]
[    0.779417] pci 0000:00:1f.1: legacy IDE quirk: reg 0x18: [io  0x0170-0x0177]
[    0.779512] pci 0000:00:1f.1: legacy IDE quirk: reg 0x1c: [io  0x0376]
[    0.780015] pci 0000:00:1f.2: [8086:27c5] type 00 class 0x010601
[    0.780051] pci 0000:00:1f.2: reg 0x10: [io  0x18d0-0x18d7]
[    0.780068] pci 0000:00:1f.2: reg 0x14: [io  0x18c4-0x18c7]
[    0.780084] pci 0000:00:1f.2: reg 0x18: [io  0x18c8-0x18cf]
[    0.780101] pci 0000:00:1f.2: reg 0x1c: [io  0x18c0-0x18c3]
[    0.780117] pci 0000:00:1f.2: reg 0x20: [io  0x18b0-0x18bf]
[    0.780134] pci 0000:00:1f.2: reg 0x24: [mem 0xee444400-0xee4447ff]
[    0.780219] pci 0000:00:1f.2: PME# supported from D3hot
[    0.780655] pci 0000:00:1f.3: [8086:27da] type 00 class 0x0c0500
[    0.780753] pci 0000:00:1f.3: reg 0x20: [io  0x18e0-0x18ff]
[    0.781459] pci 0000:02:00.0: [8086:109a] type 00 class 0x020000
[    0.781524] pci 0000:02:00.0: reg 0x10: [mem 0xee000000-0xee01ffff]
[    0.781573] pci 0000:02:00.0: reg 0x18: [io  0x2000-0x201f]
[    0.781837] pci 0000:02:00.0: PME# supported from D0 D3hot D3cold
[    0.781902] pci 0000:02:00.0: 2.000 Gb/s available PCIe bandwidth, limited by 2.5 GT/s x1 link at 0000:00:1c.0 (capable of 7.876 Gb/s with 8 GT/s x1 link)
[    0.782306] pci 0000:00:1c.0: PCI bridge to [bus 02]
[    0.782394] pci 0000:00:1c.0:   bridge window [io  0x2000-0x2fff]
[    0.782403] pci 0000:00:1c.0:   bridge window [mem 0xee000000-0xee0fffff]
[    0.782669] pci 0000:03:00.0: [8086:4227] type 00 class 0x028000
[    0.782777] pci 0000:03:00.0: reg 0x10: [mem 0xedf00000-0xedf00fff]
[    0.783283] pci 0000:03:00.0: PME# supported from D0 D3hot D3cold
[    0.783387] pci 0000:03:00.0: 2.000 Gb/s available PCIe bandwidth, limited by 2.5 GT/s x1 link at 0000:00:1c.1 (capable of 7.876 Gb/s with 8 GT/s x1 link)
[    0.783787] pci 0000:00:1c.1: PCI bridge to [bus 03]
[    0.783875] pci 0000:00:1c.1:   bridge window [io  0x3000-0x4fff]
[    0.783883] pci 0000:00:1c.1:   bridge window [mem 0xec000000-0xedffffff]
[    0.783895] pci 0000:00:1c.1:   bridge window [mem 0xe4000000-0xe40fffff 64bit pref]
[    0.784048] pci 0000:00:1c.2: PCI bridge to [bus 04-0b]
[    0.784139] pci 0000:00:1c.2:   bridge window [io  0x5000-0x6fff]
[    0.784147] pci 0000:00:1c.2:   bridge window [mem 0xe8000000-0xe9ffffff]
[    0.784158] pci 0000:00:1c.2:   bridge window [mem 0xe4100000-0xe41fffff 64bit pref]
[    0.784312] pci 0000:00:1c.3: PCI bridge to [bus 0c-13]
[    0.784402] pci 0000:00:1c.3:   bridge window [io  0x7000-0x8fff]
[    0.784410] pci 0000:00:1c.3:   bridge window [mem 0xea000000-0xebffffff]
[    0.784421] pci 0000:00:1c.3:   bridge window [mem 0xe4200000-0xe42fffff 64bit pref]
[    0.784462] pci_bus 0000:15: extended config space not accessible
[    0.784671] pci 0000:15:00.0: [1180:0476] type 02 class 0x060700
[    0.784704] pci 0000:15:00.0: reg 0x10: [mem 0xe4300000-0xe4300fff]
[    0.784778] pci 0000:15:00.0: supports D1 D2
[    0.784783] pci 0000:15:00.0: PME# supported from D0 D1 D2 D3hot D3cold
[    0.785044] pci 0000:15:00.1: [1180:0552] type 00 class 0x0c0010
[    0.785075] pci 0000:15:00.1: reg 0x10: [mem 0xe4301000-0xe43017ff]
[    0.785223] pci 0000:15:00.1: PME# supported from D0 D3hot D3cold
[    0.785444] pci 0000:15:00.2: [1180:0822] type 00 class 0x080500
[    0.785473] pci 0000:15:00.2: reg 0x10: [mem 0xe4301800-0xe43018ff]
[    0.785620] pci 0000:15:00.2: supports D1 D2
[    0.785625] pci 0000:15:00.2: PME# supported from D0 D1 D2 D3hot D3cold
[    0.785924] pci 0000:00:1e.0: PCI bridge to [bus 15-18] (subtractive decode)
[    0.786022] pci 0000:00:1e.0:   bridge window [io  0x9000-0xcfff]
[    0.786031] pci 0000:00:1e.0:   bridge window [mem 0xe4300000-0xe7ffffff]
[    0.786042] pci 0000:00:1e.0:   bridge window [mem 0xe0000000-0xe3ffffff 64bit pref]
[    0.786047] pci 0000:00:1e.0:   bridge window [io  0x0000-0x0cf7 window] (subtractive decode)
[    0.786052] pci 0000:00:1e.0:   bridge window [io  0x0d00-0xffff window] (subtractive decode)
[    0.786057] pci 0000:00:1e.0:   bridge window [mem 0x000a0000-0x000bffff window] (subtractive decode)
[    0.786062] pci 0000:00:1e.0:   bridge window [mem 0x000d0000-0x000d3fff window] (subtractive decode)
[    0.786067] pci 0000:00:1e.0:   bridge window [mem 0x000d4000-0x000d7fff window] (subtractive decode)
[    0.786072] pci 0000:00:1e.0:   bridge window [mem 0x000d8000-0x000dbfff window] (subtractive decode)
[    0.786077] pci 0000:00:1e.0:   bridge window [mem 0xc0000000-0xfebfffff window] (subtractive decode)
[    0.786082] pci 0000:00:1e.0:   bridge window [mem 0xfed40000-0xfed40fff window] (subtractive decode)
[    0.786128] pci_bus 0000:16: extended config space not accessible
[    0.786313] pci_bus 0000:16: busn_res: [bus 16-18] end is updated to 17
[    0.786369] pci_bus 0000:00: on NUMA node 0
[    0.792777] ACPI: EC: interrupt unblocked
[    0.792891] ACPI: EC: event unblocked
[    0.793000] ACPI: \_SB_.PCI0.LPC_.EC__: GPE=0x1c, EC_CMD/EC_SC=0x66, EC_DATA=0x62
[    0.793099] ACPI: \_SB_.PCI0.LPC_.EC__: Used as boot DSDT EC to handle transactions and events
[    0.793771] pci 0000:00:02.0: vgaarb: setting as boot VGA device
[    0.793864] pci 0000:00:02.0: vgaarb: VGA device added: decodes=io+mem,owns=io+mem,locks=none
[    0.794007] pci 0000:00:02.0: vgaarb: bridge control possible
[    0.794093] vgaarb: loaded
[    0.794739] SCSI subsystem initialized
[    0.795115] libata version 3.00 loaded.
[    0.795332] ACPI: bus type USB registered
[    0.795537] usbcore: registered new interface driver usbfs
[    0.795696] usbcore: registered new interface driver hub
[    0.795847] usbcore: registered new device driver usb
[    0.796056] media: Linux media interface: v0.10
[    0.796188] videodev: Linux video capture interface: v2.00
[    0.796346] pps_core: LinuxPPS API ver. 1 registered
[    0.796426] pps_core: Software ver. 5.3.6 - Copyright 2005-2007 Rodolfo Giometti <giometti@linux.it>
[    0.796578] PTP clock support registered
[    0.797344] EDAC MC: Ver: 3.0.0
[    0.798380] Advanced Linux Sound Architecture Driver Initialized.
[    0.798626] PCI: Using ACPI for IRQ routing
[    0.801706] PCI: pci_cache_line_size set to 64 bytes
[    0.802062] e820: reserve RAM buffer [mem 0x0009f000-0x0009ffff]
[    0.802069] e820: reserve RAM buffer [mem 0xbf6d0000-0xbfffffff]
[    0.802744] Bluetooth: Core ver 2.22
[    0.802884] NET: Registered protocol family 31
[    0.802964] Bluetooth: HCI device and connection manager initialized
[    0.803065] Bluetooth: HCI socket layer initialized
[    0.803150] Bluetooth: L2CAP socket layer initialized
[    0.803259] Bluetooth: SCO socket layer initialized
[    0.804249] clocksource: Switched to clocksource hpet
[    0.804740] pnp: PnP ACPI init
[    0.805728] system 00:00: [mem 0x00000000-0x0009ffff] could not be reserved
[    0.805728] system 00:00: [mem 0x000c0000-0x000c3fff] could not be reserved
[    0.805822] system 00:00: [mem 0x000c4000-0x000c7fff] could not be reserved
[    0.805919] system 00:00: [mem 0x000c8000-0x000cbfff] has been reserved
[    0.806013] system 00:00: [mem 0x000cc000-0x000cffff] has been reserved
[    0.806108] system 00:00: [mem 0x000dc000-0x000dffff] could not be reserved
[    0.806206] system 00:00: [mem 0x000e0000-0x000e3fff] could not be reserved
[    0.806303] system 00:00: [mem 0x000e4000-0x000e7fff] could not be reserved
[    0.806400] system 00:00: [mem 0x000e8000-0x000ebfff] could not be reserved
[    0.806498] system 00:00: [mem 0x000ec000-0x000effff] could not be reserved
[    0.806596] system 00:00: [mem 0x000f0000-0x000fffff] could not be reserved
[    0.806694] system 00:00: [mem 0x00100000-0xbfffffff] could not be reserved
[    0.806791] system 00:00: [mem 0xfec00000-0xfed3ffff] could not be reserved
[    0.806889] system 00:00: [mem 0xfed41000-0xffffffff] could not be reserved
[    0.807034] system 00:00: Plug and Play ACPI device, IDs PNP0c01 (active)
[    0.807557] system 00:01: [io  0x164e-0x164f] has been reserved
[    0.807650] system 00:01: [io  0x1000-0x107f] has been reserved
[    0.807742] system 00:01: [io  0x1180-0x11bf] has been reserved
[    0.807847] system 00:01: [io  0x0800-0x080f] has been reserved
[    0.807938] system 00:01: [io  0x15e0-0x15ef] has been reserved
[    0.808031] system 00:01: [io  0x1600-0x165f] could not be reserved
[    0.808124] system 00:01: [mem 0xf0000000-0xf3ffffff] has been reserved
[    0.808218] system 00:01: [mem 0xfed1c000-0xfed1ffff] has been reserved
[    0.808312] system 00:01: [mem 0xfed14000-0xfed17fff] has been reserved
[    0.808406] system 00:01: [mem 0xfed18000-0xfed18fff] has been reserved
[    0.808501] system 00:01: [mem 0xfed19000-0xfed19fff] has been reserved
[    0.808630] system 00:01: Plug and Play ACPI device, IDs PNP0c02 (active)
[    0.808950] pnp 00:02: Plug and Play ACPI device, IDs PNP0b00 (active)
[    0.809096] pnp 00:03: Plug and Play ACPI device, IDs PNP0303 (active)
[    0.809236] pnp 00:04: Plug and Play ACPI device, IDs IBM3780 PNP0f13 (active)
[    0.810032] pnp 00:05: [dma 3]
[    0.810255] pnp 00:05: Plug and Play ACPI device, IDs IBM0071 PNP0511 (active)
[    0.810497] pnp 00:06: Plug and Play ACPI device, IDs ATM1200 PNP0c31 (active)
[    0.812924] pnp: PnP ACPI: found 7 devices
[    0.859671] clocksource: acpi_pm: mask: 0xffffff max_cycles: 0xffffff, max_idle_ns: 2085701024 ns
[    0.859817] pci 0000:00:1c.0: bridge window [mem 0x00100000-0x000fffff 64bit pref] to [bus 02] add_size 200000 add_align 100000
[    0.859903] pci 0000:00:1c.0: BAR 9: assigned [mem 0xc0000000-0xc01fffff 64bit pref]
[    0.860002] pci 0000:00:1c.0: PCI bridge to [bus 02]
[    0.860085] pci 0000:00:1c.0:   bridge window [io  0x2000-0x2fff]
[    0.860177] pci 0000:00:1c.0:   bridge window [mem 0xee000000-0xee0fffff]
[    0.860270] pci 0000:00:1c.0:   bridge window [mem 0xc0000000-0xc01fffff 64bit pref]
[    0.860372] pci 0000:00:1c.1: PCI bridge to [bus 03]
[    0.860454] pci 0000:00:1c.1:   bridge window [io  0x3000-0x4fff]
[    0.860546] pci 0000:00:1c.1:   bridge window [mem 0xec000000-0xedffffff]
[    0.860639] pci 0000:00:1c.1:   bridge window [mem 0xe4000000-0xe40fffff 64bit pref]
[    0.860740] pci 0000:00:1c.2: PCI bridge to [bus 04-0b]
[    0.860825] pci 0000:00:1c.2:   bridge window [io  0x5000-0x6fff]
[    0.860916] pci 0000:00:1c.2:   bridge window [mem 0xe8000000-0xe9ffffff]
[    0.861009] pci 0000:00:1c.2:   bridge window [mem 0xe4100000-0xe41fffff 64bit pref]
[    0.861111] pci 0000:00:1c.3: PCI bridge to [bus 0c-13]
[    0.861195] pci 0000:00:1c.3:   bridge window [io  0x7000-0x8fff]
[    0.861286] pci 0000:00:1c.3:   bridge window [mem 0xea000000-0xebffffff]
[    0.861380] pci 0000:00:1c.3:   bridge window [mem 0xe4200000-0xe42fffff 64bit pref]
[    0.861492] pci 0000:15:00.0: BAR 9: assigned [mem 0xe0000000-0xe3ffffff pref]
[    0.861590] pci 0000:15:00.0: BAR 10: assigned [mem 0xc4000000-0xc7ffffff]
[    0.861681] pci 0000:15:00.0: BAR 7: assigned [io  0x9000-0x90ff]
[    0.861789] pci 0000:15:00.0: BAR 8: assigned [io  0x9400-0x94ff]
[    0.861884] pci 0000:15:00.0: CardBus bridge to [bus 16-17]
[    0.861968] pci 0000:15:00.0:   bridge window [io  0x9000-0x90ff]
[    0.862058] pci 0000:15:00.0:   bridge window [io  0x9400-0x94ff]
[    0.862148] pci 0000:15:00.0:   bridge window [mem 0xe0000000-0xe3ffffff pref]
[    0.862243] pci 0000:15:00.0:   bridge window [mem 0xc4000000-0xc7ffffff]
[    0.862337] pci 0000:00:1e.0: PCI bridge to [bus 15-18]
[    0.862421] pci 0000:00:1e.0:   bridge window [io  0x9000-0xcfff]
[    0.862512] pci 0000:00:1e.0:   bridge window [mem 0xe4300000-0xe7ffffff]
[    0.862605] pci 0000:00:1e.0:   bridge window [mem 0xe0000000-0xe3ffffff 64bit pref]
[    0.862708] pci_bus 0000:00: resource 4 [io  0x0000-0x0cf7 window]
[    0.862713] pci_bus 0000:00: resource 5 [io  0x0d00-0xffff window]
[    0.862717] pci_bus 0000:00: resource 6 [mem 0x000a0000-0x000bffff window]
[    0.862721] pci_bus 0000:00: resource 7 [mem 0x000d0000-0x000d3fff window]
[    0.862725] pci_bus 0000:00: resource 8 [mem 0x000d4000-0x000d7fff window]
[    0.862729] pci_bus 0000:00: resource 9 [mem 0x000d8000-0x000dbfff window]
[    0.862734] pci_bus 0000:00: resource 10 [mem 0xc0000000-0xfebfffff window]
[    0.862738] pci_bus 0000:00: resource 11 [mem 0xfed40000-0xfed40fff window]
[    0.862742] pci_bus 0000:02: resource 0 [io  0x2000-0x2fff]
[    0.862747] pci_bus 0000:02: resource 1 [mem 0xee000000-0xee0fffff]
[    0.862751] pci_bus 0000:02: resource 2 [mem 0xc0000000-0xc01fffff 64bit pref]
[    0.862755] pci_bus 0000:03: resource 0 [io  0x3000-0x4fff]
[    0.862759] pci_bus 0000:03: resource 1 [mem 0xec000000-0xedffffff]
[    0.862764] pci_bus 0000:03: resource 2 [mem 0xe4000000-0xe40fffff 64bit pref]
[    0.862768] pci_bus 0000:04: resource 0 [io  0x5000-0x6fff]
[    0.862772] pci_bus 0000:04: resource 1 [mem 0xe8000000-0xe9ffffff]
[    0.862776] pci_bus 0000:04: resource 2 [mem 0xe4100000-0xe41fffff 64bit pref]
[    0.862781] pci_bus 0000:0c: resource 0 [io  0x7000-0x8fff]
[    0.862785] pci_bus 0000:0c: resource 1 [mem 0xea000000-0xebffffff]
[    0.862789] pci_bus 0000:0c: resource 2 [mem 0xe4200000-0xe42fffff 64bit pref]
[    0.862794] pci_bus 0000:15: resource 0 [io  0x9000-0xcfff]
[    0.862798] pci_bus 0000:15: resource 1 [mem 0xe4300000-0xe7ffffff]
[    0.862802] pci_bus 0000:15: resource 2 [mem 0xe0000000-0xe3ffffff 64bit pref]
[    0.862806] pci_bus 0000:15: resource 4 [io  0x0000-0x0cf7 window]
[    0.862810] pci_bus 0000:15: resource 5 [io  0x0d00-0xffff window]
[    0.862815] pci_bus 0000:15: resource 6 [mem 0x000a0000-0x000bffff window]
[    0.862819] pci_bus 0000:15: resource 7 [mem 0x000d0000-0x000d3fff window]
[    0.862823] pci_bus 0000:15: resource 8 [mem 0x000d4000-0x000d7fff window]
[    0.862827] pci_bus 0000:15: resource 9 [mem 0x000d8000-0x000dbfff window]
[    0.862831] pci_bus 0000:15: resource 10 [mem 0xc0000000-0xfebfffff window]
[    0.862835] pci_bus 0000:15: resource 11 [mem 0xfed40000-0xfed40fff window]
[    0.862840] pci_bus 0000:16: resource 0 [io  0x9000-0x90ff]
[    0.862844] pci_bus 0000:16: resource 1 [io  0x9400-0x94ff]
[    0.862848] pci_bus 0000:16: resource 2 [mem 0xe0000000-0xe3ffffff pref]
[    0.862852] pci_bus 0000:16: resource 3 [mem 0xc4000000-0xc7ffffff]
[    0.863322] NET: Registered protocol family 2
[    0.864894] tcp_listen_portaddr_hash hash table entries: 512 (order: 2, 20480 bytes)
[    0.865048] TCP established hash table entries: 8192 (order: 3, 32768 bytes)
[    0.865215] TCP bind hash table entries: 8192 (order: 6, 294912 bytes)
[    0.865826] TCP: Hash tables configured (established 8192 bind 8192)
[    0.866247] UDP hash table entries: 512 (order: 3, 40960 bytes)
[    0.866412] UDP-Lite hash table entries: 512 (order: 3, 40960 bytes)
[    0.866726] NET: Registered protocol family 1
[    0.867412] RPC: Registered named UNIX socket transport module.
[    0.867500] RPC: Registered udp transport module.
[    0.867581] RPC: Registered tcp transport module.
[    0.867662] RPC: Registered tcp NFSv4.1 backchannel transport module.
[    0.868301] pci 0000:00:02.0: Video device with shadowed ROM at [mem 0x000c0000-0x000dffff]
[    0.872682] PCI: CLS mismatch (64 != 32), using 64 bytes
[    0.875531] Initialise system trusted keyrings
[    0.876755] workingset: timestamp_bits=30 max_order=20 bucket_order=0
[    0.878917] Installing knfsd (copyright (C) 1996 okir@monad.swb.de).
[    0.879434] ntfs: driver 2.1.32 [Flags: R/W].
[    0.879755] fuse init (API version 7.28)
[    0.880454] pstore: using deflate compression
[    0.889123] Key type asymmetric registered
[    0.889211] Asymmetric key parser 'x509' registered
[    0.889425] bounce: pool size: 64 pages
[    0.889585] Block layer SCSI generic (bsg) driver version 0.4 loaded (major 249)
[    0.889692] io scheduler noop registered
[    0.889796] io scheduler deadline registered
[    0.889921] io scheduler cfq registered (default)
[    0.890001] io scheduler mq-deadline registered
[    0.890116] io scheduler bfq registered
[    0.892776] intel_idle: does not run on family 6 model 14
[    0.893252] ACPI: Deprecated procfs I/F for AC is loaded, please retry with CONFIG_ACPI_PROCFS_POWER cleared
[    0.893541] ACPI: AC Adapter [AC] (on-line)
[    0.894151] input: Lid Switch as /devices/LNXSYSTM:00/LNXSYBUS:00/PNP0C0D:00/input/input0
[    0.894431] ACPI: Lid Switch [LID]
[    0.894726] input: Sleep Button as /devices/LNXSYSTM:00/LNXSYBUS:00/PNP0C0E:00/input/input1
[    0.894894] ACPI: Sleep Button [SLPB]
[    0.895237] input: Power Button as /devices/LNXSYSTM:00/LNXPWRBN:00/input/input2
[    0.895390] ACPI: Power Button [PWRF]
[    0.895929] ACPI: Video Device [VID] (multi-head: yes  rom: no  post: no)
[    0.903940] acpi device:01: registered as cooling_device0
[    0.904426] input: Video Bus as /devices/LNXSYSTM:00/LNXSYBUS:00/PNP0A08:00/LNXVIDEO:00/input/input3
[    0.921172] thermal LNXTHERM:00: registered as thermal_zone0
[    0.921262] ACPI: Thermal Zone [THM0] (42 C)
[    0.925163] thermal LNXTHERM:01: registered as thermal_zone1
[    0.925252] ACPI: Thermal Zone [THM1] (40 C)
[    0.926252] Serial: 8250/16550 driver, 4 ports, IRQ sharing disabled
[    0.927142] serial8250: ttyS1 at I/O 0x2f8 (irq = 3, base_baud = 921600) is a NS16550A
[    0.930252] lp: driver loaded but no devices found
[    0.930562] Non-volatile memory driver v1.3
[    0.931284] intel_rng: FWH not detected
[    0.931456] Linux agpgart interface v0.103
[    0.932324] [drm] radeon kernel modesetting enabled.
[    0.933552] pci 0000:00:00.0: Intel 945GM Chipset
[    0.933662] pci 0000:00:00.0: detected gtt size: 262144K total, 262144K mappable
[    0.934360] pci 0000:00:00.0: detected 8192K stolen memory
[    0.934626] [drm] Replacing VGA console driver
[    0.935592] Console: switching to colour dummy device 80x25
[    0.938149] [drm] Supports vblank timestamp caching Rev 2 (21.10.2013).
[    0.938187] [drm] Driver supports precise vblank timestamp query.
[    0.938234] resource sanity check: requesting [mem 0x000c0000-0x000dffff], which spans more than pnp 00:00 [mem 0x000c8000-0x000cbfff]
[    0.938402] caller pci_map_rom+0x67/0x1d0 mapping multiple BARs
[    0.944106] i915 0000:00:02.0: vgaarb: changed VGA decodes: olddecodes=io+mem,decodes=io+mem:owns=io+mem
[    0.961160] battery: ACPI: Deprecated procfs I/F for battery is loaded, please retry with CONFIG_ACPI_PROCFS_POWER cleared
[    0.961243] battery: ACPI: Battery Slot [BAT0] (battery present)
[    0.997801] random: fast init done
[    1.022797] [drm] RC6 disabled, disabling runtime PM support
[    1.023024] [drm] Initialized overlay support.
[    1.024696] [drm] Initialized i915 1.6.0 20180921 for 0000:00:02.0 on minor 0
[    1.025843] usbcore: registered new interface driver udl
[    1.040284] loop: module loaded
[    1.048274] fbcon: inteldrmfb (fb0) is primary device
[    1.065356] ahci 0000:00:1f.2: version 3.0
[    1.066172] ahci 0000:00:1f.2: AHCI 0001.0100 32 slots 4 ports 1.5 Gbps 0x1 impl SATA mode
[    1.066178] ahci 0000:00:1f.2: flags: 64bit ncq pm led clo pio slum part 
[    1.068746] scsi host0: ahci
[    1.069322] scsi host1: ahci
[    1.069917] scsi host2: ahci
[    1.070431] scsi host3: ahci
[    1.070686] ata1: SATA max UDMA/133 abar m1024@0xee444400 port 0xee444500 irq 16
[    1.070688] ata2: DUMMY
[    1.070690] ata3: DUMMY
[    1.070692] ata4: DUMMY
[    1.070874] ata_piix 0000:00:1f.1: version 2.13
[    1.074122] scsi host4: ata_piix
[    1.075419] scsi host5: ata_piix
[    1.075632] ata5: PATA max UDMA/100 cmd 0x1f0 ctl 0x3f6 bmdma 0x1810 irq 14
[    1.075634] ata6: PATA max UDMA/100 cmd 0x170 ctl 0x376 bmdma 0x1818 irq 15
[    1.076936] tun: Universal TUN/TAP device driver, 1.6
[    1.077201] ata6: port disabled--ignoring
[    1.077499] e1000: Intel(R) PRO/1000 Network Driver - version 7.3.21-k8-NAPI
[    1.077501] e1000: Copyright (c) 1999-2006 Intel Corporation.
[    1.077584] e1000e: Intel(R) PRO/1000 Network Driver - 3.2.6-k
[    1.077585] e1000e: Copyright(c) 1999 - 2015 Intel Corporation.
[    1.077702] e1000e 0000:02:00.0: Disabling ASPM  L1
[    1.078403] e1000e 0000:02:00.0: Interrupt Throttling Rate (ints/sec) set to dynamic conservative mode
[    1.214628] e1000e 0000:02:00.0 eth0: (PCI Express:2.5GT/s:Width x1) 00:16:d3:25:19:04
[    1.214632] e1000e 0000:02:00.0 eth0: Intel(R) PRO/1000 Network Connection
[    1.214711] e1000e 0000:02:00.0 eth0: MAC: 2, PHY: 2, PBA No: 005302-003
[    1.214989] PPP generic driver version 2.4.2
[    1.215243] PPP BSD Compression module registered
[    1.215245] PPP Deflate Compression module registered
[    1.215250] SLIP: version 0.8.4-NET3.019-NEWTTY (dynamic channels, max=256).
[    1.215251] CSLIP: code copyright 1989 Regents of the University of California.
[    1.215351] iwl3945: Intel(R) PRO/Wireless 3945ABG/BG Network Connection driver for Linux, in-tree:ds
[    1.215353] iwl3945: Copyright(c) 2003-2011 Intel Corporation
[    1.215354] iwl3945: hw_scan is disabled
[    1.270520] iwl3945 0000:03:00.0: Tunable channels: 11 802.11bg, 13 802.11a channels
[    1.270524] iwl3945 0000:03:00.0: Detected Intel Wireless WiFi Link 3945ABG
[    1.271479] ieee80211 phy0: Selected rate control algorithm 'iwl-3945-rs'
[    1.272469] Intel(R) Wireless WiFi driver for Linux
[    1.272471] Copyright(c) 2003- 2015 Intel Corporation
[    1.272713] usbcore: registered new interface driver ax88179_178a
[    1.272764] usbcore: registered new interface driver cdc_ether
[    1.272808] usbcore: registered new interface driver net1080
[    1.272854] usbcore: registered new interface driver cdc_subset
[    1.272902] usbcore: registered new interface driver zaurus
[    1.272960] usbcore: registered new interface driver cdc_ncm
[    1.273054] pci 0000:00:1e.0: enabling device (0005 -> 0007)
[    1.273292] yenta_cardbus 0000:15:00.0: CardBus bridge found [17aa:201c]
[    1.401308] ata1: SATA link up 1.5 Gbps (SStatus 113 SControl 300)
[    1.463482] ata1.00: ACPI cmd ef/02:00:00:00:00:a0 (SET FEATURES) succeeded
[    1.463488] ata1.00: ACPI cmd f5/00:00:00:00:00:a0 (SECURITY FREEZE LOCK) filtered out
[    1.463492] ata1.00: ACPI cmd ef/10:03:00:00:00:a0 (SET FEATURES) filtered out
[    1.507547] ata1.00: ATA-9: ST1000LM014-1EJ164, SM11, max UDMA/133
[    1.507550] ata1.00: 1953525168 sectors, multi 16: LBA48 NCQ (depth 32), AA
[    1.552174] ata1.00: ACPI cmd ef/02:00:00:00:00:a0 (SET FEATURES) succeeded
[    1.552179] ata1.00: ACPI cmd f5/00:00:00:00:00:a0 (SECURITY FREEZE LOCK) filtered out
[    1.552183] ata1.00: ACPI cmd ef/10:03:00:00:00:a0 (SET FEATURES) filtered out
[    1.596298] ata1.00: configured for UDMA/133
[    1.789085] Console: switching to colour frame buffer device 102x42
[    1.911334] i915 0000:00:02.0: fb0: inteldrmfb frame buffer device
[    1.914449] scsi 0:0:0:0: Direct-Access     ATA      ST1000LM014-1EJ1 SM11 PQ: 0 ANSI: 5
[    1.918215] sd 0:0:0:0: [sda] 1953525168 512-byte logical blocks: (1.00 TB/932 GiB)
[    1.918378] sd 0:0:0:0: Attached scsi generic sg0 type 0
[    1.920821] sd 0:0:0:0: [sda] 4096-byte physical blocks
[    1.926005] sd 0:0:0:0: [sda] Write Protect is off
[    1.928462] sd 0:0:0:0: [sda] Mode Sense: 00 3a 00 00
[    1.928616] sd 0:0:0:0: [sda] Write cache: enabled, read cache: enabled, doesn't support DPO or FUA
[    1.933285]  sda: sda1 sda2 sda3 sda4
[    1.938887] sd 0:0:0:0: [sda] Attached SCSI disk
[    2.074647] yenta_cardbus 0000:15:00.0: ISA IRQ mask 0x0cb8, PCI irq 16
[    2.077252] yenta_cardbus 0000:15:00.0: Socket status: 30000006
[    2.079865] yenta_cardbus 0000:15:00.0: pcmcia: parent PCI bridge window: [io  0x9000-0xcfff]
[    2.082478] yenta_cardbus 0000:15:00.0: pcmcia: parent PCI bridge window: [mem 0xe4300000-0xe7ffffff]
[    2.085001] pcmcia_socket pcmcia_socket0: cs: memory probe 0xe4300000-0xe7ffffff:
[    2.087522]  excluding 0xe4300000-0xe46cffff
[    2.090083] yenta_cardbus 0000:15:00.0: pcmcia: parent PCI bridge window: [mem 0xe0000000-0xe3ffffff 64bit pref]
[    2.092718] pcmcia_socket pcmcia_socket0: cs: memory probe 0xe0000000-0xe3ffffff:
[    2.095432]  excluding 0xe0000000-0xe3ffffff
[    2.099163] ehci_hcd: USB 2.0 'Enhanced' Host Controller (EHCI) Driver
[    2.101858] ehci-pci: EHCI PCI platform driver
[    2.105295] ehci-pci 0000:00:1d.7: EHCI Host Controller
[    2.108300] ehci-pci 0000:00:1d.7: new USB bus registered, assigned bus number 1
[    2.111147] ehci-pci 0000:00:1d.7: debug port 1
[    2.117938] ehci-pci 0000:00:1d.7: cache line size of 64 is not supported
[    2.117990] ehci-pci 0000:00:1d.7: irq 19, io mem 0xee444000
[    2.133817] ehci-pci 0000:00:1d.7: USB 2.0 started, EHCI 1.00
[    2.137239] usb usb1: New USB device found, idVendor=1d6b, idProduct=0002, bcdDevice= 4.19
[    2.140218] usb usb1: New USB device strings: Mfr=3, Product=2, SerialNumber=1
[    2.143139] usb usb1: Product: EHCI Host Controller
[    2.146013] usb usb1: Manufacturer: Linux 4.19.0-rc6-next-20181005 ehci_hcd
[    2.148887] usb usb1: SerialNumber: 0000:00:1d.7
[    2.152471] hub 1-0:1.0: USB hub found
[    2.155399] hub 1-0:1.0: 8 ports detected
[    2.160200] ohci_hcd: USB 1.1 'Open' Host Controller (OHCI) Driver
[    2.162990] ohci-pci: OHCI PCI platform driver
[    2.165802] uhci_hcd: USB Universal Host Controller Interface driver
[    2.169088] uhci_hcd 0000:00:1d.0: UHCI Host Controller
[    2.172114] uhci_hcd 0000:00:1d.0: new USB bus registered, assigned bus number 2
[    2.174940] uhci_hcd 0000:00:1d.0: detected 2 ports
[    2.177662] uhci_hcd 0000:00:1d.0: irq 16, io base 0x00001820
[    2.180830] usb usb2: New USB device found, idVendor=1d6b, idProduct=0001, bcdDevice= 4.19
[    2.183594] usb usb2: New USB device strings: Mfr=3, Product=2, SerialNumber=1
[    2.186379] usb usb2: Product: UHCI Host Controller
[    2.189112] usb usb2: Manufacturer: Linux 4.19.0-rc6-next-20181005 uhci_hcd
[    2.191874] usb usb2: SerialNumber: 0000:00:1d.0
[    2.195155] hub 2-0:1.0: USB hub found
[    2.197906] hub 2-0:1.0: 2 ports detected
[    2.201625] uhci_hcd 0000:00:1d.1: UHCI Host Controller
[    2.204522] uhci_hcd 0000:00:1d.1: new USB bus registered, assigned bus number 3
[    2.207198] uhci_hcd 0000:00:1d.1: detected 2 ports
[    2.209861] uhci_hcd 0000:00:1d.1: irq 17, io base 0x00001840
[    2.212862] usb usb3: New USB device found, idVendor=1d6b, idProduct=0001, bcdDevice= 4.19
[    2.215525] usb usb3: New USB device strings: Mfr=3, Product=2, SerialNumber=1
[    2.218102] usb usb3: Product: UHCI Host Controller
[    2.220536] usb usb3: Manufacturer: Linux 4.19.0-rc6-next-20181005 uhci_hcd
[    2.222998] usb usb3: SerialNumber: 0000:00:1d.1
[    2.226062] hub 3-0:1.0: USB hub found
[    2.228520] hub 3-0:1.0: 2 ports detected
[    2.232105] uhci_hcd 0000:00:1d.2: UHCI Host Controller
[    2.234722] uhci_hcd 0000:00:1d.2: new USB bus registered, assigned bus number 4
[    2.237117] uhci_hcd 0000:00:1d.2: detected 2 ports
[    2.239575] uhci_hcd 0000:00:1d.2: irq 18, io base 0x00001860
[    2.242428] usb usb4: New USB device found, idVendor=1d6b, idProduct=0001, bcdDevice= 4.19
[    2.244867] usb usb4: New USB device strings: Mfr=3, Product=2, SerialNumber=1
[    2.247326] usb usb4: Product: UHCI Host Controller
[    2.249690] usb usb4: Manufacturer: Linux 4.19.0-rc6-next-20181005 uhci_hcd
[    2.252108] usb usb4: SerialNumber: 0000:00:1d.2
[    2.255136] hub 4-0:1.0: USB hub found
[    2.257585] hub 4-0:1.0: 2 ports detected
[    2.261135] uhci_hcd 0000:00:1d.3: UHCI Host Controller
[    2.263814] uhci_hcd 0000:00:1d.3: new USB bus registered, assigned bus number 5
[    2.266239] uhci_hcd 0000:00:1d.3: detected 2 ports
[    2.268620] uhci_hcd 0000:00:1d.3: irq 19, io base 0x00001880
[    2.271410] usb usb5: New USB device found, idVendor=1d6b, idProduct=0001, bcdDevice= 4.19
[    2.273865] usb usb5: New USB device strings: Mfr=3, Product=2, SerialNumber=1
[    2.276260] usb usb5: Product: UHCI Host Controller
[    2.278688] usb usb5: Manufacturer: Linux 4.19.0-rc6-next-20181005 uhci_hcd
[    2.281083] usb usb5: SerialNumber: 0000:00:1d.3
[    2.284066] hub 5-0:1.0: USB hub found
[    2.286513] hub 5-0:1.0: 2 ports detected
[    2.289787] usbcore: registered new interface driver cdc_acm
[    2.292046] cdc_acm: USB Abstract Control Model driver for USB modems and ISDN adapters
[    2.294482] usbcore: registered new interface driver usblp
[    2.296953] usbcore: registered new interface driver usb-storage
[    2.299362] usbcore: registered new interface driver ums-sddr09
[    2.301813] usbcore: registered new interface driver usbserial_generic
[    2.304146] usbserial: USB Serial support registered for generic
[    2.306522] usbcore: registered new interface driver ch341
[    2.308822] usbserial: USB Serial support registered for ch341-uart
[    2.311175] usbcore: registered new interface driver ftdi_sio
[    2.313474] usbserial: USB Serial support registered for FTDI USB Serial Device
[    2.315991] usbcore: registered new interface driver option
[    2.318342] usbserial: USB Serial support registered for GSM modem (1-port)
[    2.320829] usbcore: registered new interface driver pl2303
[    2.323261] usbserial: USB Serial support registered for pl2303
[    2.325726] usbcore: registered new interface driver ti_usb_3410_5052
[    2.328190] usbserial: USB Serial support registered for TI USB 3410 1 port adapter
[    2.330710] usbserial: USB Serial support registered for TI USB 5052 2 port adapter
[    2.333149] ftdi_elan: driver ftdi-elan
[    2.335584] usbcore: registered new interface driver ftdi-elan
[    2.338178] i8042: PNP: PS/2 Controller [PNP0303:KBD,PNP0f13:MOU] at 0x60,0x64 irq 1,12
[    2.351124] serio: i8042 KBD port at 0x60,0x64 irq 1
[    2.353585] serio: i8042 AUX port at 0x60,0x64 irq 12
[    2.356842] mousedev: PS/2 mouse device common for all mice
[    2.360396] input: PC Speaker as /devices/platform/pcspkr/input/input4
[    2.363600] rtc_cmos 00:02: RTC can wake from S4
[    2.366587] rtc_cmos 00:02: registered as rtc0
[    2.369174] rtc_cmos 00:02: alarms up to one month, y3k, 114 bytes nvram, hpet irqs
[    2.371902] usbcore: registered new interface driver uvcvideo
[    2.374415] USB Video Class driver (1.1.1)
[    2.376842] gspca_main: v2.14.0 registered
[    2.379321] usbcore: registered new interface driver sq930x
[    2.383023] device-mapper: ioctl: 4.39.0-ioctl (2018-04-03) initialised: dm-devel@redhat.com
[    2.385538] Bluetooth: HCI UART driver ver 2.3
[    2.385984] input: AT Translated Set 2 keyboard as /devices/platform/i8042/serio0/input/input5
[    2.388047] Bluetooth: HCI UART protocol H4 registered
[    2.393329] Bluetooth: HCI UART protocol BCSP registered
[    2.396053] usbcore: registered new interface driver btusb
[    2.398771] sdhci: Secure Digital Host Controller Interface driver
[    2.401326] sdhci: Copyright(c) Pierre Ossman
[    2.403969] sdhci-pci 0000:15:00.2: SDHCI controller found [1180:0822] (rev 18)
[    2.407020] sdhci-pci 0000:15:00.2: Will use DMA mode even though HW doesn't fully claim to support it.
[    2.410322] mmc0 bounce up to 128 segments into one, max segment size 65536 bytes
[    2.413158] sdhci-pci 0000:15:00.2: Will use DMA mode even though HW doesn't fully claim to support it.
[    2.416677] mmc0: SDHCI controller on PCI [0000:15:00.2] using DMA
[    2.419783] hidraw: raw HID events driver (C) Jiri Kosina
[    2.424113] usbcore: registered new interface driver usbhid
[    2.427009] usbhid: USB HID core driver
[    2.430028] sdhci-pci 0000:15:00.2: Will use DMA mode even though HW doesn't fully claim to support it.
[    2.433766] thinkpad_acpi: ThinkPad ACPI Extras v0.26
[    2.436670] thinkpad_acpi: http://ibm-acpi.sf.net/
[    2.439578] thinkpad_acpi: ThinkPad BIOS 7BETD8WW (2.19 ), EC 7BHT40WW-1.13
[    2.442495] thinkpad_acpi: Lenovo ThinkPad X60, model 17097HU
[    2.451778] thinkpad_acpi: ACPI backlight control delay disabled
[    2.455464] thinkpad_acpi: radio switch found; radios are enabled
[    2.458393] thinkpad_acpi: This ThinkPad has standard ACPI backlight brightness control, supported by the ACPI video driver
[    2.464319] thinkpad_acpi: Disabling thinkpad-acpi brightness events by default...
[    2.479047] thinkpad_acpi: rfkill switch tpacpi_bluetooth_sw: radio is unblocked
[    2.485353] thinkpad_acpi: warning: userspace override of important firmware LEDs is enabled
[    2.493967] thinkpad_acpi: Standard ACPI backlight interface available, not loading native one
[    2.497096] thinkpad_acpi: volume: disabled as there is no ALSA support in this kernel
[    2.500751] thinkpad_acpi: battery 1 registered (start 0, stop 0)
[    2.500763] battery: new extension: ThinkPad Battery Extension
[    2.507278] input: ThinkPad Extra Buttons as /devices/platform/thinkpad_acpi/input/input8
[    2.511625] gnss: GNSS driver registered with major 245
[    2.518995] snd_hda_intel 0000:00:1b.0: probe_mask set to 0x1 for device 17aa:2010
[    2.522520] usbcore: registered new interface driver snd-usb-audio
[    2.527995] NET: Registered protocol family 17
[    2.531713] Bluetooth: RFCOMM TTY layer initialized
[    2.534884] Bluetooth: RFCOMM socket layer initialized
[    2.538026] Bluetooth: RFCOMM ver 1.11
[    2.541016] Bluetooth: BNEP (Ethernet Emulation) ver 1.3
[    2.544046] Bluetooth: BNEP filters: protocol multicast
[    2.547069] Bluetooth: BNEP socket layer initialized
[    2.550032] Bluetooth: HIDP (Human Interface Emulation) ver 1.2
[    2.553008] Bluetooth: HIDP socket layer initialized
[    2.556284] microcode: sig=0x6e8, pf=0x20, revision=0x39
[    2.559858] microcode: Microcode Update Driver: v2.2.
[    2.559865] Using IPI No-Shortcut mode
[    2.566574] Loading compiled-in X.509 certificates
[    2.570732] Key type encrypted registered
[    2.574868] rtc_cmos 00:02: setting system clock to 2018-10-05 19:36:31 UTC (1538768191)
[    2.582279] snd_hda_codec_analog hdaudioC0D0: autoconfig for AD1981: line_outs=1 (0x5/0x0/0x0/0x0/0x0) type:speaker
[    2.582797] cfg80211: Loading compiled-in X.509 certificates for regulatory database
[    2.587947] snd_hda_codec_analog hdaudioC0D0:    speaker_outs=0 (0x0/0x0/0x0/0x0/0x0)
[    2.587952] snd_hda_codec_analog hdaudioC0D0:    hp_outs=0 (0x0/0x0/0x0/0x0/0x0)
[    2.587956] snd_hda_codec_analog hdaudioC0D0:    mono: mono_out=0x0
[    2.593858] cfg80211: Loaded X.509 cert 'sforshee: 00b28ddf47aef9cea7'
[    2.596571] snd_hda_codec_analog hdaudioC0D0:    inputs:
[    2.599882] platform regulatory.0: Direct firmware load for regulatory.db failed with error -2
[    2.602271] snd_hda_codec_analog hdaudioC0D0:      Mic=0x8
[    2.605119] cfg80211: failed to load regulatory.db
[    2.608028] snd_hda_codec_analog hdaudioC0D0:      CD=0x19
[    2.617077] PM: Image not found (code -22)
[    2.617126] ALSA device list:
[    2.619898]   No soundcards found.
[    2.749852] usb 4-1: new full-speed USB device number 2 using uhci_hcd
[    2.950072] usb 4-1: New USB device found, idVendor=0a12, idProduct=0001, bcdDevice=88.91
[    2.954889] usb 4-1: New USB device strings: Mfr=0, Product=2, SerialNumber=0
[    2.959654] usb 4-1: Product: CSR8510 A10
[    3.038541] psmouse serio1: trackpoint: IBM TrackPoint firmware: 0x0e, buttons: 3/3
[    3.061067] input: TPPS/2 IBM TrackPoint as /devices/platform/i8042/serio1/input/input7
[    3.070104] md: Waiting for all devices to be available before autodetect
[    3.073609] md: If you don't use raid, use raid=noautodetect
[    3.078142] md: Autodetecting RAID arrays.
[    3.080778] md: autorun ...
[    3.083384] md: ... autorun DONE.
[    3.097108] EXT4-fs (sda4): mounted filesystem with ordered data mode. Opts: (null)
[    3.099961] VFS: Mounted root (ext4 filesystem) readonly on device 8:4.
[    3.103728] devtmpfs: mounted
[    3.108285] Freeing unused kernel image memory: 608K
[    3.126071] Write protecting kernel text and read-only data: 17168k
[    3.131024] NX-protecting the kernel data: 8136k
[    3.137463] x86/mm: Checked W+X mappings: passed, no W+X pages found.
[    3.141245] rodata_test: all tests were successful
[    3.145053] x86/mm: Checking user space page tables
[    3.148911] x86/mm: Checked W+X mappings: passed, no W+X pages found.
[    3.151838] Run /sbin/init as init process
[    3.518360] random: systemd: uninitialized urandom read (16 bytes read)
[    3.525627] systemd[1]: systemd 215 running in system mode. (+PAM +AUDIT +SELINUX +IMA +SYSVINIT +LIBCRYPTSETUP +GCRYPT +ACL +XZ -SECCOMP -APPARMOR)
[    3.554039] systemd[1]: Detected architecture 'x86'.
[    3.613817] usb 5-1: new full-speed USB device number 2 using uhci_hcd
[    3.714804] systemd[1]: Failed to insert module 'ipv6'
[    3.728703] systemd[1]: Set hostname to <amd>.
[    3.816884] usb 5-1: New USB device found, idVendor=0a5c, idProduct=2110, bcdDevice= 1.00
[    3.820775] usb 5-1: New USB device strings: Mfr=1, Product=2, SerialNumber=0
[    3.825721] usb 5-1: Product: BCM2045B
[    3.830527] usb 5-1: Manufacturer: Broadcom Corp
[    3.870402] random: systemd-sysv-ge: uninitialized urandom read (16 bytes read)
[    4.274269] random: systemd-sysv-ge: uninitialized urandom read (16 bytes read)
[    4.653821] usb 5-2: new full-speed USB device number 3 using uhci_hcd
[    4.798285] systemd[1]: Binding to IPv6 address not available since kernel does not support IPv6.
[    4.802079] systemd[1]: [/lib/systemd/system/gpsd.socket:6] Failed to parse address value, ignoring: [::1]:2947
[    4.814206] systemd[1]: Starting Forward Password Requests to Wall Directory Watch.
[    4.817570] systemd[1]: Started Forward Password Requests to Wall Directory Watch.
[    4.820468] systemd[1]: Starting Remote File Systems (Pre).
[    4.829334] systemd[1]: Reached target Remote File Systems (Pre).
[    4.853837] usb 5-2: New USB device found, idVendor=0483, idProduct=2016, bcdDevice= 0.01
[    4.853841] usb 5-2: New USB device strings: Mfr=1, Product=2, SerialNumber=0
[    4.853844] usb 5-2: Product: Biometric Coprocessor
[    4.853848] usb 5-2: Manufacturer: STMicroelectronics
[    5.401161] systemd-udevd[1956]: starting version 215
[    5.741950] random: crng init done
[    5.745394] random: 7 urandom warning(s) missed due to ratelimiting
[    6.853976] EXT4-fs (sda4): re-mounted. Opts: errors=remount-ro
[    7.642789] e1000e 0000:02:00.0 eth1: renamed from eth0
[    7.658258] systemd-udevd[2434]: renamed network interface eth0 to eth1
[    8.974609] Adding 2097148k swap on /dev/sda1.  Priority:-2 extents:1 across:2097148k 
[    9.258381] EXT4-fs (sda2): mounted filesystem with ordered data mode. Opts: errors=remount-ro
[    9.924794] systemd-journald[2380]: Received request to flush runtime journal from PID 1
[   11.898676] NFSD: Using /var/lib/nfs/v4recovery as the NFSv4 state recovery directory
[   12.011613] NFSD: starting 45-second grace period (net f0000098)
[   19.319465] iwl3945 0000:03:00.0: loaded firmware version 15.32.2.9
[   22.480615] wlan0: authenticate with 00:00:00:00:00:01
[   22.483050] wlan0: send auth to 00:00:00:00:00:01 (try 1/3)
[   22.485514] wlan0: authenticated
[   22.490272] wlan0: associate with 00:00:00:00:00:01 (try 1/3)
[   22.494416] wlan0: RX AssocResp from 00:00:00:00:00:01 (capab=0x401 status=0 aid=3)
[   22.496258] wlan0: associated
[   22.822249] netlink: 16 bytes leftover after parsing attributes in process `ip'.
[   22.822446] netlink: 16 bytes leftover after parsing attributes in process `ip'.
