[    0.000000] Linux version 5.6.0-rc7-next-20200323+ (pavel@pollux.denx.de) (gcc version 9.2.1 20190827 (Red Hat 9.2.1-1) (GCC)) #102 SMP PREEMPT Mon Mar 23 19:06:10 CET 2020
[    0.000000] Disabled fast string operations
[    0.000000] x86/fpu: x87 FPU will use FXSAVE
[    0.000000] BIOS-provided physical RAM map:
[    0.000000] BIOS-e820: [mem 0x0000000000000000-0x000000000009efff] usable
[    0.000000] BIOS-e820: [mem 0x000000000009f000-0x000000000009ffff] reserved
[    0.000000] BIOS-e820: [mem 0x00000000000dc000-0x00000000000fffff] reserved
[    0.000000] BIOS-e820: [mem 0x0000000000100000-0x00000000bf6cffff] usable
[    0.000000] BIOS-e820: [mem 0x00000000bf6d0000-0x00000000bf6defff] ACPI data
[    0.000000] BIOS-e820: [mem 0x00000000bf6df000-0x00000000bf6fffff] ACPI NVS
[    0.000000] BIOS-e820: [mem 0x00000000bf700000-0x00000000bfffffff] reserved
[    0.000000] BIOS-e820: [mem 0x00000000f0000000-0x00000000f3ffffff] reserved
[    0.000000] BIOS-e820: [mem 0x00000000fec00000-0x00000000fec0ffff] reserved
[    0.000000] BIOS-e820: [mem 0x00000000fed00000-0x00000000fed003ff] reserved
[    0.000000] BIOS-e820: [mem 0x00000000fed14000-0x00000000fed19fff] reserved
[    0.000000] BIOS-e820: [mem 0x00000000fed1c000-0x00000000fed8ffff] reserved
[    0.000000] BIOS-e820: [mem 0x00000000fee00000-0x00000000fee00fff] reserved
[    0.000000] BIOS-e820: [mem 0x00000000ff800000-0x00000000ffffffff] reserved
[    0.000000] NX (Execute Disable) protection: active
[    0.000000] SMBIOS 2.4 present.
[    0.000000] DMI: LENOVO 17097HU/17097HU, BIOS 7BETD8WW (2.19 ) 03/31/2011
[    0.000000] tsc: Fast TSC calibration using PIT
[    0.000000] tsc: Detected 1828.767 MHz processor
[    0.013418] e820: update [mem 0x00000000-0x00000fff] usable ==> reserved
[    0.013424] e820: remove [mem 0x000a0000-0x000fffff] usable
[    0.013436] last_pfn = 0xbf6d0 max_arch_pfn = 0x1000000
[    0.013448] MTRR default type: uncachable
[    0.013450] MTRR fixed ranges enabled:
[    0.013454]   00000-9FFFF write-back
[    0.013457]   A0000-BFFFF uncachable
[    0.013459]   C0000-CFFFF write-protect
[    0.013462]   D0000-DBFFF uncachable
[    0.013465]   DC000-DFFFF write-back
[    0.013468]   E0000-FFFFF write-protect
[    0.013471] MTRR variable ranges enabled:
[    0.013474]   0 base 000000000 mask F80000000 write-back
[    0.013478]   1 base 080000000 mask FC0000000 write-back
[    0.013481]   2 base 0BF700000 mask FFFF00000 uncachable
[    0.013484]   3 base 0BF800000 mask FFF800000 uncachable
[    0.013486]   4 disabled
[    0.013489]   5 disabled
[    0.013491]   6 disabled
[    0.013493]   7 disabled
[    0.014590] x86/PAT: PAT not supported by the CPU.
[    0.015794] x86/PAT: Configuration [0-7]: WB  WT  UC- UC  WB  WT  UC- UC  
[    0.015816] initial memory mapped: [mem 0x00000000-0x05bfffff]
[    0.015900] BRK [0x05684000, 0x05684fff] PGTABLE
[    0.015921] BRK [0x05685000, 0x05685fff] PGTABLE
[    0.015932] ACPI: Early table checksum verification disabled
[    0.015942] ACPI: RSDP 0x00000000000F67C0 000024 (v02 LENOVO)
[    0.015950] ACPI: XSDT 0x00000000BF6D191C 000084 (v01 LENOVO TP-7B    00002190  LTP 00000000)
[    0.015963] ACPI: FACP 0x00000000BF6D1A00 0000F4 (v03 LENOVO TP-7B    00002190 LNVO 00000001)
[    0.015974] ACPI BIOS Warning (bug): 32/64X length mismatch in FADT/Gpe0Block: 64/32 (20200214/tbfadt-564)
[    0.015982] ACPI BIOS Warning (bug): Optional FADT field Gpe1Block has valid Address but zero Length: 0x000000000000102C/0x0 (20200214/tbfadt-615)
[    0.015991] ACPI: DSDT 0x00000000BF6D1D90 00CFB9 (v01 LENOVO TP-7B    00002190 MSFT 0100000E)
[    0.016000] ACPI: FACS 0x00000000BF6F4000 000040
[    0.016008] ACPI: FACS 0x00000000BF6F4000 000040
[    0.016015] ACPI: SSDT 0x00000000BF6D1BB4 0001DC (v01 LENOVO TP-7B    00002190 MSFT 0100000E)
[    0.016024] ACPI: ECDT 0x00000000BF6DED49 000052 (v01 LENOVO TP-7B    00002190 LNVO 00000001)
[    0.016033] ACPI: TCPA 0x00000000BF6DED9B 000032 (v02 LENOVO TP-7B    00002190 LNVO 00000001)
[    0.016041] ACPI: APIC 0x00000000BF6DEDCD 000068 (v01 LENOVO TP-7B    00002190 LNVO 00000001)
[    0.016050] ACPI: MCFG 0x00000000BF6DEE35 00003C (v01 LENOVO TP-7B    00002190 LNVO 00000001)
[    0.016059] ACPI: HPET 0x00000000BF6DEE71 000038 (v01 LENOVO TP-7B    00002190 LNVO 00000001)
[    0.016068] ACPI: BOOT 0x00000000BF6DEFD8 000028 (v01 LENOVO TP-7B    00002190  LTP 00000001)
[    0.016076] ACPI: SSDT 0x00000000BF6F2645 00025F (v01 LENOVO TP-7B    00002190 INTL 20050513)
[    0.016086] ACPI: SSDT 0x00000000BF6F28A4 0000A6 (v01 LENOVO TP-7B    00002190 INTL 20050513)
[    0.016094] ACPI: SSDT 0x00000000BF6F294A 0004F7 (v01 LENOVO TP-7B    00002190 INTL 20050513)
[    0.016103] ACPI: SSDT 0x00000000BF6F2E41 0001D8 (v01 LENOVO TP-7B    00002190 INTL 20050513)
[    0.016124] ACPI: Local APIC address 0xfee00000
[    0.016129] 2176MB HIGHMEM available.
[    0.016135] 885MB LOWMEM available.
[    0.016139]   mapped low ram: 0 - 375fe000
[    0.016143]   low ram: 0 - 375fe000
[    0.016154] BRK [0x05686000, 0x05686fff] PGTABLE
[    0.016159] Zone ranges:
[    0.016162]   DMA      [mem 0x0000000000001000-0x0000000000ffffff]
[    0.016168]   Normal   [mem 0x0000000001000000-0x00000000375fdfff]
[    0.016172]   HighMem  [mem 0x00000000375fe000-0x00000000bf6cffff]
[    0.016177] Movable zone start for each node
[    0.016181] Early memory node ranges
[    0.016185]   node   0: [mem 0x0000000000001000-0x000000000009efff]
[    0.016189]   node   0: [mem 0x0000000000100000-0x00000000bf6cffff]
[    0.016194] Initmem setup node 0 [mem 0x0000000000001000-0x00000000bf6cffff]
[    0.016200] On node 0 totalpages: 783982
[    0.028125]   DMA zone: 32 pages used for memmap
[    0.028130]   DMA zone: 0 pages reserved
[    0.028133]   DMA zone: 3998 pages, LIFO batch:0
[    0.028245]   Normal zone: 1740 pages used for memmap
[    0.028248]   Normal zone: 222718 pages, LIFO batch:63
[    0.033867]   HighMem zone: 557266 pages, LIFO batch:63
[    0.048081] Using APIC driver default
[    0.048099] Reserving Intel graphics memory at [mem 0xbf800000-0xbfffffff]
[    0.048584] ACPI: PM-Timer IO Port: 0x1008
[    0.048590] ACPI: Local APIC address 0xfee00000
[    0.048603] ACPI: LAPIC_NMI (acpi_id[0x00] high edge lint[0x1])
[    0.048607] ACPI: LAPIC_NMI (acpi_id[0x01] high edge lint[0x1])
[    0.048634] IOAPIC[0]: apic_id 1, version 32, address 0xfec00000, GSI 0-23
[    0.048641] ACPI: INT_SRC_OVR (bus 0 bus_irq 0 global_irq 2 dfl dfl)
[    0.048648] ACPI: INT_SRC_OVR (bus 0 bus_irq 9 global_irq 9 high level)
[    0.048653] ACPI: IRQ0 used by override.
[    0.048657] ACPI: IRQ9 used by override.
[    0.048662] Using ACPI (MADT) for SMP configuration information
[    0.048667] ACPI: HPET id: 0x8086a201 base: 0xfed00000
[    0.048678] smpboot: Allowing 2 CPUs, 0 hotplug CPUs
[    0.048717] PM: hibernation: Registered nosave memory: [mem 0x00000000-0x00000fff]
[    0.048722] PM: hibernation: Registered nosave memory: [mem 0x0009f000-0x0009ffff]
[    0.048726] PM: hibernation: Registered nosave memory: [mem 0x000a0000-0x000dbfff]
[    0.048730] PM: hibernation: Registered nosave memory: [mem 0x000dc000-0x000fffff]
[    0.048739] [mem 0xc0000000-0xefffffff] available for PCI devices
[    0.048747] clocksource: refined-jiffies: mask: 0xffffffff max_cycles: 0xffffffff, max_idle_ns: 7645519600211568 ns
[    0.048760] setup_percpu: NR_CPUS:8 nr_cpumask_bits:8 nr_cpu_ids:2 nr_node_ids:1
[    0.049045] percpu: Embedded 39 pages/cpu s127656 r0 d32088 u159744
[    0.049059] pcpu-alloc: s127656 r0 d32088 u159744 alloc=39*4096
[    0.049063] pcpu-alloc: [0] 0 [0] 1 
[    0.049095] Built 1 zonelists, mobility grouping on.  Total pages: 782210
[    0.049104] Kernel command line: BOOT_IMAGE=(hd0,2)/fast/l/linux-next-32/arch/x86/boot/bzImage root=/dev/sda4 resume=/dev/sda1
[    0.049531] Dentry cache hash table entries: 131072 (order: 7, 524288 bytes, linear)
[    0.049648] Inode-cache hash table entries: 65536 (order: 6, 262144 bytes, linear)
[    0.049690] mem auto-init: stack:off, heap alloc:off, heap free:off
[    0.081965] Initializing HighMem for node 0 (000375fe:000bf6d0)
[    0.439512] Initializing Movable for node 0 (00000000:00000000)
[    0.512575] Memory: 3021252K/3135928K available (13102K kernel code, 664K rwdata, 5320K rodata, 668K init, 2916K bss, 114676K reserved, 0K cma-reserved, 2229064K highmem)
[    0.512581] Checking if this processor honours the WP bit even in supervisor mode...Ok.
[    0.512647] random: get_random_u32 called from cache_alloc_refill+0x627/0xb00 with crng_init=0
[    0.513838] Kernel/User page tables isolation: enabled
[    0.514140] rcu: Preemptible hierarchical RCU implementation.
[    0.514145] rcu: 	RCU restricting CPUs from NR_CPUS=8 to nr_cpu_ids=2.
[    0.514150] 	Trampoline variant of Tasks RCU enabled.
[    0.514154] rcu: RCU calculated value of scheduler-enlistment delay is 25 jiffies.
[    0.514158] rcu: Adjusting geometry for rcu_fanout_leaf=16, nr_cpu_ids=2
[    0.514201] NR_IRQS: 2304, nr_irqs: 56, preallocated irqs: 16
[    0.517152] Console: colour VGA+ 80x25
[    0.525219] printk: console [tty0] enabled
[    0.525292] Lock dependency validator: Copyright (c) 2006 Red Hat, Inc., Ingo Molnar
[    0.525383] ... MAX_LOCKDEP_SUBCLASSES:  8
[    0.525455] ... MAX_LOCK_DEPTH:          48
[    0.525528] ... MAX_LOCKDEP_KEYS:        8192
[    0.525602] ... CLASSHASH_SIZE:          4096
[    0.525675] ... MAX_LOCKDEP_ENTRIES:     32768
[    0.525749] ... MAX_LOCKDEP_CHAINS:      65536
[    0.525824] ... CHAINHASH_SIZE:          32768
[    0.525898]  memory used by lock dependency info: 1797 kB
[    0.525977]  per task-struct memory footprint: 1344 bytes
[    0.526068] ACPI: Core revision 20200214
[    0.526497] clocksource: hpet: mask: 0xffffffff max_cycles: 0xffffffff, max_idle_ns: 133484882848 ns
[    0.526637] APIC: Switch to symmetric I/O mode setup
[    0.526715] Enabling APIC mode:  Flat.  Using 1 I/O APICs
[    0.527343] ..TIMER: vector=0x30 apic1=0 pin1=2 apic2=-1 pin2=-1
[    0.546636] clocksource: tsc-early: mask: 0xffffffffffffffff max_cycles: 0x1a5c50aeb17, max_idle_ns: 440795249789 ns
[    0.546763] Calibrating delay loop (skipped), value calculated using timer frequency.. 3657.53 BogoMIPS (lpj=7315068)
[    0.546887] pid_max: default: 32768 minimum: 301
[    0.547221] Mount-cache hash table entries: 2048 (order: 1, 8192 bytes, linear)
[    0.547318] Mountpoint-cache hash table entries: 2048 (order: 1, 8192 bytes, linear)
[    0.548207] Disabled fast string operations
[    0.548297] process: using mwait in idle threads
[    0.548382] Last level iTLB entries: 4KB 128, 2MB 0, 4MB 2
[    0.548464] Last level dTLB entries: 4KB 128, 2MB 0, 4MB 8, 1GB 0
[    0.548550] Spectre V1 : Mitigation: usercopy/swapgs barriers and __user pointer sanitization
[    0.548662] Spectre V2 : Mitigation: Full generic retpoline
[    0.548744] Spectre V2 : Spectre v2 / SpectreRSB mitigation: Filling RSB on context switch
[    0.548839] L1TF: System has more than MAX_PA/2 memory. L1TF mitigation not effective.
[    0.548933] L1TF: You may make it effective by booting the kernel with mem=2147483648 parameter.
[    0.549044] L1TF: However, doing so will make a part of your RAM unusable.
[    0.549132] L1TF: Reading https://www.kernel.org/doc/html/latest/admin-guide/hw-vuln/l1tf.html might help you decide.
[    0.549253] MDS: Vulnerable: Clear CPU buffers attempted, no microcode
[    0.549590] Freeing SMP alternatives memory: 44K
[    0.662400] smpboot: CPU0: Genuine Intel(R) CPU           T2400  @ 1.83GHz (family: 0x6, model: 0xe, stepping: 0x8)
[    0.682793] Performance Events: Core events, core PMU driver.
[    0.682888] ... version:                1
[    0.682962] ... bit width:              40
[    0.683036] ... generic registers:      2
[    0.683110] ... value mask:             000000ffffffffff
[    0.683190] ... max period:             000000007fffffff
[    0.683271] ... fixed-purpose events:   0
[    0.683345] ... event mask:             0000000000000003
[    0.690775] rcu: Hierarchical SRCU implementation.
[    0.702839] NMI watchdog: Enabled. Permanently consumes one hw-PMU counter.
[    0.710790] smp: Bringing up secondary CPUs ...
[    0.743263] x86: Booting SMP configuration:
[    0.743346] .... node  #0, CPUs:      #1
[    0.016238] Disabled fast string operations
[    0.745794] TSC synchronization [CPU#0 -> CPU#1]:
[    0.746035] Measured 580085 cycles TSC warp between CPUs, turning off TSC clock.
[    0.746138] tsc: Marking TSC unstable due to check_tsc_sync_source failed
[    0.746308] smp: Brought up 1 node, 2 CPUs
[    0.746308] smpboot: Max logical packages: 1
[    0.746308] smpboot: Total of 2 processors activated (7315.06 BogoMIPS)
[    0.748376] devtmpfs: initialized
[    0.748376] PM: Registering ACPI NVS region [mem 0xbf6df000-0xbf6fffff] (135168 bytes)
[    0.748376] clocksource: jiffies: mask: 0xffffffff max_cycles: 0xffffffff, max_idle_ns: 7645041785100000 ns
[    0.748376] futex hash table entries: 512 (order: 3, 32768 bytes, linear)
[    0.750956] thermal_sys: Registered thermal governor 'step_wise'
[    0.751399] NET: Registered protocol family 16
[    0.752860] cpuidle: using governor ladder
[    0.752980] cpuidle: using governor menu
[    0.753210] Simple Boot Flag at 0x35 set to 0x1
[    0.753339] ACPI FADT declares the system doesn't support PCIe ASPM, so disable it
[    0.753432] ACPI: bus type PCI registered
[    0.753749] PCI: MMCONFIG for domain 0000 [bus 00-3f] at [mem 0xf0000000-0xf3ffffff] (base 0xf0000000)
[    0.753869] PCI: MMCONFIG at [mem 0xf0000000-0xf3ffffff] reserved in E820
[    0.754793] PCI: Using MMCONFIG for extended config space
[    0.754875] PCI: Using configuration type 1 for base access
[    0.755361] mtrr: your CPUs had inconsistent variable MTRR settings
[    0.755447] mtrr: probably your BIOS does not setup all CPUs.
[    0.755529] mtrr: corrected configuration.
[    0.823157] ACPI: Added _OSI(Module Device)
[    0.823242] ACPI: Added _OSI(Processor Device)
[    0.823321] ACPI: Added _OSI(3.0 _SCP Extensions)
[    0.823400] ACPI: Added _OSI(Processor Aggregator Device)
[    0.823486] ACPI: Added _OSI(Linux-Dell-Video)
[    0.823567] ACPI: Added _OSI(Linux-Lenovo-NV-HDMI-Audio)
[    0.823650] ACPI: Added _OSI(Linux-HPI-Hybrid-Graphics)
[    0.888761] ACPI: 6 ACPI AML tables successfully acquired and loaded
[    0.892865] ACPI: EC: EC started
[    0.892938] ACPI: EC: interrupt blocked
[    0.897754] ACPI: EC: EC_CMD/EC_SC=0x66, EC_DATA=0x62
[    0.897833] ACPI: EC: Boot ECDT EC used to handle transactions
[    0.915473] ACPI: Dynamic OEM Table Load:
[    0.915567] ACPI: SSDT 0x00000000F123A000 000240 (v01 PmRef  Cpu0Ist  00000100 INTL 20050513)
[    0.919543] ACPI: Dynamic OEM Table Load:
[    0.919633] ACPI: SSDT 0x00000000F1072800 00065A (v01 PmRef  Cpu0Cst  00000100 INTL 20050513)
[    0.925935] ACPI: Dynamic OEM Table Load:
[    0.926024] ACPI: SSDT 0x00000000F1228A00 0000C8 (v01 PmRef  Cpu1Ist  00000100 INTL 20050513)
[    0.929344] ACPI: Dynamic OEM Table Load:
[    0.929431] ACPI: SSDT 0x00000000F1070B40 000085 (v01 PmRef  Cpu1Cst  00000100 INTL 20050513)
[    0.933286] ACPI: Interpreter enabled
[    0.933432] ACPI: (supports S0 S3 S4 S5)
[    0.933512] ACPI: Using IOAPIC for interrupt routing
[    0.933725] PCI: Using host bridge windows from ACPI; if necessary, use "pci=nocrs" and report a bug
[    0.934951] ACPI: Enabled 4 GPEs in block 00 to 1F
[    0.958057] ACPI: Power Resource [PUBS] (on)
[    0.959214] acpi PNP0C0A:01: ACPI dock station (docks/bays count: 1)
[    0.966946] acpi LNXIOBAY:00: ACPI dock station (docks/bays count: 2)
[    0.981326] acpi IBM0079:00: ACPI dock station (docks/bays count: 3)
[    0.983726] ACPI: PCI Interrupt Link [LNKA] (IRQs 3 4 5 6 7 9 10 *11)
[    0.984577] ACPI: PCI Interrupt Link [LNKB] (IRQs 3 4 5 6 7 9 10 *11)
[    0.985425] ACPI: PCI Interrupt Link [LNKC] (IRQs 3 4 5 6 7 9 10 *11)
[    0.986273] ACPI: PCI Interrupt Link [LNKD] (IRQs 3 4 5 6 7 9 10 *11)
[    0.987141] ACPI: PCI Interrupt Link [LNKE] (IRQs 3 4 5 6 7 9 10 *11)
[    0.987991] ACPI: PCI Interrupt Link [LNKF] (IRQs 3 4 5 6 7 9 10 *11)
[    0.988839] ACPI: PCI Interrupt Link [LNKG] (IRQs 3 4 5 6 7 9 10 *11)
[    0.989686] ACPI: PCI Interrupt Link [LNKH] (IRQs 3 4 5 6 7 9 10 *11)
[    0.990244] ACPI: PCI Root Bridge [PCI0] (domain 0000 [bus 00-ff])
[    0.990343] acpi PNP0A08:00: _OSC: OS supports [ExtendedConfig ASPM ClockPM Segments HPX-Type3]
[    0.991446] acpi PNP0A08:00: _OSC: not requesting OS control; OS requires [ExtendedConfig ASPM ClockPM MSI]
[    0.991582] acpi PNP0A08:00: [Firmware Info]: MMCONFIG for domain 0000 [bus 00-3f] only partially covers this bridge
[    0.991970] PCI host bridge to bus 0000:00
[    0.992050] pci_bus 0000:00: root bus resource [io  0x0000-0x0cf7 window]
[    0.992143] pci_bus 0000:00: root bus resource [io  0x0d00-0xffff window]
[    0.992237] pci_bus 0000:00: root bus resource [mem 0x000a0000-0x000bffff window]
[    0.992334] pci_bus 0000:00: root bus resource [mem 0x000d0000-0x000d3fff window]
[    0.992431] pci_bus 0000:00: root bus resource [mem 0x000d4000-0x000d7fff window]
[    0.992528] pci_bus 0000:00: root bus resource [mem 0x000d8000-0x000dbfff window]
[    0.992625] pci_bus 0000:00: root bus resource [mem 0xc0000000-0xfebfffff window]
[    0.992721] pci_bus 0000:00: root bus resource [mem 0xfed40000-0xfed40fff window]
[    0.992819] pci_bus 0000:00: root bus resource [bus 00-ff]
[    0.992953] pci 0000:00:00.0: [8086:27a0] type 00 class 0x060000
[    0.993508] pci 0000:00:02.0: [8086:27a2] type 00 class 0x030000
[    0.993615] pci 0000:00:02.0: reg 0x10: [mem 0xee100000-0xee17ffff]
[    0.993712] pci 0000:00:02.0: reg 0x14: [io  0x1800-0x1807]
[    0.993804] pci 0000:00:02.0: reg 0x18: [mem 0xd0000000-0xdfffffff pref]
[    0.993903] pci 0000:00:02.0: reg 0x1c: [mem 0xee200000-0xee23ffff]
[    0.994569] pci 0000:00:02.1: [8086:27a6] type 00 class 0x038000
[    0.994674] pci 0000:00:02.1: reg 0x10: [mem 0xee180000-0xee1fffff]
[    0.995268] pci 0000:00:1b.0: [8086:27d8] type 00 class 0x040300
[    0.995398] pci 0000:00:1b.0: reg 0x10: [mem 0xee240000-0xee243fff 64bit]
[    0.995651] pci 0000:00:1b.0: PME# supported from D0 D3hot D3cold
[    0.996322] pci 0000:00:1c.0: [8086:27d0] type 01 class 0x060400
[    0.996601] pci 0000:00:1c.0: PME# supported from D0 D3hot D3cold
[    0.997256] pci 0000:00:1c.1: [8086:27d2] type 01 class 0x060400
[    0.997537] pci 0000:00:1c.1: PME# supported from D0 D3hot D3cold
[    0.998195] pci 0000:00:1c.2: [8086:27d4] type 01 class 0x060400
[    0.998474] pci 0000:00:1c.2: PME# supported from D0 D3hot D3cold
[    0.999159] pci 0000:00:1c.3: [8086:27d6] type 01 class 0x060400
[    0.999438] pci 0000:00:1c.3: PME# supported from D0 D3hot D3cold
[    1.000108] pci 0000:00:1d.0: [8086:27c8] type 00 class 0x0c0300
[    1.000271] pci 0000:00:1d.0: reg 0x20: [io  0x1820-0x183f]
[    1.000916] pci 0000:00:1d.1: [8086:27c9] type 00 class 0x0c0300
[    1.001079] pci 0000:00:1d.1: reg 0x20: [io  0x1840-0x185f]
[    1.001736] pci 0000:00:1d.2: [8086:27ca] type 00 class 0x0c0300
[    1.001898] pci 0000:00:1d.2: reg 0x20: [io  0x1860-0x187f]
[    1.002560] pci 0000:00:1d.3: [8086:27cb] type 00 class 0x0c0300
[    1.002723] pci 0000:00:1d.3: reg 0x20: [io  0x1880-0x189f]
[    1.003329] pci 0000:00:1d.7: [8086:27cc] type 00 class 0x0c0320
[    1.003450] pci 0000:00:1d.7: reg 0x10: [mem 0xee444000-0xee4443ff]
[    1.003677] pci 0000:00:1d.7: PME# supported from D0 D3hot D3cold
[    1.004311] pci 0000:00:1e.0: [8086:2448] type 01 class 0x060401
[    1.005057] pci 0000:00:1f.0: [8086:27b9] type 00 class 0x060100
[    1.005297] pci 0000:00:1f.0: quirk: [io  0x1000-0x107f] claimed by ICH6 ACPI/GPIO/TCO
[    1.005401] pci 0000:00:1f.0: quirk: [io  0x1180-0x11bf] claimed by ICH6 GPIO
[    1.005499] pci 0000:00:1f.0: ICH7 LPC Generic IO decode 1 PIO at 1600 (mask 007f)
[    1.005598] pci 0000:00:1f.0: ICH7 LPC Generic IO decode 2 PIO at 15e0 (mask 000f)
[    1.005697] pci 0000:00:1f.0: ICH7 LPC Generic IO decode 3 PIO at 1680 (mask 001f)
[    1.006342] pci 0000:00:1f.1: [8086:27df] type 00 class 0x01018a
[    1.006458] pci 0000:00:1f.1: reg 0x10: [io  0x0000-0x0007]
[    1.006556] pci 0000:00:1f.1: reg 0x14: [io  0x0000-0x0003]
[    1.006654] pci 0000:00:1f.1: reg 0x18: [io  0x0000-0x0007]
[    1.006782] pci 0000:00:1f.1: reg 0x1c: [io  0x0000-0x0003]
[    1.006881] pci 0000:00:1f.1: reg 0x20: [io  0x1810-0x181f]
[    1.006996] pci 0000:00:1f.1: legacy IDE quirk: reg 0x10: [io  0x01f0-0x01f7]
[    1.007091] pci 0000:00:1f.1: legacy IDE quirk: reg 0x14: [io  0x03f6]
[    1.007182] pci 0000:00:1f.1: legacy IDE quirk: reg 0x18: [io  0x0170-0x0177]
[    1.007276] pci 0000:00:1f.1: legacy IDE quirk: reg 0x1c: [io  0x0376]
[    1.007895] pci 0000:00:1f.2: [8086:27c5] type 00 class 0x010601
[    1.008015] pci 0000:00:1f.2: reg 0x10: [io  0x18d0-0x18d7]
[    1.008113] pci 0000:00:1f.2: reg 0x14: [io  0x18c4-0x18c7]
[    1.008211] pci 0000:00:1f.2: reg 0x18: [io  0x18c8-0x18cf]
[    1.008309] pci 0000:00:1f.2: reg 0x1c: [io  0x18c0-0x18c3]
[    1.008407] pci 0000:00:1f.2: reg 0x20: [io  0x18b0-0x18bf]
[    1.008505] pci 0000:00:1f.2: reg 0x24: [mem 0xee444400-0xee4447ff]
[    1.008675] pci 0000:00:1f.2: PME# supported from D3hot
[    1.009288] pci 0000:00:1f.3: [8086:27da] type 00 class 0x0c0500
[    1.009470] pci 0000:00:1f.3: reg 0x20: [io  0x18e0-0x18ff]
[    1.010348] pci 0000:02:00.0: [8086:109a] type 00 class 0x020000
[    1.010558] pci 0000:02:00.0: reg 0x10: [mem 0xee000000-0xee01ffff]
[    1.010791] pci 0000:02:00.0: reg 0x18: [io  0x2000-0x201f]
[    1.011194] pci 0000:02:00.0: PME# supported from D0 D3hot D3cold
[    1.011766] pci 0000:00:1c.0: PCI bridge to [bus 02]
[    1.011854] pci 0000:00:1c.0:   bridge window [io  0x2000-0x2fff]
[    1.011947] pci 0000:00:1c.0:   bridge window [mem 0xee000000-0xee0fffff]
[    1.012305] pci 0000:03:00.0: [8086:4227] type 00 class 0x028000
[    1.012539] pci 0000:03:00.0: reg 0x10: [mem 0xedf00000-0xedf00fff]
[    1.013181] pci 0000:03:00.0: PME# supported from D0 D3hot D3cold
[    1.013795] pci 0000:00:1c.1: PCI bridge to [bus 03]
[    1.013882] pci 0000:00:1c.1:   bridge window [io  0x3000-0x4fff]
[    1.013974] pci 0000:00:1c.1:   bridge window [mem 0xec000000-0xedffffff]
[    1.014074] pci 0000:00:1c.1:   bridge window [mem 0xe4000000-0xe40fffff 64bit pref]
[    1.014319] pci 0000:00:1c.2: PCI bridge to [bus 04-0b]
[    1.014407] pci 0000:00:1c.2:   bridge window [io  0x5000-0x6fff]
[    1.014500] pci 0000:00:1c.2:   bridge window [mem 0xe8000000-0xe9ffffff]
[    1.014600] pci 0000:00:1c.2:   bridge window [mem 0xe4100000-0xe41fffff 64bit pref]
[    1.014875] pci 0000:00:1c.3: PCI bridge to [bus 0c-13]
[    1.014964] pci 0000:00:1c.3:   bridge window [io  0x7000-0x8fff]
[    1.015056] pci 0000:00:1c.3:   bridge window [mem 0xea000000-0xebffffff]
[    1.015156] pci 0000:00:1c.3:   bridge window [mem 0xe4200000-0xe42fffff 64bit pref]
[    1.015290] pci_bus 0000:15: extended config space not accessible
[    1.015496] pci 0000:15:00.0: [1180:0476] type 02 class 0x060700
[    1.015613] pci 0000:15:00.0: reg 0x10: [mem 0xe4300000-0xe4300fff]
[    1.015772] pci 0000:15:00.0: supports D1 D2
[    1.015852] pci 0000:15:00.0: PME# supported from D0 D1 D2 D3hot D3cold
[    1.016319] pci 0000:15:00.1: [1180:0552] type 00 class 0x0c0010
[    1.016433] pci 0000:15:00.1: reg 0x10: [mem 0xe4301000-0xe43017ff]
[    1.016667] pci 0000:15:00.1: PME# supported from D0 D3hot D3cold
[    1.016994] pci 0000:15:00.2: [1180:0822] type 00 class 0x080500
[    1.017109] pci 0000:15:00.2: reg 0x10: [mem 0xe4301800-0xe43018ff]
[    1.017342] pci 0000:15:00.2: supports D1 D2
[    1.017422] pci 0000:15:00.2: PME# supported from D0 D1 D2 D3hot D3cold
[    1.017803] pci 0000:00:1e.0: PCI bridge to [bus 15-18] (subtractive decode)
[    1.017901] pci 0000:00:1e.0:   bridge window [io  0x9000-0xcfff]
[    1.017994] pci 0000:00:1e.0:   bridge window [mem 0xe4300000-0xe7ffffff]
[    1.018094] pci 0000:00:1e.0:   bridge window [mem 0xe0000000-0xe3ffffff 64bit pref]
[    1.018194] pci 0000:00:1e.0:   bridge window [io  0x0000-0x0cf7 window] (subtractive decode)
[    1.018312] pci 0000:00:1e.0:   bridge window [io  0x0d00-0xffff window] (subtractive decode)
[    1.018430] pci 0000:00:1e.0:   bridge window [mem 0x000a0000-0x000bffff window] (subtractive decode)
[    1.018550] pci 0000:00:1e.0:   bridge window [mem 0x000d0000-0x000d3fff window] (subtractive decode)
[    1.018671] pci 0000:00:1e.0:   bridge window [mem 0x000d4000-0x000d7fff window] (subtractive decode)
[    1.018772] pci 0000:00:1e.0:   bridge window [mem 0x000d8000-0x000dbfff window] (subtractive decode)
[    1.018893] pci 0000:00:1e.0:   bridge window [mem 0xc0000000-0xfebfffff window] (subtractive decode)
[    1.019013] pci 0000:00:1e.0:   bridge window [mem 0xfed40000-0xfed40fff window] (subtractive decode)
[    1.019174] pci_bus 0000:16: extended config space not accessible
[    1.019361] pci_bus 0000:16: busn_res: [bus 16-18] end is updated to 17
[    1.019505] pci_bus 0000:00: on NUMA node 0
[    1.026272] ACPI: EC: interrupt unblocked
[    1.026353] ACPI: EC: event unblocked
[    1.026435] ACPI: EC: EC_CMD/EC_SC=0x66, EC_DATA=0x62
[    1.026777] ACPI: EC: GPE=0x1c
[    1.026852] ACPI: \_SB_.PCI0.LPC_.EC__: Boot ECDT EC initialization complete
[    1.026947] ACPI: \_SB_.PCI0.LPC_.EC__: EC: Used to handle transactions and events
[    1.027859] pci 0000:00:02.0: vgaarb: setting as boot VGA device
[    1.027859] pci 0000:00:02.0: vgaarb: VGA device added: decodes=io+mem,owns=io+mem,locks=none
[    1.027859] pci 0000:00:02.0: vgaarb: bridge control possible
[    1.027859] vgaarb: loaded
[    1.027900] SCSI subsystem initialized
[    1.028165] libata version 3.00 loaded.
[    1.028165] ACPI: bus type USB registered
[    1.031009] usbcore: registered new interface driver usbfs
[    1.031164] usbcore: registered new interface driver hub
[    1.031414] usbcore: registered new device driver usb
[    1.031414] mc: Linux media interface: v0.10
[    1.031414] videodev: Linux video capture interface: v2.00
[    1.031414] pps_core: LinuxPPS API ver. 1 registered
[    1.031414] pps_core: Software ver. 5.3.6 - Copyright 2005-2007 Rodolfo Giometti <giometti@linux.it>
[    1.031414] PTP clock support registered
[    1.031414] EDAC MC: Ver: 3.0.0
[    1.031414] Advanced Linux Sound Architecture Driver Initialized.
[    1.031414] PCI: Using ACPI for IRQ routing
[    1.034798] PCI: pci_cache_line_size set to 64 bytes
[    1.034798] e820: reserve RAM buffer [mem 0x0009f000-0x0009ffff]
[    1.034798] e820: reserve RAM buffer [mem 0xbf6d0000-0xbfffffff]
[    1.034980] Bluetooth: Core ver 2.22
[    1.035067] NET: Registered protocol family 31
[    1.035141] Bluetooth: HCI device and connection manager initialized
[    1.035237] Bluetooth: HCI socket layer initialized
[    1.038769] Bluetooth: L2CAP socket layer initialized
[    1.038769] Bluetooth: SCO socket layer initialized
[    1.038880] clocksource: Switched to clocksource hpet
[    1.038880] pnp: PnP ACPI init
[    1.043012] system 00:00: [mem 0x00000000-0x0009ffff] could not be reserved
[    1.043129] system 00:00: [mem 0x000c0000-0x000c3fff] could not be reserved
[    1.043229] system 00:00: [mem 0x000c4000-0x000c7fff] could not be reserved
[    1.043326] system 00:00: [mem 0x000c8000-0x000cbfff] has been reserved
[    1.043420] system 00:00: [mem 0x000cc000-0x000cffff] has been reserved
[    1.043516] system 00:00: [mem 0x000dc000-0x000dffff] could not be reserved
[    1.043614] system 00:00: [mem 0x000e0000-0x000e3fff] could not be reserved
[    1.043712] system 00:00: [mem 0x000e4000-0x000e7fff] could not be reserved
[    1.043809] system 00:00: [mem 0x000e8000-0x000ebfff] could not be reserved
[    1.043906] system 00:00: [mem 0x000ec000-0x000effff] could not be reserved
[    1.044003] system 00:00: [mem 0x000f0000-0x000fffff] could not be reserved
[    1.044101] system 00:00: [mem 0x00100000-0xbfffffff] could not be reserved
[    1.044198] system 00:00: [mem 0xfec00000-0xfed3ffff] could not be reserved
[    1.044295] system 00:00: [mem 0xfed41000-0xffffffff] could not be reserved
[    1.044439] system 00:00: Plug and Play ACPI device, IDs PNP0c01 (active)
[    1.044933] system 00:01: [io  0x164e-0x164f] has been reserved
[    1.045026] system 00:01: [io  0x1000-0x107f] has been reserved
[    1.045125] system 00:01: [io  0x1180-0x11bf] has been reserved
[    1.045216] system 00:01: [io  0x0800-0x080f] has been reserved
[    1.045306] system 00:01: [io  0x15e0-0x15ef] has been reserved
[    1.045398] system 00:01: [io  0x1600-0x165f] could not be reserved
[    1.045491] system 00:01: [mem 0xf0000000-0xf3ffffff] has been reserved
[    1.045585] system 00:01: [mem 0xfed1c000-0xfed1ffff] has been reserved
[    1.045679] system 00:01: [mem 0xfed14000-0xfed17fff] has been reserved
[    1.045773] system 00:01: [mem 0xfed18000-0xfed18fff] has been reserved
[    1.045867] system 00:01: [mem 0xfed19000-0xfed19fff] has been reserved
[    1.045995] system 00:01: Plug and Play ACPI device, IDs PNP0c02 (active)
[    1.046304] pnp 00:02: Plug and Play ACPI device, IDs PNP0b00 (active)
[    1.046439] pnp 00:03: Plug and Play ACPI device, IDs PNP0303 (active)
[    1.046584] pnp 00:04: Plug and Play ACPI device, IDs IBM3780 PNP0f13 (active)
[    1.047426] pnp 00:05: [dma 3]
[    1.047632] pnp 00:05: Plug and Play ACPI device, IDs IBM0071 PNP0511 (active)
[    1.047862] pnp 00:06: Plug and Play ACPI device, IDs ATM1200 PNP0c31 (active)
[    1.050237] pnp: PnP ACPI: found 7 devices
[    1.096137] clocksource: acpi_pm: mask: 0xffffff max_cycles: 0xffffff, max_idle_ns: 2085701024 ns
[    1.096271] pci 0000:00:1c.0: bridge window [mem 0x00100000-0x000fffff 64bit pref] to [bus 02] add_size 200000 add_align 100000
[    1.096437] pci 0000:00:1c.0: BAR 9: assigned [mem 0xc0000000-0xc01fffff 64bit pref]
[    1.096536] pci 0000:00:1c.0: PCI bridge to [bus 02]
[    1.096618] pci 0000:00:1c.0:   bridge window [io  0x2000-0x2fff]
[    1.096710] pci 0000:00:1c.0:   bridge window [mem 0xee000000-0xee0fffff]
[    1.096803] pci 0000:00:1c.0:   bridge window [mem 0xc0000000-0xc01fffff 64bit pref]
[    1.096904] pci 0000:00:1c.1: PCI bridge to [bus 03]
[    1.096986] pci 0000:00:1c.1:   bridge window [io  0x3000-0x4fff]
[    1.097077] pci 0000:00:1c.1:   bridge window [mem 0xec000000-0xedffffff]
[    1.097169] pci 0000:00:1c.1:   bridge window [mem 0xe4000000-0xe40fffff 64bit pref]
[    1.097270] pci 0000:00:1c.2: PCI bridge to [bus 04-0b]
[    1.097353] pci 0000:00:1c.2:   bridge window [io  0x5000-0x6fff]
[    1.097444] pci 0000:00:1c.2:   bridge window [mem 0xe8000000-0xe9ffffff]
[    1.097536] pci 0000:00:1c.2:   bridge window [mem 0xe4100000-0xe41fffff 64bit pref]
[    1.097637] pci 0000:00:1c.3: PCI bridge to [bus 0c-13]
[    1.097720] pci 0000:00:1c.3:   bridge window [io  0x7000-0x8fff]
[    1.097811] pci 0000:00:1c.3:   bridge window [mem 0xea000000-0xebffffff]
[    1.097904] pci 0000:00:1c.3:   bridge window [mem 0xe4200000-0xe42fffff 64bit pref]
[    1.098015] pci 0000:15:00.0: BAR 9: assigned [mem 0xe0000000-0xe3ffffff pref]
[    1.098111] pci 0000:15:00.0: BAR 10: assigned [mem 0xc4000000-0xc7ffffff]
[    1.098201] pci 0000:15:00.0: BAR 7: assigned [io  0x9000-0x90ff]
[    1.098287] pci 0000:15:00.0: BAR 8: assigned [io  0x9400-0x94ff]
[    1.098381] pci 0000:15:00.0: CardBus bridge to [bus 16-17]
[    1.098464] pci 0000:15:00.0:   bridge window [io  0x9000-0x90ff]
[    1.098553] pci 0000:15:00.0:   bridge window [io  0x9400-0x94ff]
[    1.098642] pci 0000:15:00.0:   bridge window [mem 0xe0000000-0xe3ffffff pref]
[    1.098737] pci 0000:15:00.0:   bridge window [mem 0xc4000000-0xc7ffffff]
[    1.098850] pci 0000:00:1e.0: PCI bridge to [bus 15-18]
[    1.098933] pci 0000:00:1e.0:   bridge window [io  0x9000-0xcfff]
[    1.099023] pci 0000:00:1e.0:   bridge window [mem 0xe4300000-0xe7ffffff]
[    1.099116] pci 0000:00:1e.0:   bridge window [mem 0xe0000000-0xe3ffffff 64bit pref]
[    1.099217] pci_bus 0000:00: resource 4 [io  0x0000-0x0cf7 window]
[    1.099304] pci_bus 0000:00: resource 5 [io  0x0d00-0xffff window]
[    1.099390] pci_bus 0000:00: resource 6 [mem 0x000a0000-0x000bffff window]
[    1.099480] pci_bus 0000:00: resource 7 [mem 0x000d0000-0x000d3fff window]
[    1.099569] pci_bus 0000:00: resource 8 [mem 0x000d4000-0x000d7fff window]
[    1.099659] pci_bus 0000:00: resource 9 [mem 0x000d8000-0x000dbfff window]
[    1.099749] pci_bus 0000:00: resource 10 [mem 0xc0000000-0xfebfffff window]
[    1.099839] pci_bus 0000:00: resource 11 [mem 0xfed40000-0xfed40fff window]
[    1.099929] pci_bus 0000:02: resource 0 [io  0x2000-0x2fff]
[    1.100012] pci_bus 0000:02: resource 1 [mem 0xee000000-0xee0fffff]
[    1.100098] pci_bus 0000:02: resource 2 [mem 0xc0000000-0xc01fffff 64bit pref]
[    1.100190] pci_bus 0000:03: resource 0 [io  0x3000-0x4fff]
[    1.100273] pci_bus 0000:03: resource 1 [mem 0xec000000-0xedffffff]
[    1.100359] pci_bus 0000:03: resource 2 [mem 0xe4000000-0xe40fffff 64bit pref]
[    1.100450] pci_bus 0000:04: resource 0 [io  0x5000-0x6fff]
[    1.100533] pci_bus 0000:04: resource 1 [mem 0xe8000000-0xe9ffffff]
[    1.100620] pci_bus 0000:04: resource 2 [mem 0xe4100000-0xe41fffff 64bit pref]
[    1.100711] pci_bus 0000:0c: resource 0 [io  0x7000-0x8fff]
[    1.100794] pci_bus 0000:0c: resource 1 [mem 0xea000000-0xebffffff]
[    1.100880] pci_bus 0000:0c: resource 2 [mem 0xe4200000-0xe42fffff 64bit pref]
[    1.100972] pci_bus 0000:15: resource 0 [io  0x9000-0xcfff]
[    1.101055] pci_bus 0000:15: resource 1 [mem 0xe4300000-0xe7ffffff]
[    1.101142] pci_bus 0000:15: resource 2 [mem 0xe0000000-0xe3ffffff 64bit pref]
[    1.101233] pci_bus 0000:15: resource 4 [io  0x0000-0x0cf7 window]
[    1.101319] pci_bus 0000:15: resource 5 [io  0x0d00-0xffff window]
[    1.101405] pci_bus 0000:15: resource 6 [mem 0x000a0000-0x000bffff window]
[    1.101495] pci_bus 0000:15: resource 7 [mem 0x000d0000-0x000d3fff window]
[    1.101585] pci_bus 0000:15: resource 8 [mem 0x000d4000-0x000d7fff window]
[    1.101674] pci_bus 0000:15: resource 9 [mem 0x000d8000-0x000dbfff window]
[    1.101764] pci_bus 0000:15: resource 10 [mem 0xc0000000-0xfebfffff window]
[    1.101854] pci_bus 0000:15: resource 11 [mem 0xfed40000-0xfed40fff window]
[    1.101944] pci_bus 0000:16: resource 0 [io  0x9000-0x90ff]
[    1.102027] pci_bus 0000:16: resource 1 [io  0x9400-0x94ff]
[    1.102111] pci_bus 0000:16: resource 2 [mem 0xe0000000-0xe3ffffff pref]
[    1.102200] pci_bus 0000:16: resource 3 [mem 0xc4000000-0xc7ffffff]
[    1.102735] NET: Registered protocol family 2
[    1.103358] tcp_listen_portaddr_hash hash table entries: 512 (order: 2, 20480 bytes, linear)
[    1.103509] TCP established hash table entries: 8192 (order: 3, 32768 bytes, linear)
[    1.103668] TCP bind hash table entries: 8192 (order: 6, 294912 bytes, linear)
[    1.104235] TCP: Hash tables configured (established 8192 bind 8192)
[    1.104626] UDP hash table entries: 512 (order: 3, 40960 bytes, linear)
[    1.104789] UDP-Lite hash table entries: 512 (order: 3, 40960 bytes, linear)
[    1.105080] NET: Registered protocol family 1
[    1.105826] RPC: Registered named UNIX socket transport module.
[    1.105914] RPC: Registered udp transport module.
[    1.105995] RPC: Registered tcp transport module.
[    1.106075] RPC: Registered tcp NFSv4.1 backchannel transport module.
[    1.110690] pci 0000:00:02.0: Video device with shadowed ROM at [mem 0x000c0000-0x000dffff]
[    1.114107] pci 0000:15:00.0: CLS mismatch (64 != 32), using 64 bytes
[    1.114314] PCI-DMA: Using software bounce buffering for IO (SWIOTLB)
[    1.114402] software IO TLB: mapped [mem 0x31cfc000-0x35cfc000] (64MB)
[    1.117442] Initialise system trusted keyrings
[    1.117683] workingset: timestamp_bits=30 max_order=20 bucket_order=0
[    1.124006] Installing knfsd (copyright (C) 1996 okir@monad.swb.de).
[    1.124722] ntfs: driver 2.1.32 [Flags: R/W].
[    1.125035] fuse: init (API version 7.31)
[    1.135154] Key type asymmetric registered
[    1.135241] Asymmetric key parser 'x509' registered
[    1.135450] bounce: pool size: 64 pages
[    1.135596] Block layer SCSI generic (bsg) driver version 0.4 loaded (major 249)
[    1.135699] io scheduler mq-deadline registered
[    1.135814] io scheduler bfq registered
[    1.139005] intel_idle: MWAIT substates: 0x22220
[    1.139754] ACPI: \_PR_.CPU0: Found 3 idle states
[    1.140615] ACPI: \_PR_.CPU1: Found 3 idle states
[    1.140694] intel_idle: ACPI _CST not found or not usable
[    1.141166] ACPI: Deprecated procfs I/F for AC is loaded, please retry with CONFIG_ACPI_PROCFS_POWER cleared
[    1.141675] ACPI: AC Adapter [AC] (on-line)
[    1.142077] input: Lid Switch as /devices/LNXSYSTM:00/LNXSYBUS:00/PNP0C0D:00/input/input0
[    1.147051] ACPI: Lid Switch [LID]
[    1.147336] input: Sleep Button as /devices/LNXSYSTM:00/LNXSYBUS:00/PNP0C0E:00/input/input1
[    1.150976] ACPI: Sleep Button [SLPB]
[    1.151311] input: Power Button as /devices/LNXSYSTM:00/LNXPWRBN:00/input/input2
[    1.155586] ACPI: Power Button [PWRF]
[    1.156091] ACPI: Video Device [VID] (multi-head: yes  rom: no  post: no)
[    1.164185] acpi device:01: registered as cooling_device0
[    1.164683] input: Video Bus as /devices/LNXSYSTM:00/LNXSYBUS:00/PNP0A08:00/LNXVIDEO:00/input/input3
[    1.166019] ACPI: \_PR_.CPU0: Found 3 idle states
[    1.175117] ACPI: \_PR_.CPU1: Found 3 idle states
[    1.185935] thermal LNXTHERM:00: registered as thermal_zone0
[    1.186023] ACPI: Thermal Zone [THM0] (66 C)
[    1.189838] thermal LNXTHERM:01: registered as thermal_zone1
[    1.189926] ACPI: Thermal Zone [THM1] (66 C)
[    1.191206] Serial: 8250/16550 driver, 4 ports, IRQ sharing disabled
[    1.192345] serial8250: ttyS1 at I/O 0x2f8 (irq = 3, base_baud = 921600) is a NS16550A
[    1.194087] lp: driver loaded but no devices found
[    1.194363] Non-volatile memory driver v1.3
[    1.194979] intel_rng: FWH not detected
[    1.195109] Linux agpgart interface v0.103
[    1.195785] [drm] radeon kernel modesetting enabled.
[    1.197962] pci 0000:00:00.0: Intel 945GM Chipset
[    1.198073] pci 0000:00:00.0: detected gtt size: 262144K total, 262144K mappable
[    1.198744] pci 0000:00:00.0: detected 8192K stolen memory
[    1.199195] i915 0000:00:02.0: vgaarb: deactivate vga console
[    1.200228] Console: switching to colour dummy device 80x25
[    1.201761] [drm] Supports vblank timestamp caching Rev 2 (21.10.2013).
[    1.201822] resource sanity check: requesting [mem 0x000c0000-0x000dffff], which spans more than pnp 00:00 [mem 0x000c8000-0x000cbfff]
[    1.201895] caller pci_map_rom+0x6f/0x174 mapping multiple BARs
[    1.203456] i915 0000:00:02.0: vgaarb: changed VGA decodes: olddecodes=io+mem,decodes=io+mem:owns=io+mem
[    1.214453] random: fast init done
[    1.224018] i915 0000:00:02.0: [drm] Initialized overlay support.
[    1.224290] battery: ACPI: Deprecated procfs I/F for battery is loaded, please retry with CONFIG_ACPI_PROCFS_POWER cleared
[    1.224449] battery: ACPI: Battery Slot [BAT0] (battery present)
[    1.225718] [drm] Initialized i915 1.6.0 20200313 for 0000:00:02.0 on minor 0
[    1.227252] usbcore: registered new interface driver udl
[    1.241254] loop: module loaded
[    1.242177] fbcon: i915drmfb (fb0) is primary device
[    1.299470] ahci 0000:00:1f.2: version 3.0
[    1.300202] ahci 0000:00:1f.2: AHCI 0001.0100 32 slots 4 ports 1.5 Gbps 0x1 impl SATA mode
[    1.300207] ahci 0000:00:1f.2: flags: 64bit ncq pm led clo pio slum part 
[    1.302694] scsi host0: ahci
[    1.303455] scsi host1: ahci
[    1.304024] scsi host2: ahci
[    1.304600] scsi host3: ahci
[    1.304923]  ata1: SATA max UDMA/133 abar m1024@0xee444400 port 0xee444500 irq 16
[    1.304926]  ata2: DUMMY
[    1.304928]  ata3: DUMMY
[    1.304930]  ata4: DUMMY
[    1.305416] ata_piix 0000:00:1f.1: version 2.13
[    1.308512] scsi host4: ata_piix
[    1.309025] scsi host5: ata_piix
[    1.309254]  ata5: PATA max UDMA/100 cmd 0x1f0 ctl 0x3f6 bmdma 0x1810 irq 14
[    1.309257]  ata6: PATA max UDMA/100 cmd 0x170 ctl 0x376 bmdma 0x1818 irq 15
[    1.310705] tun: Universal TUN/TAP device driver, 1.6
[    1.311302] e1000: Intel(R) PRO/1000 Network Driver - version 7.3.21-k8-NAPI
[    1.311304] e1000: Copyright (c) 1999-2006 Intel Corporation.
[    1.311380] e1000e: Intel(R) PRO/1000 Network Driver - 3.2.6-k
[    1.311381] e1000e: Copyright(c) 1999 - 2015 Intel Corporation.
[    1.311495] e1000e 0000:02:00.0: Disabling ASPM  L1
[    1.311499] e1000e 0000:02:00.0: can't disable ASPM; OS doesn't have ASPM control
[    1.311923] e1000e 0000:02:00.0: Interrupt Throttling Rate (ints/sec) set to dynamic conservative mode
[    1.422291] e1000e 0000:02:00.0 eth0: (PCI Express:2.5GT/s:Width x1) 00:16:d3:25:19:04
[    1.422321] e1000e 0000:02:00.0 eth0: Intel(R) PRO/1000 Network Connection
[    1.422400] e1000e 0000:02:00.0 eth0: MAC: 2, PHY: 2, PBA No: 005302-003
[    1.422873] PPP generic driver version 2.4.2
[    1.423104] PPP BSD Compression module registered
[    1.423108] PPP Deflate Compression module registered
[    1.423110] SLIP: version 0.8.4-NET3.019-NEWTTY (dynamic channels, max=256).
[    1.423111] CSLIP: code copyright 1989 Regents of the University of California.
[    1.423205] iwl3945: Intel(R) PRO/Wireless 3945ABG/BG Network Connection driver for Linux, in-tree:ds
[    1.423206] iwl3945: Copyright(c) 2003-2011 Intel Corporation
[    1.423208] iwl3945: hw_scan is disabled
[    1.423401] iwl3945 0000:03:00.0: can't disable ASPM; OS doesn't have ASPM control
[    1.477907] iwl3945 0000:03:00.0: Tunable channels: 11 802.11bg, 13 802.11a channels
[    1.477910] iwl3945 0000:03:00.0: Detected Intel Wireless WiFi Link 3945ABG
[    1.488448] ieee80211 phy0: Selected rate control algorithm 'iwl-3945-rs'
[    1.489758] Intel(R) Wireless WiFi driver for Linux
[    1.489759] Copyright(c) 2003- 2015 Intel Corporation
[    1.489980] usbcore: registered new interface driver ax88179_178a
[    1.490090] usbcore: registered new interface driver cdc_ether
[    1.490202] usbcore: registered new interface driver net1080
[    1.490324] usbcore: registered new interface driver cdc_subset
[    1.490431] usbcore: registered new interface driver zaurus
[    1.490553] usbcore: registered new interface driver cdc_ncm
[    1.490634] pci 0000:00:1e.0: enabling device (0005 -> 0007)
[    1.490891] yenta_cardbus 0000:15:00.0: CardBus bridge found [17aa:201c]
[    1.618677]  link1: SATA link up 1.5 Gbps (SStatus 113 SControl 300)
[    1.681048]  dev1.0: ACPI cmd f5/00:00:00:00:00:a0(SECURITY FREEZE LOCK) filtered out
[    1.681052]  dev1.0: ACPI cmd ef/10:03:00:00:00:a0(SET FEATURES) filtered out
[    1.725046]  dev1.0: ATA-9: ST1000LM014-1EJ164, SM11, max UDMA/133
[    1.725049]  dev1.0: 1953525168 sectors, multi 16: LBA48 NCQ (depth 32), AA
[    1.769757]  dev1.0: ACPI cmd f5/00:00:00:00:00:a0(SECURITY FREEZE LOCK) filtered out
[    1.769761]  dev1.0: ACPI cmd ef/10:03:00:00:00:a0(SET FEATURES) filtered out
[    1.813797]  dev1.0: configured for UDMA/133
[    1.935099] Console: switching to colour frame buffer device 102x42
[    2.073130] i915 0000:00:02.0: fb0: i915drmfb frame buffer device
[    2.076584] scsi 0:0:0:0: Direct-Access     ATA      ST1000LM014-1EJ1 SM11 PQ: 0 ANSI: 5
[    2.080429] sd 0:0:0:0: Attached scsi generic sg0 type 0
[    2.080771] sd 0:0:0:0: [sda] 1953525168 512-byte logical blocks: (1.00 TB/932 GiB)
[    2.086115] sd 0:0:0:0: [sda] 4096-byte physical blocks
[    2.089028] sd 0:0:0:0: [sda] Write Protect is off
[    2.091854] sd 0:0:0:0: [sda] Mode Sense: 00 3a 00 00
[    2.091978] sd 0:0:0:0: [sda] Write cache: enabled, read cache: enabled, doesn't support DPO or FUA
[    2.101600]  sda: sda1 sda2 sda3 sda4
[    2.106759] sd 0:0:0:0: [sda] Attached SCSI disk
[    2.243646] yenta_cardbus 0000:15:00.0: ISA IRQ mask 0x0cb8, PCI irq 16
[    2.246515] yenta_cardbus 0000:15:00.0: Socket status: 30000006
[    2.249381] yenta_cardbus 0000:15:00.0: pcmcia: parent PCI bridge window: [io  0x9000-0xcfff]
[    2.252224] yenta_cardbus 0000:15:00.0: pcmcia: parent PCI bridge window: [mem 0xe4300000-0xe7ffffff]
[    2.255001] pcmcia_socket pcmcia_socket0: cs: memory probe 0xe4300000-0xe7ffffff:
[    2.257800]  excluding 0xe4300000-0xe46cffff
[    2.260608] yenta_cardbus 0000:15:00.0: pcmcia: parent PCI bridge window: [mem 0xe0000000-0xe3ffffff 64bit pref]
[    2.263549] pcmcia_socket pcmcia_socket0: cs: memory probe 0xe0000000-0xe3ffffff:
[    2.266536]  excluding 0xe0000000-0xe3ffffff
[    2.270516] ehci_hcd: USB 2.0 'Enhanced' Host Controller (EHCI) Driver
[    2.273479] ehci-pci: EHCI PCI platform driver
[    2.276923] ehci-pci 0000:00:1d.7: EHCI Host Controller
[    2.280213] ehci-pci 0000:00:1d.7: new USB bus registered, assigned bus number 1
[    2.283338] ehci-pci 0000:00:1d.7: debug port 1
[    2.290388] ehci-pci 0000:00:1d.7: cache line size of 64 is not supported
[    2.293613] ehci-pci 0000:00:1d.7: irq 19, io mem 0xee444000
[    2.310879] ehci-pci 0000:00:1d.7: USB 2.0 started, EHCI 1.00
[    2.314341] usb usb1: New USB device found, idVendor=1d6b, idProduct=0002, bcdDevice= 5.06
[    2.317613] usb usb1: New USB device strings: Mfr=3, Product=2, SerialNumber=1
[    2.320843] usb usb1: Product: EHCI Host Controller
[    2.324001] usb usb1: Manufacturer: Linux 5.6.0-rc7-next-20200323+ ehci_hcd
[    2.327216] usb usb1: SerialNumber: 0000:00:1d.7
[    2.331470] hub 1-0:1.0: USB hub found
[    2.334636] hub 1-0:1.0: 8 ports detected
[    2.339712] ohci_hcd: USB 1.1 'Open' Host Controller (OHCI) Driver
[    2.342818] ohci-pci: OHCI PCI platform driver
[    2.345922] uhci_hcd: USB Universal Host Controller Interface driver
[    2.349547] uhci_hcd 0000:00:1d.0: UHCI Host Controller
[    2.352910] uhci_hcd 0000:00:1d.0: new USB bus registered, assigned bus number 2
[    2.356019] uhci_hcd 0000:00:1d.0: detected 2 ports
[    2.359054] uhci_hcd 0000:00:1d.0: irq 16, io base 0x00001820
[    2.362263] usb usb2: New USB device found, idVendor=1d6b, idProduct=0001, bcdDevice= 5.06
[    2.365335] usb usb2: New USB device strings: Mfr=3, Product=2, SerialNumber=1
[    2.368417] usb usb2: Product: UHCI Host Controller
[    2.371434] usb usb2: Manufacturer: Linux 5.6.0-rc7-next-20200323+ uhci_hcd
[    2.374415] usb usb2: SerialNumber: 0000:00:1d.0
[    2.378026] hub 2-0:1.0: USB hub found
[    2.381013] hub 2-0:1.0: 2 ports detected
[    2.385054] uhci_hcd 0000:00:1d.1: UHCI Host Controller
[    2.388222] uhci_hcd 0000:00:1d.1: new USB bus registered, assigned bus number 3
[    2.391215] uhci_hcd 0000:00:1d.1: detected 2 ports
[    2.394092] uhci_hcd 0000:00:1d.1: irq 17, io base 0x00001840
[    2.397159] usb usb3: New USB device found, idVendor=1d6b, idProduct=0001, bcdDevice= 5.06
[    2.400009] usb usb3: New USB device strings: Mfr=3, Product=2, SerialNumber=1
[    2.402753] usb usb3: Product: UHCI Host Controller
[    2.405447] usb usb3: Manufacturer: Linux 5.6.0-rc7-next-20200323+ uhci_hcd
[    2.408171] usb usb3: SerialNumber: 0000:00:1d.1
[    2.411520] hub 3-0:1.0: USB hub found
[    2.414212] hub 3-0:1.0: 2 ports detected
[    2.418074] uhci_hcd 0000:00:1d.2: UHCI Host Controller
[    2.420969] uhci_hcd 0000:00:1d.2: new USB bus registered, assigned bus number 4
[    2.423664] uhci_hcd 0000:00:1d.2: detected 2 ports
[    2.426339] uhci_hcd 0000:00:1d.2: irq 18, io base 0x00001860
[    2.429238] usb usb4: New USB device found, idVendor=1d6b, idProduct=0001, bcdDevice= 5.06
[    2.431943] usb usb4: New USB device strings: Mfr=3, Product=2, SerialNumber=1
[    2.434610] usb usb4: Product: UHCI Host Controller
[    2.437249] usb usb4: Manufacturer: Linux 5.6.0-rc7-next-20200323+ uhci_hcd
[    2.439926] usb usb4: SerialNumber: 0000:00:1d.2
[    2.443214] hub 4-0:1.0: USB hub found
[    2.445868] hub 4-0:1.0: 2 ports detected
[    2.449686] uhci_hcd 0000:00:1d.3: UHCI Host Controller
[    2.452572] uhci_hcd 0000:00:1d.3: new USB bus registered, assigned bus number 5
[    2.455247] uhci_hcd 0000:00:1d.3: detected 2 ports
[    2.457880] uhci_hcd 0000:00:1d.3: irq 19, io base 0x00001880
[    2.460694] usb usb5: New USB device found, idVendor=1d6b, idProduct=0001, bcdDevice= 5.06
[    2.463379] usb usb5: New USB device strings: Mfr=3, Product=2, SerialNumber=1
[    2.466033] usb usb5: Product: UHCI Host Controller
[    2.468700] usb usb5: Manufacturer: Linux 5.6.0-rc7-next-20200323+ uhci_hcd
[    2.471370] usb usb5: SerialNumber: 0000:00:1d.3
[    2.474602] hub 5-0:1.0: USB hub found
[    2.477254] hub 5-0:1.0: 2 ports detected
[    2.480730] usbcore: registered new interface driver cdc_acm
[    2.483264] cdc_acm: USB Abstract Control Model driver for USB modems and ISDN adapters
[    2.485943] usbcore: registered new interface driver usblp
[    2.488697] usbcore: registered new interface driver usb-storage
[    2.491376] usbcore: registered new interface driver ums-sddr09
[    2.494077] usbcore: registered new interface driver usbserial_generic
[    2.496680] usbserial: USB Serial support registered for generic
[    2.499317] usbcore: registered new interface driver ch341
[    2.501859] usbserial: USB Serial support registered for ch341-uart
[    2.504452] usbcore: registered new interface driver cp210x
[    2.507005] usbserial: USB Serial support registered for cp210x
[    2.509576] usbcore: registered new interface driver ftdi_sio
[    2.512128] usbserial: USB Serial support registered for FTDI USB Serial Device
[    2.514826] usbcore: registered new interface driver option
[    2.517462] usbserial: USB Serial support registered for GSM modem (1-port)
[    2.520264] usbcore: registered new interface driver pl2303
[    2.522955] usbserial: USB Serial support registered for pl2303
[    2.525673] usbcore: registered new interface driver ti_usb_3410_5052
[    2.528431] usbserial: USB Serial support registered for TI USB 3410 1 port adapter
[    2.531201] usbserial: USB Serial support registered for TI USB 5052 2 port adapter
[    2.533860] ftdi_elan: driver ftdi-elan
[    2.536517] usbcore: registered new interface driver ftdi-elan
[    2.539337] i8042: PNP: PS/2 Controller [PNP0303:KBD,PNP0f13:MOU] at 0x60,0x64 irq 1,12
[    2.551439] serio: i8042 KBD port at 0x60,0x64 irq 1
[    2.554403] serio: i8042 AUX port at 0x60,0x64 irq 12
[    2.557766] mousedev: PS/2 mouse device common for all mice
[    2.561755] input: PC Speaker as /devices/platform/pcspkr/input/input5
[    2.565056] rtc_cmos 00:02: RTC can wake from S4
[    2.568727] rtc_cmos 00:02: registered as rtc0
[    2.571649] rtc_cmos 00:02: alarms up to one month, y3k, 114 bytes nvram, hpet irqs
[    2.574583] usbcore: registered new interface driver uvcvideo
[    2.577364] USB Video Class driver (1.1.1)
[    2.580097] gspca_main: v2.14.0 registered
[    2.580947] input: AT Translated Set 2 keyboard as /devices/platform/i8042/serio0/input/input4
[    2.583067] usbcore: registered new interface driver sq930x
[    2.590218] device-mapper: ioctl: 4.42.0-ioctl (2020-02-27) initialised: dm-devel@redhat.com
[    2.593249] Bluetooth: HCI UART driver ver 2.3
[    2.596171] Bluetooth: HCI UART protocol H4 registered
[    2.599032] Bluetooth: HCI UART protocol BCSP registered
[    2.601928] usbcore: registered new interface driver btusb
[    2.604857] intel_pstate: CPU model not supported
[    2.607838] sdhci: Secure Digital Host Controller Interface driver
[    2.610913] sdhci: Copyright(c) Pierre Ossman
[    2.613862] sdhci-pci 0000:15:00.2: SDHCI controller found [1180:0822] (rev 18)
[    2.617227] sdhci-pci 0000:15:00.2: Will use DMA mode even though HW doesn't fully claim to support it.
[    2.621354] mmc0 bounce up to 128 segments into one, max segment size 65536 bytes
[    2.624635] sdhci-pci 0000:15:00.2: Will use DMA mode even though HW doesn't fully claim to support it.
[    2.628342] mmc0: SDHCI controller on PCI [0000:15:00.2] using DMA
[    2.631969] hid: raw HID events driver (C) Jiri Kosina
[    2.636471] usbcore: registered new interface driver usbhid
[    2.639704] usbhid: USB HID core driver
[    2.643676] thinkpad_acpi: ThinkPad ACPI Extras v0.26
[    2.646818] thinkpad_acpi: http://ibm-acpi.sf.net/
[    2.649834] thinkpad_acpi: ThinkPad BIOS 7BETD8WW (2.19 ), EC 7BHT40WW-1.13
[    2.652912] thinkpad_acpi: Lenovo ThinkPad X60, model 17097HU
[    2.661890] thinkpad_acpi: ACPI backlight control delay disabled
[    2.665735] thinkpad_acpi: radio switch found; radios are enabled
[    2.668816] thinkpad_acpi: This ThinkPad has standard ACPI backlight brightness control, supported by the ACPI video driver
[    2.674995] thinkpad_acpi: Disabling thinkpad-acpi brightness events by default...
[    2.678812] usb 1-1: new high-speed USB device number 2 using ehci-pci
[    2.686859] sdhci-pci 0000:15:00.2: Will use DMA mode even though HW doesn't fully claim to support it.
[    2.695947] thinkpad_acpi: rfkill switch tpacpi_bluetooth_sw: radio is unblocked
[    2.702082] thinkpad_acpi: warning: userspace override of important firmware LEDs is enabled
[    2.710796] thinkpad_acpi: Standard ACPI backlight interface available, not loading native one
[    2.714383] thinkpad_acpi: volume: disabled as there is no ALSA support in this kernel
[    2.717631] usb 1-1: New USB device found, idVendor=2770, idProduct=930c, bcdDevice= 1.00
[    2.718430] thinkpad_acpi: battery 1 registered (start 0, stop 0)
[    2.718439] battery: new extension: ThinkPad Battery Extension
[    2.721300] usb 1-1: New USB device strings: Mfr=1, Product=2, SerialNumber=0
[    2.725080] input: ThinkPad Extra Buttons as /devices/platform/thinkpad_acpi/input/input8
[    2.728299] usb 1-1: Product: USB 2.0 PC camera 
[    2.739381] usb 1-1: Manufacturer: SQ Tech CO., LTD.
[    2.744353] gspca_main: sq930x-2.14.0 probing 2770:930c
[    2.744704] snd_hda_intel 0000:00:1b.0: probe_mask set to 0x1 for device 17aa:2010
[    2.752161] usbcore: registered new interface driver snd-usb-audio
[    2.757926] NET: Registered protocol family 17
[    2.761977] Bluetooth: RFCOMM TTY layer initialized
[    2.765489] Bluetooth: RFCOMM socket layer initialized
[    2.769167] Bluetooth: RFCOMM ver 1.11
[    2.772625] snd_hda_codec_analog hdaudioC0D0: autoconfig for AD1981: line_outs=1 (0x5/0x0/0x0/0x0/0x0) type:speaker
[    2.772650] Bluetooth: BNEP (Ethernet Emulation) ver 1.3
[    2.779891] snd_hda_codec_analog hdaudioC0D0:    speaker_outs=0 (0x0/0x0/0x0/0x0/0x0)
[    2.783025] Bluetooth: BNEP filters: protocol multicast
[    2.786459] snd_hda_codec_analog hdaudioC0D0:    hp_outs=0 (0x0/0x0/0x0/0x0/0x0)
[    2.789806] sdhci-pci 0000:15:00.2: Will use DMA mode even though HW doesn't fully claim to support it.
[    2.793231] snd_hda_codec_analog hdaudioC0D0:    mono: mono_out=0x0
[    2.796928] Bluetooth: BNEP socket layer initialized
[    2.800695] snd_hda_codec_analog hdaudioC0D0:    inputs:
[    2.804064] Bluetooth: HIDP (Human Interface Emulation) ver 1.2
[    2.807802] snd_hda_codec_analog hdaudioC0D0:      Mic=0x8
[    2.811255] Bluetooth: HIDP socket layer initialized
[    2.815141] snd_hda_codec_analog hdaudioC0D0:      CD=0x19
[    2.818540] start plist test
[    2.825883] end plist test
[    2.826197] microcode: sig=0x6e8, pf=0x20, revision=0x39
[    2.829968] microcode: Microcode Update Driver: v2.2.
[    2.829973] IPI shorthand broadcast: enabled
[    2.837100] Loading compiled-in X.509 certificates
[    2.840640] Key type ._fscrypt registered
[    2.843994] Key type .fscrypt registered
[    2.847211] Key type fscrypt-provisioning registered
[    2.851512] Key type encrypted registered
[    2.855629] rtc_cmos 00:02: setting system clock to 2020-03-23T18:15:23 UTC (1584987323)
[    2.863910] cfg80211: Loading compiled-in X.509 certificates for regulatory database
[    2.872657] cfg80211: Loaded X.509 cert 'sforshee: 00b28ddf47aef9cea7'
[    2.876147] platform regulatory.0: Direct firmware load for regulatory.db failed with error -2
[    2.880497] cfg80211: failed to load regulatory.db
[    2.885333] PM: Image not found (code -22)
[    2.885359] ALSA device list:
[    2.889487]   #0: HDA Intel at 0xee240000 irq 17
[    2.892685] sdhci-pci 0000:15:00.2: Will use DMA mode even though HW doesn't fully claim to support it.
[    2.948713] sdhci-pci 0000:15:00.2: Will use DMA mode even though HW doesn't fully claim to support it.
[    3.260936] psmouse serio1: trackpoint: IBM TrackPoint firmware: 0x0e, buttons: 3/3
[    3.285206] input: TPPS/2 IBM TrackPoint as /devices/platform/i8042/serio1/input/input7
[    4.678895] gspca_sq930x: Unknown sensor
[    4.684529] sq930x: probe of 1-1:1.0 failed with error -22
[    4.690835] md: Waiting for all devices to be available before autodetect
[    4.696582] md: If you don't use raid, use raid=noautodetect
[    4.703535] md: Autodetecting RAID arrays.
[    4.706588] md: autorun ...
[    4.709597] md: ... autorun DONE.
[    4.752262] EXT4-fs (sda4): mounted filesystem with ordered data mode. Opts: (null)
[    4.757741] VFS: Mounted root (ext4 filesystem) readonly on device 8:4.
[    4.761394] devtmpfs: mounted
[    4.764980] Freeing unused kernel image (initmem) memory: 668K
[    4.768150] Write protecting kernel text and read-only data: 18424k
[    4.771030] NX-protecting the kernel data: 7376k
[    4.774828] x86/mm: Checked W+X mappings: passed, no W+X pages found.
[    4.777714] rodata_test: all tests were successful
[    4.780694] x86/mm: Checking user space page tables
[    4.783665] x86/mm: Checked W+X mappings: passed, no W+X pages found.
[    4.786544] Run /sbin/init as init process
[    4.789410]   with arguments:
[    4.789413]     /sbin/init
[    4.789415]   with environment:
[    4.789418]     HOME=/
[    4.789420]     TERM=linux
[    4.789423]     BOOT_IMAGE=(hd0,2)/fast/l/linux-next-32/arch/x86/boot/bzImage
[    5.189552] random: systemd: uninitialized urandom read (16 bytes read)
[    5.195208] systemd[1]: systemd 215 running in system mode. (+PAM +AUDIT +SELINUX +IMA +SYSVINIT +LIBCRYPTSETUP +GCRYPT +ACL +XZ -SECCOMP -APPARMOR)
[    5.223126] systemd[1]: Detected architecture 'x86'.
[    5.242894] usb 5-1: new full-speed USB device number 2 using uhci_hcd
[    5.382523] systemd[1]: Failed to insert module 'ipv6'
[    5.399589] systemd[1]: Set hostname to <amd>.
[    5.454914] usb 5-1: New USB device found, idVendor=0a5c, idProduct=2110, bcdDevice= 1.00
[    5.460641] usb 5-1: New USB device strings: Mfr=1, Product=2, SerialNumber=0
[    5.466137] usb 5-1: Product: BCM2045B
[    5.471923] usb 5-1: Manufacturer: Broadcom Corp
[    5.531793] random: systemd-sysv-ge: uninitialized urandom read (16 bytes read)
[    6.158835] usb 5-2: new full-speed USB device number 3 using uhci_hcd
[    6.169249] random: systemd: uninitialized urandom read (16 bytes read)
[    6.241003] urandom_read: 2 callbacks suppressed
[    6.241007] random: systemd: uninitialized urandom read (16 bytes read)
[    6.252154] random: systemd: uninitialized urandom read (16 bytes read)
[    6.255186] random: systemd: uninitialized urandom read (16 bytes read)
[    6.367917] usb 5-2: New USB device found, idVendor=0483, idProduct=2016, bcdDevice= 0.01
[    6.373280] usb 5-2: New USB device strings: Mfr=1, Product=2, SerialNumber=0
[    6.377343] usb 5-2: Product: Biometric Coprocessor
[    6.381341] usb 5-2: Manufacturer: STMicroelectronics
[    6.436505] systemd[1]: [/lib/systemd/system/anacron.timer:6] Unknown lvalue 'RandomizedDelaySec' in section 'Timer'
[    6.540537] systemd[1]: Binding to IPv6 address not available since kernel does not support IPv6.
[    6.546234] systemd[1]: [/lib/systemd/system/gpsd.socket:6] Failed to parse address value, ignoring: [::1]:2947
[    6.816948] systemd[1]: Starting User and Group Name Lookups.
[    6.829734] systemd[1]: Reached target User and Group Name Lookups.
[    6.832970] systemd[1]: Starting Forward Password Requests to Wall Directory Watch.
[    7.421540] random: crng init done
[    7.423610] random: 2 urandom warning(s) missed due to ratelimiting
[    7.465771] systemd-udevd[2518]: starting version 215
[    7.967864] EXT4-fs (sda4): re-mounted. Opts: errors=remount-ro
[    8.965228] e1000e 0000:02:00.0 eth1: renamed from eth0
[    9.008800] systemd-udevd[2531]: renamed network interface eth0 to eth1
[   10.074903] Adding 2097148k swap on /dev/sda1.  Priority:-2 extents:1 across:2097148k 
[   10.347593] EXT4-fs (sda2): mounted filesystem with ordered data mode. Opts: errors=remount-ro
[   10.657261] systemd-journald[2280]: Received request to flush runtime journal from PID 1
[   16.842495] iwl3945 0000:03:00.0: loaded firmware version 15.32.2.9
[   72.608185] traps: clock-applet[3646] trap int3 ip:b71b8fc0 sp:bff3e4b0 error:0 in libglib-2.0.so.0.5000.3[b716c000+12a000]
[   73.701016] wlan0: authenticate with 5c:f4:ab:10:d2:bb
[   73.701282] wlan0: send auth to 5c:f4:ab:10:d2:bb (try 1/3)
[   73.703245] wlan0: authenticated
[   73.706957] wlan0: associate with 5c:f4:ab:10:d2:bb (try 1/3)
[   73.709984] wlan0: RX AssocResp from 5c:f4:ab:10:d2:bb (capab=0x411 status=0 aid=2)
[   73.712522] wlan0: associated
[  163.092481] usb 1-1: USB disconnect, device number 2
[  165.034849] usb 1-1: new high-speed USB device number 5 using ehci-pci
[  165.073847] usb 1-1: New USB device found, idVendor=2770, idProduct=930c, bcdDevice= 1.00
[  165.073863] usb 1-1: New USB device strings: Mfr=1, Product=2, SerialNumber=0
[  165.073876] usb 1-1: Product: USB 2.0 PC camera 
[  165.073890] usb 1-1: Manufacturer: SQ Tech CO., LTD.
[  165.075796] gspca_main: sq930x-2.14.0 probing 2770:930c
[  167.038873] gspca_sq930x: Unknown sensor
[  167.038941] sq930x: probe of 1-1:1.0 failed with error -22
[  173.917759] usb 1-1: USB disconnect, device number 5
[  176.355057] usb 1-1: new high-speed USB device number 6 using ehci-pci
[  176.393804] usb 1-1: New USB device found, idVendor=2770, idProduct=930c, bcdDevice= 1.00
[  176.393820] usb 1-1: New USB device strings: Mfr=1, Product=2, SerialNumber=0
[  176.393833] usb 1-1: Product: USB 2.0 PC camera 
[  176.393846] usb 1-1: Manufacturer: SQ Tech CO., LTD.
[  176.398246] gspca_main: sq930x-2.14.0 probing 2770:930c
