[    0.000000] Linux version 5.3.0-rc2+ (pavel@duo) (gcc version 4.9.2 (Debian 4.9.2-10+deb8u2)) #54 SMP PREEMPT Wed Jul 31 18:49:37 CEST 2019
[    0.000000] Command line: BOOT_IMAGE=(hd1,2)/l/k/o/64/arch/x86/boot/bzImage root=/dev/sdb4 resume=/dev/sda1
[    0.000000] Disabled fast string operations
[    0.000000] x86/fpu: Supporting XSAVE feature 0x001: 'x87 floating point registers'
[    0.000000] x86/fpu: Supporting XSAVE feature 0x002: 'SSE registers'
[    0.000000] x86/fpu: Supporting XSAVE feature 0x004: 'AVX registers'
[    0.000000] x86/fpu: xstate_offset[2]:  576, xstate_sizes[2]:  256
[    0.000000] x86/fpu: Enabled xstate features 0x7, context size is 832 bytes, using 'standard' format.
[    0.000000] BIOS-provided physical RAM map:
[    0.000000] BIOS-e820: [mem 0x0000000000000000-0x000000000009d7ff] usable
[    0.000000] BIOS-e820: [mem 0x000000000009d800-0x000000000009ffff] reserved
[    0.000000] BIOS-e820: [mem 0x00000000000e0000-0x00000000000fffff] reserved
[    0.000000] BIOS-e820: [mem 0x0000000000100000-0x000000001fffffff] usable
[    0.000000] BIOS-e820: [mem 0x0000000020000000-0x00000000201fffff] reserved
[    0.000000] BIOS-e820: [mem 0x0000000020200000-0x000000003fffffff] usable
[    0.000000] BIOS-e820: [mem 0x0000000040000000-0x00000000401fffff] reserved
[    0.000000] BIOS-e820: [mem 0x0000000040200000-0x00000000da99efff] usable
[    0.000000] BIOS-e820: [mem 0x00000000da99f000-0x00000000dae9efff] reserved
[    0.000000] BIOS-e820: [mem 0x00000000dae9f000-0x00000000daf9efff] ACPI NVS
[    0.000000] BIOS-e820: [mem 0x00000000daf9f000-0x00000000daffefff] ACPI data
[    0.000000] BIOS-e820: [mem 0x00000000dafff000-0x00000000daffffff] usable
[    0.000000] BIOS-e820: [mem 0x00000000db000000-0x00000000df9fffff] reserved
[    0.000000] BIOS-e820: [mem 0x00000000f8000000-0x00000000fbffffff] reserved
[    0.000000] BIOS-e820: [mem 0x00000000fec00000-0x00000000fec00fff] reserved
[    0.000000] BIOS-e820: [mem 0x00000000fed08000-0x00000000fed08fff] reserved
[    0.000000] BIOS-e820: [mem 0x00000000fed10000-0x00000000fed19fff] reserved
[    0.000000] BIOS-e820: [mem 0x00000000fed1c000-0x00000000fed1ffff] reserved
[    0.000000] BIOS-e820: [mem 0x00000000fee00000-0x00000000fee00fff] reserved
[    0.000000] BIOS-e820: [mem 0x00000000ffd20000-0x00000000ffffffff] reserved
[    0.000000] BIOS-e820: [mem 0x0000000100000000-0x000000019e5fffff] usable
[    0.000000] BIOS-e820: [mem 0x000000019e600000-0x000000019e7fffff] reserved
[    0.000000] NX (Execute Disable) protection: active
[    0.000000] SMBIOS 2.6 present.
[    0.000000] DMI: LENOVO 42872WU/42872WU, BIOS 8DET74WW (1.44 ) 03/13/2018
[    0.000000] tsc: Fast TSC calibration using PIT
[    0.000000] tsc: Detected 2491.725 MHz processor
[    0.001588] e820: update [mem 0x00000000-0x00000fff] usable ==> reserved
[    0.001591] e820: remove [mem 0x000a0000-0x000fffff] usable
[    0.001599] last_pfn = 0x19e600 max_arch_pfn = 0x400000000
[    0.001604] MTRR default type: uncachable
[    0.001606] MTRR fixed ranges enabled:
[    0.001607]   00000-9FFFF write-back
[    0.001609]   A0000-BFFFF uncachable
[    0.001610]   C0000-FFFFF write-protect
[    0.001612] MTRR variable ranges enabled:
[    0.001614]   0 base 0FFC00000 mask FFFC00000 write-protect
[    0.001616]   1 base 000000000 mask F80000000 write-back
[    0.001617]   2 base 080000000 mask FC0000000 write-back
[    0.001618]   3 base 0C0000000 mask FE0000000 write-back
[    0.001620]   4 base 0DC000000 mask FFC000000 uncachable
[    0.001621]   5 base 0DB000000 mask FFF000000 uncachable
[    0.001623]   6 base 100000000 mask F80000000 write-back
[    0.001624]   7 base 180000000 mask FE0000000 write-back
[    0.001626]   8 base 19F000000 mask FFF000000 uncachable
[    0.001627]   9 base 19E800000 mask FFF800000 uncachable
[    0.002406] x86/PAT: Configuration [0-7]: WB  WC  UC- UC  WB  WP  UC- WT  
[    0.003781] last_pfn = 0xdb000 max_arch_pfn = 0x400000000
[    0.003801] reserving inaccessible SNB gfx pages
[    0.003807] BRK [0x06001000, 0x06001fff] PGTABLE
[    0.003810] BRK [0x06002000, 0x06002fff] PGTABLE
[    0.003811] BRK [0x06003000, 0x06003fff] PGTABLE
[    0.003873] BRK [0x06004000, 0x06004fff] PGTABLE
[    0.004028] BRK [0x06005000, 0x06005fff] PGTABLE
[    0.004296] BRK [0x06006000, 0x06006fff] PGTABLE
[    0.004796] ACPI: Early table checksum verification disabled
[    0.004804] ACPI: RSDP 0x00000000000F00E0 000024 (v02 LENOVO)
[    0.004809] ACPI: XSDT 0x00000000DAFFE120 0000AC (v01 LENOVO TP-8D    00001440 PTEC 00000002)
[    0.004816] ACPI: FACP 0x00000000DAFE7000 0000F4 (v04 LENOVO TP-8D    00001440 PTL  00000002)
[    0.004823] ACPI: DSDT 0x00000000DAFEA000 00FA89 (v01 LENOVO TP-8D    00001440 INTL 20061109)
[    0.004828] ACPI: FACS 0x00000000DAF2D000 000040
[    0.004832] ACPI: FACS 0x00000000DAF2D000 000040
[    0.004836] ACPI: SLIC 0x00000000DAFFD000 000176 (v01 LENOVO TP-8D    00001440 PTEC 00000001)
[    0.004840] ACPI: SSDT 0x00000000DAFFC000 000249 (v01 LENOVO TP-SSDT2 00000200 INTL 20061109)
[    0.004844] ACPI: SSDT 0x00000000DAFFB000 000033 (v01 LENOVO TP-SSDT1 00000100 INTL 20061109)
[    0.004848] ACPI: SSDT 0x00000000DAFFA000 0007D1 (v01 LENOVO SataAhci 00001000 INTL 20061109)
[    0.004853] ACPI: HPET 0x00000000DAFE6000 000038 (v01 LENOVO TP-8D    00001440 PTL  00000002)
[    0.004857] ACPI: APIC 0x00000000DAFE5000 000098 (v01 LENOVO TP-8D    00001440 PTL  00000002)
[    0.004861] ACPI: MCFG 0x00000000DAFE4000 00003C (v01 LENOVO TP-8D    00001440 PTL  00000002)
[    0.004865] ACPI: ECDT 0x00000000DAFE3000 000052 (v01 LENOVO TP-8D    00001440 PTL  00000002)
[    0.004869] ACPI: ASF! 0x00000000DAFE9000 0000A5 (v32 LENOVO TP-8D    00001440 PTL  00000002)
[    0.004873] ACPI: TCPA 0x00000000DAFE2000 000032 (v02 PTL    LENOVO   06040000 LNVO 00000001)
[    0.004878] ACPI: SSDT 0x00000000DAFE1000 000A27 (v01 PmRef  Cpu0Ist  00003000 INTL 20061109)
[    0.004882] ACPI: SSDT 0x00000000DAFE0000 000996 (v01 PmRef  CpuPm    00003000 INTL 20061109)
[    0.004886] ACPI: DMAR 0x00000000DAFDF000 0000E8 (v01 INTEL  SNB      00000001 INTL 00000001)
[    0.004891] ACPI: UEFI 0x00000000DAFDE000 00003E (v01 LENOVO TP-8D    00001440 PTL  00000002)
[    0.004895] ACPI: UEFI 0x00000000DAFDD000 000042 (v01 PTL    COMBUF   00000001 PTL  00000001)
[    0.004899] ACPI: UEFI 0x00000000DAFDC000 000292 (v01 LENOVO TP-8D    00001440 PTL  00000002)
[    0.004907] ACPI: Local APIC address 0xfee00000
[    0.004953] Zone ranges:
[    0.004955]   DMA      [mem 0x0000000000001000-0x0000000000ffffff]
[    0.004957]   DMA32    [mem 0x0000000001000000-0x00000000ffffffff]
[    0.004960]   Normal   [mem 0x0000000100000000-0x000000019e5fffff]
[    0.004962] Movable zone start for each node
[    0.004964] Early memory node ranges
[    0.004966]   node   0: [mem 0x0000000000001000-0x000000000009cfff]
[    0.004968]   node   0: [mem 0x0000000000100000-0x000000001fffffff]
[    0.004970]   node   0: [mem 0x0000000020200000-0x000000003fffffff]
[    0.004972]   node   0: [mem 0x0000000040200000-0x00000000da99efff]
[    0.004975]   node   0: [mem 0x00000000dafff000-0x00000000daffffff]
[    0.004976]   node   0: [mem 0x0000000100000000-0x000000019e5fffff]
[    0.005183] Zeroed struct page in unavailable ranges: 23236 pages
[    0.005185] Initmem setup node 0 [mem 0x0000000000001000-0x000000019e5fffff]
[    0.005188] On node 0 totalpages: 1542972
[    0.005191]   DMA zone: 56 pages used for memmap
[    0.005192]   DMA zone: 156 pages reserved
[    0.005193]   DMA zone: 3996 pages, LIFO batch:0
[    0.005233]   DMA32 zone: 12172 pages used for memmap
[    0.005234]   DMA32 zone: 890272 pages, LIFO batch:63
[    0.013986]   Normal zone: 8869 pages used for memmap
[    0.013990]   Normal zone: 648704 pages, LIFO batch:63
[    0.019914] Reserving Intel graphics memory at [mem 0xdba00000-0xdf9fffff]
[    0.020043] ACPI: PM-Timer IO Port: 0x408
[    0.020046] ACPI: Local APIC address 0xfee00000
[    0.020054] ACPI: LAPIC_NMI (acpi_id[0x00] high edge lint[0x1])
[    0.020056] ACPI: LAPIC_NMI (acpi_id[0x01] high edge lint[0x1])
[    0.020072] IOAPIC[0]: apic_id 2, version 32, address 0xfec00000, GSI 0-23
[    0.020076] ACPI: INT_SRC_OVR (bus 0 bus_irq 0 global_irq 2 dfl dfl)
[    0.020079] ACPI: INT_SRC_OVR (bus 0 bus_irq 9 global_irq 9 high level)
[    0.020082] ACPI: IRQ0 used by override.
[    0.020085] ACPI: IRQ9 used by override.
[    0.020088] Using ACPI (MADT) for SMP configuration information
[    0.020091] ACPI: HPET id: 0x8086a301 base: 0xfed00000
[    0.020097] smpboot: Allowing 8 CPUs, 4 hotplug CPUs
[    0.020125] PM: Registered nosave memory: [mem 0x00000000-0x00000fff]
[    0.020128] PM: Registered nosave memory: [mem 0x0009d000-0x0009dfff]
[    0.020130] PM: Registered nosave memory: [mem 0x0009e000-0x0009ffff]
[    0.020132] PM: Registered nosave memory: [mem 0x000a0000-0x000dffff]
[    0.020133] PM: Registered nosave memory: [mem 0x000e0000-0x000fffff]
[    0.020136] PM: Registered nosave memory: [mem 0x20000000-0x201fffff]
[    0.020139] PM: Registered nosave memory: [mem 0x40000000-0x401fffff]
[    0.020142] PM: Registered nosave memory: [mem 0xda99f000-0xdae9efff]
[    0.020144] PM: Registered nosave memory: [mem 0xdae9f000-0xdaf9efff]
[    0.020146] PM: Registered nosave memory: [mem 0xdaf9f000-0xdaffefff]
[    0.020149] PM: Registered nosave memory: [mem 0xdb000000-0xdf9fffff]
[    0.020151] PM: Registered nosave memory: [mem 0xdfa00000-0xf7ffffff]
[    0.020152] PM: Registered nosave memory: [mem 0xf8000000-0xfbffffff]
[    0.020154] PM: Registered nosave memory: [mem 0xfc000000-0xfebfffff]
[    0.020156] PM: Registered nosave memory: [mem 0xfec00000-0xfec00fff]
[    0.020158] PM: Registered nosave memory: [mem 0xfec01000-0xfed07fff]
[    0.020160] PM: Registered nosave memory: [mem 0xfed08000-0xfed08fff]
[    0.020161] PM: Registered nosave memory: [mem 0xfed09000-0xfed0ffff]
[    0.020163] PM: Registered nosave memory: [mem 0xfed10000-0xfed19fff]
[    0.020165] PM: Registered nosave memory: [mem 0xfed1a000-0xfed1bfff]
[    0.020167] PM: Registered nosave memory: [mem 0xfed1c000-0xfed1ffff]
[    0.020169] PM: Registered nosave memory: [mem 0xfed20000-0xfedfffff]
[    0.020171] PM: Registered nosave memory: [mem 0xfee00000-0xfee00fff]
[    0.020173] PM: Registered nosave memory: [mem 0xfee01000-0xffd1ffff]
[    0.020174] PM: Registered nosave memory: [mem 0xffd20000-0xffffffff]
[    0.020179] [mem 0xdfa00000-0xf7ffffff] available for PCI devices
[    0.020182] clocksource: refined-jiffies: mask: 0xffffffff max_cycles: 0xffffffff, max_idle_ns: 7645519600211568 ns
[    0.020191] setup_percpu: NR_CPUS:8 nr_cpumask_bits:8 nr_cpu_ids:8 nr_node_ids:1
[    0.021970] percpu: Embedded 60 pages/cpu s207624 r8192 d29944 u262144
[    0.021980] pcpu-alloc: s207624 r8192 d29944 u262144 alloc=1*2097152
[    0.021982] pcpu-alloc: [0] 0 1 2 3 4 5 6 7 
[    0.022008] Built 1 zonelists, mobility grouping on.  Total pages: 1521719
[    0.022013] Kernel command line: BOOT_IMAGE=(hd1,2)/l/k/o/64/arch/x86/boot/bzImage root=/dev/sdb4 resume=/dev/sda1
[    0.025882] Dentry cache hash table entries: 1048576 (order: 11, 8388608 bytes, linear)
[    0.027787] Inode-cache hash table entries: 524288 (order: 10, 4194304 bytes, linear)
[    0.027879] mem auto-init: stack:off, heap alloc:off, heap free:off
[    0.291701] Memory: 5970128K/6171888K available (16388K kernel code, 1141K rwdata, 5336K rodata, 1088K init, 5776K bss, 201760K reserved, 0K cma-reserved)
[    0.291723] random: get_random_u32 called from cache_alloc_refill+0x7b4/0xcb0 with crng_init=0
[    0.292364] Kernel/User page tables isolation: enabled
[    0.292540] rcu: Preemptible hierarchical RCU implementation.
[    0.292543] 	Tasks RCU enabled.
[    0.292546] rcu: RCU calculated value of scheduler-enlistment delay is 25 jiffies.
[    0.292576] NR_IRQS: 4352, nr_irqs: 104, preallocated irqs: 16
[    0.294564] Console: colour VGA+ 80x25
[    0.303324] printk: console [tty0] enabled
[    0.303383] Lock dependency validator: Copyright (c) 2006 Red Hat, Inc., Ingo Molnar
[    0.303455] ... MAX_LOCKDEP_SUBCLASSES:  8
[    0.303514] ... MAX_LOCK_DEPTH:          48
[    0.303573] ... MAX_LOCKDEP_KEYS:        8192
[    0.303633] ... CLASSHASH_SIZE:          4096
[    0.303693] ... MAX_LOCKDEP_ENTRIES:     32768
[    0.303753] ... MAX_LOCKDEP_CHAINS:      65536
[    0.303813] ... CHAINHASH_SIZE:          32768
[    0.303873]  memory used by lock dependency info: 3509 kB
[    0.303937]  per task-struct memory footprint: 1920 bytes
[    0.304006] ACPI: Core revision 20190703
[    0.304343] clocksource: hpet: mask: 0xffffffff max_cycles: 0xffffffff, max_idle_ns: 133484882848 ns
[    0.304451] APIC: Switch to symmetric I/O mode setup
[    0.304963] ..TIMER: vector=0x30 apic1=0 pin1=2 apic2=-1 pin2=-1
[    0.324452] clocksource: tsc-early: mask: 0xffffffffffffffff max_cycles: 0x23eab0a6bda, max_idle_ns: 440795206102 ns
[    0.324549] Calibrating delay loop (skipped), value calculated using timer frequency.. 4983.45 BogoMIPS (lpj=9966900)
[    0.324645] pid_max: default: 32768 minimum: 301
[    0.324860] Mount-cache hash table entries: 16384 (order: 5, 131072 bytes, linear)
[    0.324950] Mountpoint-cache hash table entries: 16384 (order: 5, 131072 bytes, linear)
[    0.325380] *** VALIDATE proc ***
[    0.325494] *** VALIDATE cgroup1 ***
[    0.325553] *** VALIDATE cgroup2 ***
[    0.325643] Disabled fast string operations
[    0.325713] process: using mwait in idle threads
[    0.325777] Last level iTLB entries: 4KB 512, 2MB 8, 4MB 8
[    0.325841] Last level dTLB entries: 4KB 512, 2MB 32, 4MB 32, 1GB 0
[    0.325910] Spectre V2 : Mitigation: Full generic retpoline
[    0.325975] Spectre V2 : Spectre v2 / SpectreRSB mitigation: Filling RSB on context switch
[    0.326049] Spectre V2 : Enabling Restricted Speculation for firmware calls
[    0.326120] Spectre V2 : mitigation: Enabling conditional Indirect Branch Prediction Barrier
[    0.326195] Spectre V2 : User space: Mitigation: STIBP via prctl
[    0.326261] Speculative Store Bypass: Vulnerable
[    0.326323] MDS: Vulnerable: Clear CPU buffers attempted, no microcode
[    0.326558] Freeing SMP alternatives memory: 44K
[    0.327688] TSC deadline timer enabled
[    0.327693] smpboot: CPU0: Intel(R) Core(TM) i5-2520M CPU @ 2.50GHz (family: 0x6, model: 0x2a, stepping: 0x7)
[    0.348615] Performance Events: PEBS fmt1+, SandyBridge events, 16-deep LBR, full-width counters, Intel PMU driver.
[    0.348744] ... version:                3
[    0.348804] ... bit width:              48
[    0.348864] ... generic registers:      4
[    0.348924] ... value mask:             0000ffffffffffff
[    0.348988] ... max period:             00007fffffffffff
[    0.349053] ... fixed-purpose events:   3
[    0.349112] ... event mask:             000000070000000f
[    0.356569] rcu: Hierarchical SRCU implementation.
[    0.368891] NMI watchdog: Enabled. Permanently consumes one hw-PMU counter.
[    0.376595] smp: Bringing up secondary CPUs ...
[    0.408931] x86: Booting SMP configuration:
[    0.408997] .... node  #0, CPUs:      #1
[    0.015735] Disabled fast string operations
[    0.411338] MDS CPU bug present and SMT on, data leak possible. See https://www.kernel.org/doc/html/latest/admin-guide/hw-vuln/mds.html for more details.
[    0.440928]  #2
[    0.015735] Disabled fast string operations
[    0.472929]  #3
[    0.015735] Disabled fast string operations
[    0.475212] smp: Brought up 1 node, 4 CPUs
[    0.475212] smpboot: Max logical packages: 2
[    0.475212] smpboot: Total of 4 processors activated (19933.80 BogoMIPS)
[    0.476842] devtmpfs: initialized
[    0.476842] PM: Registering ACPI NVS region [mem 0xdae9f000-0xdaf9efff] (1048576 bytes)
[    0.477121] clocksource: jiffies: mask: 0xffffffff max_cycles: 0xffffffff, max_idle_ns: 7645041785100000 ns
[    0.477121] futex hash table entries: 2048 (order: 6, 262144 bytes, linear)
[    0.477194] NET: Registered protocol family 16
[    0.478029] cpuidle: using governor ladder
[    0.478139] cpuidle: using governor menu
[    0.478269] ACPI FADT declares the system doesn't support PCIe ASPM, so disable it
[    0.478343] ACPI: bus type PCI registered
[    0.478698] PCI: MMCONFIG for domain 0000 [bus 00-3f] at [mem 0xf8000000-0xfbffffff] (base 0xf8000000)
[    0.478812] PCI: MMCONFIG at [mem 0xf8000000-0xfbffffff] reserved in E820
[    0.478812] PCI: Using configuration type 1 for base access
[    0.478812] core: PMU erratum BJ122, BV98, HSD29 worked around, HT is on
[    0.480614] ENERGY_PERF_BIAS: Set to 'normal', was 'performance'
[    0.509091] ACPI: Added _OSI(Module Device)
[    0.509091] ACPI: Added _OSI(Processor Device)
[    0.509091] ACPI: Added _OSI(3.0 _SCP Extensions)
[    0.509091] ACPI: Added _OSI(Processor Aggregator Device)
[    0.509091] ACPI: Added _OSI(Linux-Dell-Video)
[    0.509091] ACPI: Added _OSI(Linux-Lenovo-NV-HDMI-Audio)
[    0.509149] ACPI: Added _OSI(Linux-HPI-Hybrid-Graphics)
[    0.550691] ACPI: 6 ACPI AML tables successfully acquired and loaded
[    0.553181] ACPI: EC: EC started
[    0.553240] ACPI: EC: interrupt blocked
[    0.555897] ACPI: \: Used as first EC
[    0.555958] ACPI: \: GPE=0x11, EC_CMD/EC_SC=0x66, EC_DATA=0x62
[    0.556025] ACPI: EC: Boot ECDT EC used to handle transactions
[    0.556651] ACPI: [Firmware Bug]: BIOS _OSI(Linux) query ignored
[    0.566697] ACPI: Dynamic OEM Table Load:
[    0.566771] ACPI: SSDT 0xFFFF88819707D000 0008C0 (v01 PmRef  Cpu0Cst  00003001 INTL 20061109)
[    0.569532] ACPI: Dynamic OEM Table Load:
[    0.569603] ACPI: SSDT 0xFFFF8881973A8000 000303 (v01 PmRef  ApIst    00003000 INTL 20061109)
[    0.571834] ACPI: Dynamic OEM Table Load:
[    0.571904] ACPI: SSDT 0xFFFF888196E41400 000119 (v01 PmRef  ApCst    00003000 INTL 20061109)
[    0.575789] ACPI: Interpreter enabled
[    0.575894] ACPI: (supports S0 S3 S4 S5)
[    0.575957] ACPI: Using IOAPIC for interrupt routing
[    0.576551] PCI: Using host bridge windows from ACPI; if necessary, use "pci=nocrs" and report a bug
[    0.576919] ACPI: Enabled 6 GPEs in block 00 to 3F
[    0.588595] ACPI: Power Resource [PUBS] (on)
[    0.589071] acpi PNP0C0A:01: ACPI dock station (docks/bays count: 1)
[    0.593019] acpi LNXIOBAY:00: ACPI dock station (docks/bays count: 2)
[    0.599014] acpi IBM0079:00: ACPI dock station (docks/bays count: 3)
[    0.600861] ACPI: PCI Interrupt Link [LNKA] (IRQs 3 4 5 6 7 9 10 *11)
[    0.601290] ACPI: PCI Interrupt Link [LNKB] (IRQs 3 4 5 6 7 9 10 *11)
[    0.601718] ACPI: PCI Interrupt Link [LNKC] (IRQs 3 4 5 6 7 9 10 *11)
[    0.602145] ACPI: PCI Interrupt Link [LNKD] (IRQs 3 4 5 6 7 9 *10 11)
[    0.602572] ACPI: PCI Interrupt Link [LNKE] (IRQs 3 4 5 6 *7 9 10 11)
[    0.602903] ACPI: PCI Interrupt Link [LNKF] (IRQs 3 4 5 6 7 9 10 11) *0, disabled.
[    0.603335] ACPI: PCI Interrupt Link [LNKG] (IRQs 3 4 5 6 *7 9 10 11)
[    0.603761] ACPI: PCI Interrupt Link [LNKH] (IRQs 3 4 5 6 7 9 *10 11)
[    0.604594] ACPI: PCI Root Bridge [PCI0] (domain 0000 [bus 00-fe])
[    0.604594] acpi PNP0A08:00: _OSC: OS supports [ExtendedConfig ASPM ClockPM Segments HPX-Type3]
[    0.604652] acpi PNP0A08:00: _OSC: not requesting OS control; OS requires [ExtendedConfig ASPM ClockPM MSI]
[    0.604755] acpi PNP0A08:00: [Firmware Info]: MMCONFIG for domain 0000 [bus 00-3f] only partially covers this bridge
[    0.604980] PCI host bridge to bus 0000:00
[    0.605045] pci_bus 0000:00: root bus resource [io  0x0000-0x0cf7 window]
[    0.605117] pci_bus 0000:00: root bus resource [io  0x0d00-0xffff window]
[    0.605190] pci_bus 0000:00: root bus resource [mem 0x000a0000-0x000bffff window]
[    0.605265] pci_bus 0000:00: root bus resource [mem 0xdfa00000-0xfebfffff window]
[    0.605340] pci_bus 0000:00: root bus resource [mem 0xfed40000-0xfed4bfff window]
[    0.605416] pci_bus 0000:00: root bus resource [bus 00-fe]
[    0.605510] pci 0000:00:00.0: [8086:0104] type 00 class 0x060000
[    0.605800] pci 0000:00:02.0: [8086:0126] type 00 class 0x030000
[    0.605882] pci 0000:00:02.0: reg 0x10: [mem 0xf0000000-0xf03fffff 64bit]
[    0.605960] pci 0000:00:02.0: reg 0x18: [mem 0xe0000000-0xefffffff 64bit pref]
[    0.606038] pci 0000:00:02.0: reg 0x20: [io  0x5000-0x503f]
[    0.606365] pci 0000:00:16.0: [8086:1c3a] type 00 class 0x078000
[    0.606464] pci 0000:00:16.0: reg 0x10: [mem 0xf2525000-0xf252500f 64bit]
[    0.606630] pci 0000:00:16.0: PME# supported from D0 D3hot D3cold
[    0.606904] pci 0000:00:19.0: [8086:1502] type 00 class 0x020000
[    0.606996] pci 0000:00:19.0: reg 0x10: [mem 0xf2500000-0xf251ffff]
[    0.607075] pci 0000:00:19.0: reg 0x14: [mem 0xf252b000-0xf252bfff]
[    0.607154] pci 0000:00:19.0: reg 0x18: [io  0x5080-0x509f]
[    0.607300] pci 0000:00:19.0: PME# supported from D0 D3hot D3cold
[    0.607578] pci 0000:00:1a.0: [8086:1c2d] type 00 class 0x0c0320
[    0.607674] pci 0000:00:1a.0: reg 0x10: [mem 0xf252a000-0xf252a3ff]
[    0.607848] pci 0000:00:1a.0: PME# supported from D0 D3hot D3cold
[    0.608553] pci 0000:00:1b.0: [8086:1c20] type 00 class 0x040300
[    0.608553] pci 0000:00:1b.0: reg 0x10: [mem 0xf2520000-0xf2523fff 64bit]
[    0.608553] pci 0000:00:1b.0: PME# supported from D0 D3hot D3cold
[    0.608681] pci 0000:00:1c.0: [8086:1c10] type 01 class 0x060400
[    0.608875] pci 0000:00:1c.0: PME# supported from D0 D3hot D3cold
[    0.609159] pci 0000:00:1c.1: [8086:1c12] type 01 class 0x060400
[    0.609352] pci 0000:00:1c.1: PME# supported from D0 D3hot D3cold
[    0.609641] pci 0000:00:1c.3: [8086:1c16] type 01 class 0x060400
[    0.609834] pci 0000:00:1c.3: PME# supported from D0 D3hot D3cold
[    0.610123] pci 0000:00:1c.4: [8086:1c18] type 01 class 0x060400
[    0.610356] pci 0000:00:1c.4: PME# supported from D0 D3hot D3cold
[    0.610654] pci 0000:00:1d.0: [8086:1c26] type 00 class 0x0c0320
[    0.610750] pci 0000:00:1d.0: reg 0x10: [mem 0xf2529000-0xf25293ff]
[    0.610924] pci 0000:00:1d.0: PME# supported from D0 D3hot D3cold
[    0.611202] pci 0000:00:1f.0: [8086:1c4f] type 00 class 0x060100
[    0.611585] pci 0000:00:1f.2: [8086:1c03] type 00 class 0x010601
[    0.611679] pci 0000:00:1f.2: reg 0x10: [io  0x50a8-0x50af]
[    0.611754] pci 0000:00:1f.2: reg 0x14: [io  0x50bc-0x50bf]
[    0.611830] pci 0000:00:1f.2: reg 0x18: [io  0x50a0-0x50a7]
[    0.611905] pci 0000:00:1f.2: reg 0x1c: [io  0x50b8-0x50bb]
[    0.611980] pci 0000:00:1f.2: reg 0x20: [io  0x5060-0x507f]
[    0.612055] pci 0000:00:1f.2: reg 0x24: [mem 0xf2528000-0xf25287ff]
[    0.612184] pci 0000:00:1f.2: PME# supported from D3hot
[    0.612561] pci 0000:00:1f.3: [8086:1c22] type 00 class 0x0c0500
[    0.612561] pci 0000:00:1f.3: reg 0x10: [mem 0xf2524000-0xf25240ff 64bit]
[    0.612621] pci 0000:00:1f.3: reg 0x20: [io  0xefa0-0xefbf]
[    0.612978] pci 0000:00:1c.0: PCI bridge to [bus 02]
[    0.613174] pci 0000:03:00.0: [8086:0084] type 00 class 0x028000
[    0.613319] pci 0000:03:00.0: reg 0x10: [mem 0xf2400000-0xf2401fff 64bit]
[    0.613661] pci 0000:03:00.0: PME# supported from D0 D3hot D3cold
[    0.613939] pci 0000:00:1c.1: PCI bridge to [bus 03]
[    0.614011] pci 0000:00:1c.1:   bridge window [mem 0xf2400000-0xf24fffff]
[    0.614172] pci 0000:00:1c.3: PCI bridge to [bus 05-0c]
[    0.614241] pci 0000:00:1c.3:   bridge window [io  0x4000-0x4fff]
[    0.614313] pci 0000:00:1c.3:   bridge window [mem 0xf1c00000-0xf23fffff]
[    0.614391] pci 0000:00:1c.3:   bridge window [mem 0xf0400000-0xf0bfffff 64bit pref]
[    0.614806] pci 0000:0d:00.0: [1180:e823] type 00 class 0x088001
[    0.615086] pci 0000:0d:00.0: MMC controller base frequency changed to 50Mhz.
[    0.615373] pci 0000:0d:00.0: reg 0x10: [mem 0xf1400000-0xf14000ff]
[    0.615913] pci 0000:0d:00.0: supports D1 D2
[    0.615975] pci 0000:0d:00.0: PME# supported from D0 D1 D2 D3hot D3cold
[    0.616630] pci 0000:00:1c.4: PCI bridge to [bus 0d]
[    0.616700] pci 0000:00:1c.4:   bridge window [io  0x3000-0x3fff]
[    0.616774] pci 0000:00:1c.4:   bridge window [mem 0xf1400000-0xf1bfffff]
[    0.616853] pci 0000:00:1c.4:   bridge window [mem 0xf0c00000-0xf13fffff 64bit pref]
[    0.616964] pci_bus 0000:00: on NUMA node 0
[    0.619940] ACPI: EC: interrupt unblocked
[    0.620013] ACPI: EC: event unblocked
[    0.620081] ACPI: \_SB_.PCI0.LPC_.EC__: GPE=0x11, EC_CMD/EC_SC=0x66, EC_DATA=0x62
[    0.620158] ACPI: \_SB_.PCI0.LPC_.EC__: Boot DSDT EC used to handle transactions and events
[    0.620619] pci 0000:00:02.0: vgaarb: setting as boot VGA device
[    0.620657] pci 0000:00:02.0: vgaarb: VGA device added: decodes=io+mem,owns=io+mem,locks=none
[    0.620756] pci 0000:00:02.0: vgaarb: bridge control possible
[    0.620822] vgaarb: loaded
[    0.621280] SCSI subsystem initialized
[    0.621392] libata version 3.00 loaded.
[    0.621392] ACPI: bus type USB registered
[    0.621392] usbcore: registered new interface driver usbfs
[    0.621392] usbcore: registered new interface driver hub
[    0.621392] usbcore: registered new device driver usb
[    0.621392] mc: Linux media interface: v0.10
[    0.621392] videodev: Linux video capture interface: v2.00
[    0.621495] pps_core: LinuxPPS API ver. 1 registered
[    0.621562] pps_core: Software ver. 5.3.6 - Copyright 2005-2007 Rodolfo Giometti <giometti@linux.it>
[    0.621668] PTP clock support registered
[    0.621852] EDAC MC: Ver: 3.0.0
[    0.621852] Advanced Linux Sound Architecture Driver Initialized.
[    0.621852] PCI: Using ACPI for IRQ routing
[    0.625465] PCI: pci_cache_line_size set to 64 bytes
[    0.625704] e820: reserve RAM buffer [mem 0x0009d800-0x0009ffff]
[    0.625708] e820: reserve RAM buffer [mem 0xda99f000-0xdbffffff]
[    0.625710] e820: reserve RAM buffer [mem 0xdb000000-0xdbffffff]
[    0.625712] e820: reserve RAM buffer [mem 0x19e600000-0x19fffffff]
[    0.626082] Bluetooth: Core ver 2.22
[    0.626662] NET: Registered protocol family 31
[    0.626730] Bluetooth: HCI device and connection manager initialized
[    0.626805] Bluetooth: HCI socket layer initialized
[    0.626870] Bluetooth: L2CAP socket layer initialized
[    0.626945] Bluetooth: SCO socket layer initialized
[    0.627102] clocksource: Switched to clocksource tsc-early
[    0.627102] pnp: PnP ACPI init
[    0.627102] system 00:00: [mem 0x00000000-0x0009ffff] could not be reserved
[    0.627102] system 00:00: [mem 0x000c0000-0x000c3fff] could not be reserved
[    0.627102] system 00:00: [mem 0x000c4000-0x000c7fff] could not be reserved
[    0.627102] system 00:00: [mem 0x000c8000-0x000cbfff] has been reserved
[    0.627102] system 00:00: [mem 0x000cc000-0x000cffff] has been reserved
[    0.627102] system 00:00: [mem 0x000d0000-0x000d3fff] has been reserved
[    0.627102] system 00:00: [mem 0x000d4000-0x000d7fff] has been reserved
[    0.627102] system 00:00: [mem 0x000d8000-0x000dbfff] has been reserved
[    0.627102] system 00:00: [mem 0x000dc000-0x000dffff] has been reserved
[    0.627102] system 00:00: [mem 0x000e0000-0x000e3fff] could not be reserved
[    0.627154] system 00:00: [mem 0x000e4000-0x000e7fff] could not be reserved
[    0.627228] system 00:00: [mem 0x000e8000-0x000ebfff] could not be reserved
[    0.627303] system 00:00: [mem 0x000ec000-0x000effff] could not be reserved
[    0.627377] system 00:00: [mem 0x000f0000-0x000fffff] could not be reserved
[    0.627451] system 00:00: [mem 0x00100000-0xdf9fffff] could not be reserved
[    0.627525] system 00:00: [mem 0xfec00000-0xfed3ffff] could not be reserved
[    0.627600] system 00:00: [mem 0xfed4c000-0xffffffff] could not be reserved
[    0.627700] system 00:00: Plug and Play ACPI device, IDs PNP0c01 (active)
[    0.628005] system 00:01: [io  0x0400-0x047f] has been reserved
[    0.628085] system 00:01: [io  0x0500-0x057f] has been reserved
[    0.628155] system 00:01: [io  0x0800-0x080f] has been reserved
[    0.628225] system 00:01: [io  0x15e0-0x15ef] has been reserved
[    0.628295] system 00:01: [io  0x1600-0x167f] has been reserved
[    0.628366] system 00:01: [mem 0xf8000000-0xfbffffff] has been reserved
[    0.628439] system 00:01: [mem 0x00000000-0x00000fff] could not be reserved
[    0.628513] system 00:01: [mem 0xfed1c000-0xfed1ffff] has been reserved
[    0.628586] system 00:01: [mem 0xfed10000-0xfed13fff] has been reserved
[    0.628659] system 00:01: [mem 0xfed18000-0xfed18fff] has been reserved
[    0.628731] system 00:01: [mem 0xfed19000-0xfed19fff] has been reserved
[    0.628804] system 00:01: [mem 0xfed45000-0xfed4bfff] has been reserved
[    0.628895] system 00:01: Plug and Play ACPI device, IDs PNP0c02 (active)
[    0.629064] pnp 00:02: Plug and Play ACPI device, IDs PNP0b00 (active)
[    0.629154] pnp 00:03: Plug and Play ACPI device, IDs PNP0303 (active)
[    0.629239] pnp 00:04: Plug and Play ACPI device, IDs LEN0020 PNP0f13 (active)
[    0.629403] pnp 00:05: Plug and Play ACPI device, IDs SMO1200 PNP0c31 (active)
[    0.630618] pnp: PnP ACPI: found 6 devices
[    0.637656] thermal_sys: Registered thermal governor 'step_wise'
[    0.642218] clocksource: acpi_pm: mask: 0xffffff max_cycles: 0xffffff, max_idle_ns: 2085701024 ns
[    0.642385] pci 0000:00:1c.0: bridge window [io  0x1000-0x0fff] to [bus 02] add_size 1000
[    0.642463] pci 0000:00:1c.0: bridge window [mem 0x00100000-0x000fffff 64bit pref] to [bus 02] add_size 200000 add_align 100000
[    0.642562] pci 0000:00:1c.0: bridge window [mem 0x00100000-0x000fffff] to [bus 02] add_size 200000 add_align 100000
[    0.642668] pci 0000:00:1c.0: BAR 8: assigned [mem 0xdfa00000-0xdfbfffff]
[    0.642742] pci 0000:00:1c.0: BAR 9: assigned [mem 0xdfc00000-0xdfdfffff 64bit pref]
[    0.642817] pci 0000:00:1c.0: BAR 7: assigned [io  0x2000-0x2fff]
[    0.642889] pci 0000:00:1c.0: PCI bridge to [bus 02]
[    0.642956] pci 0000:00:1c.0:   bridge window [io  0x2000-0x2fff]
[    0.643028] pci 0000:00:1c.0:   bridge window [mem 0xdfa00000-0xdfbfffff]
[    0.643101] pci 0000:00:1c.0:   bridge window [mem 0xdfc00000-0xdfdfffff 64bit pref]
[    0.643181] pci 0000:00:1c.1: PCI bridge to [bus 03]
[    0.643249] pci 0000:00:1c.1:   bridge window [mem 0xf2400000-0xf24fffff]
[    0.643328] pci 0000:00:1c.3: PCI bridge to [bus 05-0c]
[    0.643394] pci 0000:00:1c.3:   bridge window [io  0x4000-0x4fff]
[    0.643466] pci 0000:00:1c.3:   bridge window [mem 0xf1c00000-0xf23fffff]
[    0.643539] pci 0000:00:1c.3:   bridge window [mem 0xf0400000-0xf0bfffff 64bit pref]
[    0.643619] pci 0000:00:1c.4: PCI bridge to [bus 0d]
[    0.643685] pci 0000:00:1c.4:   bridge window [io  0x3000-0x3fff]
[    0.643758] pci 0000:00:1c.4:   bridge window [mem 0xf1400000-0xf1bfffff]
[    0.643832] pci 0000:00:1c.4:   bridge window [mem 0xf0c00000-0xf13fffff 64bit pref]
[    0.643914] pci_bus 0000:00: resource 4 [io  0x0000-0x0cf7 window]
[    0.643983] pci_bus 0000:00: resource 5 [io  0x0d00-0xffff window]
[    0.644051] pci_bus 0000:00: resource 6 [mem 0x000a0000-0x000bffff window]
[    0.644121] pci_bus 0000:00: resource 7 [mem 0xdfa00000-0xfebfffff window]
[    0.644191] pci_bus 0000:00: resource 8 [mem 0xfed40000-0xfed4bfff window]
[    0.644262] pci_bus 0000:02: resource 0 [io  0x2000-0x2fff]
[    0.644328] pci_bus 0000:02: resource 1 [mem 0xdfa00000-0xdfbfffff]
[    0.644396] pci_bus 0000:02: resource 2 [mem 0xdfc00000-0xdfdfffff 64bit pref]
[    0.644468] pci_bus 0000:03: resource 1 [mem 0xf2400000-0xf24fffff]
[    0.644536] pci_bus 0000:05: resource 0 [io  0x4000-0x4fff]
[    0.644607] pci_bus 0000:05: resource 1 [mem 0xf1c00000-0xf23fffff]
[    0.644676] pci_bus 0000:05: resource 2 [mem 0xf0400000-0xf0bfffff 64bit pref]
[    0.644748] pci_bus 0000:0d: resource 0 [io  0x3000-0x3fff]
[    0.644813] pci_bus 0000:0d: resource 1 [mem 0xf1400000-0xf1bfffff]
[    0.644882] pci_bus 0000:0d: resource 2 [mem 0xf0c00000-0xf13fffff 64bit pref]
[    0.645229] NET: Registered protocol family 2
[    0.645641] tcp_listen_portaddr_hash hash table entries: 4096 (order: 6, 294912 bytes, linear)
[    0.645874] TCP established hash table entries: 65536 (order: 7, 524288 bytes, linear)
[    0.646049] TCP bind hash table entries: 65536 (order: 10, 4194304 bytes, linear)
[    0.648091] TCP: Hash tables configured (established 65536 bind 65536)
[    0.648498] UDP hash table entries: 4096 (order: 7, 655360 bytes, linear)
[    0.648892] UDP-Lite hash table entries: 4096 (order: 7, 655360 bytes, linear)
[    0.649356] NET: Registered protocol family 1
[    0.649779] RPC: Registered named UNIX socket transport module.
[    0.649849] RPC: Registered udp transport module.
[    0.649913] RPC: Registered tcp transport module.
[    0.649977] RPC: Registered tcp NFSv4.1 backchannel transport module.
[    0.650332] pci 0000:00:02.0: Video device with shadowed ROM at [mem 0x000c0000-0x000dffff]
[    0.651375] PCI: CLS 64 bytes, default 64
[    0.651497] PCI-DMA: Using software bounce buffering for IO (SWIOTLB)
[    0.651567] software IO TLB: mapped [mem 0xd699f000-0xda99f000] (64MB)
[    0.654245] Initialise system trusted keyrings
[    0.654411] workingset: timestamp_bits=62 max_order=21 bucket_order=0
[    0.655777] Installing knfsd (copyright (C) 1996 okir@monad.swb.de).
[    0.657879] ntfs: driver 2.1.32 [Flags: R/W].
[    0.658080] fuse: init (API version 7.31)
[    0.662585] Key type asymmetric registered
[    0.662652] Asymmetric key parser 'x509' registered
[    0.662743] Block layer SCSI generic (bsg) driver version 0.4 loaded (major 249)
[    0.662819] io scheduler mq-deadline registered
[    0.662903] io scheduler bfq registered
[    0.663188] pcieport 0000:00:1c.0: enabling device (0000 -> 0003)
[    0.664694] intel_idle: MWAIT substates: 0x21120
[    0.664696] intel_idle: v0.4.1 model 0x2A
[    0.665321] intel_idle: lapic_timer_reliable_states 0xffffffff
[    0.665685] ACPI: Deprecated procfs I/F for AC is loaded, please retry with CONFIG_ACPI_PROCFS_POWER cleared
[    0.665938] ACPI: AC Adapter [AC] (on-line)
[    0.666189] input: Lid Switch as /devices/LNXSYSTM:00/LNXSYBUS:00/PNP0C0D:00/input/input0
[    0.668701] ACPI: Lid Switch [LID]
[    0.668930] input: Sleep Button as /devices/LNXSYSTM:00/LNXSYBUS:00/PNP0C0E:00/input/input1
[    0.672585] ACPI: Sleep Button [SLPB]
[    0.672772] input: Power Button as /devices/LNXSYSTM:00/LNXPWRBN:00/input/input2
[    0.672895] ACPI: Power Button [PWRF]
[    0.676288] thermal LNXTHERM:00: registered as thermal_zone0
[    0.676359] ACPI: Thermal Zone [THM0] (91 C)
[    0.676736] Serial: 8250/16550 driver, 4 ports, IRQ sharing disabled
[    0.676915] battery: ACPI: Deprecated procfs I/F for battery is loaded, please retry with CONFIG_ACPI_PROCFS_POWER cleared
[    0.677038] battery: ACPI: Battery Slot [BAT0] (battery absent)
[    0.678165] lp: driver loaded but no devices found
[    0.678317] Non-volatile memory driver v1.3
[    0.678566] Linux agpgart interface v0.103
[    0.678914] [drm] radeon kernel modesetting enabled.
[    0.679924] i915 0000:00:02.0: vgaarb: deactivate vga console
[    0.680467] Console: switching to colour dummy device 80x25
[    0.692705] [drm] Supports vblank timestamp caching Rev 2 (21.10.2013).
[    0.692723] [drm] Driver supports precise vblank timestamp query.
[    0.693700] i915 0000:00:02.0: vgaarb: changed VGA decodes: olddecodes=io+mem,decodes=io+mem:owns=io+mem
[    0.780091] [drm] Initialized i915 1.6.0 20190619 for 0000:00:02.0 on minor 0
[    0.782104] ACPI: Video Device [VID] (multi-head: yes  rom: no  post: no)
[    0.782711] input: Video Bus as /devices/LNXSYSTM:00/LNXSYBUS:00/PNP0A08:00/LNXVIDEO:00/input/input3
[    0.783029] usbcore: registered new interface driver udl
[    0.792202] loop: module loaded
[    0.807734] ahci 0000:00:1f.2: version 3.0
[    0.808340] ahci 0000:00:1f.2: SSS flag set, parallel bus scan disabled
[    0.820691] ahci 0000:00:1f.2: AHCI 0001.0300 32 slots 6 ports 6 Gbps 0x17 impl SATA mode
[    0.820716] ahci 0000:00:1f.2: flags: 64bit ncq sntf ilck stag pm led clo pio slum part ems sxs apst 
[    0.858996] scsi host0: ahci
[    0.859373] scsi host1: ahci
[    0.859693] scsi host2: ahci
[    0.860007] scsi host3: ahci
[    0.860310] scsi host4: ahci
[    0.860667] scsi host5: ahci
[    0.860864] ata1: SATA max UDMA/133 abar m2048@0xf2528000 port 0xf2528100 irq 19
[    0.860890] ata2: SATA max UDMA/133 abar m2048@0xf2528000 port 0xf2528180 irq 19
[    0.860922] ata3: SATA max UDMA/133 abar m2048@0xf2528000 port 0xf2528200 irq 19
[    0.860945] ata4: DUMMY
[    0.860952] ata5: SATA max UDMA/133 abar m2048@0xf2528000 port 0xf2528300 irq 19
[    0.860969] ata6: DUMMY
[    0.861752] tun: Universal TUN/TAP device driver, 1.6
[    0.862133] e1000e: Intel(R) PRO/1000 Network Driver - 3.2.6-k
[    0.862154] e1000e: Copyright(c) 1999 - 2015 Intel Corporation.
[    0.862640] e1000e 0000:00:19.0: Interrupt Throttling Rate (ints/sec) set to dynamic conservative mode
[    0.960075] e1000e 0000:00:19.0 0000:00:19.0 (uninitialized): registered PHC clock
[    1.053328] e1000e 0000:00:19.0 eth0: (PCI Express:2.5GT/s:Width x1) f0:de:f1:e3:99:75
[    1.053363] e1000e 0000:00:19.0 eth0: Intel(R) PRO/1000 Network Connection
[    1.053428] e1000e 0000:00:19.0 eth0: MAC: 10, PHY: 11, PBA No: 1000FF-0FF
[    1.053615] PPP generic driver version 2.4.2
[    1.053775] PPP BSD Compression module registered
[    1.053795] PPP Deflate Compression module registered
[    1.053813] SLIP: version 0.8.4-NET3.019-NEWTTY (dynamic channels, max=256).
[    1.053830] CSLIP: code copyright 1989 Regents of the University of California.
[    1.053895] iwl3945: Intel(R) PRO/Wireless 3945ABG/BG Network Connection driver for Linux, in-tree:ds
[    1.053928] iwl3945: Copyright(c) 2003-2011 Intel Corporation
[    1.053947] iwl3945: hw_scan is disabled
[    1.053997] Intel(R) Wireless WiFi driver for Linux
[    1.054013] Copyright(c) 2003- 2015 Intel Corporation
[    1.054403] iwlwifi 0000:03:00.0: pci_enable_msi failed - -38
[    1.054726] iwlwifi 0000:03:00.0: loaded firmware version 39.31.5.1 build 35138 op_mode iwldvm
[    1.054993] iwlwifi 0000:03:00.0: CONFIG_IWLWIFI_DEBUG disabled
[    1.055009] iwlwifi 0000:03:00.0: CONFIG_IWLWIFI_DEBUGFS disabled
[    1.055023] iwlwifi 0000:03:00.0: CONFIG_IWLWIFI_DEVICE_TRACING disabled
[    1.055040] iwlwifi 0000:03:00.0: Detected Intel(R) Centrino(R) Wireless-N 1000 BGN, REV=0x6C
[    1.066307] fbcon: i915drmfb (fb0) is primary device
[    1.097292] ieee80211 phy0: Selected rate control algorithm 'iwl-agn-rs'
[    1.097894] usbcore: registered new interface driver ax88179_178a
[    1.097916] usbcore: registered new interface driver cdc_ether
[    1.097941] usbcore: registered new interface driver cdc_eem
[    1.097976] usbcore: registered new interface driver net1080
[    1.098067] usbcore: registered new interface driver cdc_subset
[    1.098096] usbcore: registered new interface driver zaurus
[    1.098141] usbcore: registered new interface driver cdc_ncm
[    1.098178] usbcore: registered new interface driver cdc_mbim
[    1.098465] ehci_hcd: USB 2.0 'Enhanced' Host Controller (EHCI) Driver
[    1.098473] ehci-pci: EHCI PCI platform driver
[    1.098790] ehci-pci 0000:00:1a.0: EHCI Host Controller
[    1.098967] ehci-pci 0000:00:1a.0: new USB bus registered, assigned bus number 1
[    1.098993] ehci-pci 0000:00:1a.0: debug port 2
[    1.102939] ehci-pci 0000:00:1a.0: cache line size of 64 is not supported
[    1.102950] ehci-pci 0000:00:1a.0: irq 16, io mem 0xf252a000
[    1.116723] ehci-pci 0000:00:1a.0: USB 2.0 started, EHCI 1.00
[    1.116931] usb usb1: New USB device found, idVendor=1d6b, idProduct=0002, bcdDevice= 5.03
[    1.116933] usb usb1: New USB device strings: Mfr=3, Product=2, SerialNumber=1
[    1.116935] usb usb1: Product: EHCI Host Controller
[    1.116936] usb usb1: Manufacturer: Linux 5.3.0-rc2+ ehci_hcd
[    1.116937] usb usb1: SerialNumber: 0000:00:1a.0
[    1.117420] hub 1-0:1.0: USB hub found
[    1.117446] hub 1-0:1.0: 3 ports detected
[    1.118274] ehci-pci 0000:00:1d.0: EHCI Host Controller
[    1.118468] ehci-pci 0000:00:1d.0: new USB bus registered, assigned bus number 2
[    1.118495] ehci-pci 0000:00:1d.0: debug port 2
[    1.122443] ehci-pci 0000:00:1d.0: cache line size of 64 is not supported
[    1.122476] ehci-pci 0000:00:1d.0: irq 23, io mem 0xf2529000
[    1.136765] ehci-pci 0000:00:1d.0: USB 2.0 started, EHCI 1.00
[    1.136986] usb usb2: New USB device found, idVendor=1d6b, idProduct=0002, bcdDevice= 5.03
[    1.136988] usb usb2: New USB device strings: Mfr=3, Product=2, SerialNumber=1
[    1.136990] usb usb2: Product: EHCI Host Controller
[    1.136992] usb usb2: Manufacturer: Linux 5.3.0-rc2+ ehci_hcd
[    1.136993] usb usb2: SerialNumber: 0000:00:1d.0
[    1.137446] hub 2-0:1.0: USB hub found
[    1.137467] hub 2-0:1.0: 3 ports detected
[    1.137987] ohci_hcd: USB 1.1 'Open' Host Controller (OHCI) Driver
[    1.137997] ohci-pci: OHCI PCI platform driver
[    1.138031] uhci_hcd: USB Universal Host Controller Interface driver
[    1.138262] usbcore: registered new interface driver cdc_acm
[    1.138263] cdc_acm: USB Abstract Control Model driver for USB modems and ISDN adapters
[    1.138308] usbcore: registered new interface driver usblp
[    1.138350] usbcore: registered new interface driver cdc_wdm
[    1.138407] usbcore: registered new interface driver usb-storage
[    1.138441] usbcore: registered new interface driver ums-sddr09
[    1.138560] usbcore: registered new interface driver usbserial_generic
[    1.138594] usbserial: USB Serial support registered for generic
[    1.138632] usbcore: registered new interface driver ch341
[    1.138666] usbserial: USB Serial support registered for ch341-uart
[    1.138705] usbcore: registered new interface driver ftdi_sio
[    1.138738] usbserial: USB Serial support registered for FTDI USB Serial Device
[    1.138809] usbcore: registered new interface driver option
[    1.138844] usbserial: USB Serial support registered for GSM modem (1-port)
[    1.138975] usbcore: registered new interface driver pl2303
[    1.138998] usbserial: USB Serial support registered for pl2303
[    1.139025] usbcore: registered new interface driver ti_usb_3410_5052
[    1.139061] usbserial: USB Serial support registered for TI USB 3410 1 port adapter
[    1.139151] usbserial: USB Serial support registered for TI USB 5052 2 port adapter
[    1.139155] ftdi_elan: driver ftdi-elan
[    1.139195] usbcore: registered new interface driver ftdi-elan
[    1.139381] i8042: PNP: PS/2 Controller [PNP0303:KBD,PNP0f13:MOU] at 0x60,0x64 irq 1,12
[    1.142530] serio: i8042 KBD port at 0x60,0x64 irq 1
[    1.142659] serio: i8042 AUX port at 0x60,0x64 irq 12
[    1.143039] mousedev: PS/2 mouse device common for all mice
[    1.143765] input: PC Speaker as /devices/platform/pcspkr/input/input5
[    1.144060] rtc_cmos 00:02: RTC can wake from S4
[    1.144323] rtc_cmos 00:02: registered as rtc0
[    1.144393] rtc_cmos 00:02: alarms up to one month, y3k, 114 bytes nvram, hpet irqs
[    1.144498] usbcore: registered new interface driver uvcvideo
[    1.144500] USB Video Class driver (1.1.1)
[    1.144501] gspca_main: v2.14.0 registered
[    1.144539] usbcore: registered new interface driver sq930x
[    1.145306] device-mapper: ioctl: 4.40.0-ioctl (2019-01-18) initialised: dm-devel@redhat.com
[    1.145308] Bluetooth: HCI UART driver ver 2.3
[    1.145310] Bluetooth: HCI UART protocol H4 registered
[    1.145311] Bluetooth: HCI UART protocol BCSP registered
[    1.145372] usbcore: registered new interface driver btusb
[    1.145378] intel_pstate: Intel P-state driver initializing
[    1.145840] sdhci: Secure Digital Host Controller Interface driver
[    1.145844] sdhci: Copyright(c) Pierre Ossman
[    1.145939] sdhci-pci 0000:0d:00.0: SDHCI controller found [1180:e823] (rev 4)
[    1.147653] input: AT Translated Set 2 keyboard as /devices/platform/i8042/serio0/input/input4
[    1.149973] mmc0 bounce up to 128 segments into one, max segment size 65536 bytes
[    1.151297] mmc0: SDHCI controller on PCI [0000:0d:00.0] using DMA
[    1.152333] hidraw: raw HID events driver (C) Jiri Kosina
[    1.156563] usbcore: registered new interface driver usbhid
[    1.156565] usbhid: USB HID core driver
[    1.157176] thinkpad_acpi: ThinkPad ACPI Extras v0.26
[    1.157177] thinkpad_acpi: http://ibm-acpi.sf.net/
[    1.157178] thinkpad_acpi: ThinkPad BIOS 8DET74WW (1.44 ), EC unknown
[    1.157179] thinkpad_acpi: Lenovo ThinkPad X220, model 42872WU
[    1.158754] thinkpad_acpi: radio switch found; radios are enabled
[    1.159181] thinkpad_acpi: Tablet mode switch found (type: MHKG), currently in laptop mode
[    1.159231] thinkpad_acpi: This ThinkPad has standard ACPI backlight brightness control, supported by the ACPI video driver
[    1.159232] thinkpad_acpi: Disabling thinkpad-acpi brightness events by default...
[    1.164948] thinkpad_acpi: rfkill switch tpacpi_bluetooth_sw: radio is unblocked
[    1.166846] thinkpad_acpi: warning: userspace override of important firmware LEDs is enabled
[    1.166866] thinkpad_acpi: Standard ACPI backlight interface available, not loading native one
[    1.166868] thinkpad_acpi: volume: disabled as there is no ALSA support in this kernel
[    1.167502] battery: new extension: ThinkPad Battery Extension
[    1.167579] input: ThinkPad Extra Buttons as /devices/platform/thinkpad_acpi/input/input8
[    1.168307] random: fast init done
[    1.170619] usbcore: registered new interface driver snd-usb-audio
[    1.174217] NET: Registered protocol family 17
[    1.174374] Bluetooth: RFCOMM TTY layer initialized
[    1.174380] Bluetooth: RFCOMM socket layer initialized
[    1.174396] Bluetooth: RFCOMM ver 1.11
[    1.174407] Bluetooth: BNEP (Ethernet Emulation) ver 1.3
[    1.174408] Bluetooth: BNEP filters: protocol multicast
[    1.174429] Bluetooth: BNEP socket layer initialized
[    1.174430] Bluetooth: HIDP (Human Interface Emulation) ver 1.2
[    1.174432] Bluetooth: HIDP socket layer initialized
[    1.174597] microcode: sig=0x206a7, pf=0x10, revision=0x2d
[    1.174756] microcode: Microcode Update Driver: v2.2.
[    1.174793] sched_clock: Marking stable (1162984503, 11735034)->(1183983268, -9263731)
[    1.175289] Loading compiled-in X.509 certificates
[    1.176006] Key type encrypted registered
[    1.176324] rtc_cmos 00:02: setting system clock to 2019-08-05T15:32:11 UTC (1565019131)
[    1.176421] cfg80211: Loading compiled-in X.509 certificates for regulatory database
[    1.176599] ata1: SATA link up 1.5 Gbps (SStatus 113 SControl 300)
[    1.177675] ata1.00: ACPI cmd ef/02:00:00:00:00:a0 (SET FEATURES) succeeded
[    1.177681] ata1.00: ACPI cmd f5/00:00:00:00:00:a0 (SECURITY FREEZE LOCK) filtered out
[    1.177686] ata1.00: ACPI cmd ef/10:03:00:00:00:a0 (SET FEATURES) filtered out
[    1.177892] cfg80211: Loaded X.509 cert 'sforshee: 00b28ddf47aef9cea7'
[    1.178105] platform regulatory.0: Direct firmware load for regulatory.db failed with error -2
[    1.178128] cfg80211: failed to load regulatory.db
[    1.178550] ata1.00: ATA-8: Hitachi HTS545050A7E380, GG2OA7J0, max UDMA/133
[    1.178555] ata1.00: 976773168 sectors, multi 16: LBA48 NCQ (depth 32), AA
[    1.179697] ata1.00: ACPI cmd ef/02:00:00:00:00:a0 (SET FEATURES) succeeded
[    1.179703] ata1.00: ACPI cmd f5/00:00:00:00:00:a0 (SECURITY FREEZE LOCK) filtered out
[    1.179709] ata1.00: ACPI cmd ef/10:03:00:00:00:a0 (SET FEATURES) filtered out
[    1.180600] ata1.00: configured for UDMA/133
[    1.432993] snd_hda_intel 0000:00:1b.0: bound 0000:00:02.0 (ops i915_audio_component_bind_ops)
[    1.452643] usb 1-1: new high-speed USB device number 2 using ehci-pci
[    1.455045] snd_hda_codec_generic hdaudioC0D0: autoconfig for Generic: line_outs=1 (0x1f/0x0/0x0/0x0/0x0) type:speaker
[    1.455052] snd_hda_codec_generic hdaudioC0D0:    speaker_outs=0 (0x0/0x0/0x0/0x0/0x0)
[    1.455058] snd_hda_codec_generic hdaudioC0D0:    hp_outs=1 (0x19/0x0/0x0/0x0/0x0)
[    1.455062] snd_hda_codec_generic hdaudioC0D0:    mono: mono_out=0x0
[    1.455066] snd_hda_codec_generic hdaudioC0D0:    inputs:
[    1.455073] snd_hda_codec_generic hdaudioC0D0:      Internal Mic=0x23
[    1.455080] snd_hda_codec_generic hdaudioC0D0:      Mic=0x1b
[    1.456852] Console: switching to colour frame buffer device 102x42
[    1.459123] snd_hda_codec_generic hdaudioC0D3: ignore pin 0x7, too many assigned pins
[    1.459126] snd_hda_codec_generic hdaudioC0D3: autoconfig for Generic: line_outs=0 (0x0/0x0/0x0/0x0/0x0) type:line
[    1.459127] snd_hda_codec_generic hdaudioC0D3:    speaker_outs=0 (0x0/0x0/0x0/0x0/0x0)
[    1.459129] snd_hda_codec_generic hdaudioC0D3:    hp_outs=0 (0x0/0x0/0x0/0x0/0x0)
[    1.459130] snd_hda_codec_generic hdaudioC0D3:    mono: mono_out=0x0
[    1.459132] snd_hda_codec_generic hdaudioC0D3:    dig-out=0x5/0x6
[    1.459133] snd_hda_codec_generic hdaudioC0D3:    inputs:
[    1.461211] input: HDA Intel PCH Mic as /devices/pci0000:00/0000:00:1b.0/sound/card0/input9
[    1.461380] input: HDA Intel PCH Headphone as /devices/pci0000:00/0000:00:1b.0/sound/card0/input10
[    1.461557] input: HDA Intel PCH HDMI as /devices/pci0000:00/0000:00:1b.0/sound/card0/input11
[    1.461707] input: HDA Intel PCH HDMI as /devices/pci0000:00/0000:00:1b.0/sound/card0/input12
[    1.476609] usb 2-1: new high-speed USB device number 2 using ehci-pci
[    1.476861] i915 0000:00:02.0: fb0: i915drmfb frame buffer device
[    1.586214] scsi 0:0:0:0: Direct-Access     ATA      Hitachi HTS54505 A7J0 PQ: 0 ANSI: 5
[    1.588055] sd 0:0:0:0: Attached scsi generic sg0 type 0
[    1.588198] sd 0:0:0:0: [sda] 976773168 512-byte logical blocks: (500 GB/466 GiB)
[    1.592476] sd 0:0:0:0: [sda] 4096-byte physical blocks
[    1.594362] sd 0:0:0:0: [sda] Write Protect is off
[    1.596244] sd 0:0:0:0: [sda] Mode Sense: 00 3a 00 00
[    1.596298] sd 0:0:0:0: [sda] Write cache: enabled, read cache: enabled, doesn't support DPO or FUA
[    1.613739] usb 1-1: New USB device found, idVendor=8087, idProduct=0024, bcdDevice= 0.00
[    1.615587] usb 1-1: New USB device strings: Mfr=0, Product=0, SerialNumber=0
[    1.618403] hub 1-1:1.0: USB hub found
[    1.620425] hub 1-1:1.0: 6 ports detected
[    1.637530] usb 2-1: New USB device found, idVendor=8087, idProduct=0024, bcdDevice= 0.00
[    1.639639] usb 2-1: New USB device strings: Mfr=0, Product=0, SerialNumber=0
[    1.642700] hub 2-1:1.0: USB hub found
[    1.645072] hub 2-1:1.0: 8 ports detected
[    1.649352]  sda: sda1 sda2 sda3 sda4
[    1.653302] sd 0:0:0:0: [sda] Attached SCSI disk
[    1.680822] tsc: Refined TSC clocksource calibration: 2491.905 MHz
[    1.684059] clocksource: tsc: mask: 0xffffffffffffffff max_cycles: 0x23eb5abbd7b, max_idle_ns: 440795277677 ns
[    1.687475] clocksource: Switched to clocksource tsc
[    1.904785] ata2: SATA link down (SStatus 0 SControl 300)
[    1.912766] usb 1-1.3: new full-speed USB device number 3 using ehci-pci
[    1.936718] usb 2-1.1: new high-speed USB device number 3 using ehci-pci
[    2.031691] usb 1-1.3: New USB device found, idVendor=147e, idProduct=2016, bcdDevice= 0.02
[    2.035352] usb 1-1.3: New USB device strings: Mfr=1, Product=2, SerialNumber=0
[    2.036580] usb 1-1.3: Product: Biometric Coprocessor
[    2.037892] usb 1-1.3: Manufacturer: UPEK
[    2.047491] psmouse serio1: synaptics: queried max coordinates: x [..5472], y [..4448]
[    2.050034] usb 2-1.1: New USB device found, idVendor=05e3, idProduct=0608, bcdDevice=77.64
[    2.051732] usb 2-1.1: New USB device strings: Mfr=0, Product=1, SerialNumber=0
[    2.053588] usb 2-1.1: Product: USB2.0 Hub
[    2.056054] hub 2-1.1:1.0: USB hub found
[    2.058157] hub 2-1.1:1.0: 4 ports detected
[    2.120687] usb 1-1.4: new full-speed USB device number 4 using ehci-pci
[    2.127334] psmouse serio1: synaptics: Touchpad model: 1, fw: 8.0, id: 0x1e2b1, caps: 0xd001a3/0x940300/0x120c00/0x0, board id: 1611, fw id: 774180
[    2.130638] psmouse serio1: synaptics: serio: Synaptics pass-through port at isa0060/serio1/input0
[    2.144568] usb 2-1.2: new high-speed USB device number 4 using ehci-pci
[    2.183487] input: SynPS/2 Synaptics TouchPad as /devices/platform/i8042/serio1/input/input7
[    2.232716] ata3: SATA link up 3.0 Gbps (SStatus 123 SControl 300)
[    2.239702] usb 1-1.4: New USB device found, idVendor=0a5c, idProduct=217f, bcdDevice= 7.48
[    2.243412] usb 1-1.4: New USB device strings: Mfr=1, Product=2, SerialNumber=3
[    2.244572] usb 1-1.4: Product: Broadcom Bluetooth Device
[    2.245606] usb 1-1.4: Manufacturer: Broadcom Corp
[    2.246614] usb 1-1.4: SerialNumber: 7CE9D3B855AA
[    2.251785] ata3.00: ACPI cmd ef/02:00:00:00:00:a0 (SET FEATURES) succeeded
[    2.251790] ata3.00: ACPI cmd f5/00:00:00:00:00:a0 (SECURITY FREEZE LOCK) filtered out
[    2.253593] ata3.00: ACPI cmd ef/10:03:00:00:00:a0 (SET FEATURES) filtered out
[    2.258063] usb 2-1.2: New USB device found, idVendor=1a40, idProduct=0101, bcdDevice= 1.11
[    2.259438] usb 2-1.2: New USB device strings: Mfr=0, Product=1, SerialNumber=0
[    2.260392] ata3.00: ATA-8: KINGSTON SMS200S3240G, 60AABBF0, max UDMA/133
[    2.261236] usb 2-1.2: Product: USB 2.0 Hub
[    2.263216] ata3.00: 468862128 sectors, multi 1: LBA48 NCQ (depth 32), AA
[    2.266960] hub 2-1.2:1.0: USB hub found
[    2.268339] ata3.00: ACPI cmd ef/02:00:00:00:00:a0 (SET FEATURES) succeeded
[    2.268341] ata3.00: ACPI cmd f5/00:00:00:00:00:a0 (SECURITY FREEZE LOCK) filtered out
[    2.268359] hub 2-1.2:1.0: 4 ports detected
[    2.269408] ata3.00: ACPI cmd ef/10:03:00:00:00:a0 (SET FEATURES) filtered out
[    2.274740] ata3.00: configured for UDMA/133
[    2.276922] scsi 2:0:0:0: Direct-Access     ATA      KINGSTON SMS200S BBF0 PQ: 0 ANSI: 5
[    2.280640] sd 2:0:0:0: Attached scsi generic sg1 type 0
[    2.281148] sd 2:0:0:0: [sdb] 468862128 512-byte logical blocks: (240 GB/224 GiB)
[    2.285174] sd 2:0:0:0: [sdb] Write Protect is off
[    2.287511] sd 2:0:0:0: [sdb] Mode Sense: 00 3a 00 00
[    2.287566] sd 2:0:0:0: [sdb] Write cache: enabled, read cache: enabled, doesn't support DPO or FUA
[    2.289477]  sdb: sdb2 sdb4
[    2.292115] sd 2:0:0:0: [sdb] Attached SCSI disk
[    2.328674] usb 1-1.6: new high-speed USB device number 5 using ehci-pci
[    2.449376] usb 1-1.6: New USB device found, idVendor=04f2, idProduct=b217, bcdDevice= 8.54
[    2.453330] usb 1-1.6: New USB device strings: Mfr=1, Product=2, SerialNumber=0
[    2.455139] usb 1-1.6: Product: Integrated Camera
[    2.456899] usb 1-1.6: Manufacturer: Chicony Electronics Co., Ltd.
[    2.461445] uvcvideo: Found UVC 1.00 device Integrated Camera (04f2:b217)
[    2.473957] uvcvideo 1-1.6:1.0: Entity type for entity Extension 3 was not initialized!
[    2.475030] uvcvideo 1-1.6:1.0: Entity type for entity Processing 2 was not initialized!
[    2.476041] uvcvideo 1-1.6:1.0: Entity type for entity Camera 1 was not initialized!
[    2.603878] ata5: SATA link down (SStatus 0 SControl 300)
[    2.642476] PM: Image not found (code -22)
[    2.642553] ALSA device list:
[    2.646300]   #0: HDA Intel PCH at 0xf2520000 irq 22
[    2.680702] usb 2-1.2.1: new low-speed USB device number 5 using ehci-pci
[    2.931467] usb 2-1.2.1: New USB device found, idVendor=06a3, idProduct=053f, bcdDevice= 0.02
[    2.935228] usb 2-1.2.1: New USB device strings: Mfr=1, Product=2, SerialNumber=3
[    2.938899] usb 2-1.2.1: Product: Saitek X36
[    2.942501] usb 2-1.2.1: Manufacturer: Saitek
[    2.945736] psmouse serio2: trackpoint: IBM TrackPoint firmware: 0x0e, buttons: 3/3
[    2.946100] usb 2-1.2.1: SerialNumber: 00103464
[    2.989146] input: Saitek Saitek X36 as /devices/pci0000:00/0000:00:1d.0/usb2/2-1/2-1.2/2-1.2.1/2-1.2.1:1.0/0003:06A3:053F.0001/input/input14
[    2.995987] hid-generic 0003:06A3:053F.0001: input,hidraw0: USB HID v1.00 Joystick [Saitek Saitek X36] on usb-0000:00:1d.0-1.2.1/input0
[    3.200695] usb 2-1.2.2: new low-speed USB device number 6 using ehci-pci
[    3.211116] input: TPPS/2 IBM TrackPoint as /devices/platform/i8042/serio1/serio2/input/input13
[    3.321711] md: Waiting for all devices to be available before autodetect
[    3.325605] md: If you don't use raid, use raid=noautodetect
[    3.330704] md: Autodetecting RAID arrays.
[    3.334527] md: autorun ...
[    3.338216] md: ... autorun DONE.
[    3.345401] EXT4-fs (sdb4): INFO: recovery required on readonly filesystem
[    3.346353] EXT4-fs (sdb4): write access will be enabled during recovery
[    3.439004] usb 2-1.2.2: New USB device found, idVendor=046d, idProduct=c050, bcdDevice=27.20
[    3.440565] usb 2-1.2.2: New USB device strings: Mfr=1, Product=2, SerialNumber=0
[    3.442087] usb 2-1.2.2: Product: USB-PS/2 Optical Mouse
[    3.443253] usb 2-1.2.2: Manufacturer: Logitech
[    3.450383] input: Logitech USB-PS/2 Optical Mouse as /devices/pci0000:00/0000:00:1d.0/usb2/2-1/2-1.2/2-1.2.2/2-1.2.2:1.0/0003:046D:C050.0002/input/input15
[    3.453663] hid-generic 0003:046D:C050.0002: input,hidraw1: USB HID v1.10 Mouse [Logitech USB-PS/2 Optical Mouse] on usb-0000:00:1d.0-1.2.2/input0
[    3.504912] EXT4-fs (sdb4): orphan cleanup on readonly fs
[    3.506513] EXT4-fs (sdb4): 24 orphan inodes deleted
[    3.507477] EXT4-fs (sdb4): recovery complete
[    3.510059] EXT4-fs (sdb4): mounted filesystem with ordered data mode. Opts: (null)
[    3.511139] VFS: Mounted root (ext4 filesystem) readonly on device 8:20.
[    3.512472] devtmpfs: mounted
[    3.515047] Freeing unused kernel image memory: 1088K
[    3.532757] Write protecting the kernel read-only data: 24576k
[    3.539531] Freeing unused kernel image memory: 2008K
[    3.543696] Freeing unused kernel image memory: 808K
[    3.553711] x86/mm: Checked W+X mappings: passed, no W+X pages found.
[    3.554661] rodata_test: all tests were successful
[    3.555594] x86/mm: Checking user space page tables
[    3.565293] x86/mm: Checked W+X mappings: passed, no W+X pages found.
[    3.566229] Run /sbin/init as init process
[    3.613718] random: systemd: uninitialized urandom read (16 bytes read)
[    3.616141] systemd[1]: systemd 215 running in system mode. (+PAM +AUDIT +SELINUX +IMA +SYSVINIT +LIBCRYPTSETUP +GCRYPT +ACL +XZ -SECCOMP -APPARMOR)
[    3.636739] usb 2-1.2.3: new low-speed USB device number 7 using ehci-pci
[    3.640951] systemd[1]: Detected architecture 'x86-64'.
[    3.666419] systemd[1]: Failed to insert module 'ipv6'
[    3.667925] systemd[1]: Set hostname to <duo>.
[    3.681959] random: systemd-sysv-ge: uninitialized urandom read (16 bytes read)
[    3.719492] random: systemd-sysv-ge: uninitialized urandom read (16 bytes read)
[    3.805367] systemd[1]: Binding to IPv6 address not available since kernel does not support IPv6.
[    3.806683] systemd[1]: [/lib/systemd/system/gpsd.socket:6] Failed to parse address value, ignoring: [::1]:2947
[    3.812036] systemd[1]: Starting Forward Password Requests to Wall Directory Watch.
[    3.813495] systemd[1]: Started Forward Password Requests to Wall Directory Watch.
[    3.814660] systemd[1]: Starting Remote File Systems (Pre).
[    3.818738] systemd[1]: Reached target Remote File Systems (Pre).
[    3.862211] usb 2-1.2.3: New USB device found, idVendor=04f2, idProduct=0111, bcdDevice= 1.02
[    3.862215] usb 2-1.2.3: New USB device strings: Mfr=1, Product=2, SerialNumber=0
[    3.862217] usb 2-1.2.3: Product: USB Keyboard
[    3.862219] usb 2-1.2.3: Manufacturer: Chicony
[    3.867054] input: Chicony USB Keyboard as /devices/pci0000:00/0000:00:1d.0/usb2/2-1/2-1.2/2-1.2.3/2-1.2.3:1.0/0003:04F2:0111.0003/input/input16
[    3.929848] hid-generic 0003:04F2:0111.0003: input,hidraw2: USB HID v1.10 Keyboard [Chicony USB Keyboard] on usb-0000:00:1d.0-1.2.3/input0
[    3.933927] systemd-udevd[2010]: starting version 215
[    3.937739] input: Chicony USB Keyboard System Control as /devices/pci0000:00/0000:00:1d.0/usb2/2-1/2-1.2/2-1.2.3/2-1.2.3:1.1/0003:04F2:0111.0004/input/input17
[    4.000912] input: Chicony USB Keyboard Consumer Control as /devices/pci0000:00/0000:00:1d.0/usb2/2-1/2-1.2/2-1.2.3/2-1.2.3:1.1/0003:04F2:0111.0004/input/input18
[    4.003415] hid-generic 0003:04F2:0111.0004: input,hiddev96,hidraw3: USB HID v1.10 Device [Chicony USB Keyboard] on usb-0000:00:1d.0-1.2.3/input1
[    4.210978] e1000e 0000:00:19.0 eth2: renamed from eth0
[    4.228892] systemd-udevd[2622]: renamed network interface eth0 to eth2
[    4.230957] iwlwifi 0000:03:00.0 wlan1: renamed from wlan0
[    4.256780] systemd-udevd[2612]: renamed network interface wlan0 to wlan1
[    4.256836] Bluetooth: hci0: urb (____ptrval____) failed to resubmit (2)
[    4.875796] random: crng init done
[    4.879298] random: 7 urandom warning(s) missed due to ratelimiting
[    5.168943] EXT4-fs (sdb4): re-mounted. Opts: errors=remount-ro
[    5.616799] Adding 1681428k swap on /dev/sda1.  Priority:-2 extents:1 across:1681428k 
[   16.763864] EXT4-fs (sda2): mounted filesystem with ordered data mode. Opts: errors=remount-ro
[   16.827721] EXT4-fs (sdb2): mounted filesystem with ordered data mode. Opts: errors=remount-ro
[   16.883586] systemd-journald[2024]: Received request to flush runtime journal from PID 1
[   17.560978] device-mapper: table: 251:0: thin-pool: unknown target type
[   17.561921] device-mapper: ioctl: error adding target to table
[   18.880294] iwlwifi 0000:03:00.0: Radio type=0x0-0x0-0x3
[   18.955398] iwlwifi 0000:03:00.0: Radio type=0x0-0x0-0x3
[   20.886614] e1000e: eth2 NIC Link is Up 100 Mbps Full Duplex, Flow Control: Rx/Tx
[   20.886628] e1000e 0000:00:19.0 eth2: 10/100 speed: disabling TSO
[  884.830944] usb 2-1.1: USB disconnect, device number 3
[  998.204686] usb 2-1.1: new high-speed USB device number 8 using ehci-pci
[  998.315192] usb 2-1.1: New USB device found, idVendor=05e3, idProduct=0608, bcdDevice=77.64
[  998.315234] usb 2-1.1: New USB device strings: Mfr=0, Product=1, SerialNumber=0
[  998.315255] usb 2-1.1: Product: USB2.0 Hub
[  998.317047] hub 2-1.1:1.0: USB hub found
[  998.317522] hub 2-1.1:1.0: 4 ports detected
[ 1005.619941] PM: suspend entry (deep)
[ 1005.752221] Filesystems sync: 0.132 seconds
[ 1005.753171] Freezing user space processes ... (elapsed 0.007 seconds) done.
[ 1005.761270] OOM killer disabled.
[ 1005.761279] Freezing remaining freezable tasks ... (elapsed 0.003 seconds) done.
[ 1005.764837] printk: Suspending console(s) (use no_console_suspend to debug)
[ 1005.784907] sd 2:0:0:0: [sdb] Synchronizing SCSI cache
[ 1005.785028] sd 2:0:0:0: [sdb] Stopping disk
[ 1005.948797] sd 0:0:0:0: [sda] Synchronizing SCSI cache
[ 1005.949128] sd 0:0:0:0: [sda] Stopping disk
[ 1006.026851] e1000e: EEE TX LPI TIMER: 00000011
[ 1006.532848] PM: suspend devices took 0.768 seconds
[ 1006.559856] ACPI: EC: interrupt blocked
[ 1006.597062] ACPI: Preparing to enter system sleep state S3
[ 1006.606882] ACPI: EC: event blocked
[ 1006.606887] ACPI: EC: EC stopped
[ 1006.606891] PM: Saving platform NVS memory
[ 1006.606911] Disabling non-boot CPUs ...
[ 1006.610214] smpboot: CPU 1 is now offline
[ 1006.614465] smpboot: CPU 2 is now offline
[ 1006.615711] IRQ 16: no longer affine to CPU3
[ 1006.615718] IRQ 17: no longer affine to CPU3
[ 1006.616754] smpboot: CPU 3 is now offline
[ 1006.618225] ACPI: Low-level resume complete
[ 1006.618288] ACPI: EC: EC started
[ 1006.618290] PM: Restoring platform NVS memory
[ 1006.618678] Enabling non-boot CPUs ...
[ 1006.619636] x86: Booting SMP configuration:
[ 1006.619638] smpboot: Booting Node 0 Processor 1 APIC 0x1
[ 1006.619943] Disabled fast string operations
[ 1006.623291] CPU1 is up
[ 1006.626198] smpboot: Booting Node 0 Processor 2 APIC 0x2
[ 1006.626913] Disabled fast string operations
[ 1006.630243] CPU2 is up
[ 1006.633087] smpboot: Booting Node 0 Processor 3 APIC 0x3
[ 1006.633818] Disabled fast string operations
[ 1006.637191] CPU3 is up
[ 1006.640440] ACPI: Waking up from system sleep state S3
[ 1006.660046] ACPI: EC: interrupt unblocked
[ 1006.678254] sdhci-pci 0000:0d:00.0: MMC controller base frequency changed to 50Mhz.
[ 1006.811717] ACPI: EC: event unblocked
[ 1006.821987] sd 0:0:0:0: [sda] Starting disk
[ 1006.822064] sd 2:0:0:0: [sdb] Starting disk
[ 1007.053838] usb 1-1.3: reset full-speed USB device number 3 using ehci-pci
[ 1007.169881] ata2: SATA link down (SStatus 0 SControl 300)
[ 1007.173951] ata3: SATA link up 3.0 Gbps (SStatus 123 SControl 300)
[ 1007.174010] ata5: SATA link down (SStatus 0 SControl 300)
[ 1007.180141] ata3.00: ACPI cmd ef/02:00:00:00:00:a0 (SET FEATURES) succeeded
[ 1007.180153] ata3.00: ACPI cmd f5/00:00:00:00:00:a0 (SECURITY FREEZE LOCK) filtered out
[ 1007.180160] ata3.00: ACPI cmd ef/10:03:00:00:00:a0 (SET FEATURES) filtered out
[ 1007.192350] ata3.00: ACPI cmd ef/02:00:00:00:00:a0 (SET FEATURES) succeeded
[ 1007.192362] ata3.00: ACPI cmd f5/00:00:00:00:00:a0 (SECURITY FREEZE LOCK) filtered out
[ 1007.192368] ata3.00: ACPI cmd ef/10:03:00:00:00:a0 (SET FEATURES) filtered out
[ 1007.198899] ata3.00: configured for UDMA/133
[ 1007.245930] usb 1-1.4: reset full-speed USB device number 4 using ehci-pci
[ 1007.433944] usb 1-1.6: reset high-speed USB device number 5 using ehci-pci
[ 1007.713119] psmouse serio1: synaptics: queried max coordinates: x [..5472], y [..4448]
[ 1008.793957] ata1: SATA link up 1.5 Gbps (SStatus 113 SControl 300)
[ 1008.795728] ata1.00: ACPI cmd ef/02:00:00:00:00:a0 (SET FEATURES) succeeded
[ 1008.795738] ata1.00: ACPI cmd f5/00:00:00:00:00:a0 (SECURITY FREEZE LOCK) filtered out
[ 1008.795744] ata1.00: ACPI cmd ef/10:03:00:00:00:a0 (SET FEATURES) filtered out
[ 1008.798835] ata1.00: ACPI cmd ef/02:00:00:00:00:a0 (SET FEATURES) succeeded
[ 1008.798845] ata1.00: ACPI cmd f5/00:00:00:00:00:a0 (SECURITY FREEZE LOCK) filtered out
[ 1008.798852] ata1.00: ACPI cmd ef/10:03:00:00:00:a0 (SET FEATURES) filtered out
[ 1008.800151] ata1.00: configured for UDMA/133
[ 1008.832223] PM: resume devices took 2.024 seconds
[ 1008.833274] OOM killer enabled.
[ 1008.833288] Restarting tasks ... 
[ 1008.833313] ACPI: \_SB_.PCI0.LPC_.EC__.BAT1: docking
[ 1008.842559] ACPI: \_SB_.PCI0.LPC_.EC__.BAT1: Unable to dock!
[ 1008.842775] done.
[ 1008.843927] PM: suspend exit
[ 1008.982171] e1000e: eth2 NIC Link is Down
[ 1009.133286] iwlwifi 0000:03:00.0: Radio type=0x0-0x0-0x3
[ 1009.200489] iwlwifi 0000:03:00.0: Radio type=0x0-0x0-0x3
[ 1011.160114] e1000e: eth2 NIC Link is Up 100 Mbps Full Duplex, Flow Control: Rx/Tx
[ 1011.160136] e1000e 0000:00:19.0 eth2: 10/100 speed: disabling TSO
[ 2159.473676] perf: interrupt took too long (2510 > 2500), lowering kernel.perf_event_max_sample_rate to 79500
[ 2521.738888] perf: interrupt took too long (3148 > 3137), lowering kernel.perf_event_max_sample_rate to 63500
[ 3745.748770] PM: suspend entry (deep)
[ 3745.835233] Filesystems sync: 0.086 seconds
[ 3745.836251] Freezing user space processes ... (elapsed 0.009 seconds) done.
[ 3745.845369] OOM killer disabled.
[ 3745.845373] Freezing remaining freezable tasks ... (elapsed 0.003 seconds) done.
[ 3745.849354] printk: Suspending console(s) (use no_console_suspend to debug)
[ 3745.865359] sd 2:0:0:0: [sdb] Synchronizing SCSI cache
[ 3745.866221] sd 2:0:0:0: [sdb] Stopping disk
[ 3746.045304] sd 0:0:0:0: [sda] Synchronizing SCSI cache
[ 3746.045667] sd 0:0:0:0: [sda] Stopping disk
[ 3746.126849] e1000e: EEE TX LPI TIMER: 00000011
[ 3746.625571] PM: suspend devices took 0.776 seconds
[ 3746.657975] ACPI: EC: interrupt blocked
[ 3746.697772] ACPI: Preparing to enter system sleep state S3
[ 3746.709847] ACPI: EC: event blocked
[ 3746.709854] ACPI: EC: EC stopped
[ 3746.709862] PM: Saving platform NVS memory
[ 3746.709892] Disabling non-boot CPUs ...
[ 3746.712882] smpboot: CPU 1 is now offline
[ 3746.715889] smpboot: CPU 2 is now offline
[ 3746.719818] IRQ 16: no longer affine to CPU3
[ 3746.719833] IRQ 17: no longer affine to CPU3
[ 3746.719847] IRQ 23: no longer affine to CPU3
[ 3746.720936] smpboot: CPU 3 is now offline
[ 3746.723480] ACPI: Low-level resume complete
[ 3746.723542] ACPI: EC: EC started
[ 3746.723544] PM: Restoring platform NVS memory
[ 3746.724041] Enabling non-boot CPUs ...
[ 3746.724990] x86: Booting SMP configuration:
[ 3746.724993] smpboot: Booting Node 0 Processor 1 APIC 0x1
[ 3746.725305] Disabled fast string operations
[ 3746.728326] CPU1 is up
[ 3746.729329] smpboot: Booting Node 0 Processor 2 APIC 0x2
[ 3746.729575] Disabled fast string operations
[ 3746.732676] CPU2 is up
[ 3746.733684] smpboot: Booting Node 0 Processor 3 APIC 0x3
[ 3746.733930] Disabled fast string operations
[ 3746.737422] CPU3 is up
[ 3746.741215] ACPI: Waking up from system sleep state S3
[ 3746.761225] ACPI: EC: interrupt unblocked
[ 3746.778976] sdhci-pci 0000:0d:00.0: MMC controller base frequency changed to 50Mhz.
[ 3746.914257] sd 0:0:0:0: [sda] Starting disk
[ 3746.916315] sd 2:0:0:0: [sdb] Starting disk
[ 3746.916900] ACPI: EC: event unblocked
[ 3747.158316] usb 1-1.4: reset full-speed USB device number 4 using ehci-pci
[ 3747.258462] ata3: SATA link up 3.0 Gbps (SStatus 123 SControl 300)
[ 3747.262461] ata2: SATA link down (SStatus 0 SControl 300)
[ 3747.262527] ata5: SATA link down (SStatus 0 SControl 300)
[ 3747.264745] ata3.00: ACPI cmd ef/02:00:00:00:00:a0 (SET FEATURES) succeeded
[ 3747.264757] ata3.00: ACPI cmd f5/00:00:00:00:00:a0 (SECURITY FREEZE LOCK) filtered out
[ 3747.264763] ata3.00: ACPI cmd ef/10:03:00:00:00:a0 (SET FEATURES) filtered out
[ 3747.276484] ata3.00: ACPI cmd ef/02:00:00:00:00:a0 (SET FEATURES) succeeded
[ 3747.276496] ata3.00: ACPI cmd f5/00:00:00:00:00:a0 (SECURITY FREEZE LOCK) filtered out
[ 3747.276502] ata3.00: ACPI cmd ef/10:03:00:00:00:a0 (SET FEATURES) filtered out
[ 3747.281515] ata3.00: configured for UDMA/133
[ 3747.350605] usb 1-1.3: reset full-speed USB device number 3 using ehci-pci
[ 3747.538462] usb 1-1.6: reset high-speed USB device number 5 using ehci-pci
[ 3747.798221] psmouse serio1: synaptics: queried max coordinates: x [..5472], y [..4448]
[ 3748.878463] ata1: SATA link up 1.5 Gbps (SStatus 113 SControl 300)
[ 3748.880239] ata1.00: ACPI cmd ef/02:00:00:00:00:a0 (SET FEATURES) succeeded
[ 3748.880251] ata1.00: ACPI cmd f5/00:00:00:00:00:a0 (SECURITY FREEZE LOCK) filtered out
[ 3748.880258] ata1.00: ACPI cmd ef/10:03:00:00:00:a0 (SET FEATURES) filtered out
[ 3748.883240] ata1.00: ACPI cmd ef/02:00:00:00:00:a0 (SET FEATURES) succeeded
[ 3748.883253] ata1.00: ACPI cmd f5/00:00:00:00:00:a0 (SECURITY FREEZE LOCK) filtered out
[ 3748.883260] ata1.00: ACPI cmd ef/10:03:00:00:00:a0 (SET FEATURES) filtered out
[ 3748.884516] ata1.00: configured for UDMA/133
[ 3748.913092] PM: resume devices took 2.000 seconds
[ 3748.914172] OOM killer enabled.
[ 3748.914186] Restarting tasks ... done.
[ 3748.928335] PM: suspend exit
[ 3749.055520] e1000e: eth2 NIC Link is Down
[ 3749.210360] iwlwifi 0000:03:00.0: Radio type=0x0-0x0-0x3
[ 3749.285134] iwlwifi 0000:03:00.0: Radio type=0x0-0x0-0x3
[ 3751.220585] e1000e: eth2 NIC Link is Up 100 Mbps Full Duplex, Flow Control: Rx/Tx
[ 3751.220608] e1000e 0000:00:19.0 eth2: 10/100 speed: disabling TSO
[ 5234.795247] Slab corruption (Not tainted): bfq_queue start=ffff88812356a868, len=512
[ 5234.795256] Redzone: 0x9f911029d74e35b/0x9f911029d74e35b
[ 5234.795263] Last user: (bfq_put_queue+0xb0/0xe0)
[ 5234.795267] 1f0: f8 68 84 30 81 88 ff ff 6b 6b 6b 6b 6b 6b 6b a5  .h.0....kkkkkkk.
[ 5234.795274] Prev obj: start=ffff88812356a650, len=512
[ 5234.795278] Redzone: 0xd84156c5635688c0/0xd84156c5635688c0
[ 5234.795283] Last user: (bfq_get_queue+0x13a/0x290)
[ 5234.795286] 000: 01 00 00 00 00 00 00 00 00 38 4d 95 81 88 ff ff  .........8M.....
[ 5234.795291] 010: 04 00 02 00 04 00 02 00 00 00 00 00 00 00 00 00  ................
[ 5234.795296] Next obj: start=ffff88812356aa80, len=512
[ 5234.795300] Redzone: 0xd84156c5635688c0/0xd84156c5635688c0
[ 5234.795304] Last user: (bfq_get_queue+0x13a/0x290)
[ 5234.795308] 000: 01 00 00 00 00 00 00 00 00 38 4d 95 81 88 ff ff  .........8M.....
[ 5234.795312] 010: 04 00 02 00 04 00 02 00 00 00 00 00 00 00 00 00  ................
[ 5270.459669] perf: interrupt took too long (4026 > 3935), lowering kernel.perf_event_max_sample_rate to 49500
