[    0.000000] Booting Linux on physical CPU 0x0000000000 [0x410fd034]
[    0.000000] Linux version 4.18.11-00427-g35cf56cbf9cb (purism@pureos) (gcc version 8.3.0 (Debian 8.3.0-6)) #30 SMP PREEMPT Mon Aug 26 10:10:39 CEST 2019
[    0.000000] Machine model: Purism Librem 5 devkit
[    0.000000] cma: early_cma(256M)
[    0.000000] efi: Getting EFI parameters from FDT:
[    0.000000] efi: UEFI not found.
[    0.000000] cma: dma_contiguous_reserve(limit 100000000)
[    0.000000] cma: dma_contiguous_reserve: reserving 256 MiB for global area
[    0.000000] cma: cma_declare_contiguous(size 0x0000000010000000, base 0x0000000000000000, limit 0x0000000100000000 alignment 0x0000000000000000)
[    0.000000] cma: Reserved 256 MiB at 0x00000000eec00000
[    0.000000] On node 0 totalpages: 786432
[    0.000000]   DMA32 zone: 12288 pages used for memmap
[    0.000000]   DMA32 zone: 0 pages reserved
[    0.000000]   DMA32 zone: 786432 pages, LIFO batch:31
[    0.000000] psci: probing for conduit method from DT.
[    0.000000] psci: PSCIv1.1 detected in firmware.
[    0.000000] psci: Using standard PSCI v0.2 function IDs
[    0.000000] psci: MIGRATE_INFO_TYPE not supported.
[    0.000000] psci: SMC Calling Convention v1.1
[    0.000000] random: get_random_bytes called from start_kernel+0xa0/0x478 with crng_init=0
[    0.000000] percpu: Embedded 26 pages/cpu @(____ptrval____) s69016 r8192 d29288 u106496
[    0.000000] pcpu-alloc: s69016 r8192 d29288 u106496 alloc=26*4096
[    0.000000] pcpu-alloc: [0] 0 [0] 1 [0] 2 [0] 3 
[    0.000000] Detected VIPT I-cache on CPU0
[    0.000000] CPU features: enabling workaround for ARM erratum 845719
[    0.000000] Speculative Store Bypass Disable mitigation not required
[    0.000000] CPU features: detected: Kernel page table isolation (KPTI)
[    0.000000] Built 1 zonelists, mobility grouping on.  Total pages: 774144
[    0.000000] Kernel command line:  console=ttymxc0,115200 root=/dev/mmcblk0p2 cma=256M
[    0.000000] log_buf_len individual max cpu contribution: 4096 bytes
[    0.000000] log_buf_len total cpu_extra contributions: 12288 bytes
[    0.000000] log_buf_len min size: 16384 bytes
[    0.000000] log_buf_len: 32768 bytes
[    0.000000] early log buf free: 14184(86%)
[    0.000000] Dentry cache hash table entries: 524288 (order: 10, 4194304 bytes)
[    0.000000] Inode-cache hash table entries: 262144 (order: 9, 2097152 bytes)
[    0.000000] Memory: 2801252K/3145728K available (9916K kernel code, 1104K rwdata, 5660K rodata, 1280K init, 535K bss, 82332K reserved, 262144K cma-reserved)
[    0.000000] SLUB: HWalign=64, Order=0-3, MinObjects=0, CPUs=4, Nodes=1
[    0.000000] ftrace: allocating 35890 entries in 141 pages
[    0.000000] Preemptible hierarchical RCU implementation.
[    0.000000] 	RCU restricting CPUs from NR_CPUS=64 to nr_cpu_ids=4.
[    0.000000] 	Tasks RCU enabled.
[    0.000000] RCU: Adjusting geometry for rcu_fanout_leaf=16, nr_cpu_ids=4
[    0.000000] kmemleak: Kernel memory leak detector disabled
[    0.000000] NR_IRQS: 64, nr_irqs: 64, preallocated irqs: 0
[    0.000000] GICv3: GIC: Using split EOI/Deactivate mode
[    0.000000] GICv3: Distributor has no Range Selector support
[    0.000000] GICv3: no VLPI support, no direct LPI support
[    0.000000] ITS: No ITS available, not enabling LPIs
[    0.000000] GICv3: CPU0: found redistributor 0 region 0:0x0000000038880000
[    0.000000] i.MX8MQ clock driver init done
[    0.000000] arch_timer: cp15 timer(s) running at 8.33MHz (phys).
[    0.000000] clocksource: arch_sys_counter: mask: 0xffffffffffffff max_cycles: 0x1ec0311ec, max_idle_ns: 440795202152 ns
[    0.000004] sched_clock: 56 bits at 8MHz, resolution 120ns, wraps every 2199023255541ns
[    0.000460] Console: colour dummy device 80x25
[    0.000487] kmemleak: Early log buffer exceeded (3632), please increase DEBUG_KMEMLEAK_EARLY_LOG_SIZE
[    0.000910] Calibrating delay loop (skipped), value calculated using timer frequency.. 16.66 BogoMIPS (lpj=33333)
[    0.000921] pid_max: default: 32768 minimum: 301
[    0.000995] Security Framework initialized
[    0.001054] Mount-cache hash table entries: 8192 (order: 4, 65536 bytes)
[    0.001071] Mountpoint-cache hash table entries: 8192 (order: 4, 65536 bytes)
[    0.023998] ASID allocator initialised with 32768 entries
[    0.031996] Hierarchical SRCU implementation.
[    0.040309] Cannot find MU entry in device tree
[    0.040392] CPU identified as i.MX8MQ, silicon rev 2.0
[    0.040484] EFI services will not be available.
[    0.048030] smp: Bringing up secondary CPUs ...
[    0.080194] Detected VIPT I-cache on CPU1
[    0.080224] GICv3: CPU1: found redistributor 1 region 0:0x00000000388a0000
[    0.080258] CPU1: Booted secondary processor 0x0000000001 [0x410fd034]
[    0.112244] Detected VIPT I-cache on CPU2
[    0.112266] GICv3: CPU2: found redistributor 2 region 0:0x00000000388c0000
[    0.112293] CPU2: Booted secondary processor 0x0000000002 [0x410fd034]
[    0.144314] Detected VIPT I-cache on CPU3
[    0.144337] GICv3: CPU3: found redistributor 3 region 0:0x00000000388e0000
[    0.144363] CPU3: Booted secondary processor 0x0000000003 [0x410fd034]
[    0.144570] smp: Brought up 1 node, 4 CPUs
[    0.144597] SMP: Total of 4 processors activated.
[    0.144604] CPU features: detected: GIC system register CPU interface
[    0.144611] CPU features: detected: 32-bit EL0 Support
[    0.164491] CPU: All CPU(s) started at EL2
[    0.164660] alternatives: patching kernel code
[    0.166333] devtmpfs: initialized
[    0.173224] clocksource: jiffies: mask: 0xffffffff max_cycles: 0xffffffff, max_idle_ns: 7645041785100000 ns
[    0.173238] futex hash table entries: 1024 (order: 4, 65536 bytes)
[    0.180510] pinctrl core: initialized pinctrl subsystem
[    0.181499] DMI not present or invalid.
[    0.181766] NET: Registered protocol family 16
[    0.182331] audit: initializing netlink subsys (disabled)
[    0.182666] audit: type=2000 audit(0.180:1): state=initialized audit_enabled=0 res=1
[    0.184630] cpuidle: using governor menu
[    0.184809] vdso: 2 pages (1 code @ (____ptrval____), 1 data @ (____ptrval____))
[    0.184823] hw-breakpoint: found 6 breakpoint and 4 watchpoint registers.
[    0.185256] cma: cma_alloc(cma (____ptrval____), count 64, align 6)
[    0.186515] cma: cma_alloc(): returned (____ptrval____)
[    0.186591] DMA: preallocated 256 KiB pool for atomic allocations
[    0.186850] Serial: AMBA PL011 UART driver
[    0.195147] imx8mq-pinctrl 30330000.iomuxc: initialized IMX pinctrl driver
[    0.222042] HugeTLB registered 2.00 MiB page size, pre-allocated 0 pages
[    0.223250] cryptd: max_cpu_qlen set to 1000
[    0.230885] ACPI: Interpreter disabled.
[    0.232909] mxs-dma 33000000.dma-apbh: initialized
[    0.234440] vgaarb: loaded
[    0.234870] SCSI subsystem initialized
[    0.235076] libata version 3.00 loaded.
[    0.240924] bd71837 0-004b: Device ID=0xA2
[    0.240933] bd71837 0-004b: gpio_intr = 483 
[    0.240942] bd71837 0-004b: chip_irq=56 
[    0.281134] bd71837-pmic bd71837-pmic: regulator register name 'buck1'
[    0.305052] bd71837-pmic bd71837-pmic: Buck[1] Set Ramp = 1250
[    0.337348] bd71837-pmic bd71837-pmic: regulator register name 'buck2'
[    0.361136] bd71837-pmic bd71837-pmic: Buck[2] Set Ramp = 1250
[    0.393426] bd71837-pmic bd71837-pmic: regulator register name 'buck3'
[    0.433498] bd71837-pmic bd71837-pmic: regulator register name 'buck4'
[    0.473545] bd71837-pmic bd71837-pmic: regulator register name 'buck5'
[    0.493641] bd71837-pmic bd71837-pmic: regulator register name 'buck6'
[    0.513629] bd71837-pmic bd71837-pmic: regulator register name 'buck7'
[    0.533719] bd71837-pmic bd71837-pmic: regulator register name 'buck8'
[    0.553706] bd71837-pmic bd71837-pmic: regulator register name 'ldo1'
[    0.573816] bd71837-pmic bd71837-pmic: regulator register name 'ldo2'
[    0.581717] bd71837-pmic bd71837-pmic: regulator register name 'ldo3'
[    0.601806] bd71837-pmic bd71837-pmic: regulator register name 'ldo4'
[    0.621761] random: fast init done
[    0.621899] bd71837-pmic bd71837-pmic: regulator register name 'ldo5'
[    0.637931] bd71837-pmic bd71837-pmic: regulator register name 'ldo6'
[    0.653960] bd71837-pmic bd71837-pmic: regulator register name 'ldo7'
[    0.670008] bd71837-pmic bd71837-pmic: Buck1: DVS Run-Idle-Susp[900000 - 850000 - 800000].
[    0.681723] bd71837-pmic bd71837-pmic: Buck2: DVS Run-Idle-Susp[1000000 - 900000 - 0].
[    0.689740] bd71837-pmic bd71837-pmic: Buck3: DVS Run-Idle-Susp[1000000 - 0 - 0].
[    0.693801] bd71837-pmic bd71837-pmic: Buck4: DVS Run-Idle-Susp[1000000 - 0 - 0].
[    0.710392] i2c i2c-0: IMX I2C adapter registered
[    0.710405] i2c i2c-0: can't use DMA, using PIO instead.
[    0.711659] i2c i2c-2: IMX I2C adapter registered
[    0.711669] i2c i2c-2: can't use DMA, using PIO instead.
[    0.711895] media: Linux media interface: v0.10
[    0.711984] videodev: Linux video capture interface: v2.00
[    0.712216] pps_core: LinuxPPS API ver. 1 registered
[    0.712222] pps_core: Software ver. 5.3.6 - Copyright 2005-2007 Rodolfo Giometti <giometti@linux.it>
[    0.712295] PTP clock support registered
[    0.714475] clocksource: Switched to clocksource arch_sys_counter
[    0.773541] pnp: PnP ACPI: disabled
[    0.791171] NET: Registered protocol family 2
[    0.791568] tcp_listen_portaddr_hash hash table entries: 2048 (order: 3, 32768 bytes)
[    0.791627] TCP established hash table entries: 32768 (order: 6, 262144 bytes)
[    0.791871] TCP bind hash table entries: 32768 (order: 7, 524288 bytes)
[    0.792320] TCP: Hash tables configured (established 32768 bind 32768)
[    0.792396] UDP hash table entries: 2048 (order: 4, 65536 bytes)
[    0.792484] UDP-Lite hash table entries: 2048 (order: 4, 65536 bytes)
[    0.792658] NET: Registered protocol family 1
[    0.793614] RPC: Registered named UNIX socket transport module.
[    0.793620] RPC: Registered udp transport module.
[    0.793626] RPC: Registered tcp transport module.
[    0.793631] RPC: Registered tcp NFSv4.1 backchannel transport module.
[    0.794296] PCI: CLS 0 bytes, default 64
[    0.794431] Unpacking initramfs...
[    1.155147] Freeing initrd memory: 7592K
[    1.160749] Initialise system trusted keyrings
[    1.160992] workingset: timestamp_bits=46 max_order=20 bucket_order=0
[    1.172145] squashfs: version 4.0 (2009/01/31) Phillip Lougher
[    1.186534] Key type asymmetric registered
[    1.186543] Asymmetric key parser 'x509' registered
[    1.186773] Block layer SCSI generic (bsg) driver version 0.4 loaded (major 245)
[    1.186781] io scheduler noop registered
[    1.187067] io scheduler cfq registered (default)
[    1.187074] io scheduler mq-deadline registered
[    1.193958] Bus freq driver module loaded
[    1.202022] Serial: 8250/16550 driver, 4 ports, IRQ sharing disabled
[    1.205640] 30860000.serial: ttymxc0 at MMIO 0x30860000 (irq = 38, base_baud = 1562500) is a IMX
[    2.086760] console [ttymxc0] enabled
[    2.091312] 30880000.serial: ttymxc2 at MMIO 0x30880000 (irq = 39, base_baud = 1562500) is a IMX
[    2.100994] 30a60000.serial: ttymxc3 at MMIO 0x30a60000 (irq = 44, base_baud = 1562500) is a IMX
[    2.117212] etnaviv etnaviv: bound 38000000.gpu (ops gpu_ops)
[    2.123035] etnaviv-gpu 38000000.gpu: model: GC7000, revision: 6214
[    2.129469] cma: cma_alloc(cma (____ptrval____), count 1, align 0)
[    2.130037] cma: cma_alloc(): returned (____ptrval____)
[    2.130057] cma: cma_alloc(cma (____ptrval____), count 1, align 0)
[    2.130117] cma: cma_alloc(): returned (____ptrval____)
[    2.130125] cma: cma_alloc(cma (____ptrval____), count 1, align 0)
[    2.130158] cma: cma_alloc(): returned (____ptrval____)
[    2.130171] cma: cma_alloc(cma (____ptrval____), count 64, align 6)
[    2.130252] cma: cma_alloc(): returned (____ptrval____)
[    2.130331] cma: cma_alloc(cma (____ptrval____), count 1, align 0)
[    2.130397] cma: cma_alloc(): returned (____ptrval____)
[    2.131071] [drm] Initialized etnaviv 1.2.0 20151214 for etnaviv on minor 0
[    2.138179] Error: Driver 'mxsfb' is already registered, aborting...
[    2.144989] cma: cma_alloc(cma (____ptrval____), count 2, align 1)
[    2.145062] cma: cma_alloc(): returned (____ptrval____)
[    2.145074] cma: cma_alloc(cma (____ptrval____), count 60, align 6)
[    2.145122] cma: cma_alloc(): returned (____ptrval____)
[    2.145187] cma: cma_alloc(cma (____ptrval____), count 2, align 1)
[    2.145233] cma: cma_alloc(): returned (____ptrval____)
[    2.145244] cma: cma_alloc(cma (____ptrval____), count 60, align 6)
[    2.145432] cma: cma_alloc(): returned (____ptrval____)
[    2.145655] dcss-core 32e00000.dcss: Direct firmware load for dcss.fw failed with error -2
[    2.153991] dcss-core 32e00000.dcss: Falling back to syfs fallback for: dcss.fw
[    2.169692] loop: module loaded
[    2.175546] spi_imx 30820000.ecspi: can't get the TX DMA channel, error -19!
[    2.175553] spi_imx 30820000.ecspi: dma setup error -19, use pio
[    2.181827] spi_imx 30820000.ecspi: registered master spi0
[    2.182059] spi spi0.0: spi_imx_setup: mode 0, 8 bpw, 20000000 hz
[    2.182071] spi spi0.0: setup mode 0, 8 bits/w, 20000000 Hz max --> 0
[    2.182237] spi_imx 30820000.ecspi: registered child spi0.0
[    2.182247] spi_imx 30820000.ecspi: probed
[    2.187239] libphy: Fixed MDIO Bus: probed
[    2.193659] Atheros(R) L2 Ethernet Driver - version 2.2.3
[    2.199124] Copyright (c) 2007 Atheros Corporation.
[    2.205651] pps pps0: new PPS source ptp0
[    2.209743] cma: cma_alloc(cma (____ptrval____), count 16, align 4)
[    2.210175] cma: cma_alloc(): returned (____ptrval____)
[    2.210214] cma: cma_alloc(cma (____ptrval____), count 16, align 4)
[    2.210286] cma: cma_alloc(): returned (____ptrval____)
[    2.210313] cma: cma_alloc(cma (____ptrval____), count 16, align 4)
[    2.210372] cma: cma_alloc(): returned (____ptrval____)
[    2.210400] cma: cma_alloc(cma (____ptrval____), count 24, align 5)
[    2.210554] cma: cma_alloc(): returned (____ptrval____)
[    2.211798] libphy: fec_enet_mii_bus: probed
[    2.224887] fec 30be0000.ethernet eth0: registered PHC device 0
[    2.232881] mousedev: PS/2 mouse device common for all mice
[    2.240239] snvs_rtc 30370000.snvs:snvs-rtc-lp: rtc core: registered 30370000.snvs:snvs-rtc-lp as rtc0
[    2.249796] i2c /dev entries driver
[    2.254600] ov5640 2-003c: 2-003c supply DOVDD not found, using dummy regulator
[    2.262023] ov5640 2-003c: 2-003c supply DVDD not found, using dummy regulator
[    2.269404] ov5640 2-003c: 2-003c supply AVDD not found, using dummy regulator
[    2.277044] ov5640 2-003c: ov5640_read_reg: error: reg=300a
[    2.282685] ov5640 2-003c: ov5640_check_chip_id: failed to read chip identifier
[    2.292474] mxc-mipi-csi2_yav 30a70000.mipi_csi1: mipi_csi2_probe
[    2.298665] mxc-mipi-csi2_yav: probe of 30a70000.mipi_csi1 failed with error -22
[    2.308399] imx2-wdt 30280000.wdog: timeout 60 sec (nowayout=0)
[    2.316502] sdhci: Secure Digital Host Controller Interface driver
[    2.322808] sdhci: Copyright(c) Pierre Ossman
[    2.327422] sdhci-pltfm: SDHCI platform and OF driver helper
[    2.334203] cma: cma_alloc(cma (____ptrval____), count 1, align 0)
[    2.334596] cma: cma_alloc(): returned (____ptrval____)
[    2.368078] mmc0: SDHCI controller on 30b40000.usdhc [30b40000.usdhc] using ADMA
[    2.377317] cma: cma_alloc(cma (____ptrval____), count 1, align 0)
[    2.377679] cma: cma_alloc(): returned (____ptrval____)
[    2.411061] mmc1: SDHCI controller on 30b50000.usdhc [30b50000.usdhc] using ADMA
[    2.424054] ledtrig-cpu: registered to indicate activity on CPUs
[    2.430826] caam 30900000.caam: can't identify CAAM ipg clk: -2
[    2.436922] caam: probe of 30900000.caam failed with error -2
[    2.446542] NET: Registered protocol family 26
[    2.451294] NET: Registered protocol family 17
[    2.457182] 9pnet: Installing 9P2000 support
[    2.463706] Key type dns_resolver registered
[    2.470125] registered taskstats version 1
[    2.474549] Loading compiled-in X.509 certificates
[    2.478112] mmc0: new HS400 MMC card at address 0001
[    2.487770] mmc1: new high speed SDIO card at address fffd
[    2.488050] mmcblk0: mmc0:0001 M52532 28.5 GiB 
[    2.498378] mmcblk0boot0: mmc0:0001 M52532 partition 1 4.00 MiB
[    2.499938] cpu cpu0: _opp_is_duplicate: duplicate OPPs detected. Existing: freq: 1500000000, volt: 1000000, enabled: 1. New: freq: 1500000000, volt: 1000000, enabled: 1
[    2.504698] mmcblk0boot1: mmc0:0001 M52532 partition 2 4.00 MiB
[    2.519558] cpu cpu0: _opp_is_duplicate: duplicate OPPs detected. Existing: freq: 1000000000, volt: 900000, enabled: 1. New: freq: 1000000000, volt: 900000, enabled: 1
[    2.519707] failed to disable 800MHz OPP!
[    2.525914] mmcblk0rpmb: mmc0:0001 M52532 partition 3 4.00 MiB, chardev (243:0)
[    2.540507] failed to disable 1.3GHz OPP!
[    2.540509] Configuring consumer grade
[    2.541795] input: gpio-keys as /devices/platform/gpio-keys/input/input0
[    2.549018]  mmcblk0: p1 p2
[    2.556062] snvs_rtc 30370000.snvs:snvs-rtc-lp: setting system clock to 1970-01-01 00:00:00 UTC (0)
[    2.578598] cfg80211: Loading compiled-in X.509 certificates for regulatory database
[    2.601295] cfg80211: Loaded X.509 cert 'sforshee: 00b28ddf47aef9cea7'
[    2.608080] platform regulatory.0: Direct firmware load for regulatory.db failed with error -2
[    2.616921] platform regulatory.0: Falling back to syfs fallback for: regulatory.db
[    2.627309] Freeing unused kernel memory: 1280K
[    2.902582] dcss-core 32e00000.dcss: hdr10: DCSS FW load failed.
[    2.947592] cfg80211: failed to load regulatory.db
[    3.134578] EXT4-fs (mmcblk0p2): mounted filesystem with ordered data mode. Opts: (null)
[    3.460473] systemd[1]: System time before build time, advancing clock.
[    3.485096] systemd[1]: systemd 241 running in system mode. (+PAM +AUDIT +SELINUX +IMA +APPARMOR +SMACK +SYSVINIT +UTMP +LIBCRYPTSETUP +GCRYPT +GNUTLS +ACL +XZ +LZ4 +SECCOMP +BLKID +ELFUTILS +KMOD -IDN2 +IDN -PCRE2 default-hierarchy=hybrid)
[    3.507120] systemd[1]: Detected architecture arm64.
[    3.534941] systemd[1]: Set hostname to <pureos>.
[    3.704366] random: lvmconfig: uninitialized urandom read (4 bytes read)
[    3.738292] systemd[1]: File /lib/systemd/system/systemd-journald.service:12 configures an IP firewall (IPAddressDeny=any), but the local system does not support BPF/cgroup based firewalling.
[    3.755463] systemd[1]: Proceeding WITHOUT firewalling in effect! (This warning is only shown for the first loaded unit using IP firewalling.)
[    3.963013] systemd[1]: Binding to IPv6 address not available since kernel does not support IPv6.
[    3.976710] random: systemd: uninitialized urandom read (16 bytes read)
[    3.988071] random: systemd: uninitialized urandom read (16 bytes read)
[    3.994870] systemd[1]: Reached target Remote File Systems.
[    4.014630] systemd[1]: Condition check resulted in Arbitrary Executable File Formats File System Automount Point being skipped.
[    4.030211] systemd[1]: Created slice system-getty.slice.
[    4.050623] systemd[1]: Reached target Swap.
[    4.784976] EXT4-fs (mmcblk0p2): re-mounted. Opts: errors=remount-ro
[    5.035466] systemd-journald[1282]: Received request to flush runtime journal from PID 1
[    5.048707] systemd-journald[1282]: File /var/log/journal/a10eb4ab9eba403abb076bbd4f865a4b/system.journal corrupted or uncleanly shut down, renaming and replacing.
[    5.563403] Atheros 8031 ethernet 30be0000.ethernet-1:01: attached PHY driver [Atheros 8031 ethernet] (mii_bus:phy_addr=30be0000.ethernet-1:01, irq=POLL)
[    6.716575] random: crng init done
[    6.720658] random: 7 urandom warning(s) missed due to ratelimiting
[    7.616037] fec 30be0000.ethernet eth0: Link is Up - 100Mbps/Full - flow control rx/tx
