[    0.000000] Linux version 5.8.0-rc1-next-20200618+ (pavel@pollux.denx.de) (gcc (GCC) 9.2.1 20190827 (Red Hat 9.2.1-1), GNU ld version 2.32-31.fc31) #125 SMP PREEMPT Thu Jun 18 21:35:41 CEST 2020
[    0.000000] Disabled fast string operations
[    0.000000] x86/fpu: x87 FPU will use FXSAVE
[    0.000000] BIOS-provided physical RAM map:
[    0.000000] BIOS-e820: [mem 0x0000000000000000-0x000000000009efff] usable
[    0.000000] BIOS-e820: [mem 0x000000000009f000-0x000000000009ffff] reserved
[    0.000000] BIOS-e820: [mem 0x00000000000dc000-0x00000000000fffff] reserved
[    0.000000] BIOS-e820: [mem 0x0000000000100000-0x00000000bf6cffff] usable
[    0.000000] BIOS-e820: [mem 0x00000000bf6d0000-0x00000000bf6defff] ACPI data
[    0.000000] BIOS-e820: [mem 0x00000000bf6df000-0x00000000bf6fffff] ACPI NVS
[    0.000000] BIOS-e820: [mem 0x00000000bf700000-0x00000000bfffffff] reserved
[    0.000000] BIOS-e820: [mem 0x00000000f0000000-0x00000000f3ffffff] reserved
[    0.000000] BIOS-e820: [mem 0x00000000fec00000-0x00000000fec0ffff] reserved
[    0.000000] BIOS-e820: [mem 0x00000000fed00000-0x00000000fed003ff] reserved
[    0.000000] BIOS-e820: [mem 0x00000000fed14000-0x00000000fed19fff] reserved
[    0.000000] BIOS-e820: [mem 0x00000000fed1c000-0x00000000fed8ffff] reserved
[    0.000000] BIOS-e820: [mem 0x00000000fee00000-0x00000000fee00fff] reserved
[    0.000000] BIOS-e820: [mem 0x00000000ff800000-0x00000000ffffffff] reserved
[    0.000000] NX (Execute Disable) protection: active
[    0.000000] SMBIOS 2.4 present.
[    0.000000] DMI: LENOVO 17097HU/17097HU, BIOS 7BETD8WW (2.19 ) 03/31/2011
[    0.000000] tsc: Fast TSC calibration using PIT
[    0.000000] tsc: Detected 1828.834 MHz processor
[    0.003605] e820: update [mem 0x00000000-0x00000fff] usable ==> reserved
[    0.003610] e820: remove [mem 0x000a0000-0x000fffff] usable
[    0.003622] last_pfn = 0xbf6d0 max_arch_pfn = 0x1000000
[    0.003634] MTRR default type: uncachable
[    0.003637] MTRR fixed ranges enabled:
[    0.003640]   00000-9FFFF write-back
[    0.003643]   A0000-BFFFF uncachable
[    0.003646]   C0000-CFFFF write-protect
[    0.003649]   D0000-DBFFF uncachable
[    0.003652]   DC000-DFFFF write-back
[    0.003655]   E0000-FFFFF write-protect
[    0.003658] MTRR variable ranges enabled:
[    0.003661]   0 base 000000000 mask F80000000 write-back
[    0.003664]   1 base 080000000 mask FC0000000 write-back
[    0.003668]   2 base 0BF700000 mask FFFF00000 uncachable
[    0.003671]   3 base 0BF800000 mask FFF800000 uncachable
[    0.003673]   4 disabled
[    0.003676]   5 disabled
[    0.003678]   6 disabled
[    0.003681]   7 disabled
[    0.004755] x86/PAT: PAT not supported by the CPU.
[    0.006013] x86/PAT: Configuration [0-7]: WB  WT  UC- UC  WB  WT  UC- UC  
[    0.006034] initial memory mapped: [mem 0x00000000-0x05bfffff]
[    0.006143] ACPI: Early table checksum verification disabled
[    0.006153] ACPI: RSDP 0x00000000000F67C0 000024 (v02 LENOVO)
[    0.006162] ACPI: XSDT 0x00000000BF6D191C 000084 (v01 LENOVO TP-7B    00002190  LTP 00000000)
[    0.006175] ACPI: FACP 0x00000000BF6D1A00 0000F4 (v03 LENOVO TP-7B    00002190 LNVO 00000001)
[    0.006186] ACPI BIOS Warning (bug): 32/64X length mismatch in FADT/Gpe0Block: 64/32 (20200528/tbfadt-564)
[    0.006194] ACPI BIOS Warning (bug): Optional FADT field Gpe1Block has valid Address but zero Length: 0x000000000000102C/0x0 (20200528/tbfadt-615)
[    0.006204] ACPI: DSDT 0x00000000BF6D1D90 00CFB9 (v01 LENOVO TP-7B    00002190 MSFT 0100000E)
[    0.006213] ACPI: FACS 0x00000000BF6F4000 000040
[    0.006221] ACPI: FACS 0x00000000BF6F4000 000040
[    0.006228] ACPI: SSDT 0x00000000BF6D1BB4 0001DC (v01 LENOVO TP-7B    00002190 MSFT 0100000E)
[    0.006237] ACPI: ECDT 0x00000000BF6DED49 000052 (v01 LENOVO TP-7B    00002190 LNVO 00000001)
[    0.006246] ACPI: TCPA 0x00000000BF6DED9B 000032 (v02 LENOVO TP-7B    00002190 LNVO 00000001)
[    0.006255] ACPI: APIC 0x00000000BF6DEDCD 000068 (v01 LENOVO TP-7B    00002190 LNVO 00000001)
[    0.006264] ACPI: MCFG 0x00000000BF6DEE35 00003C (v01 LENOVO TP-7B    00002190 LNVO 00000001)
[    0.006273] ACPI: HPET 0x00000000BF6DEE71 000038 (v01 LENOVO TP-7B    00002190 LNVO 00000001)
[    0.006282] ACPI: BOOT 0x00000000BF6DEFD8 000028 (v01 LENOVO TP-7B    00002190  LTP 00000001)
[    0.006291] ACPI: SSDT 0x00000000BF6F2645 00025F (v01 LENOVO TP-7B    00002190 INTL 20050513)
[    0.006300] ACPI: SSDT 0x00000000BF6F28A4 0000A6 (v01 LENOVO TP-7B    00002190 INTL 20050513)
[    0.006309] ACPI: SSDT 0x00000000BF6F294A 0004F7 (v01 LENOVO TP-7B    00002190 INTL 20050513)
[    0.006318] ACPI: SSDT 0x00000000BF6F2E41 0001D8 (v01 LENOVO TP-7B    00002190 INTL 20050513)
[    0.006340] ACPI: Local APIC address 0xfee00000
[    0.006346] 2176MB HIGHMEM available.
[    0.006350] 885MB LOWMEM available.
[    0.006354]   mapped low ram: 0 - 375fe000
[    0.006358]   low ram: 0 - 375fe000
[    0.006373] Zone ranges:
[    0.006377]   DMA      [mem 0x0000000000001000-0x0000000000ffffff]
[    0.006382]   Normal   [mem 0x0000000001000000-0x00000000375fdfff]
[    0.006387]   HighMem  [mem 0x00000000375fe000-0x00000000bf6cffff]
[    0.006392] Movable zone start for each node
[    0.006396] Early memory node ranges
[    0.006400]   node   0: [mem 0x0000000000001000-0x000000000009efff]
[    0.006404]   node   0: [mem 0x0000000000100000-0x00000000bf6cffff]
[    0.006410] Initmem setup node 0 [mem 0x0000000000001000-0x00000000bf6cffff]
[    0.006415] On node 0 totalpages: 783982
[    0.017786]   DMA zone: 32 pages used for memmap
[    0.017790]   DMA zone: 0 pages reserved
[    0.017793]   DMA zone: 3998 pages, LIFO batch:0
[    0.017901]   Normal zone: 1740 pages used for memmap
[    0.017904]   Normal zone: 222718 pages, LIFO batch:63
[    0.023581]   HighMem zone: 557266 pages, LIFO batch:63
[    0.037845] Using APIC driver default
[    0.037862] Reserving Intel graphics memory at [mem 0xbf800000-0xbfffffff]
[    0.038349] ACPI: PM-Timer IO Port: 0x1008
[    0.038354] ACPI: Local APIC address 0xfee00000
[    0.038367] ACPI: LAPIC_NMI (acpi_id[0x00] high edge lint[0x1])
[    0.038372] ACPI: LAPIC_NMI (acpi_id[0x01] high edge lint[0x1])
[    0.038398] IOAPIC[0]: apic_id 1, version 32, address 0xfec00000, GSI 0-23
[    0.038406] ACPI: INT_SRC_OVR (bus 0 bus_irq 0 global_irq 2 dfl dfl)
[    0.038413] ACPI: INT_SRC_OVR (bus 0 bus_irq 9 global_irq 9 high level)
[    0.038418] ACPI: IRQ0 used by override.
[    0.038422] ACPI: IRQ9 used by override.
[    0.038427] Using ACPI (MADT) for SMP configuration information
[    0.038432] ACPI: HPET id: 0x8086a201 base: 0xfed00000
[    0.038445] smpboot: Allowing 2 CPUs, 0 hotplug CPUs
[    0.038484] PM: hibernation: Registered nosave memory: [mem 0x00000000-0x00000fff]
[    0.038489] PM: hibernation: Registered nosave memory: [mem 0x0009f000-0x0009ffff]
[    0.038493] PM: hibernation: Registered nosave memory: [mem 0x000a0000-0x000dbfff]
[    0.038498] PM: hibernation: Registered nosave memory: [mem 0x000dc000-0x000fffff]
[    0.038507] [mem 0xc0000000-0xefffffff] available for PCI devices
[    0.038514] clocksource: refined-jiffies: mask: 0xffffffff max_cycles: 0xffffffff, max_idle_ns: 7645519600211568 ns
[    0.038528] setup_percpu: NR_CPUS:8 nr_cpumask_bits:8 nr_cpu_ids:2 nr_node_ids:1
[    0.038811] percpu: Embedded 39 pages/cpu s128108 r0 d31636 u159744
[    0.038826] pcpu-alloc: s128108 r0 d31636 u159744 alloc=39*4096
[    0.038829] pcpu-alloc: [0] 0 [0] 1 
[    0.038861] Built 1 zonelists, mobility grouping on.  Total pages: 782210
[    0.038872] Kernel command line: BOOT_IMAGE=(hd0,2)/fast/l/linux-next-32/arch/x86/boot/bzImage resume=/dev/sda1 console=tty0 console=ttyUSB0 root=/dev/sda4
[    0.039402] Dentry cache hash table entries: 131072 (order: 7, 524288 bytes, linear)
[    0.039519] Inode-cache hash table entries: 65536 (order: 6, 262144 bytes, linear)
[    0.039561] mem auto-init: stack:off, heap alloc:off, heap free:off
[    0.039569] Initializing HighMem for node 0 (000375fe:000bf6d0)
[    0.406127] Initializing Movable for node 0 (00000000:00000000)
[    0.487644] Memory: 3086648K/3135928K available (13392K kernel code, 706K rwdata, 5368K rodata, 672K init, 3048K bss, 49280K reserved, 0K cma-reserved, 2229064K highmem)
[    0.487651] Checking if this processor honours the WP bit even in supervisor mode...Ok.
[    0.487717] random: get_random_u32 called from cache_alloc_refill+0x627/0xb00 with crng_init=0
[    0.488965] Kernel/User page tables isolation: enabled
[    0.489266] rcu: Preemptible hierarchical RCU implementation.
[    0.489271] rcu: 	RCU restricting CPUs from NR_CPUS=8 to nr_cpu_ids=2.
[    0.489276] 	Trampoline variant of Tasks RCU enabled.
[    0.489280] rcu: RCU calculated value of scheduler-enlistment delay is 25 jiffies.
[    0.489284] rcu: Adjusting geometry for rcu_fanout_leaf=16, nr_cpu_ids=2
[    0.489328] NR_IRQS: 2304, nr_irqs: 56, preallocated irqs: 16
[    0.492272] Console: colour VGA+ 80x25
[    0.500724] printk: console [tty0] enabled
[    0.500799] Lock dependency validator: Copyright (c) 2006 Red Hat, Inc., Ingo Molnar
[    0.500893] ... MAX_LOCKDEP_SUBCLASSES:  8
[    0.500968] ... MAX_LOCK_DEPTH:          48
[    0.501042] ... MAX_LOCKDEP_KEYS:        8192
[    0.501118] ... CLASSHASH_SIZE:          4096
[    0.501194] ... MAX_LOCKDEP_ENTRIES:     32768
[    0.501270] ... MAX_LOCKDEP_CHAINS:      65536
[    0.501346] ... CHAINHASH_SIZE:          32768
[    0.501423]  memory used by lock dependency info: 1829 kB
[    0.501504]  per task-struct memory footprint: 1344 bytes
[    0.501598] ACPI: Core revision 20200528
[    0.502066] clocksource: hpet: mask: 0xffffffff max_cycles: 0xffffffff, max_idle_ns: 133484882848 ns
[    0.502211] APIC: Switch to symmetric I/O mode setup
[    0.502291] Enabling APIC mode:  Flat.  Using 1 I/O APICs
[    0.502927] ..TIMER: vector=0x30 apic1=0 pin1=2 apic2=-1 pin2=-1
[    0.522210] clocksource: tsc-early: mask: 0xffffffffffffffff max_cycles: 0x1a5c8ff6b68, max_idle_ns: 440795253682 ns
[    0.522341] Calibrating delay loop (skipped), value calculated using timer frequency.. 3657.66 BogoMIPS (lpj=7315336)
[    0.522470] pid_max: default: 32768 minimum: 301
[    0.522802] Mount-cache hash table entries: 2048 (order: 1, 8192 bytes, linear)
[    0.522905] Mountpoint-cache hash table entries: 2048 (order: 1, 8192 bytes, linear)
[    0.523828] Disabled fast string operations
[    0.523919] process: using mwait in idle threads
[    0.524007] Last level iTLB entries: 4KB 128, 2MB 0, 4MB 2
[    0.524091] Last level dTLB entries: 4KB 128, 2MB 0, 4MB 8, 1GB 0
[    0.524180] Spectre V1 : Mitigation: usercopy/swapgs barriers and __user pointer sanitization
[    0.524297] Spectre V2 : Mitigation: Full generic retpoline
[    0.524381] Spectre V2 : Spectre v2 / SpectreRSB mitigation: Filling RSB on context switch
[    0.524482] L1TF: System has more than MAX_PA/2 memory. L1TF mitigation not effective.
[    0.524580] L1TF: You may make it effective by booting the kernel with mem=2147483648 parameter.
[    0.524695] L1TF: However, doing so will make a part of your RAM unusable.
[    0.524786] L1TF: Reading https://www.kernel.org/doc/html/latest/admin-guide/hw-vuln/l1tf.html might help you decide.
[    0.524912] MDS: Vulnerable: Clear CPU buffers attempted, no microcode
[    0.525195] Freeing SMP alternatives memory: 48K
[    0.636730] smpboot: CPU0: Genuine Intel(R) CPU           T2400  @ 1.83GHz (family: 0x6, model: 0xe, stepping: 0x8)
[    0.637417] Performance Events: Core events, core PMU driver.
[    0.637513] ... version:                1
[    0.637589] ... bit width:              40
[    0.637665] ... generic registers:      2
[    0.637740] ... value mask:             000000ffffffffff
[    0.637823] ... max period:             000000007fffffff
[    0.637905] ... fixed-purpose events:   0
[    0.637981] ... event mask:             0000000000000003
[    0.638224] rcu: Hierarchical SRCU implementation.
[    0.638340] NMI watchdog: Enabled. Permanently consumes one hw-PMU counter.
[    0.638514] smp: Bringing up secondary CPUs ...
[    0.639564] x86: Booting SMP configuration:
[    0.639648] .... node  #0, CPUs:      #1
[    0.016678] Disabled fast string operations
[    0.642113] TSC synchronization [CPU#0 -> CPU#1]:
[    0.642340] Measured 580261 cycles TSC warp between CPUs, turning off TSC clock.
[    0.642340] tsc: Marking TSC unstable due to check_tsc_sync_source failed
[    0.642528] smp: Brought up 1 node, 2 CPUs
[    0.642528] smpboot: Max logical packages: 1
[    0.642528] smpboot: Total of 2 processors activated (7315.33 BogoMIPS)
[    0.644212] devtmpfs: initialized
[    0.644212] PM: Registering ACPI NVS region [mem 0xbf6df000-0xbf6fffff] (135168 bytes)
[    0.646785] clocksource: jiffies: mask: 0xffffffff max_cycles: 0xffffffff, max_idle_ns: 7645041785100000 ns
[    0.646785] futex hash table entries: 512 (order: 3, 32768 bytes, linear)
[    0.646840] thermal_sys: Registered thermal governor 'step_wise'
[    0.647294] NET: Registered protocol family 16
[    0.648981] cpuidle: using governor ladder
[    0.649116] cpuidle: using governor menu
[    0.649408] Simple Boot Flag at 0x35 set to 0x1
[    0.649537] ACPI FADT declares the system doesn't support PCIe ASPM, so disable it
[    0.650372] ACPI: bus type PCI registered
[    0.650712] PCI: MMCONFIG for domain 0000 [bus 00-3f] at [mem 0xf0000000-0xf3ffffff] (base 0xf0000000)
[    0.651599] PCI: MMCONFIG at [mem 0xf0000000-0xf3ffffff] reserved in E820
[    0.651690] PCI: Using MMCONFIG for extended config space
[    0.651773] PCI: Using configuration type 1 for base access
[    0.652359] mtrr: your CPUs had inconsistent variable MTRR settings
[    0.652448] mtrr: probably your BIOS does not setup all CPUs.
[    0.652534] mtrr: corrected configuration.
[    0.718757] ACPI: Added _OSI(Module Device)
[    0.718842] ACPI: Added _OSI(Processor Device)
[    0.718921] ACPI: Added _OSI(3.0 _SCP Extensions)
[    0.719002] ACPI: Added _OSI(Processor Aggregator Device)
[    0.719087] ACPI: Added _OSI(Linux-Dell-Video)
[    0.719168] ACPI: Added _OSI(Linux-Lenovo-NV-HDMI-Audio)
[    0.719253] ACPI: Added _OSI(Linux-HPI-Hybrid-Graphics)
[    0.783686] ACPI: 6 ACPI AML tables successfully acquired and loaded
[    0.787812] ACPI: EC: EC started
[    0.787887] ACPI: EC: interrupt blocked
[    0.792759] ACPI: EC: EC_CMD/EC_SC=0x66, EC_DATA=0x62
[    0.792841] ACPI: EC: Boot ECDT EC used to handle transactions
[    0.810848] ACPI: Dynamic OEM Table Load:
[    0.810942] ACPI: SSDT 0x00000000F5A8A400 000240 (v01 PmRef  Cpu0Ist  00000100 INTL 20050513)
[    0.814964] ACPI: Dynamic OEM Table Load:
[    0.815057] ACPI: SSDT 0x00000000F5B48800 00065A (v01 PmRef  Cpu0Cst  00000100 INTL 20050513)
[    0.821417] ACPI: Dynamic OEM Table Load:
[    0.821507] ACPI: SSDT 0x00000000F5378E00 0000C8 (v01 PmRef  Cpu1Ist  00000100 INTL 20050513)
[    0.824859] ACPI: Dynamic OEM Table Load:
[    0.824949] ACPI: SSDT 0x00000000F58BF3C0 000085 (v01 PmRef  Cpu1Cst  00000100 INTL 20050513)
[    0.828837] ACPI: Interpreter enabled
[    0.828986] ACPI: (supports S0 S3 S4 S5)
[    0.829070] ACPI: Using IOAPIC for interrupt routing
[    0.829279] PCI: Using host bridge windows from ACPI; if necessary, use "pci=nocrs" and report a bug
[    0.830365] ACPI: Enabled 4 GPEs in block 00 to 1F
[    0.853880] ACPI: Power Resource [PUBS] (on)
[    0.855108] acpi PNP0C0A:01: ACPI dock station (docks/bays count: 1)
[    0.863188] acpi LNXIOBAY:00: ACPI dock station (docks/bays count: 2)
[    0.877211] acpi IBM0079:00: ACPI dock station (docks/bays count: 3)
[    0.879681] ACPI: PCI Interrupt Link [LNKA] (IRQs 3 4 5 6 7 9 10 *11)
[    0.880545] ACPI: PCI Interrupt Link [LNKB] (IRQs 3 4 5 6 7 9 10 *11)
[    0.881407] ACPI: PCI Interrupt Link [LNKC] (IRQs 3 4 5 6 7 9 10 *11)
[    0.882269] ACPI: PCI Interrupt Link [LNKD] (IRQs 3 4 5 6 7 9 10 *11)
[    0.883105] ACPI: PCI Interrupt Link [LNKE] (IRQs 3 4 5 6 7 9 10 *11)
[    0.883966] ACPI: PCI Interrupt Link [LNKF] (IRQs 3 4 5 6 7 9 10 *11)
[    0.884826] ACPI: PCI Interrupt Link [LNKG] (IRQs 3 4 5 6 7 9 10 *11)
[    0.885686] ACPI: PCI Interrupt Link [LNKH] (IRQs 3 4 5 6 7 9 10 *11)
[    0.886490] ACPI: PCI Root Bridge [PCI0] (domain 0000 [bus 00-ff])
[    0.886490] acpi PNP0A08:00: _OSC: OS supports [ExtendedConfig ASPM ClockPM Segments HPX-Type3]
[    0.887460] acpi PNP0A08:00: _OSC: not requesting OS control; OS requires [ExtendedConfig ASPM ClockPM MSI]
[    0.887599] acpi PNP0A08:00: [Firmware Info]: MMCONFIG for domain 0000 [bus 00-3f] only partially covers this bridge
[    0.888019] PCI host bridge to bus 0000:00
[    0.888103] pci_bus 0000:00: root bus resource [io  0x0000-0x0cf7 window]
[    0.888199] pci_bus 0000:00: root bus resource [io  0x0d00-0xffff window]
[    0.888295] pci_bus 0000:00: root bus resource [mem 0x000a0000-0x000bffff window]
[    0.888396] pci_bus 0000:00: root bus resource [mem 0x000d0000-0x000d3fff window]
[    0.888496] pci_bus 0000:00: root bus resource [mem 0x000d4000-0x000d7fff window]
[    0.888597] pci_bus 0000:00: root bus resource [mem 0x000d8000-0x000dbfff window]
[    0.888697] pci_bus 0000:00: root bus resource [mem 0xc0000000-0xfebfffff window]
[    0.888798] pci_bus 0000:00: root bus resource [mem 0xfed40000-0xfed40fff window]
[    0.888899] pci_bus 0000:00: root bus resource [bus 00-ff]
[    0.889034] pci 0000:00:00.0: [8086:27a0] type 00 class 0x060000
[    0.889613] pci 0000:00:02.0: [8086:27a2] type 00 class 0x030000
[    0.889722] pci 0000:00:02.0: reg 0x10: [mem 0xee100000-0xee17ffff]
[    0.889820] pci 0000:00:02.0: reg 0x14: [io  0x1800-0x1807]
[    0.889915] pci 0000:00:02.0: reg 0x18: [mem 0xd0000000-0xdfffffff pref]
[    0.890017] pci 0000:00:02.0: reg 0x1c: [mem 0xee200000-0xee23ffff]
[    0.890800] pci 0000:00:02.1: [8086:27a6] type 00 class 0x038000
[    0.890906] pci 0000:00:02.1: reg 0x10: [mem 0xee180000-0xee1fffff]
[    0.891515] pci 0000:00:1b.0: [8086:27d8] type 00 class 0x040300
[    0.891646] pci 0000:00:1b.0: reg 0x10: [mem 0xee240000-0xee243fff 64bit]
[    0.891901] pci 0000:00:1b.0: PME# supported from D0 D3hot D3cold
[    0.892609] pci 0000:00:1c.0: [8086:27d0] type 01 class 0x060400
[    0.892885] pci 0000:00:1c.0: PME# supported from D0 D3hot D3cold
[    0.893602] pci 0000:00:1c.1: [8086:27d2] type 01 class 0x060400
[    0.893878] pci 0000:00:1c.1: PME# supported from D0 D3hot D3cold
[    0.894621] pci 0000:00:1c.2: [8086:27d4] type 01 class 0x060400
[    0.894897] pci 0000:00:1c.2: PME# supported from D0 D3hot D3cold
[    0.895595] pci 0000:00:1c.3: [8086:27d6] type 01 class 0x060400
[    0.895873] pci 0000:00:1c.3: PME# supported from D0 D3hot D3cold
[    0.896578] pci 0000:00:1d.0: [8086:27c8] type 00 class 0x0c0300
[    0.896740] pci 0000:00:1d.0: reg 0x20: [io  0x1820-0x183f]
[    0.897435] pci 0000:00:1d.1: [8086:27c9] type 00 class 0x0c0300
[    0.897599] pci 0000:00:1d.1: reg 0x20: [io  0x1840-0x185f]
[    0.898396] pci 0000:00:1d.2: [8086:27ca] type 00 class 0x0c0300
[    0.898724] pci 0000:00:1d.2: reg 0x20: [io  0x1860-0x187f]
[    0.899260] pci 0000:00:1d.3: [8086:27cb] type 00 class 0x0c0300
[    0.899422] pci 0000:00:1d.3: reg 0x20: [io  0x1880-0x189f]
[    0.900109] pci 0000:00:1d.7: [8086:27cc] type 00 class 0x0c0320
[    0.900231] pci 0000:00:1d.7: reg 0x10: [mem 0xee444000-0xee4443ff]
[    0.900457] pci 0000:00:1d.7: PME# supported from D0 D3hot D3cold
[    0.901139] pci 0000:00:1e.0: [8086:2448] type 01 class 0x060401
[    0.901929] pci 0000:00:1f.0: [8086:27b9] type 00 class 0x060100
[    0.902171] pci 0000:00:1f.0: quirk: [io  0x1000-0x107f] claimed by ICH6 ACPI/GPIO/TCO
[    0.902279] pci 0000:00:1f.0: quirk: [io  0x1180-0x11bf] claimed by ICH6 GPIO
[    0.902363] pci 0000:00:1f.0: ICH7 LPC Generic IO decode 1 PIO at 1600 (mask 007f)
[    0.902462] pci 0000:00:1f.0: ICH7 LPC Generic IO decode 2 PIO at 15e0 (mask 000f)
[    0.902565] pci 0000:00:1f.0: ICH7 LPC Generic IO decode 3 PIO at 1680 (mask 001f)
[    0.903244] pci 0000:00:1f.1: [8086:27df] type 00 class 0x01018a
[    0.903361] pci 0000:00:1f.1: reg 0x10: [io  0x0000-0x0007]
[    0.903461] pci 0000:00:1f.1: reg 0x14: [io  0x0000-0x0003]
[    0.903561] pci 0000:00:1f.1: reg 0x18: [io  0x0000-0x0007]
[    0.903661] pci 0000:00:1f.1: reg 0x1c: [io  0x0000-0x0003]
[    0.903761] pci 0000:00:1f.1: reg 0x20: [io  0x1810-0x181f]
[    0.903878] pci 0000:00:1f.1: legacy IDE quirk: reg 0x10: [io  0x01f0-0x01f7]
[    0.903975] pci 0000:00:1f.1: legacy IDE quirk: reg 0x14: [io  0x03f6]
[    0.904069] pci 0000:00:1f.1: legacy IDE quirk: reg 0x18: [io  0x0170-0x0177]
[    0.904167] pci 0000:00:1f.1: legacy IDE quirk: reg 0x1c: [io  0x0376]
[    0.904824] pci 0000:00:1f.2: [8086:27c5] type 00 class 0x010601
[    0.904946] pci 0000:00:1f.2: reg 0x10: [io  0x18d0-0x18d7]
[    0.905046] pci 0000:00:1f.2: reg 0x14: [io  0x18c4-0x18c7]
[    0.905146] pci 0000:00:1f.2: reg 0x18: [io  0x18c8-0x18cf]
[    0.905246] pci 0000:00:1f.2: reg 0x1c: [io  0x18c0-0x18c3]
[    0.905346] pci 0000:00:1f.2: reg 0x20: [io  0x18b0-0x18bf]
[    0.905447] pci 0000:00:1f.2: reg 0x24: [mem 0xee444400-0xee4447ff]
[    0.905617] pci 0000:00:1f.2: PME# supported from D3hot
[    0.906425] pci 0000:00:1f.3: [8086:27da] type 00 class 0x0c0500
[    0.906661] pci 0000:00:1f.3: reg 0x20: [io  0x18e0-0x18ff]
[    0.907389] pci 0000:02:00.0: [8086:109a] type 00 class 0x020000
[    0.907601] pci 0000:02:00.0: reg 0x10: [mem 0xee000000-0xee01ffff]
[    0.907798] pci 0000:02:00.0: reg 0x18: [io  0x2000-0x201f]
[    0.908199] pci 0000:02:00.0: PME# supported from D0 D3hot D3cold
[    0.908799] pci 0000:00:1c.0: PCI bridge to [bus 02]
[    0.908889] pci 0000:00:1c.0:   bridge window [io  0x2000-0x2fff]
[    0.908984] pci 0000:00:1c.0:   bridge window [mem 0xee000000-0xee0fffff]
[    0.909347] pci 0000:03:00.0: [8086:4227] type 00 class 0x028000
[    0.909582] pci 0000:03:00.0: reg 0x10: [mem 0xedf00000-0xedf00fff]
[    0.910224] pci 0000:03:00.0: PME# supported from D0 D3hot D3cold
[    0.910878] pci 0000:00:1c.1: PCI bridge to [bus 03]
[    0.910968] pci 0000:00:1c.1:   bridge window [io  0x3000-0x4fff]
[    0.911063] pci 0000:00:1c.1:   bridge window [mem 0xec000000-0xedffffff]
[    0.911165] pci 0000:00:1c.1:   bridge window [mem 0xe4000000-0xe40fffff 64bit pref]
[    0.911421] pci 0000:00:1c.2: PCI bridge to [bus 04-0b]
[    0.911513] pci 0000:00:1c.2:   bridge window [io  0x5000-0x6fff]
[    0.911608] pci 0000:00:1c.2:   bridge window [mem 0xe8000000-0xe9ffffff]
[    0.911710] pci 0000:00:1c.2:   bridge window [mem 0xe4100000-0xe41fffff 64bit pref]
[    0.911972] pci 0000:00:1c.3: PCI bridge to [bus 0c-13]
[    0.912063] pci 0000:00:1c.3:   bridge window [io  0x7000-0x8fff]
[    0.912158] pci 0000:00:1c.3:   bridge window [mem 0xea000000-0xebffffff]
[    0.912261] pci 0000:00:1c.3:   bridge window [mem 0xe4200000-0xe42fffff 64bit pref]
[    0.912397] pci_bus 0000:15: extended config space not accessible
[    0.912617] pci 0000:15:00.0: [1180:0476] type 02 class 0x060700
[    0.912735] pci 0000:15:00.0: reg 0x10: [mem 0xe4300000-0xe4300fff]
[    0.912894] pci 0000:15:00.0: supports D1 D2
[    0.912975] pci 0000:15:00.0: PME# supported from D0 D1 D2 D3hot D3cold
[    0.913489] pci 0000:15:00.1: [1180:0552] type 00 class 0x0c0010
[    0.913605] pci 0000:15:00.1: reg 0x10: [mem 0xe4301000-0xe43017ff]
[    0.913834] pci 0000:15:00.1: PME# supported from D0 D3hot D3cold
[    0.914345] pci 0000:15:00.2: [1180:0822] type 00 class 0x080500
[    0.914349] pci 0000:15:00.2: reg 0x10: [mem 0xe4301800-0xe43018ff]
[    0.914580] pci 0000:15:00.2: supports D1 D2
[    0.914661] pci 0000:15:00.2: PME# supported from D0 D1 D2 D3hot D3cold
[    0.915073] pci 0000:00:1e.0: PCI bridge to [bus 15-18] (subtractive decode)
[    0.915174] pci 0000:00:1e.0:   bridge window [io  0x9000-0xcfff]
[    0.915270] pci 0000:00:1e.0:   bridge window [mem 0xe4300000-0xe7ffffff]
[    0.915373] pci 0000:00:1e.0:   bridge window [mem 0xe0000000-0xe3ffffff 64bit pref]
[    0.915475] pci 0000:00:1e.0:   bridge window [io  0x0000-0x0cf7 window] (subtractive decode)
[    0.915596] pci 0000:00:1e.0:   bridge window [io  0x0d00-0xffff window] (subtractive decode)
[    0.915716] pci 0000:00:1e.0:   bridge window [mem 0x000a0000-0x000bffff window] (subtractive decode)
[    0.915840] pci 0000:00:1e.0:   bridge window [mem 0x000d0000-0x000d3fff window] (subtractive decode)
[    0.915965] pci 0000:00:1e.0:   bridge window [mem 0x000d4000-0x000d7fff window] (subtractive decode)
[    0.916089] pci 0000:00:1e.0:   bridge window [mem 0x000d8000-0x000dbfff window] (subtractive decode)
[    0.916213] pci 0000:00:1e.0:   bridge window [mem 0xc0000000-0xfebfffff window] (subtractive decode)
[    0.916338] pci 0000:00:1e.0:   bridge window [mem 0xfed40000-0xfed40fff window] (subtractive decode)
[    0.916501] pci_bus 0000:16: extended config space not accessible
[    0.916710] pci_bus 0000:16: busn_res: [bus 16-18] end is updated to 17
[    0.916855] pci_bus 0000:00: on NUMA node 0
[    0.923514] ACPI: EC: interrupt unblocked
[    0.923597] ACPI: EC: event unblocked
[    0.924466] ACPI: EC: EC_CMD/EC_SC=0x66, EC_DATA=0x62
[    0.924550] ACPI: EC: GPE=0x1c
[    0.924625] ACPI: \_SB_.PCI0.LPC_.EC__: Boot ECDT EC initialization complete
[    0.924724] ACPI: \_SB_.PCI0.LPC_.EC__: EC: Used to handle transactions and events
[    0.925543] pci 0000:00:02.0: vgaarb: setting as boot VGA device
[    0.925636] pci 0000:00:02.0: vgaarb: VGA device added: decodes=io+mem,owns=io+mem,locks=none
[    0.925780] pci 0000:00:02.0: vgaarb: bridge control possible
[    0.925866] vgaarb: loaded
[    0.926667] SCSI subsystem initialized
[    0.927018] libata version 3.00 loaded.
[    0.927230] ACPI: bus type USB registered
[    0.927438] usbcore: registered new interface driver usbfs
[    0.927602] usbcore: registered new interface driver hub
[    0.927868] usbcore: registered new device driver usb
[    0.928082] mc: Linux media interface: v0.10
[    0.928213] videodev: Linux video capture interface: v2.00
[    0.928365] pps_core: LinuxPPS API ver. 1 registered
[    0.928447] pps_core: Software ver. 5.3.6 - Copyright 2005-2007 Rodolfo Giometti <giometti@linux.it>
[    0.928600] PTP clock support registered
[    0.928971] EDAC MC: Ver: 3.0.0
[    0.929943] Advanced Linux Sound Architecture Driver Initialized.
[    0.931079] Bluetooth: Core ver 2.22
[    0.931164] NET: Registered protocol family 31
[    0.931244] Bluetooth: HCI device and connection manager initialized
[    0.931345] Bluetooth: HCI socket layer initialized
[    0.931430] Bluetooth: L2CAP socket layer initialized
[    0.931540] Bluetooth: SCO socket layer initialized
[    0.931913] PCI: Using ACPI for IRQ routing
[    0.935904] PCI: pci_cache_line_size set to 64 bytes
[    0.936230] e820: reserve RAM buffer [mem 0x0009f000-0x0009ffff]
[    0.936236] e820: reserve RAM buffer [mem 0xbf6d0000-0xbfffffff]
[    0.936831] clocksource: Switched to clocksource hpet
[    0.937742] pnp: PnP ACPI init
[    0.938673] system 00:00: [mem 0x00000000-0x0009ffff] could not be reserved
[    0.938777] system 00:00: [mem 0x000c0000-0x000c3fff] could not be reserved
[    0.938878] system 00:00: [mem 0x000c4000-0x000c7fff] could not be reserved
[    0.938977] system 00:00: [mem 0x000c8000-0x000cbfff] has been reserved
[    0.939074] system 00:00: [mem 0x000cc000-0x000cffff] has been reserved
[    0.939173] system 00:00: [mem 0x000dc000-0x000dffff] could not be reserved
[    0.939274] system 00:00: [mem 0x000e0000-0x000e3fff] could not be reserved
[    0.939375] system 00:00: [mem 0x000e4000-0x000e7fff] could not be reserved
[    0.939475] system 00:00: [mem 0x000e8000-0x000ebfff] could not be reserved
[    0.939576] system 00:00: [mem 0x000ec000-0x000effff] could not be reserved
[    0.939676] system 00:00: [mem 0x000f0000-0x000fffff] could not be reserved
[    0.939777] system 00:00: [mem 0x00100000-0xbfffffff] could not be reserved
[    0.939877] system 00:00: [mem 0xfec00000-0xfed3ffff] could not be reserved
[    0.939978] system 00:00: [mem 0xfed41000-0xffffffff] could not be reserved
[    0.940121] system 00:00: Plug and Play ACPI device, IDs PNP0c01 (active)
[    0.940626] system 00:01: [io  0x164e-0x164f] has been reserved
[    0.940722] system 00:01: [io  0x1000-0x107f] has been reserved
[    0.940815] system 00:01: [io  0x1180-0x11bf] has been reserved
[    0.940908] system 00:01: [io  0x0800-0x080f] has been reserved
[    0.941001] system 00:01: [io  0x15e0-0x15ef] has been reserved
[    0.941095] system 00:01: [io  0x1600-0x165f] could not be reserved
[    0.941191] system 00:01: [mem 0xf0000000-0xf3ffffff] has been reserved
[    0.941289] system 00:01: [mem 0xfed1c000-0xfed1ffff] has been reserved
[    0.941386] system 00:01: [mem 0xfed14000-0xfed17fff] has been reserved
[    0.941483] system 00:01: [mem 0xfed18000-0xfed18fff] has been reserved
[    0.941580] system 00:01: [mem 0xfed19000-0xfed19fff] has been reserved
[    0.941710] system 00:01: Plug and Play ACPI device, IDs PNP0c02 (active)
[    0.942040] pnp 00:02: Plug and Play ACPI device, IDs PNP0b00 (active)
[    0.942185] pnp 00:03: Plug and Play ACPI device, IDs PNP0303 (active)
[    0.942334] pnp 00:04: Plug and Play ACPI device, IDs IBM3780 PNP0f13 (active)
[    0.943131] pnp 00:05: [dma 3]
[    0.943347] pnp 00:05: Plug and Play ACPI device, IDs IBM0071 PNP0511 (active)
[    0.943588] pnp 00:06: Plug and Play ACPI device, IDs ATM1200 PNP0c31 (active)
[    0.945963] pnp: PnP ACPI: found 7 devices
[    0.993500] clocksource: acpi_pm: mask: 0xffffff max_cycles: 0xffffff, max_idle_ns: 2085701024 ns
[    0.993772] NET: Registered protocol family 2
[    0.994431] tcp_listen_portaddr_hash hash table entries: 512 (order: 2, 22528 bytes, linear)
[    0.994586] TCP established hash table entries: 8192 (order: 3, 32768 bytes, linear)
[    0.994745] TCP bind hash table entries: 8192 (order: 6, 327680 bytes, linear)
[    0.995371] TCP: Hash tables configured (established 8192 bind 8192)
[    0.995770] UDP hash table entries: 512 (order: 3, 49152 bytes, linear)
[    0.995941] UDP-Lite hash table entries: 512 (order: 3, 49152 bytes, linear)
[    0.996255] NET: Registered protocol family 1
[    0.996999] RPC: Registered named UNIX socket transport module.
[    0.997091] RPC: Registered udp transport module.
[    0.997173] RPC: Registered tcp transport module.
[    0.997255] RPC: Registered tcp NFSv4.1 backchannel transport module.
[    0.997858] pci 0000:00:1c.0: bridge window [mem 0x00100000-0x000fffff 64bit pref] to [bus 02] add_size 200000 add_align 100000
[    0.998031] pci 0000:00:1c.0: BAR 9: assigned [mem 0xc0000000-0xc01fffff 64bit pref]
[    0.998133] pci 0000:00:1c.0: PCI bridge to [bus 02]
[    0.998218] pci 0000:00:1c.0:   bridge window [io  0x2000-0x2fff]
[    0.998312] pci 0000:00:1c.0:   bridge window [mem 0xee000000-0xee0fffff]
[    0.998601] pci 0000:00:1c.0:   bridge window [mem 0xc0000000-0xc01fffff 64bit pref]
[    0.998705] pci 0000:00:1c.1: PCI bridge to [bus 03]
[    0.998790] pci 0000:00:1c.1:   bridge window [io  0x3000-0x4fff]
[    0.998883] pci 0000:00:1c.1:   bridge window [mem 0xec000000-0xedffffff]
[    0.998978] pci 0000:00:1c.1:   bridge window [mem 0xe4000000-0xe40fffff 64bit pref]
[    0.999082] pci 0000:00:1c.2: PCI bridge to [bus 04-0b]
[    0.999168] pci 0000:00:1c.2:   bridge window [io  0x5000-0x6fff]
[    0.999261] pci 0000:00:1c.2:   bridge window [mem 0xe8000000-0xe9ffffff]
[    0.999356] pci 0000:00:1c.2:   bridge window [mem 0xe4100000-0xe41fffff 64bit pref]
[    0.999460] pci 0000:00:1c.3: PCI bridge to [bus 0c-13]
[    0.999545] pci 0000:00:1c.3:   bridge window [io  0x7000-0x8fff]
[    0.999639] pci 0000:00:1c.3:   bridge window [mem 0xea000000-0xebffffff]
[    0.999735] pci 0000:00:1c.3:   bridge window [mem 0xe4200000-0xe42fffff 64bit pref]
[    0.999851] pci 0000:15:00.0: BAR 9: assigned [mem 0xe0000000-0xe3ffffff pref]
[    0.999950] pci 0000:15:00.0: BAR 10: assigned [mem 0xc4000000-0xc7ffffff]
[    1.000044] pci 0000:15:00.0: BAR 7: assigned [io  0x9000-0x90ff]
[    1.000134] pci 0000:15:00.0: BAR 8: assigned [io  0x9400-0x94ff]
[    1.000231] pci 0000:15:00.0: CardBus bridge to [bus 16-17]
[    1.000316] pci 0000:15:00.0:   bridge window [io  0x9000-0x90ff]
[    1.000408] pci 0000:15:00.0:   bridge window [io  0x9400-0x94ff]
[    1.000500] pci 0000:15:00.0:   bridge window [mem 0xe0000000-0xe3ffffff pref]
[    1.000597] pci 0000:15:00.0:   bridge window [mem 0xc4000000-0xc7ffffff]
[    1.000693] pci 0000:00:1e.0: PCI bridge to [bus 15-18]
[    1.000778] pci 0000:00:1e.0:   bridge window [io  0x9000-0xcfff]
[    1.000871] pci 0000:00:1e.0:   bridge window [mem 0xe4300000-0xe7ffffff]
[    1.000967] pci 0000:00:1e.0:   bridge window [mem 0xe0000000-0xe3ffffff 64bit pref]
[    1.001072] pci_bus 0000:00: resource 4 [io  0x0000-0x0cf7 window]
[    1.001160] pci_bus 0000:00: resource 5 [io  0x0d00-0xffff window]
[    1.001249] pci_bus 0000:00: resource 6 [mem 0x000a0000-0x000bffff window]
[    1.001342] pci_bus 0000:00: resource 7 [mem 0x000d0000-0x000d3fff window]
[    1.001435] pci_bus 0000:00: resource 8 [mem 0x000d4000-0x000d7fff window]
[    1.001527] pci_bus 0000:00: resource 9 [mem 0x000d8000-0x000dbfff window]
[    1.001620] pci_bus 0000:00: resource 10 [mem 0xc0000000-0xfebfffff window]
[    1.001713] pci_bus 0000:00: resource 11 [mem 0xfed40000-0xfed40fff window]
[    1.001806] pci_bus 0000:02: resource 0 [io  0x2000-0x2fff]
[    1.001892] pci_bus 0000:02: resource 1 [mem 0xee000000-0xee0fffff]
[    1.001981] pci_bus 0000:02: resource 2 [mem 0xc0000000-0xc01fffff 64bit pref]
[    1.002076] pci_bus 0000:03: resource 0 [io  0x3000-0x4fff]
[    1.002162] pci_bus 0000:03: resource 1 [mem 0xec000000-0xedffffff]
[    1.002251] pci_bus 0000:03: resource 2 [mem 0xe4000000-0xe40fffff 64bit pref]
[    1.002363] pci_bus 0000:04: resource 0 [io  0x5000-0x6fff]
[    1.002449] pci_bus 0000:04: resource 1 [mem 0xe8000000-0xe9ffffff]
[    1.002539] pci_bus 0000:04: resource 2 [mem 0xe4100000-0xe41fffff 64bit pref]
[    1.002634] pci_bus 0000:0c: resource 0 [io  0x7000-0x8fff]
[    1.002719] pci_bus 0000:0c: resource 1 [mem 0xea000000-0xebffffff]
[    1.002808] pci_bus 0000:0c: resource 2 [mem 0xe4200000-0xe42fffff 64bit pref]
[    1.002903] pci_bus 0000:15: resource 0 [io  0x9000-0xcfff]
[    1.002989] pci_bus 0000:15: resource 1 [mem 0xe4300000-0xe7ffffff]
[    1.003079] pci_bus 0000:15: resource 2 [mem 0xe0000000-0xe3ffffff 64bit pref]
[    1.003173] pci_bus 0000:15: resource 4 [io  0x0000-0x0cf7 window]
[    1.003262] pci_bus 0000:15: resource 5 [io  0x0d00-0xffff window]
[    1.003351] pci_bus 0000:15: resource 6 [mem 0x000a0000-0x000bffff window]
[    1.003444] pci_bus 0000:15: resource 7 [mem 0x000d0000-0x000d3fff window]
[    1.003536] pci_bus 0000:15: resource 8 [mem 0x000d4000-0x000d7fff window]
[    1.003629] pci_bus 0000:15: resource 9 [mem 0x000d8000-0x000dbfff window]
[    1.003722] pci_bus 0000:15: resource 10 [mem 0xc0000000-0xfebfffff window]
[    1.003816] pci_bus 0000:15: resource 11 [mem 0xfed40000-0xfed40fff window]
[    1.003909] pci_bus 0000:16: resource 0 [io  0x9000-0x90ff]
[    1.003994] pci_bus 0000:16: resource 1 [io  0x9400-0x94ff]
[    1.004080] pci_bus 0000:16: resource 2 [mem 0xe0000000-0xe3ffffff pref]
[    1.004171] pci_bus 0000:16: resource 3 [mem 0xc4000000-0xc7ffffff]
[    1.004592] pci 0000:00:02.0: Video device with shadowed ROM at [mem 0x000c0000-0x000dffff]
[    1.008085] pci 0000:15:00.0: CLS mismatch (64 != 32), using 64 bytes
[    1.011125] Initialise system trusted keyrings
[    1.011379] workingset: timestamp_bits=30 max_order=20 bucket_order=0
[    1.013605] Installing knfsd (copyright (C) 1996 okir@monad.swb.de).
[    1.014331] ntfs: driver 2.1.32 [Flags: R/W].
[    1.014674] fuse: init (API version 7.31)
[    1.039399] Key type asymmetric registered
[    1.039487] Asymmetric key parser 'x509' registered
[    1.039698] bounce: pool size: 64 pages
[    1.039849] Block layer SCSI generic (bsg) driver version 0.4 loaded (major 249)
[    1.039955] io scheduler mq-deadline registered
[    1.040075] io scheduler bfq registered
[    1.040370] start plist test
[    1.043969] end plist test
[    1.046884] intel_idle: MWAIT substates: 0x22220
[    1.047638] ACPI: \_PR_.CPU0: Found 3 idle states
[    1.048537] ACPI: \_PR_.CPU1: Found 3 idle states
[    1.048618] intel_idle: ACPI _CST not found or not usable
[    1.049116] ACPI: Deprecated procfs I/F for AC is loaded, please retry with CONFIG_ACPI_PROCFS_POWER cleared
[    1.049662] ACPI: AC Adapter [AC] (on-line)
[    1.050107] input: Lid Switch as /devices/LNXSYSTM:00/LNXSYBUS:00/PNP0C0D:00/input/input0
[    1.058744] ACPI: Lid Switch [LID]
[    1.059049] input: Sleep Button as /devices/LNXSYSTM:00/LNXSYBUS:00/PNP0C0E:00/input/input1
[    1.059403] ACPI: Sleep Button [SLPB]
[    1.059756] input: Power Button as /devices/LNXSYSTM:00/LNXPWRBN:00/input/input2
[    1.060093] ACPI: Power Button [PWRF]
[    1.060623] ACPI: Video Device [VID] (multi-head: yes  rom: no  post: no)
[    1.068796] acpi device:01: registered as cooling_device0
[    1.069315] input: Video Bus as /devices/LNXSYSTM:00/LNXSYBUS:00/PNP0A08:00/LNXVIDEO:00/input/input3
[    1.070659] ACPI: \_PR_.CPU0: Found 3 idle states
[    1.079943] ACPI: \_PR_.CPU1: Found 3 idle states
[    1.085813] thermal LNXTHERM:00: registered as thermal_zone0
[    1.085904] ACPI: Thermal Zone [THM0] (65 C)
[    1.089809] thermal LNXTHERM:01: registered as thermal_zone1
[    1.089899] ACPI: Thermal Zone [THM1] (65 C)
[    1.090459] Serial: 8250/16550 driver, 4 ports, IRQ sharing disabled
[    1.091271] serial8250: ttyS1 at I/O 0x2f8 (irq = 3, base_baud = 921600) is a NS16550A
[    1.094084] lp: driver loaded but no devices found
[    1.094452] Non-volatile memory driver v1.3
[    1.095134] intel_rng: FWH not detected
[    1.095428] Linux agpgart interface v0.103
[    1.096180] [drm] radeon kernel modesetting enabled.
[    1.097488] pci 0000:00:00.0: Intel 945GM Chipset
[    1.098701] pci 0000:00:00.0: detected gtt size: 262144K total, 262144K mappable
[    1.099481] pci 0000:00:00.0: detected 8192K stolen memory
[    1.099721] i915 0000:00:02.0: vgaarb: deactivate vga console
[    1.100865] Console: switching to colour dummy device 80x25
[    1.102727] resource sanity check: requesting [mem 0x000c0000-0x000dffff], which spans more than pnp 00:00 [mem 0x000c8000-0x000cbfff]
[    1.102813] caller pci_map_rom+0x6f/0x174 mapping multiple BARs
[    1.104410] i915 0000:00:02.0: vgaarb: changed VGA decodes: olddecodes=io+mem,decodes=io+mem:owns=io+mem
[    1.119119] random: fast init done
[    1.122929] battery: ACPI: Deprecated procfs I/F for battery is loaded, please retry with CONFIG_ACPI_PROCFS_POWER cleared
[    1.123019] battery: ACPI: Battery Slot [BAT0] (battery present)
[    1.137472] i915 0000:00:02.0: [drm] Initialized overlay support.
[    1.139513] [drm] Initialized i915 1.6.0 20200515 for 0000:00:02.0 on minor 0
[    1.141016] usbcore: registered new interface driver udl
[    1.155956] fbcon: i915drmfb (fb0) is primary device
[    1.156024] loop: module loaded
[    1.215020] ahci 0000:00:1f.2: version 3.0
[    1.215743] ahci 0000:00:1f.2: AHCI 0001.0100 32 slots 4 ports 1.5 Gbps 0x1 impl SATA mode
[    1.215748] ahci 0000:00:1f.2: flags: 64bit ncq pm led clo pio slum part 
[    1.218525] scsi host0: ahci
[    1.219254] scsi host1: ahci
[    1.219864] scsi host2: ahci
[    1.220477] scsi host3: ahci
[    1.220834] ata1: SATA max UDMA/133 abar m1024@0xee444400 port 0xee444500 irq 16
[    1.220836] ata2: DUMMY
[    1.220838] ata3: DUMMY
[    1.220840] ata4: DUMMY
[    1.221039] ata_piix 0000:00:1f.1: version 2.13
[    1.224413] scsi host4: ata_piix
[    1.225108] scsi host5: ata_piix
[    1.225384] ata5: PATA max UDMA/100 cmd 0x1f0 ctl 0x3f6 bmdma 0x1810 irq 14
[    1.225387] ata6: PATA max UDMA/100 cmd 0x170 ctl 0x376 bmdma 0x1818 irq 15
[    1.226933] tun: Universal TUN/TAP device driver, 1.6
[    1.227459] e1000: Intel(R) PRO/1000 Network Driver - version 7.3.21-k8-NAPI
[    1.227461] e1000: Copyright (c) 1999-2006 Intel Corporation.
[    1.227541] e1000e: Intel(R) PRO/1000 Network Driver - 3.2.6-k
[    1.227542] e1000e: Copyright(c) 1999 - 2015 Intel Corporation.
[    1.227659] e1000e 0000:02:00.0: Disabling ASPM  L1
[    1.227663] e1000e 0000:02:00.0: can't disable ASPM; OS doesn't have ASPM control
[    1.228078] e1000e 0000:02:00.0: Interrupt Throttling Rate (ints/sec) set to dynamic conservative mode
[    1.230479] ata6: port disabled--ignoring
[    1.341798] e1000e 0000:02:00.0 eth0: (PCI Express:2.5GT/s:Width x1) 00:16:d3:25:19:04
[    1.341830] e1000e 0000:02:00.0 eth0: Intel(R) PRO/1000 Network Connection
[    1.341910] e1000e 0000:02:00.0 eth0: MAC: 2, PHY: 2, PBA No: 005302-003
[    1.342198] PPP generic driver version 2.4.2
[    1.342466] PPP BSD Compression module registered
[    1.342469] PPP Deflate Compression module registered
[    1.342471] SLIP: version 0.8.4-NET3.019-NEWTTY (dynamic channels, max=256).
[    1.342473] CSLIP: code copyright 1989 Regents of the University of California.
[    1.342564] iwl3945: Intel(R) PRO/Wireless 3945ABG/BG Network Connection driver for Linux, in-tree:ds
[    1.342565] iwl3945: Copyright(c) 2003-2011 Intel Corporation
[    1.342567] iwl3945: hw_scan is disabled
[    1.342864] iwl3945 0000:03:00.0: can't disable ASPM; OS doesn't have ASPM control
[    1.397715] iwl3945 0000:03:00.0: Tunable channels: 11 802.11bg, 13 802.11a channels
[    1.397719] iwl3945 0000:03:00.0: Detected Intel Wireless WiFi Link 3945ABG
[    1.398284] ieee80211 phy0: Selected rate control algorithm 'iwl-3945-rs'
[    1.399724] Intel(R) Wireless WiFi driver for Linux
[    1.399921] usbcore: registered new interface driver ax88179_178a
[    1.399974] usbcore: registered new interface driver cdc_ether
[    1.400019] usbcore: registered new interface driver net1080
[    1.400063] usbcore: registered new interface driver cdc_subset
[    1.400106] usbcore: registered new interface driver zaurus
[    1.400173] usbcore: registered new interface driver cdc_ncm
[    1.400263] pci 0000:00:1e.0: enabling device (0005 -> 0007)
[    1.401520] yenta_cardbus 0000:15:00.0: CardBus bridge found [17aa:201c]
[    1.533969] ata1: SATA link up 1.5 Gbps (SStatus 113 SControl 300)
[    1.605594] ata1.00: ACPI cmd ef/02:00:00:00:00:a0 (SET FEATURES) succeeded
[    1.605599] ata1.00: ACPI cmd f5/00:00:00:00:00:a0 (SECURITY FREEZE LOCK) filtered out
[    1.605603] ata1.00: ACPI cmd ef/10:03:00:00:00:a0 (SET FEATURES) filtered out
[    1.649536] ata1.00: ATA-9: ST1000LM014-1EJ164, SM11, max UDMA/133
[    1.649540] ata1.00: 1953525168 sectors, multi 16: LBA48 NCQ (depth 32), AA
[    1.694260] ata1.00: ACPI cmd ef/02:00:00:00:00:a0 (SET FEATURES) succeeded
[    1.694264] ata1.00: ACPI cmd f5/00:00:00:00:00:a0 (SECURITY FREEZE LOCK) filtered out
[    1.694268] ata1.00: ACPI cmd ef/10:03:00:00:00:a0 (SET FEATURES) filtered out
[    1.738302] ata1.00: configured for UDMA/133
[    1.830949] Console: switching to colour frame buffer device 102x42
[    1.968642] i915 0000:00:02.0: fb0: i915drmfb frame buffer device
[    1.971887] scsi 0:0:0:0: Direct-Access     ATA      ST1000LM014-1EJ1 SM11 PQ: 0 ANSI: 5
[    1.975792] sd 0:0:0:0: Attached scsi generic sg0 type 0
[    1.976130] sd 0:0:0:0: [sda] 1953525168 512-byte logical blocks: (1.00 TB/932 GiB)
[    1.981585] sd 0:0:0:0: [sda] 4096-byte physical blocks
[    1.984524] sd 0:0:0:0: [sda] Write Protect is off
[    1.987359] sd 0:0:0:0: [sda] Mode Sense: 00 3a 00 00
[    1.987481] sd 0:0:0:0: [sda] Write cache: enabled, read cache: enabled, doesn't support DPO or FUA
[    1.992993]  sda: sda1 sda2 sda3 sda4
[    1.998259] sd 0:0:0:0: [sda] Attached SCSI disk
[    2.139496] yenta_cardbus 0000:15:00.0: ISA IRQ mask 0x0cb8, PCI irq 16
[    2.142429] yenta_cardbus 0000:15:00.0: Socket status: 30000006
[    2.145309] yenta_cardbus 0000:15:00.0: pcmcia: parent PCI bridge window: [io  0x9000-0xcfff]
[    2.148229] yenta_cardbus 0000:15:00.0: pcmcia: parent PCI bridge window: [mem 0xe4300000-0xe7ffffff]
[    2.151077] pcmcia_socket pcmcia_socket0: cs: memory probe 0xe4300000-0xe7ffffff:
[    2.153885]  excluding 0xe4300000-0xe46cffff
[    2.156746] yenta_cardbus 0000:15:00.0: pcmcia: parent PCI bridge window: [mem 0xe0000000-0xe3ffffff 64bit pref]
[    2.159711] pcmcia_socket pcmcia_socket0: cs: memory probe 0xe0000000-0xe3ffffff:
[    2.162738]  excluding 0xe0000000-0xe3ffffff
[    2.166824] ehci_hcd: USB 2.0 'Enhanced' Host Controller (EHCI) Driver
[    2.169769] ehci-pci: EHCI PCI platform driver
[    2.173312] ehci-pci 0000:00:1d.7: EHCI Host Controller
[    2.176653] ehci-pci 0000:00:1d.7: new USB bus registered, assigned bus number 1
[    2.179806] ehci-pci 0000:00:1d.7: debug port 1
[    2.183787] ehci-pci 0000:00:1d.7: cache line size of 64 is not supported
[    2.187027] ehci-pci 0000:00:1d.7: irq 19, io mem 0xee444000
[    2.202425] ehci-pci 0000:00:1d.7: USB 2.0 started, EHCI 1.00
[    2.205950] usb usb1: New USB device found, idVendor=1d6b, idProduct=0002, bcdDevice= 5.08
[    2.209232] usb usb1: New USB device strings: Mfr=3, Product=2, SerialNumber=1
[    2.212473] usb usb1: Product: EHCI Host Controller
[    2.215651] usb usb1: Manufacturer: Linux 5.8.0-rc1-next-20200618+ ehci_hcd
[    2.218894] usb usb1: SerialNumber: 0000:00:1d.7
[    2.222925] hub 1-0:1.0: USB hub found
[    2.226097] hub 1-0:1.0: 8 ports detected
[    2.231460] ohci_hcd: USB 1.1 'Open' Host Controller (OHCI) Driver
[    2.234566] ohci-pci: OHCI PCI platform driver
[    2.237667] uhci_hcd: USB Universal Host Controller Interface driver
[    2.241270] uhci_hcd 0000:00:1d.0: UHCI Host Controller
[    2.244626] uhci_hcd 0000:00:1d.0: new USB bus registered, assigned bus number 2
[    2.247729] uhci_hcd 0000:00:1d.0: detected 2 ports
[    2.250751] uhci_hcd 0000:00:1d.0: irq 16, io base 0x00001820
[    2.254271] usb usb2: New USB device found, idVendor=1d6b, idProduct=0001, bcdDevice= 5.08
[    2.257343] usb usb2: New USB device strings: Mfr=3, Product=2, SerialNumber=1
[    2.260422] usb usb2: Product: UHCI Host Controller
[    2.263440] usb usb2: Manufacturer: Linux 5.8.0-rc1-next-20200618+ uhci_hcd
[    2.266439] usb usb2: SerialNumber: 0000:00:1d.0
[    2.270085] hub 2-0:1.0: USB hub found
[    2.273065] hub 2-0:1.0: 2 ports detected
[    2.277140] uhci_hcd 0000:00:1d.1: UHCI Host Controller
[    2.280318] uhci_hcd 0000:00:1d.1: new USB bus registered, assigned bus number 3
[    2.283319] uhci_hcd 0000:00:1d.1: detected 2 ports
[    2.286191] uhci_hcd 0000:00:1d.1: irq 17, io base 0x00001840
[    2.289261] usb usb3: New USB device found, idVendor=1d6b, idProduct=0001, bcdDevice= 5.08
[    2.292112] usb usb3: New USB device strings: Mfr=3, Product=2, SerialNumber=1
[    2.294876] usb usb3: Product: UHCI Host Controller
[    2.297548] usb usb3: Manufacturer: Linux 5.8.0-rc1-next-20200618+ uhci_hcd
[    2.300271] usb usb3: SerialNumber: 0000:00:1d.1
[    2.303716] hub 3-0:1.0: USB hub found
[    2.306421] hub 3-0:1.0: 2 ports detected
[    2.310287] uhci_hcd 0000:00:1d.2: UHCI Host Controller
[    2.313190] uhci_hcd 0000:00:1d.2: new USB bus registered, assigned bus number 4
[    2.315879] uhci_hcd 0000:00:1d.2: detected 2 ports
[    2.318582] uhci_hcd 0000:00:1d.2: irq 18, io base 0x00001860
[    2.321445] usb usb4: New USB device found, idVendor=1d6b, idProduct=0001, bcdDevice= 5.08
[    2.324151] usb usb4: New USB device strings: Mfr=3, Product=2, SerialNumber=1
[    2.326875] usb usb4: Product: UHCI Host Controller
[    2.329494] usb usb4: Manufacturer: Linux 5.8.0-rc1-next-20200618+ uhci_hcd
[    2.332203] usb usb4: SerialNumber: 0000:00:1d.2
[    2.335619] hub 4-0:1.0: USB hub found
[    2.338262] hub 4-0:1.0: 2 ports detected
[    2.342178] uhci_hcd 0000:00:1d.3: UHCI Host Controller
[    2.345078] uhci_hcd 0000:00:1d.3: new USB bus registered, assigned bus number 5
[    2.347768] uhci_hcd 0000:00:1d.3: detected 2 ports
[    2.350429] uhci_hcd 0000:00:1d.3: irq 19, io base 0x00001880
[    2.353227] usb usb5: New USB device found, idVendor=1d6b, idProduct=0001, bcdDevice= 5.08
[    2.355917] usb usb5: New USB device strings: Mfr=3, Product=2, SerialNumber=1
[    2.358594] usb usb5: Product: UHCI Host Controller
[    2.361235] usb usb5: Manufacturer: Linux 5.8.0-rc1-next-20200618+ uhci_hcd
[    2.363920] usb usb5: SerialNumber: 0000:00:1d.3
[    2.367543] hub 5-0:1.0: USB hub found
[    2.370145] hub 5-0:1.0: 2 ports detected
[    2.373696] usbcore: registered new interface driver cdc_acm
[    2.376230] cdc_acm: USB Abstract Control Model driver for USB modems and ISDN adapters
[    2.378938] usbcore: registered new interface driver usblp
[    2.381683] usbcore: registered new interface driver usb-storage
[    2.384360] usbcore: registered new interface driver ums-sddr09
[    2.387086] usbcore: registered new interface driver usbserial_generic
[    2.389665] usbserial: USB Serial support registered for generic
[    2.392311] usbcore: registered new interface driver ch341
[    2.394915] usbserial: USB Serial support registered for ch341-uart
[    2.397499] usbcore: registered new interface driver cp210x
[    2.400052] usbserial: USB Serial support registered for cp210x
[    2.402661] usbcore: registered new interface driver usb_debug
[    2.405189] usbserial: USB Serial support registered for debug
[    2.407754] usbserial: USB Serial support registered for xhci_dbc
[    2.410312] usbcore: registered new interface driver ftdi_sio
[    2.412873] usbserial: USB Serial support registered for FTDI USB Serial Device
[    2.415567] usbcore: registered new interface driver option
[    2.418151] usbserial: USB Serial support registered for GSM modem (1-port)
[    2.420950] usbcore: registered new interface driver pl2303
[    2.423590] usbserial: USB Serial support registered for pl2303
[    2.426231] usbcore: registered new interface driver usb_serial_simple
[    2.428888] usbserial: USB Serial support registered for carelink
[    2.431535] usbserial: USB Serial support registered for zio
[    2.434088] usbserial: USB Serial support registered for funsoft
[    2.436636] usbserial: USB Serial support registered for flashloader
[    2.439173] usbserial: USB Serial support registered for google
[    2.441642] usbserial: USB Serial support registered for libtransistor
[    2.444113] usbserial: USB Serial support registered for vivopay
[    2.446512] usbserial: USB Serial support registered for moto_modem
[    2.448872] usbserial: USB Serial support registered for motorola_tetra
[    2.451173] usbserial: USB Serial support registered for novatel_gps
[    2.453387] usbserial: USB Serial support registered for hp4x
[    2.455556] usbserial: USB Serial support registered for suunto
[    2.457637] usbserial: USB Serial support registered for siemens_mpi
[    2.459718] usbcore: registered new interface driver ti_usb_3410_5052
[    2.461770] usbserial: USB Serial support registered for TI USB 3410 1 port adapter
[    2.463953] usbserial: USB Serial support registered for TI USB 5052 2 port adapter
[    2.466021] ftdi_elan: driver ftdi-elan
[    2.468069] usbcore: registered new interface driver ftdi-elan
[    2.470221] i8042: PNP: PS/2 Controller [PNP0303:KBD,PNP0f13:MOU] at 0x60,0x64 irq 1,12
[    2.482043] serio: i8042 KBD port at 0x60,0x64 irq 1
[    2.484497] serio: i8042 AUX port at 0x60,0x64 irq 12
[    2.487344] mousedev: PS/2 mouse device common for all mice
[    2.490890] input: PC Speaker as /devices/platform/pcspkr/input/input5
[    2.493594] rtc_cmos 00:02: RTC can wake from S4
[    2.496753] rtc_cmos 00:02: registered as rtc0
[    2.498971] rtc_cmos 00:02: setting system clock to 2020-06-18T21:02:00 UTC (1592514120)
[    2.501332] rtc_cmos 00:02: alarms up to one month, y3k, 114 bytes nvram, hpet irqs
[    2.503800] usbcore: registered new interface driver uvcvideo
[    2.506220] input: AT Translated Set 2 keyboard as /devices/platform/i8042/serio0/input/input4
[    2.509449] USB Video Class driver (1.1.1)
[    2.511977] gspca_main: v2.14.0 registered
[    2.514289] usbcore: registered new interface driver sq930x
[    2.517861] device-mapper: ioctl: 4.42.0-ioctl (2020-02-27) initialised: dm-devel@redhat.com
[    2.520244] Bluetooth: HCI UART driver ver 2.3
[    2.522643] Bluetooth: HCI UART protocol H4 registered
[    2.524902] Bluetooth: HCI UART protocol BCSP registered
[    2.527364] usbcore: registered new interface driver btusb
[    2.529603] intel_pstate: CPU model not supported
[    2.532019] sdhci: Secure Digital Host Controller Interface driver
[    2.534372] sdhci: Copyright(c) Pierre Ossman
[    2.536797] sdhci-pci 0000:15:00.2: SDHCI controller found [1180:0822] (rev 18)
[    2.539787] sdhci-pci 0000:15:00.2: Will use DMA mode even though HW doesn't fully claim to support it.
[    2.542874] mmc0 bounce up to 128 segments into one, max segment size 65536 bytes
[    2.545712] sdhci-pci 0000:15:00.2: Will use DMA mode even though HW doesn't fully claim to support it.
[    2.549120] mmc0: SDHCI controller on PCI [0000:15:00.2] using DMA
[    2.552729] hid: raw HID events driver (C) Jiri Kosina
[    2.557259] usbcore: registered new interface driver usbhid
[    2.560369] usbhid: USB HID core driver
[    2.564210] thinkpad_acpi: ThinkPad ACPI Extras v0.26
[    2.567533] thinkpad_acpi: http://ibm-acpi.sf.net/
[    2.570566] thinkpad_acpi: ThinkPad BIOS 7BETD8WW (2.19 ), EC 7BHT40WW-1.13
[    2.573832] thinkpad_acpi: Lenovo ThinkPad X60, model 17097HU
[    2.583236] thinkpad_acpi: ACPI backlight control delay disabled
[    2.586861] thinkpad_acpi: radio switch found; radios are enabled
[    2.589928] thinkpad_acpi: This ThinkPad has standard ACPI backlight brightness control, supported by the ACPI video driver
[    2.596197] thinkpad_acpi: Disabling thinkpad-acpi brightness events by default...
[    2.605438] sdhci-pci 0000:15:00.2: Will use DMA mode even though HW doesn't fully claim to support it.
[    2.610739] thinkpad_acpi: rfkill switch tpacpi_bluetooth_sw: radio is unblocked
[    2.617217] thinkpad_acpi: warning: userspace override of important firmware LEDs is enabled
[    2.625998] thinkpad_acpi: Standard ACPI backlight interface available, not loading native one
[    2.629505] thinkpad_acpi: volume: disabled as there is no ALSA support in this kernel
[    2.633592] thinkpad_acpi: battery 1 registered (start 0, stop 0)
[    2.633611] battery: new extension: ThinkPad Battery Extension
[    2.640943] input: ThinkPad Extra Buttons as /devices/platform/thinkpad_acpi/input/input8
[    2.651899] snd_hda_intel 0000:00:1b.0: probe_mask set to 0x1 for device 17aa:2010
[    2.655731] usbcore: registered new interface driver snd-usb-audio
[    2.661709] NET: Registered protocol family 17
[    2.665507] Bluetooth: RFCOMM TTY layer initialized
[    2.668970] Bluetooth: RFCOMM socket layer initialized
[    2.672386] Bluetooth: RFCOMM ver 1.11
[    2.672389] sdhci-pci 0000:15:00.2: Will use DMA mode even though HW doesn't fully claim to support it.
[    2.679126] Bluetooth: BNEP (Ethernet Emulation) ver 1.3
[    2.682643] Bluetooth: BNEP filters: protocol multicast
[    2.686087] Bluetooth: BNEP socket layer initialized
[    2.689506] Bluetooth: HIDP (Human Interface Emulation) ver 1.2
[    2.692950] Bluetooth: HIDP socket layer initialized
[    2.697520] microcode: sig=0x6e8, pf=0x20, revision=0x39
[    2.701329] microcode: Microcode Update Driver: v2.2.
[    2.701335] IPI shorthand broadcast: enabled
[    2.708527] Loading compiled-in X.509 certificates
[    2.711944] Key type ._fscrypt registered
[    2.715047] Key type .fscrypt registered
[    2.718062] Key type fscrypt-provisioning registered
[    2.722658] Key type encrypted registered
[    2.723670] snd_hda_codec_analog hdaudioC0D0: autoconfig for AD1981: line_outs=1 (0x5/0x0/0x0/0x0/0x0) type:speaker
[    2.732197] snd_hda_codec_analog hdaudioC0D0:    speaker_outs=0 (0x0/0x0/0x0/0x0/0x0)
[    2.735768] snd_hda_codec_analog hdaudioC0D0:    hp_outs=0 (0x0/0x0/0x0/0x0/0x0)
[    2.739651] snd_hda_codec_analog hdaudioC0D0:    mono: mono_out=0x0
[    2.743183] snd_hda_codec_analog hdaudioC0D0:    inputs:
[    2.746388] snd_hda_codec_analog hdaudioC0D0:      Mic=0x8
[    2.746678] cfg80211: Loading compiled-in X.509 certificates for regulatory database
[    2.749316] snd_hda_codec_analog hdaudioC0D0:      CD=0x19
[    2.758628] cfg80211: Loaded X.509 cert 'sforshee: 00b28ddf47aef9cea7'
[    2.761734] sdhci-pci 0000:15:00.2: Will use DMA mode even though HW doesn't fully claim to support it.
[    2.765086] platform regulatory.0: Direct firmware load for regulatory.db failed with error -2
[    2.768689] cfg80211: failed to load regulatory.db
[    2.796322] PM: Image not found (code -22)
[    2.796363] ALSA device list:
[    2.801568]   #0: HDA Intel at 0xee240000 irq 17
[    2.837623] sdhci-pci 0000:15:00.2: Will use DMA mode even though HW doesn't fully claim to support it.
[    2.854422] usb 5-1: new full-speed USB device number 2 using uhci_hcd
[    3.044141] usb 5-1: New USB device found, idVendor=0a5c, idProduct=2110, bcdDevice= 1.00
[    3.049488] usb 5-1: New USB device strings: Mfr=1, Product=2, SerialNumber=0
[    3.054767] usb 5-1: Product: BCM2045B
[    3.059936] usb 5-1: Manufacturer: Broadcom Corp
[    3.111311] psmouse serio1: trackpoint: IBM TrackPoint firmware: 0x0e, buttons: 3/3
[    3.133857] input: TPPS/2 IBM TrackPoint as /devices/platform/i8042/serio1/input/input7
[    3.143050] md: Waiting for all devices to be available before autodetect
[    3.147117] md: If you don't use raid, use raid=noautodetect
[    3.152202] md: Autodetecting RAID arrays.
[    3.155630] md: autorun ...
[    3.158636] md: ... autorun DONE.
[    3.212449] EXT4-fs (sda4): mounted filesystem with ordered data mode. Opts: (null)
[    3.218040] VFS: Mounted root (ext4 filesystem) readonly on device 8:4.
[    3.225642] devtmpfs: mounted
[    3.230535] Freeing unused kernel image (initmem) memory: 672K
[    3.233777] Write protecting kernel text and read-only data: 18764k
[    3.236941] NX-protecting the kernel data: 7084k
[    3.241007] x86/mm: Checked W+X mappings: passed, no W+X pages found.
[    3.244253] rodata_test: all tests were successful
[    3.247621] x86/mm: Checking user space page tables
[    3.250926] x86/mm: Checked W+X mappings: passed, no W+X pages found.
[    3.254022] Run /sbin/init as init process
[    3.257065]   with arguments:
[    3.257068]     /sbin/init
[    3.257070]   with environment:
[    3.257073]     HOME=/
[    3.257075]     TERM=linux
[    3.257078]     BOOT_IMAGE=(hd0,2)/fast/l/linux-next-32/arch/x86/boot/bzImage
[    3.616423] random: systemd: uninitialized urandom read (16 bytes read)
[    3.623774] systemd[1]: systemd 215 running in system mode. (+PAM +AUDIT +SELINUX +IMA +SYSVINIT +LIBCRYPTSETUP +GCRYPT +ACL +XZ -SECCOMP -APPARMOR)
[    3.650640] systemd[1]: Detected architecture 'x86'.
[    3.809307] systemd[1]: Failed to insert module 'ipv6'
[    3.826479] systemd[1]: Set hostname to <amd>.
[    3.910432] usb 5-2: new full-speed USB device number 3 using uhci_hcd
[    3.919915] random: systemd-sysv-ge: uninitialized urandom read (16 bytes read)
[    4.112126] usb 5-2: New USB device found, idVendor=0483, idProduct=2016, bcdDevice= 0.01
[    4.117977] usb 5-2: New USB device strings: Mfr=1, Product=2, SerialNumber=0
[    4.123588] usb 5-2: Product: Biometric Coprocessor
[    4.129057] usb 5-2: Manufacturer: STMicroelectronics
[    4.395201] random: systemd: uninitialized urandom read (16 bytes read)
[    4.661991] urandom_read: 5 callbacks suppressed
[    4.661995] random: systemd: uninitialized urandom read (16 bytes read)
[    4.673954] random: systemd: uninitialized urandom read (16 bytes read)
[    4.696858] systemd[1]: [/lib/systemd/system/anacron.timer:6] Unknown lvalue 'RandomizedDelaySec' in section 'Timer'
[    4.823109] systemd[1]: Binding to IPv6 address not available since kernel does not support IPv6.
[    4.828754] systemd[1]: [/lib/systemd/system/gpsd.socket:6] Failed to parse address value, ignoring: [::1]:2947
[    5.124104] systemd[1]: Starting User and Group Name Lookups.
[    5.137265] systemd[1]: Reached target User and Group Name Lookups.
[    5.140563] systemd[1]: Starting Forward Password Requests to Wall Directory Watch.
[    5.942232] systemd-udevd[2490]: starting version 215
[    6.098676] random: crng init done
[    6.568973] EXT4-fs (sda4): re-mounted. Opts: errors=remount-ro
[    7.446299] e1000e 0000:02:00.0 eth1: renamed from eth0
[    7.486783] systemd-udevd[2505]: renamed network interface eth0 to eth1
[    8.550556] Adding 2097148k swap on /dev/sda1.  Priority:-2 extents:1 across:2097148k 
[    8.868628] EXT4-fs (sda2): mounted filesystem with ordered data mode. Opts: errors=remount-ro
[   10.407954] systemd-journald[2484]: Received request to flush runtime journal from PID 1
[   20.472485] iwl3945 0000:03:00.0: loaded firmware version 15.32.2.9
[   36.668802] traps: clock-applet[3603] trap int3 ip:b71fcfc0 sp:bfb83e60 error:0 in libglib-2.0.so.0.5000.3[b71b0000+12a000]
[   36.686485] traps: mateweather-app[3606] trap int3 ip:b72a3fc0 sp:bff1eb30 error:0 in libglib-2.0.so.0.5000.3[b7257000+12a000]
[   39.066836] wlan0: authenticate with 5c:f4:ab:10:d2:bb
[   39.067104] wlan0: send auth to 5c:f4:ab:10:d2:bb (try 1/3)
[   39.070726] wlan0: authenticated
[   39.074598] wlan0: associate with 5c:f4:ab:10:d2:bb (try 1/3)
[   39.078674] wlan0: RX AssocResp from 5c:f4:ab:10:d2:bb (capab=0x411 status=0 aid=1)
[   39.086958] wlan0: associated
