[    0.000000] Linux version 5.0.0-rc1+ (pavel@amd) (gcc version 4.9.2 (Debian 4.9.2-10+deb8u2)) #10 SMP Thu Jan 24 17:20:14 CET 2019
[    0.000000] Disabled fast string operations
[    0.000000] x86/fpu: x87 FPU will use FXSAVE
[    0.000000] BIOS-provided physical RAM map:
[    0.000000] BIOS-e820: [mem 0x0000000000000000-0x000000000009efff] usable
[    0.000000] BIOS-e820: [mem 0x000000000009f000-0x000000000009ffff] reserved
[    0.000000] BIOS-e820: [mem 0x00000000000dc000-0x00000000000fffff] reserved
[    0.000000] BIOS-e820: [mem 0x0000000000100000-0x00000000bf6cffff] usable
[    0.000000] BIOS-e820: [mem 0x00000000bf6d0000-0x00000000bf6defff] ACPI data
[    0.000000] BIOS-e820: [mem 0x00000000bf6df000-0x00000000bf6fffff] ACPI NVS
[    0.000000] BIOS-e820: [mem 0x00000000bf700000-0x00000000bfffffff] reserved
[    0.000000] BIOS-e820: [mem 0x00000000f0000000-0x00000000f3ffffff] reserved
[    0.000000] BIOS-e820: [mem 0x00000000fec00000-0x00000000fec0ffff] reserved
[    0.000000] BIOS-e820: [mem 0x00000000fed00000-0x00000000fed003ff] reserved
[    0.000000] BIOS-e820: [mem 0x00000000fed14000-0x00000000fed19fff] reserved
[    0.000000] BIOS-e820: [mem 0x00000000fed1c000-0x00000000fed8ffff] reserved
[    0.000000] BIOS-e820: [mem 0x00000000fee00000-0x00000000fee00fff] reserved
[    0.000000] BIOS-e820: [mem 0x00000000ff800000-0x00000000ffffffff] reserved
[    0.000000] NX (Execute Disable) protection: active
[    0.000000] SMBIOS 2.4 present.
[    0.000000] DMI: LENOVO 17097HU/17097HU, BIOS 7BETD8WW (2.19 ) 03/31/2011
[    0.000000] tsc: Fast TSC calibration using PIT
[    0.000000] tsc: Detected 1828.844 MHz processor
[    0.025832] e820: update [mem 0x00000000-0x00000fff] usable ==> reserved
[    0.025841] e820: remove [mem 0x000a0000-0x000fffff] usable
[    0.025864] last_pfn = 0xbf6d0 max_arch_pfn = 0x1000000
[    0.025884] MTRR default type: uncachable
[    0.025890] MTRR fixed ranges enabled:
[    0.025896]   00000-9FFFF write-back
[    0.025901]   A0000-BFFFF uncachable
[    0.025906]   C0000-CFFFF write-protect
[    0.025911]   D0000-DBFFF uncachable
[    0.025916]   DC000-DFFFF write-back
[    0.025921]   E0000-FFFFF write-protect
[    0.025926] MTRR variable ranges enabled:
[    0.025932]   0 base 000000000 mask F80000000 write-back
[    0.025938]   1 base 080000000 mask FC0000000 write-back
[    0.025943]   2 base 0BF700000 mask FFFF00000 uncachable
[    0.025949]   3 base 0BF800000 mask FFF800000 uncachable
[    0.025953]   4 disabled
[    0.025957]   5 disabled
[    0.025962]   6 disabled
[    0.025966]   7 disabled
[    0.027373] x86/PAT: PAT not supported by CPU.
[    0.028937] x86/PAT: Configuration [0-7]: WB  WT  UC- UC  WB  WT  UC- UC  
[    0.028965] initial memory mapped: [mem 0x00000000-0x05dfffff]
[    0.028977] Base memory trampoline at [(ptrval)] 9b000 size 16384
[    0.029114] BRK [0x0585f000, 0x0585ffff] PGTABLE
[    0.029148] BRK [0x05860000, 0x05860fff] PGTABLE
[    0.029165] ACPI: Early table checksum verification disabled
[    0.029441] ACPI: RSDP 0x00000000000F67C0 000024 (v02 LENOVO)
[    0.029456] ACPI: XSDT 0x00000000BF6D191C 000084 (v01 LENOVO TP-7B    00002190  LTP 00000000)
[    0.029478] ACPI: FACP 0x00000000BF6D1A00 0000F4 (v03 LENOVO TP-7B    00002190 LNVO 00000001)
[    0.029497] ACPI BIOS Warning (bug): 32/64X length mismatch in FADT/Gpe0Block: 64/32 (20181213/tbfadt-569)
[    0.029510] ACPI BIOS Warning (bug): Optional FADT field Gpe1Block has valid Address but zero Length: 0x000000000000102C/0x0 (20181213/tbfadt-624)
[    0.029528] ACPI: DSDT 0x00000000BF6D1D90 00CFB9 (v01 LENOVO TP-7B    00002190 MSFT 0100000E)
[    0.029545] ACPI: FACS 0x00000000BF6F4000 000040
[    0.029558] ACPI: FACS 0x00000000BF6F4000 000040
[    0.029571] ACPI: SSDT 0x00000000BF6D1BB4 0001DC (v01 LENOVO TP-7B    00002190 MSFT 0100000E)
[    0.029588] ACPI: ECDT 0x00000000BF6DED49 000052 (v01 LENOVO TP-7B    00002190 LNVO 00000001)
[    0.029604] ACPI: TCPA 0x00000000BF6DED9B 000032 (v02 LENOVO TP-7B    00002190 LNVO 00000001)
[    0.029619] ACPI: APIC 0x00000000BF6DEDCD 000068 (v01 LENOVO TP-7B    00002190 LNVO 00000001)
[    0.029635] ACPI: MCFG 0x00000000BF6DEE35 00003C (v01 LENOVO TP-7B    00002190 LNVO 00000001)
[    0.029651] ACPI: HPET 0x00000000BF6DEE71 000038 (v01 LENOVO TP-7B    00002190 LNVO 00000001)
[    0.029667] ACPI: BOOT 0x00000000BF6DEFD8 000028 (v01 LENOVO TP-7B    00002190  LTP 00000001)
[    0.029683] ACPI: SSDT 0x00000000BF6F2645 00025F (v01 LENOVO TP-7B    00002190 INTL 20050513)
[    0.029699] ACPI: SSDT 0x00000000BF6F28A4 0000A6 (v01 LENOVO TP-7B    00002190 INTL 20050513)
[    0.029715] ACPI: SSDT 0x00000000BF6F294A 0004F7 (v01 LENOVO TP-7B    00002190 INTL 20050513)
[    0.029731] ACPI: SSDT 0x00000000BF6F2E41 0001D8 (v01 LENOVO TP-7B    00002190 INTL 20050513)
[    0.029767] ACPI: Local APIC address 0xfee00000
[    0.029777] 2176MB HIGHMEM available.
[    0.029785] 885MB LOWMEM available.
[    0.029792]   mapped low ram: 0 - 375fe000
[    0.029799]   low ram: 0 - 375fe000
[    0.029818] BRK [0x05861000, 0x05861fff] PGTABLE
[    0.029826] Zone ranges:
[    0.029833]   DMA      [mem 0x0000000000001000-0x0000000000ffffff]
[    0.029842]   Normal   [mem 0x0000000001000000-0x00000000375fdfff]
[    0.029850]   HighMem  [mem 0x00000000375fe000-0x00000000bf6cffff]
[    0.029859] Movable zone start for each node
[    0.029865] Early memory node ranges
[    0.029873]   node   0: [mem 0x0000000000001000-0x000000000009efff]
[    0.029880]   node   0: [mem 0x0000000000100000-0x00000000bf6cffff]
[    0.029889] Initmem setup node 0 [mem 0x0000000000001000-0x00000000bf6cffff]
[    0.029898] On node 0 totalpages: 783982
[    0.042253]   DMA zone: 32 pages used for memmap
[    0.042258]   DMA zone: 0 pages reserved
[    0.042263]   DMA zone: 3998 pages, LIFO batch:0
[    0.042435]   Normal zone: 1740 pages used for memmap
[    0.042440]   Normal zone: 222718 pages, LIFO batch:63
[    0.052068]   HighMem zone: 557266 pages, LIFO batch:63
[    0.074518] Using APIC driver default
[    0.074542] Reserving Intel graphics memory at [mem 0xbf800000-0xbfffffff]
[    0.075034] ACPI: PM-Timer IO Port: 0x1008
[    0.075044] ACPI: Local APIC address 0xfee00000
[    0.075065] ACPI: LAPIC_NMI (acpi_id[0x00] high edge lint[0x1])
[    0.075073] ACPI: LAPIC_NMI (acpi_id[0x01] high edge lint[0x1])
[    0.075114] IOAPIC[0]: apic_id 1, version 32, address 0xfec00000, GSI 0-23
[    0.075126] ACPI: INT_SRC_OVR (bus 0 bus_irq 0 global_irq 2 dfl dfl)
[    0.075136] ACPI: INT_SRC_OVR (bus 0 bus_irq 9 global_irq 9 high level)
[    0.075146] ACPI: IRQ0 used by override.
[    0.075154] ACPI: IRQ9 used by override.
[    0.075166] Using ACPI (MADT) for SMP configuration information
[    0.075175] ACPI: HPET id: 0x8086a201 base: 0xfed00000
[    0.075191] smpboot: Allowing 2 CPUs, 0 hotplug CPUs
[    0.075261] PM: Registered nosave memory: [mem 0x00000000-0x00000fff]
[    0.075272] PM: Registered nosave memory: [mem 0x0009f000-0x0009ffff]
[    0.075279] PM: Registered nosave memory: [mem 0x000a0000-0x000dbfff]
[    0.075286] PM: Registered nosave memory: [mem 0x000dc000-0x000fffff]
[    0.075302] [mem 0xc0000000-0xefffffff] available for PCI devices
[    0.075314] clocksource: refined-jiffies: mask: 0xffffffff max_cycles: 0xffffffff, max_idle_ns: 7645519600211568 ns
[    0.075353] random: get_random_bytes called from start_kernel+0x74/0x357 with crng_init=0
[    0.075377] setup_percpu: NR_CPUS:8 nr_cpumask_bits:8 nr_cpu_ids:2 nr_node_ids:1
[    0.075683] percpu: Embedded 37 pages/cpu @(ptrval) s119272 r0 d32280 u151552
[    0.075707] pcpu-alloc: s119272 r0 d32280 u151552 alloc=37*4096
[    0.075713] pcpu-alloc: [0] 0 [0] 1 
[    0.075766] Built 1 zonelists, mobility grouping on.  Total pages: 782210
[    0.075783] Kernel command line: BOOT_IMAGE=(hd0,2)/fast/l/k/o/32/arch/x86/boot/bzImage root=/dev/sda4 resume=/dev/sda1
[    0.076334] Dentry cache hash table entries: 131072 (order: 7, 524288 bytes)
[    0.076461] Inode-cache hash table entries: 65536 (order: 6, 262144 bytes)
[    0.076500] Initializing CPU#0
[    0.111376] Initializing HighMem for node 0 (000375fe:000bf6d0)
[    1.001522] Initializing Movable for node 0 (00000000:00000000)
[    1.128550] Memory: 3019368K/3135928K available (12296K kernel code, 715K rwdata, 4816K rodata, 640K init, 6084K bss, 116560K reserved, 0K cma-reserved, 2229064K highmem)
[    1.128571] virtual kernel memory layout:
    fixmap  : 0xffe70000 - 0xfffff000   (1596 kB)
  cpu_entry : 0xffa00000 - 0xffb31000   (1220 kB)
    pkmap   : 0xff600000 - 0xff800000   (2048 kB)
    vmalloc : 0xf7dfe000 - 0xff5fe000   ( 120 MB)
    lowmem  : 0xc0000000 - 0xf75fe000   ( 885 MB)
      .init : 0xc5193000 - 0xc5233000   ( 640 kB)
      .data : 0xc4c0208c - 0xc5170f00   (5563 kB)
      .text : 0xc4000000 - 0xc4c0208c   (12296 kB)
[    1.128580] Checking if this processor honours the WP bit even in supervisor mode...Ok.
[    1.130989] Kernel/User page tables isolation: enabled
[    1.131441] rcu: Hierarchical RCU implementation.
[    1.131450] rcu: 	RCU restricting CPUs from NR_CPUS=8 to nr_cpu_ids=2.
[    1.131458] rcu: RCU calculated value of scheduler-enlistment delay is 25 jiffies.
[    1.131465] rcu: Adjusting geometry for rcu_fanout_leaf=16, nr_cpu_ids=2
[    1.131534] NR_IRQS: 2304, nr_irqs: 56, preallocated irqs: 16
[    1.132036] CPU 0 irqstacks, hard=(ptrval) soft=(ptrval)
[    1.135562] Console: colour VGA+ 80x25
[    1.148701] printk: console [tty0] enabled
[    1.148818] Lock dependency validator: Copyright (c) 2006 Red Hat, Inc., Ingo Molnar
[    1.148963] ... MAX_LOCKDEP_SUBCLASSES:  8
[    1.149080] ... MAX_LOCK_DEPTH:          48
[    1.149197] ... MAX_LOCKDEP_KEYS:        8191
[    1.149315] ... CLASSHASH_SIZE:          4096
[    1.149434] ... MAX_LOCKDEP_ENTRIES:     32768
[    1.149553] ... MAX_LOCKDEP_CHAINS:      65536
[    1.149672] ... CHAINHASH_SIZE:          32768
[    1.149790]  memory used by lock dependency info: 4319 kB
[    1.149917]  per task-struct memory footprint: 1344 bytes
[    1.150061] ACPI: Core revision 20181213
[    1.150808] ACPI: EC: EC started
[    1.150922] ACPI: EC: interrupt blocked
[    1.151110] ACPI: \: Used as first EC
[    1.151229] ACPI: \: GPE=0x1c, EC_CMD/EC_SC=0x66, EC_DATA=0x62
[    1.151363] ACPI: \: Used as boot ECDT EC to handle transactions
[    1.151631] clocksource: hpet: mask: 0xffffffff max_cycles: 0xffffffff, max_idle_ns: 133484882848 ns
[    1.151830] hpet clockevent registered
[    1.151849] APIC: Switch to symmetric I/O mode setup
[    1.151974] Enabling APIC mode:  Flat.  Using 1 I/O APICs
[    1.152874] ..TIMER: vector=0x30 apic1=0 pin1=2 apic2=-1 pin2=-1
[    1.171845] clocksource: tsc-early: mask: 0xffffffffffffffff max_cycles: 0x1a5c994b8e6, max_idle_ns: 440795205044 ns
[    1.172013] Calibrating delay loop (skipped), value calculated using timer frequency.. 3657.68 BogoMIPS (lpj=7315376)
[    1.172177] pid_max: default: 32768 minimum: 301
[    1.172744] Mount-cache hash table entries: 2048 (order: 1, 8192 bytes)
[    1.172866] Mountpoint-cache hash table entries: 2048 (order: 1, 8192 bytes)
[    1.174164] Disabled fast string operations
[    1.174277] process: using mwait in idle threads
[    1.174385] Last level iTLB entries: 4KB 128, 2MB 0, 4MB 2
[    1.174490] Last level dTLB entries: 4KB 128, 2MB 0, 4MB 8, 1GB 0
[    1.174603] Spectre V2 : Mitigation: Full generic retpoline
[    1.174707] Spectre V2 : Spectre v2 / SpectreRSB mitigation: Filling RSB on context switch
[    1.174842] L1TF: System has more than MAX_PA/2 memory. L1TF mitigation not effective.
[    1.174967] L1TF: You may make it effective by booting the kernel with mem=2147483648 parameter.
[    1.175112] L1TF: However, doing so will make a part of your RAM unusable.
[    1.175227] L1TF: Reading https://www.kernel.org/doc/html/latest/admin-guide/l1tf.html might help you decide.
[    1.175733] Freeing SMP alternatives memory: 44K
[    1.184010] smpboot: CPU0: Genuine Intel(R) CPU           T2400  @ 1.83GHz (family: 0x6, model: 0xe, stepping: 0x8)
[    1.184010] Performance Events: Core events, core PMU driver.
[    1.184010] ... version:                1
[    1.184010] ... bit width:              40
[    1.184010] ... generic registers:      2
[    1.184010] ... value mask:             000000ffffffffff
[    1.184010] ... max period:             000000007fffffff
[    1.184010] ... fixed-purpose events:   0
[    1.184010] ... event mask:             0000000000000003
[    1.184010] rcu: Hierarchical SRCU implementation.
[    1.186463] NMI watchdog: Enabled. Permanently consumes one hw-PMU counter.
[    1.186896] smp: Bringing up secondary CPUs ...
[    1.188655] CPU 1 irqstacks, hard=(ptrval) soft=(ptrval)
[    1.188661] x86: Booting SMP configuration:
[    1.188769] .... node  #0, CPUs:      #1
[    0.023931] Initializing CPU#1
[    0.023931] Disabled fast string operations
[    1.191383] TSC synchronization [CPU#0 -> CPU#1]:
[    1.191787] Measured 579700 cycles TSC warp between CPUs, turning off TSC clock.
[    1.191927] tsc: Marking TSC unstable due to check_tsc_sync_source failed
[    1.192321] smp: Brought up 1 node, 2 CPUs
[    1.192321] smpboot: Max logical packages: 1
[    1.192321] smpboot: Total of 2 processors activated (7315.37 BogoMIPS)
[    1.196269] devtmpfs: initialized
[    1.197950] PM: Registering ACPI NVS region [mem 0xbf6df000-0xbf6fffff] (135168 bytes)
[    1.198526] clocksource: jiffies: mask: 0xffffffff max_cycles: 0xffffffff, max_idle_ns: 7645041785100000 ns
[    1.198691] futex hash table entries: 512 (order: 3, 32768 bytes)
[    1.200637] NET: Registered protocol family 16
[    1.204271] cpuidle: using governor ladder
[    1.204552] cpuidle: using governor menu
[    1.204892] Simple Boot Flag at 0x35 set to 0x1
[    1.205052] ACPI FADT declares the system doesn't support PCIe ASPM, so disable it
[    1.205176] ACPI: bus type PCI registered
[    1.205651] PCI: MMCONFIG for domain 0000 [bus 00-3f] at [mem 0xf0000000-0xf3ffffff] (base 0xf0000000)
[    1.205810] PCI: MMCONFIG at [mem 0xf0000000-0xf3ffffff] reserved in E820
[    1.205925] PCI: Using MMCONFIG for extended config space
[    1.206030] PCI: Using configuration type 1 for base access
[    1.206835] mtrr: your CPUs had inconsistent variable MTRR settings
[    1.206947] mtrr: probably your BIOS does not setup all CPUs.
[    1.207054] mtrr: corrected configuration.
[    1.309899] ACPI: Added _OSI(Module Device)
[    1.309899] ACPI: Added _OSI(Processor Device)
[    1.309903] ACPI: Added _OSI(3.0 _SCP Extensions)
[    1.310004] ACPI: Added _OSI(Processor Aggregator Device)
[    1.312194] ACPI: Added _OSI(Linux-Dell-Video)
[    1.312296] ACPI: Added _OSI(Linux-Lenovo-NV-HDMI-Audio)
[    1.312405] ACPI: Added _OSI(Linux-HPI-Hybrid-Graphics)
[    1.431789] ACPI: 6 ACPI AML tables successfully acquired and loaded
[    1.472940] ACPI: Dynamic OEM Table Load:
[    1.473064] ACPI: SSDT 0x00000000F1203C00 000240 (v01 PmRef  Cpu0Ist  00000100 INTL 20050513)
[    1.475967] ACPI: Dynamic OEM Table Load:
[    1.476046] ACPI: SSDT 0x00000000F1093000 00065A (v01 PmRef  Cpu0Cst  00000100 INTL 20050513)
[    1.482577] ACPI: Dynamic OEM Table Load:
[    1.482597] ACPI: SSDT 0x00000000F1825D00 0000C8 (v01 PmRef  Cpu1Ist  00000100 INTL 20050513)
[    1.485517] ACPI: Dynamic OEM Table Load:
[    1.485636] ACPI: SSDT 0x00000000F12C6E40 000085 (v01 PmRef  Cpu1Cst  00000100 INTL 20050513)
[    1.488677] ACPI: Interpreter enabled
[    1.488911] ACPI: (supports S0 S3 S4 S5)
[    1.489017] ACPI: Using IOAPIC for interrupt routing
[    1.489343] PCI: Using host bridge windows from ACPI; if necessary, use "pci=nocrs" and report a bug
[    1.491238] ACPI: Enabled 4 GPEs in block 00 to 1F
[    1.530334] ACPI: Power Resource [PUBS] (on)
[    1.532313] acpi PNP0C0A:01: ACPI dock station (docks/bays count: 1)
[    1.545932] acpi LNXIOBAY:00: ACPI dock station (docks/bays count: 2)
[    1.565794] acpi IBM0079:00: ACPI dock station (docks/bays count: 3)
[    1.570007] ACPI: PCI Interrupt Link [LNKA] (IRQs 3 4 5 6 7 9 10 *11)
[    1.571478] ACPI: PCI Interrupt Link [LNKB] (IRQs 3 4 5 6 7 9 10 *11)
[    1.572968] ACPI: PCI Interrupt Link [LNKC] (IRQs 3 4 5 6 7 9 10 *11)
[    1.574434] ACPI: PCI Interrupt Link [LNKD] (IRQs 3 4 5 6 7 9 10 *11)
[    1.575901] ACPI: PCI Interrupt Link [LNKE] (IRQs 3 4 5 6 7 9 10 *11)
[    1.577351] ACPI: PCI Interrupt Link [LNKF] (IRQs 3 4 5 6 7 9 10 *11)
[    1.578817] ACPI: PCI Interrupt Link [LNKG] (IRQs 3 4 5 6 7 9 10 *11)
[    1.580341] ACPI: PCI Interrupt Link [LNKH] (IRQs 3 4 5 6 7 9 10 *11)
[    1.581270] ACPI: PCI Root Bridge [PCI0] (domain 0000 [bus 00-ff])
[    1.581406] acpi PNP0A08:00: _OSC: OS supports [ExtendedConfig ASPM ClockPM Segments]
[    1.583214] acpi PNP0A08:00: _OSC: not requesting OS control; OS requires [ExtendedConfig ASPM ClockPM MSI]
[    1.583403] acpi PNP0A08:00: [Firmware Info]: MMCONFIG for domain 0000 [bus 00-3f] only partially covers this bridge
[    1.584020] PCI host bridge to bus 0000:00
[    1.584126] pci_bus 0000:00: root bus resource [io  0x0000-0x0cf7 window]
[    1.584252] pci_bus 0000:00: root bus resource [io  0x0d00-0xffff window]
[    1.584378] pci_bus 0000:00: root bus resource [mem 0x000a0000-0x000bffff window]
[    1.584511] pci_bus 0000:00: root bus resource [mem 0x000d0000-0x000d3fff window]
[    1.584644] pci_bus 0000:00: root bus resource [mem 0x000d4000-0x000d7fff window]
[    1.584776] pci_bus 0000:00: root bus resource [mem 0x000d8000-0x000dbfff window]
[    1.584908] pci_bus 0000:00: root bus resource [mem 0xc0000000-0xfebfffff window]
[    1.585041] pci_bus 0000:00: root bus resource [mem 0xfed40000-0xfed40fff window]
[    1.585174] pci_bus 0000:00: root bus resource [bus 00-ff]
[    1.585337] pci 0000:00:00.0: [8086:27a0] type 00 class 0x060000
[    1.586131] pci 0000:00:02.0: [8086:27a2] type 00 class 0x030000
[    1.586168] pci 0000:00:02.0: reg 0x10: [mem 0xee100000-0xee17ffff]
[    1.586186] pci 0000:00:02.0: reg 0x14: [io  0x1800-0x1807]
[    1.586204] pci 0000:00:02.0: reg 0x18: [mem 0xd0000000-0xdfffffff pref]
[    1.586222] pci 0000:00:02.0: reg 0x1c: [mem 0xee200000-0xee23ffff]
[    1.587019] pci 0000:00:02.1: [8086:27a6] type 00 class 0x038000
[    1.587051] pci 0000:00:02.1: reg 0x10: [mem 0xee180000-0xee1fffff]
[    1.587890] pci 0000:00:1b.0: [8086:27d8] type 00 class 0x040300
[    1.587952] pci 0000:00:1b.0: reg 0x10: [mem 0xee240000-0xee243fff 64bit]
[    1.588195] pci 0000:00:1b.0: PME# supported from D0 D3hot D3cold
[    1.588977] pci 0000:00:1c.0: [8086:27d0] type 01 class 0x060400
[    1.589224] pci 0000:00:1c.0: PME# supported from D0 D3hot D3cold
[    1.589998] pci 0000:00:1c.1: [8086:27d2] type 01 class 0x060400
[    1.590244] pci 0000:00:1c.1: PME# supported from D0 D3hot D3cold
[    1.591004] pci 0000:00:1c.2: [8086:27d4] type 01 class 0x060400
[    1.591249] pci 0000:00:1c.2: PME# supported from D0 D3hot D3cold
[    1.592036] pci 0000:00:1c.3: [8086:27d6] type 01 class 0x060400
[    1.592282] pci 0000:00:1c.3: PME# supported from D0 D3hot D3cold
[    1.593046] pci 0000:00:1d.0: [8086:27c8] type 00 class 0x0c0300
[    1.593152] pci 0000:00:1d.0: reg 0x20: [io  0x1820-0x183f]
[    1.593937] pci 0000:00:1d.1: [8086:27c9] type 00 class 0x0c0300
[    1.594043] pci 0000:00:1d.1: reg 0x20: [io  0x1840-0x185f]
[    1.594811] pci 0000:00:1d.2: [8086:27ca] type 00 class 0x0c0300
[    1.594916] pci 0000:00:1d.2: reg 0x20: [io  0x1860-0x187f]
[    1.595693] pci 0000:00:1d.3: [8086:27cb] type 00 class 0x0c0300
[    1.595798] pci 0000:00:1d.3: reg 0x20: [io  0x1880-0x189f]
[    1.596567] pci 0000:00:1d.7: [8086:27cc] type 00 class 0x0c0320
[    1.596617] pci 0000:00:1d.7: reg 0x10: [mem 0xee444000-0xee4443ff]
[    1.596814] pci 0000:00:1d.7: PME# supported from D0 D3hot D3cold
[    1.597538] pci 0000:00:1e.0: [8086:2448] type 01 class 0x060401
[    1.598408] pci 0000:00:1f.0: [8086:27b9] type 00 class 0x060100
[    1.598617] pci 0000:00:1f.0: quirk: [io  0x1000-0x107f] claimed by ICH6 ACPI/GPIO/TCO
[    1.598760] pci 0000:00:1f.0: quirk: [io  0x1180-0x11bf] claimed by ICH6 GPIO
[    1.598891] pci 0000:00:1f.0: ICH7 LPC Generic IO decode 1 PIO at 1600 (mask 007f)
[    1.599026] pci 0000:00:1f.0: ICH7 LPC Generic IO decode 2 PIO at 15e0 (mask 000f)
[    1.599160] pci 0000:00:1f.0: ICH7 LPC Generic IO decode 3 PIO at 1680 (mask 001f)
[    1.600039] pci 0000:00:1f.1: [8086:27df] type 00 class 0x01018a
[    1.600081] pci 0000:00:1f.1: reg 0x10: [io  0x0000-0x0007]
[    1.600105] pci 0000:00:1f.1: reg 0x14: [io  0x0000-0x0003]
[    1.600128] pci 0000:00:1f.1: reg 0x18: [io  0x0000-0x0007]
[    1.600151] pci 0000:00:1f.1: reg 0x1c: [io  0x0000-0x0003]
[    1.600174] pci 0000:00:1f.1: reg 0x20: [io  0x1810-0x181f]
[    1.600220] pci 0000:00:1f.1: legacy IDE quirk: reg 0x10: [io  0x01f0-0x01f7]
[    1.600349] pci 0000:00:1f.1: legacy IDE quirk: reg 0x14: [io  0x03f6]
[    1.600471] pci 0000:00:1f.1: legacy IDE quirk: reg 0x18: [io  0x0170-0x0177]
[    1.600599] pci 0000:00:1f.1: legacy IDE quirk: reg 0x1c: [io  0x0376]
[    1.601439] pci 0000:00:1f.2: [8086:27c5] type 00 class 0x010601
[    1.601488] pci 0000:00:1f.2: reg 0x10: [io  0x18d0-0x18d7]
[    1.601511] pci 0000:00:1f.2: reg 0x14: [io  0x18c4-0x18c7]
[    1.601535] pci 0000:00:1f.2: reg 0x18: [io  0x18c8-0x18cf]
[    1.601558] pci 0000:00:1f.2: reg 0x1c: [io  0x18c0-0x18c3]
[    1.601581] pci 0000:00:1f.2: reg 0x20: [io  0x18b0-0x18bf]
[    1.601605] pci 0000:00:1f.2: reg 0x24: [mem 0xee444400-0xee4447ff]
[    1.601726] pci 0000:00:1f.2: PME# supported from D3hot
[    1.602455] pci 0000:00:1f.3: [8086:27da] type 00 class 0x0c0500
[    1.602580] pci 0000:00:1f.3: reg 0x20: [io  0x18e0-0x18ff]
[    1.603596] pci 0000:02:00.0: [8086:109a] type 00 class 0x020000
[    1.603677] pci 0000:02:00.0: reg 0x10: [mem 0xee000000-0xee01ffff]
[    1.603736] pci 0000:02:00.0: reg 0x18: [io  0x2000-0x201f]
[    1.604068] pci 0000:02:00.0: PME# supported from D0 D3hot D3cold
[    1.604483] pci 0000:02:00.0: disabling ASPM on pre-1.1 PCIe device.  You can enable it with 'pcie_aspm=force'
[    1.604707] pci 0000:00:1c.0: PCI bridge to [bus 02]
[    1.604821] pci 0000:00:1c.0:   bridge window [io  0x2000-0x2fff]
[    1.604833] pci 0000:00:1c.0:   bridge window [mem 0xee000000-0xee0fffff]
[    1.605205] pci 0000:03:00.0: [8086:4227] type 00 class 0x028000
[    1.605329] pci 0000:03:00.0: reg 0x10: [mem 0xedf00000-0xedf00fff]
[    1.605906] pci 0000:03:00.0: PME# supported from D0 D3hot D3cold
[    1.606409] pci 0000:03:00.0: disabling ASPM on pre-1.1 PCIe device.  You can enable it with 'pcie_aspm=force'
[    1.606669] pci 0000:00:1c.1: PCI bridge to [bus 03]
[    1.606782] pci 0000:00:1c.1:   bridge window [io  0x3000-0x4fff]
[    1.606794] pci 0000:00:1c.1:   bridge window [mem 0xec000000-0xedffffff]
[    1.606811] pci 0000:00:1c.1:   bridge window [mem 0xe4000000-0xe40fffff 64bit pref]
[    1.607048] pci 0000:00:1c.2: PCI bridge to [bus 04-0b]
[    1.607165] pci 0000:00:1c.2:   bridge window [io  0x5000-0x6fff]
[    1.607178] pci 0000:00:1c.2:   bridge window [mem 0xe8000000-0xe9ffffff]
[    1.607195] pci 0000:00:1c.2:   bridge window [mem 0xe4100000-0xe41fffff 64bit pref]
[    1.607448] pci 0000:00:1c.3: PCI bridge to [bus 0c-13]
[    1.607564] pci 0000:00:1c.3:   bridge window [io  0x7000-0x8fff]
[    1.607577] pci 0000:00:1c.3:   bridge window [mem 0xea000000-0xebffffff]
[    1.607594] pci 0000:00:1c.3:   bridge window [mem 0xe4200000-0xe42fffff 64bit pref]
[    1.607652] pci_bus 0000:15: extended config space not accessible
[    1.607966] pci 0000:15:00.0: [1180:0476] type 02 class 0x060700
[    1.608028] pci 0000:15:00.0: reg 0x10: [mem 0xe4300000-0xe4300fff]
[    1.608138] pci 0000:15:00.0: supports D1 D2
[    1.608146] pci 0000:15:00.0: PME# supported from D0 D1 D2 D3hot D3cold
[    1.608594] pci 0000:15:00.1: [1180:0552] type 00 class 0x0c0010
[    1.608635] pci 0000:15:00.1: reg 0x10: [mem 0xe4301000-0xe43017ff]
[    1.608841] pci 0000:15:00.1: PME# supported from D0 D3hot D3cold
[    1.609194] pci 0000:15:00.2: [1180:0822] type 00 class 0x080500
[    1.609235] pci 0000:15:00.2: reg 0x10: [mem 0xe4301800-0xe43018ff]
[    1.609443] pci 0000:15:00.2: supports D1 D2
[    1.609450] pci 0000:15:00.2: PME# supported from D0 D1 D2 D3hot D3cold
[    1.609892] pci 0000:00:1e.0: PCI bridge to [bus 15-18] (subtractive decode)
[    1.610025] pci 0000:00:1e.0:   bridge window [io  0x9000-0xcfff]
[    1.610038] pci 0000:00:1e.0:   bridge window [mem 0xe4300000-0xe7ffffff]
[    1.610055] pci 0000:00:1e.0:   bridge window [mem 0xe0000000-0xe3ffffff 64bit pref]
[    1.610064] pci 0000:00:1e.0:   bridge window [io  0x0000-0x0cf7 window] (subtractive decode)
[    1.610073] pci 0000:00:1e.0:   bridge window [io  0x0d00-0xffff window] (subtractive decode)
[    1.610083] pci 0000:00:1e.0:   bridge window [mem 0x000a0000-0x000bffff window] (subtractive decode)
[    1.610092] pci 0000:00:1e.0:   bridge window [mem 0x000d0000-0x000d3fff window] (subtractive decode)
[    1.610100] pci 0000:00:1e.0:   bridge window [mem 0x000d4000-0x000d7fff window] (subtractive decode)
[    1.610109] pci 0000:00:1e.0:   bridge window [mem 0x000d8000-0x000dbfff window] (subtractive decode)
[    1.610117] pci 0000:00:1e.0:   bridge window [mem 0xc0000000-0xfebfffff window] (subtractive decode)
[    1.610126] pci 0000:00:1e.0:   bridge window [mem 0xfed40000-0xfed40fff window] (subtractive decode)
[    1.610191] pci_bus 0000:16: extended config space not accessible
[    1.610475] pci_bus 0000:16: busn_res: [bus 16-18] end is updated to 17
[    1.610552] pci_bus 0000:00: on NUMA node 0
[    1.620671] ACPI: EC: interrupt unblocked
[    1.620814] ACPI: EC: event unblocked
[    1.620950] ACPI: \_SB_.PCI0.LPC_.EC__: GPE=0x1c, EC_CMD/EC_SC=0x66, EC_DATA=0x62
[    1.621084] ACPI: \_SB_.PCI0.LPC_.EC__: Used as boot DSDT EC to handle transactions and events
[    1.622113] pci 0000:00:02.0: vgaarb: setting as boot VGA device
[    1.622234] pci 0000:00:02.0: vgaarb: VGA device added: decodes=io+mem,owns=io+mem,locks=none
[    1.622427] pci 0000:00:02.0: vgaarb: bridge control possible
[    1.622535] vgaarb: loaded
[    1.623579] SCSI subsystem initialized
[    1.624212] libata version 3.00 loaded.
[    1.624585] ACPI: bus type USB registered
[    1.624883] usbcore: registered new interface driver usbfs
[    1.625098] usbcore: registered new interface driver hub
[    1.625315] usbcore: registered new device driver usb
[    1.625634] media: Linux media interface: v0.10
[    1.625824] videodev: Linux video capture interface: v2.00
[    1.626064] pps_core: LinuxPPS API ver. 1 registered
[    1.626168] pps_core: Software ver. 5.3.6 - Copyright 2005-2007 Rodolfo Giometti <giometti@linux.it>
[    1.626381] PTP clock support registered
[    1.627884] EDAC MC: Ver: 3.0.0
[    1.629293] Advanced Linux Sound Architecture Driver Initialized.
[    1.629673] PCI: Using ACPI for IRQ routing
[    1.633730] PCI: pci_cache_line_size set to 64 bytes
[    1.633912] e820: reserve RAM buffer [mem 0x0009f000-0x0009ffff]
[    1.633923] e820: reserve RAM buffer [mem 0xbf6d0000-0xbfffffff]
[    1.635072] Bluetooth: Core ver 2.22
[    1.635286] NET: Registered protocol family 31
[    1.635385] Bluetooth: HCI device and connection manager initialized
[    1.635518] Bluetooth: HCI socket layer initialized
[    1.635625] Bluetooth: L2CAP socket layer initialized
[    1.635767] Bluetooth: SCO socket layer initialized
[    1.637049] clocksource: Switched to clocksource hpet
[    1.637785] pnp: PnP ACPI init
[    1.642424] system 00:00: [mem 0x00000000-0x0009ffff] could not be reserved
[    1.642560] system 00:00: [mem 0x000c0000-0x000c3fff] could not be reserved
[    1.642694] system 00:00: [mem 0x000c4000-0x000c7fff] could not be reserved
[    1.642825] system 00:00: [mem 0x000c8000-0x000cbfff] has been reserved
[    1.642951] system 00:00: [mem 0x000cc000-0x000cffff] has been reserved
[    1.643081] system 00:00: [mem 0x000dc000-0x000dffff] could not be reserved
[    1.643214] system 00:00: [mem 0x000e0000-0x000e3fff] could not be reserved
[    1.643346] system 00:00: [mem 0x000e4000-0x000e7fff] could not be reserved
[    1.643479] system 00:00: [mem 0x000e8000-0x000ebfff] could not be reserved
[    1.643612] system 00:00: [mem 0x000ec000-0x000effff] could not be reserved
[    1.643745] system 00:00: [mem 0x000f0000-0x000fffff] could not be reserved
[    1.643877] system 00:00: [mem 0x00100000-0xbfffffff] could not be reserved
[    1.644011] system 00:00: [mem 0xfec00000-0xfed3ffff] could not be reserved
[    1.644171] system 00:00: [mem 0xfed41000-0xffffffff] could not be reserved
[    1.644385] system 00:00: Plug and Play ACPI device, IDs PNP0c01 (active)
[    1.645295] system 00:01: [io  0x164e-0x164f] has been reserved
[    1.645418] system 00:01: [io  0x1000-0x107f] has been reserved
[    1.645539] system 00:01: [io  0x1180-0x11bf] has been reserved
[    1.645661] system 00:01: [io  0x0800-0x080f] has been reserved
[    1.645782] system 00:01: [io  0x15e0-0x15ef] has been reserved
[    1.645906] system 00:01: [io  0x1600-0x165f] could not be reserved
[    1.646031] system 00:01: [mem 0xf0000000-0xf3ffffff] has been reserved
[    1.646158] system 00:01: [mem 0xfed1c000-0xfed1ffff] has been reserved
[    1.646285] system 00:01: [mem 0xfed14000-0xfed17fff] has been reserved
[    1.646413] system 00:01: [mem 0xfed18000-0xfed18fff] has been reserved
[    1.646540] system 00:01: [mem 0xfed19000-0xfed19fff] has been reserved
[    1.646728] system 00:01: Plug and Play ACPI device, IDs PNP0c02 (active)
[    1.647276] pnp 00:02: Plug and Play ACPI device, IDs PNP0b00 (active)
[    1.647520] pnp 00:03: Plug and Play ACPI device, IDs PNP0303 (active)
[    1.647754] pnp 00:04: Plug and Play ACPI device, IDs IBM3780 PNP0f13 (active)
[    1.649109] pnp 00:05: [dma 3]
[    1.649508] pnp 00:05: Plug and Play ACPI device, IDs IBM0071 PNP0511 (active)
[    1.649925] pnp 00:06: Plug and Play ACPI device, IDs ATM1200 PNP0c31 (active)
[    1.653716] pnp: PnP ACPI: found 7 devices
[    1.711472] clocksource: acpi_pm: mask: 0xffffff max_cycles: 0xffffff, max_idle_ns: 2085701024 ns
[    1.711663] pci 0000:00:1c.0: bridge window [mem 0x00100000-0x000fffff 64bit pref] to [bus 02] add_size 200000 add_align 100000
[    1.711785] pci 0000:00:1c.0: BAR 9: assigned [mem 0xc0000000-0xc01fffff 64bit pref]
[    1.711919] pci 0000:00:1c.0: PCI bridge to [bus 02]
[    1.712045] pci 0000:00:1c.0:   bridge window [io  0x2000-0x2fff]
[    1.712166] pci 0000:00:1c.0:   bridge window [mem 0xee000000-0xee0fffff]
[    1.712288] pci 0000:00:1c.0:   bridge window [mem 0xc0000000-0xc01fffff 64bit pref]
[    1.712425] pci 0000:00:1c.1: PCI bridge to [bus 03]
[    1.712531] pci 0000:00:1c.1:   bridge window [io  0x3000-0x4fff]
[    1.712650] pci 0000:00:1c.1:   bridge window [mem 0xec000000-0xedffffff]
[    1.712772] pci 0000:00:1c.1:   bridge window [mem 0xe4000000-0xe40fffff 64bit pref]
[    1.712907] pci 0000:00:1c.2: PCI bridge to [bus 04-0b]
[    1.713014] pci 0000:00:1c.2:   bridge window [io  0x5000-0x6fff]
[    1.713133] pci 0000:00:1c.2:   bridge window [mem 0xe8000000-0xe9ffffff]
[    1.713255] pci 0000:00:1c.2:   bridge window [mem 0xe4100000-0xe41fffff 64bit pref]
[    1.713390] pci 0000:00:1c.3: PCI bridge to [bus 0c-13]
[    1.713497] pci 0000:00:1c.3:   bridge window [io  0x7000-0x8fff]
[    1.713617] pci 0000:00:1c.3:   bridge window [mem 0xea000000-0xebffffff]
[    1.713739] pci 0000:00:1c.3:   bridge window [mem 0xe4200000-0xe42fffff 64bit pref]
[    1.713893] pci 0000:15:00.0: BAR 9: assigned [mem 0xe0000000-0xe3ffffff pref]
[    1.714024] pci 0000:15:00.0: BAR 10: assigned [mem 0xc4000000-0xc7ffffff]
[    1.714144] pci 0000:15:00.0: BAR 7: assigned [io  0x9000-0x90ff]
[    1.714258] pci 0000:15:00.0: BAR 8: assigned [io  0x9400-0x94ff]
[    1.714385] pci 0000:15:00.0: CardBus bridge to [bus 16-17]
[    1.714493] pci 0000:15:00.0:   bridge window [io  0x9000-0x90ff]
[    1.714610] pci 0000:15:00.0:   bridge window [io  0x9400-0x94ff]
[    1.714726] pci 0000:15:00.0:   bridge window [mem 0xe0000000-0xe3ffffff pref]
[    1.714853] pci 0000:15:00.0:   bridge window [mem 0xc4000000-0xc7ffffff]
[    1.714975] pci 0000:00:1e.0: PCI bridge to [bus 15-18]
[    1.715083] pci 0000:00:1e.0:   bridge window [io  0x9000-0xcfff]
[    1.715202] pci 0000:00:1e.0:   bridge window [mem 0xe4300000-0xe7ffffff]
[    1.715325] pci 0000:00:1e.0:   bridge window [mem 0xe0000000-0xe3ffffff 64bit pref]
[    1.715461] pci_bus 0000:00: resource 4 [io  0x0000-0x0cf7 window]
[    1.715468] pci_bus 0000:00: resource 5 [io  0x0d00-0xffff window]
[    1.715476] pci_bus 0000:00: resource 6 [mem 0x000a0000-0x000bffff window]
[    1.715483] pci_bus 0000:00: resource 7 [mem 0x000d0000-0x000d3fff window]
[    1.715490] pci_bus 0000:00: resource 8 [mem 0x000d4000-0x000d7fff window]
[    1.715498] pci_bus 0000:00: resource 9 [mem 0x000d8000-0x000dbfff window]
[    1.715505] pci_bus 0000:00: resource 10 [mem 0xc0000000-0xfebfffff window]
[    1.715513] pci_bus 0000:00: resource 11 [mem 0xfed40000-0xfed40fff window]
[    1.715520] pci_bus 0000:02: resource 0 [io  0x2000-0x2fff]
[    1.715527] pci_bus 0000:02: resource 1 [mem 0xee000000-0xee0fffff]
[    1.715535] pci_bus 0000:02: resource 2 [mem 0xc0000000-0xc01fffff 64bit pref]
[    1.715542] pci_bus 0000:03: resource 0 [io  0x3000-0x4fff]
[    1.715550] pci_bus 0000:03: resource 1 [mem 0xec000000-0xedffffff]
[    1.715557] pci_bus 0000:03: resource 2 [mem 0xe4000000-0xe40fffff 64bit pref]
[    1.715564] pci_bus 0000:04: resource 0 [io  0x5000-0x6fff]
[    1.715572] pci_bus 0000:04: resource 1 [mem 0xe8000000-0xe9ffffff]
[    1.715579] pci_bus 0000:04: resource 2 [mem 0xe4100000-0xe41fffff 64bit pref]
[    1.715586] pci_bus 0000:0c: resource 0 [io  0x7000-0x8fff]
[    1.715594] pci_bus 0000:0c: resource 1 [mem 0xea000000-0xebffffff]
[    1.715601] pci_bus 0000:0c: resource 2 [mem 0xe4200000-0xe42fffff 64bit pref]
[    1.715608] pci_bus 0000:15: resource 0 [io  0x9000-0xcfff]
[    1.715616] pci_bus 0000:15: resource 1 [mem 0xe4300000-0xe7ffffff]
[    1.715623] pci_bus 0000:15: resource 2 [mem 0xe0000000-0xe3ffffff 64bit pref]
[    1.715630] pci_bus 0000:15: resource 4 [io  0x0000-0x0cf7 window]
[    1.715638] pci_bus 0000:15: resource 5 [io  0x0d00-0xffff window]
[    1.715645] pci_bus 0000:15: resource 6 [mem 0x000a0000-0x000bffff window]
[    1.715652] pci_bus 0000:15: resource 7 [mem 0x000d0000-0x000d3fff window]
[    1.715660] pci_bus 0000:15: resource 8 [mem 0x000d4000-0x000d7fff window]
[    1.715667] pci_bus 0000:15: resource 9 [mem 0x000d8000-0x000dbfff window]
[    1.715674] pci_bus 0000:15: resource 10 [mem 0xc0000000-0xfebfffff window]
[    1.715682] pci_bus 0000:15: resource 11 [mem 0xfed40000-0xfed40fff window]
[    1.715689] pci_bus 0000:16: resource 0 [io  0x9000-0x90ff]
[    1.715696] pci_bus 0000:16: resource 1 [io  0x9400-0x94ff]
[    1.715704] pci_bus 0000:16: resource 2 [mem 0xe0000000-0xe3ffffff pref]
[    1.715711] pci_bus 0000:16: resource 3 [mem 0xc4000000-0xc7ffffff]
[    1.716491] NET: Registered protocol family 2
[    1.717769] tcp_listen_portaddr_hash hash table entries: 512 (order: 2, 20480 bytes)
[    1.717999] TCP established hash table entries: 8192 (order: 3, 32768 bytes)
[    1.719026] TCP bind hash table entries: 8192 (order: 6, 294912 bytes)
[    1.719969] TCP: Hash tables configured (established 8192 bind 8192)
[    1.721022] UDP hash table entries: 512 (order: 3, 40960 bytes)
[    1.721268] UDP-Lite hash table entries: 512 (order: 3, 40960 bytes)
[    1.721742] NET: Registered protocol family 1
[    1.723020] RPC: Registered named UNIX socket transport module.
[    1.723137] RPC: Registered udp transport module.
[    1.723241] RPC: Registered tcp transport module.
[    1.723345] RPC: Registered tcp NFSv4.1 backchannel transport module.
[    1.724518] pci 0000:00:02.0: Video device with shadowed ROM at [mem 0x000c0000-0x000dffff]
[    1.731414] PCI: CLS mismatch (64 != 32), using 64 bytes
[    1.731640] PCI-DMA: Using software bounce buffering for IO (SWIOTLB)
[    1.731757] software IO TLB: mapped [mem 0x31d00000-0x35d00000] (64MB)
[    1.736649] Initialise system trusted keyrings
[    1.737514] workingset: timestamp_bits=30 max_order=20 bucket_order=0
[    1.741274] Installing knfsd (copyright (C) 1996 okir@monad.swb.de).
[    1.742119] ntfs: driver 2.1.32 [Flags: R/W].
[    1.742615] fuse init (API version 7.28)
[    1.757812] Key type asymmetric registered
[    1.757932] Asymmetric key parser 'x509' registered
[    1.758217] bounce: pool size: 64 pages
[    1.758453] Block layer SCSI generic (bsg) driver version 0.4 loaded (major 249)
[    1.758595] io scheduler mq-deadline registered
[    1.758764] io scheduler bfq registered
[    1.763206] intel_idle: does not run on family 6 model 14
[    1.763876] ACPI: Deprecated procfs I/F for AC is loaded, please retry with CONFIG_ACPI_PROCFS_POWER cleared
[    1.764533] ACPI: AC Adapter [AC] (off-line)
[    1.765200] input: Lid Switch as /devices/LNXSYSTM:00/LNXSYBUS:00/PNP0C0D:00/input/input0
[    1.765651] ACPI: Lid Switch [LID]
[    1.766112] input: Sleep Button as /devices/LNXSYSTM:00/LNXSYBUS:00/PNP0C0E:00/input/input1
[    1.766365] ACPI: Sleep Button [SLPB]
[    1.766881] input: Power Button as /devices/LNXSYSTM:00/LNXPWRBN:00/input/input2
[    1.767097] ACPI: Power Button [PWRF]
[    1.767947] ACPI: Video Device [VID] (multi-head: yes  rom: no  post: no)
[    1.780405] acpi device:01: registered as cooling_device0
[    1.781209] input: Video Bus as /devices/LNXSYSTM:00/LNXSYBUS:00/PNP0A08:00/LNXVIDEO:00/input/input3
[    1.808675] thermal LNXTHERM:00: registered as thermal_zone0
[    1.808795] ACPI: Thermal Zone [THM0] (27 C)
[    1.815028] thermal LNXTHERM:01: registered as thermal_zone1
[    1.815146] ACPI: Thermal Zone [THM1] (28 C)
[    1.816010] Serial: 8250/16550 driver, 4 ports, IRQ sharing disabled
[    1.817320] serial8250: ttyS1 at I/O 0x2f8 (irq = 3, base_baud = 921600) is a NS16550A
[    1.822289] lp: driver loaded but no devices found
[    1.822696] Non-volatile memory driver v1.3
[    1.823274] intel_rng: FWH not detected
[    1.823534] Linux agpgart interface v0.103
[    1.824948] [drm] radeon kernel modesetting enabled.
[    1.826926] pci 0000:00:00.0: Intel 945GM Chipset
[    1.827103] pci 0000:00:00.0: detected gtt size: 262144K total, 262144K mappable
[    1.828251] pci 0000:00:00.0: detected 8192K stolen memory
[    1.828648] [drm] Replacing VGA console driver
[    1.829828] Console: switching to colour dummy device 80x25
[    1.832754] [drm] Supports vblank timestamp caching Rev 2 (21.10.2013).
[    1.832816] [drm] Driver supports precise vblank timestamp query.
[    1.832890] resource sanity check: requesting [mem 0x000c0000-0x000dffff], which spans more than pnp 00:00 [mem 0x000c8000-0x000cbfff]
[    1.833011] caller pci_map_rom+0x67/0x1d0 mapping multiple BARs
[    1.835713] i915 0000:00:02.0: vgaarb: changed VGA decodes: olddecodes=io+mem,decodes=io+mem:owns=io+mem
[    1.856907] battery: ACPI: Deprecated procfs I/F for battery is loaded, please retry with CONFIG_ACPI_PROCFS_POWER cleared
[    1.857048] battery: ACPI: Battery Slot [BAT0] (battery present)
[    1.892248] random: fast init done
[    1.932949] [drm] RC6 disabled, disabling runtime PM support
[    1.933362] [drm] Initialized overlay support.
[    1.936334] [drm] Initialized i915 1.6.0 20181204 for 0000:00:02.0 on minor 0
[    1.938310] usbcore: registered new interface driver udl
[    1.962692] fbcon: inteldrmfb (fb0) is primary device
[    1.963753] loop: module loaded
[    2.002717] ahci 0000:00:1f.2: version 3.0
[    2.003989] ahci 0000:00:1f.2: AHCI 0001.0100 32 slots 4 ports 1.5 Gbps 0x1 impl SATA mode
[    2.003999] ahci 0000:00:1f.2: flags: 64bit ncq pm led clo pio slum part 
[    2.008166] scsi host0: ahci
[    2.009330] scsi host1: ahci
[    2.010381] scsi host2: ahci
[    2.011444] scsi host3: ahci
[    2.012071] ata1: SATA max UDMA/133 abar m1024@0xee444400 port 0xee444500 irq 16
[    2.012076] ata2: DUMMY
[    2.012079] ata3: DUMMY
[    2.012083] ata4: DUMMY
[    2.012399] ata_piix 0000:00:1f.1: version 2.13
[    2.017735] scsi host4: ata_piix
[    2.018644] scsi host5: ata_piix
[    2.019045] ata5: PATA max UDMA/100 cmd 0x1f0 ctl 0x3f6 bmdma 0x1810 irq 14
[    2.019050] ata6: PATA max UDMA/100 cmd 0x170 ctl 0x376 bmdma 0x1818 irq 15
[    2.021298] tun: Universal TUN/TAP device driver, 1.6
[    2.021628] ata6: port disabled--ignoring
[    2.022213] e1000e: Intel(R) PRO/1000 Network Driver - 3.2.6-k
[    2.022215] e1000e: Copyright(c) 1999 - 2015 Intel Corporation.
[    2.022900] e1000e 0000:02:00.0: Interrupt Throttling Rate (ints/sec) set to dynamic conservative mode
[    2.161493] e1000e 0000:02:00.0 eth0: (PCI Express:2.5GT/s:Width x1) 00:16:d3:25:19:04
[    2.161500] e1000e 0000:02:00.0 eth0: Intel(R) PRO/1000 Network Connection
[    2.161583] e1000e 0000:02:00.0 eth0: MAC: 2, PHY: 2, PBA No: 005302-003
[    2.162049] PPP generic driver version 2.4.2
[    2.162474] PPP BSD Compression module registered
[    2.162479] PPP Deflate Compression module registered
[    2.162484] SLIP: version 0.8.4-NET3.019-NEWTTY (dynamic channels, max=256).
[    2.162487] CSLIP: code copyright 1989 Regents of the University of California.
[    2.162643] iwl3945: Intel(R) PRO/Wireless 3945ABG/BG Network Connection driver for Linux, in-tree:ds
[    2.162646] iwl3945: Copyright(c) 2003-2011 Intel Corporation
[    2.162648] iwl3945: hw_scan is disabled
[    2.218229] iwl3945 0000:03:00.0: Tunable channels: 11 802.11bg, 13 802.11a channels
[    2.218235] iwl3945 0000:03:00.0: Detected Intel Wireless WiFi Link 3945ABG
[    2.219825] ieee80211 phy0: Selected rate control algorithm 'iwl-3945-rs'
[    2.221515] Intel(R) Wireless WiFi driver for Linux
[    2.221518] Copyright(c) 2003- 2015 Intel Corporation
[    2.221941] usbcore: registered new interface driver ax88179_178a
[    2.222019] usbcore: registered new interface driver cdc_ether
[    2.222094] usbcore: registered new interface driver net1080
[    2.222170] usbcore: registered new interface driver cdc_subset
[    2.222264] usbcore: registered new interface driver zaurus
[    2.222362] usbcore: registered new interface driver cdc_ncm
[    2.222502] pci 0000:00:1e.0: enabling device (0005 -> 0007)
[    2.222895] yenta_cardbus 0000:15:00.0: CardBus bridge found [17aa:201c]
[    2.332136] ata1: SATA link up 1.5 Gbps (SStatus 113 SControl 300)
[    2.390453] ata1.00: ACPI cmd ef/02:00:00:00:00:a0 (SET FEATURES) succeeded
[    2.390463] ata1.00: ACPI cmd f5/00:00:00:00:00:a0 (SECURITY FREEZE LOCK) filtered out
[    2.390471] ata1.00: ACPI cmd ef/10:03:00:00:00:a0 (SET FEATURES) filtered out
[    2.434123] ata1.00: ATA-9: ST1000LM014-1EJ164, SM11, max UDMA/133
[    2.434130] ata1.00: 1953525168 sectors, multi 16: LBA48 NCQ (depth 32), AA
[    2.479195] ata1.00: ACPI cmd ef/02:00:00:00:00:a0 (SET FEATURES) succeeded
[    2.479204] ata1.00: ACPI cmd f5/00:00:00:00:00:a0 (SECURITY FREEZE LOCK) filtered out
[    2.479212] ata1.00: ACPI cmd ef/10:03:00:00:00:a0 (SET FEATURES) filtered out
[    2.522888] ata1.00: configured for UDMA/133
[    2.707949] Console: switching to colour frame buffer device 102x42
[    2.896140] i915 0000:00:02.0: fb0: inteldrmfb frame buffer device
[    2.901904] scsi 0:0:0:0: Direct-Access     ATA      ST1000LM014-1EJ1 SM11 PQ: 0 ANSI: 5
[    2.908458] sd 0:0:0:0: [sda] 1953525168 512-byte logical blocks: (1.00 TB/932 GiB)
[    2.908583] sd 0:0:0:0: Attached scsi generic sg0 type 0
[    2.913058] sd 0:0:0:0: [sda] 4096-byte physical blocks
[    2.921994] sd 0:0:0:0: [sda] Write Protect is off
[    2.926347] sd 0:0:0:0: [sda] Mode Sense: 00 3a 00 00
[    2.926513] sd 0:0:0:0: [sda] Write cache: enabled, read cache: enabled, doesn't support DPO or FUA
[    2.934117]  sda: sda1 sda2 sda3 sda4
[    2.942763] sd 0:0:0:0: [sda] Attached SCSI disk
[    3.081063] yenta_cardbus 0000:15:00.0: ISA IRQ mask 0x0cb8, PCI irq 16
[    3.085653] yenta_cardbus 0000:15:00.0: Socket status: 30000006
[    3.090230] yenta_cardbus 0000:15:00.0: pcmcia: parent PCI bridge window: [io  0x9000-0xcfff]
[    3.094753] yenta_cardbus 0000:15:00.0: pcmcia: parent PCI bridge window: [mem 0xe4300000-0xe7ffffff]
[    3.099152] pcmcia_socket pcmcia_socket0: cs: memory probe 0xe4300000-0xe7ffffff:
[    3.103523]  excluding 0xe4300000-0xe46cffff
[    3.107948] yenta_cardbus 0000:15:00.0: pcmcia: parent PCI bridge window: [mem 0xe0000000-0xe3ffffff 64bit pref]
[    3.112539] pcmcia_socket pcmcia_socket0: cs: memory probe 0xe0000000-0xe3ffffff:
[    3.117239]  excluding 0xe0000000-0xe3ffffff
[    3.123522] ehci_hcd: USB 2.0 'Enhanced' Host Controller (EHCI) Driver
[    3.128186] ehci-pci: EHCI PCI platform driver
[    3.133628] ehci-pci 0000:00:1d.7: EHCI Host Controller
[    3.138802] ehci-pci 0000:00:1d.7: new USB bus registered, assigned bus number 1
[    3.143710] ehci-pci 0000:00:1d.7: debug port 1
[    3.152591] ehci-pci 0000:00:1d.7: cache line size of 64 is not supported
[    3.152680] ehci-pci 0000:00:1d.7: irq 19, io mem 0xee444000
[    3.172237] ehci-pci 0000:00:1d.7: USB 2.0 started, EHCI 1.00
[    3.178280] usb usb1: New USB device found, idVendor=1d6b, idProduct=0002, bcdDevice= 5.00
[    3.183400] usb usb1: New USB device strings: Mfr=3, Product=2, SerialNumber=1
[    3.188468] usb usb1: Product: EHCI Host Controller
[    3.193417] usb usb1: Manufacturer: Linux 5.0.0-rc1+ ehci_hcd
[    3.198320] usb usb1: SerialNumber: 0000:00:1d.7
[    3.204516] hub 1-0:1.0: USB hub found
[    3.209505] hub 1-0:1.0: 8 ports detected
[    3.217809] ohci_hcd: USB 1.1 'Open' Host Controller (OHCI) Driver
[    3.222538] ohci-pci: OHCI PCI platform driver
[    3.227306] uhci_hcd: USB Universal Host Controller Interface driver
[    3.232942] uhci_hcd 0000:00:1d.0: UHCI Host Controller
[    3.238086] uhci_hcd 0000:00:1d.0: new USB bus registered, assigned bus number 2
[    3.242896] uhci_hcd 0000:00:1d.0: detected 2 ports
[    3.247583] uhci_hcd 0000:00:1d.0: irq 16, io base 0x00001820
[    3.252895] usb usb2: New USB device found, idVendor=1d6b, idProduct=0001, bcdDevice= 5.00
[    3.257626] usb usb2: New USB device strings: Mfr=3, Product=2, SerialNumber=1
[    3.262295] usb usb2: Product: UHCI Host Controller
[    3.266949] usb usb2: Manufacturer: Linux 5.0.0-rc1+ uhci_hcd
[    3.271570] usb usb2: SerialNumber: 0000:00:1d.0
[    3.277086] hub 2-0:1.0: USB hub found
[    3.281714] hub 2-0:1.0: 2 ports detected
[    3.288052] uhci_hcd 0000:00:1d.1: UHCI Host Controller
[    3.292959] uhci_hcd 0000:00:1d.1: new USB bus registered, assigned bus number 3
[    3.297480] uhci_hcd 0000:00:1d.1: detected 2 ports
[    3.301983] uhci_hcd 0000:00:1d.1: irq 17, io base 0x00001840
[    3.307021] usb usb3: New USB device found, idVendor=1d6b, idProduct=0001, bcdDevice= 5.00
[    3.311505] usb usb3: New USB device strings: Mfr=3, Product=2, SerialNumber=1
[    3.315769] usb usb3: Product: UHCI Host Controller
[    3.319852] usb usb3: Manufacturer: Linux 5.0.0-rc1+ uhci_hcd
[    3.323895] usb usb3: SerialNumber: 0000:00:1d.1
[    3.328977] hub 3-0:1.0: USB hub found
[    3.333050] hub 3-0:1.0: 2 ports detected
[    3.339025] uhci_hcd 0000:00:1d.2: UHCI Host Controller
[    3.343350] uhci_hcd 0000:00:1d.2: new USB bus registered, assigned bus number 4
[    3.347364] uhci_hcd 0000:00:1d.2: detected 2 ports
[    3.351427] uhci_hcd 0000:00:1d.2: irq 18, io base 0x00001860
[    3.356079] usb usb4: New USB device found, idVendor=1d6b, idProduct=0001, bcdDevice= 5.00
[    3.360132] usb usb4: New USB device strings: Mfr=3, Product=2, SerialNumber=1
[    3.364138] usb usb4: Product: UHCI Host Controller
[    3.368065] usb usb4: Manufacturer: Linux 5.0.0-rc1+ uhci_hcd
[    3.371991] usb usb4: SerialNumber: 0000:00:1d.2
[    3.377030] hub 4-0:1.0: USB hub found
[    3.381120] hub 4-0:1.0: 2 ports detected
[    3.387006] uhci_hcd 0000:00:1d.3: UHCI Host Controller
[    3.391364] uhci_hcd 0000:00:1d.3: new USB bus registered, assigned bus number 5
[    3.395370] uhci_hcd 0000:00:1d.3: detected 2 ports
[    3.399295] uhci_hcd 0000:00:1d.3: irq 19, io base 0x00001880
[    3.403835] usb usb5: New USB device found, idVendor=1d6b, idProduct=0001, bcdDevice= 5.00
[    3.407865] usb usb5: New USB device strings: Mfr=3, Product=2, SerialNumber=1
[    3.411886] usb usb5: Product: UHCI Host Controller
[    3.415861] usb usb5: Manufacturer: Linux 5.0.0-rc1+ uhci_hcd
[    3.419777] usb usb5: SerialNumber: 0000:00:1d.3
[    3.424747] hub 5-0:1.0: USB hub found
[    3.428686] hub 5-0:1.0: 2 ports detected
[    3.434133] usbcore: registered new interface driver cdc_acm
[    3.437905] cdc_acm: USB Abstract Control Model driver for USB modems and ISDN adapters
[    3.441940] usbcore: registered new interface driver usblp
[    3.446066] usbcore: registered new interface driver usb-storage
[    3.450047] usbcore: registered new interface driver ums-sddr09
[    3.454114] usbcore: registered new interface driver usbserial_generic
[    3.458003] usbserial: USB Serial support registered for generic
[    3.461935] usbcore: registered new interface driver ch341
[    3.465756] usbserial: USB Serial support registered for ch341-uart
[    3.469642] usbcore: registered new interface driver ftdi_sio
[    3.473459] usbserial: USB Serial support registered for FTDI USB Serial Device
[    3.477518] usbcore: registered new interface driver option
[    3.481457] usbserial: USB Serial support registered for GSM modem (1-port)
[    3.485676] usbcore: registered new interface driver pl2303
[    3.489758] usbserial: USB Serial support registered for pl2303
[    3.493930] usbcore: registered new interface driver ti_usb_3410_5052
[    3.498093] usbserial: USB Serial support registered for TI USB 3410 1 port adapter
[    3.502351] usbserial: USB Serial support registered for TI USB 5052 2 port adapter
[    3.506490] ftdi_elan: driver ftdi-elan
[    3.510561] usbcore: registered new interface driver ftdi-elan
[    3.514923] i8042: PNP: PS/2 Controller [PNP0303:KBD,PNP0f13:MOU] at 0x60,0x64 irq 1,12
[    3.528694] serio: i8042 KBD port at 0x60,0x64 irq 1
[    3.532901] serio: i8042 AUX port at 0x60,0x64 irq 12
[    3.538659] mousedev: PS/2 mouse device common for all mice
[    3.544809] input: PC Speaker as /devices/platform/pcspkr/input/input4
[    3.550652] rtc_cmos 00:02: RTC can wake from S4
[    3.555615] rtc_cmos 00:02: registered as rtc0
[    3.560145] rtc_cmos 00:02: alarms up to one month, y3k, 114 bytes nvram, hpet irqs
[    3.564738] usbcore: registered new interface driver uvcvideo
[    3.569041] USB Video Class driver (1.1.1)
[    3.573222] gspca_main: v2.14.0 registered
[    3.577454] usbcore: registered new interface driver sq930x
[    3.583916] device-mapper: ioctl: 4.39.0-ioctl (2018-04-03) initialised: dm-devel@redhat.com
[    3.588343] Bluetooth: HCI UART driver ver 2.3
[    3.592666] Bluetooth: HCI UART protocol H4 registered
[    3.596970] Bluetooth: HCI UART protocol BCSP registered
[    3.601483] usbcore: registered new interface driver btusb
[    3.606015] sdhci: Secure Digital Host Controller Interface driver
[    3.610314] sdhci: Copyright(c) Pierre Ossman
[    3.614590] sdhci-pci 0000:15:00.2: SDHCI controller found [1180:0822] (rev 18)
[    3.619540] sdhci-pci 0000:15:00.2: Will use DMA mode even though HW doesn't fully claim to support it.
[    3.625003] mmc0 bounce up to 128 segments into one, max segment size 65536 bytes
[    3.629749] sdhci-pci 0000:15:00.2: Will use DMA mode even though HW doesn't fully claim to support it.
[    3.635458] mmc0: SDHCI controller on PCI [0000:15:00.2] using DMA
[    3.635871] input: AT Translated Set 2 keyboard as /devices/platform/i8042/serio0/input/input5
[    3.640699] hidraw: raw HID events driver (C) Jiri Kosina
[    3.652761] usbcore: registered new interface driver usbhid
[    3.657693] usbhid: USB HID core driver
[    3.664231] thinkpad_acpi: ThinkPad ACPI Extras v0.26
[    3.669056] thinkpad_acpi: http://ibm-acpi.sf.net/
[    3.673807] thinkpad_acpi: ThinkPad BIOS 7BETD8WW (2.19 ), EC 7BHT40WW-1.13
[    3.678618] thinkpad_acpi: Lenovo ThinkPad X60, model 17097HU
[    3.692577] thinkpad_acpi: ACPI backlight control delay disabled
[    3.697865] thinkpad_acpi: radio switch found; radios are enabled
[    3.702743] thinkpad_acpi: This ThinkPad has standard ACPI backlight brightness control, supported by the ACPI video driver
[    3.712445] thinkpad_acpi: Disabling thinkpad-acpi brightness events by default...
[    3.735634] thinkpad_acpi: rfkill switch tpacpi_bluetooth_sw: radio is unblocked
[    3.744942] thinkpad_acpi: warning: userspace override of important firmware LEDs is enabled
[    3.755649] thinkpad_acpi: Standard ACPI backlight interface available, not loading native one
[    3.760809] thinkpad_acpi: volume: disabled as there is no ALSA support in this kernel
[    3.767228] thinkpad_acpi: battery 1 registered (start 0, stop 0)
[    3.767242] battery: new extension: ThinkPad Battery Extension
[    3.777805] input: ThinkPad Extra Buttons as /devices/platform/thinkpad_acpi/input/input8
[    3.789500] sdhci-pci 0000:15:00.2: Will use DMA mode even though HW doesn't fully claim to support it.
[    3.796164] snd_hda_intel 0000:00:1b.0: probe_mask set to 0x1 for device 17aa:2010
[    3.802187] usbcore: registered new interface driver snd-usb-audio
[    3.811332] NET: Registered protocol family 17
[    3.816923] Bluetooth: RFCOMM TTY layer initialized
[    3.822309] Bluetooth: RFCOMM socket layer initialized
[    3.827534] Bluetooth: RFCOMM ver 1.11
[    3.832719] Bluetooth: BNEP (Ethernet Emulation) ver 1.3
[    3.837968] Bluetooth: BNEP filters: protocol multicast
[    3.843158] Bluetooth: BNEP socket layer initialized
[    3.844003] snd_hda_codec_analog hdaudioC0D0: autoconfig for AD1981: line_outs=1 (0x5/0x0/0x0/0x0/0x0) type:speaker
[    3.848257] Bluetooth: HIDP (Human Interface Emulation) ver 1.2
[    3.848268] Bluetooth: HIDP socket layer initialized
[    3.848805] microcode: sig=0x6e8, pf=0x20, revision=0x39
[    3.858958] snd_hda_codec_analog hdaudioC0D0:    speaker_outs=0 (0x0/0x0/0x0/0x0/0x0)
[    3.870411] microcode: Microcode Update Driver: v2.2.
[    3.870420] Using IPI No-Shortcut mode
[    3.874725] snd_hda_codec_analog hdaudioC0D0:    hp_outs=0 (0x0/0x0/0x0/0x0/0x0)
[    3.881639] Loading compiled-in X.509 certificates
[    3.885096] snd_hda_codec_analog hdaudioC0D0:    mono: mono_out=0x0
[    3.891796] Key type encrypted registered
[    3.894947] snd_hda_codec_analog hdaudioC0D0:    inputs:
[    3.894956] snd_hda_codec_analog hdaudioC0D0:      Mic=0x8
[    3.894964] snd_hda_codec_analog hdaudioC0D0:      CD=0x19
[    3.901448] rtc_cmos 00:02: setting system clock to 2019-01-24T18:29:19 UTC (1548354559)
[    3.935313] cfg80211: Loading compiled-in X.509 certificates for regulatory database
[    3.941096] cfg80211: Loaded X.509 cert 'sforshee: 00b28ddf47aef9cea7'
[    3.944907] platform regulatory.0: Direct firmware load for regulatory.db failed with error -2
[    3.947897] cfg80211: failed to load regulatory.db
[    3.956583] sdhci-pci 0000:15:00.2: Will use DMA mode even though HW doesn't fully claim to support it.
[    3.964136] usb 5-1: new full-speed USB device number 2 using uhci_hcd
[    4.024615] sdhci-pci 0000:15:00.2: Will use DMA mode even though HW doesn't fully claim to support it.
[    4.030258] PM: Image not found (code -22)
[    4.030381] ALSA device list:
[    4.035614]   #0: HDA Intel at 0xee240000 irq 17
[    4.104662] sdhci-pci 0000:15:00.2: Will use DMA mode even though HW doesn't fully claim to support it.
[    4.161925] usb 5-1: New USB device found, idVendor=0a5c, idProduct=2110, bcdDevice= 1.00
[    4.166084] usb 5-1: New USB device strings: Mfr=1, Product=2, SerialNumber=0
[    4.170099] usb 5-1: Product: BCM2045B
[    4.174005] usb 5-1: Manufacturer: Broadcom Corp
[    4.382071] psmouse serio1: trackpoint: IBM TrackPoint firmware: 0x0e, buttons: 3/3
[    4.405384] input: TPPS/2 IBM TrackPoint as /devices/platform/i8042/serio1/input/input7
[    4.415550] md: Waiting for all devices to be available before autodetect
[    4.419665] md: If you don't use raid, use raid=noautodetect
[    4.424752] md: Autodetecting RAID arrays.
[    4.427877] md: autorun ...
[    4.430985] md: ... autorun DONE.
[    4.539628] EXT4-fs (sda4): mounted filesystem with ordered data mode. Opts: (null)
[    4.545042] VFS: Mounted root (ext4 filesystem) readonly on device 8:4.
[    4.550981] devtmpfs: mounted
[    4.554642] Freeing unused kernel image memory: 640K
[    4.568319] Write protecting kernel text and read-only data: 17140k
[    4.573604] NX-protecting the kernel data: 8180k
[    4.580288] x86/mm: Checked W+X mappings: passed, no W+X pages found.
[    4.583296] rodata_test: all tests were successful
[    4.586311] x86/mm: Checking user space page tables
[    4.589336] x86/mm: Checked W+X mappings: passed, no W+X pages found.
[    4.592308] Run /sbin/init as init process
[    4.804147] usb 5-2: new full-speed USB device number 3 using uhci_hcd
[    4.988543] random: systemd: uninitialized urandom read (16 bytes read)
[    4.996196] systemd[1]: systemd 215 running in system mode. (+PAM +AUDIT +SELINUX +IMA +SYSVINIT +LIBCRYPTSETUP +GCRYPT +ACL +XZ -SECCOMP -APPARMOR)
[    5.012927] usb 5-2: New USB device found, idVendor=0483, idProduct=2016, bcdDevice= 0.01
[    5.016400] usb 5-2: New USB device strings: Mfr=1, Product=2, SerialNumber=0
[    5.019647] usb 5-2: Product: Biometric Coprocessor
[    5.022826] usb 5-2: Manufacturer: STMicroelectronics
[    5.026102] systemd[1]: Detected architecture 'x86'.
[    5.114358] systemd[1]: Failed to insert module 'ipv6'
[    5.132317] systemd[1]: Set hostname to <amd>.
[    5.449719] random: systemd-sysv-ge: uninitialized urandom read (16 bytes read)
[    5.883700] random: systemd-sysv-ge: uninitialized urandom read (16 bytes read)
[    6.068296] urandom_read: 6 callbacks suppressed
[    6.068300] random: systemd: uninitialized urandom read (16 bytes read)
[    6.224116] usb 1-1: new high-speed USB device number 4 using ehci-pci
[    6.386422] usb 1-1: New USB device found, idVendor=22b8, idProduct=4371, bcdDevice= 2.16
[    6.390155] usb 1-1: New USB device strings: Mfr=2, Product=3, SerialNumber=4
[    6.393801] usb 1-1: Product: XT894
[    6.397299] usb 1-1: Manufacturer: Motorola
[    6.400782] usb 1-1: SerialNumber: 015D7EFC0C015018
[    6.404492] systemd[1]: Binding to IPv6 address not available since kernel does not support IPv6.
[    6.406478] usb-storage 1-1:1.0: USB Mass Storage device detected
[    6.407578] systemd[1]: [/lib/systemd/system/gpsd.socket:6] Failed to parse address value, ignoring: [::1]:2947
[    6.410987] scsi host6: usb-storage 1-1:1.0
[    6.430100] systemd[1]: Starting Forward Password Requests to Wall Directory Watch.
[    6.434797] systemd[1]: Started Forward Password Requests to Wall Directory Watch.
[    6.438741] systemd[1]: Starting Remote File Systems (Pre).
[    6.447900] systemd[1]: Reached target Remote File Systems (Pre).
[    7.131085] systemd-udevd[2340]: starting version 215
[    7.387177] random: crng init done
[    7.429616] scsi 6:0:0:0: Direct-Access     Motorola XT894            0000 PQ: 0 ANSI: 2
[    7.434647] sd 6:0:0:0: Power-on or device reset occurred
[    7.434852] sd 6:0:0:0: Attached scsi generic sg1 type 0
[    7.440923] scsi 6:0:0:1: Direct-Access     Motorola XT894            0000 PQ: 0 ANSI: 2
[    7.444129] sd 6:0:0:1: Attached scsi generic sg2 type 0
[    7.446941] sd 6:0:0:0: [sdb] Attached SCSI removable disk
[    7.448793] scsi 6:0:0:2: CD-ROM            Motorola XT894            0000 PQ: 0 ANSI: 2
[    7.942264] EXT4-fs (sda4): re-mounted. Opts: errors=remount-ro
[    8.739603] e1000e 0000:02:00.0 eth1: renamed from eth0
[    8.756368] systemd-udevd[2456]: renamed network interface eth0 to eth1
[    9.538560] sd 6:0:0:0: [sdb] 16476160 512-byte logical blocks: (8.44 GB/7.86 GiB)
[    9.544935] sd 6:0:0:0: [sdb] Write cache: enabled, read cache: enabled, doesn't support DPO or FUA
[    9.554203]  sdb:
[   10.212741] Adding 2097148k swap on /dev/sda1.  Priority:-2 extents:1 across:2097148k 
[   10.538483] EXT4-fs (sda2): mounted filesystem with ordered data mode. Opts: errors=remount-ro
[   10.658716] systemd-journald[1892]: Received request to flush runtime journal from PID 1
[   13.153072] sr 6:0:0:2: Power-on or device reset occurred
[   13.158176] sr 6:0:0:2: [sr0] scsi-1 drive
[   13.160679] cdrom: Uniform CD-ROM driver Revision: 3.20
[   13.165034] sr 6:0:0:2: Attached scsi CD-ROM sr0
[   13.166191] sr 6:0:0:2: Attached scsi generic sg3 type 5
[   19.048656] sd 6:0:0:1: Power-on or device reset occurred
[   19.054957] sd 6:0:0:1: [sdc] Attached SCSI removable disk
[   19.204734] iwl3945 0000:03:00.0: loaded firmware version 15.32.2.9
[   19.767856] usb 1-1: USB disconnect, device number 4
[   42.000111] usb 1-1: new high-speed USB device number 5 using ehci-pci
[   42.162397] usb 1-1: New USB device found, idVendor=22b8, idProduct=4372, bcdDevice= 2.16
[   42.162417] usb 1-1: New USB device strings: Mfr=2, Product=3, SerialNumber=4
[   42.162429] usb 1-1: Product: XT894
[   42.162442] usb 1-1: Manufacturer: Motorola
[   42.162455] usb 1-1: SerialNumber: 015D7EFC0C015018
[   42.168912] usb-storage 1-1:1.0: USB Mass Storage device detected
[   42.169696] scsi host6: usb-storage 1-1:1.0
[   43.201367] scsi 6:0:0:0: Direct-Access     Motorola XT894            0000 PQ: 0 ANSI: 2
[   43.204202] sd 6:0:0:0: Attached scsi generic sg1 type 0
[   43.206631] sd 6:0:0:0: Power-on or device reset occurred
[   43.207659] scsi 6:0:0:1: Direct-Access     Motorola XT894            0000 PQ: 0 ANSI: 2
[   43.210544] sd 6:0:0:1: Attached scsi generic sg2 type 0
[   43.211729] sd 6:0:0:1: Power-on or device reset occurred
[   43.218419] sd 6:0:0:1: [sdc] Attached SCSI removable disk
[   48.999063] sd 6:0:0:0: [sdb] Attached SCSI removable disk
[   59.129493] usb 1-1: USB disconnect, device number 5
