[    0.000000] Booting Linux on physical CPU 0x0
[    0.000000] Linux version 4.17.0-rc1-73412-g8f3e00d-dirty (pavel@duo) (gcc version 4.7.2 (GCC)) #622 SMP Mon Apr 16 09:56:34 CEST 2018
[    0.000000] CPU: ARMv7 Processor [411fc093] revision 3 (ARMv7), cr=10c5387d
[    0.000000] CPU: PIPT / VIPT nonaliasing data cache, VIPT aliasing instruction cache
[    0.000000] OF: fdt: Machine model: Motorola Droid 4 XT894
[    0.000000] earlycon: omap8250 at MMIO 0x48020000 (options '')
[    0.000000] bootconsole [omap8250] enabled
[    0.000000] Memory policy: Data cache writealloc
[    0.000000] cma: Reserved 16 MiB at 0xbe800000
[    0.000000] OMAP4: Map 0xbfb00000 to (ptrval) for dram barrier
[    0.000000] On node 0 totalpages: 260864
[    0.000000]   Normal zone: 1728 pages used for memmap
[    0.000000]   Normal zone: 0 pages reserved
[    0.000000]   Normal zone: 196608 pages, LIFO batch:31
[    0.000000]   HighMem zone: 64256 pages, LIFO batch:15
[    0.000000] OMAP4430 ES2.3
[    0.000000] random: fast init done
[    0.000000] percpu: Embedded 16 pages/cpu @(ptrval) s36736 r8192 d20608 u65536
[    0.000000] pcpu-alloc: s36736 r8192 d20608 u65536 alloc=16*4096
[    0.000000] pcpu-alloc: [0] 0 [0] 1 
[    0.000000] Built 1 zonelists, mobility grouping on.  Total pages: 259136
[    0.000000] Kernel command line: root=/dev/mmcblk0p2 drm.debug=8 rootwait=10 rootdelay=10 console=tty0 console=ttyS2,115200 fbcon=rotate:1 debug earlyprintk earlycon
[    0.000000] Dentry cache hash table entries: 131072 (order: 7, 524288 bytes)
[    0.000000] Inode-cache hash table entries: 65536 (order: 6, 262144 bytes)
[    0.000000] Memory: 994112K/1043456K available (9216K kernel code, 745K rwdata, 2884K rodata, 1024K init, 7461K bss, 32960K reserved, 16384K cma-reserved, 240640K highmem)
[    0.000000] Virtual kernel memory layout:
                   vector  : 0xffff0000 - 0xffff1000   (   4 kB)
                   fixmap  : 0xffc00000 - 0xfff00000   (3072 kB)
                   vmalloc : 0xf0800000 - 0xff800000   ( 240 MB)
                   lowmem  : 0xc0000000 - 0xf0000000   ( 768 MB)
                   pkmap   : 0xbfe00000 - 0xc0000000   (   2 MB)
                   modules : 0xbf000000 - 0xbfe00000   (  14 MB)
                     .text : 0x(ptrval) - 0x(ptrval)   (10208 kB)
                     .init : 0x(ptrval) - 0x(ptrval)   (1024 kB)
                     .data : 0x(ptrval) - 0x(ptrval)   ( 746 kB)
                      .bss : 0x(ptrval) - 0x(ptrval)   (7462 kB)
[    0.000000] Running RCU self tests
[    0.000000] Hierarchical RCU implementation.
[    0.000000] 	RCU event tracing is enabled.
[    0.000000] 	RCU lockdep checking is enabled.
[    0.000000] NR_IRQS: 16, nr_irqs: 16, preallocated irqs: 16
[    0.000000] L2C: platform modifies aux control register: 0x5e470000 -> 0x7e470000
[    0.000000] L2C: DT/platform modifies aux control register: 0x5e470000 -> 0x7e470000
[    0.000000] L2C-310 erratum 727915 enabled
[    0.000000] L2C-310 enabling early BRESP for Cortex-A9
[    0.000000] L2C-310 ID prefetch enabled, offset 8 lines
[    0.000000] L2C-310 cache controller enabled, 16 ways, 1024 kB
[    0.000000] L2C-310: CACHE_ID 0x410000c4, AUX_CTRL 0x7e470000
[    0.000000] OMAP clockevent source: timer1 at 32768 Hz
[    0.000000] clocksource: 32k_counter: mask: 0xffffffff max_cycles: 0xffffffff, max_idle_ns: 58327039986419 ns
[    0.000030] sched_clock: 32 bits at 32kHz, resolution 30517ns, wraps every 65535999984741ns
[    0.008605] OMAP clocksource: 32k_counter at 32768 Hz
[    0.015075] Console: colour dummy device 80x30
[    0.021881] console [tty0] enabled
[    0.025421] Lock dependency validator: Copyright (c) 2006 Red Hat, Inc., Ingo Molnar
[    0.033477] ... MAX_LOCKDEP_SUBCLASSES:  8
[    0.037719] ... MAX_LOCK_DEPTH:          48
[    0.042053] ... MAX_LOCKDEP_KEYS:        8191
[    0.046569] ... CLASSHASH_SIZE:          4096
[    0.051086] ... MAX_LOCKDEP_ENTRIES:     32768
[    0.055694] ... MAX_LOCKDEP_CHAINS:      65536
[    0.060302] ... CHAINHASH_SIZE:          32768
[    0.064910]  memory used by lock dependency info: 4655 kB
[    0.070526]  per task-struct memory footprint: 1536 bytes
[    0.076141] Calibrating delay loop... 2387.14 BogoMIPS (lpj=11935744)
[    0.136169] pid_max: default: 32768 minimum: 301
[    0.141296] Security Framework initialized
[    0.145629] Mount-cache hash table entries: 2048 (order: 1, 8192 bytes)
[    0.152526] Mountpoint-cache hash table entries: 2048 (order: 1, 8192 bytes)
[    0.162261] CPU: Testing write buffer coherency: ok
[    0.168457] CPU0: thread -1, cpu 0, socket 0, mpidr 80000000
[    0.174377] smp: CPU1 parked within kernel, needs reset (0x80011ba8 0x80067478)
[    0.183258] Setting up static identity map for 0x80100000 - 0x80100078
[    0.190460] Hierarchical SRCU implementation.
[    0.196319] smp: Bringing up secondary CPUs ...
[    0.259521] CPU1: thread -1, cpu 1, socket 0, mpidr 80000001
[    0.260162] smp: Brought up 1 node, 2 CPUs
[    0.270416] SMP: Total of 2 processors activated (4780.85 BogoMIPS).
[    0.276977] CPU: All CPU(s) started in SVC mode.
[    0.284179] devtmpfs: initialized
[    0.317962] Built 1 zonelists, mobility grouping on.  Total pages: 252624
[    0.325958] VFP support v0.3: implementor 41 architecture 3 part 30 variant 9 rev 4
[    0.335784] clocksource: jiffies: mask: 0xffffffff max_cycles: 0xffffffff, max_idle_ns: 19112604462750000 ns
[    0.346069] futex hash table entries: 512 (order: 3, 32768 bytes)
[    0.353118] pinctrl core: initialized pinctrl subsystem
[    0.361816] NET: Registered protocol family 16
[    0.370483] DMA: preallocated 256 KiB pool for atomic coherent allocations
[    0.381530] omap_hwmod: l3_main_3 using broken dt data from ocp
[    0.391204] omap_hwmod: l3_main_2 using broken dt data from ocp
[    0.494537] l4_per_cm:clk:0120:0: failed to disable
[    0.503662] cpuidle: using governor menu
[    0.522705] gpio gpiochip0: (gpio-0-31): added GPIO chardev (254:0)
[    0.529571] gpiochip_setup_dev: registered GPIOs 0 to 31 on device: gpiochip0 (gpio-0-31)
[    0.538116] OMAP GPIO hardware version 0.1
[    0.543609] gpio gpiochip1: (gpio-32-63): added GPIO chardev (254:1)
[    0.550384] gpiochip_setup_dev: registered GPIOs 32 to 63 on device: gpiochip1 (gpio-32-63)
[    0.560119] gpio gpiochip2: (gpio-64-95): added GPIO chardev (254:2)
[    0.566833] gpiochip_setup_dev: registered GPIOs 64 to 95 on device: gpiochip2 (gpio-64-95)
[    0.576568] gpio gpiochip3: (gpio-96-127): added GPIO chardev (254:3)
[    0.583404] gpiochip_setup_dev: registered GPIOs 96 to 127 on device: gpiochip3 (gpio-96-127)
[    0.593292] gpio gpiochip4: (gpio-128-159): added GPIO chardev (254:4)
[    0.600219] gpiochip_setup_dev: registered GPIOs 128 to 159 on device: gpiochip4 (gpio-128-159)
[    0.610321] gpio gpiochip5: (gpio-160-191): added GPIO chardev (254:5)
[    0.617218] gpiochip_setup_dev: registered GPIOs 160 to 191 on device: gpiochip5 (gpio-160-191)
[    0.627319] omap-gpmc 50000000.gpmc: GPMC revision 6.0
[    0.632781] gpmc_mem_init: disabling cs 0 mapped at 0x0-0x1000000
[    0.639160] gpiochip_find_base: found new base at 508
[    0.644714] gpio gpiochip6: (omap-gpmc): added GPIO chardev (254:6)
[    0.651367] gpiochip_setup_dev: registered GPIOs 508 to 511 on device: gpiochip6 (omap-gpmc)
[    0.689086] No ATAGs?
[    0.689270] hw-breakpoint: Failed to enable monitor mode on CPU 0.
[    0.700164] OMAP DMA hardware revision 0.0
[    0.739837] omap-dma-engine 4a056000.dma-controller: OMAP DMA engine driver (LinkedList1/2/3 supported)
[    0.751251] of_get_named_gpiod_flags: parsed 'gpio' property of node '/regulator-hdmi[0]' - status (0)
[    0.761718] of_get_named_gpiod_flags: parsed 'gpio' property of node '/regulator-lcd[0]' - status (0)
[    0.771881] of_get_named_gpiod_flags: parsed 'gpio' property of node '/regulator-wl12xx[0]' - status (0)
[    0.785034] omap-iommu 4a066000.mmu: 4a066000.mmu registered
[    0.791351] omap-iommu 55082000.mmu: 55082000.mmu registered
[    0.799255] usbcore: registered new interface driver usbfs
[    0.805145] usbcore: registered new interface driver hub
[    0.810791] usbcore: registered new device driver usb
[    0.816406] usb_phy_generic usb-phy@2: GPIO lookup for consumer reset
[    0.823120] usb_phy_generic usb-phy@2: using device tree for GPIO lookup
[    0.830108] of_get_named_gpiod_flags: can't parse 'reset-gpios' property of node '/usb-phy@2[0]'
[    0.839233] of_get_named_gpiod_flags: can't parse 'reset-gpio' property of node '/usb-phy@2[0]'
[    0.848297] usb_phy_generic usb-phy@2: using lookup tables for GPIO lookup
[    0.855529] usb_phy_generic usb-phy@2: No GPIO consumer reset found
[    0.862091] usb_phy_generic usb-phy@2: GPIO lookup for consumer vbus-detect
[    0.869293] usb_phy_generic usb-phy@2: using device tree for GPIO lookup
[    0.876281] of_get_named_gpiod_flags: can't parse 'vbus-detect-gpios' property of node '/usb-phy@2[0]'
[    0.885955] of_get_named_gpiod_flags: can't parse 'vbus-detect-gpio' property of node '/usb-phy@2[0]'
[    0.895568] usb_phy_generic usb-phy@2: using lookup tables for GPIO lookup
[    0.902709] usb_phy_generic usb-phy@2: No GPIO consumer vbus-detect found
[    0.909942] usb_phy_generic usb-phy@2: usb-phy@2 supply vcc not found, using dummy regulator
[    0.921539] omap_i2c 48070000.i2c: bus 0 rev0.10 at 100 kHz
[    0.928558] omap_i2c 48072000.i2c: bus 1 rev0.10 at 100 kHz
[    0.935211] omap_i2c 48060000.i2c: bus 2 rev0.10 at 100 kHz
[    0.942077] omap_i2c 48350000.i2c: bus 3 rev0.10 at 100 kHz
[    0.948883] Advanced Linux Sound Architecture Driver Initialized.
[    0.956756] Bluetooth: Core ver 2.22
[    0.960571] NET: Registered protocol family 31
[    0.965179] Bluetooth: HCI device and connection manager initialized
[    0.971862] Bluetooth: HCI socket layer initialized
[    0.976959] Bluetooth: L2CAP socket layer initialized
[    0.982330] Bluetooth: SCO socket layer initialized
[    0.987976] clocksource: Switched to clocksource 32k_counter
[    1.149871] NET: Registered protocol family 2
[    1.155883] tcp_listen_portaddr_hash hash table entries: 512 (order: 2, 20480 bytes)
[    1.164093] TCP established hash table entries: 8192 (order: 3, 32768 bytes)
[    1.171569] TCP bind hash table entries: 8192 (order: 6, 294912 bytes)
[    1.179809] TCP: Hash tables configured (established 8192 bind 8192)
[    1.186859] UDP hash table entries: 512 (order: 3, 40960 bytes)
[    1.193267] UDP-Lite hash table entries: 512 (order: 3, 40960 bytes)
[    1.200469] NET: Registered protocol family 1
[    1.210693] hw perfevents: no irqs for PMU, sampling events not supported
[    1.218109] hw perfevents: enabled with armv7_cortex_a9 PMU driver, 7 counters available
[    1.230041] Initialise system trusted keyrings
[    1.235229] workingset: timestamp_bits=14 max_order=18 bucket_order=4
[    1.251525] jitterentropy: Initialization failed with host not compliant with requirements: 2
[    1.261108] Key type asymmetric registered
[    1.265472] Asymmetric key parser 'x509' registered
[    1.270721] bounce: pool size: 64 pages
[    1.274810] io scheduler noop registered
[    1.278961] io scheduler cfq registered (default)
[    1.294342] pinctrl-single 4a100040.pinmux: 203 pins, size 406
[    1.301208] pinctrl-single 4a31e040.pinmux: 28 pins, size 56
[    1.317535] Serial: 8250/16550 driver, 6 ports, IRQ sharing enabled
[    1.333526] 4806a000.serial: ttyS0 at MMIO 0x4806a000 (irq = 32, base_baud = 3000000) is a 8250
[    1.344451] 4806c000.serial: ttyS1 at MMIO 0x4806c000 (irq = 33, base_baud = 3000000) is a 8250
[    1.355010] 48020000.serial: ttyS2 at MMIO 0x48020000 (irq = 34, base_baud = 3000000) is a 8250
[    1.364379] console [ttyS2] enabled
[    1.371582] bootconsole [omap8250] disabled
[    1.381988] 4806e000.serial: ttyS3 at MMIO 0x4806e000 (irq = 35, base_baud = 3000000) is a 8250
[    1.391143] serial serial0: tty port ttyS3 registered
[    1.399322] omapdss_dss 58000000.dss: 58000000.dss supply vdda_video not found, using dummy regulator
[    1.408996] DSS: OMAP DSS rev 4.0
[    1.416290] omapdss_dss 58000000.dss: bound 58001000.dispc (ops dispc_component_ops)
[    1.425750] omapdss_dss 58000000.dss: bound 58004000.encoder (ops dsi_component_ops)
[    1.435882] omapdss_dss 58000000.dss: bound 58006000.encoder (ops hdmi4_component_ops)
[    1.446685] of_get_named_gpiod_flags: parsed 'hpd-gpios' property of node '/connector[0]' - status (0)
[    1.458679] panel-dsi-cm 58004000.encoder:display: GPIO lookup for consumer reset
[    1.466278] panel-dsi-cm 58004000.encoder:display: using device tree for GPIO lookup
[    1.474182] of_get_named_gpiod_flags: parsed 'reset-gpios' property of node '/ocp/dss@58000000/encoder@58004000/display[0]' - status (0)
[    1.486633] gpio gpiochip3: Persistence not supported for GPIO 5
[    1.492767] panel-dsi-cm 58004000.encoder:display: GPIO lookup for consumer te
[    1.500122] panel-dsi-cm 58004000.encoder:display: using device tree for GPIO lookup
[    1.508026] of_get_named_gpiod_flags: can't parse 'te-gpios' property of node '/ocp/dss@58000000/encoder@58004000/display[0]'
[    1.519500] of_get_named_gpiod_flags: can't parse 'te-gpio' property of node '/ocp/dss@58000000/encoder@58004000/display[0]'
[    1.530914] panel-dsi-cm 58004000.encoder:display: using lookup tables for GPIO lookup
[    1.538970] panel-dsi-cm 58004000.encoder:display: No GPIO consumer te found
[    1.546783] Error: Driver 'tfp410' is already registered, aborting...
[    1.571533] brd: module loaded
[    1.590362] loop: module loaded
[    1.595886] of_get_named_gpiod_flags: parsed 'enable-gpios' property of node '/ocp/i2c@48070000/lm3532@38[0]' - status (0)
[    1.650451] cpcap-core spi0.0: CPCAP vendor: ST rev: 2.10 (1a)
[    1.667144] SW5: Bringing 0uV into 5050000-5050000uV
[    1.746124] VRF2: Bringing 0uV into 2775000-2775000uV
[    2.038482] cpcap-usb-phy cpcap-usb-phy.0: GPIO lookup for consumer mode
[    2.045288] cpcap-usb-phy cpcap-usb-phy.0: using device tree for GPIO lookup
[    2.052551] of_get_named_gpiod_flags: parsed 'mode-gpios' property of node '/ocp/spi@48098000/pmic@0/phy[0]' - status (0)
[    2.063720] gpio gpiochip1: Persistence not supported for GPIO 28
[    2.069946] cpcap-usb-phy cpcap-usb-phy.0: GPIO lookup for consumer mode
[    2.076721] cpcap-usb-phy cpcap-usb-phy.0: using device tree for GPIO lookup
[    2.083923] of_get_named_gpiod_flags: parsed 'mode-gpios' property of node '/ocp/spi@48098000/pmic@0/phy[1]' - status (0)
[    2.095886] gpio gpiochip0: Persistence not supported for GPIO 0
[    2.102050] cpcap-usb-phy cpcap-usb-phy.0: could not initialize VBUS or ID IIO: -517
[    2.117462] usbcore: registered new interface driver qmi_wwan
[    2.126312] ehci_hcd: USB 2.0 'Enhanced' Host Controller (EHCI) Driver
[    2.132995] ehci-omap: OMAP-EHCI Host Controller driver
[    2.139007] ehci-omap 4a064c00.ehci: EHCI Host Controller
[    2.145538] ehci-omap 4a064c00.ehci: new USB bus registered, assigned bus number 1
[    2.153839] ehci-omap 4a064c00.ehci: irq 147, io mem 0x4a064c00
[    2.187988] ehci-omap 4a064c00.ehci: USB 2.0 started, EHCI 1.00
[    2.195098] usb usb1: New USB device found, idVendor=1d6b, idProduct=0002, bcdDevice= 4.17
[    2.203643] usb usb1: New USB device strings: Mfr=3, Product=2, SerialNumber=1
[    2.210998] usb usb1: Product: EHCI Host Controller
[    2.215942] usb usb1: Manufacturer: Linux 4.17.0-rc1-73412-g8f3e00d-dirty ehci_hcd
[    2.223632] usb usb1: SerialNumber: 4a064c00.ehci
[    2.230529] hub 1-0:1.0: USB hub found
[    2.234527] hub 1-0:1.0: 3 ports detected
[    2.241027] ohci_hcd: USB 1.1 'Open' Host Controller (OHCI) Driver
[    2.247344] ohci-platform: OHCI generic platform driver
[    2.253601] usbcore: registered new interface driver cdc_wdm
[    2.259521] usbcore: registered new interface driver qcserial
[    2.265594] usbserial: USB Serial support registered for Qualcomm USB modem
[    2.274230] musb-hdrc musb-hdrc.1.auto: HS USB OTG: revision 0x50, sysconfig 0x100d, sysstatus 0x1, intrfsel 0x0, simenable  0x0
[    2.290008] using random self ethernet address
[    2.294616] using random host ethernet address
[    2.299438] mousedev: PS/2 mouse device common for all mice
[    2.300292] usb0: HOST MAC 0e:44:1b:33:fc:e2
[    2.309783] usb0: MAC 06:52:80:bd:6d:ca
[    2.313720] using random self ethernet address
[    2.318267] using random host ethernet address
[    2.323120] g_ether gadget: Ethernet Gadget, version: Memorial Day 2008
[    2.328796] input: 4a31c000.keypad as /devices/platform/44000000.ocp/4a31c000.keypad/input/input0
[    2.329895] g_ether gadget: g_ether ready
[    2.341156] atmel_mxt_ts 1-004a: GPIO lookup for consumer reset
[    2.348968] atmel_mxt_ts 1-004a: using device tree for GPIO lookup
[    2.355285] of_get_named_gpiod_flags: parsed 'reset-gpios' property of node '/ocp/i2c@48072000/touchscreen@4a[0]' - status (0)
[    2.366851] gpio gpiochip5: Persistence not supported for GPIO 13
[    2.669708] atmel_mxt_ts 1-004a: Direct firmware load for maxtouch.cfg failed with error -2
[    2.679626] input: cpcap-pwrbutton as /devices/platform/44000000.ocp/48098000.spi/spi_master/spi0/spi0.0/cpcap-pwrbutton.0/input/input1
[    2.695068] cpcap-rtc cpcap-rtc.0: rtc core: registered cpcap_rtc as rtc0
[    2.703765] atmel_mxt_ts 1-004a: Touchscreen size X1023Y1023
[    2.708312] i2c /dev entries driver
[    2.710052] input: Atmel maXTouch Touchscreen as /devices/platform/44000000.ocp/48072000.i2c/i2c-1/1-004a/input/input2
[    2.725036] atmel_mxt_ts 1-004a: Family: 129 Variant: 1 Firmware V0.4.31 Objects: 18
[    2.733337] Driver for 1-wire Dallas network protocol.
[    2.757965] omap_hdq 480b2000.1w: OMAP HDQ Hardware Rev 0.6. Driver in Interrupt mode
[    2.767822] w1_master_driver w1_bus_master1: Attaching one wire slave 01.000000000000 crc 3d
[    2.768493] poweroff-gpio gpio-poweroff: GPIO lookup for consumer (null)
[    2.783294] poweroff-gpio gpio-poweroff: using device tree for GPIO lookup
[    2.790344] of_get_named_gpiod_flags: parsed 'gpios' property of node '/gpio-poweroff[0]' - status (0)
[    2.799835] gpio gpiochip1: Persistence not supported for GPIO 18
[    2.808776] w1_master_driver w1_bus_master1: Family 1 for 01.000000000000.3d is not registered.
[    2.811584] cpcap_battery cpcap_battery.0: could not initialize VBUS or ID IIO: -517
[    2.832702] w1_master_driver w1_bus_master1: Attaching one wire slave 01.000000000000 crc 3d
[    2.842803] (NULL device *): hwmon: 'bq27000-battery' is not a valid name attribute, please fix
[    2.852294] w1_slave_driver 01-000000000000: support enabled
[    2.858062] power_supply bq27000-battery: power_supply_get_battery_info currently only supports devicetree
[    3.078887] cpcap-charger cpcap-charger.0: could not initialize VBUS or ID IIO: -517
[    3.088745] Bluetooth: HCI UART driver ver 2.3
[    3.093261] Bluetooth: HCI UART protocol H4 registered
[    3.098663] Bluetooth: HCI UART protocol LL registered
[    3.099029] hci-ti serial0-0: GPIO lookup for consumer enable
[    3.105621] omap_hsmmc 4809c000.mmc: GPIO lookup for consumer cd
[    3.109954] hci-ti serial0-0: using device tree for GPIO lookup
[    3.115875] omap_hsmmc 4809c000.mmc: using device tree for GPIO lookup
[    3.121978] of_get_named_gpiod_flags: parsed 'enable-gpios' property of node '/ocp/serial@4806e000/bluetooth[0]' - status (0)
[    3.128601] of_get_named_gpiod_flags: parsed 'cd-gpios' property of node '/ocp/mmc@4809c000[0]' - status (0)
[    3.140045] gpio gpiochip5: Persistence not supported for GPIO 14
[    3.149993] gpio gpiochip5: Persistence not supported for GPIO 16
[    3.162384] omap_hsmmc 4809c000.mmc: Got CD GPIO
[    3.167083] omap_hsmmc 4809c000.mmc: GPIO lookup for consumer wp
[    3.173187] omap_hsmmc 4809c000.mmc: using device tree for GPIO lookup
[    3.179870] of_get_named_gpiod_flags: can't parse 'wp-gpios' property of node '/ocp/mmc@4809c000[0]'
[    3.189178] of_get_named_gpiod_flags: can't parse 'wp-gpio' property of node '/ocp/mmc@4809c000[0]'
[    3.198364] omap_hsmmc 4809c000.mmc: using lookup tables for GPIO lookup
[    3.205139] omap_hsmmc 4809c000.mmc: No GPIO consumer wp found
[    3.240478] omap_hsmmc 480b4000.mmc: GPIO lookup for consumer wp
[    3.246612] omap_hsmmc 480b4000.mmc: using device tree for GPIO lookup
[    3.253295] of_get_named_gpiod_flags: can't parse 'wp-gpios' property of node '/ocp/mmc@480b4000[0]'
[    3.262603] of_get_named_gpiod_flags: can't parse 'wp-gpio' property of node '/ocp/mmc@480b4000[0]'
[    3.271789] omap_hsmmc 480b4000.mmc: using lookup tables for GPIO lookup
[    3.278625] omap_hsmmc 480b4000.mmc: No GPIO consumer wp found
[    3.297729] hci-ti serial0-0: Direct firmware load for ti-connectivity/TIInit_10.6.15.bts failed with error -2
[    3.308105] Bluetooth: hci0: request_firmware failed(errno -2) for ti-connectivity/TIInit_10.6.15.bts
[    3.313568] omap_hsmmc 480ad000.mmc: GPIO lookup for consumer wp
[    3.317443] Bluetooth: hci0: download firmware failed, retrying...
[    3.323577] omap_hsmmc 480ad000.mmc: using device tree for GPIO lookup
[    3.336517] of_get_named_gpiod_flags: can't parse 'wp-gpios' property of node '/ocp/mmc@480ad000[0]'
[    3.345916] of_get_named_gpiod_flags: can't parse 'wp-gpio' property of node '/ocp/mmc@480ad000[0]'
[    3.355133] omap_hsmmc 480ad000.mmc: using lookup tables for GPIO lookup
[    3.361938] omap_hsmmc 480ad000.mmc: No GPIO consumer wp found
[    3.423156] mmc1: new high speed MMC card at address 0001
[    3.430786] mmcblk1: mmc1:0001 016G92 14.7 GiB 
[    3.436126] mmcblk1boot0: mmc1:0001 016G92 partition 1 4.00 MiB
[    3.442932] mmcblk1boot1: mmc1:0001 016G92 partition 2 4.00 MiB
[    3.449737] mmcblk1rpmb: mmc1:0001 016G92 partition 3 512 KiB, chardev (248:0)
[    3.462738]  mmcblk1: p1 p2 p3 p4 < p5 p6 p7 p8 p9 p10 p11 p12 p13 p14 p15 p16 p17 p18 p19 p20 p21 p22 p23 p24 p25 p26 >
[    3.477508] hci-ti serial0-0: Direct firmware load for ti-connectivity/TIInit_10.6.15.bts failed with error -2
[    3.487731] Bluetooth: hci0: request_firmware failed(errno -2) for ti-connectivity/TIInit_10.6.15.bts
[    3.497100] Bluetooth: hci0: download firmware failed, retrying...
[    3.498382] omap_hsmmc 480d1000.mmc: GPIO lookup for consumer cd
[    3.509613] omap_hsmmc 480d1000.mmc: using device tree for GPIO lookup
[    3.516265] of_get_named_gpiod_flags: can't parse 'cd-gpios' property of node '/ocp/mmc@480d1000[0]'
[    3.525573] of_get_named_gpiod_flags: can't parse 'cd-gpio' property of node '/ocp/mmc@480d1000[0]'
[    3.534790] omap_hsmmc 480d1000.mmc: using lookup tables for GPIO lookup
[    3.541625] omap_hsmmc 480d1000.mmc: No GPIO consumer cd found
[    3.547576] omap_hsmmc 480d1000.mmc: GPIO lookup for consumer wp
[    3.553710] omap_hsmmc 480d1000.mmc: using device tree for GPIO lookup
[    3.560424] of_get_named_gpiod_flags: can't parse 'wp-gpios' property of node '/ocp/mmc@480d1000[0]'
[    3.569702] of_get_named_gpiod_flags: can't parse 'wp-gpio' property of node '/ocp/mmc@480d1000[0]'
[    3.578918] omap_hsmmc 480d1000.mmc: using lookup tables for GPIO lookup
[    3.585693] omap_hsmmc 480d1000.mmc: No GPIO consumer wp found
[    3.597503] mmcblk1: p25 size 16803584 extends beyond EOD, truncated
[    3.604522] mmcblk1: p26 start 31104768 is beyond EOD, truncated
[    3.604766] hci-ti serial0-0: Direct firmware load for ti-connectivity/TIInit_10.6.15.bts failed with error -2
[    3.613525] omap_hsmmc 480ad000.mmc: card claims to support voltages below defined range
[    3.620910] Bluetooth: hci0: request_firmware failed(errno -2) for ti-connectivity/TIInit_10.6.15.bts
[    3.638458] Bluetooth: hci0: download firmware failed, retrying...
[    3.644775] mmc0: host does not support reading read-only switch, assuming write-enable
[    3.647949] mmc2: new high speed SDIO card at address 0001
[    3.659759] omap_hsmmc 480d5000.mmc: GPIO lookup for consumer cd
[    3.665863] omap_hsmmc 480d5000.mmc: using device tree for GPIO lookup
[    3.672515] of_get_named_gpiod_flags: can't parse 'cd-gpios' property of node '/ocp/mmc@480d5000[0]'
[    3.681793] of_get_named_gpiod_flags: can't parse 'cd-gpio' property of node '/ocp/mmc@480d5000[0]'
[    3.691009] omap_hsmmc 480d5000.mmc: using lookup tables for GPIO lookup
[    3.697784] omap_hsmmc 480d5000.mmc: No GPIO consumer cd found
[    3.703735] omap_hsmmc 480d5000.mmc: GPIO lookup for consumer wp
[    3.709838] omap_hsmmc 480d5000.mmc: using device tree for GPIO lookup
[    3.716461] of_get_named_gpiod_flags: can't parse 'wp-gpios' property of node '/ocp/mmc@480d5000[0]'
[    3.725769] of_get_named_gpiod_flags: can't parse 'wp-gpio' property of node '/ocp/mmc@480d5000[0]'
[    3.735015] omap_hsmmc 480d5000.mmc: using lookup tables for GPIO lookup
[    3.738250] hci-ti serial0-0: Direct firmware load for ti-connectivity/TIInit_10.6.15.bts failed with error -2
[    3.741851] omap_hsmmc 480d5000.mmc: No GPIO consumer wp found
[    3.751983] Bluetooth: hci0: request_firmware failed(errno -2) for ti-connectivity/TIInit_10.6.15.bts
[    3.767242] Bluetooth: hci0: download firmware failed, retrying...
[    3.774047] mmc0: new high speed SDHC card at address aaaa
[    3.780761] mmcblk0: mmc0:aaaa SS08G 7.40 GiB 
[    3.787719] ledtrig-cpu: registered to indicate activity on CPUs
[    3.796722] usbcore: registered new interface driver usbhid
[    3.802459] usbhid: USB HID core driver
[    3.807647] emif_probe: error getting device data
[    3.812561] emif_probe: error getting device data
[    3.819396]  mmcblk0: p1 p2
[    3.819915] st-accel-i2c 3-0018: 3-0018 supply vddio not found, using dummy regulator
[    3.863128] iio iio:device0: unsupported IRQ trigger specified (3), enforce rising edge
[    3.872924] iio iio:device0: registered accelerometer lis3dh
[    3.958160] cpcap_adc cpcap_adc.0: CPCAP ADC device probed
[    3.965026] isl29028 1-0044: No cache defaults, reading back from HW
[    3.975738] of_get_named_gpiod_flags: can't parse 'gpios' property of node '/ocp/i2c@48350000/magnetometer@c[0]'
[    3.986114] ak8975 3-000c: mounting matrix not found: using identity...
[    3.993225] ak8975 3-000c: 3-000c supply vid not found, using dummy regulator
[    4.006988] usbcore: registered new interface driver snd-usb-audio
[    4.016265] asoc-audio-graph-card soundcard: GPIO lookup for consumer pa
[    4.023132] asoc-audio-graph-card soundcard: using device tree for GPIO lookup
[    4.030517] of_get_named_gpiod_flags: can't parse 'pa-gpios' property of node '/soundcard[0]'
[    4.039215] of_get_named_gpiod_flags: can't parse 'pa-gpio' property of node '/soundcard[0]'
[    4.047760] asoc-audio-graph-card soundcard: using lookup tables for GPIO lookup
[    4.055297] asoc-audio-graph-card soundcard: No GPIO consumer pa found
[    4.066467] omapdss_hdmi 58006000.encoder: ASoC: Failed to create component debugfs directory
[    4.076080] omap-hdmi-audio omap-hdmi-audio.0.auto: snd-soc-dummy-dai <-> 58006000.encoder mapping ok
[    4.089935] oprofile: using arm/armv7-ca9
[    4.094665] NET: Registered protocol family 17
[    4.099487] twl: not initialized
[    4.102783] twl6030_uv_to_vsel:OUT OF RANGE! non mapped vsel for 1375000 Vs max 1316660
[    4.110931] twl6030_uv_to_vsel:OUT OF RANGE! non mapped vsel for 1375000 Vs max 1316660
[    4.119079] twl6030_uv_to_vsel:OUT OF RANGE! non mapped vsel for 1375000 Vs max 1316660
[    4.127197] twl6030_uv_to_vsel:OUT OF RANGE! non mapped vsel for 1375000 Vs max 1316660
[    4.135345] twl6030_uv_to_vsel:OUT OF RANGE! non mapped vsel for 1375000 Vs max 1316660
[    4.143493] twl6030_uv_to_vsel:OUT OF RANGE! non mapped vsel for 1375000 Vs max 1316660
[    4.151641] twl6030_uv_to_vsel:OUT OF RANGE! non mapped vsel for 1410000 Vs max 1316660
[    4.159973] omap2_set_init_voltage: unable to find boot up OPP for vdd_mpu
[    4.166931] omap2_set_init_voltage: unable to set vdd_mpu
[    4.172454] omap2_set_init_voltage: unable to find boot up OPP for vdd_core
[    4.179565] omap2_set_init_voltage: unable to set vdd_core
[    4.185119] omap2_set_init_voltage: unable to find boot up OPP for vdd_iva
[    4.192138] omap2_set_init_voltage: unable to set vdd_iva
[    4.197662] Power Management for TI OMAP4+ devices.
[    4.202636] OMAP4 PM: u-boot >= v2012.07 is required for full PM support
[    4.209777] ThumbEE CPU extension supported.
[    4.214721] Registering SWP/SWPB emulation handler
[    4.214721] SmartReflex Class3 initialized
[    4.225280] Loading compiled-in X.509 certificates
[    4.284637] dmm 4e000000.dmm: initialized all PAT entries
[    4.292633] panel-dsi-cm 58004000.encoder:display: GPIO lookup for consumer reset
[    4.300384] panel-dsi-cm 58004000.encoder:display: using device tree for GPIO lookup
[    4.308380] of_get_named_gpiod_flags: parsed 'reset-gpios' property of node '/ocp/dss@58000000/encoder@58004000/display[0]' - status (0)
[    4.320800] gpio gpiochip3: Persistence not supported for GPIO 5
[    4.326934] panel-dsi-cm 58004000.encoder:display: GPIO lookup for consumer te
[    4.334320] panel-dsi-cm 58004000.encoder:display: using device tree for GPIO lookup
[    4.334320] of_get_named_gpiod_flags: can't parse 'te-gpios' property of node '/ocp/dss@58000000/encoder@58004000/display[0]'
[    4.353637] of_get_named_gpiod_flags: can't parse 'te-gpio' property of node '/ocp/dss@58000000/encoder@58004000/display[0]'
[    4.365081] panel-dsi-cm 58004000.encoder:display: using lookup tables for GPIO lookup
[    4.373138] panel-dsi-cm 58004000.encoder:display: No GPIO consumer te found
[    4.380523] lcd: supplied by SW5
[    4.396453] cpcap-usb-phy cpcap-usb-phy.0: GPIO lookup for consumer mode
[    4.404052] cpcap-usb-phy cpcap-usb-phy.0: using device tree for GPIO lookup
[    4.411346] of_get_named_gpiod_flags: parsed 'mode-gpios' property of node '/ocp/spi@48098000/pmic@0/phy[0]' - status (0)
[    4.422454] gpio gpiochip1: Persistence not supported for GPIO 28
[    4.422454] cpcap-usb-phy cpcap-usb-phy.0: GPIO lookup for consumer mode
[    4.435455] cpcap-usb-phy cpcap-usb-phy.0: using device tree for GPIO lookup
[    4.442687] of_get_named_gpiod_flags: parsed 'mode-gpios' property of node '/ocp/spi@48098000/pmic@0/phy[1]' - status (0)
[    4.453796] gpio gpiochip0: Persistence not supported for GPIO 0
[    4.473388] power_supply battery: Not all required supplies found, defer probe
[    4.480743] cpcap_battery cpcap_battery.0: failed to register power supply
[    4.500061] cpcap-charger cpcap-charger.0: GPIO lookup for consumer mode
[    4.507202] cpcap-charger cpcap-charger.0: using device tree for GPIO lookup
[    4.514434] of_get_named_gpiod_flags: parsed 'mode-gpios' property of node '/ocp/spi@48098000/pmic@0/charger[0]' - status (0)
[    4.525909] gpio gpiochip2: Persistence not supported for GPIO 29
[    4.532165] cpcap-charger cpcap-charger.0: GPIO lookup for consumer mode
[    4.539001] cpcap-charger cpcap-charger.0: using device tree for GPIO lookup
[    4.539001] of_get_named_gpiod_flags: parsed 'mode-gpios' property of node '/ocp/spi@48098000/pmic@0/charger[1]' - status (0)
[    4.557678] gpio gpiochip2: Persistence not supported for GPIO 23
[    4.564086] asoc-audio-graph-card soundcard: GPIO lookup for consumer pa
[    4.564422] asoc-audio-graph-card soundcard: using device tree for GPIO lookup
[    4.578552] of_get_named_gpiod_flags: can't parse 'pa-gpios' property of node '/soundcard[0]'
[    4.587249] of_get_named_gpiod_flags: can't parse 'pa-gpio' property of node '/soundcard[0]'
[    4.595825] asoc-audio-graph-card soundcard: using lookup tables for GPIO lookup
[    4.603363] asoc-audio-graph-card soundcard: No GPIO consumer pa found
[    4.623321] omap-mcbsp 40124000.mcbsp: ASoC: Failed to create component debugfs directory
[    4.623901] omap-mcbsp 40126000.mcbsp: ASoC: Failed to create component debugfs directory
[    4.641387] asoc-audio-graph-card soundcard: cpcap-hifi <-> 40124000.mcbsp mapping ok
[    4.650695] asoc-audio-graph-card soundcard: cpcap-voice <-> 40126000.mcbsp mapping ok
[    4.670501] cpcap-usb-phy cpcap-usb-phy.0: connected to USB host
[    4.685302] [drm] Supports vblank timestamp caching Rev 2 (21.10.2013).
[    4.692077] [drm] No driver support for vblank timestamp query.
[    4.723968] [drm] Enabling DMM ywrap scrolling
[    4.919952] g_ether gadget: high-speed config #1: CDC Ethernet (ECM)
[    5.968658] panel-dsi-cm 58004000.encoder:display: panel revision 70.01.02
[    5.992187] Console: switching to colour frame buffer device 120x33
[    6.018249] omapdrm omapdrm.0: fb0: omapdrm frame buffer device
[    6.031188] [drm] Initialized omapdrm 1.0.0 20110917 for omapdrm.0 on minor 0
[    6.045593] power_supply battery: battery: Found supply : usb
[    6.057830] of_get_named_gpiod_flags: parsed 'gpios' property of node '/gpio_keys/volume_down[0]' - status (0)
[    6.071350] gpio gpiochip4: Persistence not supported for GPIO 26
[    6.080963] of_get_named_gpiod_flags: parsed 'gpios' property of node '/gpio_keys/slider[0]' - status (0)
[    6.093994] gpio gpiochip3: Persistence not supported for GPIO 26
[    6.103912] input: gpio_keys as /devices/platform/gpio_keys/input/input3
[    6.117126] cpcap-rtc cpcap-rtc.0: setting system clock to 2018-04-16 08:19:38 UTC (1523866778)
[    6.129913] sr_init: No PMIC hook to init smartreflex
[    6.139251] smartreflex 4a0db000.smartreflex: omap_sr_probe: SmartReflex driver initialized
[    6.151580] smartreflex 4a0dd000.smartreflex: omap_sr_probe: SmartReflex driver initialized
[    6.163696] smartreflex 4a0d9000.smartreflex: omap_sr_probe: SmartReflex driver initialized
[    6.176055] cfg80211: Loading compiled-in X.509 certificates for regulatory database
[    6.196166] cfg80211: Loaded X.509 cert 'sforshee: 00b28ddf47aef9cea7'
[    6.207092] vwl1271: disabling
[    6.214874] platform regulatory.0: Direct firmware load for regulatory.db failed with error -2
[    6.219421] VAUDIO: disabling
[    6.226867] cfg80211: failed to load regulatory.db
[    6.233520] ALSA device list:
[    6.246643]   #0: HDMI 58006000.encoder
[    6.253479]   #1: Droid 4 Audio
[    6.261627] Waiting 10 sec before mounting root device...
[   16.495056] EXT4-fs (mmcblk0p2): mounting ext3 file system using the ext4 subsystem
[   16.527435] EXT4-fs (mmcblk0p2): mounted filesystem with ordered data mode. Opts: (null)
[   16.538757] VFS: Mounted root (ext3 filesystem) readonly on device 179:26.
[   16.564483] devtmpfs: mounted
[   16.571929] Freeing unused kernel memory: 1024K
[   19.980255] udevd[448]: starting version 3.2.2
[   20.090606] udevd[449]: starting eudev-3.2.2
[   21.903564] Requested mode 2
[   23.541809] EXT4-fs (mmcblk0p2): re-mounted. Opts: (null)
[   25.237731] FAT-fs (mmcblk0p1): bogus number of reserved sectors
[   25.247222] FAT-fs (mmcblk0p1): Can't find a valid FAT filesystem
[   27.489288] Requested mode 2
[   35.050750] cpcap-usb-phy cpcap-usb-phy.0: connected to USB host
[   65.139770] cpcap-usb-phy cpcap-usb-phy.0: connected to USB host
[   79.048736] random: crng init done
[   95.219665] cpcap-usb-phy cpcap-usb-phy.0: connected to USB host
[  111.363403] g_ether gadget: high-speed config #2: RNDIS
[  115.649871] g_ether gadget: high-speed config #2: RNDIS
[  124.288665] g_ether gadget: high-speed config #1: CDC Ethernet (ECM)
[  125.299499] cpcap-usb-phy cpcap-usb-phy.0: connected to USB host
[  155.379150] cpcap-usb-phy cpcap-usb-phy.0: connected to USB host
[  185.459045] cpcap-usb-phy cpcap-usb-phy.0: connected to USB host
[  215.538787] cpcap-usb-phy cpcap-usb-phy.0: connected to USB host
[  245.618652] cpcap-usb-phy cpcap-usb-phy.0: connected to USB host
[  275.698425] cpcap-usb-phy cpcap-usb-phy.0: connected to USB host
[  305.778289] cpcap-usb-phy cpcap-usb-phy.0: connected to USB host
[  335.858215] cpcap-usb-phy cpcap-usb-phy.0: connected to USB host
[  365.938018] cpcap-usb-phy cpcap-usb-phy.0: connected to USB host
