[    0.000000] Linux version 5.3.0-rc4+ (pavel@duo) (gcc version 4.9.2 (Debian 4.9.2-10+deb8u2)) #58 SMP PREEMPT Fri Aug 16 12:11:28 CEST 2019
[    0.000000] Command line: BOOT_IMAGE=(hd1,2)/l/k/o/64/arch/x86/boot/bzImage root=/dev/sdb4 resume=/dev/sda1
[    0.000000] Disabled fast string operations
[    0.000000] x86/fpu: Supporting XSAVE feature 0x001: 'x87 floating point registers'
[    0.000000] x86/fpu: Supporting XSAVE feature 0x002: 'SSE registers'
[    0.000000] x86/fpu: Supporting XSAVE feature 0x004: 'AVX registers'
[    0.000000] x86/fpu: xstate_offset[2]:  576, xstate_sizes[2]:  256
[    0.000000] x86/fpu: Enabled xstate features 0x7, context size is 832 bytes, using 'standard' format.
[    0.000000] BIOS-provided physical RAM map:
[    0.000000] BIOS-e820: [mem 0x0000000000000000-0x000000000009d7ff] usable
[    0.000000] BIOS-e820: [mem 0x000000000009d800-0x000000000009ffff] reserved
[    0.000000] BIOS-e820: [mem 0x00000000000e0000-0x00000000000fffff] reserved
[    0.000000] BIOS-e820: [mem 0x0000000000100000-0x000000001fffffff] usable
[    0.000000] BIOS-e820: [mem 0x0000000020000000-0x00000000201fffff] reserved
[    0.000000] BIOS-e820: [mem 0x0000000020200000-0x000000003fffffff] usable
[    0.000000] BIOS-e820: [mem 0x0000000040000000-0x00000000401fffff] reserved
[    0.000000] BIOS-e820: [mem 0x0000000040200000-0x00000000da99efff] usable
[    0.000000] BIOS-e820: [mem 0x00000000da99f000-0x00000000dae9efff] reserved
[    0.000000] BIOS-e820: [mem 0x00000000dae9f000-0x00000000daf9efff] ACPI NVS
[    0.000000] BIOS-e820: [mem 0x00000000daf9f000-0x00000000daffefff] ACPI data
[    0.000000] BIOS-e820: [mem 0x00000000dafff000-0x00000000daffffff] usable
[    0.000000] BIOS-e820: [mem 0x00000000db000000-0x00000000df9fffff] reserved
[    0.000000] BIOS-e820: [mem 0x00000000f8000000-0x00000000fbffffff] reserved
[    0.000000] BIOS-e820: [mem 0x00000000fec00000-0x00000000fec00fff] reserved
[    0.000000] BIOS-e820: [mem 0x00000000fed08000-0x00000000fed08fff] reserved
[    0.000000] BIOS-e820: [mem 0x00000000fed10000-0x00000000fed19fff] reserved
[    0.000000] BIOS-e820: [mem 0x00000000fed1c000-0x00000000fed1ffff] reserved
[    0.000000] BIOS-e820: [mem 0x00000000fee00000-0x00000000fee00fff] reserved
[    0.000000] BIOS-e820: [mem 0x00000000ffd20000-0x00000000ffffffff] reserved
[    0.000000] BIOS-e820: [mem 0x0000000100000000-0x000000019e5fffff] usable
[    0.000000] BIOS-e820: [mem 0x000000019e600000-0x000000019e7fffff] reserved
[    0.000000] NX (Execute Disable) protection: active
[    0.000000] SMBIOS 2.6 present.
[    0.000000] DMI: LENOVO 42872WU/42872WU, BIOS 8DET74WW (1.44 ) 03/13/2018
[    0.000000] tsc: Fast TSC calibration using PIT
[    0.000000] tsc: Detected 2491.910 MHz processor
[    0.001588] e820: update [mem 0x00000000-0x00000fff] usable ==> reserved
[    0.001591] e820: remove [mem 0x000a0000-0x000fffff] usable
[    0.001599] last_pfn = 0x19e600 max_arch_pfn = 0x400000000
[    0.001604] MTRR default type: uncachable
[    0.001606] MTRR fixed ranges enabled:
[    0.001608]   00000-9FFFF write-back
[    0.001609]   A0000-BFFFF uncachable
[    0.001611]   C0000-FFFFF write-protect
[    0.001612] MTRR variable ranges enabled:
[    0.001614]   0 base 0FFC00000 mask FFFC00000 write-protect
[    0.001616]   1 base 000000000 mask F80000000 write-back
[    0.001618]   2 base 080000000 mask FC0000000 write-back
[    0.001619]   3 base 0C0000000 mask FE0000000 write-back
[    0.001620]   4 base 0DC000000 mask FFC000000 uncachable
[    0.001622]   5 base 0DB000000 mask FFF000000 uncachable
[    0.001623]   6 base 100000000 mask F80000000 write-back
[    0.001625]   7 base 180000000 mask FE0000000 write-back
[    0.001626]   8 base 19F000000 mask FFF000000 uncachable
[    0.001628]   9 base 19E800000 mask FFF800000 uncachable
[    0.002411] x86/PAT: Configuration [0-7]: WB  WC  UC- UC  WB  WP  UC- WT  
[    0.003802] last_pfn = 0xdb000 max_arch_pfn = 0x400000000
[    0.003822] reserving inaccessible SNB gfx pages
[    0.003828] BRK [0x06001000, 0x06001fff] PGTABLE
[    0.003832] BRK [0x06002000, 0x06002fff] PGTABLE
[    0.003833] BRK [0x06003000, 0x06003fff] PGTABLE
[    0.003896] BRK [0x06004000, 0x06004fff] PGTABLE
[    0.004051] BRK [0x06005000, 0x06005fff] PGTABLE
[    0.004325] BRK [0x06006000, 0x06006fff] PGTABLE
[    0.004836] ACPI: Early table checksum verification disabled
[    0.004843] ACPI: RSDP 0x00000000000F00E0 000024 (v02 LENOVO)
[    0.004848] ACPI: XSDT 0x00000000DAFFE120 0000AC (v01 LENOVO TP-8D    00001440 PTEC 00000002)
[    0.004855] ACPI: FACP 0x00000000DAFE7000 0000F4 (v04 LENOVO TP-8D    00001440 PTL  00000002)
[    0.004863] ACPI: DSDT 0x00000000DAFEA000 00FA89 (v01 LENOVO TP-8D    00001440 INTL 20061109)
[    0.004867] ACPI: FACS 0x00000000DAF2D000 000040
[    0.004871] ACPI: FACS 0x00000000DAF2D000 000040
[    0.004875] ACPI: SLIC 0x00000000DAFFD000 000176 (v01 LENOVO TP-8D    00001440 PTEC 00000001)
[    0.004879] ACPI: SSDT 0x00000000DAFFC000 000249 (v01 LENOVO TP-SSDT2 00000200 INTL 20061109)
[    0.004883] ACPI: SSDT 0x00000000DAFFB000 000033 (v01 LENOVO TP-SSDT1 00000100 INTL 20061109)
[    0.004888] ACPI: SSDT 0x00000000DAFFA000 0007D1 (v01 LENOVO SataAhci 00001000 INTL 20061109)
[    0.004892] ACPI: HPET 0x00000000DAFE6000 000038 (v01 LENOVO TP-8D    00001440 PTL  00000002)
[    0.004896] ACPI: APIC 0x00000000DAFE5000 000098 (v01 LENOVO TP-8D    00001440 PTL  00000002)
[    0.004900] ACPI: MCFG 0x00000000DAFE4000 00003C (v01 LENOVO TP-8D    00001440 PTL  00000002)
[    0.004904] ACPI: ECDT 0x00000000DAFE3000 000052 (v01 LENOVO TP-8D    00001440 PTL  00000002)
[    0.004908] ACPI: ASF! 0x00000000DAFE9000 0000A5 (v32 LENOVO TP-8D    00001440 PTL  00000002)
[    0.004913] ACPI: TCPA 0x00000000DAFE2000 000032 (v02 PTL    LENOVO   06040000 LNVO 00000001)
[    0.004917] ACPI: SSDT 0x00000000DAFE1000 000A27 (v01 PmRef  Cpu0Ist  00003000 INTL 20061109)
[    0.004922] ACPI: SSDT 0x00000000DAFE0000 000996 (v01 PmRef  CpuPm    00003000 INTL 20061109)
[    0.004926] ACPI: DMAR 0x00000000DAFDF000 0000E8 (v01 INTEL  SNB      00000001 INTL 00000001)
[    0.004930] ACPI: UEFI 0x00000000DAFDE000 00003E (v01 LENOVO TP-8D    00001440 PTL  00000002)
[    0.004934] ACPI: UEFI 0x00000000DAFDD000 000042 (v01 PTL    COMBUF   00000001 PTL  00000001)
[    0.004938] ACPI: UEFI 0x00000000DAFDC000 000292 (v01 LENOVO TP-8D    00001440 PTL  00000002)
[    0.004947] ACPI: Local APIC address 0xfee00000
[    0.004992] Zone ranges:
[    0.004994]   DMA      [mem 0x0000000000001000-0x0000000000ffffff]
[    0.004997]   DMA32    [mem 0x0000000001000000-0x00000000ffffffff]
[    0.004999]   Normal   [mem 0x0000000100000000-0x000000019e5fffff]
[    0.005002] Movable zone start for each node
[    0.005004] Early memory node ranges
[    0.005006]   node   0: [mem 0x0000000000001000-0x000000000009cfff]
[    0.005008]   node   0: [mem 0x0000000000100000-0x000000001fffffff]
[    0.005010]   node   0: [mem 0x0000000020200000-0x000000003fffffff]
[    0.005012]   node   0: [mem 0x0000000040200000-0x00000000da99efff]
[    0.005015]   node   0: [mem 0x00000000dafff000-0x00000000daffffff]
[    0.005017]   node   0: [mem 0x0000000100000000-0x000000019e5fffff]
[    0.005223] Zeroed struct page in unavailable ranges: 23236 pages
[    0.005224] Initmem setup node 0 [mem 0x0000000000001000-0x000000019e5fffff]
[    0.005228] On node 0 totalpages: 1542972
[    0.005230]   DMA zone: 56 pages used for memmap
[    0.005231]   DMA zone: 156 pages reserved
[    0.005233]   DMA zone: 3996 pages, LIFO batch:0
[    0.005273]   DMA32 zone: 12172 pages used for memmap
[    0.005274]   DMA32 zone: 890272 pages, LIFO batch:63
[    0.013922]   Normal zone: 8869 pages used for memmap
[    0.013925]   Normal zone: 648704 pages, LIFO batch:63
[    0.019799] Reserving Intel graphics memory at [mem 0xdba00000-0xdf9fffff]
[    0.019977] ACPI: PM-Timer IO Port: 0x408
[    0.019981] ACPI: Local APIC address 0xfee00000
[    0.019988] ACPI: LAPIC_NMI (acpi_id[0x00] high edge lint[0x1])
[    0.019990] ACPI: LAPIC_NMI (acpi_id[0x01] high edge lint[0x1])
[    0.020007] IOAPIC[0]: apic_id 2, version 32, address 0xfec00000, GSI 0-23
[    0.020011] ACPI: INT_SRC_OVR (bus 0 bus_irq 0 global_irq 2 dfl dfl)
[    0.020014] ACPI: INT_SRC_OVR (bus 0 bus_irq 9 global_irq 9 high level)
[    0.020017] ACPI: IRQ0 used by override.
[    0.020020] ACPI: IRQ9 used by override.
[    0.020023] Using ACPI (MADT) for SMP configuration information
[    0.020026] ACPI: HPET id: 0x8086a301 base: 0xfed00000
[    0.020031] smpboot: Allowing 8 CPUs, 4 hotplug CPUs
[    0.020060] PM: Registered nosave memory: [mem 0x00000000-0x00000fff]
[    0.020063] PM: Registered nosave memory: [mem 0x0009d000-0x0009dfff]
[    0.020065] PM: Registered nosave memory: [mem 0x0009e000-0x0009ffff]
[    0.020067] PM: Registered nosave memory: [mem 0x000a0000-0x000dffff]
[    0.020069] PM: Registered nosave memory: [mem 0x000e0000-0x000fffff]
[    0.020072] PM: Registered nosave memory: [mem 0x20000000-0x201fffff]
[    0.020075] PM: Registered nosave memory: [mem 0x40000000-0x401fffff]
[    0.020077] PM: Registered nosave memory: [mem 0xda99f000-0xdae9efff]
[    0.020079] PM: Registered nosave memory: [mem 0xdae9f000-0xdaf9efff]
[    0.020081] PM: Registered nosave memory: [mem 0xdaf9f000-0xdaffefff]
[    0.020084] PM: Registered nosave memory: [mem 0xdb000000-0xdf9fffff]
[    0.020086] PM: Registered nosave memory: [mem 0xdfa00000-0xf7ffffff]
[    0.020088] PM: Registered nosave memory: [mem 0xf8000000-0xfbffffff]
[    0.020090] PM: Registered nosave memory: [mem 0xfc000000-0xfebfffff]
[    0.020092] PM: Registered nosave memory: [mem 0xfec00000-0xfec00fff]
[    0.020094] PM: Registered nosave memory: [mem 0xfec01000-0xfed07fff]
[    0.020096] PM: Registered nosave memory: [mem 0xfed08000-0xfed08fff]
[    0.020098] PM: Registered nosave memory: [mem 0xfed09000-0xfed0ffff]
[    0.020099] PM: Registered nosave memory: [mem 0xfed10000-0xfed19fff]
[    0.020101] PM: Registered nosave memory: [mem 0xfed1a000-0xfed1bfff]
[    0.020103] PM: Registered nosave memory: [mem 0xfed1c000-0xfed1ffff]
[    0.020105] PM: Registered nosave memory: [mem 0xfed20000-0xfedfffff]
[    0.020107] PM: Registered nosave memory: [mem 0xfee00000-0xfee00fff]
[    0.020109] PM: Registered nosave memory: [mem 0xfee01000-0xffd1ffff]
[    0.020111] PM: Registered nosave memory: [mem 0xffd20000-0xffffffff]
[    0.020115] [mem 0xdfa00000-0xf7ffffff] available for PCI devices
[    0.020119] clocksource: refined-jiffies: mask: 0xffffffff max_cycles: 0xffffffff, max_idle_ns: 7645519600211568 ns
[    0.020128] setup_percpu: NR_CPUS:8 nr_cpumask_bits:8 nr_cpu_ids:8 nr_node_ids:1
[    0.021905] percpu: Embedded 60 pages/cpu s207624 r8192 d29944 u262144
[    0.021915] pcpu-alloc: s207624 r8192 d29944 u262144 alloc=1*2097152
[    0.021916] pcpu-alloc: [0] 0 1 2 3 4 5 6 7 
[    0.021943] Built 1 zonelists, mobility grouping on.  Total pages: 1521719
[    0.021948] Kernel command line: BOOT_IMAGE=(hd1,2)/l/k/o/64/arch/x86/boot/bzImage root=/dev/sdb4 resume=/dev/sda1
[    0.025814] Dentry cache hash table entries: 1048576 (order: 11, 8388608 bytes, linear)
[    0.027720] Inode-cache hash table entries: 524288 (order: 10, 4194304 bytes, linear)
[    0.027812] mem auto-init: stack:off, heap alloc:off, heap free:off
[    0.291124] Memory: 5970128K/6171888K available (16388K kernel code, 1141K rwdata, 5336K rodata, 1088K init, 5776K bss, 201760K reserved, 0K cma-reserved)
[    0.291147] random: get_random_u32 called from cache_alloc_refill+0x7b4/0xcb0 with crng_init=0
[    0.291795] Kernel/User page tables isolation: enabled
[    0.291972] rcu: Preemptible hierarchical RCU implementation.
[    0.291975] 	Tasks RCU enabled.
[    0.291977] rcu: RCU calculated value of scheduler-enlistment delay is 25 jiffies.
[    0.292008] NR_IRQS: 4352, nr_irqs: 104, preallocated irqs: 16
[    0.294009] Console: colour VGA+ 80x25
[    0.302807] printk: console [tty0] enabled
[    0.302867] Lock dependency validator: Copyright (c) 2006 Red Hat, Inc., Ingo Molnar
[    0.302939] ... MAX_LOCKDEP_SUBCLASSES:  8
[    0.302998] ... MAX_LOCK_DEPTH:          48
[    0.303058] ... MAX_LOCKDEP_KEYS:        8192
[    0.303118] ... CLASSHASH_SIZE:          4096
[    0.303178] ... MAX_LOCKDEP_ENTRIES:     32768
[    0.303238] ... MAX_LOCKDEP_CHAINS:      65536
[    0.303298] ... CHAINHASH_SIZE:          32768
[    0.303359]  memory used by lock dependency info: 3509 kB
[    0.303423]  per task-struct memory footprint: 1920 bytes
[    0.303493] ACPI: Core revision 20190703
[    0.303832] clocksource: hpet: mask: 0xffffffff max_cycles: 0xffffffff, max_idle_ns: 133484882848 ns
[    0.303941] APIC: Switch to symmetric I/O mode setup
[    0.304461] ..TIMER: vector=0x30 apic1=0 pin1=2 apic2=-1 pin2=-1
[    0.323941] clocksource: tsc-early: mask: 0xffffffffffffffff max_cycles: 0x23eb5f75684, max_idle_ns: 440795206102 ns
[    0.324038] Calibrating delay loop (skipped), value calculated using timer frequency.. 4983.82 BogoMIPS (lpj=9967640)
[    0.324135] pid_max: default: 32768 minimum: 301
[    0.324350] Mount-cache hash table entries: 16384 (order: 5, 131072 bytes, linear)
[    0.324440] Mountpoint-cache hash table entries: 16384 (order: 5, 131072 bytes, linear)
[    0.324872] *** VALIDATE proc ***
[    0.324985] *** VALIDATE cgroup1 ***
[    0.325044] *** VALIDATE cgroup2 ***
[    0.325135] Disabled fast string operations
[    0.325205] process: using mwait in idle threads
[    0.325269] Last level iTLB entries: 4KB 512, 2MB 8, 4MB 8
[    0.325334] Last level dTLB entries: 4KB 512, 2MB 32, 4MB 32, 1GB 0
[    0.325402] Spectre V1 : Mitigation: usercopy/swapgs barriers and __user pointer sanitization
[    0.325489] Spectre V2 : Mitigation: Full generic retpoline
[    0.325554] Spectre V2 : Spectre v2 / SpectreRSB mitigation: Filling RSB on context switch
[    0.325629] Spectre V2 : Enabling Restricted Speculation for firmware calls
[    0.325699] Spectre V2 : mitigation: Enabling conditional Indirect Branch Prediction Barrier
[    0.325775] Spectre V2 : User space: Mitigation: STIBP via prctl
[    0.325841] Speculative Store Bypass: Vulnerable
[    0.325903] MDS: Vulnerable: Clear CPU buffers attempted, no microcode
[    0.326138] Freeing SMP alternatives memory: 44K
[    0.327757] TSC deadline timer enabled
[    0.327762] smpboot: CPU0: Intel(R) Core(TM) i5-2520M CPU @ 2.50GHz (family: 0x6, model: 0x2a, stepping: 0x7)
[    0.348103] Performance Events: PEBS fmt1+, SandyBridge events, 16-deep LBR, full-width counters, Intel PMU driver.
[    0.348231] ... version:                3
[    0.348291] ... bit width:              48
[    0.348352] ... generic registers:      4
[    0.348412] ... value mask:             0000ffffffffffff
[    0.348476] ... max period:             00007fffffffffff
[    0.348541] ... fixed-purpose events:   3
[    0.348601] ... event mask:             000000070000000f
[    0.356058] rcu: Hierarchical SRCU implementation.
[    0.368378] NMI watchdog: Enabled. Permanently consumes one hw-PMU counter.
[    0.376083] smp: Bringing up secondary CPUs ...
[    0.408421] x86: Booting SMP configuration:
[    0.408487] .... node  #0, CPUs:      #1
[    0.015793] Disabled fast string operations
[    0.410830] MDS CPU bug present and SMT on, data leak possible. See https://www.kernel.org/doc/html/latest/admin-guide/hw-vuln/mds.html for more details.
[    0.440416]  #2
[    0.015793] Disabled fast string operations
[    0.472417]  #3
[    0.015793] Disabled fast string operations
[    0.474698] smp: Brought up 1 node, 4 CPUs
[    0.474698] smpboot: Max logical packages: 2
[    0.474698] smpboot: Total of 4 processors activated (19935.28 BogoMIPS)
[    0.476332] devtmpfs: initialized
[    0.476332] PM: Registering ACPI NVS region [mem 0xdae9f000-0xdaf9efff] (1048576 bytes)
[    0.476625] clocksource: jiffies: mask: 0xffffffff max_cycles: 0xffffffff, max_idle_ns: 7645041785100000 ns
[    0.476625] futex hash table entries: 2048 (order: 6, 262144 bytes, linear)
[    0.476687] NET: Registered protocol family 16
[    0.477518] cpuidle: using governor ladder
[    0.477628] cpuidle: using governor menu
[    0.477758] ACPI FADT declares the system doesn't support PCIe ASPM, so disable it
[    0.477832] ACPI: bus type PCI registered
[    0.478185] PCI: MMCONFIG for domain 0000 [bus 00-3f] at [mem 0xf8000000-0xfbffffff] (base 0xf8000000)
[    0.478302] PCI: MMCONFIG at [mem 0xf8000000-0xfbffffff] reserved in E820
[    0.478302] PCI: Using configuration type 1 for base access
[    0.478302] core: PMU erratum BJ122, BV98, HSD29 worked around, HT is on
[    0.480104] ENERGY_PERF_BIAS: Set to 'normal', was 'performance'
[    0.509157] ACPI: Added _OSI(Module Device)
[    0.509157] ACPI: Added _OSI(Processor Device)
[    0.509157] ACPI: Added _OSI(3.0 _SCP Extensions)
[    0.509157] ACPI: Added _OSI(Processor Aggregator Device)
[    0.509157] ACPI: Added _OSI(Linux-Dell-Video)
[    0.509157] ACPI: Added _OSI(Linux-Lenovo-NV-HDMI-Audio)
[    0.509157] ACPI: Added _OSI(Linux-HPI-Hybrid-Graphics)
[    0.551694] ACPI: 6 ACPI AML tables successfully acquired and loaded
[    0.554169] ACPI: EC: EC started
[    0.554229] ACPI: EC: interrupt blocked
[    0.556977] ACPI: \: Used as first EC
[    0.557039] ACPI: \: GPE=0x11, EC_CMD/EC_SC=0x66, EC_DATA=0x62
[    0.557106] ACPI: EC: Boot ECDT EC used to handle transactions
[    0.557724] ACPI: [Firmware Bug]: BIOS _OSI(Linux) query ignored
[    0.567908] ACPI: Dynamic OEM Table Load:
[    0.567982] ACPI: SSDT 0xFFFF888196C88000 0008C0 (v01 PmRef  Cpu0Cst  00003001 INTL 20061109)
[    0.570766] ACPI: Dynamic OEM Table Load:
[    0.570837] ACPI: SSDT 0xFFFF888196E3CC00 000303 (v01 PmRef  ApIst    00003000 INTL 20061109)
[    0.573138] ACPI: Dynamic OEM Table Load:
[    0.573208] ACPI: SSDT 0xFFFF888197275600 000119 (v01 PmRef  ApCst    00003000 INTL 20061109)
[    0.577185] ACPI: Interpreter enabled
[    0.577289] ACPI: (supports S0 S3 S4 S5)
[    0.577353] ACPI: Using IOAPIC for interrupt routing
[    0.577485] PCI: Using host bridge windows from ACPI; if necessary, use "pci=nocrs" and report a bug
[    0.578315] ACPI: Enabled 6 GPEs in block 00 to 3F
[    0.589944] ACPI: Power Resource [PUBS] (on)
[    0.590536] acpi PNP0C0A:01: ACPI dock station (docks/bays count: 1)
[    0.594531] acpi LNXIOBAY:00: ACPI dock station (docks/bays count: 2)
[    0.600789] acpi IBM0079:00: ACPI dock station (docks/bays count: 3)
[    0.602671] ACPI: PCI Interrupt Link [LNKA] (IRQs 3 4 5 6 7 9 10 *11)
[    0.603106] ACPI: PCI Interrupt Link [LNKB] (IRQs 3 4 5 6 7 9 10 *11)
[    0.603547] ACPI: PCI Interrupt Link [LNKC] (IRQs 3 4 5 6 7 9 10 *11)
[    0.603980] ACPI: PCI Interrupt Link [LNKD] (IRQs 3 4 5 6 7 9 *10 11)
[    0.604401] ACPI: PCI Interrupt Link [LNKE] (IRQs 3 4 5 6 *7 9 10 11)
[    0.604736] ACPI: PCI Interrupt Link [LNKF] (IRQs 3 4 5 6 7 9 10 11) *0, disabled.
[    0.605174] ACPI: PCI Interrupt Link [LNKG] (IRQs 3 4 5 6 *7 9 10 11)
[    0.605606] ACPI: PCI Interrupt Link [LNKH] (IRQs 3 4 5 6 7 9 *10 11)
[    0.605909] ACPI: PCI Root Bridge [PCI0] (domain 0000 [bus 00-fe])
[    0.605986] acpi PNP0A08:00: _OSC: OS supports [ExtendedConfig ASPM ClockPM Segments HPX-Type3]
[    0.606494] acpi PNP0A08:00: _OSC: not requesting OS control; OS requires [ExtendedConfig ASPM ClockPM MSI]
[    0.606597] acpi PNP0A08:00: [Firmware Info]: MMCONFIG for domain 0000 [bus 00-3f] only partially covers this bridge
[    0.606822] PCI host bridge to bus 0000:00
[    0.606886] pci_bus 0000:00: root bus resource [io  0x0000-0x0cf7 window]
[    0.606959] pci_bus 0000:00: root bus resource [io  0x0d00-0xffff window]
[    0.607032] pci_bus 0000:00: root bus resource [mem 0x000a0000-0x000bffff window]
[    0.607107] pci_bus 0000:00: root bus resource [mem 0xdfa00000-0xfebfffff window]
[    0.607182] pci_bus 0000:00: root bus resource [mem 0xfed40000-0xfed4bfff window]
[    0.607258] pci_bus 0000:00: root bus resource [bus 00-fe]
[    0.607354] pci 0000:00:00.0: [8086:0104] type 00 class 0x060000
[    0.607646] pci 0000:00:02.0: [8086:0126] type 00 class 0x030000
[    0.607729] pci 0000:00:02.0: reg 0x10: [mem 0xf0000000-0xf03fffff 64bit]
[    0.607807] pci 0000:00:02.0: reg 0x18: [mem 0xe0000000-0xefffffff 64bit pref]
[    0.607885] pci 0000:00:02.0: reg 0x20: [io  0x5000-0x503f]
[    0.608221] pci 0000:00:16.0: [8086:1c3a] type 00 class 0x078000
[    0.608326] pci 0000:00:16.0: reg 0x10: [mem 0xf2525000-0xf252500f 64bit]
[    0.608496] pci 0000:00:16.0: PME# supported from D0 D3hot D3cold
[    0.608777] pci 0000:00:19.0: [8086:1502] type 00 class 0x020000
[    0.608873] pci 0000:00:19.0: reg 0x10: [mem 0xf2500000-0xf251ffff]
[    0.608952] pci 0000:00:19.0: reg 0x14: [mem 0xf252b000-0xf252bfff]
[    0.609031] pci 0000:00:19.0: reg 0x18: [io  0x5080-0x509f]
[    0.609182] pci 0000:00:19.0: PME# supported from D0 D3hot D3cold
[    0.609466] pci 0000:00:1a.0: [8086:1c2d] type 00 class 0x0c0320
[    0.609563] pci 0000:00:1a.0: reg 0x10: [mem 0xf252a000-0xf252a3ff]
[    0.609740] pci 0000:00:1a.0: PME# supported from D0 D3hot D3cold
[    0.610022] pci 0000:00:1b.0: [8086:1c20] type 00 class 0x040300
[    0.610122] pci 0000:00:1b.0: reg 0x10: [mem 0xf2520000-0xf2523fff 64bit]
[    0.610300] pci 0000:00:1b.0: PME# supported from D0 D3hot D3cold
[    0.610579] pci 0000:00:1c.0: [8086:1c10] type 01 class 0x060400
[    0.610805] pci 0000:00:1c.0: PME# supported from D0 D3hot D3cold
[    0.611103] pci 0000:00:1c.1: [8086:1c12] type 01 class 0x060400
[    0.611344] pci 0000:00:1c.1: PME# supported from D0 D3hot D3cold
[    0.611645] pci 0000:00:1c.3: [8086:1c16] type 01 class 0x060400
[    0.611882] pci 0000:00:1c.3: PME# supported from D0 D3hot D3cold
[    0.612229] pci 0000:00:1c.4: [8086:1c18] type 01 class 0x060400
[    0.612465] pci 0000:00:1c.4: PME# supported from D0 D3hot D3cold
[    0.612769] pci 0000:00:1d.0: [8086:1c26] type 00 class 0x0c0320
[    0.612867] pci 0000:00:1d.0: reg 0x10: [mem 0xf2529000-0xf25293ff]
[    0.613043] pci 0000:00:1d.0: PME# supported from D0 D3hot D3cold
[    0.613326] pci 0000:00:1f.0: [8086:1c4f] type 00 class 0x060100
[    0.613716] pci 0000:00:1f.2: [8086:1c03] type 00 class 0x010601
[    0.613810] pci 0000:00:1f.2: reg 0x10: [io  0x50a8-0x50af]
[    0.613886] pci 0000:00:1f.2: reg 0x14: [io  0x50bc-0x50bf]
[    0.613962] pci 0000:00:1f.2: reg 0x18: [io  0x50a0-0x50a7]
[    0.614038] pci 0000:00:1f.2: reg 0x1c: [io  0x50b8-0x50bb]
[    0.614115] pci 0000:00:1f.2: reg 0x20: [io  0x5060-0x507f]
[    0.614192] pci 0000:00:1f.2: reg 0x24: [mem 0xf2528000-0xf25287ff]
[    0.614325] pci 0000:00:1f.2: PME# supported from D3hot
[    0.614592] pci 0000:00:1f.3: [8086:1c22] type 00 class 0x0c0500
[    0.614688] pci 0000:00:1f.3: reg 0x10: [mem 0xf2524000-0xf25240ff 64bit]
[    0.614784] pci 0000:00:1f.3: reg 0x20: [io  0xefa0-0xefbf]
[    0.615152] pci 0000:00:1c.0: PCI bridge to [bus 02]
[    0.615524] pci 0000:03:00.0: [8086:0084] type 00 class 0x028000
[    0.615854] pci 0000:03:00.0: reg 0x10: [mem 0xf2400000-0xf2401fff 64bit]
[    0.616952] pci 0000:03:00.0: PME# supported from D0 D3hot D3cold
[    0.617710] pci 0000:00:1c.1: PCI bridge to [bus 03]
[    0.617784] pci 0000:00:1c.1:   bridge window [mem 0xf2400000-0xf24fffff]
[    0.617960] pci 0000:00:1c.3: PCI bridge to [bus 05-0c]
[    0.618031] pci 0000:00:1c.3:   bridge window [io  0x4000-0x4fff]
[    0.618104] pci 0000:00:1c.3:   bridge window [mem 0xf1c00000-0xf23fffff]
[    0.618183] pci 0000:00:1c.3:   bridge window [mem 0xf0400000-0xf0bfffff 64bit pref]
[    0.618425] pci 0000:0d:00.0: [1180:e822] type 00 class 0x088001
[    0.618704] pci 0000:0d:00.0: MMC controller base frequency changed to 50Mhz.
[    0.619000] pci 0000:0d:00.0: reg 0x10: [mem 0xf1400000-0xf14000ff]
[    0.619524] pci 0000:0d:00.0: supports D1 D2
[    0.619587] pci 0000:0d:00.0: PME# supported from D0 D1 D2 D3hot D3cold
[    0.620142] pci 0000:00:1c.4: PCI bridge to [bus 0d]
[    0.620212] pci 0000:00:1c.4:   bridge window [io  0x3000-0x3fff]
[    0.620286] pci 0000:00:1c.4:   bridge window [mem 0xf1400000-0xf1bfffff]
[    0.620365] pci 0000:00:1c.4:   bridge window [mem 0xf0c00000-0xf13fffff 64bit pref]
[    0.620481] pci_bus 0000:00: on NUMA node 0
[    0.623428] ACPI: EC: interrupt unblocked
[    0.623502] ACPI: EC: event unblocked
[    0.623570] ACPI: \_SB_.PCI0.LPC_.EC__: GPE=0x11, EC_CMD/EC_SC=0x66, EC_DATA=0x62
[    0.623647] ACPI: \_SB_.PCI0.LPC_.EC__: Boot DSDT EC used to handle transactions and events
[    0.624185] pci 0000:00:02.0: vgaarb: setting as boot VGA device
[    0.624185] pci 0000:00:02.0: vgaarb: VGA device added: decodes=io+mem,owns=io+mem,locks=none
[    0.624218] pci 0000:00:02.0: vgaarb: bridge control possible
[    0.624218] vgaarb: loaded
[    0.624505] SCSI subsystem initialized
[    0.624605] libata version 3.00 loaded.
[    0.624605] ACPI: bus type USB registered
[    0.624605] usbcore: registered new interface driver usbfs
[    0.624605] usbcore: registered new interface driver hub
[    0.624657] usbcore: registered new device driver usb
[    0.624779] mc: Linux media interface: v0.10
[    0.624883] videodev: Linux video capture interface: v2.00
[    0.624982] pps_core: LinuxPPS API ver. 1 registered
[    0.625055] pps_core: Software ver. 5.3.6 - Copyright 2005-2007 Rodolfo Giometti <giometti@linux.it>
[    0.625169] PTP clock support registered
[    0.625319] EDAC MC: Ver: 3.0.0
[    0.625319] Advanced Linux Sound Architecture Driver Initialized.
[    0.628071] PCI: Using ACPI for IRQ routing
[    0.629431] PCI: pci_cache_line_size set to 64 bytes
[    0.629950] e820: reserve RAM buffer [mem 0x0009d800-0x0009ffff]
[    0.629953] e820: reserve RAM buffer [mem 0xda99f000-0xdbffffff]
[    0.629955] e820: reserve RAM buffer [mem 0xdb000000-0xdbffffff]
[    0.629957] e820: reserve RAM buffer [mem 0x19e600000-0x19fffffff]
[    0.630347] Bluetooth: Core ver 2.22
[    0.630439] NET: Registered protocol family 31
[    0.630508] Bluetooth: HCI device and connection manager initialized
[    0.630583] Bluetooth: HCI socket layer initialized
[    0.630648] Bluetooth: L2CAP socket layer initialized
[    0.630726] Bluetooth: SCO socket layer initialized
[    0.630886] clocksource: Switched to clocksource tsc-early
[    0.630886] pnp: PnP ACPI init
[    0.630886] system 00:00: [mem 0x00000000-0x0009ffff] could not be reserved
[    0.630886] system 00:00: [mem 0x000c0000-0x000c3fff] could not be reserved
[    0.630886] system 00:00: [mem 0x000c4000-0x000c7fff] could not be reserved
[    0.630886] system 00:00: [mem 0x000c8000-0x000cbfff] has been reserved
[    0.630886] system 00:00: [mem 0x000cc000-0x000cffff] has been reserved
[    0.630886] system 00:00: [mem 0x000d0000-0x000d3fff] has been reserved
[    0.630886] system 00:00: [mem 0x000d4000-0x000d7fff] has been reserved
[    0.630886] system 00:00: [mem 0x000d8000-0x000dbfff] has been reserved
[    0.630886] system 00:00: [mem 0x000dc000-0x000dffff] has been reserved
[    0.630886] system 00:00: [mem 0x000e0000-0x000e3fff] could not be reserved
[    0.630886] system 00:00: [mem 0x000e4000-0x000e7fff] could not be reserved
[    0.630886] system 00:00: [mem 0x000e8000-0x000ebfff] could not be reserved
[    0.630886] system 00:00: [mem 0x000ec000-0x000effff] could not be reserved
[    0.630886] system 00:00: [mem 0x000f0000-0x000fffff] could not be reserved
[    0.630924] system 00:00: [mem 0x00100000-0xdf9fffff] could not be reserved
[    0.630998] system 00:00: [mem 0xfec00000-0xfed3ffff] could not be reserved
[    0.631073] system 00:00: [mem 0xfed4c000-0xffffffff] could not be reserved
[    0.631169] system 00:00: Plug and Play ACPI device, IDs PNP0c01 (active)
[    0.631455] system 00:01: [io  0x0400-0x047f] has been reserved
[    0.631526] system 00:01: [io  0x0500-0x057f] has been reserved
[    0.631596] system 00:01: [io  0x0800-0x080f] has been reserved
[    0.631666] system 00:01: [io  0x15e0-0x15ef] has been reserved
[    0.631736] system 00:01: [io  0x1600-0x167f] has been reserved
[    0.631806] system 00:01: [mem 0xf8000000-0xfbffffff] has been reserved
[    0.631880] system 00:01: [mem 0x00000000-0x00000fff] could not be reserved
[    0.631954] system 00:01: [mem 0xfed1c000-0xfed1ffff] has been reserved
[    0.632026] system 00:01: [mem 0xfed10000-0xfed13fff] has been reserved
[    0.632099] system 00:01: [mem 0xfed18000-0xfed18fff] has been reserved
[    0.632171] system 00:01: [mem 0xfed19000-0xfed19fff] has been reserved
[    0.632244] system 00:01: [mem 0xfed45000-0xfed4bfff] has been reserved
[    0.632331] system 00:01: Plug and Play ACPI device, IDs PNP0c02 (active)
[    0.632479] pnp 00:02: Plug and Play ACPI device, IDs PNP0b00 (active)
[    0.632544] pnp 00:03: Plug and Play ACPI device, IDs PNP0303 (active)
[    0.632608] pnp 00:04: Plug and Play ACPI device, IDs LEN0020 PNP0f13 (active)
[    0.632748] pnp 00:05: Plug and Play ACPI device, IDs SMO1200 PNP0c31 (active)
[    0.634010] pnp: PnP ACPI: found 6 devices
[    0.640643] thermal_sys: Registered thermal governor 'step_wise'
[    0.645205] clocksource: acpi_pm: mask: 0xffffff max_cycles: 0xffffff, max_idle_ns: 2085701024 ns
[    0.645374] pci 0000:00:1c.0: bridge window [io  0x1000-0x0fff] to [bus 02] add_size 1000
[    0.645452] pci 0000:00:1c.0: bridge window [mem 0x00100000-0x000fffff 64bit pref] to [bus 02] add_size 200000 add_align 100000
[    0.645552] pci 0000:00:1c.0: bridge window [mem 0x00100000-0x000fffff] to [bus 02] add_size 200000 add_align 100000
[    0.645657] pci 0000:00:1c.0: BAR 8: assigned [mem 0xdfa00000-0xdfbfffff]
[    0.645732] pci 0000:00:1c.0: BAR 9: assigned [mem 0xdfc00000-0xdfdfffff 64bit pref]
[    0.645807] pci 0000:00:1c.0: BAR 7: assigned [io  0x2000-0x2fff]
[    0.645879] pci 0000:00:1c.0: PCI bridge to [bus 02]
[    0.645946] pci 0000:00:1c.0:   bridge window [io  0x2000-0x2fff]
[    0.646020] pci 0000:00:1c.0:   bridge window [mem 0xdfa00000-0xdfbfffff]
[    0.646095] pci 0000:00:1c.0:   bridge window [mem 0xdfc00000-0xdfdfffff 64bit pref]
[    0.646177] pci 0000:00:1c.1: PCI bridge to [bus 03]
[    0.646247] pci 0000:00:1c.1:   bridge window [mem 0xf2400000-0xf24fffff]
[    0.646329] pci 0000:00:1c.3: PCI bridge to [bus 05-0c]
[    0.646396] pci 0000:00:1c.3:   bridge window [io  0x4000-0x4fff]
[    0.646469] pci 0000:00:1c.3:   bridge window [mem 0xf1c00000-0xf23fffff]
[    0.646544] pci 0000:00:1c.3:   bridge window [mem 0xf0400000-0xf0bfffff 64bit pref]
[    0.646625] pci 0000:00:1c.4: PCI bridge to [bus 0d]
[    0.646691] pci 0000:00:1c.4:   bridge window [io  0x3000-0x3fff]
[    0.646764] pci 0000:00:1c.4:   bridge window [mem 0xf1400000-0xf1bfffff]
[    0.646839] pci 0000:00:1c.4:   bridge window [mem 0xf0c00000-0xf13fffff 64bit pref]
[    0.646921] pci_bus 0000:00: resource 4 [io  0x0000-0x0cf7 window]
[    0.646989] pci_bus 0000:00: resource 5 [io  0x0d00-0xffff window]
[    0.647058] pci_bus 0000:00: resource 6 [mem 0x000a0000-0x000bffff window]
[    0.647128] pci_bus 0000:00: resource 7 [mem 0xdfa00000-0xfebfffff window]
[    0.647199] pci_bus 0000:00: resource 8 [mem 0xfed40000-0xfed4bfff window]
[    0.647270] pci_bus 0000:02: resource 0 [io  0x2000-0x2fff]
[    0.647336] pci_bus 0000:02: resource 1 [mem 0xdfa00000-0xdfbfffff]
[    0.647404] pci_bus 0000:02: resource 2 [mem 0xdfc00000-0xdfdfffff 64bit pref]
[    0.647477] pci_bus 0000:03: resource 1 [mem 0xf2400000-0xf24fffff]
[    0.647545] pci_bus 0000:05: resource 0 [io  0x4000-0x4fff]
[    0.647611] pci_bus 0000:05: resource 1 [mem 0xf1c00000-0xf23fffff]
[    0.647680] pci_bus 0000:05: resource 2 [mem 0xf0400000-0xf0bfffff 64bit pref]
[    0.647752] pci_bus 0000:0d: resource 0 [io  0x3000-0x3fff]
[    0.647818] pci_bus 0000:0d: resource 1 [mem 0xf1400000-0xf1bfffff]
[    0.647887] pci_bus 0000:0d: resource 2 [mem 0xf0c00000-0xf13fffff 64bit pref]
[    0.648252] NET: Registered protocol family 2
[    0.648669] tcp_listen_portaddr_hash hash table entries: 4096 (order: 6, 294912 bytes, linear)
[    0.648901] TCP established hash table entries: 65536 (order: 7, 524288 bytes, linear)
[    0.649076] TCP bind hash table entries: 65536 (order: 10, 4194304 bytes, linear)
[    0.651193] TCP: Hash tables configured (established 65536 bind 65536)
[    0.651610] UDP hash table entries: 4096 (order: 7, 655360 bytes, linear)
[    0.652000] UDP-Lite hash table entries: 4096 (order: 7, 655360 bytes, linear)
[    0.652918] NET: Registered protocol family 1
[    0.653336] RPC: Registered named UNIX socket transport module.
[    0.653406] RPC: Registered udp transport module.
[    0.653470] RPC: Registered tcp transport module.
[    0.653534] RPC: Registered tcp NFSv4.1 backchannel transport module.
[    0.653887] pci 0000:00:02.0: Video device with shadowed ROM at [mem 0x000c0000-0x000dffff]
[    0.655119] PCI: CLS 64 bytes, default 64
[    0.655240] PCI-DMA: Using software bounce buffering for IO (SWIOTLB)
[    0.655310] software IO TLB: mapped [mem 0xd699f000-0xda99f000] (64MB)
[    0.657946] Initialise system trusted keyrings
[    0.658107] workingset: timestamp_bits=62 max_order=21 bucket_order=0
[    0.659405] Installing knfsd (copyright (C) 1996 okir@monad.swb.de).
[    0.660398] ntfs: driver 2.1.32 [Flags: R/W].
[    0.660633] fuse: init (API version 7.31)
[    0.665352] Key type asymmetric registered
[    0.665419] Asymmetric key parser 'x509' registered
[    0.665510] Block layer SCSI generic (bsg) driver version 0.4 loaded (major 249)
[    0.665599] io scheduler mq-deadline registered
[    0.665685] io scheduler bfq registered
[    0.665981] pcieport 0000:00:1c.0: enabling device (0000 -> 0003)
[    0.667663] intel_idle: MWAIT substates: 0x21120
[    0.667666] intel_idle: v0.4.1 model 0x2A
[    0.668280] intel_idle: lapic_timer_reliable_states 0xffffffff
[    0.668611] ACPI: Deprecated procfs I/F for AC is loaded, please retry with CONFIG_ACPI_PROCFS_POWER cleared
[    0.668861] ACPI: AC Adapter [AC] (on-line)
[    0.669122] input: Lid Switch as /devices/LNXSYSTM:00/LNXSYBUS:00/PNP0C0D:00/input/input0
[    0.672592] ACPI: Lid Switch [LID]
[    0.672761] input: Sleep Button as /devices/LNXSYSTM:00/LNXSYBUS:00/PNP0C0E:00/input/input1
[    0.676073] ACPI: Sleep Button [SLPB]
[    0.676258] input: Power Button as /devices/LNXSYSTM:00/LNXPWRBN:00/input/input2
[    0.680107] ACPI: Power Button [PWRF]
[    0.684445] thermal LNXTHERM:00: registered as thermal_zone0
[    0.684612] ACPI: Thermal Zone [THM0] (73 C)
[    0.685295] battery: ACPI: Deprecated procfs I/F for battery is loaded, please retry with CONFIG_ACPI_PROCFS_POWER cleared
[    0.685326] Serial: 8250/16550 driver, 4 ports, IRQ sharing disabled
[    0.685428] battery: ACPI: Battery Slot [BAT0] (battery absent)
[    0.686543] lp: driver loaded but no devices found
[    0.686704] Non-volatile memory driver v1.3
[    0.686978] Linux agpgart interface v0.103
[    0.687368] [drm] radeon kernel modesetting enabled.
[    0.688385] i915 0000:00:02.0: vgaarb: deactivate vga console
[    0.688923] Console: switching to colour dummy device 80x25
[    0.700057] [drm] Supports vblank timestamp caching Rev 2 (21.10.2013).
[    0.700076] [drm] Driver supports precise vblank timestamp query.
[    0.701101] i915 0000:00:02.0: vgaarb: changed VGA decodes: olddecodes=io+mem,decodes=io+mem:owns=io+mem
[    0.794077] [drm] Initialized i915 1.6.0 20190619 for 0000:00:02.0 on minor 0
[    0.796128] ACPI: Video Device [VID] (multi-head: yes  rom: no  post: no)
[    0.796742] input: Video Bus as /devices/LNXSYSTM:00/LNXSYBUS:00/PNP0A08:00/LNXVIDEO:00/input/input3
[    0.797107] usbcore: registered new interface driver udl
[    0.806321] loop: module loaded
[    0.821498] ahci 0000:00:1f.2: version 3.0
[    0.822113] ahci 0000:00:1f.2: SSS flag set, parallel bus scan disabled
[    0.836163] ahci 0000:00:1f.2: AHCI 0001.0300 32 slots 6 ports 6 Gbps 0x17 impl SATA mode
[    0.836199] ahci 0000:00:1f.2: flags: 64bit ncq sntf ilck stag pm led clo pio slum part ems sxs apst 
[    0.874498] scsi host0: ahci
[    0.874878] scsi host1: ahci
[    0.875245] scsi host2: ahci
[    0.875566] scsi host3: ahci
[    0.875876] scsi host4: ahci
[    0.876221] scsi host5: ahci
[    0.876377] ata1: SATA max UDMA/133 abar m2048@0xf2528000 port 0xf2528100 irq 19
[    0.876398] ata2: SATA max UDMA/133 abar m2048@0xf2528000 port 0xf2528180 irq 19
[    0.876428] ata3: SATA max UDMA/133 abar m2048@0xf2528000 port 0xf2528200 irq 19
[    0.876458] ata4: DUMMY
[    0.876469] ata5: SATA max UDMA/133 abar m2048@0xf2528000 port 0xf2528300 irq 19
[    0.876487] ata6: DUMMY
[    0.877339] tun: Universal TUN/TAP device driver, 1.6
[    0.877733] e1000e: Intel(R) PRO/1000 Network Driver - 3.2.6-k
[    0.877754] e1000e: Copyright(c) 1999 - 2015 Intel Corporation.
[    0.878209] e1000e 0000:00:19.0: Interrupt Throttling Rate (ints/sec) set to dynamic conservative mode
[    0.975686] e1000e 0000:00:19.0 0000:00:19.0 (uninitialized): registered PHC clock
[    1.068948] e1000e 0000:00:19.0 eth0: (PCI Express:2.5GT/s:Width x1) f0:de:f1:e3:99:75
[    1.068988] e1000e 0000:00:19.0 eth0: Intel(R) PRO/1000 Network Connection
[    1.069054] e1000e 0000:00:19.0 eth0: MAC: 10, PHY: 11, PBA No: 1000FF-0FF
[    1.069246] PPP generic driver version 2.4.2
[    1.069421] PPP BSD Compression module registered
[    1.069441] PPP Deflate Compression module registered
[    1.069458] SLIP: version 0.8.4-NET3.019-NEWTTY (dynamic channels, max=256).
[    1.069473] CSLIP: code copyright 1989 Regents of the University of California.
[    1.069538] iwl3945: Intel(R) PRO/Wireless 3945ABG/BG Network Connection driver for Linux, in-tree:ds
[    1.069570] iwl3945: Copyright(c) 2003-2011 Intel Corporation
[    1.069591] iwl3945: hw_scan is disabled
[    1.069637] Intel(R) Wireless WiFi driver for Linux
[    1.069653] Copyright(c) 2003- 2015 Intel Corporation
[    1.070172] iwlwifi 0000:03:00.0: pci_enable_msi failed - -38
[    1.070502] iwlwifi 0000:03:00.0: loaded firmware version 39.31.5.1 build 35138 op_mode iwldvm
[    1.070754] iwlwifi 0000:03:00.0: CONFIG_IWLWIFI_DEBUG disabled
[    1.070770] iwlwifi 0000:03:00.0: CONFIG_IWLWIFI_DEBUGFS disabled
[    1.070785] iwlwifi 0000:03:00.0: CONFIG_IWLWIFI_DEVICE_TRACING disabled
[    1.070801] iwlwifi 0000:03:00.0: Detected Intel(R) Centrino(R) Wireless-N 1000 BGN, REV=0x6C
[    1.088084] i915 0000:00:02.0: VGA-1: EDID is invalid:
[    1.088144] 	[00] BAD  00 ff ff ff ff ff ff 00 ff ff ff ff ff ff ff ff
[    1.088202] 	[00] BAD  ff ff ff ff ff ff ff ff ff ff ff ff ff ff ff ff
[    1.088259] 	[00] BAD  ff ff ff ff ff ff ff ff ff ff ff ff ff ff ff ff
[    1.088317] 	[00] BAD  ff ff ff ff ff ff ff ff ff ff ff ff ff ff ff ff
[    1.088377] 	[00] BAD  ff ff ff ff ff ff ff ff ff ff ff ff ff ff ff ff
[    1.088435] 	[00] BAD  ff ff ff ff ff ff ff ff ff ff ff ff ff ff ff ff
[    1.088495] 	[00] BAD  ff ff ff ff ff ff ff ff ff ff ff ff ff ff ff ff
[    1.088555] 	[00] BAD  ff ff ff ff ff ff ff ff ff ff ff ff ff ff ff ff
[    1.112793] ieee80211 phy0: Selected rate control algorithm 'iwl-agn-rs'
[    1.113371] usbcore: registered new interface driver ax88179_178a
[    1.113412] usbcore: registered new interface driver cdc_ether
[    1.113470] usbcore: registered new interface driver cdc_eem
[    1.113526] usbcore: registered new interface driver net1080
[    1.113578] usbcore: registered new interface driver cdc_subset
[    1.113633] usbcore: registered new interface driver zaurus
[    1.113699] usbcore: registered new interface driver cdc_ncm
[    1.113753] usbcore: registered new interface driver cdc_mbim
[    1.114071] ehci_hcd: USB 2.0 'Enhanced' Host Controller (EHCI) Driver
[    1.114113] ehci-pci: EHCI PCI platform driver
[    1.114442] ehci-pci 0000:00:1a.0: EHCI Host Controller
[    1.114597] ehci-pci 0000:00:1a.0: new USB bus registered, assigned bus number 1
[    1.114664] ehci-pci 0000:00:1a.0: debug port 2
[    1.118622] ehci-pci 0000:00:1a.0: cache line size of 64 is not supported
[    1.118653] ehci-pci 0000:00:1a.0: irq 16, io mem 0xf252a000
[    1.132198] ehci-pci 0000:00:1a.0: USB 2.0 started, EHCI 1.00
[    1.132452] usb usb1: New USB device found, idVendor=1d6b, idProduct=0002, bcdDevice= 5.03
[    1.132479] usb usb1: New USB device strings: Mfr=3, Product=2, SerialNumber=1
[    1.132501] usb usb1: Product: EHCI Host Controller
[    1.132516] usb usb1: Manufacturer: Linux 5.3.0-rc4+ ehci_hcd
[    1.132533] usb usb1: SerialNumber: 0000:00:1a.0
[    1.133066] hub 1-0:1.0: USB hub found
[    1.133117] hub 1-0:1.0: 3 ports detected
[    1.134014] ehci-pci 0000:00:1d.0: EHCI Host Controller
[    1.134219] ehci-pci 0000:00:1d.0: new USB bus registered, assigned bus number 2
[    1.134281] ehci-pci 0000:00:1d.0: debug port 2
[    1.138215] ehci-pci 0000:00:1d.0: cache line size of 64 is not supported
[    1.138262] ehci-pci 0000:00:1d.0: irq 23, io mem 0xf2529000
[    1.152184] ehci-pci 0000:00:1d.0: USB 2.0 started, EHCI 1.00
[    1.152384] usb usb2: New USB device found, idVendor=1d6b, idProduct=0002, bcdDevice= 5.03
[    1.152411] usb usb2: New USB device strings: Mfr=3, Product=2, SerialNumber=1
[    1.152433] usb usb2: Product: EHCI Host Controller
[    1.152448] usb usb2: Manufacturer: Linux 5.3.0-rc4+ ehci_hcd
[    1.152465] usb usb2: SerialNumber: 0000:00:1d.0
[    1.152962] hub 2-0:1.0: USB hub found
[    1.153021] hub 2-0:1.0: 3 ports detected
[    1.153602] ohci_hcd: USB 1.1 'Open' Host Controller (OHCI) Driver
[    1.153638] ohci-pci: OHCI PCI platform driver
[    1.153702] uhci_hcd: USB Universal Host Controller Interface driver
[    1.153895] usbcore: registered new interface driver cdc_acm
[    1.153914] cdc_acm: USB Abstract Control Model driver for USB modems and ISDN adapters
[    1.153989] usbcore: registered new interface driver usblp
[    1.154039] usbcore: registered new interface driver cdc_wdm
[    1.154088] usbcore: registered new interface driver usb-storage
[    1.154143] usbcore: registered new interface driver ums-sddr09
[    1.154241] usbcore: registered new interface driver usbserial_generic
[    1.154323] usbserial: USB Serial support registered for generic
[    1.154377] usbcore: registered new interface driver ch341
[    1.154410] usbserial: USB Serial support registered for ch341-uart
[    1.154471] usbcore: registered new interface driver ftdi_sio
[    1.154528] usbserial: USB Serial support registered for FTDI USB Serial Device
[    1.154584] usbcore: registered new interface driver option
[    1.154616] usbserial: USB Serial support registered for GSM modem (1-port)
[    1.154705] usbcore: registered new interface driver pl2303
[    1.154742] usbserial: USB Serial support registered for pl2303
[    1.154804] usbcore: registered new interface driver ti_usb_3410_5052
[    1.154862] usbserial: USB Serial support registered for TI USB 3410 1 port adapter
[    1.154923] usbserial: USB Serial support registered for TI USB 5052 2 port adapter
[    1.154956] ftdi_elan: driver ftdi-elan
[    1.155000] usbcore: registered new interface driver ftdi-elan
[    1.155217] i8042: PNP: PS/2 Controller [PNP0303:KBD,PNP0f13:MOU] at 0x60,0x64 irq 1,12
[    1.158815] serio: i8042 KBD port at 0x60,0x64 irq 1
[    1.158954] serio: i8042 AUX port at 0x60,0x64 irq 12
[    1.159411] mousedev: PS/2 mouse device common for all mice
[    1.160154] input: PC Speaker as /devices/platform/pcspkr/input/input5
[    1.160484] rtc_cmos 00:02: RTC can wake from S4
[    1.160763] rtc_cmos 00:02: registered as rtc0
[    1.160846] rtc_cmos 00:02: alarms up to one month, y3k, 114 bytes nvram, hpet irqs
[    1.160964] usbcore: registered new interface driver uvcvideo
[    1.160985] USB Video Class driver (1.1.1)
[    1.161001] gspca_main: v2.14.0 registered
[    1.161039] usbcore: registered new interface driver sq930x
[    1.161742] device-mapper: ioctl: 4.40.0-ioctl (2019-01-18) initialised: dm-devel@redhat.com
[    1.161774] Bluetooth: HCI UART driver ver 2.3
[    1.161791] Bluetooth: HCI UART protocol H4 registered
[    1.161805] Bluetooth: HCI UART protocol BCSP registered
[    1.161887] usbcore: registered new interface driver btusb
[    1.161907] intel_pstate: Intel P-state driver initializing
[    1.162446] sdhci: Secure Digital Host Controller Interface driver
[    1.162513] sdhci: Copyright(c) Pierre Ossman
[    1.162711] sdhci-pci 0000:0d:00.0: SDHCI controller found [1180:e822] (rev 7)
[    1.163617] input: AT Translated Set 2 keyboard as /devices/platform/i8042/serio0/input/input4
[    1.165641] mmc0 bounce up to 128 segments into one, max segment size 65536 bytes
[    1.166946] mmc0: SDHCI controller on PCI [0000:0d:00.0] using DMA
[    1.167919] hidraw: raw HID events driver (C) Jiri Kosina
[    1.171532] usbcore: registered new interface driver usbhid
[    1.171599] usbhid: USB HID core driver
[    1.173515] thinkpad_acpi: ThinkPad ACPI Extras v0.26
[    1.173532] thinkpad_acpi: http://ibm-acpi.sf.net/
[    1.173546] thinkpad_acpi: ThinkPad BIOS 8DET74WW (1.44 ), EC unknown
[    1.173565] thinkpad_acpi: Lenovo ThinkPad X220, model 42872WU
[    1.175387] thinkpad_acpi: radio switch found; radios are enabled
[    1.175648] thinkpad_acpi: Tablet mode switch found (type: MHKG), currently in laptop mode
[    1.175855] thinkpad_acpi: This ThinkPad has standard ACPI backlight brightness control, supported by the ACPI video driver
[    1.175888] thinkpad_acpi: Disabling thinkpad-acpi brightness events by default...
[    1.184341] thinkpad_acpi: rfkill switch tpacpi_bluetooth_sw: radio is unblocked
[    1.186469] thinkpad_acpi: warning: userspace override of important firmware LEDs is enabled
[    1.186513] thinkpad_acpi: Standard ACPI backlight interface available, not loading native one
[    1.186541] thinkpad_acpi: volume: disabled as there is no ALSA support in this kernel
[    1.187237] battery: new extension: ThinkPad Battery Extension
[    1.187511] input: ThinkPad Extra Buttons as /devices/platform/thinkpad_acpi/input/input8
[    1.190710] usbcore: registered new interface driver snd-usb-audio
[    1.194554] NET: Registered protocol family 17
[    1.194672] Bluetooth: RFCOMM TTY layer initialized
[    1.194690] Bluetooth: RFCOMM socket layer initialized
[    1.194721] Bluetooth: RFCOMM ver 1.11
[    1.194739] Bluetooth: BNEP (Ethernet Emulation) ver 1.3
[    1.194754] Bluetooth: BNEP filters: protocol multicast
[    1.194772] Bluetooth: BNEP socket layer initialized
[    1.194786] Bluetooth: HIDP (Human Interface Emulation) ver 1.2
[    1.194805] Bluetooth: HIDP socket layer initialized
[    1.195162] microcode: sig=0x206a7, pf=0x10, revision=0x2d
[    1.195312] microcode: Microcode Update Driver: v2.2.
[    1.195343] sched_clock: Marking stable (1183494939, 11793688)->(1205680704, -10392077)
[    1.195956] Loading compiled-in X.509 certificates
[    1.196074] ata1: SATA link up 1.5 Gbps (SStatus 113 SControl 300)
[    1.196725] Key type encrypted registered
[    1.197247] ata1.00: ACPI cmd ef/02:00:00:00:00:a0 (SET FEATURES) succeeded
[    1.197251] ata1.00: ACPI cmd f5/00:00:00:00:00:a0 (SECURITY FREEZE LOCK) filtered out
[    1.197280] ata1.00: ACPI cmd ef/10:03:00:00:00:a0 (SET FEATURES) filtered out
[    1.197369] rtc_cmos 00:02: setting system clock to 2019-08-16T10:13:30 UTC (1565950410)
[    1.197709] cfg80211: Loading compiled-in X.509 certificates for regulatory database
[    1.198121] ata1.00: ATA-8: Hitachi HTS545050A7E380, GG2OA7J0, max UDMA/133
[    1.198285] ata1.00: 976773168 sectors, multi 16: LBA48 NCQ (depth 32), AA
[    1.198686] cfg80211: Loaded X.509 cert 'sforshee: 00b28ddf47aef9cea7'
[    1.199014] platform regulatory.0: Direct firmware load for regulatory.db failed with error -2
[    1.199060] cfg80211: failed to load regulatory.db
[    1.199348] ata1.00: ACPI cmd ef/02:00:00:00:00:a0 (SET FEATURES) succeeded
[    1.199351] ata1.00: ACPI cmd f5/00:00:00:00:00:a0 (SECURITY FREEZE LOCK) filtered out
[    1.199380] ata1.00: ACPI cmd ef/10:03:00:00:00:a0 (SET FEATURES) filtered out
[    1.200337] ata1.00: configured for UDMA/133
[    1.212616] random: fast init done
[    1.292395] snd_hda_intel 0000:00:1b.0: bound 0000:00:02.0 (ops i915_audio_component_bind_ops)
[    1.295294] fbcon: i915drmfb (fb0) is primary device
[    1.314774] snd_hda_codec_generic hdaudioC0D0: autoconfig for Generic: line_outs=1 (0x1f/0x0/0x0/0x0/0x0) type:speaker
[    1.314782] snd_hda_codec_generic hdaudioC0D0:    speaker_outs=0 (0x0/0x0/0x0/0x0/0x0)
[    1.314787] snd_hda_codec_generic hdaudioC0D0:    hp_outs=1 (0x19/0x0/0x0/0x0/0x0)
[    1.314792] snd_hda_codec_generic hdaudioC0D0:    mono: mono_out=0x0
[    1.314796] snd_hda_codec_generic hdaudioC0D0:    inputs:
[    1.314803] snd_hda_codec_generic hdaudioC0D0:      Internal Mic=0x23
[    1.314809] snd_hda_codec_generic hdaudioC0D0:      Mic=0x1b
[    1.318947] snd_hda_codec_generic hdaudioC0D3: ignore pin 0x7, too many assigned pins
[    1.318950] snd_hda_codec_generic hdaudioC0D3: autoconfig for Generic: line_outs=0 (0x0/0x0/0x0/0x0/0x0) type:line
[    1.318952] snd_hda_codec_generic hdaudioC0D3:    speaker_outs=0 (0x0/0x0/0x0/0x0/0x0)
[    1.318953] snd_hda_codec_generic hdaudioC0D3:    hp_outs=0 (0x0/0x0/0x0/0x0/0x0)
[    1.318954] snd_hda_codec_generic hdaudioC0D3:    mono: mono_out=0x0
[    1.318956] snd_hda_codec_generic hdaudioC0D3:    dig-out=0x5/0x6
[    1.318957] snd_hda_codec_generic hdaudioC0D3:    inputs:
[    1.321336] input: HDA Intel PCH Mic as /devices/pci0000:00/0000:00:1b.0/sound/card0/input9
[    1.321571] input: HDA Intel PCH Headphone as /devices/pci0000:00/0000:00:1b.0/sound/card0/input10
[    1.321769] input: HDA Intel PCH HDMI as /devices/pci0000:00/0000:00:1b.0/sound/card0/input11
[    1.321921] input: HDA Intel PCH HDMI as /devices/pci0000:00/0000:00:1b.0/sound/card0/input12
[    1.453112] Console: switching to colour frame buffer device 136x42
[    1.468071] usb 1-1: new high-speed USB device number 2 using ehci-pci
[    1.469532] i915 0000:00:02.0: fb0: i915drmfb frame buffer device
[    1.476795] scsi 0:0:0:0: Direct-Access     ATA      Hitachi HTS54505 A7J0 PQ: 0 ANSI: 5
[    1.481866] sd 0:0:0:0: Attached scsi generic sg0 type 0
[    1.482003] sd 0:0:0:0: [sda] 976773168 512-byte logical blocks: (500 GB/466 GiB)
[    1.484989] sd 0:0:0:0: [sda] 4096-byte physical blocks
[    1.486782] sd 0:0:0:0: [sda] Write Protect is off
[    1.488091] usb 2-1: new high-speed USB device number 2 using ehci-pci
[    1.488415] sd 0:0:0:0: [sda] Mode Sense: 00 3a 00 00
[    1.489628] sd 0:0:0:0: [sda] Write cache: enabled, read cache: enabled, doesn't support DPO or FUA
[    1.625464] usb 1-1: New USB device found, idVendor=8087, idProduct=0024, bcdDevice= 0.00
[    1.628828] usb 1-1: New USB device strings: Mfr=0, Product=0, SerialNumber=0
[    1.633393] hub 1-1:1.0: USB hub found
[    1.637072] hub 1-1:1.0: 6 ports detected
[    1.645184] usb 2-1: New USB device found, idVendor=8087, idProduct=0024, bcdDevice= 0.00
[    1.648627] usb 2-1: New USB device strings: Mfr=0, Product=0, SerialNumber=0
[    1.651470] hub 2-1:1.0: USB hub found
[    1.653638] hub 2-1:1.0: 8 ports detected
[    1.680289] tsc: Refined TSC clocksource calibration: 2491.932 MHz
[    1.683574] clocksource: tsc: mask: 0xffffffffffffffff max_cycles: 0x23eb743f8cf, max_idle_ns: 440795273701 ns
[    1.687249] clocksource: Switched to clocksource tsc
[    1.807957] ata2: SATA link down (SStatus 0 SControl 300)
[    1.816602]  sda: sda1 sda2 sda3 sda4
[    1.823440] sd 0:0:0:0: [sda] Attached SCSI disk
[    1.928054] usb 1-1.3: new full-speed USB device number 3 using ehci-pci
[    1.944059] usb 2-1.2: new high-speed USB device number 3 using ehci-pci
[    2.043019] usb 1-1.3: New USB device found, idVendor=147e, idProduct=2016, bcdDevice= 0.02
[    2.046764] usb 1-1.3: New USB device strings: Mfr=1, Product=2, SerialNumber=0
[    2.050372] usb 1-1.3: Product: Biometric Coprocessor
[    2.053902] usb 1-1.3: Manufacturer: UPEK
[    2.055741] usb 2-1.2: New USB device found, idVendor=1a40, idProduct=0101, bcdDevice= 1.11
[    2.056946] usb 2-1.2: New USB device strings: Mfr=0, Product=1, SerialNumber=0
[    2.057903] usb 2-1.2: Product: USB 2.0 Hub
[    2.058842] psmouse serio1: synaptics: queried max coordinates: x [..5472], y [..4448]
[    2.059325] hub 2-1.2:1.0: USB hub found
[    2.061623] hub 2-1.2:1.0: 4 ports detected
[    2.136089] ata3: SATA link up 3.0 Gbps (SStatus 123 SControl 300)
[    2.137701] psmouse serio1: synaptics: Touchpad model: 1, fw: 8.0, id: 0x1e2b1, caps: 0xd001a3/0x940300/0x120c00/0x0, board id: 1611, fw id: 774180
[    2.140174] usb 1-1.4: new full-speed USB device number 4 using ehci-pci
[    2.145149] psmouse serio1: synaptics: serio: Synaptics pass-through port at isa0060/serio1/input0
[    2.153191] ata3.00: ACPI cmd ef/02:00:00:00:00:a0 (SET FEATURES) succeeded
[    2.153200] ata3.00: ACPI cmd f5/00:00:00:00:00:a0 (SECURITY FREEZE LOCK) filtered out
[    2.156036] ata3.00: ACPI cmd ef/10:03:00:00:00:a0 (SET FEATURES) filtered out
[    2.164157] ata3.00: ATA-8: KINGSTON SMS200S3240G, 60AABBF0, max UDMA/133
[    2.167262] ata3.00: 468862128 sectors, multi 1: LBA48 NCQ (depth 32), AA
[    2.174000] ata3.00: ACPI cmd ef/02:00:00:00:00:a0 (SET FEATURES) succeeded
[    2.174007] ata3.00: ACPI cmd f5/00:00:00:00:00:a0 (SECURITY FREEZE LOCK) filtered out
[    2.175444] ata3.00: ACPI cmd ef/10:03:00:00:00:a0 (SET FEATURES) filtered out
[    2.182152] ata3.00: configured for UDMA/133
[    2.185051] scsi 2:0:0:0: Direct-Access     ATA      KINGSTON SMS200S BBF0 PQ: 0 ANSI: 5
[    2.189144] sd 2:0:0:0: Attached scsi generic sg1 type 0
[    2.189554] sd 2:0:0:0: [sdb] 468862128 512-byte logical blocks: (240 GB/224 GiB)
[    2.195203] sd 2:0:0:0: [sdb] Write Protect is off
[    2.196549] sd 2:0:0:0: [sdb] Mode Sense: 00 3a 00 00
[    2.196590] sd 2:0:0:0: [sdb] Write cache: enabled, read cache: enabled, doesn't support DPO or FUA
[    2.199032]  sdb: sdb2 sdb4
[    2.199832] input: SynPS/2 Synaptics TouchPad as /devices/platform/i8042/serio1/input/input7
[    2.201987] sd 2:0:0:0: [sdb] Attached SCSI disk
[    2.263325] usb 1-1.4: New USB device found, idVendor=0a5c, idProduct=217f, bcdDevice= 7.48
[    2.267648] usb 1-1.4: New USB device strings: Mfr=1, Product=2, SerialNumber=3
[    2.271845] usb 1-1.4: Product: Broadcom Bluetooth Device
[    2.273054] usb 1-1.4: Manufacturer: Broadcom Corp
[    2.274044] usb 1-1.4: SerialNumber: 7CE9D3B855AA
[    2.276839] i2c i2c-1: sendbytes: NAK bailout.
[    2.360218] usb 1-1.6: new high-speed USB device number 5 using ehci-pci
[    2.460059] usb 2-1.2.1: new low-speed USB device number 4 using ehci-pci
[    2.480216] usb 1-1.6: New USB device found, idVendor=04f2, idProduct=b217, bcdDevice= 8.54
[    2.481983] usb 1-1.6: New USB device strings: Mfr=1, Product=2, SerialNumber=0
[    2.483583] usb 1-1.6: Product: Integrated Camera
[    2.485295] usb 1-1.6: Manufacturer: Chicony Electronics Co., Ltd.
[    2.489230] uvcvideo: Found UVC 1.00 device Integrated Camera (04f2:b217)
[    2.501230] uvcvideo 1-1.6:1.0: Entity type for entity Extension 3 was not initialized!
[    2.503019] uvcvideo 1-1.6:1.0: Entity type for entity Processing 2 was not initialized!
[    2.504850] uvcvideo 1-1.6:1.0: Entity type for entity Camera 1 was not initialized!
[    2.508194] ata5: SATA link down (SStatus 0 SControl 300)
[    2.576162] PM: Image not found (code -22)
[    2.576243] ALSA device list:
[    2.580000]   #0: HDA Intel PCH at 0xf2520000 irq 22
[    2.706711] usb 2-1.2.1: New USB device found, idVendor=06a3, idProduct=053f, bcdDevice= 0.02
[    2.710432] usb 2-1.2.1: New USB device strings: Mfr=1, Product=2, SerialNumber=3
[    2.712377] usb 2-1.2.1: Product: Saitek X36
[    2.714223] usb 2-1.2.1: Manufacturer: Saitek
[    2.716063] usb 2-1.2.1: SerialNumber: 00103464
[    2.759212] input: Saitek Saitek X36 as /devices/pci0000:00/0000:00:1d.0/usb2/2-1/2-1.2/2-1.2.1/2-1.2.1:1.0/0003:06A3:053F.0001/input/input14
[    2.763880] hid-generic 0003:06A3:053F.0001: input,hidraw0: USB HID v1.00 Joystick [Saitek Saitek X36] on usb-0000:00:1d.0-1.2.1/input0
[    2.964168] usb 2-1.2.2: new low-speed USB device number 5 using ehci-pci
[    2.970433] psmouse serio2: trackpoint: IBM TrackPoint firmware: 0x0e, buttons: 3/3
[    3.202929] usb 2-1.2.2: New USB device found, idVendor=046d, idProduct=c050, bcdDevice=27.20
[    3.206794] usb 2-1.2.2: New USB device strings: Mfr=1, Product=2, SerialNumber=0
[    3.210520] usb 2-1.2.2: Product: USB-PS/2 Optical Mouse
[    3.211747] usb 2-1.2.2: Manufacturer: Logitech
[    3.217676] input: Logitech USB-PS/2 Optical Mouse as /devices/pci0000:00/0000:00:1d.0/usb2/2-1/2-1.2/2-1.2.2/2-1.2.2:1.0/0003:046D:C050.0002/input/input15
[    3.220812] hid-generic 0003:046D:C050.0002: input,hidraw1: USB HID v1.10 Mouse [Logitech USB-PS/2 Optical Mouse] on usb-0000:00:1d.0-1.2.2/input0
[    3.232124] input: TPPS/2 IBM TrackPoint as /devices/platform/i8042/serio1/serio2/input/input13
[    3.342413] md: Waiting for all devices to be available before autodetect
[    3.346115] md: If you don't use raid, use raid=noautodetect
[    3.351369] md: Autodetecting RAID arrays.
[    3.355383] md: autorun ...
[    3.359255] md: ... autorun DONE.
[    3.369639] EXT4-fs (sdb4): mounted filesystem with ordered data mode. Opts: (null)
[    3.370792] VFS: Mounted root (ext4 filesystem) readonly on device 8:20.
[    3.372955] devtmpfs: mounted
[    3.376955] Freeing unused kernel image memory: 1088K
[    3.404236] Write protecting the kernel read-only data: 24576k
[    3.407494] Freeing unused kernel image memory: 2008K
[    3.410432] Freeing unused kernel image memory: 808K
[    3.420058] usb 2-1.2.3: new low-speed USB device number 6 using ehci-pci
[    3.424507] x86/mm: Checked W+X mappings: passed, no W+X pages found.
[    3.425504] rodata_test: all tests were successful
[    3.426491] x86/mm: Checking user space page tables
[    3.436248] x86/mm: Checked W+X mappings: passed, no W+X pages found.
[    3.437237] Run /sbin/init as init process
[    3.499078] random: systemd: uninitialized urandom read (16 bytes read)
[    3.501011] systemd[1]: systemd 215 running in system mode. (+PAM +AUDIT +SELINUX +IMA +SYSVINIT +LIBCRYPTSETUP +GCRYPT +ACL +XZ -SECCOMP -APPARMOR)
[    3.520556] systemd[1]: Detected architecture 'x86-64'.
[    3.545107] systemd[1]: Failed to insert module 'ipv6'
[    3.546809] systemd[1]: Set hostname to <duo>.
[    3.566411] random: systemd-sysv-ge: uninitialized urandom read (16 bytes read)
[    3.611918] random: systemd-sysv-ge: uninitialized urandom read (16 bytes read)
[    3.639827] usb 2-1.2.3: New USB device found, idVendor=04f2, idProduct=0111, bcdDevice= 1.02
[    3.642659] usb 2-1.2.3: New USB device strings: Mfr=1, Product=2, SerialNumber=0
[    3.645398] usb 2-1.2.3: Product: USB Keyboard
[    3.648082] usb 2-1.2.3: Manufacturer: Chicony
[    3.655948] input: Chicony USB Keyboard as /devices/pci0000:00/0000:00:1d.0/usb2/2-1/2-1.2/2-1.2.3/2-1.2.3:1.0/0003:04F2:0111.0003/input/input16
[    3.700502] systemd[1]: Binding to IPv6 address not available since kernel does not support IPv6.
[    3.701856] systemd[1]: [/lib/systemd/system/gpsd.socket:6] Failed to parse address value, ignoring: [::1]:2947
[    3.707093] systemd[1]: Starting Forward Password Requests to Wall Directory Watch.
[    3.708699] systemd[1]: Started Forward Password Requests to Wall Directory Watch.
[    3.709957] systemd[1]: Starting Remote File Systems (Pre).
[    3.713404] systemd[1]: Reached target Remote File Systems (Pre).
[    3.716789] hid-generic 0003:04F2:0111.0003: input,hidraw2: USB HID v1.10 Keyboard [Chicony USB Keyboard] on usb-0000:00:1d.0-1.2.3/input0
[    3.724006] input: Chicony USB Keyboard System Control as /devices/pci0000:00/0000:00:1d.0/usb2/2-1/2-1.2/2-1.2.3/2-1.2.3:1.1/0003:04F2:0111.0004/input/input17
[    3.780720] input: Chicony USB Keyboard Consumer Control as /devices/pci0000:00/0000:00:1d.0/usb2/2-1/2-1.2/2-1.2.3/2-1.2.3:1.1/0003:04F2:0111.0004/input/input18
[    3.786442] hid-generic 0003:04F2:0111.0004: input,hiddev96,hidraw3: USB HID v1.10 Device [Chicony USB Keyboard] on usb-0000:00:1d.0-1.2.3/input1
[    3.925875] systemd-udevd[2531]: starting version 215
[    4.133797] e1000e 0000:00:19.0 eth2: renamed from eth0
[    4.149622] systemd-udevd[2641]: renamed network interface eth0 to eth2
[    4.157577] iwlwifi 0000:03:00.0 wlan1: renamed from wlan0
[    4.176563] systemd-udevd[2640]: renamed network interface wlan0 to wlan1
[    4.180441] Bluetooth: hci0: urb (____ptrval____) failed to resubmit (2)
[    5.248966] EXT4-fs (sdb4): re-mounted. Opts: errors=remount-ro
[    5.520288] Adding 1681428k swap on /dev/sda1.  Priority:-2 extents:1 across:1681428k 
[    5.538504] random: crng init done
[    5.538506] random: 7 urandom warning(s) missed due to ratelimiting
[    6.024550] EXT4-fs (sda2): mounted filesystem with ordered data mode. Opts: errors=remount-ro
[    6.083203] EXT4-fs (sdb2): mounted filesystem with ordered data mode. Opts: errors=remount-ro
[    6.130880] systemd-journald[1951]: Received request to flush runtime journal from PID 1
[    6.826806] device-mapper: table: 251:0: thin-pool: unknown target type
[    6.827824] device-mapper: ioctl: error adding target to table
[    7.388760] i2c i2c-1: sendbytes: NAK bailout.
[    8.020744] i2c i2c-1: sendbytes: NAK bailout.
[    8.067730] iwlwifi 0000:03:00.0: Radio type=0x0-0x0-0x3
[    8.139631] iwlwifi 0000:03:00.0: Radio type=0x0-0x0-0x3
[   10.070162] e1000e: eth2 NIC Link is Up 100 Mbps Full Duplex, Flow Control: Rx/Tx
[   10.070172] e1000e 0000:00:19.0 eth2: 10/100 speed: disabling TSO
[   15.905065] i2c i2c-1: sendbytes: NAK bailout.
[   16.549074] i2c i2c-1: sendbytes: NAK bailout.
[   18.000790] i2c i2c-1: sendbytes: NAK bailout.
