[    0.000000] Linux version 4.19.0-rc8-next-20181019autobisect1539371050 (pavel@amd) (gcc version 4.9.2 (Debian 4.9.2-10+deb8u1)) #190 SMP Sat Oct 20 00:23:12 CEST 2018
[    0.000000] Disabled fast string operations
[    0.000000] x86/fpu: x87 FPU will use FXSAVE
[    0.000000] BIOS-provided physical RAM map:
[    0.000000] BIOS-e820: [mem 0x0000000000000000-0x000000000009efff] usable
[    0.000000] BIOS-e820: [mem 0x000000000009f000-0x000000000009ffff] reserved
[    0.000000] BIOS-e820: [mem 0x00000000000dc000-0x00000000000fffff] reserved
[    0.000000] BIOS-e820: [mem 0x0000000000100000-0x00000000bf6cffff] usable
[    0.000000] BIOS-e820: [mem 0x00000000bf6d0000-0x00000000bf6defff] ACPI data
[    0.000000] BIOS-e820: [mem 0x00000000bf6df000-0x00000000bf6fffff] ACPI NVS
[    0.000000] BIOS-e820: [mem 0x00000000bf700000-0x00000000bfffffff] reserved
[    0.000000] BIOS-e820: [mem 0x00000000f0000000-0x00000000f3ffffff] reserved
[    0.000000] BIOS-e820: [mem 0x00000000fec00000-0x00000000fec0ffff] reserved
[    0.000000] BIOS-e820: [mem 0x00000000fed00000-0x00000000fed003ff] reserved
[    0.000000] BIOS-e820: [mem 0x00000000fed14000-0x00000000fed19fff] reserved
[    0.000000] BIOS-e820: [mem 0x00000000fed1c000-0x00000000fed8ffff] reserved
[    0.000000] BIOS-e820: [mem 0x00000000fee00000-0x00000000fee00fff] reserved
[    0.000000] BIOS-e820: [mem 0x00000000ff800000-0x00000000ffffffff] reserved
[    0.000000] NX (Execute Disable) protection: active
[    0.000000] SMBIOS 2.4 present.
[    0.000000] DMI: LENOVO 17097HU/17097HU, BIOS 7BETD8WW (2.19 ) 03/31/2011
[    0.000000] tsc: Fast TSC calibration using PIT
[    0.000000] tsc: Detected 1828.755 MHz processor
[    0.014698] e820: update [mem 0x00000000-0x00000fff] usable ==> reserved
[    0.014704] e820: remove [mem 0x000a0000-0x000fffff] usable
[    0.014716] last_pfn = 0xbf6d0 max_arch_pfn = 0x1000000
[    0.014729] MTRR default type: uncachable
[    0.014732] MTRR fixed ranges enabled:
[    0.014735]   00000-9FFFF write-back
[    0.014738]   A0000-BFFFF uncachable
[    0.014741]   C0000-CFFFF write-protect
[    0.014744]   D0000-DBFFF uncachable
[    0.014746]   DC000-DFFFF write-back
[    0.014749]   E0000-FFFFF write-protect
[    0.014752] MTRR variable ranges enabled:
[    0.014755]   0 base 000000000 mask F80000000 write-back
[    0.014758]   1 base 080000000 mask FC0000000 write-back
[    0.014761]   2 base 0BF700000 mask FFFF00000 uncachable
[    0.014764]   3 base 0BF800000 mask FFF800000 uncachable
[    0.014767]   4 disabled
[    0.014769]   5 disabled
[    0.014771]   6 disabled
[    0.014773]   7 disabled
[    0.015847] x86/PAT: PAT not supported by CPU.
[    0.017038] x86/PAT: Configuration [0-7]: WB  WT  UC- UC  WB  WT  UC- UC  
[    0.017059] initial memory mapped: [mem 0x00000000-0x05dfffff]
[    0.017066] Base memory trampoline at [(ptrval)] 9b000 size 16384
[    0.017146] BRK [0x05879000, 0x05879fff] PGTABLE
[    0.017164] BRK [0x0587a000, 0x0587afff] PGTABLE
[    0.017175] ACPI: Early table checksum verification disabled
[    0.017357] ACPI: RSDP 0x00000000000F67C0 000024 (v02 LENOVO)
[    0.017365] ACPI: XSDT 0x00000000BF6D191C 000084 (v01 LENOVO TP-7B    00002190  LTP 00000000)
[    0.017378] ACPI: FACP 0x00000000BF6D1A00 0000F4 (v03 LENOVO TP-7B    00002190 LNVO 00000001)
[    0.017389] ACPI BIOS Warning (bug): 32/64X length mismatch in FADT/Gpe0Block: 64/32 (20181003/tbfadt-569)
[    0.017396] ACPI BIOS Warning (bug): Optional FADT field Gpe1Block has valid Address but zero Length: 0x000000000000102C/0x0 (20181003/tbfadt-624)
[    0.017406] ACPI: DSDT 0x00000000BF6D1D90 00CFB9 (v01 LENOVO TP-7B    00002190 MSFT 0100000E)
[    0.017415] ACPI: FACS 0x00000000BF6F4000 000040
[    0.017422] ACPI: FACS 0x00000000BF6F4000 000040
[    0.017429] ACPI: SSDT 0x00000000BF6D1BB4 0001DC (v01 LENOVO TP-7B    00002190 MSFT 0100000E)
[    0.017437] ACPI: ECDT 0x00000000BF6DED49 000052 (v01 LENOVO TP-7B    00002190 LNVO 00000001)
[    0.017446] ACPI: TCPA 0x00000000BF6DED9B 000032 (v02 LENOVO TP-7B    00002190 LNVO 00000001)
[    0.017454] ACPI: APIC 0x00000000BF6DEDCD 000068 (v01 LENOVO TP-7B    00002190 LNVO 00000001)
[    0.017463] ACPI: MCFG 0x00000000BF6DEE35 00003C (v01 LENOVO TP-7B    00002190 LNVO 00000001)
[    0.017471] ACPI: HPET 0x00000000BF6DEE71 000038 (v01 LENOVO TP-7B    00002190 LNVO 00000001)
[    0.017479] ACPI: BOOT 0x00000000BF6DEFD8 000028 (v01 LENOVO TP-7B    00002190  LTP 00000001)
[    0.017488] ACPI: SSDT 0x00000000BF6F2645 00025F (v01 LENOVO TP-7B    00002190 INTL 20050513)
[    0.017496] ACPI: SSDT 0x00000000BF6F28A4 0000A6 (v01 LENOVO TP-7B    00002190 INTL 20050513)
[    0.017505] ACPI: SSDT 0x00000000BF6F294A 0004F7 (v01 LENOVO TP-7B    00002190 INTL 20050513)
[    0.017513] ACPI: SSDT 0x00000000BF6F2E41 0001D8 (v01 LENOVO TP-7B    00002190 INTL 20050513)
[    0.017533] ACPI: Local APIC address 0xfee00000
[    0.017539] 2176MB HIGHMEM available.
[    0.017543] 885MB LOWMEM available.
[    0.017547]   mapped low ram: 0 - 375fe000
[    0.017551]   low ram: 0 - 375fe000
[    0.017562] BRK [0x0587b000, 0x0587bfff] PGTABLE
[    0.017567] Zone ranges:
[    0.017570]   DMA      [mem 0x0000000000001000-0x0000000000ffffff]
[    0.017575]   Normal   [mem 0x0000000001000000-0x00000000375fdfff]
[    0.017580]   HighMem  [mem 0x00000000375fe000-0x00000000bf6cffff]
[    0.017584] Movable zone start for each node
[    0.017588] Early memory node ranges
[    0.017592]   node   0: [mem 0x0000000000001000-0x000000000009efff]
[    0.017596]   node   0: [mem 0x0000000000100000-0x00000000bf6cffff]
[    0.017601] Initmem setup node 0 [mem 0x0000000000001000-0x00000000bf6cffff]
[    0.017606] On node 0 totalpages: 783982
[    0.028978]   DMA zone: 32 pages used for memmap
[    0.028981]   DMA zone: 0 pages reserved
[    0.028984]   DMA zone: 3998 pages, LIFO batch:0
[    0.029095]   Normal zone: 1740 pages used for memmap
[    0.029097]   Normal zone: 222718 pages, LIFO batch:63
[    0.034751]   HighMem zone: 557266 pages, LIFO batch:63
[    0.048955] Using APIC driver default
[    0.048972] Reserving Intel graphics memory at [mem 0xbf800000-0xbfffffff]
[    0.049457] ACPI: PM-Timer IO Port: 0x1008
[    0.049462] ACPI: Local APIC address 0xfee00000
[    0.049474] ACPI: LAPIC_NMI (acpi_id[0x00] high edge lint[0x1])
[    0.049478] ACPI: LAPIC_NMI (acpi_id[0x01] high edge lint[0x1])
[    0.049508] IOAPIC[0]: apic_id 1, version 32, address 0xfec00000, GSI 0-23
[    0.049515] ACPI: INT_SRC_OVR (bus 0 bus_irq 0 global_irq 2 dfl dfl)
[    0.049521] ACPI: INT_SRC_OVR (bus 0 bus_irq 9 global_irq 9 high level)
[    0.049526] ACPI: IRQ0 used by override.
[    0.049530] ACPI: IRQ9 used by override.
[    0.049537] Using ACPI (MADT) for SMP configuration information
[    0.049542] ACPI: HPET id: 0x8086a201 base: 0xfed00000
[    0.049556] smpboot: Allowing 2 CPUs, 0 hotplug CPUs
[    0.049597] PM: Registered nosave memory: [mem 0x00000000-0x00000fff]
[    0.049603] PM: Registered nosave memory: [mem 0x0009f000-0x0009ffff]
[    0.049607] PM: Registered nosave memory: [mem 0x000a0000-0x000dbfff]
[    0.049610] PM: Registered nosave memory: [mem 0x000dc000-0x000fffff]
[    0.049619] [mem 0xc0000000-0xefffffff] available for PCI devices
[    0.049627] clocksource: refined-jiffies: mask: 0xffffffff max_cycles: 0xffffffff, max_idle_ns: 7645519600211568 ns
[    0.049653] random: get_random_bytes called from start_kernel+0x74/0x351 with crng_init=0
[    0.049666] setup_percpu: NR_CPUS:8 nr_cpumask_bits:8 nr_cpu_ids:2 nr_node_ids:1
[    0.049927] percpu: Embedded 37 pages/cpu @(ptrval) s119144 r0 d32408 u151552
[    0.049941] pcpu-alloc: s119144 r0 d32408 u151552 alloc=37*4096
[    0.049944] pcpu-alloc: [0] 0 [0] 1 
[    0.049979] Built 1 zonelists, mobility grouping on.  Total pages: 782210
[    0.049990] Kernel command line: BOOT_IMAGE=(hd0,2)/fast/l/linux-next-32/arch/x86/boot/bzImage root=/dev/sda4 resume=/dev/sda1
[    0.050404] Dentry cache hash table entries: 131072 (order: 7, 524288 bytes)
[    0.050520] Inode-cache hash table entries: 65536 (order: 6, 262144 bytes)
[    0.050546] Initializing CPU#0
[    0.050559] Initializing HighMem for node 0 (000375fe:000bf6d0)
[    0.378115] Initializing Movable for node 0 (00000000:00000000)
[    0.455491] Memory: 3085184K/3135928K available (12373K kernel code, 708K rwdata, 4808K rodata, 640K init, 6116K bss, 50744K reserved, 0K cma-reserved, 2229064K highmem)
[    0.455502] virtual kernel memory layout:
    fixmap  : 0xffe70000 - 0xfffff000   (1596 kB)
  cpu_entry : 0xffa00000 - 0xffb31000   (1220 kB)
    pkmap   : 0xff600000 - 0xff800000   (2048 kB)
    vmalloc : 0xf7dfe000 - 0xff5fe000   ( 120 MB)
    lowmem  : 0xc0000000 - 0xf75fe000   ( 885 MB)
      .init : 0xc51a4000 - 0xc5244000   ( 640 kB)
      .data : 0xc4c15738 - 0xc5181040   (5550 kB)
      .text : 0xc4000000 - 0xc4c15738   (12373 kB)
[    0.455508] Checking if this processor honours the WP bit even in supervisor mode...Ok.
[    0.455948] Kernel/User page tables isolation: enabled
[    0.456223] rcu: Hierarchical RCU implementation.
[    0.456228] rcu: 	RCU restricting CPUs from NR_CPUS=8 to nr_cpu_ids=2.
[    0.456233] rcu: RCU calculated value of scheduler-enlistment delay is 25 jiffies.
[    0.456237] rcu: Adjusting geometry for rcu_fanout_leaf=16, nr_cpu_ids=2
[    0.456281] NR_IRQS: 2304, nr_irqs: 56, preallocated irqs: 16
[    0.456569] CPU 0 irqstacks, hard=(ptrval) soft=(ptrval)
[    0.459171] Console: colour VGA+ 80x25
[    0.467203] printk: console [tty0] enabled
[    0.467274] Lock dependency validator: Copyright (c) 2006 Red Hat, Inc., Ingo Molnar
[    0.467362] ... MAX_LOCKDEP_SUBCLASSES:  8
[    0.467433] ... MAX_LOCK_DEPTH:          48
[    0.467504] ... MAX_LOCKDEP_KEYS:        8191
[    0.467576] ... CLASSHASH_SIZE:          4096
[    0.467648] ... MAX_LOCKDEP_ENTRIES:     32768
[    0.467721] ... MAX_LOCKDEP_CHAINS:      65536
[    0.467794] ... CHAINHASH_SIZE:          32768
[    0.467867]  memory used by lock dependency info: 4351 kB
[    0.467943]  per task-struct memory footprint: 1344 bytes
[    0.468646] ACPI: Core revision 20181003
[    0.469081] ACPI: EC: EC started
[    0.469151] ACPI: EC: interrupt blocked
[    0.469262] ACPI: \: Used as first EC
[    0.469334] ACPI: \: GPE=0x1c, EC_CMD/EC_SC=0x66, EC_DATA=0x62
[    0.469415] ACPI: \: Used as boot ECDT EC to handle transactions
[    0.469623] clocksource: hpet: mask: 0xffffffff max_cycles: 0xffffffff, max_idle_ns: 133484882848 ns
[    0.469752] hpet clockevent registered
[    0.469765] APIC: Switch to symmetric I/O mode setup
[    0.469841] Enabling APIC mode:  Flat.  Using 1 I/O APICs
[    0.470477] ..TIMER: vector=0x30 apic1=0 pin1=2 apic2=-1 pin2=-1
[    0.489760] clocksource: tsc-early: mask: 0xffffffffffffffff max_cycles: 0x1a5c4550e55, max_idle_ns: 440795210880 ns
[    0.489882] Calibrating delay loop (skipped), value calculated using timer frequency.. 3657.51 BogoMIPS (lpj=7315020)
[    0.490000] pid_max: default: 32768 minimum: 301
[    0.490342] Mount-cache hash table entries: 2048 (order: 1, 8192 bytes)
[    0.490433] Mountpoint-cache hash table entries: 2048 (order: 1, 8192 bytes)
[    0.491114] *** VALIDATE proc ***
[    0.491289] *** VALIDATE cgroup1 ***
[    0.491361] *** VALIDATE cgroup2 ***
[    0.491445] Disabled fast string operations
[    0.491530] process: using mwait in idle threads
[    0.491613] Last level iTLB entries: 4KB 128, 2MB 0, 4MB 2
[    0.491693] Last level dTLB entries: 4KB 128, 2MB 0, 4MB 8, 1GB 0
[    0.491777] Spectre V2 : Mitigation: Full generic retpoline
[    0.491857] Spectre V2 : Spectre v2 / SpectreRSB mitigation: Filling RSB on context switch
[    0.491950] L1TF: System has more than MAX_PA/2 memory. L1TF mitigation not effective.
[    0.492040] L1TF: You may make it effective by booting the kernel with mem=2147483648 parameter.
[    0.492147] L1TF: However, doing so will make a part of your RAM unusable.
[    0.492232] L1TF: Reading https://www.kernel.org/doc/html/latest/admin-guide/l1tf.html might help you decide.
[    0.492576] Freeing SMP alternatives memory: 44K
[    0.497880] smpboot: CPU0: Genuine Intel(R) CPU           T2400  @ 1.83GHz (family: 0x6, model: 0xe, stepping: 0x8)
[    0.497880] Performance Events: Core events, core PMU driver.
[    0.497880] ... version:                1
[    0.497880] ... bit width:              40
[    0.497880] ... generic registers:      2
[    0.497880] ... value mask:             000000ffffffffff
[    0.497880] ... max period:             000000007fffffff
[    0.497880] ... fixed-purpose events:   0
[    0.497880] ... event mask:             0000000000000003
[    0.497880] rcu: Hierarchical SRCU implementation.
[    0.497880] NMI watchdog: Enabled. Permanently consumes one hw-PMU counter.
[    0.497955] smp: Bringing up secondary CPUs ...
[    0.498941] CPU 1 irqstacks, hard=(ptrval) soft=(ptrval)
[    0.498945] x86: Booting SMP configuration:
[    0.499026] .... node  #0, CPUs:      #1
[    0.017274] Initializing CPU#1
[    0.017274] Disabled fast string operations
[    0.501478] TSC synchronization [CPU#0 -> CPU#1]:
[    0.501785] Measured 579821 cycles TSC warp between CPUs, turning off TSC clock.
[    0.501880] tsc: Marking TSC unstable due to check_tsc_sync_source failed
[    0.502067] smp: Brought up 1 node, 2 CPUs
[    0.502067] smpboot: Max logical packages: 1
[    0.502067] smpboot: Total of 2 processors activated (7315.02 BogoMIPS)
[    0.503722] devtmpfs: initialized
[    0.503722] PM: Registering ACPI NVS region [mem 0xbf6df000-0xbf6fffff] (135168 bytes)
[    0.505961] clocksource: jiffies: mask: 0xffffffff max_cycles: 0xffffffff, max_idle_ns: 7645041785100000 ns
[    0.506789] futex hash table entries: 512 (order: 3, 32768 bytes)
[    0.507793] NET: Registered protocol family 16
[    0.509484] cpuidle: using governor ladder
[    0.509484] cpuidle: using governor menu
[    0.510012] Simple Boot Flag at 0x35 set to 0x1
[    0.510126] ACPI FADT declares the system doesn't support PCIe ASPM, so disable it
[    0.510223] ACPI: bus type PCI registered
[    0.510515] PCI: MMCONFIG for domain 0000 [bus 00-3f] at [mem 0xf0000000-0xf3ffffff] (base 0xf0000000)
[    0.510631] PCI: MMCONFIG at [mem 0xf0000000-0xf3ffffff] reserved in E820
[    0.510717] PCI: Using MMCONFIG for extended config space
[    0.510797] PCI: Using configuration type 1 for base access
[    0.511262] mtrr: your CPUs had inconsistent variable MTRR settings
[    0.511345] mtrr: probably your BIOS does not setup all CPUs.
[    0.511426] mtrr: corrected configuration.
[    0.569053] ACPI: Added _OSI(Module Device)
[    0.569135] ACPI: Added _OSI(Processor Device)
[    0.569212] ACPI: Added _OSI(3.0 _SCP Extensions)
[    0.569289] ACPI: Added _OSI(Processor Aggregator Device)
[    0.569370] ACPI: Added _OSI(Linux-Dell-Video)
[    0.569449] ACPI: Added _OSI(Linux-Lenovo-NV-HDMI-Audio)
[    0.633021] ACPI: 6 ACPI AML tables successfully acquired and loaded
[    0.657823] ACPI: Dynamic OEM Table Load:
[    0.657900] ACPI: SSDT 0x00000000F5B81C00 000240 (v01 PmRef  Cpu0Ist  00000100 INTL 20050513)
[    0.659502] ACPI: Dynamic OEM Table Load:
[    0.659591] ACPI: SSDT 0x00000000F5146800 00065A (v01 PmRef  Cpu0Cst  00000100 INTL 20050513)
[    0.663213] ACPI: Dynamic OEM Table Load:
[    0.663305] ACPI: SSDT 0x00000000F58B8400 0000C8 (v01 PmRef  Cpu1Ist  00000100 INTL 20050513)
[    0.664263] ACPI: Dynamic OEM Table Load:
[    0.664350] ACPI: SSDT 0x00000000F58BED80 000085 (v01 PmRef  Cpu1Cst  00000100 INTL 20050513)
[    0.666302] ACPI: Interpreter enabled
[    0.666471] ACPI: (supports S0 S3 S4 S5)
[    0.666553] ACPI: Using IOAPIC for interrupt routing
[    0.666770] PCI: Using host bridge windows from ACPI; if necessary, use "pci=nocrs" and report a bug
[    0.667856] ACPI: Enabled 4 GPEs in block 00 to 1F
[    0.691811] ACPI: Power Resource [PUBS] (on)
[    0.692944] acpi PNP0C0A:01: ACPI dock station (docks/bays count: 1)
[    0.700485] acpi LNXIOBAY:00: ACPI dock station (docks/bays count: 2)
[    0.716039] acpi IBM0079:00: ACPI dock station (docks/bays count: 3)
[    0.718385] ACPI: PCI Interrupt Link [LNKA] (IRQs 3 4 5 6 7 9 10 *11)
[    0.719204] ACPI: PCI Interrupt Link [LNKB] (IRQs 3 4 5 6 7 9 10 *11)
[    0.720022] ACPI: PCI Interrupt Link [LNKC] (IRQs 3 4 5 6 7 9 10 *11)
[    0.720840] ACPI: PCI Interrupt Link [LNKD] (IRQs 3 4 5 6 7 9 10 *11)
[    0.721657] ACPI: PCI Interrupt Link [LNKE] (IRQs 3 4 5 6 7 9 10 *11)
[    0.722485] ACPI: PCI Interrupt Link [LNKF] (IRQs 3 4 5 6 7 9 10 *11)
[    0.723303] ACPI: PCI Interrupt Link [LNKG] (IRQs 3 4 5 6 7 9 10 *11)
[    0.724120] ACPI: PCI Interrupt Link [LNKH] (IRQs 3 4 5 6 7 9 10 *11)
[    0.724654] ACPI: PCI Root Bridge [PCI0] (domain 0000 [bus 00-ff])
[    0.724750] acpi PNP0A08:00: _OSC: OS supports [ExtendedConfig ASPM ClockPM Segments]
[    0.725760] acpi PNP0A08:00: _OSC: not requesting OS control; OS requires [ExtendedConfig ASPM ClockPM MSI]
[    0.725900] acpi PNP0A08:00: [Firmware Info]: MMCONFIG for domain 0000 [bus 00-3f] only partially covers this bridge
[    0.726266] PCI host bridge to bus 0000:00
[    0.726346] pci_bus 0000:00: root bus resource [io  0x0000-0x0cf7 window]
[    0.726437] pci_bus 0000:00: root bus resource [io  0x0d00-0xffff window]
[    0.726528] pci_bus 0000:00: root bus resource [mem 0x000a0000-0x000bffff window]
[    0.726623] pci_bus 0000:00: root bus resource [mem 0x000d0000-0x000d3fff window]
[    0.726717] pci_bus 0000:00: root bus resource [mem 0x000d4000-0x000d7fff window]
[    0.726812] pci_bus 0000:00: root bus resource [mem 0x000d8000-0x000dbfff window]
[    0.726906] pci_bus 0000:00: root bus resource [mem 0xc0000000-0xfebfffff window]
[    0.727001] pci_bus 0000:00: root bus resource [mem 0xfed40000-0xfed40fff window]
[    0.727097] pci_bus 0000:00: root bus resource [bus 00-ff]
[    0.727210] pci 0000:00:00.0: [8086:27a0] type 00 class 0x060000
[    0.727658] pci 0000:00:02.0: [8086:27a2] type 00 class 0x030000
[    0.727680] pci 0000:00:02.0: reg 0x10: [mem 0xee100000-0xee17ffff]
[    0.727690] pci 0000:00:02.0: reg 0x14: [io  0x1800-0x1807]
[    0.727701] pci 0000:00:02.0: reg 0x18: [mem 0xd0000000-0xdfffffff pref]
[    0.727712] pci 0000:00:02.0: reg 0x1c: [mem 0xee200000-0xee23ffff]
[    0.728156] pci 0000:00:02.1: [8086:27a6] type 00 class 0x038000
[    0.728175] pci 0000:00:02.1: reg 0x10: [mem 0xee180000-0xee1fffff]
[    0.728656] pci 0000:00:1b.0: [8086:27d8] type 00 class 0x040300
[    0.728700] pci 0000:00:1b.0: reg 0x10: [mem 0xee240000-0xee243fff 64bit]
[    0.728858] pci 0000:00:1b.0: PME# supported from D0 D3hot D3cold
[    0.729304] pci 0000:00:1c.0: [8086:27d0] type 01 class 0x060400
[    0.729477] pci 0000:00:1c.0: PME# supported from D0 D3hot D3cold
[    0.729921] pci 0000:00:1c.1: [8086:27d2] type 01 class 0x060400
[    0.730095] pci 0000:00:1c.1: PME# supported from D0 D3hot D3cold
[    0.730533] pci 0000:00:1c.2: [8086:27d4] type 01 class 0x060400
[    0.730707] pci 0000:00:1c.2: PME# supported from D0 D3hot D3cold
[    0.731148] pci 0000:00:1c.3: [8086:27d6] type 01 class 0x060400
[    0.731322] pci 0000:00:1c.3: PME# supported from D0 D3hot D3cold
[    0.731764] pci 0000:00:1d.0: [8086:27c8] type 00 class 0x0c0300
[    0.731842] pci 0000:00:1d.0: reg 0x20: [io  0x1820-0x183f]
[    0.732286] pci 0000:00:1d.1: [8086:27c9] type 00 class 0x0c0300
[    0.732363] pci 0000:00:1d.1: reg 0x20: [io  0x1840-0x185f]
[    0.732799] pci 0000:00:1d.2: [8086:27ca] type 00 class 0x0c0300
[    0.732875] pci 0000:00:1d.2: reg 0x20: [io  0x1860-0x187f]
[    0.733319] pci 0000:00:1d.3: [8086:27cb] type 00 class 0x0c0300
[    0.733395] pci 0000:00:1d.3: reg 0x20: [io  0x1880-0x189f]
[    0.733837] pci 0000:00:1d.7: [8086:27cc] type 00 class 0x0c0320
[    0.733886] pci 0000:00:1d.7: reg 0x10: [mem 0xee444000-0xee4443ff]
[    0.734025] pci 0000:00:1d.7: PME# supported from D0 D3hot D3cold
[    0.734435] pci 0000:00:1e.0: [8086:2448] type 01 class 0x060401
[    0.734947] pci 0000:00:1f.0: [8086:27b9] type 00 class 0x060100
[    0.735102] pci 0000:00:1f.0: quirk: [io  0x1000-0x107f] claimed by ICH6 ACPI/GPIO/TCO
[    0.735205] pci 0000:00:1f.0: quirk: [io  0x1180-0x11bf] claimed by ICH6 GPIO
[    0.735300] pci 0000:00:1f.0: ICH7 LPC Generic IO decode 1 PIO at 1600 (mask 007f)
[    0.735397] pci 0000:00:1f.0: ICH7 LPC Generic IO decode 2 PIO at 15e0 (mask 000f)
[    0.735493] pci 0000:00:1f.0: ICH7 LPC Generic IO decode 3 PIO at 1680 (mask 001f)
[    0.736016] pci 0000:00:1f.1: [8086:27df] type 00 class 0x01018a
[    0.736046] pci 0000:00:1f.1: reg 0x10: [io  0x0000-0x0007]
[    0.736061] pci 0000:00:1f.1: reg 0x14: [io  0x0000-0x0003]
[    0.736077] pci 0000:00:1f.1: reg 0x18: [io  0x0000-0x0007]
[    0.736093] pci 0000:00:1f.1: reg 0x1c: [io  0x0000-0x0003]
[    0.736110] pci 0000:00:1f.1: reg 0x20: [io  0x1810-0x181f]
[    0.736143] pci 0000:00:1f.1: legacy IDE quirk: reg 0x10: [io  0x01f0-0x01f7]
[    0.736235] pci 0000:00:1f.1: legacy IDE quirk: reg 0x14: [io  0x03f6]
[    0.736324] pci 0000:00:1f.1: legacy IDE quirk: reg 0x18: [io  0x0170-0x0177]
[    0.736416] pci 0000:00:1f.1: legacy IDE quirk: reg 0x1c: [io  0x0376]
[    0.736906] pci 0000:00:1f.2: [8086:27c5] type 00 class 0x010601
[    0.736941] pci 0000:00:1f.2: reg 0x10: [io  0x18d0-0x18d7]
[    0.736956] pci 0000:00:1f.2: reg 0x14: [io  0x18c4-0x18c7]
[    0.736973] pci 0000:00:1f.2: reg 0x18: [io  0x18c8-0x18cf]
[    0.736989] pci 0000:00:1f.2: reg 0x1c: [io  0x18c0-0x18c3]
[    0.737005] pci 0000:00:1f.2: reg 0x20: [io  0x18b0-0x18bf]
[    0.737021] pci 0000:00:1f.2: reg 0x24: [mem 0xee444400-0xee4447ff]
[    0.737104] pci 0000:00:1f.2: PME# supported from D3hot
[    0.737518] pci 0000:00:1f.3: [8086:27da] type 00 class 0x0c0500
[    0.737615] pci 0000:00:1f.3: reg 0x20: [io  0x18e0-0x18ff]
[    0.738290] pci 0000:02:00.0: [8086:109a] type 00 class 0x020000
[    0.738355] pci 0000:02:00.0: reg 0x10: [mem 0xee000000-0xee01ffff]
[    0.738403] pci 0000:02:00.0: reg 0x18: [io  0x2000-0x201f]
[    0.738654] pci 0000:02:00.0: PME# supported from D0 D3hot D3cold
[    0.738718] pci 0000:02:00.0: 2.000 Gb/s available PCIe bandwidth, limited by 2.5 GT/s x1 link at 0000:00:1c.0 (capable of 7.876 Gb/s with 8 GT/s x1 link)
[    0.739105] pci 0000:00:1c.0: PCI bridge to [bus 02]
[    0.739192] pci 0000:00:1c.0:   bridge window [io  0x2000-0x2fff]
[    0.739199] pci 0000:00:1c.0:   bridge window [mem 0xee000000-0xee0fffff]
[    0.739468] pci 0000:03:00.0: [8086:4227] type 00 class 0x028000
[    0.739575] pci 0000:03:00.0: reg 0x10: [mem 0xedf00000-0xedf00fff]
[    0.740078] pci 0000:03:00.0: PME# supported from D0 D3hot D3cold
[    0.740181] pci 0000:03:00.0: 2.000 Gb/s available PCIe bandwidth, limited by 2.5 GT/s x1 link at 0000:00:1c.1 (capable of 7.876 Gb/s with 8 GT/s x1 link)
[    0.740570] pci 0000:00:1c.1: PCI bridge to [bus 03]
[    0.740656] pci 0000:00:1c.1:   bridge window [io  0x3000-0x4fff]
[    0.740664] pci 0000:00:1c.1:   bridge window [mem 0xec000000-0xedffffff]
[    0.740675] pci 0000:00:1c.1:   bridge window [mem 0xe4000000-0xe40fffff 64bit pref]
[    0.740818] pci 0000:00:1c.2: PCI bridge to [bus 04-0b]
[    0.740905] pci 0000:00:1c.2:   bridge window [io  0x5000-0x6fff]
[    0.740913] pci 0000:00:1c.2:   bridge window [mem 0xe8000000-0xe9ffffff]
[    0.740924] pci 0000:00:1c.2:   bridge window [mem 0xe4100000-0xe41fffff 64bit pref]
[    0.741072] pci 0000:00:1c.3: PCI bridge to [bus 0c-13]
[    0.741159] pci 0000:00:1c.3:   bridge window [io  0x7000-0x8fff]
[    0.741167] pci 0000:00:1c.3:   bridge window [mem 0xea000000-0xebffffff]
[    0.741178] pci 0000:00:1c.3:   bridge window [mem 0xe4200000-0xe42fffff 64bit pref]
[    0.741222] pci_bus 0000:15: extended config space not accessible
[    0.741419] pci 0000:15:00.0: [1180:0476] type 02 class 0x060700
[    0.741451] pci 0000:15:00.0: reg 0x10: [mem 0xe4300000-0xe4300fff]
[    0.741521] pci 0000:15:00.0: supports D1 D2
[    0.741525] pci 0000:15:00.0: PME# supported from D0 D1 D2 D3hot D3cold
[    0.741776] pci 0000:15:00.1: [1180:0552] type 00 class 0x0c0010
[    0.741805] pci 0000:15:00.1: reg 0x10: [mem 0xe4301000-0xe43017ff]
[    0.741960] pci 0000:15:00.1: PME# supported from D0 D3hot D3cold
[    0.742165] pci 0000:15:00.2: [1180:0822] type 00 class 0x080500
[    0.742193] pci 0000:15:00.2: reg 0x10: [mem 0xe4301800-0xe43018ff]
[    0.742337] pci 0000:15:00.2: supports D1 D2
[    0.742341] pci 0000:15:00.2: PME# supported from D0 D1 D2 D3hot D3cold
[    0.742615] pci 0000:00:1e.0: PCI bridge to [bus 15-18] (subtractive decode)
[    0.742712] pci 0000:00:1e.0:   bridge window [io  0x9000-0xcfff]
[    0.742719] pci 0000:00:1e.0:   bridge window [mem 0xe4300000-0xe7ffffff]
[    0.742730] pci 0000:00:1e.0:   bridge window [mem 0xe0000000-0xe3ffffff 64bit pref]
[    0.742736] pci 0000:00:1e.0:   bridge window [io  0x0000-0x0cf7 window] (subtractive decode)
[    0.742740] pci 0000:00:1e.0:   bridge window [io  0x0d00-0xffff window] (subtractive decode)
[    0.742745] pci 0000:00:1e.0:   bridge window [mem 0x000a0000-0x000bffff window] (subtractive decode)
[    0.742750] pci 0000:00:1e.0:   bridge window [mem 0x000d0000-0x000d3fff window] (subtractive decode)
[    0.742754] pci 0000:00:1e.0:   bridge window [mem 0x000d4000-0x000d7fff window] (subtractive decode)
[    0.742759] pci 0000:00:1e.0:   bridge window [mem 0x000d8000-0x000dbfff window] (subtractive decode)
[    0.742763] pci 0000:00:1e.0:   bridge window [mem 0xc0000000-0xfebfffff window] (subtractive decode)
[    0.742768] pci 0000:00:1e.0:   bridge window [mem 0xfed40000-0xfed40fff window] (subtractive decode)
[    0.742813] pci_bus 0000:16: extended config space not accessible
[    0.742991] pci_bus 0000:16: busn_res: [bus 16-18] end is updated to 17
[    0.743045] pci_bus 0000:00: on NUMA node 0
[    0.750492] ACPI: EC: interrupt unblocked
[    0.750605] ACPI: EC: event unblocked
[    0.750712] ACPI: \_SB_.PCI0.LPC_.EC__: GPE=0x1c, EC_CMD/EC_SC=0x66, EC_DATA=0x62
[    0.750808] ACPI: \_SB_.PCI0.LPC_.EC__: Used as boot DSDT EC to handle transactions and events
[    0.751838] pci 0000:00:02.0: vgaarb: setting as boot VGA device
[    0.751928] pci 0000:00:02.0: vgaarb: VGA device added: decodes=io+mem,owns=io+mem,locks=none
[    0.752064] pci 0000:00:02.0: vgaarb: bridge control possible
[    0.752145] vgaarb: loaded
[    0.752759] SCSI subsystem initialized
[    0.753119] libata version 3.00 loaded.
[    0.753331] ACPI: bus type USB registered
[    0.753532] usbcore: registered new interface driver usbfs
[    0.753679] usbcore: registered new interface driver hub
[    0.753822] usbcore: registered new device driver usb
[    0.754018] media: Linux media interface: v0.10
[    0.754137] videodev: Linux video capture interface: v2.00
[    0.754289] pps_core: LinuxPPS API ver. 1 registered
[    0.754368] pps_core: Software ver. 5.3.6 - Copyright 2005-2007 Rodolfo Giometti <giometti@linux.it>
[    0.754513] PTP clock support registered
[    0.755125] EDAC MC: Ver: 3.0.0
[    0.755727] Advanced Linux Sound Architecture Driver Initialized.
[    0.755727] PCI: Using ACPI for IRQ routing
[    0.759466] PCI: pci_cache_line_size set to 64 bytes
[    0.759792] e820: reserve RAM buffer [mem 0x0009f000-0x0009ffff]
[    0.759800] e820: reserve RAM buffer [mem 0xbf6d0000-0xbfffffff]
[    0.760460] Bluetooth: Core ver 2.22
[    0.760612] NET: Registered protocol family 31
[    0.760687] Bluetooth: HCI device and connection manager initialized
[    0.760784] Bluetooth: HCI socket layer initialized
[    0.760865] Bluetooth: L2CAP socket layer initialized
[    0.760964] Bluetooth: SCO socket layer initialized
[    0.762297] clocksource: Switched to clocksource hpet
[    0.762793] pnp: PnP ACPI init
[    0.765850] system 00:00: [mem 0x00000000-0x0009ffff] could not be reserved
[    0.765880] system 00:00: [mem 0x000c0000-0x000c3fff] could not be reserved
[    0.765880] system 00:00: [mem 0x000c4000-0x000c7fff] could not be reserved
[    0.765880] system 00:00: [mem 0x000c8000-0x000cbfff] has been reserved
[    0.765982] system 00:00: [mem 0x000cc000-0x000cffff] has been reserved
[    0.766076] system 00:00: [mem 0x000dc000-0x000dffff] could not be reserved
[    0.766171] system 00:00: [mem 0x000e0000-0x000e3fff] could not be reserved
[    0.766265] system 00:00: [mem 0x000e4000-0x000e7fff] could not be reserved
[    0.766360] system 00:00: [mem 0x000e8000-0x000ebfff] could not be reserved
[    0.766454] system 00:00: [mem 0x000ec000-0x000effff] could not be reserved
[    0.766549] system 00:00: [mem 0x000f0000-0x000fffff] could not be reserved
[    0.766644] system 00:00: [mem 0x00100000-0xbfffffff] could not be reserved
[    0.766739] system 00:00: [mem 0xfec00000-0xfed3ffff] could not be reserved
[    0.766834] system 00:00: [mem 0xfed41000-0xffffffff] could not be reserved
[    0.766976] system 00:00: Plug and Play ACPI device, IDs PNP0c01 (active)
[    0.767477] system 00:01: [io  0x164e-0x164f] has been reserved
[    0.767569] system 00:01: [io  0x1000-0x107f] has been reserved
[    0.767657] system 00:01: [io  0x1180-0x11bf] has been reserved
[    0.767746] system 00:01: [io  0x0800-0x080f] has been reserved
[    0.767834] system 00:01: [io  0x15e0-0x15ef] has been reserved
[    0.767924] system 00:01: [io  0x1600-0x165f] could not be reserved
[    0.768014] system 00:01: [mem 0xf0000000-0xf3ffffff] has been reserved
[    0.768105] system 00:01: [mem 0xfed1c000-0xfed1ffff] has been reserved
[    0.768197] system 00:01: [mem 0xfed14000-0xfed17fff] has been reserved
[    0.768290] system 00:01: [mem 0xfed18000-0xfed18fff] has been reserved
[    0.768381] system 00:01: [mem 0xfed19000-0xfed19fff] has been reserved
[    0.768506] system 00:01: Plug and Play ACPI device, IDs PNP0c02 (active)
[    0.768807] pnp 00:02: Plug and Play ACPI device, IDs PNP0b00 (active)
[    0.768939] pnp 00:03: Plug and Play ACPI device, IDs PNP0303 (active)
[    0.769074] pnp 00:04: Plug and Play ACPI device, IDs IBM3780 PNP0f13 (active)
[    0.769810] pnp 00:05: [dma 3]
[    0.770046] pnp 00:05: Plug and Play ACPI device, IDs IBM0071 PNP0511 (active)
[    0.770274] pnp 00:06: Plug and Play ACPI device, IDs ATM1200 PNP0c31 (active)
[    0.772613] pnp: PnP ACPI: found 7 devices
[    0.820286] clocksource: acpi_pm: mask: 0xffffff max_cycles: 0xffffff, max_idle_ns: 2085701024 ns
[    0.820430] pci 0000:00:1c.0: bridge window [mem 0x00100000-0x000fffff 64bit pref] to [bus 02] add_size 200000 add_align 100000
[    0.820515] pci 0000:00:1c.0: BAR 9: assigned [mem 0xc0000000-0xc01fffff 64bit pref]
[    0.820610] pci 0000:00:1c.0: PCI bridge to [bus 02]
[    0.820691] pci 0000:00:1c.0:   bridge window [io  0x2000-0x2fff]
[    0.820780] pci 0000:00:1c.0:   bridge window [mem 0xee000000-0xee0fffff]
[    0.820870] pci 0000:00:1c.0:   bridge window [mem 0xc0000000-0xc01fffff 64bit pref]
[    0.820968] pci 0000:00:1c.1: PCI bridge to [bus 03]
[    0.821049] pci 0000:00:1c.1:   bridge window [io  0x3000-0x4fff]
[    0.821138] pci 0000:00:1c.1:   bridge window [mem 0xec000000-0xedffffff]
[    0.821228] pci 0000:00:1c.1:   bridge window [mem 0xe4000000-0xe40fffff 64bit pref]
[    0.821326] pci 0000:00:1c.2: PCI bridge to [bus 04-0b]
[    0.821407] pci 0000:00:1c.2:   bridge window [io  0x5000-0x6fff]
[    0.821496] pci 0000:00:1c.2:   bridge window [mem 0xe8000000-0xe9ffffff]
[    0.821586] pci 0000:00:1c.2:   bridge window [mem 0xe4100000-0xe41fffff 64bit pref]
[    0.821684] pci 0000:00:1c.3: PCI bridge to [bus 0c-13]
[    0.821765] pci 0000:00:1c.3:   bridge window [io  0x7000-0x8fff]
[    0.821853] pci 0000:00:1c.3:   bridge window [mem 0xea000000-0xebffffff]
[    0.821961] pci 0000:00:1c.3:   bridge window [mem 0xe4200000-0xe42fffff 64bit pref]
[    0.822070] pci 0000:15:00.0: BAR 9: assigned [mem 0xe0000000-0xe3ffffff pref]
[    0.822163] pci 0000:15:00.0: BAR 10: assigned [mem 0xc4000000-0xc7ffffff]
[    0.822251] pci 0000:15:00.0: BAR 7: assigned [io  0x9000-0x90ff]
[    0.822336] pci 0000:15:00.0: BAR 8: assigned [io  0x9400-0x94ff]
[    0.822427] pci 0000:15:00.0: CardBus bridge to [bus 16-17]
[    0.822508] pci 0000:15:00.0:   bridge window [io  0x9000-0x90ff]
[    0.822596] pci 0000:15:00.0:   bridge window [io  0x9400-0x94ff]
[    0.822683] pci 0000:15:00.0:   bridge window [mem 0xe0000000-0xe3ffffff pref]
[    0.822775] pci 0000:15:00.0:   bridge window [mem 0xc4000000-0xc7ffffff]
[    0.822865] pci 0000:00:1e.0: PCI bridge to [bus 15-18]
[    0.822947] pci 0000:00:1e.0:   bridge window [io  0x9000-0xcfff]
[    0.823035] pci 0000:00:1e.0:   bridge window [mem 0xe4300000-0xe7ffffff]
[    0.823126] pci 0000:00:1e.0:   bridge window [mem 0xe0000000-0xe3ffffff 64bit pref]
[    0.823225] pci_bus 0000:00: resource 4 [io  0x0000-0x0cf7 window]
[    0.823229] pci_bus 0000:00: resource 5 [io  0x0d00-0xffff window]
[    0.823233] pci_bus 0000:00: resource 6 [mem 0x000a0000-0x000bffff window]
[    0.823237] pci_bus 0000:00: resource 7 [mem 0x000d0000-0x000d3fff window]
[    0.823241] pci_bus 0000:00: resource 8 [mem 0x000d4000-0x000d7fff window]
[    0.823245] pci_bus 0000:00: resource 9 [mem 0x000d8000-0x000dbfff window]
[    0.823249] pci_bus 0000:00: resource 10 [mem 0xc0000000-0xfebfffff window]
[    0.823253] pci_bus 0000:00: resource 11 [mem 0xfed40000-0xfed40fff window]
[    0.823257] pci_bus 0000:02: resource 0 [io  0x2000-0x2fff]
[    0.823261] pci_bus 0000:02: resource 1 [mem 0xee000000-0xee0fffff]
[    0.823265] pci_bus 0000:02: resource 2 [mem 0xc0000000-0xc01fffff 64bit pref]
[    0.823270] pci_bus 0000:03: resource 0 [io  0x3000-0x4fff]
[    0.823273] pci_bus 0000:03: resource 1 [mem 0xec000000-0xedffffff]
[    0.823277] pci_bus 0000:03: resource 2 [mem 0xe4000000-0xe40fffff 64bit pref]
[    0.823282] pci_bus 0000:04: resource 0 [io  0x5000-0x6fff]
[    0.823286] pci_bus 0000:04: resource 1 [mem 0xe8000000-0xe9ffffff]
[    0.823290] pci_bus 0000:04: resource 2 [mem 0xe4100000-0xe41fffff 64bit pref]
[    0.823294] pci_bus 0000:0c: resource 0 [io  0x7000-0x8fff]
[    0.823298] pci_bus 0000:0c: resource 1 [mem 0xea000000-0xebffffff]
[    0.823302] pci_bus 0000:0c: resource 2 [mem 0xe4200000-0xe42fffff 64bit pref]
[    0.823305] pci_bus 0000:15: resource 0 [io  0x9000-0xcfff]
[    0.823309] pci_bus 0000:15: resource 1 [mem 0xe4300000-0xe7ffffff]
[    0.823313] pci_bus 0000:15: resource 2 [mem 0xe0000000-0xe3ffffff 64bit pref]
[    0.823317] pci_bus 0000:15: resource 4 [io  0x0000-0x0cf7 window]
[    0.823321] pci_bus 0000:15: resource 5 [io  0x0d00-0xffff window]
[    0.823325] pci_bus 0000:15: resource 6 [mem 0x000a0000-0x000bffff window]
[    0.823329] pci_bus 0000:15: resource 7 [mem 0x000d0000-0x000d3fff window]
[    0.823333] pci_bus 0000:15: resource 8 [mem 0x000d4000-0x000d7fff window]
[    0.823337] pci_bus 0000:15: resource 9 [mem 0x000d8000-0x000dbfff window]
[    0.823341] pci_bus 0000:15: resource 10 [mem 0xc0000000-0xfebfffff window]
[    0.823345] pci_bus 0000:15: resource 11 [mem 0xfed40000-0xfed40fff window]
[    0.823349] pci_bus 0000:16: resource 0 [io  0x9000-0x90ff]
[    0.823353] pci_bus 0000:16: resource 1 [io  0x9400-0x94ff]
[    0.823357] pci_bus 0000:16: resource 2 [mem 0xe0000000-0xe3ffffff pref]
[    0.823361] pci_bus 0000:16: resource 3 [mem 0xc4000000-0xc7ffffff]
[    0.823816] NET: Registered protocol family 2
[    0.825422] tcp_listen_portaddr_hash hash table entries: 512 (order: 2, 20480 bytes)
[    0.825566] TCP established hash table entries: 8192 (order: 3, 32768 bytes)
[    0.825719] TCP bind hash table entries: 8192 (order: 6, 294912 bytes)
[    0.826530] TCP: Hash tables configured (established 8192 bind 8192)
[    0.826949] UDP hash table entries: 512 (order: 3, 40960 bytes)
[    0.827107] UDP-Lite hash table entries: 512 (order: 3, 40960 bytes)
[    0.827418] NET: Registered protocol family 1
[    0.829131] RPC: Registered named UNIX socket transport module.
[    0.829219] RPC: Registered udp transport module.
[    0.829297] RPC: Registered tcp transport module.
[    0.829376] RPC: Registered tcp NFSv4.1 backchannel transport module.
[    0.830045] pci 0000:00:02.0: Video device with shadowed ROM at [mem 0x000c0000-0x000dffff]
[    0.834119] PCI: CLS mismatch (64 != 32), using 64 bytes
[    0.836841] Initialise system trusted keyrings
[    0.837311] workingset: timestamp_bits=31 max_order=20 bucket_order=0
[    0.839340] Installing knfsd (copyright (C) 1996 okir@monad.swb.de).
[    0.839845] ntfs: driver 2.1.32 [Flags: R/W].
[    0.840152] fuse init (API version 7.28)
[    0.848634] Key type asymmetric registered
[    0.848720] Asymmetric key parser 'x509' registered
[    0.848933] bounce: pool size: 64 pages
[    0.849089] Block layer SCSI generic (bsg) driver version 0.4 loaded (major 249)
[    0.849190] io scheduler noop registered
[    0.849265] io scheduler deadline registered
[    0.849381] io scheduler cfq registered (default)
[    0.849459] io scheduler mq-deadline registered
[    0.849571] io scheduler bfq registered
[    0.852085] intel_idle: does not run on family 6 model 14
[    0.852959] ACPI: Deprecated procfs I/F for AC is loaded, please retry with CONFIG_ACPI_PROCFS_POWER cleared
[    0.853248] ACPI: AC Adapter [AC] (on-line)
[    0.853649] input: Lid Switch as /devices/LNXSYSTM:00/LNXSYBUS:00/PNP0C0D:00/input/input0
[    0.854156] ACPI: Lid Switch [LID]
[    0.854445] input: Sleep Button as /devices/LNXSYSTM:00/LNXSYBUS:00/PNP0C0E:00/input/input1
[    0.854847] ACPI: Sleep Button [SLPB]
[    0.855164] input: Power Button as /devices/LNXSYSTM:00/LNXPWRBN:00/input/input2
[    0.855309] ACPI: Power Button [PWRF]
[    0.855828] ACPI: Video Device [VID] (multi-head: yes  rom: no  post: no)
[    0.863346] acpi device:01: registered as cooling_device0
[    0.863810] input: Video Bus as /devices/LNXSYSTM:00/LNXSYBUS:00/PNP0A08:00/LNXVIDEO:00/input/input3
[    0.880032] thermal LNXTHERM:00: registered as thermal_zone0
[    0.880121] ACPI: Thermal Zone [THM0] (80 C)
[    0.883906] thermal LNXTHERM:01: registered as thermal_zone1
[    0.883993] ACPI: Thermal Zone [THM1] (81 C)
[    0.884784] Serial: 8250/16550 driver, 4 ports, IRQ sharing disabled
[    0.885571] serial8250: ttyS1 at I/O 0x2f8 (irq = 3, base_baud = 921600) is a NS16550A
[    0.888578] lp: driver loaded but no devices found
[    0.888861] Non-volatile memory driver v1.3
[    0.889370] intel_rng: FWH not detected
[    0.889532] Linux agpgart interface v0.103
[    0.890413] [drm] radeon kernel modesetting enabled.
[    0.891707] pci 0000:00:00.0: Intel 945GM Chipset
[    0.891855] pci 0000:00:00.0: detected gtt size: 262144K total, 262144K mappable
[    0.892552] pci 0000:00:00.0: detected 8192K stolen memory
[    0.892856] [drm] Replacing VGA console driver
[    0.894029] Console: switching to colour dummy device 80x25
[    0.895582] [drm] Supports vblank timestamp caching Rev 2 (21.10.2013).
[    0.895617] [drm] Driver supports precise vblank timestamp query.
[    0.895661] resource sanity check: requesting [mem 0x000c0000-0x000dffff], which spans more than pnp 00:00 [mem 0x000c8000-0x000cbfff]
[    0.895729] caller pci_map_rom+0x67/0x1d0 mapping multiple BARs
[    0.897406] i915 0000:00:02.0: vgaarb: changed VGA decodes: olddecodes=io+mem,decodes=io+mem:owns=io+mem
[    0.917996] battery: ACPI: Deprecated procfs I/F for battery is loaded, please retry with CONFIG_ACPI_PROCFS_POWER cleared
[    0.918075] battery: ACPI: Battery Slot [BAT0] (battery present)
[    0.953953] random: fast init done
[    0.987381] [drm] RC6 disabled, disabling runtime PM support
[    0.987599] [drm] Initialized overlay support.
[    0.989249] [drm] Initialized i915 1.6.0 20180921 for 0000:00:02.0 on minor 0
[    0.990347] usbcore: registered new interface driver udl
[    1.002980] loop: module loaded
[    1.012619] fbcon: inteldrmfb (fb0) is primary device
[    1.026735] ahci 0000:00:1f.2: version 3.0
[    1.027476] ahci 0000:00:1f.2: AHCI 0001.0100 32 slots 4 ports 1.5 Gbps 0x1 impl SATA mode
[    1.027482] ahci 0000:00:1f.2: flags: 64bit ncq pm led clo pio slum part 
[    1.029855] scsi host0: ahci
[    1.030442] scsi host1: ahci
[    1.030943] scsi host2: ahci
[    1.031418] scsi host3: ahci
[    1.031654] ata1: SATA max UDMA/133 abar m1024@0xee444400 port 0xee444500 irq 16
[    1.031656] ata2: DUMMY
[    1.031658] ata3: DUMMY
[    1.031659] ata4: DUMMY
[    1.031835] ata_piix 0000:00:1f.1: version 2.13
[    1.034927] scsi host4: ata_piix
[    1.036038] scsi host5: ata_piix
[    1.036240] ata5: PATA max UDMA/100 cmd 0x1f0 ctl 0x3f6 bmdma 0x1810 irq 14
[    1.036243] ata6: PATA max UDMA/100 cmd 0x170 ctl 0x376 bmdma 0x1818 irq 15
[    1.037526] tun: Universal TUN/TAP device driver, 1.6
[    1.038105] e1000: Intel(R) PRO/1000 Network Driver - version 7.3.21-k8-NAPI
[    1.038107] e1000: Copyright (c) 1999-2006 Intel Corporation.
[    1.038183] e1000e: Intel(R) PRO/1000 Network Driver - 3.2.6-k
[    1.038185] e1000e: Copyright(c) 1999 - 2015 Intel Corporation.
[    1.038304] e1000e 0000:02:00.0: Disabling ASPM  L1
[    1.038716] e1000e 0000:02:00.0: Interrupt Throttling Rate (ints/sec) set to dynamic conservative mode
[    1.039037] ata6: port disabled--ignoring
[    1.178806] e1000e 0000:02:00.0 eth0: (PCI Express:2.5GT/s:Width x1) 00:16:d3:25:19:04
[    1.178810] e1000e 0000:02:00.0 eth0: Intel(R) PRO/1000 Network Connection
[    1.178889] e1000e 0000:02:00.0 eth0: MAC: 2, PHY: 2, PBA No: 005302-003
[    1.179156] PPP generic driver version 2.4.2
[    1.179403] PPP BSD Compression module registered
[    1.179405] PPP Deflate Compression module registered
[    1.179408] SLIP: version 0.8.4-NET3.019-NEWTTY (dynamic channels, max=256).
[    1.179410] CSLIP: code copyright 1989 Regents of the University of California.
[    1.179500] iwl3945: Intel(R) PRO/Wireless 3945ABG/BG Network Connection driver for Linux, in-tree:ds
[    1.179502] iwl3945: Copyright(c) 2003-2011 Intel Corporation
[    1.179503] iwl3945: hw_scan is disabled
[    1.234576] iwl3945 0000:03:00.0: Tunable channels: 11 802.11bg, 13 802.11a channels
[    1.234580] iwl3945 0000:03:00.0: Detected Intel Wireless WiFi Link 3945ABG
[    1.235481] ieee80211 phy0: Selected rate control algorithm 'iwl-3945-rs'
[    1.236410] Intel(R) Wireless WiFi driver for Linux
[    1.236411] Copyright(c) 2003- 2015 Intel Corporation
[    1.236654] usbcore: registered new interface driver ax88179_178a
[    1.236696] usbcore: registered new interface driver cdc_ether
[    1.236740] usbcore: registered new interface driver net1080
[    1.236783] usbcore: registered new interface driver cdc_subset
[    1.236825] usbcore: registered new interface driver zaurus
[    1.236883] usbcore: registered new interface driver cdc_ncm
[    1.236968] pci 0000:00:1e.0: enabling device (0005 -> 0007)
[    1.237193] yenta_cardbus 0000:15:00.0: CardBus bridge found [17aa:201c]
[    1.346015] ata1: SATA link up 1.5 Gbps (SStatus 113 SControl 300)
[    1.406882] ata1.00: ACPI cmd ef/02:00:00:00:00:a0 (SET FEATURES) succeeded
[    1.406888] ata1.00: ACPI cmd f5/00:00:00:00:00:a0 (SECURITY FREEZE LOCK) filtered out
[    1.406892] ata1.00: ACPI cmd ef/10:03:00:00:00:a0 (SET FEATURES) filtered out
[    1.450897] ata1.00: ATA-9: ST1000LM014-1EJ164, SM11, max UDMA/133
[    1.450900] ata1.00: 1953525168 sectors, multi 16: LBA48 NCQ (depth 32), AA
[    1.495587] ata1.00: ACPI cmd ef/02:00:00:00:00:a0 (SET FEATURES) succeeded
[    1.495591] ata1.00: ACPI cmd f5/00:00:00:00:00:a0 (SECURITY FREEZE LOCK) filtered out
[    1.495595] ata1.00: ACPI cmd ef/10:03:00:00:00:a0 (SET FEATURES) filtered out
[    1.539652] ata1.00: configured for UDMA/133
[    1.693045] Console: switching to colour frame buffer device 102x42
[    1.814978] i915 0000:00:02.0: fb0: inteldrmfb frame buffer device
[    1.818053] scsi 0:0:0:0: Direct-Access     ATA      ST1000LM014-1EJ1 SM11 PQ: 0 ANSI: 5
[    1.821773] sd 0:0:0:0: [sda] 1953525168 512-byte logical blocks: (1.00 TB/932 GiB)
[    1.821804] sd 0:0:0:0: Attached scsi generic sg0 type 0
[    1.824395] sd 0:0:0:0: [sda] 4096-byte physical blocks
[    1.829533] sd 0:0:0:0: [sda] Write Protect is off
[    1.831997] sd 0:0:0:0: [sda] Mode Sense: 00 3a 00 00
[    1.832156] sd 0:0:0:0: [sda] Write cache: enabled, read cache: enabled, doesn't support DPO or FUA
[    1.837000]  sda: sda1 sda2 sda3 sda4
[    1.841689] sd 0:0:0:0: [sda] Attached SCSI disk
[    1.979060] yenta_cardbus 0000:15:00.0: ISA IRQ mask 0x0cb8, PCI irq 16
[    1.981654] yenta_cardbus 0000:15:00.0: Socket status: 30000006
[    1.984247] yenta_cardbus 0000:15:00.0: pcmcia: parent PCI bridge window: [io  0x9000-0xcfff]
[    1.986846] yenta_cardbus 0000:15:00.0: pcmcia: parent PCI bridge window: [mem 0xe4300000-0xe7ffffff]
[    1.989353] pcmcia_socket pcmcia_socket0: cs: memory probe 0xe4300000-0xe7ffffff:
[    1.991858]  excluding 0xe4300000-0xe46cffff
[    1.994397] yenta_cardbus 0000:15:00.0: pcmcia: parent PCI bridge window: [mem 0xe0000000-0xe3ffffff 64bit pref]
[    1.997015] pcmcia_socket pcmcia_socket0: cs: memory probe 0xe0000000-0xe3ffffff:
[    1.999713]  excluding 0xe0000000-0xe3ffffff
[    2.003367] ehci_hcd: USB 2.0 'Enhanced' Host Controller (EHCI) Driver
[    2.006050] ehci-pci: EHCI PCI platform driver
[    2.009169] ehci-pci 0000:00:1d.7: EHCI Host Controller
[    2.012464] ehci-pci 0000:00:1d.7: new USB bus registered, assigned bus number 1
[    2.015295] ehci-pci 0000:00:1d.7: debug port 1
[    2.022078] ehci-pci 0000:00:1d.7: cache line size of 64 is not supported
[    2.022130] ehci-pci 0000:00:1d.7: irq 19, io mem 0xee444000
[    2.037993] ehci-pci 0000:00:1d.7: USB 2.0 started, EHCI 1.00
[    2.041452] usb usb1: New USB device found, idVendor=1d6b, idProduct=0002, bcdDevice= 4.19
[    2.044397] usb usb1: New USB device strings: Mfr=3, Product=2, SerialNumber=1
[    2.047299] usb usb1: Product: EHCI Host Controller
[    2.050153] usb usb1: Manufacturer: Linux 4.19.0-rc8-next-20181019autobisect1539371050 ehci_hcd
[    2.053069] usb usb1: SerialNumber: 0000:00:1d.7
[    2.056679] hub 1-0:1.0: USB hub found
[    2.059647] hub 1-0:1.0: 8 ports detected
[    2.064411] ohci_hcd: USB 1.1 'Open' Host Controller (OHCI) Driver
[    2.067229] ohci-pci: OHCI PCI platform driver
[    2.070082] uhci_hcd: USB Universal Host Controller Interface driver
[    2.073360] uhci_hcd 0000:00:1d.0: UHCI Host Controller
[    2.076424] uhci_hcd 0000:00:1d.0: new USB bus registered, assigned bus number 2
[    2.079281] uhci_hcd 0000:00:1d.0: detected 2 ports
[    2.082056] uhci_hcd 0000:00:1d.0: irq 16, io base 0x00001820
[    2.085208] usb usb2: New USB device found, idVendor=1d6b, idProduct=0001, bcdDevice= 4.19
[    2.088031] usb usb2: New USB device strings: Mfr=3, Product=2, SerialNumber=1
[    2.090822] usb usb2: Product: UHCI Host Controller
[    2.093587] usb usb2: Manufacturer: Linux 4.19.0-rc8-next-20181019autobisect1539371050 uhci_hcd
[    2.096438] usb usb2: SerialNumber: 0000:00:1d.0
[    2.099757] hub 2-0:1.0: USB hub found
[    2.102606] hub 2-0:1.0: 2 ports detected
[    2.106378] uhci_hcd 0000:00:1d.1: UHCI Host Controller
[    2.109307] uhci_hcd 0000:00:1d.1: new USB bus registered, assigned bus number 3
[    2.112066] uhci_hcd 0000:00:1d.1: detected 2 ports
[    2.114810] uhci_hcd 0000:00:1d.1: irq 17, io base 0x00001840
[    2.117873] usb usb3: New USB device found, idVendor=1d6b, idProduct=0001, bcdDevice= 4.19
[    2.120620] usb usb3: New USB device strings: Mfr=3, Product=2, SerialNumber=1
[    2.123249] usb usb3: Product: UHCI Host Controller
[    2.125759] usb usb3: Manufacturer: Linux 4.19.0-rc8-next-20181019autobisect1539371050 uhci_hcd
[    2.128359] usb usb3: SerialNumber: 0000:00:1d.1
[    2.131512] hub 3-0:1.0: USB hub found
[    2.134143] hub 3-0:1.0: 2 ports detected
[    2.137775] uhci_hcd 0000:00:1d.2: UHCI Host Controller
[    2.140539] uhci_hcd 0000:00:1d.2: new USB bus registered, assigned bus number 4
[    2.143114] uhci_hcd 0000:00:1d.2: detected 2 ports
[    2.145663] uhci_hcd 0000:00:1d.2: irq 18, io base 0x00001860
[    2.148612] usb usb4: New USB device found, idVendor=1d6b, idProduct=0001, bcdDevice= 4.19
[    2.151222] usb usb4: New USB device strings: Mfr=3, Product=2, SerialNumber=1
[    2.153758] usb usb4: Product: UHCI Host Controller
[    2.156262] usb usb4: Manufacturer: Linux 4.19.0-rc8-next-20181019autobisect1539371050 uhci_hcd
[    2.158842] usb usb4: SerialNumber: 0000:00:1d.2
[    2.161976] hub 4-0:1.0: USB hub found
[    2.164554] hub 4-0:1.0: 2 ports detected
[    2.168177] uhci_hcd 0000:00:1d.3: UHCI Host Controller
[    2.170971] uhci_hcd 0000:00:1d.3: new USB bus registered, assigned bus number 5
[    2.173508] uhci_hcd 0000:00:1d.3: detected 2 ports
[    2.176038] uhci_hcd 0000:00:1d.3: irq 19, io base 0x00001880
[    2.178943] usb usb5: New USB device found, idVendor=1d6b, idProduct=0001, bcdDevice= 4.19
[    2.181493] usb usb5: New USB device strings: Mfr=3, Product=2, SerialNumber=1
[    2.184057] usb usb5: Product: UHCI Host Controller
[    2.186588] usb usb5: Manufacturer: Linux 4.19.0-rc8-next-20181019autobisect1539371050 uhci_hcd
[    2.189167] usb usb5: SerialNumber: 0000:00:1d.3
[    2.192291] hub 5-0:1.0: USB hub found
[    2.194900] hub 5-0:1.0: 2 ports detected
[    2.198268] usbcore: registered new interface driver cdc_acm
[    2.200660] cdc_acm: USB Abstract Control Model driver for USB modems and ISDN adapters
[    2.203224] usbcore: registered new interface driver usblp
[    2.205820] usbcore: registered new interface driver usb-storage
[    2.208374] usbcore: registered new interface driver ums-sddr09
[    2.210957] usbcore: registered new interface driver usbserial_generic
[    2.213426] usbserial: USB Serial support registered for generic
[    2.215938] usbcore: registered new interface driver ch341
[    2.218374] usbserial: USB Serial support registered for ch341-uart
[    2.220830] usbcore: registered new interface driver ftdi_sio
[    2.223264] usbserial: USB Serial support registered for FTDI USB Serial Device
[    2.225782] usbcore: registered new interface driver option
[    2.228207] usbserial: USB Serial support registered for GSM modem (1-port)
[    2.230790] usbcore: registered new interface driver pl2303
[    2.233292] usbserial: USB Serial support registered for pl2303
[    2.235850] usbcore: registered new interface driver ti_usb_3410_5052
[    2.238391] usbserial: USB Serial support registered for TI USB 3410 1 port adapter
[    2.240977] usbserial: USB Serial support registered for TI USB 5052 2 port adapter
[    2.243524] ftdi_elan: driver ftdi-elan
[    2.246029] usbcore: registered new interface driver ftdi-elan
[    2.248680] i8042: PNP: PS/2 Controller [PNP0303:KBD,PNP0f13:MOU] at 0x60,0x64 irq 1,12
[    2.261630] serio: i8042 KBD port at 0x60,0x64 irq 1
[    2.264167] serio: i8042 AUX port at 0x60,0x64 irq 12
[    2.267377] mousedev: PS/2 mouse device common for all mice
[    2.270960] input: PC Speaker as /devices/platform/pcspkr/input/input4
[    2.274340] rtc_cmos 00:02: RTC can wake from S4
[    2.277393] rtc_cmos 00:02: registered as rtc0
[    2.280073] rtc_cmos 00:02: alarms up to one month, y3k, 114 bytes nvram, hpet irqs
[    2.282776] usbcore: registered new interface driver uvcvideo
[    2.285307] USB Video Class driver (1.1.1)
[    2.287786] gspca_main: v2.14.0 registered
[    2.290293] usbcore: registered new interface driver sq930x
[    2.294092] device-mapper: ioctl: 4.39.0-ioctl (2018-04-03) initialised: dm-devel@redhat.com
[    2.296629] Bluetooth: HCI UART driver ver 2.3
[    2.299115] Bluetooth: HCI UART protocol H4 registered
[    2.301566] Bluetooth: HCI UART protocol BCSP registered
[    2.304176] usbcore: registered new interface driver btusb
[    2.306782] sdhci: Secure Digital Host Controller Interface driver
[    2.309228] sdhci: Copyright(c) Pierre Ossman
[    2.311679] sdhci-pci 0000:15:00.2: SDHCI controller found [1180:0822] (rev 18)
[    2.314525] sdhci-pci 0000:15:00.2: Will use DMA mode even though HW doesn't fully claim to support it.
[    2.317631] mmc0 bounce up to 128 segments into one, max segment size 65536 bytes
[    2.320342] sdhci-pci 0000:15:00.2: Will use DMA mode even though HW doesn't fully claim to support it.
[    2.323676] mmc0: SDHCI controller on PCI [0000:15:00.2] using DMA
[    2.326685] hidraw: raw HID events driver (C) Jiri Kosina
[    2.330765] usbcore: registered new interface driver usbhid
[    2.333526] usbhid: USB HID core driver
[    2.336527] sdhci-pci 0000:15:00.2: Will use DMA mode even though HW doesn't fully claim to support it.
[    2.338607] thinkpad_acpi: ThinkPad ACPI Extras v0.26
[    2.340410] input: AT Translated Set 2 keyboard as /devices/platform/i8042/serio0/input/input5
[    2.342242] thinkpad_acpi: http://ibm-acpi.sf.net/
[    2.348065] thinkpad_acpi: ThinkPad BIOS 7BETD8WW (2.19 ), EC 7BHT40WW-1.13
[    2.351060] thinkpad_acpi: Lenovo ThinkPad X60, model 17097HU
[    2.360911] thinkpad_acpi: ACPI backlight control delay disabled
[    2.364273] thinkpad_acpi: radio switch found; radios are enabled
[    2.367205] thinkpad_acpi: This ThinkPad has standard ACPI backlight brightness control, supported by the ACPI video driver
[    2.373067] thinkpad_acpi: Disabling thinkpad-acpi brightness events by default...
[    2.387467] thinkpad_acpi: rfkill switch tpacpi_bluetooth_sw: radio is unblocked
[    2.393140] thinkpad_acpi: warning: userspace override of important firmware LEDs is enabled
[    2.401935] thinkpad_acpi: Standard ACPI backlight interface available, not loading native one
[    2.405232] thinkpad_acpi: volume: disabled as there is no ALSA support in this kernel
[    2.409191] thinkpad_acpi: battery 1 registered (start 0, stop 0)
[    2.409199] battery: new extension: ThinkPad Battery Extension
[    2.415633] input: ThinkPad Extra Buttons as /devices/platform/thinkpad_acpi/input/input7
[    2.419345] gnss: GNSS driver registered with major 245
[    2.427174] snd_hda_intel 0000:00:1b.0: probe_mask set to 0x1 for device 17aa:2010
[    2.430830] usbcore: registered new interface driver snd-usb-audio
[    2.436229] NET: Registered protocol family 17
[    2.439533] Bluetooth: RFCOMM TTY layer initialized
[    2.442710] Bluetooth: RFCOMM socket layer initialized
[    2.445861] Bluetooth: RFCOMM ver 1.11
[    2.448997] Bluetooth: BNEP (Ethernet Emulation) ver 1.3
[    2.452140] Bluetooth: BNEP filters: protocol multicast
[    2.455241] Bluetooth: BNEP socket layer initialized
[    2.458333] Bluetooth: HIDP (Human Interface Emulation) ver 1.2
[    2.460189] snd_hda_codec_analog hdaudioC0D0: autoconfig for AD1981: line_outs=1 (0x5/0x0/0x0/0x0/0x0) type:speaker
[    2.461385] Bluetooth: HIDP socket layer initialized
[    2.467645] snd_hda_codec_analog hdaudioC0D0:    speaker_outs=0 (0x0/0x0/0x0/0x0/0x0)
[    2.471000] microcode: sig=0x6e8, pf=0x20, revision=0x39
[    2.473749] snd_hda_codec_analog hdaudioC0D0:    hp_outs=0 (0x0/0x0/0x0/0x0/0x0)
[    2.479937] snd_hda_codec_analog hdaudioC0D0:    mono: mono_out=0x0
[    2.480366] microcode: Microcode Update Driver: v2.2.
[    2.480372] Using IPI No-Shortcut mode
[    2.483069] snd_hda_codec_analog hdaudioC0D0:    inputs:
[    2.487020] Loading compiled-in X.509 certificates
[    2.488945] snd_hda_codec_analog hdaudioC0D0:      Mic=0x8
[    2.493095] Key type encrypted registered
[    2.494657] snd_hda_codec_analog hdaudioC0D0:      CD=0x19
[    2.504039] rtc_cmos 00:02: setting system clock to 2018-10-19 22:26:21 UTC (1539987981)
[    2.510661] cfg80211: Loading compiled-in X.509 certificates for regulatory database
[    2.516381] cfg80211: Loaded X.509 cert 'sforshee: 00b28ddf47aef9cea7'
[    2.519953] platform regulatory.0: Direct firmware load for regulatory.db failed with error -2
[    2.519969] PM: Image not found (code -22)
[    2.522844] cfg80211: failed to load regulatory.db
[    2.525673] ALSA device list:
[    2.528438]   #0: HDA Intel at 0xee240000 irq 17
[    2.617962] usb 2-1: new full-speed USB device number 2 using uhci_hcd
[    2.818061] usb 2-1: New USB device found, idVendor=0a12, idProduct=0001, bcdDevice=88.91
[    2.823042] usb 2-1: New USB device strings: Mfr=0, Product=2, SerialNumber=0
[    2.827967] usb 2-1: Product: CSR8510 A10
[    2.994231] psmouse serio1: trackpoint: IBM TrackPoint firmware: 0x0e, buttons: 3/3
[    3.018164] input: TPPS/2 IBM TrackPoint as /devices/platform/i8042/serio1/input/input8
[    3.027126] md: Waiting for all devices to be available before autodetect
[    3.030780] md: If you don't use raid, use raid=noautodetect
[    3.035400] md: Autodetecting RAID arrays.
[    3.039040] md: autorun ...
[    3.042606] md: ... autorun DONE.
[    3.057663] EXT4-fs (sda4): mounted filesystem with ordered data mode. Opts: (null)
[    3.061525] VFS: Mounted root (ext4 filesystem) readonly on device 8:4.
[    3.067185] devtmpfs: mounted
[    3.071803] Freeing unused kernel image memory: 640K
[    3.086136] Write protecting kernel text and read-only data: 17212k
[    3.089852] NX-protecting the kernel data: 8104k
[    3.094667] x86/mm: Checked W+X mappings: passed, no W+X pages found.
[    3.098340] rodata_test: all tests were successful
[    3.101997] x86/mm: Checking user space page tables
[    3.105646] x86/mm: Checked W+X mappings: passed, no W+X pages found.
[    3.108394] Run /sbin/init as init process
[    3.513980] usb 5-1: new full-speed USB device number 2 using uhci_hcd
[    3.538653] random: systemd: uninitialized urandom read (16 bytes read)
[    3.544106] systemd[1]: systemd 215 running in system mode. (+PAM +AUDIT +SELINUX +IMA +SYSVINIT +LIBCRYPTSETUP +GCRYPT +ACL +XZ -SECCOMP -APPARMOR)
[    3.570240] systemd[1]: Detected architecture 'x86'.
[    3.682041] systemd[1]: Failed to insert module 'ipv6'
[    3.686611] systemd[1]: Set hostname to <amd>.
[    3.719030] usb 5-1: New USB device found, idVendor=0a5c, idProduct=2110, bcdDevice= 1.00
[    3.723034] usb 5-1: New USB device strings: Mfr=1, Product=2, SerialNumber=0
[    3.726763] usb 5-1: Product: BCM2045B
[    3.729566] usb 5-1: Manufacturer: Broadcom Corp
[    3.782313] random: systemd-sysv-ge: uninitialized urandom read (16 bytes read)
[    4.201750] random: systemd-sysv-ge: uninitialized urandom read (16 bytes read)
[    4.564190] systemd[1]: Binding to IPv6 address not available since kernel does not support IPv6.
[    4.567947] systemd[1]: [/lib/systemd/system/gpsd.socket:6] Failed to parse address value, ignoring: [::1]:2947
[    4.578973] systemd[1]: Starting Forward Password Requests to Wall Directory Watch.
[    4.582333] systemd[1]: Started Forward Password Requests to Wall Directory Watch.
[    4.585102] systemd[1]: Starting Remote File Systems (Pre).
[    4.590964] systemd[1]: Reached target Remote File Systems (Pre).
[    4.621939] usb 5-2: new full-speed USB device number 3 using uhci_hcd
[    4.817032] usb 5-2: New USB device found, idVendor=0483, idProduct=2016, bcdDevice= 0.01
[    4.817038] usb 5-2: New USB device strings: Mfr=1, Product=2, SerialNumber=0
[    4.817042] usb 5-2: Product: Biometric Coprocessor
[    4.817047] usb 5-2: Manufacturer: STMicroelectronics
[    5.333310] systemd-udevd[2378]: starting version 215
[    5.495672] random: crng init done
[    5.498574] random: 7 urandom warning(s) missed due to ratelimiting
[    6.386827] EXT4-fs (sda4): re-mounted. Opts: errors=remount-ro
[    6.703157] e1000e 0000:02:00.0 eth1: renamed from eth0
[    6.723688] systemd-udevd[2441]: renamed network interface eth0 to eth1
[    8.161711] Adding 2097148k swap on /dev/sda1.  Priority:-2 extents:1 across:2097148k 
[    8.384638] EXT4-fs (sda2): mounted filesystem with ordered data mode. Opts: errors=remount-ro
[    8.485809] systemd-journald[1978]: Received request to flush runtime journal from PID 1
[   17.173140] iwl3945 0000:03:00.0: loaded firmware version 15.32.2.9
[   19.655697] wlan0: authenticate with 00:00:00:00:00:01
[   19.658781] wlan0: send auth to 00:00:00:00:00:01 (try 1/3)
[   19.660768] wlan0: authenticated
[   19.662101] wlan0: associate with 00:00:00:00:00:01 (try 1/3)
[   19.664947] wlan0: RX AssocResp from 00:00:00:00:00:01 (capab=0x401 status=0 aid=2)
[   19.667269] wlan0: associated
