[    0.000000] Linux version 4.16.0 (pavel@duo) (gcc version 4.9.2 (Debian 4.9.2-10+deb8u1)) #159 SMP Mon Apr 2 09:28:35 CEST 2018
[    0.000000] Command line: BOOT_IMAGE=(hd0,2)/fast/l/linux-64/arch/x86/boot/bzImage root=/dev/sda4 resume=/dev/sda1
[    0.000000] Disabled fast string operations
[    0.000000] x86/fpu: Supporting XSAVE feature 0x001: 'x87 floating point registers'
[    0.000000] x86/fpu: Supporting XSAVE feature 0x002: 'SSE registers'
[    0.000000] x86/fpu: Supporting XSAVE feature 0x004: 'AVX registers'
[    0.000000] x86/fpu: xstate_offset[2]:  576, xstate_sizes[2]:  256
[    0.000000] x86/fpu: Enabled xstate features 0x7, context size is 832 bytes, using 'standard' format.
[    0.000000] e820: BIOS-provided physical RAM map:
[    0.000000] BIOS-e820: [mem 0x0000000000000000-0x000000000009d7ff] usable
[    0.000000] BIOS-e820: [mem 0x000000000009d800-0x000000000009ffff] reserved
[    0.000000] BIOS-e820: [mem 0x00000000000e0000-0x00000000000fffff] reserved
[    0.000000] BIOS-e820: [mem 0x0000000000100000-0x000000001fffffff] usable
[    0.000000] BIOS-e820: [mem 0x0000000020000000-0x00000000201fffff] reserved
[    0.000000] BIOS-e820: [mem 0x0000000020200000-0x000000003fffffff] usable
[    0.000000] BIOS-e820: [mem 0x0000000040000000-0x00000000401fffff] reserved
[    0.000000] BIOS-e820: [mem 0x0000000040200000-0x00000000da99efff] usable
[    0.000000] BIOS-e820: [mem 0x00000000da99f000-0x00000000dae9efff] reserved
[    0.000000] BIOS-e820: [mem 0x00000000dae9f000-0x00000000daf9efff] ACPI NVS
[    0.000000] BIOS-e820: [mem 0x00000000daf9f000-0x00000000daffefff] ACPI data
[    0.000000] BIOS-e820: [mem 0x00000000dafff000-0x00000000daffffff] usable
[    0.000000] BIOS-e820: [mem 0x00000000db000000-0x00000000df9fffff] reserved
[    0.000000] BIOS-e820: [mem 0x00000000f8000000-0x00000000fbffffff] reserved
[    0.000000] BIOS-e820: [mem 0x00000000fec00000-0x00000000fec00fff] reserved
[    0.000000] BIOS-e820: [mem 0x00000000fed08000-0x00000000fed08fff] reserved
[    0.000000] BIOS-e820: [mem 0x00000000fed10000-0x00000000fed19fff] reserved
[    0.000000] BIOS-e820: [mem 0x00000000fed1c000-0x00000000fed1ffff] reserved
[    0.000000] BIOS-e820: [mem 0x00000000fee00000-0x00000000fee00fff] reserved
[    0.000000] BIOS-e820: [mem 0x00000000ffd20000-0x00000000ffffffff] reserved
[    0.000000] BIOS-e820: [mem 0x0000000100000000-0x000000019e5fffff] usable
[    0.000000] BIOS-e820: [mem 0x000000019e600000-0x000000019e7fffff] reserved
[    0.000000] NX (Execute Disable) protection: active
[    0.000000] random: fast init done
[    0.000000] SMBIOS 2.6 present.
[    0.000000] DMI: LENOVO 42872WU/42872WU, BIOS 8DET73WW (1.43 ) 10/12/2016
[    0.000000] e820: update [mem 0x00000000-0x00000fff] usable ==> reserved
[    0.000000] e820: remove [mem 0x000a0000-0x000fffff] usable
[    0.000000] e820: last_pfn = 0x19e600 max_arch_pfn = 0x400000000
[    0.000000] MTRR default type: uncachable
[    0.000000] MTRR fixed ranges enabled:
[    0.000000]   00000-9FFFF write-back
[    0.000000]   A0000-BFFFF uncachable
[    0.000000]   C0000-FFFFF write-protect
[    0.000000] MTRR variable ranges enabled:
[    0.000000]   0 base 0FFC00000 mask FFFC00000 write-protect
[    0.000000]   1 base 000000000 mask F80000000 write-back
[    0.000000]   2 base 080000000 mask FC0000000 write-back
[    0.000000]   3 base 0C0000000 mask FE0000000 write-back
[    0.000000]   4 base 0DC000000 mask FFC000000 uncachable
[    0.000000]   5 base 0DB000000 mask FFF000000 uncachable
[    0.000000]   6 base 100000000 mask F80000000 write-back
[    0.000000]   7 base 180000000 mask FE0000000 write-back
[    0.000000]   8 base 19F000000 mask FFF000000 uncachable
[    0.000000]   9 base 19E800000 mask FFF800000 uncachable
[    0.000000] x86/PAT: Configuration [0-7]: WB  WC  UC- UC  WB  WP  UC- WT  
[    0.000000] e820: last_pfn = 0xdb000 max_arch_pfn = 0x400000000
[    0.000000] Base memory trampoline at [        (ptrval)] 97000 size 24576
[    0.000000] reserving inaccessible SNB gfx pages
[    0.000000] BRK [0x064d2000, 0x064d2fff] PGTABLE
[    0.000000] BRK [0x064d3000, 0x064d3fff] PGTABLE
[    0.000000] BRK [0x064d4000, 0x064d4fff] PGTABLE
[    0.000000] BRK [0x064d5000, 0x064d5fff] PGTABLE
[    0.000000] BRK [0x064d6000, 0x064d6fff] PGTABLE
[    0.000000] BRK [0x064d7000, 0x064d7fff] PGTABLE
[    0.000000] ACPI: Early table checksum verification disabled
[    0.000000] ACPI: RSDP 0x00000000000F00E0 000024 (v02 LENOVO)
[    0.000000] ACPI: XSDT 0x00000000DAFFE120 0000AC (v01 LENOVO TP-8D    00001430 PTEC 00000002)
[    0.000000] ACPI: FACP 0x00000000DAFE7000 0000F4 (v04 LENOVO TP-8D    00001430 PTL  00000002)
[    0.000000] ACPI: DSDT 0x00000000DAFEA000 00FA89 (v01 LENOVO TP-8D    00001430 INTL 20061109)
[    0.000000] ACPI: FACS 0x00000000DAF2D000 000040
[    0.000000] ACPI: FACS 0x00000000DAF2D000 000040
[    0.000000] ACPI: SLIC 0x00000000DAFFD000 000176 (v01 LENOVO TP-8D    00001430 PTEC 00000001)
[    0.000000] ACPI: SSDT 0x00000000DAFFC000 000249 (v01 LENOVO TP-SSDT2 00000200 INTL 20061109)
[    0.000000] ACPI: SSDT 0x00000000DAFFB000 000033 (v01 LENOVO TP-SSDT1 00000100 INTL 20061109)
[    0.000000] ACPI: SSDT 0x00000000DAFFA000 0007D1 (v01 LENOVO SataAhci 00001000 INTL 20061109)
[    0.000000] ACPI: HPET 0x00000000DAFE6000 000038 (v01 LENOVO TP-8D    00001430 PTL  00000002)
[    0.000000] ACPI: APIC 0x00000000DAFE5000 000098 (v01 LENOVO TP-8D    00001430 PTL  00000002)
[    0.000000] ACPI: MCFG 0x00000000DAFE4000 00003C (v01 LENOVO TP-8D    00001430 PTL  00000002)
[    0.000000] ACPI: ECDT 0x00000000DAFE3000 000052 (v01 LENOVO TP-8D    00001430 PTL  00000002)
[    0.000000] ACPI: ASF! 0x00000000DAFE9000 0000A5 (v32 LENOVO TP-8D    00001430 PTL  00000002)
[    0.000000] ACPI: TCPA 0x00000000DAFE2000 000032 (v02 PTL    LENOVO   06040000 LNVO 00000001)
[    0.000000] ACPI: SSDT 0x00000000DAFE1000 000A27 (v01 PmRef  Cpu0Ist  00003000 INTL 20061109)
[    0.000000] ACPI: SSDT 0x00000000DAFE0000 000996 (v01 PmRef  CpuPm    00003000 INTL 20061109)
[    0.000000] ACPI: DMAR 0x00000000DAFDF000 0000E8 (v01 INTEL  SNB      00000001 INTL 00000001)
[    0.000000] ACPI: UEFI 0x00000000DAFDE000 00003E (v01 LENOVO TP-8D    00001430 PTL  00000002)
[    0.000000] ACPI: UEFI 0x00000000DAFDD000 000042 (v01 PTL    COMBUF   00000001 PTL  00000001)
[    0.000000] ACPI: UEFI 0x00000000DAFDC000 000292 (v01 LENOVO TP-8D    00001430 PTL  00000002)
[    0.000000] ACPI: Local APIC address 0xfee00000
[    0.000000] tsc: Fast TSC calibration using PIT
[    0.000000] Zone ranges:
[    0.000000]   DMA      [mem 0x0000000000001000-0x0000000000ffffff]
[    0.000000]   DMA32    [mem 0x0000000001000000-0x00000000ffffffff]
[    0.000000]   Normal   [mem 0x0000000100000000-0x000000019e5fffff]
[    0.000000] Movable zone start for each node
[    0.000000] Early memory node ranges
[    0.000000]   node   0: [mem 0x0000000000001000-0x000000000009cfff]
[    0.000000]   node   0: [mem 0x0000000000100000-0x000000001fffffff]
[    0.000000]   node   0: [mem 0x0000000020200000-0x000000003fffffff]
[    0.000000]   node   0: [mem 0x0000000040200000-0x00000000da99efff]
[    0.000000]   node   0: [mem 0x00000000dafff000-0x00000000daffffff]
[    0.000000]   node   0: [mem 0x0000000100000000-0x000000019e5fffff]
[    0.000000] Initmem setup node 0 [mem 0x0000000000001000-0x000000019e5fffff]
[    0.000000] On node 0 totalpages: 1542972
[    0.000000]   DMA zone: 56 pages used for memmap
[    0.000000]   DMA zone: 156 pages reserved
[    0.000000]   DMA zone: 3996 pages, LIFO batch:0
[    0.000000]   DMA32 zone: 12172 pages used for memmap
[    0.000000]   DMA32 zone: 890272 pages, LIFO batch:31
[    0.000000]   Normal zone: 8869 pages used for memmap
[    0.000000]   Normal zone: 648704 pages, LIFO batch:31
[    0.000000] Reserved but unavailable: 105 pages
[    0.000000] Reserving Intel graphics memory at [mem 0xdba00000-0xdf9fffff]
[    0.000000] ACPI: PM-Timer IO Port: 0x408
[    0.000000] ACPI: Local APIC address 0xfee00000
[    0.000000] ACPI: LAPIC_NMI (acpi_id[0x00] high edge lint[0x1])
[    0.000000] ACPI: LAPIC_NMI (acpi_id[0x01] high edge lint[0x1])
[    0.000000] IOAPIC[0]: apic_id 2, version 32, address 0xfec00000, GSI 0-23
[    0.000000] ACPI: INT_SRC_OVR (bus 0 bus_irq 0 global_irq 2 dfl dfl)
[    0.000000] ACPI: INT_SRC_OVR (bus 0 bus_irq 9 global_irq 9 high level)
[    0.000000] ACPI: IRQ0 used by override.
[    0.000000] ACPI: IRQ9 used by override.
[    0.000000] Using ACPI (MADT) for SMP configuration information
[    0.000000] ACPI: HPET id: 0x8086a301 base: 0xfed00000
[    0.000000] smpboot: Allowing 8 CPUs, 4 hotplug CPUs
[    0.000000] PM: Registered nosave memory: [mem 0x00000000-0x00000fff]
[    0.000000] PM: Registered nosave memory: [mem 0x0009d000-0x0009dfff]
[    0.000000] PM: Registered nosave memory: [mem 0x0009e000-0x0009ffff]
[    0.000000] PM: Registered nosave memory: [mem 0x000a0000-0x000dffff]
[    0.000000] PM: Registered nosave memory: [mem 0x000e0000-0x000fffff]
[    0.000000] PM: Registered nosave memory: [mem 0x20000000-0x201fffff]
[    0.000000] PM: Registered nosave memory: [mem 0x40000000-0x401fffff]
[    0.000000] PM: Registered nosave memory: [mem 0xda99f000-0xdae9efff]
[    0.000000] PM: Registered nosave memory: [mem 0xdae9f000-0xdaf9efff]
[    0.000000] PM: Registered nosave memory: [mem 0xdaf9f000-0xdaffefff]
[    0.000000] PM: Registered nosave memory: [mem 0xdb000000-0xdf9fffff]
[    0.000000] PM: Registered nosave memory: [mem 0xdfa00000-0xf7ffffff]
[    0.000000] PM: Registered nosave memory: [mem 0xf8000000-0xfbffffff]
[    0.000000] PM: Registered nosave memory: [mem 0xfc000000-0xfebfffff]
[    0.000000] PM: Registered nosave memory: [mem 0xfec00000-0xfec00fff]
[    0.000000] PM: Registered nosave memory: [mem 0xfec01000-0xfed07fff]
[    0.000000] PM: Registered nosave memory: [mem 0xfed08000-0xfed08fff]
[    0.000000] PM: Registered nosave memory: [mem 0xfed09000-0xfed0ffff]
[    0.000000] PM: Registered nosave memory: [mem 0xfed10000-0xfed19fff]
[    0.000000] PM: Registered nosave memory: [mem 0xfed1a000-0xfed1bfff]
[    0.000000] PM: Registered nosave memory: [mem 0xfed1c000-0xfed1ffff]
[    0.000000] PM: Registered nosave memory: [mem 0xfed20000-0xfedfffff]
[    0.000000] PM: Registered nosave memory: [mem 0xfee00000-0xfee00fff]
[    0.000000] PM: Registered nosave memory: [mem 0xfee01000-0xffd1ffff]
[    0.000000] PM: Registered nosave memory: [mem 0xffd20000-0xffffffff]
[    0.000000] e820: [mem 0xdfa00000-0xf7ffffff] available for PCI devices
[    0.000000] clocksource: refined-jiffies: mask: 0xffffffff max_cycles: 0xffffffff, max_idle_ns: 7645519600211568 ns
[    0.000000] setup_percpu: NR_CPUS:8 nr_cpumask_bits:8 nr_cpu_ids:8 nr_node_ids:1
[    0.000000] percpu: Embedded 43 pages/cpu @        (ptrval) s136456 r8192 d31480 u262144
[    0.000000] pcpu-alloc: s136456 r8192 d31480 u262144 alloc=1*2097152
[    0.000000] pcpu-alloc: [0] 0 1 2 3 4 5 6 7 
[    0.000000] Built 1 zonelists, mobility grouping on.  Total pages: 1521719
[    0.000000] Kernel command line: BOOT_IMAGE=(hd0,2)/fast/l/linux-64/arch/x86/boot/bzImage root=/dev/sda4 resume=/dev/sda1
[    0.000000] Dentry cache hash table entries: 1048576 (order: 11, 8388608 bytes)
[    0.000000] Inode-cache hash table entries: 524288 (order: 10, 4194304 bytes)
[    0.000000] Memory: 5965760K/6171888K available (16396K kernel code, 1098K rwdata, 5256K rodata, 1000K init, 10844K bss, 206128K reserved, 0K cma-reserved)
[    0.000000] Kernel/User page tables isolation: enabled
[    0.000000] Hierarchical RCU implementation.
[    0.000000] NR_IRQS: 4352, nr_irqs: 104, preallocated irqs: 16
[    0.000000] Console: colour VGA+ 80x25
[    0.000000] console [tty0] enabled
[    0.000000] Lock dependency validator: Copyright (c) 2006 Red Hat, Inc., Ingo Molnar
[    0.000000] ... MAX_LOCKDEP_SUBCLASSES:  8
[    0.000000] ... MAX_LOCK_DEPTH:          48
[    0.000000] ... MAX_LOCKDEP_KEYS:        8191
[    0.000000] ... CLASSHASH_SIZE:          4096
[    0.000000] ... MAX_LOCKDEP_ENTRIES:     32768
[    0.000000] ... MAX_LOCKDEP_CHAINS:      65536
[    0.000000] ... CHAINHASH_SIZE:          32768
[    0.000000]  memory used by lock dependency info: 7359 kB
[    0.000000]  per task-struct memory footprint: 1920 bytes
[    0.000000] ACPI: Core revision 20180105
[    0.000000] ACPI: 6 ACPI AML tables successfully acquired and loaded
[    0.000000] clocksource: hpet: mask: 0xffffffff max_cycles: 0xffffffff, max_idle_ns: 133484882848 ns
[    0.000000] hpet clockevent registered
[    0.000000] APIC: Switch to symmetric I/O mode setup
[    0.000000] ..TIMER: vector=0x30 apic1=0 pin1=2 apic2=-1 pin2=-1
[    0.020000] tsc: Fast TSC calibration using PIT
[    0.024000] tsc: Detected 2491.871 MHz processor
[    0.024000] clocksource: tsc-early: mask: 0xffffffffffffffff max_cycles: 0x23eb3a9aee2, max_idle_ns: 440795293581 ns
[    0.024000] Calibrating delay loop (skipped), value calculated using timer frequency.. 4983.74 BogoMIPS (lpj=9967484)
[    0.024000] pid_max: default: 32768 minimum: 301
[    0.024000] Mount-cache hash table entries: 16384 (order: 5, 131072 bytes)
[    0.024000] Mountpoint-cache hash table entries: 16384 (order: 5, 131072 bytes)
[    0.028009] Disabled fast string operations
[    0.028071] CPU: Physical Processor ID: 0
[    0.028129] CPU: Processor Core ID: 0
[    0.028191] ENERGY_PERF_BIAS: Set to 'normal', was 'performance'
[    0.028256] ENERGY_PERF_BIAS: View and update with x86_energy_perf_policy(8)
[    0.028327] process: using mwait in idle threads
[    0.028390] Last level iTLB entries: 4KB 512, 2MB 8, 4MB 8
[    0.028454] Last level dTLB entries: 4KB 512, 2MB 32, 4MB 32, 1GB 0
[    0.028520] Spectre V2 : Mitigation: Full generic retpoline
[    0.028677] Freeing SMP alternatives memory: 44K
[    0.029748] TSC deadline timer enabled
[    0.029752] smpboot: CPU0: Intel(R) Core(TM) i5-2520M CPU @ 2.50GHz (family: 0x6, model: 0x2a, stepping: 0x7)
[    0.030048] Performance Events: PEBS fmt1+, SandyBridge events, 16-deep LBR, full-width counters, Intel PMU driver.
[    0.030170] ... version:                3
[    0.030229] ... bit width:              48
[    0.030288] ... generic registers:      4
[    0.030347] ... value mask:             0000ffffffffffff
[    0.030410] ... max period:             00007fffffffffff
[    0.030473] ... fixed-purpose events:   3
[    0.031018] ... event mask:             000000070000000f
[    0.031191] Hierarchical SRCU implementation.
[    0.032000] smp: Bringing up secondary CPUs ...
[    0.032000] x86: Booting SMP configuration:
[    0.032000] .... node  #0, CPUs:      #1
[    0.004000] Disabled fast string operations
[    0.034484] NMI watchdog: Enabled. Permanently consumes one hw-PMU counter.
[    0.035189]  #2
[    0.004000] Disabled fast string operations
[    0.036499]  #3
[    0.004000] Disabled fast string operations
[    0.038894] smp: Brought up 1 node, 4 CPUs
[    0.038894] smpboot: Max logical packages: 2
[    0.038894] smpboot: Total of 4 processors activated (19934.96 BogoMIPS)
[    0.040272] devtmpfs: initialized
[    0.040493] PM: Registering ACPI NVS region [mem 0xdae9f000-0xdaf9efff] (1048576 bytes)
[    0.040809] clocksource: jiffies: mask: 0xffffffff max_cycles: 0xffffffff, max_idle_ns: 7645041785100000 ns
[    0.040913] futex hash table entries: 2048 (order: 6, 262144 bytes)
[    0.041580] NET: Registered protocol family 16
[    0.042265] cpuidle: using governor ladder
[    0.042265] cpuidle: using governor menu
[    0.042265] ACPI FADT declares the system doesn't support PCIe ASPM, so disable it
[    0.042265] ACPI: bus type PCI registered
[    0.042265] PCI: MMCONFIG for domain 0000 [bus 00-3f] at [mem 0xf8000000-0xfbffffff] (base 0xf8000000)
[    0.042265] PCI: MMCONFIG at [mem 0xf8000000-0xfbffffff] reserved in E820
[    0.042265] PCI: Using configuration type 1 for base access
[    0.042265] core: PMU erratum BJ122, BV98, HSD29 worked around, HT is on
[    0.065632] ACPI: Added _OSI(Module Device)
[    0.065632] ACPI: Added _OSI(Processor Device)
[    0.065632] ACPI: Added _OSI(3.0 _SCP Extensions)
[    0.065632] ACPI: Added _OSI(Processor Aggregator Device)
[    0.065632] ACPI: EC: EC started
[    0.065632] ACPI: EC: interrupt blocked
[    0.069881] ACPI: \: Used as first EC
[    0.069942] ACPI: \: GPE=0x11, EC_CMD/EC_SC=0x66, EC_DATA=0x62
[    0.070008] ACPI: \: Used as boot ECDT EC to handle transactions
[    0.085144] ACPI: [Firmware Bug]: BIOS _OSI(Linux) query ignored
[    0.097931] ACPI: Dynamic OEM Table Load:
[    0.097931] ACPI: SSDT 0xFFFF88019707D000 0008C0 (v01 PmRef  Cpu0Cst  00003001 INTL 20061109)
[    0.100953] ACPI: Dynamic OEM Table Load:
[    0.101029] ACPI: SSDT 0xFFFF880196FDEC00 000303 (v01 PmRef  ApIst    00003000 INTL 20061109)
[    0.104246] ACPI: Dynamic OEM Table Load:
[    0.104317] ACPI: SSDT 0xFFFF8801979DC000 000119 (v01 PmRef  ApCst    00003000 INTL 20061109)
[    0.106212] ACPI: Interpreter enabled
[    0.106325] ACPI: (supports S0 S3 S4 S5)
[    0.106388] ACPI: Using IOAPIC for interrupt routing
[    0.106524] PCI: Using host bridge windows from ACPI; if necessary, use "pci=nocrs" and report a bug
[    0.108245] ACPI: GPE 0x16 active on init
[    0.108322] ACPI: Enabled 6 GPEs in block 00 to 3F
[    0.120057] ACPI: Power Resource [PUBS] (on)
[    0.120058] acpi PNP0C0A:01: ACPI dock station (docks/bays count: 1)
[    0.124059] acpi LNXIOBAY:00: ACPI dock station (docks/bays count: 2)
[    0.132059] acpi IBM0079:00: ACPI dock station (docks/bays count: 3)
[    0.132552] ACPI: PCI Interrupt Link [LNKA] (IRQs 3 4 5 6 7 9 10 *11)
[    0.132981] ACPI: PCI Interrupt Link [LNKB] (IRQs 3 4 5 6 7 9 10 *11)
[    0.133405] ACPI: PCI Interrupt Link [LNKC] (IRQs 3 4 5 6 7 9 10 *11)
[    0.133828] ACPI: PCI Interrupt Link [LNKD] (IRQs 3 4 5 6 7 9 *10 11)
[    0.134251] ACPI: PCI Interrupt Link [LNKE] (IRQs 3 4 5 6 *7 9 10 11)
[    0.134578] ACPI: PCI Interrupt Link [LNKF] (IRQs 3 4 5 6 7 9 10 11) *0, disabled.
[    0.135008] ACPI: PCI Interrupt Link [LNKG] (IRQs 3 4 5 6 *7 9 10 11)
[    0.135432] ACPI: PCI Interrupt Link [LNKH] (IRQs 3 4 5 6 7 9 *10 11)
[    0.136059] ACPI: PCI Root Bridge [PCI0] (domain 0000 [bus 00-fe])
[    0.136059] acpi PNP0A08:00: _OSC: OS supports [ExtendedConfig ASPM ClockPM Segments]
[    0.136335] acpi PNP0A08:00: _OSC: not requesting OS control; OS requires [ExtendedConfig ASPM ClockPM MSI]
[    0.136436] acpi PNP0A08:00: [Firmware Info]: MMCONFIG for domain 0000 [bus 00-3f] only partially covers this bridge
[    0.140005] PCI host bridge to bus 0000:00
[    0.140005] pci_bus 0000:00: root bus resource [io  0x0000-0x0cf7 window]
[    0.140005] pci_bus 0000:00: root bus resource [io  0x0d00-0xffff window]
[    0.140005] pci_bus 0000:00: root bus resource [mem 0x000a0000-0x000bffff window]
[    0.140005] pci_bus 0000:00: root bus resource [mem 0xdfa00000-0xfebfffff window]
[    0.140005] pci_bus 0000:00: root bus resource [mem 0xfed40000-0xfed4bfff window]
[    0.140005] pci_bus 0000:00: root bus resource [bus 00-fe]
[    0.140005] pci 0000:00:00.0: [8086:0104] type 00 class 0x060000
[    0.140054] pci 0000:00:02.0: [8086:0126] type 00 class 0x030000
[    0.140054] pci 0000:00:02.0: reg 0x10: [mem 0xf0000000-0xf03fffff 64bit]
[    0.140054] pci 0000:00:02.0: reg 0x18: [mem 0xe0000000-0xefffffff 64bit pref]
[    0.140054] pci 0000:00:02.0: reg 0x20: [io  0x5000-0x503f]
[    0.140054] pci 0000:00:16.0: [8086:1c3a] type 00 class 0x078000
[    0.140054] pci 0000:00:16.0: reg 0x10: [mem 0xf2525000-0xf252500f 64bit]
[    0.140054] pci 0000:00:16.0: PME# supported from D0 D3hot D3cold
[    0.140054] pci 0000:00:19.0: [8086:1502] type 00 class 0x020000
[    0.140054] pci 0000:00:19.0: reg 0x10: [mem 0xf2500000-0xf251ffff]
[    0.140054] pci 0000:00:19.0: reg 0x14: [mem 0xf252b000-0xf252bfff]
[    0.140054] pci 0000:00:19.0: reg 0x18: [io  0x5080-0x509f]
[    0.140054] pci 0000:00:19.0: PME# supported from D0 D3hot D3cold
[    0.140054] pci 0000:00:1a.0: [8086:1c2d] type 00 class 0x0c0320
[    0.140054] pci 0000:00:1a.0: reg 0x10: [mem 0xf252a000-0xf252a3ff]
[    0.140054] pci 0000:00:1a.0: PME# supported from D0 D3hot D3cold
[    0.140054] pci 0000:00:1b.0: [8086:1c20] type 00 class 0x040300
[    0.140054] pci 0000:00:1b.0: reg 0x10: [mem 0xf2520000-0xf2523fff 64bit]
[    0.140054] pci 0000:00:1b.0: PME# supported from D0 D3hot D3cold
[    0.140054] pci 0000:00:1c.0: [8086:1c10] type 01 class 0x060400
[    0.140054] pci 0000:00:1c.0: PME# supported from D0 D3hot D3cold
[    0.140057] pci 0000:00:1c.1: [8086:1c12] type 01 class 0x060400
[    0.140057] pci 0000:00:1c.1: PME# supported from D0 D3hot D3cold
[    0.140057] pci 0000:00:1c.3: [8086:1c16] type 01 class 0x060400
[    0.140057] pci 0000:00:1c.3: PME# supported from D0 D3hot D3cold
[    0.140057] pci 0000:00:1c.4: [8086:1c18] type 01 class 0x060400
[    0.140178] pci 0000:00:1c.4: PME# supported from D0 D3hot D3cold
[    0.144002] pci 0000:00:1d.0: [8086:1c26] type 00 class 0x0c0320
[    0.144002] pci 0000:00:1d.0: reg 0x10: [mem 0xf2529000-0xf25293ff]
[    0.144002] pci 0000:00:1d.0: PME# supported from D0 D3hot D3cold
[    0.144047] pci 0000:00:1f.0: [8086:1c4f] type 00 class 0x060100
[    0.144050] pci 0000:00:1f.2: [8086:1c03] type 00 class 0x010601
[    0.144050] pci 0000:00:1f.2: reg 0x10: [io  0x50a8-0x50af]
[    0.144050] pci 0000:00:1f.2: reg 0x14: [io  0x50bc-0x50bf]
[    0.144050] pci 0000:00:1f.2: reg 0x18: [io  0x50a0-0x50a7]
[    0.144050] pci 0000:00:1f.2: reg 0x1c: [io  0x50b8-0x50bb]
[    0.144050] pci 0000:00:1f.2: reg 0x20: [io  0x5060-0x507f]
[    0.144050] pci 0000:00:1f.2: reg 0x24: [mem 0xf2528000-0xf25287ff]
[    0.144050] pci 0000:00:1f.2: PME# supported from D3hot
[    0.144050] pci 0000:00:1f.3: [8086:1c22] type 00 class 0x0c0500
[    0.144050] pci 0000:00:1f.3: reg 0x10: [mem 0xf2524000-0xf25240ff 64bit]
[    0.144050] pci 0000:00:1f.3: reg 0x20: [io  0xefa0-0xefbf]
[    0.144051] pci 0000:00:1c.0: PCI bridge to [bus 02]
[    0.144051] pci 0000:03:00.0: [8086:0084] type 00 class 0x028000
[    0.144051] pci 0000:03:00.0: reg 0x10: [mem 0xf2400000-0xf2401fff 64bit]
[    0.144051] pci 0000:03:00.0: PME# supported from D0 D3hot D3cold
[    0.156084] pci 0000:00:1c.1: PCI bridge to [bus 03]
[    0.156154] pci 0000:00:1c.1:   bridge window [mem 0xf2400000-0xf24fffff]
[    0.160007] pci 0000:00:1c.3: PCI bridge to [bus 05-0c]
[    0.160007] pci 0000:00:1c.3:   bridge window [io  0x4000-0x4fff]
[    0.160007] pci 0000:00:1c.3:   bridge window [mem 0xf1c00000-0xf23fffff]
[    0.160007] pci 0000:00:1c.3:   bridge window [mem 0xf0400000-0xf0bfffff 64bit pref]
[    0.160057] pci 0000:0d:00.0: [1180:e822] type 00 class 0x088001
[    0.160057] pci 0000:0d:00.0: MMC controller base frequency changed to 50Mhz.
[    0.160057] pci 0000:0d:00.0: reg 0x10: [mem 0xf1400000-0xf14000ff]
[    0.160057] pci 0000:0d:00.0: supports D1 D2
[    0.160057] pci 0000:0d:00.0: PME# supported from D0 D1 D2 D3hot D3cold
[    0.172202] pci 0000:00:1c.4: PCI bridge to [bus 0d]
[    0.172271] pci 0000:00:1c.4:   bridge window [io  0x3000-0x3fff]
[    0.172277] pci 0000:00:1c.4:   bridge window [mem 0xf1400000-0xf1bfffff]
[    0.172287] pci 0000:00:1c.4:   bridge window [mem 0xf0c00000-0xf13fffff 64bit pref]
[    0.172323] pci_bus 0000:00: on NUMA node 0
[    0.176101] ACPI: EC: interrupt unblocked
[    0.176101] ACPI: EC: event unblocked
[    0.176101] ACPI: \_SB_.PCI0.LPC_.EC__: GPE=0x11, EC_CMD/EC_SC=0x66, EC_DATA=0x62
[    0.176101] ACPI: \_SB_.PCI0.LPC_.EC__: Used as boot DSDT EC to handle transactions and events
[    0.176101] pci 0000:00:02.0: vgaarb: setting as boot VGA device
[    0.176110] pci 0000:00:02.0: vgaarb: VGA device added: decodes=io+mem,owns=io+mem,locks=none
[    0.176209] pci 0000:00:02.0: vgaarb: bridge control possible
[    0.176274] vgaarb: loaded
[    0.180062] SCSI subsystem initialized
[    0.180092] libata version 3.00 loaded.
[    0.180229] ACPI: bus type USB registered
[    0.180379] usbcore: registered new interface driver usbfs
[    0.180485] usbcore: registered new interface driver hub
[    0.180602] usbcore: registered new device driver usb
[    0.180749] media: Linux media interface: v0.10
[    0.180846] Linux video capture interface: v2.00
[    0.180952] pps_core: LinuxPPS API ver. 1 registered
[    0.181021] pps_core: Software ver. 5.3.6 - Copyright 2005-2007 Rodolfo Giometti <giometti@linux.it>
[    0.181125] PTP clock support registered
[    0.181266] EDAC MC: Ver: 3.0.0
[    0.181266] Advanced Linux Sound Architecture Driver Initialized.
[    0.181266] PCI: Using ACPI for IRQ routing
[    0.184746] PCI: pci_cache_line_size set to 64 bytes
[    0.184913] e820: reserve RAM buffer [mem 0x0009d800-0x0009ffff]
[    0.184917] e820: reserve RAM buffer [mem 0xda99f000-0xdbffffff]
[    0.184919] e820: reserve RAM buffer [mem 0xdb000000-0xdbffffff]
[    0.184921] e820: reserve RAM buffer [mem 0x19e600000-0x19fffffff]
[    0.185266] Bluetooth: Core ver 2.22
[    0.185354] NET: Registered protocol family 31
[    0.185415] Bluetooth: HCI device and connection manager initialized
[    0.185487] Bluetooth: HCI socket layer initialized
[    0.185551] Bluetooth: L2CAP socket layer initialized
[    0.185634] Bluetooth: SCO socket layer initialized
[    0.185820] clocksource: Switched to clocksource tsc-early
[    0.185820] pnp: PnP ACPI init
[    0.186000] system 00:00: [mem 0x00000000-0x0009ffff] could not be reserved
[    0.186083] system 00:00: [mem 0x000c0000-0x000c3fff] could not be reserved
[    0.186156] system 00:00: [mem 0x000c4000-0x000c7fff] could not be reserved
[    0.186228] system 00:00: [mem 0x000c8000-0x000cbfff] has been reserved
[    0.186298] system 00:00: [mem 0x000cc000-0x000cffff] has been reserved
[    0.186369] system 00:00: [mem 0x000d0000-0x000d3fff] has been reserved
[    0.186440] system 00:00: [mem 0x000d4000-0x000d7fff] has been reserved
[    0.186510] system 00:00: [mem 0x000d8000-0x000dbfff] has been reserved
[    0.186581] system 00:00: [mem 0x000dc000-0x000dffff] has been reserved
[    0.186652] system 00:00: [mem 0x000e0000-0x000e3fff] could not be reserved
[    0.186724] system 00:00: [mem 0x000e4000-0x000e7fff] could not be reserved
[    0.186797] system 00:00: [mem 0x000e8000-0x000ebfff] could not be reserved
[    0.186869] system 00:00: [mem 0x000ec000-0x000effff] could not be reserved
[    0.186942] system 00:00: [mem 0x000f0000-0x000fffff] could not be reserved
[    0.187014] system 00:00: [mem 0x00100000-0xdf9fffff] could not be reserved
[    0.187014] system 00:00: [mem 0xfec00000-0xfed3ffff] could not be reserved
[    0.187014] system 00:00: [mem 0xfed4c000-0xffffffff] could not be reserved
[    0.187090] system 00:00: Plug and Play ACPI device, IDs PNP0c01 (active)
[    0.187393] system 00:01: [io  0x0400-0x047f] has been reserved
[    0.187469] system 00:01: [io  0x0500-0x057f] has been reserved
[    0.187537] system 00:01: [io  0x0800-0x080f] has been reserved
[    0.187605] system 00:01: [io  0x15e0-0x15ef] has been reserved
[    0.187673] system 00:01: [io  0x1600-0x167f] has been reserved
[    0.187742] system 00:01: [mem 0xf8000000-0xfbffffff] has been reserved
[    0.187813] system 00:01: [mem 0x00000000-0x00000fff] could not be reserved
[    0.187886] system 00:01: [mem 0xfed1c000-0xfed1ffff] has been reserved
[    0.187956] system 00:01: [mem 0xfed10000-0xfed13fff] has been reserved
[    0.188029] system 00:01: [mem 0xfed18000-0xfed18fff] has been reserved
[    0.188099] system 00:01: [mem 0xfed19000-0xfed19fff] has been reserved
[    0.188170] system 00:01: [mem 0xfed45000-0xfed4bfff] has been reserved
[    0.188258] system 00:01: Plug and Play ACPI device, IDs PNP0c02 (active)
[    0.188425] pnp 00:02: Plug and Play ACPI device, IDs PNP0b00 (active)
[    0.188509] pnp 00:03: Plug and Play ACPI device, IDs PNP0303 (active)
[    0.188589] pnp 00:04: Plug and Play ACPI device, IDs LEN0020 PNP0f13 (active)
[    0.188753] pnp 00:05: Plug and Play ACPI device, IDs SMO1200 PNP0c31 (active)
[    0.189781] pnp: PnP ACPI: found 6 devices
[    0.200695] clocksource: acpi_pm: mask: 0xffffff max_cycles: 0xffffff, max_idle_ns: 2085701024 ns
[    0.200806] pci 0000:00:1c.0: bridge window [io  0x1000-0x0fff] to [bus 02] add_size 1000
[    0.200810] pci 0000:00:1c.0: bridge window [mem 0x00100000-0x000fffff 64bit pref] to [bus 02] add_size 200000 add_align 100000
[    0.200813] pci 0000:00:1c.0: bridge window [mem 0x00100000-0x000fffff] to [bus 02] add_size 200000 add_align 100000
[    0.200851] pci 0000:00:1c.0: BAR 8: assigned [mem 0xdfa00000-0xdfbfffff]
[    0.200925] pci 0000:00:1c.0: BAR 9: assigned [mem 0xdfc00000-0xdfdfffff 64bit pref]
[    0.200999] pci 0000:00:1c.0: BAR 7: assigned [io  0x2000-0x2fff]
[    0.201069] pci 0000:00:1c.0: PCI bridge to [bus 02]
[    0.201133] pci 0000:00:1c.0:   bridge window [io  0x2000-0x2fff]
[    0.201205] pci 0000:00:1c.0:   bridge window [mem 0xdfa00000-0xdfbfffff]
[    0.201277] pci 0000:00:1c.0:   bridge window [mem 0xdfc00000-0xdfdfffff 64bit pref]
[    0.201355] pci 0000:00:1c.1: PCI bridge to [bus 03]
[    0.201422] pci 0000:00:1c.1:   bridge window [mem 0xf2400000-0xf24fffff]
[    0.201500] pci 0000:00:1c.3: PCI bridge to [bus 05-0c]
[    0.201565] pci 0000:00:1c.3:   bridge window [io  0x4000-0x4fff]
[    0.201635] pci 0000:00:1c.3:   bridge window [mem 0xf1c00000-0xf23fffff]
[    0.201707] pci 0000:00:1c.3:   bridge window [mem 0xf0400000-0xf0bfffff 64bit pref]
[    0.201785] pci 0000:00:1c.4: PCI bridge to [bus 0d]
[    0.201849] pci 0000:00:1c.4:   bridge window [io  0x3000-0x3fff]
[    0.201921] pci 0000:00:1c.4:   bridge window [mem 0xf1400000-0xf1bfffff]
[    0.201995] pci 0000:00:1c.4:   bridge window [mem 0xf0c00000-0xf13fffff 64bit pref]
[    0.202075] pci_bus 0000:00: resource 4 [io  0x0000-0x0cf7 window]
[    0.202077] pci_bus 0000:00: resource 5 [io  0x0d00-0xffff window]
[    0.202079] pci_bus 0000:00: resource 6 [mem 0x000a0000-0x000bffff window]
[    0.202081] pci_bus 0000:00: resource 7 [mem 0xdfa00000-0xfebfffff window]
[    0.202083] pci_bus 0000:00: resource 8 [mem 0xfed40000-0xfed4bfff window]
[    0.202086] pci_bus 0000:02: resource 0 [io  0x2000-0x2fff]
[    0.202088] pci_bus 0000:02: resource 1 [mem 0xdfa00000-0xdfbfffff]
[    0.202090] pci_bus 0000:02: resource 2 [mem 0xdfc00000-0xdfdfffff 64bit pref]
[    0.202092] pci_bus 0000:03: resource 1 [mem 0xf2400000-0xf24fffff]
[    0.202094] pci_bus 0000:05: resource 0 [io  0x4000-0x4fff]
[    0.202096] pci_bus 0000:05: resource 1 [mem 0xf1c00000-0xf23fffff]
[    0.202098] pci_bus 0000:05: resource 2 [mem 0xf0400000-0xf0bfffff 64bit pref]
[    0.202101] pci_bus 0000:0d: resource 0 [io  0x3000-0x3fff]
[    0.202103] pci_bus 0000:0d: resource 1 [mem 0xf1400000-0xf1bfffff]
[    0.202105] pci_bus 0000:0d: resource 2 [mem 0xf0c00000-0xf13fffff 64bit pref]
[    0.202376] NET: Registered protocol family 2
[    0.202812] tcp_listen_portaddr_hash hash table entries: 4096 (order: 6, 294912 bytes)
[    0.203033] TCP established hash table entries: 65536 (order: 7, 524288 bytes)
[    0.203204] TCP bind hash table entries: 65536 (order: 10, 4194304 bytes)
[    0.205513] TCP: Hash tables configured (established 65536 bind 65536)
[    0.205928] UDP hash table entries: 4096 (order: 7, 655360 bytes)
[    0.206323] UDP-Lite hash table entries: 4096 (order: 7, 655360 bytes)
[    0.206829] NET: Registered protocol family 1
[    0.207214] RPC: Registered named UNIX socket transport module.
[    0.207283] RPC: Registered udp transport module.
[    0.207346] RPC: Registered tcp transport module.
[    0.207408] RPC: Registered tcp NFSv4.1 backchannel transport module.
[    0.207753] pci 0000:00:02.0: Video device with shadowed ROM at [mem 0x000c0000-0x000dffff]
[    0.208957] PCI: CLS 64 bytes, default 64
[    0.209021] PCI-DMA: Using software bounce buffering for IO (SWIOTLB)
[    0.209578] software IO TLB [mem 0xd699f000-0xda99f000] (64MB) mapped at [000000008b1c3949-000000000775abed]
[    0.211989] Initialise system trusted keyrings
[    0.212291] workingset: timestamp_bits=62 max_order=21 bucket_order=0
[    0.213567] Installing knfsd (copyright (C) 1996 okir@monad.swb.de).
[    0.214236] ntfs: driver 2.1.32 [Flags: R/W].
[    0.214412] fuse init (API version 7.26)
[    0.217216] Key type asymmetric registered
[    0.217283] Asymmetric key parser 'x509' registered
[    0.217388] Block layer SCSI generic (bsg) driver version 0.4 loaded (major 249)
[    0.217463] io scheduler noop registered
[    0.217523] io scheduler deadline registered
[    0.217612] io scheduler cfq registered (default)
[    0.217674] io scheduler mq-deadline registered
[    0.217753] io scheduler bfq registered
[    0.218050] pcieport 0000:00:1c.0: enabling device (0000 -> 0003)
[    0.219364] intel_idle: MWAIT substates: 0x21120
[    0.219366] intel_idle: v0.4.1 model 0x2A
[    0.219773] intel_idle: lapic_timer_reliable_states 0xffffffff
[    0.220043] ACPI: Deprecated procfs I/F for AC is loaded, please retry with CONFIG_ACPI_PROCFS_POWER cleared
[    0.220225] ACPI: AC Adapter [AC] (on-line)
[    0.220448] input: Lid Switch as /devices/LNXSYSTM:00/LNXSYBUS:00/PNP0C0D:00/input/input0
[    0.220622] ACPI: Lid Switch [LID]
[    0.220781] input: Sleep Button as /devices/LNXSYSTM:00/LNXSYBUS:00/PNP0C0E:00/input/input1
[    0.220922] ACPI: Sleep Button [SLPB]
[    0.221100] input: Power Button as /devices/LNXSYSTM:00/LNXPWRBN:00/input/input2
[    0.221216] ACPI: Power Button [PWRF]
[    0.223912] thermal LNXTHERM:00: registered as thermal_zone0
[    0.223982] ACPI: Thermal Zone [THM0] (58 C)
[    0.224444] Serial: 8250/16550 driver, 4 ports, IRQ sharing disabled
[    0.224450] ACPI: Deprecated procfs I/F for battery is loaded, please retry with CONFIG_ACPI_PROCFS_POWER cleared
[    0.224630] ACPI: Battery Slot [BAT0] (battery absent)
[    0.225678] lp: driver loaded but no devices found
[    0.225816] Non-volatile memory driver v1.3
[    0.226067] Linux agpgart interface v0.103
[    0.226417] [drm] radeon kernel modesetting enabled.
[    0.227379] [drm] Replacing VGA console driver
[    0.227921] Console: switching to colour dummy device 80x25
[    0.240175] [drm] Supports vblank timestamp caching Rev 2 (21.10.2013).
[    0.240196] [drm] Driver supports precise vblank timestamp query.
[    0.241240] i915 0000:00:02.0: vgaarb: changed VGA decodes: olddecodes=io+mem,decodes=io+mem:owns=io+mem
[    0.323497] [drm] Initialized i915 1.6.0 20171222 for 0000:00:02.0 on minor 0
[    0.325591] ACPI: Video Device [VID] (multi-head: yes  rom: no  post: no)
[    0.326218] input: Video Bus as /devices/LNXSYSTM:00/LNXSYBUS:00/PNP0A08:00/LNXVIDEO:00/input/input3
[    0.326563] usbcore: registered new interface driver udl
[    0.334313] loop: module loaded
[    0.346356] ahci 0000:00:1f.2: version 3.0
[    0.346980] ahci 0000:00:1f.2: SSS flag set, parallel bus scan disabled
[    0.360106] ahci 0000:00:1f.2: AHCI 0001.0300 32 slots 6 ports 6 Gbps 0x13 impl SATA mode
[    0.360161] ahci 0000:00:1f.2: flags: 64bit ncq sntf ilck stag pm led clo pio slum part ems sxs apst 
[    0.386330] scsi host0: ahci
[    0.386643] scsi host1: ahci
[    0.386873] scsi host2: ahci
[    0.387099] scsi host3: ahci
[    0.387340] scsi host4: ahci
[    0.387602] scsi host5: ahci
[    0.387755] ata1: SATA max UDMA/133 abar m2048@0xf2528000 port 0xf2528100 irq 19
[    0.387786] ata2: SATA max UDMA/133 abar m2048@0xf2528000 port 0xf2528180 irq 19
[    0.387804] ata3: DUMMY
[    0.387810] ata4: DUMMY
[    0.387817] ata5: SATA max UDMA/133 abar m2048@0xf2528000 port 0xf2528300 irq 19
[    0.387834] ata6: DUMMY
[    0.388397] tun: Universal TUN/TAP device driver, 1.6
[    0.388764] e1000e: Intel(R) PRO/1000 Network Driver - 3.2.6-k
[    0.388779] e1000e: Copyright(c) 1999 - 2015 Intel Corporation.
[    0.389180] e1000e 0000:00:19.0: Interrupt Throttling Rate (ints/sec) set to dynamic conservative mode
[    0.487497] e1000e 0000:00:19.0 0000:00:19.0 (uninitialized): registered PHC clock
[    0.580888] e1000e 0000:00:19.0 eth0: (PCI Express:2.5GT/s:Width x1) f0:de:f1:e3:99:75
[    0.580912] e1000e 0000:00:19.0 eth0: Intel(R) PRO/1000 Network Connection
[    0.580977] e1000e 0000:00:19.0 eth0: MAC: 10, PHY: 11, PBA No: 1000FF-0FF
[    0.581143] PPP generic driver version 2.4.2
[    0.581304] PPP BSD Compression module registered
[    0.581314] PPP Deflate Compression module registered
[    0.581325] SLIP: version 0.8.4-NET3.019-NEWTTY (dynamic channels, max=256).
[    0.581339] CSLIP: code copyright 1989 Regents of the University of California.
[    0.581394] iwl3945: Intel(R) PRO/Wireless 3945ABG/BG Network Connection driver for Linux, in-tree:ds
[    0.581412] iwl3945: Copyright(c) 2003-2011 Intel Corporation
[    0.581423] iwl3945: hw_scan is disabled
[    0.581464] Intel(R) Wireless WiFi driver for Linux
[    0.581478] Copyright(c) 2003- 2015 Intel Corporation
[    0.581871] iwlwifi 0000:03:00.0: pci_enable_msi failed - -38
[    0.582187] usbcore: registered new interface driver ax88179_178a
[    0.582240] usbcore: registered new interface driver cdc_ether
[    0.582281] usbcore: registered new interface driver cdc_eem
[    0.582329] usbcore: registered new interface driver net1080
[    0.582379] usbcore: registered new interface driver cdc_subset
[    0.582427] usbcore: registered new interface driver zaurus
[    0.582486] usbcore: registered new interface driver cdc_ncm
[    0.582537] usbcore: registered new interface driver cdc_mbim
[    0.582843] iwlwifi 0000:03:00.0: loaded firmware version 39.31.5.1 build 35138 op_mode iwldvm
[    0.582953] iwlwifi 0000:03:00.0: CONFIG_IWLWIFI_DEBUG disabled
[    0.582969] iwlwifi 0000:03:00.0: CONFIG_IWLWIFI_DEBUGFS disabled
[    0.582985] iwlwifi 0000:03:00.0: CONFIG_IWLWIFI_DEVICE_TRACING disabled
[    0.583003] iwlwifi 0000:03:00.0: Detected Intel(R) Centrino(R) Wireless-N 1000 BGN, REV=0x6C
[    0.583132] ehci_hcd: USB 2.0 'Enhanced' Host Controller (EHCI) Driver
[    0.583153] ehci-pci: EHCI PCI platform driver
[    0.583462] ehci-pci 0000:00:1a.0: EHCI Host Controller
[    0.583623] ehci-pci 0000:00:1a.0: new USB bus registered, assigned bus number 1
[    0.583669] ehci-pci 0000:00:1a.0: debug port 2
[    0.587637] ehci-pci 0000:00:1a.0: cache line size of 64 is not supported
[    0.587649] ehci-pci 0000:00:1a.0: irq 16, io mem 0xf252a000
[    0.599416] iwlwifi 0000:03:00.0: reporting RF_KILL (radio disabled)
[    0.599477] iwlwifi 0000:03:00.0: RF_KILL bit toggled to disable radio.
[    0.600058] ehci-pci 0000:00:1a.0: USB 2.0 started, EHCI 1.00
[    0.600557] usb usb1: New USB device found, idVendor=1d6b, idProduct=0002
[    0.600593] usb usb1: New USB device strings: Mfr=3, Product=2, SerialNumber=1
[    0.600627] usb usb1: Product: EHCI Host Controller
[    0.600653] usb usb1: Manufacturer: Linux 4.16.0 ehci_hcd
[    0.600678] usb usb1: SerialNumber: 0000:00:1a.0
[    0.601397] hub 1-0:1.0: USB hub found
[    0.601462] hub 1-0:1.0: 3 ports detected
[    0.603009] ehci-pci 0000:00:1d.0: EHCI Host Controller
[    0.603296] ehci-pci 0000:00:1d.0: new USB bus registered, assigned bus number 2
[    0.603380] ehci-pci 0000:00:1d.0: debug port 2
[    0.607390] ehci-pci 0000:00:1d.0: cache line size of 64 is not supported
[    0.607448] ehci-pci 0000:00:1d.0: irq 23, io mem 0xf2529000
[    0.609337] fbcon: inteldrmfb (fb0) is primary device
[    0.620156] ehci-pci 0000:00:1d.0: USB 2.0 started, EHCI 1.00
[    0.620626] usb usb2: New USB device found, idVendor=1d6b, idProduct=0002
[    0.620629] usb usb2: New USB device strings: Mfr=3, Product=2, SerialNumber=1
[    0.620631] usb usb2: Product: EHCI Host Controller
[    0.620633] usb usb2: Manufacturer: Linux 4.16.0 ehci_hcd
[    0.620635] usb usb2: SerialNumber: 0000:00:1d.0
[    0.621055] hub 2-0:1.0: USB hub found
[    0.621097] hub 2-0:1.0: 3 ports detected
[    0.621740] ohci_hcd: USB 1.1 'Open' Host Controller (OHCI) Driver
[    0.621749] ohci-pci: OHCI PCI platform driver
[    0.621782] uhci_hcd: USB Universal Host Controller Interface driver
[    0.621976] usbcore: registered new interface driver cdc_acm
[    0.621977] cdc_acm: USB Abstract Control Model driver for USB modems and ISDN adapters
[    0.622021] usbcore: registered new interface driver usblp
[    0.622048] usbcore: registered new interface driver cdc_wdm
[    0.622100] usbcore: registered new interface driver usb-storage
[    0.622134] usbcore: registered new interface driver ums-sddr09
[    0.622251] usbcore: registered new interface driver usbserial_generic
[    0.622309] usbserial: USB Serial support registered for generic
[    0.622352] usbcore: registered new interface driver ch341
[    0.622378] usbserial: USB Serial support registered for ch341-uart
[    0.622418] usbcore: registered new interface driver ftdi_sio
[    0.622452] usbserial: USB Serial support registered for FTDI USB Serial Device
[    0.622498] usbcore: registered new interface driver option
[    0.622523] usbserial: USB Serial support registered for GSM modem (1-port)
[    0.622582] usbcore: registered new interface driver pl2303
[    0.622614] usbserial: USB Serial support registered for pl2303
[    0.622649] usbcore: registered new interface driver ti_usb_3410_5052
[    0.622674] usbserial: USB Serial support registered for TI USB 3410 1 port adapter
[    0.622708] usbserial: USB Serial support registered for TI USB 5052 2 port adapter
[    0.622712] ftdi_elan: driver ftdi-elan
[    0.622752] usbcore: registered new interface driver ftdi-elan
[    0.622882] i8042: PNP: PS/2 Controller [PNP0303:KBD,PNP0f13:MOU] at 0x60,0x64 irq 1,12
[    0.626053] serio: i8042 KBD port at 0x60,0x64 irq 1
[    0.626074] serio: i8042 AUX port at 0x60,0x64 irq 12
[    0.626384] mousedev: PS/2 mouse device common for all mice
[    0.627011] input: PC Speaker as /devices/platform/pcspkr/input/input4
[    0.627338] rtc_cmos 00:02: RTC can wake from S4
[    0.627576] rtc_cmos 00:02: rtc core: registered rtc_cmos as rtc0
[    0.627611] rtc_cmos 00:02: alarms up to one month, y3k, 114 bytes nvram, hpet irqs
[    0.627721] usbcore: registered new interface driver uvcvideo
[    0.627722] USB Video Class driver (1.1.1)
[    0.627723] gspca_main: v2.14.0 registered
[    0.627758] usbcore: registered new interface driver sq930x
[    0.628531] ieee80211 phy0: Selected rate control algorithm 'iwl-agn-rs'
[    0.629107] device-mapper: ioctl: 4.37.0-ioctl (2017-09-20) initialised: dm-devel@redhat.com
[    0.629110] Bluetooth: HCI UART driver ver 2.3
[    0.629112] Bluetooth: HCI UART protocol H4 registered
[    0.629113] Bluetooth: HCI UART protocol BCSP registered
[    0.629218] usbcore: registered new interface driver btusb
[    0.629225] intel_pstate: Intel P-state driver initializing
[    0.629643] sdhci: Secure Digital Host Controller Interface driver
[    0.629647] sdhci: Copyright(c) Pierre Ossman
[    0.629735] sdhci-pci 0000:0d:00.0: SDHCI controller found [1180:e822] (rev 7)
[    0.631254] mmc0 bounce up to 128 segments into one, max segment size 65536 bytes
[    0.631336] input: AT Translated Set 2 keyboard as /devices/platform/i8042/serio0/input/input5
[    0.632650] mmc0: SDHCI controller on PCI [0000:0d:00.0] using DMA
[    0.633878] hidraw: raw HID events driver (C) Jiri Kosina
[    0.636860] usbcore: registered new interface driver usbhid
[    0.636864] usbhid: USB HID core driver
[    0.639416] thinkpad_acpi: ThinkPad ACPI Extras v0.25
[    0.639420] thinkpad_acpi: http://ibm-acpi.sf.net/
[    0.639424] thinkpad_acpi: ThinkPad BIOS 8DET73WW (1.43 ), EC unknown
[    0.639429] thinkpad_acpi: Lenovo ThinkPad X220, model 42872WU
[    0.642880] thinkpad_acpi: radio switch found; radios are disabled
[    0.643101] thinkpad_acpi: Tablet mode switch found (type: MHKG), currently in laptop mode
[    0.643119] thinkpad_acpi: This ThinkPad has standard ACPI backlight brightness control, supported by the ACPI video driver
[    0.643119] thinkpad_acpi: Disabling thinkpad-acpi brightness events by default...
[    0.647041] thinkpad_acpi: rfkill switch tpacpi_bluetooth_sw: radio is blocked
[    0.648183] thinkpad_acpi: warning: userspace override of important firmware LEDs is enabled
[    0.648200] thinkpad_acpi: Standard ACPI backlight interface available, not loading native one
[    0.648201] thinkpad_acpi: volume: disabled as there is no ALSA support in this kernel
[    0.649208] input: ThinkPad Extra Buttons as /devices/platform/thinkpad_acpi/input/input8
[    0.650489] usbcore: registered new interface driver snd-usb-audio
[    0.651307] NET: Registered protocol family 17
[    0.651407] Bluetooth: RFCOMM TTY layer initialized
[    0.651417] Bluetooth: RFCOMM socket layer initialized
[    0.651427] Bluetooth: RFCOMM ver 1.11
[    0.651432] Bluetooth: BNEP (Ethernet Emulation) ver 1.3
[    0.651433] Bluetooth: BNEP filters: protocol multicast
[    0.651435] Bluetooth: BNEP socket layer initialized
[    0.651436] Bluetooth: HIDP (Human Interface Emulation) ver 1.2
[    0.651438] Bluetooth: HIDP socket layer initialized
[    0.651579] microcode: sig=0x206a7, pf=0x10, revision=0x29
[    0.651702] microcode: Microcode Update Driver: v2.2.
[    0.651730] sched_clock: Marking stable (651682610, 0)->(632111164, 19571446)
[    0.652438] Loading compiled-in X.509 certificates
[    0.652824] Key type encrypted registered
[    0.653464] rtc_cmos 00:02: setting system clock to 2018-04-02 17:38:25 UTC (1522690705)
[    0.653589] cfg80211: Loading compiled-in X.509 certificates for regulatory database
[    0.654388] cfg80211: Loaded X.509 cert 'sforshee: 00b28ddf47aef9cea7'
[    0.654557] platform regulatory.0: Direct firmware load for regulatory.db failed with error -2
[    0.654571] cfg80211: failed to load regulatory.db
[    0.691328] snd_hda_intel 0000:00:1b.0: bound 0000:00:02.0 (ops i915_audio_component_bind_ops)
[    0.704224] ata1: SATA link up 1.5 Gbps (SStatus 113 SControl 300)
[    0.705728] ata1.00: ACPI cmd ef/02:00:00:00:00:a0 (SET FEATURES) succeeded
[    0.705737] ata1.00: ACPI cmd f5/00:00:00:00:00:a0 (SECURITY FREEZE LOCK) filtered out
[    0.705744] ata1.00: ACPI cmd ef/10:03:00:00:00:a0 (SET FEATURES) filtered out
[    0.706848] ata1.00: ATA-8: Hitachi HTS545050A7E380, GG2OA7J0, max UDMA/133
[    0.706855] ata1.00: 976773168 sectors, multi 16: LBA48 NCQ (depth 31/32), AA
[    0.708467] ata1.00: ACPI cmd ef/02:00:00:00:00:a0 (SET FEATURES) succeeded
[    0.708479] ata1.00: ACPI cmd f5/00:00:00:00:00:a0 (SECURITY FREEZE LOCK) filtered out
[    0.708490] ata1.00: ACPI cmd ef/10:03:00:00:00:a0 (SET FEATURES) filtered out
[    0.709354] ata1.00: configured for UDMA/133
[    0.714291] snd_hda_codec_generic hdaudioC0D0: autoconfig for Generic: line_outs=1 (0x1f/0x0/0x0/0x0/0x0) type:speaker
[    0.714299] snd_hda_codec_generic hdaudioC0D0:    speaker_outs=0 (0x0/0x0/0x0/0x0/0x0)
[    0.714305] snd_hda_codec_generic hdaudioC0D0:    hp_outs=1 (0x19/0x0/0x0/0x0/0x0)
[    0.714310] snd_hda_codec_generic hdaudioC0D0:    mono: mono_out=0x0
[    0.714315] snd_hda_codec_generic hdaudioC0D0:    inputs:
[    0.714322] snd_hda_codec_generic hdaudioC0D0:      Internal Mic=0x23
[    0.714329] snd_hda_codec_generic hdaudioC0D0:      Mic=0x1b
[    0.715663] Console: switching to colour frame buffer device 102x42
[    0.720302] snd_hda_codec_generic hdaudioC0D3: ignore pin 0x7, too many assigned pins
[    0.720306] snd_hda_codec_generic hdaudioC0D3: autoconfig for Generic: line_outs=0 (0x0/0x0/0x0/0x0/0x0) type:line
[    0.720308] snd_hda_codec_generic hdaudioC0D3:    speaker_outs=0 (0x0/0x0/0x0/0x0/0x0)
[    0.720310] snd_hda_codec_generic hdaudioC0D3:    hp_outs=0 (0x0/0x0/0x0/0x0/0x0)
[    0.720312] snd_hda_codec_generic hdaudioC0D3:    mono: mono_out=0x0
[    0.720314] snd_hda_codec_generic hdaudioC0D3:    dig-out=0x5/0x6
[    0.720316] snd_hda_codec_generic hdaudioC0D3:    inputs:
[    0.722716] input: HDA Intel PCH Mic as /devices/pci0000:00/0000:00:1b.0/sound/card0/input9
[    0.722869] input: HDA Intel PCH Headphone as /devices/pci0000:00/0000:00:1b.0/sound/card0/input10
[    0.723019] input: HDA Intel PCH HDMI as /devices/pci0000:00/0000:00:1b.0/sound/card0/input11
[    0.723164] input: HDA Intel PCH HDMI as /devices/pci0000:00/0000:00:1b.0/sound/card0/input12
[    0.825756] i915 0000:00:02.0: fb0: inteldrmfb frame buffer device
[    0.826932] scsi 0:0:0:0: Direct-Access     ATA      Hitachi HTS54505 A7J0 PQ: 0 ANSI: 5
[    0.828568] sd 0:0:0:0: [sda] 976773168 512-byte logical blocks: (500 GB/466 GiB)
[    0.828604] sd 0:0:0:0: Attached scsi generic sg0 type 0
[    0.831063] sd 0:0:0:0: [sda] 4096-byte physical blocks
[    0.834765] sd 0:0:0:0: [sda] Write Protect is off
[    0.836258] sd 0:0:0:0: [sda] Mode Sense: 00 3a 00 00
[    0.836355] sd 0:0:0:0: [sda] Write cache: enabled, read cache: enabled, doesn't support DPO or FUA
[    0.875780]  sda: sda1 sda2 sda3 sda4
[    0.879242] sd 0:0:0:0: [sda] Attached SCSI disk
[    0.936139] usb 1-1: new high-speed USB device number 2 using ehci-pci
[    0.956132] usb 2-1: new high-speed USB device number 2 using ehci-pci
[    1.092987] usb 1-1: New USB device found, idVendor=8087, idProduct=0024
[    1.093983] usb 1-1: New USB device strings: Mfr=0, Product=0, SerialNumber=0
[    1.095483] hub 1-1:1.0: USB hub found
[    1.097035] hub 1-1:1.0: 6 ports detected
[    1.112990] usb 2-1: New USB device found, idVendor=8087, idProduct=0024
[    1.114441] usb 2-1: New USB device strings: Mfr=0, Product=0, SerialNumber=0
[    1.116761] hub 2-1:1.0: USB hub found
[    1.118350] hub 2-1:1.0: 8 ports detected
[    1.148204] ata2: SATA link down (SStatus 0 SControl 300)
[    1.216173] tsc: Refined TSC clocksource calibration: 2491.906 MHz
[    1.218591] clocksource: tsc: mask: 0xffffffffffffffff max_cycles: 0x23eb5badc15, max_idle_ns: 440795233937 ns
[    1.221720] clocksource: Switched to clocksource tsc
[    1.388101] usb 1-1.3: new full-speed USB device number 3 using ehci-pci
[    1.408653] usb 2-1.1: new high-speed USB device number 3 using ehci-pci
[    1.468159] ata5: SATA link down (SStatus 0 SControl 300)
[    1.498753] usb 1-1.3: New USB device found, idVendor=147e, idProduct=2016
[    1.501965] usb 1-1.3: New USB device strings: Mfr=1, Product=2, SerialNumber=0
[    1.505114] usb 1-1.3: Product: Biometric Coprocessor
[    1.508188] usb 1-1.3: Manufacturer: UPEK
[    1.522910] usb 2-1.1: New USB device found, idVendor=05e3, idProduct=0608
[    1.526054] usb 2-1.1: New USB device strings: Mfr=0, Product=1, SerialNumber=0
[    1.527747] usb 2-1.1: Product: USB2.0 Hub
[    1.530754] hub 2-1.1:1.0: USB hub found
[    1.532417] psmouse serio1: synaptics: queried max coordinates: x [..5472], y [..4448]
[    1.534174] hub 2-1.1:1.0: 4 ports detected
[    1.592116] usb 1-1.6: new high-speed USB device number 4 using ehci-pci
[    1.613771] psmouse serio1: synaptics: Touchpad model: 1, fw: 8.0, id: 0x1e2b1, caps: 0xd001a3/0x940300/0x120c00/0x0, board id: 1611, fw id: 774180
[    1.620400] psmouse serio1: synaptics: serio: Synaptics pass-through port at isa0060/serio1/input0
[    1.621810] usb 2-1.2: new low-speed USB device number 4 using ehci-pci
[    1.672907] input: SynPS/2 Synaptics TouchPad as /devices/platform/i8042/serio1/input/input7
[    1.719878] usb 1-1.6: New USB device found, idVendor=04f2, idProduct=b217
[    1.723478] usb 1-1.6: New USB device strings: Mfr=1, Product=2, SerialNumber=0
[    1.725357] usb 1-1.6: Product: Integrated Camera
[    1.725401] PM: Image not found (code -22)
[    1.727226] usb 1-1.6: Manufacturer: Chicony Electronics Co., Ltd.
[    1.727263] ALSA device list:
[    1.731626] uvcvideo: Found UVC 1.00 device Integrated Camera (04f2:b217)
[    1.731958]   #0: HDA Intel PCH at 0xf2520000 irq 22
[    1.736929] uvcvideo 1-1.6:1.0: Entity type for entity Extension 3 was not initialized!
[    1.737922] uvcvideo 1-1.6:1.0: Entity type for entity Processing 2 was not initialized!
[    1.737926] uvcvideo 1-1.6:1.0: Entity type for entity Camera 1 was not initialized!
[    1.756219] usb 2-1.2: New USB device found, idVendor=06a3, idProduct=053f
[    1.758418] usb 2-1.2: New USB device strings: Mfr=1, Product=2, SerialNumber=3
[    1.760617] usb 2-1.2: Product: Saitek X36
[    1.762379] usb 2-1.2: Manufacturer: Saitek
[    1.764155] usb 2-1.2: SerialNumber: 00103464
[    1.808501] input: Saitek Saitek X36 as /devices/pci0000:00/0000:00:1d.0/usb2/2-1/2-1.2/2-1.2:1.0/0003:06A3:053F.0001/input/input14
[    1.816413] hid-generic 0003:06A3:053F.0001: input,hidraw0: USB HID v1.00 Joystick [Saitek Saitek X36] on usb-0000:00:1d.0-1.2/input0
[    1.824087] usb 2-1.1.1: new high-speed USB device number 5 using ehci-pci
[    1.937358] usb 2-1.1.1: New USB device found, idVendor=1a40, idProduct=0101
[    1.941131] usb 2-1.1.1: New USB device strings: Mfr=0, Product=1, SerialNumber=0
[    1.944890] usb 2-1.1.1: Product: USB 2.0 Hub
[    1.949123] hub 2-1.1.1:1.0: USB hub found
[    1.950313] hub 2-1.1.1:1.0: 4 ports detected
[    2.032160] usb 2-1.1.4: new high-speed USB device number 6 using ehci-pci
[    2.144862] usb 2-1.1.4: New USB device found, idVendor=058f, idProduct=6254
[    2.148658] usb 2-1.1.4: New USB device strings: Mfr=0, Product=0, SerialNumber=0
[    2.153517] hub 2-1.1.4:1.0: USB hub found
[    2.157507] hub 2-1.1.4:1.0: 4 ports detected
[    2.260152] usb 2-1.1.1.1: new low-speed USB device number 7 using ehci-pci
[    2.396944] usb 2-1.1.1.1: New USB device found, idVendor=046d, idProduct=c05a
[    2.400478] usb 2-1.1.1.1: New USB device strings: Mfr=1, Product=2, SerialNumber=0
[    2.403830] usb 2-1.1.1.1: Product: USB Optical Mouse
[    2.407104] usb 2-1.1.1.1: Manufacturer: Logitech
[    2.411549] input: Logitech USB Optical Mouse as /devices/pci0000:00/0000:00:1d.0/usb2/2-1/2-1.1/2-1.1.1/2-1.1.1.1/2-1.1.1.1:1.0/0003:046D:C05A.0002/input/input15
[    2.414010] hid-generic 0003:046D:C05A.0002: input,hidraw1: USB HID v1.11 Mouse [Logitech USB Optical Mouse] on usb-0000:00:1d.0-1.1.1.1/input0
[    2.437953] psmouse serio2: trackpoint: IBM TrackPoint firmware: 0x0e, buttons: 3/3
[    2.516167] usb 2-1.1.1.3: new low-speed USB device number 8 using ehci-pci
[    2.656446] usb 2-1.1.1.3: New USB device found, idVendor=04f2, idProduct=0111
[    2.659996] usb 2-1.1.1.3: New USB device strings: Mfr=1, Product=2, SerialNumber=0
[    2.663518] usb 2-1.1.1.3: Product: USB Keyboard
[    2.664771] usb 2-1.1.1.3: Manufacturer: Chicony
[    2.671521] input: Chicony USB Keyboard as /devices/pci0000:00/0000:00:1d.0/usb2/2-1/2-1.1/2-1.1.1/2-1.1.1.3/2-1.1.1.3:1.0/0003:04F2:0111.0003/input/input16
[    2.698845] input: TPPS/2 IBM TrackPoint as /devices/platform/i8042/serio1/serio2/input/input13
[    2.734302] hid-generic 0003:04F2:0111.0003: input,hidraw2: USB HID v1.10 Keyboard [Chicony USB Keyboard] on usb-0000:00:1d.0-1.1.1.3/input0
[    2.750340] input: Chicony USB Keyboard as /devices/pci0000:00/0000:00:1d.0/usb2/2-1/2-1.1/2-1.1.1/2-1.1.1.3/2-1.1.1.3:1.1/0003:04F2:0111.0004/input/input17
[    2.813495] hid-generic 0003:04F2:0111.0004: input,hiddev96,hidraw3: USB HID v1.10 Device [Chicony USB Keyboard] on usb-0000:00:1d.0-1.1.1.3/input1
[    2.839523] md: Waiting for all devices to be available before autodetect
[    2.843459] md: If you don't use raid, use raid=noautodetect
[    2.848629] md: Autodetecting RAID arrays.
[    2.852461] md: autorun ...
[    2.853478] md: ... autorun DONE.
[    2.895263] EXT4-fs (sda4): couldn't mount as ext3 due to feature incompatibilities
[    2.930627] EXT4-fs (sda4): mounted filesystem with ordered data mode. Opts: (null)
[    2.934675] VFS: Mounted root (ext4 filesystem) readonly on device 8:4.
[    2.949060] devtmpfs: mounted
[    2.954184] Freeing unused kernel memory: 1000K
[    2.955665] Write protecting the kernel read-only data: 24576k
[    2.958446] Freeing unused kernel memory: 2008K
[    2.962611] Freeing unused kernel memory: 888K
[    2.970068] x86/mm: Checked W+X mappings: passed, no W+X pages found.
[    2.971055] x86/mm: Checking user space page tables
[    2.978306] x86/mm: Checked W+X mappings: passed, no W+X pages found.
[    2.979297] rodata_test: all tests were successful
[    3.808592] systemd[1]: systemd 215 running in system mode. (+PAM +AUDIT +SELINUX +IMA +SYSVINIT +LIBCRYPTSETUP +GCRYPT +ACL +XZ -SECCOMP -APPARMOR)
[    3.832445] systemd[1]: Detected architecture 'x86-64'.
[    4.122486] systemd[1]: Failed to insert module 'ipv6'
[    4.142279] systemd[1]: Set hostname to <duo>.
[    5.487121] random: crng init done
[    6.549032] systemd[1]: Binding to IPv6 address not available since kernel does not support IPv6.
[    6.552899] systemd[1]: [/lib/systemd/system/gpsd.socket:6] Failed to parse address value, ignoring: [::1]:2947
[    6.588668] systemd[1]: Starting Forward Password Requests to Wall Directory Watch.
[    6.592353] systemd[1]: Started Forward Password Requests to Wall Directory Watch.
[    6.593607] systemd[1]: Starting Remote File Systems (Pre).
[    6.597623] systemd[1]: Reached target Remote File Systems (Pre).
[    8.000517] systemd-udevd[2481]: starting version 215
[   10.195811] EXT4-fs (sda4): re-mounted. Opts: errors=remount-ro
[   10.759866] e1000e 0000:00:19.0 eth2: renamed from eth0
[   10.784199] systemd-udevd[2542]: renamed network interface eth0 to eth2
[   10.852177] iwlwifi 0000:03:00.0 wlan1: renamed from wlan0
[   10.868227] systemd-udevd[2551]: renamed network interface wlan0 to wlan1
[   14.316508] Adding 1681428k swap on /dev/sda1.  Priority:-2 extents:1 across:1681428k 
[   15.091638] EXT4-fs (sda2): mounted filesystem with ordered data mode. Opts: errors=remount-ro
[   15.690804] systemd-journald[2476]: Received request to flush runtime journal from PID 1
[   21.852339] NFSD: Using /var/lib/nfs/v4recovery as the NFSv4 state recovery directory
[   22.330732] NFSD: starting 90-second grace period (net f0000099)
[   32.503493] device-mapper: table: 251:0: thin-pool: unknown target type
[   32.503557] device-mapper: ioctl: error adding target to table
[   33.055079] e1000e: eth2 NIC Link is Up 100 Mbps Full Duplex, Flow Control: Rx/Tx
[   33.055090] e1000e 0000:00:19.0 eth2: 10/100 speed: disabling TSO
