[    0.000000] Linux version 5.2.0-rc1+ (pavel@duo) (gcc version 4.9.2 (Debian 4.9.2-10+deb8u2)) #32 SMP Mon May 20 12:51:17 CEST 2019
[    0.000000] Command line: BOOT_IMAGE=(hd1,2)/l/k/o/64/arch/x86/boot/bzImage root=/dev/sdb4 resume=/dev/sda1
[    0.000000] Disabled fast string operations
[    0.000000] x86/fpu: Supporting XSAVE feature 0x001: 'x87 floating point registers'
[    0.000000] x86/fpu: Supporting XSAVE feature 0x002: 'SSE registers'
[    0.000000] x86/fpu: Supporting XSAVE feature 0x004: 'AVX registers'
[    0.000000] x86/fpu: xstate_offset[2]:  576, xstate_sizes[2]:  256
[    0.000000] x86/fpu: Enabled xstate features 0x7, context size is 832 bytes, using 'standard' format.
[    0.000000] BIOS-provided physical RAM map:
[    0.000000] BIOS-e820: [mem 0x0000000000000000-0x000000000009d7ff] usable
[    0.000000] BIOS-e820: [mem 0x000000000009d800-0x000000000009ffff] reserved
[    0.000000] BIOS-e820: [mem 0x00000000000e0000-0x00000000000fffff] reserved
[    0.000000] BIOS-e820: [mem 0x0000000000100000-0x000000001fffffff] usable
[    0.000000] BIOS-e820: [mem 0x0000000020000000-0x00000000201fffff] reserved
[    0.000000] BIOS-e820: [mem 0x0000000020200000-0x000000003fffffff] usable
[    0.000000] BIOS-e820: [mem 0x0000000040000000-0x00000000401fffff] reserved
[    0.000000] BIOS-e820: [mem 0x0000000040200000-0x00000000da99efff] usable
[    0.000000] BIOS-e820: [mem 0x00000000da99f000-0x00000000dae9efff] reserved
[    0.000000] BIOS-e820: [mem 0x00000000dae9f000-0x00000000daf9efff] ACPI NVS
[    0.000000] BIOS-e820: [mem 0x00000000daf9f000-0x00000000daffefff] ACPI data
[    0.000000] BIOS-e820: [mem 0x00000000dafff000-0x00000000daffffff] usable
[    0.000000] BIOS-e820: [mem 0x00000000db000000-0x00000000df9fffff] reserved
[    0.000000] BIOS-e820: [mem 0x00000000f8000000-0x00000000fbffffff] reserved
[    0.000000] BIOS-e820: [mem 0x00000000fec00000-0x00000000fec00fff] reserved
[    0.000000] BIOS-e820: [mem 0x00000000fed08000-0x00000000fed08fff] reserved
[    0.000000] BIOS-e820: [mem 0x00000000fed10000-0x00000000fed19fff] reserved
[    0.000000] BIOS-e820: [mem 0x00000000fed1c000-0x00000000fed1ffff] reserved
[    0.000000] BIOS-e820: [mem 0x00000000fee00000-0x00000000fee00fff] reserved
[    0.000000] BIOS-e820: [mem 0x00000000ffd20000-0x00000000ffffffff] reserved
[    0.000000] BIOS-e820: [mem 0x0000000100000000-0x000000019e5fffff] usable
[    0.000000] BIOS-e820: [mem 0x000000019e600000-0x000000019e7fffff] reserved
[    0.000000] NX (Execute Disable) protection: active
[    0.000000] SMBIOS 2.6 present.
[    0.000000] DMI: LENOVO 42872WU/42872WU, BIOS 8DET74WW (1.44 ) 03/13/2018
[    0.000000] tsc: Fast TSC calibration using PIT
[    0.000000] tsc: Detected 2491.885 MHz processor
[    0.001589] e820: update [mem 0x00000000-0x00000fff] usable ==> reserved
[    0.001591] e820: remove [mem 0x000a0000-0x000fffff] usable
[    0.001599] last_pfn = 0x19e600 max_arch_pfn = 0x400000000
[    0.001605] MTRR default type: uncachable
[    0.001606] MTRR fixed ranges enabled:
[    0.001608]   00000-9FFFF write-back
[    0.001610]   A0000-BFFFF uncachable
[    0.001611]   C0000-FFFFF write-protect
[    0.001612] MTRR variable ranges enabled:
[    0.001614]   0 base 0FFC00000 mask FFFC00000 write-protect
[    0.001616]   1 base 000000000 mask F80000000 write-back
[    0.001617]   2 base 080000000 mask FC0000000 write-back
[    0.001619]   3 base 0C0000000 mask FE0000000 write-back
[    0.001620]   4 base 0DC000000 mask FFC000000 uncachable
[    0.001621]   5 base 0DB000000 mask FFF000000 uncachable
[    0.001623]   6 base 100000000 mask F80000000 write-back
[    0.001624]   7 base 180000000 mask FE0000000 write-back
[    0.001625]   8 base 19F000000 mask FFF000000 uncachable
[    0.001627]   9 base 19E800000 mask FFF800000 uncachable
[    0.002396] x86/PAT: Configuration [0-7]: WB  WC  UC- UC  WB  WP  UC- WT  
[    0.003613] last_pfn = 0xdb000 max_arch_pfn = 0x400000000
[    0.003634] reserving inaccessible SNB gfx pages
[    0.003639] BRK [0x06401000, 0x06401fff] PGTABLE
[    0.003642] BRK [0x06402000, 0x06402fff] PGTABLE
[    0.003644] BRK [0x06403000, 0x06403fff] PGTABLE
[    0.003707] BRK [0x06404000, 0x06404fff] PGTABLE
[    0.003857] BRK [0x06405000, 0x06405fff] PGTABLE
[    0.004119] BRK [0x06406000, 0x06406fff] PGTABLE
[    0.004601] ACPI: Early table checksum verification disabled
[    0.004650] ACPI: RSDP 0x00000000000F00E0 000024 (v02 LENOVO)
[    0.004655] ACPI: XSDT 0x00000000DAFFE120 0000AC (v01 LENOVO TP-8D    00001440 PTEC 00000002)
[    0.004662] ACPI: FACP 0x00000000DAFE7000 0000F4 (v04 LENOVO TP-8D    00001440 PTL  00000002)
[    0.004669] ACPI: DSDT 0x00000000DAFEA000 00FA89 (v01 LENOVO TP-8D    00001440 INTL 20061109)
[    0.004673] ACPI: FACS 0x00000000DAF2D000 000040
[    0.004677] ACPI: FACS 0x00000000DAF2D000 000040
[    0.004680] ACPI: SLIC 0x00000000DAFFD000 000176 (v01 LENOVO TP-8D    00001440 PTEC 00000001)
[    0.004684] ACPI: SSDT 0x00000000DAFFC000 000249 (v01 LENOVO TP-SSDT2 00000200 INTL 20061109)
[    0.004689] ACPI: SSDT 0x00000000DAFFB000 000033 (v01 LENOVO TP-SSDT1 00000100 INTL 20061109)
[    0.004693] ACPI: SSDT 0x00000000DAFFA000 0007D1 (v01 LENOVO SataAhci 00001000 INTL 20061109)
[    0.004697] ACPI: HPET 0x00000000DAFE6000 000038 (v01 LENOVO TP-8D    00001440 PTL  00000002)
[    0.004701] ACPI: APIC 0x00000000DAFE5000 000098 (v01 LENOVO TP-8D    00001440 PTL  00000002)
[    0.004704] ACPI: MCFG 0x00000000DAFE4000 00003C (v01 LENOVO TP-8D    00001440 PTL  00000002)
[    0.004708] ACPI: ECDT 0x00000000DAFE3000 000052 (v01 LENOVO TP-8D    00001440 PTL  00000002)
[    0.004712] ACPI: ASF! 0x00000000DAFE9000 0000A5 (v32 LENOVO TP-8D    00001440 PTL  00000002)
[    0.004717] ACPI: TCPA 0x00000000DAFE2000 000032 (v02 PTL    LENOVO   06040000 LNVO 00000001)
[    0.004721] ACPI: SSDT 0x00000000DAFE1000 000A27 (v01 PmRef  Cpu0Ist  00003000 INTL 20061109)
[    0.004725] ACPI: SSDT 0x00000000DAFE0000 000996 (v01 PmRef  CpuPm    00003000 INTL 20061109)
[    0.004729] ACPI: DMAR 0x00000000DAFDF000 0000E8 (v01 INTEL  SNB      00000001 INTL 00000001)
[    0.004733] ACPI: UEFI 0x00000000DAFDE000 00003E (v01 LENOVO TP-8D    00001440 PTL  00000002)
[    0.004737] ACPI: UEFI 0x00000000DAFDD000 000042 (v01 PTL    COMBUF   00000001 PTL  00000001)
[    0.004741] ACPI: UEFI 0x00000000DAFDC000 000292 (v01 LENOVO TP-8D    00001440 PTL  00000002)
[    0.004749] ACPI: Local APIC address 0xfee00000
[    0.004795] Zone ranges:
[    0.004797]   DMA      [mem 0x0000000000001000-0x0000000000ffffff]
[    0.004800]   DMA32    [mem 0x0000000001000000-0x00000000ffffffff]
[    0.004802]   Normal   [mem 0x0000000100000000-0x000000019e5fffff]
[    0.004804] Movable zone start for each node
[    0.004806] Early memory node ranges
[    0.004808]   node   0: [mem 0x0000000000001000-0x000000000009cfff]
[    0.004810]   node   0: [mem 0x0000000000100000-0x000000001fffffff]
[    0.004812]   node   0: [mem 0x0000000020200000-0x000000003fffffff]
[    0.004813]   node   0: [mem 0x0000000040200000-0x00000000da99efff]
[    0.004815]   node   0: [mem 0x00000000dafff000-0x00000000daffffff]
[    0.004817]   node   0: [mem 0x0000000100000000-0x000000019e5fffff]
[    0.005022] Zeroed struct page in unavailable ranges: 23236 pages
[    0.005024] Initmem setup node 0 [mem 0x0000000000001000-0x000000019e5fffff]
[    0.005027] On node 0 totalpages: 1542972
[    0.005029]   DMA zone: 56 pages used for memmap
[    0.005030]   DMA zone: 156 pages reserved
[    0.005032]   DMA zone: 3996 pages, LIFO batch:0
[    0.005071]   DMA32 zone: 12172 pages used for memmap
[    0.005072]   DMA32 zone: 890272 pages, LIFO batch:63
[    0.013734]   Normal zone: 8869 pages used for memmap
[    0.013738]   Normal zone: 648704 pages, LIFO batch:63
[    0.019620] Reserving Intel graphics memory at [mem 0xdba00000-0xdf9fffff]
[    0.019778] ACPI: PM-Timer IO Port: 0x408
[    0.019782] ACPI: Local APIC address 0xfee00000
[    0.019789] ACPI: LAPIC_NMI (acpi_id[0x00] high edge lint[0x1])
[    0.019791] ACPI: LAPIC_NMI (acpi_id[0x01] high edge lint[0x1])
[    0.019810] IOAPIC[0]: apic_id 2, version 32, address 0xfec00000, GSI 0-23
[    0.019813] ACPI: INT_SRC_OVR (bus 0 bus_irq 0 global_irq 2 dfl dfl)
[    0.019816] ACPI: INT_SRC_OVR (bus 0 bus_irq 9 global_irq 9 high level)
[    0.019819] ACPI: IRQ0 used by override.
[    0.019821] ACPI: IRQ9 used by override.
[    0.019825] Using ACPI (MADT) for SMP configuration information
[    0.019827] ACPI: HPET id: 0x8086a301 base: 0xfed00000
[    0.019833] smpboot: Allowing 8 CPUs, 4 hotplug CPUs
[    0.019861] PM: Registered nosave memory: [mem 0x00000000-0x00000fff]
[    0.019864] PM: Registered nosave memory: [mem 0x0009d000-0x0009dfff]
[    0.019866] PM: Registered nosave memory: [mem 0x0009e000-0x0009ffff]
[    0.019868] PM: Registered nosave memory: [mem 0x000a0000-0x000dffff]
[    0.019869] PM: Registered nosave memory: [mem 0x000e0000-0x000fffff]
[    0.019872] PM: Registered nosave memory: [mem 0x20000000-0x201fffff]
[    0.019875] PM: Registered nosave memory: [mem 0x40000000-0x401fffff]
[    0.019878] PM: Registered nosave memory: [mem 0xda99f000-0xdae9efff]
[    0.019880] PM: Registered nosave memory: [mem 0xdae9f000-0xdaf9efff]
[    0.019881] PM: Registered nosave memory: [mem 0xdaf9f000-0xdaffefff]
[    0.019884] PM: Registered nosave memory: [mem 0xdb000000-0xdf9fffff]
[    0.019886] PM: Registered nosave memory: [mem 0xdfa00000-0xf7ffffff]
[    0.019888] PM: Registered nosave memory: [mem 0xf8000000-0xfbffffff]
[    0.019889] PM: Registered nosave memory: [mem 0xfc000000-0xfebfffff]
[    0.019891] PM: Registered nosave memory: [mem 0xfec00000-0xfec00fff]
[    0.019893] PM: Registered nosave memory: [mem 0xfec01000-0xfed07fff]
[    0.019894] PM: Registered nosave memory: [mem 0xfed08000-0xfed08fff]
[    0.019896] PM: Registered nosave memory: [mem 0xfed09000-0xfed0ffff]
[    0.019898] PM: Registered nosave memory: [mem 0xfed10000-0xfed19fff]
[    0.019900] PM: Registered nosave memory: [mem 0xfed1a000-0xfed1bfff]
[    0.019901] PM: Registered nosave memory: [mem 0xfed1c000-0xfed1ffff]
[    0.019903] PM: Registered nosave memory: [mem 0xfed20000-0xfedfffff]
[    0.019905] PM: Registered nosave memory: [mem 0xfee00000-0xfee00fff]
[    0.019907] PM: Registered nosave memory: [mem 0xfee01000-0xffd1ffff]
[    0.019908] PM: Registered nosave memory: [mem 0xffd20000-0xffffffff]
[    0.019912] [mem 0xdfa00000-0xf7ffffff] available for PCI devices
[    0.019916] clocksource: refined-jiffies: mask: 0xffffffff max_cycles: 0xffffffff, max_idle_ns: 7645519600211568 ns
[    0.019925] setup_percpu: NR_CPUS:8 nr_cpumask_bits:8 nr_cpu_ids:8 nr_node_ids:1
[    0.021696] percpu: Embedded 60 pages/cpu s207048 r8192 d30520 u262144
[    0.021706] pcpu-alloc: s207048 r8192 d30520 u262144 alloc=1*2097152
[    0.021707] pcpu-alloc: [0] 0 1 2 3 4 5 6 7 
[    0.021734] Built 1 zonelists, mobility grouping on.  Total pages: 1521719
[    0.021740] Kernel command line: BOOT_IMAGE=(hd1,2)/l/k/o/64/arch/x86/boot/bzImage root=/dev/sdb4 resume=/dev/sda1
[    0.025610] Dentry cache hash table entries: 1048576 (order: 11, 8388608 bytes)
[    0.027517] Inode-cache hash table entries: 524288 (order: 10, 4194304 bytes)
[    0.285956] Memory: 5966032K/6171888K available (16387K kernel code, 1128K rwdata, 5276K rodata, 1088K init, 9888K bss, 205856K reserved, 0K cma-reserved)
[    0.285984] random: get_random_u32 called from cache_alloc_refill+0x8cb/0xcc0 with crng_init=0
[    0.286614] Kernel/User page tables isolation: enabled
[    0.286797] rcu: Hierarchical RCU implementation.
[    0.286800] rcu: RCU calculated value of scheduler-enlistment delay is 25 jiffies.
[    0.286832] NR_IRQS: 4352, nr_irqs: 104, preallocated irqs: 16
[    0.288827] Console: colour VGA+ 80x25
[    0.297265] printk: console [tty0] enabled
[    0.297323] Lock dependency validator: Copyright (c) 2006 Red Hat, Inc., Ingo Molnar
[    0.297393] ... MAX_LOCKDEP_SUBCLASSES:  8
[    0.297450] ... MAX_LOCK_DEPTH:          48
[    0.297509] ... MAX_LOCKDEP_KEYS:        8191
[    0.297567] ... CLASSHASH_SIZE:          4096
[    0.297626] ... MAX_LOCKDEP_ENTRIES:     32768
[    0.297685] ... MAX_LOCKDEP_CHAINS:      65536
[    0.297744] ... CHAINHASH_SIZE:          32768
[    0.297803]  memory used by lock dependency info: 3507 kB
[    0.297865]  per task-struct memory footprint: 1920 bytes
[    0.297933] ACPI: Core revision 20190509
[    0.298348] clocksource: hpet: mask: 0xffffffff max_cycles: 0xffffffff, max_idle_ns: 133484882848 ns
[    0.298449] hpet clockevent registered
[    0.298457] APIC: Switch to symmetric I/O mode setup
[    0.298974] ..TIMER: vector=0x30 apic1=0 pin1=2 apic2=-1 pin2=-1
[    0.318456] clocksource: tsc-early: mask: 0xffffffffffffffff max_cycles: 0x23eb47d5a1b, max_idle_ns: 440795269724 ns
[    0.318549] Calibrating delay loop (skipped), value calculated using timer frequency.. 4983.77 BogoMIPS (lpj=9967540)
[    0.318642] pid_max: default: 32768 minimum: 301
[    0.318854] Mount-cache hash table entries: 16384 (order: 5, 131072 bytes)
[    0.318939] Mountpoint-cache hash table entries: 16384 (order: 5, 131072 bytes)
[    0.319337] *** VALIDATE proc ***
[    0.319454] *** VALIDATE cgroup1 ***
[    0.319512] *** VALIDATE cgroup2 ***
[    0.319603] Disabled fast string operations
[    0.319670] process: using mwait in idle threads
[    0.319733] Last level iTLB entries: 4KB 512, 2MB 8, 4MB 8
[    0.319796] Last level dTLB entries: 4KB 512, 2MB 32, 4MB 32, 1GB 0
[    0.319863] Spectre V2 : Mitigation: Full generic retpoline
[    0.319926] Spectre V2 : Spectre v2 / SpectreRSB mitigation: Filling RSB on context switch
[    0.319997] Spectre V2 : Enabling Restricted Speculation for firmware calls
[    0.320065] Spectre V2 : mitigation: Enabling conditional Indirect Branch Prediction Barrier
[    0.320137] Spectre V2 : User space: Mitigation: STIBP via prctl
[    0.320202] Speculative Store Bypass: Vulnerable
[    0.320262] MDS: Vulnerable: Clear CPU buffers attempted, no microcode
[    0.320485] Freeing SMP alternatives memory: 44K
[    0.321626] TSC deadline timer enabled
[    0.321630] smpboot: CPU0: Intel(R) Core(TM) i5-2520M CPU @ 2.50GHz (family: 0x6, model: 0x2a, stepping: 0x7)
[    0.322029] Performance Events: PEBS fmt1+, SandyBridge events, 16-deep LBR, full-width counters, Intel PMU driver.
[    0.322549] ... version:                3
[    0.322549] ... bit width:              48
[    0.322549] ... generic registers:      4
[    0.322549] ... value mask:             0000ffffffffffff
[    0.322549] ... max period:             00007fffffffffff
[    0.322549] ... fixed-purpose events:   3
[    0.322549] ... event mask:             000000070000000f
[    0.322549] rcu: Hierarchical SRCU implementation.
[    0.322549] NMI watchdog: Enabled. Permanently consumes one hw-PMU counter.
[    0.322549] smp: Bringing up secondary CPUs ...
[    0.322789] x86: Booting SMP configuration:
[    0.322852] .... node  #0, CPUs:      #1
[    0.015477] Disabled fast string operations
[    0.325185] MDS CPU bug present and SMT on, data leak possible. See https://www.kernel.org/doc/html/latest/admin-guide/hw-vuln/mds.html for more details.
[    0.325185]  #2
[    0.015477] Disabled fast string operations
[    0.327088]  #3
[    0.015477] Disabled fast string operations
[    0.329384] smp: Brought up 1 node, 4 CPUs
[    0.329384] smpboot: Max logical packages: 2
[    0.329384] smpboot: Total of 4 processors activated (19935.08 BogoMIPS)
[    0.330887] devtmpfs: initialized
[    0.331040] PM: Registering ACPI NVS region [mem 0xdae9f000-0xdaf9efff] (1048576 bytes)
[    0.331355] clocksource: jiffies: mask: 0xffffffff max_cycles: 0xffffffff, max_idle_ns: 7645041785100000 ns
[    0.331448] futex hash table entries: 2048 (order: 6, 262144 bytes)
[    0.331974] NET: Registered protocol family 16
[    0.332771] cpuidle: using governor ladder
[    0.332778] cpuidle: using governor menu
[    0.332778] ACPI FADT declares the system doesn't support PCIe ASPM, so disable it
[    0.332778] ACPI: bus type PCI registered
[    0.332778] PCI: MMCONFIG for domain 0000 [bus 00-3f] at [mem 0xf8000000-0xfbffffff] (base 0xf8000000)
[    0.332778] PCI: MMCONFIG at [mem 0xf8000000-0xfbffffff] reserved in E820
[    0.332778] PCI: Using configuration type 1 for base access
[    0.332778] core: PMU erratum BJ122, BV98, HSD29 worked around, HT is on
[    0.334743] ENERGY_PERF_BIAS: Set to 'normal', was 'performance'
[    0.358778] ACPI: Added _OSI(Module Device)
[    0.358841] ACPI: Added _OSI(Processor Device)
[    0.358901] ACPI: Added _OSI(3.0 _SCP Extensions)
[    0.358962] ACPI: Added _OSI(Processor Aggregator Device)
[    0.359026] ACPI: Added _OSI(Linux-Dell-Video)
[    0.359087] ACPI: Added _OSI(Linux-Lenovo-NV-HDMI-Audio)
[    0.359150] ACPI: Added _OSI(Linux-HPI-Hybrid-Graphics)
[    0.399997] ACPI: 6 ACPI AML tables successfully acquired and loaded
[    0.402273] ACPI: EC: EC started
[    0.402331] ACPI: EC: interrupt blocked
[    0.404825] ACPI: \: Used as first EC
[    0.404885] ACPI: \: GPE=0x11, EC_CMD/EC_SC=0x66, EC_DATA=0x62
[    0.404949] ACPI: EC: Boot ECDT EC used to handle transactions
[    0.406779] ACPI: [Firmware Bug]: BIOS _OSI(Linux) query ignored
[    0.416379] ACPI: Dynamic OEM Table Load:
[    0.416455] ACPI: SSDT 0xFFFF888197B05000 0008C0 (v01 PmRef  Cpu0Cst  00003001 INTL 20061109)
[    0.418749] ACPI: Dynamic OEM Table Load:
[    0.418830] ACPI: SSDT 0xFFFF888196A5F000 000303 (v01 PmRef  ApIst    00003000 INTL 20061109)
[    0.419629] ACPI: Dynamic OEM Table Load:
[    0.419629] ACPI: SSDT 0xFFFF888197A94000 000119 (v01 PmRef  ApCst    00003000 INTL 20061109)
[    0.421341] ACPI: Interpreter enabled
[    0.421454] ACPI: (supports S0 S3 S4 S5)
[    0.421516] ACPI: Using IOAPIC for interrupt routing
[    0.422598] PCI: Using host bridge windows from ACPI; if necessary, use "pci=nocrs" and report a bug
[    0.423391] ACPI: Enabled 6 GPEs in block 00 to 3F
[    0.436014] ACPI: Power Resource [PUBS] (on)
[    0.436658] acpi PNP0C0A:01: ACPI dock station (docks/bays count: 1)
[    0.440956] acpi LNXIOBAY:00: ACPI dock station (docks/bays count: 2)
[    0.447438] acpi IBM0079:00: ACPI dock station (docks/bays count: 3)
[    0.449267] ACPI: PCI Interrupt Link [LNKA] (IRQs 3 4 5 6 7 9 10 *11)
[    0.449676] ACPI: PCI Interrupt Link [LNKB] (IRQs 3 4 5 6 7 9 10 *11)
[    0.450081] ACPI: PCI Interrupt Link [LNKC] (IRQs 3 4 5 6 7 9 10 *11)
[    0.450485] ACPI: PCI Interrupt Link [LNKD] (IRQs 3 4 5 6 7 9 *10 11)
[    0.450888] ACPI: PCI Interrupt Link [LNKE] (IRQs 3 4 5 6 *7 9 10 11)
[    0.451200] ACPI: PCI Interrupt Link [LNKF] (IRQs 3 4 5 6 7 9 10 11) *0, disabled.
[    0.451608] ACPI: PCI Interrupt Link [LNKG] (IRQs 3 4 5 6 *7 9 10 11)
[    0.452012] ACPI: PCI Interrupt Link [LNKH] (IRQs 3 4 5 6 7 9 *10 11)
[    0.452338] ACPI: PCI Root Bridge [PCI0] (domain 0000 [bus 00-fe])
[    0.452414] acpi PNP0A08:00: _OSC: OS supports [ExtendedConfig ASPM ClockPM Segments HPX-Type3]
[    0.452899] acpi PNP0A08:00: _OSC: not requesting OS control; OS requires [ExtendedConfig ASPM ClockPM MSI]
[    0.452999] acpi PNP0A08:00: [Firmware Info]: MMCONFIG for domain 0000 [bus 00-3f] only partially covers this bridge
[    0.453220] PCI host bridge to bus 0000:00
[    0.453289] pci_bus 0000:00: root bus resource [io  0x0000-0x0cf7 window]
[    0.453359] pci_bus 0000:00: root bus resource [io  0x0d00-0xffff window]
[    0.453429] pci_bus 0000:00: root bus resource [mem 0x000a0000-0x000bffff window]
[    0.453501] pci_bus 0000:00: root bus resource [mem 0xdfa00000-0xfebfffff window]
[    0.453573] pci_bus 0000:00: root bus resource [mem 0xfed40000-0xfed4bfff window]
[    0.453646] pci_bus 0000:00: root bus resource [bus 00-fe]
[    0.453729] pci 0000:00:00.0: [8086:0104] type 00 class 0x060000
[    0.454021] pci 0000:00:02.0: [8086:0126] type 00 class 0x030000
[    0.454105] pci 0000:00:02.0: reg 0x10: [mem 0xf0000000-0xf03fffff 64bit]
[    0.454180] pci 0000:00:02.0: reg 0x18: [mem 0xe0000000-0xefffffff 64bit pref]
[    0.454254] pci 0000:00:02.0: reg 0x20: [io  0x5000-0x503f]
[    0.454591] pci 0000:00:16.0: [8086:1c3a] type 00 class 0x078000
[    0.454687] pci 0000:00:16.0: reg 0x10: [mem 0xf2525000-0xf252500f 64bit]
[    0.454847] pci 0000:00:16.0: PME# supported from D0 D3hot D3cold
[    0.455128] pci 0000:00:19.0: [8086:1502] type 00 class 0x020000
[    0.455220] pci 0000:00:19.0: reg 0x10: [mem 0xf2500000-0xf251ffff]
[    0.455296] pci 0000:00:19.0: reg 0x14: [mem 0xf252b000-0xf252bfff]
[    0.455371] pci 0000:00:19.0: reg 0x18: [io  0x5080-0x509f]
[    0.455511] pci 0000:00:19.0: PME# supported from D0 D3hot D3cold
[    0.455791] pci 0000:00:1a.0: [8086:1c2d] type 00 class 0x0c0320
[    0.455887] pci 0000:00:1a.0: reg 0x10: [mem 0xf252a000-0xf252a3ff]
[    0.456056] pci 0000:00:1a.0: PME# supported from D0 D3hot D3cold
[    0.456338] pci 0000:00:1b.0: [8086:1c20] type 00 class 0x040300
[    0.456434] pci 0000:00:1b.0: reg 0x10: [mem 0xf2520000-0xf2523fff 64bit]
[    0.456601] pci 0000:00:1b.0: PME# supported from D0 D3hot D3cold
[    0.456874] pci 0000:00:1c.0: [8086:1c10] type 01 class 0x060400
[    0.457100] pci 0000:00:1c.0: PME# supported from D0 D3hot D3cold
[    0.457395] pci 0000:00:1c.1: [8086:1c12] type 01 class 0x060400
[    0.457632] pci 0000:00:1c.1: PME# supported from D0 D3hot D3cold
[    0.457929] pci 0000:00:1c.3: [8086:1c16] type 01 class 0x060400
[    0.458164] pci 0000:00:1c.3: PME# supported from D0 D3hot D3cold
[    0.458460] pci 0000:00:1c.4: [8086:1c18] type 01 class 0x060400
[    0.458696] pci 0000:00:1c.4: PME# supported from D0 D3hot D3cold
[    0.458997] pci 0000:00:1d.0: [8086:1c26] type 00 class 0x0c0320
[    0.459090] pci 0000:00:1d.0: reg 0x10: [mem 0xf2529000-0xf25293ff]
[    0.459259] pci 0000:00:1d.0: PME# supported from D0 D3hot D3cold
[    0.459536] pci 0000:00:1f.0: [8086:1c4f] type 00 class 0x060100
[    0.459923] pci 0000:00:1f.2: [8086:1c03] type 00 class 0x010601
[    0.460015] pci 0000:00:1f.2: reg 0x10: [io  0x50a8-0x50af]
[    0.460088] pci 0000:00:1f.2: reg 0x14: [io  0x50bc-0x50bf]
[    0.460160] pci 0000:00:1f.2: reg 0x18: [io  0x50a0-0x50a7]
[    0.460233] pci 0000:00:1f.2: reg 0x1c: [io  0x50b8-0x50bb]
[    0.460305] pci 0000:00:1f.2: reg 0x20: [io  0x5060-0x507f]
[    0.460378] pci 0000:00:1f.2: reg 0x24: [mem 0xf2528000-0xf25287ff]
[    0.460502] pci 0000:00:1f.2: PME# supported from D3hot
[    0.460763] pci 0000:00:1f.3: [8086:1c22] type 00 class 0x0c0500
[    0.460860] pci 0000:00:1f.3: reg 0x10: [mem 0xf2524000-0xf25240ff 64bit]
[    0.460952] pci 0000:00:1f.3: reg 0x20: [io  0xefa0-0xefbf]
[    0.461312] pci 0000:00:1c.0: PCI bridge to [bus 02]
[    0.461731] pci 0000:03:00.0: [8086:0084] type 00 class 0x028000
[    0.462053] pci 0000:03:00.0: reg 0x10: [mem 0xf2400000-0xf2401fff 64bit]
[    0.463052] pci 0000:03:00.0: PME# supported from D0 D3hot D3cold
[    0.463885] pci 0000:00:1c.1: PCI bridge to [bus 03]
[    0.463956] pci 0000:00:1c.1:   bridge window [mem 0xf2400000-0xf24fffff]
[    0.464128] pci 0000:00:1c.3: PCI bridge to [bus 05-0c]
[    0.464203] pci 0000:00:1c.3:   bridge window [io  0x4000-0x4fff]
[    0.464274] pci 0000:00:1c.3:   bridge window [mem 0xf1c00000-0xf23fffff]
[    0.464351] pci 0000:00:1c.3:   bridge window [mem 0xf0400000-0xf0bfffff 64bit pref]
[    0.464685] pci 0000:0d:00.0: [1180:e822] type 00 class 0x088001
[    0.464964] pci 0000:0d:00.0: MMC controller base frequency changed to 50Mhz.
[    0.465251] pci 0000:0d:00.0: reg 0x10: [mem 0xf1400000-0xf14000ff]
[    0.465795] pci 0000:0d:00.0: supports D1 D2
[    0.465856] pci 0000:0d:00.0: PME# supported from D0 D1 D2 D3hot D3cold
[    0.466460] pci 0000:00:1c.4: PCI bridge to [bus 0d]
[    0.466529] pci 0000:00:1c.4:   bridge window [io  0x3000-0x3fff]
[    0.466557] pci 0000:00:1c.4:   bridge window [mem 0xf1400000-0xf1bfffff]
[    0.466634] pci 0000:00:1c.4:   bridge window [mem 0xf0c00000-0xf13fffff 64bit pref]
[    0.466747] pci_bus 0000:00: on NUMA node 0
[    0.469682] ACPI: EC: interrupt unblocked
[    0.469765] ACPI: EC: event unblocked
[    0.469865] ACPI: \_SB_.PCI0.LPC_.EC__: GPE=0x11, EC_CMD/EC_SC=0x66, EC_DATA=0x62
[    0.469938] ACPI: \_SB_.PCI0.LPC_.EC__: Boot DSDT EC used to handle transactions and events
[    0.470241] pci 0000:00:02.0: vgaarb: setting as boot VGA device
[    0.470241] pci 0000:00:02.0: vgaarb: VGA device added: decodes=io+mem,owns=io+mem,locks=none
[    0.470241] pci 0000:00:02.0: vgaarb: bridge control possible
[    0.470241] vgaarb: loaded
[    0.470609] SCSI subsystem initialized
[    0.470637] libata version 3.00 loaded.
[    0.470789] ACPI: bus type USB registered
[    0.470929] usbcore: registered new interface driver usbfs
[    0.471035] usbcore: registered new interface driver hub
[    0.471152] usbcore: registered new device driver usb
[    0.471301] media: Linux media interface: v0.10
[    0.471393] videodev: Linux video capture interface: v2.00
[    0.471507] pps_core: LinuxPPS API ver. 1 registered
[    0.471572] pps_core: Software ver. 5.3.6 - Copyright 2005-2007 Rodolfo Giometti <giometti@linux.it>
[    0.471674] PTP clock support registered
[    0.471849] EDAC MC: Ver: 3.0.0
[    0.471849] Advanced Linux Sound Architecture Driver Initialized.
[    0.471849] PCI: Using ACPI for IRQ routing
[    0.474708] PCI: pci_cache_line_size set to 64 bytes
[    0.475205] e820: reserve RAM buffer [mem 0x0009d800-0x0009ffff]
[    0.475209] e820: reserve RAM buffer [mem 0xda99f000-0xdbffffff]
[    0.475211] e820: reserve RAM buffer [mem 0xdb000000-0xdbffffff]
[    0.475213] e820: reserve RAM buffer [mem 0x19e600000-0x19fffffff]
[    0.475618] Bluetooth: Core ver 2.22
[    0.475709] NET: Registered protocol family 31
[    0.475775] Bluetooth: HCI device and connection manager initialized
[    0.476335] Bluetooth: HCI socket layer initialized
[    0.476398] Bluetooth: L2CAP socket layer initialized
[    0.476471] Bluetooth: SCO socket layer initialized
[    0.476628] clocksource: Switched to clocksource tsc-early
[    0.476628] pnp: PnP ACPI init
[    0.476628] system 00:00: [mem 0x00000000-0x0009ffff] could not be reserved
[    0.476628] system 00:00: [mem 0x000c0000-0x000c3fff] could not be reserved
[    0.476628] system 00:00: [mem 0x000c4000-0x000c7fff] could not be reserved
[    0.476685] system 00:00: [mem 0x000c8000-0x000cbfff] has been reserved
[    0.476755] system 00:00: [mem 0x000cc000-0x000cffff] has been reserved
[    0.476825] system 00:00: [mem 0x000d0000-0x000d3fff] has been reserved
[    0.476894] system 00:00: [mem 0x000d4000-0x000d7fff] has been reserved
[    0.476964] system 00:00: [mem 0x000d8000-0x000dbfff] has been reserved
[    0.477033] system 00:00: [mem 0x000dc000-0x000dffff] has been reserved
[    0.477104] system 00:00: [mem 0x000e0000-0x000e3fff] could not be reserved
[    0.477175] system 00:00: [mem 0x000e4000-0x000e7fff] could not be reserved
[    0.477246] system 00:00: [mem 0x000e8000-0x000ebfff] could not be reserved
[    0.477317] system 00:00: [mem 0x000ec000-0x000effff] could not be reserved
[    0.477388] system 00:00: [mem 0x000f0000-0x000fffff] could not be reserved
[    0.477460] system 00:00: [mem 0x00100000-0xdf9fffff] could not be reserved
[    0.477531] system 00:00: [mem 0xfec00000-0xfed3ffff] could not be reserved
[    0.477602] system 00:00: [mem 0xfed4c000-0xffffffff] could not be reserved
[    0.477698] system 00:00: Plug and Play ACPI device, IDs PNP0c01 (active)
[    0.477974] system 00:01: [io  0x0400-0x047f] has been reserved
[    0.478042] system 00:01: [io  0x0500-0x057f] has been reserved
[    0.478109] system 00:01: [io  0x0800-0x080f] has been reserved
[    0.478176] system 00:01: [io  0x15e0-0x15ef] has been reserved
[    0.478243] system 00:01: [io  0x1600-0x167f] has been reserved
[    0.478311] system 00:01: [mem 0xf8000000-0xfbffffff] has been reserved
[    0.478382] system 00:01: [mem 0x00000000-0x00000fff] could not be reserved
[    0.478452] system 00:01: [mem 0xfed1c000-0xfed1ffff] has been reserved
[    0.478522] system 00:01: [mem 0xfed10000-0xfed13fff] has been reserved
[    0.478597] system 00:01: [mem 0xfed18000-0xfed18fff] has been reserved
[    0.478667] system 00:01: [mem 0xfed19000-0xfed19fff] has been reserved
[    0.478736] system 00:01: [mem 0xfed45000-0xfed4bfff] has been reserved
[    0.478821] system 00:01: Plug and Play ACPI device, IDs PNP0c02 (active)
[    0.478964] pnp 00:02: Plug and Play ACPI device, IDs PNP0b00 (active)
[    0.479026] pnp 00:03: Plug and Play ACPI device, IDs PNP0303 (active)
[    0.479089] pnp 00:04: Plug and Play ACPI device, IDs LEN0020 PNP0f13 (active)
[    0.479224] pnp 00:05: Plug and Play ACPI device, IDs SMO1200 PNP0c31 (active)
[    0.480276] pnp: PnP ACPI: found 6 devices
[    0.490708] clocksource: acpi_pm: mask: 0xffffff max_cycles: 0xffffff, max_idle_ns: 2085701024 ns
[    0.490809] pci 0000:00:1c.0: bridge window [io  0x1000-0x0fff] to [bus 02] add_size 1000
[    0.490884] pci 0000:00:1c.0: bridge window [mem 0x00100000-0x000fffff 64bit pref] to [bus 02] add_size 200000 add_align 100000
[    0.490979] pci 0000:00:1c.0: bridge window [mem 0x00100000-0x000fffff] to [bus 02] add_size 200000 add_align 100000
[    0.491083] pci 0000:00:1c.0: BAR 8: assigned [mem 0xdfa00000-0xdfbfffff]
[    0.491155] pci 0000:00:1c.0: BAR 9: assigned [mem 0xdfc00000-0xdfdfffff 64bit pref]
[    0.491228] pci 0000:00:1c.0: BAR 7: assigned [io  0x2000-0x2fff]
[    0.491297] pci 0000:00:1c.0: PCI bridge to [bus 02]
[    0.491362] pci 0000:00:1c.0:   bridge window [io  0x2000-0x2fff]
[    0.491434] pci 0000:00:1c.0:   bridge window [mem 0xdfa00000-0xdfbfffff]
[    0.491505] pci 0000:00:1c.0:   bridge window [mem 0xdfc00000-0xdfdfffff 64bit pref]
[    0.491584] pci 0000:00:1c.1: PCI bridge to [bus 03]
[    0.491651] pci 0000:00:1c.1:   bridge window [mem 0xf2400000-0xf24fffff]
[    0.491730] pci 0000:00:1c.3: PCI bridge to [bus 05-0c]
[    0.491795] pci 0000:00:1c.3:   bridge window [io  0x4000-0x4fff]
[    0.491866] pci 0000:00:1c.3:   bridge window [mem 0xf1c00000-0xf23fffff]
[    0.491938] pci 0000:00:1c.3:   bridge window [mem 0xf0400000-0xf0bfffff 64bit pref]
[    0.492016] pci 0000:00:1c.4: PCI bridge to [bus 0d]
[    0.492080] pci 0000:00:1c.4:   bridge window [io  0x3000-0x3fff]
[    0.492151] pci 0000:00:1c.4:   bridge window [mem 0xf1400000-0xf1bfffff]
[    0.492223] pci 0000:00:1c.4:   bridge window [mem 0xf0c00000-0xf13fffff 64bit pref]
[    0.492302] pci_bus 0000:00: resource 4 [io  0x0000-0x0cf7 window]
[    0.492368] pci_bus 0000:00: resource 5 [io  0x0d00-0xffff window]
[    0.492434] pci_bus 0000:00: resource 6 [mem 0x000a0000-0x000bffff window]
[    0.492502] pci_bus 0000:00: resource 7 [mem 0xdfa00000-0xfebfffff window]
[    0.492570] pci_bus 0000:00: resource 8 [mem 0xfed40000-0xfed4bfff window]
[    0.492638] pci_bus 0000:02: resource 0 [io  0x2000-0x2fff]
[    0.492702] pci_bus 0000:02: resource 1 [mem 0xdfa00000-0xdfbfffff]
[    0.492768] pci_bus 0000:02: resource 2 [mem 0xdfc00000-0xdfdfffff 64bit pref]
[    0.492837] pci_bus 0000:03: resource 1 [mem 0xf2400000-0xf24fffff]
[    0.492903] pci_bus 0000:05: resource 0 [io  0x4000-0x4fff]
[    0.492967] pci_bus 0000:05: resource 1 [mem 0xf1c00000-0xf23fffff]
[    0.493033] pci_bus 0000:05: resource 2 [mem 0xf0400000-0xf0bfffff 64bit pref]
[    0.493102] pci_bus 0000:0d: resource 0 [io  0x3000-0x3fff]
[    0.493166] pci_bus 0000:0d: resource 1 [mem 0xf1400000-0xf1bfffff]
[    0.493232] pci_bus 0000:0d: resource 2 [mem 0xf0c00000-0xf13fffff 64bit pref]
[    0.493571] NET: Registered protocol family 2
[    0.493955] tcp_listen_portaddr_hash hash table entries: 4096 (order: 6, 294912 bytes)
[    0.494169] TCP established hash table entries: 65536 (order: 7, 524288 bytes)
[    0.494339] TCP bind hash table entries: 65536 (order: 10, 4194304 bytes)
[    0.496471] TCP: Hash tables configured (established 65536 bind 65536)
[    0.496880] UDP hash table entries: 4096 (order: 7, 655360 bytes)
[    0.497246] UDP-Lite hash table entries: 4096 (order: 7, 655360 bytes)
[    0.497696] NET: Registered protocol family 1
[    0.498203] RPC: Registered named UNIX socket transport module.
[    0.498271] RPC: Registered udp transport module.
[    0.498333] RPC: Registered tcp transport module.
[    0.498395] RPC: Registered tcp NFSv4.1 backchannel transport module.
[    0.498743] pci 0000:00:02.0: Video device with shadowed ROM at [mem 0x000c0000-0x000dffff]
[    0.499846] PCI: CLS 64 bytes, default 64
[    0.499966] PCI-DMA: Using software bounce buffering for IO (SWIOTLB)
[    0.500034] software IO TLB: mapped [mem 0xd699f000-0xda99f000] (64MB)
[    0.502497] Initialise system trusted keyrings
[    0.502849] workingset: timestamp_bits=62 max_order=21 bucket_order=0
[    0.504591] Installing knfsd (copyright (C) 1996 okir@monad.swb.de).
[    0.505260] ntfs: driver 2.1.32 [Flags: R/W].
[    0.505435] fuse: init (API version 7.30)
[    0.505868] Key type asymmetric registered
[    0.505933] Asymmetric key parser 'x509' registered
[    0.506019] Block layer SCSI generic (bsg) driver version 0.4 loaded (major 249)
[    0.506103] io scheduler mq-deadline registered
[    0.506185] io scheduler bfq registered
[    0.506464] pcieport 0000:00:1c.0: enabling device (0000 -> 0003)
[    0.507947] intel_idle: MWAIT substates: 0x21120
[    0.507949] intel_idle: v0.4.1 model 0x2A
[    0.508512] intel_idle: lapic_timer_reliable_states 0xffffffff
[    0.508841] ACPI: Deprecated procfs I/F for AC is loaded, please retry with CONFIG_ACPI_PROCFS_POWER cleared
[    0.509017] ACPI: AC Adapter [AC] (on-line)
[    0.509276] input: Lid Switch as /devices/LNXSYSTM:00/LNXSYBUS:00/PNP0C0D:00/input/input0
[    0.509498] ACPI: Lid Switch [LID]
[    0.509665] input: Sleep Button as /devices/LNXSYSTM:00/LNXSYBUS:00/PNP0C0E:00/input/input1
[    0.509778] ACPI: Sleep Button [SLPB]
[    0.509972] input: Power Button as /devices/LNXSYSTM:00/LNXPWRBN:00/input/input2
[    0.510082] ACPI: Power Button [PWRF]
[    0.513401] thermal LNXTHERM:00: registered as thermal_zone0
[    0.513469] ACPI: Thermal Zone [THM0] (93 C)
[    0.513848] Serial: 8250/16550 driver, 4 ports, IRQ sharing disabled
[    0.513974] battery: ACPI: Deprecated procfs I/F for battery is loaded, please retry with CONFIG_ACPI_PROCFS_POWER cleared
[    0.513983] battery: ACPI: Battery Slot [BAT0] (battery absent)
[    0.515198] lp: driver loaded but no devices found
[    0.515329] Non-volatile memory driver v1.3
[    0.515561] Linux agpgart interface v0.103
[    0.515894] [drm] radeon kernel modesetting enabled.
[    0.516875] i915 0000:00:02.0: vgaarb: deactivate vga console
[    0.517416] Console: switching to colour dummy device 80x25
[    0.526777] [drm] Supports vblank timestamp caching Rev 2 (21.10.2013).
[    0.526792] [drm] Driver supports precise vblank timestamp query.
[    0.527706] i915 0000:00:02.0: vgaarb: changed VGA decodes: olddecodes=io+mem,decodes=io+mem:owns=io+mem
[    0.619377] [drm] Initialized i915 1.6.0 20190417 for 0000:00:02.0 on minor 0
[    0.621287] ACPI: Video Device [VID] (multi-head: yes  rom: no  post: no)
[    0.621856] input: Video Bus as /devices/LNXSYSTM:00/LNXSYBUS:00/PNP0A08:00/LNXVIDEO:00/input/input3
[    0.622221] usbcore: registered new interface driver udl
[    0.631459] loop: module loaded
[    0.645843] ahci 0000:00:1f.2: version 3.0
[    0.646441] ahci 0000:00:1f.2: SSS flag set, parallel bus scan disabled
[    0.658661] ahci 0000:00:1f.2: AHCI 0001.0300 32 slots 6 ports 6 Gbps 0x17 impl SATA mode
[    0.658717] ahci 0000:00:1f.2: flags: 64bit ncq sntf ilck stag pm led clo pio slum part ems sxs apst 
[    0.696877] scsi host0: ahci
[    0.697262] scsi host1: ahci
[    0.697569] scsi host2: ahci
[    0.697887] scsi host3: ahci
[    0.698213] scsi host4: ahci
[    0.698536] scsi host5: ahci
[    0.698723] ata1: SATA max UDMA/133 abar m2048@0xf2528000 port 0xf2528100 irq 19
[    0.698742] ata2: SATA max UDMA/133 abar m2048@0xf2528000 port 0xf2528180 irq 19
[    0.698758] ata3: SATA max UDMA/133 abar m2048@0xf2528000 port 0xf2528200 irq 19
[    0.698773] ata4: DUMMY
[    0.698780] ata5: SATA max UDMA/133 abar m2048@0xf2528000 port 0xf2528300 irq 19
[    0.698795] ata6: DUMMY
[    0.699479] tun: Universal TUN/TAP device driver, 1.6
[    0.699829] e1000e: Intel(R) PRO/1000 Network Driver - 3.2.6-k
[    0.699847] e1000e: Copyright(c) 1999 - 2015 Intel Corporation.
[    0.700317] e1000e 0000:00:19.0: Interrupt Throttling Rate (ints/sec) set to dynamic conservative mode
[    0.797691] e1000e 0000:00:19.0 0000:00:19.0 (uninitialized): registered PHC clock
[    0.891305] e1000e 0000:00:19.0 eth0: (PCI Express:2.5GT/s:Width x1) f0:de:f1:e3:99:75
[    0.891324] e1000e 0000:00:19.0 eth0: Intel(R) PRO/1000 Network Connection
[    0.891386] e1000e 0000:00:19.0 eth0: MAC: 10, PHY: 11, PBA No: 1000FF-0FF
[    0.891567] PPP generic driver version 2.4.2
[    0.891726] PPP BSD Compression module registered
[    0.891737] PPP Deflate Compression module registered
[    0.891747] SLIP: version 0.8.4-NET3.019-NEWTTY (dynamic channels, max=256).
[    0.891760] CSLIP: code copyright 1989 Regents of the University of California.
[    0.891810] iwl3945: Intel(R) PRO/Wireless 3945ABG/BG Network Connection driver for Linux, in-tree:ds
[    0.891828] iwl3945: Copyright(c) 2003-2011 Intel Corporation
[    0.891838] iwl3945: hw_scan is disabled
[    0.891879] Intel(R) Wireless WiFi driver for Linux
[    0.891888] Copyright(c) 2003- 2015 Intel Corporation
[    0.892389] iwlwifi 0000:03:00.0: pci_enable_msi failed - -38
[    0.892641] usbcore: registered new interface driver ax88179_178a
[    0.892692] usbcore: registered new interface driver cdc_ether
[    0.892740] usbcore: registered new interface driver cdc_eem
[    0.892789] usbcore: registered new interface driver net1080
[    0.892839] usbcore: registered new interface driver cdc_subset
[    0.892890] usbcore: registered new interface driver zaurus
[    0.892940] usbcore: registered new interface driver cdc_ncm
[    0.892992] usbcore: registered new interface driver cdc_mbim
[    0.893286] ehci_hcd: USB 2.0 'Enhanced' Host Controller (EHCI) Driver
[    0.893315] iwlwifi 0000:03:00.0: loaded firmware version 39.31.5.1 build 35138 op_mode iwldvm
[    0.893321] ehci-pci: EHCI PCI platform driver
[    0.893419] iwlwifi 0000:03:00.0: CONFIG_IWLWIFI_DEBUG disabled
[    0.893435] iwlwifi 0000:03:00.0: CONFIG_IWLWIFI_DEBUGFS disabled
[    0.893450] iwlwifi 0000:03:00.0: CONFIG_IWLWIFI_DEVICE_TRACING disabled
[    0.893467] iwlwifi 0000:03:00.0: Detected Intel(R) Centrino(R) Wireless-N 1000 BGN, REV=0x6C
[    0.893635] ehci-pci 0000:00:1a.0: EHCI Host Controller
[    0.893799] ehci-pci 0000:00:1a.0: new USB bus registered, assigned bus number 1
[    0.893857] ehci-pci 0000:00:1a.0: debug port 2
[    0.897823] ehci-pci 0000:00:1a.0: cache line size of 64 is not supported
[    0.897847] ehci-pci 0000:00:1a.0: irq 16, io mem 0xf252a000
[    0.904198] fbcon: i915drmfb (fb0) is primary device
[    0.910593] ehci-pci 0000:00:1a.0: USB 2.0 started, EHCI 1.00
[    0.911112] usb usb1: New USB device found, idVendor=1d6b, idProduct=0002, bcdDevice= 5.02
[    0.911114] usb usb1: New USB device strings: Mfr=3, Product=2, SerialNumber=1
[    0.911115] usb usb1: Product: EHCI Host Controller
[    0.911117] usb usb1: Manufacturer: Linux 5.2.0-rc1+ ehci_hcd
[    0.911118] usb usb1: SerialNumber: 0000:00:1a.0
[    0.911608] hub 1-0:1.0: USB hub found
[    0.911663] hub 1-0:1.0: 3 ports detected
[    0.912957] ehci-pci 0000:00:1d.0: EHCI Host Controller
[    0.913176] ehci-pci 0000:00:1d.0: new USB bus registered, assigned bus number 2
[    0.913224] ehci-pci 0000:00:1d.0: debug port 2
[    0.917212] ehci-pci 0000:00:1d.0: cache line size of 64 is not supported
[    0.917270] ehci-pci 0000:00:1d.0: irq 23, io mem 0xf2529000
[    0.930714] ehci-pci 0000:00:1d.0: USB 2.0 started, EHCI 1.00
[    0.930967] usb usb2: New USB device found, idVendor=1d6b, idProduct=0002, bcdDevice= 5.02
[    0.930969] usb usb2: New USB device strings: Mfr=3, Product=2, SerialNumber=1
[    0.930971] usb usb2: Product: EHCI Host Controller
[    0.930972] usb usb2: Manufacturer: Linux 5.2.0-rc1+ ehci_hcd
[    0.930973] usb usb2: SerialNumber: 0000:00:1d.0
[    0.931428] hub 2-0:1.0: USB hub found
[    0.931477] hub 2-0:1.0: 3 ports detected
[    0.932243] ohci_hcd: USB 1.1 'Open' Host Controller (OHCI) Driver
[    0.932258] ohci-pci: OHCI PCI platform driver
[    0.932308] uhci_hcd: USB Universal Host Controller Interface driver
[    0.932532] usbcore: registered new interface driver cdc_acm
[    0.932533] cdc_acm: USB Abstract Control Model driver for USB modems and ISDN adapters
[    0.932579] usbcore: registered new interface driver usblp
[    0.932621] usbcore: registered new interface driver cdc_wdm
[    0.932666] usbcore: registered new interface driver usb-storage
[    0.932699] usbcore: registered new interface driver ums-sddr09
[    0.932805] usbcore: registered new interface driver usbserial_generic
[    0.932842] usbserial: USB Serial support registered for generic
[    0.932864] usbcore: registered new interface driver ch341
[    0.932883] usbserial: USB Serial support registered for ch341-uart
[    0.932905] usbcore: registered new interface driver ftdi_sio
[    0.932923] usbserial: USB Serial support registered for FTDI USB Serial Device
[    0.932956] usbcore: registered new interface driver option
[    0.932975] usbserial: USB Serial support registered for GSM modem (1-port)
[    0.933016] usbcore: registered new interface driver pl2303
[    0.933034] usbserial: USB Serial support registered for pl2303
[    0.933056] usbcore: registered new interface driver ti_usb_3410_5052
[    0.933073] usbserial: USB Serial support registered for TI USB 3410 1 port adapter
[    0.933092] usbserial: USB Serial support registered for TI USB 5052 2 port adapter
[    0.933095] ftdi_elan: driver ftdi-elan
[    0.933116] usbcore: registered new interface driver ftdi-elan
[    0.933193] i8042: PNP: PS/2 Controller [PNP0303:KBD,PNP0f13:MOU] at 0x60,0x64 irq 1,12
[    0.936908] serio: i8042 KBD port at 0x60,0x64 irq 1
[    0.936929] serio: i8042 AUX port at 0x60,0x64 irq 12
[    0.937225] mousedev: PS/2 mouse device common for all mice
[    0.937874] input: PC Speaker as /devices/platform/pcspkr/input/input4
[    0.938193] rtc_cmos 00:02: RTC can wake from S4
[    0.938458] rtc_cmos 00:02: registered as rtc0
[    0.938578] rtc_cmos 00:02: alarms up to one month, y3k, 114 bytes nvram, hpet irqs
[    0.938733] usbcore: registered new interface driver uvcvideo
[    0.938734] USB Video Class driver (1.1.1)
[    0.938735] gspca_main: v2.14.0 registered
[    0.938802] usbcore: registered new interface driver sq930x
[    0.939256] ieee80211 phy0: Selected rate control algorithm 'iwl-agn-rs'
[    0.940193] device-mapper: ioctl: 4.40.0-ioctl (2019-01-18) initialised: dm-devel@redhat.com
[    0.940195] Bluetooth: HCI UART driver ver 2.3
[    0.940197] Bluetooth: HCI UART protocol H4 registered
[    0.940198] Bluetooth: HCI UART protocol BCSP registered
[    0.940249] usbcore: registered new interface driver btusb
[    0.940254] intel_pstate: Intel P-state driver initializing
[    0.940701] sdhci: Secure Digital Host Controller Interface driver
[    0.940703] sdhci: Copyright(c) Pierre Ossman
[    0.940776] sdhci-pci 0000:0d:00.0: SDHCI controller found [1180:e822] (rev 7)
[    0.941829] input: AT Translated Set 2 keyboard as /devices/platform/i8042/serio0/input/input5
[    0.942438] mmc0 bounce up to 128 segments into one, max segment size 65536 bytes
[    0.943963] mmc0: SDHCI controller on PCI [0000:0d:00.0] using DMA
[    0.944453] hidraw: raw HID events driver (C) Jiri Kosina
[    0.947330] usbcore: registered new interface driver usbhid
[    0.947334] usbhid: USB HID core driver
[    0.950911] thinkpad_acpi: ThinkPad ACPI Extras v0.26
[    0.950914] thinkpad_acpi: http://ibm-acpi.sf.net/
[    0.950917] thinkpad_acpi: ThinkPad BIOS 8DET74WW (1.44 ), EC unknown
[    0.950920] thinkpad_acpi: Lenovo ThinkPad X220, model 42872WU
[    0.954258] thinkpad_acpi: radio switch found; radios are enabled
[    0.954540] thinkpad_acpi: Tablet mode switch found (type: MHKG), currently in laptop mode
[    0.954571] thinkpad_acpi: This ThinkPad has standard ACPI backlight brightness control, supported by the ACPI video driver
[    0.954571] thinkpad_acpi: Disabling thinkpad-acpi brightness events by default...
[    0.958487] thinkpad_acpi: rfkill switch tpacpi_bluetooth_sw: radio is unblocked
[    0.959790] thinkpad_acpi: warning: userspace override of important firmware LEDs is enabled
[    0.959806] thinkpad_acpi: Standard ACPI backlight interface available, not loading native one
[    0.959807] thinkpad_acpi: volume: disabled as there is no ALSA support in this kernel
[    0.960262] battery: new extension: ThinkPad Battery Extension
[    0.960348] input: ThinkPad Extra Buttons as /devices/platform/thinkpad_acpi/input/input8
[    0.960754] random: fast init done
[    0.962188] usbcore: registered new interface driver snd-usb-audio
[    0.964965] NET: Registered protocol family 17
[    0.965097] Bluetooth: RFCOMM TTY layer initialized
[    0.965129] Bluetooth: RFCOMM socket layer initialized
[    0.965142] Bluetooth: RFCOMM ver 1.11
[    0.965151] Bluetooth: BNEP (Ethernet Emulation) ver 1.3
[    0.965152] Bluetooth: BNEP filters: protocol multicast
[    0.965156] Bluetooth: BNEP socket layer initialized
[    0.965157] Bluetooth: HIDP (Human Interface Emulation) ver 1.2
[    0.965163] Bluetooth: HIDP socket layer initialized
[    0.965296] microcode: sig=0x206a7, pf=0x10, revision=0x2d
[    0.965411] microcode: Microcode Update Driver: v2.2.
[    0.965446] sched_clock: Marking stable (953910868, 11477452)->(975590890, -10202570)
[    0.965818] Loading compiled-in X.509 certificates
[    0.966441] Key type encrypted registered
[    0.966880] rtc_cmos 00:02: setting system clock to 2019-05-20T11:00:01 UTC (1558350001)
[    0.967046] cfg80211: Loading compiled-in X.509 certificates for regulatory database
[    0.968353] cfg80211: Loaded X.509 cert 'sforshee: 00b28ddf47aef9cea7'
[    0.968555] platform regulatory.0: Direct firmware load for regulatory.db failed with error -2
[    0.968575] cfg80211: failed to load regulatory.db
[    1.014743] ata1: SATA link up 1.5 Gbps (SStatus 113 SControl 300)
[    1.016132] ata1.00: ACPI cmd ef/02:00:00:00:00:a0 (SET FEATURES) succeeded
[    1.016142] ata1.00: ACPI cmd f5/00:00:00:00:00:a0 (SECURITY FREEZE LOCK) filtered out
[    1.016149] ata1.00: ACPI cmd ef/10:03:00:00:00:a0 (SET FEATURES) filtered out
[    1.017286] ata1.00: ATA-8: Hitachi HTS545050A7E380, GG2OA7J0, max UDMA/133
[    1.017291] ata1.00: 976773168 sectors, multi 16: LBA48 NCQ (depth 32), AA
[    1.019126] ata1.00: ACPI cmd ef/02:00:00:00:00:a0 (SET FEATURES) succeeded
[    1.019134] ata1.00: ACPI cmd f5/00:00:00:00:00:a0 (SECURITY FREEZE LOCK) filtered out
[    1.019139] ata1.00: ACPI cmd ef/10:03:00:00:00:a0 (SET FEATURES) filtered out
[    1.020205] ata1.00: configured for UDMA/133
[    1.062363] Console: switching to colour frame buffer device 102x42
[    1.062631] snd_hda_intel 0000:00:1b.0: bound 0000:00:02.0 (ops i915_audio_component_bind_ops)
[    1.085327] snd_hda_codec_generic hdaudioC0D0: autoconfig for Generic: line_outs=1 (0x1f/0x0/0x0/0x0/0x0) type:speaker
[    1.085870] i915 0000:00:02.0: fb0: i915drmfb frame buffer device
[    1.088084] snd_hda_codec_generic hdaudioC0D0:    speaker_outs=0 (0x0/0x0/0x0/0x0/0x0)
[    1.174023] snd_hda_codec_generic hdaudioC0D0:    hp_outs=1 (0x19/0x0/0x0/0x0/0x0)
[    1.174918] snd_hda_codec_generic hdaudioC0D0:    mono: mono_out=0x0
[    1.175772] snd_hda_codec_generic hdaudioC0D0:    inputs:
[    1.176600] snd_hda_codec_generic hdaudioC0D0:      Internal Mic=0x23
[    1.177424] snd_hda_codec_generic hdaudioC0D0:      Mic=0x1b
[    1.178718] scsi 0:0:0:0: Direct-Access     ATA      Hitachi HTS54505 A7J0 PQ: 0 ANSI: 5
[    1.180933] sd 0:0:0:0: [sda] 976773168 512-byte logical blocks: (500 GB/466 GiB)
[    1.181018] sd 0:0:0:0: Attached scsi generic sg0 type 0
[    1.181919] sd 0:0:0:0: [sda] 4096-byte physical blocks
[    1.184573] sd 0:0:0:0: [sda] Write Protect is off
[    1.185572] sd 0:0:0:0: [sda] Mode Sense: 00 3a 00 00
[    1.185587] snd_hda_codec_generic hdaudioC0D3: ignore pin 0x7, too many assigned pins
[    1.185620] sd 0:0:0:0: [sda] Write cache: enabled, read cache: enabled, doesn't support DPO or FUA
[    1.186538] snd_hda_codec_generic hdaudioC0D3: autoconfig for Generic: line_outs=0 (0x0/0x0/0x0/0x0/0x0) type:line
[    1.188693] snd_hda_codec_generic hdaudioC0D3:    speaker_outs=0 (0x0/0x0/0x0/0x0/0x0)
[    1.189692] snd_hda_codec_generic hdaudioC0D3:    hp_outs=0 (0x0/0x0/0x0/0x0/0x0)
[    1.190754] snd_hda_codec_generic hdaudioC0D3:    mono: mono_out=0x0
[    1.191846] snd_hda_codec_generic hdaudioC0D3:    dig-out=0x5/0x6
[    1.192749] snd_hda_codec_generic hdaudioC0D3:    inputs:
[    1.195748] input: HDA Intel PCH Mic as /devices/pci0000:00/0000:00:1b.0/sound/card0/input9
[    1.196855] input: HDA Intel PCH Headphone as /devices/pci0000:00/0000:00:1b.0/sound/card0/input10
[    1.197953] input: HDA Intel PCH HDMI as /devices/pci0000:00/0000:00:1b.0/sound/card0/input11
[    1.199239] input: HDA Intel PCH HDMI as /devices/pci0000:00/0000:00:1b.0/sound/card0/input12
[    1.226938]  sda: sda1 sda2 sda3 sda4
[    1.232925] sd 0:0:0:0: [sda] Attached SCSI disk
[    1.250684] usb 1-1: new high-speed USB device number 2 using ehci-pci
[    1.270677] usb 2-1: new high-speed USB device number 2 using ehci-pci
[    1.411322] usb 1-1: New USB device found, idVendor=8087, idProduct=0024, bcdDevice= 0.00
[    1.412906] usb 1-1: New USB device strings: Mfr=0, Product=0, SerialNumber=0
[    1.415278] hub 1-1:1.0: USB hub found
[    1.417075] hub 1-1:1.0: 6 ports detected
[    1.427032] usb 2-1: New USB device found, idVendor=8087, idProduct=0024, bcdDevice= 0.00
[    1.428682] usb 2-1: New USB device strings: Mfr=0, Product=0, SerialNumber=0
[    1.430634] hub 2-1:1.0: USB hub found
[    1.432406] hub 2-1:1.0: 8 ports detected
[    1.499626] ata2: SATA link down (SStatus 0 SControl 300)
[    1.514772] tsc: Refined TSC clocksource calibration: 2491.901 MHz
[    1.517705] clocksource: tsc: mask: 0xffffffffffffffff max_cycles: 0x23eb56f431b, max_idle_ns: 440795305511 ns
[    1.520980] clocksource: Switched to clocksource tsc
[    1.706570] usb 1-1.3: new full-speed USB device number 3 using ehci-pci
[    1.726566] usb 2-1.1: new high-speed USB device number 3 using ehci-pci
[    1.817450] usb 1-1.3: New USB device found, idVendor=147e, idProduct=2016, bcdDevice= 0.02
[    1.820640] usb 1-1.3: New USB device strings: Mfr=1, Product=2, SerialNumber=0
[    1.822623] ata3: SATA link up 3.0 Gbps (SStatus 123 SControl 300)
[    1.824439] usb 1-1.3: Product: Biometric Coprocessor
[    1.827564] usb 1-1.3: Manufacturer: UPEK
[    1.839517] ata3.00: ACPI cmd ef/02:00:00:00:00:a0 (SET FEATURES) succeeded
[    1.839536] ata3.00: ACPI cmd f5/00:00:00:00:00:a0 (SECURITY FREEZE LOCK) filtered out
[    1.841039] ata3.00: ACPI cmd ef/10:03:00:00:00:a0 (SET FEATURES) filtered out
[    1.842534] psmouse serio1: synaptics: queried max coordinates: x [..5472], y [..4448]
[    1.847682] ata3.00: ATA-8: KINGSTON SMS200S3240G, 60AABBF0, max UDMA/133
[    1.849081] ata3.00: 468862128 sectors, multi 1: LBA48 NCQ (depth 32), AA
[    1.849195] usb 2-1.1: New USB device found, idVendor=1d6b, idProduct=0104, bcdDevice= 0.01
[    1.853006] usb 2-1.1: New USB device strings: Mfr=1, Product=2, SerialNumber=3
[    1.854983] usb 2-1.1: Product: Bar Gadget
[    1.856861] usb 2-1.1: Manufacturer: Foo Inc.
[    1.858949] usb 2-1.1: SerialNumber: 0123456789
[    1.858955] ata3.00: ACPI cmd ef/02:00:00:00:00:a0 (SET FEATURES) succeeded
[    1.858961] ata3.00: ACPI cmd f5/00:00:00:00:00:a0 (SECURITY FREEZE LOCK) filtered out
[    1.862050] ata3.00: ACPI cmd ef/10:03:00:00:00:a0 (SET FEATURES) filtered out
[    1.863382] cdc_ether 2-1.1:1.0 usb0: register 'cdc_ether' at usb-0000:00:1d.0-1.1, CDC Ethernet Device, aa:50:3a:2f:c2:3d
[    1.869483] ata3.00: configured for UDMA/133
[    1.871389] scsi 2:0:0:0: Direct-Access     ATA      KINGSTON SMS200S BBF0 PQ: 0 ANSI: 5
[    1.874320] sd 2:0:0:0: Attached scsi generic sg1 type 0
[    1.874340] sd 2:0:0:0: [sdb] 468862128 512-byte logical blocks: (240 GB/224 GiB)
[    1.877318] sd 2:0:0:0: [sdb] Write Protect is off
[    1.879207] sd 2:0:0:0: [sdb] Mode Sense: 00 3a 00 00
[    1.879364] sd 2:0:0:0: [sdb] Write cache: enabled, read cache: enabled, doesn't support DPO or FUA
[    1.883110]  sdb: sdb2 sdb4
[    1.886343] sd 2:0:0:0: [sdb] Attached SCSI disk
[    1.922693] usb 1-1.4: new full-speed USB device number 4 using ehci-pci
[    1.927736] psmouse serio1: synaptics: Touchpad model: 1, fw: 8.0, id: 0x1e2b1, caps: 0xd001a3/0x940300/0x120c00/0x0, board id: 1611, fw id: 774180
[    1.935653] psmouse serio1: synaptics: serio: Synaptics pass-through port at isa0060/serio1/input0
[    1.946765] usb 2-1.2: new high-speed USB device number 4 using ehci-pci
[    1.987517] input: SynPS/2 Synaptics TouchPad as /devices/platform/i8042/serio1/input/input7
[    2.045731] usb 1-1.4: New USB device found, idVendor=0a5c, idProduct=217f, bcdDevice= 7.48
[    2.049854] usb 1-1.4: New USB device strings: Mfr=1, Product=2, SerialNumber=3
[    2.051415] usb 1-1.4: Product: Broadcom Bluetooth Device
[    2.053018] usb 1-1.4: Manufacturer: Broadcom Corp
[    2.054488] usb 1-1.4: SerialNumber: 7CE9D3B855AA
[    2.059832] usb 2-1.2: New USB device found, idVendor=1a40, idProduct=0101, bcdDevice= 1.11
[    2.061514] usb 2-1.2: New USB device strings: Mfr=0, Product=1, SerialNumber=0
[    2.063378] usb 2-1.2: Product: USB 2.0 Hub
[    2.065032] hub 2-1.2:1.0: USB hub found
[    2.066304] hub 2-1.2:1.0: 4 ports detected
[    2.142688] usb 1-1.6: new high-speed USB device number 5 using ehci-pci
[    2.198687] ata5: SATA link down (SStatus 0 SControl 300)
[    2.242209] PM: Image not found (code -22)
[    2.242288] ALSA device list:
[    2.245976]   #0: HDA Intel PCH at 0xf2520000 irq 22
[    2.263481] usb 1-1.6: New USB device found, idVendor=04f2, idProduct=b217, bcdDevice= 8.54
[    2.267455] usb 1-1.6: New USB device strings: Mfr=1, Product=2, SerialNumber=0
[    2.269719] usb 1-1.6: Product: Integrated Camera
[    2.272164] usb 1-1.6: Manufacturer: Chicony Electronics Co., Ltd.
[    2.276952] uvcvideo: Found UVC 1.00 device Integrated Camera (04f2:b217)
[    2.290387] uvcvideo 1-1.6:1.0: Entity type for entity Extension 3 was not initialized!
[    2.294041] uvcvideo 1-1.6:1.0: Entity type for entity Processing 2 was not initialized!
[    2.297453] uvcvideo 1-1.6:1.0: Entity type for entity Camera 1 was not initialized!
[    2.458701] usb 2-1.2.1: new low-speed USB device number 5 using ehci-pci
[    2.709393] usb 2-1.2.1: New USB device found, idVendor=06a3, idProduct=053f, bcdDevice= 0.02
[    2.713094] usb 2-1.2.1: New USB device strings: Mfr=1, Product=2, SerialNumber=3
[    2.716671] usb 2-1.2.1: Product: Saitek X36
[    2.720226] usb 2-1.2.1: Manufacturer: Saitek
[    2.723718] usb 2-1.2.1: SerialNumber: 00103464
[    2.736483] psmouse serio2: trackpoint: IBM TrackPoint firmware: 0x0e, buttons: 3/3
[    2.765708] input: Saitek Saitek X36 as /devices/pci0000:00/0000:00:1d.0/usb2/2-1/2-1.2/2-1.2.1/2-1.2.1:1.0/0003:06A3:053F.0001/input/input14
[    2.768527] hid-generic 0003:06A3:053F.0001: input,hidraw0: USB HID v1.00 Joystick [Saitek Saitek X36] on usb-0000:00:1d.0-1.2.1/input0
[    2.970700] usb 2-1.2.2: new low-speed USB device number 6 using ehci-pci
[    2.996524] input: TPPS/2 IBM TrackPoint as /devices/platform/i8042/serio1/serio2/input/input13
[    3.107228] md: Waiting for all devices to be available before autodetect
[    3.111138] md: If you don't use raid, use raid=noautodetect
[    3.116254] md: Autodetecting RAID arrays.
[    3.119749] md: autorun ...
[    3.123067] md: ... autorun DONE.
[    3.135457] EXT4-fs (sdb4): mounted filesystem with ordered data mode. Opts: (null)
[    3.136448] VFS: Mounted root (ext4 filesystem) readonly on device 8:20.
[    3.137691] devtmpfs: mounted
[    3.141534] Freeing unused kernel image memory: 1088K
[    3.158727] Write protecting the kernel read-only data: 24576k
[    3.161779] Freeing unused kernel image memory: 2012K
[    3.163983] Freeing unused kernel image memory: 868K
[    3.179429] x86/mm: Checked W+X mappings: passed, no W+X pages found.
[    3.180312] rodata_test: all tests were successful
[    3.181182] x86/mm: Checking user space page tables
[    3.189939] x86/mm: Checked W+X mappings: passed, no W+X pages found.
[    3.190822] Run /sbin/init as init process
[    3.209241] usb 2-1.2.2: New USB device found, idVendor=046d, idProduct=c050, bcdDevice=27.20
[    3.212510] usb 2-1.2.2: New USB device strings: Mfr=1, Product=2, SerialNumber=0
[    3.215713] usb 2-1.2.2: Product: USB-PS/2 Optical Mouse
[    3.217019] usb 2-1.2.2: Manufacturer: Logitech
[    3.252872] input: Logitech USB-PS/2 Optical Mouse as /devices/pci0000:00/0000:00:1d.0/usb2/2-1/2-1.2/2-1.2.2/2-1.2.2:1.0/0003:046D:C050.0002/input/input15
[    3.260373] hid-generic 0003:046D:C050.0002: input,hidraw1: USB HID v1.10 Mouse [Logitech USB-PS/2 Optical Mouse] on usb-0000:00:1d.0-1.2.2/input0
[    3.266804] random: systemd: uninitialized urandom read (16 bytes read)
[    3.270502] systemd[1]: systemd 215 running in system mode. (+PAM +AUDIT +SELINUX +IMA +SYSVINIT +LIBCRYPTSETUP +GCRYPT +ACL +XZ -SECCOMP -APPARMOR)
[    3.295399] systemd[1]: Detected architecture 'x86-64'.
[    3.316467] systemd[1]: Failed to insert module 'ipv6'
[    3.318305] systemd[1]: Set hostname to <duo>.
[    3.336350] random: systemd-sysv-ge: uninitialized urandom read (16 bytes read)
[    3.379368] random: systemd-sysv-ge: uninitialized urandom read (16 bytes read)
[    3.446573] usb 2-1.2.3: new low-speed USB device number 7 using ehci-pci
[    3.464920] systemd[1]: Binding to IPv6 address not available since kernel does not support IPv6.
[    3.466122] systemd[1]: [/lib/systemd/system/gpsd.socket:6] Failed to parse address value, ignoring: [::1]:2947
[    3.470877] systemd[1]: Starting Forward Password Requests to Wall Directory Watch.
[    3.472410] systemd[1]: Started Forward Password Requests to Wall Directory Watch.
[    3.473667] systemd[1]: Starting Remote File Systems (Pre).
[    3.477020] systemd[1]: Reached target Remote File Systems (Pre).
[    3.569127] systemd-udevd[1907]: starting version 215
[    3.688298] usb 2-1.2.3: New USB device found, idVendor=04f2, idProduct=0111, bcdDevice= 1.02
[    3.689550] usb 2-1.2.3: New USB device strings: Mfr=1, Product=2, SerialNumber=0
[    3.690800] usb 2-1.2.3: Product: USB Keyboard
[    3.692015] usb 2-1.2.3: Manufacturer: Chicony
[    3.701550] input: Chicony USB Keyboard as /devices/pci0000:00/0000:00:1d.0/usb2/2-1/2-1.2/2-1.2.3/2-1.2.3:1.0/0003:04F2:0111.0003/input/input16
[    3.763803] hid-generic 0003:04F2:0111.0003: input,hidraw2: USB HID v1.10 Keyboard [Chicony USB Keyboard] on usb-0000:00:1d.0-1.2.3/input0
[    3.780670] input: Chicony USB Keyboard System Control as /devices/pci0000:00/0000:00:1d.0/usb2/2-1/2-1.2/2-1.2.3/2-1.2.3:1.1/0003:04F2:0111.0004/input/input17
[    3.845833] input: Chicony USB Keyboard Consumer Control as /devices/pci0000:00/0000:00:1d.0/usb2/2-1/2-1.2/2-1.2.3/2-1.2.3:1.1/0003:04F2:0111.0004/input/input18
[    3.846698] hid-generic 0003:04F2:0111.0004: input,hiddev96,hidraw3: USB HID v1.10 Device [Chicony USB Keyboard] on usb-0000:00:1d.0-1.2.3/input1
[    3.849116] e1000e 0000:00:19.0 eth2: renamed from eth0
[    3.870788] systemd-udevd[2240]: renamed network interface eth0 to eth2
[    3.884472] iwlwifi 0000:03:00.0 wlan1: renamed from wlan0
[    3.924995] systemd-udevd[2115]: renamed network interface wlan0 to wlan1
[    3.962881] Bluetooth: hci0: urb (____ptrval____) failed to resubmit (2)
[    4.800230] Adding 1681428k swap on /dev/sda1.  Priority:-2 extents:1 across:1681428k 
[    5.538152] random: crng init done
[    5.542323] random: 7 urandom warning(s) missed due to ratelimiting
[    5.646355] EXT4-fs (sdb4): re-mounted. Opts: errors=remount-ro
[    5.750186] EXT4-fs (sda2): mounted filesystem with ordered data mode. Opts: errors=remount-ro
[    5.813854] EXT4-fs (sdb2): mounted filesystem with ordered data mode. Opts: errors=remount-ro
[    5.862696] systemd-journald[2008]: Received request to flush runtime journal from PID 1
[    6.529189] device-mapper: table: 251:0: thin-pool: unknown target type
[    6.530405] device-mapper: ioctl: error adding target to table
[    7.926237] iwlwifi 0000:03:00.0: Radio type=0x0-0x0-0x3
[    7.999069] iwlwifi 0000:03:00.0: Radio type=0x0-0x0-0x3
[    9.668919] e1000e: eth2 NIC Link is Up 100 Mbps Full Duplex, Flow Control: Rx/Tx
[    9.668929] e1000e 0000:00:19.0 eth2: 10/100 speed: disabling TSO
