[    0.000000] Linux version 5.2.0+ (pavel@duo) (gcc version 4.9.2 (Debian 4.9.2-10+deb8u2)) #43 SMP Mon Jul 8 10:46:25 CEST 2019
[    0.000000] Command line: BOOT_IMAGE=(hd1,2)/l/k/o/64/arch/x86/boot/bzImage root=/dev/sdb4 resume=/dev/sda1
[    0.000000] Disabled fast string operations
[    0.000000] x86/fpu: Supporting XSAVE feature 0x001: 'x87 floating point registers'
[    0.000000] x86/fpu: Supporting XSAVE feature 0x002: 'SSE registers'
[    0.000000] x86/fpu: Supporting XSAVE feature 0x004: 'AVX registers'
[    0.000000] x86/fpu: xstate_offset[2]:  576, xstate_sizes[2]:  256
[    0.000000] x86/fpu: Enabled xstate features 0x7, context size is 832 bytes, using 'standard' format.
[    0.000000] BIOS-provided physical RAM map:
[    0.000000] BIOS-e820: [mem 0x0000000000000000-0x000000000009d7ff] usable
[    0.000000] BIOS-e820: [mem 0x000000000009d800-0x000000000009ffff] reserved
[    0.000000] BIOS-e820: [mem 0x00000000000e0000-0x00000000000fffff] reserved
[    0.000000] BIOS-e820: [mem 0x0000000000100000-0x000000001fffffff] usable
[    0.000000] BIOS-e820: [mem 0x0000000020000000-0x00000000201fffff] reserved
[    0.000000] BIOS-e820: [mem 0x0000000020200000-0x000000003fffffff] usable
[    0.000000] BIOS-e820: [mem 0x0000000040000000-0x00000000401fffff] reserved
[    0.000000] BIOS-e820: [mem 0x0000000040200000-0x00000000da99efff] usable
[    0.000000] BIOS-e820: [mem 0x00000000da99f000-0x00000000dae9efff] reserved
[    0.000000] BIOS-e820: [mem 0x00000000dae9f000-0x00000000daf9efff] ACPI NVS
[    0.000000] BIOS-e820: [mem 0x00000000daf9f000-0x00000000daffefff] ACPI data
[    0.000000] BIOS-e820: [mem 0x00000000dafff000-0x00000000daffffff] usable
[    0.000000] BIOS-e820: [mem 0x00000000db000000-0x00000000df9fffff] reserved
[    0.000000] BIOS-e820: [mem 0x00000000f8000000-0x00000000fbffffff] reserved
[    0.000000] BIOS-e820: [mem 0x00000000fec00000-0x00000000fec00fff] reserved
[    0.000000] BIOS-e820: [mem 0x00000000fed08000-0x00000000fed08fff] reserved
[    0.000000] BIOS-e820: [mem 0x00000000fed10000-0x00000000fed19fff] reserved
[    0.000000] BIOS-e820: [mem 0x00000000fed1c000-0x00000000fed1ffff] reserved
[    0.000000] BIOS-e820: [mem 0x00000000fee00000-0x00000000fee00fff] reserved
[    0.000000] BIOS-e820: [mem 0x00000000ffd20000-0x00000000ffffffff] reserved
[    0.000000] BIOS-e820: [mem 0x0000000100000000-0x000000019e5fffff] usable
[    0.000000] BIOS-e820: [mem 0x000000019e600000-0x000000019e7fffff] reserved
[    0.000000] NX (Execute Disable) protection: active
[    0.000000] SMBIOS 2.6 present.
[    0.000000] DMI: LENOVO 42872WU/42872WU, BIOS 8DET74WW (1.44 ) 03/13/2018
[    0.000000] tsc: Fast TSC calibration using PIT
[    0.000000] tsc: Detected 2491.804 MHz processor
[    0.001589] e820: update [mem 0x00000000-0x00000fff] usable ==> reserved
[    0.001591] e820: remove [mem 0x000a0000-0x000fffff] usable
[    0.001599] last_pfn = 0x19e600 max_arch_pfn = 0x400000000
[    0.001604] MTRR default type: uncachable
[    0.001606] MTRR fixed ranges enabled:
[    0.001607]   00000-9FFFF write-back
[    0.001609]   A0000-BFFFF uncachable
[    0.001610]   C0000-FFFFF write-protect
[    0.001612] MTRR variable ranges enabled:
[    0.001614]   0 base 0FFC00000 mask FFFC00000 write-protect
[    0.001616]   1 base 000000000 mask F80000000 write-back
[    0.001617]   2 base 080000000 mask FC0000000 write-back
[    0.001618]   3 base 0C0000000 mask FE0000000 write-back
[    0.001620]   4 base 0DC000000 mask FFC000000 uncachable
[    0.001621]   5 base 0DB000000 mask FFF000000 uncachable
[    0.001623]   6 base 100000000 mask F80000000 write-back
[    0.001624]   7 base 180000000 mask FE0000000 write-back
[    0.001625]   8 base 19F000000 mask FFF000000 uncachable
[    0.001627]   9 base 19E800000 mask FFF800000 uncachable
[    0.002394] x86/PAT: Configuration [0-7]: WB  WC  UC- UC  WB  WP  UC- WT  
[    0.003604] last_pfn = 0xdb000 max_arch_pfn = 0x400000000
[    0.003624] reserving inaccessible SNB gfx pages
[    0.003630] BRK [0x06401000, 0x06401fff] PGTABLE
[    0.003632] BRK [0x06402000, 0x06402fff] PGTABLE
[    0.003634] BRK [0x06403000, 0x06403fff] PGTABLE
[    0.003704] BRK [0x06404000, 0x06404fff] PGTABLE
[    0.003879] BRK [0x06405000, 0x06405fff] PGTABLE
[    0.004162] BRK [0x06406000, 0x06406fff] PGTABLE
[    0.004679] ACPI: Early table checksum verification disabled
[    0.004728] ACPI: RSDP 0x00000000000F00E0 000024 (v02 LENOVO)
[    0.004732] ACPI: XSDT 0x00000000DAFFE120 0000AC (v01 LENOVO TP-8D    00001440 PTEC 00000002)
[    0.004739] ACPI: FACP 0x00000000DAFE7000 0000F4 (v04 LENOVO TP-8D    00001440 PTL  00000002)
[    0.004745] ACPI: DSDT 0x00000000DAFEA000 00FA89 (v01 LENOVO TP-8D    00001440 INTL 20061109)
[    0.004750] ACPI: FACS 0x00000000DAF2D000 000040
[    0.004753] ACPI: FACS 0x00000000DAF2D000 000040
[    0.004757] ACPI: SLIC 0x00000000DAFFD000 000176 (v01 LENOVO TP-8D    00001440 PTEC 00000001)
[    0.004761] ACPI: SSDT 0x00000000DAFFC000 000249 (v01 LENOVO TP-SSDT2 00000200 INTL 20061109)
[    0.004765] ACPI: SSDT 0x00000000DAFFB000 000033 (v01 LENOVO TP-SSDT1 00000100 INTL 20061109)
[    0.004769] ACPI: SSDT 0x00000000DAFFA000 0007D1 (v01 LENOVO SataAhci 00001000 INTL 20061109)
[    0.004773] ACPI: HPET 0x00000000DAFE6000 000038 (v01 LENOVO TP-8D    00001440 PTL  00000002)
[    0.004777] ACPI: APIC 0x00000000DAFE5000 000098 (v01 LENOVO TP-8D    00001440 PTL  00000002)
[    0.004781] ACPI: MCFG 0x00000000DAFE4000 00003C (v01 LENOVO TP-8D    00001440 PTL  00000002)
[    0.004785] ACPI: ECDT 0x00000000DAFE3000 000052 (v01 LENOVO TP-8D    00001440 PTL  00000002)
[    0.004789] ACPI: ASF! 0x00000000DAFE9000 0000A5 (v32 LENOVO TP-8D    00001440 PTL  00000002)
[    0.004793] ACPI: TCPA 0x00000000DAFE2000 000032 (v02 PTL    LENOVO   06040000 LNVO 00000001)
[    0.004797] ACPI: SSDT 0x00000000DAFE1000 000A27 (v01 PmRef  Cpu0Ist  00003000 INTL 20061109)
[    0.004801] ACPI: SSDT 0x00000000DAFE0000 000996 (v01 PmRef  CpuPm    00003000 INTL 20061109)
[    0.004805] ACPI: DMAR 0x00000000DAFDF000 0000E8 (v01 INTEL  SNB      00000001 INTL 00000001)
[    0.004809] ACPI: UEFI 0x00000000DAFDE000 00003E (v01 LENOVO TP-8D    00001440 PTL  00000002)
[    0.004813] ACPI: UEFI 0x00000000DAFDD000 000042 (v01 PTL    COMBUF   00000001 PTL  00000001)
[    0.004817] ACPI: UEFI 0x00000000DAFDC000 000292 (v01 LENOVO TP-8D    00001440 PTL  00000002)
[    0.004825] ACPI: Local APIC address 0xfee00000
[    0.004871] Zone ranges:
[    0.004873]   DMA      [mem 0x0000000000001000-0x0000000000ffffff]
[    0.004876]   DMA32    [mem 0x0000000001000000-0x00000000ffffffff]
[    0.004878]   Normal   [mem 0x0000000100000000-0x000000019e5fffff]
[    0.004880] Movable zone start for each node
[    0.004882] Early memory node ranges
[    0.004884]   node   0: [mem 0x0000000000001000-0x000000000009cfff]
[    0.004886]   node   0: [mem 0x0000000000100000-0x000000001fffffff]
[    0.004888]   node   0: [mem 0x0000000020200000-0x000000003fffffff]
[    0.004889]   node   0: [mem 0x0000000040200000-0x00000000da99efff]
[    0.004891]   node   0: [mem 0x00000000dafff000-0x00000000daffffff]
[    0.004893]   node   0: [mem 0x0000000100000000-0x000000019e5fffff]
[    0.005099] Zeroed struct page in unavailable ranges: 23236 pages
[    0.005101] Initmem setup node 0 [mem 0x0000000000001000-0x000000019e5fffff]
[    0.005104] On node 0 totalpages: 1542972
[    0.005106]   DMA zone: 56 pages used for memmap
[    0.005107]   DMA zone: 156 pages reserved
[    0.005109]   DMA zone: 3996 pages, LIFO batch:0
[    0.005149]   DMA32 zone: 12172 pages used for memmap
[    0.005150]   DMA32 zone: 890272 pages, LIFO batch:63
[    0.013876]   Normal zone: 8869 pages used for memmap
[    0.013880]   Normal zone: 648704 pages, LIFO batch:63
[    0.019791] Reserving Intel graphics memory at [mem 0xdba00000-0xdf9fffff]
[    0.019920] ACPI: PM-Timer IO Port: 0x408
[    0.019923] ACPI: Local APIC address 0xfee00000
[    0.019931] ACPI: LAPIC_NMI (acpi_id[0x00] high edge lint[0x1])
[    0.019933] ACPI: LAPIC_NMI (acpi_id[0x01] high edge lint[0x1])
[    0.019950] IOAPIC[0]: apic_id 2, version 32, address 0xfec00000, GSI 0-23
[    0.019954] ACPI: INT_SRC_OVR (bus 0 bus_irq 0 global_irq 2 dfl dfl)
[    0.019957] ACPI: INT_SRC_OVR (bus 0 bus_irq 9 global_irq 9 high level)
[    0.019960] ACPI: IRQ0 used by override.
[    0.019962] ACPI: IRQ9 used by override.
[    0.019966] Using ACPI (MADT) for SMP configuration information
[    0.019968] ACPI: HPET id: 0x8086a301 base: 0xfed00000
[    0.019974] smpboot: Allowing 8 CPUs, 4 hotplug CPUs
[    0.020002] PM: Registered nosave memory: [mem 0x00000000-0x00000fff]
[    0.020005] PM: Registered nosave memory: [mem 0x0009d000-0x0009dfff]
[    0.020007] PM: Registered nosave memory: [mem 0x0009e000-0x0009ffff]
[    0.020008] PM: Registered nosave memory: [mem 0x000a0000-0x000dffff]
[    0.020010] PM: Registered nosave memory: [mem 0x000e0000-0x000fffff]
[    0.020013] PM: Registered nosave memory: [mem 0x20000000-0x201fffff]
[    0.020016] PM: Registered nosave memory: [mem 0x40000000-0x401fffff]
[    0.020019] PM: Registered nosave memory: [mem 0xda99f000-0xdae9efff]
[    0.020020] PM: Registered nosave memory: [mem 0xdae9f000-0xdaf9efff]
[    0.020022] PM: Registered nosave memory: [mem 0xdaf9f000-0xdaffefff]
[    0.020025] PM: Registered nosave memory: [mem 0xdb000000-0xdf9fffff]
[    0.020026] PM: Registered nosave memory: [mem 0xdfa00000-0xf7ffffff]
[    0.020028] PM: Registered nosave memory: [mem 0xf8000000-0xfbffffff]
[    0.020030] PM: Registered nosave memory: [mem 0xfc000000-0xfebfffff]
[    0.020032] PM: Registered nosave memory: [mem 0xfec00000-0xfec00fff]
[    0.020033] PM: Registered nosave memory: [mem 0xfec01000-0xfed07fff]
[    0.020035] PM: Registered nosave memory: [mem 0xfed08000-0xfed08fff]
[    0.020037] PM: Registered nosave memory: [mem 0xfed09000-0xfed0ffff]
[    0.020039] PM: Registered nosave memory: [mem 0xfed10000-0xfed19fff]
[    0.020040] PM: Registered nosave memory: [mem 0xfed1a000-0xfed1bfff]
[    0.020042] PM: Registered nosave memory: [mem 0xfed1c000-0xfed1ffff]
[    0.020044] PM: Registered nosave memory: [mem 0xfed20000-0xfedfffff]
[    0.020045] PM: Registered nosave memory: [mem 0xfee00000-0xfee00fff]
[    0.020047] PM: Registered nosave memory: [mem 0xfee01000-0xffd1ffff]
[    0.020049] PM: Registered nosave memory: [mem 0xffd20000-0xffffffff]
[    0.020053] [mem 0xdfa00000-0xf7ffffff] available for PCI devices
[    0.020056] clocksource: refined-jiffies: mask: 0xffffffff max_cycles: 0xffffffff, max_idle_ns: 7645519600211568 ns
[    0.020066] setup_percpu: NR_CPUS:8 nr_cpumask_bits:8 nr_cpu_ids:8 nr_node_ids:1
[    0.021835] percpu: Embedded 60 pages/cpu s207048 r8192 d30520 u262144
[    0.021844] pcpu-alloc: s207048 r8192 d30520 u262144 alloc=1*2097152
[    0.021846] pcpu-alloc: [0] 0 1 2 3 4 5 6 7 
[    0.021874] Built 1 zonelists, mobility grouping on.  Total pages: 1521719
[    0.021880] Kernel command line: BOOT_IMAGE=(hd1,2)/l/k/o/64/arch/x86/boot/bzImage root=/dev/sdb4 resume=/dev/sda1
[    0.025746] Dentry cache hash table entries: 1048576 (order: 11, 8388608 bytes)
[    0.027652] Inode-cache hash table entries: 524288 (order: 10, 4194304 bytes)
[    0.283656] Memory: 5966032K/6171888K available (16387K kernel code, 1129K rwdata, 5280K rodata, 1088K init, 9888K bss, 205856K reserved, 0K cma-reserved)
[    0.283682] random: get_random_u32 called from cache_alloc_refill+0x8cb/0xcc0 with crng_init=0
[    0.284297] Kernel/User page tables isolation: enabled
[    0.284479] rcu: Hierarchical RCU implementation.
[    0.284483] rcu: RCU calculated value of scheduler-enlistment delay is 25 jiffies.
[    0.284514] NR_IRQS: 4352, nr_irqs: 104, preallocated irqs: 16
[    0.286495] Console: colour VGA+ 80x25
[    0.294949] printk: console [tty0] enabled
[    0.295007] Lock dependency validator: Copyright (c) 2006 Red Hat, Inc., Ingo Molnar
[    0.295077] ... MAX_LOCKDEP_SUBCLASSES:  8
[    0.295135] ... MAX_LOCK_DEPTH:          48
[    0.295193] ... MAX_LOCKDEP_KEYS:        8191
[    0.295251] ... CLASSHASH_SIZE:          4096
[    0.295310] ... MAX_LOCKDEP_ENTRIES:     32768
[    0.295369] ... MAX_LOCKDEP_CHAINS:      65536
[    0.295428] ... CHAINHASH_SIZE:          32768
[    0.295487]  memory used by lock dependency info: 3507 kB
[    0.295549]  per task-struct memory footprint: 1920 bytes
[    0.295617] ACPI: Core revision 20190509
[    0.296029] clocksource: hpet: mask: 0xffffffff max_cycles: 0xffffffff, max_idle_ns: 133484882848 ns
[    0.296130] hpet clockevent registered
[    0.296138] APIC: Switch to symmetric I/O mode setup
[    0.296645] ..TIMER: vector=0x30 apic1=0 pin1=2 apic2=-1 pin2=-1
[    0.316137] clocksource: tsc-early: mask: 0xffffffffffffffff max_cycles: 0x23eafb4babf, max_idle_ns: 440795281650 ns
[    0.316231] Calibrating delay loop (skipped), value calculated using timer frequency.. 4983.60 BogoMIPS (lpj=9967216)
[    0.316323] pid_max: default: 32768 minimum: 301
[    0.316533] Mount-cache hash table entries: 16384 (order: 5, 131072 bytes)
[    0.316617] Mountpoint-cache hash table entries: 16384 (order: 5, 131072 bytes)
[    0.317009] *** VALIDATE proc ***
[    0.317126] *** VALIDATE cgroup1 ***
[    0.317183] *** VALIDATE cgroup2 ***
[    0.317274] Disabled fast string operations
[    0.317342] process: using mwait in idle threads
[    0.317403] Last level iTLB entries: 4KB 512, 2MB 8, 4MB 8
[    0.317466] Last level dTLB entries: 4KB 512, 2MB 32, 4MB 32, 1GB 0
[    0.317533] Spectre V2 : Mitigation: Full generic retpoline
[    0.317596] Spectre V2 : Spectre v2 / SpectreRSB mitigation: Filling RSB on context switch
[    0.317667] Spectre V2 : Enabling Restricted Speculation for firmware calls
[    0.317735] Spectre V2 : mitigation: Enabling conditional Indirect Branch Prediction Barrier
[    0.317807] Spectre V2 : User space: Mitigation: STIBP via prctl
[    0.317871] Speculative Store Bypass: Vulnerable
[    0.317932] MDS: Vulnerable: Clear CPU buffers attempted, no microcode
[    0.318156] Freeing SMP alternatives memory: 44K
[    0.319288] TSC deadline timer enabled
[    0.319292] smpboot: CPU0: Intel(R) Core(TM) i5-2520M CPU @ 2.50GHz (family: 0x6, model: 0x2a, stepping: 0x7)
[    0.319686] Performance Events: PEBS fmt1+, SandyBridge events, 16-deep LBR, full-width counters, Intel PMU driver.
[    0.320230] ... version:                3
[    0.320230] ... bit width:              48
[    0.320230] ... generic registers:      4
[    0.320230] ... value mask:             0000ffffffffffff
[    0.320230] ... max period:             00007fffffffffff
[    0.320230] ... fixed-purpose events:   3
[    0.320230] ... event mask:             000000070000000f
[    0.320230] rcu: Hierarchical SRCU implementation.
[    0.320230] NMI watchdog: Enabled. Permanently consumes one hw-PMU counter.
[    0.320230] smp: Bringing up secondary CPUs ...
[    0.320502] x86: Booting SMP configuration:
[    0.320565] .... node  #0, CPUs:      #1
[    0.015478] Disabled fast string operations
[    0.322915] MDS CPU bug present and SMT on, data leak possible. See https://www.kernel.org/doc/html/latest/admin-guide/hw-vuln/mds.html for more details.
[    0.322915]  #2
[    0.015478] Disabled fast string operations
[    0.324805]  #3
[    0.015478] Disabled fast string operations
[    0.327103] smp: Brought up 1 node, 4 CPUs
[    0.327103] smpboot: Max logical packages: 2
[    0.327103] smpboot: Total of 4 processors activated (19934.43 BogoMIPS)
[    0.328562] devtmpfs: initialized
[    0.328708] PM: Registering ACPI NVS region [mem 0xdae9f000-0xdaf9efff] (1048576 bytes)
[    0.329020] clocksource: jiffies: mask: 0xffffffff max_cycles: 0xffffffff, max_idle_ns: 7645041785100000 ns
[    0.329113] futex hash table entries: 2048 (order: 6, 262144 bytes)
[    0.329638] NET: Registered protocol family 16
[    0.330396] cpuidle: using governor ladder
[    0.330479] cpuidle: using governor menu
[    0.330479] ACPI FADT declares the system doesn't support PCIe ASPM, so disable it
[    0.330479] ACPI: bus type PCI registered
[    0.330479] PCI: MMCONFIG for domain 0000 [bus 00-3f] at [mem 0xf8000000-0xfbffffff] (base 0xf8000000)
[    0.330479] PCI: MMCONFIG at [mem 0xf8000000-0xfbffffff] reserved in E820
[    0.330479] PCI: Using configuration type 1 for base access
[    0.330479] core: PMU erratum BJ122, BV98, HSD29 worked around, HT is on
[    0.332327] ENERGY_PERF_BIAS: Set to 'normal', was 'performance'
[    0.356437] ACPI: Added _OSI(Module Device)
[    0.356506] ACPI: Added _OSI(Processor Device)
[    0.356567] ACPI: Added _OSI(3.0 _SCP Extensions)
[    0.356628] ACPI: Added _OSI(Processor Aggregator Device)
[    0.356692] ACPI: Added _OSI(Linux-Dell-Video)
[    0.356753] ACPI: Added _OSI(Linux-Lenovo-NV-HDMI-Audio)
[    0.356816] ACPI: Added _OSI(Linux-HPI-Hybrid-Graphics)
[    0.396235] ACPI: 6 ACPI AML tables successfully acquired and loaded
[    0.396235] ACPI: EC: EC started
[    0.396235] ACPI: EC: interrupt blocked
[    0.400234] ACPI: \: Used as first EC
[    0.400234] ACPI: \: GPE=0x11, EC_CMD/EC_SC=0x66, EC_DATA=0x62
[    0.400234] ACPI: EC: Boot ECDT EC used to handle transactions
[    0.400234] ACPI: [Firmware Bug]: BIOS _OSI(Linux) query ignored
[    0.413947] ACPI: Dynamic OEM Table Load:
[    0.414022] ACPI: SSDT 0xFFFF88819703C000 0008C0 (v01 PmRef  Cpu0Cst  00003001 INTL 20061109)
[    0.414644] ACPI: Dynamic OEM Table Load:
[    0.414644] ACPI: SSDT 0xFFFF888197046000 000303 (v01 PmRef  ApIst    00003000 INTL 20061109)
[    0.416465] ACPI: Dynamic OEM Table Load:
[    0.416534] ACPI: SSDT 0xFFFF888196C25C00 000119 (v01 PmRef  ApCst    00003000 INTL 20061109)
[    0.416907] ACPI: Interpreter enabled
[    0.416907] ACPI: (supports S0 S3 S4 S5)
[    0.416907] ACPI: Using IOAPIC for interrupt routing
[    0.416907] PCI: Using host bridge windows from ACPI; if necessary, use "pci=nocrs" and report a bug
[    0.417583] ACPI: Enabled 6 GPEs in block 00 to 3F
[    0.432435] ACPI: Power Resource [PUBS] (on)
[    0.432987] acpi PNP0C0A:01: ACPI dock station (docks/bays count: 1)
[    0.436634] acpi LNXIOBAY:00: ACPI dock station (docks/bays count: 2)
[    0.442495] acpi IBM0079:00: ACPI dock station (docks/bays count: 3)
[    0.444188] ACPI: PCI Interrupt Link [LNKA] (IRQs 3 4 5 6 7 9 10 *11)
[    0.444570] ACPI: PCI Interrupt Link [LNKB] (IRQs 3 4 5 6 7 9 10 *11)
[    0.444972] ACPI: PCI Interrupt Link [LNKC] (IRQs 3 4 5 6 7 9 10 *11)
[    0.445372] ACPI: PCI Interrupt Link [LNKD] (IRQs 3 4 5 6 7 9 *10 11)
[    0.445771] ACPI: PCI Interrupt Link [LNKE] (IRQs 3 4 5 6 *7 9 10 11)
[    0.446080] ACPI: PCI Interrupt Link [LNKF] (IRQs 3 4 5 6 7 9 10 11) *0, disabled.
[    0.446486] ACPI: PCI Interrupt Link [LNKG] (IRQs 3 4 5 6 *7 9 10 11)
[    0.446885] ACPI: PCI Interrupt Link [LNKH] (IRQs 3 4 5 6 7 9 *10 11)
[    0.447169] ACPI: PCI Root Bridge [PCI0] (domain 0000 [bus 00-fe])
[    0.447242] acpi PNP0A08:00: _OSC: OS supports [ExtendedConfig ASPM ClockPM Segments HPX-Type3]
[    0.447716] acpi PNP0A08:00: _OSC: not requesting OS control; OS requires [ExtendedConfig ASPM ClockPM MSI]
[    0.447815] acpi PNP0A08:00: [Firmware Info]: MMCONFIG for domain 0000 [bus 00-3f] only partially covers this bridge
[    0.448031] PCI host bridge to bus 0000:00
[    0.448093] pci_bus 0000:00: root bus resource [io  0x0000-0x0cf7 window]
[    0.448163] pci_bus 0000:00: root bus resource [io  0x0d00-0xffff window]
[    0.448234] pci_bus 0000:00: root bus resource [mem 0x000a0000-0x000bffff window]
[    0.448306] pci_bus 0000:00: root bus resource [mem 0xdfa00000-0xfebfffff window]
[    0.448378] pci_bus 0000:00: root bus resource [mem 0xfed40000-0xfed4bfff window]
[    0.448450] pci_bus 0000:00: root bus resource [bus 00-fe]
[    0.448534] pci 0000:00:00.0: [8086:0104] type 00 class 0x060000
[    0.448815] pci 0000:00:02.0: [8086:0126] type 00 class 0x030000
[    0.448894] pci 0000:00:02.0: reg 0x10: [mem 0xf0000000-0xf03fffff 64bit]
[    0.448969] pci 0000:00:02.0: reg 0x18: [mem 0xe0000000-0xefffffff 64bit pref]
[    0.449043] pci 0000:00:02.0: reg 0x20: [io  0x5000-0x503f]
[    0.449360] pci 0000:00:16.0: [8086:1c3a] type 00 class 0x078000
[    0.449455] pci 0000:00:16.0: reg 0x10: [mem 0xf2525000-0xf252500f 64bit]
[    0.449614] pci 0000:00:16.0: PME# supported from D0 D3hot D3cold
[    0.449874] pci 0000:00:19.0: [8086:1502] type 00 class 0x020000
[    0.449964] pci 0000:00:19.0: reg 0x10: [mem 0xf2500000-0xf251ffff]
[    0.450039] pci 0000:00:19.0: reg 0x14: [mem 0xf252b000-0xf252bfff]
[    0.450115] pci 0000:00:19.0: reg 0x18: [io  0x5080-0x509f]
[    0.450255] pci 0000:00:19.0: PME# supported from D0 D3hot D3cold
[    0.450516] pci 0000:00:1a.0: [8086:1c2d] type 00 class 0x0c0320
[    0.450607] pci 0000:00:1a.0: reg 0x10: [mem 0xf252a000-0xf252a3ff]
[    0.450774] pci 0000:00:1a.0: PME# supported from D0 D3hot D3cold
[    0.451034] pci 0000:00:1b.0: [8086:1c20] type 00 class 0x040300
[    0.451127] pci 0000:00:1b.0: reg 0x10: [mem 0xf2520000-0xf2523fff 64bit]
[    0.451292] pci 0000:00:1b.0: PME# supported from D0 D3hot D3cold
[    0.451547] pci 0000:00:1c.0: [8086:1c10] type 01 class 0x060400
[    0.451724] pci 0000:00:1c.0: PME# supported from D0 D3hot D3cold
[    0.451990] pci 0000:00:1c.1: [8086:1c12] type 01 class 0x060400
[    0.452172] pci 0000:00:1c.1: PME# supported from D0 D3hot D3cold
[    0.452440] pci 0000:00:1c.3: [8086:1c16] type 01 class 0x060400
[    0.452621] pci 0000:00:1c.3: PME# supported from D0 D3hot D3cold
[    0.452899] pci 0000:00:1c.4: [8086:1c18] type 01 class 0x060400
[    0.453130] pci 0000:00:1c.4: PME# supported from D0 D3hot D3cold
[    0.453410] pci 0000:00:1d.0: [8086:1c26] type 00 class 0x0c0320
[    0.453500] pci 0000:00:1d.0: reg 0x10: [mem 0xf2529000-0xf25293ff]
[    0.453667] pci 0000:00:1d.0: PME# supported from D0 D3hot D3cold
[    0.453926] pci 0000:00:1f.0: [8086:1c4f] type 00 class 0x060100
[    0.454290] pci 0000:00:1f.2: [8086:1c03] type 00 class 0x010601
[    0.454379] pci 0000:00:1f.2: reg 0x10: [io  0x50a8-0x50af]
[    0.454452] pci 0000:00:1f.2: reg 0x14: [io  0x50bc-0x50bf]
[    0.454524] pci 0000:00:1f.2: reg 0x18: [io  0x50a0-0x50a7]
[    0.454596] pci 0000:00:1f.2: reg 0x1c: [io  0x50b8-0x50bb]
[    0.454668] pci 0000:00:1f.2: reg 0x20: [io  0x5060-0x507f]
[    0.454740] pci 0000:00:1f.2: reg 0x24: [mem 0xf2528000-0xf25287ff]
[    0.454860] pci 0000:00:1f.2: PME# supported from D3hot
[    0.455107] pci 0000:00:1f.3: [8086:1c22] type 00 class 0x0c0500
[    0.455195] pci 0000:00:1f.3: reg 0x10: [mem 0xf2524000-0xf25240ff 64bit]
[    0.455286] pci 0000:00:1f.3: reg 0x20: [io  0xefa0-0xefbf]
[    0.455617] pci 0000:00:1c.0: PCI bridge to [bus 02]
[    0.455804] pci 0000:03:00.0: [8086:0084] type 00 class 0x028000
[    0.455943] pci 0000:03:00.0: reg 0x10: [mem 0xf2400000-0xf2401fff 64bit]
[    0.456279] pci 0000:03:00.0: PME# supported from D0 D3hot D3cold
[    0.456551] pci 0000:00:1c.1: PCI bridge to [bus 03]
[    0.456620] pci 0000:00:1c.1:   bridge window [mem 0xf2400000-0xf24fffff]
[    0.456772] pci 0000:00:1c.3: PCI bridge to [bus 05-0c]
[    0.456839] pci 0000:00:1c.3:   bridge window [io  0x4000-0x4fff]
[    0.456908] pci 0000:00:1c.3:   bridge window [mem 0xf1c00000-0xf23fffff]
[    0.456983] pci 0000:00:1c.3:   bridge window [mem 0xf0400000-0xf0bfffff 64bit pref]
[    0.457228] pci 0000:0d:00.0: [1180:e823] type 00 class 0x088001
[    0.457513] pci 0000:0d:00.0: MMC controller base frequency changed to 50Mhz.
[    0.457801] pci 0000:0d:00.0: reg 0x10: [mem 0xf1400000-0xf14000ff]
[    0.458327] pci 0000:0d:00.0: supports D1 D2
[    0.458388] pci 0000:0d:00.0: PME# supported from D0 D1 D2 D3hot D3cold
[    0.458962] pci 0000:00:1c.4: PCI bridge to [bus 0d]
[    0.459030] pci 0000:00:1c.4:   bridge window [io  0x3000-0x3fff]
[    0.459100] pci 0000:00:1c.4:   bridge window [mem 0xf1400000-0xf1bfffff]
[    0.459176] pci 0000:00:1c.4:   bridge window [mem 0xf0c00000-0xf13fffff 64bit pref]
[    0.459281] pci_bus 0000:00: on NUMA node 0
[    0.462354] ACPI: EC: interrupt unblocked
[    0.462437] ACPI: EC: event unblocked
[    0.462537] ACPI: \_SB_.PCI0.LPC_.EC__: GPE=0x11, EC_CMD/EC_SC=0x66, EC_DATA=0x62
[    0.462610] ACPI: \_SB_.PCI0.LPC_.EC__: Boot DSDT EC used to handle transactions and events
[    0.462880] pci 0000:00:02.0: vgaarb: setting as boot VGA device
[    0.462880] pci 0000:00:02.0: vgaarb: VGA device added: decodes=io+mem,owns=io+mem,locks=none
[    0.462880] pci 0000:00:02.0: vgaarb: bridge control possible
[    0.462880] vgaarb: loaded
[    0.463091] SCSI subsystem initialized
[    0.463091] libata version 3.00 loaded.
[    0.463091] ACPI: bus type USB registered
[    0.463091] usbcore: registered new interface driver usbfs
[    0.463091] usbcore: registered new interface driver hub
[    0.464271] usbcore: registered new device driver usb
[    0.464271] media: Linux media interface: v0.10
[    0.464279] videodev: Linux video capture interface: v2.00
[    0.464305] pps_core: LinuxPPS API ver. 1 registered
[    0.464305] pps_core: Software ver. 5.3.6 - Copyright 2005-2007 Rodolfo Giometti <giometti@linux.it>
[    0.464330] PTP clock support registered
[    0.464330] EDAC MC: Ver: 3.0.0
[    0.464651] Advanced Linux Sound Architecture Driver Initialized.
[    0.464651] PCI: Using ACPI for IRQ routing
[    0.466467] PCI: pci_cache_line_size set to 64 bytes
[    0.466762] e820: reserve RAM buffer [mem 0x0009d800-0x0009ffff]
[    0.466765] e820: reserve RAM buffer [mem 0xda99f000-0xdbffffff]
[    0.466767] e820: reserve RAM buffer [mem 0xdb000000-0xdbffffff]
[    0.466769] e820: reserve RAM buffer [mem 0x19e600000-0x19fffffff]
[    0.468230] Bluetooth: Core ver 2.22
[    0.468234] NET: Registered protocol family 31
[    0.468234] Bluetooth: HCI device and connection manager initialized
[    0.468234] Bluetooth: HCI socket layer initialized
[    0.468234] Bluetooth: L2CAP socket layer initialized
[    0.468234] Bluetooth: SCO socket layer initialized
[    0.468374] clocksource: Switched to clocksource tsc-early
[    0.468642] pnp: PnP ACPI init
[    0.470115] system 00:00: [mem 0x00000000-0x0009ffff] could not be reserved
[    0.470197] system 00:00: [mem 0x000c0000-0x000c3fff] could not be reserved
[    0.470268] system 00:00: [mem 0x000c4000-0x000c7fff] could not be reserved
[    0.470338] system 00:00: [mem 0x000c8000-0x000cbfff] has been reserved
[    0.470407] system 00:00: [mem 0x000cc000-0x000cffff] has been reserved
[    0.470476] system 00:00: [mem 0x000d0000-0x000d3fff] has been reserved
[    0.470545] system 00:00: [mem 0x000d4000-0x000d7fff] has been reserved
[    0.470614] system 00:00: [mem 0x000d8000-0x000dbfff] has been reserved
[    0.470683] system 00:00: [mem 0x000dc000-0x000dffff] has been reserved
[    0.470753] system 00:00: [mem 0x000e0000-0x000e3fff] could not be reserved
[    0.470824] system 00:00: [mem 0x000e4000-0x000e7fff] could not be reserved
[    0.470895] system 00:00: [mem 0x000e8000-0x000ebfff] could not be reserved
[    0.470895] system 00:00: [mem 0x000ec000-0x000effff] could not be reserved
[    0.470926] system 00:00: [mem 0x000f0000-0x000fffff] could not be reserved
[    0.470997] system 00:00: [mem 0x00100000-0xdf9fffff] could not be reserved
[    0.471067] system 00:00: [mem 0xfec00000-0xfed3ffff] could not be reserved
[    0.471138] system 00:00: [mem 0xfed4c000-0xffffffff] could not be reserved
[    0.471236] system 00:00: Plug and Play ACPI device, IDs PNP0c01 (active)
[    0.471532] system 00:01: [io  0x0400-0x047f] has been reserved
[    0.471608] system 00:01: [io  0x0500-0x057f] has been reserved
[    0.471675] system 00:01: [io  0x0800-0x080f] has been reserved
[    0.471742] system 00:01: [io  0x15e0-0x15ef] has been reserved
[    0.471818] system 00:01: [io  0x1600-0x167f] has been reserved
[    0.471888] system 00:01: [mem 0xf8000000-0xfbffffff] has been reserved
[    0.471958] system 00:01: [mem 0x00000000-0x00000fff] could not be reserved
[    0.472028] system 00:01: [mem 0xfed1c000-0xfed1ffff] has been reserved
[    0.472097] system 00:01: [mem 0xfed10000-0xfed13fff] has been reserved
[    0.472168] system 00:01: [mem 0xfed18000-0xfed18fff] has been reserved
[    0.472272] system 00:01: [mem 0xfed19000-0xfed19fff] has been reserved
[    0.472341] system 00:01: [mem 0xfed45000-0xfed4bfff] has been reserved
[    0.472429] system 00:01: Plug and Play ACPI device, IDs PNP0c02 (active)
[    0.472593] pnp 00:02: Plug and Play ACPI device, IDs PNP0b00 (active)
[    0.472678] pnp 00:03: Plug and Play ACPI device, IDs PNP0303 (active)
[    0.472762] pnp 00:04: Plug and Play ACPI device, IDs LEN0020 PNP0f13 (active)
[    0.472921] pnp 00:05: Plug and Play ACPI device, IDs SMO1200 PNP0c31 (active)
[    0.473959] pnp: PnP ACPI: found 6 devices
[    0.484824] clocksource: acpi_pm: mask: 0xffffff max_cycles: 0xffffff, max_idle_ns: 2085701024 ns
[    0.484925] pci 0000:00:1c.0: bridge window [io  0x1000-0x0fff] to [bus 02] add_size 1000
[    0.484999] pci 0000:00:1c.0: bridge window [mem 0x00100000-0x000fffff 64bit pref] to [bus 02] add_size 200000 add_align 100000
[    0.485094] pci 0000:00:1c.0: bridge window [mem 0x00100000-0x000fffff] to [bus 02] add_size 200000 add_align 100000
[    0.485195] pci 0000:00:1c.0: BAR 8: assigned [mem 0xdfa00000-0xdfbfffff]
[    0.485267] pci 0000:00:1c.0: BAR 9: assigned [mem 0xdfc00000-0xdfdfffff 64bit pref]
[    0.485340] pci 0000:00:1c.0: BAR 7: assigned [io  0x2000-0x2fff]
[    0.485409] pci 0000:00:1c.0: PCI bridge to [bus 02]
[    0.485473] pci 0000:00:1c.0:   bridge window [io  0x2000-0x2fff]
[    0.485544] pci 0000:00:1c.0:   bridge window [mem 0xdfa00000-0xdfbfffff]
[    0.485615] pci 0000:00:1c.0:   bridge window [mem 0xdfc00000-0xdfdfffff 64bit pref]
[    0.485691] pci 0000:00:1c.1: PCI bridge to [bus 03]
[    0.485757] pci 0000:00:1c.1:   bridge window [mem 0xf2400000-0xf24fffff]
[    0.485833] pci 0000:00:1c.3: PCI bridge to [bus 05-0c]
[    0.485898] pci 0000:00:1c.3:   bridge window [io  0x4000-0x4fff]
[    0.485967] pci 0000:00:1c.3:   bridge window [mem 0xf1c00000-0xf23fffff]
[    0.486037] pci 0000:00:1c.3:   bridge window [mem 0xf0400000-0xf0bfffff 64bit pref]
[    0.486113] pci 0000:00:1c.4: PCI bridge to [bus 0d]
[    0.486176] pci 0000:00:1c.4:   bridge window [io  0x3000-0x3fff]
[    0.486247] pci 0000:00:1c.4:   bridge window [mem 0xf1400000-0xf1bfffff]
[    0.486318] pci 0000:00:1c.4:   bridge window [mem 0xf0c00000-0xf13fffff 64bit pref]
[    0.486397] pci_bus 0000:00: resource 4 [io  0x0000-0x0cf7 window]
[    0.486463] pci_bus 0000:00: resource 5 [io  0x0d00-0xffff window]
[    0.486528] pci_bus 0000:00: resource 6 [mem 0x000a0000-0x000bffff window]
[    0.486596] pci_bus 0000:00: resource 7 [mem 0xdfa00000-0xfebfffff window]
[    0.486664] pci_bus 0000:00: resource 8 [mem 0xfed40000-0xfed4bfff window]
[    0.486732] pci_bus 0000:02: resource 0 [io  0x2000-0x2fff]
[    0.486795] pci_bus 0000:02: resource 1 [mem 0xdfa00000-0xdfbfffff]
[    0.486861] pci_bus 0000:02: resource 2 [mem 0xdfc00000-0xdfdfffff 64bit pref]
[    0.486930] pci_bus 0000:03: resource 1 [mem 0xf2400000-0xf24fffff]
[    0.486996] pci_bus 0000:05: resource 0 [io  0x4000-0x4fff]
[    0.487059] pci_bus 0000:05: resource 1 [mem 0xf1c00000-0xf23fffff]
[    0.487125] pci_bus 0000:05: resource 2 [mem 0xf0400000-0xf0bfffff 64bit pref]
[    0.487194] pci_bus 0000:0d: resource 0 [io  0x3000-0x3fff]
[    0.487258] pci_bus 0000:0d: resource 1 [mem 0xf1400000-0xf1bfffff]
[    0.487323] pci_bus 0000:0d: resource 2 [mem 0xf0c00000-0xf13fffff 64bit pref]
[    0.487663] NET: Registered protocol family 2
[    0.488050] tcp_listen_portaddr_hash hash table entries: 4096 (order: 6, 294912 bytes)
[    0.488272] TCP established hash table entries: 65536 (order: 7, 524288 bytes)
[    0.488442] TCP bind hash table entries: 65536 (order: 10, 4194304 bytes)
[    0.490553] TCP: Hash tables configured (established 65536 bind 65536)
[    0.490961] UDP hash table entries: 4096 (order: 7, 655360 bytes)
[    0.491350] UDP-Lite hash table entries: 4096 (order: 7, 655360 bytes)
[    0.491816] NET: Registered protocol family 1
[    0.492510] RPC: Registered named UNIX socket transport module.
[    0.492579] RPC: Registered udp transport module.
[    0.492640] RPC: Registered tcp transport module.
[    0.492702] RPC: Registered tcp NFSv4.1 backchannel transport module.
[    0.493264] pci 0000:00:02.0: Video device with shadowed ROM at [mem 0x000c0000-0x000dffff]
[    0.494254] PCI: CLS 64 bytes, default 64
[    0.494373] PCI-DMA: Using software bounce buffering for IO (SWIOTLB)
[    0.494441] software IO TLB: mapped [mem 0xd699f000-0xda99f000] (64MB)
[    0.496866] Initialise system trusted keyrings
[    0.497032] workingset: timestamp_bits=62 max_order=21 bucket_order=0
[    0.498270] Installing knfsd (copyright (C) 1996 okir@monad.swb.de).
[    0.498939] ntfs: driver 2.1.32 [Flags: R/W].
[    0.499112] fuse: init (API version 7.31)
[    0.499849] Key type asymmetric registered
[    0.499914] Asymmetric key parser 'x509' registered
[    0.500005] Block layer SCSI generic (bsg) driver version 0.4 loaded (major 249)
[    0.500080] io scheduler mq-deadline registered
[    0.500160] io scheduler bfq registered
[    0.500457] pcieport 0000:00:1c.0: enabling device (0000 -> 0003)
[    0.502019] intel_idle: MWAIT substates: 0x21120
[    0.502021] intel_idle: v0.4.1 model 0x2A
[    0.502584] intel_idle: lapic_timer_reliable_states 0xffffffff
[    0.502922] ACPI: Deprecated procfs I/F for AC is loaded, please retry with CONFIG_ACPI_PROCFS_POWER cleared
[    0.503097] ACPI: AC Adapter [AC] (on-line)
[    0.503372] input: Lid Switch as /devices/LNXSYSTM:00/LNXSYBUS:00/PNP0C0D:00/input/input0
[    0.503561] ACPI: Lid Switch [LID]
[    0.503719] input: Sleep Button as /devices/LNXSYSTM:00/LNXSYBUS:00/PNP0C0E:00/input/input1
[    0.503874] ACPI: Sleep Button [SLPB]
[    0.504083] input: Power Button as /devices/LNXSYSTM:00/LNXPWRBN:00/input/input2
[    0.504193] ACPI: Power Button [PWRF]
[    0.507343] thermal LNXTHERM:00: registered as thermal_zone0
[    0.507411] ACPI: Thermal Zone [THM0] (65 C)
[    0.507796] Serial: 8250/16550 driver, 4 ports, IRQ sharing disabled
[    0.507956] battery: ACPI: Deprecated procfs I/F for battery is loaded, please retry with CONFIG_ACPI_PROCFS_POWER cleared
[    0.508086] battery: ACPI: Battery Slot [BAT0] (battery absent)
[    0.509079] lp: driver loaded but no devices found
[    0.509258] Non-volatile memory driver v1.3
[    0.509530] Linux agpgart interface v0.103
[    0.509889] [drm] radeon kernel modesetting enabled.
[    0.510877] i915 0000:00:02.0: vgaarb: deactivate vga console
[    0.511413] Console: switching to colour dummy device 80x25
[    0.520407] [drm] Supports vblank timestamp caching Rev 2 (21.10.2013).
[    0.520430] [drm] Driver supports precise vblank timestamp query.
[    0.521922] i915 0000:00:02.0: vgaarb: changed VGA decodes: olddecodes=io+mem,decodes=io+mem:owns=io+mem
[    0.620064] [drm] Initialized i915 1.6.0 20190417 for 0000:00:02.0 on minor 0
[    0.621982] ACPI: Video Device [VID] (multi-head: yes  rom: no  post: no)
[    0.622546] input: Video Bus as /devices/LNXSYSTM:00/LNXSYBUS:00/PNP0A08:00/LNXVIDEO:00/input/input3
[    0.622857] usbcore: registered new interface driver udl
[    0.631746] loop: module loaded
[    0.645941] ahci 0000:00:1f.2: version 3.0
[    0.646537] ahci 0000:00:1f.2: SSS flag set, parallel bus scan disabled
[    0.660407] ahci 0000:00:1f.2: AHCI 0001.0300 32 slots 6 ports 6 Gbps 0x17 impl SATA mode
[    0.660437] ahci 0000:00:1f.2: flags: 64bit ncq sntf ilck stag pm led clo pio slum part ems sxs apst 
[    0.698519] scsi host0: ahci
[    0.698907] scsi host1: ahci
[    0.699196] scsi host2: ahci
[    0.699483] scsi host3: ahci
[    0.699775] scsi host4: ahci
[    0.700085] scsi host5: ahci
[    0.700273] ata1: SATA max UDMA/133 abar m2048@0xf2528000 port 0xf2528100 irq 19
[    0.700295] ata2: SATA max UDMA/133 abar m2048@0xf2528000 port 0xf2528180 irq 19
[    0.700321] ata3: SATA max UDMA/133 abar m2048@0xf2528000 port 0xf2528200 irq 19
[    0.700346] ata4: DUMMY
[    0.700353] ata5: SATA max UDMA/133 abar m2048@0xf2528000 port 0xf2528300 irq 19
[    0.700368] ata6: DUMMY
[    0.701097] tun: Universal TUN/TAP device driver, 1.6
[    0.701425] e1000e: Intel(R) PRO/1000 Network Driver - 3.2.6-k
[    0.701444] e1000e: Copyright(c) 1999 - 2015 Intel Corporation.
[    0.701944] e1000e 0000:00:19.0: Interrupt Throttling Rate (ints/sec) set to dynamic conservative mode
[    0.799628] e1000e 0000:00:19.0 0000:00:19.0 (uninitialized): registered PHC clock
[    0.892973] e1000e 0000:00:19.0 eth0: (PCI Express:2.5GT/s:Width x1) f0:de:f1:e3:99:75
[    0.893002] e1000e 0000:00:19.0 eth0: Intel(R) PRO/1000 Network Connection
[    0.893073] e1000e 0000:00:19.0 eth0: MAC: 10, PHY: 11, PBA No: 1000FF-0FF
[    0.893234] PPP generic driver version 2.4.2
[    0.893410] PPP BSD Compression module registered
[    0.893420] PPP Deflate Compression module registered
[    0.893430] SLIP: version 0.8.4-NET3.019-NEWTTY (dynamic channels, max=256).
[    0.893443] CSLIP: code copyright 1989 Regents of the University of California.
[    0.893500] iwl3945: Intel(R) PRO/Wireless 3945ABG/BG Network Connection driver for Linux, in-tree:ds
[    0.893517] iwl3945: Copyright(c) 2003-2011 Intel Corporation
[    0.893527] iwl3945: hw_scan is disabled
[    0.893565] Intel(R) Wireless WiFi driver for Linux
[    0.893574] Copyright(c) 2003- 2015 Intel Corporation
[    0.893943] iwlwifi 0000:03:00.0: pci_enable_msi failed - -38
[    0.894191] usbcore: registered new interface driver ax88179_178a
[    0.894244] usbcore: registered new interface driver cdc_ether
[    0.894297] usbcore: registered new interface driver cdc_eem
[    0.894349] usbcore: registered new interface driver net1080
[    0.894383] usbcore: registered new interface driver cdc_subset
[    0.894432] usbcore: registered new interface driver zaurus
[    0.894478] usbcore: registered new interface driver cdc_ncm
[    0.894526] usbcore: registered new interface driver cdc_mbim
[    0.894841] ehci_hcd: USB 2.0 'Enhanced' Host Controller (EHCI) Driver
[    0.894863] ehci-pci: EHCI PCI platform driver
[    0.894905] iwlwifi 0000:03:00.0: loaded firmware version 39.31.5.1 build 35138 op_mode iwldvm
[    0.895017] iwlwifi 0000:03:00.0: CONFIG_IWLWIFI_DEBUG disabled
[    0.895031] iwlwifi 0000:03:00.0: CONFIG_IWLWIFI_DEBUGFS disabled
[    0.895046] iwlwifi 0000:03:00.0: CONFIG_IWLWIFI_DEVICE_TRACING disabled
[    0.895063] iwlwifi 0000:03:00.0: Detected Intel(R) Centrino(R) Wireless-N 1000 BGN, REV=0x6C
[    0.895186] ehci-pci 0000:00:1a.0: EHCI Host Controller
[    0.895347] ehci-pci 0000:00:1a.0: new USB bus registered, assigned bus number 1
[    0.895390] ehci-pci 0000:00:1a.0: debug port 2
[    0.899351] ehci-pci 0000:00:1a.0: cache line size of 64 is not supported
[    0.899375] ehci-pci 0000:00:1a.0: irq 16, io mem 0xf252a000
[    0.905520] fbcon: i915drmfb (fb0) is primary device
[    0.912263] ehci-pci 0000:00:1a.0: USB 2.0 started, EHCI 1.00
[    0.912725] usb usb1: New USB device found, idVendor=1d6b, idProduct=0002, bcdDevice= 5.02
[    0.912731] usb usb1: New USB device strings: Mfr=3, Product=2, SerialNumber=1
[    0.912734] usb usb1: Product: EHCI Host Controller
[    0.912738] usb usb1: Manufacturer: Linux 5.2.0+ ehci_hcd
[    0.912741] usb usb1: SerialNumber: 0000:00:1a.0
[    0.913370] hub 1-0:1.0: USB hub found
[    0.913405] hub 1-0:1.0: 3 ports detected
[    0.914334] ehci-pci 0000:00:1d.0: EHCI Host Controller
[    0.914455] ehci-pci 0000:00:1d.0: new USB bus registered, assigned bus number 2
[    0.914490] ehci-pci 0000:00:1d.0: debug port 2
[    0.918431] ehci-pci 0000:00:1d.0: cache line size of 64 is not supported
[    0.918457] ehci-pci 0000:00:1d.0: irq 23, io mem 0xf2529000
[    0.932417] ehci-pci 0000:00:1d.0: USB 2.0 started, EHCI 1.00
[    0.932835] usb usb2: New USB device found, idVendor=1d6b, idProduct=0002, bcdDevice= 5.02
[    0.932838] usb usb2: New USB device strings: Mfr=3, Product=2, SerialNumber=1
[    0.932839] usb usb2: Product: EHCI Host Controller
[    0.932841] usb usb2: Manufacturer: Linux 5.2.0+ ehci_hcd
[    0.932842] usb usb2: SerialNumber: 0000:00:1d.0
[    0.933213] hub 2-0:1.0: USB hub found
[    0.933281] hub 2-0:1.0: 3 ports detected
[    0.933871] ohci_hcd: USB 1.1 'Open' Host Controller (OHCI) Driver
[    0.933881] ohci-pci: OHCI PCI platform driver
[    0.933916] uhci_hcd: USB Universal Host Controller Interface driver
[    0.934100] usbcore: registered new interface driver cdc_acm
[    0.934101] cdc_acm: USB Abstract Control Model driver for USB modems and ISDN adapters
[    0.934132] usbcore: registered new interface driver usblp
[    0.934170] usbcore: registered new interface driver cdc_wdm
[    0.934225] usbcore: registered new interface driver usb-storage
[    0.934258] usbcore: registered new interface driver ums-sddr09
[    0.934363] usbcore: registered new interface driver usbserial_generic
[    0.934423] usbserial: USB Serial support registered for generic
[    0.934464] usbcore: registered new interface driver ch341
[    0.934486] usbserial: USB Serial support registered for ch341-uart
[    0.934528] usbcore: registered new interface driver ftdi_sio
[    0.934561] usbserial: USB Serial support registered for FTDI USB Serial Device
[    0.934612] usbcore: registered new interface driver option
[    0.934645] usbserial: USB Serial support registered for GSM modem (1-port)
[    0.934703] usbcore: registered new interface driver pl2303
[    0.934733] usbserial: USB Serial support registered for pl2303
[    0.934769] usbcore: registered new interface driver ti_usb_3410_5052
[    0.934801] usbserial: USB Serial support registered for TI USB 3410 1 port adapter
[    0.934835] usbserial: USB Serial support registered for TI USB 5052 2 port adapter
[    0.934839] ftdi_elan: driver ftdi-elan
[    0.934875] usbcore: registered new interface driver ftdi-elan
[    0.934998] i8042: PNP: PS/2 Controller [PNP0303:KBD,PNP0f13:MOU] at 0x60,0x64 irq 1,12
[    0.938226] serio: i8042 KBD port at 0x60,0x64 irq 1
[    0.938247] serio: i8042 AUX port at 0x60,0x64 irq 12
[    0.938611] mousedev: PS/2 mouse device common for all mice
[    0.939216] ieee80211 phy0: Selected rate control algorithm 'iwl-agn-rs'
[    0.939345] input: PC Speaker as /devices/platform/pcspkr/input/input4
[    0.939750] rtc_cmos 00:02: RTC can wake from S4
[    0.940119] rtc_cmos 00:02: registered as rtc0
[    0.940223] rtc_cmos 00:02: alarms up to one month, y3k, 114 bytes nvram, hpet irqs
[    0.940317] usbcore: registered new interface driver uvcvideo
[    0.940319] USB Video Class driver (1.1.1)
[    0.940320] gspca_main: v2.14.0 registered
[    0.940366] usbcore: registered new interface driver sq930x
[    0.941050] device-mapper: ioctl: 4.40.0-ioctl (2019-01-18) initialised: dm-devel@redhat.com
[    0.941053] Bluetooth: HCI UART driver ver 2.3
[    0.941054] Bluetooth: HCI UART protocol H4 registered
[    0.941055] Bluetooth: HCI UART protocol BCSP registered
[    0.941122] usbcore: registered new interface driver btusb
[    0.941128] intel_pstate: Intel P-state driver initializing
[    0.941531] sdhci: Secure Digital Host Controller Interface driver
[    0.941534] sdhci: Copyright(c) Pierre Ossman
[    0.941631] sdhci-pci 0000:0d:00.0: SDHCI controller found [1180:e823] (rev 4)
[    0.943124] mmc0 bounce up to 128 segments into one, max segment size 65536 bytes
[    0.944271] mmc0: SDHCI controller on PCI [0000:0d:00.0] using DMA
[    0.944776] hidraw: raw HID events driver (C) Jiri Kosina
[    0.945382] input: AT Translated Set 2 keyboard as /devices/platform/i8042/serio0/input/input5
[    0.948186] usbcore: registered new interface driver usbhid
[    0.948191] usbhid: USB HID core driver
[    0.950624] thinkpad_acpi: ThinkPad ACPI Extras v0.26
[    0.950629] thinkpad_acpi: http://ibm-acpi.sf.net/
[    0.950633] thinkpad_acpi: ThinkPad BIOS 8DET74WW (1.44 ), EC unknown
[    0.950637] thinkpad_acpi: Lenovo ThinkPad X220, model 42872WU
[    0.953137] thinkpad_acpi: radio switch found; radios are enabled
[    0.953408] thinkpad_acpi: Tablet mode switch found (type: MHKG), currently in laptop mode
[    0.953425] thinkpad_acpi: This ThinkPad has standard ACPI backlight brightness control, supported by the ACPI video driver
[    0.953425] thinkpad_acpi: Disabling thinkpad-acpi brightness events by default...
[    0.957718] thinkpad_acpi: rfkill switch tpacpi_bluetooth_sw: radio is unblocked
[    0.959085] thinkpad_acpi: warning: userspace override of important firmware LEDs is enabled
[    0.959103] thinkpad_acpi: Standard ACPI backlight interface available, not loading native one
[    0.959105] thinkpad_acpi: volume: disabled as there is no ALSA support in this kernel
[    0.959542] battery: new extension: ThinkPad Battery Extension
[    0.959630] input: ThinkPad Extra Buttons as /devices/platform/thinkpad_acpi/input/input7
[    0.960060] random: fast init done
[    0.962095] usbcore: registered new interface driver snd-usb-audio
[    0.964135] NET: Registered protocol family 17
[    0.964250] Bluetooth: RFCOMM TTY layer initialized
[    0.964282] Bluetooth: RFCOMM socket layer initialized
[    0.964295] Bluetooth: RFCOMM ver 1.11
[    0.964304] Bluetooth: BNEP (Ethernet Emulation) ver 1.3
[    0.964305] Bluetooth: BNEP filters: protocol multicast
[    0.964310] Bluetooth: BNEP socket layer initialized
[    0.964311] Bluetooth: HIDP (Human Interface Emulation) ver 1.2
[    0.964315] Bluetooth: HIDP socket layer initialized
[    0.964477] microcode: sig=0x206a7, pf=0x10, revision=0x2d
[    0.964641] microcode: Microcode Update Driver: v2.2.
[    0.964671] sched_clock: Marking stable (953126888, 11478642)->(973173468, -8567938)
[    0.965167] Loading compiled-in X.509 certificates
[    0.965868] Key type encrypted registered
[    0.966255] rtc_cmos 00:02: setting system clock to 2019-07-09T12:26:37 UTC (1562675197)
[    0.966374] cfg80211: Loading compiled-in X.509 certificates for regulatory database
[    0.967416] cfg80211: Loaded X.509 cert 'sforshee: 00b28ddf47aef9cea7'
[    0.967571] platform regulatory.0: Direct firmware load for regulatory.db failed with error -2
[    0.967586] cfg80211: failed to load regulatory.db
[    1.020395] ata1: SATA link up 1.5 Gbps (SStatus 113 SControl 300)
[    1.022116] ata1.00: ACPI cmd ef/02:00:00:00:00:a0 (SET FEATURES) succeeded
[    1.022125] ata1.00: ACPI cmd f5/00:00:00:00:00:a0 (SECURITY FREEZE LOCK) filtered out
[    1.022131] ata1.00: ACPI cmd ef/10:03:00:00:00:a0 (SET FEATURES) filtered out
[    1.023170] ata1.00: ATA-8: Hitachi HTS545050A7E380, GG2OA7J0, max UDMA/133
[    1.023177] ata1.00: 976773168 sectors, multi 16: LBA48 NCQ (depth 32), AA
[    1.025071] ata1.00: ACPI cmd ef/02:00:00:00:00:a0 (SET FEATURES) succeeded
[    1.025080] ata1.00: ACPI cmd f5/00:00:00:00:00:a0 (SECURITY FREEZE LOCK) filtered out
[    1.025085] ata1.00: ACPI cmd ef/10:03:00:00:00:a0 (SET FEATURES) filtered out
[    1.026234] ata1.00: configured for UDMA/133
[    1.248370] usb 1-1: new high-speed USB device number 2 using ehci-pci
[    1.268371] usb 2-1: new high-speed USB device number 2 using ehci-pci
[    1.276416] snd_hda_intel 0000:00:1b.0: bound 0000:00:02.0 (ops i915_audio_component_bind_ops)
[    1.299068] snd_hda_codec_generic hdaudioC0D0: autoconfig for Generic: line_outs=1 (0x1f/0x0/0x0/0x0/0x0) type:speaker
[    1.299075] snd_hda_codec_generic hdaudioC0D0:    speaker_outs=0 (0x0/0x0/0x0/0x0/0x0)
[    1.299080] snd_hda_codec_generic hdaudioC0D0:    hp_outs=1 (0x19/0x0/0x0/0x0/0x0)
[    1.299084] snd_hda_codec_generic hdaudioC0D0:    mono: mono_out=0x0
[    1.299088] snd_hda_codec_generic hdaudioC0D0:    inputs:
[    1.299095] snd_hda_codec_generic hdaudioC0D0:      Internal Mic=0x23
[    1.299101] snd_hda_codec_generic hdaudioC0D0:      Mic=0x1b
[    1.300028] Console: switching to colour frame buffer device 102x42
[    1.303053] snd_hda_codec_generic hdaudioC0D3: ignore pin 0x7, too many assigned pins
[    1.303056] snd_hda_codec_generic hdaudioC0D3: autoconfig for Generic: line_outs=0 (0x0/0x0/0x0/0x0/0x0) type:line
[    1.303057] snd_hda_codec_generic hdaudioC0D3:    speaker_outs=0 (0x0/0x0/0x0/0x0/0x0)
[    1.303059] snd_hda_codec_generic hdaudioC0D3:    hp_outs=0 (0x0/0x0/0x0/0x0/0x0)
[    1.303060] snd_hda_codec_generic hdaudioC0D3:    mono: mono_out=0x0
[    1.303061] snd_hda_codec_generic hdaudioC0D3:    dig-out=0x5/0x6
[    1.303062] snd_hda_codec_generic hdaudioC0D3:    inputs:
[    1.305135] input: HDA Intel PCH Mic as /devices/pci0000:00/0000:00:1b.0/sound/card0/input9
[    1.305302] input: HDA Intel PCH Headphone as /devices/pci0000:00/0000:00:1b.0/sound/card0/input10
[    1.305470] input: HDA Intel PCH HDMI as /devices/pci0000:00/0000:00:1b.0/sound/card0/input11
[    1.305763] input: HDA Intel PCH HDMI as /devices/pci0000:00/0000:00:1b.0/sound/card0/input12
[    1.405225] usb 1-1: New USB device found, idVendor=8087, idProduct=0024, bcdDevice= 0.00
[    1.405510] i915 0000:00:02.0: fb0: i915drmfb frame buffer device
[    1.407527] usb 1-1: New USB device strings: Mfr=0, Product=0, SerialNumber=0
[    1.448518] hub 1-1:1.0: USB hub found
[    1.448941] scsi 0:0:0:0: Direct-Access     ATA      Hitachi HTS54505 A7J0 PQ: 0 ANSI: 5
[    1.450082] hub 1-1:1.0: 6 ports detected
[    1.451412] sd 0:0:0:0: [sda] 976773168 512-byte logical blocks: (500 GB/466 GiB)
[    1.451463] sd 0:0:0:0: Attached scsi generic sg0 type 0
[    1.454434] sd 0:0:0:0: [sda] 4096-byte physical blocks
[    1.455911] sd 0:0:0:0: [sda] Write Protect is off
[    1.457580] sd 0:0:0:0: [sda] Mode Sense: 00 3a 00 00
[    1.457730] sd 0:0:0:0: [sda] Write cache: enabled, read cache: enabled, doesn't support DPO or FUA
[    1.464986] usb 2-1: New USB device found, idVendor=8087, idProduct=0024, bcdDevice= 0.00
[    1.466086] usb 2-1: New USB device strings: Mfr=0, Product=0, SerialNumber=0
[    1.467546] hub 2-1:1.0: USB hub found
[    1.468995] hub 2-1:1.0: 8 ports detected
[    1.496483]  sda: sda1 sda2 sda3 sda4
[    1.505987] sd 0:0:0:0: [sda] Attached SCSI disk
[    1.512452] tsc: Refined TSC clocksource calibration: 2491.971 MHz
[    1.515417] clocksource: tsc: mask: 0xffffffffffffffff max_cycles: 0x23eb991a7d6, max_idle_ns: 440795333350 ns
[    1.518786] clocksource: Switched to clocksource tsc
[    1.740376] usb 1-1.3: new full-speed USB device number 3 using ehci-pci
[    1.760767] usb 2-1.1: new high-speed USB device number 3 using ehci-pci
[    1.768370] ata2: SATA link down (SStatus 0 SControl 300)
[    1.839662] psmouse serio1: synaptics: queried max coordinates: x [..5472], y [..4448]
[    1.863235] usb 1-1.3: New USB device found, idVendor=147e, idProduct=2016, bcdDevice= 0.02
[    1.866650] usb 1-1.3: New USB device strings: Mfr=1, Product=2, SerialNumber=0
[    1.868599] usb 1-1.3: Product: Biometric Coprocessor
[    1.870462] usb 1-1.3: Manufacturer: UPEK
[    1.874681] usb 2-1.1: New USB device found, idVendor=05e3, idProduct=0608, bcdDevice=77.64
[    1.878324] usb 2-1.1: New USB device strings: Mfr=0, Product=1, SerialNumber=0
[    1.879678] usb 2-1.1: Product: USB2.0 Hub
[    1.881905] hub 2-1.1:1.0: USB hub found
[    1.883701] hub 2-1.1:1.0: 4 ports detected
[    1.927658] psmouse serio1: synaptics: Touchpad model: 1, fw: 8.0, id: 0x1e2b1, caps: 0xd001a3/0x940300/0x120c00/0x0, board id: 1611, fw id: 774180
[    1.930981] psmouse serio1: synaptics: serio: Synaptics pass-through port at isa0060/serio1/input0
[    1.960247] usb 1-1.4: new full-speed USB device number 4 using ehci-pci
[    1.972251] usb 2-1.2: new high-speed USB device number 4 using ehci-pci
[    1.982534] input: SynPS/2 Synaptics TouchPad as /devices/platform/i8042/serio1/input/input8
[    2.079604] usb 1-1.4: New USB device found, idVendor=0a5c, idProduct=217f, bcdDevice= 7.48
[    2.083197] usb 1-1.4: New USB device strings: Mfr=1, Product=2, SerialNumber=3
[    2.085015] usb 1-1.4: Product: Broadcom Bluetooth Device
[    2.086748] usb 1-1.4: Manufacturer: Broadcom Corp
[    2.088557] usb 1-1.4: SerialNumber: 7CE9D3B855AA
[    2.090271] usb 2-1.2: New USB device found, idVendor=1a40, idProduct=0101, bcdDevice= 1.11
[    2.092308] ata3: SATA link up 3.0 Gbps (SStatus 123 SControl 300)
[    2.092722] usb 2-1.2: New USB device strings: Mfr=0, Product=1, SerialNumber=0
[    2.097694] usb 2-1.2: Product: USB 2.0 Hub
[    2.101193] hub 2-1.2:1.0: USB hub found
[    2.103714] hub 2-1.2:1.0: 4 ports detected
[    2.107504] ata3.00: ACPI cmd ef/02:00:00:00:00:a0 (SET FEATURES) succeeded
[    2.107520] ata3.00: ACPI cmd f5/00:00:00:00:00:a0 (SECURITY FREEZE LOCK) filtered out
[    2.110004] ata3.00: ACPI cmd ef/10:03:00:00:00:a0 (SET FEATURES) filtered out
[    2.117191] ata3.00: ATA-8: KINGSTON SMS200S3240G, 60AABBF0, max UDMA/133
[    2.119623] ata3.00: 468862128 sectors, multi 1: LBA48 NCQ (depth 32), AA
[    2.127252] ata3.00: ACPI cmd ef/02:00:00:00:00:a0 (SET FEATURES) succeeded
[    2.127260] ata3.00: ACPI cmd f5/00:00:00:00:00:a0 (SECURITY FREEZE LOCK) filtered out
[    2.128664] ata3.00: ACPI cmd ef/10:03:00:00:00:a0 (SET FEATURES) filtered out
[    2.135013] ata3.00: configured for UDMA/133
[    2.137572] scsi 2:0:0:0: Direct-Access     ATA      KINGSTON SMS200S BBF0 PQ: 0 ANSI: 5
[    2.141464] sd 2:0:0:0: Attached scsi generic sg1 type 0
[    2.141475] sd 2:0:0:0: [sdb] 468862128 512-byte logical blocks: (240 GB/224 GiB)
[    2.147292] sd 2:0:0:0: [sdb] Write Protect is off
[    2.148245] sd 2:0:0:0: [sdb] Mode Sense: 00 3a 00 00
[    2.148503] sd 2:0:0:0: [sdb] Write cache: enabled, read cache: enabled, doesn't support DPO or FUA
[    2.152804]  sdb: sdb2 sdb4
[    2.157943] sd 2:0:0:0: [sdb] Attached SCSI disk
[    2.176383] usb 1-1.6: new high-speed USB device number 5 using ehci-pci
[    2.180307] usb 2-1.1.2: new full-speed USB device number 5 using ehci-pci
[    2.297182] usb 1-1.6: New USB device found, idVendor=04f2, idProduct=b217, bcdDevice= 8.54
[    2.300825] usb 1-1.6: New USB device strings: Mfr=1, Product=2, SerialNumber=0
[    2.303072] usb 1-1.6: Product: Integrated Camera
[    2.305330] usb 1-1.6: Manufacturer: Chicony Electronics Co., Ltd.
[    2.310015] uvcvideo: Found UVC 1.00 device Integrated Camera (04f2:b217)
[    2.314747] usb 2-1.1.2: New USB device found, idVendor=0a12, idProduct=0001, bcdDevice=88.91
[    2.319957] usb 2-1.1.2: New USB device strings: Mfr=0, Product=2, SerialNumber=0
[    2.322593] usb 2-1.1.2: Product: CSR8510 A10
[    2.323628] uvcvideo 1-1.6:1.0: Entity type for entity Extension 3 was not initialized!
[    2.325216] uvcvideo 1-1.6:1.0: Entity type for entity Processing 2 was not initialized!
[    2.327472] uvcvideo 1-1.6:1.0: Entity type for entity Camera 1 was not initialized!
[    2.460312] ata5: SATA link down (SStatus 0 SControl 300)
[    2.500387] PM: Image not found (code -22)
[    2.500431] ALSA device list:
[    2.503752]   #0: HDA Intel PCH at 0xf2520000 irq 22
[    2.512333] usb 2-1.2.1: new low-speed USB device number 6 using ehci-pci
[    2.747295] usb 2-1.2.1: New USB device found, idVendor=06a3, idProduct=053f, bcdDevice= 0.02
[    2.750838] usb 2-1.2.1: New USB device strings: Mfr=1, Product=2, SerialNumber=3
[    2.752833] usb 2-1.2.1: Product: Saitek X36
[    2.754771] usb 2-1.2.1: Manufacturer: Saitek
[    2.756708] usb 2-1.2.1: SerialNumber: 00103464
[    2.764975] psmouse serio2: trackpoint: IBM TrackPoint firmware: 0x0e, buttons: 3/3
[    2.800495] input: Saitek Saitek X36 as /devices/pci0000:00/0000:00:1d.0/usb2/2-1/2-1.2/2-1.2.1/2-1.2.1:1.0/0003:06A3:053F.0001/input/input14
[    2.808011] hid-generic 0003:06A3:053F.0001: input,hidraw0: USB HID v1.00 Joystick [Saitek Saitek X36] on usb-0000:00:1d.0-1.2.1/input0
[    3.008375] usb 2-1.2.2: new low-speed USB device number 7 using ehci-pci
[    3.033119] input: TPPS/2 IBM TrackPoint as /devices/platform/i8042/serio1/serio2/input/input13
[    3.143651] md: Waiting for all devices to be available before autodetect
[    3.147636] md: If you don't use raid, use raid=noautodetect
[    3.152719] md: Autodetecting RAID arrays.
[    3.156561] md: autorun ...
[    3.157537] md: ... autorun DONE.
[    3.164377] EXT4-fs (sdb4): INFO: recovery required on readonly filesystem
[    3.165350] EXT4-fs (sdb4): write access will be enabled during recovery
[    3.246938] usb 2-1.2.2: New USB device found, idVendor=046d, idProduct=c050, bcdDevice=27.20
[    3.249824] usb 2-1.2.2: New USB device strings: Mfr=1, Product=2, SerialNumber=0
[    3.252654] usb 2-1.2.2: Product: USB-PS/2 Optical Mouse
[    3.254194] usb 2-1.2.2: Manufacturer: Logitech
[    3.260984] input: Logitech USB-PS/2 Optical Mouse as /devices/pci0000:00/0000:00:1d.0/usb2/2-1/2-1.2/2-1.2.2/2-1.2.2:1.0/0003:046D:C050.0002/input/input15
[    3.264767] hid-generic 0003:046D:C050.0002: input,hidraw1: USB HID v1.10 Mouse [Logitech USB-PS/2 Optical Mouse] on usb-0000:00:1d.0-1.2.2/input0
[    3.316769] EXT4-fs (sdb4): orphan cleanup on readonly fs
[    3.358428] EXT4-fs (sdb4): 171 orphan inodes deleted
[    3.360766] EXT4-fs (sdb4): recovery complete
[    3.371653] EXT4-fs (sdb4): mounted filesystem with ordered data mode. Opts: (null)
[    3.375014] VFS: Mounted root (ext4 filesystem) readonly on device 8:20.
[    3.376786] devtmpfs: mounted
[    3.379816] Freeing unused kernel image memory: 1088K
[    3.388565] Write protecting the kernel read-only data: 24576k
[    3.390898] Freeing unused kernel image memory: 2012K
[    3.392575] Freeing unused kernel image memory: 864K
[    3.405246] x86/mm: Checked W+X mappings: passed, no W+X pages found.
[    3.406164] rodata_test: all tests were successful
[    3.407064] x86/mm: Checking user space page tables
[    3.415827] x86/mm: Checked W+X mappings: passed, no W+X pages found.
[    3.416761] Run /sbin/init as init process
[    3.464285] usb 2-1.2.3: new low-speed USB device number 8 using ehci-pci
[    3.469500] random: systemd: uninitialized urandom read (16 bytes read)
[    3.471001] systemd[1]: systemd 215 running in system mode. (+PAM +AUDIT +SELINUX +IMA +SYSVINIT +LIBCRYPTSETUP +GCRYPT +ACL +XZ -SECCOMP -APPARMOR)
[    3.492967] systemd[1]: Detected architecture 'x86-64'.
[    3.517651] systemd[1]: Failed to insert module 'ipv6'
[    3.518970] systemd[1]: Set hostname to <duo>.
[    3.533106] random: systemd-sysv-ge: uninitialized urandom read (16 bytes read)
[    3.575618] random: systemd-sysv-ge: uninitialized urandom read (16 bytes read)
[    3.648943] systemd[1]: Binding to IPv6 address not available since kernel does not support IPv6.
[    3.649855] systemd[1]: [/lib/systemd/system/gpsd.socket:6] Failed to parse address value, ignoring: [::1]:2947
[    3.653839] systemd[1]: Starting Forward Password Requests to Wall Directory Watch.
[    3.654956] systemd[1]: Started Forward Password Requests to Wall Directory Watch.
[    3.655858] systemd[1]: Starting Remote File Systems (Pre).
[    3.658876] systemd[1]: Reached target Remote File Systems (Pre).
[    3.700014] usb 2-1.2.3: New USB device found, idVendor=04f2, idProduct=0111, bcdDevice= 1.02
[    3.700017] usb 2-1.2.3: New USB device strings: Mfr=1, Product=2, SerialNumber=0
[    3.700020] usb 2-1.2.3: Product: USB Keyboard
[    3.700022] usb 2-1.2.3: Manufacturer: Chicony
[    3.705674] input: Chicony USB Keyboard as /devices/pci0000:00/0000:00:1d.0/usb2/2-1/2-1.2/2-1.2.3/2-1.2.3:1.0/0003:04F2:0111.0003/input/input16
[    3.769403] hid-generic 0003:04F2:0111.0003: input,hidraw2: USB HID v1.10 Keyboard [Chicony USB Keyboard] on usb-0000:00:1d.0-1.2.3/input0
[    3.777309] input: Chicony USB Keyboard System Control as /devices/pci0000:00/0000:00:1d.0/usb2/2-1/2-1.2/2-1.2.3/2-1.2.3:1.1/0003:04F2:0111.0004/input/input17
[    3.836688] input: Chicony USB Keyboard Consumer Control as /devices/pci0000:00/0000:00:1d.0/usb2/2-1/2-1.2/2-1.2.3/2-1.2.3:1.1/0003:04F2:0111.0004/input/input18
[    3.840452] hid-generic 0003:04F2:0111.0004: input,hiddev96,hidraw3: USB HID v1.10 Device [Chicony USB Keyboard] on usb-0000:00:1d.0-1.2.3/input1
[    3.869646] systemd-udevd[2611]: starting version 215
[    4.068645] e1000e 0000:00:19.0 eth2: renamed from eth0
[    4.088598] systemd-udevd[2695]: renamed network interface eth0 to eth2
[    4.097352] iwlwifi 0000:03:00.0 wlan1: renamed from wlan0
[    4.120542] systemd-udevd[2693]: renamed network interface wlan0 to wlan1
[    4.128476] Bluetooth: hci0: urb (____ptrval____) failed to resubmit (2)
[    5.076029] random: crng init done
[    5.079444] random: 7 urandom warning(s) missed due to ratelimiting
[    5.101194] EXT4-fs (sdb4): re-mounted. Opts: errors=remount-ro
[    5.226197] Adding 1681428k swap on /dev/sda1.  Priority:-2 extents:1 across:1681428k 
[   16.523648] EXT4-fs (sda2): mounted filesystem with ordered data mode. Opts: errors=remount-ro
[   16.584942] EXT4-fs (sdb2): mounted filesystem with ordered data mode. Opts: errors=remount-ro
[   16.640514] systemd-journald[1984]: Received request to flush runtime journal from PID 1
[   17.389905] device-mapper: table: 251:0: thin-pool: unknown target type
[   17.389908] device-mapper: ioctl: error adding target to table
[   18.711874] iwlwifi 0000:03:00.0: Radio type=0x0-0x0-0x3
[   18.787093] iwlwifi 0000:03:00.0: Radio type=0x0-0x0-0x3
[   20.346392] e1000e: eth2 NIC Link is Up 100 Mbps Full Duplex, Flow Control: Rx/Tx
[   20.346402] e1000e 0000:00:19.0 eth2: 10/100 speed: disabling TSO
