[    0.000000] Linux version 4.18.0-rc5-next-20180718+ (pavel@amd) (gcc version 4.9.2 (Debian 4.9.2-10+deb8u1)) #138 SMP Wed Jul 18 13:43:28 CEST 2018
[    0.000000] Disabled fast string operations
[    0.000000] x86/fpu: x87 FPU will use FXSAVE
[    0.000000] BIOS-provided physical RAM map:
[    0.000000] BIOS-e820: [mem 0x0000000000000000-0x000000000009efff] usable
[    0.000000] BIOS-e820: [mem 0x000000000009f000-0x000000000009ffff] reserved
[    0.000000] BIOS-e820: [mem 0x00000000000dc000-0x00000000000fffff] reserved
[    0.000000] BIOS-e820: [mem 0x0000000000100000-0x00000000bf6cffff] usable
[    0.000000] BIOS-e820: [mem 0x00000000bf6d0000-0x00000000bf6defff] ACPI data
[    0.000000] BIOS-e820: [mem 0x00000000bf6df000-0x00000000bf6fffff] ACPI NVS
[    0.000000] BIOS-e820: [mem 0x00000000bf700000-0x00000000bfffffff] reserved
[    0.000000] BIOS-e820: [mem 0x00000000f0000000-0x00000000f3ffffff] reserved
[    0.000000] BIOS-e820: [mem 0x00000000fec00000-0x00000000fec0ffff] reserved
[    0.000000] BIOS-e820: [mem 0x00000000fed00000-0x00000000fed003ff] reserved
[    0.000000] BIOS-e820: [mem 0x00000000fed14000-0x00000000fed19fff] reserved
[    0.000000] BIOS-e820: [mem 0x00000000fed1c000-0x00000000fed8ffff] reserved
[    0.000000] BIOS-e820: [mem 0x00000000fee00000-0x00000000fee00fff] reserved
[    0.000000] BIOS-e820: [mem 0x00000000ff800000-0x00000000ffffffff] reserved
[    0.000000] NX (Execute Disable) protection: active
[    0.000000] SMBIOS 2.4 present.
[    0.000000] DMI: LENOVO 17097HU/17097HU, BIOS 7BETD8WW (2.19 ) 03/31/2011
[    0.000000] e820: update [mem 0x00000000-0x00000fff] usable ==> reserved
[    0.000000] e820: remove [mem 0x000a0000-0x000fffff] usable
[    0.000000] last_pfn = 0xbf6d0 max_arch_pfn = 0x1000000
[    0.000000] MTRR default type: uncachable
[    0.000000] MTRR fixed ranges enabled:
[    0.000000]   00000-9FFFF write-back
[    0.000000]   A0000-BFFFF uncachable
[    0.000000]   C0000-CFFFF write-protect
[    0.000000]   D0000-DBFFF uncachable
[    0.000000]   DC000-DFFFF write-back
[    0.000000]   E0000-FFFFF write-protect
[    0.000000] MTRR variable ranges enabled:
[    0.000000]   0 base 000000000 mask F80000000 write-back
[    0.000000]   1 base 080000000 mask FC0000000 write-back
[    0.000000]   2 base 0BF700000 mask FFFF00000 uncachable
[    0.000000]   3 base 0BF800000 mask FFF800000 uncachable
[    0.000000]   4 disabled
[    0.000000]   5 disabled
[    0.000000]   6 disabled
[    0.000000]   7 disabled
[    0.000000] x86/PAT: PAT not supported by CPU.
[    0.000000] x86/PAT: Configuration [0-7]: WB  WT  UC- UC  WB  WT  UC- UC  
[    0.000000] initial memory mapped: [mem 0x00000000-0x05dfffff]
[    0.000000] Base memory trampoline at [(ptrval)] 9b000 size 16384
[    0.000000] BRK [0x05845000, 0x05845fff] PGTABLE
[    0.000000] BRK [0x05846000, 0x05846fff] PGTABLE
[    0.000000] ACPI: Early table checksum verification disabled
[    0.000000] ACPI: RSDP 0x00000000000F67C0 000024 (v02 LENOVO)
[    0.000000] ACPI: XSDT 0x00000000BF6D191C 000084 (v01 LENOVO TP-7B    00002190  LTP 00000000)
[    0.000000] ACPI: FACP 0x00000000BF6D1A00 0000F4 (v03 LENOVO TP-7B    00002190 LNVO 00000001)
[    0.000000] ACPI BIOS Warning (bug): 32/64X length mismatch in FADT/Gpe0Block: 64/32 (20180629/tbfadt-569)
[    0.000000] ACPI BIOS Warning (bug): Optional FADT field Gpe1Block has valid Address but zero Length: 0x000000000000102C/0x0 (20180629/tbfadt-624)
[    0.000000] ACPI: DSDT 0x00000000BF6D1D90 00CFB9 (v01 LENOVO TP-7B    00002190 MSFT 0100000E)
[    0.000000] ACPI: FACS 0x00000000BF6F4000 000040
[    0.000000] ACPI: FACS 0x00000000BF6F4000 000040
[    0.000000] ACPI: SSDT 0x00000000BF6D1BB4 0001DC (v01 LENOVO TP-7B    00002190 MSFT 0100000E)
[    0.000000] ACPI: ECDT 0x00000000BF6DED49 000052 (v01 LENOVO TP-7B    00002190 LNVO 00000001)
[    0.000000] ACPI: TCPA 0x00000000BF6DED9B 000032 (v02 LENOVO TP-7B    00002190 LNVO 00000001)
[    0.000000] ACPI: APIC 0x00000000BF6DEDCD 000068 (v01 LENOVO TP-7B    00002190 LNVO 00000001)
[    0.000000] ACPI: MCFG 0x00000000BF6DEE35 00003C (v01 LENOVO TP-7B    00002190 LNVO 00000001)
[    0.000000] ACPI: HPET 0x00000000BF6DEE71 000038 (v01 LENOVO TP-7B    00002190 LNVO 00000001)
[    0.000000] ACPI: BOOT 0x00000000BF6DEFD8 000028 (v01 LENOVO TP-7B    00002190  LTP 00000001)
[    0.000000] ACPI: SSDT 0x00000000BF6F2645 00025F (v01 LENOVO TP-7B    00002190 INTL 20050513)
[    0.000000] ACPI: SSDT 0x00000000BF6F28A4 0000A6 (v01 LENOVO TP-7B    00002190 INTL 20050513)
[    0.000000] ACPI: SSDT 0x00000000BF6F294A 0004F7 (v01 LENOVO TP-7B    00002190 INTL 20050513)
[    0.000000] ACPI: SSDT 0x00000000BF6F2E41 0001D8 (v01 LENOVO TP-7B    00002190 INTL 20050513)
[    0.000000] ACPI: Local APIC address 0xfee00000
[    0.000000] 2176MB HIGHMEM available.
[    0.000000] 885MB LOWMEM available.
[    0.000000]   mapped low ram: 0 - 375fe000
[    0.000000]   low ram: 0 - 375fe000
[    0.000000] tsc: Fast TSC calibration using PIT
[    0.000000] BRK [0x05847000, 0x05847fff] PGTABLE
[    0.000000] Zone ranges:
[    0.000000]   DMA      [mem 0x0000000000001000-0x0000000000ffffff]
[    0.000000]   Normal   [mem 0x0000000001000000-0x00000000375fdfff]
[    0.000000]   HighMem  [mem 0x00000000375fe000-0x00000000bf6cffff]
[    0.000000] Movable zone start for each node
[    0.000000] Early memory node ranges
[    0.000000]   node   0: [mem 0x0000000000001000-0x000000000009efff]
[    0.000000]   node   0: [mem 0x0000000000100000-0x00000000bf6cffff]
[    0.000000] Initmem setup node 0 [mem 0x0000000000001000-0x00000000bf6cffff]
[    0.000000] On node 0 totalpages: 783982
[    0.000000]   DMA zone: 32 pages used for memmap
[    0.000000]   DMA zone: 0 pages reserved
[    0.000000]   DMA zone: 3998 pages, LIFO batch:0
[    0.000000]   Normal zone: 1740 pages used for memmap
[    0.000000]   Normal zone: 222718 pages, LIFO batch:63
[    0.000000]   HighMem zone: 557266 pages, LIFO batch:63
[    0.000000] Using APIC driver default
[    0.000000] Reserving Intel graphics memory at [mem 0xbf800000-0xbfffffff]
[    0.000000] ACPI: PM-Timer IO Port: 0x1008
[    0.000000] ACPI: Local APIC address 0xfee00000
[    0.000000] ACPI: LAPIC_NMI (acpi_id[0x00] high edge lint[0x1])
[    0.000000] ACPI: LAPIC_NMI (acpi_id[0x01] high edge lint[0x1])
[    0.000000] IOAPIC[0]: apic_id 1, version 32, address 0xfec00000, GSI 0-23
[    0.000000] ACPI: INT_SRC_OVR (bus 0 bus_irq 0 global_irq 2 dfl dfl)
[    0.000000] ACPI: INT_SRC_OVR (bus 0 bus_irq 9 global_irq 9 high level)
[    0.000000] ACPI: IRQ0 used by override.
[    0.000000] ACPI: IRQ9 used by override.
[    0.000000] Using ACPI (MADT) for SMP configuration information
[    0.000000] ACPI: HPET id: 0x8086a201 base: 0xfed00000
[    0.000000] smpboot: Allowing 2 CPUs, 0 hotplug CPUs
[    0.000000] PM: Registered nosave memory: [mem 0x00000000-0x00000fff]
[    0.000000] PM: Registered nosave memory: [mem 0x0009f000-0x0009ffff]
[    0.000000] PM: Registered nosave memory: [mem 0x000a0000-0x000dbfff]
[    0.000000] PM: Registered nosave memory: [mem 0x000dc000-0x000fffff]
[    0.000000] [mem 0xc0000000-0xefffffff] available for PCI devices
[    0.000000] clocksource: refined-jiffies: mask: 0xffffffff max_cycles: 0xffffffff, max_idle_ns: 7645519600211568 ns
[    0.000000] random: get_random_bytes called from start_kernel+0x74/0x34c with crng_init=0
[    0.000000] setup_percpu: NR_CPUS:8 nr_cpumask_bits:8 nr_cpu_ids:2 nr_node_ids:1
[    0.000000] percpu: Embedded 29 pages/cpu @(ptrval) s86696 r0 d32088 u118784
[    0.000000] pcpu-alloc: s86696 r0 d32088 u118784 alloc=29*4096
[    0.000000] pcpu-alloc: [0] 0 [0] 1 
[    0.000000] Built 1 zonelists, mobility grouping on.  Total pages: 782210
[    0.000000] Kernel command line: BOOT_IMAGE=(hd0,2)/fast/l/linux-next-32/arch/x86/boot/bzImage root=/dev/sda4 resume=/dev/sda1
[    0.000000] Dentry cache hash table entries: 131072 (order: 7, 524288 bytes)
[    0.000000] Inode-cache hash table entries: 65536 (order: 6, 262144 bytes)
[    0.000000] Initializing CPU#0
[    0.000000] Initializing HighMem for node 0 (000375fe:000bf6d0)
[    0.000000] Initializing Movable for node 0 (00000000:00000000)
[    0.000000] Memory: 3085456K/3135928K available (12217K kernel code, 712K rwdata, 4760K rodata, 608K init, 6148K bss, 50472K reserved, 0K cma-reserved, 2229064K highmem)
[    0.000000] virtual kernel memory layout:
    fixmap  : 0xffe70000 - 0xfffff000   (1596 kB)
  cpu_entry : 0xffa00000 - 0xffb39000   (1252 kB)
    pkmap   : 0xff600000 - 0xff800000   (2048 kB)
    vmalloc : 0xf7dfe000 - 0xff5fe000   ( 120 MB)
    lowmem  : 0xc0000000 - 0xf75fe000   ( 885 MB)
      .init : 0xc5170000 - 0xc5208000   ( 608 kB)
      .data : 0xc4bee61c - 0xc514e0c0   (5502 kB)
      .text : 0xc4000000 - 0xc4bee61c   (12217 kB)
[    0.000000] Checking if this processor honours the WP bit even in supervisor mode...Ok.
[    0.000000] Kernel/User page tables isolation: enabled

[    0.000000] ************************************************************
[    0.000000] ** WARNING! WARNING! WARNING! WARNING! WARNING! WARNING!  **
[    0.000000] **                                                        **
[    0.000000] ** You are using 32-bit PTI on a 64-bit PCID-capable CPU. **
[    0.000000] ** Your performance will increase dramatically if you     **
[    0.000000] ** switch to a 64-bit kernel!                             **
[    0.000000] **                                                        **
[    0.000000] ** WARNING! WARNING! WARNING! WARNING! WARNING! WARNING!  **
[    0.000000] ************************************************************
[    0.000000] rcu: Hierarchical RCU implementation.
[    0.000000] rcu: 	RCU restricting CPUs from NR_CPUS=8 to nr_cpu_ids=2.
[    0.000000] rcu: Adjusting geometry for rcu_fanout_leaf=16, nr_cpu_ids=2
[    0.000000] NR_IRQS: 2304, nr_irqs: 56, preallocated irqs: 16
[    0.000000] CPU 0 irqstacks, hard=(ptrval) soft=(ptrval)
[    0.000000] Console: colour VGA+ 80x25
[    0.000000] console [tty0] enabled
[    0.000000] Lock dependency validator: Copyright (c) 2006 Red Hat, Inc., Ingo Molnar
[    0.000000] ... MAX_LOCKDEP_SUBCLASSES:  8
[    0.000000] ... MAX_LOCK_DEPTH:          48
[    0.000000] ... MAX_LOCKDEP_KEYS:        8191
[    0.000000] ... CLASSHASH_SIZE:          4096
[    0.000000] ... MAX_LOCKDEP_ENTRIES:     32768
[    0.000000] ... MAX_LOCKDEP_CHAINS:      65536
[    0.000000] ... CHAINHASH_SIZE:          32768
[    0.000000]  memory used by lock dependency info: 4383 kB
[    0.000000]  per task-struct memory footprint: 1344 bytes
[    0.000000] ACPI: Core revision 20180629
[    0.000000] clocksource: hpet: mask: 0xffffffff max_cycles: 0xffffffff, max_idle_ns: 133484882848 ns
[    0.000000] hpet clockevent registered
[    0.000000] APIC: Switch to symmetric I/O mode setup
[    0.000000] Enabling APIC mode:  Flat.  Using 1 I/O APICs
[    0.000000] ..TIMER: vector=0x30 apic1=0 pin1=2 apic2=-1 pin2=-1
[    0.020000] tsc: Fast TSC calibration using PIT
[    0.024000] tsc: Detected 1828.823 MHz processor
[    0.024000] clocksource: tsc-early: mask: 0xffffffffffffffff max_cycles: 0x1a5c859d4c7, max_idle_ns: 440795258546 ns
[    0.024000] Calibrating delay loop (skipped), value calculated using timer frequency.. 3657.64 BogoMIPS (lpj=7315292)
[    0.024000] pid_max: default: 32768 minimum: 301
[    0.024000] Mount-cache hash table entries: 2048 (order: 1, 8192 bytes)
[    0.024000] Mountpoint-cache hash table entries: 2048 (order: 1, 8192 bytes)
[    0.024000] Disabled fast string operations
[    0.024000] CPU: Physical Processor ID: 0
[    0.024000] CPU: Processor Core ID: 0
[    0.024000] process: using mwait in idle threads
[    0.024000] Last level iTLB entries: 4KB 128, 2MB 0, 4MB 2
[    0.024000] Last level dTLB entries: 4KB 128, 2MB 0, 4MB 8, 1GB 0
[    0.024000] Spectre V2 : Mitigation: Full generic retpoline
[    0.024000] Freeing SMP alternatives memory: 44K
[    0.032000] smpboot: CPU0: Genuine Intel(R) CPU           T2400  @ 1.83GHz (family: 0x6, model: 0xe, stepping: 0x8)
[    0.032000] Performance Events: Core events, core PMU driver.
[    0.032000] ... version:                1
[    0.032000] ... bit width:              40
[    0.032000] ... generic registers:      2
[    0.032000] ... value mask:             000000ffffffffff
[    0.032000] ... max period:             000000007fffffff
[    0.032000] ... fixed-purpose events:   0
[    0.032000] ... event mask:             0000000000000003
[    0.032000] rcu: Hierarchical SRCU implementation.
[    0.032000] NMI watchdog: Enabled. Permanently consumes one hw-PMU counter.
[    0.032170] smp: Bringing up secondary CPUs ...
[    0.033128] CPU 1 irqstacks, hard=(ptrval) soft=(ptrval)
[    0.033132] x86: Booting SMP configuration:
[    0.033215] .... node  #0, CPUs:      #1
[    0.004000] Initializing CPU#1
[    0.004000] Disabled fast string operations
[    0.035672] TSC synchronization [CPU#0 -> CPU#1]:
[    0.035985] Measured 580305 cycles TSC warp between CPUs, turning off TSC clock.
[    0.036000] tsc: Marking TSC unstable due to check_tsc_sync_source failed
[    0.036175] smp: Brought up 1 node, 2 CPUs
[    0.036175] smpboot: Max logical packages: 1
[    0.036175] smpboot: Total of 2 processors activated (7315.29 BogoMIPS)
[    0.037874] devtmpfs: initialized
[    0.037874] PM: Registering ACPI NVS region [mem 0xbf6df000-0xbf6fffff] (135168 bytes)
[    0.040203] clocksource: jiffies: mask: 0xffffffff max_cycles: 0xffffffff, max_idle_ns: 7645041785100000 ns
[    0.040216] futex hash table entries: 512 (order: 3, 32768 bytes)
[    0.041179] NET: Registered protocol family 16
[    0.043552] cpuidle: using governor ladder
[    0.043717] cpuidle: using governor menu
[    0.044138] Simple Boot Flag at 0x35 set to 0x1
[    0.044250] ACPI FADT declares the system doesn't support PCIe ASPM, so disable it
[    0.044250] ACPI: bus type PCI registered
[    0.044456] PCI: MMCONFIG for domain 0000 [bus 00-3f] at [mem 0xf0000000-0xf3ffffff] (base 0xf0000000)
[    0.044577] PCI: MMCONFIG at [mem 0xf0000000-0xf3ffffff] reserved in E820
[    0.044665] PCI: Using MMCONFIG for extended config space
[    0.044747] PCI: Using configuration type 1 for base access
[    0.045226] mtrr: your CPUs had inconsistent variable MTRR settings
[    0.045313] mtrr: probably your BIOS does not setup all CPUs.
[    0.045396] mtrr: corrected configuration.
[    0.110155] ACPI: Added _OSI(Module Device)
[    0.110241] ACPI: Added _OSI(Processor Device)
[    0.110320] ACPI: Added _OSI(3.0 _SCP Extensions)
[    0.110401] ACPI: Added _OSI(Processor Aggregator Device)
[    0.110487] ACPI: Added _OSI(Linux-Dell-Video)
[    0.110588] ACPI: EC: EC started
[    0.110661] ACPI: EC: interrupt blocked
[    0.110788] ACPI: \: Used as first EC
[    0.110865] ACPI: \: GPE=0x1c, EC_CMD/EC_SC=0x66, EC_DATA=0x62
[    0.110951] ACPI: \: Used as boot ECDT EC to handle transactions
[    0.177157] ACPI: 6 ACPI AML tables successfully acquired and loaded
[    0.210978] ACPI: Dynamic OEM Table Load:
[    0.211076] ACPI: SSDT 0x00000000F52ACC00 000240 (v01 PmRef  Cpu0Ist  00000100 INTL 20050513)
[    0.212714] ACPI: Dynamic OEM Table Load:
[    0.212809] ACPI: SSDT 0x00000000F51EB800 00065A (v01 PmRef  Cpu0Cst  00000100 INTL 20050513)
[    0.216752] ACPI: Dynamic OEM Table Load:
[    0.216850] ACPI: SSDT 0x00000000F50E1800 0000C8 (v01 PmRef  Cpu1Ist  00000100 INTL 20050513)
[    0.217819] ACPI: Dynamic OEM Table Load:
[    0.217912] ACPI: SSDT 0x00000000F528CA80 000085 (v01 PmRef  Cpu1Cst  00000100 INTL 20050513)
[    0.218422] ACPI: Interpreter enabled
[    0.218422] ACPI: (supports S0 S3 S4 S5)
[    0.218422] ACPI: Using IOAPIC for interrupt routing
[    0.220200] PCI: Using host bridge windows from ACPI; if necessary, use "pci=nocrs" and report a bug
[    0.221270] ACPI: Enabled 4 GPEs in block 00 to 1F
[    0.244770] ACPI: Power Resource [PUBS] (on)
[    0.245945] acpi PNP0C0A:01: ACPI dock station (docks/bays count: 1)
[    0.253782] acpi LNXIOBAY:00: ACPI dock station (docks/bays count: 2)
[    0.268374] acpi IBM0079:00: ACPI dock station (docks/bays count: 3)
[    0.270803] ACPI: PCI Interrupt Link [LNKA] (IRQs 3 4 5 6 7 9 10 *11)
[    0.271669] ACPI: PCI Interrupt Link [LNKB] (IRQs 3 4 5 6 7 9 10 *11)
[    0.272544] ACPI: PCI Interrupt Link [LNKC] (IRQs 3 4 5 6 7 9 10 *11)
[    0.273408] ACPI: PCI Interrupt Link [LNKD] (IRQs 3 4 5 6 7 9 10 *11)
[    0.274271] ACPI: PCI Interrupt Link [LNKE] (IRQs 3 4 5 6 7 9 10 *11)
[    0.275135] ACPI: PCI Interrupt Link [LNKF] (IRQs 3 4 5 6 7 9 10 *11)
[    0.276008] ACPI: PCI Interrupt Link [LNKG] (IRQs 3 4 5 6 7 9 10 *11)
[    0.276872] ACPI: PCI Interrupt Link [LNKH] (IRQs 3 4 5 6 7 9 10 *11)
[    0.277441] ACPI: PCI Root Bridge [PCI0] (domain 0000 [bus 00-ff])
[    0.277541] acpi PNP0A08:00: _OSC: OS supports [ExtendedConfig ASPM ClockPM Segments]
[    0.278586] acpi PNP0A08:00: _OSC: not requesting OS control; OS requires [ExtendedConfig ASPM ClockPM MSI]
[    0.278722] acpi PNP0A08:00: [Firmware Info]: MMCONFIG for domain 0000 [bus 00-3f] only partially covers this bridge
[    0.279095] PCI host bridge to bus 0000:00
[    0.279177] pci_bus 0000:00: root bus resource [io  0x0000-0x0cf7 window]
[    0.279270] pci_bus 0000:00: root bus resource [io  0x0d00-0xffff window]
[    0.279363] pci_bus 0000:00: root bus resource [mem 0x000a0000-0x000bffff window]
[    0.279459] pci_bus 0000:00: root bus resource [mem 0x000d0000-0x000d3fff window]
[    0.279556] pci_bus 0000:00: root bus resource [mem 0x000d4000-0x000d7fff window]
[    0.279652] pci_bus 0000:00: root bus resource [mem 0x000d8000-0x000dbfff window]
[    0.279749] pci_bus 0000:00: root bus resource [mem 0xc0000000-0xfebfffff window]
[    0.279846] pci_bus 0000:00: root bus resource [mem 0xfed40000-0xfed40fff window]
[    0.279943] pci_bus 0000:00: root bus resource [bus 00-ff]
[    0.280043] pci 0000:00:00.0: [8086:27a0] type 00 class 0x060000
[    0.280506] pci 0000:00:02.0: [8086:27a2] type 00 class 0x030000
[    0.280528] pci 0000:00:02.0: reg 0x10: [mem 0xee100000-0xee17ffff]
[    0.280539] pci 0000:00:02.0: reg 0x14: [io  0x1800-0x1807]
[    0.280551] pci 0000:00:02.0: reg 0x18: [mem 0xd0000000-0xdfffffff pref]
[    0.280562] pci 0000:00:02.0: reg 0x1c: [mem 0xee200000-0xee23ffff]
[    0.281025] pci 0000:00:02.1: [8086:27a6] type 00 class 0x038000
[    0.281045] pci 0000:00:02.1: reg 0x10: [mem 0xee180000-0xee1fffff]
[    0.281539] pci 0000:00:1b.0: [8086:27d8] type 00 class 0x040300
[    0.281585] pci 0000:00:1b.0: reg 0x10: [mem 0xee240000-0xee243fff 64bit]
[    0.281758] pci 0000:00:1b.0: PME# supported from D0 D3hot D3cold
[    0.282224] pci 0000:00:1c.0: [8086:27d0] type 01 class 0x060400
[    0.282404] pci 0000:00:1c.0: PME# supported from D0 D3hot D3cold
[    0.282845] pci 0000:00:1c.1: [8086:27d2] type 01 class 0x060400
[    0.283025] pci 0000:00:1c.1: PME# supported from D0 D3hot D3cold
[    0.283479] pci 0000:00:1c.2: [8086:27d4] type 01 class 0x060400
[    0.283656] pci 0000:00:1c.2: PME# supported from D0 D3hot D3cold
[    0.284157] pci 0000:00:1c.3: [8086:27d6] type 01 class 0x060400
[    0.284335] pci 0000:00:1c.3: PME# supported from D0 D3hot D3cold
[    0.284786] pci 0000:00:1d.0: [8086:27c8] type 00 class 0x0c0300
[    0.284865] pci 0000:00:1d.0: reg 0x20: [io  0x1820-0x183f]
[    0.285322] pci 0000:00:1d.1: [8086:27c9] type 00 class 0x0c0300
[    0.285401] pci 0000:00:1d.1: reg 0x20: [io  0x1840-0x185f]
[    0.285856] pci 0000:00:1d.2: [8086:27ca] type 00 class 0x0c0300
[    0.285935] pci 0000:00:1d.2: reg 0x20: [io  0x1860-0x187f]
[    0.286389] pci 0000:00:1d.3: [8086:27cb] type 00 class 0x0c0300
[    0.286467] pci 0000:00:1d.3: reg 0x20: [io  0x1880-0x189f]
[    0.286919] pci 0000:00:1d.7: [8086:27cc] type 00 class 0x0c0320
[    0.286955] pci 0000:00:1d.7: reg 0x10: [mem 0xee444000-0xee4443ff]
[    0.287097] pci 0000:00:1d.7: PME# supported from D0 D3hot D3cold
[    0.287512] pci 0000:00:1e.0: [8086:2448] type 01 class 0x060401
[    0.288054] pci 0000:00:1f.0: [8086:27b9] type 00 class 0x060100
[    0.288213] pci 0000:00:1f.0: quirk: [io  0x1000-0x107f] claimed by ICH6 ACPI/GPIO/TCO
[    0.288319] pci 0000:00:1f.0: quirk: [io  0x1180-0x11bf] claimed by ICH6 GPIO
[    0.288416] pci 0000:00:1f.0: ICH7 LPC Generic IO decode 1 PIO at 1600 (mask 007f)
[    0.288514] pci 0000:00:1f.0: ICH7 LPC Generic IO decode 2 PIO at 15e0 (mask 000f)
[    0.288613] pci 0000:00:1f.0: ICH7 LPC Generic IO decode 3 PIO at 1680 (mask 001f)
[    0.289143] pci 0000:00:1f.1: [8086:27df] type 00 class 0x01018a
[    0.289173] pci 0000:00:1f.1: reg 0x10: [io  0x0000-0x0007]
[    0.289190] pci 0000:00:1f.1: reg 0x14: [io  0x0000-0x0003]
[    0.289207] pci 0000:00:1f.1: reg 0x18: [io  0x0000-0x0007]
[    0.289223] pci 0000:00:1f.1: reg 0x1c: [io  0x0000-0x0003]
[    0.289240] pci 0000:00:1f.1: reg 0x20: [io  0x1810-0x181f]
[    0.289274] pci 0000:00:1f.1: legacy IDE quirk: reg 0x10: [io  0x01f0-0x01f7]
[    0.289368] pci 0000:00:1f.1: legacy IDE quirk: reg 0x14: [io  0x03f6]
[    0.289459] pci 0000:00:1f.1: legacy IDE quirk: reg 0x18: [io  0x0170-0x0177]
[    0.289553] pci 0000:00:1f.1: legacy IDE quirk: reg 0x1c: [io  0x0376]
[    0.290055] pci 0000:00:1f.2: [8086:27c5] type 00 class 0x010601
[    0.290091] pci 0000:00:1f.2: reg 0x10: [io  0x18d0-0x18d7]
[    0.290107] pci 0000:00:1f.2: reg 0x14: [io  0x18c4-0x18c7]
[    0.290124] pci 0000:00:1f.2: reg 0x18: [io  0x18c8-0x18cf]
[    0.290140] pci 0000:00:1f.2: reg 0x1c: [io  0x18c0-0x18c3]
[    0.290156] pci 0000:00:1f.2: reg 0x20: [io  0x18b0-0x18bf]
[    0.290173] pci 0000:00:1f.2: reg 0x24: [mem 0xee444400-0xee4447ff]
[    0.290257] pci 0000:00:1f.2: PME# supported from D3hot
[    0.290677] pci 0000:00:1f.3: [8086:27da] type 00 class 0x0c0500
[    0.290775] pci 0000:00:1f.3: reg 0x20: [io  0x18e0-0x18ff]
[    0.291463] pci 0000:02:00.0: [8086:109a] type 00 class 0x020000
[    0.291528] pci 0000:02:00.0: reg 0x10: [mem 0xee000000-0xee01ffff]
[    0.291577] pci 0000:02:00.0: reg 0x18: [io  0x2000-0x201f]
[    0.291831] pci 0000:02:00.0: PME# supported from D0 D3hot D3cold
[    0.292220] pci 0000:00:1c.0: PCI bridge to [bus 02]
[    0.292307] pci 0000:00:1c.0:   bridge window [io  0x2000-0x2fff]
[    0.292315] pci 0000:00:1c.0:   bridge window [mem 0xee000000-0xee0fffff]
[    0.292583] pci 0000:03:00.0: [8086:4227] type 00 class 0x028000
[    0.292692] pci 0000:03:00.0: reg 0x10: [mem 0xedf00000-0xedf00fff]
[    0.293197] pci 0000:03:00.0: PME# supported from D0 D3hot D3cold
[    0.293624] pci 0000:00:1c.1: PCI bridge to [bus 03]
[    0.293711] pci 0000:00:1c.1:   bridge window [io  0x3000-0x4fff]
[    0.293719] pci 0000:00:1c.1:   bridge window [mem 0xec000000-0xedffffff]
[    0.293730] pci 0000:00:1c.1:   bridge window [mem 0xe4000000-0xe40fffff 64bit pref]
[    0.293879] pci 0000:00:1c.2: PCI bridge to [bus 04-0b]
[    0.293969] pci 0000:00:1c.2:   bridge window [io  0x5000-0x6fff]
[    0.293977] pci 0000:00:1c.2:   bridge window [mem 0xe8000000-0xe9ffffff]
[    0.293988] pci 0000:00:1c.2:   bridge window [mem 0xe4100000-0xe41fffff 64bit pref]
[    0.294139] pci 0000:00:1c.3: PCI bridge to [bus 0c-13]
[    0.294229] pci 0000:00:1c.3:   bridge window [io  0x7000-0x8fff]
[    0.294237] pci 0000:00:1c.3:   bridge window [mem 0xea000000-0xebffffff]
[    0.294249] pci 0000:00:1c.3:   bridge window [mem 0xe4200000-0xe42fffff 64bit pref]
[    0.294293] pci_bus 0000:15: extended config space not accessible
[    0.294497] pci 0000:15:00.0: [1180:0476] type 02 class 0x060700
[    0.294529] pci 0000:15:00.0: reg 0x10: [mem 0xe4300000-0xe4300fff]
[    0.294602] pci 0000:15:00.0: supports D1 D2
[    0.294606] pci 0000:15:00.0: PME# supported from D0 D1 D2 D3hot D3cold
[    0.294871] pci 0000:15:00.1: [1180:0552] type 00 class 0x0c0010
[    0.294901] pci 0000:15:00.1: reg 0x10: [mem 0xe4301000-0xe43017ff]
[    0.295048] pci 0000:15:00.1: PME# supported from D0 D3hot D3cold
[    0.295260] pci 0000:15:00.2: [1180:0822] type 00 class 0x080500
[    0.295290] pci 0000:15:00.2: reg 0x10: [mem 0xe4301800-0xe43018ff]
[    0.295438] pci 0000:15:00.2: supports D1 D2
[    0.295442] pci 0000:15:00.2: PME# supported from D0 D1 D2 D3hot D3cold
[    0.295720] pci 0000:00:1e.0: PCI bridge to [bus 15-18] (subtractive decode)
[    0.295818] pci 0000:00:1e.0:   bridge window [io  0x9000-0xcfff]
[    0.295826] pci 0000:00:1e.0:   bridge window [mem 0xe4300000-0xe7ffffff]
[    0.295837] pci 0000:00:1e.0:   bridge window [mem 0xe0000000-0xe3ffffff 64bit pref]
[    0.295843] pci 0000:00:1e.0:   bridge window [io  0x0000-0x0cf7 window] (subtractive decode)
[    0.295848] pci 0000:00:1e.0:   bridge window [io  0x0d00-0xffff window] (subtractive decode)
[    0.295853] pci 0000:00:1e.0:   bridge window [mem 0x000a0000-0x000bffff window] (subtractive decode)
[    0.295857] pci 0000:00:1e.0:   bridge window [mem 0x000d0000-0x000d3fff window] (subtractive decode)
[    0.295862] pci 0000:00:1e.0:   bridge window [mem 0x000d4000-0x000d7fff window] (subtractive decode)
[    0.295867] pci 0000:00:1e.0:   bridge window [mem 0x000d8000-0x000dbfff window] (subtractive decode)
[    0.295872] pci 0000:00:1e.0:   bridge window [mem 0xc0000000-0xfebfffff window] (subtractive decode)
[    0.295878] pci 0000:00:1e.0:   bridge window [mem 0xfed40000-0xfed40fff window] (subtractive decode)
[    0.295923] pci_bus 0000:16: extended config space not accessible
[    0.296101] pci_bus 0000:16: busn_res: [bus 16-18] end is updated to 17
[    0.296157] pci_bus 0000:00: on NUMA node 0
[    0.302366] ACPI: EC: interrupt unblocked
[    0.302482] ACPI: EC: event unblocked
[    0.302590] ACPI: \_SB_.PCI0.LPC_.EC__: GPE=0x1c, EC_CMD/EC_SC=0x66, EC_DATA=0x62
[    0.302689] ACPI: \_SB_.PCI0.LPC_.EC__: Used as boot DSDT EC to handle transactions and events
[    0.303501] pci 0000:00:02.0: vgaarb: setting as boot VGA device
[    0.303594] pci 0000:00:02.0: vgaarb: VGA device added: decodes=io+mem,owns=io+mem,locks=none
[    0.303731] pci 0000:00:02.0: vgaarb: bridge control possible
[    0.303814] vgaarb: loaded
[    0.304469] SCSI subsystem initialized
[    0.304808] libata version 3.00 loaded.
[    0.305025] ACPI: bus type USB registered
[    0.305233] usbcore: registered new interface driver usbfs
[    0.305384] usbcore: registered new interface driver hub
[    0.305531] usbcore: registered new device driver usb
[    0.305745] media: Linux media interface: v0.10
[    0.305873] videodev: Linux video capture interface: v2.00
[    0.306036] pps_core: LinuxPPS API ver. 1 registered
[    0.306117] pps_core: Software ver. 5.3.6 - Copyright 2005-2007 Rodolfo Giometti <giometti@linux.it>
[    0.306271] PTP clock support registered
[    0.306837] EDAC MC: Ver: 3.0.0
[    0.307369] Advanced Linux Sound Architecture Driver Initialized.
[    0.308047] PCI: Using ACPI for IRQ routing
[    0.311117] PCI: pci_cache_line_size set to 64 bytes
[    0.311447] e820: reserve RAM buffer [mem 0x0009f000-0x0009ffff]
[    0.311454] e820: reserve RAM buffer [mem 0xbf6d0000-0xbfffffff]
[    0.312150] Bluetooth: Core ver 2.22
[    0.312291] NET: Registered protocol family 31
[    0.312368] Bluetooth: HCI device and connection manager initialized
[    0.312468] Bluetooth: HCI socket layer initialized
[    0.312551] Bluetooth: L2CAP socket layer initialized
[    0.312672] Bluetooth: SCO socket layer initialized
[    0.313263] clocksource: Switched to clocksource hpet
[    0.313725] pnp: PnP ACPI init
[    0.315741] system 00:00: [mem 0x00000000-0x0009ffff] could not be reserved
[    0.315845] system 00:00: [mem 0x000c0000-0x000c3fff] could not be reserved
[    0.315944] system 00:00: [mem 0x000c4000-0x000c7fff] could not be reserved
[    0.316084] system 00:00: [mem 0x000c8000-0x000cbfff] has been reserved
[    0.316179] system 00:00: [mem 0x000cc000-0x000cffff] has been reserved
[    0.316277] system 00:00: [mem 0x000dc000-0x000dffff] could not be reserved
[    0.316375] system 00:00: [mem 0x000e0000-0x000e3fff] could not be reserved
[    0.316474] system 00:00: [mem 0x000e4000-0x000e7fff] could not be reserved
[    0.316574] system 00:00: [mem 0x000e8000-0x000ebfff] could not be reserved
[    0.316672] system 00:00: [mem 0x000ec000-0x000effff] could not be reserved
[    0.316773] system 00:00: [mem 0x000f0000-0x000fffff] could not be reserved
[    0.316872] system 00:00: [mem 0x00100000-0xbfffffff] could not be reserved
[    0.316970] system 00:00: [mem 0xfec00000-0xfed3ffff] could not be reserved
[    0.317067] system 00:00: [mem 0xfed41000-0xffffffff] could not be reserved
[    0.317231] system 00:00: Plug and Play ACPI device, IDs PNP0c01 (active)
[    0.317776] system 00:01: [io  0x164e-0x164f] has been reserved
[    0.317870] system 00:01: [io  0x1000-0x107f] has been reserved
[    0.317960] system 00:01: [io  0x1180-0x11bf] has been reserved
[    0.318050] system 00:01: [io  0x0800-0x080f] has been reserved
[    0.318141] system 00:01: [io  0x15e0-0x15ef] has been reserved
[    0.318233] system 00:01: [io  0x1600-0x165f] could not be reserved
[    0.318326] system 00:01: [mem 0xf0000000-0xf3ffffff] has been reserved
[    0.318420] system 00:01: [mem 0xfed1c000-0xfed1ffff] has been reserved
[    0.318514] system 00:01: [mem 0xfed14000-0xfed17fff] has been reserved
[    0.318608] system 00:01: [mem 0xfed18000-0xfed18fff] has been reserved
[    0.318702] system 00:01: [mem 0xfed19000-0xfed19fff] has been reserved
[    0.318830] system 00:01: Plug and Play ACPI device, IDs PNP0c02 (active)
[    0.319151] pnp 00:02: Plug and Play ACPI device, IDs PNP0b00 (active)
[    0.319292] pnp 00:03: Plug and Play ACPI device, IDs PNP0303 (active)
[    0.319433] pnp 00:04: Plug and Play ACPI device, IDs IBM3780 PNP0f13 (active)
[    0.320232] pnp 00:05: [dma 3]
[    0.320461] pnp 00:05: Plug and Play ACPI device, IDs IBM0071 PNP0511 (active)
[    0.320700] pnp 00:06: Plug and Play ACPI device, IDs ATM1200 PNP0c31 (active)
[    0.323106] pnp: PnP ACPI: found 7 devices
[    0.369738] clocksource: acpi_pm: mask: 0xffffff max_cycles: 0xffffff, max_idle_ns: 2085701024 ns
[    0.369887] pci 0000:00:1c.0: bridge window [mem 0x00100000-0x000fffff 64bit pref] to [bus 02] add_size 200000 add_align 100000
[    0.369972] pci 0000:00:1c.0: BAR 9: assigned [mem 0xc0000000-0xc01fffff 64bit pref]
[    0.370072] pci 0000:00:1c.0: PCI bridge to [bus 02]
[    0.370154] pci 0000:00:1c.0:   bridge window [io  0x2000-0x2fff]
[    0.370246] pci 0000:00:1c.0:   bridge window [mem 0xee000000-0xee0fffff]
[    0.370338] pci 0000:00:1c.0:   bridge window [mem 0xc0000000-0xc01fffff 64bit pref]
[    0.370440] pci 0000:00:1c.1: PCI bridge to [bus 03]
[    0.370522] pci 0000:00:1c.1:   bridge window [io  0x3000-0x4fff]
[    0.370613] pci 0000:00:1c.1:   bridge window [mem 0xec000000-0xedffffff]
[    0.370705] pci 0000:00:1c.1:   bridge window [mem 0xe4000000-0xe40fffff 64bit pref]
[    0.370807] pci 0000:00:1c.2: PCI bridge to [bus 04-0b]
[    0.370890] pci 0000:00:1c.2:   bridge window [io  0x5000-0x6fff]
[    0.370981] pci 0000:00:1c.2:   bridge window [mem 0xe8000000-0xe9ffffff]
[    0.371074] pci 0000:00:1c.2:   bridge window [mem 0xe4100000-0xe41fffff 64bit pref]
[    0.371176] pci 0000:00:1c.3: PCI bridge to [bus 0c-13]
[    0.371260] pci 0000:00:1c.3:   bridge window [io  0x7000-0x8fff]
[    0.371351] pci 0000:00:1c.3:   bridge window [mem 0xea000000-0xebffffff]
[    0.371443] pci 0000:00:1c.3:   bridge window [mem 0xe4200000-0xe42fffff 64bit pref]
[    0.371555] pci 0000:15:00.0: BAR 9: assigned [mem 0xe0000000-0xe3ffffff pref]
[    0.371652] pci 0000:15:00.0: BAR 10: assigned [mem 0xc4000000-0xc7ffffff]
[    0.371742] pci 0000:15:00.0: BAR 7: assigned [io  0x9000-0x90ff]
[    0.371829] pci 0000:15:00.0: BAR 8: assigned [io  0x9400-0x94ff]
[    0.371923] pci 0000:15:00.0: CardBus bridge to [bus 16-17]
[    0.372023] pci 0000:15:00.0:   bridge window [io  0x9000-0x90ff]
[    0.372113] pci 0000:15:00.0:   bridge window [io  0x9400-0x94ff]
[    0.372202] pci 0000:15:00.0:   bridge window [mem 0xe0000000-0xe3ffffff pref]
[    0.372297] pci 0000:15:00.0:   bridge window [mem 0xc4000000-0xc7ffffff]
[    0.372390] pci 0000:00:1e.0: PCI bridge to [bus 15-18]
[    0.372474] pci 0000:00:1e.0:   bridge window [io  0x9000-0xcfff]
[    0.372564] pci 0000:00:1e.0:   bridge window [mem 0xe4300000-0xe7ffffff]
[    0.372657] pci 0000:00:1e.0:   bridge window [mem 0xe0000000-0xe3ffffff 64bit pref]
[    0.372759] pci_bus 0000:00: resource 4 [io  0x0000-0x0cf7 window]
[    0.372763] pci_bus 0000:00: resource 5 [io  0x0d00-0xffff window]
[    0.372767] pci_bus 0000:00: resource 6 [mem 0x000a0000-0x000bffff window]
[    0.372772] pci_bus 0000:00: resource 7 [mem 0x000d0000-0x000d3fff window]
[    0.372776] pci_bus 0000:00: resource 8 [mem 0x000d4000-0x000d7fff window]
[    0.372780] pci_bus 0000:00: resource 9 [mem 0x000d8000-0x000dbfff window]
[    0.372784] pci_bus 0000:00: resource 10 [mem 0xc0000000-0xfebfffff window]
[    0.372788] pci_bus 0000:00: resource 11 [mem 0xfed40000-0xfed40fff window]
[    0.372792] pci_bus 0000:02: resource 0 [io  0x2000-0x2fff]
[    0.372796] pci_bus 0000:02: resource 1 [mem 0xee000000-0xee0fffff]
[    0.372800] pci_bus 0000:02: resource 2 [mem 0xc0000000-0xc01fffff 64bit pref]
[    0.372805] pci_bus 0000:03: resource 0 [io  0x3000-0x4fff]
[    0.372809] pci_bus 0000:03: resource 1 [mem 0xec000000-0xedffffff]
[    0.372813] pci_bus 0000:03: resource 2 [mem 0xe4000000-0xe40fffff 64bit pref]
[    0.372818] pci_bus 0000:04: resource 0 [io  0x5000-0x6fff]
[    0.372822] pci_bus 0000:04: resource 1 [mem 0xe8000000-0xe9ffffff]
[    0.372826] pci_bus 0000:04: resource 2 [mem 0xe4100000-0xe41fffff 64bit pref]
[    0.372830] pci_bus 0000:0c: resource 0 [io  0x7000-0x8fff]
[    0.372834] pci_bus 0000:0c: resource 1 [mem 0xea000000-0xebffffff]
[    0.372838] pci_bus 0000:0c: resource 2 [mem 0xe4200000-0xe42fffff 64bit pref]
[    0.372843] pci_bus 0000:15: resource 0 [io  0x9000-0xcfff]
[    0.372847] pci_bus 0000:15: resource 1 [mem 0xe4300000-0xe7ffffff]
[    0.372851] pci_bus 0000:15: resource 2 [mem 0xe0000000-0xe3ffffff 64bit pref]
[    0.372855] pci_bus 0000:15: resource 4 [io  0x0000-0x0cf7 window]
[    0.372859] pci_bus 0000:15: resource 5 [io  0x0d00-0xffff window]
[    0.372863] pci_bus 0000:15: resource 6 [mem 0x000a0000-0x000bffff window]
[    0.372867] pci_bus 0000:15: resource 7 [mem 0x000d0000-0x000d3fff window]
[    0.372871] pci_bus 0000:15: resource 8 [mem 0x000d4000-0x000d7fff window]
[    0.372875] pci_bus 0000:15: resource 9 [mem 0x000d8000-0x000dbfff window]
[    0.372879] pci_bus 0000:15: resource 10 [mem 0xc0000000-0xfebfffff window]
[    0.372883] pci_bus 0000:15: resource 11 [mem 0xfed40000-0xfed40fff window]
[    0.372887] pci_bus 0000:16: resource 0 [io  0x9000-0x90ff]
[    0.372891] pci_bus 0000:16: resource 1 [io  0x9400-0x94ff]
[    0.372896] pci_bus 0000:16: resource 2 [mem 0xe0000000-0xe3ffffff pref]
[    0.372900] pci_bus 0000:16: resource 3 [mem 0xc4000000-0xc7ffffff]
[    0.373372] NET: Registered protocol family 2
[    0.374161] tcp_listen_portaddr_hash hash table entries: 512 (order: 2, 20480 bytes)
[    0.374308] TCP established hash table entries: 8192 (order: 3, 32768 bytes)
[    0.374465] TCP bind hash table entries: 8192 (order: 6, 294912 bytes)
[    0.375815] TCP: Hash tables configured (established 8192 bind 8192)
[    0.376296] UDP hash table entries: 512 (order: 3, 40960 bytes)
[    0.376461] UDP-Lite hash table entries: 512 (order: 3, 40960 bytes)
[    0.376770] NET: Registered protocol family 1
[    0.377457] RPC: Registered named UNIX socket transport module.
[    0.377545] RPC: Registered udp transport module.
[    0.377626] RPC: Registered tcp transport module.
[    0.377706] RPC: Registered tcp NFSv4.1 backchannel transport module.
[    0.378342] pci 0000:00:02.0: Video device with shadowed ROM at [mem 0x000c0000-0x000dffff]
[    0.382619] PCI: CLS mismatch (64 != 32), using 64 bytes
[    0.385372] Initialise system trusted keyrings
[    0.386221] workingset: timestamp_bits=31 max_order=20 bucket_order=0
[    0.388282] Installing knfsd (copyright (C) 1996 okir@monad.swb.de).
[    0.388808] ntfs: driver 2.1.32 [Flags: R/W].
[    0.389115] fuse init (API version 7.27)
[    0.389799] pstore: using deflate compression
[    0.393390] Key type asymmetric registered
[    0.393478] Asymmetric key parser 'x509' registered
[    0.393693] bounce: pool size: 64 pages
[    0.393847] Block layer SCSI generic (bsg) driver version 0.4 loaded (major 249)
[    0.393953] io scheduler noop registered
[    0.394028] io scheduler deadline registered
[    0.394147] io scheduler cfq registered (default)
[    0.394226] io scheduler mq-deadline registered
[    0.394335] io scheduler bfq registered
[    0.396958] intel_idle: does not run on family 6 model 14
[    0.397414] ACPI: Deprecated procfs I/F for AC is loaded, please retry with CONFIG_ACPI_PROCFS_POWER cleared
[    0.397696] ACPI: AC Adapter [AC] (on-line)
[    0.398109] input: Lid Switch as /devices/LNXSYSTM:00/LNXSYBUS:00/PNP0C0D:00/input/input0
[    0.398379] ACPI: Lid Switch [LID]
[    0.398674] input: Sleep Button as /devices/LNXSYSTM:00/LNXSYBUS:00/PNP0C0E:00/input/input1
[    0.398846] ACPI: Sleep Button [SLPB]
[    0.399161] input: Power Button as /devices/LNXSYSTM:00/LNXPWRBN:00/input/input2
[    0.399313] ACPI: Power Button [PWRF]
[    0.399843] ACPI: Video Device [VID] (multi-head: yes  rom: no  post: no)
[    0.407565] acpi device:01: registered as cooling_device0
[    0.408057] input: Video Bus as /devices/LNXSYSTM:00/LNXSYBUS:00/PNP0A08:00/LNXVIDEO:00/input/input3
[    0.425652] thermal LNXTHERM:00: registered as thermal_zone0
[    0.425742] ACPI: Thermal Zone [THM0] (68 C)
[    0.429787] thermal LNXTHERM:01: registered as thermal_zone1
[    0.429875] ACPI: Thermal Zone [THM1] (69 C)
[    0.430410] Serial: 8250/16550 driver, 4 ports, IRQ sharing disabled
[    0.431227] serial8250: ttyS1 at I/O 0x2f8 (irq = 3, base_baud = 921600) is a NS16550A
[    0.433556] lp: driver loaded but no devices found
[    0.433806] Non-volatile memory driver v1.3
[    0.434383] intel_rng: FWH not detected
[    0.434582] Linux agpgart interface v0.103
[    0.435385] [drm] radeon kernel modesetting enabled.
[    0.436626] pci 0000:00:00.0: Intel 945GM Chipset
[    0.436744] pci 0000:00:00.0: detected gtt size: 262144K total, 262144K mappable
[    0.437412] pci 0000:00:00.0: detected 8192K stolen memory
[    0.437712] [drm] Replacing VGA console driver
[    0.438808] Console: switching to colour dummy device 80x25
[    0.440530] [drm] Supports vblank timestamp caching Rev 2 (21.10.2013).
[    0.440568] [drm] Driver supports precise vblank timestamp query.
[    0.440613] resource sanity check: requesting [mem 0x000c0000-0x000dffff], which spans more than pnp 00:00 [mem 0x000c8000-0x000cbfff]
[    0.440685] caller pci_map_rom+0x67/0x1d0 mapping multiple BARs
[    0.444714] i915 0000:00:02.0: vgaarb: changed VGA decodes: olddecodes=io+mem,decodes=io+mem:owns=io+mem
[    0.464627] ACPI: Deprecated procfs I/F for battery is loaded, please retry with CONFIG_ACPI_PROCFS_POWER cleared
[    0.464705] ACPI: Battery Slot [BAT0] (battery present)
[    0.500077] random: fast init done
[    0.523019] [drm] RC6 disabled, disabling runtime PM support
[    0.523295] [drm] initialized overlay support
[    0.524927] [drm] Initialized i915 1.6.0 20180712 for 0000:00:02.0 on minor 0
[    0.526046] usbcore: registered new interface driver udl
[    0.539122] loop: module loaded
[    0.550419] fbcon: inteldrmfb (fb0) is primary device
[    0.562804] ahci 0000:00:1f.2: version 3.0
[    0.563581] ahci 0000:00:1f.2: AHCI 0001.0100 32 slots 4 ports 1.5 Gbps 0x1 impl SATA mode
[    0.563586] ahci 0000:00:1f.2: flags: 64bit ncq pm led clo pio slum part 
[    0.566155] scsi host0: ahci
[    0.566736] scsi host1: ahci
[    0.567234] scsi host2: ahci
[    0.567751] scsi host3: ahci
[    0.567981] ata1: SATA max UDMA/133 abar m1024@0xee444400 port 0xee444500 irq 16
[    0.567984] ata2: DUMMY
[    0.567986] ata3: DUMMY
[    0.567987] ata4: DUMMY
[    0.568238] ata_piix 0000:00:1f.1: version 2.13
[    0.571204] scsi host4: ata_piix
[    0.572059] scsi host5: ata_piix
[    0.572275] ata5: PATA max UDMA/100 cmd 0x1f0 ctl 0x3f6 bmdma 0x1810 irq 14
[    0.572278] ata6: PATA max UDMA/100 cmd 0x170 ctl 0x376 bmdma 0x1818 irq 15
[    0.573274] tun: Universal TUN/TAP device driver, 1.6
[    0.573401] ata6: port disabled--ignoring
[    0.573877] e1000: Intel(R) PRO/1000 Network Driver - version 7.3.21-k8-NAPI
[    0.573879] e1000: Copyright (c) 1999-2006 Intel Corporation.
[    0.573957] e1000e: Intel(R) PRO/1000 Network Driver - 3.2.6-k
[    0.573958] e1000e: Copyright(c) 1999 - 2015 Intel Corporation.
[    0.574076] e1000e 0000:02:00.0: Disabling ASPM  L1
[    0.574079] e1000e 0000:02:00.0: can't disable ASPM; OS doesn't have ASPM control
[    0.574525] e1000e 0000:02:00.0: Interrupt Throttling Rate (ints/sec) set to dynamic conservative mode
[    0.700898] e1000e 0000:02:00.0 eth0: (PCI Express:2.5GT/s:Width x1) 00:16:d3:25:19:04
[    0.700902] e1000e 0000:02:00.0 eth0: Intel(R) PRO/1000 Network Connection
[    0.700980] e1000e 0000:02:00.0 eth0: MAC: 2, PHY: 2, PBA No: 005302-003
[    0.701248] PPP generic driver version 2.4.2
[    0.701528] PPP BSD Compression module registered
[    0.701531] PPP Deflate Compression module registered
[    0.701534] SLIP: version 0.8.4-NET3.019-NEWTTY (dynamic channels, max=256).
[    0.701535] CSLIP: code copyright 1989 Regents of the University of California.
[    0.701634] iwl3945: Intel(R) PRO/Wireless 3945ABG/BG Network Connection driver for Linux, in-tree:ds
[    0.701635] iwl3945: Copyright(c) 2003-2011 Intel Corporation
[    0.701637] iwl3945: hw_scan is disabled
[    0.701853] iwl3945 0000:03:00.0: can't disable ASPM; OS doesn't have ASPM control
[    0.756671] iwl3945 0000:03:00.0: Tunable channels: 11 802.11bg, 13 802.11a channels
[    0.756674] iwl3945 0000:03:00.0: Detected Intel Wireless WiFi Link 3945ABG
[    0.757600] ieee80211 phy0: Selected rate control algorithm 'iwl-3945-rs'
[    0.758557] Intel(R) Wireless WiFi driver for Linux
[    0.758559] Copyright(c) 2003- 2015 Intel Corporation
[    0.758810] usbcore: registered new interface driver ax88179_178a
[    0.758858] usbcore: registered new interface driver cdc_ether
[    0.758907] usbcore: registered new interface driver net1080
[    0.758951] usbcore: registered new interface driver cdc_subset
[    0.758994] usbcore: registered new interface driver zaurus
[    0.759050] usbcore: registered new interface driver cdc_ncm
[    0.759136] pci 0000:00:1e.0: enabling device (0005 -> 0007)
[    0.759378] yenta_cardbus 0000:15:00.0: CardBus bridge found [17aa:201c]
[    0.884107] ata1: SATA link up 1.5 Gbps (SStatus 113 SControl 300)
[    0.995000] ata1.00: ACPI cmd ef/02:00:00:00:00:a0 (SET FEATURES) succeeded
[    0.995005] ata1.00: ACPI cmd f5/00:00:00:00:00:a0 (SECURITY FREEZE LOCK) filtered out
[    0.995009] ata1.00: ACPI cmd ef/10:03:00:00:00:a0 (SET FEATURES) filtered out
[    1.039070] ata1.00: ATA-9: ST1000LM014-1EJ164, SM11, max UDMA/133
[    1.039074] ata1.00: 1953525168 sectors, multi 16: LBA48 NCQ (depth 32), AA
[    1.083707] ata1.00: ACPI cmd ef/02:00:00:00:00:a0 (SET FEATURES) succeeded
[    1.083711] ata1.00: ACPI cmd f5/00:00:00:00:00:a0 (SECURITY FREEZE LOCK) filtered out
[    1.083716] ata1.00: ACPI cmd ef/10:03:00:00:00:a0 (SET FEATURES) filtered out
[    1.127832] ata1.00: configured for UDMA/133
[    1.271355] Console: switching to colour frame buffer device 102x42
[    1.397945] i915 0000:00:02.0: fb0: inteldrmfb frame buffer device
[    1.401073] scsi 0:0:0:0: Direct-Access     ATA      ST1000LM014-1EJ1 SM11 PQ: 0 ANSI: 5
[    1.404891] sd 0:0:0:0: [sda] 1953525168 512-byte logical blocks: (1.00 TB/932 GiB)
[    1.404929] sd 0:0:0:0: Attached scsi generic sg0 type 0
[    1.407464] sd 0:0:0:0: [sda] 4096-byte physical blocks
[    1.412615] sd 0:0:0:0: [sda] Write Protect is off
[    1.415094] sd 0:0:0:0: [sda] Mode Sense: 00 3a 00 00
[    1.415250] sd 0:0:0:0: [sda] Write cache: enabled, read cache: enabled, doesn't support DPO or FUA
[    1.419898]  sda: sda1 sda2 sda3 sda4
[    1.425384] sd 0:0:0:0: [sda] Attached SCSI disk
[    1.564882] yenta_cardbus 0000:15:00.0: ISA IRQ mask 0x0cb8, PCI irq 16
[    1.567474] yenta_cardbus 0000:15:00.0: Socket status: 30000006
[    1.570058] yenta_cardbus 0000:15:00.0: pcmcia: parent PCI bridge window: [io  0x9000-0xcfff]
[    1.572627] yenta_cardbus 0000:15:00.0: pcmcia: parent PCI bridge window: [mem 0xe4300000-0xe7ffffff]
[    1.575112] pcmcia_socket pcmcia_socket0: cs: memory probe 0xe4300000-0xe7ffffff:
[    1.577646]  excluding 0xe4300000-0xe46cffff
[    1.580181] yenta_cardbus 0000:15:00.0: pcmcia: parent PCI bridge window: [mem 0xe0000000-0xe3ffffff 64bit pref]
[    1.582810] pcmcia_socket pcmcia_socket0: cs: memory probe 0xe0000000-0xe3ffffff:
[    1.585518]  excluding 0xe0000000-0xe3ffffff
[    1.589188] ehci_hcd: USB 2.0 'Enhanced' Host Controller (EHCI) Driver
[    1.591848] ehci-pci: EHCI PCI platform driver
[    1.595022] ehci-pci 0000:00:1d.7: EHCI Host Controller
[    1.598007] ehci-pci 0000:00:1d.7: new USB bus registered, assigned bus number 1
[    1.600847] ehci-pci 0000:00:1d.7: debug port 1
[    1.607568] ehci-pci 0000:00:1d.7: cache line size of 64 is not supported
[    1.607619] ehci-pci 0000:00:1d.7: irq 19, io mem 0xee444000
[    1.624141] ehci-pci 0000:00:1d.7: USB 2.0 started, EHCI 1.00
[    1.627559] usb usb1: New USB device found, idVendor=1d6b, idProduct=0002, bcdDevice= 4.18
[    1.630532] usb usb1: New USB device strings: Mfr=3, Product=2, SerialNumber=1
[    1.633455] usb usb1: Product: EHCI Host Controller
[    1.636319] usb usb1: Manufacturer: Linux 4.18.0-rc5-next-20180718+ ehci_hcd
[    1.639182] usb usb1: SerialNumber: 0000:00:1d.7
[    1.642758] hub 1-0:1.0: USB hub found
[    1.646004] hub 1-0:1.0: 8 ports detected
[    1.650763] ohci_hcd: USB 1.1 'Open' Host Controller (OHCI) Driver
[    1.653560] ohci-pci: OHCI PCI platform driver
[    1.656358] uhci_hcd: USB Universal Host Controller Interface driver
[    1.659622] uhci_hcd 0000:00:1d.0: UHCI Host Controller
[    1.662647] uhci_hcd 0000:00:1d.0: new USB bus registered, assigned bus number 2
[    1.665468] uhci_hcd 0000:00:1d.0: detected 2 ports
[    1.668203] uhci_hcd 0000:00:1d.0: irq 16, io base 0x00001820
[    1.671336] usb usb2: New USB device found, idVendor=1d6b, idProduct=0001, bcdDevice= 4.18
[    1.674101] usb usb2: New USB device strings: Mfr=3, Product=2, SerialNumber=1
[    1.676882] usb usb2: Product: UHCI Host Controller
[    1.679606] usb usb2: Manufacturer: Linux 4.18.0-rc5-next-20180718+ uhci_hcd
[    1.682358] usb usb2: SerialNumber: 0000:00:1d.0
[    1.685612] hub 2-0:1.0: USB hub found
[    1.688380] hub 2-0:1.0: 2 ports detected
[    1.692099] uhci_hcd 0000:00:1d.1: UHCI Host Controller
[    1.694966] uhci_hcd 0000:00:1d.1: new USB bus registered, assigned bus number 3
[    1.697640] uhci_hcd 0000:00:1d.1: detected 2 ports
[    1.700292] uhci_hcd 0000:00:1d.1: irq 17, io base 0x00001840
[    1.703281] usb usb3: New USB device found, idVendor=1d6b, idProduct=0001, bcdDevice= 4.18
[    1.705930] usb usb3: New USB device strings: Mfr=3, Product=2, SerialNumber=1
[    1.708500] usb usb3: Product: UHCI Host Controller
[    1.710921] usb usb3: Manufacturer: Linux 4.18.0-rc5-next-20180718+ uhci_hcd
[    1.713369] usb usb3: SerialNumber: 0000:00:1d.1
[    1.716390] hub 3-0:1.0: USB hub found
[    1.718834] hub 3-0:1.0: 2 ports detected
[    1.722384] uhci_hcd 0000:00:1d.2: UHCI Host Controller
[    1.725020] uhci_hcd 0000:00:1d.2: new USB bus registered, assigned bus number 4
[    1.727414] uhci_hcd 0000:00:1d.2: detected 2 ports
[    1.729847] uhci_hcd 0000:00:1d.2: irq 18, io base 0x00001860
[    1.732679] usb usb4: New USB device found, idVendor=1d6b, idProduct=0001, bcdDevice= 4.18
[    1.735104] usb usb4: New USB device strings: Mfr=3, Product=2, SerialNumber=1
[    1.737533] usb usb4: Product: UHCI Host Controller
[    1.739883] usb usb4: Manufacturer: Linux 4.18.0-rc5-next-20180718+ uhci_hcd
[    1.742317] usb usb4: SerialNumber: 0000:00:1d.2
[    1.745308] hub 4-0:1.0: USB hub found
[    1.747741] hub 4-0:1.0: 2 ports detected
[    1.751251] uhci_hcd 0000:00:1d.3: UHCI Host Controller
[    1.753921] uhci_hcd 0000:00:1d.3: new USB bus registered, assigned bus number 5
[    1.756341] uhci_hcd 0000:00:1d.3: detected 2 ports
[    1.758707] uhci_hcd 0000:00:1d.3: irq 19, io base 0x00001880
[    1.761471] usb usb5: New USB device found, idVendor=1d6b, idProduct=0001, bcdDevice= 4.18
[    1.763876] usb usb5: New USB device strings: Mfr=3, Product=2, SerialNumber=1
[    1.766289] usb usb5: Product: UHCI Host Controller
[    1.768705] usb usb5: Manufacturer: Linux 4.18.0-rc5-next-20180718+ uhci_hcd
[    1.771083] usb usb5: SerialNumber: 0000:00:1d.3
[    1.774038] hub 5-0:1.0: USB hub found
[    1.776467] hub 5-0:1.0: 2 ports detected
[    1.779684] usbcore: registered new interface driver cdc_acm
[    1.781963] cdc_acm: USB Abstract Control Model driver for USB modems and ISDN adapters
[    1.784392] usbcore: registered new interface driver usblp
[    1.786843] usbcore: registered new interface driver usb-storage
[    1.789241] usbcore: registered new interface driver ums-sddr09
[    1.791666] usbcore: registered new interface driver usbserial_generic
[    1.794025] usbserial: USB Serial support registered for generic
[    1.796388] usbcore: registered new interface driver ch341
[    1.798679] usbserial: USB Serial support registered for ch341-uart
[    1.801009] usbcore: registered new interface driver ftdi_sio
[    1.803295] usbserial: USB Serial support registered for FTDI USB Serial Device
[    1.805713] usbcore: registered new interface driver option
[    1.808053] usbserial: USB Serial support registered for GSM modem (1-port)
[    1.810529] usbcore: registered new interface driver pl2303
[    1.812953] usbserial: USB Serial support registered for pl2303
[    1.815401] usbcore: registered new interface driver ti_usb_3410_5052
[    1.817858] usbserial: USB Serial support registered for TI USB 3410 1 port adapter
[    1.820376] usbserial: USB Serial support registered for TI USB 5052 2 port adapter
[    1.822805] ftdi_elan: driver ftdi-elan
[    1.825281] usbcore: registered new interface driver ftdi-elan
[    1.827850] i8042: PNP: PS/2 Controller [PNP0303:KBD,PNP0f13:MOU] at 0x60,0x64 irq 1,12
[    1.840321] serio: i8042 KBD port at 0x60,0x64 irq 1
[    1.842779] serio: i8042 AUX port at 0x60,0x64 irq 12
[    1.845982] mousedev: PS/2 mouse device common for all mice
[    1.849570] input: PC Speaker as /devices/platform/pcspkr/input/input4
[    1.852778] rtc_cmos 00:02: RTC can wake from S4
[    1.855717] rtc_cmos 00:02: registered as rtc0
[    1.858326] rtc_cmos 00:02: alarms up to one month, y3k, 114 bytes nvram, hpet irqs
[    1.861030] usbcore: registered new interface driver uvcvideo
[    1.863521] USB Video Class driver (1.1.1)
[    1.865961] gspca_main: v2.14.0 registered
[    1.868432] usbcore: registered new interface driver sq930x
[    1.871917] device-mapper: ioctl: 4.39.0-ioctl (2018-04-03) initialised: dm-devel@redhat.com
[    1.874462] Bluetooth: HCI UART driver ver 2.3
[    1.876977] Bluetooth: HCI UART protocol H4 registered
[    1.879438] Bluetooth: HCI UART protocol BCSP registered
[    1.882035] usbcore: registered new interface driver btusb
[    1.884652] sdhci: Secure Digital Host Controller Interface driver
[    1.887105] sdhci: Copyright(c) Pierre Ossman
[    1.889572] sdhci-pci 0000:15:00.2: SDHCI controller found [1180:0822] (rev 18)
[    1.892449] sdhci-pci 0000:15:00.2: Will use DMA mode even though HW doesn't fully claim to support it.
[    1.895564] mmc0 bounce up to 128 segments into one, max segment size 65536 bytes
[    1.898283] sdhci-pci 0000:15:00.2: Will use DMA mode even though HW doesn't fully claim to support it.
[    1.901625] mmc0: SDHCI controller on PCI [0000:15:00.2] using DMA
[    1.904221] input: AT Translated Set 2 keyboard as /devices/platform/i8042/serio0/input/input5
[    1.904625] hidraw: raw HID events driver (C) Jiri Kosina
[    1.911539] usbcore: registered new interface driver usbhid
[    1.914376] usbhid: USB HID core driver
[    1.917394] sdhci-pci 0000:15:00.2: Will use DMA mode even though HW doesn't fully claim to support it.
[    1.921366] thinkpad_acpi: ThinkPad ACPI Extras v0.26
[    1.924244] thinkpad_acpi: http://ibm-acpi.sf.net/
[    1.927072] thinkpad_acpi: ThinkPad BIOS 7BETD8WW (2.19 ), EC 7BHT40WW-1.13
[    1.929955] thinkpad_acpi: Lenovo ThinkPad X60, model 17097HU
[    1.938993] thinkpad_acpi: ACPI backlight control delay disabled
[    1.942286] thinkpad_acpi: radio switch found; radios are enabled
[    1.945188] thinkpad_acpi: This ThinkPad has standard ACPI backlight brightness control, supported by the ACPI video driver
[    1.950986] thinkpad_acpi: Disabling thinkpad-acpi brightness events by default...
[    1.965255] thinkpad_acpi: rfkill switch tpacpi_bluetooth_sw: radio is blocked
[    1.971095] thinkpad_acpi: warning: userspace override of important firmware LEDs is enabled
[    1.979395] thinkpad_acpi: Standard ACPI backlight interface available, not loading native one
[    1.982485] thinkpad_acpi: volume: disabled as there is no ALSA support in this kernel
[    1.986078] thinkpad_acpi: battery 1 registered (start 0, stop 0)
[    1.986088] battery: new extension: ThinkPad Battery Extension
[    1.992461] input: ThinkPad Extra Buttons as /devices/platform/thinkpad_acpi/input/input8
[    1.995910] gnss: GNSS driver registered with major 245
[    2.003839] snd_hda_intel 0000:00:1b.0: probe_mask set to 0x1 for device 17aa:2010
[    2.007290] usbcore: registered new interface driver snd-usb-audio
[    2.012357] NET: Registered protocol family 17
[    2.016056] Bluetooth: RFCOMM TTY layer initialized
[    2.019155] Bluetooth: RFCOMM socket layer initialized
[    2.022327] Bluetooth: RFCOMM ver 1.11
[    2.025437] Bluetooth: BNEP (Ethernet Emulation) ver 1.3
[    2.028528] Bluetooth: BNEP filters: protocol multicast
[    2.031584] Bluetooth: BNEP socket layer initialized
[    2.034620] Bluetooth: HIDP (Human Interface Emulation) ver 1.2
[    2.037652] Bluetooth: HIDP socket layer initialized
[    2.040996] microcode: sig=0x6e8, pf=0x20, revision=0x39
[    2.044176] microcode: Microcode Update Driver: v2.2.
[    2.044184] Using IPI No-Shortcut mode
[    2.050853] Loading compiled-in X.509 certificates
[    2.054802] Key type encrypted registered
[    2.064418] snd_hda_codec_analog hdaudioC0D0: autoconfig for AD1981: line_outs=1 (0x5/0x0/0x0/0x0/0x0) type:speaker
[    2.070080] snd_hda_codec_analog hdaudioC0D0:    speaker_outs=0 (0x0/0x0/0x0/0x0/0x0)
[    2.072970] snd_hda_codec_analog hdaudioC0D0:    hp_outs=0 (0x0/0x0/0x0/0x0/0x0)
[    2.075735] snd_hda_codec_analog hdaudioC0D0:    mono: mono_out=0x0
[    2.078521] snd_hda_codec_analog hdaudioC0D0:    inputs:
[    2.081247] snd_hda_codec_analog hdaudioC0D0:      Mic=0x8
[    2.083908] snd_hda_codec_analog hdaudioC0D0:      CD=0x19
[    2.098529] rtc_cmos 00:02: setting system clock to 2018-07-18 11:55:54 UTC (1531914954)
[    2.105336] cfg80211: Loading compiled-in X.509 certificates for regulatory database
[    2.110694] cfg80211: Loaded X.509 cert 'sforshee: 00b28ddf47aef9cea7'
[    2.114052] platform regulatory.0: Direct firmware load for regulatory.db failed with error -2
[    2.116946] cfg80211: failed to load regulatory.db
[    2.202022] PM: Image not found (code -22)
[    2.202064] ALSA device list:
[    2.206504]   #0: HDA Intel at 0xee240000 irq 17
[    2.268123] usb 5-2: new full-speed USB device number 2 using uhci_hcd
[    2.468755] usb 5-2: New USB device found, idVendor=0483, idProduct=2016, bcdDevice= 0.01
[    2.473329] usb 5-2: New USB device strings: Mfr=1, Product=2, SerialNumber=0
[    2.477847] usb 5-2: Product: Biometric Coprocessor
[    2.482231] usb 5-2: Manufacturer: STMicroelectronics
[    2.524741] psmouse serio1: trackpoint: IBM TrackPoint firmware: 0x0e, buttons: 3/3
[    2.545901] input: TPPS/2 IBM TrackPoint as /devices/platform/i8042/serio1/input/input7
[    2.553607] md: Waiting for all devices to be available before autodetect
[    2.556925] md: If you don't use raid, use raid=noautodetect
[    2.561246] md: Autodetecting RAID arrays.
[    2.564601] md: autorun ...
[    2.567854] md: ... autorun DONE.
[    2.583801] EXT4-fs (sda4): mounted filesystem with ordered data mode. Opts: (null)
[    2.587358] VFS: Mounted root (ext4 filesystem) readonly on device 8:4.
[    2.591494] devtmpfs: mounted
[    2.596914] Freeing unused kernel memory: 608K
[    2.612490] Write protecting the kernel text: 12220k
[    2.616041] Write protecting the kernel read-only data: 4784k
[    2.619452] NX-protecting the kernel data: 8260k
[    2.623783] x86/mm: Checked W+X mappings: passed, no W+X pages found.
[    2.626440] x86/mm: Checking user space page tables
[    2.629114] x86/mm: Checked W+X mappings: passed, no W+X pages found.
[    2.631692] rodata_test: all tests were successful
[    3.238577] random: systemd: uninitialized urandom read (16 bytes read)
[    3.245394] systemd[1]: systemd 215 running in system mode. (+PAM +AUDIT +SELINUX +IMA +SYSVINIT +LIBCRYPTSETUP +GCRYPT +ACL +XZ -SECCOMP -APPARMOR)
[    3.276302] systemd[1]: Detected architecture 'x86'.
[    3.404131] usb 5-1: new full-speed USB device number 3 using uhci_hcd
[    3.421262] systemd[1]: Failed to insert module 'ipv6'
[    3.437756] systemd[1]: Set hostname to <amd>.
[    3.501863] random: systemd-sysv-ge: uninitialized urandom read (16 bytes read)
[    3.597838] usb 5-1: New USB device found, idVendor=0a5c, idProduct=2110, bcdDevice= 1.00
[    3.601565] usb 5-1: New USB device strings: Mfr=1, Product=2, SerialNumber=0
[    3.605286] usb 5-1: Product: BCM2045B
[    3.608891] usb 5-1: Manufacturer: Broadcom Corp
[    3.806360] random: systemd-sysv-ge: uninitialized urandom read (16 bytes read)
[    4.080336] systemd[1]: Binding to IPv6 address not available since kernel does not support IPv6.
[    4.084077] systemd[1]: [/lib/systemd/system/gpsd.socket:6] Failed to parse address value, ignoring: [::1]:2947
[    4.102993] systemd[1]: Starting Forward Password Requests to Wall Directory Watch.
[    4.107562] systemd[1]: Started Forward Password Requests to Wall Directory Watch.
[    4.111359] systemd[1]: Starting Remote File Systems (Pre).
[    4.121216] systemd[1]: Reached target Remote File Systems (Pre).
[    4.608476] systemd-udevd[1983]: starting version 215
[    5.333396] random: crng init done
[    5.335668] random: 7 urandom warning(s) missed due to ratelimiting
[    5.808993] EXT4-fs (sda4): re-mounted. Opts: errors=remount-ro
[    6.243700] e1000e 0000:02:00.0 eth1: renamed from eth0
[    6.252402] systemd-udevd[2377]: renamed network interface eth0 to eth1
[    6.604358] usb 5-1: USB disconnect, device number 3
[    7.996007] Adding 2097148k swap on /dev/sda1.  Priority:-2 extents:1 across:2097148k 
[    8.152460] EXT4-fs (sda2): mounted filesystem with ordered data mode. Opts: errors=remount-ro
[    8.514328] systemd-journald[2322]: Received request to flush runtime journal from PID 1
[   13.198047] NFSD: Using /var/lib/nfs/v4recovery as the NFSv4 state recovery directory
[   13.206102] NFSD: starting 45-second grace period (net f0000098)
[   17.121965] iwl3945 0000:03:00.0: loaded firmware version 15.32.2.9
[   20.152118] wlan0: authenticate with 00:00:00:00:00:01
[   20.154900] wlan0: send auth to 00:00:00:00:00:01 (try 1/3)
[   20.156855] wlan0: authenticated
[   20.160290] wlan0: associate with 00:00:00:00:00:01 (try 1/3)
[   20.163077] wlan0: RX AssocResp from 00:00:00:00:00:01 (capab=0x401 status=0 aid=4)
[   20.165065] wlan0: associated
