[    0.000000] Linux version 4.17.0-rc6 (pavel@amd) (gcc version 4.9.2 (Debian 4.9.2-10+deb8u1)) #129 SMP Tue May 29 11:47:20 CEST 2018
[    0.000000] Disabled fast string operations
[    0.000000] x86/fpu: x87 FPU will use FXSAVE
[    0.000000] BIOS-provided physical RAM map:
[    0.000000] BIOS-e820: [mem 0x0000000000000000-0x000000000009efff] usable
[    0.000000] BIOS-e820: [mem 0x000000000009f000-0x000000000009ffff] reserved
[    0.000000] BIOS-e820: [mem 0x00000000000dc000-0x00000000000fffff] reserved
[    0.000000] BIOS-e820: [mem 0x0000000000100000-0x00000000bf6cffff] usable
[    0.000000] BIOS-e820: [mem 0x00000000bf6d0000-0x00000000bf6defff] ACPI data
[    0.000000] BIOS-e820: [mem 0x00000000bf6df000-0x00000000bf6fffff] ACPI NVS
[    0.000000] BIOS-e820: [mem 0x00000000bf700000-0x00000000bfffffff] reserved
[    0.000000] BIOS-e820: [mem 0x00000000f0000000-0x00000000f3ffffff] reserved
[    0.000000] BIOS-e820: [mem 0x00000000fec00000-0x00000000fec0ffff] reserved
[    0.000000] BIOS-e820: [mem 0x00000000fed00000-0x00000000fed003ff] reserved
[    0.000000] BIOS-e820: [mem 0x00000000fed14000-0x00000000fed19fff] reserved
[    0.000000] BIOS-e820: [mem 0x00000000fed1c000-0x00000000fed8ffff] reserved
[    0.000000] BIOS-e820: [mem 0x00000000fee00000-0x00000000fee00fff] reserved
[    0.000000] BIOS-e820: [mem 0x00000000ff800000-0x00000000ffffffff] reserved
[    0.000000] NX (Execute Disable) protection: active
[    0.000000] SMBIOS 2.4 present.
[    0.000000] DMI: LENOVO 17097HU/17097HU, BIOS 7BETD8WW (2.19 ) 03/31/2011
[    0.000000] e820: update [mem 0x00000000-0x00000fff] usable ==> reserved
[    0.000000] e820: remove [mem 0x000a0000-0x000fffff] usable
[    0.000000] last_pfn = 0xbf6d0 max_arch_pfn = 0x1000000
[    0.000000] MTRR default type: uncachable
[    0.000000] MTRR fixed ranges enabled:
[    0.000000]   00000-9FFFF write-back
[    0.000000]   A0000-BFFFF uncachable
[    0.000000]   C0000-CFFFF write-protect
[    0.000000]   D0000-DBFFF uncachable
[    0.000000]   DC000-DFFFF write-back
[    0.000000]   E0000-FFFFF write-protect
[    0.000000] MTRR variable ranges enabled:
[    0.000000]   0 base 000000000 mask F80000000 write-back
[    0.000000]   1 base 080000000 mask FC0000000 write-back
[    0.000000]   2 base 0BF700000 mask FFFF00000 uncachable
[    0.000000]   3 base 0BF800000 mask FFF800000 uncachable
[    0.000000]   4 disabled
[    0.000000]   5 disabled
[    0.000000]   6 disabled
[    0.000000]   7 disabled
[    0.000000] x86/PAT: PAT not supported by CPU.
[    0.000000] x86/PAT: Configuration [0-7]: WB  WT  UC- UC  WB  WT  UC- UC  
[    0.000000] initial memory mapped: [mem 0x00000000-0x05dfffff]
[    0.000000] Base memory trampoline at [(ptrval)] 9b000 size 16384
[    0.000000] BRK [0x0581e000, 0x0581efff] PGTABLE
[    0.000000] BRK [0x0581f000, 0x0581ffff] PGTABLE
[    0.000000] ACPI: Early table checksum verification disabled
[    0.000000] ACPI: RSDP 0x00000000000F67C0 000024 (v02 LENOVO)
[    0.000000] ACPI: XSDT 0x00000000BF6D191C 000084 (v01 LENOVO TP-7B    00002190  LTP 00000000)
[    0.000000] ACPI: FACP 0x00000000BF6D1A00 0000F4 (v03 LENOVO TP-7B    00002190 LNVO 00000001)
[    0.000000] ACPI BIOS Warning (bug): 32/64X length mismatch in FADT/Gpe0Block: 64/32 (20180508/tbfadt-569)
[    0.000000] ACPI BIOS Warning (bug): Optional FADT field Gpe1Block has valid Address but zero Length: 0x000000000000102C/0x0 (20180508/tbfadt-624)
[    0.000000] ACPI: DSDT 0x00000000BF6D1D90 00CFB9 (v01 LENOVO TP-7B    00002190 MSFT 0100000E)
[    0.000000] ACPI: FACS 0x00000000BF6F4000 000040
[    0.000000] ACPI: FACS 0x00000000BF6F4000 000040
[    0.000000] ACPI: SSDT 0x00000000BF6D1BB4 0001DC (v01 LENOVO TP-7B    00002190 MSFT 0100000E)
[    0.000000] ACPI: ECDT 0x00000000BF6DED49 000052 (v01 LENOVO TP-7B    00002190 LNVO 00000001)
[    0.000000] ACPI: TCPA 0x00000000BF6DED9B 000032 (v02 LENOVO TP-7B    00002190 LNVO 00000001)
[    0.000000] ACPI: APIC 0x00000000BF6DEDCD 000068 (v01 LENOVO TP-7B    00002190 LNVO 00000001)
[    0.000000] ACPI: MCFG 0x00000000BF6DEE35 00003C (v01 LENOVO TP-7B    00002190 LNVO 00000001)
[    0.000000] ACPI: HPET 0x00000000BF6DEE71 000038 (v01 LENOVO TP-7B    00002190 LNVO 00000001)
[    0.000000] ACPI: BOOT 0x00000000BF6DEFD8 000028 (v01 LENOVO TP-7B    00002190  LTP 00000001)
[    0.000000] ACPI: SSDT 0x00000000BF6F2645 00025F (v01 LENOVO TP-7B    00002190 INTL 20050513)
[    0.000000] ACPI: SSDT 0x00000000BF6F28A4 0000A6 (v01 LENOVO TP-7B    00002190 INTL 20050513)
[    0.000000] ACPI: SSDT 0x00000000BF6F294A 0004F7 (v01 LENOVO TP-7B    00002190 INTL 20050513)
[    0.000000] ACPI: SSDT 0x00000000BF6F2E41 0001D8 (v01 LENOVO TP-7B    00002190 INTL 20050513)
[    0.000000] ACPI: Local APIC address 0xfee00000
[    0.000000] 2174MB HIGHMEM available.
[    0.000000] 887MB LOWMEM available.
[    0.000000]   mapped low ram: 0 - 377fe000
[    0.000000]   low ram: 0 - 377fe000
[    0.000000] tsc: Fast TSC calibration failed
[    0.000000] tsc: Using PIT calibration value
[    0.000000] BRK [0x05820000, 0x05820fff] PGTABLE
[    0.000000] Zone ranges:
[    0.000000]   DMA      [mem 0x0000000000001000-0x0000000000ffffff]
[    0.000000]   Normal   [mem 0x0000000001000000-0x00000000377fdfff]
[    0.000000]   HighMem  [mem 0x00000000377fe000-0x00000000bf6cffff]
[    0.000000] Movable zone start for each node
[    0.000000] Early memory node ranges
[    0.000000]   node   0: [mem 0x0000000000001000-0x000000000009efff]
[    0.000000]   node   0: [mem 0x0000000000100000-0x00000000bf6cffff]
[    0.000000] Initmem setup node 0 [mem 0x0000000000001000-0x00000000bf6cffff]
[    0.000000] On node 0 totalpages: 783982
[    0.000000]   DMA zone: 32 pages used for memmap
[    0.000000]   DMA zone: 0 pages reserved
[    0.000000]   DMA zone: 3998 pages, LIFO batch:0
[    0.000000]   Normal zone: 1744 pages used for memmap
[    0.000000]   Normal zone: 223230 pages, LIFO batch:31
[    0.000000]   HighMem zone: 556754 pages, LIFO batch:31
[    0.000000] Reserved but unavailable: 98 pages
[    0.000000] Using APIC driver default
[    0.000000] Reserving Intel graphics memory at [mem 0xbf800000-0xbfffffff]
[    0.000000] ACPI: PM-Timer IO Port: 0x1008
[    0.000000] ACPI: Local APIC address 0xfee00000
[    0.000000] ACPI: LAPIC_NMI (acpi_id[0x00] high edge lint[0x1])
[    0.000000] ACPI: LAPIC_NMI (acpi_id[0x01] high edge lint[0x1])
[    0.000000] IOAPIC[0]: apic_id 1, version 32, address 0xfec00000, GSI 0-23
[    0.000000] ACPI: INT_SRC_OVR (bus 0 bus_irq 0 global_irq 2 dfl dfl)
[    0.000000] ACPI: INT_SRC_OVR (bus 0 bus_irq 9 global_irq 9 high level)
[    0.000000] ACPI: IRQ0 used by override.
[    0.000000] ACPI: IRQ9 used by override.
[    0.000000] Using ACPI (MADT) for SMP configuration information
[    0.000000] ACPI: HPET id: 0x8086a201 base: 0xfed00000
[    0.000000] smpboot: Allowing 2 CPUs, 0 hotplug CPUs
[    0.000000] PM: Registered nosave memory: [mem 0x00000000-0x00000fff]
[    0.000000] PM: Registered nosave memory: [mem 0x0009f000-0x0009ffff]
[    0.000000] PM: Registered nosave memory: [mem 0x000a0000-0x000dbfff]
[    0.000000] PM: Registered nosave memory: [mem 0x000dc000-0x000fffff]
[    0.000000] [mem 0xc0000000-0xefffffff] available for PCI devices
[    0.000000] clocksource: refined-jiffies: mask: 0xffffffff max_cycles: 0xffffffff, max_idle_ns: 7645519600211568 ns
[    0.000000] random: get_random_bytes called from start_kernel+0x74/0x347 with crng_init=0
[    0.000000] setup_percpu: NR_CPUS:8 nr_cpumask_bits:8 nr_cpu_ids:2 nr_node_ids:1
[    0.000000] percpu: Embedded 28 pages/cpu @(ptrval) s85928 r0 d28760 u114688
[    0.000000] pcpu-alloc: s85928 r0 d28760 u114688 alloc=28*4096
[    0.000000] pcpu-alloc: [0] 0 [0] 1 
[    0.000000] Built 1 zonelists, mobility grouping on.  Total pages: 782206
[    0.000000] Kernel command line: BOOT_IMAGE=(hd0,2)/fast/l/linux-next-32/arch/x86/boot/bzImage root=/dev/sda4 resume=/dev/sda1
[    0.000000] Dentry cache hash table entries: 131072 (order: 7, 524288 bytes)
[    0.000000] Inode-cache hash table entries: 65536 (order: 6, 262144 bytes)
[    0.000000] Initializing CPU#0
[    0.000000] Initializing HighMem for node 0 (000377fe:000bf6d0)
[    0.000000] Initializing Movable for node 0 (00000000:00000000)
[    0.000000] Memory: 3085620K/3135928K available (12115K kernel code, 706K rwdata, 4740K rodata, 596K init, 6136K bss, 50308K reserved, 0K cma-reserved, 2227016K highmem)
[    0.000000] virtual kernel memory layout:
    fixmap  : 0xffe70000 - 0xfffff000   (1596 kB)
  cpu_entry : 0xffa00000 - 0xffb39000   (1252 kB)
    pkmap   : 0xff800000 - 0xffa00000   (2048 kB)
    vmalloc : 0xf7ffe000 - 0xff7fe000   ( 120 MB)
    lowmem  : 0xc0000000 - 0xf77fe000   ( 887 MB)
      .init : 0xc5150000 - 0xc51e5000   ( 596 kB)
      .data : 0xc4bd4c58 - 0xc512db40   (5475 kB)
      .text : 0xc4000000 - 0xc4bd4c58   (12115 kB)
[    0.000000] Checking if this processor honours the WP bit even in supervisor mode...Ok.
[    0.000000] rcu: Hierarchical RCU implementation.
[    0.000000] rcu: 	RCU restricting CPUs from NR_CPUS=8 to nr_cpu_ids=2.
[    0.000000] rcu: Adjusting geometry for rcu_fanout_leaf=16, nr_cpu_ids=2
[    0.000000] NR_IRQS: 2304, nr_irqs: 56, preallocated irqs: 16
[    0.000000] CPU 0 irqstacks, hard=(ptrval) soft=(ptrval)
[    0.000000] Console: colour VGA+ 80x25
[    0.000000] console [tty0] enabled
[    0.000000] Lock dependency validator: Copyright (c) 2006 Red Hat, Inc., Ingo Molnar
[    0.000000] ... MAX_LOCKDEP_SUBCLASSES:  8
[    0.000000] ... MAX_LOCK_DEPTH:          48
[    0.000000] ... MAX_LOCKDEP_KEYS:        8191
[    0.000000] ... CLASSHASH_SIZE:          4096
[    0.000000] ... MAX_LOCKDEP_ENTRIES:     32768
[    0.000000] ... MAX_LOCKDEP_CHAINS:      65536
[    0.000000] ... CHAINHASH_SIZE:          32768
[    0.000000]  memory used by lock dependency info: 4383 kB
[    0.000000]  per task-struct memory footprint: 1344 bytes
[    0.000000] ACPI: Core revision 20180508
[    0.000000] clocksource: hpet: mask: 0xffffffff max_cycles: 0xffffffff, max_idle_ns: 133484882848 ns
[    0.000000] hpet clockevent registered
[    0.000000] APIC: Switch to symmetric I/O mode setup
[    0.000000] Enabling APIC mode:  Flat.  Using 1 I/O APICs
[    0.000000] ..TIMER: vector=0x30 apic1=0 pin1=2 apic2=-1 pin2=-1
[    0.020000] tsc: Fast TSC calibration using PIT
[    0.024000] tsc: Detected 1828.892 MHz processor
[    0.024000] clocksource: tsc-early: mask: 0xffffffffffffffff max_cycles: 0x1a5cc6c41b6, max_idle_ns: 440795252711 ns
[    0.024000] Calibrating delay loop (skipped), value calculated using timer frequency.. 3657.78 BogoMIPS (lpj=7315568)
[    0.024000] pid_max: default: 32768 minimum: 301
[    0.024000] Mount-cache hash table entries: 2048 (order: 1, 8192 bytes)
[    0.024000] Mountpoint-cache hash table entries: 2048 (order: 1, 8192 bytes)
[    0.024000] Disabled fast string operations
[    0.024000] CPU: Physical Processor ID: 0
[    0.024000] CPU: Processor Core ID: 0
[    0.024000] process: using mwait in idle threads
[    0.024000] Last level iTLB entries: 4KB 128, 2MB 0, 4MB 2
[    0.024000] Last level dTLB entries: 4KB 128, 2MB 0, 4MB 8, 1GB 0
[    0.024000] Spectre V2 : Mitigation: Full generic retpoline
[    0.024000] Spectre V2 : Spectre v2 mitigation: Filling RSB on context switch
[    0.024000] Freeing SMP alternatives memory: 44K
[    0.032000] smpboot: CPU0: Genuine Intel(R) CPU           T2400  @ 1.83GHz (family: 0x6, model: 0xe, stepping: 0x8)
[    0.032000] Performance Events: Core events, core PMU driver.
[    0.032000] ... version:                1
[    0.032000] ... bit width:              40
[    0.032000] ... generic registers:      2
[    0.032000] ... value mask:             000000ffffffffff
[    0.032000] ... max period:             000000007fffffff
[    0.032000] ... fixed-purpose events:   0
[    0.032000] ... event mask:             0000000000000003
[    0.032000] rcu: Hierarchical SRCU implementation.
[    0.032000] NMI watchdog: Enabled. Permanently consumes one hw-PMU counter.
[    0.032059] smp: Bringing up secondary CPUs ...
[    0.033122] CPU 1 irqstacks, hard=(ptrval) soft=(ptrval)
[    0.033125] x86: Booting SMP configuration:
[    0.033208] .... node  #0, CPUs:      #1
[    0.004000] Initializing CPU#1
[    0.004000] Disabled fast string operations
[    0.035659] TSC synchronization [CPU#0 -> CPU#1]:
[    0.035971] Measured 579766 cycles TSC warp between CPUs, turning off TSC clock.
[    0.036000] tsc: Marking TSC unstable due to check_tsc_sync_source failed
[    0.036100] smp: Brought up 1 node, 2 CPUs
[    0.036100] smpboot: Max logical packages: 1
[    0.036169] smpboot: Total of 2 processors activated (7315.56 BogoMIPS)
[    0.037876] devtmpfs: initialized
[    0.037876] PM: Registering ACPI NVS region [mem 0xbf6df000-0xbf6fffff] (135168 bytes)
[    0.040187] clocksource: jiffies: mask: 0xffffffff max_cycles: 0xffffffff, max_idle_ns: 7645041785100000 ns
[    0.040336] futex hash table entries: 512 (order: 3, 32768 bytes)
[    0.041002] NET: Registered protocol family 16
[    0.042483] cpuidle: using governor ladder
[    0.042645] cpuidle: using governor menu
[    0.042870] Simple Boot Flag at 0x35 set to 0x1
[    0.042987] ACPI FADT declares the system doesn't support PCIe ASPM, so disable it
[    0.043088] ACPI: bus type PCI registered
[    0.043401] PCI: MMCONFIG for domain 0000 [bus 00-3f] at [mem 0xf0000000-0xf3ffffff] (base 0xf0000000)
[    0.043521] PCI: MMCONFIG at [mem 0xf0000000-0xf3ffffff] reserved in E820
[    0.044026] PCI: Using MMCONFIG for extended config space
[    0.044096] PCI: Using configuration type 1 for base access
[    0.044578] mtrr: your CPUs had inconsistent variable MTRR settings
[    0.044665] mtrr: probably your BIOS does not setup all CPUs.
[    0.044747] mtrr: corrected configuration.
[    0.110287] ACPI: Added _OSI(Module Device)
[    0.110287] ACPI: Added _OSI(Processor Device)
[    0.112036] ACPI: Added _OSI(3.0 _SCP Extensions)
[    0.112115] ACPI: Added _OSI(Processor Aggregator Device)
[    0.112199] ACPI: Added _OSI(Linux-Dell-Video)
[    0.112298] ACPI: EC: EC started
[    0.112372] ACPI: EC: interrupt blocked
[    0.112498] ACPI: \: Used as first EC
[    0.112575] ACPI: \: GPE=0x1c, EC_CMD/EC_SC=0x66, EC_DATA=0x62
[    0.112662] ACPI: \: Used as boot ECDT EC to handle transactions
[    0.178739] ACPI: 6 ACPI AML tables successfully acquired and loaded
[    0.212866] ACPI: Dynamic OEM Table Load:
[    0.212963] ACPI: SSDT 0x00000000F5BC3400 000240 (v01 PmRef  Cpu0Ist  00000100 INTL 20050513)
[    0.214596] ACPI: Dynamic OEM Table Load:
[    0.214691] ACPI: SSDT 0x00000000F53A7800 00065A (v01 PmRef  Cpu0Cst  00000100 INTL 20050513)
[    0.217490] ACPI: Dynamic OEM Table Load:
[    0.217491] ACPI: SSDT 0x00000000F539F200 0000C8 (v01 PmRef  Cpu1Ist  00000100 INTL 20050513)
[    0.218458] ACPI: Dynamic OEM Table Load:
[    0.218551] ACPI: SSDT 0x00000000F4C3F540 000085 (v01 PmRef  Cpu1Cst  00000100 INTL 20050513)
[    0.221027] ACPI: Interpreter enabled
[    0.221187] ACPI: (supports S0 S3 S4 S5)
[    0.221269] ACPI: Using IOAPIC for interrupt routing
[    0.221480] PCI: Using host bridge windows from ACPI; if necessary, use "pci=nocrs" and report a bug
[    0.222546] ACPI: Enabled 4 GPEs in block 00 to 1F
[    0.246950] ACPI: Power Resource [PUBS] (on)
[    0.248127] acpi PNP0C0A:01: ACPI dock station (docks/bays count: 1)
[    0.255988] acpi LNXIOBAY:00: ACPI dock station (docks/bays count: 2)
[    0.271247] acpi IBM0079:00: ACPI dock station (docks/bays count: 3)
[    0.273705] ACPI: PCI Interrupt Link [LNKA] (IRQs 3 4 5 6 7 9 10 *11)
[    0.274571] ACPI: PCI Interrupt Link [LNKB] (IRQs 3 4 5 6 7 9 10 *11)
[    0.275435] ACPI: PCI Interrupt Link [LNKC] (IRQs 3 4 5 6 7 9 10 *11)
[    0.276310] ACPI: PCI Interrupt Link [LNKD] (IRQs 3 4 5 6 7 9 10 *11)
[    0.277174] ACPI: PCI Interrupt Link [LNKE] (IRQs 3 4 5 6 7 9 10 *11)
[    0.278037] ACPI: PCI Interrupt Link [LNKF] (IRQs 3 4 5 6 7 9 10 *11)
[    0.278901] ACPI: PCI Interrupt Link [LNKG] (IRQs 3 4 5 6 7 9 10 *11)
[    0.279765] ACPI: PCI Interrupt Link [LNKH] (IRQs 3 4 5 6 7 9 10 *11)
[    0.280342] ACPI: PCI Root Bridge [PCI0] (domain 0000 [bus 00-ff])
[    0.280443] acpi PNP0A08:00: _OSC: OS supports [ExtendedConfig ASPM ClockPM Segments]
[    0.281485] acpi PNP0A08:00: _OSC: not requesting OS control; OS requires [ExtendedConfig ASPM ClockPM MSI]
[    0.281620] acpi PNP0A08:00: [Firmware Info]: MMCONFIG for domain 0000 [bus 00-3f] only partially covers this bridge
[    0.281998] PCI host bridge to bus 0000:00
[    0.282079] pci_bus 0000:00: root bus resource [io  0x0000-0x0cf7 window]
[    0.282172] pci_bus 0000:00: root bus resource [io  0x0d00-0xffff window]
[    0.282266] pci_bus 0000:00: root bus resource [mem 0x000a0000-0x000bffff window]
[    0.282362] pci_bus 0000:00: root bus resource [mem 0x000d0000-0x000d3fff window]
[    0.282459] pci_bus 0000:00: root bus resource [mem 0x000d4000-0x000d7fff window]
[    0.282556] pci_bus 0000:00: root bus resource [mem 0x000d8000-0x000dbfff window]
[    0.282653] pci_bus 0000:00: root bus resource [mem 0xc0000000-0xfebfffff window]
[    0.282750] pci_bus 0000:00: root bus resource [mem 0xfed40000-0xfed40fff window]
[    0.282849] pci_bus 0000:00: root bus resource [bus 00-ff]
[    0.282965] pci 0000:00:00.0: [8086:27a0] type 00 class 0x060000
[    0.283430] pci 0000:00:02.0: [8086:27a2] type 00 class 0x030000
[    0.283452] pci 0000:00:02.0: reg 0x10: [mem 0xee100000-0xee17ffff]
[    0.283463] pci 0000:00:02.0: reg 0x14: [io  0x1800-0x1807]
[    0.283475] pci 0000:00:02.0: reg 0x18: [mem 0xd0000000-0xdfffffff pref]
[    0.283486] pci 0000:00:02.0: reg 0x1c: [mem 0xee200000-0xee23ffff]
[    0.283945] pci 0000:00:02.1: [8086:27a6] type 00 class 0x038000
[    0.283965] pci 0000:00:02.1: reg 0x10: [mem 0xee180000-0xee1fffff]
[    0.284481] pci 0000:00:1b.0: [8086:27d8] type 00 class 0x040300
[    0.284527] pci 0000:00:1b.0: reg 0x10: [mem 0xee240000-0xee243fff 64bit]
[    0.284690] pci 0000:00:1b.0: PME# supported from D0 D3hot D3cold
[    0.285164] pci 0000:00:1c.0: [8086:27d0] type 01 class 0x060400
[    0.285341] pci 0000:00:1c.0: PME# supported from D0 D3hot D3cold
[    0.285793] pci 0000:00:1c.1: [8086:27d2] type 01 class 0x060400
[    0.285969] pci 0000:00:1c.1: PME# supported from D0 D3hot D3cold
[    0.286412] pci 0000:00:1c.2: [8086:27d4] type 01 class 0x060400
[    0.286589] pci 0000:00:1c.2: PME# supported from D0 D3hot D3cold
[    0.287041] pci 0000:00:1c.3: [8086:27d6] type 01 class 0x060400
[    0.287219] pci 0000:00:1c.3: PME# supported from D0 D3hot D3cold
[    0.287666] pci 0000:00:1d.0: [8086:27c8] type 00 class 0x0c0300
[    0.287744] pci 0000:00:1d.0: reg 0x20: [io  0x1820-0x183f]
[    0.288217] pci 0000:00:1d.1: [8086:27c9] type 00 class 0x0c0300
[    0.288296] pci 0000:00:1d.1: reg 0x20: [io  0x1840-0x185f]
[    0.288749] pci 0000:00:1d.2: [8086:27ca] type 00 class 0x0c0300
[    0.288828] pci 0000:00:1d.2: reg 0x20: [io  0x1860-0x187f]
[    0.289292] pci 0000:00:1d.3: [8086:27cb] type 00 class 0x0c0300
[    0.289371] pci 0000:00:1d.3: reg 0x20: [io  0x1880-0x189f]
[    0.289813] pci 0000:00:1d.7: [8086:27cc] type 00 class 0x0c0320
[    0.289849] pci 0000:00:1d.7: reg 0x10: [mem 0xee444000-0xee4443ff]
[    0.289993] pci 0000:00:1d.7: PME# supported from D0 D3hot D3cold
[    0.290413] pci 0000:00:1e.0: [8086:2448] type 01 class 0x060401
[    0.290940] pci 0000:00:1f.0: [8086:27b9] type 00 class 0x060100
[    0.291100] pci 0000:00:1f.0: quirk: [io  0x1000-0x107f] claimed by ICH6 ACPI/GPIO/TCO
[    0.291207] pci 0000:00:1f.0: quirk: [io  0x1180-0x11bf] claimed by ICH6 GPIO
[    0.291303] pci 0000:00:1f.0: ICH7 LPC Generic IO decode 1 PIO at 1600 (mask 007f)
[    0.291402] pci 0000:00:1f.0: ICH7 LPC Generic IO decode 2 PIO at 15e0 (mask 000f)
[    0.291500] pci 0000:00:1f.0: ICH7 LPC Generic IO decode 3 PIO at 1680 (mask 001f)
[    0.292045] pci 0000:00:1f.1: [8086:27df] type 00 class 0x01018a
[    0.292076] pci 0000:00:1f.1: reg 0x10: [io  0x0000-0x0007]
[    0.292092] pci 0000:00:1f.1: reg 0x14: [io  0x0000-0x0003]
[    0.292109] pci 0000:00:1f.1: reg 0x18: [io  0x0000-0x0007]
[    0.292125] pci 0000:00:1f.1: reg 0x1c: [io  0x0000-0x0003]
[    0.292142] pci 0000:00:1f.1: reg 0x20: [io  0x1810-0x181f]
[    0.292176] pci 0000:00:1f.1: legacy IDE quirk: reg 0x10: [io  0x01f0-0x01f7]
[    0.292270] pci 0000:00:1f.1: legacy IDE quirk: reg 0x14: [io  0x03f6]
[    0.292361] pci 0000:00:1f.1: legacy IDE quirk: reg 0x18: [io  0x0170-0x0177]
[    0.292455] pci 0000:00:1f.1: legacy IDE quirk: reg 0x1c: [io  0x0376]
[    0.292951] pci 0000:00:1f.2: [8086:27c5] type 00 class 0x010601
[    0.292987] pci 0000:00:1f.2: reg 0x10: [io  0x18d0-0x18d7]
[    0.293003] pci 0000:00:1f.2: reg 0x14: [io  0x18c4-0x18c7]
[    0.293019] pci 0000:00:1f.2: reg 0x18: [io  0x18c8-0x18cf]
[    0.293036] pci 0000:00:1f.2: reg 0x1c: [io  0x18c0-0x18c3]
[    0.293052] pci 0000:00:1f.2: reg 0x20: [io  0x18b0-0x18bf]
[    0.293069] pci 0000:00:1f.2: reg 0x24: [mem 0xee444400-0xee4447ff]
[    0.293153] pci 0000:00:1f.2: PME# supported from D3hot
[    0.293578] pci 0000:00:1f.3: [8086:27da] type 00 class 0x0c0500
[    0.293675] pci 0000:00:1f.3: reg 0x20: [io  0x18e0-0x18ff]
[    0.294357] pci 0000:02:00.0: [8086:109a] type 00 class 0x020000
[    0.294422] pci 0000:02:00.0: reg 0x10: [mem 0xee000000-0xee01ffff]
[    0.294471] pci 0000:02:00.0: reg 0x18: [io  0x2000-0x201f]
[    0.294726] pci 0000:02:00.0: PME# supported from D0 D3hot D3cold
[    0.295104] pci 0000:00:1c.0: PCI bridge to [bus 02]
[    0.295192] pci 0000:00:1c.0:   bridge window [io  0x2000-0x2fff]
[    0.295200] pci 0000:00:1c.0:   bridge window [mem 0xee000000-0xee0fffff]
[    0.295464] pci 0000:03:00.0: [8086:4227] type 00 class 0x028000
[    0.295573] pci 0000:03:00.0: reg 0x10: [mem 0xedf00000-0xedf00fff]
[    0.296088] pci 0000:03:00.0: PME# supported from D0 D3hot D3cold
[    0.296506] pci 0000:00:1c.1: PCI bridge to [bus 03]
[    0.296593] pci 0000:00:1c.1:   bridge window [io  0x3000-0x4fff]
[    0.296601] pci 0000:00:1c.1:   bridge window [mem 0xec000000-0xedffffff]
[    0.296612] pci 0000:00:1c.1:   bridge window [mem 0xe4000000-0xe40fffff 64bit pref]
[    0.296759] pci 0000:00:1c.2: PCI bridge to [bus 04-0b]
[    0.296849] pci 0000:00:1c.2:   bridge window [io  0x5000-0x6fff]
[    0.296857] pci 0000:00:1c.2:   bridge window [mem 0xe8000000-0xe9ffffff]
[    0.296869] pci 0000:00:1c.2:   bridge window [mem 0xe4100000-0xe41fffff 64bit pref]
[    0.297026] pci 0000:00:1c.3: PCI bridge to [bus 0c-13]
[    0.297116] pci 0000:00:1c.3:   bridge window [io  0x7000-0x8fff]
[    0.297124] pci 0000:00:1c.3:   bridge window [mem 0xea000000-0xebffffff]
[    0.297136] pci 0000:00:1c.3:   bridge window [mem 0xe4200000-0xe42fffff 64bit pref]
[    0.297176] pci_bus 0000:15: extended config space not accessible
[    0.297375] pci 0000:15:00.0: [1180:0476] type 02 class 0x060700
[    0.297407] pci 0000:15:00.0: reg 0x10: [mem 0xe4300000-0xe4300fff]
[    0.297480] pci 0000:15:00.0: supports D1 D2
[    0.297484] pci 0000:15:00.0: PME# supported from D0 D1 D2 D3hot D3cold
[    0.297741] pci 0000:15:00.1: [1180:0552] type 00 class 0x0c0010
[    0.297770] pci 0000:15:00.1: reg 0x10: [mem 0xe4301000-0xe43017ff]
[    0.297919] pci 0000:15:00.1: PME# supported from D0 D3hot D3cold
[    0.298137] pci 0000:15:00.2: [1180:0822] type 00 class 0x080500
[    0.298167] pci 0000:15:00.2: reg 0x10: [mem 0xe4301800-0xe43018ff]
[    0.298317] pci 0000:15:00.2: supports D1 D2
[    0.298321] pci 0000:15:00.2: PME# supported from D0 D1 D2 D3hot D3cold
[    0.298598] pci 0000:00:1e.0: PCI bridge to [bus 15-18] (subtractive decode)
[    0.298696] pci 0000:00:1e.0:   bridge window [io  0x9000-0xcfff]
[    0.298704] pci 0000:00:1e.0:   bridge window [mem 0xe4300000-0xe7ffffff]
[    0.298715] pci 0000:00:1e.0:   bridge window [mem 0xe0000000-0xe3ffffff 64bit pref]
[    0.298721] pci 0000:00:1e.0:   bridge window [io  0x0000-0x0cf7 window] (subtractive decode)
[    0.298726] pci 0000:00:1e.0:   bridge window [io  0x0d00-0xffff window] (subtractive decode)
[    0.298731] pci 0000:00:1e.0:   bridge window [mem 0x000a0000-0x000bffff window] (subtractive decode)
[    0.298735] pci 0000:00:1e.0:   bridge window [mem 0x000d0000-0x000d3fff window] (subtractive decode)
[    0.298740] pci 0000:00:1e.0:   bridge window [mem 0x000d4000-0x000d7fff window] (subtractive decode)
[    0.298745] pci 0000:00:1e.0:   bridge window [mem 0x000d8000-0x000dbfff window] (subtractive decode)
[    0.298750] pci 0000:00:1e.0:   bridge window [mem 0xc0000000-0xfebfffff window] (subtractive decode)
[    0.298755] pci 0000:00:1e.0:   bridge window [mem 0xfed40000-0xfed40fff window] (subtractive decode)
[    0.298800] pci_bus 0000:16: extended config space not accessible
[    0.298984] pci_bus 0000:16: busn_res: [bus 16-18] end is updated to 17
[    0.299040] pci_bus 0000:00: on NUMA node 0
[    0.305507] ACPI: EC: interrupt unblocked
[    0.305622] ACPI: EC: event unblocked
[    0.305732] ACPI: \_SB_.PCI0.LPC_.EC__: GPE=0x1c, EC_CMD/EC_SC=0x66, EC_DATA=0x62
[    0.305835] ACPI: \_SB_.PCI0.LPC_.EC__: Used as boot DSDT EC to handle transactions and events
[    0.306648] pci 0000:00:02.0: vgaarb: setting as boot VGA device
[    0.306648] pci 0000:00:02.0: vgaarb: VGA device added: decodes=io+mem,owns=io+mem,locks=none
[    0.306648] pci 0000:00:02.0: vgaarb: bridge control possible
[    0.306648] vgaarb: loaded
[    0.306648] SCSI subsystem initialized
[    0.308130] libata version 3.00 loaded.
[    0.308313] ACPI: bus type USB registered
[    0.308473] usbcore: registered new interface driver usbfs
[    0.308658] usbcore: registered new interface driver hub
[    0.308789] usbcore: registered new device driver usb
[    0.308931] media: Linux media interface: v0.10
[    0.309126] videodev: Linux video capture interface: v2.00
[    0.309262] pps_core: LinuxPPS API ver. 1 registered
[    0.309292] pps_core: Software ver. 5.3.6 - Copyright 2005-2007 Rodolfo Giometti <giometti@linux.it>
[    0.309504] PTP clock support registered
[    0.310032] EDAC MC: Ver: 3.0.0
[    0.310530] Advanced Linux Sound Architecture Driver Initialized.
[    0.310530] PCI: Using ACPI for IRQ routing
[    0.314514] PCI: pci_cache_line_size set to 64 bytes
[    0.314844] e820: reserve RAM buffer [mem 0x0009f000-0x0009ffff]
[    0.314850] e820: reserve RAM buffer [mem 0xbf6d0000-0xbfffffff]
[    0.315465] Bluetooth: Core ver 2.22
[    0.315595] NET: Registered protocol family 31
[    0.315672] Bluetooth: HCI device and connection manager initialized
[    0.315770] Bluetooth: HCI socket layer initialized
[    0.315852] Bluetooth: L2CAP socket layer initialized
[    0.315979] Bluetooth: SCO socket layer initialized
[    0.317464] clocksource: Switched to clocksource hpet
[    0.317907] pnp: PnP ACPI init
[    0.319946] system 00:00: [mem 0x00000000-0x0009ffff] could not be reserved
[    0.319946] system 00:00: [mem 0x000c0000-0x000c3fff] could not be reserved
[    0.319994] system 00:00: [mem 0x000c4000-0x000c7fff] could not be reserved
[    0.320127] system 00:00: [mem 0x000c8000-0x000cbfff] has been reserved
[    0.320223] system 00:00: [mem 0x000cc000-0x000cffff] has been reserved
[    0.320319] system 00:00: [mem 0x000dc000-0x000dffff] could not be reserved
[    0.320418] system 00:00: [mem 0x000e0000-0x000e3fff] could not be reserved
[    0.320518] system 00:00: [mem 0x000e4000-0x000e7fff] could not be reserved
[    0.320618] system 00:00: [mem 0x000e8000-0x000ebfff] could not be reserved
[    0.320716] system 00:00: [mem 0x000ec000-0x000effff] could not be reserved
[    0.320813] system 00:00: [mem 0x000f0000-0x000fffff] could not be reserved
[    0.320911] system 00:00: [mem 0x00100000-0xbfffffff] could not be reserved
[    0.321008] system 00:00: [mem 0xfec00000-0xfed3ffff] could not be reserved
[    0.321105] system 00:00: [mem 0xfed41000-0xffffffff] could not be reserved
[    0.321269] system 00:00: Plug and Play ACPI device, IDs PNP0c01 (active)
[    0.321790] system 00:01: [io  0x164e-0x164f] has been reserved
[    0.321883] system 00:01: [io  0x1000-0x107f] has been reserved
[    0.321973] system 00:01: [io  0x1180-0x11bf] has been reserved
[    0.322064] system 00:01: [io  0x0800-0x080f] has been reserved
[    0.322154] system 00:01: [io  0x15e0-0x15ef] has been reserved
[    0.322246] system 00:01: [io  0x1600-0x165f] could not be reserved
[    0.322338] system 00:01: [mem 0xf0000000-0xf3ffffff] has been reserved
[    0.322433] system 00:01: [mem 0xfed1c000-0xfed1ffff] has been reserved
[    0.322527] system 00:01: [mem 0xfed14000-0xfed17fff] has been reserved
[    0.322621] system 00:01: [mem 0xfed18000-0xfed18fff] has been reserved
[    0.322715] system 00:01: [mem 0xfed19000-0xfed19fff] has been reserved
[    0.322843] system 00:01: Plug and Play ACPI device, IDs PNP0c02 (active)
[    0.323162] pnp 00:02: Plug and Play ACPI device, IDs PNP0b00 (active)
[    0.323302] pnp 00:03: Plug and Play ACPI device, IDs PNP0303 (active)
[    0.323441] pnp 00:04: Plug and Play ACPI device, IDs IBM3780 PNP0f13 (active)
[    0.324239] pnp 00:05: [dma 3]
[    0.324453] pnp 00:05: Plug and Play ACPI device, IDs IBM0071 PNP0511 (active)
[    0.324703] pnp 00:06: Plug and Play ACPI device, IDs ATM1200 PNP0c31 (active)
[    0.327102] pnp: PnP ACPI: found 7 devices
[    0.376287] clocksource: acpi_pm: mask: 0xffffff max_cycles: 0xffffff, max_idle_ns: 2085701024 ns
[    0.376435] pci 0000:00:1c.0: bridge window [mem 0x00100000-0x000fffff 64bit pref] to [bus 02] add_size 200000 add_align 100000
[    0.376521] pci 0000:00:1c.0: BAR 9: assigned [mem 0xc0000000-0xc01fffff 64bit pref]
[    0.376619] pci 0000:00:1c.0: PCI bridge to [bus 02]
[    0.376702] pci 0000:00:1c.0:   bridge window [io  0x2000-0x2fff]
[    0.376793] pci 0000:00:1c.0:   bridge window [mem 0xee000000-0xee0fffff]
[    0.376885] pci 0000:00:1c.0:   bridge window [mem 0xc0000000-0xc01fffff 64bit pref]
[    0.376987] pci 0000:00:1c.1: PCI bridge to [bus 03]
[    0.377069] pci 0000:00:1c.1:   bridge window [io  0x3000-0x4fff]
[    0.377159] pci 0000:00:1c.1:   bridge window [mem 0xec000000-0xedffffff]
[    0.377252] pci 0000:00:1c.1:   bridge window [mem 0xe4000000-0xe40fffff 64bit pref]
[    0.377353] pci 0000:00:1c.2: PCI bridge to [bus 04-0b]
[    0.377436] pci 0000:00:1c.2:   bridge window [io  0x5000-0x6fff]
[    0.377526] pci 0000:00:1c.2:   bridge window [mem 0xe8000000-0xe9ffffff]
[    0.377618] pci 0000:00:1c.2:   bridge window [mem 0xe4100000-0xe41fffff 64bit pref]
[    0.377719] pci 0000:00:1c.3: PCI bridge to [bus 0c-13]
[    0.377802] pci 0000:00:1c.3:   bridge window [io  0x7000-0x8fff]
[    0.377893] pci 0000:00:1c.3:   bridge window [mem 0xea000000-0xebffffff]
[    0.377985] pci 0000:00:1c.3:   bridge window [mem 0xe4200000-0xe42fffff 64bit pref]
[    0.378096] pci 0000:15:00.0: BAR 9: assigned [mem 0xe0000000-0xe3ffffff pref]
[    0.378193] pci 0000:15:00.0: BAR 10: assigned [mem 0xc4000000-0xc7ffffff]
[    0.378283] pci 0000:15:00.0: BAR 7: assigned [io  0x9000-0x90ff]
[    0.378369] pci 0000:15:00.0: BAR 8: assigned [io  0x9400-0x94ff]
[    0.378463] pci 0000:15:00.0: CardBus bridge to [bus 16-17]
[    0.378546] pci 0000:15:00.0:   bridge window [io  0x9000-0x90ff]
[    0.378636] pci 0000:15:00.0:   bridge window [io  0x9400-0x94ff]
[    0.378725] pci 0000:15:00.0:   bridge window [mem 0xe0000000-0xe3ffffff pref]
[    0.378819] pci 0000:15:00.0:   bridge window [mem 0xc4000000-0xc7ffffff]
[    0.378911] pci 0000:00:1e.0: PCI bridge to [bus 15-18]
[    0.378994] pci 0000:00:1e.0:   bridge window [io  0x9000-0xcfff]
[    0.379085] pci 0000:00:1e.0:   bridge window [mem 0xe4300000-0xe7ffffff]
[    0.379177] pci 0000:00:1e.0:   bridge window [mem 0xe0000000-0xe3ffffff 64bit pref]
[    0.379279] pci_bus 0000:00: resource 4 [io  0x0000-0x0cf7 window]
[    0.379283] pci_bus 0000:00: resource 5 [io  0x0d00-0xffff window]
[    0.379287] pci_bus 0000:00: resource 6 [mem 0x000a0000-0x000bffff window]
[    0.379291] pci_bus 0000:00: resource 7 [mem 0x000d0000-0x000d3fff window]
[    0.379295] pci_bus 0000:00: resource 8 [mem 0x000d4000-0x000d7fff window]
[    0.379299] pci_bus 0000:00: resource 9 [mem 0x000d8000-0x000dbfff window]
[    0.379304] pci_bus 0000:00: resource 10 [mem 0xc0000000-0xfebfffff window]
[    0.379308] pci_bus 0000:00: resource 11 [mem 0xfed40000-0xfed40fff window]
[    0.379312] pci_bus 0000:02: resource 0 [io  0x2000-0x2fff]
[    0.379317] pci_bus 0000:02: resource 1 [mem 0xee000000-0xee0fffff]
[    0.379321] pci_bus 0000:02: resource 2 [mem 0xc0000000-0xc01fffff 64bit pref]
[    0.379325] pci_bus 0000:03: resource 0 [io  0x3000-0x4fff]
[    0.379329] pci_bus 0000:03: resource 1 [mem 0xec000000-0xedffffff]
[    0.379333] pci_bus 0000:03: resource 2 [mem 0xe4000000-0xe40fffff 64bit pref]
[    0.379337] pci_bus 0000:04: resource 0 [io  0x5000-0x6fff]
[    0.379341] pci_bus 0000:04: resource 1 [mem 0xe8000000-0xe9ffffff]
[    0.379346] pci_bus 0000:04: resource 2 [mem 0xe4100000-0xe41fffff 64bit pref]
[    0.379350] pci_bus 0000:0c: resource 0 [io  0x7000-0x8fff]
[    0.379354] pci_bus 0000:0c: resource 1 [mem 0xea000000-0xebffffff]
[    0.379358] pci_bus 0000:0c: resource 2 [mem 0xe4200000-0xe42fffff 64bit pref]
[    0.379362] pci_bus 0000:15: resource 0 [io  0x9000-0xcfff]
[    0.379366] pci_bus 0000:15: resource 1 [mem 0xe4300000-0xe7ffffff]
[    0.379370] pci_bus 0000:15: resource 2 [mem 0xe0000000-0xe3ffffff 64bit pref]
[    0.379374] pci_bus 0000:15: resource 4 [io  0x0000-0x0cf7 window]
[    0.379379] pci_bus 0000:15: resource 5 [io  0x0d00-0xffff window]
[    0.379383] pci_bus 0000:15: resource 6 [mem 0x000a0000-0x000bffff window]
[    0.379387] pci_bus 0000:15: resource 7 [mem 0x000d0000-0x000d3fff window]
[    0.379391] pci_bus 0000:15: resource 8 [mem 0x000d4000-0x000d7fff window]
[    0.379395] pci_bus 0000:15: resource 9 [mem 0x000d8000-0x000dbfff window]
[    0.379399] pci_bus 0000:15: resource 10 [mem 0xc0000000-0xfebfffff window]
[    0.379403] pci_bus 0000:15: resource 11 [mem 0xfed40000-0xfed40fff window]
[    0.379407] pci_bus 0000:16: resource 0 [io  0x9000-0x90ff]
[    0.379411] pci_bus 0000:16: resource 1 [io  0x9400-0x94ff]
[    0.379415] pci_bus 0000:16: resource 2 [mem 0xe0000000-0xe3ffffff pref]
[    0.379420] pci_bus 0000:16: resource 3 [mem 0xc4000000-0xc7ffffff]
[    0.379886] NET: Registered protocol family 2
[    0.380635] tcp_listen_portaddr_hash hash table entries: 512 (order: 2, 20480 bytes)
[    0.380779] TCP established hash table entries: 8192 (order: 3, 32768 bytes)
[    0.380935] TCP bind hash table entries: 8192 (order: 6, 294912 bytes)
[    0.381520] TCP: Hash tables configured (established 8192 bind 8192)
[    0.381936] UDP hash table entries: 512 (order: 3, 40960 bytes)
[    0.382099] UDP-Lite hash table entries: 512 (order: 3, 40960 bytes)
[    0.382399] NET: Registered protocol family 1
[    0.383443] RPC: Registered named UNIX socket transport module.
[    0.383531] RPC: Registered udp transport module.
[    0.383612] RPC: Registered tcp transport module.
[    0.383692] RPC: Registered tcp NFSv4.1 backchannel transport module.
[    0.385796] pci 0000:00:02.0: Video device with shadowed ROM at [mem 0x000c0000-0x000dffff]
[    0.390182] PCI: CLS mismatch (64 != 32), using 64 bytes
[    0.392964] Initialise system trusted keyrings
[    0.393375] workingset: timestamp_bits=30 max_order=20 bucket_order=0
[    0.395470] Installing knfsd (copyright (C) 1996 okir@monad.swb.de).
[    0.395977] ntfs: driver 2.1.32 [Flags: R/W].
[    0.396387] fuse init (API version 7.27)
[    0.397067] pstore: using deflate compression
[    0.400571] Key type asymmetric registered
[    0.400659] Asymmetric key parser 'x509' registered
[    0.400885] bounce: pool size: 64 pages
[    0.401067] Block layer SCSI generic (bsg) driver version 0.4 loaded (major 249)
[    0.401173] io scheduler noop registered
[    0.401249] io scheduler deadline registered
[    0.401361] io scheduler cfq registered (default)
[    0.401440] io scheduler mq-deadline registered
[    0.401550] io scheduler bfq registered
[    0.404336] intel_idle: does not run on family 6 model 14
[    0.404790] ACPI: Deprecated procfs I/F for AC is loaded, please retry with CONFIG_ACPI_PROCFS_POWER cleared
[    0.405090] ACPI: AC Adapter [AC] (on-line)
[    0.405506] input: Lid Switch as /devices/LNXSYSTM:00/LNXSYBUS:00/PNP0C0D:00/input/input0
[    0.405783] ACPI: Lid Switch [LID]
[    0.406091] input: Sleep Button as /devices/LNXSYSTM:00/LNXSYBUS:00/PNP0C0E:00/input/input1
[    0.406268] ACPI: Sleep Button [SLPB]
[    0.406601] input: Power Button as /devices/LNXSYSTM:00/LNXPWRBN:00/input/input2
[    0.406757] ACPI: Power Button [PWRF]
[    0.407295] ACPI: Video Device [VID] (multi-head: yes  rom: no  post: no)
[    0.415221] acpi device:01: registered as cooling_device0
[    0.416024] input: Video Bus as /devices/LNXSYSTM:00/LNXSYBUS:00/PNP0A08:00/LNXVIDEO:00/input/input3
[    0.433297] thermal LNXTHERM:00: registered as thermal_zone0
[    0.433390] ACPI: Thermal Zone [THM0] (59 C)
[    0.437413] thermal LNXTHERM:01: registered as thermal_zone1
[    0.437505] ACPI: Thermal Zone [THM1] (58 C)
[    0.438033] Serial: 8250/16550 driver, 4 ports, IRQ sharing disabled
[    0.438925] serial8250: ttyS1 at I/O 0x2f8 (irq = 3, base_baud = 921600) is a NS16550A
[    0.441587] lp: driver loaded but no devices found
[    0.442145] Non-volatile memory driver v1.3
[    0.442964] intel_rng: FWH not detected
[    0.443360] Linux agpgart interface v0.103
[    0.445085] [drm] radeon kernel modesetting enabled.
[    0.449372] pci 0000:00:00.0: Intel 945GM Chipset
[    0.449664] pci 0000:00:00.0: detected gtt size: 262144K total, 262144K mappable
[    0.450549] pci 0000:00:00.0: detected 8192K stolen memory
[    0.451346] [drm] Replacing VGA console driver
[    0.453111] Console: switching to colour dummy device 80x25
[    0.454787] [drm] Supports vblank timestamp caching Rev 2 (21.10.2013).
[    0.454829] [drm] Driver supports precise vblank timestamp query.
[    0.454881] resource sanity check: requesting [mem 0x000c0000-0x000dffff], which spans more than pnp 00:00 [mem 0x000c8000-0x000cbfff]
[    0.454958] caller pci_map_rom+0x58/0xf0 mapping multiple BARs
[    0.456902] i915 0000:00:02.0: vgaarb: changed VGA decodes: olddecodes=io+mem,decodes=io+mem:owns=io+mem
[    0.470961] ACPI: Deprecated procfs I/F for battery is loaded, please retry with CONFIG_ACPI_PROCFS_POWER cleared
[    0.471044] ACPI: Battery Slot [BAT0] (battery present)
[    0.504090] random: fast init done
[    0.535018] [drm] RC6 disabled, disabling runtime PM support
[    0.535321] [drm] initialized overlay support
[    0.536961] [drm] Initialized i915 1.6.0 20180514 for 0000:00:02.0 on minor 0
[    0.538179] usbcore: registered new interface driver udl
[    0.551825] loop: module loaded
[    0.562454] fbcon: inteldrmfb (fb0) is primary device
[    0.576173] ahci 0000:00:1f.2: version 3.0
[    0.576979] ahci 0000:00:1f.2: AHCI 0001.0100 32 slots 4 ports 1.5 Gbps 0x1 impl SATA mode
[    0.576985] ahci 0000:00:1f.2: flags: 64bit ncq pm led clo pio slum part 
[    0.579610] scsi host0: ahci
[    0.580379] scsi host1: ahci
[    0.580853] scsi host2: ahci
[    0.581342] scsi host3: ahci
[    0.581603] ata1: SATA max UDMA/133 abar m1024@0xee444400 port 0xee444500 irq 16
[    0.581605] ata2: DUMMY
[    0.581608] ata3: DUMMY
[    0.581610] ata4: DUMMY
[    0.581793] ata_piix 0000:00:1f.1: version 2.13
[    0.585012] scsi host4: ata_piix
[    0.586282] scsi host5: ata_piix
[    0.586503] ata5: PATA max UDMA/100 cmd 0x1f0 ctl 0x3f6 bmdma 0x1810 irq 14
[    0.586506] ata6: PATA max UDMA/100 cmd 0x170 ctl 0x376 bmdma 0x1818 irq 15
[    0.587452] tun: Universal TUN/TAP device driver, 1.6
[    0.587700] ata6: port disabled--ignoring
[    0.588840] e1000: Intel(R) PRO/1000 Network Driver - version 7.3.21-k8-NAPI
[    0.588842] e1000: Copyright (c) 1999-2006 Intel Corporation.
[    0.588918] e1000e: Intel(R) PRO/1000 Network Driver - 3.2.6-k
[    0.588920] e1000e: Copyright(c) 1999 - 2015 Intel Corporation.
[    0.589037] e1000e 0000:02:00.0: Disabling ASPM  L1
[    0.589040] e1000e 0000:02:00.0: can't disable ASPM; OS doesn't have ASPM control
[    0.589488] e1000e 0000:02:00.0: Interrupt Throttling Rate (ints/sec) set to dynamic conservative mode
[    0.712903] e1000e 0000:02:00.0 eth0: (PCI Express:2.5GT/s:Width x1) 00:16:d3:25:19:04
[    0.712907] e1000e 0000:02:00.0 eth0: Intel(R) PRO/1000 Network Connection
[    0.712986] e1000e 0000:02:00.0 eth0: MAC: 2, PHY: 2, PBA No: 005302-003
[    0.713256] PPP generic driver version 2.4.2
[    0.713529] PPP BSD Compression module registered
[    0.713532] PPP Deflate Compression module registered
[    0.713535] SLIP: version 0.8.4-NET3.019-NEWTTY (dynamic channels, max=256).
[    0.713537] CSLIP: code copyright 1989 Regents of the University of California.
[    0.713627] iwl3945: Intel(R) PRO/Wireless 3945ABG/BG Network Connection driver for Linux, in-tree:ds
[    0.713628] iwl3945: Copyright(c) 2003-2011 Intel Corporation
[    0.713630] iwl3945: hw_scan is disabled
[    0.713862] iwl3945 0000:03:00.0: can't disable ASPM; OS doesn't have ASPM control
[    0.768676] iwl3945 0000:03:00.0: Tunable channels: 11 802.11bg, 13 802.11a channels
[    0.768680] iwl3945 0000:03:00.0: Detected Intel Wireless WiFi Link 3945ABG
[    0.769590] ieee80211 phy0: Selected rate control algorithm 'iwl-3945-rs'
[    0.770568] Intel(R) Wireless WiFi driver for Linux
[    0.770569] Copyright(c) 2003- 2015 Intel Corporation
[    0.770822] usbcore: registered new interface driver ax88179_178a
[    0.770870] usbcore: registered new interface driver cdc_ether
[    0.770920] usbcore: registered new interface driver net1080
[    0.770963] usbcore: registered new interface driver cdc_subset
[    0.771005] usbcore: registered new interface driver zaurus
[    0.771062] usbcore: registered new interface driver cdc_ncm
[    0.771149] pci 0000:00:1e.0: enabling device (0005 -> 0007)
[    0.771401] yenta_cardbus 0000:15:00.0: CardBus bridge found [17aa:201c]
[    0.904107] ata1: SATA link up 1.5 Gbps (SStatus 113 SControl 300)
[    1.015987] ata1.00: ACPI cmd ef/02:00:00:00:00:a0 (SET FEATURES) succeeded
[    1.015992] ata1.00: ACPI cmd f5/00:00:00:00:00:a0 (SECURITY FREEZE LOCK) filtered out
[    1.015996] ata1.00: ACPI cmd ef/10:03:00:00:00:a0 (SET FEATURES) filtered out
[    1.060074] ata1.00: ATA-9: ST1000LM014-1EJ164, SM11, max UDMA/133
[    1.060077] ata1.00: 1953525168 sectors, multi 16: LBA48 NCQ (depth 32), AA
[    1.104719] ata1.00: ACPI cmd ef/02:00:00:00:00:a0 (SET FEATURES) succeeded
[    1.104723] ata1.00: ACPI cmd f5/00:00:00:00:00:a0 (SECURITY FREEZE LOCK) filtered out
[    1.104728] ata1.00: ACPI cmd ef/10:03:00:00:00:a0 (SET FEATURES) filtered out
[    1.148825] ata1.00: configured for UDMA/133
[    1.223186] Console: switching to colour frame buffer device 102x42
[    1.349805] i915 0000:00:02.0: fb0: inteldrmfb frame buffer device
[    1.353088] scsi 0:0:0:0: Direct-Access     ATA      ST1000LM014-1EJ1 SM11 PQ: 0 ANSI: 5
[    1.356899] sd 0:0:0:0: [sda] 1953525168 512-byte logical blocks: (1.00 TB/932 GiB)
[    1.357052] sd 0:0:0:0: Attached scsi generic sg0 type 0
[    1.359476] sd 0:0:0:0: [sda] 4096-byte physical blocks
[    1.364665] sd 0:0:0:0: [sda] Write Protect is off
[    1.367151] sd 0:0:0:0: [sda] Mode Sense: 00 3a 00 00
[    1.367307] sd 0:0:0:0: [sda] Write cache: enabled, read cache: enabled, doesn't support DPO or FUA
[    1.371913]  sda: sda1 sda2 sda3 sda4
[    1.376624] sd 0:0:0:0: [sda] Attached SCSI disk
[    1.512888] yenta_cardbus 0000:15:00.0: ISA IRQ mask 0x0cb8, PCI irq 16
[    1.515490] yenta_cardbus 0000:15:00.0: Socket status: 30000006
[    1.518091] yenta_cardbus 0000:15:00.0: pcmcia: parent PCI bridge window: [io  0x9000-0xcfff]
[    1.520664] yenta_cardbus 0000:15:00.0: pcmcia: parent PCI bridge window: [mem 0xe4300000-0xe7ffffff]
[    1.523160] pcmcia_socket pcmcia_socket0: cs: memory probe 0xe4300000-0xe7ffffff:
[    1.525710]  excluding 0xe4300000-0xe46cffff
[    1.528266] yenta_cardbus 0000:15:00.0: pcmcia: parent PCI bridge window: [mem 0xe0000000-0xe3ffffff 64bit pref]
[    1.530911] pcmcia_socket pcmcia_socket0: cs: memory probe 0xe0000000-0xe3ffffff:
[    1.533632]  excluding 0xe0000000-0xe3ffffff
[    1.537317] ehci_hcd: USB 2.0 'Enhanced' Host Controller (EHCI) Driver
[    1.539979] ehci-pci: EHCI PCI platform driver
[    1.543177] ehci-pci 0000:00:1d.7: EHCI Host Controller
[    1.546178] ehci-pci 0000:00:1d.7: new USB bus registered, assigned bus number 1
[    1.549027] ehci-pci 0000:00:1d.7: debug port 1
[    1.555767] ehci-pci 0000:00:1d.7: cache line size of 64 is not supported
[    1.555821] ehci-pci 0000:00:1d.7: irq 19, io mem 0xee444000
[    1.572140] ehci-pci 0000:00:1d.7: USB 2.0 started, EHCI 1.00
[    1.575578] usb usb1: New USB device found, idVendor=1d6b, idProduct=0002, bcdDevice= 4.17
[    1.578568] usb usb1: New USB device strings: Mfr=3, Product=2, SerialNumber=1
[    1.581507] usb usb1: Product: EHCI Host Controller
[    1.584392] usb usb1: Manufacturer: Linux 4.17.0-rc6 ehci_hcd
[    1.587233] usb usb1: SerialNumber: 0000:00:1d.7
[    1.590806] hub 1-0:1.0: USB hub found
[    1.593727] hub 1-0:1.0: 8 ports detected
[    1.598514] ohci_hcd: USB 1.1 'Open' Host Controller (OHCI) Driver
[    1.601263] ohci-pci: OHCI PCI platform driver
[    1.604031] uhci_hcd: USB Universal Host Controller Interface driver
[    1.607289] uhci_hcd 0000:00:1d.0: UHCI Host Controller
[    1.610317] uhci_hcd 0000:00:1d.0: new USB bus registered, assigned bus number 2
[    1.613112] uhci_hcd 0000:00:1d.0: detected 2 ports
[    1.615804] uhci_hcd 0000:00:1d.0: irq 16, io base 0x00001820
[    1.618945] usb usb2: New USB device found, idVendor=1d6b, idProduct=0001, bcdDevice= 4.17
[    1.621694] usb usb2: New USB device strings: Mfr=3, Product=2, SerialNumber=1
[    1.624441] usb usb2: Product: UHCI Host Controller
[    1.627145] usb usb2: Manufacturer: Linux 4.17.0-rc6 uhci_hcd
[    1.629840] usb usb2: SerialNumber: 0000:00:1d.0
[    1.633064] hub 2-0:1.0: USB hub found
[    1.635739] hub 2-0:1.0: 2 ports detected
[    1.639455] uhci_hcd 0000:00:1d.1: UHCI Host Controller
[    1.642285] uhci_hcd 0000:00:1d.1: new USB bus registered, assigned bus number 3
[    1.644930] uhci_hcd 0000:00:1d.1: detected 2 ports
[    1.647505] uhci_hcd 0000:00:1d.1: irq 17, io base 0x00001840
[    1.650496] usb usb3: New USB device found, idVendor=1d6b, idProduct=0001, bcdDevice= 4.17
[    1.653096] usb usb3: New USB device strings: Mfr=3, Product=2, SerialNumber=1
[    1.655559] usb usb3: Product: UHCI Host Controller
[    1.657967] usb usb3: Manufacturer: Linux 4.17.0-rc6 uhci_hcd
[    1.660323] usb usb3: SerialNumber: 0000:00:1d.1
[    1.663255] hub 3-0:1.0: USB hub found
[    1.665640] hub 3-0:1.0: 2 ports detected
[    1.669127] uhci_hcd 0000:00:1d.2: UHCI Host Controller
[    1.671636] uhci_hcd 0000:00:1d.2: new USB bus registered, assigned bus number 4
[    1.673955] uhci_hcd 0000:00:1d.2: detected 2 ports
[    1.676294] uhci_hcd 0000:00:1d.2: irq 18, io base 0x00001860
[    1.679020] usb usb4: New USB device found, idVendor=1d6b, idProduct=0001, bcdDevice= 4.17
[    1.681389] usb usb4: New USB device strings: Mfr=3, Product=2, SerialNumber=1
[    1.683694] usb usb4: Product: UHCI Host Controller
[    1.685976] usb usb4: Manufacturer: Linux 4.17.0-rc6 uhci_hcd
[    1.688272] usb usb4: SerialNumber: 0000:00:1d.2
[    1.691182] hub 4-0:1.0: USB hub found
[    1.693560] hub 4-0:1.0: 2 ports detected
[    1.697008] uhci_hcd 0000:00:1d.3: UHCI Host Controller
[    1.699517] uhci_hcd 0000:00:1d.3: new USB bus registered, assigned bus number 5
[    1.701912] uhci_hcd 0000:00:1d.3: detected 2 ports
[    1.704209] uhci_hcd 0000:00:1d.3: irq 19, io base 0x00001880
[    1.706868] usb usb5: New USB device found, idVendor=1d6b, idProduct=0001, bcdDevice= 4.17
[    1.709230] usb usb5: New USB device strings: Mfr=3, Product=2, SerialNumber=1
[    1.711516] usb usb5: Product: UHCI Host Controller
[    1.713815] usb usb5: Manufacturer: Linux 4.17.0-rc6 uhci_hcd
[    1.716081] usb usb5: SerialNumber: 0000:00:1d.3
[    1.718914] hub 5-0:1.0: USB hub found
[    1.721209] hub 5-0:1.0: 2 ports detected
[    1.724356] usbcore: registered new interface driver cdc_acm
[    1.726515] cdc_acm: USB Abstract Control Model driver for USB modems and ISDN adapters
[    1.728850] usbcore: registered new interface driver usblp
[    1.731205] usbcore: registered new interface driver usb-storage
[    1.733502] usbcore: registered new interface driver ums-sddr09
[    1.735839] usbcore: registered new interface driver usbserial_generic
[    1.738090] usbserial: USB Serial support registered for generic
[    1.740372] usbcore: registered new interface driver ch341
[    1.742557] usbserial: USB Serial support registered for ch341-uart
[    1.744792] usbcore: registered new interface driver ftdi_sio
[    1.746973] usbserial: USB Serial support registered for FTDI USB Serial Device
[    1.749316] usbcore: registered new interface driver option
[    1.751567] usbserial: USB Serial support registered for GSM modem (1-port)
[    1.753998] usbcore: registered new interface driver pl2303
[    1.756353] usbserial: USB Serial support registered for pl2303
[    1.758735] usbcore: registered new interface driver ti_usb_3410_5052
[    1.761125] usbserial: USB Serial support registered for TI USB 3410 1 port adapter
[    1.763556] usbserial: USB Serial support registered for TI USB 5052 2 port adapter
[    1.765941] ftdi_elan: driver ftdi-elan
[    1.768290] usbcore: registered new interface driver ftdi-elan
[    1.770792] i8042: PNP: PS/2 Controller [PNP0303:KBD,PNP0f13:MOU] at 0x60,0x64 irq 1,12
[    1.783345] serio: i8042 KBD port at 0x60,0x64 irq 1
[    1.785780] serio: i8042 AUX port at 0x60,0x64 irq 12
[    1.788970] mousedev: PS/2 mouse device common for all mice
[    1.792514] input: PC Speaker as /devices/platform/pcspkr/input/input4
[    1.795559] rtc_cmos 00:02: RTC can wake from S4
[    1.798522] rtc_cmos 00:02: registered as rtc0
[    1.800542] input: AT Translated Set 2 keyboard as /devices/platform/i8042/serio0/input/input5
[    1.801084] rtc_cmos 00:02: alarms up to one month, y3k, 114 bytes nvram, hpet irqs
[    1.806293] usbcore: registered new interface driver uvcvideo
[    1.808806] USB Video Class driver (1.1.1)
[    1.811283] gspca_main: v2.14.0 registered
[    1.813800] usbcore: registered new interface driver sq930x
[    1.817442] device-mapper: ioctl: 4.39.0-ioctl (2018-04-03) initialised: dm-devel@redhat.com
[    1.820082] Bluetooth: HCI UART driver ver 2.3
[    1.822653] Bluetooth: HCI UART protocol H4 registered
[    1.825240] Bluetooth: HCI UART protocol BCSP registered
[    1.827904] usbcore: registered new interface driver btusb
[    1.830573] sdhci: Secure Digital Host Controller Interface driver
[    1.833080] sdhci: Copyright(c) Pierre Ossman
[    1.835665] sdhci-pci 0000:15:00.2: SDHCI controller found [1180:0822] (rev 18)
[    1.838679] sdhci-pci 0000:15:00.2: Will use DMA mode even though HW doesn't fully claim to support it.
[    1.841942] mmc0 bounce up to 128 segments into one, max segment size 65536 bytes
[    1.844759] sdhci-pci 0000:15:00.2: Will use DMA mode even though HW doesn't fully claim to support it.
[    1.848664] mmc0: SDHCI controller on PCI [0000:15:00.2] using DMA
[    1.851730] hidraw: raw HID events driver (C) Jiri Kosina
[    1.855914] usbcore: registered new interface driver usbhid
[    1.858790] usbhid: USB HID core driver
[    1.862434] thinkpad_acpi: ThinkPad ACPI Extras v0.26
[    1.865208] thinkpad_acpi: http://ibm-acpi.sf.net/
[    1.867894] thinkpad_acpi: ThinkPad BIOS 7BETD8WW (2.19 ), EC 7BHT40WW-1.13
[    1.870669] thinkpad_acpi: Lenovo ThinkPad X60, model 17097HU
[    1.879812] thinkpad_acpi: ACPI backlight control delay disabled
[    1.883146] thinkpad_acpi: radio switch found; radios are enabled
[    1.885927] thinkpad_acpi: This ThinkPad has standard ACPI backlight brightness control, supported by the ACPI video driver
[    1.891497] thinkpad_acpi: Disabling thinkpad-acpi brightness events by default...
[    1.905499] thinkpad_acpi: rfkill switch tpacpi_bluetooth_sw: radio is unblocked
[    1.910831] thinkpad_acpi: warning: userspace override of important firmware LEDs is enabled
[    1.919396] thinkpad_acpi: Standard ACPI backlight interface available, not loading native one
[    1.922511] thinkpad_acpi: volume: disabled as there is no ALSA support in this kernel
[    1.926058] thinkpad_acpi: battery 1 registered (start 0, stop 0)
[    1.926076] battery: new extension: ThinkPad Battery Extension
[    1.932433] input: ThinkPad Extra Buttons as /devices/platform/thinkpad_acpi/input/input8
[    1.938502] Slab corruption (Not tainted): kmalloc-96 start=f487df00, len=96
[    1.939972] snd_hda_intel 0000:00:1b.0: probe_mask set to 0x1 for device 17aa:2010
[    1.941501] 030: 6b 6b 6b 6b 6b 6b 6b 6b 6b 6b 6b 6b 7c 05 00 00  kkkkkkkkkkkk|...
[    1.944703] usbcore: registered new interface driver snd-usb-audio
[    1.947488] Prev obj: start=f487de80, len=96
[    1.952333] NET: Registered protocol family 17
[    1.953548] 000: 80 de 87 f4 80 de 87 f4 00 00 00 00 ad 4e ad de  .............N..
[    1.959511] 010: ff ff ff ff ff ff ff ff f0 d4 7e c5 00 00 00 00  ..........~.....
[    1.959816] Bluetooth: RFCOMM TTY layer initialized
[    1.962573] Next obj: start=f487df80, len=96
[    1.962575] 000: 00 00 00 00 ad 4e ad de ff ff ff ff ff ff ff ff  .....N..........
[    1.962579] 010: 28 e0 72 c5 e0 57 42 c5 00 00 00 00 dd 3a f2 c4  (.r..WB......:..
[    1.975802] Bluetooth: RFCOMM socket layer initialized
[    1.978951] Bluetooth: RFCOMM ver 1.11
[    1.982013] Bluetooth: BNEP (Ethernet Emulation) ver 1.3
[    1.985023] Bluetooth: BNEP filters: protocol multicast
[    1.987942] Bluetooth: BNEP socket layer initialized
[    1.990778] Bluetooth: HIDP (Human Interface Emulation) ver 1.2
[    1.993623] Bluetooth: HIDP socket layer initialized
[    1.996800] microcode: sig=0x6e8, pf=0x20, revision=0x39
[    2.000058] microcode: Microcode Update Driver: v2.2.
[    2.000065] Using IPI No-Shortcut mode
[    2.002989] sdhci-pci 0000:15:00.2: Will use DMA mode even though HW doesn't fully claim to support it.
[    2.006692] Loading compiled-in X.509 certificates
[    2.012689] Key type encrypted registered
[    2.016471] rtc_cmos 00:02: setting system clock to 2018-05-29 11:20:46 UTC (1527592846)
[    2.021515] snd_hda_codec_analog hdaudioC0D0: autoconfig for AD1981: line_outs=1 (0x5/0x0/0x0/0x0/0x0) type:speaker
[    2.027906] snd_hda_codec_analog hdaudioC0D0:    speaker_outs=0 (0x0/0x0/0x0/0x0/0x0)
[    2.031123] snd_hda_codec_analog hdaudioC0D0:    hp_outs=0 (0x0/0x0/0x0/0x0/0x0)
[    2.034305] snd_hda_codec_analog hdaudioC0D0:    mono: mono_out=0x0
[    2.037321] snd_hda_codec_analog hdaudioC0D0:    inputs:
[    2.037481] cfg80211: Loading compiled-in X.509 certificates for regulatory database
[    2.040259] snd_hda_codec_analog hdaudioC0D0:      Mic=0x8
[    2.045613] cfg80211: Loaded X.509 cert 'sforshee: 00b28ddf47aef9cea7'
[    2.046146] snd_hda_codec_analog hdaudioC0D0:      CD=0x19
[    2.049536] platform regulatory.0: Direct firmware load for regulatory.db failed with error -2
[    2.055019] cfg80211: failed to load regulatory.db
[    2.077925] sdhci-pci 0000:15:00.2: Will use DMA mode even though HW doesn't fully claim to support it.
[    2.134294] PM: Image not found (code -22)
[    2.134336] ALSA device list:
[    2.139415]   #0: HDA Intel at 0xee240000 irq 17
[    2.146949] sdhci-pci 0000:15:00.2: Will use DMA mode even though HW doesn't fully claim to support it.
[    2.192108] usb 5-1: new full-speed USB device number 2 using uhci_hcd
[    2.224426] sdhci-pci 0000:15:00.2: Will use DMA mode even though HW doesn't fully claim to support it.
[    2.385266] usb 5-1: New USB device found, idVendor=0a5c, idProduct=2110, bcdDevice= 1.00
[    2.390872] usb 5-1: New USB device strings: Mfr=1, Product=2, SerialNumber=0
[    2.396440] usb 5-1: Product: BCM2045B
[    2.401847] usb 5-1: Manufacturer: Broadcom Corp
[    2.496832] psmouse serio1: trackpoint: IBM TrackPoint firmware: 0x0e, buttons: 3/3
[    2.520119] input: TPPS/2 IBM TrackPoint as /devices/platform/i8042/serio1/input/input7
[    2.530744] md: Waiting for all devices to be available before autodetect
[    2.534985] md: If you don't use raid, use raid=noautodetect
[    2.540214] md: Autodetecting RAID arrays.
[    2.543446] md: autorun ...
[    2.546656] md: ... autorun DONE.
[    2.562266] EXT4-fs (sda4): mounted filesystem with ordered data mode. Opts: (null)
[    2.566675] VFS: Mounted root (ext4 filesystem) readonly on device 8:4.
[    2.571542] devtmpfs: mounted
[    2.575386] Freeing unused kernel memory: 596K
[    2.592473] Write protecting the kernel text: 12116k
[    2.596706] Write protecting the kernel read-only data: 4768k
[    2.600798] NX-protecting the kernel data: 6316k
[    2.605513] x86/mm: Checked W+X mappings: passed, no W+X pages found.
[    2.609539] rodata_test: all tests were successful
[    3.104350] random: systemd: uninitialized urandom read (16 bytes read)
[    3.112317] systemd[1]: systemd 215 running in system mode. (+PAM +AUDIT +SELINUX +IMA +SYSVINIT +LIBCRYPTSETUP +GCRYPT +ACL +XZ -SECCOMP -APPARMOR)
[    3.144315] systemd[1]: Detected architecture 'x86'.
[    3.156113] usb 5-2: new full-speed USB device number 3 using uhci_hcd
[    3.266764] systemd[1]: Failed to insert module 'ipv6'
[    3.281210] systemd[1]: Set hostname to <amd>.
[    3.358470] usb 5-2: New USB device found, idVendor=0483, idProduct=2016, bcdDevice= 0.01
[    3.361542] usb 5-2: New USB device strings: Mfr=1, Product=2, SerialNumber=0
[    3.364595] usb 5-2: Product: Biometric Coprocessor
[    3.367178] random: systemd-sysv-ge: uninitialized urandom read (16 bytes read)
[    3.367488] usb 5-2: Manufacturer: STMicroelectronics
[    3.718547] random: systemd-sysv-ge: uninitialized urandom read (16 bytes read)
[    4.184368] systemd[1]: Binding to IPv6 address not available since kernel does not support IPv6.
[    4.189443] systemd[1]: [/lib/systemd/system/gpsd.socket:6] Failed to parse address value, ignoring: [::1]:2947
[    4.201404] systemd[1]: Starting Forward Password Requests to Wall Directory Watch.
[    4.204870] systemd[1]: Started Forward Password Requests to Wall Directory Watch.
[    4.207831] systemd[1]: Starting Remote File Systems (Pre).
[    4.216809] systemd[1]: Reached target Remote File Systems (Pre).
[    5.083156] systemd-udevd[2313]: starting version 215
[    5.194361] random: crng init done
[    5.198075] random: 7 urandom warning(s) missed due to ratelimiting
[    6.233477] EXT4-fs (sda4): re-mounted. Opts: errors=remount-ro
[    6.693839] e1000e 0000:02:00.0 eth1: renamed from eth0
[    6.712310] systemd-udevd[2369]: renamed network interface eth0 to eth1
[    8.449513] Adding 2097148k swap on /dev/sda1.  Priority:-2 extents:1 across:2097148k 
[    8.661456] EXT4-fs (sda2): mounted filesystem with ordered data mode. Opts: errors=remount-ro
[    8.981836] systemd-journald[2309]: Received request to flush runtime journal from PID 1
[   13.563452] NFSD: Using /var/lib/nfs/v4recovery as the NFSv4 state recovery directory
[   13.571050] NFSD: starting 90-second grace period (net f0000098)
[   16.932448] iwl3945 0000:03:00.0: loaded firmware version 15.32.2.9
[   20.968287] wlan0: authenticate with 00:00:00:00:00:01
[   20.970568] wlan0: send auth to 00:00:00:00:00:01 (try 1/3)
[   20.972814] wlan0: authenticated
[   20.976192] wlan0: associate with 00:00:00:00:00:01 (try 1/3)
[   20.980544] wlan0: RX AssocResp from 00:00:00:00:00:01 (capab=0x401 status=0 aid=5)
[   20.986978] wlan0: associated
