[    0.000000] Linux version 5.8.0-rc7 (pavel@duo) (gcc (Debian 8.3.0-6) 8.3.0, GNU ld (GNU Binutils for Debian) 2.31.1) #124 SMP PREEMPT Wed Jul 29 21:34:30 CEST 2020
[    0.000000] Command line: BOOT_IMAGE=(hd1,2)/l/k/o/64/arch/x86/boot/bzImage root=/dev/sdb3 resume=/dev/sda1
[    0.000000] Disabled fast string operations
[    0.000000] x86/fpu: Supporting XSAVE feature 0x001: 'x87 floating point registers'
[    0.000000] x86/fpu: Supporting XSAVE feature 0x002: 'SSE registers'
[    0.000000] x86/fpu: Supporting XSAVE feature 0x004: 'AVX registers'
[    0.000000] x86/fpu: xstate_offset[2]:  576, xstate_sizes[2]:  256
[    0.000000] x86/fpu: Enabled xstate features 0x7, context size is 832 bytes, using 'standard' format.
[    0.000000] BIOS-provided physical RAM map:
[    0.000000] BIOS-e820: [mem 0x0000000000000000-0x000000000009d7ff] usable
[    0.000000] BIOS-e820: [mem 0x000000000009d800-0x000000000009ffff] reserved
[    0.000000] BIOS-e820: [mem 0x00000000000e0000-0x00000000000fffff] reserved
[    0.000000] BIOS-e820: [mem 0x0000000000100000-0x000000001fffffff] usable
[    0.000000] BIOS-e820: [mem 0x0000000020000000-0x00000000201fffff] reserved
[    0.000000] BIOS-e820: [mem 0x0000000020200000-0x000000003fffffff] usable
[    0.000000] BIOS-e820: [mem 0x0000000040000000-0x00000000401fffff] reserved
[    0.000000] BIOS-e820: [mem 0x0000000040200000-0x00000000da99efff] usable
[    0.000000] BIOS-e820: [mem 0x00000000da99f000-0x00000000dae9efff] reserved
[    0.000000] BIOS-e820: [mem 0x00000000dae9f000-0x00000000daf9efff] ACPI NVS
[    0.000000] BIOS-e820: [mem 0x00000000daf9f000-0x00000000daffefff] ACPI data
[    0.000000] BIOS-e820: [mem 0x00000000dafff000-0x00000000daffffff] usable
[    0.000000] BIOS-e820: [mem 0x00000000db000000-0x00000000df9fffff] reserved
[    0.000000] BIOS-e820: [mem 0x00000000f8000000-0x00000000fbffffff] reserved
[    0.000000] BIOS-e820: [mem 0x00000000fec00000-0x00000000fec00fff] reserved
[    0.000000] BIOS-e820: [mem 0x00000000fed08000-0x00000000fed08fff] reserved
[    0.000000] BIOS-e820: [mem 0x00000000fed10000-0x00000000fed19fff] reserved
[    0.000000] BIOS-e820: [mem 0x00000000fed1c000-0x00000000fed1ffff] reserved
[    0.000000] BIOS-e820: [mem 0x00000000fee00000-0x00000000fee00fff] reserved
[    0.000000] BIOS-e820: [mem 0x00000000ffd20000-0x00000000ffffffff] reserved
[    0.000000] BIOS-e820: [mem 0x0000000100000000-0x000000019e5fffff] usable
[    0.000000] BIOS-e820: [mem 0x000000019e600000-0x000000019e7fffff] reserved
[    0.000000] NX (Execute Disable) protection: active
[    0.000000] SMBIOS 2.6 present.
[    0.000000] DMI: LENOVO 42872WU/42872WU, BIOS 8DET74WW (1.44 ) 03/13/2018
[    0.000000] tsc: Fast TSC calibration using PIT
[    0.000000] tsc: Detected 2492.049 MHz processor
[    0.000644] e820: update [mem 0x00000000-0x00000fff] usable ==> reserved
[    0.000646] e820: remove [mem 0x000a0000-0x000fffff] usable
[    0.000654] last_pfn = 0x19e600 max_arch_pfn = 0x400000000
[    0.000660] MTRR default type: uncachable
[    0.000661] MTRR fixed ranges enabled:
[    0.000663]   00000-9FFFF write-back
[    0.000665]   A0000-BFFFF uncachable
[    0.000667]   C0000-FFFFF write-protect
[    0.000668] MTRR variable ranges enabled:
[    0.000670]   0 base 0FFC00000 mask FFFC00000 write-protect
[    0.000672]   1 base 000000000 mask F80000000 write-back
[    0.000673]   2 base 080000000 mask FC0000000 write-back
[    0.000675]   3 base 0C0000000 mask FE0000000 write-back
[    0.000676]   4 base 0DC000000 mask FFC000000 uncachable
[    0.000678]   5 base 0DB000000 mask FFF000000 uncachable
[    0.000679]   6 base 100000000 mask F80000000 write-back
[    0.000681]   7 base 180000000 mask FE0000000 write-back
[    0.000682]   8 base 19F000000 mask FFF000000 uncachable
[    0.000684]   9 base 19E800000 mask FFF800000 uncachable
[    0.001474] x86/PAT: Configuration [0-7]: WB  WC  UC- UC  WB  WP  UC- WT  
[    0.002808] last_pfn = 0xdb000 max_arch_pfn = 0x400000000
[    0.002829] reserving inaccessible SNB gfx pages
[    0.003802] ACPI: Early table checksum verification disabled
[    0.003809] ACPI: RSDP 0x00000000000F00E0 000024 (v02 LENOVO)
[    0.003815] ACPI: XSDT 0x00000000DAFFE120 0000AC (v01 LENOVO TP-8D    00001440 PTEC 00000002)
[    0.003822] ACPI: FACP 0x00000000DAFE7000 0000F4 (v04 LENOVO TP-8D    00001440 PTL  00000002)
[    0.003830] ACPI: DSDT 0x00000000DAFEA000 00FA89 (v01 LENOVO TP-8D    00001440 INTL 20061109)
[    0.003836] ACPI: FACS 0x00000000DAF2D000 000040
[    0.003840] ACPI: FACS 0x00000000DAF2D000 000040
[    0.003844] ACPI: SLIC 0x00000000DAFFD000 000176 (v01 LENOVO TP-8D    00001440 PTEC 00000001)
[    0.003848] ACPI: SSDT 0x00000000DAFFC000 000249 (v01 LENOVO TP-SSDT2 00000200 INTL 20061109)
[    0.003853] ACPI: SSDT 0x00000000DAFFB000 000033 (v01 LENOVO TP-SSDT1 00000100 INTL 20061109)
[    0.003858] ACPI: SSDT 0x00000000DAFFA000 0007D1 (v01 LENOVO SataAhci 00001000 INTL 20061109)
[    0.003863] ACPI: HPET 0x00000000DAFE6000 000038 (v01 LENOVO TP-8D    00001440 PTL  00000002)
[    0.003867] ACPI: APIC 0x00000000DAFE5000 000098 (v01 LENOVO TP-8D    00001440 PTL  00000002)
[    0.003872] ACPI: MCFG 0x00000000DAFE4000 00003C (v01 LENOVO TP-8D    00001440 PTL  00000002)
[    0.003877] ACPI: ECDT 0x00000000DAFE3000 000052 (v01 LENOVO TP-8D    00001440 PTL  00000002)
[    0.003881] ACPI: ASF! 0x00000000DAFE9000 0000A5 (v32 LENOVO TP-8D    00001440 PTL  00000002)
[    0.003886] ACPI: TCPA 0x00000000DAFE2000 000032 (v02 PTL    LENOVO   06040000 LNVO 00000001)
[    0.003891] ACPI: SSDT 0x00000000DAFE1000 000A27 (v01 PmRef  Cpu0Ist  00003000 INTL 20061109)
[    0.003896] ACPI: SSDT 0x00000000DAFE0000 000996 (v01 PmRef  CpuPm    00003000 INTL 20061109)
[    0.003901] ACPI: DMAR 0x00000000DAFDF000 0000E8 (v01 INTEL  SNB      00000001 INTL 00000001)
[    0.003906] ACPI: UEFI 0x00000000DAFDE000 00003E (v01 LENOVO TP-8D    00001440 PTL  00000002)
[    0.003910] ACPI: UEFI 0x00000000DAFDD000 000042 (v01 PTL    COMBUF   00000001 PTL  00000001)
[    0.003915] ACPI: UEFI 0x00000000DAFDC000 000292 (v01 LENOVO TP-8D    00001440 PTL  00000002)
[    0.003924] ACPI: Local APIC address 0xfee00000
[    0.003964] Zone ranges:
[    0.003966]   DMA      [mem 0x0000000000001000-0x0000000000ffffff]
[    0.003969]   DMA32    [mem 0x0000000001000000-0x00000000ffffffff]
[    0.003971]   Normal   [mem 0x0000000100000000-0x000000019e5fffff]
[    0.003973] Movable zone start for each node
[    0.003975] Early memory node ranges
[    0.003977]   node   0: [mem 0x0000000000001000-0x000000000009cfff]
[    0.003980]   node   0: [mem 0x0000000000100000-0x000000001fffffff]
[    0.003982]   node   0: [mem 0x0000000020200000-0x000000003fffffff]
[    0.003984]   node   0: [mem 0x0000000040200000-0x00000000da99efff]
[    0.003986]   node   0: [mem 0x00000000dafff000-0x00000000daffffff]
[    0.003988]   node   0: [mem 0x0000000100000000-0x000000019e5fffff]
[    0.004263] Zeroed struct page in unavailable ranges: 29892 pages
[    0.004264] Initmem setup node 0 [mem 0x0000000000001000-0x000000019e5fffff]
[    0.004268] On node 0 totalpages: 1542972
[    0.004270]   DMA zone: 56 pages used for memmap
[    0.004271]   DMA zone: 156 pages reserved
[    0.004273]   DMA zone: 3996 pages, LIFO batch:0
[    0.004311]   DMA32 zone: 12172 pages used for memmap
[    0.004313]   DMA32 zone: 890272 pages, LIFO batch:63
[    0.012309]   Normal zone: 8869 pages used for memmap
[    0.012312]   Normal zone: 648704 pages, LIFO batch:63
[    0.018117] Reserving Intel graphics memory at [mem 0xdba00000-0xdf9fffff]
[    0.018297] ACPI: PM-Timer IO Port: 0x408
[    0.018301] ACPI: Local APIC address 0xfee00000
[    0.018308] ACPI: LAPIC_NMI (acpi_id[0x00] high edge lint[0x1])
[    0.018311] ACPI: LAPIC_NMI (acpi_id[0x01] high edge lint[0x1])
[    0.018328] IOAPIC[0]: apic_id 2, version 32, address 0xfec00000, GSI 0-23
[    0.018331] ACPI: INT_SRC_OVR (bus 0 bus_irq 0 global_irq 2 dfl dfl)
[    0.018335] ACPI: INT_SRC_OVR (bus 0 bus_irq 9 global_irq 9 high level)
[    0.018338] ACPI: IRQ0 used by override.
[    0.018339] ACPI: IRQ9 used by override.
[    0.018343] Using ACPI (MADT) for SMP configuration information
[    0.018345] ACPI: HPET id: 0x8086a301 base: 0xfed00000
[    0.018350] TSC deadline timer available
[    0.018353] smpboot: Allowing 8 CPUs, 4 hotplug CPUs
[    0.018380] PM: hibernation: Registered nosave memory: [mem 0x00000000-0x00000fff]
[    0.018383] PM: hibernation: Registered nosave memory: [mem 0x0009d000-0x0009dfff]
[    0.018385] PM: hibernation: Registered nosave memory: [mem 0x0009e000-0x0009ffff]
[    0.018387] PM: hibernation: Registered nosave memory: [mem 0x000a0000-0x000dffff]
[    0.018389] PM: hibernation: Registered nosave memory: [mem 0x000e0000-0x000fffff]
[    0.018392] PM: hibernation: Registered nosave memory: [mem 0x20000000-0x201fffff]
[    0.018395] PM: hibernation: Registered nosave memory: [mem 0x40000000-0x401fffff]
[    0.018397] PM: hibernation: Registered nosave memory: [mem 0xda99f000-0xdae9efff]
[    0.018399] PM: hibernation: Registered nosave memory: [mem 0xdae9f000-0xdaf9efff]
[    0.018401] PM: hibernation: Registered nosave memory: [mem 0xdaf9f000-0xdaffefff]
[    0.018404] PM: hibernation: Registered nosave memory: [mem 0xdb000000-0xdf9fffff]
[    0.018406] PM: hibernation: Registered nosave memory: [mem 0xdfa00000-0xf7ffffff]
[    0.018408] PM: hibernation: Registered nosave memory: [mem 0xf8000000-0xfbffffff]
[    0.018410] PM: hibernation: Registered nosave memory: [mem 0xfc000000-0xfebfffff]
[    0.018412] PM: hibernation: Registered nosave memory: [mem 0xfec00000-0xfec00fff]
[    0.018414] PM: hibernation: Registered nosave memory: [mem 0xfec01000-0xfed07fff]
[    0.018416] PM: hibernation: Registered nosave memory: [mem 0xfed08000-0xfed08fff]
[    0.018418] PM: hibernation: Registered nosave memory: [mem 0xfed09000-0xfed0ffff]
[    0.018419] PM: hibernation: Registered nosave memory: [mem 0xfed10000-0xfed19fff]
[    0.018421] PM: hibernation: Registered nosave memory: [mem 0xfed1a000-0xfed1bfff]
[    0.018423] PM: hibernation: Registered nosave memory: [mem 0xfed1c000-0xfed1ffff]
[    0.018425] PM: hibernation: Registered nosave memory: [mem 0xfed20000-0xfedfffff]
[    0.018427] PM: hibernation: Registered nosave memory: [mem 0xfee00000-0xfee00fff]
[    0.018429] PM: hibernation: Registered nosave memory: [mem 0xfee01000-0xffd1ffff]
[    0.018431] PM: hibernation: Registered nosave memory: [mem 0xffd20000-0xffffffff]
[    0.018435] [mem 0xdfa00000-0xf7ffffff] available for PCI devices
[    0.018439] clocksource: refined-jiffies: mask: 0xffffffff max_cycles: 0xffffffff, max_idle_ns: 7645519600211568 ns
[    0.018446] setup_percpu: NR_CPUS:8 nr_cpumask_bits:8 nr_cpu_ids:8 nr_node_ids:1
[    0.020231] percpu: Embedded 60 pages/cpu s208528 r8192 d29040 u262144
[    0.020239] pcpu-alloc: s208528 r8192 d29040 u262144 alloc=1*2097152
[    0.020241] pcpu-alloc: [0] 0 1 2 3 4 5 6 7 
[    0.020266] Built 1 zonelists, mobility grouping on.  Total pages: 1521719
[    0.020271] Kernel command line: BOOT_IMAGE=(hd1,2)/l/k/o/64/arch/x86/boot/bzImage root=/dev/sdb3 resume=/dev/sda1
[    0.024141] Dentry cache hash table entries: 1048576 (order: 11, 8388608 bytes, linear)
[    0.026046] Inode-cache hash table entries: 524288 (order: 10, 4194304 bytes, linear)
[    0.026141] mem auto-init: stack:off, heap alloc:off, heap free:off
[    0.299945] Memory: 5970188K/6171888K available (16387K kernel code, 1103K rwdata, 5808K rodata, 1084K init, 5804K bss, 201700K reserved, 0K cma-reserved)
[    0.299970] random: get_random_u32 called from cache_grow_begin.constprop.84+0x2d8/0xe50 with crng_init=0
[    0.300586] Kernel/User page tables isolation: enabled
[    0.300785] rcu: Preemptible hierarchical RCU implementation.
[    0.300788] 	Trampoline variant of Tasks RCU enabled.
[    0.300790] rcu: RCU calculated value of scheduler-enlistment delay is 25 jiffies.
[    0.300821] NR_IRQS: 4352, nr_irqs: 104, preallocated irqs: 16
[    0.302801] Console: colour VGA+ 80x25
[    0.311778] printk: console [tty0] enabled
[    0.311838] Lock dependency validator: Copyright (c) 2006 Red Hat, Inc., Ingo Molnar
[    0.311910] ... MAX_LOCKDEP_SUBCLASSES:  8
[    0.311969] ... MAX_LOCK_DEPTH:          48
[    0.312029] ... MAX_LOCKDEP_KEYS:        8192
[    0.312088] ... CLASSHASH_SIZE:          4096
[    0.312148] ... MAX_LOCKDEP_ENTRIES:     32768
[    0.312208] ... MAX_LOCKDEP_CHAINS:      65536
[    0.312269] ... CHAINHASH_SIZE:          32768
[    0.312329]  memory used by lock dependency info: 3573 kB
[    0.312393]  per task-struct memory footprint: 1920 bytes
[    0.312463] ACPI: Core revision 20200528
[    0.312810] clocksource: hpet: mask: 0xffffffff max_cycles: 0xffffffff, max_idle_ns: 133484882848 ns
[    0.312920] APIC: Switch to symmetric I/O mode setup
[    0.313441] ..TIMER: vector=0x30 apic1=0 pin1=2 apic2=-1 pin2=-1
[    0.332919] clocksource: tsc-early: mask: 0xffffffffffffffff max_cycles: 0x23ebe2d1413, max_idle_ns: 440795305517 ns
[    0.333017] Calibrating delay loop (skipped), value calculated using timer frequency.. 4984.09 BogoMIPS (lpj=9968196)
[    0.333114] pid_max: default: 32768 minimum: 301
[    0.333329] Mount-cache hash table entries: 16384 (order: 5, 131072 bytes, linear)
[    0.333418] Mountpoint-cache hash table entries: 16384 (order: 5, 131072 bytes, linear)
[    0.333935] Disabled fast string operations
[    0.334007] process: using mwait in idle threads
[    0.334071] Last level iTLB entries: 4KB 512, 2MB 8, 4MB 8
[    0.334136] Last level dTLB entries: 4KB 512, 2MB 32, 4MB 32, 1GB 0
[    0.334205] Spectre V1 : Mitigation: usercopy/swapgs barriers and __user pointer sanitization
[    0.334293] Spectre V2 : Mitigation: Full generic retpoline
[    0.334358] Spectre V2 : Spectre v2 / SpectreRSB mitigation: Filling RSB on context switch
[    0.334432] Spectre V2 : Enabling Restricted Speculation for firmware calls
[    0.334503] Spectre V2 : mitigation: Enabling conditional Indirect Branch Prediction Barrier
[    0.334579] Spectre V2 : User space: Mitigation: STIBP via prctl
[    0.334646] Speculative Store Bypass: Vulnerable
[    0.334708] MDS: Vulnerable: Clear CPU buffers attempted, no microcode
[    0.334906] Freeing SMP alternatives memory: 48K
[    0.336009] smpboot: CPU0: Intel(R) Core(TM) i5-2520M CPU @ 2.50GHz (family: 0x6, model: 0x2a, stepping: 0x7)
[    0.336917] Performance Events: PEBS fmt1+, SandyBridge events, 16-deep LBR, full-width counters, Intel PMU driver.
[    0.337016] ... version:                3
[    0.337016] ... bit width:              48
[    0.337016] ... generic registers:      4
[    0.337016] ... value mask:             0000ffffffffffff
[    0.337016] ... max period:             00007fffffffffff
[    0.337016] ... fixed-purpose events:   3
[    0.337016] ... event mask:             000000070000000f
[    0.337016] rcu: Hierarchical SRCU implementation.
[    0.337016] NMI watchdog: Enabled. Permanently consumes one hw-PMU counter.
[    0.337016] smp: Bringing up secondary CPUs ...
[    0.337556] x86: Booting SMP configuration:
[    0.337622] .... node  #0, CPUs:      #1
[    0.015941] Disabled fast string operations
[    0.339960] MDS CPU bug present and SMT on, data leak possible. See https://www.kernel.org/doc/html/latest/admin-guide/hw-vuln/mds.html for more details.
[    0.339960]  #2
[    0.015941] Disabled fast string operations
[    0.343273]  #3
[    0.015941] Disabled fast string operations
[    0.345144] smp: Brought up 1 node, 4 CPUs
[    0.345307] smpboot: Max logical packages: 2
[    0.345369] smpboot: Total of 4 processors activated (19936.39 BogoMIPS)
[    0.348386] devtmpfs: initialized
[    0.349270] PM: Registering ACPI NVS region [mem 0xdae9f000-0xdaf9efff] (1048576 bytes)
[    0.349717] clocksource: jiffies: mask: 0xffffffff max_cycles: 0xffffffff, max_idle_ns: 7645041785100000 ns
[    0.349717] futex hash table entries: 2048 (order: 6, 262144 bytes, linear)
[    0.349717] thermal_sys: Registered thermal governor 'step_wise'
[    0.349773] NET: Registered protocol family 16
[    0.350876] cpuidle: using governor ladder
[    0.350952] cpuidle: using governor menu
[    0.350952] ACPI FADT declares the system doesn't support PCIe ASPM, so disable it
[    0.350952] ACPI: bus type PCI registered
[    0.350952] PCI: MMCONFIG for domain 0000 [bus 00-3f] at [mem 0xf8000000-0xfbffffff] (base 0xf8000000)
[    0.350952] PCI: MMCONFIG at [mem 0xf8000000-0xfbffffff] reserved in E820
[    0.350952] PCI: Using configuration type 1 for base access
[    0.350952] core: PMU erratum BJ122, BV98, HSD29 worked around, HT is on
[    0.353079] ENERGY_PERF_BIAS: Set to 'normal', was 'performance'
[    0.381205] ACPI: Added _OSI(Module Device)
[    0.381271] ACPI: Added _OSI(Processor Device)
[    0.381333] ACPI: Added _OSI(3.0 _SCP Extensions)
[    0.381396] ACPI: Added _OSI(Processor Aggregator Device)
[    0.381463] ACPI: Added _OSI(Linux-Dell-Video)
[    0.381526] ACPI: Added _OSI(Linux-Lenovo-NV-HDMI-Audio)
[    0.381592] ACPI: Added _OSI(Linux-HPI-Hybrid-Graphics)
[    0.426712] ACPI: 6 ACPI AML tables successfully acquired and loaded
[    0.429406] ACPI: EC: EC started
[    0.429465] ACPI: EC: interrupt blocked
[    0.432216] ACPI: EC: EC_CMD/EC_SC=0x66, EC_DATA=0x62
[    0.432281] ACPI: EC: Boot ECDT EC used to handle transactions
[    0.432991] ACPI: [Firmware Bug]: BIOS _OSI(Linux) query ignored
[    0.443569] ACPI: Dynamic OEM Table Load:
[    0.443643] ACPI: SSDT 0xFFFF888197449000 0008C0 (v01 PmRef  Cpu0Cst  00003001 INTL 20061109)
[    0.446531] ACPI: Dynamic OEM Table Load:
[    0.446603] ACPI: SSDT 0xFFFF888197170C00 000303 (v01 PmRef  ApIst    00003000 INTL 20061109)
[    0.448959] ACPI: Dynamic OEM Table Load:
[    0.449030] ACPI: SSDT 0xFFFF888197ED6A00 000119 (v01 PmRef  ApCst    00003000 INTL 20061109)
[    0.453045] ACPI: Interpreter enabled
[    0.453150] ACPI: (supports S0 S3 S4 S5)
[    0.453213] ACPI: Using IOAPIC for interrupt routing
[    0.453354] PCI: Using host bridge windows from ACPI; if necessary, use "pci=nocrs" and report a bug
[    0.454185] ACPI: Enabled 6 GPEs in block 00 to 3F
[    0.466184] ACPI: Power Resource [PUBS] (on)
[    0.466818] acpi PNP0C0A:01: ACPI dock station (docks/bays count: 1)
[    0.471019] acpi LNXIOBAY:00: ACPI dock station (docks/bays count: 2)
[    0.477237] acpi IBM0079:00: ACPI dock station (docks/bays count: 3)
[    0.479157] ACPI: PCI Interrupt Link [LNKA] (IRQs 3 4 5 6 7 9 10 *11)
[    0.479598] ACPI: PCI Interrupt Link [LNKB] (IRQs 3 4 5 6 7 9 10 *11)
[    0.480036] ACPI: PCI Interrupt Link [LNKC] (IRQs 3 4 5 6 7 9 10 *11)
[    0.480488] ACPI: PCI Interrupt Link [LNKD] (IRQs 3 4 5 6 7 9 *10 11)
[    0.480928] ACPI: PCI Interrupt Link [LNKE] (IRQs 3 4 5 6 *7 9 10 11)
[    0.481287] ACPI: PCI Interrupt Link [LNKF] (IRQs 3 4 5 6 7 9 10 11) *0, disabled.
[    0.481730] ACPI: PCI Interrupt Link [LNKG] (IRQs 3 4 5 6 *7 9 10 11)
[    0.482171] ACPI: PCI Interrupt Link [LNKH] (IRQs 3 4 5 6 7 9 *10 11)
[    0.482497] ACPI: PCI Root Bridge [PCI0] (domain 0000 [bus 00-fe])
[    0.482574] acpi PNP0A08:00: _OSC: OS supports [ExtendedConfig ASPM ClockPM Segments HPX-Type3]
[    0.483083] acpi PNP0A08:00: _OSC: not requesting OS control; OS requires [ExtendedConfig ASPM ClockPM MSI]
[    0.483186] acpi PNP0A08:00: [Firmware Info]: MMCONFIG for domain 0000 [bus 00-3f] only partially covers this bridge
[    0.483428] PCI host bridge to bus 0000:00
[    0.483493] pci_bus 0000:00: root bus resource [io  0x0000-0x0cf7 window]
[    0.483566] pci_bus 0000:00: root bus resource [io  0x0d00-0xffff window]
[    0.483639] pci_bus 0000:00: root bus resource [mem 0x000a0000-0x000bffff window]
[    0.483714] pci_bus 0000:00: root bus resource [mem 0xdfa00000-0xfebfffff window]
[    0.483790] pci_bus 0000:00: root bus resource [mem 0xfed40000-0xfed4bfff window]
[    0.483866] pci_bus 0000:00: root bus resource [bus 00-fe]
[    0.483959] pci 0000:00:00.0: [8086:0104] type 00 class 0x060000
[    0.484268] pci 0000:00:02.0: [8086:0126] type 00 class 0x030000
[    0.484363] pci 0000:00:02.0: reg 0x10: [mem 0xf0000000-0xf03fffff 64bit]
[    0.484443] pci 0000:00:02.0: reg 0x18: [mem 0xe0000000-0xefffffff 64bit pref]
[    0.484522] pci 0000:00:02.0: reg 0x20: [io  0x5000-0x503f]
[    0.484943] pci 0000:00:16.0: [8086:1c3a] type 00 class 0x078000
[    0.485047] pci 0000:00:16.0: reg 0x10: [mem 0xf2525000-0xf252500f 64bit]
[    0.485219] pci 0000:00:16.0: PME# supported from D0 D3hot D3cold
[    0.485521] pci 0000:00:19.0: [8086:1502] type 00 class 0x020000
[    0.485617] pci 0000:00:19.0: reg 0x10: [mem 0xf2500000-0xf251ffff]
[    0.485696] pci 0000:00:19.0: reg 0x14: [mem 0xf252b000-0xf252bfff]
[    0.485776] pci 0000:00:19.0: reg 0x18: [io  0x5080-0x509f]
[    0.485922] pci 0000:00:19.0: PME# supported from D0 D3hot D3cold
[    0.486284] pci 0000:00:1a.0: [8086:1c2d] type 00 class 0x0c0320
[    0.486380] pci 0000:00:1a.0: reg 0x10: [mem 0xf252a000-0xf252a3ff]
[    0.486558] pci 0000:00:1a.0: PME# supported from D0 D3hot D3cold
[    0.486919] pci 0000:00:1b.0: [8086:1c20] type 00 class 0x040300
[    0.487018] pci 0000:00:1b.0: reg 0x10: [mem 0xf2520000-0xf2523fff 64bit]
[    0.487198] pci 0000:00:1b.0: PME# supported from D0 D3hot D3cold
[    0.487553] pci 0000:00:1c.0: [8086:1c10] type 01 class 0x060400
[    0.487779] pci 0000:00:1c.0: PME# supported from D0 D3hot D3cold
[    0.488157] pci 0000:00:1c.1: [8086:1c12] type 01 class 0x060400
[    0.488397] pci 0000:00:1c.1: PME# supported from D0 D3hot D3cold
[    0.488775] pci 0000:00:1c.3: [8086:1c16] type 01 class 0x060400
[    0.489010] pci 0000:00:1c.3: PME# supported from D0 D3hot D3cold
[    0.489333] pci 0000:00:1c.4: [8086:1c18] type 01 class 0x060400
[    0.489574] pci 0000:00:1c.4: PME# supported from D0 D3hot D3cold
[    0.489955] pci 0000:00:1d.0: [8086:1c26] type 00 class 0x0c0320
[    0.490051] pci 0000:00:1d.0: reg 0x10: [mem 0xf2529000-0xf25293ff]
[    0.490227] pci 0000:00:1d.0: PME# supported from D0 D3hot D3cold
[    0.490583] pci 0000:00:1f.0: [8086:1c4f] type 00 class 0x060100
[    0.491051] pci 0000:00:1f.2: [8086:1c03] type 00 class 0x010601
[    0.491147] pci 0000:00:1f.2: reg 0x10: [io  0x50a8-0x50af]
[    0.491223] pci 0000:00:1f.2: reg 0x14: [io  0x50bc-0x50bf]
[    0.491298] pci 0000:00:1f.2: reg 0x18: [io  0x50a0-0x50a7]
[    0.491374] pci 0000:00:1f.2: reg 0x1c: [io  0x50b8-0x50bb]
[    0.491449] pci 0000:00:1f.2: reg 0x20: [io  0x5060-0x507f]
[    0.491526] pci 0000:00:1f.2: reg 0x24: [mem 0xf2528000-0xf25287ff]
[    0.491658] pci 0000:00:1f.2: PME# supported from D3hot
[    0.492004] pci 0000:00:1f.3: [8086:1c22] type 00 class 0x0c0500
[    0.492100] pci 0000:00:1f.3: reg 0x10: [mem 0xf2524000-0xf25240ff 64bit]
[    0.492196] pci 0000:00:1f.3: reg 0x20: [io  0xefa0-0xefbf]
[    0.492663] pci 0000:00:1c.0: PCI bridge to [bus 02]
[    0.493016] pci 0000:03:00.0: [8086:0084] type 00 class 0x028000
[    0.493521] pci 0000:03:00.0: reg 0x10: [mem 0xf2400000-0xf2401fff 64bit]
[    0.494631] pci 0000:03:00.0: PME# supported from D0 D3hot D3cold
[    0.495378] pci 0000:00:1c.1: PCI bridge to [bus 03]
[    0.495451] pci 0000:00:1c.1:   bridge window [mem 0xf2400000-0xf24fffff]
[    0.495634] pci 0000:00:1c.3: PCI bridge to [bus 05-0c]
[    0.495705] pci 0000:00:1c.3:   bridge window [io  0x4000-0x4fff]
[    0.495778] pci 0000:00:1c.3:   bridge window [mem 0xf1c00000-0xf23fffff]
[    0.495858] pci 0000:00:1c.3:   bridge window [mem 0xf0400000-0xf0bfffff 64bit pref]
[    0.496134] pci 0000:0d:00.0: [1180:e822] type 00 class 0x088001
[    0.496415] pci 0000:0d:00.0: MMC controller base frequency changed to 50Mhz.
[    0.496704] pci 0000:0d:00.0: reg 0x10: [mem 0xf1400000-0xf14000ff]
[    0.497277] pci 0000:0d:00.0: supports D1 D2
[    0.497340] pci 0000:0d:00.0: PME# supported from D0 D1 D2 D3hot D3cold
[    0.497895] pci 0000:00:1c.4: PCI bridge to [bus 0d]
[    0.497965] pci 0000:00:1c.4:   bridge window [io  0x3000-0x3fff]
[    0.498038] pci 0000:00:1c.4:   bridge window [mem 0xf1400000-0xf1bfffff]
[    0.498118] pci 0000:00:1c.4:   bridge window [mem 0xf0c00000-0xf13fffff 64bit pref]
[    0.498235] pci_bus 0000:00: on NUMA node 0
[    0.501307] ACPI: EC: interrupt unblocked
[    0.501371] ACPI: EC: event unblocked
[    0.501438] ACPI: EC: EC_CMD/EC_SC=0x66, EC_DATA=0x62
[    0.501504] ACPI: EC: GPE=0x11
[    0.501563] ACPI: \_SB_.PCI0.LPC_.EC__: Boot ECDT EC initialization complete
[    0.501638] ACPI: \_SB_.PCI0.LPC_.EC__: EC: Used to handle transactions and events
[    0.502088] pci 0000:00:02.0: vgaarb: setting as boot VGA device
[    0.502088] pci 0000:00:02.0: vgaarb: VGA device added: decodes=io+mem,owns=io+mem,locks=none
[    0.502088] pci 0000:00:02.0: vgaarb: bridge control possible
[    0.502088] vgaarb: loaded
[    0.502088] SCSI subsystem initialized
[    0.502088] libata version 3.00 loaded.
[    0.502088] ACPI: bus type USB registered
[    0.502088] usbcore: registered new interface driver usbfs
[    0.502088] usbcore: registered new interface driver hub
[    0.502088] usbcore: registered new device driver usb
[    0.502088] mc: Linux media interface: v0.10
[    0.502088] videodev: Linux video capture interface: v2.00
[    0.502088] pps_core: LinuxPPS API ver. 1 registered
[    0.502114] pps_core: Software ver. 5.3.6 - Copyright 2005-2007 Rodolfo Giometti <giometti@linux.it>
[    0.502222] PTP clock support registered
[    0.502380] EDAC MC: Ver: 3.0.0
[    0.505348] Advanced Linux Sound Architecture Driver Initialized.
[    0.506015] Bluetooth: Core ver 2.22
[    0.506110] NET: Registered protocol family 31
[    0.506173] Bluetooth: HCI device and connection manager initialized
[    0.506247] Bluetooth: HCI socket layer initialized
[    0.506312] Bluetooth: L2CAP socket layer initialized
[    0.506388] Bluetooth: SCO socket layer initialized
[    0.506535] PCI: Using ACPI for IRQ routing
[    0.506535] PCI: pci_cache_line_size set to 64 bytes
[    0.506535] e820: reserve RAM buffer [mem 0x0009d800-0x0009ffff]
[    0.506535] e820: reserve RAM buffer [mem 0xda99f000-0xdbffffff]
[    0.506535] e820: reserve RAM buffer [mem 0xdb000000-0xdbffffff]
[    0.506535] e820: reserve RAM buffer [mem 0x19e600000-0x19fffffff]
[    0.509021] clocksource: Switched to clocksource tsc-early
[    0.509030] pnp: PnP ACPI init
[    0.509591] system 00:00: [mem 0x00000000-0x0009ffff] could not be reserved
[    0.509591] system 00:00: [mem 0x000c0000-0x000c3fff] could not be reserved
[    0.509591] system 00:00: [mem 0x000c4000-0x000c7fff] could not be reserved
[    0.509591] system 00:00: [mem 0x000c8000-0x000cbfff] has been reserved
[    0.509591] system 00:00: [mem 0x000cc000-0x000cffff] has been reserved
[    0.509591] system 00:00: [mem 0x000d0000-0x000d3fff] has been reserved
[    0.511605] system 00:00: [mem 0x000d4000-0x000d7fff] has been reserved
[    0.511678] system 00:00: [mem 0x000d8000-0x000dbfff] has been reserved
[    0.511750] system 00:00: [mem 0x000dc000-0x000dffff] has been reserved
[    0.511824] system 00:00: [mem 0x000e0000-0x000e3fff] could not be reserved
[    0.511898] system 00:00: [mem 0x000e4000-0x000e7fff] could not be reserved
[    0.511973] system 00:00: [mem 0x000e8000-0x000ebfff] could not be reserved
[    0.512048] system 00:00: [mem 0x000ec000-0x000effff] could not be reserved
[    0.512122] system 00:00: [mem 0x000f0000-0x000fffff] could not be reserved
[    0.512199] system 00:00: [mem 0x00100000-0xdf9fffff] could not be reserved
[    0.512274] system 00:00: [mem 0xfec00000-0xfed3ffff] could not be reserved
[    0.512349] system 00:00: [mem 0xfed4c000-0xffffffff] could not be reserved
[    0.512446] system 00:00: Plug and Play ACPI device, IDs PNP0c01 (active)
[    0.512747] system 00:01: [io  0x0400-0x047f] has been reserved
[    0.512819] system 00:01: [io  0x0500-0x057f] has been reserved
[    0.512889] system 00:01: [io  0x0800-0x080f] has been reserved
[    0.512959] system 00:01: [io  0x15e0-0x15ef] has been reserved
[    0.513962] system 00:01: [io  0x1600-0x167f] has been reserved
[    0.514034] system 00:01: [mem 0xf8000000-0xfbffffff] has been reserved
[    0.514109] system 00:01: [mem 0x00000000-0x00000fff] could not be reserved
[    0.514183] system 00:01: [mem 0xfed1c000-0xfed1ffff] has been reserved
[    0.514256] system 00:01: [mem 0xfed10000-0xfed13fff] has been reserved
[    0.514328] system 00:01: [mem 0xfed18000-0xfed18fff] has been reserved
[    0.514401] system 00:01: [mem 0xfed19000-0xfed19fff] has been reserved
[    0.514473] system 00:01: [mem 0xfed45000-0xfed4bfff] has been reserved
[    0.514566] system 00:01: Plug and Play ACPI device, IDs PNP0c02 (active)
[    0.514733] pnp 00:02: Plug and Play ACPI device, IDs PNP0b00 (active)
[    0.514807] pnp 00:03: Plug and Play ACPI device, IDs PNP0303 (active)
[    0.514879] pnp 00:04: Plug and Play ACPI device, IDs LEN0020 PNP0f13 (active)
[    0.515036] pnp 00:05: Plug and Play ACPI device, IDs SMO1200 PNP0c31 (active)
[    0.516266] pnp: PnP ACPI: found 6 devices
[    0.527184] clocksource: acpi_pm: mask: 0xffffff max_cycles: 0xffffff, max_idle_ns: 2085701024 ns
[    0.527367] NET: Registered protocol family 2
[    0.527754] tcp_listen_portaddr_hash hash table entries: 4096 (order: 6, 327680 bytes, linear)
[    0.527991] TCP established hash table entries: 65536 (order: 7, 524288 bytes, linear)
[    0.528300] TCP bind hash table entries: 65536 (order: 10, 4718592 bytes, vmalloc)
[    0.530626] TCP: Hash tables configured (established 65536 bind 65536)
[    0.531047] UDP hash table entries: 4096 (order: 7, 655360 bytes, linear)
[    0.531444] UDP-Lite hash table entries: 4096 (order: 7, 655360 bytes, linear)
[    0.531926] NET: Registered protocol family 1
[    0.532362] RPC: Registered named UNIX socket transport module.
[    0.532432] RPC: Registered udp transport module.
[    0.532497] RPC: Registered tcp transport module.
[    0.532560] RPC: Registered tcp NFSv4.1 backchannel transport module.
[    0.532902] pci 0000:00:1c.0: bridge window [io  0x1000-0x0fff] to [bus 02] add_size 1000
[    0.532982] pci 0000:00:1c.0: bridge window [mem 0x00100000-0x000fffff 64bit pref] to [bus 02] add_size 200000 add_align 100000
[    0.533095] pci 0000:00:1c.0: bridge window [mem 0x00100000-0x000fffff] to [bus 02] add_size 200000 add_align 100000
[    0.533201] pci 0000:00:1c.0: BAR 8: assigned [mem 0xdfa00000-0xdfbfffff]
[    0.533276] pci 0000:00:1c.0: BAR 9: assigned [mem 0xdfc00000-0xdfdfffff 64bit pref]
[    0.533352] pci 0000:00:1c.0: BAR 7: assigned [io  0x2000-0x2fff]
[    0.533424] pci 0000:00:1c.0: PCI bridge to [bus 02]
[    0.533491] pci 0000:00:1c.0:   bridge window [io  0x2000-0x2fff]
[    0.533565] pci 0000:00:1c.0:   bridge window [mem 0xdfa00000-0xdfbfffff]
[    0.533639] pci 0000:00:1c.0:   bridge window [mem 0xdfc00000-0xdfdfffff 64bit pref]
[    0.533721] pci 0000:00:1c.1: PCI bridge to [bus 03]
[    0.533791] pci 0000:00:1c.1:   bridge window [mem 0xf2400000-0xf24fffff]
[    0.533872] pci 0000:00:1c.3: PCI bridge to [bus 05-0c]
[    0.533939] pci 0000:00:1c.3:   bridge window [io  0x4000-0x4fff]
[    0.534013] pci 0000:00:1c.3:   bridge window [mem 0xf1c00000-0xf23fffff]
[    0.534087] pci 0000:00:1c.3:   bridge window [mem 0xf0400000-0xf0bfffff 64bit pref]
[    0.534169] pci 0000:00:1c.4: PCI bridge to [bus 0d]
[    0.534235] pci 0000:00:1c.4:   bridge window [io  0x3000-0x3fff]
[    0.534308] pci 0000:00:1c.4:   bridge window [mem 0xf1400000-0xf1bfffff]
[    0.534382] pci 0000:00:1c.4:   bridge window [mem 0xf0c00000-0xf13fffff 64bit pref]
[    0.534465] pci_bus 0000:00: resource 4 [io  0x0000-0x0cf7 window]
[    0.534533] pci_bus 0000:00: resource 5 [io  0x0d00-0xffff window]
[    0.534601] pci_bus 0000:00: resource 6 [mem 0x000a0000-0x000bffff window]
[    0.534672] pci_bus 0000:00: resource 7 [mem 0xdfa00000-0xfebfffff window]
[    0.534743] pci_bus 0000:00: resource 8 [mem 0xfed40000-0xfed4bfff window]
[    0.534814] pci_bus 0000:02: resource 0 [io  0x2000-0x2fff]
[    0.534880] pci_bus 0000:02: resource 1 [mem 0xdfa00000-0xdfbfffff]
[    0.534949] pci_bus 0000:02: resource 2 [mem 0xdfc00000-0xdfdfffff 64bit pref]
[    0.535021] pci_bus 0000:03: resource 1 [mem 0xf2400000-0xf24fffff]
[    0.535090] pci_bus 0000:05: resource 0 [io  0x4000-0x4fff]
[    0.535156] pci_bus 0000:05: resource 1 [mem 0xf1c00000-0xf23fffff]
[    0.535225] pci_bus 0000:05: resource 2 [mem 0xf0400000-0xf0bfffff 64bit pref]
[    0.535297] pci_bus 0000:0d: resource 0 [io  0x3000-0x3fff]
[    0.535363] pci_bus 0000:0d: resource 1 [mem 0xf1400000-0xf1bfffff]
[    0.535431] pci_bus 0000:0d: resource 2 [mem 0xf0c00000-0xf13fffff 64bit pref]
[    0.535711] pci 0000:00:02.0: Video device with shadowed ROM at [mem 0x000c0000-0x000dffff]
[    0.536925] PCI: CLS 64 bytes, default 64
[    0.537071] PCI-DMA: Using software bounce buffering for IO (SWIOTLB)
[    0.537149] software IO TLB: mapped [mem 0xd699f000-0xda99f000] (64MB)
[    0.539953] Initialise system trusted keyrings
[    0.540121] workingset: timestamp_bits=62 max_order=21 bucket_order=0
[    0.541484] Installing knfsd (copyright (C) 1996 okir@monad.swb.de).
[    0.542160] ntfs: driver 2.1.32 [Flags: R/W].
[    0.542363] fuse: init (API version 7.31)
[    0.554851] Key type asymmetric registered
[    0.554920] Asymmetric key parser 'x509' registered
[    0.555013] Block layer SCSI generic (bsg) driver version 0.4 loaded (major 249)
[    0.555090] io scheduler mq-deadline registered
[    0.555178] io scheduler bfq registered
[    0.555455] pcieport 0000:00:1c.0: enabling device (0000 -> 0003)
[    0.557133] intel_idle: MWAIT substates: 0x21120
[    0.557136] intel_idle: v0.5.1 model 0x2A
[    0.557897] intel_idle: Local APIC timer is reliable in all C-states
[    0.558295] ACPI: Deprecated procfs I/F for AC is loaded, please retry with CONFIG_ACPI_PROCFS_POWER cleared
[    0.558635] ACPI: AC Adapter [AC] (on-line)
[    0.558933] input: Lid Switch as /devices/LNXSYSTM:00/LNXSYBUS:00/PNP0C0D:00/input/input0
[    0.559258] ACPI: Lid Switch [LID]
[    0.559463] input: Sleep Button as /devices/LNXSYSTM:00/LNXSYBUS:00/PNP0C0E:00/input/input1
[    0.559706] ACPI: Sleep Button [SLPB]
[    0.559928] input: Power Button as /devices/LNXSYSTM:00/LNXPWRBN:00/input/input2
[    0.560152] ACPI: Power Button [PWRF]
[    0.563553] thermal LNXTHERM:00: registered as thermal_zone0
[    0.563623] ACPI: Thermal Zone [THM0] (86 C)
[    0.564100] Serial: 8250/16550 driver, 4 ports, IRQ sharing disabled
[    0.564156] battery: ACPI: Deprecated procfs I/F for battery is loaded, please retry with CONFIG_ACPI_PROCFS_POWER cleared
[    0.564302] battery: ACPI: Battery Slot [BAT0] (battery absent)
[    0.565541] lp: driver loaded but no devices found
[    0.565703] Non-volatile memory driver v1.3
[    0.565956] Linux agpgart interface v0.103
[    0.566298] [drm] radeon kernel modesetting enabled.
[    0.567316] i915 0000:00:02.0: vgaarb: deactivate vga console
[    0.567869] Console: switching to colour dummy device 80x25
[    0.577040] [drm] Supports vblank timestamp caching Rev 2 (21.10.2013).
[    0.578165] i915 0000:00:02.0: vgaarb: changed VGA decodes: olddecodes=io+mem,decodes=io+mem:owns=io+mem
[    0.662267] [drm] Initialized i915 1.6.0 20200515 for 0000:00:02.0 on minor 0
[    0.664499] ACPI: Video Device [VID] (multi-head: yes  rom: no  post: no)
[    0.665139] input: Video Bus as /devices/LNXSYSTM:00/LNXSYBUS:00/PNP0A08:00/LNXVIDEO:00/input/input3
[    0.665628] usbcore: registered new interface driver udl
[    0.676528] loop: module loaded
[    0.723387] ahci 0000:00:1f.2: version 3.0
[    0.724009] ahci 0000:00:1f.2: SSS flag set, parallel bus scan disabled
[    0.737238] ahci 0000:00:1f.2: AHCI 0001.0300 32 slots 6 ports 6 Gbps 0x17 impl SATA mode
[    0.737265] ahci 0000:00:1f.2: flags: 64bit ncq sntf ilck stag pm led clo pio slum part ems sxs apst 
[    0.775885] scsi host0: ahci
[    0.776356] scsi host1: ahci
[    0.776714] scsi host2: ahci
[    0.777060] scsi host3: ahci
[    0.777403] scsi host4: ahci
[    0.777725] scsi host5: ahci
[    0.777908] ata1: SATA max UDMA/133 abar m2048@0xf2528000 port 0xf2528100 irq 19
[    0.777929] ata2: SATA max UDMA/133 abar m2048@0xf2528000 port 0xf2528180 irq 19
[    0.777949] ata3: SATA max UDMA/133 abar m2048@0xf2528000 port 0xf2528200 irq 19
[    0.777967] ata4: DUMMY
[    0.777974] ata5: SATA max UDMA/133 abar m2048@0xf2528000 port 0xf2528300 irq 19
[    0.777992] ata6: DUMMY
[    0.778976] tun: Universal TUN/TAP device driver, 1.6
[    0.779305] e1000e: Intel(R) PRO/1000 Network Driver - 3.2.6-k
[    0.779319] e1000e: Copyright(c) 1999 - 2015 Intel Corporation.
[    0.779716] e1000e 0000:00:19.0: Interrupt Throttling Rate (ints/sec) set to dynamic conservative mode
[    0.876537] e1000e 0000:00:19.0 0000:00:19.0 (uninitialized): registered PHC clock
[    0.950435] fbcon: i915drmfb (fb0) is primary device
[    0.969986] e1000e 0000:00:19.0 eth0: (PCI Express:2.5GT/s:Width x1) f0:de:f1:e3:99:75
[    0.970003] e1000e 0000:00:19.0 eth0: Intel(R) PRO/1000 Network Connection
[    0.970054] e1000e 0000:00:19.0 eth0: MAC: 10, PHY: 11, PBA No: 1000FF-0FF
[    0.970224] PPP generic driver version 2.4.2
[    0.970444] PPP BSD Compression module registered
[    0.970446] PPP Deflate Compression module registered
[    0.970448] SLIP: version 0.8.4-NET3.019-NEWTTY (dynamic channels, max=256).
[    0.970448] CSLIP: code copyright 1989 Regents of the University of California.
[    0.970497] iwl3945: Intel(R) PRO/Wireless 3945ABG/BG Network Connection driver for Linux, in-tree:ds
[    0.970498] iwl3945: Copyright(c) 2003-2011 Intel Corporation
[    0.970499] iwl3945: hw_scan is disabled
[    0.970556] Intel(R) Wireless WiFi driver for Linux
[    0.970904] iwlwifi 0000:03:00.0: can't disable ASPM; OS doesn't have ASPM control
[    0.971018] iwlwifi 0000:03:00.0: pci_enable_msi failed - -38
[    0.971402] iwlwifi 0000:03:00.0: loaded firmware version 39.31.5.1 build 35138 1000-5.ucode op_mode iwldvm
[    0.971483] iwlwifi 0000:03:00.0: Direct firmware load for iwl-debug-yoyo.bin failed with error -2
[    0.971727] iwlwifi 0000:03:00.0: CONFIG_IWLWIFI_DEBUG disabled
[    0.971729] iwlwifi 0000:03:00.0: CONFIG_IWLWIFI_DEBUGFS disabled
[    0.971730] iwlwifi 0000:03:00.0: CONFIG_IWLWIFI_DEVICE_TRACING disabled
[    0.971732] iwlwifi 0000:03:00.0: Detected Intel(R) Centrino(R) Wireless-N 1000 BGN, REV=0x6C
[    1.013516] ieee80211 phy0: Selected rate control algorithm 'iwl-agn-rs'
[    1.014424] usbcore: registered new interface driver ax88179_178a
[    1.014462] usbcore: registered new interface driver cdc_ether
[    1.014502] usbcore: registered new interface driver cdc_eem
[    1.014552] usbcore: registered new interface driver net1080
[    1.014591] usbcore: registered new interface driver cdc_subset
[    1.014632] usbcore: registered new interface driver zaurus
[    1.014691] usbcore: registered new interface driver cdc_ncm
[    1.014729] usbcore: registered new interface driver cdc_mbim
[    1.015040] ehci_hcd: USB 2.0 'Enhanced' Host Controller (EHCI) Driver
[    1.015053] ehci-pci: EHCI PCI platform driver
[    1.015380] ehci-pci 0000:00:1a.0: EHCI Host Controller
[    1.015546] ehci-pci 0000:00:1a.0: new USB bus registered, assigned bus number 1
[    1.015580] ehci-pci 0000:00:1a.0: debug port 2
[    1.019535] ehci-pci 0000:00:1a.0: cache line size of 64 is not supported
[    1.019545] ehci-pci 0000:00:1a.0: irq 16, io mem 0xf252a000
[    1.033177] ehci-pci 0000:00:1a.0: USB 2.0 started, EHCI 1.00
[    1.033397] usb usb1: New USB device found, idVendor=1d6b, idProduct=0002, bcdDevice= 5.08
[    1.033399] usb usb1: New USB device strings: Mfr=3, Product=2, SerialNumber=1
[    1.033401] usb usb1: Product: EHCI Host Controller
[    1.033402] usb usb1: Manufacturer: Linux 5.8.0-rc7 ehci_hcd
[    1.033404] usb usb1: SerialNumber: 0000:00:1a.0
[    1.033906] hub 1-0:1.0: USB hub found
[    1.033941] hub 1-0:1.0: 3 ports detected
[    1.034968] ehci-pci 0000:00:1d.0: EHCI Host Controller
[    1.035113] ehci-pci 0000:00:1d.0: new USB bus registered, assigned bus number 2
[    1.035142] ehci-pci 0000:00:1d.0: debug port 2
[    1.039067] ehci-pci 0000:00:1d.0: cache line size of 64 is not supported
[    1.039096] ehci-pci 0000:00:1d.0: irq 23, io mem 0xf2529000
[    1.053182] ehci-pci 0000:00:1d.0: USB 2.0 started, EHCI 1.00
[    1.053362] usb usb2: New USB device found, idVendor=1d6b, idProduct=0002, bcdDevice= 5.08
[    1.053364] usb usb2: New USB device strings: Mfr=3, Product=2, SerialNumber=1
[    1.053366] usb usb2: Product: EHCI Host Controller
[    1.053367] usb usb2: Manufacturer: Linux 5.8.0-rc7 ehci_hcd
[    1.053369] usb usb2: SerialNumber: 0000:00:1d.0
[    1.053833] hub 2-0:1.0: USB hub found
[    1.053870] hub 2-0:1.0: 3 ports detected
[    1.054582] ohci_hcd: USB 1.1 'Open' Host Controller (OHCI) Driver
[    1.054600] ohci-pci: OHCI PCI platform driver
[    1.054716] uhci_hcd: USB Universal Host Controller Interface driver
[    1.054891] usbcore: registered new interface driver cdc_acm
[    1.054893] cdc_acm: USB Abstract Control Model driver for USB modems and ISDN adapters
[    1.054946] usbcore: registered new interface driver usblp
[    1.055051] usbcore: registered new interface driver cdc_wdm
[    1.055097] usbcore: registered new interface driver usb-storage
[    1.055134] usbcore: registered new interface driver ums-sddr09
[    1.055244] usbcore: registered new interface driver usbserial_generic
[    1.055304] usbserial: USB Serial support registered for generic
[    1.055348] usbcore: registered new interface driver ch341
[    1.055378] usbserial: USB Serial support registered for ch341-uart
[    1.055422] usbcore: registered new interface driver cp210x
[    1.055455] usbserial: USB Serial support registered for cp210x
[    1.055500] usbcore: registered new interface driver ftdi_sio
[    1.055600] usbserial: USB Serial support registered for FTDI USB Serial Device
[    1.055644] usbcore: registered new interface driver option
[    1.055677] usbserial: USB Serial support registered for GSM modem (1-port)
[    1.055740] usbcore: registered new interface driver pl2303
[    1.055775] usbserial: USB Serial support registered for pl2303
[    1.055818] usbcore: registered new interface driver ti_usb_3410_5052
[    1.055846] usbserial: USB Serial support registered for TI USB 3410 1 port adapter
[    1.055887] usbserial: USB Serial support registered for TI USB 5052 2 port adapter
[    1.055892] ftdi_elan: driver ftdi-elan
[    1.055951] usbcore: registered new interface driver ftdi-elan
[    1.056159] i8042: PNP: PS/2 Controller [PNP0303:KBD,PNP0f13:MOU] at 0x60,0x64 irq 1,12
[    1.059518] serio: i8042 KBD port at 0x60,0x64 irq 1
[    1.059671] serio: i8042 AUX port at 0x60,0x64 irq 12
[    1.060094] mousedev: PS/2 mouse device common for all mice
[    1.060816] input: PC Speaker as /devices/platform/pcspkr/input/input4
[    1.061159] rtc_cmos 00:02: RTC can wake from S4
[    1.061708] rtc_cmos 00:02: registered as rtc0
[    1.061736] rtc_cmos 00:02: setting system clock to 2020-07-29T20:18:23 UTC (1596053903)
[    1.061821] rtc_cmos 00:02: alarms up to one month, y3k, 114 bytes nvram, hpet irqs
[    1.061874] i2c /dev entries driver
[    1.062821] usbcore: registered new interface driver uvcvideo
[    1.062823] USB Video Class driver (1.1.1)
[    1.063582] device-mapper: ioctl: 4.42.0-ioctl (2020-02-27) initialised: dm-devel@redhat.com
[    1.063584] Bluetooth: HCI UART driver ver 2.3
[    1.063586] Bluetooth: HCI UART protocol H4 registered
[    1.063587] Bluetooth: HCI UART protocol BCSP registered
[    1.063660] usbcore: registered new interface driver btusb
[    1.063667] intel_pstate: Intel P-state driver initializing
[    1.064159] sdhci: Secure Digital Host Controller Interface driver
[    1.064163] sdhci: Copyright(c) Pierre Ossman
[    1.064286] sdhci-pci 0000:0d:00.0: SDHCI controller found [1180:e822] (rev 7)
[    1.064940] input: AT Translated Set 2 keyboard as /devices/platform/i8042/serio0/input/input5
[    1.065859] mmc0 bounce up to 128 segments into one, max segment size 65536 bytes
[    1.066536] mmc0: SDHCI controller on PCI [0000:0d:00.0] using DMA
[    1.066853] hid: raw HID events driver (C) Jiri Kosina
[    1.067787] usbcore: registered new interface driver usbhid
[    1.067789] usbhid: USB HID core driver
[    1.068408] thinkpad_acpi: ThinkPad ACPI Extras v0.26
[    1.068408] thinkpad_acpi: http://ibm-acpi.sf.net/
[    1.068409] thinkpad_acpi: ThinkPad BIOS 8DET74WW (1.44 ), EC unknown
[    1.068410] thinkpad_acpi: Lenovo ThinkPad X220, model 42872WU
[    1.069873] thinkpad_acpi: radio switch found; radios are enabled
[    1.070082] thinkpad_acpi: Tablet mode switch found (type: MHKG), currently in laptop mode
[    1.070104] thinkpad_acpi: This ThinkPad has standard ACPI backlight brightness control, supported by the ACPI video driver
[    1.070105] thinkpad_acpi: Disabling thinkpad-acpi brightness events by default...
[    1.074485] thinkpad_acpi: rfkill switch tpacpi_bluetooth_sw: radio is unblocked
[    1.076353] thinkpad_acpi: warning: userspace override of important firmware LEDs is enabled
[    1.076373] thinkpad_acpi: Standard ACPI backlight interface available, not loading native one
[    1.076374] thinkpad_acpi: volume: disabled as there is no ALSA support in this kernel
[    1.079367] battery: new extension: ThinkPad Battery Extension
[    1.079527] input: ThinkPad Extra Buttons as /devices/platform/thinkpad_acpi/input/input7
[    1.080538] random: fast init done
[    1.082955] usbcore: registered new interface driver snd-usb-audio
[    1.086951] NET: Registered protocol family 17
[    1.087081] Bluetooth: RFCOMM TTY layer initialized
[    1.087087] Bluetooth: RFCOMM socket layer initialized
[    1.087133] Bluetooth: RFCOMM ver 1.11
[    1.087142] Bluetooth: BNEP (Ethernet Emulation) ver 1.3
[    1.087143] Bluetooth: BNEP filters: protocol multicast
[    1.087153] Bluetooth: BNEP socket layer initialized
[    1.087154] Bluetooth: HIDP (Human Interface Emulation) ver 1.2
[    1.087157] Bluetooth: HIDP socket layer initialized
[    1.087336] microcode: sig=0x206a7, pf=0x10, revision=0x2d
[    1.087467] microcode: Microcode Update Driver: v2.2.
[    1.087471] IPI shorthand broadcast: enabled
[    1.087502] sched_clock: Marking stable (1075498876, 11941812)->(1092773039, -5332351)
[    1.087653] Loading compiled-in X.509 certificates
[    1.087697] Key type ._fscrypt registered
[    1.087698] Key type .fscrypt registered
[    1.087699] Key type fscrypt-provisioning registered
[    1.088101] Key type encrypted registered
[    1.088729] cfg80211: Loading compiled-in X.509 certificates for regulatory database
[    1.089800] cfg80211: Loaded X.509 cert 'sforshee: 00b28ddf47aef9cea7'
[    1.089951] platform regulatory.0: Direct firmware load for regulatory.db failed with error -2
[    1.089955] cfg80211: failed to load regulatory.db
[    1.093134] ata1: SATA link up 1.5 Gbps (SStatus 113 SControl 300)
[    1.094482] ata1.00: ACPI cmd ef/02:00:00:00:00:a0 (SET FEATURES) succeeded
[    1.094486] ata1.00: ACPI cmd f5/00:00:00:00:00:a0 (SECURITY FREEZE LOCK) filtered out
[    1.094488] ata1.00: ACPI cmd ef/10:03:00:00:00:a0 (SET FEATURES) filtered out
[    1.095556] ata1.00: ATA-8: Hitachi HTS545050A7E380, GG2OA7J0, max UDMA/133
[    1.095563] ata1.00: 976773168 sectors, multi 16: LBA48 NCQ (depth 32), AA
[    1.096744] ata1.00: ACPI cmd ef/02:00:00:00:00:a0 (SET FEATURES) succeeded
[    1.096751] ata1.00: ACPI cmd f5/00:00:00:00:00:a0 (SECURITY FREEZE LOCK) filtered out
[    1.096757] ata1.00: ACPI cmd ef/10:03:00:00:00:a0 (SET FEATURES) filtered out
[    1.097762] ata1.00: configured for UDMA/133
[    1.104272] Console: switching to colour frame buffer device 102x42
[    1.113856] snd_hda_intel 0000:00:1b.0: bound 0000:00:02.0 (ops i915_audio_component_bind_ops)
[    1.143113] snd_hda_codec_generic hdaudioC0D0: autoconfig for Generic: line_outs=1 (0x1f/0x0/0x0/0x0/0x0) type:speaker
[    1.143581] i915 0000:00:02.0: fb0: i915drmfb frame buffer device
[    1.144810] snd_hda_codec_generic hdaudioC0D0:    speaker_outs=0 (0x0/0x0/0x0/0x0/0x0)
[    1.252987] snd_hda_codec_generic hdaudioC0D0:    hp_outs=1 (0x19/0x0/0x0/0x0/0x0)
[    1.253304] scsi 0:0:0:0: Direct-Access     ATA      Hitachi HTS54505 A7J0 PQ: 0 ANSI: 5
[    1.253913] snd_hda_codec_generic hdaudioC0D0:    mono: mono_out=0x0
[    1.255359] sd 0:0:0:0: Attached scsi generic sg0 type 0
[    1.255407] sd 0:0:0:0: [sda] 976773168 512-byte logical blocks: (500 GB/466 GiB)
[    1.255411] sd 0:0:0:0: [sda] 4096-byte physical blocks
[    1.255437] sd 0:0:0:0: [sda] Write Protect is off
[    1.255441] sd 0:0:0:0: [sda] Mode Sense: 00 3a 00 00
[    1.255489] sd 0:0:0:0: [sda] Write cache: enabled, read cache: enabled, doesn't support DPO or FUA
[    1.256122] snd_hda_codec_generic hdaudioC0D0:    inputs:
[    1.262002] snd_hda_codec_generic hdaudioC0D0:      Internal Mic=0x23
[    1.262894] snd_hda_codec_generic hdaudioC0D0:      Mic=0x1b
[    1.271245] snd_hda_codec_generic hdaudioC0D3: ignore pin 0x7, too many assigned pins
[    1.274956] snd_hda_codec_generic hdaudioC0D3: autoconfig for Generic: line_outs=0 (0x0/0x0/0x0/0x0/0x0) type:line
[    1.278753] snd_hda_codec_generic hdaudioC0D3:    speaker_outs=0 (0x0/0x0/0x0/0x0/0x0)
[    1.282306] snd_hda_codec_generic hdaudioC0D3:    hp_outs=0 (0x0/0x0/0x0/0x0/0x0)
[    1.285774] snd_hda_codec_generic hdaudioC0D3:    mono: mono_out=0x0
[    1.289230] snd_hda_codec_generic hdaudioC0D3:    dig-out=0x5/0x6
[    1.292638] snd_hda_codec_generic hdaudioC0D3:    inputs:
[    1.296163]  sda: sda1 sda2 sda3 sda4
[    1.300141] input: HDA Intel PCH Mic as /devices/pci0000:00/0000:00:1b.0/sound/card0/input9
[    1.301006] sd 0:0:0:0: [sda] Attached SCSI disk
[    1.301908] input: HDA Intel PCH Headphone as /devices/pci0000:00/0000:00:1b.0/sound/card0/input10
[    1.304222] input: HDA Intel PCH HDMI as /devices/pci0000:00/0000:00:1b.0/sound/card0/input11
[    1.305365] input: HDA Intel PCH HDMI as /devices/pci0000:00/0000:00:1b.0/sound/card0/input12
[    1.369189] usb 1-1: new high-speed USB device number 2 using ehci-pci
[    1.389169] usb 2-1: new high-speed USB device number 2 using ehci-pci
[    1.526350] usb 1-1: New USB device found, idVendor=8087, idProduct=0024, bcdDevice= 0.00
[    1.528772] usb 1-1: New USB device strings: Mfr=0, Product=0, SerialNumber=0
[    1.532472] hub 1-1:1.0: USB hub found
[    1.535396] hub 1-1:1.0: 6 ports detected
[    1.550215] usb 2-1: New USB device found, idVendor=8087, idProduct=0024, bcdDevice= 0.00
[    1.552123] usb 2-1: New USB device strings: Mfr=0, Product=0, SerialNumber=0
[    1.554985] hub 2-1:1.0: USB hub found
[    1.557075] hub 2-1:1.0: 8 ports detected
[    1.561142] tsc: Refined TSC clocksource calibration: 2491.906 MHz
[    1.564024] clocksource: tsc: mask: 0xffffffffffffffff max_cycles: 0x23eb5badc15, max_idle_ns: 440795233937 ns
[    1.567464] clocksource: Switched to clocksource tsc
[    1.573231] ata2: SATA link down (SStatus 0 SControl 300)
[    1.837159] usb 1-1.3: new full-speed USB device number 3 using ehci-pci
[    1.853114] usb 2-1.2: new high-speed USB device number 3 using ehci-pci
[    1.896112] ata3: SATA link up 3.0 Gbps (SStatus 123 SControl 300)
[    1.912346] ata3.00: ACPI cmd ef/02:00:00:00:00:a0 (SET FEATURES) succeeded
[    1.912358] ata3.00: ACPI cmd f5/00:00:00:00:00:a0 (SECURITY FREEZE LOCK) filtered out
[    1.915568] ata3.00: ACPI cmd ef/10:03:00:00:00:a0 (SET FEATURES) filtered out
[    1.924012] ata3.00: ATA-8: KINGSTON SMS200S3240G, 60AABBF0, max UDMA/133
[    1.924887] ata3.00: 468862128 sectors, multi 1: LBA48 NCQ (depth 32), AA
[    1.930941] ata3.00: ACPI cmd ef/02:00:00:00:00:a0 (SET FEATURES) succeeded
[    1.930953] ata3.00: ACPI cmd f5/00:00:00:00:00:a0 (SECURITY FREEZE LOCK) filtered out
[    1.933071] ata3.00: ACPI cmd ef/10:03:00:00:00:a0 (SET FEATURES) filtered out
[    1.940378] ata3.00: configured for UDMA/133
[    1.942259] scsi 2:0:0:0: Direct-Access     ATA      KINGSTON SMS200S BBF0 PQ: 0 ANSI: 5
[    1.946711] sd 2:0:0:0: Attached scsi generic sg1 type 0
[    1.946945] sd 2:0:0:0: [sdb] 468862128 512-byte logical blocks: (240 GB/224 GiB)
[    1.949861] sd 2:0:0:0: [sdb] Write Protect is off
[    1.951040] usb 1-1.3: New USB device found, idVendor=147e, idProduct=2016, bcdDevice= 0.02
[    1.951557] sd 2:0:0:0: [sdb] Mode Sense: 00 3a 00 00
[    1.952791] usb 1-1.3: New USB device strings: Mfr=1, Product=2, SerialNumber=0
[    1.952827] sd 2:0:0:0: [sdb] Write cache: enabled, read cache: enabled, doesn't support DPO or FUA
[    1.954079] usb 1-1.3: Product: Biometric Coprocessor
[    1.954191] psmouse serio1: synaptics: queried max coordinates: x [..5472], y [..4448]
[    1.961477] usb 1-1.3: Manufacturer: UPEK
[    1.962556]  sdb: sdb2 sdb3 sdb4
[    1.965837] usb 2-1.2: New USB device found, idVendor=1a40, idProduct=0101, bcdDevice= 1.11
[    1.966968] sd 2:0:0:0: [sdb] Attached SCSI disk
[    1.967136] usb 2-1.2: New USB device strings: Mfr=0, Product=1, SerialNumber=0
[    1.970195] usb 2-1.2: Product: USB 2.0 Hub
[    1.972423] hub 2-1.2:1.0: USB hub found
[    1.973774] hub 2-1.2:1.0: 4 ports detected
[    2.033501] psmouse serio1: synaptics: Touchpad model: 1, fw: 8.0, id: 0x1e2b1, caps: 0xd001a3/0x940300/0x120c00/0x0, board id: 1611, fw id: 774180
[    2.039544] psmouse serio1: synaptics: serio: Synaptics pass-through port at isa0060/serio1/input0
[    2.041089] usb 1-1.4: new full-speed USB device number 4 using ehci-pci
[    2.093892] input: SynPS/2 Synaptics TouchPad as /devices/platform/i8042/serio1/input/input8
[    2.160686] usb 1-1.4: New USB device found, idVendor=0a5c, idProduct=217f, bcdDevice= 7.48
[    2.164349] usb 1-1.4: New USB device strings: Mfr=1, Product=2, SerialNumber=3
[    2.167836] usb 1-1.4: Product: Broadcom Bluetooth Device
[    2.171258] usb 1-1.4: Manufacturer: Broadcom Corp
[    2.174641] usb 1-1.4: SerialNumber: 7CE9D3B855AA
[    2.261151] usb 1-1.6: new high-speed USB device number 5 using ehci-pci
[    2.269173] ata5: SATA link down (SStatus 0 SControl 300)
[    2.381169] usb 2-1.2.2: new low-speed USB device number 4 using ehci-pci
[    2.385540] usb 1-1.6: New USB device found, idVendor=04f2, idProduct=b217, bcdDevice= 8.54
[    2.387373] usb 1-1.6: New USB device strings: Mfr=1, Product=2, SerialNumber=0
[    2.389201] usb 1-1.6: Product: Integrated Camera
[    2.390978] usb 1-1.6: Manufacturer: Chicony Electronics Co., Ltd.
[    2.395481] uvcvideo: Found UVC 1.00 device Integrated Camera (04f2:b217)
[    2.408455] uvcvideo 1-1.6:1.0: Entity type for entity Extension 3 was not initialized!
[    2.410506] uvcvideo 1-1.6:1.0: Entity type for entity Processing 2 was not initialized!
[    2.412426] uvcvideo 1-1.6:1.0: Entity type for entity Camera 1 was not initialized!
[    2.618178] usb 2-1.2.2: New USB device found, idVendor=046d, idProduct=c077, bcdDevice=72.00
[    2.621582] usb 2-1.2.2: New USB device strings: Mfr=1, Product=2, SerialNumber=0
[    2.624856] usb 2-1.2.2: Product: USB Optical Mouse
[    2.628070] usb 2-1.2.2: Manufacturer: Logitech
[    2.634533] input: Logitech USB Optical Mouse as /devices/pci0000:00/0000:00:1d.0/usb2/2-1/2-1.2/2-1.2.2/2-1.2.2:1.0/0003:046D:C077.0001/input/input14
[    2.636933] hid-generic 0003:046D:C077.0001: input,hidraw0: USB HID v1.11 Mouse [Logitech USB Optical Mouse] on usb-0000:00:1d.0-1.2.2/input0
[    2.837209] usb 2-1.2.3: new low-speed USB device number 5 using ehci-pci
[    2.841706] psmouse serio2: trackpoint: IBM TrackPoint firmware: 0x0e, buttons: 3/3
[    3.077793] usb 2-1.2.3: New USB device found, idVendor=04f2, idProduct=0111, bcdDevice= 1.02
[    3.080611] usb 2-1.2.3: New USB device strings: Mfr=1, Product=2, SerialNumber=0
[    3.083375] usb 2-1.2.3: Product: USB Keyboard
[    3.086112] usb 2-1.2.3: Manufacturer: Chicony
[    3.094405] input: Chicony USB Keyboard as /devices/pci0000:00/0000:00:1d.0/usb2/2-1/2-1.2/2-1.2.3/2-1.2.3:1.0/0003:04F2:0111.0002/input/input15
[    3.103546] input: TPPS/2 IBM TrackPoint as /devices/platform/i8042/serio1/serio2/input/input13
[    3.155489] hid-generic 0003:04F2:0111.0002: input,hidraw1: USB HID v1.10 Keyboard [Chicony USB Keyboard] on usb-0000:00:1d.0-1.2.3/input0
[    3.168843] input: Chicony USB Keyboard System Control as /devices/pci0000:00/0000:00:1d.0/usb2/2-1/2-1.2/2-1.2.3/2-1.2.3:1.1/0003:04F2:0111.0003/input/input16
[    3.230000] input: Chicony USB Keyboard Consumer Control as /devices/pci0000:00/0000:00:1d.0/usb2/2-1/2-1.2/2-1.2.3/2-1.2.3:1.1/0003:04F2:0111.0003/input/input17
[    3.239291] hid-generic 0003:04F2:0111.0003: input,hiddev96,hidraw2: USB HID v1.10 Device [Chicony USB Keyboard] on usb-0000:00:1d.0-1.2.3/input1
[    3.576594] PM: Image not found (code -22)
[    3.576624] ALSA device list:
[    3.577714]   #0: HDA Intel PCH at 0xf2520000 irq 22
[    3.578935] md: Waiting for all devices to be available before autodetect
[    3.579996] md: If you don't use raid, use raid=noautodetect
[    3.581601] md: Autodetecting RAID arrays.
[    3.582669] md: autorun ...
[    3.583692] md: ... autorun DONE.
[    3.595740] EXT4-fs (sdb3): mounted filesystem with ordered data mode. Opts: (null)
[    3.599565] VFS: Mounted root (ext4 filesystem) readonly on device 8:19.
[    3.602527] devtmpfs: mounted
[    3.605661] Freeing unused kernel image (initmem) memory: 1084K
[    3.625232] Write protecting the kernel read-only data: 24576k
[    3.632471] Freeing unused kernel image (text/rodata gap) memory: 2044K
[    3.636978] Freeing unused kernel image (rodata/data gap) memory: 336K
[    3.683031] x86/mm: Checked W+X mappings: passed, no W+X pages found.
[    3.684088] rodata_test: all tests were successful
[    3.685119] x86/mm: Checking user space page tables
[    3.730502] x86/mm: Checked W+X mappings: passed, no W+X pages found.
[    3.731498] Run /sbin/init as init process
[    3.732451]   with arguments:
[    3.732453]     /sbin/init
[    3.732454]   with environment:
[    3.732455]     HOME=/
[    3.732455]     TERM=linux
[    3.732456]     BOOT_IMAGE=(hd1,2)/l/k/o/64/arch/x86/boot/bzImage
[    3.899245] systemd[1]: systemd 241 running in system mode. (+PAM +AUDIT +SELINUX +IMA +APPARMOR +SMACK +SYSVINIT +UTMP +LIBCRYPTSETUP +GCRYPT +GNUTLS +ACL +XZ +LZ4 +SECCOMP +BLKID +ELFUTILS +KMOD -IDN2 +IDN -PCRE2 default-hierarchy=hybrid)
[    3.921520] systemd[1]: Detected architecture x86-64.
[    3.939027] systemd[1]: Set hostname to <duo>.
[    4.036033] systemd[1]: File /lib/systemd/system/systemd-journald.service:12 configures an IP firewall (IPAddressDeny=any), but the local system does not support BPF/cgroup based firewalling.
[    4.039161] systemd[1]: Proceeding WITHOUT firewalling in effect! (This warning is only shown for the first loaded unit using IP firewalling.)
[    4.105976] systemd[1]: Binding to IPv6 address not available since kernel does not support IPv6.
[    4.107271] systemd[1]: Binding to IPv6 address not available since kernel does not support IPv6.
[    4.116013] systemd[1]: /lib/systemd/system/rpc-statd.service:13: PIDFile= references path below legacy directory /var/run/, updating /var/run/rpc.statd.pid  /run/rpc.statd.pid; please update the unit file accordingly.
[    4.146935] systemd[1]: Binding to IPv6 address not available since kernel does not support IPv6.
[    4.149763] random: systemd: uninitialized urandom read (16 bytes read)
[    4.153853] random: systemd: uninitialized urandom read (16 bytes read)
[    4.155197] systemd[1]: Listening on initctl Compatibility Named Pipe.
[    4.159324] random: systemd: uninitialized urandom read (16 bytes read)
[    4.802578] EXT4-fs (sdb3): re-mounted. Opts: errors=remount-ro
[    4.829493] systemd-journald[1681]: Received request to flush runtime journal from PID 1
[    5.135046] e1000e 0000:00:19.0 enp0s25: renamed from eth0
[    5.161975] iwlwifi 0000:03:00.0 wlp3s0: renamed from wlan0
[    6.489333] Adding 1681428k swap on /dev/sda1.  Priority:-2 extents:1 across:1681428k 
[    6.696532] random: crng init done
[    6.698688] random: 7 urandom warning(s) missed due to ratelimiting
[    7.028287] EXT4-fs (sda2): mounted filesystem with ordered data mode. Opts: errors=remount-ro
[    7.183601] EXT4-fs (sdb2): mounted filesystem with ordered data mode. Opts: errors=remount-ro
[    7.876664] iwlwifi 0000:03:00.0: Radio type=0x0-0x0-0x3
[    7.952765] iwlwifi 0000:03:00.0: Radio type=0x0-0x0-0x3
[    8.031670] iwlwifi 0000:03:00.0: Radio type=0x0-0x0-0x3
[    8.115730] iwlwifi 0000:03:00.0: Radio type=0x0-0x0-0x3
[    8.830659] NFSD: Using /var/lib/nfs/v4recovery as the NFSv4 state recovery directory
[    8.831691] NFSD: Using legacy client tracking operations.
[    8.832332] NFSD: starting 90-second grace period (net f0000098)
[    9.134842] broken atomic modeset userspace detected, disabling atomic
[    9.847064] e1000e 0000:00:19.0 enp0s25: NIC Link is Up 100 Mbps Full Duplex, Flow Control: Rx/Tx
[    9.847070] e1000e 0000:00:19.0 enp0s25: 10/100 speed: disabling TSO
[  315.187293] iwlwifi 0000:03:00.0: Radio type=0x0-0x0-0x3
[  315.259646] iwlwifi 0000:03:00.0: Radio type=0x0-0x0-0x3
