[    0.000000] Linux version 4.17.0-next-20180614 (pavel@amd) (gcc version 4.9.2 (Debian 4.9.2-10+deb8u1)) #132 SMP Thu Jun 14 14:59:51 CEST 2018
[    0.000000] Disabled fast string operations
[    0.000000] x86/fpu: x87 FPU will use FXSAVE
[    0.000000] BIOS-provided physical RAM map:
[    0.000000] BIOS-e820: [mem 0x0000000000000000-0x000000000009efff] usable
[    0.000000] BIOS-e820: [mem 0x000000000009f000-0x000000000009ffff] reserved
[    0.000000] BIOS-e820: [mem 0x00000000000dc000-0x00000000000fffff] reserved
[    0.000000] BIOS-e820: [mem 0x0000000000100000-0x00000000bf6cffff] usable
[    0.000000] BIOS-e820: [mem 0x00000000bf6d0000-0x00000000bf6defff] ACPI data
[    0.000000] BIOS-e820: [mem 0x00000000bf6df000-0x00000000bf6fffff] ACPI NVS
[    0.000000] BIOS-e820: [mem 0x00000000bf700000-0x00000000bfffffff] reserved
[    0.000000] BIOS-e820: [mem 0x00000000f0000000-0x00000000f3ffffff] reserved
[    0.000000] BIOS-e820: [mem 0x00000000fec00000-0x00000000fec0ffff] reserved
[    0.000000] BIOS-e820: [mem 0x00000000fed00000-0x00000000fed003ff] reserved
[    0.000000] BIOS-e820: [mem 0x00000000fed14000-0x00000000fed19fff] reserved
[    0.000000] BIOS-e820: [mem 0x00000000fed1c000-0x00000000fed8ffff] reserved
[    0.000000] BIOS-e820: [mem 0x00000000fee00000-0x00000000fee00fff] reserved
[    0.000000] BIOS-e820: [mem 0x00000000ff800000-0x00000000ffffffff] reserved
[    0.000000] NX (Execute Disable) protection: active
[    0.000000] SMBIOS 2.4 present.
[    0.000000] DMI: LENOVO 17097HU/17097HU, BIOS 7BETD8WW (2.19 ) 03/31/2011
[    0.000000] e820: update [mem 0x00000000-0x00000fff] usable ==> reserved
[    0.000000] e820: remove [mem 0x000a0000-0x000fffff] usable
[    0.000000] last_pfn = 0xbf6d0 max_arch_pfn = 0x1000000
[    0.000000] MTRR default type: uncachable
[    0.000000] MTRR fixed ranges enabled:
[    0.000000]   00000-9FFFF write-back
[    0.000000]   A0000-BFFFF uncachable
[    0.000000]   C0000-CFFFF write-protect
[    0.000000]   D0000-DBFFF uncachable
[    0.000000]   DC000-DFFFF write-back
[    0.000000]   E0000-FFFFF write-protect
[    0.000000] MTRR variable ranges enabled:
[    0.000000]   0 base 000000000 mask F80000000 write-back
[    0.000000]   1 base 080000000 mask FC0000000 write-back
[    0.000000]   2 base 0BF700000 mask FFFF00000 uncachable
[    0.000000]   3 base 0BF800000 mask FFF800000 uncachable
[    0.000000]   4 disabled
[    0.000000]   5 disabled
[    0.000000]   6 disabled
[    0.000000]   7 disabled
[    0.000000] x86/PAT: PAT not supported by CPU.
[    0.000000] x86/PAT: Configuration [0-7]: WB  WT  UC- UC  WB  WT  UC- UC  
[    0.000000] initial memory mapped: [mem 0x00000000-0x05bfffff]
[    0.000000] Base memory trampoline at [(ptrval)] 9b000 size 16384
[    0.000000] BRK [0x057f3000, 0x057f3fff] PGTABLE
[    0.000000] BRK [0x057f4000, 0x057f4fff] PGTABLE
[    0.000000] ACPI: Early table checksum verification disabled
[    0.000000] ACPI: RSDP 0x00000000000F67C0 000024 (v02 LENOVO)
[    0.000000] ACPI: XSDT 0x00000000BF6D191C 000084 (v01 LENOVO TP-7B    00002190  LTP 00000000)
[    0.000000] ACPI: FACP 0x00000000BF6D1A00 0000F4 (v03 LENOVO TP-7B    00002190 LNVO 00000001)
[    0.000000] ACPI BIOS Warning (bug): 32/64X length mismatch in FADT/Gpe0Block: 64/32 (20180531/tbfadt-569)
[    0.000000] ACPI BIOS Warning (bug): Optional FADT field Gpe1Block has valid Address but zero Length: 0x000000000000102C/0x0 (20180531/tbfadt-624)
[    0.000000] ACPI: DSDT 0x00000000BF6D1D90 00CFB9 (v01 LENOVO TP-7B    00002190 MSFT 0100000E)
[    0.000000] ACPI: FACS 0x00000000BF6F4000 000040
[    0.000000] ACPI: FACS 0x00000000BF6F4000 000040
[    0.000000] ACPI: SSDT 0x00000000BF6D1BB4 0001DC (v01 LENOVO TP-7B    00002190 MSFT 0100000E)
[    0.000000] ACPI: ECDT 0x00000000BF6DED49 000052 (v01 LENOVO TP-7B    00002190 LNVO 00000001)
[    0.000000] ACPI: TCPA 0x00000000BF6DED9B 000032 (v02 LENOVO TP-7B    00002190 LNVO 00000001)
[    0.000000] ACPI: APIC 0x00000000BF6DEDCD 000068 (v01 LENOVO TP-7B    00002190 LNVO 00000001)
[    0.000000] ACPI: MCFG 0x00000000BF6DEE35 00003C (v01 LENOVO TP-7B    00002190 LNVO 00000001)
[    0.000000] ACPI: HPET 0x00000000BF6DEE71 000038 (v01 LENOVO TP-7B    00002190 LNVO 00000001)
[    0.000000] ACPI: BOOT 0x00000000BF6DEFD8 000028 (v01 LENOVO TP-7B    00002190  LTP 00000001)
[    0.000000] ACPI: SSDT 0x00000000BF6F2645 00025F (v01 LENOVO TP-7B    00002190 INTL 20050513)
[    0.000000] ACPI: SSDT 0x00000000BF6F28A4 0000A6 (v01 LENOVO TP-7B    00002190 INTL 20050513)
[    0.000000] ACPI: SSDT 0x00000000BF6F294A 0004F7 (v01 LENOVO TP-7B    00002190 INTL 20050513)
[    0.000000] ACPI: SSDT 0x00000000BF6F2E41 0001D8 (v01 LENOVO TP-7B    00002190 INTL 20050513)
[    0.000000] ACPI: Local APIC address 0xfee00000
[    0.000000] 2174MB HIGHMEM available.
[    0.000000] 887MB LOWMEM available.
[    0.000000]   mapped low ram: 0 - 377fe000
[    0.000000]   low ram: 0 - 377fe000
[    0.000000] tsc: Fast TSC calibration using PIT
[    0.000000] BRK [0x057f5000, 0x057f5fff] PGTABLE
[    0.000000] Zone ranges:
[    0.000000]   DMA      [mem 0x0000000000001000-0x0000000000ffffff]
[    0.000000]   Normal   [mem 0x0000000001000000-0x00000000377fdfff]
[    0.000000]   HighMem  [mem 0x00000000377fe000-0x00000000bf6cffff]
[    0.000000] Movable zone start for each node
[    0.000000] Early memory node ranges
[    0.000000]   node   0: [mem 0x0000000000001000-0x000000000009efff]
[    0.000000]   node   0: [mem 0x0000000000100000-0x00000000bf6cffff]
[    0.000000] Initmem setup node 0 [mem 0x0000000000001000-0x00000000bf6cffff]
[    0.000000] On node 0 totalpages: 783982
[    0.000000]   DMA zone: 32 pages used for memmap
[    0.000000]   DMA zone: 0 pages reserved
[    0.000000]   DMA zone: 3998 pages, LIFO batch:0
[    0.000000]   Normal zone: 1744 pages used for memmap
[    0.000000]   Normal zone: 223230 pages, LIFO batch:31
[    0.000000]   HighMem zone: 556754 pages, LIFO batch:31
[    0.000000] Reserved but unavailable: 98 pages
[    0.000000] Using APIC driver default
[    0.000000] Reserving Intel graphics memory at [mem 0xbf800000-0xbfffffff]
[    0.000000] ACPI: PM-Timer IO Port: 0x1008
[    0.000000] ACPI: Local APIC address 0xfee00000
[    0.000000] ACPI: LAPIC_NMI (acpi_id[0x00] high edge lint[0x1])
[    0.000000] ACPI: LAPIC_NMI (acpi_id[0x01] high edge lint[0x1])
[    0.000000] IOAPIC[0]: apic_id 1, version 32, address 0xfec00000, GSI 0-23
[    0.000000] ACPI: INT_SRC_OVR (bus 0 bus_irq 0 global_irq 2 dfl dfl)
[    0.000000] ACPI: INT_SRC_OVR (bus 0 bus_irq 9 global_irq 9 high level)
[    0.000000] ACPI: IRQ0 used by override.
[    0.000000] ACPI: IRQ9 used by override.
[    0.000000] Using ACPI (MADT) for SMP configuration information
[    0.000000] ACPI: HPET id: 0x8086a201 base: 0xfed00000
[    0.000000] smpboot: Allowing 2 CPUs, 0 hotplug CPUs
[    0.000000] PM: Registered nosave memory: [mem 0x00000000-0x00000fff]
[    0.000000] PM: Registered nosave memory: [mem 0x0009f000-0x0009ffff]
[    0.000000] PM: Registered nosave memory: [mem 0x000a0000-0x000dbfff]
[    0.000000] PM: Registered nosave memory: [mem 0x000dc000-0x000fffff]
[    0.000000] [mem 0xc0000000-0xefffffff] available for PCI devices
[    0.000000] clocksource: refined-jiffies: mask: 0xffffffff max_cycles: 0xffffffff, max_idle_ns: 7645519600211568 ns
[    0.000000] random: get_random_bytes called from start_kernel+0x69/0x32b with crng_init=0
[    0.000000] setup_percpu: NR_CPUS:8 nr_cpumask_bits:8 nr_cpu_ids:2 nr_node_ids:1
[    0.000000] percpu: Embedded 29 pages/cpu @(ptrval) s86248 r0 d32536 u118784
[    0.000000] pcpu-alloc: s86248 r0 d32536 u118784 alloc=29*4096
[    0.000000] pcpu-alloc: [0] 0 [0] 1 
[    0.000000] Built 1 zonelists, mobility grouping on.  Total pages: 782206
[    0.000000] Kernel command line: BOOT_IMAGE=(hd0,2)/fast/l/linux-next-32/arch/x86/boot/bzImage root=/dev/sda4 resume=/dev/sda1
[    0.000000] Dentry cache hash table entries: 131072 (order: 7, 524288 bytes)
[    0.000000] Inode-cache hash table entries: 65536 (order: 6, 262144 bytes)
[    0.000000] Initializing CPU#0
[    0.000000] Initializing HighMem for node 0 (000377fe:000bf6d0)
[    0.000000] Initializing Movable for node 0 (00000000:00000000)
[    0.000000] Memory: 3085784K/3135928K available (11920K kernel code, 709K rwdata, 4768K rodata, 596K init, 6136K bss, 50144K reserved, 0K cma-reserved, 2227016K highmem)
[    0.000000] virtual kernel memory layout:
    fixmap  : 0xffe70000 - 0xfffff000   (1596 kB)
  cpu_entry : 0xffa00000 - 0xffb39000   (1252 kB)
    pkmap   : 0xff800000 - 0xffa00000   (2048 kB)
    vmalloc : 0xf7ffe000 - 0xff7fe000   ( 120 MB)
    lowmem  : 0xc0000000 - 0xf77fe000   ( 887 MB)
      .init : 0xc5126000 - 0xc51bb000   ( 596 kB)
      .data : 0xc4ba4158 - 0xc51044c0   (5504 kB)
      .text : 0xc4000000 - 0xc4ba4158   (11920 kB)
[    0.000000] Checking if this processor honours the WP bit even in supervisor mode...Ok.
[    0.000000] rcu: Hierarchical RCU implementation.
[    0.000000] rcu: 	RCU restricting CPUs from NR_CPUS=8 to nr_cpu_ids=2.
[    0.000000] rcu: Adjusting geometry for rcu_fanout_leaf=16, nr_cpu_ids=2
[    0.000000] NR_IRQS: 2304, nr_irqs: 56, preallocated irqs: 16
[    0.000000] CPU 0 irqstacks, hard=(ptrval) soft=(ptrval)
[    0.000000] Console: colour VGA+ 80x25
[    0.000000] console [tty0] enabled
[    0.000000] Lock dependency validator: Copyright (c) 2006 Red Hat, Inc., Ingo Molnar
[    0.000000] ... MAX_LOCKDEP_SUBCLASSES:  8
[    0.000000] ... MAX_LOCK_DEPTH:          48
[    0.000000] ... MAX_LOCKDEP_KEYS:        8191
[    0.000000] ... CLASSHASH_SIZE:          4096
[    0.000000] ... MAX_LOCKDEP_ENTRIES:     32768
[    0.000000] ... MAX_LOCKDEP_CHAINS:      65536
[    0.000000] ... CHAINHASH_SIZE:          32768
[    0.000000]  memory used by lock dependency info: 4383 kB
[    0.000000]  per task-struct memory footprint: 1344 bytes
[    0.000000] ACPI: Core revision 20180531
[    0.000000] clocksource: hpet: mask: 0xffffffff max_cycles: 0xffffffff, max_idle_ns: 133484882848 ns
[    0.000000] hpet clockevent registered
[    0.000000] APIC: Switch to symmetric I/O mode setup
[    0.000000] Enabling APIC mode:  Flat.  Using 1 I/O APICs
[    0.000000] ..TIMER: vector=0x30 apic1=0 pin1=2 apic2=-1 pin2=-1
[    0.020000] tsc: Fast TSC calibration using PIT
[    0.024000] tsc: Detected 1828.768 MHz processor
[    0.024000] clocksource: tsc-early: mask: 0xffffffffffffffff max_cycles: 0x1a5c51b3462, max_idle_ns: 440795293562 ns
[    0.024000] Calibrating delay loop (skipped), value calculated using timer frequency.. 3657.53 BogoMIPS (lpj=7315072)
[    0.024000] pid_max: default: 32768 minimum: 301
[    0.024000] Mount-cache hash table entries: 2048 (order: 1, 8192 bytes)
[    0.024000] Mountpoint-cache hash table entries: 2048 (order: 1, 8192 bytes)
[    0.024000] Disabled fast string operations
[    0.024000] CPU: Physical Processor ID: 0
[    0.024000] CPU: Processor Core ID: 0
[    0.024000] process: using mwait in idle threads
[    0.024000] Last level iTLB entries: 4KB 128, 2MB 0, 4MB 2
[    0.024000] Last level dTLB entries: 4KB 128, 2MB 0, 4MB 8, 1GB 0
[    0.024000] Spectre V2 : Mitigation: Full generic retpoline
[    0.024000] Spectre V2 : Spectre v2 mitigation: Filling RSB on context switch
[    0.024000] Freeing SMP alternatives memory: 44K
[    0.032000] smpboot: CPU0: Genuine Intel(R) CPU           T2400  @ 1.83GHz (family: 0x6, model: 0xe, stepping: 0x8)
[    0.032000] Performance Events: Core events, core PMU driver.
[    0.032000] ... version:                1
[    0.032000] ... bit width:              40
[    0.032000] ... generic registers:      2
[    0.032000] ... value mask:             000000ffffffffff
[    0.032000] ... max period:             000000007fffffff
[    0.032000] ... fixed-purpose events:   0
[    0.032000] ... event mask:             0000000000000003
[    0.032000] rcu: Hierarchical SRCU implementation.
[    0.032000] NMI watchdog: Enabled. Permanently consumes one hw-PMU counter.
[    0.032057] smp: Bringing up secondary CPUs ...
[    0.033114] CPU 1 irqstacks, hard=(ptrval) soft=(ptrval)
[    0.033118] x86: Booting SMP configuration:
[    0.033200] .... node  #0, CPUs:      #1
[    0.004000] Initializing CPU#1
[    0.004000] Disabled fast string operations
[    0.035662] TSC synchronization [CPU#0 -> CPU#1]:
[    0.035972] Measured 579865 cycles TSC warp between CPUs, turning off TSC clock.
[    0.036000] tsc: Marking TSC unstable due to check_tsc_sync_source failed
[    0.036101] smp: Brought up 1 node, 2 CPUs
[    0.036101] smpboot: Max logical packages: 1
[    0.036168] smpboot: Total of 2 processors activated (7315.07 BogoMIPS)
[    0.037849] devtmpfs: initialized
[    0.037849] PM: Registering ACPI NVS region [mem 0xbf6df000-0xbf6fffff] (135168 bytes)
[    0.040074] clocksource: jiffies: mask: 0xffffffff max_cycles: 0xffffffff, max_idle_ns: 7645041785100000 ns
[    0.040186] futex hash table entries: 512 (order: 3, 32768 bytes)
[    0.040990] NET: Registered protocol family 16
[    0.042710] cpuidle: using governor ladder
[    0.042710] cpuidle: using governor menu
[    0.042710] Simple Boot Flag at 0x35 set to 0x1
[    0.042710] ACPI FADT declares the system doesn't support PCIe ASPM, so disable it
[    0.042710] ACPI: bus type PCI registered
[    0.042710] PCI: MMCONFIG for domain 0000 [bus 00-3f] at [mem 0xf0000000-0xf3ffffff] (base 0xf0000000)
[    0.044025] PCI: MMCONFIG at [mem 0xf0000000-0xf3ffffff] reserved in E820
[    0.044113] PCI: Using MMCONFIG for extended config space
[    0.044979] PCI: Using configuration type 1 for base access
[    0.045452] mtrr: your CPUs had inconsistent variable MTRR settings
[    0.045538] mtrr: probably your BIOS does not setup all CPUs.
[    0.045620] mtrr: corrected configuration.
[    0.106542] ACPI: Added _OSI(Module Device)
[    0.106627] ACPI: Added _OSI(Processor Device)
[    0.106705] ACPI: Added _OSI(3.0 _SCP Extensions)
[    0.106786] ACPI: Added _OSI(Processor Aggregator Device)
[    0.106872] ACPI: Added _OSI(Linux-Dell-Video)
[    0.106971] ACPI: EC: EC started
[    0.107044] ACPI: EC: interrupt blocked
[    0.107172] ACPI: \: Used as first EC
[    0.107251] ACPI: \: GPE=0x1c, EC_CMD/EC_SC=0x66, EC_DATA=0x62
[    0.107340] ACPI: \: Used as boot ECDT EC to handle transactions
[    0.172087] ACPI: 6 ACPI AML tables successfully acquired and loaded
[    0.204807] ACPI: Dynamic OEM Table Load:
[    0.204905] ACPI: SSDT 0x00000000F59F0800 000240 (v01 PmRef  Cpu0Ist  00000100 INTL 20050513)
[    0.206494] ACPI: Dynamic OEM Table Load:
[    0.206588] ACPI: SSDT 0x00000000F5A4D800 00065A (v01 PmRef  Cpu0Cst  00000100 INTL 20050513)
[    0.209372] ACPI: Dynamic OEM Table Load:
[    0.209468] ACPI: SSDT 0x00000000F58B5C00 0000C8 (v01 PmRef  Cpu1Ist  00000100 INTL 20050513)
[    0.210434] ACPI: Dynamic OEM Table Load:
[    0.210528] ACPI: SSDT 0x00000000F58BC780 000085 (v01 PmRef  Cpu1Cst  00000100 INTL 20050513)
[    0.213005] ACPI: Interpreter enabled
[    0.213173] ACPI: (supports S0 S3 S4 S5)
[    0.213254] ACPI: Using IOAPIC for interrupt routing
[    0.213470] PCI: Using host bridge windows from ACPI; if necessary, use "pci=nocrs" and report a bug
[    0.214523] ACPI: Enabled 4 GPEs in block 00 to 1F
[    0.238472] ACPI: Power Resource [PUBS] (on)
[    0.239636] acpi PNP0C0A:01: ACPI dock station (docks/bays count: 1)
[    0.247383] acpi LNXIOBAY:00: ACPI dock station (docks/bays count: 2)
[    0.261475] acpi IBM0079:00: ACPI dock station (docks/bays count: 3)
[    0.263871] ACPI: PCI Interrupt Link [LNKA] (IRQs 3 4 5 6 7 9 10 *11)
[    0.264731] ACPI: PCI Interrupt Link [LNKB] (IRQs 3 4 5 6 7 9 10 *11)
[    0.265575] ACPI: PCI Interrupt Link [LNKC] (IRQs 3 4 5 6 7 9 10 *11)
[    0.266419] ACPI: PCI Interrupt Link [LNKD] (IRQs 3 4 5 6 7 9 10 *11)
[    0.267262] ACPI: PCI Interrupt Link [LNKE] (IRQs 3 4 5 6 7 9 10 *11)
[    0.268118] ACPI: PCI Interrupt Link [LNKF] (IRQs 3 4 5 6 7 9 10 *11)
[    0.268963] ACPI: PCI Interrupt Link [LNKG] (IRQs 3 4 5 6 7 9 10 *11)
[    0.269806] ACPI: PCI Interrupt Link [LNKH] (IRQs 3 4 5 6 7 9 10 *11)
[    0.270366] ACPI: PCI Root Bridge [PCI0] (domain 0000 [bus 00-ff])
[    0.270466] acpi PNP0A08:00: _OSC: OS supports [ExtendedConfig ASPM ClockPM Segments]
[    0.271481] acpi PNP0A08:00: _OSC: not requesting OS control; OS requires [ExtendedConfig ASPM ClockPM MSI]
[    0.271615] acpi PNP0A08:00: [Firmware Info]: MMCONFIG for domain 0000 [bus 00-3f] only partially covers this bridge
[    0.271983] PCI host bridge to bus 0000:00
[    0.272009] pci_bus 0000:00: root bus resource [io  0x0000-0x0cf7 window]
[    0.272102] pci_bus 0000:00: root bus resource [io  0x0d00-0xffff window]
[    0.272195] pci_bus 0000:00: root bus resource [mem 0x000a0000-0x000bffff window]
[    0.272292] pci_bus 0000:00: root bus resource [mem 0x000d0000-0x000d3fff window]
[    0.272388] pci_bus 0000:00: root bus resource [mem 0x000d4000-0x000d7fff window]
[    0.272484] pci_bus 0000:00: root bus resource [mem 0x000d8000-0x000dbfff window]
[    0.272581] pci_bus 0000:00: root bus resource [mem 0xc0000000-0xfebfffff window]
[    0.272677] pci_bus 0000:00: root bus resource [mem 0xfed40000-0xfed40fff window]
[    0.272775] pci_bus 0000:00: root bus resource [bus 00-ff]
[    0.272891] pci 0000:00:00.0: [8086:27a0] type 00 class 0x060000
[    0.273346] pci 0000:00:02.0: [8086:27a2] type 00 class 0x030000
[    0.273369] pci 0000:00:02.0: reg 0x10: [mem 0xee100000-0xee17ffff]
[    0.273380] pci 0000:00:02.0: reg 0x14: [io  0x1800-0x1807]
[    0.273391] pci 0000:00:02.0: reg 0x18: [mem 0xd0000000-0xdfffffff pref]
[    0.273402] pci 0000:00:02.0: reg 0x1c: [mem 0xee200000-0xee23ffff]
[    0.273859] pci 0000:00:02.1: [8086:27a6] type 00 class 0x038000
[    0.273879] pci 0000:00:02.1: reg 0x10: [mem 0xee180000-0xee1fffff]
[    0.274369] pci 0000:00:1b.0: [8086:27d8] type 00 class 0x040300
[    0.274414] pci 0000:00:1b.0: reg 0x10: [mem 0xee240000-0xee243fff 64bit]
[    0.274575] pci 0000:00:1b.0: PME# supported from D0 D3hot D3cold
[    0.275041] pci 0000:00:1c.0: [8086:27d0] type 01 class 0x060400
[    0.275217] pci 0000:00:1c.0: PME# supported from D0 D3hot D3cold
[    0.275660] pci 0000:00:1c.1: [8086:27d2] type 01 class 0x060400
[    0.275836] pci 0000:00:1c.1: PME# supported from D0 D3hot D3cold
[    0.276360] pci 0000:00:1c.2: [8086:27d4] type 01 class 0x060400
[    0.276536] pci 0000:00:1c.2: PME# supported from D0 D3hot D3cold
[    0.276984] pci 0000:00:1c.3: [8086:27d6] type 01 class 0x060400
[    0.277160] pci 0000:00:1c.3: PME# supported from D0 D3hot D3cold
[    0.277602] pci 0000:00:1d.0: [8086:27c8] type 00 class 0x0c0300
[    0.277681] pci 0000:00:1d.0: reg 0x20: [io  0x1820-0x183f]
[    0.278145] pci 0000:00:1d.1: [8086:27c9] type 00 class 0x0c0300
[    0.278224] pci 0000:00:1d.1: reg 0x20: [io  0x1840-0x185f]
[    0.278672] pci 0000:00:1d.2: [8086:27ca] type 00 class 0x0c0300
[    0.278750] pci 0000:00:1d.2: reg 0x20: [io  0x1860-0x187f]
[    0.279201] pci 0000:00:1d.3: [8086:27cb] type 00 class 0x0c0300
[    0.279279] pci 0000:00:1d.3: reg 0x20: [io  0x1880-0x189f]
[    0.279721] pci 0000:00:1d.7: [8086:27cc] type 00 class 0x0c0320
[    0.279756] pci 0000:00:1d.7: reg 0x10: [mem 0xee444000-0xee4443ff]
[    0.279898] pci 0000:00:1d.7: PME# supported from D0 D3hot D3cold
[    0.280326] pci 0000:00:1e.0: [8086:2448] type 01 class 0x060401
[    0.280853] pci 0000:00:1f.0: [8086:27b9] type 00 class 0x060100
[    0.281012] pci 0000:00:1f.0: quirk: [io  0x1000-0x107f] claimed by ICH6 ACPI/GPIO/TCO
[    0.281115] pci 0000:00:1f.0: quirk: [io  0x1180-0x11bf] claimed by ICH6 GPIO
[    0.281212] pci 0000:00:1f.0: ICH7 LPC Generic IO decode 1 PIO at 1600 (mask 007f)
[    0.281310] pci 0000:00:1f.0: ICH7 LPC Generic IO decode 2 PIO at 15e0 (mask 000f)
[    0.281408] pci 0000:00:1f.0: ICH7 LPC Generic IO decode 3 PIO at 1680 (mask 001f)
[    0.281936] pci 0000:00:1f.1: [8086:27df] type 00 class 0x01018a
[    0.281966] pci 0000:00:1f.1: reg 0x10: [io  0x0000-0x0007]
[    0.281983] pci 0000:00:1f.1: reg 0x14: [io  0x0000-0x0003]
[    0.281999] pci 0000:00:1f.1: reg 0x18: [io  0x0000-0x0007]
[    0.282015] pci 0000:00:1f.1: reg 0x1c: [io  0x0000-0x0003]
[    0.282032] pci 0000:00:1f.1: reg 0x20: [io  0x1810-0x181f]
[    0.282065] pci 0000:00:1f.1: legacy IDE quirk: reg 0x10: [io  0x01f0-0x01f7]
[    0.282159] pci 0000:00:1f.1: legacy IDE quirk: reg 0x14: [io  0x03f6]
[    0.282249] pci 0000:00:1f.1: legacy IDE quirk: reg 0x18: [io  0x0170-0x0177]
[    0.282343] pci 0000:00:1f.1: legacy IDE quirk: reg 0x1c: [io  0x0376]
[    0.282834] pci 0000:00:1f.2: [8086:27c5] type 00 class 0x010601
[    0.282869] pci 0000:00:1f.2: reg 0x10: [io  0x18d0-0x18d7]
[    0.282885] pci 0000:00:1f.2: reg 0x14: [io  0x18c4-0x18c7]
[    0.282902] pci 0000:00:1f.2: reg 0x18: [io  0x18c8-0x18cf]
[    0.282918] pci 0000:00:1f.2: reg 0x1c: [io  0x18c0-0x18c3]
[    0.282935] pci 0000:00:1f.2: reg 0x20: [io  0x18b0-0x18bf]
[    0.282951] pci 0000:00:1f.2: reg 0x24: [mem 0xee444400-0xee4447ff]
[    0.283035] pci 0000:00:1f.2: PME# supported from D3hot
[    0.283455] pci 0000:00:1f.3: [8086:27da] type 00 class 0x0c0500
[    0.283554] pci 0000:00:1f.3: reg 0x20: [io  0x18e0-0x18ff]
[    0.284236] pci 0000:02:00.0: [8086:109a] type 00 class 0x020000
[    0.284301] pci 0000:02:00.0: reg 0x10: [mem 0xee000000-0xee01ffff]
[    0.284349] pci 0000:02:00.0: reg 0x18: [io  0x2000-0x201f]
[    0.284602] pci 0000:02:00.0: PME# supported from D0 D3hot D3cold
[    0.284971] pci 0000:00:1c.0: PCI bridge to [bus 02]
[    0.285058] pci 0000:00:1c.0:   bridge window [io  0x2000-0x2fff]
[    0.285066] pci 0000:00:1c.0:   bridge window [mem 0xee000000-0xee0fffff]
[    0.285334] pci 0000:03:00.0: [8086:4227] type 00 class 0x028000
[    0.285442] pci 0000:03:00.0: reg 0x10: [mem 0xedf00000-0xedf00fff]
[    0.285946] pci 0000:03:00.0: PME# supported from D0 D3hot D3cold
[    0.286357] pci 0000:00:1c.1: PCI bridge to [bus 03]
[    0.286443] pci 0000:00:1c.1:   bridge window [io  0x3000-0x4fff]
[    0.286451] pci 0000:00:1c.1:   bridge window [mem 0xec000000-0xedffffff]
[    0.286462] pci 0000:00:1c.1:   bridge window [mem 0xe4000000-0xe40fffff 64bit pref]
[    0.286616] pci 0000:00:1c.2: PCI bridge to [bus 04-0b]
[    0.286705] pci 0000:00:1c.2:   bridge window [io  0x5000-0x6fff]
[    0.286712] pci 0000:00:1c.2:   bridge window [mem 0xe8000000-0xe9ffffff]
[    0.286724] pci 0000:00:1c.2:   bridge window [mem 0xe4100000-0xe41fffff 64bit pref]
[    0.286876] pci 0000:00:1c.3: PCI bridge to [bus 0c-13]
[    0.286965] pci 0000:00:1c.3:   bridge window [io  0x7000-0x8fff]
[    0.286972] pci 0000:00:1c.3:   bridge window [mem 0xea000000-0xebffffff]
[    0.286984] pci 0000:00:1c.3:   bridge window [mem 0xe4200000-0xe42fffff 64bit pref]
[    0.287024] pci_bus 0000:15: extended config space not accessible
[    0.287222] pci 0000:15:00.0: [1180:0476] type 02 class 0x060700
[    0.287255] pci 0000:15:00.0: reg 0x10: [mem 0xe4300000-0xe4300fff]
[    0.287327] pci 0000:15:00.0: supports D1 D2
[    0.287332] pci 0000:15:00.0: PME# supported from D0 D1 D2 D3hot D3cold
[    0.287599] pci 0000:15:00.1: [1180:0552] type 00 class 0x0c0010
[    0.287628] pci 0000:15:00.1: reg 0x10: [mem 0xe4301000-0xe43017ff]
[    0.287775] pci 0000:15:00.1: PME# supported from D0 D3hot D3cold
[    0.287984] pci 0000:15:00.2: [1180:0822] type 00 class 0x080500
[    0.288021] pci 0000:15:00.2: reg 0x10: [mem 0xe4301800-0xe43018ff]
[    0.288166] pci 0000:15:00.2: supports D1 D2
[    0.288171] pci 0000:15:00.2: PME# supported from D0 D1 D2 D3hot D3cold
[    0.288439] pci 0000:00:1e.0: PCI bridge to [bus 15-18] (subtractive decode)
[    0.288537] pci 0000:00:1e.0:   bridge window [io  0x9000-0xcfff]
[    0.288544] pci 0000:00:1e.0:   bridge window [mem 0xe4300000-0xe7ffffff]
[    0.288555] pci 0000:00:1e.0:   bridge window [mem 0xe0000000-0xe3ffffff 64bit pref]
[    0.288561] pci 0000:00:1e.0:   bridge window [io  0x0000-0x0cf7 window] (subtractive decode)
[    0.288566] pci 0000:00:1e.0:   bridge window [io  0x0d00-0xffff window] (subtractive decode)
[    0.288570] pci 0000:00:1e.0:   bridge window [mem 0x000a0000-0x000bffff window] (subtractive decode)
[    0.288575] pci 0000:00:1e.0:   bridge window [mem 0x000d0000-0x000d3fff window] (subtractive decode)
[    0.288580] pci 0000:00:1e.0:   bridge window [mem 0x000d4000-0x000d7fff window] (subtractive decode)
[    0.288585] pci 0000:00:1e.0:   bridge window [mem 0x000d8000-0x000dbfff window] (subtractive decode)
[    0.288589] pci 0000:00:1e.0:   bridge window [mem 0xc0000000-0xfebfffff window] (subtractive decode)
[    0.288594] pci 0000:00:1e.0:   bridge window [mem 0xfed40000-0xfed40fff window] (subtractive decode)
[    0.288639] pci_bus 0000:16: extended config space not accessible
[    0.288826] pci_bus 0000:16: busn_res: [bus 16-18] end is updated to 17
[    0.288882] pci_bus 0000:00: on NUMA node 0
[    0.295054] ACPI: EC: interrupt unblocked
[    0.295167] ACPI: EC: event unblocked
[    0.295275] ACPI: \_SB_.PCI0.LPC_.EC__: GPE=0x1c, EC_CMD/EC_SC=0x66, EC_DATA=0x62
[    0.295372] ACPI: \_SB_.PCI0.LPC_.EC__: Used as boot DSDT EC to handle transactions and events
[    0.296143] pci 0000:00:02.0: vgaarb: setting as boot VGA device
[    0.296233] pci 0000:00:02.0: vgaarb: VGA device added: decodes=io+mem,owns=io+mem,locks=none
[    0.296369] pci 0000:00:02.0: vgaarb: bridge control possible
[    0.296452] vgaarb: loaded
[    0.297064] SCSI subsystem initialized
[    0.297432] libata version 3.00 loaded.
[    0.297647] ACPI: bus type USB registered
[    0.297864] usbcore: registered new interface driver usbfs
[    0.298016] usbcore: registered new interface driver hub
[    0.298165] usbcore: registered new device driver usb
[    0.298380] media: Linux media interface: v0.10
[    0.298508] videodev: Linux video capture interface: v2.00
[    0.298668] pps_core: LinuxPPS API ver. 1 registered
[    0.298748] pps_core: Software ver. 5.3.6 - Copyright 2005-2007 Rodolfo Giometti <giometti@linux.it>
[    0.298899] PTP clock support registered
[    0.299486] EDAC MC: Ver: 3.0.0
[    0.300238] Advanced Linux Sound Architecture Driver Initialized.
[    0.300452] PCI: Using ACPI for IRQ routing
[    0.303517] PCI: pci_cache_line_size set to 64 bytes
[    0.304008] e820: reserve RAM buffer [mem 0x0009f000-0x0009ffff]
[    0.304008] e820: reserve RAM buffer [mem 0xbf6d0000-0xbfffffff]
[    0.304470] Bluetooth: Core ver 2.22
[    0.304604] NET: Registered protocol family 31
[    0.304680] Bluetooth: HCI device and connection manager initialized
[    0.304777] Bluetooth: HCI socket layer initialized
[    0.304859] Bluetooth: L2CAP socket layer initialized
[    0.304980] Bluetooth: SCO socket layer initialized
[    0.306445] clocksource: Switched to clocksource hpet
[    0.306892] pnp: PnP ACPI init
[    0.307875] system 00:00: [mem 0x00000000-0x0009ffff] could not be reserved
[    0.307976] system 00:00: [mem 0x000c0000-0x000c3fff] could not be reserved
[    0.308092] system 00:00: [mem 0x000c4000-0x000c7fff] could not be reserved
[    0.308188] system 00:00: [mem 0x000c8000-0x000cbfff] has been reserved
[    0.308281] system 00:00: [mem 0x000cc000-0x000cffff] has been reserved
[    0.308376] system 00:00: [mem 0x000dc000-0x000dffff] could not be reserved
[    0.308473] system 00:00: [mem 0x000e0000-0x000e3fff] could not be reserved
[    0.308570] system 00:00: [mem 0x000e4000-0x000e7fff] could not be reserved
[    0.308666] system 00:00: [mem 0x000e8000-0x000ebfff] could not be reserved
[    0.308762] system 00:00: [mem 0x000ec000-0x000effff] could not be reserved
[    0.308859] system 00:00: [mem 0x000f0000-0x000fffff] could not be reserved
[    0.308956] system 00:00: [mem 0x00100000-0xbfffffff] could not be reserved
[    0.309052] system 00:00: [mem 0xfec00000-0xfed3ffff] could not be reserved
[    0.309149] system 00:00: [mem 0xfed41000-0xffffffff] could not be reserved
[    0.309292] system 00:00: Plug and Play ACPI device, IDs PNP0c01 (active)
[    0.309782] system 00:01: [io  0x164e-0x164f] has been reserved
[    0.309874] system 00:01: [io  0x1000-0x107f] has been reserved
[    0.309964] system 00:01: [io  0x1180-0x11bf] has been reserved
[    0.310056] system 00:01: [io  0x0800-0x080f] has been reserved
[    0.310146] system 00:01: [io  0x15e0-0x15ef] has been reserved
[    0.310238] system 00:01: [io  0x1600-0x165f] could not be reserved
[    0.310331] system 00:01: [mem 0xf0000000-0xf3ffffff] has been reserved
[    0.310425] system 00:01: [mem 0xfed1c000-0xfed1ffff] has been reserved
[    0.310518] system 00:01: [mem 0xfed14000-0xfed17fff] has been reserved
[    0.310612] system 00:01: [mem 0xfed18000-0xfed18fff] has been reserved
[    0.310706] system 00:01: [mem 0xfed19000-0xfed19fff] has been reserved
[    0.310834] system 00:01: Plug and Play ACPI device, IDs PNP0c02 (active)
[    0.311148] pnp 00:02: Plug and Play ACPI device, IDs PNP0b00 (active)
[    0.311284] pnp 00:03: Plug and Play ACPI device, IDs PNP0303 (active)
[    0.311428] pnp 00:04: Plug and Play ACPI device, IDs IBM3780 PNP0f13 (active)
[    0.312199] pnp 00:05: [dma 3]
[    0.312404] pnp 00:05: Plug and Play ACPI device, IDs IBM0071 PNP0511 (active)
[    0.312646] pnp 00:06: Plug and Play ACPI device, IDs ATM1200 PNP0c31 (active)
[    0.315065] pnp: PnP ACPI: found 7 devices
[    0.361742] clocksource: acpi_pm: mask: 0xffffff max_cycles: 0xffffff, max_idle_ns: 2085701024 ns
[    0.361889] pci 0000:00:1c.0: bridge window [mem 0x00100000-0x000fffff 64bit pref] to [bus 02] add_size 200000 add_align 100000
[    0.361975] pci 0000:00:1c.0: BAR 9: assigned [mem 0xc0000000-0xc01fffff 64bit pref]
[    0.362073] pci 0000:00:1c.0: PCI bridge to [bus 02]
[    0.362156] pci 0000:00:1c.0:   bridge window [io  0x2000-0x2fff]
[    0.362246] pci 0000:00:1c.0:   bridge window [mem 0xee000000-0xee0fffff]
[    0.362338] pci 0000:00:1c.0:   bridge window [mem 0xc0000000-0xc01fffff 64bit pref]
[    0.362438] pci 0000:00:1c.1: PCI bridge to [bus 03]
[    0.362520] pci 0000:00:1c.1:   bridge window [io  0x3000-0x4fff]
[    0.362610] pci 0000:00:1c.1:   bridge window [mem 0xec000000-0xedffffff]
[    0.362702] pci 0000:00:1c.1:   bridge window [mem 0xe4000000-0xe40fffff 64bit pref]
[    0.362802] pci 0000:00:1c.2: PCI bridge to [bus 04-0b]
[    0.362884] pci 0000:00:1c.2:   bridge window [io  0x5000-0x6fff]
[    0.362975] pci 0000:00:1c.2:   bridge window [mem 0xe8000000-0xe9ffffff]
[    0.363067] pci 0000:00:1c.2:   bridge window [mem 0xe4100000-0xe41fffff 64bit pref]
[    0.363167] pci 0000:00:1c.3: PCI bridge to [bus 0c-13]
[    0.363250] pci 0000:00:1c.3:   bridge window [io  0x7000-0x8fff]
[    0.363341] pci 0000:00:1c.3:   bridge window [mem 0xea000000-0xebffffff]
[    0.363432] pci 0000:00:1c.3:   bridge window [mem 0xe4200000-0xe42fffff 64bit pref]
[    0.363543] pci 0000:15:00.0: BAR 9: assigned [mem 0xe0000000-0xe3ffffff pref]
[    0.363639] pci 0000:15:00.0: BAR 10: assigned [mem 0xc4000000-0xc7ffffff]
[    0.363729] pci 0000:15:00.0: BAR 7: assigned [io  0x9000-0x90ff]
[    0.363816] pci 0000:15:00.0: BAR 8: assigned [io  0x9400-0x94ff]
[    0.363909] pci 0000:15:00.0: CardBus bridge to [bus 16-17]
[    0.363992] pci 0000:15:00.0:   bridge window [io  0x9000-0x90ff]
[    0.364098] pci 0000:15:00.0:   bridge window [io  0x9400-0x94ff]
[    0.364187] pci 0000:15:00.0:   bridge window [mem 0xe0000000-0xe3ffffff pref]
[    0.364281] pci 0000:15:00.0:   bridge window [mem 0xc4000000-0xc7ffffff]
[    0.364373] pci 0000:00:1e.0: PCI bridge to [bus 15-18]
[    0.364456] pci 0000:00:1e.0:   bridge window [io  0x9000-0xcfff]
[    0.364546] pci 0000:00:1e.0:   bridge window [mem 0xe4300000-0xe7ffffff]
[    0.364638] pci 0000:00:1e.0:   bridge window [mem 0xe0000000-0xe3ffffff 64bit pref]
[    0.364739] pci_bus 0000:00: resource 4 [io  0x0000-0x0cf7 window]
[    0.364744] pci_bus 0000:00: resource 5 [io  0x0d00-0xffff window]
[    0.364748] pci_bus 0000:00: resource 6 [mem 0x000a0000-0x000bffff window]
[    0.364752] pci_bus 0000:00: resource 7 [mem 0x000d0000-0x000d3fff window]
[    0.364756] pci_bus 0000:00: resource 8 [mem 0x000d4000-0x000d7fff window]
[    0.364760] pci_bus 0000:00: resource 9 [mem 0x000d8000-0x000dbfff window]
[    0.364764] pci_bus 0000:00: resource 10 [mem 0xc0000000-0xfebfffff window]
[    0.364768] pci_bus 0000:00: resource 11 [mem 0xfed40000-0xfed40fff window]
[    0.364773] pci_bus 0000:02: resource 0 [io  0x2000-0x2fff]
[    0.364777] pci_bus 0000:02: resource 1 [mem 0xee000000-0xee0fffff]
[    0.364781] pci_bus 0000:02: resource 2 [mem 0xc0000000-0xc01fffff 64bit pref]
[    0.364785] pci_bus 0000:03: resource 0 [io  0x3000-0x4fff]
[    0.364789] pci_bus 0000:03: resource 1 [mem 0xec000000-0xedffffff]
[    0.364793] pci_bus 0000:03: resource 2 [mem 0xe4000000-0xe40fffff 64bit pref]
[    0.364797] pci_bus 0000:04: resource 0 [io  0x5000-0x6fff]
[    0.364801] pci_bus 0000:04: resource 1 [mem 0xe8000000-0xe9ffffff]
[    0.364805] pci_bus 0000:04: resource 2 [mem 0xe4100000-0xe41fffff 64bit pref]
[    0.364809] pci_bus 0000:0c: resource 0 [io  0x7000-0x8fff]
[    0.364813] pci_bus 0000:0c: resource 1 [mem 0xea000000-0xebffffff]
[    0.364817] pci_bus 0000:0c: resource 2 [mem 0xe4200000-0xe42fffff 64bit pref]
[    0.364822] pci_bus 0000:15: resource 0 [io  0x9000-0xcfff]
[    0.364826] pci_bus 0000:15: resource 1 [mem 0xe4300000-0xe7ffffff]
[    0.364830] pci_bus 0000:15: resource 2 [mem 0xe0000000-0xe3ffffff 64bit pref]
[    0.364834] pci_bus 0000:15: resource 4 [io  0x0000-0x0cf7 window]
[    0.364838] pci_bus 0000:15: resource 5 [io  0x0d00-0xffff window]
[    0.364842] pci_bus 0000:15: resource 6 [mem 0x000a0000-0x000bffff window]
[    0.364846] pci_bus 0000:15: resource 7 [mem 0x000d0000-0x000d3fff window]
[    0.364850] pci_bus 0000:15: resource 8 [mem 0x000d4000-0x000d7fff window]
[    0.364854] pci_bus 0000:15: resource 9 [mem 0x000d8000-0x000dbfff window]
[    0.364858] pci_bus 0000:15: resource 10 [mem 0xc0000000-0xfebfffff window]
[    0.364862] pci_bus 0000:15: resource 11 [mem 0xfed40000-0xfed40fff window]
[    0.364866] pci_bus 0000:16: resource 0 [io  0x9000-0x90ff]
[    0.364870] pci_bus 0000:16: resource 1 [io  0x9400-0x94ff]
[    0.364874] pci_bus 0000:16: resource 2 [mem 0xe0000000-0xe3ffffff pref]
[    0.364878] pci_bus 0000:16: resource 3 [mem 0xc4000000-0xc7ffffff]
[    0.365345] NET: Registered protocol family 2
[    0.366057] tcp_listen_portaddr_hash hash table entries: 512 (order: 2, 20480 bytes)
[    0.366203] TCP established hash table entries: 8192 (order: 3, 32768 bytes)
[    0.366359] TCP bind hash table entries: 8192 (order: 6, 294912 bytes)
[    0.366944] TCP: Hash tables configured (established 8192 bind 8192)
[    0.367357] UDP hash table entries: 512 (order: 3, 40960 bytes)
[    0.367518] UDP-Lite hash table entries: 512 (order: 3, 40960 bytes)
[    0.367811] NET: Registered protocol family 1
[    0.368584] RPC: Registered named UNIX socket transport module.
[    0.368672] RPC: Registered udp transport module.
[    0.368752] RPC: Registered tcp transport module.
[    0.368832] RPC: Registered tcp NFSv4.1 backchannel transport module.
[    0.369463] pci 0000:00:02.0: Video device with shadowed ROM at [mem 0x000c0000-0x000dffff]
[    0.375114] PCI: CLS mismatch (64 != 32), using 64 bytes
[    0.378041] Initialise system trusted keyrings
[    0.379234] workingset: timestamp_bits=30 max_order=20 bucket_order=0
[    0.381286] Installing knfsd (copyright (C) 1996 okir@monad.swb.de).
[    0.381792] ntfs: driver 2.1.32 [Flags: R/W].
[    0.382097] fuse init (API version 7.27)
[    0.382783] pstore: using deflate compression
[    0.386230] Key type asymmetric registered
[    0.386317] Asymmetric key parser 'x509' registered
[    0.386535] bounce: pool size: 64 pages
[    0.386709] Block layer SCSI generic (bsg) driver version 0.4 loaded (major 249)
[    0.386818] io scheduler noop registered
[    0.386893] io scheduler deadline registered
[    0.387000] io scheduler cfq registered (default)
[    0.387079] io scheduler mq-deadline registered
[    0.387189] io scheduler bfq registered
[    0.389794] intel_idle: does not run on family 6 model 14
[    0.390242] ACPI: Deprecated procfs I/F for AC is loaded, please retry with CONFIG_ACPI_PROCFS_POWER cleared
[    0.390526] ACPI: AC Adapter [AC] (on-line)
[    0.390919] input: Lid Switch as /devices/LNXSYSTM:00/LNXSYBUS:00/PNP0C0D:00/input/input0
[    0.391188] ACPI: Lid Switch [LID]
[    0.391478] input: Sleep Button as /devices/LNXSYSTM:00/LNXSYBUS:00/PNP0C0E:00/input/input1
[    0.391648] ACPI: Sleep Button [SLPB]
[    0.391970] input: Power Button as /devices/LNXSYSTM:00/LNXPWRBN:00/input/input2
[    0.392242] ACPI: Power Button [PWRF]
[    0.392753] ACPI: Video Device [VID] (multi-head: yes  rom: no  post: no)
[    0.400351] acpi device:01: registered as cooling_device0
[    0.400819] input: Video Bus as /devices/LNXSYSTM:00/LNXSYBUS:00/PNP0A08:00/LNXVIDEO:00/input/input3
[    0.417982] thermal LNXTHERM:00: registered as thermal_zone0
[    0.418072] ACPI: Thermal Zone [THM0] (66 C)
[    0.421864] thermal LNXTHERM:01: registered as thermal_zone1
[    0.421951] ACPI: Thermal Zone [THM1] (67 C)
[    0.422722] Serial: 8250/16550 driver, 4 ports, IRQ sharing disabled
[    0.424342] serial8250: ttyS1 at I/O 0x2f8 (irq = 3, base_baud = 921600) is a NS16550A
[    0.427777] lp: driver loaded but no devices found
[    0.428051] Non-volatile memory driver v1.3
[    0.428854] intel_rng: FWH not detected
[    0.429134] Linux agpgart interface v0.103
[    0.430430] [drm] radeon kernel modesetting enabled.
[    0.434052] pci 0000:00:00.0: Intel 945GM Chipset
[    0.434338] pci 0000:00:00.0: detected gtt size: 262144K total, 262144K mappable
[    0.435207] pci 0000:00:00.0: detected 8192K stolen memory
[    0.435599] [drm] Replacing VGA console driver
[    0.437381] Console: switching to colour dummy device 80x25
[    0.439617] [drm] Supports vblank timestamp caching Rev 2 (21.10.2013).
[    0.439654] [drm] Driver supports precise vblank timestamp query.
[    0.439699] resource sanity check: requesting [mem 0x000c0000-0x000dffff], which spans more than pnp 00:00 [mem 0x000c8000-0x000cbfff]
[    0.439770] caller pci_map_rom+0x58/0xf0 mapping multiple BARs
[    0.445200] i915 0000:00:02.0: vgaarb: changed VGA decodes: olddecodes=io+mem,decodes=io+mem:owns=io+mem
[    0.452227] ACPI: Deprecated procfs I/F for battery is loaded, please retry with CONFIG_ACPI_PROCFS_POWER cleared
[    0.452304] ACPI: Battery Slot [BAT0] (battery present)
[    0.488089] random: fast init done
[    0.522981] [drm] RC6 disabled, disabling runtime PM support
[    0.523278] [drm] initialized overlay support
[    0.524876] [drm] Initialized i915 1.6.0 20180514 for 0000:00:02.0 on minor 0
[    0.526021] usbcore: registered new interface driver udl
[    0.538764] loop: module loaded
[    0.550551] fbcon: inteldrmfb (fb0) is primary device
[    0.561586] ahci 0000:00:1f.2: version 3.0
[    0.562354] ahci 0000:00:1f.2: AHCI 0001.0100 32 slots 4 ports 1.5 Gbps 0x1 impl SATA mode
[    0.562360] ahci 0000:00:1f.2: flags: 64bit ncq pm led clo pio slum part 
[    0.564884] scsi host0: ahci
[    0.565449] scsi host1: ahci
[    0.565971] scsi host2: ahci
[    0.566469] scsi host3: ahci
[    0.566695] ata1: SATA max UDMA/133 abar m1024@0xee444400 port 0xee444500 irq 16
[    0.566698] ata2: DUMMY
[    0.566700] ata3: DUMMY
[    0.566702] ata4: DUMMY
[    0.566885] ata_piix 0000:00:1f.1: version 2.13
[    0.569776] scsi host4: ata_piix
[    0.570952] scsi host5: ata_piix
[    0.571169] ata5: PATA max UDMA/100 cmd 0x1f0 ctl 0x3f6 bmdma 0x1810 irq 14
[    0.571172] ata6: PATA max UDMA/100 cmd 0x170 ctl 0x376 bmdma 0x1818 irq 15
[    0.572155] tun: Universal TUN/TAP device driver, 1.6
[    0.572701] e1000: Intel(R) PRO/1000 Network Driver - version 7.3.21-k8-NAPI
[    0.572702] e1000: Copyright (c) 1999-2006 Intel Corporation.
[    0.572777] e1000e: Intel(R) PRO/1000 Network Driver - 3.2.6-k
[    0.572778] e1000e: Copyright(c) 1999 - 2015 Intel Corporation.
[    0.572893] e1000e 0000:02:00.0: Disabling ASPM  L1
[    0.572897] e1000e 0000:02:00.0: can't disable ASPM; OS doesn't have ASPM control
[    0.573307] e1000e 0000:02:00.0: Interrupt Throttling Rate (ints/sec) set to dynamic conservative mode
[    0.573575] ata6: port disabled--ignoring
[    0.696927] e1000e 0000:02:00.0 eth0: (PCI Express:2.5GT/s:Width x1) 00:16:d3:25:19:04
[    0.696931] e1000e 0000:02:00.0 eth0: Intel(R) PRO/1000 Network Connection
[    0.697010] e1000e 0000:02:00.0 eth0: MAC: 2, PHY: 2, PBA No: 005302-003
[    0.697275] PPP generic driver version 2.4.2
[    0.697523] PPP BSD Compression module registered
[    0.697526] PPP Deflate Compression module registered
[    0.697529] SLIP: version 0.8.4-NET3.019-NEWTTY (dynamic channels, max=256).
[    0.697530] CSLIP: code copyright 1989 Regents of the University of California.
[    0.697621] iwl3945: Intel(R) PRO/Wireless 3945ABG/BG Network Connection driver for Linux, in-tree:ds
[    0.697623] iwl3945: Copyright(c) 2003-2011 Intel Corporation
[    0.697624] iwl3945: hw_scan is disabled
[    0.697841] iwl3945 0000:03:00.0: can't disable ASPM; OS doesn't have ASPM control
[    0.752648] iwl3945 0000:03:00.0: Tunable channels: 11 802.11bg, 13 802.11a channels
[    0.752652] iwl3945 0000:03:00.0: Detected Intel Wireless WiFi Link 3945ABG
[    0.753554] ieee80211 phy0: Selected rate control algorithm 'iwl-3945-rs'
[    0.754488] Intel(R) Wireless WiFi driver for Linux
[    0.754489] Copyright(c) 2003- 2015 Intel Corporation
[    0.754730] usbcore: registered new interface driver ax88179_178a
[    0.754776] usbcore: registered new interface driver cdc_ether
[    0.754818] usbcore: registered new interface driver net1080
[    0.754867] usbcore: registered new interface driver cdc_subset
[    0.754910] usbcore: registered new interface driver zaurus
[    0.755257] usbcore: registered new interface driver cdc_ncm
[    0.755342] pci 0000:00:1e.0: enabling device (0005 -> 0007)
[    0.755573] yenta_cardbus 0000:15:00.0: CardBus bridge found [17aa:201c]
[    0.880106] ata1: SATA link up 1.5 Gbps (SStatus 113 SControl 300)
[    0.991774] ata1.00: ACPI cmd ef/02:00:00:00:00:a0 (SET FEATURES) succeeded
[    0.991779] ata1.00: ACPI cmd f5/00:00:00:00:00:a0 (SECURITY FREEZE LOCK) filtered out
[    0.991783] ata1.00: ACPI cmd ef/10:03:00:00:00:a0 (SET FEATURES) filtered out
[    1.035897] ata1.00: ATA-9: ST1000LM014-1EJ164, SM11, max UDMA/133
[    1.035901] ata1.00: 1953525168 sectors, multi 16: LBA48 NCQ (depth 32), AA
[    1.080497] ata1.00: ACPI cmd ef/02:00:00:00:00:a0 (SET FEATURES) succeeded
[    1.080502] ata1.00: ACPI cmd f5/00:00:00:00:00:a0 (SECURITY FREEZE LOCK) filtered out
[    1.080506] ata1.00: ACPI cmd ef/10:03:00:00:00:a0 (SET FEATURES) filtered out
[    1.124661] ata1.00: configured for UDMA/133
[    1.211186] Console: switching to colour frame buffer device 102x42
[    1.337900] i915 0000:00:02.0: fb0: inteldrmfb frame buffer device
[    1.341007] scsi 0:0:0:0: Direct-Access     ATA      ST1000LM014-1EJ1 SM11 PQ: 0 ANSI: 5
[    1.344780] sd 0:0:0:0: [sda] 1953525168 512-byte logical blocks: (1.00 TB/932 GiB)
[    1.344825] sd 0:0:0:0: Attached scsi generic sg0 type 0
[    1.347350] sd 0:0:0:0: [sda] 4096-byte physical blocks
[    1.352495] sd 0:0:0:0: [sda] Write Protect is off
[    1.354976] sd 0:0:0:0: [sda] Mode Sense: 00 3a 00 00
[    1.355126] sd 0:0:0:0: [sda] Write cache: enabled, read cache: enabled, doesn't support DPO or FUA
[    1.359713]  sda: sda1 sda2 sda3 sda4
[    1.364518] sd 0:0:0:0: [sda] Attached SCSI disk
[    1.501141] yenta_cardbus 0000:15:00.0: ISA IRQ mask 0x0cb8, PCI irq 16
[    1.503734] yenta_cardbus 0000:15:00.0: Socket status: 30000006
[    1.506317] yenta_cardbus 0000:15:00.0: pcmcia: parent PCI bridge window: [io  0x9000-0xcfff]
[    1.508871] yenta_cardbus 0000:15:00.0: pcmcia: parent PCI bridge window: [mem 0xe4300000-0xe7ffffff]
[    1.511349] pcmcia_socket pcmcia_socket0: cs: memory probe 0xe4300000-0xe7ffffff:
[    1.513891]  excluding 0xe4300000-0xe46cffff
[    1.516422] yenta_cardbus 0000:15:00.0: pcmcia: parent PCI bridge window: [mem 0xe0000000-0xe3ffffff 64bit pref]
[    1.519046] pcmcia_socket pcmcia_socket0: cs: memory probe 0xe0000000-0xe3ffffff:
[    1.521752]  excluding 0xe0000000-0xe3ffffff
[    1.525380] ehci_hcd: USB 2.0 'Enhanced' Host Controller (EHCI) Driver
[    1.528074] ehci-pci: EHCI PCI platform driver
[    1.531212] ehci-pci 0000:00:1d.7: EHCI Host Controller
[    1.534196] ehci-pci 0000:00:1d.7: new USB bus registered, assigned bus number 1
[    1.537033] ehci-pci 0000:00:1d.7: debug port 1
[    1.543761] ehci-pci 0000:00:1d.7: cache line size of 64 is not supported
[    1.543821] ehci-pci 0000:00:1d.7: irq 19, io mem 0xee444000
[    1.560113] ehci-pci 0000:00:1d.7: USB 2.0 started, EHCI 1.00
[    1.563597] usb usb1: New USB device found, idVendor=1d6b, idProduct=0002, bcdDevice= 4.17
[    1.566564] usb usb1: New USB device strings: Mfr=3, Product=2, SerialNumber=1
[    1.569476] usb usb1: Product: EHCI Host Controller
[    1.572338] usb usb1: Manufacturer: Linux 4.17.0-next-20180614 ehci_hcd
[    1.575194] usb usb1: SerialNumber: 0000:00:1d.7
[    1.578755] hub 1-0:1.0: USB hub found
[    1.581670] hub 1-0:1.0: 8 ports detected
[    1.586397] ohci_hcd: USB 1.1 'Open' Host Controller (OHCI) Driver
[    1.589170] ohci-pci: OHCI PCI platform driver
[    1.591939] uhci_hcd: USB Universal Host Controller Interface driver
[    1.595227] uhci_hcd 0000:00:1d.0: UHCI Host Controller
[    1.598235] uhci_hcd 0000:00:1d.0: new USB bus registered, assigned bus number 2
[    1.601043] uhci_hcd 0000:00:1d.0: detected 2 ports
[    1.603746] uhci_hcd 0000:00:1d.0: irq 16, io base 0x00001820
[    1.606878] usb usb2: New USB device found, idVendor=1d6b, idProduct=0001, bcdDevice= 4.17
[    1.609646] usb usb2: New USB device strings: Mfr=3, Product=2, SerialNumber=1
[    1.612379] usb usb2: Product: UHCI Host Controller
[    1.615094] usb usb2: Manufacturer: Linux 4.17.0-next-20180614 uhci_hcd
[    1.617827] usb usb2: SerialNumber: 0000:00:1d.0
[    1.621057] hub 2-0:1.0: USB hub found
[    1.624093] hub 2-0:1.0: 2 ports detected
[    1.627756] uhci_hcd 0000:00:1d.1: UHCI Host Controller
[    1.630612] uhci_hcd 0000:00:1d.1: new USB bus registered, assigned bus number 3
[    1.633264] uhci_hcd 0000:00:1d.1: detected 2 ports
[    1.635878] uhci_hcd 0000:00:1d.1: irq 17, io base 0x00001840
[    1.639162] usb usb3: New USB device found, idVendor=1d6b, idProduct=0001, bcdDevice= 4.17
[    1.641808] usb usb3: New USB device strings: Mfr=3, Product=2, SerialNumber=1
[    1.644323] usb usb3: Product: UHCI Host Controller
[    1.646724] usb usb3: Manufacturer: Linux 4.17.0-next-20180614 uhci_hcd
[    1.649142] usb usb3: SerialNumber: 0000:00:1d.1
[    1.652153] hub 3-0:1.0: USB hub found
[    1.654578] hub 3-0:1.0: 2 ports detected
[    1.658083] uhci_hcd 0000:00:1d.2: UHCI Host Controller
[    1.660672] uhci_hcd 0000:00:1d.2: new USB bus registered, assigned bus number 4
[    1.663032] uhci_hcd 0000:00:1d.2: detected 2 ports
[    1.665445] uhci_hcd 0000:00:1d.2: irq 18, io base 0x00001860
[    1.668234] usb usb4: New USB device found, idVendor=1d6b, idProduct=0001, bcdDevice= 4.17
[    1.670634] usb usb4: New USB device strings: Mfr=3, Product=2, SerialNumber=1
[    1.673041] usb usb4: Product: UHCI Host Controller
[    1.675364] usb usb4: Manufacturer: Linux 4.17.0-next-20180614 uhci_hcd
[    1.677732] usb usb4: SerialNumber: 0000:00:1d.2
[    1.680694] hub 4-0:1.0: USB hub found
[    1.683108] hub 4-0:1.0: 2 ports detected
[    1.686573] uhci_hcd 0000:00:1d.3: UHCI Host Controller
[    1.689193] uhci_hcd 0000:00:1d.3: new USB bus registered, assigned bus number 5
[    1.691561] uhci_hcd 0000:00:1d.3: detected 2 ports
[    1.693924] uhci_hcd 0000:00:1d.3: irq 19, io base 0x00001880
[    1.696650] usb usb5: New USB device found, idVendor=1d6b, idProduct=0001, bcdDevice= 4.17
[    1.699029] usb usb5: New USB device strings: Mfr=3, Product=2, SerialNumber=1
[    1.701420] usb usb5: Product: UHCI Host Controller
[    1.703765] usb usb5: Manufacturer: Linux 4.17.0-next-20180614 uhci_hcd
[    1.706119] usb usb5: SerialNumber: 0000:00:1d.3
[    1.709024] hub 5-0:1.0: USB hub found
[    1.711391] hub 5-0:1.0: 2 ports detected
[    1.714592] usbcore: registered new interface driver cdc_acm
[    1.716851] cdc_acm: USB Abstract Control Model driver for USB modems and ISDN adapters
[    1.719229] usbcore: registered new interface driver usblp
[    1.721675] usbcore: registered new interface driver usb-storage
[    1.724043] usbcore: registered new interface driver ums-sddr09
[    1.726454] usbcore: registered new interface driver usbserial_generic
[    1.728789] usbserial: USB Serial support registered for generic
[    1.731113] usbcore: registered new interface driver ch341
[    1.733390] usbserial: USB Serial support registered for ch341-uart
[    1.735676] usbcore: registered new interface driver ftdi_sio
[    1.737949] usbserial: USB Serial support registered for FTDI USB Serial Device
[    1.740349] usbcore: registered new interface driver option
[    1.742654] usbserial: USB Serial support registered for GSM modem (1-port)
[    1.745133] usbcore: registered new interface driver pl2303
[    1.747523] usbserial: USB Serial support registered for pl2303
[    1.749972] usbcore: registered new interface driver ti_usb_3410_5052
[    1.752412] usbserial: USB Serial support registered for TI USB 3410 1 port adapter
[    1.754889] usbserial: USB Serial support registered for TI USB 5052 2 port adapter
[    1.757324] ftdi_elan: driver ftdi-elan
[    1.759706] usbcore: registered new interface driver ftdi-elan
[    1.762285] i8042: PNP: PS/2 Controller [PNP0303:KBD,PNP0f13:MOU] at 0x60,0x64 irq 1,12
[    1.774176] serio: i8042 KBD port at 0x60,0x64 irq 1
[    1.776637] serio: i8042 AUX port at 0x60,0x64 irq 12
[    1.779789] mousedev: PS/2 mouse device common for all mice
[    1.783336] input: PC Speaker as /devices/platform/pcspkr/input/input4
[    1.786482] rtc_cmos 00:02: RTC can wake from S4
[    1.789470] rtc_cmos 00:02: registered as rtc0
[    1.792057] rtc_cmos 00:02: alarms up to one month, y3k, 114 bytes nvram, hpet irqs
[    1.794693] usbcore: registered new interface driver uvcvideo
[    1.797200] USB Video Class driver (1.1.1)
[    1.799621] gspca_main: v2.14.0 registered
[    1.802087] usbcore: registered new interface driver sq930x
[    1.805600] device-mapper: ioctl: 4.39.0-ioctl (2018-04-03) initialised: dm-devel@redhat.com
[    1.808131] Bluetooth: HCI UART driver ver 2.3
[    1.810599] Bluetooth: HCI UART protocol H4 registered
[    1.813094] Bluetooth: HCI UART protocol BCSP registered
[    1.815672] usbcore: registered new interface driver btusb
[    1.818289] sdhci: Secure Digital Host Controller Interface driver
[    1.820763] sdhci: Copyright(c) Pierre Ossman
[    1.823209] sdhci-pci 0000:15:00.2: SDHCI controller found [1180:0822] (rev 18)
[    1.826147] sdhci-pci 0000:15:00.2: Will use DMA mode even though HW doesn't fully claim to support it.
[    1.829292] mmc0 bounce up to 128 segments into one, max segment size 65536 bytes
[    1.831994] sdhci-pci 0000:15:00.2: Will use DMA mode even though HW doesn't fully claim to support it.
[    1.835254] mmc0: SDHCI controller on PCI [0000:15:00.2] using DMA
[    1.838269] hidraw: raw HID events driver (C) Jiri Kosina
[    1.842695] usbcore: registered new interface driver usbhid
[    1.843130] input: AT Translated Set 2 keyboard as /devices/platform/i8042/serio0/input/input5
[    1.845473] usbhid: USB HID core driver
[    1.847117] thinkpad_acpi: ThinkPad ACPI Extras v0.26
[    1.853998] thinkpad_acpi: http://ibm-acpi.sf.net/
[    1.856712] thinkpad_acpi: ThinkPad BIOS 7BETD8WW (2.19 ), EC 7BHT40WW-1.13
[    1.859449] thinkpad_acpi: Lenovo ThinkPad X60, model 17097HU
[    1.868197] thinkpad_acpi: ACPI backlight control delay disabled
[    1.871270] thinkpad_acpi: radio switch found; radios are enabled
[    1.874100] thinkpad_acpi: This ThinkPad has standard ACPI backlight brightness control, supported by the ACPI video driver
[    1.879713] thinkpad_acpi: Disabling thinkpad-acpi brightness events by default...
[    1.890608] sdhci-pci 0000:15:00.2: Will use DMA mode even though HW doesn't fully claim to support it.
[    1.896529] thinkpad_acpi: rfkill switch tpacpi_bluetooth_sw: radio is unblocked
[    1.902414] thinkpad_acpi: warning: userspace override of important firmware LEDs is enabled
[    1.910275] thinkpad_acpi: Standard ACPI backlight interface available, not loading native one
[    1.913345] thinkpad_acpi: volume: disabled as there is no ALSA support in this kernel
[    1.917075] thinkpad_acpi: battery 1 registered (start 0, stop 0)
[    1.917092] battery: new extension: ThinkPad Battery Extension
[    1.923666] input: ThinkPad Extra Buttons as /devices/platform/thinkpad_acpi/input/input8
[    1.929961] snd_hda_intel 0000:00:1b.0: probe_mask set to 0x1 for device 17aa:2010
[    1.933673] usbcore: registered new interface driver snd-usb-audio
[    1.938622] NET: Registered protocol family 17
[    1.942338] Bluetooth: RFCOMM TTY layer initialized
[    1.945434] Bluetooth: RFCOMM socket layer initialized
[    1.948499] Bluetooth: RFCOMM ver 1.11
[    1.949794] sdhci-pci 0000:15:00.2: Will use DMA mode even though HW doesn't fully claim to support it.
[    1.951489] Bluetooth: BNEP (Ethernet Emulation) ver 1.3
[    1.957899] Bluetooth: BNEP filters: protocol multicast
[    1.961052] Bluetooth: BNEP socket layer initialized
[    1.964172] Bluetooth: HIDP (Human Interface Emulation) ver 1.2
[    1.967267] Bluetooth: HIDP socket layer initialized
[    1.970683] microcode: sig=0x6e8, pf=0x20, revision=0x39
[    1.973937] microcode: Microcode Update Driver: v2.2.
[    1.973946] Using IPI No-Shortcut mode
[    1.980615] Loading compiled-in X.509 certificates
[    1.984639] Key type encrypted registered
[    1.994430] snd_hda_codec_analog hdaudioC0D0: autoconfig for AD1981: line_outs=1 (0x5/0x0/0x0/0x0/0x0) type:speaker
[    2.000722] snd_hda_codec_analog hdaudioC0D0:    speaker_outs=0 (0x0/0x0/0x0/0x0/0x0)
[    2.003732] snd_hda_codec_analog hdaudioC0D0:    hp_outs=0 (0x0/0x0/0x0/0x0/0x0)
[    2.006759] snd_hda_codec_analog hdaudioC0D0:    mono: mono_out=0x0
[    2.009742] snd_hda_codec_analog hdaudioC0D0:    inputs:
[    2.012673] snd_hda_codec_analog hdaudioC0D0:      Mic=0x8
[    2.015560] snd_hda_codec_analog hdaudioC0D0:      CD=0x19
[    2.017163] sdhci-pci 0000:15:00.2: Will use DMA mode even though HW doesn't fully claim to support it.
[    2.032506] rtc_cmos 00:02: setting system clock to 2018-06-15 08:59:05 UTC (1529053145)
[    2.039172] cfg80211: Loading compiled-in X.509 certificates for regulatory database
[    2.046391] cfg80211: Loaded X.509 cert 'sforshee: 00b28ddf47aef9cea7'
[    2.050730] platform regulatory.0: Direct firmware load for regulatory.db failed with error -2
[    2.053620] cfg80211: failed to load regulatory.db
[    2.085072] sdhci-pci 0000:15:00.2: Will use DMA mode even though HW doesn't fully claim to support it.
[    2.132299] PM: Image not found (code -22)
[    2.132344] ALSA device list:
[    2.136078]   #0: HDA Intel at 0xee240000 irq 17
[    2.212083] usb 5-1: new full-speed USB device number 2 using uhci_hcd
[    2.406128] usb 5-1: New USB device found, idVendor=0a5c, idProduct=2110, bcdDevice= 1.00
[    2.411212] usb 5-1: New USB device strings: Mfr=1, Product=2, SerialNumber=0
[    2.416177] usb 5-1: Product: BCM2045B
[    2.420988] usb 5-1: Manufacturer: Broadcom Corp
[    2.522707] psmouse serio1: trackpoint: IBM TrackPoint firmware: 0x0e, buttons: 3/3
[    2.543231] input: TPPS/2 IBM TrackPoint as /devices/platform/i8042/serio1/input/input7
[    2.551855] md: Waiting for all devices to be available before autodetect
[    2.555741] md: If you don't use raid, use raid=noautodetect
[    2.560500] md: Autodetecting RAID arrays.
[    2.563281] md: autorun ...
[    2.566047] md: ... autorun DONE.
[    2.581061] EXT4-fs (sda4): mounted filesystem with ordered data mode. Opts: (null)
[    2.583974] VFS: Mounted root (ext4 filesystem) readonly on device 8:4.
[    2.587455] devtmpfs: mounted
[    2.591978] Freeing unused kernel memory: 596K
[    2.604512] Write protecting the kernel text: 11924k
[    2.608387] Write protecting the kernel read-only data: 4792k
[    2.612112] NX-protecting the kernel data: 6508k
[    2.616695] x86/mm: Checked W+X mappings: passed, no W+X pages found.
[    2.619493] rodata_test: all tests were successful
[    3.156080] usb 5-2: new full-speed USB device number 3 using uhci_hcd
[    3.160123] random: systemd: uninitialized urandom read (16 bytes read)
[    3.165980] systemd[1]: systemd 215 running in system mode. (+PAM +AUDIT +SELINUX +IMA +SYSVINIT +LIBCRYPTSETUP +GCRYPT +ACL +XZ -SECCOMP -APPARMOR)
[    3.192305] systemd[1]: Detected architecture 'x86'.
[    3.315496] systemd[1]: Failed to insert module 'ipv6'
[    3.323572] systemd[1]: Set hostname to <amd>.
[    3.354129] usb 5-2: New USB device found, idVendor=0483, idProduct=2016, bcdDevice= 0.01
[    3.358075] usb 5-2: New USB device strings: Mfr=1, Product=2, SerialNumber=0
[    3.361825] usb 5-2: Product: Biometric Coprocessor
[    3.366598] usb 5-2: Manufacturer: STMicroelectronics
[    3.479755] random: systemd-sysv-ge: uninitialized urandom read (16 bytes read)
[    3.896315] random: systemd-sysv-ge: uninitialized urandom read (16 bytes read)
[    4.415340] systemd[1]: Binding to IPv6 address not available since kernel does not support IPv6.
[    4.418978] systemd[1]: [/lib/systemd/system/gpsd.socket:6] Failed to parse address value, ignoring: [::1]:2947
[    4.443330] systemd[1]: Starting Forward Password Requests to Wall Directory Watch.
[    4.447737] systemd[1]: Started Forward Password Requests to Wall Directory Watch.
[    4.451490] systemd[1]: Starting Remote File Systems (Pre).
[    4.459964] systemd[1]: Reached target Remote File Systems (Pre).
[    5.119694] systemd-udevd[2313]: starting version 215
[    5.209732] random: crng init done
[    5.212013] random: 7 urandom warning(s) missed due to ratelimiting
[    6.309173] EXT4-fs (sda4): re-mounted. Opts: errors=remount-ro
[    6.712984] e1000e 0000:02:00.0 eth1: renamed from eth0
[    6.740667] systemd-udevd[2370]: renamed network interface eth0 to eth1
[    8.614168] Adding 2097148k swap on /dev/sda1.  Priority:-2 extents:1 across:2097148k 
[    8.979330] EXT4-fs (sda2): mounted filesystem with ordered data mode. Opts: errors=remount-ro
[    9.080196] systemd-journald[2276]: Received request to flush runtime journal from PID 1
[   11.381453] NFSD: Using /var/lib/nfs/v4recovery as the NFSv4 state recovery directory
[   11.483271] NFSD: starting 45-second grace period (net f0000098)
[   17.174218] iwl3945 0000:03:00.0: loaded firmware version 15.32.2.9
[   18.851073] e1000e: eth1 NIC Link is Up 100 Mbps Full Duplex, Flow Control: None
[   18.851260] e1000e 0000:02:00.0 eth1: 10/100 speed: disabling TSO
[   21.391151] wlan0: authenticate with 00:00:00:00:00:01
[   21.393166] wlan0: send auth to 00:00:00:00:00:01 (try 1/3)
[   21.395027] wlan0: authenticated
[   21.396315] wlan0: associate with 00:00:00:00:00:01 (try 1/3)
[   21.399105] wlan0: RX AssocResp from 00:00:00:00:00:01 (capab=0x401 status=0 aid=1)
[   21.401413] wlan0: associated
