[    0.000000] Linux version 4.19.0-rc3 (pavel@duo) (gcc version 4.9.2 (Debian 4.9.2-10+deb8u1)) #5 SMP Fri Sep 14 12:03:43 CEST 2018
[    0.000000] Command line: BOOT_IMAGE=(hd0,2)/fast/l/linux-64/arch/x86/boot/bzImage root=/dev/sdb4 resume=/dev/sda1
[    0.000000] Disabled fast string operations
[    0.000000] x86/fpu: Supporting XSAVE feature 0x001: 'x87 floating point registers'
[    0.000000] x86/fpu: Supporting XSAVE feature 0x002: 'SSE registers'
[    0.000000] x86/fpu: Supporting XSAVE feature 0x004: 'AVX registers'
[    0.000000] x86/fpu: xstate_offset[2]:  576, xstate_sizes[2]:  256
[    0.000000] x86/fpu: Enabled xstate features 0x7, context size is 832 bytes, using 'standard' format.
[    0.000000] BIOS-provided physical RAM map:
[    0.000000] BIOS-e820: [mem 0x0000000000000000-0x000000000009d7ff] usable
[    0.000000] BIOS-e820: [mem 0x000000000009d800-0x000000000009ffff] reserved
[    0.000000] BIOS-e820: [mem 0x00000000000e0000-0x00000000000fffff] reserved
[    0.000000] BIOS-e820: [mem 0x0000000000100000-0x000000001fffffff] usable
[    0.000000] BIOS-e820: [mem 0x0000000020000000-0x00000000201fffff] reserved
[    0.000000] BIOS-e820: [mem 0x0000000020200000-0x000000003fffffff] usable
[    0.000000] BIOS-e820: [mem 0x0000000040000000-0x00000000401fffff] reserved
[    0.000000] BIOS-e820: [mem 0x0000000040200000-0x00000000da99efff] usable
[    0.000000] BIOS-e820: [mem 0x00000000da99f000-0x00000000dae9efff] reserved
[    0.000000] BIOS-e820: [mem 0x00000000dae9f000-0x00000000daf9efff] ACPI NVS
[    0.000000] BIOS-e820: [mem 0x00000000daf9f000-0x00000000daffefff] ACPI data
[    0.000000] BIOS-e820: [mem 0x00000000dafff000-0x00000000daffffff] usable
[    0.000000] BIOS-e820: [mem 0x00000000db000000-0x00000000df9fffff] reserved
[    0.000000] BIOS-e820: [mem 0x00000000f8000000-0x00000000fbffffff] reserved
[    0.000000] BIOS-e820: [mem 0x00000000fec00000-0x00000000fec00fff] reserved
[    0.000000] BIOS-e820: [mem 0x00000000fed08000-0x00000000fed08fff] reserved
[    0.000000] BIOS-e820: [mem 0x00000000fed10000-0x00000000fed19fff] reserved
[    0.000000] BIOS-e820: [mem 0x00000000fed1c000-0x00000000fed1ffff] reserved
[    0.000000] BIOS-e820: [mem 0x00000000fee00000-0x00000000fee00fff] reserved
[    0.000000] BIOS-e820: [mem 0x00000000ffd20000-0x00000000ffffffff] reserved
[    0.000000] BIOS-e820: [mem 0x0000000100000000-0x000000019e5fffff] usable
[    0.000000] BIOS-e820: [mem 0x000000019e600000-0x000000019e7fffff] reserved
[    0.000000] NX (Execute Disable) protection: active
[    0.000000] SMBIOS 2.6 present.
[    0.000000] DMI: LENOVO 42872WU/42872WU, BIOS 8DET74WW (1.44 ) 03/13/2018
[    0.000000] tsc: Fast TSC calibration using PIT
[    0.000000] tsc: Detected 2491.932 MHz processor
[    0.001590] e820: update [mem 0x00000000-0x00000fff] usable ==> reserved
[    0.001595] e820: remove [mem 0x000a0000-0x000fffff] usable
[    0.001605] last_pfn = 0x19e600 max_arch_pfn = 0x400000000
[    0.001610] MTRR default type: uncachable
[    0.001612] MTRR fixed ranges enabled:
[    0.001614]   00000-9FFFF write-back
[    0.001615]   A0000-BFFFF uncachable
[    0.001617]   C0000-FFFFF write-protect
[    0.001618] MTRR variable ranges enabled:
[    0.001620]   0 base 0FFC00000 mask FFFC00000 write-protect
[    0.001622]   1 base 000000000 mask F80000000 write-back
[    0.001623]   2 base 080000000 mask FC0000000 write-back
[    0.001625]   3 base 0C0000000 mask FE0000000 write-back
[    0.001626]   4 base 0DC000000 mask FFC000000 uncachable
[    0.001628]   5 base 0DB000000 mask FFF000000 uncachable
[    0.001629]   6 base 100000000 mask F80000000 write-back
[    0.001631]   7 base 180000000 mask FE0000000 write-back
[    0.001632]   8 base 19F000000 mask FFF000000 uncachable
[    0.001634]   9 base 19E800000 mask FFF800000 uncachable
[    0.002391] x86/PAT: Configuration [0-7]: WB  WC  UC- UC  WB  WP  UC- WT  
[    0.003639] last_pfn = 0xdb000 max_arch_pfn = 0x400000000
[    0.003663] Base memory trampoline at [(____ptrval____)] 97000 size 24576
[    0.003665] reserving inaccessible SNB gfx pages
[    0.003670] BRK [0x064c9000, 0x064c9fff] PGTABLE
[    0.003673] BRK [0x064ca000, 0x064cafff] PGTABLE
[    0.003674] BRK [0x064cb000, 0x064cbfff] PGTABLE
[    0.003738] BRK [0x064cc000, 0x064ccfff] PGTABLE
[    0.003891] BRK [0x064cd000, 0x064cdfff] PGTABLE
[    0.004162] BRK [0x064ce000, 0x064cefff] PGTABLE
[    0.004668] ACPI: Early table checksum verification disabled
[    0.004715] ACPI: RSDP 0x00000000000F00E0 000024 (v02 LENOVO)
[    0.004721] ACPI: XSDT 0x00000000DAFFE120 0000AC (v01 LENOVO TP-8D    00001440 PTEC 00000002)
[    0.004729] ACPI: FACP 0x00000000DAFE7000 0000F4 (v04 LENOVO TP-8D    00001440 PTL  00000002)
[    0.004737] ACPI: DSDT 0x00000000DAFEA000 00FA89 (v01 LENOVO TP-8D    00001440 INTL 20061109)
[    0.004743] ACPI: FACS 0x00000000DAF2D000 000040
[    0.004748] ACPI: FACS 0x00000000DAF2D000 000040
[    0.004753] ACPI: SLIC 0x00000000DAFFD000 000176 (v01 LENOVO TP-8D    00001440 PTEC 00000001)
[    0.004759] ACPI: SSDT 0x00000000DAFFC000 000249 (v01 LENOVO TP-SSDT2 00000200 INTL 20061109)
[    0.004765] ACPI: SSDT 0x00000000DAFFB000 000033 (v01 LENOVO TP-SSDT1 00000100 INTL 20061109)
[    0.004770] ACPI: SSDT 0x00000000DAFFA000 0007D1 (v01 LENOVO SataAhci 00001000 INTL 20061109)
[    0.004776] ACPI: HPET 0x00000000DAFE6000 000038 (v01 LENOVO TP-8D    00001440 PTL  00000002)
[    0.004781] ACPI: APIC 0x00000000DAFE5000 000098 (v01 LENOVO TP-8D    00001440 PTL  00000002)
[    0.004787] ACPI: MCFG 0x00000000DAFE4000 00003C (v01 LENOVO TP-8D    00001440 PTL  00000002)
[    0.004792] ACPI: ECDT 0x00000000DAFE3000 000052 (v01 LENOVO TP-8D    00001440 PTL  00000002)
[    0.004798] ACPI: ASF! 0x00000000DAFE9000 0000A5 (v32 LENOVO TP-8D    00001440 PTL  00000002)
[    0.004803] ACPI: TCPA 0x00000000DAFE2000 000032 (v02 PTL    LENOVO   06040000 LNVO 00000001)
[    0.004809] ACPI: SSDT 0x00000000DAFE1000 000A27 (v01 PmRef  Cpu0Ist  00003000 INTL 20061109)
[    0.004815] ACPI: SSDT 0x00000000DAFE0000 000996 (v01 PmRef  CpuPm    00003000 INTL 20061109)
[    0.004821] ACPI: DMAR 0x00000000DAFDF000 0000E8 (v01 INTEL  SNB      00000001 INTL 00000001)
[    0.004826] ACPI: UEFI 0x00000000DAFDE000 00003E (v01 LENOVO TP-8D    00001440 PTL  00000002)
[    0.004832] ACPI: UEFI 0x00000000DAFDD000 000042 (v01 PTL    COMBUF   00000001 PTL  00000001)
[    0.004837] ACPI: UEFI 0x00000000DAFDC000 000292 (v01 LENOVO TP-8D    00001440 PTL  00000002)
[    0.004847] ACPI: Local APIC address 0xfee00000
[    0.004894] Zone ranges:
[    0.004896]   DMA      [mem 0x0000000000001000-0x0000000000ffffff]
[    0.004899]   DMA32    [mem 0x0000000001000000-0x00000000ffffffff]
[    0.004902]   Normal   [mem 0x0000000100000000-0x000000019e5fffff]
[    0.004905] Movable zone start for each node
[    0.004907] Early memory node ranges
[    0.004909]   node   0: [mem 0x0000000000001000-0x000000000009cfff]
[    0.004911]   node   0: [mem 0x0000000000100000-0x000000001fffffff]
[    0.004913]   node   0: [mem 0x0000000020200000-0x000000003fffffff]
[    0.004915]   node   0: [mem 0x0000000040200000-0x00000000da99efff]
[    0.004917]   node   0: [mem 0x00000000dafff000-0x00000000daffffff]
[    0.004919]   node   0: [mem 0x0000000100000000-0x000000019e5fffff]
[    0.005342] Reserved but unavailable: 23748 pages
[    0.005344] Initmem setup node 0 [mem 0x0000000000001000-0x000000019e5fffff]
[    0.005347] On node 0 totalpages: 1542972
[    0.005349]   DMA zone: 56 pages used for memmap
[    0.005350]   DMA zone: 156 pages reserved
[    0.005352]   DMA zone: 3996 pages, LIFO batch:0
[    0.005430]   DMA32 zone: 12172 pages used for memmap
[    0.005432]   DMA32 zone: 890272 pages, LIFO batch:63
[    0.022863]   Normal zone: 8869 pages used for memmap
[    0.022867]   Normal zone: 648704 pages, LIFO batch:63
[    0.034955] Reserving Intel graphics memory at [mem 0xdba00000-0xdf9fffff]
[    0.035133] ACPI: PM-Timer IO Port: 0x408
[    0.035136] ACPI: Local APIC address 0xfee00000
[    0.035144] ACPI: LAPIC_NMI (acpi_id[0x00] high edge lint[0x1])
[    0.035146] ACPI: LAPIC_NMI (acpi_id[0x01] high edge lint[0x1])
[    0.035165] IOAPIC[0]: apic_id 2, version 32, address 0xfec00000, GSI 0-23
[    0.035168] ACPI: INT_SRC_OVR (bus 0 bus_irq 0 global_irq 2 dfl dfl)
[    0.035171] ACPI: INT_SRC_OVR (bus 0 bus_irq 9 global_irq 9 high level)
[    0.035174] ACPI: IRQ0 used by override.
[    0.035177] ACPI: IRQ9 used by override.
[    0.035180] Using ACPI (MADT) for SMP configuration information
[    0.035183] ACPI: HPET id: 0x8086a301 base: 0xfed00000
[    0.035187] smpboot: Allowing 8 CPUs, 4 hotplug CPUs
[    0.035214] PM: Registered nosave memory: [mem 0x00000000-0x00000fff]
[    0.035217] PM: Registered nosave memory: [mem 0x0009d000-0x0009dfff]
[    0.035219] PM: Registered nosave memory: [mem 0x0009e000-0x0009ffff]
[    0.035221] PM: Registered nosave memory: [mem 0x000a0000-0x000dffff]
[    0.035223] PM: Registered nosave memory: [mem 0x000e0000-0x000fffff]
[    0.035225] PM: Registered nosave memory: [mem 0x20000000-0x201fffff]
[    0.035228] PM: Registered nosave memory: [mem 0x40000000-0x401fffff]
[    0.035231] PM: Registered nosave memory: [mem 0xda99f000-0xdae9efff]
[    0.035233] PM: Registered nosave memory: [mem 0xdae9f000-0xdaf9efff]
[    0.035235] PM: Registered nosave memory: [mem 0xdaf9f000-0xdaffefff]
[    0.035237] PM: Registered nosave memory: [mem 0xdb000000-0xdf9fffff]
[    0.035239] PM: Registered nosave memory: [mem 0xdfa00000-0xf7ffffff]
[    0.035241] PM: Registered nosave memory: [mem 0xf8000000-0xfbffffff]
[    0.035243] PM: Registered nosave memory: [mem 0xfc000000-0xfebfffff]
[    0.035245] PM: Registered nosave memory: [mem 0xfec00000-0xfec00fff]
[    0.035246] PM: Registered nosave memory: [mem 0xfec01000-0xfed07fff]
[    0.035248] PM: Registered nosave memory: [mem 0xfed08000-0xfed08fff]
[    0.035250] PM: Registered nosave memory: [mem 0xfed09000-0xfed0ffff]
[    0.035252] PM: Registered nosave memory: [mem 0xfed10000-0xfed19fff]
[    0.035254] PM: Registered nosave memory: [mem 0xfed1a000-0xfed1bfff]
[    0.035256] PM: Registered nosave memory: [mem 0xfed1c000-0xfed1ffff]
[    0.035257] PM: Registered nosave memory: [mem 0xfed20000-0xfedfffff]
[    0.035259] PM: Registered nosave memory: [mem 0xfee00000-0xfee00fff]
[    0.035261] PM: Registered nosave memory: [mem 0xfee01000-0xffd1ffff]
[    0.035263] PM: Registered nosave memory: [mem 0xffd20000-0xffffffff]
[    0.035267] [mem 0xdfa00000-0xf7ffffff] available for PCI devices
[    0.035271] clocksource: refined-jiffies: mask: 0xffffffff max_cycles: 0xffffffff, max_idle_ns: 7645519600211568 ns
[    0.035285] random: get_random_bytes called from start_kernel+0x97/0x3c6 with crng_init=0
[    0.035292] setup_percpu: NR_CPUS:8 nr_cpumask_bits:8 nr_cpu_ids:8 nr_node_ids:1
[    0.036790] percpu: Embedded 43 pages/cpu @(____ptrval____) s137736 r8192 d30200 u262144
[    0.036798] pcpu-alloc: s137736 r8192 d30200 u262144 alloc=1*2097152
[    0.036801] pcpu-alloc: [0] 0 1 2 3 4 5 6 7 
[    0.036833] Built 1 zonelists, mobility grouping on.  Total pages: 1521719
[    0.036839] Kernel command line: BOOT_IMAGE=(hd0,2)/fast/l/linux-64/arch/x86/boot/bzImage root=/dev/sdb4 resume=/dev/sda1
[    0.040700] Dentry cache hash table entries: 1048576 (order: 11, 8388608 bytes)
[    0.042604] Inode-cache hash table entries: 524288 (order: 10, 4194304 bytes)
[    0.316098] Memory: 5965740K/6171888K available (16396K kernel code, 1116K rwdata, 5248K rodata, 1004K init, 10784K bss, 206148K reserved, 0K cma-reserved)
[    0.316245] Kernel/User page tables isolation: enabled
[    0.316465] rcu: Hierarchical RCU implementation.
[    0.316498] NR_IRQS: 4352, nr_irqs: 104, preallocated irqs: 16
[    0.318350] Console: colour VGA+ 80x25
[    0.326779] console [tty0] enabled
[    0.326835] Lock dependency validator: Copyright (c) 2006 Red Hat, Inc., Ingo Molnar
[    0.326906] ... MAX_LOCKDEP_SUBCLASSES:  8
[    0.326964] ... MAX_LOCK_DEPTH:          48
[    0.327023] ... MAX_LOCKDEP_KEYS:        8191
[    0.327082] ... CLASSHASH_SIZE:          4096
[    0.327142] ... MAX_LOCKDEP_ENTRIES:     32768
[    0.327201] ... MAX_LOCKDEP_CHAINS:      65536
[    0.327261] ... CHAINHASH_SIZE:          32768
[    0.327320]  memory used by lock dependency info: 7359 kB
[    0.327383]  per task-struct memory footprint: 1920 bytes
[    0.327757] ACPI: Core revision 20180810
[    0.328181] clocksource: hpet: mask: 0xffffffff max_cycles: 0xffffffff, max_idle_ns: 133484882848 ns
[    0.328282] hpet clockevent registered
[    0.328290] APIC: Switch to symmetric I/O mode setup
[    0.328805] ..TIMER: vector=0x30 apic1=0 pin1=2 apic2=-1 pin2=-1
[    0.348288] clocksource: tsc-early: mask: 0xffffffffffffffff max_cycles: 0x23eb743f8cf, max_idle_ns: 440795273701 ns
[    0.348383] Calibrating delay loop (skipped), value calculated using timer frequency.. 4983.86 BogoMIPS (lpj=9967728)
[    0.348477] pid_max: default: 32768 minimum: 301
[    0.348687] Mount-cache hash table entries: 16384 (order: 5, 131072 bytes)
[    0.348772] Mountpoint-cache hash table entries: 16384 (order: 5, 131072 bytes)
[    0.349212] Disabled fast string operations
[    0.349278] ENERGY_PERF_BIAS: Set to 'normal', was 'performance'
[    0.349343] ENERGY_PERF_BIAS: View and update with x86_energy_perf_policy(8)
[    0.349415] process: using mwait in idle threads
[    0.349478] Last level iTLB entries: 4KB 512, 2MB 8, 4MB 8
[    0.349542] Last level dTLB entries: 4KB 512, 2MB 32, 4MB 32, 1GB 0
[    0.349609] Spectre V2 : Mitigation: Full generic retpoline
[    0.349673] Spectre V2 : Spectre v2 / SpectreRSB mitigation: Filling RSB on context switch
[    0.349746] Spectre V2 : Spectre v2 mitigation: Enabling Indirect Branch Prediction Barrier
[    0.349819] Spectre V2 : Enabling Restricted Speculation for firmware calls
[    0.349887] Speculative Store Bypass: Vulnerable
[    0.350118] Freeing SMP alternatives memory: 44K
[    0.351255] TSC deadline timer enabled
[    0.351260] smpboot: CPU0: Intel(R) Core(TM) i5-2520M CPU @ 2.50GHz (family: 0x6, model: 0x2a, stepping: 0x7)
[    0.351660] Performance Events: PEBS fmt1+, SandyBridge events, 16-deep LBR, full-width counters, Intel PMU driver.
[    0.351781] ... version:                3
[    0.351840] ... bit width:              48
[    0.351899] ... generic registers:      4
[    0.351958] ... value mask:             0000ffffffffffff
[    0.352021] ... max period:             00007fffffffffff
[    0.352383] ... fixed-purpose events:   3
[    0.352383] ... event mask:             000000070000000f
[    0.352383] rcu: Hierarchical SRCU implementation.
[    0.352383] NMI watchdog: Enabled. Permanently consumes one hw-PMU counter.
[    0.352383] smp: Bringing up secondary CPUs ...
[    0.352598] x86: Booting SMP configuration:
[    0.352662] .... node  #0, CPUs:      #1
[    0.015655] Disabled fast string operations
[    0.355039]  #2
[    0.015655] Disabled fast string operations
[    0.356871]  #3
[    0.015655] Disabled fast string operations
[    0.359284] smp: Brought up 1 node, 4 CPUs
[    0.359284] smpboot: Max logical packages: 2
[    0.359284] smpboot: Total of 4 processors activated (19935.45 BogoMIPS)
[    0.360662] devtmpfs: initialized
[    0.360868] PM: Registering ACPI NVS region [mem 0xdae9f000-0xdaf9efff] (1048576 bytes)
[    0.361198] clocksource: jiffies: mask: 0xffffffff max_cycles: 0xffffffff, max_idle_ns: 7645041785100000 ns
[    0.361296] futex hash table entries: 2048 (order: 6, 262144 bytes)
[    0.361968] NET: Registered protocol family 16
[    0.362778] cpuidle: using governor ladder
[    0.362859] cpuidle: using governor menu
[    0.362859] ACPI FADT declares the system doesn't support PCIe ASPM, so disable it
[    0.362859] ACPI: bus type PCI registered
[    0.362859] PCI: MMCONFIG for domain 0000 [bus 00-3f] at [mem 0xf8000000-0xfbffffff] (base 0xf8000000)
[    0.362859] PCI: MMCONFIG at [mem 0xf8000000-0xfbffffff] reserved in E820
[    0.362859] PCI: Using configuration type 1 for base access
[    0.362888] core: PMU erratum BJ122, BV98, HSD29 worked around, HT is on
[    0.386571] ACPI: Added _OSI(Module Device)
[    0.386571] ACPI: Added _OSI(Processor Device)
[    0.386571] ACPI: Added _OSI(3.0 _SCP Extensions)
[    0.386571] ACPI: Added _OSI(Processor Aggregator Device)
[    0.386571] ACPI: Added _OSI(Linux-Dell-Video)
[    0.386571] ACPI: Added _OSI(Linux-Lenovo-NV-HDMI-Audio)
[    0.386571] ACPI: EC: EC started
[    0.386571] ACPI: EC: interrupt blocked
[    0.386571] ACPI: \: Used as first EC
[    0.386571] ACPI: \: GPE=0x11, EC_CMD/EC_SC=0x66, EC_DATA=0x62
[    0.386571] ACPI: \: Used as boot ECDT EC to handle transactions
[    0.424401] ACPI: 6 ACPI AML tables successfully acquired and loaded
[    0.428387] ACPI: [Firmware Bug]: BIOS _OSI(Linux) query ignored
[    0.446812] ACPI: Dynamic OEM Table Load:
[    0.446901] ACPI: SSDT 0xFFFF88019708C000 0008C0 (v01 PmRef  Cpu0Cst  00003001 INTL 20061109)
[    0.448740] ACPI: Dynamic OEM Table Load:
[    0.448817] ACPI: SSDT 0xFFFF8801969A1800 000303 (v01 PmRef  ApIst    00003000 INTL 20061109)
[    0.452631] ACPI: Dynamic OEM Table Load:
[    0.452704] ACPI: SSDT 0xFFFF880197B11C00 000119 (v01 PmRef  ApCst    00003000 INTL 20061109)
[    0.453094] ACPI: Interpreter enabled
[    0.453094] ACPI: (supports S0 S3 S4 S5)
[    0.453094] ACPI: Using IOAPIC for interrupt routing
[    0.453094] PCI: Using host bridge windows from ACPI; if necessary, use "pci=nocrs" and report a bug
[    0.453500] ACPI: Enabled 6 GPEs in block 00 to 3F
[    0.468443] ACPI: Power Resource [PUBS] (on)
[    0.468443] acpi PNP0C0A:01: ACPI dock station (docks/bays count: 1)
[    0.472443] acpi LNXIOBAY:00: ACPI dock station (docks/bays count: 2)
[    0.480448] acpi IBM0079:00: ACPI dock station (docks/bays count: 3)
[    0.480448] ACPI: PCI Interrupt Link [LNKA] (IRQs 3 4 5 6 7 9 10 *11)
[    0.480448] ACPI: PCI Interrupt Link [LNKB] (IRQs 3 4 5 6 7 9 10 *11)
[    0.480448] ACPI: PCI Interrupt Link [LNKC] (IRQs 3 4 5 6 7 9 10 *11)
[    0.480448] ACPI: PCI Interrupt Link [LNKD] (IRQs 3 4 5 6 7 9 *10 11)
[    0.484385] ACPI: PCI Interrupt Link [LNKE] (IRQs 3 4 5 6 *7 9 10 11)
[    0.484385] ACPI: PCI Interrupt Link [LNKF] (IRQs 3 4 5 6 7 9 10 11) *0, disabled.
[    0.484385] ACPI: PCI Interrupt Link [LNKG] (IRQs 3 4 5 6 *7 9 10 11)
[    0.484391] ACPI: PCI Interrupt Link [LNKH] (IRQs 3 4 5 6 7 9 *10 11)
[    0.484450] ACPI: PCI Root Bridge [PCI0] (domain 0000 [bus 00-fe])
[    0.484450] acpi PNP0A08:00: _OSC: OS supports [ExtendedConfig ASPM ClockPM Segments]
[    0.484450] acpi PNP0A08:00: _OSC: not requesting OS control; OS requires [ExtendedConfig ASPM ClockPM MSI]
[    0.484450] acpi PNP0A08:00: [Firmware Info]: MMCONFIG for domain 0000 [bus 00-3f] only partially covers this bridge
[    0.484450] PCI host bridge to bus 0000:00
[    0.484450] pci_bus 0000:00: root bus resource [io  0x0000-0x0cf7 window]
[    0.484450] pci_bus 0000:00: root bus resource [io  0x0d00-0xffff window]
[    0.484450] pci_bus 0000:00: root bus resource [mem 0x000a0000-0x000bffff window]
[    0.484450] pci_bus 0000:00: root bus resource [mem 0xdfa00000-0xfebfffff window]
[    0.484450] pci_bus 0000:00: root bus resource [mem 0xfed40000-0xfed4bfff window]
[    0.484450] pci_bus 0000:00: root bus resource [bus 00-fe]
[    0.484450] pci 0000:00:00.0: [8086:0104] type 00 class 0x060000
[    0.484450] pci 0000:00:02.0: [8086:0126] type 00 class 0x030000
[    0.484450] pci 0000:00:02.0: reg 0x10: [mem 0xf0000000-0xf03fffff 64bit]
[    0.484450] pci 0000:00:02.0: reg 0x18: [mem 0xe0000000-0xefffffff 64bit pref]
[    0.484450] pci 0000:00:02.0: reg 0x20: [io  0x5000-0x503f]
[    0.484450] pci 0000:00:16.0: [8086:1c3a] type 00 class 0x078000
[    0.484450] pci 0000:00:16.0: reg 0x10: [mem 0xf2525000-0xf252500f 64bit]
[    0.484450] pci 0000:00:16.0: PME# supported from D0 D3hot D3cold
[    0.484468] pci 0000:00:19.0: [8086:1502] type 00 class 0x020000
[    0.484496] pci 0000:00:19.0: reg 0x10: [mem 0xf2500000-0xf251ffff]
[    0.484506] pci 0000:00:19.0: reg 0x14: [mem 0xf252b000-0xf252bfff]
[    0.484517] pci 0000:00:19.0: reg 0x18: [io  0x5080-0x509f]
[    0.488396] pci 0000:00:19.0: PME# supported from D0 D3hot D3cold
[    0.488396] pci 0000:00:1a.0: [8086:1c2d] type 00 class 0x0c0320
[    0.488440] pci 0000:00:1a.0: reg 0x10: [mem 0xf252a000-0xf252a3ff]
[    0.488440] pci 0000:00:1a.0: PME# supported from D0 D3hot D3cold
[    0.488442] pci 0000:00:1b.0: [8086:1c20] type 00 class 0x040300
[    0.488442] pci 0000:00:1b.0: reg 0x10: [mem 0xf2520000-0xf2523fff 64bit]
[    0.488442] pci 0000:00:1b.0: PME# supported from D0 D3hot D3cold
[    0.488442] pci 0000:00:1c.0: [8086:1c10] type 01 class 0x060400
[    0.488442] pci 0000:00:1c.0: PME# supported from D0 D3hot D3cold
[    0.488442] pci 0000:00:1c.1: [8086:1c12] type 01 class 0x060400
[    0.488442] pci 0000:00:1c.1: PME# supported from D0 D3hot D3cold
[    0.488442] pci 0000:00:1c.3: [8086:1c16] type 01 class 0x060400
[    0.488442] pci 0000:00:1c.3: PME# supported from D0 D3hot D3cold
[    0.488442] pci 0000:00:1c.4: [8086:1c18] type 01 class 0x060400
[    0.488442] pci 0000:00:1c.4: PME# supported from D0 D3hot D3cold
[    0.488442] pci 0000:00:1d.0: [8086:1c26] type 00 class 0x0c0320
[    0.488442] pci 0000:00:1d.0: reg 0x10: [mem 0xf2529000-0xf25293ff]
[    0.488442] pci 0000:00:1d.0: PME# supported from D0 D3hot D3cold
[    0.488442] pci 0000:00:1f.0: [8086:1c4f] type 00 class 0x060100
[    0.488442] pci 0000:00:1f.2: [8086:1c03] type 00 class 0x010601
[    0.488442] pci 0000:00:1f.2: reg 0x10: [io  0x50a8-0x50af]
[    0.488442] pci 0000:00:1f.2: reg 0x14: [io  0x50bc-0x50bf]
[    0.488442] pci 0000:00:1f.2: reg 0x18: [io  0x50a0-0x50a7]
[    0.488442] pci 0000:00:1f.2: reg 0x1c: [io  0x50b8-0x50bb]
[    0.488442] pci 0000:00:1f.2: reg 0x20: [io  0x5060-0x507f]
[    0.488442] pci 0000:00:1f.2: reg 0x24: [mem 0xf2528000-0xf25287ff]
[    0.488442] pci 0000:00:1f.2: PME# supported from D3hot
[    0.488442] pci 0000:00:1f.3: [8086:1c22] type 00 class 0x0c0500
[    0.488442] pci 0000:00:1f.3: reg 0x10: [mem 0xf2524000-0xf25240ff 64bit]
[    0.488442] pci 0000:00:1f.3: reg 0x20: [io  0xefa0-0xefbf]
[    0.488442] pci 0000:00:1c.0: PCI bridge to [bus 02]
[    0.492385] pci 0000:03:00.0: [8086:0084] type 00 class 0x028000
[    0.492816] pci 0000:03:00.0: reg 0x10: [mem 0xf2400000-0xf2401fff 64bit]
[    0.492841] pci 0000:03:00.0: PME# supported from D0 D3hot D3cold
[    0.492841] pci 0000:03:00.0: 2.000 Gb/s available PCIe bandwidth, limited by 2.5 GT/s x1 link at 0000:00:1c.1 (capable of 7.876 Gb/s with 8 GT/s x1 link)
[    0.492841] pci 0000:00:1c.1: PCI bridge to [bus 03]
[    0.492841] pci 0000:00:1c.1:   bridge window [mem 0xf2400000-0xf24fffff]
[    0.492841] pci 0000:00:1c.3: PCI bridge to [bus 05-0c]
[    0.492841] pci 0000:00:1c.3:   bridge window [io  0x4000-0x4fff]
[    0.492841] pci 0000:00:1c.3:   bridge window [mem 0xf1c00000-0xf23fffff]
[    0.492841] pci 0000:00:1c.3:   bridge window [mem 0xf0400000-0xf0bfffff 64bit pref]
[    0.492841] pci 0000:0d:00.0: [1180:e822] type 00 class 0x088001
[    0.492841] pci 0000:0d:00.0: MMC controller base frequency changed to 50Mhz.
[    0.492841] pci 0000:0d:00.0: reg 0x10: [mem 0xf1400000-0xf14000ff]
[    0.492841] pci 0000:0d:00.0: supports D1 D2
[    0.492841] pci 0000:0d:00.0: PME# supported from D0 D1 D2 D3hot D3cold
[    0.492841] pci 0000:0d:00.0: 2.000 Gb/s available PCIe bandwidth, limited by 2.5 GT/s x1 link at 0000:00:1c.4 (capable of 7.876 Gb/s with 8 GT/s x1 link)
[    0.496396] pci 0000:00:1c.4: PCI bridge to [bus 0d]
[    0.496396] pci 0000:00:1c.4:   bridge window [io  0x3000-0x3fff]
[    0.496396] pci 0000:00:1c.4:   bridge window [mem 0xf1400000-0xf1bfffff]
[    0.496396] pci 0000:00:1c.4:   bridge window [mem 0xf0c00000-0xf13fffff 64bit pref]
[    0.496396] pci_bus 0000:00: on NUMA node 0
[    0.496452] ACPI: EC: interrupt unblocked
[    0.496452] ACPI: EC: event unblocked
[    0.496490] ACPI: \_SB_.PCI0.LPC_.EC__: GPE=0x11, EC_CMD/EC_SC=0x66, EC_DATA=0x62
[    0.496490] ACPI: \_SB_.PCI0.LPC_.EC__: Used as boot DSDT EC to handle transactions and events
[    0.500419] pci 0000:00:02.0: vgaarb: setting as boot VGA device
[    0.500489] pci 0000:00:02.0: vgaarb: VGA device added: decodes=io+mem,owns=io+mem,locks=none
[    0.500584] pci 0000:00:02.0: vgaarb: bridge control possible
[    0.500648] vgaarb: loaded
[    0.500963] SCSI subsystem initialized
[    0.501065] libata version 3.00 loaded.
[    0.501065] ACPI: bus type USB registered
[    0.501065] usbcore: registered new interface driver usbfs
[    0.501065] usbcore: registered new interface driver hub
[    0.501065] usbcore: registered new device driver usb
[    0.501065] media: Linux media interface: v0.10
[    0.501101] videodev: Linux video capture interface: v2.00
[    0.501209] pps_core: LinuxPPS API ver. 1 registered
[    0.501278] pps_core: Software ver. 5.3.6 - Copyright 2005-2007 Rodolfo Giometti <giometti@linux.it>
[    0.501386] PTP clock support registered
[    0.501538] EDAC MC: Ver: 3.0.0
[    0.501538] Advanced Linux Sound Architecture Driver Initialized.
[    0.501538] PCI: Using ACPI for IRQ routing
[    0.504387] PCI: pci_cache_line_size set to 64 bytes
[    0.504387] e820: reserve RAM buffer [mem 0x0009d800-0x0009ffff]
[    0.504387] e820: reserve RAM buffer [mem 0xda99f000-0xdbffffff]
[    0.504387] e820: reserve RAM buffer [mem 0xdb000000-0xdbffffff]
[    0.504387] e820: reserve RAM buffer [mem 0x19e600000-0x19fffffff]
[    0.504438] Bluetooth: Core ver 2.22
[    0.504438] NET: Registered protocol family 31
[    0.504438] Bluetooth: HCI device and connection manager initialized
[    0.504438] Bluetooth: HCI socket layer initialized
[    0.504438] Bluetooth: L2CAP socket layer initialized
[    0.504438] Bluetooth: SCO socket layer initialized
[    0.504507] clocksource: Switched to clocksource tsc-early
[    0.504761] pnp: PnP ACPI init
[    0.506229] system 00:00: [mem 0x00000000-0x0009ffff] could not be reserved
[    0.506304] system 00:00: [mem 0x000c0000-0x000c3fff] could not be reserved
[    0.506377] system 00:00: [mem 0x000c4000-0x000c7fff] could not be reserved
[    0.506449] system 00:00: [mem 0x000c8000-0x000cbfff] has been reserved
[    0.506520] system 00:00: [mem 0x000cc000-0x000cffff] has been reserved
[    0.506591] system 00:00: [mem 0x000d0000-0x000d3fff] has been reserved
[    0.506662] system 00:00: [mem 0x000d4000-0x000d7fff] has been reserved
[    0.506733] system 00:00: [mem 0x000d8000-0x000dbfff] has been reserved
[    0.506804] system 00:00: [mem 0x000dc000-0x000dffff] has been reserved
[    0.506875] system 00:00: [mem 0x000e0000-0x000e3fff] could not be reserved
[    0.506948] system 00:00: [mem 0x000e4000-0x000e7fff] could not be reserved
[    0.507020] system 00:00: [mem 0x000e8000-0x000ebfff] could not be reserved
[    0.507093] system 00:00: [mem 0x000ec000-0x000effff] could not be reserved
[    0.507165] system 00:00: [mem 0x000f0000-0x000fffff] could not be reserved
[    0.507238] system 00:00: [mem 0x00100000-0xdf9fffff] could not be reserved
[    0.507311] system 00:00: [mem 0xfec00000-0xfed3ffff] could not be reserved
[    0.507383] system 00:00: [mem 0xfed4c000-0xffffffff] could not be reserved
[    0.507478] system 00:00: Plug and Play ACPI device, IDs PNP0c01 (active)
[    0.507762] system 00:01: [io  0x0400-0x047f] has been reserved
[    0.507832] system 00:01: [io  0x0500-0x057f] has been reserved
[    0.507901] system 00:01: [io  0x0800-0x080f] has been reserved
[    0.507969] system 00:01: [io  0x15e0-0x15ef] has been reserved
[    0.508037] system 00:01: [io  0x1600-0x167f] has been reserved
[    0.508106] system 00:01: [mem 0xf8000000-0xfbffffff] has been reserved
[    0.508178] system 00:01: [mem 0x00000000-0x00000fff] could not be reserved
[    0.508250] system 00:01: [mem 0xfed1c000-0xfed1ffff] has been reserved
[    0.508321] system 00:01: [mem 0xfed10000-0xfed13fff] has been reserved
[    0.508397] system 00:01: [mem 0xfed18000-0xfed18fff] has been reserved
[    0.508468] system 00:01: [mem 0xfed19000-0xfed19fff] has been reserved
[    0.508539] system 00:01: [mem 0xfed45000-0xfed4bfff] has been reserved
[    0.508625] system 00:01: Plug and Play ACPI device, IDs PNP0c02 (active)
[    0.508772] pnp 00:02: Plug and Play ACPI device, IDs PNP0b00 (active)
[    0.508842] pnp 00:03: Plug and Play ACPI device, IDs PNP0303 (active)
[    0.508905] pnp 00:04: Plug and Play ACPI device, IDs LEN0020 PNP0f13 (active)
[    0.509042] pnp 00:05: Plug and Play ACPI device, IDs SMO1200 PNP0c31 (active)
[    0.510130] pnp: PnP ACPI: found 6 devices
[    0.520404] clocksource: acpi_pm: mask: 0xffffff max_cycles: 0xffffff, max_idle_ns: 2085701024 ns
[    0.520517] pci 0000:00:1c.0: bridge window [io  0x1000-0x0fff] to [bus 02] add_size 1000
[    0.520521] pci 0000:00:1c.0: bridge window [mem 0x00100000-0x000fffff 64bit pref] to [bus 02] add_size 200000 add_align 100000
[    0.520524] pci 0000:00:1c.0: bridge window [mem 0x00100000-0x000fffff] to [bus 02] add_size 200000 add_align 100000
[    0.520568] pci 0000:00:1c.0: BAR 8: assigned [mem 0xdfa00000-0xdfbfffff]
[    0.520641] pci 0000:00:1c.0: BAR 9: assigned [mem 0xdfc00000-0xdfdfffff 64bit pref]
[    0.520715] pci 0000:00:1c.0: BAR 7: assigned [io  0x2000-0x2fff]
[    0.520785] pci 0000:00:1c.0: PCI bridge to [bus 02]
[    0.520851] pci 0000:00:1c.0:   bridge window [io  0x2000-0x2fff]
[    0.520923] pci 0000:00:1c.0:   bridge window [mem 0xdfa00000-0xdfbfffff]
[    0.520996] pci 0000:00:1c.0:   bridge window [mem 0xdfc00000-0xdfdfffff 64bit pref]
[    0.521076] pci 0000:00:1c.1: PCI bridge to [bus 03]
[    0.521144] pci 0000:00:1c.1:   bridge window [mem 0xf2400000-0xf24fffff]
[    0.521224] pci 0000:00:1c.3: PCI bridge to [bus 05-0c]
[    0.521290] pci 0000:00:1c.3:   bridge window [io  0x4000-0x4fff]
[    0.521361] pci 0000:00:1c.3:   bridge window [mem 0xf1c00000-0xf23fffff]
[    0.521434] pci 0000:00:1c.3:   bridge window [mem 0xf0400000-0xf0bfffff 64bit pref]
[    0.521514] pci 0000:00:1c.4: PCI bridge to [bus 0d]
[    0.521578] pci 0000:00:1c.4:   bridge window [io  0x3000-0x3fff]
[    0.521650] pci 0000:00:1c.4:   bridge window [mem 0xf1400000-0xf1bfffff]
[    0.521723] pci 0000:00:1c.4:   bridge window [mem 0xf0c00000-0xf13fffff 64bit pref]
[    0.521804] pci_bus 0000:00: resource 4 [io  0x0000-0x0cf7 window]
[    0.521806] pci_bus 0000:00: resource 5 [io  0x0d00-0xffff window]
[    0.521808] pci_bus 0000:00: resource 6 [mem 0x000a0000-0x000bffff window]
[    0.521810] pci_bus 0000:00: resource 7 [mem 0xdfa00000-0xfebfffff window]
[    0.521812] pci_bus 0000:00: resource 8 [mem 0xfed40000-0xfed4bfff window]
[    0.521815] pci_bus 0000:02: resource 0 [io  0x2000-0x2fff]
[    0.521817] pci_bus 0000:02: resource 1 [mem 0xdfa00000-0xdfbfffff]
[    0.521819] pci_bus 0000:02: resource 2 [mem 0xdfc00000-0xdfdfffff 64bit pref]
[    0.521821] pci_bus 0000:03: resource 1 [mem 0xf2400000-0xf24fffff]
[    0.521823] pci_bus 0000:05: resource 0 [io  0x4000-0x4fff]
[    0.521825] pci_bus 0000:05: resource 1 [mem 0xf1c00000-0xf23fffff]
[    0.521827] pci_bus 0000:05: resource 2 [mem 0xf0400000-0xf0bfffff 64bit pref]
[    0.521829] pci_bus 0000:0d: resource 0 [io  0x3000-0x3fff]
[    0.521831] pci_bus 0000:0d: resource 1 [mem 0xf1400000-0xf1bfffff]
[    0.521833] pci_bus 0000:0d: resource 2 [mem 0xf0c00000-0xf13fffff 64bit pref]
[    0.522109] NET: Registered protocol family 2
[    0.522617] tcp_listen_portaddr_hash hash table entries: 4096 (order: 6, 294912 bytes)
[    0.522835] TCP established hash table entries: 65536 (order: 7, 524288 bytes)
[    0.523006] TCP bind hash table entries: 65536 (order: 10, 4194304 bytes)
[    0.525375] TCP: Hash tables configured (established 65536 bind 65536)
[    0.525802] UDP hash table entries: 4096 (order: 7, 655360 bytes)
[    0.526189] UDP-Lite hash table entries: 4096 (order: 7, 655360 bytes)
[    0.527156] NET: Registered protocol family 1
[    0.527551] RPC: Registered named UNIX socket transport module.
[    0.527619] RPC: Registered udp transport module.
[    0.527682] RPC: Registered tcp transport module.
[    0.527744] RPC: Registered tcp NFSv4.1 backchannel transport module.
[    0.528075] pci 0000:00:02.0: Video device with shadowed ROM at [mem 0x000c0000-0x000dffff]
[    0.529312] PCI: CLS 64 bytes, default 64
[    0.529372] PCI-DMA: Using software bounce buffering for IO (SWIOTLB)
[    0.529441] software IO TLB: mapped [mem 0xd699f000-0xda99f000] (64MB)
[    0.531866] Initialise system trusted keyrings
[    0.532037] workingset: timestamp_bits=62 max_order=21 bucket_order=0
[    0.533347] Installing knfsd (copyright (C) 1996 okir@monad.swb.de).
[    0.534017] ntfs: driver 2.1.32 [Flags: R/W].
[    0.534201] fuse init (API version 7.27)
[    0.534571] pstore: using deflate compression
[    0.536203] Key type asymmetric registered
[    0.536269] Asymmetric key parser 'x509' registered
[    0.536357] Block layer SCSI generic (bsg) driver version 0.4 loaded (major 249)
[    0.536568] io scheduler noop registered
[    0.536628] io scheduler deadline registered
[    0.536713] io scheduler cfq registered (default)
[    0.536775] io scheduler mq-deadline registered
[    0.536854] io scheduler bfq registered
[    0.537959] pcieport 0000:00:1c.0: enabling device (0000 -> 0003)
[    0.539259] intel_idle: MWAIT substates: 0x21120
[    0.539262] intel_idle: v0.4.1 model 0x2A
[    0.539742] intel_idle: lapic_timer_reliable_states 0xffffffff
[    0.540055] ACPI: Deprecated procfs I/F for AC is loaded, please retry with CONFIG_ACPI_PROCFS_POWER cleared
[    0.540230] ACPI: AC Adapter [AC] (on-line)
[    0.540486] input: Lid Switch as /devices/LNXSYSTM:00/LNXSYBUS:00/PNP0C0D:00/input/input0
[    0.540668] ACPI: Lid Switch [LID]
[    0.540828] input: Sleep Button as /devices/LNXSYSTM:00/LNXSYBUS:00/PNP0C0E:00/input/input1
[    0.540943] ACPI: Sleep Button [SLPB]
[    0.541146] input: Power Button as /devices/LNXSYSTM:00/LNXPWRBN:00/input/input2
[    0.541256] ACPI: Power Button [PWRF]
[    0.544866] thermal LNXTHERM:00: registered as thermal_zone0
[    0.544936] ACPI: Thermal Zone [THM0] (58 C)
[    0.545309] Serial: 8250/16550 driver, 4 ports, IRQ sharing disabled
[    0.545437] battery: ACPI: Deprecated procfs I/F for battery is loaded, please retry with CONFIG_ACPI_PROCFS_POWER cleared
[    0.545556] battery: ACPI: Battery Slot [BAT0] (battery absent)
[    0.546529] lp: driver loaded but no devices found
[    0.546664] Non-volatile memory driver v1.3
[    0.546938] Linux agpgart interface v0.103
[    0.547313] [drm] radeon kernel modesetting enabled.
[    0.548314] [drm] Replacing VGA console driver
[    0.548872] Console: switching to colour dummy device 80x25
[    0.560473] [drm] Supports vblank timestamp caching Rev 2 (21.10.2013).
[    0.560521] [drm] Driver supports precise vblank timestamp query.
[    0.561501] i915 0000:00:02.0: vgaarb: changed VGA decodes: olddecodes=io+mem,decodes=io+mem:owns=io+mem
[    0.644240] [drm] Initialized i915 1.6.0 20180719 for 0000:00:02.0 on minor 0
[    0.646264] ACPI: Video Device [VID] (multi-head: yes  rom: no  post: no)
[    0.646847] input: Video Bus as /devices/LNXSYSTM:00/LNXSYBUS:00/PNP0A08:00/LNXVIDEO:00/input/input3
[    0.647225] usbcore: registered new interface driver udl
[    0.656114] loop: module loaded
[    0.670463] ahci 0000:00:1f.2: version 3.0
[    0.671071] ahci 0000:00:1f.2: SSS flag set, parallel bus scan disabled
[    0.684523] ahci 0000:00:1f.2: AHCI 0001.0300 32 slots 6 ports 6 Gbps 0x17 impl SATA mode
[    0.684545] ahci 0000:00:1f.2: flags: 64bit ncq sntf ilck stag pm led clo pio slum part ems sxs apst 
[    0.722704] scsi host0: ahci
[    0.723069] scsi host1: ahci
[    0.723373] scsi host2: ahci
[    0.723637] scsi host3: ahci
[    0.723917] scsi host4: ahci
[    0.724228] scsi host5: ahci
[    0.724420] ata1: SATA max UDMA/133 abar m2048@0xf2528000 port 0xf2528100 irq 19
[    0.724448] ata2: SATA max UDMA/133 abar m2048@0xf2528000 port 0xf2528180 irq 19
[    0.724471] ata3: SATA max UDMA/133 abar m2048@0xf2528000 port 0xf2528200 irq 19
[    0.724488] ata4: DUMMY
[    0.724495] ata5: SATA max UDMA/133 abar m2048@0xf2528000 port 0xf2528300 irq 19
[    0.724511] ata6: DUMMY
[    0.725364] tun: Universal TUN/TAP device driver, 1.6
[    0.725767] e1000e: Intel(R) PRO/1000 Network Driver - 3.2.6-k
[    0.725785] e1000e: Copyright(c) 1999 - 2015 Intel Corporation.
[    0.726180] e1000e 0000:00:19.0: Interrupt Throttling Rate (ints/sec) set to dynamic conservative mode
[    0.823957] e1000e 0000:00:19.0 0000:00:19.0 (uninitialized): registered PHC clock
[    0.917122] e1000e 0000:00:19.0 eth0: (PCI Express:2.5GT/s:Width x1) f0:de:f1:e3:99:75
[    0.917150] e1000e 0000:00:19.0 eth0: Intel(R) PRO/1000 Network Connection
[    0.917222] e1000e 0000:00:19.0 eth0: MAC: 10, PHY: 11, PBA No: 1000FF-0FF
[    0.917396] PPP generic driver version 2.4.2
[    0.917566] PPP BSD Compression module registered
[    0.917577] PPP Deflate Compression module registered
[    0.917589] SLIP: version 0.8.4-NET3.019-NEWTTY (dynamic channels, max=256).
[    0.917602] CSLIP: code copyright 1989 Regents of the University of California.
[    0.917657] iwl3945: Intel(R) PRO/Wireless 3945ABG/BG Network Connection driver for Linux, in-tree:ds
[    0.917676] iwl3945: Copyright(c) 2003-2011 Intel Corporation
[    0.917687] iwl3945: hw_scan is disabled
[    0.917730] Intel(R) Wireless WiFi driver for Linux
[    0.917740] Copyright(c) 2003- 2015 Intel Corporation
[    0.918244] iwlwifi 0000:03:00.0: pci_enable_msi failed - -38
[    0.918538] usbcore: registered new interface driver ax88179_178a
[    0.918595] usbcore: registered new interface driver cdc_ether
[    0.918641] usbcore: registered new interface driver cdc_eem
[    0.918676] usbcore: registered new interface driver net1080
[    0.918730] usbcore: registered new interface driver cdc_subset
[    0.918775] usbcore: registered new interface driver zaurus
[    0.918834] usbcore: registered new interface driver cdc_ncm
[    0.918878] usbcore: registered new interface driver cdc_mbim
[    0.919158] ehci_hcd: USB 2.0 'Enhanced' Host Controller (EHCI) Driver
[    0.919183] ehci-pci: EHCI PCI platform driver
[    0.919231] iwlwifi 0000:03:00.0: loaded firmware version 39.31.5.1 build 35138 op_mode iwldvm
[    0.919341] iwlwifi 0000:03:00.0: CONFIG_IWLWIFI_DEBUG disabled
[    0.919357] iwlwifi 0000:03:00.0: CONFIG_IWLWIFI_DEBUGFS disabled
[    0.919373] iwlwifi 0000:03:00.0: CONFIG_IWLWIFI_DEVICE_TRACING disabled
[    0.919392] iwlwifi 0000:03:00.0: Detected Intel(R) Centrino(R) Wireless-N 1000 BGN, REV=0x6C
[    0.919511] ehci-pci 0000:00:1a.0: EHCI Host Controller
[    0.919670] ehci-pci 0000:00:1a.0: new USB bus registered, assigned bus number 1
[    0.919719] ehci-pci 0000:00:1a.0: debug port 2
[    0.923690] ehci-pci 0000:00:1a.0: cache line size of 64 is not supported
[    0.923700] ehci-pci 0000:00:1a.0: irq 16, io mem 0xf252a000
[    0.929995] fbcon: inteldrmfb (fb0) is primary device
[    0.935681] iwlwifi 0000:03:00.0: reporting RF_KILL (radio disabled)
[    0.935747] iwlwifi 0000:03:00.0: RF_KILL bit toggled to disable radio.
[    0.936436] ehci-pci 0000:00:1a.0: USB 2.0 started, EHCI 1.00
[    0.936666] usb usb1: New USB device found, idVendor=1d6b, idProduct=0002, bcdDevice= 4.19
[    0.936668] usb usb1: New USB device strings: Mfr=3, Product=2, SerialNumber=1
[    0.936670] usb usb1: Product: EHCI Host Controller
[    0.936672] usb usb1: Manufacturer: Linux 4.19.0-rc3 ehci_hcd
[    0.936673] usb usb1: SerialNumber: 0000:00:1a.0
[    0.937060] hub 1-0:1.0: USB hub found
[    0.937092] hub 1-0:1.0: 3 ports detected
[    0.938259] ehci-pci 0000:00:1d.0: EHCI Host Controller
[    0.938406] ehci-pci 0000:00:1d.0: new USB bus registered, assigned bus number 2
[    0.938445] ehci-pci 0000:00:1d.0: debug port 2
[    0.942405] ehci-pci 0000:00:1d.0: cache line size of 64 is not supported
[    0.942432] ehci-pci 0000:00:1d.0: irq 23, io mem 0xf2529000
[    0.956556] ehci-pci 0000:00:1d.0: USB 2.0 started, EHCI 1.00
[    0.957023] usb usb2: New USB device found, idVendor=1d6b, idProduct=0002, bcdDevice= 4.19
[    0.957026] usb usb2: New USB device strings: Mfr=3, Product=2, SerialNumber=1
[    0.957028] usb usb2: Product: EHCI Host Controller
[    0.957029] usb usb2: Manufacturer: Linux 4.19.0-rc3 ehci_hcd
[    0.957031] usb usb2: SerialNumber: 0000:00:1d.0
[    0.957399] hub 2-0:1.0: USB hub found
[    0.957432] hub 2-0:1.0: 3 ports detected
[    0.957971] ohci_hcd: USB 1.1 'Open' Host Controller (OHCI) Driver
[    0.957982] ohci-pci: OHCI PCI platform driver
[    0.958017] uhci_hcd: USB Universal Host Controller Interface driver
[    0.958181] usbcore: registered new interface driver cdc_acm
[    0.958182] cdc_acm: USB Abstract Control Model driver for USB modems and ISDN adapters
[    0.958213] usbcore: registered new interface driver usblp
[    0.958253] usbcore: registered new interface driver cdc_wdm
[    0.958297] usbcore: registered new interface driver usb-storage
[    0.958331] usbcore: registered new interface driver ums-sddr09
[    0.958433] usbcore: registered new interface driver usbserial_generic
[    0.958493] usbserial: USB Serial support registered for generic
[    0.958530] usbcore: registered new interface driver ch341
[    0.958559] usbserial: USB Serial support registered for ch341-uart
[    0.958598] usbcore: registered new interface driver ftdi_sio
[    0.958629] usbserial: USB Serial support registered for FTDI USB Serial Device
[    0.958684] usbcore: registered new interface driver option
[    0.958713] usbserial: USB Serial support registered for GSM modem (1-port)
[    0.958765] usbcore: registered new interface driver pl2303
[    0.958803] usbserial: USB Serial support registered for pl2303
[    0.958844] usbcore: registered new interface driver ti_usb_3410_5052
[    0.958875] usbserial: USB Serial support registered for TI USB 3410 1 port adapter
[    0.958895] usbserial: USB Serial support registered for TI USB 5052 2 port adapter
[    0.958899] ftdi_elan: driver ftdi-elan
[    0.958922] usbcore: registered new interface driver ftdi-elan
[    0.959002] i8042: PNP: PS/2 Controller [PNP0303:KBD,PNP0f13:MOU] at 0x60,0x64 irq 1,12
[    0.962318] serio: i8042 KBD port at 0x60,0x64 irq 1
[    0.962339] serio: i8042 AUX port at 0x60,0x64 irq 12
[    0.962705] mousedev: PS/2 mouse device common for all mice
[    0.963339] input: PC Speaker as /devices/platform/pcspkr/input/input4
[    0.963634] rtc_cmos 00:02: RTC can wake from S4
[    0.963894] rtc_cmos 00:02: registered as rtc0
[    0.963968] rtc_cmos 00:02: alarms up to one month, y3k, 114 bytes nvram, hpet irqs
[    0.964080] usbcore: registered new interface driver uvcvideo
[    0.964081] USB Video Class driver (1.1.1)
[    0.964082] gspca_main: v2.14.0 registered
[    0.964107] usbcore: registered new interface driver sq930x
[    0.964865] ieee80211 phy0: Selected rate control algorithm 'iwl-agn-rs'
[    0.965792] device-mapper: ioctl: 4.39.0-ioctl (2018-04-03) initialised: dm-devel@redhat.com
[    0.965794] Bluetooth: HCI UART driver ver 2.3
[    0.965796] Bluetooth: HCI UART protocol H4 registered
[    0.965797] Bluetooth: HCI UART protocol BCSP registered
[    0.965866] usbcore: registered new interface driver btusb
[    0.965873] intel_pstate: Intel P-state driver initializing
[    0.966302] sdhci: Secure Digital Host Controller Interface driver
[    0.966306] sdhci: Copyright(c) Pierre Ossman
[    0.966407] sdhci-pci 0000:0d:00.0: SDHCI controller found [1180:e822] (rev 7)
[    0.967327] input: AT Translated Set 2 keyboard as /devices/platform/i8042/serio0/input/input5
[    0.968230] mmc0 bounce up to 128 segments into one, max segment size 65536 bytes
[    0.969292] mmc0: SDHCI controller on PCI [0000:0d:00.0] using DMA
[    0.969893] hidraw: raw HID events driver (C) Jiri Kosina
[    0.972870] usbcore: registered new interface driver usbhid
[    0.972874] usbhid: USB HID core driver
[    0.975096] thinkpad_acpi: ThinkPad ACPI Extras v0.26
[    0.975101] thinkpad_acpi: http://ibm-acpi.sf.net/
[    0.975105] thinkpad_acpi: ThinkPad BIOS 8DET74WW (1.44 ), EC unknown
[    0.975110] thinkpad_acpi: Lenovo ThinkPad X220, model 42872WU
[    0.979584] thinkpad_acpi: radio switch found; radios are disabled
[    0.979841] thinkpad_acpi: Tablet mode switch found (type: MHKG), currently in laptop mode
[    0.979862] thinkpad_acpi: This ThinkPad has standard ACPI backlight brightness control, supported by the ACPI video driver
[    0.979863] thinkpad_acpi: Disabling thinkpad-acpi brightness events by default...
[    0.985040] thinkpad_acpi: rfkill switch tpacpi_bluetooth_sw: radio is blocked
[    0.986635] thinkpad_acpi: warning: userspace override of important firmware LEDs is enabled
[    0.986653] thinkpad_acpi: Standard ACPI backlight interface available, not loading native one
[    0.986654] thinkpad_acpi: volume: disabled as there is no ALSA support in this kernel
[    0.987702] random: fast init done
[    0.987766] battery: new extension: ThinkPad Battery Extension
[    0.987834] input: ThinkPad Extra Buttons as /devices/platform/thinkpad_acpi/input/input7
[    0.990128] usbcore: registered new interface driver snd-usb-audio
[    0.992240] NET: Registered protocol family 17
[    0.992326] Bluetooth: RFCOMM TTY layer initialized
[    0.992351] Bluetooth: RFCOMM socket layer initialized
[    0.992365] Bluetooth: RFCOMM ver 1.11
[    0.992377] Bluetooth: BNEP (Ethernet Emulation) ver 1.3
[    0.992378] Bluetooth: BNEP filters: protocol multicast
[    0.992399] Bluetooth: BNEP socket layer initialized
[    0.992400] Bluetooth: HIDP (Human Interface Emulation) ver 1.2
[    0.992404] Bluetooth: HIDP socket layer initialized
[    0.992579] microcode: sig=0x206a7, pf=0x10, revision=0x2d
[    0.992775] microcode: Microcode Update Driver: v2.2.
[    0.992807] sched_clock: Marking stable (981093635, 11655129)->(1002081333, -9332569)
[    0.993161] Loading compiled-in X.509 certificates
[    0.993596] Key type encrypted registered
[    0.993931] rtc_cmos 00:02: setting system clock to 2018-09-14 15:12:14 UTC (1536937934)
[    0.994032] cfg80211: Loading compiled-in X.509 certificates for regulatory database
[    0.994682] cfg80211: Loaded X.509 cert 'sforshee: 00b28ddf47aef9cea7'
[    0.994807] platform regulatory.0: Direct firmware load for regulatory.db failed with error -2
[    0.994818] cfg80211: failed to load regulatory.db
[    1.040538] ata1: SATA link up 1.5 Gbps (SStatus 113 SControl 300)
[    1.042057] ata1.00: ACPI cmd ef/02:00:00:00:00:a0 (SET FEATURES) succeeded
[    1.042066] ata1.00: ACPI cmd f5/00:00:00:00:00:a0 (SECURITY FREEZE LOCK) filtered out
[    1.042073] ata1.00: ACPI cmd ef/10:03:00:00:00:a0 (SET FEATURES) filtered out
[    1.043419] ata1.00: ATA-8: Hitachi HTS545050A7E380, GG2OA7J0, max UDMA/133
[    1.043426] ata1.00: 976773168 sectors, multi 16: LBA48 NCQ (depth 32), AA
[    1.045236] ata1.00: ACPI cmd ef/02:00:00:00:00:a0 (SET FEATURES) succeeded
[    1.045245] ata1.00: ACPI cmd f5/00:00:00:00:00:a0 (SECURITY FREEZE LOCK) filtered out
[    1.045253] ata1.00: ACPI cmd ef/10:03:00:00:00:a0 (SET FEATURES) filtered out
[    1.046484] ata1.00: configured for UDMA/133
[    1.272530] usb 1-1: new high-speed USB device number 2 using ehci-pci
[    1.277058] snd_hda_intel 0000:00:1b.0: bound 0000:00:02.0 (ops i915_audio_component_bind_ops)
[    1.292540] usb 2-1: new high-speed USB device number 2 using ehci-pci
[    1.299015] snd_hda_codec_generic hdaudioC0D0: autoconfig for Generic: line_outs=1 (0x1f/0x0/0x0/0x0/0x0) type:speaker
[    1.299022] snd_hda_codec_generic hdaudioC0D0:    speaker_outs=0 (0x0/0x0/0x0/0x0/0x0)
[    1.299028] snd_hda_codec_generic hdaudioC0D0:    hp_outs=1 (0x19/0x0/0x0/0x0/0x0)
[    1.299033] snd_hda_codec_generic hdaudioC0D0:    mono: mono_out=0x0
[    1.299037] snd_hda_codec_generic hdaudioC0D0:    inputs:
[    1.299045] snd_hda_codec_generic hdaudioC0D0:      Internal Mic=0x23
[    1.299051] snd_hda_codec_generic hdaudioC0D0:      Mic=0x1b
[    1.302678] Console: switching to colour frame buffer device 102x42
[    1.303970] snd_hda_codec_generic hdaudioC0D3: ignore pin 0x7, too many assigned pins
[    1.303977] snd_hda_codec_generic hdaudioC0D3: autoconfig for Generic: line_outs=0 (0x0/0x0/0x0/0x0/0x0) type:line
[    1.303981] snd_hda_codec_generic hdaudioC0D3:    speaker_outs=0 (0x0/0x0/0x0/0x0/0x0)
[    1.303985] snd_hda_codec_generic hdaudioC0D3:    hp_outs=0 (0x0/0x0/0x0/0x0/0x0)
[    1.303988] snd_hda_codec_generic hdaudioC0D3:    mono: mono_out=0x0
[    1.303991] snd_hda_codec_generic hdaudioC0D3:    dig-out=0x5/0x6
[    1.303994] snd_hda_codec_generic hdaudioC0D3:    inputs:
[    1.306716] input: HDA Intel PCH Mic as /devices/pci0000:00/0000:00:1b.0/sound/card0/input9
[    1.306983] input: HDA Intel PCH Headphone as /devices/pci0000:00/0000:00:1b.0/sound/card0/input10
[    1.307184] input: HDA Intel PCH HDMI as /devices/pci0000:00/0000:00:1b.0/sound/card0/input11
[    1.307342] input: HDA Intel PCH HDMI as /devices/pci0000:00/0000:00:1b.0/sound/card0/input12
[    1.425284] usb 1-1: New USB device found, idVendor=8087, idProduct=0024, bcdDevice= 0.00
[    1.426472] i915 0000:00:02.0: fb0: inteldrmfb frame buffer device
[    1.427971] usb 1-1: New USB device strings: Mfr=0, Product=0, SerialNumber=0
[    1.437864] scsi 0:0:0:0: Direct-Access     ATA      Hitachi HTS54505 A7J0 PQ: 0 ANSI: 5
[    1.437947] hub 1-1:1.0: USB hub found
[    1.439816] sd 0:0:0:0: [sda] 976773168 512-byte logical blocks: (500 GB/466 GiB)
[    1.439971] sd 0:0:0:0: Attached scsi generic sg0 type 0
[    1.442311] hub 1-1:1.0: 6 ports detected
[    1.443242] sd 0:0:0:0: [sda] 4096-byte physical blocks
[    1.445982] sd 0:0:0:0: [sda] Write Protect is off
[    1.447732] sd 0:0:0:0: [sda] Mode Sense: 00 3a 00 00
[    1.447763] sd 0:0:0:0: [sda] Write cache: enabled, read cache: enabled, doesn't support DPO or FUA
[    1.465246] usb 2-1: New USB device found, idVendor=8087, idProduct=0024, bcdDevice= 0.00
[    1.467316] usb 2-1: New USB device strings: Mfr=0, Product=0, SerialNumber=0
[    1.470097] hub 2-1:1.0: USB hub found
[    1.472157] hub 2-1:1.0: 8 ports detected
[    1.506348]  sda: sda1 sda2 sda3 sda4
[    1.512608] sd 0:0:0:0: [sda] Attached SCSI disk
[    1.540653] tsc: Refined TSC clocksource calibration: 2491.905 MHz
[    1.543466] clocksource: tsc: mask: 0xffffffffffffffff max_cycles: 0x23eb5abbd7b, max_idle_ns: 440795277677 ns
[    1.546438] clocksource: Switched to clocksource tsc
[    1.736464] usb 1-1.3: new full-speed USB device number 3 using ehci-pci
[    1.756725] ata2: SATA link down (SStatus 0 SControl 300)
[    1.760453] usb 2-1.1: new high-speed USB device number 3 using ehci-pci
[    1.851539] usb 1-1.3: New USB device found, idVendor=147e, idProduct=2016, bcdDevice= 0.02
[    1.855170] usb 1-1.3: New USB device strings: Mfr=1, Product=2, SerialNumber=0
[    1.858816] usb 1-1.3: Product: Biometric Coprocessor
[    1.862306] usb 1-1.3: Manufacturer: UPEK
[    1.871061] psmouse serio1: synaptics: queried max coordinates: x [..5472], y [..4448]
[    1.871068] usb 2-1.1: New USB device found, idVendor=05e3, idProduct=0608, bcdDevice=77.64
[    1.871076] usb 2-1.1: New USB device strings: Mfr=0, Product=1, SerialNumber=0
[    1.875824] usb 2-1.1: Product: USB2.0 Hub
[    1.878091] hub 2-1.1:1.0: USB hub found
[    1.880032] hub 2-1.1:1.0: 4 ports detected
[    1.944401] usb 1-1.6: new high-speed USB device number 4 using ehci-pci
[    1.956865] psmouse serio1: synaptics: Touchpad model: 1, fw: 8.0, id: 0x1e2b1, caps: 0xd001a3/0x940300/0x120c00/0x0, board id: 1611, fw id: 774180
[    1.961110] psmouse serio1: synaptics: serio: Synaptics pass-through port at isa0060/serio1/input0
[    1.964550] usb 2-1.2: new high-speed USB device number 4 using ehci-pci
[    2.011237] input: SynPS/2 Synaptics TouchPad as /devices/platform/i8042/serio1/input/input8
[    2.060711] usb 1-1.6: New USB device found, idVendor=04f2, idProduct=b217, bcdDevice= 8.54
[    2.064513] usb 1-1.6: New USB device strings: Mfr=1, Product=2, SerialNumber=0
[    2.068337] usb 1-1.6: Product: Integrated Camera
[    2.072009] usb 1-1.6: Manufacturer: Chicony Electronics Co., Ltd.
[    2.075331] uvcvideo: Found UVC 1.00 device Integrated Camera (04f2:b217)
[    2.076679] ata3: SATA link up 3.0 Gbps (SStatus 123 SControl 300)
[    2.078458] usb 2-1.2: New USB device found, idVendor=1a40, idProduct=0101, bcdDevice= 1.11
[    2.079988] usb 2-1.2: New USB device strings: Mfr=0, Product=1, SerialNumber=0
[    2.081015] usb 2-1.2: Product: USB 2.0 Hub
[    2.082567] hub 2-1.2:1.0: USB hub found
[    2.083888] hub 2-1.2:1.0: 4 ports detected
[    2.091725] uvcvideo 1-1.6:1.0: Entity type for entity Extension 3 was not initialized!
[    2.092236] ata3.00: ACPI cmd ef/02:00:00:00:00:a0 (SET FEATURES) succeeded
[    2.092801] ata3.00: ACPI cmd f5/00:00:00:00:00:a0 (SECURITY FREEZE LOCK) filtered out
[    2.092823] uvcvideo 1-1.6:1.0: Entity type for entity Processing 2 was not initialized!
[    2.094013] ata3.00: ACPI cmd ef/10:03:00:00:00:a0 (SET FEATURES) filtered out
[    2.096527] uvcvideo 1-1.6:1.0: Entity type for entity Camera 1 was not initialized!
[    2.101224] ata3.00: ATA-8: KINGSTON SMS200S3240G, 60AABBF0, max UDMA/133
[    2.103904] ata3.00: 468862128 sectors, multi 1: LBA48 NCQ (depth 32), AA
[    2.111824] ata3.00: ACPI cmd ef/02:00:00:00:00:a0 (SET FEATURES) succeeded
[    2.111837] ata3.00: ACPI cmd f5/00:00:00:00:00:a0 (SECURITY FREEZE LOCK) filtered out
[    2.113486] ata3.00: ACPI cmd ef/10:03:00:00:00:a0 (SET FEATURES) filtered out
[    2.120237] ata3.00: configured for UDMA/133
[    2.122976] scsi 2:0:0:0: Direct-Access     ATA      KINGSTON SMS200S BBF0 PQ: 0 ANSI: 5
[    2.127006] sd 2:0:0:0: [sdb] 468862128 512-byte logical blocks: (240 GB/224 GiB)
[    2.127156] sd 2:0:0:0: Attached scsi generic sg1 type 0
[    2.129339] sd 2:0:0:0: [sdb] Write Protect is off
[    2.134246] sd 2:0:0:0: [sdb] Mode Sense: 00 3a 00 00
[    2.134310] sd 2:0:0:0: [sdb] Write cache: enabled, read cache: enabled, doesn't support DPO or FUA
[    2.138302]  sdb: sdb2 sdb4
[    2.140896] sd 2:0:0:0: [sdb] Attached SCSI disk
[    2.168556] usb 2-1.1.1: new low-speed USB device number 5 using ehci-pci
[    2.299598] usb 2-1.1.1: New USB device found, idVendor=06a3, idProduct=053f, bcdDevice= 0.02
[    2.303660] usb 2-1.1.1: New USB device strings: Mfr=1, Product=2, SerialNumber=3
[    2.306771] usb 2-1.1.1: Product: Saitek X36
[    2.309776] usb 2-1.1.1: Manufacturer: Saitek
[    2.312659] usb 2-1.1.1: SerialNumber: 00103464
[    2.357407] input: Saitek Saitek X36 as /devices/pci0000:00/0000:00:1d.0/usb2/2-1/2-1.1/2-1.1.1/2-1.1.1:1.0/0003:06A3:053F.0001/input/input14
[    2.365233] hid-generic 0003:06A3:053F.0001: input,hidraw0: USB HID v1.00 Joystick [Saitek Saitek X36] on usb-0000:00:1d.0-1.1.1/input0
[    2.392537] usb 2-1.2.1: new low-speed USB device number 6 using ehci-pci
[    2.455797] ata5: SATA link down (SStatus 0 SControl 300)
[    2.499328] PM: Image not found (code -22)
[    2.499452] ALSA device list:
[    2.503167]   #0: HDA Intel PCH at 0xf2520000 irq 22
[    2.533621] usb 2-1.2.1: New USB device found, idVendor=046d, idProduct=c05a, bcdDevice=63.00
[    2.537422] usb 2-1.2.1: New USB device strings: Mfr=1, Product=2, SerialNumber=0
[    2.541170] usb 2-1.2.1: Product: USB Optical Mouse
[    2.542422] usb 2-1.2.1: Manufacturer: Logitech
[    2.547219] input: Logitech USB Optical Mouse as /devices/pci0000:00/0000:00:1d.0/usb2/2-1/2-1.2/2-1.2.1/2-1.2.1:1.0/0003:046D:C05A.0002/input/input15
[    2.550683] hid-generic 0003:046D:C05A.0002: input,hidraw1: USB HID v1.11 Mouse [Logitech USB Optical Mouse] on usb-0000:00:1d.0-1.2.1/input0
[    2.652537] usb 2-1.2.2: new low-speed USB device number 7 using ehci-pci
[    2.786805] psmouse serio2: trackpoint: IBM TrackPoint firmware: 0x0e, buttons: 3/3
[    2.792732] usb 2-1.2.2: New USB device found, idVendor=04f2, idProduct=0111, bcdDevice= 1.02
[    2.796825] usb 2-1.2.2: New USB device strings: Mfr=1, Product=2, SerialNumber=0
[    2.799048] usb 2-1.2.2: Product: USB Keyboard
[    2.801142] usb 2-1.2.2: Manufacturer: Chicony
[    2.809400] input: Chicony USB Keyboard as /devices/pci0000:00/0000:00:1d.0/usb2/2-1/2-1.2/2-1.2.2/2-1.2.2:1.0/0003:04F2:0111.0003/input/input16
[    2.874749] hid-generic 0003:04F2:0111.0003: input,hidraw2: USB HID v1.10 Keyboard [Chicony USB Keyboard] on usb-0000:00:1d.0-1.2.2/input0
[    2.890982] input: Chicony USB Keyboard System Control as /devices/pci0000:00/0000:00:1d.0/usb2/2-1/2-1.2/2-1.2.2/2-1.2.2:1.1/0003:04F2:0111.0004/input/input17
[    2.953097] input: Chicony USB Keyboard Consumer Control as /devices/pci0000:00/0000:00:1d.0/usb2/2-1/2-1.2/2-1.2.2/2-1.2.2:1.1/0003:04F2:0111.0004/input/input18
[    2.960188] hid-generic 0003:04F2:0111.0004: input,hiddev96,hidraw3: USB HID v1.10 Device [Chicony USB Keyboard] on usb-0000:00:1d.0-1.2.2/input1
[    3.051980] input: TPPS/2 IBM TrackPoint as /devices/platform/i8042/serio1/serio2/input/input13
[    3.162261] md: Waiting for all devices to be available before autodetect
[    3.166836] md: If you don't use raid, use raid=noautodetect
[    3.172835] md: Autodetecting RAID arrays.
[    3.177659] md: autorun ...
[    3.179911] md: ... autorun DONE.
[    3.190574] EXT4-fs (sdb4): mounted filesystem with ordered data mode. Opts: (null)
[    3.191787] VFS: Mounted root (ext4 filesystem) readonly on device 8:20.
[    3.193309] devtmpfs: mounted
[    3.195308] Freeing unused kernel image memory: 1004K
[    3.222037] Write protecting the kernel read-only data: 24576k
[    3.228032] Freeing unused kernel image memory: 2008K
[    3.230616] Freeing unused kernel image memory: 896K
[    3.242839] x86/mm: Checked W+X mappings: passed, no W+X pages found.
[    3.243909] rodata_test: all tests were successful
[    3.244970] x86/mm: Checking user space page tables
[    3.254214] x86/mm: Checked W+X mappings: passed, no W+X pages found.
[    3.255281] Run /sbin/init as init process
[    3.314809] random: systemd: uninitialized urandom read (16 bytes read)
[    3.317510] systemd[1]: systemd 215 running in system mode. (+PAM +AUDIT +SELINUX +IMA +SYSVINIT +LIBCRYPTSETUP +GCRYPT +ACL +XZ -SECCOMP -APPARMOR)
[    3.341209] systemd[1]: Detected architecture 'x86-64'.
[    3.367436] systemd[1]: Failed to insert module 'ipv6'
[    3.368985] systemd[1]: Set hostname to <duo>.
[    3.384240] random: systemd-sysv-ge: uninitialized urandom read (16 bytes read)
[    3.418098] random: systemd-sysv-ge: uninitialized urandom read (16 bytes read)
[    3.479056] systemd[1]: Binding to IPv6 address not available since kernel does not support IPv6.
[    3.480028] systemd[1]: [/lib/systemd/system/gpsd.socket:6] Failed to parse address value, ignoring: [::1]:2947
[    3.483746] systemd[1]: Starting Forward Password Requests to Wall Directory Watch.
[    3.484976] systemd[1]: Started Forward Password Requests to Wall Directory Watch.
[    3.485900] systemd[1]: Starting Remote File Systems (Pre).
[    3.488887] systemd[1]: Reached target Remote File Systems (Pre).
[    3.587836] systemd-udevd[1964]: starting version 215
[    3.834857] e1000e 0000:00:19.0 eth2: renamed from eth0
[    3.874181] systemd-udevd[1968]: renamed network interface eth0 to eth2
[    3.874974] iwlwifi 0000:03:00.0 wlan1: renamed from wlan0
[    3.896679] systemd-udevd[1972]: renamed network interface wlan0 to wlan1
[    4.819424] EXT4-fs (sdb4): re-mounted. Opts: errors=remount-ro
[    4.979659] Adding 1681428k swap on /dev/sda1.  Priority:-2 extents:1 across:1681428k 
[    5.483254] EXT4-fs (sda2): mounted filesystem with ordered data mode. Opts: errors=remount-ro
[    5.536141] systemd-journald[1966]: Received request to flush runtime journal from PID 1
[    6.167584] device-mapper: table: 251:0: thin-pool: unknown target type
[    6.168259] device-mapper: ioctl: error adding target to table
[    7.383773] NFSD: Using /var/lib/nfs/v4recovery as the NFSv4 state recovery directory
[    7.402689] NFSD: starting 45-second grace period (net f0000098)
[    8.726414] e1000e: eth2 NIC Link is Up 100 Mbps Full Duplex, Flow Control: Rx/Tx
[    8.726431] e1000e 0000:00:19.0 eth2: 10/100 speed: disabling TSO
[   10.574286] random: crng init done
[   10.574304] random: 7 urandom warning(s) missed due to ratelimiting
[  102.487618] PM: suspend entry (deep)
[  102.487625] PM: Syncing filesystems ... done.
[  102.566886] Freezing user space processes ... (elapsed 0.004 seconds) done.
[  102.571026] OOM killer disabled.
[  102.571029] Freezing remaining freezable tasks ... (elapsed 0.003 seconds) done.
[  102.574983] Suspending console(s) (use no_console_suspend to debug)
[  102.599096] sd 2:0:0:0: [sdb] Synchronizing SCSI cache
[  102.599892] sd 2:0:0:0: [sdb] Stopping disk
[  102.771042] sd 0:0:0:0: [sda] Synchronizing SCSI cache
[  102.771370] sd 0:0:0:0: [sda] Stopping disk
[  102.847817] e1000e: EEE TX LPI TIMER: 00000011
[  103.354700] PM: suspend devices took 0.780 seconds
[  103.377293] ACPI: EC: interrupt blocked
[  103.414934] ACPI: Preparing to enter system sleep state S3
[  103.424501] ACPI: EC: event blocked
[  103.424506] ACPI: EC: EC stopped
[  103.424510] PM: Saving platform NVS memory
[  103.424531] Disabling non-boot CPUs ...
[  103.441810] smpboot: CPU 1 is now offline
[  103.468562] smpboot: CPU 2 is now offline
[  103.483852] IRQ 16: no longer affine to CPU3
[  103.483869] IRQ 23: no longer affine to CPU3
[  103.485520] smpboot: CPU 3 is now offline
[  103.488228] ACPI: Low-level resume complete
[  103.488289] ACPI: EC: EC started
[  103.488291] PM: Restoring platform NVS memory
[  103.488655] Enabling non-boot CPUs ...
[  103.489494] x86: Booting SMP configuration:
[  103.489496] smpboot: Booting Node 0 Processor 1 APIC 0x1
[  103.489782] Disabled fast string operations
[  103.492221]  cache: parent cpu1 should not be sleeping
[  103.492657] CPU1 is up
[  103.493556] smpboot: Booting Node 0 Processor 2 APIC 0x2
[  103.493802] Disabled fast string operations
[  103.496229]  cache: parent cpu2 should not be sleeping
[  103.496713] CPU2 is up
[  103.497615] smpboot: Booting Node 0 Processor 3 APIC 0x3
[  103.497858] Disabled fast string operations
[  103.500276]  cache: parent cpu3 should not be sleeping
[  103.500897] CPU3 is up
[  103.504013] ACPI: Waking up from system sleep state S3
[  103.522090] ACPI: EC: interrupt unblocked
[  103.540943] sdhci-pci 0000:0d:00.0: MMC controller base frequency changed to 50Mhz.
[  103.576067] iwlwifi 0000:03:00.0: RF_KILL bit toggled to disable radio.
[  103.578207] ACPI: button: The lid device is not compliant to SW_LID.
[  103.578332] ACPI: EC: event unblocked
[  103.580757] sd 0:0:0:0: [sda] Starting disk
[  103.580759] sd 2:0:0:0: [sdb] Starting disk
[  103.824013] usb 1-1.6: reset high-speed USB device number 4 using ehci-pci
[  103.924091] ata3: SATA link up 3.0 Gbps (SStatus 123 SControl 300)
[  103.924144] ata5: SATA link down (SStatus 0 SControl 300)
[  103.930248] ata3.00: ACPI cmd ef/02:00:00:00:00:a0 (SET FEATURES) succeeded
[  103.930261] ata3.00: ACPI cmd f5/00:00:00:00:00:a0 (SECURITY FREEZE LOCK) filtered out
[  103.930270] ata3.00: ACPI cmd ef/10:03:00:00:00:a0 (SET FEATURES) filtered out
[  103.936064] ata2: SATA link down (SStatus 0 SControl 300)
[  103.942753] ata3.00: ACPI cmd ef/02:00:00:00:00:a0 (SET FEATURES) succeeded
[  103.942766] ata3.00: ACPI cmd f5/00:00:00:00:00:a0 (SECURITY FREEZE LOCK) filtered out
[  103.942774] ata3.00: ACPI cmd ef/10:03:00:00:00:a0 (SET FEATURES) filtered out
[  103.949278] ata3.00: configured for UDMA/133
[  104.124563] usb 1-1.3: reset full-speed USB device number 3 using ehci-pci
[  104.486747] psmouse serio1: synaptics: queried max coordinates: x [..5472], y [..4448]
[  105.349455] e1000e: eth2 NIC Link is Up 100 Mbps Full Duplex, Flow Control: Rx/Tx
[  105.349471] e1000e 0000:00:19.0 eth2: 10/100 speed: disabling TSO
[  105.423326] ata1: SATA link up 1.5 Gbps (SStatus 113 SControl 300)
[  105.424963] ata1.00: ACPI cmd ef/02:00:00:00:00:a0 (SET FEATURES) succeeded
[  105.424974] ata1.00: ACPI cmd f5/00:00:00:00:00:a0 (SECURITY FREEZE LOCK) filtered out
[  105.424982] ata1.00: ACPI cmd ef/10:03:00:00:00:a0 (SET FEATURES) filtered out
[  105.427991] ata1.00: ACPI cmd ef/02:00:00:00:00:a0 (SET FEATURES) succeeded
[  105.428002] ata1.00: ACPI cmd f5/00:00:00:00:00:a0 (SECURITY FREEZE LOCK) filtered out
[  105.428010] ata1.00: ACPI cmd ef/10:03:00:00:00:a0 (SET FEATURES) filtered out
[  105.429242] ata1.00: configured for UDMA/133
[  105.454856] PM: resume devices took 1.880 seconds
[  105.455921] OOM killer enabled.
[  105.455934] Restarting tasks ... 
[  105.455958] ACPI: \_SB_.PCI0.LPC_.EC__.BAT1: docking
[  105.457039] ACPI: \_SB_.PCI0.LPC_.EC__.BAT1: Unable to dock!
[  105.464014] done.
[  105.468551] PM: suspend exit
[  105.604253] e1000e: eth2 NIC Link is Down
[  107.376459] e1000e: eth2 NIC Link is Up 100 Mbps Full Duplex, Flow Control: Rx/Tx
[  107.376482] e1000e 0000:00:19.0 eth2: 10/100 speed: disabling TSO
