[    0.000000] Linux version 5.1.0-rc4-next-20190410 (pavel@amd) (gcc version 4.9.2 (Debian 4.9.2-10+deb8u2)) #234 SMP Wed Apr 10 10:46:39 CEST 2019
[    0.000000] Disabled fast string operations
[    0.000000] x86/fpu: x87 FPU will use FXSAVE
[    0.000000] BIOS-provided physical RAM map:
[    0.000000] BIOS-e820: [mem 0x0000000000000000-0x000000000009efff] usable
[    0.000000] BIOS-e820: [mem 0x000000000009f000-0x000000000009ffff] reserved
[    0.000000] BIOS-e820: [mem 0x00000000000dc000-0x00000000000fffff] reserved
[    0.000000] BIOS-e820: [mem 0x0000000000100000-0x00000000bf6cffff] usable
[    0.000000] BIOS-e820: [mem 0x00000000bf6d0000-0x00000000bf6defff] ACPI data
[    0.000000] BIOS-e820: [mem 0x00000000bf6df000-0x00000000bf6fffff] ACPI NVS
[    0.000000] BIOS-e820: [mem 0x00000000bf700000-0x00000000bfffffff] reserved
[    0.000000] BIOS-e820: [mem 0x00000000f0000000-0x00000000f3ffffff] reserved
[    0.000000] BIOS-e820: [mem 0x00000000fec00000-0x00000000fec0ffff] reserved
[    0.000000] BIOS-e820: [mem 0x00000000fed00000-0x00000000fed003ff] reserved
[    0.000000] BIOS-e820: [mem 0x00000000fed14000-0x00000000fed19fff] reserved
[    0.000000] BIOS-e820: [mem 0x00000000fed1c000-0x00000000fed8ffff] reserved
[    0.000000] BIOS-e820: [mem 0x00000000fee00000-0x00000000fee00fff] reserved
[    0.000000] BIOS-e820: [mem 0x00000000ff800000-0x00000000ffffffff] reserved
[    0.000000] NX (Execute Disable) protection: active
[    0.000000] SMBIOS 2.4 present.
[    0.000000] DMI: LENOVO 17097HU/17097HU, BIOS 7BETD8WW (2.19 ) 03/31/2011
[    0.000000] tsc: Fast TSC calibration failed
[    0.000000] e820: update [mem 0x00000000-0x00000fff] usable ==> reserved
[    0.000000] e820: remove [mem 0x000a0000-0x000fffff] usable
[    0.000000] last_pfn = 0xbf6d0 max_arch_pfn = 0x1000000
[    0.000000] MTRR default type: uncachable
[    0.000000] MTRR fixed ranges enabled:
[    0.000000]   00000-9FFFF write-back
[    0.000000]   A0000-BFFFF uncachable
[    0.000000]   C0000-CFFFF write-protect
[    0.000000]   D0000-DBFFF uncachable
[    0.000000]   DC000-DFFFF write-back
[    0.000000]   E0000-FFFFF write-protect
[    0.000000] MTRR variable ranges enabled:
[    0.000000]   0 base 000000000 mask F80000000 write-back
[    0.000000]   1 base 080000000 mask FC0000000 write-back
[    0.000000]   2 base 0BF700000 mask FFFF00000 uncachable
[    0.000000]   3 base 0BF800000 mask FFF800000 uncachable
[    0.000000]   4 disabled
[    0.000000]   5 disabled
[    0.000000]   6 disabled
[    0.000000]   7 disabled
[    0.000000] x86/PAT: PAT not supported by CPU.
[    0.000000] x86/PAT: Configuration [0-7]: WB  WT  UC- UC  WB  WT  UC- UC  
[    0.000000] initial memory mapped: [mem 0x00000000-0x05dfffff]
[    0.000000] BRK [0x058bc000, 0x058bcfff] PGTABLE
[    0.000000] BRK [0x058bd000, 0x058bdfff] PGTABLE
[    0.000000] ACPI: Early table checksum verification disabled
[    0.000000] ACPI: RSDP 0x00000000000F67C0 000024 (v02 LENOVO)
[    0.000000] ACPI: XSDT 0x00000000BF6D191C 000084 (v01 LENOVO TP-7B    00002190  LTP 00000000)
[    0.000000] ACPI: FACP 0x00000000BF6D1A00 0000F4 (v03 LENOVO TP-7B    00002190 LNVO 00000001)
[    0.000000] ACPI BIOS Warning (bug): 32/64X length mismatch in FADT/Gpe0Block: 64/32 (20190215/tbfadt-569)
[    0.000000] ACPI BIOS Warning (bug): Optional FADT field Gpe1Block has valid Address but zero Length: 0x000000000000102C/0x0 (20190215/tbfadt-624)
[    0.000000] ACPI: DSDT 0x00000000BF6D1D90 00CFB9 (v01 LENOVO TP-7B    00002190 MSFT 0100000E)
[    0.000000] ACPI: FACS 0x00000000BF6F4000 000040
[    0.000000] ACPI: FACS 0x00000000BF6F4000 000040
[    0.000000] ACPI: SSDT 0x00000000BF6D1BB4 0001DC (v01 LENOVO TP-7B    00002190 MSFT 0100000E)
[    0.000000] ACPI: ECDT 0x00000000BF6DED49 000052 (v01 LENOVO TP-7B    00002190 LNVO 00000001)
[    0.000000] ACPI: TCPA 0x00000000BF6DED9B 000032 (v02 LENOVO TP-7B    00002190 LNVO 00000001)
[    0.000000] ACPI: APIC 0x00000000BF6DEDCD 000068 (v01 LENOVO TP-7B    00002190 LNVO 00000001)
[    0.000000] ACPI: MCFG 0x00000000BF6DEE35 00003C (v01 LENOVO TP-7B    00002190 LNVO 00000001)
[    0.000000] ACPI: HPET 0x00000000BF6DEE71 000038 (v01 LENOVO TP-7B    00002190 LNVO 00000001)
[    0.000000] ACPI: BOOT 0x00000000BF6DEFD8 000028 (v01 LENOVO TP-7B    00002190  LTP 00000001)
[    0.000000] ACPI: SSDT 0x00000000BF6F2645 00025F (v01 LENOVO TP-7B    00002190 INTL 20050513)
[    0.000000] ACPI: SSDT 0x00000000BF6F28A4 0000A6 (v01 LENOVO TP-7B    00002190 INTL 20050513)
[    0.000000] ACPI: SSDT 0x00000000BF6F294A 0004F7 (v01 LENOVO TP-7B    00002190 INTL 20050513)
[    0.000000] ACPI: SSDT 0x00000000BF6F2E41 0001D8 (v01 LENOVO TP-7B    00002190 INTL 20050513)
[    0.000000] ACPI: Local APIC address 0xfee00000
[    0.000000] 2176MB HIGHMEM available.
[    0.000000] 885MB LOWMEM available.
[    0.000000]   mapped low ram: 0 - 375fe000
[    0.000000]   low ram: 0 - 375fe000
[    0.000000] BRK [0x058be000, 0x058befff] PGTABLE
[    0.000000] Zone ranges:
[    0.000000]   DMA      [mem 0x0000000000001000-0x0000000000ffffff]
[    0.000000]   Normal   [mem 0x0000000001000000-0x00000000375fdfff]
[    0.000000]   HighMem  [mem 0x00000000375fe000-0x00000000bf6cffff]
[    0.000000] Movable zone start for each node
[    0.000000] Early memory node ranges
[    0.000000]   node   0: [mem 0x0000000000001000-0x000000000009efff]
[    0.000000]   node   0: [mem 0x0000000000100000-0x00000000bf6cffff]
[    0.000000] Initmem setup node 0 [mem 0x0000000000001000-0x00000000bf6cffff]
[    0.000000] On node 0 totalpages: 783982
[    0.000000]   DMA zone: 32 pages used for memmap
[    0.000000]   DMA zone: 0 pages reserved
[    0.000000]   DMA zone: 3998 pages, LIFO batch:0
[    0.000000]   Normal zone: 1740 pages used for memmap
[    0.000000]   Normal zone: 222718 pages, LIFO batch:63
[    0.000000]   HighMem zone: 557266 pages, LIFO batch:63
[    0.000000] Using APIC driver default
[    0.000000] Reserving Intel graphics memory at [mem 0xbf800000-0xbfffffff]
[    0.000000] ACPI: PM-Timer IO Port: 0x1008
[    0.000000] ACPI: Local APIC address 0xfee00000
[    0.000000] ACPI: LAPIC_NMI (acpi_id[0x00] high edge lint[0x1])
[    0.000000] ACPI: LAPIC_NMI (acpi_id[0x01] high edge lint[0x1])
[    0.000000] IOAPIC[0]: apic_id 1, version 32, address 0xfec00000, GSI 0-23
[    0.000000] ACPI: INT_SRC_OVR (bus 0 bus_irq 0 global_irq 2 dfl dfl)
[    0.000000] ACPI: INT_SRC_OVR (bus 0 bus_irq 9 global_irq 9 high level)
[    0.000000] ACPI: IRQ0 used by override.
[    0.000000] ACPI: IRQ9 used by override.
[    0.000000] Using ACPI (MADT) for SMP configuration information
[    0.000000] ACPI: HPET id: 0x8086a201 base: 0xfed00000
[    0.000000] smpboot: Allowing 2 CPUs, 0 hotplug CPUs
[    0.000000] PM: Registered nosave memory: [mem 0x00000000-0x00000fff]
[    0.000000] PM: Registered nosave memory: [mem 0x0009f000-0x0009ffff]
[    0.000000] PM: Registered nosave memory: [mem 0x000a0000-0x000dbfff]
[    0.000000] PM: Registered nosave memory: [mem 0x000dc000-0x000fffff]
[    0.000000] [mem 0xc0000000-0xefffffff] available for PCI devices
[    0.000000] clocksource: refined-jiffies: mask: 0xffffffff max_cycles: 0xffffffff, max_idle_ns: 7645519600211568 ns
[    0.000000] random: get_random_bytes called from start_kernel+0x74/0x375 with crng_init=0
[    0.000000] setup_percpu: NR_CPUS:8 nr_cpumask_bits:8 nr_cpu_ids:2 nr_node_ids:1
[    0.000000] percpu: Embedded 37 pages/cpu s119400 r0 d32152 u151552
[    0.000000] pcpu-alloc: s119400 r0 d32152 u151552 alloc=37*4096
[    0.000000] pcpu-alloc: [0] 0 [0] 1 
[    0.000000] Built 1 zonelists, mobility grouping on.  Total pages: 782210
[    0.000000] Kernel command line: BOOT_IMAGE=(hd0,2)/fast/l/linux-next-32/arch/x86/boot/bzImage root=/dev/sda4 resume=/dev/sda1
[    0.000000] Dentry cache hash table entries: 131072 (order: 7, 524288 bytes)
[    0.000000] Inode-cache hash table entries: 65536 (order: 6, 262144 bytes)
[    0.000000] Initializing CPU#0
[    0.000000] Initializing HighMem for node 0 (000375fe:000bf6d0)
[    0.000000] Initializing Movable for node 0 (00000000:00000000)
[    0.000000] Memory: 3018996K/3135928K available (12526K kernel code, 702K rwdata, 4792K rodata, 648K init, 6248K bss, 116932K reserved, 0K cma-reserved, 2229064K highmem)
[    0.000000] virtual kernel memory layout:
    fixmap  : 0xffe70000 - 0xfffff000   (1596 kB)
  cpu_entry : 0xffa00000 - 0xffb31000   (1220 kB)
    pkmap   : 0xff600000 - 0xff800000   (2048 kB)
    vmalloc : 0xf7dfe000 - 0xff5fe000   ( 120 MB)
    lowmem  : 0xc0000000 - 0xf75fe000   ( 885 MB)
      .init : 0xc51c4000 - 0xc5266000   ( 648 kB)
      .data : 0xc4c3b930 - 0xc51a1880   (5527 kB)
      .text : 0xc4000000 - 0xc4c3b930   (12526 kB)
[    0.000000] Checking if this processor honours the WP bit even in supervisor mode...Ok.
[    0.000000] Kernel/User page tables isolation: enabled
[    0.000000] rcu: Hierarchical RCU implementation.
[    0.000000] rcu: 	RCU restricting CPUs from NR_CPUS=8 to nr_cpu_ids=2.
[    0.000000] rcu: RCU calculated value of scheduler-enlistment delay is 25 jiffies.
[    0.000000] rcu: Adjusting geometry for rcu_fanout_leaf=16, nr_cpu_ids=2
[    0.000000] NR_IRQS: 2304, nr_irqs: 56, preallocated irqs: 16
[    0.000000] CPU 0 irqstacks, hard=(ptrval) soft=(ptrval)
[    0.000000] Console: colour VGA+ 80x25
[    0.000000] printk: console [tty0] enabled
[    0.000000] Lock dependency validator: Copyright (c) 2006 Red Hat, Inc., Ingo Molnar
[    0.000000] ... MAX_LOCKDEP_SUBCLASSES:  8
[    0.000000] ... MAX_LOCK_DEPTH:          48
[    0.000000] ... MAX_LOCKDEP_KEYS:        8191
[    0.000000] ... CLASSHASH_SIZE:          4096
[    0.000000] ... MAX_LOCKDEP_ENTRIES:     32768
[    0.000000] ... MAX_LOCKDEP_CHAINS:      65536
[    0.000000] ... CHAINHASH_SIZE:          32768
[    0.000000]  memory used by lock dependency info: 3043 kB
[    0.000000]  per task-struct memory footprint: 1344 bytes
[    0.000000] ACPI: Core revision 20190215
[    0.000000] clocksource: hpet: mask: 0xffffffff max_cycles: 0xffffffff, max_idle_ns: 133484882848 ns
[    0.000000] hpet clockevent registered
[    0.000000] APIC: Switch to symmetric I/O mode setup
[    0.000000] Enabling APIC mode:  Flat.  Using 1 I/O APICs
[    0.000000] ..TIMER: vector=0x30 apic1=0 pin1=2 apic2=-1 pin2=-1
[    0.024000] tsc: PIT calibration matches HPET. 1 loops
[    0.024000] tsc: Detected 1828.756 MHz processor
[    0.000003] clocksource: tsc-early: mask: 0xffffffffffffffff max_cycles: 0x1a5c4655792, max_idle_ns: 440795254653 ns
[    0.000094] Calibrating delay loop (skipped), value calculated using timer frequency.. 3657.51 BogoMIPS (lpj=7315024)
[    0.000182] pid_max: default: 32768 minimum: 301
[    0.000520] Mount-cache hash table entries: 2048 (order: 1, 8192 bytes)
[    0.000613] Mountpoint-cache hash table entries: 2048 (order: 1, 8192 bytes)
[    0.001302] *** VALIDATE proc ***
[    0.001474] *** VALIDATE cgroup1 ***
[    0.001548] *** VALIDATE cgroup2 ***
[    0.001632] Disabled fast string operations
[    0.001717] process: using mwait in idle threads
[    0.001799] Last level iTLB entries: 4KB 128, 2MB 0, 4MB 2
[    0.001879] Last level dTLB entries: 4KB 128, 2MB 0, 4MB 8, 1GB 0
[    0.004100] Spectre V2 : Mitigation: Full generic retpoline
[    0.004180] Spectre V2 : Spectre v2 / SpectreRSB mitigation: Filling RSB on context switch
[    0.004278] L1TF: System has more than MAX_PA/2 memory. L1TF mitigation not effective.
[    0.004369] L1TF: You may make it effective by booting the kernel with mem=2147483648 parameter.
[    0.004477] L1TF: However, doing so will make a part of your RAM unusable.
[    0.004563] L1TF: Reading https://www.kernel.org/doc/html/latest/admin-guide/l1tf.html might help you decide.
[    0.004900] Freeing SMP alternatives memory: 44K
[    0.012092] smpboot: CPU0: Genuine Intel(R) CPU           T2400  @ 1.83GHz (family: 0x6, model: 0xe, stepping: 0x8)
[    0.012092] Performance Events: Core events, core PMU driver.
[    0.012092] ... version:                1
[    0.012092] ... bit width:              40
[    0.012092] ... generic registers:      2
[    0.012092] ... value mask:             000000ffffffffff
[    0.012092] ... max period:             000000007fffffff
[    0.012092] ... fixed-purpose events:   0
[    0.012092] ... event mask:             0000000000000003
[    0.012092] rcu: Hierarchical SRCU implementation.
[    0.012092] NMI watchdog: Enabled. Permanently consumes one hw-PMU counter.
[    0.012136] smp: Bringing up secondary CPUs ...
[    0.013116] CPU 1 irqstacks, hard=(ptrval) soft=(ptrval)
[    0.013120] x86: Booting SMP configuration:
[    0.013201] .... node  #0, CPUs:      #1
[    0.000000] Initializing CPU#1
[    0.000000] Disabled fast string operations
[    0.015663] TSC synchronization [CPU#0 -> CPU#1]:
[    0.015971] Measured 579733 cycles TSC warp between CPUs, turning off TSC clock.
[    0.016072] tsc: Marking TSC unstable due to check_tsc_sync_source failed
[    0.016282] smp: Brought up 1 node, 2 CPUs
[    0.016282] smpboot: Max logical packages: 1
[    0.016282] smpboot: Total of 2 processors activated (7315.02 BogoMIPS)
[    0.017973] devtmpfs: initialized
[    0.017973] PM: Registering ACPI NVS region [mem 0xbf6df000-0xbf6fffff] (135168 bytes)
[    0.020167] clocksource: jiffies: mask: 0xffffffff max_cycles: 0xffffffff, max_idle_ns: 7645041785100000 ns
[    0.020284] futex hash table entries: 512 (order: 3, 32768 bytes)
[    0.021065] NET: Registered protocol family 16
[    0.022695] cpuidle: using governor ladder
[    0.023563] cpuidle: using governor menu
[    0.023563] Simple Boot Flag at 0x35 set to 0x1
[    0.023563] ACPI FADT declares the system doesn't support PCIe ASPM, so disable it
[    0.024111] ACPI: bus type PCI registered
[    0.024410] PCI: MMCONFIG for domain 0000 [bus 00-3f] at [mem 0xf0000000-0xf3ffffff] (base 0xf0000000)
[    0.024526] PCI: MMCONFIG at [mem 0xf0000000-0xf3ffffff] reserved in E820
[    0.024612] PCI: Using MMCONFIG for extended config space
[    0.024692] PCI: Using configuration type 1 for base access
[    0.025156] mtrr: your CPUs had inconsistent variable MTRR settings
[    0.025241] mtrr: probably your BIOS does not setup all CPUs.
[    0.025321] mtrr: corrected configuration.
[    0.083878] ACPI: Added _OSI(Module Device)
[    0.083960] ACPI: Added _OSI(Processor Device)
[    0.084038] ACPI: Added _OSI(3.0 _SCP Extensions)
[    0.084624] ACPI: Added _OSI(Processor Aggregator Device)
[    0.084708] ACPI: Added _OSI(Linux-Dell-Video)
[    0.084788] ACPI: Added _OSI(Linux-Lenovo-NV-HDMI-Audio)
[    0.084870] ACPI: Added _OSI(Linux-HPI-Hybrid-Graphics)
[    0.150903] ACPI: 6 ACPI AML tables successfully acquired and loaded
[    0.155308] ACPI: EC: EC started
[    0.155381] ACPI: EC: interrupt blocked
[    0.160656] ACPI: \: Used as first EC
[    0.160732] ACPI: \: GPE=0x1c, EC_CMD/EC_SC=0x66, EC_DATA=0x62
[    0.160814] ACPI: EC: Boot ECDT EC used to handle transactions
[    0.182077] ACPI: Dynamic OEM Table Load:
[    0.182169] ACPI: SSDT 0x00000000F19BC400 000240 (v01 PmRef  Cpu0Ist  00000100 INTL 20050513)
[    0.183896] ACPI: Dynamic OEM Table Load:
[    0.183985] ACPI: SSDT 0x00000000F11EF000 00065A (v01 PmRef  Cpu0Cst  00000100 INTL 20050513)
[    0.188186] ACPI: Dynamic OEM Table Load:
[    0.188276] ACPI: SSDT 0x00000000F18BBA00 0000C8 (v01 PmRef  Cpu1Ist  00000100 INTL 20050513)
[    0.189301] ACPI: Dynamic OEM Table Load:
[    0.189388] ACPI: SSDT 0x00000000F18BF840 000085 (v01 PmRef  Cpu1Cst  00000100 INTL 20050513)
[    0.189965] ACPI: Interpreter enabled
[    0.189965] ACPI: (supports S0 S3 S4 S5)
[    0.189965] ACPI: Using IOAPIC for interrupt routing
[    0.189981] PCI: Using host bridge windows from ACPI; if necessary, use "pci=nocrs" and report a bug
[    0.192719] ACPI: Enabled 4 GPEs in block 00 to 1F
[    0.216131] ACPI: Power Resource [PUBS] (on)
[    0.217286] acpi PNP0C0A:01: ACPI dock station (docks/bays count: 1)
[    0.225096] acpi LNXIOBAY:00: ACPI dock station (docks/bays count: 2)
[    0.239082] acpi IBM0079:00: ACPI dock station (docks/bays count: 3)
[    0.241555] ACPI: PCI Interrupt Link [LNKA] (IRQs 3 4 5 6 7 9 10 *11)
[    0.242406] ACPI: PCI Interrupt Link [LNKB] (IRQs 3 4 5 6 7 9 10 *11)
[    0.243256] ACPI: PCI Interrupt Link [LNKC] (IRQs 3 4 5 6 7 9 10 *11)
[    0.244116] ACPI: PCI Interrupt Link [LNKD] (IRQs 3 4 5 6 7 9 10 *11)
[    0.244967] ACPI: PCI Interrupt Link [LNKE] (IRQs 3 4 5 6 7 9 10 *11)
[    0.245816] ACPI: PCI Interrupt Link [LNKF] (IRQs 3 4 5 6 7 9 10 *11)
[    0.246666] ACPI: PCI Interrupt Link [LNKG] (IRQs 3 4 5 6 7 9 10 *11)
[    0.247517] ACPI: PCI Interrupt Link [LNKH] (IRQs 3 4 5 6 7 9 10 *11)
[    0.248051] ACPI: PCI Root Bridge [PCI0] (domain 0000 [bus 00-ff])
[    0.248109] acpi PNP0A08:00: _OSC: OS supports [ExtendedConfig ASPM ClockPM Segments]
[    0.249149] acpi PNP0A08:00: _OSC: not requesting OS control; OS requires [ExtendedConfig ASPM ClockPM MSI]
[    0.249282] acpi PNP0A08:00: [Firmware Info]: MMCONFIG for domain 0000 [bus 00-3f] only partially covers this bridge
[    0.249646] PCI host bridge to bus 0000:00
[    0.249726] pci_bus 0000:00: root bus resource [io  0x0000-0x0cf7 window]
[    0.249817] pci_bus 0000:00: root bus resource [io  0x0d00-0xffff window]
[    0.249908] pci_bus 0000:00: root bus resource [mem 0x000a0000-0x000bffff window]
[    0.250002] pci_bus 0000:00: root bus resource [mem 0x000d0000-0x000d3fff window]
[    0.250097] pci_bus 0000:00: root bus resource [mem 0x000d4000-0x000d7fff window]
[    0.250191] pci_bus 0000:00: root bus resource [mem 0x000d8000-0x000dbfff window]
[    0.250286] pci_bus 0000:00: root bus resource [mem 0xc0000000-0xfebfffff window]
[    0.250380] pci_bus 0000:00: root bus resource [mem 0xfed40000-0xfed40fff window]
[    0.250476] pci_bus 0000:00: root bus resource [bus 00-ff]
[    0.250588] pci 0000:00:00.0: [8086:27a0] type 00 class 0x060000
[    0.251059] pci 0000:00:02.0: [8086:27a2] type 00 class 0x030000
[    0.251081] pci 0000:00:02.0: reg 0x10: [mem 0xee100000-0xee17ffff]
[    0.251092] pci 0000:00:02.0: reg 0x14: [io  0x1800-0x1807]
[    0.251102] pci 0000:00:02.0: reg 0x18: [mem 0xd0000000-0xdfffffff pref]
[    0.251113] pci 0000:00:02.0: reg 0x1c: [mem 0xee200000-0xee23ffff]
[    0.251576] pci 0000:00:02.1: [8086:27a6] type 00 class 0x038000
[    0.251595] pci 0000:00:02.1: reg 0x10: [mem 0xee180000-0xee1fffff]
[    0.252149] pci 0000:00:1b.0: [8086:27d8] type 00 class 0x040300
[    0.252194] pci 0000:00:1b.0: reg 0x10: [mem 0xee240000-0xee243fff 64bit]
[    0.252358] pci 0000:00:1b.0: PME# supported from D0 D3hot D3cold
[    0.252812] pci 0000:00:1c.0: [8086:27d0] type 01 class 0x060400
[    0.253007] pci 0000:00:1c.0: PME# supported from D0 D3hot D3cold
[    0.253460] pci 0000:00:1c.1: [8086:27d2] type 01 class 0x060400
[    0.253654] pci 0000:00:1c.1: PME# supported from D0 D3hot D3cold
[    0.254111] pci 0000:00:1c.2: [8086:27d4] type 01 class 0x060400
[    0.254304] pci 0000:00:1c.2: PME# supported from D0 D3hot D3cold
[    0.254752] pci 0000:00:1c.3: [8086:27d6] type 01 class 0x060400
[    0.254946] pci 0000:00:1c.3: PME# supported from D0 D3hot D3cold
[    0.255397] pci 0000:00:1d.0: [8086:27c8] type 00 class 0x0c0300
[    0.255475] pci 0000:00:1d.0: reg 0x20: [io  0x1820-0x183f]
[    0.255930] pci 0000:00:1d.1: [8086:27c9] type 00 class 0x0c0300
[    0.256007] pci 0000:00:1d.1: reg 0x20: [io  0x1840-0x185f]
[    0.256471] pci 0000:00:1d.2: [8086:27ca] type 00 class 0x0c0300
[    0.256549] pci 0000:00:1d.2: reg 0x20: [io  0x1860-0x187f]
[    0.257005] pci 0000:00:1d.3: [8086:27cb] type 00 class 0x0c0300
[    0.257082] pci 0000:00:1d.3: reg 0x20: [io  0x1880-0x189f]
[    0.257520] pci 0000:00:1d.7: [8086:27cc] type 00 class 0x0c0320
[    0.257556] pci 0000:00:1d.7: reg 0x10: [mem 0xee444000-0xee4443ff]
[    0.257700] pci 0000:00:1d.7: PME# supported from D0 D3hot D3cold
[    0.258137] pci 0000:00:1e.0: [8086:2448] type 01 class 0x060401
[    0.258673] pci 0000:00:1f.0: [8086:27b9] type 00 class 0x060100
[    0.258830] pci 0000:00:1f.0: quirk: [io  0x1000-0x107f] claimed by ICH6 ACPI/GPIO/TCO
[    0.258933] pci 0000:00:1f.0: quirk: [io  0x1180-0x11bf] claimed by ICH6 GPIO
[    0.259029] pci 0000:00:1f.0: ICH7 LPC Generic IO decode 1 PIO at 1600 (mask 007f)
[    0.259126] pci 0000:00:1f.0: ICH7 LPC Generic IO decode 2 PIO at 15e0 (mask 000f)
[    0.259222] pci 0000:00:1f.0: ICH7 LPC Generic IO decode 3 PIO at 1680 (mask 001f)
[    0.259751] pci 0000:00:1f.1: [8086:27df] type 00 class 0x01018a
[    0.259781] pci 0000:00:1f.1: reg 0x10: [io  0x0000-0x0007]
[    0.259797] pci 0000:00:1f.1: reg 0x14: [io  0x0000-0x0003]
[    0.259813] pci 0000:00:1f.1: reg 0x18: [io  0x0000-0x0007]
[    0.259829] pci 0000:00:1f.1: reg 0x1c: [io  0x0000-0x0003]
[    0.259845] pci 0000:00:1f.1: reg 0x20: [io  0x1810-0x181f]
[    0.259878] pci 0000:00:1f.1: legacy IDE quirk: reg 0x10: [io  0x01f0-0x01f7]
[    0.259971] pci 0000:00:1f.1: legacy IDE quirk: reg 0x14: [io  0x03f6]
[    0.260060] pci 0000:00:1f.1: legacy IDE quirk: reg 0x18: [io  0x0170-0x0177]
[    0.260100] pci 0000:00:1f.1: legacy IDE quirk: reg 0x1c: [io  0x0376]
[    0.260599] pci 0000:00:1f.2: [8086:27c5] type 00 class 0x010601
[    0.260634] pci 0000:00:1f.2: reg 0x10: [io  0x18d0-0x18d7]
[    0.260650] pci 0000:00:1f.2: reg 0x14: [io  0x18c4-0x18c7]
[    0.260666] pci 0000:00:1f.2: reg 0x18: [io  0x18c8-0x18cf]
[    0.260682] pci 0000:00:1f.2: reg 0x1c: [io  0x18c0-0x18c3]
[    0.260698] pci 0000:00:1f.2: reg 0x20: [io  0x18b0-0x18bf]
[    0.260714] pci 0000:00:1f.2: reg 0x24: [mem 0xee444400-0xee4447ff]
[    0.260798] pci 0000:00:1f.2: PME# supported from D3hot
[    0.261218] pci 0000:00:1f.3: [8086:27da] type 00 class 0x0c0500
[    0.261314] pci 0000:00:1f.3: reg 0x20: [io  0x18e0-0x18ff]
[    0.261992] pci 0000:02:00.0: [8086:109a] type 00 class 0x020000
[    0.262056] pci 0000:02:00.0: reg 0x10: [mem 0xee000000-0xee01ffff]
[    0.262104] pci 0000:02:00.0: reg 0x18: [io  0x2000-0x201f]
[    0.262365] pci 0000:02:00.0: PME# supported from D0 D3hot D3cold
[    0.262762] pci 0000:00:1c.0: PCI bridge to [bus 02]
[    0.262849] pci 0000:00:1c.0:   bridge window [io  0x2000-0x2fff]
[    0.262856] pci 0000:00:1c.0:   bridge window [mem 0xee000000-0xee0fffff]
[    0.263124] pci 0000:03:00.0: [8086:4227] type 00 class 0x028000
[    0.263231] pci 0000:03:00.0: reg 0x10: [mem 0xedf00000-0xedf00fff]
[    0.263748] pci 0000:03:00.0: PME# supported from D0 D3hot D3cold
[    0.264260] pci 0000:00:1c.1: PCI bridge to [bus 03]
[    0.264345] pci 0000:00:1c.1:   bridge window [io  0x3000-0x4fff]
[    0.264353] pci 0000:00:1c.1:   bridge window [mem 0xec000000-0xedffffff]
[    0.264364] pci 0000:00:1c.1:   bridge window [mem 0xe4000000-0xe40fffff 64bit pref]
[    0.264512] pci 0000:00:1c.2: PCI bridge to [bus 04-0b]
[    0.264599] pci 0000:00:1c.2:   bridge window [io  0x5000-0x6fff]
[    0.264606] pci 0000:00:1c.2:   bridge window [mem 0xe8000000-0xe9ffffff]
[    0.264617] pci 0000:00:1c.2:   bridge window [mem 0xe4100000-0xe41fffff 64bit pref]
[    0.264764] pci 0000:00:1c.3: PCI bridge to [bus 0c-13]
[    0.264851] pci 0000:00:1c.3:   bridge window [io  0x7000-0x8fff]
[    0.264858] pci 0000:00:1c.3:   bridge window [mem 0xea000000-0xebffffff]
[    0.264869] pci 0000:00:1c.3:   bridge window [mem 0xe4200000-0xe42fffff 64bit pref]
[    0.264908] pci_bus 0000:15: extended config space not accessible
[    0.265108] pci 0000:15:00.0: [1180:0476] type 02 class 0x060700
[    0.265140] pci 0000:15:00.0: reg 0x10: [mem 0xe4300000-0xe4300fff]
[    0.265213] pci 0000:15:00.0: supports D1 D2
[    0.265217] pci 0000:15:00.0: PME# supported from D0 D1 D2 D3hot D3cold
[    0.265464] pci 0000:15:00.1: [1180:0552] type 00 class 0x0c0010
[    0.265494] pci 0000:15:00.1: reg 0x10: [mem 0xe4301000-0xe43017ff]
[    0.265642] pci 0000:15:00.1: PME# supported from D0 D3hot D3cold
[    0.265849] pci 0000:15:00.2: [1180:0822] type 00 class 0x080500
[    0.265878] pci 0000:15:00.2: reg 0x10: [mem 0xe4301800-0xe43018ff]
[    0.266024] pci 0000:15:00.2: supports D1 D2
[    0.266028] pci 0000:15:00.2: PME# supported from D0 D1 D2 D3hot D3cold
[    0.266297] pci 0000:00:1e.0: PCI bridge to [bus 15-18] (subtractive decode)
[    0.266393] pci 0000:00:1e.0:   bridge window [io  0x9000-0xcfff]
[    0.266401] pci 0000:00:1e.0:   bridge window [mem 0xe4300000-0xe7ffffff]
[    0.266412] pci 0000:00:1e.0:   bridge window [mem 0xe0000000-0xe3ffffff 64bit pref]
[    0.266417] pci 0000:00:1e.0:   bridge window [io  0x0000-0x0cf7 window] (subtractive decode)
[    0.266421] pci 0000:00:1e.0:   bridge window [io  0x0d00-0xffff window] (subtractive decode)
[    0.266426] pci 0000:00:1e.0:   bridge window [mem 0x000a0000-0x000bffff window] (subtractive decode)
[    0.266430] pci 0000:00:1e.0:   bridge window [mem 0x000d0000-0x000d3fff window] (subtractive decode)
[    0.266435] pci 0000:00:1e.0:   bridge window [mem 0x000d4000-0x000d7fff window] (subtractive decode)
[    0.266439] pci 0000:00:1e.0:   bridge window [mem 0x000d8000-0x000dbfff window] (subtractive decode)
[    0.266443] pci 0000:00:1e.0:   bridge window [mem 0xc0000000-0xfebfffff window] (subtractive decode)
[    0.266448] pci 0000:00:1e.0:   bridge window [mem 0xfed40000-0xfed40fff window] (subtractive decode)
[    0.266492] pci_bus 0000:16: extended config space not accessible
[    0.266675] pci_bus 0000:16: busn_res: [bus 16-18] end is updated to 17
[    0.266730] pci_bus 0000:00: on NUMA node 0
[    0.272817] ACPI: EC: interrupt unblocked
[    0.272911] ACPI: EC: event unblocked
[    0.272997] ACPI: \_SB_.PCI0.LPC_.EC__: GPE=0x1c, EC_CMD/EC_SC=0x66, EC_DATA=0x62
[    0.273094] ACPI: \_SB_.PCI0.LPC_.EC__: Boot DSDT EC used to handle transactions and events
[    0.273851] pci 0000:00:02.0: vgaarb: setting as boot VGA device
[    0.273940] pci 0000:00:02.0: vgaarb: VGA device added: decodes=io+mem,owns=io+mem,locks=none
[    0.274073] pci 0000:00:02.0: vgaarb: bridge control possible
[    0.274155] vgaarb: loaded
[    0.274820] SCSI subsystem initialized
[    0.275190] libata version 3.00 loaded.
[    0.275387] ACPI: bus type USB registered
[    0.275586] usbcore: registered new interface driver usbfs
[    0.275733] usbcore: registered new interface driver hub
[    0.275880] usbcore: registered new device driver usb
[    0.276086] media: Linux media interface: v0.10
[    0.276175] videodev: Linux video capture interface: v2.00
[    0.276327] pps_core: LinuxPPS API ver. 1 registered
[    0.276406] pps_core: Software ver. 5.3.6 - Copyright 2005-2007 Rodolfo Giometti <giometti@linux.it>
[    0.276553] PTP clock support registered
[    0.277365] EDAC MC: Ver: 3.0.0
[    0.277994] Advanced Linux Sound Architecture Driver Initialized.
[    0.277994] PCI: Using ACPI for IRQ routing
[    0.281617] PCI: pci_cache_line_size set to 64 bytes
[    0.281947] e820: reserve RAM buffer [mem 0x0009f000-0x0009ffff]
[    0.281953] e820: reserve RAM buffer [mem 0xbf6d0000-0xbfffffff]
[    0.282627] Bluetooth: Core ver 2.22
[    0.282769] NET: Registered protocol family 31
[    0.282846] Bluetooth: HCI device and connection manager initialized
[    0.282942] Bluetooth: HCI socket layer initialized
[    0.283023] Bluetooth: L2CAP socket layer initialized
[    0.283125] Bluetooth: SCO socket layer initialized
[    0.283710] clocksource: Switched to clocksource hpet
[    0.283710] pnp: PnP ACPI init
[    0.283785] system 00:00: [mem 0x00000000-0x0009ffff] could not be reserved
[    0.283884] system 00:00: [mem 0x000c0000-0x000c3fff] could not be reserved
[    0.283978] system 00:00: [mem 0x000c4000-0x000c7fff] could not be reserved
[    0.284072] system 00:00: [mem 0x000c8000-0x000cbfff] has been reserved
[    0.284190] system 00:00: [mem 0x000cc000-0x000cffff] has been reserved
[    0.284283] system 00:00: [mem 0x000dc000-0x000dffff] could not be reserved
[    0.284378] system 00:00: [mem 0x000e0000-0x000e3fff] could not be reserved
[    0.284473] system 00:00: [mem 0x000e4000-0x000e7fff] could not be reserved
[    0.284568] system 00:00: [mem 0x000e8000-0x000ebfff] could not be reserved
[    0.284663] system 00:00: [mem 0x000ec000-0x000effff] could not be reserved
[    0.284757] system 00:00: [mem 0x000f0000-0x000fffff] could not be reserved
[    0.284852] system 00:00: [mem 0x00100000-0xbfffffff] could not be reserved
[    0.284947] system 00:00: [mem 0xfec00000-0xfed3ffff] could not be reserved
[    0.285042] system 00:00: [mem 0xfed41000-0xffffffff] could not be reserved
[    0.285183] system 00:00: Plug and Play ACPI device, IDs PNP0c01 (active)
[    0.285675] system 00:01: [io  0x164e-0x164f] has been reserved
[    0.285766] system 00:01: [io  0x1000-0x107f] has been reserved
[    0.285855] system 00:01: [io  0x1180-0x11bf] has been reserved
[    0.285944] system 00:01: [io  0x0800-0x080f] has been reserved
[    0.286032] system 00:01: [io  0x15e0-0x15ef] has been reserved
[    0.286122] system 00:01: [io  0x1600-0x165f] could not be reserved
[    0.286212] system 00:01: [mem 0xf0000000-0xf3ffffff] has been reserved
[    0.286305] system 00:01: [mem 0xfed1c000-0xfed1ffff] has been reserved
[    0.286397] system 00:01: [mem 0xfed14000-0xfed17fff] has been reserved
[    0.286489] system 00:01: [mem 0xfed18000-0xfed18fff] has been reserved
[    0.286581] system 00:01: [mem 0xfed19000-0xfed19fff] has been reserved
[    0.286706] system 00:01: Plug and Play ACPI device, IDs PNP0c02 (active)
[    0.287011] pnp 00:02: Plug and Play ACPI device, IDs PNP0b00 (active)
[    0.287147] pnp 00:03: Plug and Play ACPI device, IDs PNP0303 (active)
[    0.287284] pnp 00:04: Plug and Play ACPI device, IDs IBM3780 PNP0f13 (active)
[    0.288048] pnp 00:05: [dma 3]
[    0.288268] pnp 00:05: Plug and Play ACPI device, IDs IBM0071 PNP0511 (active)
[    0.288506] pnp 00:06: Plug and Play ACPI device, IDs ATM1200 PNP0c31 (active)
[    0.290907] pnp: PnP ACPI: found 7 devices
[    0.338052] clocksource: acpi_pm: mask: 0xffffff max_cycles: 0xffffff, max_idle_ns: 2085701024 ns
[    0.338188] pci 0000:00:1c.0: bridge window [mem 0x00100000-0x000fffff 64bit pref] to [bus 02] add_size 200000 add_align 100000
[    0.338234] pci 0000:00:1c.0: BAR 9: assigned [mem 0xc0000000-0xc01fffff 64bit pref]
[    0.338331] pci 0000:00:1c.0: PCI bridge to [bus 02]
[    0.338412] pci 0000:00:1c.0:   bridge window [io  0x2000-0x2fff]
[    0.338501] pci 0000:00:1c.0:   bridge window [mem 0xee000000-0xee0fffff]
[    0.338592] pci 0000:00:1c.0:   bridge window [mem 0xc0000000-0xc01fffff 64bit pref]
[    0.338692] pci 0000:00:1c.1: PCI bridge to [bus 03]
[    0.338772] pci 0000:00:1c.1:   bridge window [io  0x3000-0x4fff]
[    0.338861] pci 0000:00:1c.1:   bridge window [mem 0xec000000-0xedffffff]
[    0.338951] pci 0000:00:1c.1:   bridge window [mem 0xe4000000-0xe40fffff 64bit pref]
[    0.339050] pci 0000:00:1c.2: PCI bridge to [bus 04-0b]
[    0.339131] pci 0000:00:1c.2:   bridge window [io  0x5000-0x6fff]
[    0.339220] pci 0000:00:1c.2:   bridge window [mem 0xe8000000-0xe9ffffff]
[    0.339311] pci 0000:00:1c.2:   bridge window [mem 0xe4100000-0xe41fffff 64bit pref]
[    0.339409] pci 0000:00:1c.3: PCI bridge to [bus 0c-13]
[    0.339491] pci 0000:00:1c.3:   bridge window [io  0x7000-0x8fff]
[    0.339580] pci 0000:00:1c.3:   bridge window [mem 0xea000000-0xebffffff]
[    0.339670] pci 0000:00:1c.3:   bridge window [mem 0xe4200000-0xe42fffff 64bit pref]
[    0.339780] pci 0000:15:00.0: BAR 9: assigned [mem 0xe0000000-0xe3ffffff pref]
[    0.339874] pci 0000:15:00.0: BAR 10: assigned [mem 0xc4000000-0xc7ffffff]
[    0.339962] pci 0000:15:00.0: BAR 7: assigned [io  0x9000-0x90ff]
[    0.340047] pci 0000:15:00.0: BAR 8: assigned [io  0x9400-0x94ff]
[    0.340155] pci 0000:15:00.0: CardBus bridge to [bus 16-17]
[    0.340237] pci 0000:15:00.0:   bridge window [io  0x9000-0x90ff]
[    0.340325] pci 0000:15:00.0:   bridge window [io  0x9400-0x94ff]
[    0.340412] pci 0000:15:00.0:   bridge window [mem 0xe0000000-0xe3ffffff pref]
[    0.340505] pci 0000:15:00.0:   bridge window [mem 0xc4000000-0xc7ffffff]
[    0.340595] pci 0000:00:1e.0: PCI bridge to [bus 15-18]
[    0.340677] pci 0000:00:1e.0:   bridge window [io  0x9000-0xcfff]
[    0.340766] pci 0000:00:1e.0:   bridge window [mem 0xe4300000-0xe7ffffff]
[    0.340857] pci 0000:00:1e.0:   bridge window [mem 0xe0000000-0xe3ffffff 64bit pref]
[    0.340957] pci_bus 0000:00: resource 4 [io  0x0000-0x0cf7 window]
[    0.340960] pci_bus 0000:00: resource 5 [io  0x0d00-0xffff window]
[    0.340964] pci_bus 0000:00: resource 6 [mem 0x000a0000-0x000bffff window]
[    0.340968] pci_bus 0000:00: resource 7 [mem 0x000d0000-0x000d3fff window]
[    0.340972] pci_bus 0000:00: resource 8 [mem 0x000d4000-0x000d7fff window]
[    0.340975] pci_bus 0000:00: resource 9 [mem 0x000d8000-0x000dbfff window]
[    0.340979] pci_bus 0000:00: resource 10 [mem 0xc0000000-0xfebfffff window]
[    0.340983] pci_bus 0000:00: resource 11 [mem 0xfed40000-0xfed40fff window]
[    0.340987] pci_bus 0000:02: resource 0 [io  0x2000-0x2fff]
[    0.340991] pci_bus 0000:02: resource 1 [mem 0xee000000-0xee0fffff]
[    0.340995] pci_bus 0000:02: resource 2 [mem 0xc0000000-0xc01fffff 64bit pref]
[    0.340999] pci_bus 0000:03: resource 0 [io  0x3000-0x4fff]
[    0.341002] pci_bus 0000:03: resource 1 [mem 0xec000000-0xedffffff]
[    0.341006] pci_bus 0000:03: resource 2 [mem 0xe4000000-0xe40fffff 64bit pref]
[    0.341010] pci_bus 0000:04: resource 0 [io  0x5000-0x6fff]
[    0.341013] pci_bus 0000:04: resource 1 [mem 0xe8000000-0xe9ffffff]
[    0.341017] pci_bus 0000:04: resource 2 [mem 0xe4100000-0xe41fffff 64bit pref]
[    0.341021] pci_bus 0000:0c: resource 0 [io  0x7000-0x8fff]
[    0.341025] pci_bus 0000:0c: resource 1 [mem 0xea000000-0xebffffff]
[    0.341028] pci_bus 0000:0c: resource 2 [mem 0xe4200000-0xe42fffff 64bit pref]
[    0.341032] pci_bus 0000:15: resource 0 [io  0x9000-0xcfff]
[    0.341036] pci_bus 0000:15: resource 1 [mem 0xe4300000-0xe7ffffff]
[    0.341040] pci_bus 0000:15: resource 2 [mem 0xe0000000-0xe3ffffff 64bit pref]
[    0.341043] pci_bus 0000:15: resource 4 [io  0x0000-0x0cf7 window]
[    0.341047] pci_bus 0000:15: resource 5 [io  0x0d00-0xffff window]
[    0.341051] pci_bus 0000:15: resource 6 [mem 0x000a0000-0x000bffff window]
[    0.341054] pci_bus 0000:15: resource 7 [mem 0x000d0000-0x000d3fff window]
[    0.341058] pci_bus 0000:15: resource 8 [mem 0x000d4000-0x000d7fff window]
[    0.341062] pci_bus 0000:15: resource 9 [mem 0x000d8000-0x000dbfff window]
[    0.341066] pci_bus 0000:15: resource 10 [mem 0xc0000000-0xfebfffff window]
[    0.341069] pci_bus 0000:15: resource 11 [mem 0xfed40000-0xfed40fff window]
[    0.341073] pci_bus 0000:16: resource 0 [io  0x9000-0x90ff]
[    0.341077] pci_bus 0000:16: resource 1 [io  0x9400-0x94ff]
[    0.341081] pci_bus 0000:16: resource 2 [mem 0xe0000000-0xe3ffffff pref]
[    0.341084] pci_bus 0000:16: resource 3 [mem 0xc4000000-0xc7ffffff]
[    0.341567] NET: Registered protocol family 2
[    0.343305] tcp_listen_portaddr_hash hash table entries: 512 (order: 2, 20480 bytes)
[    0.343449] TCP established hash table entries: 8192 (order: 3, 32768 bytes)
[    0.343602] TCP bind hash table entries: 8192 (order: 6, 294912 bytes)
[    0.345309] TCP: Hash tables configured (established 8192 bind 8192)
[    0.345733] UDP hash table entries: 512 (order: 3, 40960 bytes)
[    0.345893] UDP-Lite hash table entries: 512 (order: 3, 40960 bytes)
[    0.346188] NET: Registered protocol family 1
[    0.347356] RPC: Registered named UNIX socket transport module.
[    0.347443] RPC: Registered udp transport module.
[    0.347522] RPC: Registered tcp transport module.
[    0.347600] RPC: Registered tcp NFSv4.1 backchannel transport module.
[    0.348466] pci 0000:00:02.0: Video device with shadowed ROM at [mem 0x000c0000-0x000dffff]
[    0.352764] PCI: CLS mismatch (64 != 32), using 64 bytes
[    0.352891] PCI-DMA: Using software bounce buffering for IO (SWIOTLB)
[    0.352977] software IO TLB: mapped [mem 0x31d00000-0x35d00000] (64MB)
[    0.355670] Initialise system trusted keyrings
[    0.356149] workingset: timestamp_bits=30 max_order=20 bucket_order=0
[    0.358175] Installing knfsd (copyright (C) 1996 okir@monad.swb.de).
[    0.358674] ntfs: driver 2.1.32 [Flags: R/W].
[    0.358975] fuse init (API version 7.29)
[    0.367662] Key type asymmetric registered
[    0.367749] Asymmetric key parser 'x509' registered
[    0.367963] bounce: pool size: 64 pages
[    0.368161] Block layer SCSI generic (bsg) driver version 0.4 loaded (major 249)
[    0.368261] io scheduler mq-deadline registered
[    0.368384] io scheduler bfq registered
[    0.371805] intel_idle: does not run on family 6 model 14
[    0.372311] ACPI: Deprecated procfs I/F for AC is loaded, please retry with CONFIG_ACPI_PROCFS_POWER cleared
[    0.372588] ACPI: AC Adapter [AC] (on-line)
[    0.372974] input: Lid Switch as /devices/LNXSYSTM:00/LNXSYBUS:00/PNP0C0D:00/input/input0
[    0.373253] ACPI: Lid Switch [LID]
[    0.373530] input: Sleep Button as /devices/LNXSYSTM:00/LNXSYBUS:00/PNP0C0E:00/input/input1
[    0.373698] ACPI: Sleep Button [SLPB]
[    0.374006] input: Power Button as /devices/LNXSYSTM:00/LNXPWRBN:00/input/input2
[    0.374154] ACPI: Power Button [PWRF]
[    0.374667] ACPI: Video Device [VID] (multi-head: yes  rom: no  post: no)
[    0.382399] acpi device:01: registered as cooling_device0
[    0.382873] input: Video Bus as /devices/LNXSYSTM:00/LNXSYBUS:00/PNP0A08:00/LNXVIDEO:00/input/input3
[    0.399438] thermal LNXTHERM:00: registered as thermal_zone0
[    0.399528] ACPI: Thermal Zone [THM0] (63 C)
[    0.403405] thermal LNXTHERM:01: registered as thermal_zone1
[    0.403492] ACPI: Thermal Zone [THM1] (63 C)
[    0.404007] Serial: 8250/16550 driver, 4 ports, IRQ sharing disabled
[    0.404856] serial8250: ttyS1 at I/O 0x2f8 (irq = 3, base_baud = 921600) is a NS16550A
[    0.406932] lp: driver loaded but no devices found
[    0.407250] Non-volatile memory driver v1.3
[    0.407734] intel_rng: FWH not detected
[    0.407922] Linux agpgart interface v0.103
[    0.408835] [drm] radeon kernel modesetting enabled.
[    0.410834] pci 0000:00:00.0: Intel 945GM Chipset
[    0.410959] pci 0000:00:00.0: detected gtt size: 262144K total, 262144K mappable
[    0.411680] pci 0000:00:00.0: detected 8192K stolen memory
[    0.411983] i915 0000:00:02.0: vgaarb: deactivate vga console
[    0.413383] Console: switching to colour dummy device 80x25
[    0.415264] [drm] Supports vblank timestamp caching Rev 2 (21.10.2013).
[    0.415301] [drm] Driver supports precise vblank timestamp query.
[    0.415348] resource sanity check: requesting [mem 0x000c0000-0x000dffff], which spans more than pnp 00:00 [mem 0x000c8000-0x000cbfff]
[    0.415415] caller pci_map_rom+0x75/0x1d0 mapping multiple BARs
[    0.417144] i915 0000:00:02.0: vgaarb: changed VGA decodes: olddecodes=io+mem,decodes=io+mem:owns=io+mem
[    0.438448] battery: ACPI: Deprecated procfs I/F for battery is loaded, please retry with CONFIG_ACPI_PROCFS_POWER cleared
[    0.438534] battery: ACPI: Battery Slot [BAT0] (battery present)
[    0.472167] random: fast init done
[    0.505646] [drm] RC6 disabled, disabling runtime PM support
[    0.505929] [drm] Initialized overlay support.
[    0.507601] [drm] Initialized i915 1.6.0 20190404 for 0000:00:02.0 on minor 0
[    0.508669] usbcore: registered new interface driver udl
[    0.521925] loop: module loaded
[    0.530570] fbcon: i915drmfb (fb0) is primary device
[    0.547074] ahci 0000:00:1f.2: version 3.0
[    0.547843] ahci 0000:00:1f.2: AHCI 0001.0100 32 slots 4 ports 1.5 Gbps 0x1 impl SATA mode
[    0.547848] ahci 0000:00:1f.2: flags: 64bit ncq pm led clo pio slum part 
[    0.550282] scsi host0: ahci
[    0.550977] scsi host1: ahci
[    0.551611] scsi host2: ahci
[    0.552517] scsi host3: ahci
[    0.552888] ata1: SATA max UDMA/133 abar m1024@0xee444400 port 0xee444500 irq 16
[    0.552891] ata2: DUMMY
[    0.552893] ata3: DUMMY
[    0.552894] ata4: DUMMY
[    0.553077] ata_piix 0000:00:1f.1: version 2.13
[    0.556093] scsi host4: ata_piix
[    0.557445] scsi host5: ata_piix
[    0.557693] ata5: PATA max UDMA/100 cmd 0x1f0 ctl 0x3f6 bmdma 0x1810 irq 14
[    0.557695] ata6: PATA max UDMA/100 cmd 0x170 ctl 0x376 bmdma 0x1818 irq 15
[    0.558947] tun: Universal TUN/TAP device driver, 1.6
[    0.559200] ata6: port disabled--ignoring
[    0.561003] e1000e: Intel(R) PRO/1000 Network Driver - 3.2.6-k
[    0.561005] e1000e: Copyright(c) 1999 - 2015 Intel Corporation.
[    0.561120] e1000e 0000:02:00.0: Disabling ASPM  L1
[    0.561123] e1000e 0000:02:00.0: can't disable ASPM; OS doesn't have ASPM control
[    0.561570] e1000e 0000:02:00.0: Interrupt Throttling Rate (ints/sec) set to dynamic conservative mode
[    0.700991] e1000e 0000:02:00.0 eth0: (PCI Express:2.5GT/s:Width x1) 00:16:d3:25:19:04
[    0.700994] e1000e 0000:02:00.0 eth0: Intel(R) PRO/1000 Network Connection
[    0.701072] e1000e 0000:02:00.0 eth0: MAC: 2, PHY: 2, PBA No: 005302-003
[    0.701325] PPP generic driver version 2.4.2
[    0.701591] PPP BSD Compression module registered
[    0.701594] PPP Deflate Compression module registered
[    0.701597] SLIP: version 0.8.4-NET3.019-NEWTTY (dynamic channels, max=256).
[    0.701598] CSLIP: code copyright 1989 Regents of the University of California.
[    0.701693] iwl3945: Intel(R) PRO/Wireless 3945ABG/BG Network Connection driver for Linux, in-tree:ds
[    0.701695] iwl3945: Copyright(c) 2003-2011 Intel Corporation
[    0.701696] iwl3945: hw_scan is disabled
[    0.701904] iwl3945 0000:03:00.0: can't disable ASPM; OS doesn't have ASPM control
[    0.756815] iwl3945 0000:03:00.0: Tunable channels: 11 802.11bg, 13 802.11a channels
[    0.756818] iwl3945 0000:03:00.0: Detected Intel Wireless WiFi Link 3945ABG
[    0.757708] ieee80211 phy0: Selected rate control algorithm 'iwl-3945-rs'
[    0.758637] Intel(R) Wireless WiFi driver for Linux
[    0.758638] Copyright(c) 2003- 2015 Intel Corporation
[    0.758897] usbcore: registered new interface driver ax88179_178a
[    0.758939] usbcore: registered new interface driver cdc_ether
[    0.758981] usbcore: registered new interface driver net1080
[    0.759024] usbcore: registered new interface driver cdc_subset
[    0.759065] usbcore: registered new interface driver zaurus
[    0.759123] usbcore: registered new interface driver cdc_ncm
[    0.759206] pci 0000:00:1e.0: enabling device (0005 -> 0007)
[    0.759452] yenta_cardbus 0000:15:00.0: CardBus bridge found [17aa:201c]
[    0.868198] ata1: SATA link up 1.5 Gbps (SStatus 113 SControl 300)
[    0.914529] ata1.00: ACPI cmd ef/02:00:00:00:00:a0 (SET FEATURES) succeeded
[    0.914533] ata1.00: ACPI cmd f5/00:00:00:00:00:a0 (SECURITY FREEZE LOCK) filtered out
[    0.914537] ata1.00: ACPI cmd ef/10:03:00:00:00:a0 (SET FEATURES) filtered out
[    0.958508] ata1.00: ATA-9: ST1000LM014-1EJ164, SM11, max UDMA/133
[    0.958511] ata1.00: 1953525168 sectors, multi 16: LBA48 NCQ (depth 32), AA
[    1.003225] ata1.00: ACPI cmd ef/02:00:00:00:00:a0 (SET FEATURES) succeeded
[    1.003229] ata1.00: ACPI cmd f5/00:00:00:00:00:a0 (SECURITY FREEZE LOCK) filtered out
[    1.003233] ata1.00: ACPI cmd ef/10:03:00:00:00:a0 (SET FEATURES) filtered out
[    1.047267] ata1.00: configured for UDMA/133
[    1.231389] Console: switching to colour frame buffer device 102x42
[    1.352857] i915 0000:00:02.0: fb0: i915drmfb frame buffer device
[    1.356316] scsi 0:0:0:0: Direct-Access     ATA      ST1000LM014-1EJ1 SM11 PQ: 0 ANSI: 5
[    1.359940] sd 0:0:0:0: Attached scsi generic sg0 type 0
[    1.360003] sd 0:0:0:0: [sda] 1953525168 512-byte logical blocks: (1.00 TB/932 GiB)
[    1.365132] sd 0:0:0:0: [sda] 4096-byte physical blocks
[    1.367772] sd 0:0:0:0: [sda] Write Protect is off
[    1.370315] sd 0:0:0:0: [sda] Mode Sense: 00 3a 00 00
[    1.370437] sd 0:0:0:0: [sda] Write cache: enabled, read cache: enabled, doesn't support DPO or FUA
[    1.389674]  sda: sda1 sda2 sda3 sda4
[    1.394930] sd 0:0:0:0: [sda] Attached SCSI disk
[    1.536970] yenta_cardbus 0000:15:00.0: ISA IRQ mask 0x0cb8, PCI irq 16
[    1.539597] yenta_cardbus 0000:15:00.0: Socket status: 30000006
[    1.542216] yenta_cardbus 0000:15:00.0: pcmcia: parent PCI bridge window: [io  0x9000-0xcfff]
[    1.544805] yenta_cardbus 0000:15:00.0: pcmcia: parent PCI bridge window: [mem 0xe4300000-0xe7ffffff]
[    1.547316] pcmcia_socket pcmcia_socket0: cs: memory probe 0xe4300000-0xe7ffffff:
[    1.549880]  excluding 0xe4300000-0xe46cffff
[    1.552442] yenta_cardbus 0000:15:00.0: pcmcia: parent PCI bridge window: [mem 0xe0000000-0xe3ffffff 64bit pref]
[    1.555099] pcmcia_socket pcmcia_socket0: cs: memory probe 0xe0000000-0xe3ffffff:
[    1.557834]  excluding 0xe0000000-0xe3ffffff
[    1.561490] ehci_hcd: USB 2.0 'Enhanced' Host Controller (EHCI) Driver
[    1.564197] ehci-pci: EHCI PCI platform driver
[    1.567374] ehci-pci 0000:00:1d.7: EHCI Host Controller
[    1.570395] ehci-pci 0000:00:1d.7: new USB bus registered, assigned bus number 1
[    1.573260] ehci-pci 0000:00:1d.7: debug port 1
[    1.580044] ehci-pci 0000:00:1d.7: cache line size of 64 is not supported
[    1.580113] ehci-pci 0000:00:1d.7: irq 19, io mem 0xee444000
[    1.596269] ehci-pci 0000:00:1d.7: USB 2.0 started, EHCI 1.00
[    1.599694] usb usb1: New USB device found, idVendor=1d6b, idProduct=0002, bcdDevice= 5.01
[    1.602687] usb usb1: New USB device strings: Mfr=3, Product=2, SerialNumber=1
[    1.605641] usb usb1: Product: EHCI Host Controller
[    1.608543] usb usb1: Manufacturer: Linux 5.1.0-rc4-next-20190410 ehci_hcd
[    1.611440] usb usb1: SerialNumber: 0000:00:1d.7
[    1.615046] hub 1-0:1.0: USB hub found
[    1.618015] hub 1-0:1.0: 8 ports detected
[    1.622874] ohci_hcd: USB 1.1 'Open' Host Controller (OHCI) Driver
[    1.625679] ohci-pci: OHCI PCI platform driver
[    1.628520] uhci_hcd: USB Universal Host Controller Interface driver
[    1.631811] uhci_hcd 0000:00:1d.0: UHCI Host Controller
[    1.634859] uhci_hcd 0000:00:1d.0: new USB bus registered, assigned bus number 2
[    1.637706] uhci_hcd 0000:00:1d.0: detected 2 ports
[    1.640472] uhci_hcd 0000:00:1d.0: irq 16, io base 0x00001820
[    1.643630] usb usb2: New USB device found, idVendor=1d6b, idProduct=0001, bcdDevice= 5.01
[    1.646420] usb usb2: New USB device strings: Mfr=3, Product=2, SerialNumber=1
[    1.649194] usb usb2: Product: UHCI Host Controller
[    1.651912] usb usb2: Manufacturer: Linux 5.1.0-rc4-next-20190410 uhci_hcd
[    1.654659] usb usb2: SerialNumber: 0000:00:1d.0
[    1.657899] hub 2-0:1.0: USB hub found
[    1.660653] hub 2-0:1.0: 2 ports detected
[    1.664366] uhci_hcd 0000:00:1d.1: UHCI Host Controller
[    1.667219] uhci_hcd 0000:00:1d.1: new USB bus registered, assigned bus number 3
[    1.669885] uhci_hcd 0000:00:1d.1: detected 2 ports
[    1.672526] uhci_hcd 0000:00:1d.1: irq 17, io base 0x00001840
[    1.675485] usb usb3: New USB device found, idVendor=1d6b, idProduct=0001, bcdDevice= 5.01
[    1.678135] usb usb3: New USB device strings: Mfr=3, Product=2, SerialNumber=1
[    1.680695] usb usb3: Product: UHCI Host Controller
[    1.683110] usb usb3: Manufacturer: Linux 5.1.0-rc4-next-20190410 uhci_hcd
[    1.685554] usb usb3: SerialNumber: 0000:00:1d.1
[    1.688558] hub 3-0:1.0: USB hub found
[    1.691002] hub 3-0:1.0: 2 ports detected
[    1.694548] uhci_hcd 0000:00:1d.2: UHCI Host Controller
[    1.697151] uhci_hcd 0000:00:1d.2: new USB bus registered, assigned bus number 4
[    1.699527] uhci_hcd 0000:00:1d.2: detected 2 ports
[    1.701938] uhci_hcd 0000:00:1d.2: irq 18, io base 0x00001860
[    1.704751] usb usb4: New USB device found, idVendor=1d6b, idProduct=0001, bcdDevice= 5.01
[    1.707173] usb usb4: New USB device strings: Mfr=3, Product=2, SerialNumber=1
[    1.709595] usb usb4: Product: UHCI Host Controller
[    1.711940] usb usb4: Manufacturer: Linux 5.1.0-rc4-next-20190410 uhci_hcd
[    1.714365] usb usb4: SerialNumber: 0000:00:1d.2
[    1.717347] hub 4-0:1.0: USB hub found
[    1.719773] hub 4-0:1.0: 2 ports detected
[    1.723280] uhci_hcd 0000:00:1d.3: UHCI Host Controller
[    1.725931] uhci_hcd 0000:00:1d.3: new USB bus registered, assigned bus number 5
[    1.728333] uhci_hcd 0000:00:1d.3: detected 2 ports
[    1.730694] uhci_hcd 0000:00:1d.3: irq 19, io base 0x00001880
[    1.733427] usb usb5: New USB device found, idVendor=1d6b, idProduct=0001, bcdDevice= 5.01
[    1.735830] usb usb5: New USB device strings: Mfr=3, Product=2, SerialNumber=1
[    1.738238] usb usb5: Product: UHCI Host Controller
[    1.740646] usb usb5: Manufacturer: Linux 5.1.0-rc4-next-20190410 uhci_hcd
[    1.743020] usb usb5: SerialNumber: 0000:00:1d.3
[    1.745962] hub 5-0:1.0: USB hub found
[    1.748383] hub 5-0:1.0: 2 ports detected
[    1.751587] usbcore: registered new interface driver cdc_acm
[    1.753859] cdc_acm: USB Abstract Control Model driver for USB modems and ISDN adapters
[    1.756290] usbcore: registered new interface driver usblp
[    1.758734] usbcore: registered new interface driver usb-storage
[    1.761120] usbcore: registered new interface driver ums-sddr09
[    1.763544] usbcore: registered new interface driver usbserial_generic
[    1.765900] usbserial: USB Serial support registered for generic
[    1.768257] usbcore: registered new interface driver ch341
[    1.770529] usbserial: USB Serial support registered for ch341-uart
[    1.772847] usbcore: registered new interface driver ftdi_sio
[    1.775116] usbserial: USB Serial support registered for FTDI USB Serial Device
[    1.777525] usbcore: registered new interface driver option
[    1.779836] usbserial: USB Serial support registered for GSM modem (1-port)
[    1.782321] usbcore: registered new interface driver pl2303
[    1.784735] usbserial: USB Serial support registered for pl2303
[    1.787175] usbcore: registered new interface driver ti_usb_3410_5052
[    1.789621] usbserial: USB Serial support registered for TI USB 3410 1 port adapter
[    1.792122] usbserial: USB Serial support registered for TI USB 5052 2 port adapter
[    1.794849] ftdi_elan: driver ftdi-elan
[    1.797261] usbcore: registered new interface driver ftdi-elan
[    1.799811] i8042: PNP: PS/2 Controller [PNP0303:KBD,PNP0f13:MOU] at 0x60,0x64 irq 1,12
[    1.811939] serio: i8042 KBD port at 0x60,0x64 irq 1
[    1.814406] serio: i8042 AUX port at 0x60,0x64 irq 12
[    1.817612] mousedev: PS/2 mouse device common for all mice
[    1.821108] input: PC Speaker as /devices/platform/pcspkr/input/input4
[    1.824200] rtc_cmos 00:02: RTC can wake from S4
[    1.827245] rtc_cmos 00:02: registered as rtc0
[    1.829830] rtc_cmos 00:02: alarms up to one month, y3k, 114 bytes nvram, hpet irqs
[    1.829959] input: AT Translated Set 2 keyboard as /devices/platform/i8042/serio0/input/input5
[    1.832495] usbcore: registered new interface driver uvcvideo
[    1.837490] USB Video Class driver (1.1.1)
[    1.839955] gspca_main: v2.14.0 registered
[    1.842487] usbcore: registered new interface driver sq930x
[    1.847454] device-mapper: ioctl: 4.40.0-ioctl (2019-01-18) initialised: dm-devel@redhat.com
[    1.850057] Bluetooth: HCI UART driver ver 2.3
[    1.852612] Bluetooth: HCI UART protocol H4 registered
[    1.855156] Bluetooth: HCI UART protocol BCSP registered
[    1.857795] usbcore: registered new interface driver btusb
[    1.860323] intel_pstate: CPU model not supported
[    1.862847] sdhci: Secure Digital Host Controller Interface driver
[    1.865381] sdhci: Copyright(c) Pierre Ossman
[    1.867969] sdhci-pci 0000:15:00.2: SDHCI controller found [1180:0822] (rev 18)
[    1.870997] sdhci-pci 0000:15:00.2: Will use DMA mode even though HW doesn't fully claim to support it.
[    1.874210] mmc0 bounce up to 128 segments into one, max segment size 65536 bytes
[    1.876969] sdhci-pci 0000:15:00.2: Will use DMA mode even though HW doesn't fully claim to support it.
[    1.880290] mmc0: SDHCI controller on PCI [0000:15:00.2] using DMA
[    1.883303] hidraw: raw HID events driver (C) Jiri Kosina
[    1.887409] usbcore: registered new interface driver usbhid
[    1.890213] usbhid: USB HID core driver
[    1.893897] thinkpad_acpi: ThinkPad ACPI Extras v0.26
[    1.896622] thinkpad_acpi: http://ibm-acpi.sf.net/
[    1.899292] thinkpad_acpi: ThinkPad BIOS 7BETD8WW (2.19 ), EC 7BHT40WW-1.13
[    1.902029] thinkpad_acpi: Lenovo ThinkPad X60, model 17097HU
[    1.910537] thinkpad_acpi: ACPI backlight control delay disabled
[    1.914098] thinkpad_acpi: radio switch found; radios are enabled
[    1.916839] thinkpad_acpi: This ThinkPad has standard ACPI backlight brightness control, supported by the ACPI video driver
[    1.922321] thinkpad_acpi: Disabling thinkpad-acpi brightness events by default...
[    1.936374] thinkpad_acpi: rfkill switch tpacpi_bluetooth_sw: radio is unblocked
[    1.942095] thinkpad_acpi: warning: userspace override of important firmware LEDs is enabled
[    1.950867] thinkpad_acpi: Standard ACPI backlight interface available, not loading native one
[    1.953797] thinkpad_acpi: volume: disabled as there is no ALSA support in this kernel
[    1.957700] thinkpad_acpi: battery 1 registered (start 0, stop 0)
[    1.957708] battery: new extension: ThinkPad Battery Extension
[    1.963741] input: ThinkPad Extra Buttons as /devices/platform/thinkpad_acpi/input/input8
[    1.972567] sdhci-pci 0000:15:00.2: Will use DMA mode even though HW doesn't fully claim to support it.
[    1.972613] snd_hda_intel 0000:00:1b.0: probe_mask set to 0x1 for device 17aa:2010
[    1.978850] usbcore: registered new interface driver snd-usb-audio
[    1.984012] NET: Registered protocol family 17
[    1.987492] Bluetooth: RFCOMM TTY layer initialized
[    1.990487] Bluetooth: RFCOMM socket layer initialized
[    1.993446] Bluetooth: RFCOMM ver 1.11
[    1.996341] Bluetooth: BNEP (Ethernet Emulation) ver 1.3
[    1.999260] Bluetooth: BNEP filters: protocol multicast
[    2.002170] Bluetooth: BNEP socket layer initialized
[    2.005149] Bluetooth: HIDP (Human Interface Emulation) ver 1.2
[    2.008128] Bluetooth: HIDP socket layer initialized
[    2.011304] microcode: sig=0x6e8, pf=0x20, revision=0x39
[    2.014394] microcode: Microcode Update Driver: v2.2.
[    2.014399] Using IPI No-Shortcut mode
[    2.020859] Loading compiled-in X.509 certificates
[    2.024670] Key type encrypted registered
[    2.033497] snd_hda_codec_analog hdaudioC0D0: autoconfig for AD1981: line_outs=1 (0x5/0x0/0x0/0x0/0x0) type:speaker
[    2.038985] snd_hda_codec_analog hdaudioC0D0:    speaker_outs=0 (0x0/0x0/0x0/0x0/0x0)
[    2.041915] snd_hda_codec_analog hdaudioC0D0:    hp_outs=0 (0x0/0x0/0x0/0x0/0x0)
[    2.044827] snd_hda_codec_analog hdaudioC0D0:    mono: mono_out=0x0
[    2.047716] snd_hda_codec_analog hdaudioC0D0:    inputs:
[    2.050549] snd_hda_codec_analog hdaudioC0D0:      Mic=0x8
[    2.053545] snd_hda_codec_analog hdaudioC0D0:      CD=0x19
[    2.053588] sdhci-pci 0000:15:00.2: Will use DMA mode even though HW doesn't fully claim to support it.
[    2.065839] rtc_cmos 00:02: setting system clock to 2019-04-10T09:31:17 UTC (1554888677)
[    2.071942] cfg80211: Loading compiled-in X.509 certificates for regulatory database
[    2.077543] cfg80211: Loaded X.509 cert 'sforshee: 00b28ddf47aef9cea7'
[    2.081175] platform regulatory.0: Direct firmware load for regulatory.db failed with error -2
[    2.081432] PM: Image not found (code -22)
[    2.084851] ALSA device list:
[    2.084854] cfg80211: failed to load regulatory.db
[    2.088362]   #0: HDA Intel at 0xee240000 irq 17
[    2.139079] sdhci-pci 0000:15:00.2: Will use DMA mode even though HW doesn't fully claim to support it.
[    2.216540] sdhci-pci 0000:15:00.2: Will use DMA mode even though HW doesn't fully claim to support it.
[    2.248190] usb 5-1: new full-speed USB device number 2 using uhci_hcd
[    2.437320] usb 5-1: New USB device found, idVendor=0a5c, idProduct=2110, bcdDevice= 1.00
[    2.442045] usb 5-1: New USB device strings: Mfr=1, Product=2, SerialNumber=0
[    2.446614] usb 5-1: Product: BCM2045B
[    2.451023] usb 5-1: Manufacturer: Broadcom Corp
[    2.533144] psmouse serio1: trackpoint: IBM TrackPoint firmware: 0x0e, buttons: 3/3
[    2.555051] input: TPPS/2 IBM TrackPoint as /devices/platform/i8042/serio1/input/input7
[    2.563979] md: Waiting for all devices to be available before autodetect
[    2.567536] md: If you don't use raid, use raid=noautodetect
[    2.571954] md: Autodetecting RAID arrays.
[    2.574707] md: autorun ...
[    2.577396] md: ... autorun DONE.
[    2.664891] EXT4-fs (sda4): mounted filesystem with ordered data mode. Opts: (null)
[    2.669867] VFS: Mounted root (ext4 filesystem) readonly on device 8:4.
[    2.678911] devtmpfs: mounted
[    2.683405] Freeing unused kernel image memory: 648K
[    2.687317] Write protecting kernel text and read-only data: 17352k
[    2.691044] NX-protecting the kernel data: 7952k
[    2.695902] x86/mm: Checked W+X mappings: passed, no W+X pages found.
[    2.698690] rodata_test: all tests were successful
[    2.701440] x86/mm: Checking user space page tables
[    2.704165] x86/mm: Checked W+X mappings: passed, no W+X pages found.
[    2.706844] Run /sbin/init as init process
[    3.047204] random: systemd: uninitialized urandom read (16 bytes read)
[    3.052728] systemd[1]: systemd 215 running in system mode. (+PAM +AUDIT +SELINUX +IMA +SYSVINIT +LIBCRYPTSETUP +GCRYPT +ACL +XZ -SECCOMP -APPARMOR)
[    3.080428] systemd[1]: Detected architecture 'x86'.
[    3.136167] usb 5-2: new full-speed USB device number 3 using uhci_hcd
[    3.187194] systemd[1]: Failed to insert module 'ipv6'
[    3.201926] systemd[1]: Set hostname to <amd>.
[    3.257296] random: systemd-sysv-ge: uninitialized urandom read (16 bytes read)
[    3.334309] usb 5-2: New USB device found, idVendor=0483, idProduct=2016, bcdDevice= 0.01
[    3.339354] usb 5-2: New USB device strings: Mfr=1, Product=2, SerialNumber=0
[    3.344459] usb 5-2: Product: Biometric Coprocessor
[    3.349385] usb 5-2: Manufacturer: STMicroelectronics
[    3.809211] random: systemd-sysv-ge: uninitialized urandom read (16 bytes read)
[    4.254102] systemd[1]: Binding to IPv6 address not available since kernel does not support IPv6.
[    4.257987] systemd[1]: [/lib/systemd/system/gpsd.socket:6] Failed to parse address value, ignoring: [::1]:2947
[    4.279087] systemd[1]: Starting Forward Password Requests to Wall Directory Watch.
[    4.284981] systemd[1]: Started Forward Password Requests to Wall Directory Watch.
[    4.287894] systemd[1]: Starting Remote File Systems (Pre).
[    4.296998] systemd[1]: Reached target Remote File Systems (Pre).
[    4.782148] systemd-udevd[1977]: starting version 215
[    5.848129] random: crng init done
[    5.850297] random: 7 urandom warning(s) missed due to ratelimiting
[    6.104870] EXT4-fs (sda4): re-mounted. Opts: errors=remount-ro
[    6.300149] e1000e 0000:02:00.0 eth1: renamed from eth0
[    6.326834] systemd-udevd[2441]: renamed network interface eth0 to eth1
[    7.715938] Adding 2097148k swap on /dev/sda1.  Priority:-2 extents:1 across:2097148k 
[    8.240849] EXT4-fs (sda2): mounted filesystem with ordered data mode. Opts: errors=remount-ro
[    8.380429] systemd-journald[2066]: Received request to flush runtime journal from PID 1
[   16.386976] iwl3945 0000:03:00.0: loaded firmware version 15.32.2.9
[   26.408087] wlan0: authenticate with 5c:f4:ab:10:d2:bb
[   26.408496] wlan0: send auth to 5c:f4:ab:10:d2:bb (try 1/3)
[   26.410438] wlan0: authenticated
[   26.412418] wlan0: associate with 5c:f4:ab:10:d2:bb (try 1/3)
[   26.415192] wlan0: RX AssocResp from 5c:f4:ab:10:d2:bb (capab=0x411 status=0 aid=1)
[   26.418763] wlan0: associated
