[    0.000000] Linux version 5.7.0-rc5-next-20200515+ (pavel@pollux.denx.de) (gcc (GCC) 9.2.1 20190827 (Red Hat 9.2.1-1), GNU ld version 2.32-31.fc31) #117 SMP PREEMPT Sat May 23 23:12:14 CEST 2020
[    0.000000] Disabled fast string operations
[    0.000000] x86/fpu: x87 FPU will use FXSAVE
[    0.000000] BIOS-provided physical RAM map:
[    0.000000] BIOS-e820: [mem 0x0000000000000000-0x000000000009efff] usable
[    0.000000] BIOS-e820: [mem 0x000000000009f000-0x000000000009ffff] reserved
[    0.000000] BIOS-e820: [mem 0x00000000000dc000-0x00000000000fffff] reserved
[    0.000000] BIOS-e820: [mem 0x0000000000100000-0x00000000bf6cffff] usable
[    0.000000] BIOS-e820: [mem 0x00000000bf6d0000-0x00000000bf6defff] ACPI data
[    0.000000] BIOS-e820: [mem 0x00000000bf6df000-0x00000000bf6fffff] ACPI NVS
[    0.000000] BIOS-e820: [mem 0x00000000bf700000-0x00000000bfffffff] reserved
[    0.000000] BIOS-e820: [mem 0x00000000f0000000-0x00000000f3ffffff] reserved
[    0.000000] BIOS-e820: [mem 0x00000000fec00000-0x00000000fec0ffff] reserved
[    0.000000] BIOS-e820: [mem 0x00000000fed00000-0x00000000fed003ff] reserved
[    0.000000] BIOS-e820: [mem 0x00000000fed14000-0x00000000fed19fff] reserved
[    0.000000] BIOS-e820: [mem 0x00000000fed1c000-0x00000000fed8ffff] reserved
[    0.000000] BIOS-e820: [mem 0x00000000fee00000-0x00000000fee00fff] reserved
[    0.000000] BIOS-e820: [mem 0x00000000ff800000-0x00000000ffffffff] reserved
[    0.000000] NX (Execute Disable) protection: active
[    0.000000] SMBIOS 2.4 present.
[    0.000000] DMI: LENOVO 17097HU/17097HU, BIOS 7BETD8WW (2.19 ) 03/31/2011
[    0.000000] tsc: Fast TSC calibration failed
[    0.000000] e820: update [mem 0x00000000-0x00000fff] usable ==> reserved
[    0.000000] e820: remove [mem 0x000a0000-0x000fffff] usable
[    0.000000] last_pfn = 0xbf6d0 max_arch_pfn = 0x1000000
[    0.000000] MTRR default type: uncachable
[    0.000000] MTRR fixed ranges enabled:
[    0.000000]   00000-9FFFF write-back
[    0.000000]   A0000-BFFFF uncachable
[    0.000000]   C0000-CFFFF write-protect
[    0.000000]   D0000-DBFFF uncachable
[    0.000000]   DC000-DFFFF write-back
[    0.000000]   E0000-FFFFF write-protect
[    0.000000] MTRR variable ranges enabled:
[    0.000000]   0 base 000000000 mask F80000000 write-back
[    0.000000]   1 base 080000000 mask FC0000000 write-back
[    0.000000]   2 base 0BF700000 mask FFFF00000 uncachable
[    0.000000]   3 base 0BF800000 mask FFF800000 uncachable
[    0.000000]   4 disabled
[    0.000000]   5 disabled
[    0.000000]   6 disabled
[    0.000000]   7 disabled
[    0.000000] x86/PAT: PAT not supported by the CPU.
[    0.000000] x86/PAT: Configuration [0-7]: WB  WT  UC- UC  WB  WT  UC- UC  
[    0.000000] initial memory mapped: [mem 0x00000000-0x05bfffff]
[    0.000000] BRK [0x056f5000, 0x056f5fff] PGTABLE
[    0.000000] BRK [0x056f6000, 0x056f6fff] PGTABLE
[    0.000000] ACPI: Early table checksum verification disabled
[    0.000000] ACPI: RSDP 0x00000000000F67C0 000024 (v02 LENOVO)
[    0.000000] ACPI: XSDT 0x00000000BF6D191C 000084 (v01 LENOVO TP-7B    00002190  LTP 00000000)
[    0.000000] ACPI: FACP 0x00000000BF6D1A00 0000F4 (v03 LENOVO TP-7B    00002190 LNVO 00000001)
[    0.000000] ACPI BIOS Warning (bug): 32/64X length mismatch in FADT/Gpe0Block: 64/32 (20200430/tbfadt-564)
[    0.000000] ACPI BIOS Warning (bug): Optional FADT field Gpe1Block has valid Address but zero Length: 0x000000000000102C/0x0 (20200430/tbfadt-615)
[    0.000000] ACPI: DSDT 0x00000000BF6D1D90 00CFB9 (v01 LENOVO TP-7B    00002190 MSFT 0100000E)
[    0.000000] ACPI: FACS 0x00000000BF6F4000 000040
[    0.000000] ACPI: FACS 0x00000000BF6F4000 000040
[    0.000000] ACPI: SSDT 0x00000000BF6D1BB4 0001DC (v01 LENOVO TP-7B    00002190 MSFT 0100000E)
[    0.000000] ACPI: ECDT 0x00000000BF6DED49 000052 (v01 LENOVO TP-7B    00002190 LNVO 00000001)
[    0.000000] ACPI: TCPA 0x00000000BF6DED9B 000032 (v02 LENOVO TP-7B    00002190 LNVO 00000001)
[    0.000000] ACPI: APIC 0x00000000BF6DEDCD 000068 (v01 LENOVO TP-7B    00002190 LNVO 00000001)
[    0.000000] ACPI: MCFG 0x00000000BF6DEE35 00003C (v01 LENOVO TP-7B    00002190 LNVO 00000001)
[    0.000000] ACPI: HPET 0x00000000BF6DEE71 000038 (v01 LENOVO TP-7B    00002190 LNVO 00000001)
[    0.000000] ACPI: BOOT 0x00000000BF6DEFD8 000028 (v01 LENOVO TP-7B    00002190  LTP 00000001)
[    0.000000] ACPI: SSDT 0x00000000BF6F2645 00025F (v01 LENOVO TP-7B    00002190 INTL 20050513)
[    0.000000] ACPI: SSDT 0x00000000BF6F28A4 0000A6 (v01 LENOVO TP-7B    00002190 INTL 20050513)
[    0.000000] ACPI: SSDT 0x00000000BF6F294A 0004F7 (v01 LENOVO TP-7B    00002190 INTL 20050513)
[    0.000000] ACPI: SSDT 0x00000000BF6F2E41 0001D8 (v01 LENOVO TP-7B    00002190 INTL 20050513)
[    0.000000] ACPI: Local APIC address 0xfee00000
[    0.000000] 2176MB HIGHMEM available.
[    0.000000] 885MB LOWMEM available.
[    0.000000]   mapped low ram: 0 - 375fe000
[    0.000000]   low ram: 0 - 375fe000
[    0.000000] BRK [0x056f7000, 0x056f7fff] PGTABLE
[    0.000000] Zone ranges:
[    0.000000]   DMA      [mem 0x0000000000001000-0x0000000000ffffff]
[    0.000000]   Normal   [mem 0x0000000001000000-0x00000000375fdfff]
[    0.000000]   HighMem  [mem 0x00000000375fe000-0x00000000bf6cffff]
[    0.000000] Movable zone start for each node
[    0.000000] Early memory node ranges
[    0.000000]   node   0: [mem 0x0000000000001000-0x000000000009efff]
[    0.000000]   node   0: [mem 0x0000000000100000-0x00000000bf6cffff]
[    0.000000] Initmem setup node 0 [mem 0x0000000000001000-0x00000000bf6cffff]
[    0.000000] On node 0 totalpages: 783982
[    0.000000]   DMA zone: 32 pages used for memmap
[    0.000000]   DMA zone: 0 pages reserved
[    0.000000]   DMA zone: 3998 pages, LIFO batch:0
[    0.000000]   Normal zone: 1740 pages used for memmap
[    0.000000]   Normal zone: 222718 pages, LIFO batch:63
[    0.000000]   HighMem zone: 557266 pages, LIFO batch:63
[    0.000000] Using APIC driver default
[    0.000000] Reserving Intel graphics memory at [mem 0xbf800000-0xbfffffff]
[    0.000000] ACPI: PM-Timer IO Port: 0x1008
[    0.000000] ACPI: Local APIC address 0xfee00000
[    0.000000] ACPI: LAPIC_NMI (acpi_id[0x00] high edge lint[0x1])
[    0.000000] ACPI: LAPIC_NMI (acpi_id[0x01] high edge lint[0x1])
[    0.000000] IOAPIC[0]: apic_id 1, version 32, address 0xfec00000, GSI 0-23
[    0.000000] ACPI: INT_SRC_OVR (bus 0 bus_irq 0 global_irq 2 dfl dfl)
[    0.000000] ACPI: INT_SRC_OVR (bus 0 bus_irq 9 global_irq 9 high level)
[    0.000000] ACPI: IRQ0 used by override.
[    0.000000] ACPI: IRQ9 used by override.
[    0.000000] Using ACPI (MADT) for SMP configuration information
[    0.000000] ACPI: HPET id: 0x8086a201 base: 0xfed00000
[    0.000000] smpboot: Allowing 2 CPUs, 0 hotplug CPUs
[    0.000000] PM: hibernation: Registered nosave memory: [mem 0x00000000-0x00000fff]
[    0.000000] PM: hibernation: Registered nosave memory: [mem 0x0009f000-0x0009ffff]
[    0.000000] PM: hibernation: Registered nosave memory: [mem 0x000a0000-0x000dbfff]
[    0.000000] PM: hibernation: Registered nosave memory: [mem 0x000dc000-0x000fffff]
[    0.000000] [mem 0xc0000000-0xefffffff] available for PCI devices
[    0.000000] clocksource: refined-jiffies: mask: 0xffffffff max_cycles: 0xffffffff, max_idle_ns: 7645519600211568 ns
[    0.000000] setup_percpu: NR_CPUS:8 nr_cpumask_bits:8 nr_cpu_ids:2 nr_node_ids:1
[    0.000000] percpu: Embedded 39 pages/cpu s127980 r0 d31764 u159744
[    0.000000] pcpu-alloc: s127980 r0 d31764 u159744 alloc=39*4096
[    0.000000] pcpu-alloc: [0] 0 [0] 1 
[    0.000000] Built 1 zonelists, mobility grouping on.  Total pages: 782210
[    0.000000] Kernel command line: BOOT_IMAGE=(hd0,2)/fast/l/linux-next-32/arch/x86/boot/bzImage resume=/dev/sda1 console=tty0 console=ttyUSB0 root=/dev/sda4
[    0.000000] Dentry cache hash table entries: 131072 (order: 7, 524288 bytes, linear)
[    0.000000] Inode-cache hash table entries: 65536 (order: 6, 262144 bytes, linear)
[    0.000000] mem auto-init: stack:off, heap alloc:off, heap free:off
[    0.000000] Initializing HighMem for node 0 (000375fe:000bf6d0)
[    0.000000] Initializing Movable for node 0 (00000000:00000000)
[    0.000000] Memory: 3020800K/3135928K available (13345K kernel code, 704K rwdata, 5356K rodata, 668K init, 3048K bss, 115128K reserved, 0K cma-reserved, 2229064K highmem)
[    0.000000] Checking if this processor honours the WP bit even in supervisor mode...Ok.
[    0.000000] random: get_random_u32 called from cache_alloc_refill+0x627/0xb00 with crng_init=0
[    0.000000] Kernel/User page tables isolation: enabled
[    0.000000] rcu: Preemptible hierarchical RCU implementation.
[    0.000000] rcu: 	RCU restricting CPUs from NR_CPUS=8 to nr_cpu_ids=2.
[    0.000000] 	Trampoline variant of Tasks RCU enabled.
[    0.000000] rcu: RCU calculated value of scheduler-enlistment delay is 25 jiffies.
[    0.000000] rcu: Adjusting geometry for rcu_fanout_leaf=16, nr_cpu_ids=2
[    0.000000] NR_IRQS: 2304, nr_irqs: 56, preallocated irqs: 16
[    0.000000] Console: colour VGA+ 80x25
[    0.000000] printk: console [tty0] enabled
[    0.000000] Lock dependency validator: Copyright (c) 2006 Red Hat, Inc., Ingo Molnar
[    0.000000] ... MAX_LOCKDEP_SUBCLASSES:  8
[    0.000000] ... MAX_LOCK_DEPTH:          48
[    0.000000] ... MAX_LOCKDEP_KEYS:        8192
[    0.000000] ... CLASSHASH_SIZE:          4096
[    0.000000] ... MAX_LOCKDEP_ENTRIES:     32768
[    0.000000] ... MAX_LOCKDEP_CHAINS:      65536
[    0.000000] ... CHAINHASH_SIZE:          32768
[    0.000000]  memory used by lock dependency info: 1829 kB
[    0.000000]  per task-struct memory footprint: 1344 bytes
[    0.000000] ACPI: Core revision 20200430
[    0.000000] clocksource: hpet: mask: 0xffffffff max_cycles: 0xffffffff, max_idle_ns: 133484882848 ns
[    0.000000] APIC: Switch to symmetric I/O mode setup
[    0.000000] Enabling APIC mode:  Flat.  Using 1 I/O APICs
[    0.000000] ..TIMER: vector=0x30 apic1=0 pin1=2 apic2=-1 pin2=-1
[    0.024000] tsc: PIT calibration matches HPET. 1 loops
[    0.024000] tsc: Detected 1828.748 MHz processor
[    0.000003] clocksource: tsc-early: mask: 0xffffffffffffffff max_cycles: 0x1a5c3ede948, max_idle_ns: 440795293562 ns
[    0.000100] Calibrating delay loop (skipped), value calculated using timer frequency.. 3657.49 BogoMIPS (lpj=7314992)
[    0.000192] pid_max: default: 32768 minimum: 301
[    0.000522] Mount-cache hash table entries: 2048 (order: 1, 8192 bytes, linear)
[    0.000621] Mountpoint-cache hash table entries: 2048 (order: 1, 8192 bytes, linear)
[    0.001531] Disabled fast string operations
[    0.001622] process: using mwait in idle threads
[    0.001709] Last level iTLB entries: 4KB 128, 2MB 0, 4MB 2
[    0.001791] Last level dTLB entries: 4KB 128, 2MB 0, 4MB 8, 1GB 0
[    0.001877] Spectre V1 : Mitigation: usercopy/swapgs barriers and __user pointer sanitization
[    0.004106] Spectre V2 : Mitigation: Full generic retpoline
[    0.004188] Spectre V2 : Spectre v2 / SpectreRSB mitigation: Filling RSB on context switch
[    0.004285] L1TF: System has more than MAX_PA/2 memory. L1TF mitigation not effective.
[    0.004380] L1TF: You may make it effective by booting the kernel with mem=2147483648 parameter.
[    0.004492] L1TF: However, doing so will make a part of your RAM unusable.
[    0.004582] L1TF: Reading https://www.kernel.org/doc/html/latest/admin-guide/hw-vuln/l1tf.html might help you decide.
[    0.004703] MDS: Vulnerable: Clear CPU buffers attempted, no microcode
[    0.005037] Freeing SMP alternatives memory: 48K
[    0.118792] smpboot: CPU0: Genuine Intel(R) CPU           T2400  @ 1.83GHz (family: 0x6, model: 0xe, stepping: 0x8)
[    0.119466] Performance Events: Core events, core PMU driver.
[    0.119560] ... version:                1
[    0.119635] ... bit width:              40
[    0.119709] ... generic registers:      2
[    0.119783] ... value mask:             000000ffffffffff
[    0.119865] ... max period:             000000007fffffff
[    0.119945] ... fixed-purpose events:   0
[    0.120020] ... event mask:             0000000000000003
[    0.120098] rcu: Hierarchical SRCU implementation.
[    0.120098] NMI watchdog: Enabled. Permanently consumes one hw-PMU counter.
[    0.120190] smp: Bringing up secondary CPUs ...
[    0.121228] x86: Booting SMP configuration:
[    0.121311] .... node  #0, CPUs:      #1
[    0.000000] Disabled fast string operations
[    0.123771] TSC synchronization [CPU#0 -> CPU#1]:
[    0.124015] Measured 579832 cycles TSC warp between CPUs, turning off TSC clock.
[    0.124098] tsc: Marking TSC unstable due to check_tsc_sync_source failed
[    0.124289] smp: Brought up 1 node, 2 CPUs
[    0.124289] smpboot: Max logical packages: 1
[    0.124289] smpboot: Total of 2 processors activated (7314.99 BogoMIPS)
[    0.125949] devtmpfs: initialized
[    0.125949] PM: Registering ACPI NVS region [mem 0xbf6df000-0xbf6fffff] (135168 bytes)
[    0.128451] clocksource: jiffies: mask: 0xffffffff max_cycles: 0xffffffff, max_idle_ns: 7645041785100000 ns
[    0.128451] futex hash table entries: 512 (order: 3, 32768 bytes, linear)
[    0.128588] thermal_sys: Registered thermal governor 'step_wise'
[    0.129044] NET: Registered protocol family 16
[    0.130651] cpuidle: using governor ladder
[    0.130762] cpuidle: using governor menu
[    0.131053] Simple Boot Flag at 0x35 set to 0x1
[    0.131179] ACPI FADT declares the system doesn't support PCIe ASPM, so disable it
[    0.131272] ACPI: bus type PCI registered
[    0.132191] PCI: MMCONFIG for domain 0000 [bus 00-3f] at [mem 0xf0000000-0xf3ffffff] (base 0xf0000000)
[    0.133080] PCI: MMCONFIG at [mem 0xf0000000-0xf3ffffff] reserved in E820
[    0.133168] PCI: Using MMCONFIG for extended config space
[    0.133250] PCI: Using configuration type 1 for base access
[    0.133823] mtrr: your CPUs had inconsistent variable MTRR settings
[    0.133910] mtrr: probably your BIOS does not setup all CPUs.
[    0.133993] mtrr: corrected configuration.
[    0.188349] ACPI: Added _OSI(Module Device)
[    0.188435] ACPI: Added _OSI(Processor Device)
[    0.188515] ACPI: Added _OSI(3.0 _SCP Extensions)
[    0.188594] ACPI: Added _OSI(Processor Aggregator Device)
[    0.188679] ACPI: Added _OSI(Linux-Dell-Video)
[    0.188759] ACPI: Added _OSI(Linux-Lenovo-NV-HDMI-Audio)
[    0.188842] ACPI: Added _OSI(Linux-HPI-Hybrid-Graphics)
[    0.256222] ACPI: 6 ACPI AML tables successfully acquired and loaded
[    0.260326] ACPI: EC: EC started
[    0.260400] ACPI: EC: interrupt blocked
[    0.265201] ACPI: EC: EC_CMD/EC_SC=0x66, EC_DATA=0x62
[    0.265282] ACPI: EC: Boot ECDT EC used to handle transactions
[    0.282942] ACPI: Dynamic OEM Table Load:
[    0.283034] ACPI: SSDT 0x00000000F122E800 000240 (v01 PmRef  Cpu0Ist  00000100 INTL 20050513)
[    0.286999] ACPI: Dynamic OEM Table Load:
[    0.287090] ACPI: SSDT 0x00000000F1230800 00065A (v01 PmRef  Cpu0Cst  00000100 INTL 20050513)
[    0.293381] ACPI: Dynamic OEM Table Load:
[    0.293470] ACPI: SSDT 0x00000000F1B05800 0000C8 (v01 PmRef  Cpu1Ist  00000100 INTL 20050513)
[    0.296783] ACPI: Dynamic OEM Table Load:
[    0.296871] ACPI: SSDT 0x00000000F1243000 000085 (v01 PmRef  Cpu1Cst  00000100 INTL 20050513)
[    0.300716] ACPI: Interpreter enabled
[    0.300863] ACPI: (supports S0 S3 S4 S5)
[    0.300944] ACPI: Using IOAPIC for interrupt routing
[    0.301148] PCI: Using host bridge windows from ACPI; if necessary, use "pci=nocrs" and report a bug
[    0.302211] ACPI: Enabled 4 GPEs in block 00 to 1F
[    0.325515] ACPI: Power Resource [PUBS] (on)
[    0.326679] acpi PNP0C0A:01: ACPI dock station (docks/bays count: 1)
[    0.334523] acpi LNXIOBAY:00: ACPI dock station (docks/bays count: 2)
[    0.349359] acpi IBM0079:00: ACPI dock station (docks/bays count: 3)
[    0.351772] ACPI: PCI Interrupt Link [LNKA] (IRQs 3 4 5 6 7 9 10 *11)
[    0.352640] ACPI: PCI Interrupt Link [LNKB] (IRQs 3 4 5 6 7 9 10 *11)
[    0.353486] ACPI: PCI Interrupt Link [LNKC] (IRQs 3 4 5 6 7 9 10 *11)
[    0.354331] ACPI: PCI Interrupt Link [LNKD] (IRQs 3 4 5 6 7 9 10 *11)
[    0.355176] ACPI: PCI Interrupt Link [LNKE] (IRQs 3 4 5 6 7 9 10 *11)
[    0.356021] ACPI: PCI Interrupt Link [LNKF] (IRQs 3 4 5 6 7 9 10 *11)
[    0.356855] ACPI: PCI Interrupt Link [LNKG] (IRQs 3 4 5 6 7 9 10 *11)
[    0.357701] ACPI: PCI Interrupt Link [LNKH] (IRQs 3 4 5 6 7 9 10 *11)
[    0.358253] ACPI: PCI Root Bridge [PCI0] (domain 0000 [bus 00-ff])
[    0.358353] acpi PNP0A08:00: _OSC: OS supports [ExtendedConfig ASPM ClockPM Segments HPX-Type3]
[    0.359438] acpi PNP0A08:00: _OSC: not requesting OS control; OS requires [ExtendedConfig ASPM ClockPM MSI]
[    0.359575] acpi PNP0A08:00: [Firmware Info]: MMCONFIG for domain 0000 [bus 00-3f] only partially covers this bridge
[    0.359958] PCI host bridge to bus 0000:00
[    0.360039] pci_bus 0000:00: root bus resource [io  0x0000-0x0cf7 window]
[    0.360107] pci_bus 0000:00: root bus resource [io  0x0d00-0xffff window]
[    0.360202] pci_bus 0000:00: root bus resource [mem 0x000a0000-0x000bffff window]
[    0.360300] pci_bus 0000:00: root bus resource [mem 0x000d0000-0x000d3fff window]
[    0.360398] pci_bus 0000:00: root bus resource [mem 0x000d4000-0x000d7fff window]
[    0.360496] pci_bus 0000:00: root bus resource [mem 0x000d8000-0x000dbfff window]
[    0.360594] pci_bus 0000:00: root bus resource [mem 0xc0000000-0xfebfffff window]
[    0.360692] pci_bus 0000:00: root bus resource [mem 0xfed40000-0xfed40fff window]
[    0.360791] pci_bus 0000:00: root bus resource [bus 00-ff]
[    0.360921] pci 0000:00:00.0: [8086:27a0] type 00 class 0x060000
[    0.361488] pci 0000:00:02.0: [8086:27a2] type 00 class 0x030000
[    0.361598] pci 0000:00:02.0: reg 0x10: [mem 0xee100000-0xee17ffff]
[    0.361695] pci 0000:00:02.0: reg 0x14: [io  0x1800-0x1807]
[    0.361789] pci 0000:00:02.0: reg 0x18: [mem 0xd0000000-0xdfffffff pref]
[    0.361889] pci 0000:00:02.0: reg 0x1c: [mem 0xee200000-0xee23ffff]
[    0.362569] pci 0000:00:02.1: [8086:27a6] type 00 class 0x038000
[    0.362675] pci 0000:00:02.1: reg 0x10: [mem 0xee180000-0xee1fffff]
[    0.363272] pci 0000:00:1b.0: [8086:27d8] type 00 class 0x040300
[    0.363403] pci 0000:00:1b.0: reg 0x10: [mem 0xee240000-0xee243fff 64bit]
[    0.363659] pci 0000:00:1b.0: PME# supported from D0 D3hot D3cold
[    0.364420] pci 0000:00:1c.0: [8086:27d0] type 01 class 0x060400
[    0.364704] pci 0000:00:1c.0: PME# supported from D0 D3hot D3cold
[    0.365374] pci 0000:00:1c.1: [8086:27d2] type 01 class 0x060400
[    0.365656] pci 0000:00:1c.1: PME# supported from D0 D3hot D3cold
[    0.366320] pci 0000:00:1c.2: [8086:27d4] type 01 class 0x060400
[    0.366601] pci 0000:00:1c.2: PME# supported from D0 D3hot D3cold
[    0.367279] pci 0000:00:1c.3: [8086:27d6] type 01 class 0x060400
[    0.367559] pci 0000:00:1c.3: PME# supported from D0 D3hot D3cold
[    0.368243] pci 0000:00:1d.0: [8086:27c8] type 00 class 0x0c0300
[    0.368408] pci 0000:00:1d.0: reg 0x20: [io  0x1820-0x183f]
[    0.369078] pci 0000:00:1d.1: [8086:27c9] type 00 class 0x0c0300
[    0.369242] pci 0000:00:1d.1: reg 0x20: [io  0x1840-0x185f]
[    0.369905] pci 0000:00:1d.2: [8086:27ca] type 00 class 0x0c0300
[    0.370069] pci 0000:00:1d.2: reg 0x20: [io  0x1860-0x187f]
[    0.370740] pci 0000:00:1d.3: [8086:27cb] type 00 class 0x0c0300
[    0.370904] pci 0000:00:1d.3: reg 0x20: [io  0x1880-0x189f]
[    0.371546] pci 0000:00:1d.7: [8086:27cc] type 00 class 0x0c0320
[    0.371667] pci 0000:00:1d.7: reg 0x10: [mem 0xee444000-0xee4443ff]
[    0.371895] pci 0000:00:1d.7: PME# supported from D0 D3hot D3cold
[    0.372560] pci 0000:00:1e.0: [8086:2448] type 01 class 0x060401
[    0.373320] pci 0000:00:1f.0: [8086:27b9] type 00 class 0x060100
[    0.373562] pci 0000:00:1f.0: quirk: [io  0x1000-0x107f] claimed by ICH6 ACPI/GPIO/TCO
[    0.373669] pci 0000:00:1f.0: quirk: [io  0x1180-0x11bf] claimed by ICH6 GPIO
[    0.373767] pci 0000:00:1f.0: ICH7 LPC Generic IO decode 1 PIO at 1600 (mask 007f)
[    0.373867] pci 0000:00:1f.0: ICH7 LPC Generic IO decode 2 PIO at 15e0 (mask 000f)
[    0.373967] pci 0000:00:1f.0: ICH7 LPC Generic IO decode 3 PIO at 1680 (mask 001f)
[    0.374624] pci 0000:00:1f.1: [8086:27df] type 00 class 0x01018a
[    0.374740] pci 0000:00:1f.1: reg 0x10: [io  0x0000-0x0007]
[    0.374839] pci 0000:00:1f.1: reg 0x14: [io  0x0000-0x0003]
[    0.374937] pci 0000:00:1f.1: reg 0x18: [io  0x0000-0x0007]
[    0.375036] pci 0000:00:1f.1: reg 0x1c: [io  0x0000-0x0003]
[    0.375135] pci 0000:00:1f.1: reg 0x20: [io  0x1810-0x181f]
[    0.375252] pci 0000:00:1f.1: legacy IDE quirk: reg 0x10: [io  0x01f0-0x01f7]
[    0.375347] pci 0000:00:1f.1: legacy IDE quirk: reg 0x14: [io  0x03f6]
[    0.375439] pci 0000:00:1f.1: legacy IDE quirk: reg 0x18: [io  0x0170-0x0177]
[    0.375534] pci 0000:00:1f.1: legacy IDE quirk: reg 0x1c: [io  0x0376]
[    0.376162] pci 0000:00:1f.2: [8086:27c5] type 00 class 0x010601
[    0.376284] pci 0000:00:1f.2: reg 0x10: [io  0x18d0-0x18d7]
[    0.376383] pci 0000:00:1f.2: reg 0x14: [io  0x18c4-0x18c7]
[    0.376482] pci 0000:00:1f.2: reg 0x18: [io  0x18c8-0x18cf]
[    0.376581] pci 0000:00:1f.2: reg 0x1c: [io  0x18c0-0x18c3]
[    0.376680] pci 0000:00:1f.2: reg 0x20: [io  0x18b0-0x18bf]
[    0.376780] pci 0000:00:1f.2: reg 0x24: [mem 0xee444400-0xee4447ff]
[    0.376951] pci 0000:00:1f.2: PME# supported from D3hot
[    0.377580] pci 0000:00:1f.3: [8086:27da] type 00 class 0x0c0500
[    0.377762] pci 0000:00:1f.3: reg 0x20: [io  0x18e0-0x18ff]
[    0.378652] pci 0000:02:00.0: [8086:109a] type 00 class 0x020000
[    0.378863] pci 0000:02:00.0: reg 0x10: [mem 0xee000000-0xee01ffff]
[    0.379060] pci 0000:02:00.0: reg 0x18: [io  0x2000-0x201f]
[    0.379461] pci 0000:02:00.0: PME# supported from D0 D3hot D3cold
[    0.380050] pci 0000:00:1c.0: PCI bridge to [bus 02]
[    0.380110] pci 0000:00:1c.0:   bridge window [io  0x2000-0x2fff]
[    0.380204] pci 0000:00:1c.0:   bridge window [mem 0xee000000-0xee0fffff]
[    0.380571] pci 0000:03:00.0: [8086:4227] type 00 class 0x028000
[    0.380804] pci 0000:03:00.0: reg 0x10: [mem 0xedf00000-0xedf00fff]
[    0.381447] pci 0000:03:00.0: PME# supported from D0 D3hot D3cold
[    0.382062] pci 0000:00:1c.1: PCI bridge to [bus 03]
[    0.382149] pci 0000:00:1c.1:   bridge window [io  0x3000-0x4fff]
[    0.382242] pci 0000:00:1c.1:   bridge window [mem 0xec000000-0xedffffff]
[    0.382343] pci 0000:00:1c.1:   bridge window [mem 0xe4000000-0xe40fffff 64bit pref]
[    0.382598] pci 0000:00:1c.2: PCI bridge to [bus 04-0b]
[    0.382687] pci 0000:00:1c.2:   bridge window [io  0x5000-0x6fff]
[    0.382780] pci 0000:00:1c.2:   bridge window [mem 0xe8000000-0xe9ffffff]
[    0.382881] pci 0000:00:1c.2:   bridge window [mem 0xe4100000-0xe41fffff 64bit pref]
[    0.383131] pci 0000:00:1c.3: PCI bridge to [bus 0c-13]
[    0.383221] pci 0000:00:1c.3:   bridge window [io  0x7000-0x8fff]
[    0.383314] pci 0000:00:1c.3:   bridge window [mem 0xea000000-0xebffffff]
[    0.383414] pci 0000:00:1c.3:   bridge window [mem 0xe4200000-0xe42fffff 64bit pref]
[    0.383549] pci_bus 0000:15: extended config space not accessible
[    0.383763] pci 0000:15:00.0: [1180:0476] type 02 class 0x060700
[    0.383880] pci 0000:15:00.0: reg 0x10: [mem 0xe4300000-0xe4300fff]
[    0.384039] pci 0000:15:00.0: supports D1 D2
[    0.384106] pci 0000:15:00.0: PME# supported from D0 D1 D2 D3hot D3cold
[    0.384591] pci 0000:15:00.1: [1180:0552] type 00 class 0x0c0010
[    0.384707] pci 0000:15:00.1: reg 0x10: [mem 0xe4301000-0xe43017ff]
[    0.384940] pci 0000:15:00.1: PME# supported from D0 D3hot D3cold
[    0.385261] pci 0000:15:00.2: [1180:0822] type 00 class 0x080500
[    0.385375] pci 0000:15:00.2: reg 0x10: [mem 0xe4301800-0xe43018ff]
[    0.385607] pci 0000:15:00.2: supports D1 D2
[    0.385687] pci 0000:15:00.2: PME# supported from D0 D1 D2 D3hot D3cold
[    0.386077] pci 0000:00:1e.0: PCI bridge to [bus 15-18] (subtractive decode)
[    0.386176] pci 0000:00:1e.0:   bridge window [io  0x9000-0xcfff]
[    0.386269] pci 0000:00:1e.0:   bridge window [mem 0xe4300000-0xe7ffffff]
[    0.386370] pci 0000:00:1e.0:   bridge window [mem 0xe0000000-0xe3ffffff 64bit pref]
[    0.386469] pci 0000:00:1e.0:   bridge window [io  0x0000-0x0cf7 window] (subtractive decode)
[    0.386586] pci 0000:00:1e.0:   bridge window [io  0x0d00-0xffff window] (subtractive decode)
[    0.386704] pci 0000:00:1e.0:   bridge window [mem 0x000a0000-0x000bffff window] (subtractive decode)
[    0.386826] pci 0000:00:1e.0:   bridge window [mem 0x000d0000-0x000d3fff window] (subtractive decode)
[    0.386947] pci 0000:00:1e.0:   bridge window [mem 0x000d4000-0x000d7fff window] (subtractive decode)
[    0.387067] pci 0000:00:1e.0:   bridge window [mem 0x000d8000-0x000dbfff window] (subtractive decode)
[    0.387188] pci 0000:00:1e.0:   bridge window [mem 0xc0000000-0xfebfffff window] (subtractive decode)
[    0.387310] pci 0000:00:1e.0:   bridge window [mem 0xfed40000-0xfed40fff window] (subtractive decode)
[    0.387471] pci_bus 0000:16: extended config space not accessible
[    0.387673] pci_bus 0000:16: busn_res: [bus 16-18] end is updated to 17
[    0.387818] pci_bus 0000:00: on NUMA node 0
[    0.394619] ACPI: EC: interrupt unblocked
[    0.395487] ACPI: EC: event unblocked
[    0.395570] ACPI: EC: EC_CMD/EC_SC=0x66, EC_DATA=0x62
[    0.395653] ACPI: EC: GPE=0x1c
[    0.395727] ACPI: \_SB_.PCI0.LPC_.EC__: Boot ECDT EC initialization complete
[    0.395824] ACPI: \_SB_.PCI0.LPC_.EC__: EC: Used to handle transactions and events
[    0.396612] pci 0000:00:02.0: vgaarb: setting as boot VGA device
[    0.396704] pci 0000:00:02.0: vgaarb: VGA device added: decodes=io+mem,owns=io+mem,locks=none
[    0.396845] pci 0000:00:02.0: vgaarb: bridge control possible
[    0.396929] vgaarb: loaded
[    0.397713] SCSI subsystem initialized
[    0.398051] libata version 3.00 loaded.
[    0.398242] ACPI: bus type USB registered
[    0.398445] usbcore: registered new interface driver usbfs
[    0.398596] usbcore: registered new interface driver hub
[    0.398841] usbcore: registered new device driver usb
[    0.399046] mc: Linux media interface: v0.10
[    0.399180] videodev: Linux video capture interface: v2.00
[    0.399331] pps_core: LinuxPPS API ver. 1 registered
[    0.399412] pps_core: Software ver. 5.3.6 - Copyright 2005-2007 Rodolfo Giometti <giometti@linux.it>
[    0.399562] PTP clock support registered
[    0.399930] EDAC MC: Ver: 3.0.0
[    0.400935] Advanced Linux Sound Architecture Driver Initialized.
[    0.401171] PCI: Using ACPI for IRQ routing
[    0.404251] PCI: pci_cache_line_size set to 64 bytes
[    0.404582] e820: reserve RAM buffer [mem 0x0009f000-0x0009ffff]
[    0.404588] e820: reserve RAM buffer [mem 0xbf6d0000-0xbfffffff]
[    0.405414] Bluetooth: Core ver 2.22
[    0.405552] NET: Registered protocol family 31
[    0.405630] Bluetooth: HCI device and connection manager initialized
[    0.405728] Bluetooth: HCI socket layer initialized
[    0.405811] Bluetooth: L2CAP socket layer initialized
[    0.405918] Bluetooth: SCO socket layer initialized
[    0.406566] clocksource: Switched to clocksource hpet
[    0.407456] pnp: PnP ACPI init
[    0.408098] system 00:00: [mem 0x00000000-0x0009ffff] could not be reserved
[    0.408208] system 00:00: [mem 0x000c0000-0x000c3fff] could not be reserved
[    0.408307] system 00:00: [mem 0x000c4000-0x000c7fff] could not be reserved
[    0.408403] system 00:00: [mem 0x000c8000-0x000cbfff] has been reserved
[    0.408498] system 00:00: [mem 0x000cc000-0x000cffff] has been reserved
[    0.408594] system 00:00: [mem 0x000dc000-0x000dffff] could not be reserved
[    0.408692] system 00:00: [mem 0x000e0000-0x000e3fff] could not be reserved
[    0.408790] system 00:00: [mem 0x000e4000-0x000e7fff] could not be reserved
[    0.408888] system 00:00: [mem 0x000e8000-0x000ebfff] could not be reserved
[    0.408986] system 00:00: [mem 0x000ec000-0x000effff] could not be reserved
[    0.409085] system 00:00: [mem 0x000f0000-0x000fffff] could not be reserved
[    0.409183] system 00:00: [mem 0x00100000-0xbfffffff] could not be reserved
[    0.409281] system 00:00: [mem 0xfec00000-0xfed3ffff] could not be reserved
[    0.409379] system 00:00: [mem 0xfed41000-0xffffffff] could not be reserved
[    0.409519] system 00:00: Plug and Play ACPI device, IDs PNP0c01 (active)
[    0.410030] system 00:01: [io  0x164e-0x164f] has been reserved
[    0.410123] system 00:01: [io  0x1000-0x107f] has been reserved
[    0.410215] system 00:01: [io  0x1180-0x11bf] has been reserved
[    0.410306] system 00:01: [io  0x0800-0x080f] has been reserved
[    0.410397] system 00:01: [io  0x15e0-0x15ef] has been reserved
[    0.410489] system 00:01: [io  0x1600-0x165f] could not be reserved
[    0.410583] system 00:01: [mem 0xf0000000-0xf3ffffff] has been reserved
[    0.410687] system 00:01: [mem 0xfed1c000-0xfed1ffff] has been reserved
[    0.410782] system 00:01: [mem 0xfed14000-0xfed17fff] has been reserved
[    0.410876] system 00:01: [mem 0xfed18000-0xfed18fff] has been reserved
[    0.410971] system 00:01: [mem 0xfed19000-0xfed19fff] has been reserved
[    0.411098] system 00:01: Plug and Play ACPI device, IDs PNP0c02 (active)
[    0.411397] pnp 00:02: Plug and Play ACPI device, IDs PNP0b00 (active)
[    0.411542] pnp 00:03: Plug and Play ACPI device, IDs PNP0303 (active)
[    0.411681] pnp 00:04: Plug and Play ACPI device, IDs IBM3780 PNP0f13 (active)
[    0.412459] pnp 00:05: [dma 3]
[    0.412674] pnp 00:05: Plug and Play ACPI device, IDs IBM0071 PNP0511 (active)
[    0.412915] pnp 00:06: Plug and Play ACPI device, IDs ATM1200 PNP0c31 (active)
[    0.415227] pnp: PnP ACPI: found 7 devices
[    0.461066] clocksource: acpi_pm: mask: 0xffffff max_cycles: 0xffffff, max_idle_ns: 2085701024 ns
[    0.461201] pci 0000:00:1c.0: bridge window [mem 0x00100000-0x000fffff 64bit pref] to [bus 02] add_size 200000 add_align 100000
[    0.461370] pci 0000:00:1c.0: BAR 9: assigned [mem 0xc0000000-0xc01fffff 64bit pref]
[    0.461469] pci 0000:00:1c.0: PCI bridge to [bus 02]
[    0.461552] pci 0000:00:1c.0:   bridge window [io  0x2000-0x2fff]
[    0.461644] pci 0000:00:1c.0:   bridge window [mem 0xee000000-0xee0fffff]
[    0.461737] pci 0000:00:1c.0:   bridge window [mem 0xc0000000-0xc01fffff 64bit pref]
[    0.461839] pci 0000:00:1c.1: PCI bridge to [bus 03]
[    0.461922] pci 0000:00:1c.1:   bridge window [io  0x3000-0x4fff]
[    0.462013] pci 0000:00:1c.1:   bridge window [mem 0xec000000-0xedffffff]
[    0.462106] pci 0000:00:1c.1:   bridge window [mem 0xe4000000-0xe40fffff 64bit pref]
[    0.462207] pci 0000:00:1c.2: PCI bridge to [bus 04-0b]
[    0.462290] pci 0000:00:1c.2:   bridge window [io  0x5000-0x6fff]
[    0.462381] pci 0000:00:1c.2:   bridge window [mem 0xe8000000-0xe9ffffff]
[    0.462474] pci 0000:00:1c.2:   bridge window [mem 0xe4100000-0xe41fffff 64bit pref]
[    0.462576] pci 0000:00:1c.3: PCI bridge to [bus 0c-13]
[    0.462659] pci 0000:00:1c.3:   bridge window [io  0x7000-0x8fff]
[    0.462750] pci 0000:00:1c.3:   bridge window [mem 0xea000000-0xebffffff]
[    0.462844] pci 0000:00:1c.3:   bridge window [mem 0xe4200000-0xe42fffff 64bit pref]
[    0.462956] pci 0000:15:00.0: BAR 9: assigned [mem 0xe0000000-0xe3ffffff pref]
[    0.463053] pci 0000:15:00.0: BAR 10: assigned [mem 0xc4000000-0xc7ffffff]
[    0.463145] pci 0000:15:00.0: BAR 7: assigned [io  0x9000-0x90ff]
[    0.463232] pci 0000:15:00.0: BAR 8: assigned [io  0x9400-0x94ff]
[    0.463327] pci 0000:15:00.0: CardBus bridge to [bus 16-17]
[    0.463411] pci 0000:15:00.0:   bridge window [io  0x9000-0x90ff]
[    0.463500] pci 0000:15:00.0:   bridge window [io  0x9400-0x94ff]
[    0.463590] pci 0000:15:00.0:   bridge window [mem 0xe0000000-0xe3ffffff pref]
[    0.463686] pci 0000:15:00.0:   bridge window [mem 0xc4000000-0xc7ffffff]
[    0.463779] pci 0000:00:1e.0: PCI bridge to [bus 15-18]
[    0.463862] pci 0000:00:1e.0:   bridge window [io  0x9000-0xcfff]
[    0.463953] pci 0000:00:1e.0:   bridge window [mem 0xe4300000-0xe7ffffff]
[    0.464046] pci 0000:00:1e.0:   bridge window [mem 0xe0000000-0xe3ffffff 64bit pref]
[    0.464171] pci_bus 0000:00: resource 4 [io  0x0000-0x0cf7 window]
[    0.464258] pci_bus 0000:00: resource 5 [io  0x0d00-0xffff window]
[    0.464345] pci_bus 0000:00: resource 6 [mem 0x000a0000-0x000bffff window]
[    0.464435] pci_bus 0000:00: resource 7 [mem 0x000d0000-0x000d3fff window]
[    0.464525] pci_bus 0000:00: resource 8 [mem 0x000d4000-0x000d7fff window]
[    0.464615] pci_bus 0000:00: resource 9 [mem 0x000d8000-0x000dbfff window]
[    0.464706] pci_bus 0000:00: resource 10 [mem 0xc0000000-0xfebfffff window]
[    0.464797] pci_bus 0000:00: resource 11 [mem 0xfed40000-0xfed40fff window]
[    0.464888] pci_bus 0000:02: resource 0 [io  0x2000-0x2fff]
[    0.464971] pci_bus 0000:02: resource 1 [mem 0xee000000-0xee0fffff]
[    0.465058] pci_bus 0000:02: resource 2 [mem 0xc0000000-0xc01fffff 64bit pref]
[    0.465150] pci_bus 0000:03: resource 0 [io  0x3000-0x4fff]
[    0.465234] pci_bus 0000:03: resource 1 [mem 0xec000000-0xedffffff]
[    0.465321] pci_bus 0000:03: resource 2 [mem 0xe4000000-0xe40fffff 64bit pref]
[    0.465413] pci_bus 0000:04: resource 0 [io  0x5000-0x6fff]
[    0.465497] pci_bus 0000:04: resource 1 [mem 0xe8000000-0xe9ffffff]
[    0.465584] pci_bus 0000:04: resource 2 [mem 0xe4100000-0xe41fffff 64bit pref]
[    0.465676] pci_bus 0000:0c: resource 0 [io  0x7000-0x8fff]
[    0.465760] pci_bus 0000:0c: resource 1 [mem 0xea000000-0xebffffff]
[    0.465847] pci_bus 0000:0c: resource 2 [mem 0xe4200000-0xe42fffff 64bit pref]
[    0.465940] pci_bus 0000:15: resource 0 [io  0x9000-0xcfff]
[    0.466024] pci_bus 0000:15: resource 1 [mem 0xe4300000-0xe7ffffff]
[    0.466111] pci_bus 0000:15: resource 2 [mem 0xe0000000-0xe3ffffff 64bit pref]
[    0.466202] pci_bus 0000:15: resource 4 [io  0x0000-0x0cf7 window]
[    0.466289] pci_bus 0000:15: resource 5 [io  0x0d00-0xffff window]
[    0.466376] pci_bus 0000:15: resource 6 [mem 0x000a0000-0x000bffff window]
[    0.466467] pci_bus 0000:15: resource 7 [mem 0x000d0000-0x000d3fff window]
[    0.466557] pci_bus 0000:15: resource 8 [mem 0x000d4000-0x000d7fff window]
[    0.466648] pci_bus 0000:15: resource 9 [mem 0x000d8000-0x000dbfff window]
[    0.466738] pci_bus 0000:15: resource 10 [mem 0xc0000000-0xfebfffff window]
[    0.466828] pci_bus 0000:15: resource 11 [mem 0xfed40000-0xfed40fff window]
[    0.466919] pci_bus 0000:16: resource 0 [io  0x9000-0x90ff]
[    0.467003] pci_bus 0000:16: resource 1 [io  0x9400-0x94ff]
[    0.467086] pci_bus 0000:16: resource 2 [mem 0xe0000000-0xe3ffffff pref]
[    0.467175] pci_bus 0000:16: resource 3 [mem 0xc4000000-0xc7ffffff]
[    0.467709] NET: Registered protocol family 2
[    0.468336] tcp_listen_portaddr_hash hash table entries: 512 (order: 2, 22528 bytes, linear)
[    0.468490] TCP established hash table entries: 8192 (order: 3, 32768 bytes, linear)
[    0.468645] TCP bind hash table entries: 8192 (order: 6, 327680 bytes, linear)
[    0.469269] TCP: Hash tables configured (established 8192 bind 8192)
[    0.469668] UDP hash table entries: 512 (order: 3, 49152 bytes, linear)
[    0.469840] UDP-Lite hash table entries: 512 (order: 3, 49152 bytes, linear)
[    0.470136] NET: Registered protocol family 1
[    0.470855] RPC: Registered named UNIX socket transport module.
[    0.470944] RPC: Registered udp transport module.
[    0.471025] RPC: Registered tcp transport module.
[    0.471105] RPC: Registered tcp NFSv4.1 backchannel transport module.
[    0.471707] pci 0000:00:02.0: Video device with shadowed ROM at [mem 0x000c0000-0x000dffff]
[    0.475242] pci 0000:15:00.0: CLS mismatch (64 != 32), using 64 bytes
[    0.475445] PCI-DMA: Using software bounce buffering for IO (SWIOTLB)
[    0.475534] software IO TLB: mapped [mem 0x31cfc000-0x35cfc000] (64MB)
[    0.478297] Initialise system trusted keyrings
[    0.478811] workingset: timestamp_bits=30 max_order=20 bucket_order=0
[    0.481078] Installing knfsd (copyright (C) 1996 okir@monad.swb.de).
[    0.481797] ntfs: driver 2.1.32 [Flags: R/W].
[    0.482099] fuse: init (API version 7.31)
[    0.506714] Key type asymmetric registered
[    0.506801] Asymmetric key parser 'x509' registered
[    0.507015] bounce: pool size: 64 pages
[    0.507169] Block layer SCSI generic (bsg) driver version 0.4 loaded (major 249)
[    0.507272] io scheduler mq-deadline registered
[    0.507393] io scheduler bfq registered
[    0.507686] start plist test
[    0.510945] end plist test
[    0.513788] intel_idle: MWAIT substates: 0x22220
[    0.514533] ACPI: \_PR_.CPU0: Found 3 idle states
[    0.515387] ACPI: \_PR_.CPU1: Found 3 idle states
[    0.515467] intel_idle: ACPI _CST not found or not usable
[    0.515956] ACPI: Deprecated procfs I/F for AC is loaded, please retry with CONFIG_ACPI_PROCFS_POWER cleared
[    0.516491] ACPI: AC Adapter [AC] (on-line)
[    0.516915] input: Lid Switch as /devices/LNXSYSTM:00/LNXSYBUS:00/PNP0C0D:00/input/input0
[    0.524388] ACPI: Lid Switch [LID]
[    0.524675] input: Sleep Button as /devices/LNXSYSTM:00/LNXSYBUS:00/PNP0C0E:00/input/input1
[    0.525016] ACPI: Sleep Button [SLPB]
[    0.525346] input: Power Button as /devices/LNXSYSTM:00/LNXPWRBN:00/input/input2
[    0.525669] ACPI: Power Button [PWRF]
[    0.526325] ACPI: Video Device [VID] (multi-head: yes  rom: no  post: no)
[    0.534493] acpi device:01: registered as cooling_device0
[    0.534992] input: Video Bus as /devices/LNXSYSTM:00/LNXSYBUS:00/PNP0A08:00/LNXVIDEO:00/input/input3
[    0.536329] ACPI: \_PR_.CPU0: Found 3 idle states
[    0.545442] ACPI: \_PR_.CPU1: Found 3 idle states
[    0.551166] thermal LNXTHERM:00: registered as thermal_zone0
[    0.551255] ACPI: Thermal Zone [THM0] (41 C)
[    0.555099] thermal LNXTHERM:01: registered as thermal_zone1
[    0.555188] ACPI: Thermal Zone [THM1] (42 C)
[    0.555699] Serial: 8250/16550 driver, 4 ports, IRQ sharing disabled
[    0.556487] serial8250: ttyS1 at I/O 0x2f8 (irq = 3, base_baud = 921600) is a NS16550A
[    0.558686] lp: driver loaded but no devices found
[    0.558975] Non-volatile memory driver v1.3
[    0.559335] intel_rng: FWH not detected
[    0.560278] Linux agpgart interface v0.103
[    0.561025] [drm] radeon kernel modesetting enabled.
[    0.562240] pci 0000:00:00.0: Intel 945GM Chipset
[    0.562384] pci 0000:00:00.0: detected gtt size: 262144K total, 262144K mappable
[    0.563098] pci 0000:00:00.0: detected 8192K stolen memory
[    0.563347] i915 0000:00:02.0: vgaarb: deactivate vga console
[    0.564664] Console: switching to colour dummy device 80x25
[    0.566302] resource sanity check: requesting [mem 0x000c0000-0x000dffff], which spans more than pnp 00:00 [mem 0x000c8000-0x000cbfff]
[    0.566382] caller pci_map_rom+0x6f/0x174 mapping multiple BARs
[    0.568206] i915 0000:00:02.0: vgaarb: changed VGA decodes: olddecodes=io+mem,decodes=io+mem:owns=io+mem
[    0.578557] random: fast init done
[    0.590001] battery: ACPI: Deprecated procfs I/F for battery is loaded, please retry with CONFIG_ACPI_PROCFS_POWER cleared
[    0.590095] battery: ACPI: Battery Slot [BAT0] (battery present)
[    0.602557] i915 0000:00:02.0: [drm] Initialized overlay support.
[    0.604419] [drm] Initialized i915 1.6.0 20200430 for 0000:00:02.0 on minor 0
[    0.605879] usbcore: registered new interface driver udl
[    0.621177] loop: module loaded
[    0.621575] fbcon: i915drmfb (fb0) is primary device
[    0.688533] ahci 0000:00:1f.2: version 3.0
[    0.689261] ahci 0000:00:1f.2: AHCI 0001.0100 32 slots 4 ports 1.5 Gbps 0x1 impl SATA mode
[    0.689266] ahci 0000:00:1f.2: flags: 64bit ncq pm led clo pio slum part 
[    0.691860] scsi host0: ahci
[    0.692636] scsi host1: ahci
[    0.693210] scsi host2: ahci
[    0.693765] scsi host3: ahci
[    0.694105] ata1: SATA max UDMA/133 abar m1024@0xee444400 port 0xee444500 irq 16
[    0.694107] ata2: DUMMY
[    0.694109] ata3: DUMMY
[    0.694111] ata4: DUMMY
[    0.694297] ata_piix 0000:00:1f.1: version 2.13
[    0.697596] scsi host4: ata_piix
[    0.698118] scsi host5: ata_piix
[    0.698374] ata5: PATA max UDMA/100 cmd 0x1f0 ctl 0x3f6 bmdma 0x1810 irq 14
[    0.698376] ata6: PATA max UDMA/100 cmd 0x170 ctl 0x376 bmdma 0x1818 irq 15
[    0.699795] tun: Universal TUN/TAP device driver, 1.6
[    0.700068] ata6: port disabled--ignoring
[    0.700531] e1000: Intel(R) PRO/1000 Network Driver - version 7.3.21-k8-NAPI
[    0.700533] e1000: Copyright (c) 1999-2006 Intel Corporation.
[    0.700611] e1000e: Intel(R) PRO/1000 Network Driver - 3.2.6-k
[    0.700613] e1000e: Copyright(c) 1999 - 2015 Intel Corporation.
[    0.700732] e1000e 0000:02:00.0: Disabling ASPM  L1
[    0.700736] e1000e 0000:02:00.0: can't disable ASPM; OS doesn't have ASPM control
[    0.701227] e1000e 0000:02:00.0: Interrupt Throttling Rate (ints/sec) set to dynamic conservative mode
[    0.807510] e1000e 0000:02:00.0 eth0: (PCI Express:2.5GT/s:Width x1) 00:16:d3:25:19:04
[    0.807542] e1000e 0000:02:00.0 eth0: Intel(R) PRO/1000 Network Connection
[    0.807621] e1000e 0000:02:00.0 eth0: MAC: 2, PHY: 2, PBA No: 005302-003
[    0.807901] PPP generic driver version 2.4.2
[    0.808171] PPP BSD Compression module registered
[    0.808174] PPP Deflate Compression module registered
[    0.808176] SLIP: version 0.8.4-NET3.019-NEWTTY (dynamic channels, max=256).
[    0.808178] CSLIP: code copyright 1989 Regents of the University of California.
[    0.808275] iwl3945: Intel(R) PRO/Wireless 3945ABG/BG Network Connection driver for Linux, in-tree:ds
[    0.808276] iwl3945: Copyright(c) 2003-2011 Intel Corporation
[    0.808278] iwl3945: hw_scan is disabled
[    0.808590] iwl3945 0000:03:00.0: can't disable ASPM; OS doesn't have ASPM control
[    0.863190] iwl3945 0000:03:00.0: Tunable channels: 11 802.11bg, 13 802.11a channels
[    0.863193] iwl3945 0000:03:00.0: Detected Intel Wireless WiFi Link 3945ABG
[    0.863663] ieee80211 phy0: Selected rate control algorithm 'iwl-3945-rs'
[    0.865052] Intel(R) Wireless WiFi driver for Linux
[    0.865242] usbcore: registered new interface driver ax88179_178a
[    0.865285] usbcore: registered new interface driver cdc_ether
[    0.865326] usbcore: registered new interface driver net1080
[    0.865370] usbcore: registered new interface driver cdc_subset
[    0.865412] usbcore: registered new interface driver zaurus
[    0.865467] usbcore: registered new interface driver cdc_ncm
[    0.865558] pci 0000:00:1e.0: enabling device (0005 -> 0007)
[    0.865779] yenta_cardbus 0000:15:00.0: CardBus bridge found [17aa:201c]
[    1.007588] ata1: SATA link up 1.5 Gbps (SStatus 113 SControl 300)
[    1.095062] ata1.00: ACPI cmd ef/02:00:00:00:00:a0 (SET FEATURES) succeeded
[    1.095066] ata1.00: ACPI cmd f5/00:00:00:00:00:a0 (SECURITY FREEZE LOCK) filtered out
[    1.095070] ata1.00: ACPI cmd ef/10:03:00:00:00:a0 (SET FEATURES) filtered out
[    1.139150] ata1.00: ATA-9: ST1000LM014-1EJ164, SM11, max UDMA/133
[    1.139153] ata1.00: 1953525168 sectors, multi 16: LBA48 NCQ (depth 32), AA
[    1.183761] ata1.00: ACPI cmd ef/02:00:00:00:00:a0 (SET FEATURES) succeeded
[    1.183765] ata1.00: ACPI cmd f5/00:00:00:00:00:a0 (SECURITY FREEZE LOCK) filtered out
[    1.183769] ata1.00: ACPI cmd ef/10:03:00:00:00:a0 (SET FEATURES) filtered out
[    1.227923] ata1.00: configured for UDMA/133
[    1.280522] Console: switching to colour frame buffer device 102x42
[    1.414876] i915 0000:00:02.0: fb0: i915drmfb frame buffer device
[    1.418119] scsi 0:0:0:0: Direct-Access     ATA      ST1000LM014-1EJ1 SM11 PQ: 0 ANSI: 5
[    1.422282] sd 0:0:0:0: [sda] 1953525168 512-byte logical blocks: (1.00 TB/932 GiB)
[    1.422431] sd 0:0:0:0: Attached scsi generic sg0 type 0
[    1.425304] sd 0:0:0:0: [sda] 4096-byte physical blocks
[    1.430953] sd 0:0:0:0: [sda] Write Protect is off
[    1.433806] sd 0:0:0:0: [sda] Mode Sense: 00 3a 00 00
[    1.433895] sd 0:0:0:0: [sda] Write cache: enabled, read cache: enabled, doesn't support DPO or FUA
[    1.439406]  sda: sda1 sda2 sda3 sda4
[    1.444589] sd 0:0:0:0: [sda] Attached SCSI disk
[    1.584984] yenta_cardbus 0000:15:00.0: ISA IRQ mask 0x0cb8, PCI irq 16
[    1.587859] yenta_cardbus 0000:15:00.0: Socket status: 30000006
[    1.590736] yenta_cardbus 0000:15:00.0: pcmcia: parent PCI bridge window: [io  0x9000-0xcfff]
[    1.593626] yenta_cardbus 0000:15:00.0: pcmcia: parent PCI bridge window: [mem 0xe4300000-0xe7ffffff]
[    1.596433] pcmcia_socket pcmcia_socket0: cs: memory probe 0xe4300000-0xe7ffffff:
[    1.599204]  excluding 0xe4300000-0xe46cffff
[    1.602027] yenta_cardbus 0000:15:00.0: pcmcia: parent PCI bridge window: [mem 0xe0000000-0xe3ffffff 64bit pref]
[    1.604952] pcmcia_socket pcmcia_socket0: cs: memory probe 0xe0000000-0xe3ffffff:
[    1.607923]  excluding 0xe0000000-0xe3ffffff
[    1.612244] ehci_hcd: USB 2.0 'Enhanced' Host Controller (EHCI) Driver
[    1.615152] ehci-pci: EHCI PCI platform driver
[    1.618657] ehci-pci 0000:00:1d.7: EHCI Host Controller
[    1.621938] ehci-pci 0000:00:1d.7: new USB bus registered, assigned bus number 1
[    1.625056] ehci-pci 0000:00:1d.7: debug port 1
[    1.632132] ehci-pci 0000:00:1d.7: cache line size of 64 is not supported
[    1.635306] ehci-pci 0000:00:1d.7: irq 19, io mem 0xee444000
[    1.652210] ehci-pci 0000:00:1d.7: USB 2.0 started, EHCI 1.00
[    1.655732] usb usb1: New USB device found, idVendor=1d6b, idProduct=0002, bcdDevice= 5.07
[    1.658984] usb usb1: New USB device strings: Mfr=3, Product=2, SerialNumber=1
[    1.662193] usb usb1: Product: EHCI Host Controller
[    1.665334] usb usb1: Manufacturer: Linux 5.7.0-rc5-next-20200515+ ehci_hcd
[    1.668528] usb usb1: SerialNumber: 0000:00:1d.7
[    1.672451] hub 1-0:1.0: USB hub found
[    1.675588] hub 1-0:1.0: 8 ports detected
[    1.680685] ohci_hcd: USB 1.1 'Open' Host Controller (OHCI) Driver
[    1.683737] ohci-pci: OHCI PCI platform driver
[    1.686813] uhci_hcd: USB Universal Host Controller Interface driver
[    1.690386] uhci_hcd 0000:00:1d.0: UHCI Host Controller
[    1.693710] uhci_hcd 0000:00:1d.0: new USB bus registered, assigned bus number 2
[    1.696788] uhci_hcd 0000:00:1d.0: detected 2 ports
[    1.699757] uhci_hcd 0000:00:1d.0: irq 16, io base 0x00001820
[    1.702963] usb usb2: New USB device found, idVendor=1d6b, idProduct=0001, bcdDevice= 5.07
[    1.706037] usb usb2: New USB device strings: Mfr=3, Product=2, SerialNumber=1
[    1.709120] usb usb2: Product: UHCI Host Controller
[    1.712132] usb usb2: Manufacturer: Linux 5.7.0-rc5-next-20200515+ uhci_hcd
[    1.715110] usb usb2: SerialNumber: 0000:00:1d.0
[    1.718726] hub 2-0:1.0: USB hub found
[    1.721716] hub 2-0:1.0: 2 ports detected
[    1.725745] uhci_hcd 0000:00:1d.1: UHCI Host Controller
[    1.728920] uhci_hcd 0000:00:1d.1: new USB bus registered, assigned bus number 3
[    1.731892] uhci_hcd 0000:00:1d.1: detected 2 ports
[    1.734791] uhci_hcd 0000:00:1d.1: irq 17, io base 0x00001840
[    1.737852] usb usb3: New USB device found, idVendor=1d6b, idProduct=0001, bcdDevice= 5.07
[    1.740709] usb usb3: New USB device strings: Mfr=3, Product=2, SerialNumber=1
[    1.743446] usb usb3: Product: UHCI Host Controller
[    1.746140] usb usb3: Manufacturer: Linux 5.7.0-rc5-next-20200515+ uhci_hcd
[    1.748866] usb usb3: SerialNumber: 0000:00:1d.1
[    1.752227] hub 3-0:1.0: USB hub found
[    1.754913] hub 3-0:1.0: 2 ports detected
[    1.758748] uhci_hcd 0000:00:1d.2: UHCI Host Controller
[    1.761656] uhci_hcd 0000:00:1d.2: new USB bus registered, assigned bus number 4
[    1.764355] uhci_hcd 0000:00:1d.2: detected 2 ports
[    1.767030] uhci_hcd 0000:00:1d.2: irq 18, io base 0x00001860
[    1.769914] usb usb4: New USB device found, idVendor=1d6b, idProduct=0001, bcdDevice= 5.07
[    1.772627] usb usb4: New USB device strings: Mfr=3, Product=2, SerialNumber=1
[    1.775288] usb usb4: Product: UHCI Host Controller
[    1.777928] usb usb4: Manufacturer: Linux 5.7.0-rc5-next-20200515+ uhci_hcd
[    1.780608] usb usb4: SerialNumber: 0000:00:1d.2
[    1.783897] hub 4-0:1.0: USB hub found
[    1.786620] hub 4-0:1.0: 2 ports detected
[    1.790427] uhci_hcd 0000:00:1d.3: UHCI Host Controller
[    1.793329] uhci_hcd 0000:00:1d.3: new USB bus registered, assigned bus number 5
[    1.795983] uhci_hcd 0000:00:1d.3: detected 2 ports
[    1.798636] uhci_hcd 0000:00:1d.3: irq 19, io base 0x00001880
[    1.801534] usb usb5: New USB device found, idVendor=1d6b, idProduct=0001, bcdDevice= 5.07
[    1.804226] usb usb5: New USB device strings: Mfr=3, Product=2, SerialNumber=1
[    1.806874] usb usb5: Product: UHCI Host Controller
[    1.809540] usb usb5: Manufacturer: Linux 5.7.0-rc5-next-20200515+ uhci_hcd
[    1.812214] usb usb5: SerialNumber: 0000:00:1d.3
[    1.815448] hub 5-0:1.0: USB hub found
[    1.818093] hub 5-0:1.0: 2 ports detected
[    1.821575] usbcore: registered new interface driver cdc_acm
[    1.824086] cdc_acm: USB Abstract Control Model driver for USB modems and ISDN adapters
[    1.826787] usbcore: registered new interface driver usblp
[    1.829541] usbcore: registered new interface driver usb-storage
[    1.832215] usbcore: registered new interface driver ums-sddr09
[    1.834912] usbcore: registered new interface driver usbserial_generic
[    1.837504] usbserial: USB Serial support registered for generic
[    1.840136] usbcore: registered new interface driver ch341
[    1.842674] usbserial: USB Serial support registered for ch341-uart
[    1.845256] usbcore: registered new interface driver cp210x
[    1.847765] usbserial: USB Serial support registered for cp210x
[    1.850346] usbcore: registered new interface driver usb_debug
[    1.852897] usbserial: USB Serial support registered for debug
[    1.855444] usbserial: USB Serial support registered for xhci_dbc
[    1.858017] usbcore: registered new interface driver ftdi_sio
[    1.860577] usbserial: USB Serial support registered for FTDI USB Serial Device
[    1.863245] usbcore: registered new interface driver option
[    1.865841] usbserial: USB Serial support registered for GSM modem (1-port)
[    1.868683] usbcore: registered new interface driver pl2303
[    1.871283] usbserial: USB Serial support registered for pl2303
[    1.873941] usbcore: registered new interface driver usb_serial_simple
[    1.876579] usbserial: USB Serial support registered for carelink
[    1.879194] usbserial: USB Serial support registered for zio
[    1.881769] usbserial: USB Serial support registered for funsoft
[    1.884303] usbserial: USB Serial support registered for flashloader
[    1.886815] usbserial: USB Serial support registered for google
[    1.889294] usbserial: USB Serial support registered for libtransistor
[    1.891731] usbserial: USB Serial support registered for vivopay
[    1.894138] usbserial: USB Serial support registered for moto_modem
[    1.896521] usbserial: USB Serial support registered for motorola_tetra
[    1.898786] usbserial: USB Serial support registered for novatel_gps
[    1.901020] usbserial: USB Serial support registered for hp4x
[    1.903149] usbserial: USB Serial support registered for suunto
[    1.905243] usbserial: USB Serial support registered for siemens_mpi
[    1.907297] usbcore: registered new interface driver ti_usb_3410_5052
[    1.909368] usbserial: USB Serial support registered for TI USB 3410 1 port adapter
[    1.911518] usbserial: USB Serial support registered for TI USB 5052 2 port adapter
[    1.913598] ftdi_elan: driver ftdi-elan
[    1.915613] usbcore: registered new interface driver ftdi-elan
[    1.917786] i8042: PNP: PS/2 Controller [PNP0303:KBD,PNP0f13:MOU] at 0x60,0x64 irq 1,12
[    1.930407] serio: i8042 KBD port at 0x60,0x64 irq 1
[    1.932850] serio: i8042 AUX port at 0x60,0x64 irq 12
[    1.935655] mousedev: PS/2 mouse device common for all mice
[    1.939092] input: PC Speaker as /devices/platform/pcspkr/input/input5
[    1.941826] rtc_cmos 00:02: RTC can wake from S4
[    1.944904] rtc_cmos 00:02: registered as rtc0
[    1.947080] rtc_cmos 00:02: setting system clock to 2020-05-24T06:43:46 UTC (1590302626)
[    1.949471] rtc_cmos 00:02: alarms up to one month, y3k, 114 bytes nvram, hpet irqs
[    1.951887] usbcore: registered new interface driver uvcvideo
[    1.954317] input: AT Translated Set 2 keyboard as /devices/platform/i8042/serio0/input/input4
[    1.957961] USB Video Class driver (1.1.1)
[    1.960288] gspca_main: v2.14.0 registered
[    1.962601] usbcore: registered new interface driver sq930x
[    1.966391] device-mapper: ioctl: 4.42.0-ioctl (2020-02-27) initialised: dm-devel@redhat.com
[    1.968805] Bluetooth: HCI UART driver ver 2.3
[    1.971070] Bluetooth: HCI UART protocol H4 registered
[    1.973341] Bluetooth: HCI UART protocol BCSP registered
[    1.975684] usbcore: registered new interface driver btusb
[    1.977940] intel_pstate: CPU model not supported
[    1.980347] sdhci: Secure Digital Host Controller Interface driver
[    1.982681] sdhci: Copyright(c) Pierre Ossman
[    1.985113] sdhci-pci 0000:15:00.2: SDHCI controller found [1180:0822] (rev 18)
[    1.987930] sdhci-pci 0000:15:00.2: Will use DMA mode even though HW doesn't fully claim to support it.
[    1.991070] mmc0 bounce up to 128 segments into one, max segment size 65536 bytes
[    1.993926] sdhci-pci 0000:15:00.2: Will use DMA mode even though HW doesn't fully claim to support it.
[    1.997315] mmc0: SDHCI controller on PCI [0000:15:00.2] using DMA
[    2.001191] hid: raw HID events driver (C) Jiri Kosina
[    2.005638] usbcore: registered new interface driver usbhid
[    2.008803] usbhid: USB HID core driver
[    2.012595] thinkpad_acpi: ThinkPad ACPI Extras v0.26
[    2.016236] thinkpad_acpi: http://ibm-acpi.sf.net/
[    2.019241] thinkpad_acpi: ThinkPad BIOS 7BETD8WW (2.19 ), EC 7BHT40WW-1.13
[    2.022378] thinkpad_acpi: Lenovo ThinkPad X60, model 17097HU
[    2.031928] thinkpad_acpi: ACPI backlight control delay disabled
[    2.035531] thinkpad_acpi: radio switch found; radios are enabled
[    2.038924] thinkpad_acpi: This ThinkPad has standard ACPI backlight brightness control, supported by the ACPI video driver
[    2.045103] thinkpad_acpi: Disabling thinkpad-acpi brightness events by default...
[    2.054163] sdhci-pci 0000:15:00.2: Will use DMA mode even though HW doesn't fully claim to support it.
[    2.060218] thinkpad_acpi: rfkill switch tpacpi_bluetooth_sw: radio is unblocked
[    2.066924] thinkpad_acpi: warning: userspace override of important firmware LEDs is enabled
[    2.075895] thinkpad_acpi: Standard ACPI backlight interface available, not loading native one
[    2.079329] thinkpad_acpi: volume: disabled as there is no ALSA support in this kernel
[    2.083642] thinkpad_acpi: battery 1 registered (start 0, stop 0)
[    2.083659] battery: new extension: ThinkPad Battery Extension
[    2.090721] input: ThinkPad Extra Buttons as /devices/platform/thinkpad_acpi/input/input8
[    2.101249] snd_hda_intel 0000:00:1b.0: probe_mask set to 0x1 for device 17aa:2010
[    2.105458] usbcore: registered new interface driver snd-usb-audio
[    2.111387] NET: Registered protocol family 17
[    2.114895] sdhci-pci 0000:15:00.2: Will use DMA mode even though HW doesn't fully claim to support it.
[    2.119123] Bluetooth: RFCOMM TTY layer initialized
[    2.122683] Bluetooth: RFCOMM socket layer initialized
[    2.126281] Bluetooth: RFCOMM ver 1.11
[    2.129758] Bluetooth: BNEP (Ethernet Emulation) ver 1.3
[    2.133244] Bluetooth: BNEP filters: protocol multicast
[    2.136782] Bluetooth: BNEP socket layer initialized
[    2.140193] Bluetooth: HIDP (Human Interface Emulation) ver 1.2
[    2.143604] Bluetooth: HIDP socket layer initialized
[    2.148169] snd_hda_codec_analog hdaudioC0D0: autoconfig for AD1981: line_outs=1 (0x5/0x0/0x0/0x0/0x0) type:speaker
[    2.155143] microcode: sig=0x6e8, pf=0x20, revision=0x39
[    2.158470] snd_hda_codec_analog hdaudioC0D0:    speaker_outs=0 (0x0/0x0/0x0/0x0/0x0)
[    2.162053] snd_hda_codec_analog hdaudioC0D0:    hp_outs=0 (0x0/0x0/0x0/0x0/0x0)
[    2.164247] microcode: Microcode Update Driver: v2.2.
[    2.164254] IPI shorthand broadcast: enabled
[    2.165565] snd_hda_codec_analog hdaudioC0D0:    mono: mono_out=0x0
[    2.169104] Loading compiled-in X.509 certificates
[    2.172067] snd_hda_codec_analog hdaudioC0D0:    inputs:
[    2.175590] Key type ._fscrypt registered
[    2.178753] snd_hda_codec_analog hdaudioC0D0:      Mic=0x8
[    2.182080] Key type .fscrypt registered
[    2.185327] snd_hda_codec_analog hdaudioC0D0:      CD=0x19
[    2.188662] Key type fscrypt-provisioning registered
[    2.199562] Key type encrypted registered
[    2.207177] cfg80211: Loading compiled-in X.509 certificates for regulatory database
[    2.212150] sdhci-pci 0000:15:00.2: Will use DMA mode even though HW doesn't fully claim to support it.
[    2.213173] cfg80211: Loaded X.509 cert 'sforshee: 00b28ddf47aef9cea7'
[    2.218737] platform regulatory.0: Direct firmware load for regulatory.db failed with error -2
[    2.222052] cfg80211: failed to load regulatory.db
[    2.246686] PM: Image not found (code -22)
[    2.246723] ALSA device list:
[    2.252300]   #0: HDA Intel at 0xee240000 irq 17
[    2.288581] sdhci-pci 0000:15:00.2: Will use DMA mode even though HW doesn't fully claim to support it.
[    2.308193] usb 5-1: new full-speed USB device number 2 using uhci_hcd
[    2.501448] usb 5-1: New USB device found, idVendor=0a5c, idProduct=2110, bcdDevice= 1.00
[    2.507186] usb 5-1: New USB device strings: Mfr=1, Product=2, SerialNumber=0
[    2.512859] usb 5-1: Product: BCM2045B
[    2.518298] usb 5-1: Manufacturer: Broadcom Corp
[    2.546173] psmouse serio1: trackpoint: IBM TrackPoint firmware: 0x0e, buttons: 3/3
[    2.568583] input: TPPS/2 IBM TrackPoint as /devices/platform/i8042/serio1/input/input7
[    2.579617] md: Waiting for all devices to be available before autodetect
[    2.583934] md: If you don't use raid, use raid=noautodetect
[    2.590109] md: Autodetecting RAID arrays.
[    2.594484] md: autorun ...
[    2.598774] md: ... autorun DONE.
[    2.605277] EXT4-fs (sda4): INFO: recovery required on readonly filesystem
[    2.608563] EXT4-fs (sda4): write access will be enabled during recovery
[    3.295788] EXT4-fs (sda4): recovery complete
[    3.304870] EXT4-fs (sda4): mounted filesystem with ordered data mode. Opts: (null)
[    3.309143] VFS: Mounted root (ext4 filesystem) readonly on device 8:4.
[    3.313904] devtmpfs: mounted
[    3.318820] Freeing unused kernel image (initmem) memory: 668K
[    3.323139] Write protecting kernel text and read-only data: 18704k
[    3.326303] NX-protecting the kernel data: 7132k
[    3.330137] x86/mm: Checked W+X mappings: passed, no W+X pages found.
[    3.333296] rodata_test: all tests were successful
[    3.336554] x86/mm: Checking user space page tables
[    3.339779] x86/mm: Checked W+X mappings: passed, no W+X pages found.
[    3.342954] Run /sbin/init as init process
[    3.346106]   with arguments:
[    3.346109]     /sbin/init
[    3.346112]   with environment:
[    3.346114]     HOME=/
[    3.346117]     TERM=linux
[    3.346119]     BOOT_IMAGE=(hd0,2)/fast/l/linux-next-32/arch/x86/boot/bzImage
[    3.380211] usb 5-2: new full-speed USB device number 3 using uhci_hcd
[    3.582440] usb 5-2: New USB device found, idVendor=0483, idProduct=2016, bcdDevice= 0.01
[    3.588429] usb 5-2: New USB device strings: Mfr=1, Product=2, SerialNumber=0
[    3.594220] usb 5-2: Product: Biometric Coprocessor
[    3.594226] usb 5-2: Manufacturer: STMicroelectronics
[    3.671244] random: systemd: uninitialized urandom read (16 bytes read)
[    3.677100] systemd[1]: systemd 215 running in system mode. (+PAM +AUDIT +SELINUX +IMA +SYSVINIT +LIBCRYPTSETUP +GCRYPT +ACL +XZ -SECCOMP -APPARMOR)
[    3.704424] systemd[1]: Detected architecture 'x86'.
[    3.770226] systemd[1]: Failed to insert module 'ipv6'
[    3.774072] systemd[1]: Set hostname to <amd>.
[    3.873784] random: systemd-sysv-ge: uninitialized urandom read (16 bytes read)
[    4.268462] random: systemd: uninitialized urandom read (16 bytes read)
[    4.530324] systemd[1]: [/lib/systemd/system/anacron.timer:6] Unknown lvalue 'RandomizedDelaySec' in section 'Timer'
[    4.623236] systemd[1]: Binding to IPv6 address not available since kernel does not support IPv6.
[    4.627531] systemd[1]: [/lib/systemd/system/gpsd.socket:6] Failed to parse address value, ignoring: [::1]:2947
[    4.747273] random: crng init done
[    4.752927] random: 7 urandom warning(s) missed due to ratelimiting
[    4.880032] systemd[1]: Starting User and Group Name Lookups.
[    4.893229] systemd[1]: Reached target User and Group Name Lookups.
[    4.896574] systemd[1]: Starting Forward Password Requests to Wall Directory Watch.
[    5.511312] systemd-udevd[2351]: starting version 215
[    6.446601] EXT4-fs (sda4): re-mounted. Opts: errors=remount-ro
[    7.220460] e1000e 0000:02:00.0 eth1: renamed from eth0
[    7.248621] systemd-udevd[2517]: renamed network interface eth0 to eth1
[    8.676266] Adding 2097148k swap on /dev/sda1.  Priority:-2 extents:1 across:2097148k 
[  183.935366] EXT4-fs (sda2): mounted filesystem with ordered data mode. Opts: errors=remount-ro
[  186.473463] systemd-journald[2099]: Received request to flush runtime journal from PID 1
[  196.086310] iwl3945 0000:03:00.0: loaded firmware version 15.32.2.9
[  221.498353] traps: clock-applet[3630] trap int3 ip:b727ffc0 sp:bfb2faa0 error:0 in libglib-2.0.so.0.5000.3[b7233000+12a000]
[  221.674087] traps: mateweather-app[3632] trap int3 ip:b7230fc0 sp:bfd39320 error:0 in libglib-2.0.so.0.5000.3[b71e4000+12a000]
[  221.996041] wlan0: authenticate with 5c:f4:ab:10:d2:bb
[  222.000689] wlan0: send auth to 5c:f4:ab:10:d2:bb (try 1/3)
[  222.002609] wlan0: authenticated
[  222.008270] wlan0: associate with 5c:f4:ab:10:d2:bb (try 1/3)
[  222.011195] wlan0: RX AssocResp from 5c:f4:ab:10:d2:bb (capab=0x411 status=0 aid=1)
[  222.015058] wlan0: associated
[  576.517299] perf: interrupt took too long (2501 > 2500), lowering kernel.perf_event_max_sample_rate to 79750
