[    0.000000] Linux version 5.1.0-next-20190507+ (pavel@duo) (gcc version 4.9.2 (Debian 4.9.2-10+deb8u2)) #276 SMP Wed May 8 00:33:22 CEST 2019
[    0.000000] Disabled fast string operations
[    0.000000] x86/fpu: x87 FPU will use FXSAVE
[    0.000000] BIOS-provided physical RAM map:
[    0.000000] BIOS-e820: [mem 0x0000000000000000-0x000000000009efff] usable
[    0.000000] BIOS-e820: [mem 0x000000000009f000-0x000000000009ffff] reserved
[    0.000000] BIOS-e820: [mem 0x00000000000dc000-0x00000000000fffff] reserved
[    0.000000] BIOS-e820: [mem 0x0000000000100000-0x00000000bf6cffff] usable
[    0.000000] BIOS-e820: [mem 0x00000000bf6d0000-0x00000000bf6defff] ACPI data
[    0.000000] BIOS-e820: [mem 0x00000000bf6df000-0x00000000bf6fffff] ACPI NVS
[    0.000000] BIOS-e820: [mem 0x00000000bf700000-0x00000000bfffffff] reserved
[    0.000000] BIOS-e820: [mem 0x00000000f0000000-0x00000000f3ffffff] reserved
[    0.000000] BIOS-e820: [mem 0x00000000fec00000-0x00000000fec0ffff] reserved
[    0.000000] BIOS-e820: [mem 0x00000000fed00000-0x00000000fed003ff] reserved
[    0.000000] BIOS-e820: [mem 0x00000000fed14000-0x00000000fed19fff] reserved
[    0.000000] BIOS-e820: [mem 0x00000000fed1c000-0x00000000fed8ffff] reserved
[    0.000000] BIOS-e820: [mem 0x00000000fee00000-0x00000000fee00fff] reserved
[    0.000000] BIOS-e820: [mem 0x00000000ff800000-0x00000000ffffffff] reserved
[    0.000000] NX (Execute Disable) protection: active
[    0.000000] SMBIOS 2.4 present.
[    0.000000] DMI: LENOVO 17097HU/17097HU, BIOS 7BETD8WW (2.19 ) 03/31/2011
[    0.000000] tsc: Fast TSC calibration failed
[    0.000000] e820: update [mem 0x00000000-0x00000fff] usable ==> reserved
[    0.000000] e820: remove [mem 0x000a0000-0x000fffff] usable
[    0.000000] last_pfn = 0xbf6d0 max_arch_pfn = 0x1000000
[    0.000000] MTRR default type: uncachable
[    0.000000] MTRR fixed ranges enabled:
[    0.000000]   00000-9FFFF write-back
[    0.000000]   A0000-BFFFF uncachable
[    0.000000]   C0000-CFFFF write-protect
[    0.000000]   D0000-DBFFF uncachable
[    0.000000]   DC000-DFFFF write-back
[    0.000000]   E0000-FFFFF write-protect
[    0.000000] MTRR variable ranges enabled:
[    0.000000]   0 base 000000000 mask F80000000 write-back
[    0.000000]   1 base 080000000 mask FC0000000 write-back
[    0.000000]   2 base 0BF700000 mask FFFF00000 uncachable
[    0.000000]   3 base 0BF800000 mask FFF800000 uncachable
[    0.000000]   4 disabled
[    0.000000]   5 disabled
[    0.000000]   6 disabled
[    0.000000]   7 disabled
[    0.000000] x86/PAT: PAT not supported by CPU.
[    0.000000] x86/PAT: Configuration [0-7]: WB  WT  UC- UC  WB  WT  UC- UC  
[    0.000000] initial memory mapped: [mem 0x00000000-0x05bfffff]
[    0.000000] BRK [0x057e3000, 0x057e3fff] PGTABLE
[    0.000000] BRK [0x057e4000, 0x057e4fff] PGTABLE
[    0.000000] ACPI: Early table checksum verification disabled
[    0.000000] ACPI: RSDP 0x00000000000F67C0 000024 (v02 LENOVO)
[    0.000000] ACPI: XSDT 0x00000000BF6D191C 000084 (v01 LENOVO TP-7B    00002190  LTP 00000000)
[    0.000000] ACPI: FACP 0x00000000BF6D1A00 0000F4 (v03 LENOVO TP-7B    00002190 LNVO 00000001)
[    0.000000] ACPI BIOS Warning (bug): 32/64X length mismatch in FADT/Gpe0Block: 64/32 (20190405/tbfadt-569)
[    0.000000] ACPI BIOS Warning (bug): Optional FADT field Gpe1Block has valid Address but zero Length: 0x000000000000102C/0x0 (20190405/tbfadt-624)
[    0.000000] ACPI: DSDT 0x00000000BF6D1D90 00CFB9 (v01 LENOVO TP-7B    00002190 MSFT 0100000E)
[    0.000000] ACPI: FACS 0x00000000BF6F4000 000040
[    0.000000] ACPI: FACS 0x00000000BF6F4000 000040
[    0.000000] ACPI: SSDT 0x00000000BF6D1BB4 0001DC (v01 LENOVO TP-7B    00002190 MSFT 0100000E)
[    0.000000] ACPI: ECDT 0x00000000BF6DED49 000052 (v01 LENOVO TP-7B    00002190 LNVO 00000001)
[    0.000000] ACPI: TCPA 0x00000000BF6DED9B 000032 (v02 LENOVO TP-7B    00002190 LNVO 00000001)
[    0.000000] ACPI: APIC 0x00000000BF6DEDCD 000068 (v01 LENOVO TP-7B    00002190 LNVO 00000001)
[    0.000000] ACPI: MCFG 0x00000000BF6DEE35 00003C (v01 LENOVO TP-7B    00002190 LNVO 00000001)
[    0.000000] ACPI: HPET 0x00000000BF6DEE71 000038 (v01 LENOVO TP-7B    00002190 LNVO 00000001)
[    0.000000] ACPI: BOOT 0x00000000BF6DEFD8 000028 (v01 LENOVO TP-7B    00002190  LTP 00000001)
[    0.000000] ACPI: SSDT 0x00000000BF6F2645 00025F (v01 LENOVO TP-7B    00002190 INTL 20050513)
[    0.000000] ACPI: SSDT 0x00000000BF6F28A4 0000A6 (v01 LENOVO TP-7B    00002190 INTL 20050513)
[    0.000000] ACPI: SSDT 0x00000000BF6F294A 0004F7 (v01 LENOVO TP-7B    00002190 INTL 20050513)
[    0.000000] ACPI: SSDT 0x00000000BF6F2E41 0001D8 (v01 LENOVO TP-7B    00002190 INTL 20050513)
[    0.000000] ACPI: Local APIC address 0xfee00000
[    0.000000] 2176MB HIGHMEM available.
[    0.000000] 885MB LOWMEM available.
[    0.000000]   mapped low ram: 0 - 375fe000
[    0.000000]   low ram: 0 - 375fe000
[    0.000000] BRK [0x057e5000, 0x057e5fff] PGTABLE
[    0.000000] Zone ranges:
[    0.000000]   DMA      [mem 0x0000000000001000-0x0000000000ffffff]
[    0.000000]   Normal   [mem 0x0000000001000000-0x00000000375fdfff]
[    0.000000]   HighMem  [mem 0x00000000375fe000-0x00000000bf6cffff]
[    0.000000] Movable zone start for each node
[    0.000000] Early memory node ranges
[    0.000000]   node   0: [mem 0x0000000000001000-0x000000000009efff]
[    0.000000]   node   0: [mem 0x0000000000100000-0x00000000bf6cffff]
[    0.000000] Initmem setup node 0 [mem 0x0000000000001000-0x00000000bf6cffff]
[    0.000000] On node 0 totalpages: 783982
[    0.000000]   DMA zone: 32 pages used for memmap
[    0.000000]   DMA zone: 0 pages reserved
[    0.000000]   DMA zone: 3998 pages, LIFO batch:0
[    0.000000]   Normal zone: 1740 pages used for memmap
[    0.000000]   Normal zone: 222718 pages, LIFO batch:63
[    0.000000]   HighMem zone: 557266 pages, LIFO batch:63
[    0.000000] Using APIC driver default
[    0.000000] Reserving Intel graphics memory at [mem 0xbf800000-0xbfffffff]
[    0.000000] ACPI: PM-Timer IO Port: 0x1008
[    0.000000] ACPI: Local APIC address 0xfee00000
[    0.000000] ACPI: LAPIC_NMI (acpi_id[0x00] high edge lint[0x1])
[    0.000000] ACPI: LAPIC_NMI (acpi_id[0x01] high edge lint[0x1])
[    0.000000] IOAPIC[0]: apic_id 1, version 32, address 0xfec00000, GSI 0-23
[    0.000000] ACPI: INT_SRC_OVR (bus 0 bus_irq 0 global_irq 2 dfl dfl)
[    0.000000] ACPI: INT_SRC_OVR (bus 0 bus_irq 9 global_irq 9 high level)
[    0.000000] ACPI: IRQ0 used by override.
[    0.000000] ACPI: IRQ9 used by override.
[    0.000000] Using ACPI (MADT) for SMP configuration information
[    0.000000] ACPI: HPET id: 0x8086a201 base: 0xfed00000
[    0.000000] smpboot: Allowing 2 CPUs, 0 hotplug CPUs
[    0.000000] PM: Registered nosave memory: [mem 0x00000000-0x00000fff]
[    0.000000] PM: Registered nosave memory: [mem 0x0009f000-0x0009ffff]
[    0.000000] PM: Registered nosave memory: [mem 0x000a0000-0x000dbfff]
[    0.000000] PM: Registered nosave memory: [mem 0x000dc000-0x000fffff]
[    0.000000] [mem 0xc0000000-0xefffffff] available for PCI devices
[    0.000000] clocksource: refined-jiffies: mask: 0xffffffff max_cycles: 0xffffffff, max_idle_ns: 7645519600211568 ns
[    0.000000] setup_percpu: NR_CPUS:8 nr_cpumask_bits:8 nr_cpu_ids:2 nr_node_ids:1
[    0.000000] percpu: Embedded 37 pages/cpu s119336 r0 d32216 u151552
[    0.000000] pcpu-alloc: s119336 r0 d32216 u151552 alloc=37*4096
[    0.000000] pcpu-alloc: [0] 0 [0] 1 
[    0.000000] Built 1 zonelists, mobility grouping on.  Total pages: 782210
[    0.000000] Kernel command line: BOOT_IMAGE=(hd0,2)/fast/l/linux-next-32/arch/x86/boot/bzImage root=/dev/sda4 resume=/dev/sda1
[    0.000000] Dentry cache hash table entries: 131072 (order: 7, 524288 bytes)
[    0.000000] Inode-cache hash table entries: 65536 (order: 6, 262144 bytes)
[    0.000000] Initializing CPU#0
[    0.000000] Initializing HighMem for node 0 (000375fe:000bf6d0)
[    0.000000] Initializing Movable for node 0 (00000000:00000000)
[    0.000000] Memory: 3019864K/3135928K available (12489K kernel code, 705K rwdata, 4804K rodata, 644K init, 5416K bss, 116064K reserved, 0K cma-reserved, 2229064K highmem)
[    0.000000] virtual kernel memory layout:
    fixmap  : 0xffe72000 - 0xfffff000   (1588 kB)
  cpu_entry : 0xffa00000 - 0xffb31000   (1220 kB)
    pkmap   : 0xff600000 - 0xff800000   (2048 kB)
    vmalloc : 0xf7dfe000 - 0xff5fe000   ( 120 MB)
    lowmem  : 0xc0000000 - 0xf75fe000   ( 885 MB)
      .init : 0xc51be000 - 0xc525f000   ( 644 kB)
      .data : 0xc4c32418 - 0xc519c400   (5543 kB)
      .text : 0xc4000000 - 0xc4c32418   (12489 kB)
[    0.000000] Checking if this processor honours the WP bit even in supervisor mode...Ok.
[    0.000000] random: get_random_u32 called from cache_alloc_refill+0x7a3/0xb40 with crng_init=0
[    0.000000] Kernel/User page tables isolation: enabled
[    0.000000] rcu: Hierarchical RCU implementation.
[    0.000000] rcu: 	RCU restricting CPUs from NR_CPUS=8 to nr_cpu_ids=2.
[    0.000000] rcu: RCU calculated value of scheduler-enlistment delay is 25 jiffies.
[    0.000000] rcu: Adjusting geometry for rcu_fanout_leaf=16, nr_cpu_ids=2
[    0.000000] NR_IRQS: 2304, nr_irqs: 56, preallocated irqs: 16
[    0.000000] Console: colour VGA+ 80x25
[    0.000000] printk: console [tty0] enabled
[    0.000000] Lock dependency validator: Copyright (c) 2006 Red Hat, Inc., Ingo Molnar
[    0.000000] ... MAX_LOCKDEP_SUBCLASSES:  8
[    0.000000] ... MAX_LOCK_DEPTH:          48
[    0.000000] ... MAX_LOCKDEP_KEYS:        8191
[    0.000000] ... CLASSHASH_SIZE:          4096
[    0.000000] ... MAX_LOCKDEP_ENTRIES:     32768
[    0.000000] ... MAX_LOCKDEP_CHAINS:      65536
[    0.000000] ... CHAINHASH_SIZE:          32768
[    0.000000]  memory used by lock dependency info: 2211 kB
[    0.000000]  per task-struct memory footprint: 1344 bytes
[    0.000000] ACPI: Core revision 20190405
[    0.000000] clocksource: hpet: mask: 0xffffffff max_cycles: 0xffffffff, max_idle_ns: 133484882848 ns
[    0.000000] hpet clockevent registered
[    0.000000] APIC: Switch to symmetric I/O mode setup
[    0.000000] Enabling APIC mode:  Flat.  Using 1 I/O APICs
[    0.000000] ..TIMER: vector=0x30 apic1=0 pin1=2 apic2=-1 pin2=-1
[    0.024000] tsc: PIT calibration matches HPET. 1 loops
[    0.024000] tsc: Detected 1828.759 MHz processor
[    0.000003] clocksource: tsc-early: mask: 0xffffffffffffffff max_cycles: 0x1a5c4937c6f, max_idle_ns: 440795288698 ns
[    0.000094] Calibrating delay loop (skipped), value calculated using timer frequency.. 3657.51 BogoMIPS (lpj=7315036)
[    0.000181] pid_max: default: 32768 minimum: 301
[    0.000516] Mount-cache hash table entries: 2048 (order: 1, 8192 bytes)
[    0.000609] Mountpoint-cache hash table entries: 2048 (order: 1, 8192 bytes)
[    0.001297] *** VALIDATE proc ***
[    0.001466] *** VALIDATE cgroup1 ***
[    0.001539] *** VALIDATE cgroup2 ***
[    0.001688] Disabled fast string operations
[    0.001773] process: using mwait in idle threads
[    0.001857] Last level iTLB entries: 4KB 128, 2MB 0, 4MB 2
[    0.004099] Last level dTLB entries: 4KB 128, 2MB 0, 4MB 8, 1GB 0
[    0.004184] Spectre V2 : Mitigation: Full generic retpoline
[    0.004264] Spectre V2 : Spectre v2 / SpectreRSB mitigation: Filling RSB on context switch
[    0.004361] L1TF: System has more than MAX_PA/2 memory. L1TF mitigation not effective.
[    0.004452] L1TF: You may make it effective by booting the kernel with mem=2147483648 parameter.
[    0.004560] L1TF: However, doing so will make a part of your RAM unusable.
[    0.004645] L1TF: Reading https://www.kernel.org/doc/html/latest/admin-guide/l1tf.html might help you decide.
[    0.004976] Freeing SMP alternatives memory: 44K
[    0.012092] smpboot: CPU0: Genuine Intel(R) CPU           T2400  @ 1.83GHz (family: 0x6, model: 0xe, stepping: 0x8)
[    0.012092] Performance Events: Core events, core PMU driver.
[    0.012092] ... version:                1
[    0.012092] ... bit width:              40
[    0.012092] ... generic registers:      2
[    0.012092] ... value mask:             000000ffffffffff
[    0.012092] ... max period:             000000007fffffff
[    0.012092] ... fixed-purpose events:   0
[    0.012092] ... event mask:             0000000000000003
[    0.012092] rcu: Hierarchical SRCU implementation.
[    0.012092] NMI watchdog: Enabled. Permanently consumes one hw-PMU counter.
[    0.012092] smp: Bringing up secondary CPUs ...
[    0.013007] x86: Booting SMP configuration:
[    0.013089] .... node  #0, CPUs:      #1
[    0.000000] Initializing CPU#1
[    0.000000] Disabled fast string operations
[    0.015530] TSC synchronization [CPU#0 -> CPU#1]:
[    0.015838] Measured 579645 cycles TSC warp between CPUs, turning off TSC clock.
[    0.015939] tsc: Marking TSC unstable due to check_tsc_sync_source failed
[    0.016282] smp: Brought up 1 node, 2 CPUs
[    0.016282] smpboot: Max logical packages: 1
[    0.016282] smpboot: Total of 2 processors activated (7315.03 BogoMIPS)
[    0.017981] devtmpfs: initialized
[    0.017981] PM: Registering ACPI NVS region [mem 0xbf6df000-0xbf6fffff] (135168 bytes)
[    0.017981] clocksource: jiffies: mask: 0xffffffff max_cycles: 0xffffffff, max_idle_ns: 7645041785100000 ns
[    0.017981] futex hash table entries: 512 (order: 3, 32768 bytes)
[    0.020110] NET: Registered protocol family 16
[    0.020191] cpuidle: using governor ladder
[    0.020372] cpuidle: using governor menu
[    0.020591] Simple Boot Flag at 0x35 set to 0x1
[    0.020694] ACPI FADT declares the system doesn't support PCIe ASPM, so disable it
[    0.020811] ACPI: bus type PCI registered
[    0.021100] PCI: MMCONFIG for domain 0000 [bus 00-3f] at [mem 0xf0000000-0xf3ffffff] (base 0xf0000000)
[    0.024120] PCI: MMCONFIG at [mem 0xf0000000-0xf3ffffff] reserved in E820
[    0.024120] PCI: Using MMCONFIG for extended config space
[    0.024120] PCI: Using configuration type 1 for base access
[    0.024428] mtrr: your CPUs had inconsistent variable MTRR settings
[    0.024428] mtrr: probably your BIOS does not setup all CPUs.
[    0.024428] mtrr: corrected configuration.
[    0.096415] ACPI: Added _OSI(Module Device)
[    0.096496] ACPI: Added _OSI(Processor Device)
[    0.096573] ACPI: Added _OSI(3.0 _SCP Extensions)
[    0.096650] ACPI: Added _OSI(Processor Aggregator Device)
[    0.096732] ACPI: Added _OSI(Linux-Dell-Video)
[    0.096809] ACPI: Added _OSI(Linux-Lenovo-NV-HDMI-Audio)
[    0.096891] ACPI: Added _OSI(Linux-HPI-Hybrid-Graphics)
[    0.161868] ACPI: 6 ACPI AML tables successfully acquired and loaded
[    0.166193] ACPI: EC: EC started
[    0.166266] ACPI: EC: interrupt blocked
[    0.171458] ACPI: \: Used as first EC
[    0.171533] ACPI: \: GPE=0x1c, EC_CMD/EC_SC=0x66, EC_DATA=0x62
[    0.171616] ACPI: EC: Boot ECDT EC used to handle transactions
[    0.193148] ACPI: Dynamic OEM Table Load:
[    0.193241] ACPI: SSDT 0x00000000F1A7B400 000240 (v01 PmRef  Cpu0Ist  00000100 INTL 20050513)
[    0.194946] ACPI: Dynamic OEM Table Load:
[    0.195037] ACPI: SSDT 0x00000000F12CE000 00065A (v01 PmRef  Cpu0Cst  00000100 INTL 20050513)
[    0.197780] ACPI: Dynamic OEM Table Load:
[    0.197780] ACPI: SSDT 0x00000000F131FC00 0000C8 (v01 PmRef  Cpu1Ist  00000100 INTL 20050513)
[    0.200099] ACPI: Dynamic OEM Table Load:
[    0.200099] ACPI: SSDT 0x00000000F1237000 000085 (v01 PmRef  Cpu1Cst  00000100 INTL 20050513)
[    0.201089] ACPI: Interpreter enabled
[    0.201244] ACPI: (supports S0 S3 S4 S5)
[    0.201324] ACPI: Using IOAPIC for interrupt routing
[    0.201527] PCI: Using host bridge windows from ACPI; if necessary, use "pci=nocrs" and report a bug
[    0.202627] ACPI: Enabled 4 GPEs in block 00 to 1F
[    0.226959] ACPI: Power Resource [PUBS] (on)
[    0.228119] acpi PNP0C0A:01: ACPI dock station (docks/bays count: 1)
[    0.235878] acpi LNXIOBAY:00: ACPI dock station (docks/bays count: 2)
[    0.250413] acpi IBM0079:00: ACPI dock station (docks/bays count: 3)
[    0.252838] ACPI: PCI Interrupt Link [LNKA] (IRQs 3 4 5 6 7 9 10 *11)
[    0.253675] ACPI: PCI Interrupt Link [LNKB] (IRQs 3 4 5 6 7 9 10 *11)
[    0.254512] ACPI: PCI Interrupt Link [LNKC] (IRQs 3 4 5 6 7 9 10 *11)
[    0.255346] ACPI: PCI Interrupt Link [LNKD] (IRQs 3 4 5 6 7 9 10 *11)
[    0.256193] ACPI: PCI Interrupt Link [LNKE] (IRQs 3 4 5 6 7 9 10 *11)
[    0.257029] ACPI: PCI Interrupt Link [LNKF] (IRQs 3 4 5 6 7 9 10 *11)
[    0.257865] ACPI: PCI Interrupt Link [LNKG] (IRQs 3 4 5 6 7 9 10 *11)
[    0.258700] ACPI: PCI Interrupt Link [LNKH] (IRQs 3 4 5 6 7 9 10 *11)
[    0.259231] ACPI: PCI Root Bridge [PCI0] (domain 0000 [bus 00-ff])
[    0.259330] acpi PNP0A08:00: _OSC: OS supports [ExtendedConfig ASPM ClockPM Segments HPX-Type3]
[    0.260386] acpi PNP0A08:00: _OSC: not requesting OS control; OS requires [ExtendedConfig ASPM ClockPM MSI]
[    0.260519] acpi PNP0A08:00: [Firmware Info]: MMCONFIG for domain 0000 [bus 00-3f] only partially covers this bridge
[    0.260888] PCI host bridge to bus 0000:00
[    0.260969] pci_bus 0000:00: root bus resource [io  0x0000-0x0cf7 window]
[    0.261061] pci_bus 0000:00: root bus resource [io  0x0d00-0xffff window]
[    0.261152] pci_bus 0000:00: root bus resource [mem 0x000a0000-0x000bffff window]
[    0.261248] pci_bus 0000:00: root bus resource [mem 0x000d0000-0x000d3fff window]
[    0.261344] pci_bus 0000:00: root bus resource [mem 0x000d4000-0x000d7fff window]
[    0.261439] pci_bus 0000:00: root bus resource [mem 0x000d8000-0x000dbfff window]
[    0.261535] pci_bus 0000:00: root bus resource [mem 0xc0000000-0xfebfffff window]
[    0.261630] pci_bus 0000:00: root bus resource [mem 0xfed40000-0xfed40fff window]
[    0.261726] pci_bus 0000:00: root bus resource [bus 00-ff]
[    0.261839] pci 0000:00:00.0: [8086:27a0] type 00 class 0x060000
[    0.262305] pci 0000:00:02.0: [8086:27a2] type 00 class 0x030000
[    0.262328] pci 0000:00:02.0: reg 0x10: [mem 0xee100000-0xee17ffff]
[    0.262339] pci 0000:00:02.0: reg 0x14: [io  0x1800-0x1807]
[    0.262351] pci 0000:00:02.0: reg 0x18: [mem 0xd0000000-0xdfffffff pref]
[    0.262362] pci 0000:00:02.0: reg 0x1c: [mem 0xee200000-0xee23ffff]
[    0.262817] pci 0000:00:02.1: [8086:27a6] type 00 class 0x038000
[    0.262837] pci 0000:00:02.1: reg 0x10: [mem 0xee180000-0xee1fffff]
[    0.263325] pci 0000:00:1b.0: [8086:27d8] type 00 class 0x040300
[    0.263370] pci 0000:00:1b.0: reg 0x10: [mem 0xee240000-0xee243fff 64bit]
[    0.263534] pci 0000:00:1b.0: PME# supported from D0 D3hot D3cold
[    0.263987] pci 0000:00:1c.0: [8086:27d0] type 01 class 0x060400
[    0.264191] pci 0000:00:1c.0: PME# supported from D0 D3hot D3cold
[    0.264640] pci 0000:00:1c.1: [8086:27d2] type 01 class 0x060400
[    0.264834] pci 0000:00:1c.1: PME# supported from D0 D3hot D3cold
[    0.265273] pci 0000:00:1c.2: [8086:27d4] type 01 class 0x060400
[    0.265467] pci 0000:00:1c.2: PME# supported from D0 D3hot D3cold
[    0.265920] pci 0000:00:1c.3: [8086:27d6] type 01 class 0x060400
[    0.266115] pci 0000:00:1c.3: PME# supported from D0 D3hot D3cold
[    0.266555] pci 0000:00:1d.0: [8086:27c8] type 00 class 0x0c0300
[    0.266633] pci 0000:00:1d.0: reg 0x20: [io  0x1820-0x183f]
[    0.267085] pci 0000:00:1d.1: [8086:27c9] type 00 class 0x0c0300
[    0.267164] pci 0000:00:1d.1: reg 0x20: [io  0x1840-0x185f]
[    0.267608] pci 0000:00:1d.2: [8086:27ca] type 00 class 0x0c0300
[    0.267687] pci 0000:00:1d.2: reg 0x20: [io  0x1860-0x187f]
[    0.268149] pci 0000:00:1d.3: [8086:27cb] type 00 class 0x0c0300
[    0.268226] pci 0000:00:1d.3: reg 0x20: [io  0x1880-0x189f]
[    0.268661] pci 0000:00:1d.7: [8086:27cc] type 00 class 0x0c0320
[    0.268697] pci 0000:00:1d.7: reg 0x10: [mem 0xee444000-0xee4443ff]
[    0.268840] pci 0000:00:1d.7: PME# supported from D0 D3hot D3cold
[    0.269265] pci 0000:00:1e.0: [8086:2448] type 01 class 0x060401
[    0.269799] pci 0000:00:1f.0: [8086:27b9] type 00 class 0x060100
[    0.269956] pci 0000:00:1f.0: quirk: [io  0x1000-0x107f] claimed by ICH6 ACPI/GPIO/TCO
[    0.270060] pci 0000:00:1f.0: quirk: [io  0x1180-0x11bf] claimed by ICH6 GPIO
[    0.270155] pci 0000:00:1f.0: ICH7 LPC Generic IO decode 1 PIO at 1600 (mask 007f)
[    0.270253] pci 0000:00:1f.0: ICH7 LPC Generic IO decode 2 PIO at 15e0 (mask 000f)
[    0.270351] pci 0000:00:1f.0: ICH7 LPC Generic IO decode 3 PIO at 1680 (mask 001f)
[    0.270880] pci 0000:00:1f.1: [8086:27df] type 00 class 0x01018a
[    0.270911] pci 0000:00:1f.1: reg 0x10: [io  0x0000-0x0007]
[    0.270928] pci 0000:00:1f.1: reg 0x14: [io  0x0000-0x0003]
[    0.270944] pci 0000:00:1f.1: reg 0x18: [io  0x0000-0x0007]
[    0.270961] pci 0000:00:1f.1: reg 0x1c: [io  0x0000-0x0003]
[    0.270977] pci 0000:00:1f.1: reg 0x20: [io  0x1810-0x181f]
[    0.271011] pci 0000:00:1f.1: legacy IDE quirk: reg 0x10: [io  0x01f0-0x01f7]
[    0.271104] pci 0000:00:1f.1: legacy IDE quirk: reg 0x14: [io  0x03f6]
[    0.271194] pci 0000:00:1f.1: legacy IDE quirk: reg 0x18: [io  0x0170-0x0177]
[    0.271287] pci 0000:00:1f.1: legacy IDE quirk: reg 0x1c: [io  0x0376]
[    0.271775] pci 0000:00:1f.2: [8086:27c5] type 00 class 0x010601
[    0.271810] pci 0000:00:1f.2: reg 0x10: [io  0x18d0-0x18d7]
[    0.271827] pci 0000:00:1f.2: reg 0x14: [io  0x18c4-0x18c7]
[    0.271844] pci 0000:00:1f.2: reg 0x18: [io  0x18c8-0x18cf]
[    0.271860] pci 0000:00:1f.2: reg 0x1c: [io  0x18c0-0x18c3]
[    0.271877] pci 0000:00:1f.2: reg 0x20: [io  0x18b0-0x18bf]
[    0.271894] pci 0000:00:1f.2: reg 0x24: [mem 0xee444400-0xee4447ff]
[    0.271979] pci 0000:00:1f.2: PME# supported from D3hot
[    0.272406] pci 0000:00:1f.3: [8086:27da] type 00 class 0x0c0500
[    0.272504] pci 0000:00:1f.3: reg 0x20: [io  0x18e0-0x18ff]
[    0.273174] pci 0000:02:00.0: [8086:109a] type 00 class 0x020000
[    0.273238] pci 0000:02:00.0: reg 0x10: [mem 0xee000000-0xee01ffff]
[    0.273286] pci 0000:02:00.0: reg 0x18: [io  0x2000-0x201f]
[    0.273545] pci 0000:02:00.0: PME# supported from D0 D3hot D3cold
[    0.273937] pci 0000:00:1c.0: PCI bridge to [bus 02]
[    0.274024] pci 0000:00:1c.0:   bridge window [io  0x2000-0x2fff]
[    0.274032] pci 0000:00:1c.0:   bridge window [mem 0xee000000-0xee0fffff]
[    0.274292] pci 0000:03:00.0: [8086:4227] type 00 class 0x028000
[    0.274401] pci 0000:03:00.0: reg 0x10: [mem 0xedf00000-0xedf00fff]
[    0.274919] pci 0000:03:00.0: PME# supported from D0 D3hot D3cold
[    0.275371] pci 0000:00:1c.1: PCI bridge to [bus 03]
[    0.275457] pci 0000:00:1c.1:   bridge window [io  0x3000-0x4fff]
[    0.275466] pci 0000:00:1c.1:   bridge window [mem 0xec000000-0xedffffff]
[    0.275478] pci 0000:00:1c.1:   bridge window [mem 0xe4000000-0xe40fffff 64bit pref]
[    0.275621] pci 0000:00:1c.2: PCI bridge to [bus 04-0b]
[    0.275709] pci 0000:00:1c.2:   bridge window [io  0x5000-0x6fff]
[    0.275717] pci 0000:00:1c.2:   bridge window [mem 0xe8000000-0xe9ffffff]
[    0.275729] pci 0000:00:1c.2:   bridge window [mem 0xe4100000-0xe41fffff 64bit pref]
[    0.275875] pci 0000:00:1c.3: PCI bridge to [bus 0c-13]
[    0.275963] pci 0000:00:1c.3:   bridge window [io  0x7000-0x8fff]
[    0.275971] pci 0000:00:1c.3:   bridge window [mem 0xea000000-0xebffffff]
[    0.275983] pci 0000:00:1c.3:   bridge window [mem 0xe4200000-0xe42fffff 64bit pref]
[    0.276022] pci_bus 0000:15: extended config space not accessible
[    0.276214] pci 0000:15:00.0: [1180:0476] type 02 class 0x060700
[    0.276247] pci 0000:15:00.0: reg 0x10: [mem 0xe4300000-0xe4300fff]
[    0.276321] pci 0000:15:00.0: supports D1 D2
[    0.276326] pci 0000:15:00.0: PME# supported from D0 D1 D2 D3hot D3cold
[    0.276573] pci 0000:15:00.1: [1180:0552] type 00 class 0x0c0010
[    0.276602] pci 0000:15:00.1: reg 0x10: [mem 0xe4301000-0xe43017ff]
[    0.276749] pci 0000:15:00.1: PME# supported from D0 D3hot D3cold
[    0.276954] pci 0000:15:00.2: [1180:0822] type 00 class 0x080500
[    0.276983] pci 0000:15:00.2: reg 0x10: [mem 0xe4301800-0xe43018ff]
[    0.277132] pci 0000:15:00.2: supports D1 D2
[    0.277137] pci 0000:15:00.2: PME# supported from D0 D1 D2 D3hot D3cold
[    0.277409] pci 0000:00:1e.0: PCI bridge to [bus 15-18] (subtractive decode)
[    0.277506] pci 0000:00:1e.0:   bridge window [io  0x9000-0xcfff]
[    0.277514] pci 0000:00:1e.0:   bridge window [mem 0xe4300000-0xe7ffffff]
[    0.277526] pci 0000:00:1e.0:   bridge window [mem 0xe0000000-0xe3ffffff 64bit pref]
[    0.277531] pci 0000:00:1e.0:   bridge window [io  0x0000-0x0cf7 window] (subtractive decode)
[    0.277537] pci 0000:00:1e.0:   bridge window [io  0x0d00-0xffff window] (subtractive decode)
[    0.277542] pci 0000:00:1e.0:   bridge window [mem 0x000a0000-0x000bffff window] (subtractive decode)
[    0.277547] pci 0000:00:1e.0:   bridge window [mem 0x000d0000-0x000d3fff window] (subtractive decode)
[    0.277552] pci 0000:00:1e.0:   bridge window [mem 0x000d4000-0x000d7fff window] (subtractive decode)
[    0.277557] pci 0000:00:1e.0:   bridge window [mem 0x000d8000-0x000dbfff window] (subtractive decode)
[    0.277562] pci 0000:00:1e.0:   bridge window [mem 0xc0000000-0xfebfffff window] (subtractive decode)
[    0.277567] pci 0000:00:1e.0:   bridge window [mem 0xfed40000-0xfed40fff window] (subtractive decode)
[    0.277616] pci_bus 0000:16: extended config space not accessible
[    0.277796] pci_bus 0000:16: busn_res: [bus 16-18] end is updated to 17
[    0.277851] pci_bus 0000:00: on NUMA node 0
[    0.285448] ACPI: EC: interrupt unblocked
[    0.285561] ACPI: EC: event unblocked
[    0.285665] ACPI: \_SB_.PCI0.LPC_.EC__: GPE=0x1c, EC_CMD/EC_SC=0x66, EC_DATA=0x62
[    0.285762] ACPI: \_SB_.PCI0.LPC_.EC__: Boot DSDT EC used to handle transactions and events
[    0.286886] pci 0000:00:02.0: vgaarb: setting as boot VGA device
[    0.286976] pci 0000:00:02.0: vgaarb: VGA device added: decodes=io+mem,owns=io+mem,locks=none
[    0.287113] pci 0000:00:02.0: vgaarb: bridge control possible
[    0.287194] vgaarb: loaded
[    0.287858] SCSI subsystem initialized
[    0.288186] libata version 3.00 loaded.
[    0.288385] ACPI: bus type USB registered
[    0.288580] usbcore: registered new interface driver usbfs
[    0.288728] usbcore: registered new interface driver hub
[    0.288875] usbcore: registered new device driver usb
[    0.289065] media: Linux media interface: v0.10
[    0.289186] videodev: Linux video capture interface: v2.00
[    0.289331] pps_core: LinuxPPS API ver. 1 registered
[    0.289412] pps_core: Software ver. 5.3.6 - Copyright 2005-2007 Rodolfo Giometti <giometti@linux.it>
[    0.289553] PTP clock support registered
[    0.289834] EDAC MC: Ver: 3.0.0
[    0.292531] Advanced Linux Sound Architecture Driver Initialized.
[    0.292763] PCI: Using ACPI for IRQ routing
[    0.295813] PCI: pci_cache_line_size set to 64 bytes
[    0.296139] e820: reserve RAM buffer [mem 0x0009f000-0x0009ffff]
[    0.296145] e820: reserve RAM buffer [mem 0xbf6d0000-0xbfffffff]
[    0.296829] Bluetooth: Core ver 2.22
[    0.296966] NET: Registered protocol family 31
[    0.297043] Bluetooth: HCI device and connection manager initialized
[    0.297139] Bluetooth: HCI socket layer initialized
[    0.297220] Bluetooth: L2CAP socket layer initialized
[    0.297322] Bluetooth: SCO socket layer initialized
[    0.297959] clocksource: Switched to clocksource hpet
[    0.298432] pnp: PnP ACPI init
[    0.299750] system 00:00: [mem 0x00000000-0x0009ffff] could not be reserved
[    0.299849] system 00:00: [mem 0x000c0000-0x000c3fff] could not be reserved
[    0.299946] system 00:00: [mem 0x000c4000-0x000c7fff] could not be reserved
[    0.300040] system 00:00: [mem 0x000c8000-0x000cbfff] has been reserved
[    0.300296] system 00:00: [mem 0x000cc000-0x000cffff] has been reserved
[    0.300390] system 00:00: [mem 0x000dc000-0x000dffff] could not be reserved
[    0.300486] system 00:00: [mem 0x000e0000-0x000e3fff] could not be reserved
[    0.300582] system 00:00: [mem 0x000e4000-0x000e7fff] could not be reserved
[    0.300678] system 00:00: [mem 0x000e8000-0x000ebfff] could not be reserved
[    0.300774] system 00:00: [mem 0x000ec000-0x000effff] could not be reserved
[    0.300870] system 00:00: [mem 0x000f0000-0x000fffff] could not be reserved
[    0.300966] system 00:00: [mem 0x00100000-0xbfffffff] could not be reserved
[    0.301062] system 00:00: [mem 0xfec00000-0xfed3ffff] could not be reserved
[    0.301158] system 00:00: [mem 0xfed41000-0xffffffff] could not be reserved
[    0.301302] system 00:00: Plug and Play ACPI device, IDs PNP0c01 (active)
[    0.301800] system 00:01: [io  0x164e-0x164f] has been reserved
[    0.301893] system 00:01: [io  0x1000-0x107f] has been reserved
[    0.301982] system 00:01: [io  0x1180-0x11bf] has been reserved
[    0.302072] system 00:01: [io  0x0800-0x080f] has been reserved
[    0.302161] system 00:01: [io  0x15e0-0x15ef] has been reserved
[    0.302252] system 00:01: [io  0x1600-0x165f] could not be reserved
[    0.302344] system 00:01: [mem 0xf0000000-0xf3ffffff] has been reserved
[    0.302437] system 00:01: [mem 0xfed1c000-0xfed1ffff] has been reserved
[    0.302530] system 00:01: [mem 0xfed14000-0xfed17fff] has been reserved
[    0.302623] system 00:01: [mem 0xfed18000-0xfed18fff] has been reserved
[    0.302716] system 00:01: [mem 0xfed19000-0xfed19fff] has been reserved
[    0.302844] system 00:01: Plug and Play ACPI device, IDs PNP0c02 (active)
[    0.303147] pnp 00:02: Plug and Play ACPI device, IDs PNP0b00 (active)
[    0.303284] pnp 00:03: Plug and Play ACPI device, IDs PNP0303 (active)
[    0.303422] pnp 00:04: Plug and Play ACPI device, IDs IBM3780 PNP0f13 (active)
[    0.304193] pnp 00:05: [dma 3]
[    0.304400] pnp 00:05: Plug and Play ACPI device, IDs IBM0071 PNP0511 (active)
[    0.304631] pnp 00:06: Plug and Play ACPI device, IDs ATM1200 PNP0c31 (active)
[    0.307023] pnp: PnP ACPI: found 7 devices
[    0.353645] clocksource: acpi_pm: mask: 0xffffff max_cycles: 0xffffff, max_idle_ns: 2085701024 ns
[    0.353776] pci 0000:00:1c.0: bridge window [mem 0x00100000-0x000fffff 64bit pref] to [bus 02] add_size 200000 add_align 100000
[    0.353824] pci 0000:00:1c.0: BAR 9: assigned [mem 0xc0000000-0xc01fffff 64bit pref]
[    0.353921] pci 0000:00:1c.0: PCI bridge to [bus 02]
[    0.354002] pci 0000:00:1c.0:   bridge window [io  0x2000-0x2fff]
[    0.354093] pci 0000:00:1c.0:   bridge window [mem 0xee000000-0xee0fffff]
[    0.354185] pci 0000:00:1c.0:   bridge window [mem 0xc0000000-0xc01fffff 64bit pref]
[    0.354284] pci 0000:00:1c.1: PCI bridge to [bus 03]
[    0.354365] pci 0000:00:1c.1:   bridge window [io  0x3000-0x4fff]
[    0.354455] pci 0000:00:1c.1:   bridge window [mem 0xec000000-0xedffffff]
[    0.354545] pci 0000:00:1c.1:   bridge window [mem 0xe4000000-0xe40fffff 64bit pref]
[    0.354645] pci 0000:00:1c.2: PCI bridge to [bus 04-0b]
[    0.354727] pci 0000:00:1c.2:   bridge window [io  0x5000-0x6fff]
[    0.354816] pci 0000:00:1c.2:   bridge window [mem 0xe8000000-0xe9ffffff]
[    0.354907] pci 0000:00:1c.2:   bridge window [mem 0xe4100000-0xe41fffff 64bit pref]
[    0.355006] pci 0000:00:1c.3: PCI bridge to [bus 0c-13]
[    0.355089] pci 0000:00:1c.3:   bridge window [io  0x7000-0x8fff]
[    0.355178] pci 0000:00:1c.3:   bridge window [mem 0xea000000-0xebffffff]
[    0.355269] pci 0000:00:1c.3:   bridge window [mem 0xe4200000-0xe42fffff 64bit pref]
[    0.355378] pci 0000:15:00.0: BAR 9: assigned [mem 0xe0000000-0xe3ffffff pref]
[    0.355473] pci 0000:15:00.0: BAR 10: assigned [mem 0xc4000000-0xc7ffffff]
[    0.355563] pci 0000:15:00.0: BAR 7: assigned [io  0x9000-0x90ff]
[    0.355648] pci 0000:15:00.0: BAR 8: assigned [io  0x9400-0x94ff]
[    0.355741] pci 0000:15:00.0: CardBus bridge to [bus 16-17]
[    0.355823] pci 0000:15:00.0:   bridge window [io  0x9000-0x90ff]
[    0.355911] pci 0000:15:00.0:   bridge window [io  0x9400-0x94ff]
[    0.355999] pci 0000:15:00.0:   bridge window [mem 0xe0000000-0xe3ffffff pref]
[    0.356092] pci 0000:15:00.0:   bridge window [mem 0xc4000000-0xc7ffffff]
[    0.356199] pci 0000:00:1e.0: PCI bridge to [bus 15-18]
[    0.356282] pci 0000:00:1e.0:   bridge window [io  0x9000-0xcfff]
[    0.356371] pci 0000:00:1e.0:   bridge window [mem 0xe4300000-0xe7ffffff]
[    0.356462] pci 0000:00:1e.0:   bridge window [mem 0xe0000000-0xe3ffffff 64bit pref]
[    0.356562] pci_bus 0000:00: resource 4 [io  0x0000-0x0cf7 window]
[    0.356566] pci_bus 0000:00: resource 5 [io  0x0d00-0xffff window]
[    0.356571] pci_bus 0000:00: resource 6 [mem 0x000a0000-0x000bffff window]
[    0.356575] pci_bus 0000:00: resource 7 [mem 0x000d0000-0x000d3fff window]
[    0.356580] pci_bus 0000:00: resource 8 [mem 0x000d4000-0x000d7fff window]
[    0.356584] pci_bus 0000:00: resource 9 [mem 0x000d8000-0x000dbfff window]
[    0.356588] pci_bus 0000:00: resource 10 [mem 0xc0000000-0xfebfffff window]
[    0.356593] pci_bus 0000:00: resource 11 [mem 0xfed40000-0xfed40fff window]
[    0.356598] pci_bus 0000:02: resource 0 [io  0x2000-0x2fff]
[    0.356602] pci_bus 0000:02: resource 1 [mem 0xee000000-0xee0fffff]
[    0.356606] pci_bus 0000:02: resource 2 [mem 0xc0000000-0xc01fffff 64bit pref]
[    0.356611] pci_bus 0000:03: resource 0 [io  0x3000-0x4fff]
[    0.356615] pci_bus 0000:03: resource 1 [mem 0xec000000-0xedffffff]
[    0.356620] pci_bus 0000:03: resource 2 [mem 0xe4000000-0xe40fffff 64bit pref]
[    0.356624] pci_bus 0000:04: resource 0 [io  0x5000-0x6fff]
[    0.356628] pci_bus 0000:04: resource 1 [mem 0xe8000000-0xe9ffffff]
[    0.356633] pci_bus 0000:04: resource 2 [mem 0xe4100000-0xe41fffff 64bit pref]
[    0.356637] pci_bus 0000:0c: resource 0 [io  0x7000-0x8fff]
[    0.356642] pci_bus 0000:0c: resource 1 [mem 0xea000000-0xebffffff]
[    0.356646] pci_bus 0000:0c: resource 2 [mem 0xe4200000-0xe42fffff 64bit pref]
[    0.356651] pci_bus 0000:15: resource 0 [io  0x9000-0xcfff]
[    0.356655] pci_bus 0000:15: resource 1 [mem 0xe4300000-0xe7ffffff]
[    0.356659] pci_bus 0000:15: resource 2 [mem 0xe0000000-0xe3ffffff 64bit pref]
[    0.356664] pci_bus 0000:15: resource 4 [io  0x0000-0x0cf7 window]
[    0.356668] pci_bus 0000:15: resource 5 [io  0x0d00-0xffff window]
[    0.356672] pci_bus 0000:15: resource 6 [mem 0x000a0000-0x000bffff window]
[    0.356677] pci_bus 0000:15: resource 7 [mem 0x000d0000-0x000d3fff window]
[    0.356681] pci_bus 0000:15: resource 8 [mem 0x000d4000-0x000d7fff window]
[    0.356685] pci_bus 0000:15: resource 9 [mem 0x000d8000-0x000dbfff window]
[    0.356690] pci_bus 0000:15: resource 10 [mem 0xc0000000-0xfebfffff window]
[    0.356694] pci_bus 0000:15: resource 11 [mem 0xfed40000-0xfed40fff window]
[    0.356699] pci_bus 0000:16: resource 0 [io  0x9000-0x90ff]
[    0.356703] pci_bus 0000:16: resource 1 [io  0x9400-0x94ff]
[    0.356707] pci_bus 0000:16: resource 2 [mem 0xe0000000-0xe3ffffff pref]
[    0.356712] pci_bus 0000:16: resource 3 [mem 0xc4000000-0xc7ffffff]
[    0.357167] NET: Registered protocol family 2
[    0.357775] tcp_listen_portaddr_hash hash table entries: 512 (order: 2, 20480 bytes)
[    0.358685] TCP established hash table entries: 8192 (order: 3, 32768 bytes)
[    0.358839] TCP bind hash table entries: 8192 (order: 6, 294912 bytes)
[    0.359383] TCP: Hash tables configured (established 8192 bind 8192)
[    0.359795] UDP hash table entries: 512 (order: 3, 40960 bytes)
[    0.359950] UDP-Lite hash table entries: 512 (order: 3, 40960 bytes)
[    0.360257] NET: Registered protocol family 1
[    0.360965] RPC: Registered named UNIX socket transport module.
[    0.361051] RPC: Registered udp transport module.
[    0.361130] RPC: Registered tcp transport module.
[    0.361209] RPC: Registered tcp NFSv4.1 backchannel transport module.
[    0.361835] pci 0000:00:02.0: Video device with shadowed ROM at [mem 0x000c0000-0x000dffff]
[    0.366119] PCI: CLS mismatch (64 != 32), using 64 bytes
[    0.366250] PCI-DMA: Using software bounce buffering for IO (SWIOTLB)
[    0.366336] software IO TLB: mapped [mem 0x31d00000-0x35d00000] (64MB)
[    0.369126] Initialise system trusted keyrings
[    0.369607] workingset: timestamp_bits=30 max_order=20 bucket_order=0
[    0.371788] Installing knfsd (copyright (C) 1996 okir@monad.swb.de).
[    0.372339] ntfs: driver 2.1.32 [Flags: R/W].
[    0.372655] fuse: init (API version 7.30)
[    0.373423] NET: Registered protocol family 38
[    0.373523] Key type asymmetric registered
[    0.373607] Asymmetric key parser 'x509' registered
[    0.373818] bounce: pool size: 64 pages
[    0.373969] Block layer SCSI generic (bsg) driver version 0.4 loaded (major 249)
[    0.374072] io scheduler mq-deadline registered
[    0.374193] io scheduler bfq registered
[    0.377328] intel_idle: does not run on family 6 model 14
[    0.377802] ACPI: Deprecated procfs I/F for AC is loaded, please retry with CONFIG_ACPI_PROCFS_POWER cleared
[    0.378086] ACPI: AC Adapter [AC] (on-line)
[    0.378489] input: Lid Switch as /devices/LNXSYSTM:00/LNXSYBUS:00/PNP0C0D:00/input/input0
[    0.378779] ACPI: Lid Switch [LID]
[    0.379058] input: Sleep Button as /devices/LNXSYSTM:00/LNXSYBUS:00/PNP0C0E:00/input/input1
[    0.379225] ACPI: Sleep Button [SLPB]
[    0.379537] input: Power Button as /devices/LNXSYSTM:00/LNXPWRBN:00/input/input2
[    0.379686] ACPI: Power Button [PWRF]
[    0.380222] ACPI: Video Device [VID] (multi-head: yes  rom: no  post: no)
[    0.387857] acpi device:01: registered as cooling_device0
[    0.388344] input: Video Bus as /devices/LNXSYSTM:00/LNXSYBUS:00/PNP0A08:00/LNXVIDEO:00/input/input3
[    0.405194] thermal LNXTHERM:00: registered as thermal_zone0
[    0.405282] ACPI: Thermal Zone [THM0] (82 C)
[    0.409129] thermal LNXTHERM:01: registered as thermal_zone1
[    0.409216] ACPI: Thermal Zone [THM1] (81 C)
[    0.409736] Serial: 8250/16550 driver, 4 ports, IRQ sharing disabled
[    0.410519] serial8250: ttyS1 at I/O 0x2f8 (irq = 3, base_baud = 921600) is a NS16550A
[    0.412664] lp: driver loaded but no devices found
[    0.412987] Non-volatile memory driver v1.3
[    0.413405] intel_rng: FWH not detected
[    0.413636] Linux agpgart interface v0.103
[    0.414412] [drm] radeon kernel modesetting enabled.
[    0.415734] pci 0000:00:00.0: Intel 945GM Chipset
[    0.415885] pci 0000:00:00.0: detected gtt size: 262144K total, 262144K mappable
[    0.416659] pci 0000:00:00.0: detected 8192K stolen memory
[    0.417215] i915 0000:00:02.0: vgaarb: deactivate vga console
[    0.418527] Console: switching to colour dummy device 80x25
[    0.421372] [drm] Supports vblank timestamp caching Rev 2 (21.10.2013).
[    0.421408] [drm] Driver supports precise vblank timestamp query.
[    0.421455] resource sanity check: requesting [mem 0x000c0000-0x000dffff], which spans more than pnp 00:00 [mem 0x000c8000-0x000cbfff]
[    0.421523] caller pci_map_rom+0x75/0x1d0 mapping multiple BARs
[    0.427330] i915 0000:00:02.0: vgaarb: changed VGA decodes: olddecodes=io+mem,decodes=io+mem:owns=io+mem
[    0.444311] battery: ACPI: Deprecated procfs I/F for battery is loaded, please retry with CONFIG_ACPI_PROCFS_POWER cleared
[    0.444392] battery: ACPI: Battery Slot [BAT0] (battery present)
[    0.476194] random: fast init done
[    0.523271] [drm] RC6 disabled, disabling runtime PM support
[    0.523580] [drm] Initialized overlay support.
[    0.525281] [drm] Initialized i915 1.6.0 20190417 for 0000:00:02.0 on minor 0
[    0.526526] usbcore: registered new interface driver udl
[    0.540368] loop: module loaded
[    0.550404] fbcon: i915drmfb (fb0) is primary device
[    0.565561] ahci 0000:00:1f.2: version 3.0
[    0.566338] ahci 0000:00:1f.2: AHCI 0001.0100 32 slots 4 ports 1.5 Gbps 0x1 impl SATA mode
[    0.566346] ahci 0000:00:1f.2: flags: 64bit ncq pm led clo pio slum part 
[    0.568727] scsi host0: ahci
[    0.569442] scsi host1: ahci
[    0.570067] scsi host2: ahci
[    0.570689] scsi host3: ahci
[    0.571063] ata1: SATA max UDMA/133 abar m1024@0xee444400 port 0xee444500 irq 16
[    0.571065] ata2: DUMMY
[    0.571068] ata3: DUMMY
[    0.571070] ata4: DUMMY
[    0.571250] ata_piix 0000:00:1f.1: version 2.13
[    0.574966] scsi host4: ata_piix
[    0.575477] scsi host5: ata_piix
[    0.575707] ata5: PATA max UDMA/100 cmd 0x1f0 ctl 0x3f6 bmdma 0x1810 irq 14
[    0.575710] ata6: PATA max UDMA/100 cmd 0x170 ctl 0x376 bmdma 0x1818 irq 15
[    0.577058] tun: Universal TUN/TAP device driver, 1.6
[    0.577648] e1000e: Intel(R) PRO/1000 Network Driver - 3.2.6-k
[    0.577650] e1000e: Copyright(c) 1999 - 2015 Intel Corporation.
[    0.577764] e1000e 0000:02:00.0: Disabling ASPM  L1
[    0.577769] e1000e 0000:02:00.0: can't disable ASPM; OS doesn't have ASPM control
[    0.578220] e1000e 0000:02:00.0: Interrupt Throttling Rate (ints/sec) set to dynamic conservative mode
[    0.578519] ata6: port disabled--ignoring
[    0.712985] e1000e 0000:02:00.0 eth0: (PCI Express:2.5GT/s:Width x1) 00:16:d3:25:19:04
[    0.712989] e1000e 0000:02:00.0 eth0: Intel(R) PRO/1000 Network Connection
[    0.713068] e1000e 0000:02:00.0 eth0: MAC: 2, PHY: 2, PBA No: 005302-003
[    0.713331] PPP generic driver version 2.4.2
[    0.713600] PPP BSD Compression module registered
[    0.713603] PPP Deflate Compression module registered
[    0.713606] SLIP: version 0.8.4-NET3.019-NEWTTY (dynamic channels, max=256).
[    0.713608] CSLIP: code copyright 1989 Regents of the University of California.
[    0.713691] iwl3945: Intel(R) PRO/Wireless 3945ABG/BG Network Connection driver for Linux, in-tree:ds
[    0.713693] iwl3945: Copyright(c) 2003-2011 Intel Corporation
[    0.713694] iwl3945: hw_scan is disabled
[    0.713914] iwl3945 0000:03:00.0: can't disable ASPM; OS doesn't have ASPM control
[    0.768893] iwl3945 0000:03:00.0: Tunable channels: 11 802.11bg, 13 802.11a channels
[    0.768897] iwl3945 0000:03:00.0: Detected Intel Wireless WiFi Link 3945ABG
[    0.769853] ieee80211 phy0: Selected rate control algorithm 'iwl-3945-rs'
[    0.770727] Intel(R) Wireless WiFi driver for Linux
[    0.770728] Copyright(c) 2003- 2015 Intel Corporation
[    0.770963] usbcore: registered new interface driver ax88179_178a
[    0.771008] usbcore: registered new interface driver cdc_ether
[    0.771048] usbcore: registered new interface driver net1080
[    0.771090] usbcore: registered new interface driver cdc_subset
[    0.771130] usbcore: registered new interface driver zaurus
[    0.771184] usbcore: registered new interface driver cdc_ncm
[    0.771269] pci 0000:00:1e.0: enabling device (0005 -> 0007)
[    0.771493] yenta_cardbus 0000:15:00.0: CardBus bridge found [17aa:201c]
[    0.888199] ata1: SATA link up 1.5 Gbps (SStatus 113 SControl 300)
[    0.951460] ata1.00: ACPI cmd ef/02:00:00:00:00:a0 (SET FEATURES) succeeded
[    0.951464] ata1.00: ACPI cmd f5/00:00:00:00:00:a0 (SECURITY FREEZE LOCK) filtered out
[    0.951469] ata1.00: ACPI cmd ef/10:03:00:00:00:a0 (SET FEATURES) filtered out
[    0.995450] ata1.00: ATA-9: ST1000LM014-1EJ164, SM11, max UDMA/133
[    0.995454] ata1.00: 1953525168 sectors, multi 16: LBA48 NCQ (depth 32), AA
[    1.040169] ata1.00: ACPI cmd ef/02:00:00:00:00:a0 (SET FEATURES) succeeded
[    1.040173] ata1.00: ACPI cmd f5/00:00:00:00:00:a0 (SECURITY FREEZE LOCK) filtered out
[    1.040177] ata1.00: ACPI cmd ef/10:03:00:00:00:a0 (SET FEATURES) filtered out
[    1.084211] ata1.00: configured for UDMA/133
[    1.231336] Console: switching to colour frame buffer device 102x42
[    1.352547] i915 0000:00:02.0: fb0: i915drmfb frame buffer device
[    1.355977] scsi 0:0:0:0: Direct-Access     ATA      ST1000LM014-1EJ1 SM11 PQ: 0 ANSI: 5
[    1.359579] sd 0:0:0:0: Attached scsi generic sg0 type 0
[    1.359699] sd 0:0:0:0: [sda] 1953525168 512-byte logical blocks: (1.00 TB/932 GiB)
[    1.364742] sd 0:0:0:0: [sda] 4096-byte physical blocks
[    1.367378] sd 0:0:0:0: [sda] Write Protect is off
[    1.369930] sd 0:0:0:0: [sda] Mode Sense: 00 3a 00 00
[    1.370053] sd 0:0:0:0: [sda] Write cache: enabled, read cache: enabled, doesn't support DPO or FUA
[    1.374586]  sda: sda1 sda2 sda3 sda4
[    1.379802] sd 0:0:0:0: [sda] Attached SCSI disk
[    1.517001] yenta_cardbus 0000:15:00.0: ISA IRQ mask 0x0cb8, PCI irq 16
[    1.519625] yenta_cardbus 0000:15:00.0: Socket status: 30000006
[    1.522246] yenta_cardbus 0000:15:00.0: pcmcia: parent PCI bridge window: [io  0x9000-0xcfff]
[    1.524832] yenta_cardbus 0000:15:00.0: pcmcia: parent PCI bridge window: [mem 0xe4300000-0xe7ffffff]
[    1.527341] pcmcia_socket pcmcia_socket0: cs: memory probe 0xe4300000-0xe7ffffff:
[    1.529904]  excluding 0xe4300000-0xe46cffff
[    1.532460] yenta_cardbus 0000:15:00.0: pcmcia: parent PCI bridge window: [mem 0xe0000000-0xe3ffffff 64bit pref]
[    1.535114] pcmcia_socket pcmcia_socket0: cs: memory probe 0xe0000000-0xe3ffffff:
[    1.537848]  excluding 0xe0000000-0xe3ffffff
[    1.541505] ehci_hcd: USB 2.0 'Enhanced' Host Controller (EHCI) Driver
[    1.544206] ehci-pci: EHCI PCI platform driver
[    1.547383] ehci-pci 0000:00:1d.7: EHCI Host Controller
[    1.550406] ehci-pci 0000:00:1d.7: new USB bus registered, assigned bus number 1
[    1.553270] ehci-pci 0000:00:1d.7: debug port 1
[    1.560044] ehci-pci 0000:00:1d.7: cache line size of 64 is not supported
[    1.560094] ehci-pci 0000:00:1d.7: irq 19, io mem 0xee444000
[    1.576292] ehci-pci 0000:00:1d.7: USB 2.0 started, EHCI 1.00
[    1.579708] usb usb1: New USB device found, idVendor=1d6b, idProduct=0002, bcdDevice= 5.01
[    1.582700] usb usb1: New USB device strings: Mfr=3, Product=2, SerialNumber=1
[    1.585651] usb usb1: Product: EHCI Host Controller
[    1.588551] usb usb1: Manufacturer: Linux 5.1.0-next-20190507+ ehci_hcd
[    1.591437] usb usb1: SerialNumber: 0000:00:1d.7
[    1.595024] hub 1-0:1.0: USB hub found
[    1.597982] hub 1-0:1.0: 8 ports detected
[    1.602828] ohci_hcd: USB 1.1 'Open' Host Controller (OHCI) Driver
[    1.605634] ohci-pci: OHCI PCI platform driver
[    1.608464] uhci_hcd: USB Universal Host Controller Interface driver
[    1.611739] uhci_hcd 0000:00:1d.0: UHCI Host Controller
[    1.614774] uhci_hcd 0000:00:1d.0: new USB bus registered, assigned bus number 2
[    1.617615] uhci_hcd 0000:00:1d.0: detected 2 ports
[    1.620372] uhci_hcd 0000:00:1d.0: irq 16, io base 0x00001820
[    1.623512] usb usb2: New USB device found, idVendor=1d6b, idProduct=0001, bcdDevice= 5.01
[    1.626291] usb usb2: New USB device strings: Mfr=3, Product=2, SerialNumber=1
[    1.629055] usb usb2: Product: UHCI Host Controller
[    1.631765] usb usb2: Manufacturer: Linux 5.1.0-next-20190507+ uhci_hcd
[    1.634784] usb usb2: SerialNumber: 0000:00:1d.0
[    1.638003] hub 2-0:1.0: USB hub found
[    1.640747] hub 2-0:1.0: 2 ports detected
[    1.644448] uhci_hcd 0000:00:1d.1: UHCI Host Controller
[    1.647259] uhci_hcd 0000:00:1d.1: new USB bus registered, assigned bus number 3
[    1.649907] uhci_hcd 0000:00:1d.1: detected 2 ports
[    1.652534] uhci_hcd 0000:00:1d.1: irq 17, io base 0x00001840
[    1.655488] usb usb3: New USB device found, idVendor=1d6b, idProduct=0001, bcdDevice= 5.01
[    1.658120] usb usb3: New USB device strings: Mfr=3, Product=2, SerialNumber=1
[    1.660663] usb usb3: Product: UHCI Host Controller
[    1.663063] usb usb3: Manufacturer: Linux 5.1.0-next-20190507+ uhci_hcd
[    1.665482] usb usb3: SerialNumber: 0000:00:1d.1
[    1.668463] hub 3-0:1.0: USB hub found
[    1.670883] hub 3-0:1.0: 2 ports detected
[    1.674404] uhci_hcd 0000:00:1d.2: UHCI Host Controller
[    1.676986] uhci_hcd 0000:00:1d.2: new USB bus registered, assigned bus number 4
[    1.679350] uhci_hcd 0000:00:1d.2: detected 2 ports
[    1.681750] uhci_hcd 0000:00:1d.2: irq 18, io base 0x00001860
[    1.684540] usb usb4: New USB device found, idVendor=1d6b, idProduct=0001, bcdDevice= 5.01
[    1.686937] usb usb4: New USB device strings: Mfr=3, Product=2, SerialNumber=1
[    1.689317] usb usb4: Product: UHCI Host Controller
[    1.691640] usb usb4: Manufacturer: Linux 5.1.0-next-20190507+ uhci_hcd
[    1.694042] usb usb4: SerialNumber: 0000:00:1d.2
[    1.696994] hub 4-0:1.0: USB hub found
[    1.699405] hub 4-0:1.0: 2 ports detected
[    1.702889] uhci_hcd 0000:00:1d.3: UHCI Host Controller
[    1.705523] uhci_hcd 0000:00:1d.3: new USB bus registered, assigned bus number 5
[    1.707886] uhci_hcd 0000:00:1d.3: detected 2 ports
[    1.710235] uhci_hcd 0000:00:1d.3: irq 19, io base 0x00001880
[    1.712964] usb usb5: New USB device found, idVendor=1d6b, idProduct=0001, bcdDevice= 5.01
[    1.715341] usb usb5: New USB device strings: Mfr=3, Product=2, SerialNumber=1
[    1.717725] usb usb5: Product: UHCI Host Controller
[    1.720066] usb usb5: Manufacturer: Linux 5.1.0-next-20190507+ uhci_hcd
[    1.722451] usb usb5: SerialNumber: 0000:00:1d.3
[    1.725353] hub 5-0:1.0: USB hub found
[    1.727719] hub 5-0:1.0: 2 ports detected
[    1.730904] usbcore: registered new interface driver cdc_acm
[    1.733156] cdc_acm: USB Abstract Control Model driver for USB modems and ISDN adapters
[    1.735533] usbcore: registered new interface driver usblp
[    1.737975] usbcore: registered new interface driver usb-storage
[    1.740338] usbcore: registered new interface driver ums-sddr09
[    1.742739] usbcore: registered new interface driver usbserial_generic
[    1.745063] usbserial: USB Serial support registered for generic
[    1.747394] usbcore: registered new interface driver ch341
[    1.749660] usbserial: USB Serial support registered for ch341-uart
[    1.751947] usbcore: registered new interface driver ftdi_sio
[    1.754213] usbserial: USB Serial support registered for FTDI USB Serial Device
[    1.756609] usbcore: registered new interface driver option
[    1.758907] usbserial: USB Serial support registered for GSM modem (1-port)
[    1.761378] usbcore: registered new interface driver pl2303
[    1.763767] usbserial: USB Serial support registered for pl2303
[    1.766205] usbcore: registered new interface driver ti_usb_3410_5052
[    1.768636] usbserial: USB Serial support registered for TI USB 3410 1 port adapter
[    1.771114] usbserial: USB Serial support registered for TI USB 5052 2 port adapter
[    1.773538] ftdi_elan: driver ftdi-elan
[    1.775910] usbcore: registered new interface driver ftdi-elan
[    1.778472] i8042: PNP: PS/2 Controller [PNP0303:KBD,PNP0f13:MOU] at 0x60,0x64 irq 1,12
[    1.791317] serio: i8042 KBD port at 0x60,0x64 irq 1
[    1.793769] serio: i8042 AUX port at 0x60,0x64 irq 12
[    1.797024] mousedev: PS/2 mouse device common for all mice
[    1.800489] input: PC Speaker as /devices/platform/pcspkr/input/input4
[    1.803534] rtc_cmos 00:02: RTC can wake from S4
[    1.806520] rtc_cmos 00:02: registered as rtc0
[    1.809142] rtc_cmos 00:02: alarms up to one month, y3k, 114 bytes nvram, hpet irqs
[    1.811783] usbcore: registered new interface driver uvcvideo
[    1.814274] USB Video Class driver (1.1.1)
[    1.816697] gspca_main: v2.14.0 registered
[    1.819135] usbcore: registered new interface driver sq930x
[    1.822789] device-mapper: ioctl: 4.40.0-ioctl (2019-01-18) initialised: dm-devel@redhat.com
[    1.825319] Bluetooth: HCI UART driver ver 2.3
[    1.827781] Bluetooth: HCI UART protocol H4 registered
[    1.830261] Bluetooth: HCI UART protocol BCSP registered
[    1.832856] usbcore: registered new interface driver btusb
[    1.835347] intel_pstate: CPU model not supported
[    1.837860] sdhci: Secure Digital Host Controller Interface driver
[    1.840289] sdhci: Copyright(c) Pierre Ossman
[    1.842779] sdhci-pci 0000:15:00.2: SDHCI controller found [1180:0822] (rev 18)
[    1.845692] sdhci-pci 0000:15:00.2: Will use DMA mode even though HW doesn't fully claim to support it.
[    1.848860] mmc0 bounce up to 128 segments into one, max segment size 65536 bytes
[    1.851683] sdhci-pci 0000:15:00.2: Will use DMA mode even though HW doesn't fully claim to support it.
[    1.854972] mmc0: SDHCI controller on PCI [0000:15:00.2] using DMA
[    1.857916] input: AT Translated Set 2 keyboard as /devices/platform/i8042/serio0/input/input5
[    1.858350] hidraw: raw HID events driver (C) Jiri Kosina
[    1.864972] usbcore: registered new interface driver usbhid
[    1.867756] usbhid: USB HID core driver
[    1.872365] thinkpad_acpi: ThinkPad ACPI Extras v0.26
[    1.875096] thinkpad_acpi: http://ibm-acpi.sf.net/
[    1.877784] thinkpad_acpi: ThinkPad BIOS 7BETD8WW (2.19 ), EC 7BHT40WW-1.13
[    1.880530] thinkpad_acpi: Lenovo ThinkPad X60, model 17097HU
[    1.889481] thinkpad_acpi: ACPI backlight control delay disabled
[    1.892818] thinkpad_acpi: radio switch found; radios are enabled
[    1.895808] thinkpad_acpi: This ThinkPad has standard ACPI backlight brightness control, supported by the ACPI video driver
[    1.901333] thinkpad_acpi: Disabling thinkpad-acpi brightness events by default...
[    1.914919] thinkpad_acpi: rfkill switch tpacpi_bluetooth_sw: radio is unblocked
[    1.920694] thinkpad_acpi: warning: userspace override of important firmware LEDs is enabled
[    1.928948] thinkpad_acpi: Standard ACPI backlight interface available, not loading native one
[    1.931871] thinkpad_acpi: volume: disabled as there is no ALSA support in this kernel
[    1.935441] thinkpad_acpi: battery 1 registered (start 0, stop 0)
[    1.935449] battery: new extension: ThinkPad Battery Extension
[    1.941536] input: ThinkPad Extra Buttons as /devices/platform/thinkpad_acpi/input/input8
[    1.949105] sdhci-pci 0000:15:00.2: Will use DMA mode even though HW doesn't fully claim to support it.
[    1.953094] snd_hda_intel 0000:00:1b.0: probe_mask set to 0x1 for device 17aa:2010
[    1.956466] usbcore: registered new interface driver snd-usb-audio
[    1.961709] NET: Registered protocol family 17
[    1.965547] Bluetooth: RFCOMM TTY layer initialized
[    1.968582] Bluetooth: RFCOMM socket layer initialized
[    1.971593] Bluetooth: RFCOMM ver 1.11
[    1.974607] Bluetooth: BNEP (Ethernet Emulation) ver 1.3
[    1.977629] Bluetooth: BNEP filters: protocol multicast
[    1.980611] Bluetooth: BNEP socket layer initialized
[    1.983544] Bluetooth: HIDP (Human Interface Emulation) ver 1.2
[    1.986505] Bluetooth: HIDP socket layer initialized
[    1.989737] microcode: sig=0x6e8, pf=0x20, revision=0x39
[    1.992857] microcode: Microcode Update Driver: v2.2.
[    1.992862] Using IPI No-Shortcut mode
[    1.999188] Loading compiled-in X.509 certificates
[    2.003270] Key type encrypted registered
[    2.007532] rtc_cmos 00:02: setting system clock to 2019-05-08T06:52:54 UTC (1557298374)
[    2.014163] snd_hda_codec_analog hdaudioC0D0: autoconfig for AD1981: line_outs=1 (0x5/0x0/0x0/0x0/0x0) type:speaker
[    2.015140] cfg80211: Loading compiled-in X.509 certificates for regulatory database
[    2.019735] snd_hda_codec_analog hdaudioC0D0:    speaker_outs=0 (0x0/0x0/0x0/0x0/0x0)
[    2.025302] cfg80211: Loaded X.509 cert 'sforshee: 00b28ddf47aef9cea7'
[    2.025499] snd_hda_codec_analog hdaudioC0D0:    hp_outs=0 (0x0/0x0/0x0/0x0/0x0)
[    2.028839] platform regulatory.0: Direct firmware load for regulatory.db failed with error -2
[    2.031384] snd_hda_codec_analog hdaudioC0D0:    mono: mono_out=0x0
[    2.034470] cfg80211: failed to load regulatory.db
[    2.037519] snd_hda_codec_analog hdaudioC0D0:    inputs:
[    2.037525] snd_hda_codec_analog hdaudioC0D0:      Mic=0x8
[    2.046297] snd_hda_codec_analog hdaudioC0D0:      CD=0x19
[    2.049197] PM: Image not found (code -22)
[    2.049219] ALSA device list:
[    2.051937]   No soundcards found.
[    2.070292] sdhci-pci 0000:15:00.2: Will use DMA mode even though HW doesn't fully claim to support it.
[    2.132756] sdhci-pci 0000:15:00.2: Will use DMA mode even though HW doesn't fully claim to support it.
[    2.205809] sdhci-pci 0000:15:00.2: Will use DMA mode even though HW doesn't fully claim to support it.
[    2.210515] usb 5-1: new full-speed USB device number 2 using uhci_hcd
[    2.401725] usb 5-1: New USB device found, idVendor=0a5c, idProduct=2110, bcdDevice= 1.00
[    2.406349] usb 5-1: New USB device strings: Mfr=1, Product=2, SerialNumber=0
[    2.410838] usb 5-1: Product: BCM2045B
[    2.415174] usb 5-1: Manufacturer: Broadcom Corp
[    2.492485] psmouse serio1: trackpoint: IBM TrackPoint firmware: 0x0e, buttons: 3/3
[    2.515771] input: TPPS/2 IBM TrackPoint as /devices/platform/i8042/serio1/input/input7
[    2.525406] md: Waiting for all devices to be available before autodetect
[    2.528933] md: If you don't use raid, use raid=noautodetect
[    2.533677] md: Autodetecting RAID arrays.
[    2.537214] md: autorun ...
[    2.540697] md: ... autorun DONE.
[    2.568727] EXT4-fs (sda4): mounted filesystem with ordered data mode. Opts: (null)
[    2.573624] VFS: Mounted root (ext4 filesystem) readonly on device 8:4.
[    2.579075] devtmpfs: mounted
[    2.582490] Freeing unused kernel image memory: 644K
[    2.585419] Write protecting kernel text and read-only data: 17324k
[    2.588187] NX-protecting the kernel data: 7988k
[    2.591805] x86/mm: Checked W+X mappings: passed, no W+X pages found.
[    2.594573] rodata_test: all tests were successful
[    2.597327] x86/mm: Checking user space page tables
[    2.599983] x86/mm: Checked W+X mappings: passed, no W+X pages found.
[    2.602578] Run /sbin/init as init process
[    2.866635] random: systemd: uninitialized urandom read (16 bytes read)
[    2.871542] systemd[1]: systemd 215 running in system mode. (+PAM +AUDIT +SELINUX +IMA +SYSVINIT +LIBCRYPTSETUP +GCRYPT +ACL +XZ -SECCOMP -APPARMOR)
[    2.896467] systemd[1]: Detected architecture 'x86'.
[    3.044322] systemd[1]: Failed to insert module 'ipv6'
[    3.049863] systemd[1]: Set hostname to <amd>.
[    3.097910] random: systemd-sysv-ge: uninitialized urandom read (16 bytes read)
[    3.282010] random: systemd-sysv-ge: uninitialized urandom read (16 bytes read)
[    3.344165] usb 5-2: new full-speed USB device number 3 using uhci_hcd
[    3.466028] systemd[1]: Binding to IPv6 address not available since kernel does not support IPv6.
[    3.469824] systemd[1]: [/lib/systemd/system/gpsd.socket:6] Failed to parse address value, ignoring: [::1]:2947
[    3.481008] systemd[1]: Starting Forward Password Requests to Wall Directory Watch.
[    3.484405] systemd[1]: Started Forward Password Requests to Wall Directory Watch.
[    3.487221] systemd[1]: Starting Remote File Systems (Pre).
[    3.493303] systemd[1]: Reached target Remote File Systems (Pre).
[    3.542707] usb 5-2: New USB device found, idVendor=0483, idProduct=2016, bcdDevice= 0.01
[    3.542711] usb 5-2: New USB device strings: Mfr=1, Product=2, SerialNumber=0
[    3.542715] usb 5-2: Product: Biometric Coprocessor
[    3.542718] usb 5-2: Manufacturer: STMicroelectronics
[    3.914898] systemd-udevd[1893]: starting version 215
[    4.607606] EXT4-fs (sda4): re-mounted. Opts: errors=remount-ro
[    4.730673] e1000e 0000:02:00.0 eth1: renamed from eth0
[    4.748061] systemd-udevd[2394]: renamed network interface eth0 to eth1
[    5.499583] random: crng init done
[    5.503391] random: 7 urandom warning(s) missed due to ratelimiting
[    5.837570] Adding 2097148k swap on /dev/sda1.  Priority:-2 extents:1 across:2097148k 
[    6.257755] EXT4-fs (sda2): mounted filesystem with ordered data mode. Opts: errors=remount-ro
[    6.367913] systemd-journald[1894]: Received request to flush runtime journal from PID 1
[   13.656271] iwl3945 0000:03:00.0: loaded firmware version 15.32.2.9
[   23.227089] wlan0: authenticate with 5c:f4:ab:10:d2:bb
[   23.227400] wlan0: send auth to 5c:f4:ab:10:d2:bb (try 1/3)
[   23.229415] wlan0: authenticated
[   23.236314] wlan0: associate with 5c:f4:ab:10:d2:bb (try 1/3)
[   23.239077] wlan0: RX AssocResp from 5c:f4:ab:10:d2:bb (capab=0x411 status=0 aid=1)
[   23.241305] wlan0: associated
