[    0.000000] Booting Linux on physical CPU 0x0000000000 [0x410fd034]
[    0.000000] Linux version 4.18.11-00427-g35cf56cbf9cb (purism@pureos) (gcc version 8.3.0 (Debian 8.3.0-6)) #41 SMP PREEMPT Tue Aug 27 21:33:36 CEST 2019
[    0.000000] Machine model: Purism Librem 5 devkit
[    0.000000] cma: early_cma(256M)
[    0.000000] efi: Getting EFI parameters from FDT:
[    0.000000] efi: UEFI not found.
[    0.000000] cma: dma_contiguous_reserve(limit 100000000)
[    0.000000] cma: dma_contiguous_reserve: reserving 256 MiB for global area
[    0.000000] cma: cma_declare_contiguous(size 0x0000000010000000, base 0x0000000000000000, limit 0x0000000100000000 alignment 0x0000000000000000)
[    0.000000] cma: Reserved 256 MiB at 0x00000000eec00000
[    0.000000] On node 0 totalpages: 786432
[    0.000000]   DMA32 zone: 12288 pages used for memmap
[    0.000000]   DMA32 zone: 0 pages reserved
[    0.000000]   DMA32 zone: 786432 pages, LIFO batch:31
[    0.000000] psci: probing for conduit method from DT.
[    0.000000] psci: PSCIv1.1 detected in firmware.
[    0.000000] psci: Using standard PSCI v0.2 function IDs
[    0.000000] psci: MIGRATE_INFO_TYPE not supported.
[    0.000000] psci: SMC Calling Convention v1.1
[    0.000000] random: get_random_bytes called from start_kernel+0xa0/0x478 with crng_init=0
[    0.000000] percpu: Embedded 26 pages/cpu @(____ptrval____) s69016 r8192 d29288 u106496
[    0.000000] pcpu-alloc: s69016 r8192 d29288 u106496 alloc=26*4096
[    0.000000] pcpu-alloc: [0] 0 [0] 1 [0] 2 [0] 3 
[    0.000000] Detected VIPT I-cache on CPU0
[    0.000000] CPU features: enabling workaround for ARM erratum 845719
[    0.000000] Speculative Store Bypass Disable mitigation not required
[    0.000000] CPU features: detected: Kernel page table isolation (KPTI)
[    0.000000] Built 1 zonelists, mobility grouping on.  Total pages: 774144
[    0.000000] Kernel command line:  console=ttymxc0,115200 root=/dev/mmcblk0p2 cma=256M
[    0.000000] log_buf_len individual max cpu contribution: 4096 bytes
[    0.000000] log_buf_len total cpu_extra contributions: 12288 bytes
[    0.000000] log_buf_len min size: 16384 bytes
[    0.000000] log_buf_len: 32768 bytes
[    0.000000] early log buf free: 14184(86%)
[    0.000000] Dentry cache hash table entries: 524288 (order: 10, 4194304 bytes)
[    0.000000] Inode-cache hash table entries: 262144 (order: 9, 2097152 bytes)
[    0.000000] Memory: 2801384K/3145728K available (9852K kernel code, 1100K rwdata, 5560K rodata, 1280K init, 535K bss, 82200K reserved, 262144K cma-reserved)
[    0.000000] SLUB: HWalign=64, Order=0-3, MinObjects=0, CPUs=4, Nodes=1
[    0.000000] ftrace: allocating 35624 entries in 140 pages
[    0.000000] Preemptible hierarchical RCU implementation.
[    0.000000] 	RCU restricting CPUs from NR_CPUS=64 to nr_cpu_ids=4.
[    0.000000] 	Tasks RCU enabled.
[    0.000000] RCU: Adjusting geometry for rcu_fanout_leaf=16, nr_cpu_ids=4
[    0.000000] kmemleak: Kernel memory leak detector disabled
[    0.000000] NR_IRQS: 64, nr_irqs: 64, preallocated irqs: 0
[    0.000000] GICv3: GIC: Using split EOI/Deactivate mode
[    0.000000] GICv3: Distributor has no Range Selector support
[    0.000000] GICv3: no VLPI support, no direct LPI support
[    0.000000] ITS: No ITS available, not enabling LPIs
[    0.000000] GICv3: CPU0: found redistributor 0 region 0:0x0000000038880000
[    0.000000] i.MX8MQ clock driver init done
[    0.000000] arch_timer: cp15 timer(s) running at 8.33MHz (phys).
[    0.000000] clocksource: arch_sys_counter: mask: 0xffffffffffffff max_cycles: 0x1ec0311ec, max_idle_ns: 440795202152 ns
[    0.000004] sched_clock: 56 bits at 8MHz, resolution 120ns, wraps every 2199023255541ns
[    0.000462] Console: colour dummy device 80x25
[    0.000489] kmemleak: Early log buffer exceeded (3631), please increase DEBUG_KMEMLEAK_EARLY_LOG_SIZE
[    0.000914] Calibrating delay loop (skipped), value calculated using timer frequency.. 16.66 BogoMIPS (lpj=33333)
[    0.000926] pid_max: default: 32768 minimum: 301
[    0.001002] Security Framework initialized
[    0.001061] Mount-cache hash table entries: 8192 (order: 4, 65536 bytes)
[    0.001078] Mountpoint-cache hash table entries: 8192 (order: 4, 65536 bytes)
[    0.023998] ASID allocator initialised with 32768 entries
[    0.031995] Hierarchical SRCU implementation.
[    0.040308] Cannot find MU entry in device tree
[    0.040393] CPU identified as i.MX8MQ, silicon rev 2.0
[    0.040486] EFI services will not be available.
[    0.048030] smp: Bringing up secondary CPUs ...
[    0.080193] Detected VIPT I-cache on CPU1
[    0.080224] GICv3: CPU1: found redistributor 1 region 0:0x00000000388a0000
[    0.080259] CPU1: Booted secondary processor 0x0000000001 [0x410fd034]
[    0.112245] Detected VIPT I-cache on CPU2
[    0.112267] GICv3: CPU2: found redistributor 2 region 0:0x00000000388c0000
[    0.112294] CPU2: Booted secondary processor 0x0000000002 [0x410fd034]
[    0.144313] Detected VIPT I-cache on CPU3
[    0.144336] GICv3: CPU3: found redistributor 3 region 0:0x00000000388e0000
[    0.144362] CPU3: Booted secondary processor 0x0000000003 [0x410fd034]
[    0.144570] smp: Brought up 1 node, 4 CPUs
[    0.144597] SMP: Total of 4 processors activated.
[    0.144604] CPU features: detected: GIC system register CPU interface
[    0.144611] CPU features: detected: 32-bit EL0 Support
[    0.164494] CPU: All CPU(s) started at EL2
[    0.164663] alternatives: patching kernel code
[    0.166334] devtmpfs: initialized
[    0.173283] clocksource: jiffies: mask: 0xffffffff max_cycles: 0xffffffff, max_idle_ns: 7645041785100000 ns
[    0.173297] futex hash table entries: 1024 (order: 4, 65536 bytes)
[    0.180565] pinctrl core: initialized pinctrl subsystem
[    0.181610] DMI not present or invalid.
[    0.181876] NET: Registered protocol family 16
[    0.182439] audit: initializing netlink subsys (disabled)
[    0.182770] audit: type=2000 audit(0.180:1): state=initialized audit_enabled=0 res=1
[    0.184651] cpuidle: using governor menu
[    0.184834] vdso: 2 pages (1 code @ (____ptrval____), 1 data @ (____ptrval____))
[    0.184847] hw-breakpoint: found 6 breakpoint and 4 watchpoint registers.
[    0.185278] cma: cma_alloc(cma (____ptrval____), count 64, align 6)
[    0.186484] cma: cma_alloc(): returned (____ptrval____)
[    0.186554] DMA: preallocated 256 KiB pool for atomic allocations
[    0.186821] Serial: AMBA PL011 UART driver
[    0.195209] imx8mq-pinctrl 30330000.iomuxc: initialized IMX pinctrl driver
[    0.216201] HugeTLB registered 2.00 MiB page size, pre-allocated 0 pages
[    0.217271] cryptd: max_cpu_qlen set to 1000
[    0.225342] ACPI: Interpreter disabled.
[    0.227180] mxs-dma 33000000.dma-apbh: initialized
[    0.229058] vgaarb: loaded
[    0.229602] SCSI subsystem initialized
[    0.229814] libata version 3.00 loaded.
[    0.232958] bd71837 0-004b: Device ID=0xA2
[    0.232966] bd71837 0-004b: gpio_intr = 483 
[    0.232975] bd71837 0-004b: chip_irq=56 
[    0.257009] bd71837-pmic bd71837-pmic: regulator register name 'buck1'
[    0.269021] bd71837-pmic bd71837-pmic: Buck[1] Set Ramp = 1250
[    0.285208] bd71837-pmic bd71837-pmic: regulator register name 'buck2'
[    0.297031] bd71837-pmic bd71837-pmic: Buck[2] Set Ramp = 1250
[    0.313263] bd71837-pmic bd71837-pmic: regulator register name 'buck3'
[    0.333357] bd71837-pmic bd71837-pmic: regulator register name 'buck4'
[    0.353367] bd71837-pmic bd71837-pmic: regulator register name 'buck5'
[    0.373452] bd71837-pmic bd71837-pmic: regulator register name 'buck6'
[    0.393444] bd71837-pmic bd71837-pmic: regulator register name 'buck7'
[    0.413546] bd71837-pmic bd71837-pmic: regulator register name 'buck8'
[    0.433535] bd71837-pmic bd71837-pmic: regulator register name 'ldo1'
[    0.453638] bd71837-pmic bd71837-pmic: regulator register name 'ldo2'
[    0.461606] bd71837-pmic bd71837-pmic: regulator register name 'ldo3'
[    0.481662] bd71837-pmic bd71837-pmic: regulator register name 'ldo4'
[    0.501611] random: fast init done
[    0.501762] bd71837-pmic bd71837-pmic: regulator register name 'ldo5'
[    0.517787] bd71837-pmic bd71837-pmic: regulator register name 'ldo6'
[    0.533821] bd71837-pmic bd71837-pmic: regulator register name 'ldo7'
[    0.549870] bd71837-pmic bd71837-pmic: Buck1: DVS Run-Idle-Susp[900000 - 850000 - 800000].
[    0.561643] bd71837-pmic bd71837-pmic: Buck2: DVS Run-Idle-Susp[1000000 - 900000 - 0].
[    0.569660] bd71837-pmic bd71837-pmic: Buck3: DVS Run-Idle-Susp[1000000 - 0 - 0].
[    0.573726] bd71837-pmic bd71837-pmic: Buck4: DVS Run-Idle-Susp[1000000 - 0 - 0].
[    0.590314] i2c i2c-0: IMX I2C adapter registered
[    0.590327] i2c i2c-0: can't use DMA, using PIO instead.
[    0.591563] i2c i2c-2: IMX I2C adapter registered
[    0.591574] i2c i2c-2: can't use DMA, using PIO instead.
[    0.591785] media: Linux media interface: v0.10
[    0.591878] videodev: Linux video capture interface: v2.00
[    0.592111] pps_core: LinuxPPS API ver. 1 registered
[    0.592117] pps_core: Software ver. 5.3.6 - Copyright 2005-2007 Rodolfo Giometti <giometti@linux.it>
[    0.592190] PTP clock support registered
[    0.594343] clocksource: Switched to clocksource arch_sys_counter
[    0.653611] pnp: PnP ACPI: disabled
[    0.671097] NET: Registered protocol family 2
[    0.671512] tcp_listen_portaddr_hash hash table entries: 2048 (order: 3, 32768 bytes)
[    0.671567] TCP established hash table entries: 32768 (order: 6, 262144 bytes)
[    0.671812] TCP bind hash table entries: 32768 (order: 7, 524288 bytes)
[    0.672260] TCP: Hash tables configured (established 32768 bind 32768)
[    0.672338] UDP hash table entries: 2048 (order: 4, 65536 bytes)
[    0.672428] UDP-Lite hash table entries: 2048 (order: 4, 65536 bytes)
[    0.672605] NET: Registered protocol family 1
[    0.673541] RPC: Registered named UNIX socket transport module.
[    0.673548] RPC: Registered udp transport module.
[    0.673553] RPC: Registered tcp transport module.
[    0.673558] RPC: Registered tcp NFSv4.1 backchannel transport module.
[    0.674217] PCI: CLS 0 bytes, default 64
[    0.674646] Unpacking initramfs...
[    1.035099] Freeing initrd memory: 7592K
[    1.040707] Initialise system trusted keyrings
[    1.040968] workingset: timestamp_bits=46 max_order=20 bucket_order=0
[    1.052052] squashfs: version 4.0 (2009/01/31) Phillip Lougher
[    1.067198] Key type asymmetric registered
[    1.067207] Asymmetric key parser 'x509' registered
[    1.067457] Block layer SCSI generic (bsg) driver version 0.4 loaded (major 245)
[    1.067466] io scheduler noop registered
[    1.067746] io scheduler cfq registered (default)
[    1.074707] Bus freq driver module loaded
[    1.082977] Serial: 8250/16550 driver, 4 ports, IRQ sharing disabled
[    1.086512] 30860000.serial: ttymxc0 at MMIO 0x30860000 (irq = 38, base_baud = 1562500) is a IMX
[    1.963266] console [ttymxc0] enabled
[    1.967803] 30880000.serial: ttymxc2 at MMIO 0x30880000 (irq = 39, base_baud = 1562500) is a IMX
[    1.977494] 30a60000.serial: ttymxc3 at MMIO 0x30a60000 (irq = 44, base_baud = 1562500) is a IMX
[    1.991470] etnaviv etnaviv: bound 38000000.gpu (ops gpu_ops)
[    1.997292] etnaviv-gpu 38000000.gpu: model: GC7000, revision: 6214
[    2.003729] cma: cma_alloc(cma (____ptrval____), count 1, align 0)
[    2.004213] cma: cma_alloc(): returned (____ptrval____)
[    2.004226] cma: cma_alloc(cma (____ptrval____), count 1, align 0)
[    2.004258] cma: cma_alloc(): returned (____ptrval____)
[    2.004266] cma: cma_alloc(cma (____ptrval____), count 1, align 0)
[    2.004297] cma: cma_alloc(): returned (____ptrval____)
[    2.004310] cma: cma_alloc(cma (____ptrval____), count 64, align 6)
[    2.004393] cma: cma_alloc(): returned (____ptrval____)
[    2.004472] cma: cma_alloc(cma (____ptrval____), count 1, align 0)
[    2.004541] cma: cma_alloc(): returned (____ptrval____)
[    2.005175] [drm] Initialized etnaviv 1.2.0 20151214 for etnaviv on minor 0
[    2.012851] cma: cma_alloc(cma (____ptrval____), count 2, align 1)
[    2.012925] cma: cma_alloc(): returned (____ptrval____)
[    2.012936] cma: cma_alloc(cma (____ptrval____), count 60, align 6)
[    2.012984] cma: cma_alloc(): returned (____ptrval____)
[    2.013055] cma: cma_alloc(cma (____ptrval____), count 2, align 1)
[    2.013131] cma: cma_alloc(): returned (____ptrval____)
[    2.013142] cma: cma_alloc(cma (____ptrval____), count 60, align 6)
[    2.013331] cma: cma_alloc(): returned (____ptrval____)
[    2.013550] dcss-core 32e00000.dcss: Direct firmware load for dcss.fw failed with error -2
[    2.021940] dcss-core 32e00000.dcss: Falling back to syfs fallback for: dcss.fw
[    2.036287] loop: module loaded
[    2.042194] spi_imx 30820000.ecspi: can't get the TX DMA channel, error -19!
[    2.042200] spi_imx 30820000.ecspi: dma setup error -19, use pio
[    2.048495] spi_imx 30820000.ecspi: registered master spi0
[    2.048776] spi spi0.0: spi_imx_setup: mode 0, 8 bpw, 20000000 hz
[    2.048789] spi spi0.0: setup mode 0, 8 bits/w, 20000000 Hz max --> 0
[    2.048952] spi_imx 30820000.ecspi: registered child spi0.0
[    2.048962] spi_imx 30820000.ecspi: probed
[    2.053941] libphy: Fixed MDIO Bus: probed
[    2.060617] Atheros(R) L2 Ethernet Driver - version 2.2.3
[    2.066031] Copyright (c) 2007 Atheros Corporation.
[    2.072504] pps pps0: new PPS source ptp0
[    2.076599] cma: cma_alloc(cma (____ptrval____), count 16, align 4)
[    2.077101] cma: cma_alloc(): returned (____ptrval____)
[    2.077139] cma: cma_alloc(cma (____ptrval____), count 16, align 4)
[    2.077211] cma: cma_alloc(): returned (____ptrval____)
[    2.077237] cma: cma_alloc(cma (____ptrval____), count 16, align 4)
[    2.077297] cma: cma_alloc(): returned (____ptrval____)
[    2.077326] cma: cma_alloc(cma (____ptrval____), count 24, align 5)
[    2.077417] cma: cma_alloc(): returned (____ptrval____)
[    2.078674] libphy: fec_enet_mii_bus: probed
[    2.091847] fec 30be0000.ethernet eth0: registered PHC device 0
[    2.099762] mousedev: PS/2 mouse device common for all mice
[    2.107094] snvs_rtc 30370000.snvs:snvs-rtc-lp: rtc core: registered 30370000.snvs:snvs-rtc-lp as rtc0
[    2.116602] i2c /dev entries driver
[    2.123213] mxc-mipi-csi2_yav 30a70000.mipi_csi1: mipi_csi2_probe
[    2.129409] mxc-mipi-csi2_yav: probe of 30a70000.mipi_csi1 failed with error -22
[    2.139032] imx2-wdt 30280000.wdog: timeout 60 sec (nowayout=0)
[    2.147002] sdhci: Secure Digital Host Controller Interface driver
[    2.153198] sdhci: Copyright(c) Pierre Ossman
[    2.157880] sdhci-pltfm: SDHCI platform and OF driver helper
[    2.164511] cma: cma_alloc(cma (____ptrval____), count 1, align 0)
[    2.164883] cma: cma_alloc(): returned (____ptrval____)
[    2.198145] mmc0: SDHCI controller on 30b40000.usdhc [30b40000.usdhc] using ADMA
[    2.207582] cma: cma_alloc(cma (____ptrval____), count 1, align 0)
[    2.207756] cma: cma_alloc(): returned (____ptrval____)
[    2.240898] mmc1: SDHCI controller on 30b50000.usdhc [30b50000.usdhc] using ADMA
[    2.254199] ledtrig-cpu: registered to indicate activity on CPUs
[    2.260757] caam 30900000.caam: can't identify CAAM ipg clk: -2
[    2.266756] caam: probe of 30900000.caam failed with error -2
[    2.274720] NET: Registered protocol family 26
[    2.275393] mmc1: new high speed SDIO card at address fffd
[    2.277013] mmc0: new HS400 MMC card at address 0001
[    2.277422] mmcblk0: mmc0:0001 M52532 28.5 GiB 
[    2.277600] mmcblk0boot0: mmc0:0001 M52532 partition 1 4.00 MiB
[    2.277768] mmcblk0boot1: mmc0:0001 M52532 partition 2 4.00 MiB
[    2.278035] mmcblk0rpmb: mmc0:0001 M52532 partition 3 4.00 MiB, chardev (243:0)
[    2.279279] NET: Registered protocol family 17
[    2.283504]  mmcblk0: p1 p2
[    2.321120] 9pnet: Installing 9P2000 support
[    2.325554] Key type dns_resolver registered
[    2.330894] registered taskstats version 1
[    2.335059] Loading compiled-in X.509 certificates
[    2.360403] cpu cpu0: _opp_is_duplicate: duplicate OPPs detected. Existing: freq: 1500000000, volt: 1000000, enabled: 1. New: freq: 1500000000, volt: 1000000, enabled: 1
[    2.375611] cpu cpu0: _opp_is_duplicate: duplicate OPPs detected. Existing: freq: 1000000000, volt: 900000, enabled: 1. New: freq: 1000000000, volt: 900000, enabled: 1
[    2.390808] failed to disable 800MHz OPP!
[    2.394835] failed to disable 1.3GHz OPP!
[    2.398961] Configuring consumer grade
[    2.404102] input: gpio-keys as /devices/platform/gpio-keys/input/input0
[    2.411518] snvs_rtc 30370000.snvs:snvs-rtc-lp: setting system clock to 1970-01-01 00:00:00 UTC (0)
[    2.420749] cfg80211: Loading compiled-in X.509 certificates for regulatory database
[    2.443607] cfg80211: Loaded X.509 cert 'sforshee: 00b28ddf47aef9cea7'
[    2.450392] platform regulatory.0: Direct firmware load for regulatory.db failed with error -2
[    2.459085] platform regulatory.0: Falling back to syfs fallback for: regulatory.db
[    2.469359] Freeing unused kernel memory: 1280K
[    2.734412] dcss-core 32e00000.dcss: hdr10: DCSS FW load failed.
[    2.783531] cfg80211: failed to load regulatory.db
[    2.924128] EXT4-fs (mmcblk0p2): mounted filesystem with ordered data mode. Opts: (null)
[    3.253898] systemd[1]: System time before build time, advancing clock.
[    3.279498] systemd[1]: systemd 241 running in system mode. (+PAM +AUDIT +SELINUX +IMA +APPARMOR +SMACK +SYSVINIT +UTMP +LIBCRYPTSETUP +GCRYPT +GNUTLS +ACL +XZ +LZ4 +SECCOMP +BLKID +ELFUTILS +KMOD -IDN2 +IDN -PCRE2 default-hierarchy=hybrid)
[    3.301448] systemd[1]: Detected architecture arm64.
[    3.330778] systemd[1]: Set hostname to <pureos>.
[    3.494261] random: lvmconfig: uninitialized urandom read (4 bytes read)
[    3.526163] systemd[1]: File /lib/systemd/system/systemd-journald.service:12 configures an IP firewall (IPAddressDeny=any), but the local system does not support BPF/cgroup based firewalling.
[    3.543357] systemd[1]: Proceeding WITHOUT firewalling in effect! (This warning is only shown for the first loaded unit using IP firewalling.)
[    3.752010] systemd[1]: Binding to IPv6 address not available since kernel does not support IPv6.
[    3.765679] random: systemd: uninitialized urandom read (16 bytes read)
[    3.777168] random: systemd: uninitialized urandom read (16 bytes read)
[    3.784061] systemd[1]: Listening on Network Service Netlink Socket.
[    3.806653] systemd[1]: Listening on udev Kernel Socket.
[    3.826495] systemd[1]: Reached target Swap.
[    3.846423] systemd[1]: Reached target User and Group Name Lookups.
[    4.581379] EXT4-fs (mmcblk0p2): re-mounted. Opts: errors=remount-ro
[    4.835310] systemd-journald[1271]: Received request to flush runtime journal from PID 1
[    4.850488] systemd-journald[1271]: File /var/log/journal/a10eb4ab9eba403abb076bbd4f865a4b/system.journal corrupted or uncleanly shut down, renaming and replacing.
[    5.395332] Atheros 8031 ethernet 30be0000.ethernet-1:01: attached PHY driver [Atheros 8031 ethernet] (mii_bus:phy_addr=30be0000.ethernet-1:01, irq=POLL)
[    6.516215] random: crng init done
[    6.519651] random: 7 urandom warning(s) missed due to ratelimiting
[    7.455885] fec 30be0000.ethernet eth0: Link is Up - 100Mbps/Full - flow control rx/tx
[   34.581849] cma: cma_alloc(cma 0000000088c5a6e3, count 0, align 8)
[   34.581865] mx6s-csi 30a90000.csi1_bridge: swiotlb: coherent allocation failed, size=0
[   34.589941] CPU: 2 PID: 1501 Comm: qv4l2 Not tainted 4.18.11-00427-g35cf56cbf9cb #41
[   34.597685] Hardware name: Purism Librem 5 devkit (DT)
[   34.602823] Call trace:
[   34.605279]  dump_backtrace+0x0/0x158
[   34.608943]  show_stack+0x24/0x30
[   34.612261]  dump_stack+0x90/0xb4
[   34.615579]  swiotlb_alloc+0x174/0x178
[   34.619330]  __dma_alloc+0x90/0x1d0
[   34.622823]  vb2_dc_alloc+0xd4/0x1b8
[   34.626400]  __vb2_queue_alloc+0x17c/0x428
[   34.630497]  vb2_core_reqbufs+0x134/0x3b8
[   34.634507]  vb2_reqbufs+0x48/0x58
[   34.637911]  mx6s_vidioc_reqbufs+0x48/0x60
[   34.642010]  v4l_reqbufs+0x50/0x60
[   34.645413]  __video_do_ioctl+0x13c/0x340
[   34.649424]  video_usercopy+0x270/0x638
[   34.653262]  video_ioctl2+0x3c/0x4c
[   34.656751]  v4l2_ioctl+0x64/0x90
[   34.660069]  do_vfs_ioctl+0xc4/0x848
[   34.663646]  ksys_ioctl+0x84/0xb8
[   34.666961]  sys_ioctl+0x34/0x48
[   34.670191]  el0_svc_naked+0x30/0x34
[   34.674060] mx6s-csi 30a90000.csi1_bridge: dma_alloc_coherent of size 0 failed
[   34.689762] unknown pixelformat:'    '
[   34.693718] Unable to handle kernel NULL pointer dereference at virtual address 0000000000000024
[   34.702584] Mem abort info:
[   34.705383]   ESR = 0x96000004
[   34.708515]   Exception class = DABT (current EL), IL = 32 bits
[   34.714453]   SET = 0, FnV = 0
[   34.717510]   EA = 0, S1PTW = 0
[   34.720718] Data abort info:
[   34.723611]   ISV = 0, ISS = 0x00000004
[   34.727588]   CM = 0, WnR = 0
[   34.730574] user pgtable: 4k pages, 48-bit VAs, pgdp = 00000000a684769d
[   34.737199] [0000000000000024] pgd=0000000000000000
[   34.742093] Internal error: Oops: 96000004 [#1] PREEMPT SMP
[   34.747668] Modules linked in:
[   34.750730] CPU: 2 PID: 1501 Comm: qv4l2 Not tainted 4.18.11-00427-g35cf56cbf9cb #41
[   34.758472] Hardware name: Purism Librem 5 devkit (DT)
[   34.763612] pstate: 40000005 (nZcv daif -PAN -UAO)
[   34.768415] pc : mx6s_vidioc_enum_framesizes+0x78/0x130
[   34.773644] lr : mx6s_vidioc_enum_framesizes+0x74/0x130
[   34.778868] sp : ffff80009f02faf0
[   34.782182] x29: ffff80009f02faf0 x28: 0000000000000000 
[   34.787497] x27: ffff000009174cb0 x26: ffff80009f02fcd8 
[   34.792813] x25: 0000000000000000 x24: ffff8000aabcb600 
[   34.798129] x23: ffff8000a9684348 x22: 0000000000000001 
[   34.803444] x21: 0000000000000000 x20: ffff0000090e85c8 
[   34.808759] x19: ffff80009f02fcd8 x18: 0000000000000010 
[   34.814074] x17: 0000000000000000 x16: 0000000000000000 
[   34.819389] x15: ffffffffffffffff x14: ffff0000090e85c8 
[   34.824704] x13: ffff0000891fe8b7 x12: ffff0000091fe8bf 
[   34.830019] x11: ffff0000090fe000 x10: 00000000000008e0 
[   34.835333] x9 : ffff80009f02f830 x8 : ffff80009f0daf80 
[   34.840648] x7 : 0000000000000005 x6 : ffff8000bff8d9c0 
[   34.845962] x5 : ffff8000bff8d9c0 x4 : 0000000000000000 
[   34.851276] x3 : ffff8000bff957e0 x2 : 0287cf556ea0cb00 
[   34.856591] x1 : 0000000000000000 x0 : 0000000000000000 
[   34.861907] Process qv4l2 (pid: 1501, stack limit = 0x00000000a5659bf3)
[   34.868521] Call trace:
[   34.870972]  mx6s_vidioc_enum_framesizes+0x78/0x130
[   34.875853]  v4l_stub_enum_framesizes+0x3c/0x50
[   34.880385]  __video_do_ioctl+0x13c/0x340
[   34.884397]  video_usercopy+0x270/0x638
[   34.888235]  video_ioctl2+0x3c/0x4c
[   34.891724]  v4l2_ioctl+0x64/0x90
[   34.895042]  do_vfs_ioctl+0xc4/0x848
[   34.898618]  ksys_ioctl+0x84/0xb8
[   34.901934]  sys_ioctl+0x34/0x48
[   34.905166]  el0_svc_naked+0x30/0x34
[   34.908744] Code: f806c3ff b90077ff 97ffff82 b9400661 (b9402402) 
[   34.914839] ---[ end trace cc3a497bf3c652e7 ]---
