[    0.000000] Linux version 4.17.0-rc1 (pavel@duo) (gcc version 4.9.2 (Debian 4.9.2-10+deb8u1)) #163 SMP Mon Apr 16 09:08:51 CEST 2018
[    0.000000] Command line: BOOT_IMAGE=(hd0,2)/fast/l/linux-64/arch/x86/boot/bzImage root=/dev/sda4 resume=/dev/sda1
[    0.000000] Disabled fast string operations
[    0.000000] x86/fpu: Supporting XSAVE feature 0x001: 'x87 floating point registers'
[    0.000000] x86/fpu: Supporting XSAVE feature 0x002: 'SSE registers'
[    0.000000] x86/fpu: Supporting XSAVE feature 0x004: 'AVX registers'
[    0.000000] x86/fpu: xstate_offset[2]:  576, xstate_sizes[2]:  256
[    0.000000] x86/fpu: Enabled xstate features 0x7, context size is 832 bytes, using 'standard' format.
[    0.000000] e820: BIOS-provided physical RAM map:
[    0.000000] BIOS-e820: [mem 0x0000000000000000-0x000000000009d7ff] usable
[    0.000000] BIOS-e820: [mem 0x000000000009d800-0x000000000009ffff] reserved
[    0.000000] BIOS-e820: [mem 0x00000000000e0000-0x00000000000fffff] reserved
[    0.000000] BIOS-e820: [mem 0x0000000000100000-0x000000001fffffff] usable
[    0.000000] BIOS-e820: [mem 0x0000000020000000-0x00000000201fffff] reserved
[    0.000000] BIOS-e820: [mem 0x0000000020200000-0x000000003fffffff] usable
[    0.000000] BIOS-e820: [mem 0x0000000040000000-0x00000000401fffff] reserved
[    0.000000] BIOS-e820: [mem 0x0000000040200000-0x00000000da99efff] usable
[    0.000000] BIOS-e820: [mem 0x00000000da99f000-0x00000000dae9efff] reserved
[    0.000000] BIOS-e820: [mem 0x00000000dae9f000-0x00000000daf9efff] ACPI NVS
[    0.000000] BIOS-e820: [mem 0x00000000daf9f000-0x00000000daffefff] ACPI data
[    0.000000] BIOS-e820: [mem 0x00000000dafff000-0x00000000daffffff] usable
[    0.000000] BIOS-e820: [mem 0x00000000db000000-0x00000000df9fffff] reserved
[    0.000000] BIOS-e820: [mem 0x00000000f8000000-0x00000000fbffffff] reserved
[    0.000000] BIOS-e820: [mem 0x00000000fec00000-0x00000000fec00fff] reserved
[    0.000000] BIOS-e820: [mem 0x00000000fed08000-0x00000000fed08fff] reserved
[    0.000000] BIOS-e820: [mem 0x00000000fed10000-0x00000000fed19fff] reserved
[    0.000000] BIOS-e820: [mem 0x00000000fed1c000-0x00000000fed1ffff] reserved
[    0.000000] BIOS-e820: [mem 0x00000000fee00000-0x00000000fee00fff] reserved
[    0.000000] BIOS-e820: [mem 0x00000000ffd20000-0x00000000ffffffff] reserved
[    0.000000] BIOS-e820: [mem 0x0000000100000000-0x000000019e5fffff] usable
[    0.000000] BIOS-e820: [mem 0x000000019e600000-0x000000019e7fffff] reserved
[    0.000000] NX (Execute Disable) protection: active
[    0.000000] random: fast init done
[    0.000000] SMBIOS 2.6 present.
[    0.000000] DMI: LENOVO 42872WU/42872WU, BIOS 8DET73WW (1.43 ) 10/12/2016
[    0.000000] e820: update [mem 0x00000000-0x00000fff] usable ==> reserved
[    0.000000] e820: remove [mem 0x000a0000-0x000fffff] usable
[    0.000000] e820: last_pfn = 0x19e600 max_arch_pfn = 0x400000000
[    0.000000] MTRR default type: uncachable
[    0.000000] MTRR fixed ranges enabled:
[    0.000000]   00000-9FFFF write-back
[    0.000000]   A0000-BFFFF uncachable
[    0.000000]   C0000-FFFFF write-protect
[    0.000000] MTRR variable ranges enabled:
[    0.000000]   0 base 0FFC00000 mask FFFC00000 write-protect
[    0.000000]   1 base 000000000 mask F80000000 write-back
[    0.000000]   2 base 080000000 mask FC0000000 write-back
[    0.000000]   3 base 0C0000000 mask FE0000000 write-back
[    0.000000]   4 base 0DC000000 mask FFC000000 uncachable
[    0.000000]   5 base 0DB000000 mask FFF000000 uncachable
[    0.000000]   6 base 100000000 mask F80000000 write-back
[    0.000000]   7 base 180000000 mask FE0000000 write-back
[    0.000000]   8 base 19F000000 mask FFF000000 uncachable
[    0.000000]   9 base 19E800000 mask FFF800000 uncachable
[    0.000000] x86/PAT: Configuration [0-7]: WB  WC  UC- UC  WB  WP  UC- WT  
[    0.000000] e820: last_pfn = 0xdb000 max_arch_pfn = 0x400000000
[    0.000000] Base memory trampoline at [        (ptrval)] 97000 size 24576
[    0.000000] reserving inaccessible SNB gfx pages
[    0.000000] BRK [0x064c2000, 0x064c2fff] PGTABLE
[    0.000000] BRK [0x064c3000, 0x064c3fff] PGTABLE
[    0.000000] BRK [0x064c4000, 0x064c4fff] PGTABLE
[    0.000000] BRK [0x064c5000, 0x064c5fff] PGTABLE
[    0.000000] BRK [0x064c6000, 0x064c6fff] PGTABLE
[    0.000000] BRK [0x064c7000, 0x064c7fff] PGTABLE
[    0.000000] ACPI: Early table checksum verification disabled
[    0.000000] ACPI: RSDP 0x00000000000F00E0 000024 (v02 LENOVO)
[    0.000000] ACPI: XSDT 0x00000000DAFFE120 0000AC (v01 LENOVO TP-8D    00001430 PTEC 00000002)
[    0.000000] ACPI: FACP 0x00000000DAFE7000 0000F4 (v04 LENOVO TP-8D    00001430 PTL  00000002)
[    0.000000] ACPI: DSDT 0x00000000DAFEA000 00FA89 (v01 LENOVO TP-8D    00001430 INTL 20061109)
[    0.000000] ACPI: FACS 0x00000000DAF2D000 000040
[    0.000000] ACPI: FACS 0x00000000DAF2D000 000040
[    0.000000] ACPI: SLIC 0x00000000DAFFD000 000176 (v01 LENOVO TP-8D    00001430 PTEC 00000001)
[    0.000000] ACPI: SSDT 0x00000000DAFFC000 000249 (v01 LENOVO TP-SSDT2 00000200 INTL 20061109)
[    0.000000] ACPI: SSDT 0x00000000DAFFB000 000033 (v01 LENOVO TP-SSDT1 00000100 INTL 20061109)
[    0.000000] ACPI: SSDT 0x00000000DAFFA000 0007D1 (v01 LENOVO SataAhci 00001000 INTL 20061109)
[    0.000000] ACPI: HPET 0x00000000DAFE6000 000038 (v01 LENOVO TP-8D    00001430 PTL  00000002)
[    0.000000] ACPI: APIC 0x00000000DAFE5000 000098 (v01 LENOVO TP-8D    00001430 PTL  00000002)
[    0.000000] ACPI: MCFG 0x00000000DAFE4000 00003C (v01 LENOVO TP-8D    00001430 PTL  00000002)
[    0.000000] ACPI: ECDT 0x00000000DAFE3000 000052 (v01 LENOVO TP-8D    00001430 PTL  00000002)
[    0.000000] ACPI: ASF! 0x00000000DAFE9000 0000A5 (v32 LENOVO TP-8D    00001430 PTL  00000002)
[    0.000000] ACPI: TCPA 0x00000000DAFE2000 000032 (v02 PTL    LENOVO   06040000 LNVO 00000001)
[    0.000000] ACPI: SSDT 0x00000000DAFE1000 000A27 (v01 PmRef  Cpu0Ist  00003000 INTL 20061109)
[    0.000000] ACPI: SSDT 0x00000000DAFE0000 000996 (v01 PmRef  CpuPm    00003000 INTL 20061109)
[    0.000000] ACPI: DMAR 0x00000000DAFDF000 0000E8 (v01 INTEL  SNB      00000001 INTL 00000001)
[    0.000000] ACPI: UEFI 0x00000000DAFDE000 00003E (v01 LENOVO TP-8D    00001430 PTL  00000002)
[    0.000000] ACPI: UEFI 0x00000000DAFDD000 000042 (v01 PTL    COMBUF   00000001 PTL  00000001)
[    0.000000] ACPI: UEFI 0x00000000DAFDC000 000292 (v01 LENOVO TP-8D    00001430 PTL  00000002)
[    0.000000] ACPI: Local APIC address 0xfee00000
[    0.000000] tsc: Fast TSC calibration using PIT
[    0.000000] Zone ranges:
[    0.000000]   DMA      [mem 0x0000000000001000-0x0000000000ffffff]
[    0.000000]   DMA32    [mem 0x0000000001000000-0x00000000ffffffff]
[    0.000000]   Normal   [mem 0x0000000100000000-0x000000019e5fffff]
[    0.000000] Movable zone start for each node
[    0.000000] Early memory node ranges
[    0.000000]   node   0: [mem 0x0000000000001000-0x000000000009cfff]
[    0.000000]   node   0: [mem 0x0000000000100000-0x000000001fffffff]
[    0.000000]   node   0: [mem 0x0000000020200000-0x000000003fffffff]
[    0.000000]   node   0: [mem 0x0000000040200000-0x00000000da99efff]
[    0.000000]   node   0: [mem 0x00000000dafff000-0x00000000daffffff]
[    0.000000]   node   0: [mem 0x0000000100000000-0x000000019e5fffff]
[    0.000000] Initmem setup node 0 [mem 0x0000000000001000-0x000000019e5fffff]
[    0.000000] On node 0 totalpages: 1542972
[    0.000000]   DMA zone: 56 pages used for memmap
[    0.000000]   DMA zone: 156 pages reserved
[    0.000000]   DMA zone: 3996 pages, LIFO batch:0
[    0.000000]   DMA32 zone: 12172 pages used for memmap
[    0.000000]   DMA32 zone: 890272 pages, LIFO batch:31
[    0.000000]   Normal zone: 8869 pages used for memmap
[    0.000000]   Normal zone: 648704 pages, LIFO batch:31
[    0.000000] Reserved but unavailable: 105 pages
[    0.000000] Reserving Intel graphics memory at [mem 0xdba00000-0xdf9fffff]
[    0.000000] ACPI: PM-Timer IO Port: 0x408
[    0.000000] ACPI: Local APIC address 0xfee00000
[    0.000000] ACPI: LAPIC_NMI (acpi_id[0x00] high edge lint[0x1])
[    0.000000] ACPI: LAPIC_NMI (acpi_id[0x01] high edge lint[0x1])
[    0.000000] IOAPIC[0]: apic_id 2, version 32, address 0xfec00000, GSI 0-23
[    0.000000] ACPI: INT_SRC_OVR (bus 0 bus_irq 0 global_irq 2 dfl dfl)
[    0.000000] ACPI: INT_SRC_OVR (bus 0 bus_irq 9 global_irq 9 high level)
[    0.000000] ACPI: IRQ0 used by override.
[    0.000000] ACPI: IRQ9 used by override.
[    0.000000] Using ACPI (MADT) for SMP configuration information
[    0.000000] ACPI: HPET id: 0x8086a301 base: 0xfed00000
[    0.000000] smpboot: Allowing 8 CPUs, 4 hotplug CPUs
[    0.000000] PM: Registered nosave memory: [mem 0x00000000-0x00000fff]
[    0.000000] PM: Registered nosave memory: [mem 0x0009d000-0x0009dfff]
[    0.000000] PM: Registered nosave memory: [mem 0x0009e000-0x0009ffff]
[    0.000000] PM: Registered nosave memory: [mem 0x000a0000-0x000dffff]
[    0.000000] PM: Registered nosave memory: [mem 0x000e0000-0x000fffff]
[    0.000000] PM: Registered nosave memory: [mem 0x20000000-0x201fffff]
[    0.000000] PM: Registered nosave memory: [mem 0x40000000-0x401fffff]
[    0.000000] PM: Registered nosave memory: [mem 0xda99f000-0xdae9efff]
[    0.000000] PM: Registered nosave memory: [mem 0xdae9f000-0xdaf9efff]
[    0.000000] PM: Registered nosave memory: [mem 0xdaf9f000-0xdaffefff]
[    0.000000] PM: Registered nosave memory: [mem 0xdb000000-0xdf9fffff]
[    0.000000] PM: Registered nosave memory: [mem 0xdfa00000-0xf7ffffff]
[    0.000000] PM: Registered nosave memory: [mem 0xf8000000-0xfbffffff]
[    0.000000] PM: Registered nosave memory: [mem 0xfc000000-0xfebfffff]
[    0.000000] PM: Registered nosave memory: [mem 0xfec00000-0xfec00fff]
[    0.000000] PM: Registered nosave memory: [mem 0xfec01000-0xfed07fff]
[    0.000000] PM: Registered nosave memory: [mem 0xfed08000-0xfed08fff]
[    0.000000] PM: Registered nosave memory: [mem 0xfed09000-0xfed0ffff]
[    0.000000] PM: Registered nosave memory: [mem 0xfed10000-0xfed19fff]
[    0.000000] PM: Registered nosave memory: [mem 0xfed1a000-0xfed1bfff]
[    0.000000] PM: Registered nosave memory: [mem 0xfed1c000-0xfed1ffff]
[    0.000000] PM: Registered nosave memory: [mem 0xfed20000-0xfedfffff]
[    0.000000] PM: Registered nosave memory: [mem 0xfee00000-0xfee00fff]
[    0.000000] PM: Registered nosave memory: [mem 0xfee01000-0xffd1ffff]
[    0.000000] PM: Registered nosave memory: [mem 0xffd20000-0xffffffff]
[    0.000000] e820: [mem 0xdfa00000-0xf7ffffff] available for PCI devices
[    0.000000] clocksource: refined-jiffies: mask: 0xffffffff max_cycles: 0xffffffff, max_idle_ns: 7645519600211568 ns
[    0.000000] setup_percpu: NR_CPUS:8 nr_cpumask_bits:8 nr_cpu_ids:8 nr_node_ids:1
[    0.000000] percpu: Embedded 43 pages/cpu @        (ptrval) s136264 r8192 d31672 u262144
[    0.000000] pcpu-alloc: s136264 r8192 d31672 u262144 alloc=1*2097152
[    0.000000] pcpu-alloc: [0] 0 1 2 3 4 5 6 7 
[    0.000000] Built 1 zonelists, mobility grouping on.  Total pages: 1521719
[    0.000000] Kernel command line: BOOT_IMAGE=(hd0,2)/fast/l/linux-64/arch/x86/boot/bzImage root=/dev/sda4 resume=/dev/sda1
[    0.000000] Dentry cache hash table entries: 1048576 (order: 11, 8388608 bytes)
[    0.000000] Inode-cache hash table entries: 524288 (order: 10, 4194304 bytes)
[    0.000000] Memory: 5965824K/6171888K available (16396K kernel code, 1099K rwdata, 5300K rodata, 1000K init, 10780K bss, 206064K reserved, 0K cma-reserved)
[    0.000000] Kernel/User page tables isolation: enabled
[    0.000000] Hierarchical RCU implementation.
[    0.000000] NR_IRQS: 4352, nr_irqs: 104, preallocated irqs: 16
[    0.000000] Console: colour VGA+ 80x25
[    0.000000] console [tty0] enabled
[    0.000000] Lock dependency validator: Copyright (c) 2006 Red Hat, Inc., Ingo Molnar
[    0.000000] ... MAX_LOCKDEP_SUBCLASSES:  8
[    0.000000] ... MAX_LOCK_DEPTH:          48
[    0.000000] ... MAX_LOCKDEP_KEYS:        8191
[    0.000000] ... CLASSHASH_SIZE:          4096
[    0.000000] ... MAX_LOCKDEP_ENTRIES:     32768
[    0.000000] ... MAX_LOCKDEP_CHAINS:      65536
[    0.000000] ... CHAINHASH_SIZE:          32768
[    0.000000]  memory used by lock dependency info: 7359 kB
[    0.000000]  per task-struct memory footprint: 1920 bytes
[    0.000000] ACPI: Core revision 20180313
[    0.000000] clocksource: hpet: mask: 0xffffffff max_cycles: 0xffffffff, max_idle_ns: 133484882848 ns
[    0.000000] hpet clockevent registered
[    0.000000] APIC: Switch to symmetric I/O mode setup
[    0.000000] ..TIMER: vector=0x30 apic1=0 pin1=2 apic2=-1 pin2=-1
[    0.020000] tsc: Fast TSC calibration using PIT
[    0.024000] tsc: Detected 2492.078 MHz processor
[    0.024000] clocksource: tsc-early: mask: 0xffffffffffffffff max_cycles: 0x23ebfe399c1, max_idle_ns: 440795214056 ns
[    0.024000] Calibrating delay loop (skipped), value calculated using timer frequency.. 4984.15 BogoMIPS (lpj=9968312)
[    0.024000] pid_max: default: 32768 minimum: 301
[    0.028152] Mount-cache hash table entries: 16384 (order: 5, 131072 bytes)
[    0.028237] Mountpoint-cache hash table entries: 16384 (order: 5, 131072 bytes)
[    0.028682] Disabled fast string operations
[    0.028744] CPU: Physical Processor ID: 0
[    0.028803] CPU: Processor Core ID: 0
[    0.028864] ENERGY_PERF_BIAS: Set to 'normal', was 'performance'
[    0.028929] ENERGY_PERF_BIAS: View and update with x86_energy_perf_policy(8)
[    0.029000] process: using mwait in idle threads
[    0.029063] Last level iTLB entries: 4KB 512, 2MB 8, 4MB 8
[    0.029126] Last level dTLB entries: 4KB 512, 2MB 32, 4MB 32, 1GB 0
[    0.029193] Spectre V2 : Mitigation: Full generic retpoline
[    0.029343] Freeing SMP alternatives memory: 44K
[    0.030409] TSC deadline timer enabled
[    0.030413] smpboot: CPU0: Intel(R) Core(TM) i5-2520M CPU @ 2.50GHz (family: 0x6, model: 0x2a, stepping: 0x7)
[    0.030752] Performance Events: PEBS fmt1+, SandyBridge events, 16-deep LBR, full-width counters, Intel PMU driver.
[    0.030873] ... version:                3
[    0.030931] ... bit width:              48
[    0.030990] ... generic registers:      4
[    0.031049] ... value mask:             0000ffffffffffff
[    0.031112] ... max period:             00007fffffffffff
[    0.031175] ... fixed-purpose events:   3
[    0.031720] ... event mask:             000000070000000f
[    0.031891] Hierarchical SRCU implementation.
[    0.032000] smp: Bringing up secondary CPUs ...
[    0.032000] x86: Booting SMP configuration:
[    0.032000] .... node  #0, CPUs:      #1
[    0.004000] Disabled fast string operations
[    0.034475] NMI watchdog: Enabled. Permanently consumes one hw-PMU counter.
[    0.035186]  #2
[    0.004000] Disabled fast string operations
[    0.036512]  #3
[    0.004000] Disabled fast string operations
[    0.038908] smp: Brought up 1 node, 4 CPUs
[    0.038908] smpboot: Max logical packages: 2
[    0.038908] smpboot: Total of 4 processors activated (19936.62 BogoMIPS)
[    0.040280] devtmpfs: initialized
[    0.040494] PM: Registering ACPI NVS region [mem 0xdae9f000-0xdaf9efff] (1048576 bytes)
[    0.040819] clocksource: jiffies: mask: 0xffffffff max_cycles: 0xffffffff, max_idle_ns: 7645041785100000 ns
[    0.040925] futex hash table entries: 2048 (order: 6, 262144 bytes)
[    0.041587] NET: Registered protocol family 16
[    0.042313] cpuidle: using governor ladder
[    0.042313] cpuidle: using governor menu
[    0.042313] ACPI FADT declares the system doesn't support PCIe ASPM, so disable it
[    0.042313] ACPI: bus type PCI registered
[    0.042313] PCI: MMCONFIG for domain 0000 [bus 00-3f] at [mem 0xf8000000-0xfbffffff] (base 0xf8000000)
[    0.042313] PCI: MMCONFIG at [mem 0xf8000000-0xfbffffff] reserved in E820
[    0.042313] PCI: Using configuration type 1 for base access
[    0.042313] core: PMU erratum BJ122, BV98, HSD29 worked around, HT is on
[    0.066138] ACPI: Added _OSI(Module Device)
[    0.066138] ACPI: Added _OSI(Processor Device)
[    0.066138] ACPI: Added _OSI(3.0 _SCP Extensions)
[    0.066138] ACPI: Added _OSI(Processor Aggregator Device)
[    0.066138] ACPI: Added _OSI(Linux-Dell-Video)
[    0.066138] ACPI: EC: EC started
[    0.066138] ACPI: EC: interrupt blocked
[    0.066138] ACPI: \: Used as first EC
[    0.066138] ACPI: \: GPE=0x11, EC_CMD/EC_SC=0x66, EC_DATA=0x62
[    0.066138] ACPI: \: Used as boot ECDT EC to handle transactions
[    0.104004] ACPI: 6 ACPI AML tables successfully acquired and loaded
[    0.108009] ACPI: [Firmware Bug]: BIOS _OSI(Linux) query ignored
[    0.125735] ACPI: Dynamic OEM Table Load:
[    0.125813] ACPI: SSDT 0xFFFF8801970A9000 0008C0 (v01 PmRef  Cpu0Cst  00003001 INTL 20061109)
[    0.126289] ACPI: Dynamic OEM Table Load:
[    0.126289] ACPI: SSDT 0xFFFF880196FDF400 000303 (v01 PmRef  ApIst    00003000 INTL 20061109)
[    0.128240] ACPI: Dynamic OEM Table Load:
[    0.128311] ACPI: SSDT 0xFFFF8801979B0000 000119 (v01 PmRef  ApCst    00003000 INTL 20061109)
[    0.130185] ACPI: Interpreter enabled
[    0.130300] ACPI: (supports S0 S3 S4 S5)
[    0.130369] ACPI: Using IOAPIC for interrupt routing
[    0.130537] PCI: Using host bridge windows from ACPI; if necessary, use "pci=nocrs" and report a bug
[    0.131306] ACPI: Enabled 6 GPEs in block 00 to 3F
[    0.144683] ACPI: Power Resource [PUBS] (on)
[    0.145252] acpi PNP0C0A:01: ACPI dock station (docks/bays count: 1)
[    0.149050] acpi LNXIOBAY:00: ACPI dock station (docks/bays count: 2)
[    0.154825] acpi IBM0079:00: ACPI dock station (docks/bays count: 3)
[    0.156590] ACPI: PCI Interrupt Link [LNKA] (IRQs 3 4 5 6 7 9 10 *11)
[    0.157017] ACPI: PCI Interrupt Link [LNKB] (IRQs 3 4 5 6 7 9 10 *11)
[    0.157439] ACPI: PCI Interrupt Link [LNKC] (IRQs 3 4 5 6 7 9 10 *11)
[    0.157860] ACPI: PCI Interrupt Link [LNKD] (IRQs 3 4 5 6 7 9 *10 11)
[    0.158281] ACPI: PCI Interrupt Link [LNKE] (IRQs 3 4 5 6 *7 9 10 11)
[    0.158607] ACPI: PCI Interrupt Link [LNKF] (IRQs 3 4 5 6 7 9 10 11) *0, disabled.
[    0.159036] ACPI: PCI Interrupt Link [LNKG] (IRQs 3 4 5 6 *7 9 10 11)
[    0.159457] ACPI: PCI Interrupt Link [LNKH] (IRQs 3 4 5 6 7 9 *10 11)
[    0.159757] ACPI: PCI Root Bridge [PCI0] (domain 0000 [bus 00-fe])
[    0.159831] acpi PNP0A08:00: _OSC: OS supports [ExtendedConfig ASPM ClockPM Segments]
[    0.160317] acpi PNP0A08:00: _OSC: not requesting OS control; OS requires [ExtendedConfig ASPM ClockPM MSI]
[    0.160418] acpi PNP0A08:00: [Firmware Info]: MMCONFIG for domain 0000 [bus 00-3f] only partially covers this bridge
[    0.160641] PCI host bridge to bus 0000:00
[    0.160704] pci_bus 0000:00: root bus resource [io  0x0000-0x0cf7 window]
[    0.160775] pci_bus 0000:00: root bus resource [io  0x0d00-0xffff window]
[    0.160846] pci_bus 0000:00: root bus resource [mem 0x000a0000-0x000bffff window]
[    0.160919] pci_bus 0000:00: root bus resource [mem 0xdfa00000-0xfebfffff window]
[    0.160993] pci_bus 0000:00: root bus resource [mem 0xfed40000-0xfed4bfff window]
[    0.161066] pci_bus 0000:00: root bus resource [bus 00-fe]
[    0.161150] pci 0000:00:00.0: [8086:0104] type 00 class 0x060000
[    0.161366] pci 0000:00:02.0: [8086:0126] type 00 class 0x030000
[    0.161380] pci 0000:00:02.0: reg 0x10: [mem 0xf0000000-0xf03fffff 64bit]
[    0.161388] pci 0000:00:02.0: reg 0x18: [mem 0xe0000000-0xefffffff 64bit pref]
[    0.161393] pci 0000:00:02.0: reg 0x20: [io  0x5000-0x503f]
[    0.161653] pci 0000:00:16.0: [8086:1c3a] type 00 class 0x078000
[    0.161683] pci 0000:00:16.0: reg 0x10: [mem 0xf2525000-0xf252500f 64bit]
[    0.161774] pci 0000:00:16.0: PME# supported from D0 D3hot D3cold
[    0.161974] pci 0000:00:19.0: [8086:1502] type 00 class 0x020000
[    0.162000] pci 0000:00:19.0: reg 0x10: [mem 0xf2500000-0xf251ffff]
[    0.162010] pci 0000:00:19.0: reg 0x14: [mem 0xf252b000-0xf252bfff]
[    0.162020] pci 0000:00:19.0: reg 0x18: [io  0x5080-0x509f]
[    0.162097] pci 0000:00:19.0: PME# supported from D0 D3hot D3cold
[    0.162298] pci 0000:00:1a.0: [8086:1c2d] type 00 class 0x0c0320
[    0.162325] pci 0000:00:1a.0: reg 0x10: [mem 0xf252a000-0xf252a3ff]
[    0.162428] pci 0000:00:1a.0: PME# supported from D0 D3hot D3cold
[    0.162632] pci 0000:00:1b.0: [8086:1c20] type 00 class 0x040300
[    0.162659] pci 0000:00:1b.0: reg 0x10: [mem 0xf2520000-0xf2523fff 64bit]
[    0.162755] pci 0000:00:1b.0: PME# supported from D0 D3hot D3cold
[    0.162949] pci 0000:00:1c.0: [8086:1c10] type 01 class 0x060400
[    0.163051] pci 0000:00:1c.0: PME# supported from D0 D3hot D3cold
[    0.163256] pci 0000:00:1c.1: [8086:1c12] type 01 class 0x060400
[    0.163366] pci 0000:00:1c.1: PME# supported from D0 D3hot D3cold
[    0.163573] pci 0000:00:1c.3: [8086:1c16] type 01 class 0x060400
[    0.163682] pci 0000:00:1c.3: PME# supported from D0 D3hot D3cold
[    0.163890] pci 0000:00:1c.4: [8086:1c18] type 01 class 0x060400
[    0.164040] pci 0000:00:1c.4: PME# supported from D0 D3hot D3cold
[    0.164261] pci 0000:00:1d.0: [8086:1c26] type 00 class 0x0c0320
[    0.164288] pci 0000:00:1d.0: reg 0x10: [mem 0xf2529000-0xf25293ff]
[    0.164392] pci 0000:00:1d.0: PME# supported from D0 D3hot D3cold
[    0.164591] pci 0000:00:1f.0: [8086:1c4f] type 00 class 0x060100
[    0.164894] pci 0000:00:1f.2: [8086:1c03] type 00 class 0x010601
[    0.164918] pci 0000:00:1f.2: reg 0x10: [io  0x50a8-0x50af]
[    0.164927] pci 0000:00:1f.2: reg 0x14: [io  0x50bc-0x50bf]
[    0.164937] pci 0000:00:1f.2: reg 0x18: [io  0x50a0-0x50a7]
[    0.164946] pci 0000:00:1f.2: reg 0x1c: [io  0x50b8-0x50bb]
[    0.164956] pci 0000:00:1f.2: reg 0x20: [io  0x5060-0x507f]
[    0.164965] pci 0000:00:1f.2: reg 0x24: [mem 0xf2528000-0xf25287ff]
[    0.165020] pci 0000:00:1f.2: PME# supported from D3hot
[    0.165211] pci 0000:00:1f.3: [8086:1c22] type 00 class 0x0c0500
[    0.165235] pci 0000:00:1f.3: reg 0x10: [mem 0xf2524000-0xf25240ff 64bit]
[    0.165259] pci 0000:00:1f.3: reg 0x20: [io  0xefa0-0xefbf]
[    0.165533] pci 0000:00:1c.0: PCI bridge to [bus 02]
[    0.165727] pci 0000:03:00.0: [8086:0084] type 00 class 0x028000
[    0.165800] pci 0000:03:00.0: reg 0x10: [mem 0xf2400000-0xf2401fff 64bit]
[    0.166062] pci 0000:03:00.0: PME# supported from D0 D3hot D3cold
[    0.166248] pci 0000:00:1c.1: PCI bridge to [bus 03]
[    0.166318] pci 0000:00:1c.1:   bridge window [mem 0xf2400000-0xf24fffff]
[    0.166404] pci 0000:00:1c.3: PCI bridge to [bus 05-0c]
[    0.166472] pci 0000:00:1c.3:   bridge window [io  0x4000-0x4fff]
[    0.166477] pci 0000:00:1c.3:   bridge window [mem 0xf1c00000-0xf23fffff]
[    0.166485] pci 0000:00:1c.3:   bridge window [mem 0xf0400000-0xf0bfffff 64bit pref]
[    0.166662] pci 0000:0d:00.0: [1180:e822] type 00 class 0x088001
[    0.166692] pci 0000:0d:00.0: MMC controller base frequency changed to 50Mhz.
[    0.166978] pci 0000:0d:00.0: reg 0x10: [mem 0xf1400000-0xf14000ff]
[    0.167266] pci 0000:0d:00.0: supports D1 D2
[    0.167269] pci 0000:0d:00.0: PME# supported from D0 D1 D2 D3hot D3cold
[    0.167628] pci 0000:00:1c.4: PCI bridge to [bus 0d]
[    0.167696] pci 0000:00:1c.4:   bridge window [io  0x3000-0x3fff]
[    0.167702] pci 0000:00:1c.4:   bridge window [mem 0xf1400000-0xf1bfffff]
[    0.167711] pci 0000:00:1c.4:   bridge window [mem 0xf0c00000-0xf13fffff 64bit pref]
[    0.167745] pci_bus 0000:00: on NUMA node 0
[    0.170613] ACPI: EC: interrupt unblocked
[    0.170696] ACPI: EC: event unblocked
[    0.170797] ACPI: \_SB_.PCI0.LPC_.EC__: GPE=0x11, EC_CMD/EC_SC=0x66, EC_DATA=0x62
[    0.170873] ACPI: \_SB_.PCI0.LPC_.EC__: Used as boot DSDT EC to handle transactions and events
[    0.171155] pci 0000:00:02.0: vgaarb: setting as boot VGA device
[    0.171155] pci 0000:00:02.0: vgaarb: VGA device added: decodes=io+mem,owns=io+mem,locks=none
[    0.171155] pci 0000:00:02.0: vgaarb: bridge control possible
[    0.171155] vgaarb: loaded
[    0.171339] SCSI subsystem initialized
[    0.171339] libata version 3.00 loaded.
[    0.172138] ACPI: bus type USB registered
[    0.172274] usbcore: registered new interface driver usbfs
[    0.172274] usbcore: registered new interface driver hub
[    0.172274] usbcore: registered new device driver usb
[    0.172274] media: Linux media interface: v0.10
[    0.172274] Linux video capture interface: v2.00
[    0.172274] pps_core: LinuxPPS API ver. 1 registered
[    0.172274] pps_core: Software ver. 5.3.6 - Copyright 2005-2007 Rodolfo Giometti <giometti@linux.it>
[    0.172274] PTP clock support registered
[    0.172274] EDAC MC: Ver: 3.0.0
[    0.172385] Advanced Linux Sound Architecture Driver Initialized.
[    0.172401] PCI: Using ACPI for IRQ routing
[    0.174312] PCI: pci_cache_line_size set to 64 bytes
[    0.174531] e820: reserve RAM buffer [mem 0x0009d800-0x0009ffff]
[    0.174534] e820: reserve RAM buffer [mem 0xda99f000-0xdbffffff]
[    0.174536] e820: reserve RAM buffer [mem 0xdb000000-0xdbffffff]
[    0.174538] e820: reserve RAM buffer [mem 0x19e600000-0x19fffffff]
[    0.176095] Bluetooth: Core ver 2.22
[    0.176095] NET: Registered protocol family 31
[    0.176095] Bluetooth: HCI device and connection manager initialized
[    0.176095] Bluetooth: HCI socket layer initialized
[    0.176095] Bluetooth: L2CAP socket layer initialized
[    0.176095] Bluetooth: SCO socket layer initialized
[    0.176134] clocksource: Switched to clocksource tsc-early
[    0.176266] pnp: PnP ACPI init
[    0.177802] system 00:00: [mem 0x00000000-0x0009ffff] could not be reserved
[    0.177886] system 00:00: [mem 0x000c0000-0x000c3fff] could not be reserved
[    0.177959] system 00:00: [mem 0x000c4000-0x000c7fff] could not be reserved
[    0.178031] system 00:00: [mem 0x000c8000-0x000cbfff] has been reserved
[    0.178102] system 00:00: [mem 0x000cc000-0x000cffff] has been reserved
[    0.178172] system 00:00: [mem 0x000d0000-0x000d3fff] has been reserved
[    0.178243] system 00:00: [mem 0x000d4000-0x000d7fff] has been reserved
[    0.178313] system 00:00: [mem 0x000d8000-0x000dbfff] has been reserved
[    0.178384] system 00:00: [mem 0x000dc000-0x000dffff] has been reserved
[    0.178455] system 00:00: [mem 0x000e0000-0x000e3fff] could not be reserved
[    0.178528] system 00:00: [mem 0x000e4000-0x000e7fff] could not be reserved
[    0.178600] system 00:00: [mem 0x000e8000-0x000ebfff] could not be reserved
[    0.178673] system 00:00: [mem 0x000ec000-0x000effff] could not be reserved
[    0.178746] system 00:00: [mem 0x000f0000-0x000fffff] could not be reserved
[    0.178818] system 00:00: [mem 0x00100000-0xdf9fffff] could not be reserved
[    0.178891] system 00:00: [mem 0xfec00000-0xfed3ffff] could not be reserved
[    0.178963] system 00:00: [mem 0xfed4c000-0xffffffff] could not be reserved
[    0.179063] system 00:00: Plug and Play ACPI device, IDs PNP0c01 (active)
[    0.179378] system 00:01: [io  0x0400-0x047f] has been reserved
[    0.179457] system 00:01: [io  0x0500-0x057f] has been reserved
[    0.179527] system 00:01: [io  0x0800-0x080f] has been reserved
[    0.179595] system 00:01: [io  0x15e0-0x15ef] has been reserved
[    0.179663] system 00:01: [io  0x1600-0x167f] has been reserved
[    0.179732] system 00:01: [mem 0xf8000000-0xfbffffff] has been reserved
[    0.179866] system 00:01: [mem 0x00000000-0x00000fff] could not be reserved
[    0.179939] system 00:01: [mem 0xfed1c000-0xfed1ffff] has been reserved
[    0.180011] system 00:01: [mem 0xfed10000-0xfed13fff] has been reserved
[    0.180082] system 00:01: [mem 0xfed18000-0xfed18fff] has been reserved
[    0.180153] system 00:01: [mem 0xfed19000-0xfed19fff] has been reserved
[    0.180224] system 00:01: [mem 0xfed45000-0xfed4bfff] has been reserved
[    0.180313] system 00:01: Plug and Play ACPI device, IDs PNP0c02 (active)
[    0.180496] pnp 00:02: Plug and Play ACPI device, IDs PNP0b00 (active)
[    0.180594] pnp 00:03: Plug and Play ACPI device, IDs PNP0303 (active)
[    0.180698] pnp 00:04: Plug and Play ACPI device, IDs LEN0020 PNP0f13 (active)
[    0.180873] pnp 00:05: Plug and Play ACPI device, IDs SMO1200 PNP0c31 (active)
[    0.181963] pnp: PnP ACPI: found 6 devices
[    0.193097] clocksource: acpi_pm: mask: 0xffffff max_cycles: 0xffffff, max_idle_ns: 2085701024 ns
[    0.193210] pci 0000:00:1c.0: bridge window [io  0x1000-0x0fff] to [bus 02] add_size 1000
[    0.193214] pci 0000:00:1c.0: bridge window [mem 0x00100000-0x000fffff 64bit pref] to [bus 02] add_size 200000 add_align 100000
[    0.193218] pci 0000:00:1c.0: bridge window [mem 0x00100000-0x000fffff] to [bus 02] add_size 200000 add_align 100000
[    0.193258] pci 0000:00:1c.0: BAR 8: assigned [mem 0xdfa00000-0xdfbfffff]
[    0.193331] pci 0000:00:1c.0: BAR 9: assigned [mem 0xdfc00000-0xdfdfffff 64bit pref]
[    0.193405] pci 0000:00:1c.0: BAR 7: assigned [io  0x2000-0x2fff]
[    0.193475] pci 0000:00:1c.0: PCI bridge to [bus 02]
[    0.193540] pci 0000:00:1c.0:   bridge window [io  0x2000-0x2fff]
[    0.193611] pci 0000:00:1c.0:   bridge window [mem 0xdfa00000-0xdfbfffff]
[    0.193683] pci 0000:00:1c.0:   bridge window [mem 0xdfc00000-0xdfdfffff 64bit pref]
[    0.193761] pci 0000:00:1c.1: PCI bridge to [bus 03]
[    0.193828] pci 0000:00:1c.1:   bridge window [mem 0xf2400000-0xf24fffff]
[    0.193906] pci 0000:00:1c.3: PCI bridge to [bus 05-0c]
[    0.193971] pci 0000:00:1c.3:   bridge window [io  0x4000-0x4fff]
[    0.194041] pci 0000:00:1c.3:   bridge window [mem 0xf1c00000-0xf23fffff]
[    0.194113] pci 0000:00:1c.3:   bridge window [mem 0xf0400000-0xf0bfffff 64bit pref]
[    0.194191] pci 0000:00:1c.4: PCI bridge to [bus 0d]
[    0.194255] pci 0000:00:1c.4:   bridge window [io  0x3000-0x3fff]
[    0.194327] pci 0000:00:1c.4:   bridge window [mem 0xf1400000-0xf1bfffff]
[    0.194400] pci 0000:00:1c.4:   bridge window [mem 0xf0c00000-0xf13fffff 64bit pref]
[    0.194480] pci_bus 0000:00: resource 4 [io  0x0000-0x0cf7 window]
[    0.194482] pci_bus 0000:00: resource 5 [io  0x0d00-0xffff window]
[    0.194484] pci_bus 0000:00: resource 6 [mem 0x000a0000-0x000bffff window]
[    0.194486] pci_bus 0000:00: resource 7 [mem 0xdfa00000-0xfebfffff window]
[    0.194488] pci_bus 0000:00: resource 8 [mem 0xfed40000-0xfed4bfff window]
[    0.194490] pci_bus 0000:02: resource 0 [io  0x2000-0x2fff]
[    0.194492] pci_bus 0000:02: resource 1 [mem 0xdfa00000-0xdfbfffff]
[    0.194494] pci_bus 0000:02: resource 2 [mem 0xdfc00000-0xdfdfffff 64bit pref]
[    0.194497] pci_bus 0000:03: resource 1 [mem 0xf2400000-0xf24fffff]
[    0.194499] pci_bus 0000:05: resource 0 [io  0x4000-0x4fff]
[    0.194501] pci_bus 0000:05: resource 1 [mem 0xf1c00000-0xf23fffff]
[    0.194503] pci_bus 0000:05: resource 2 [mem 0xf0400000-0xf0bfffff 64bit pref]
[    0.194505] pci_bus 0000:0d: resource 0 [io  0x3000-0x3fff]
[    0.194507] pci_bus 0000:0d: resource 1 [mem 0xf1400000-0xf1bfffff]
[    0.194509] pci_bus 0000:0d: resource 2 [mem 0xf0c00000-0xf13fffff 64bit pref]
[    0.194786] NET: Registered protocol family 2
[    0.195220] tcp_listen_portaddr_hash hash table entries: 4096 (order: 6, 294912 bytes)
[    0.195440] TCP established hash table entries: 65536 (order: 7, 524288 bytes)
[    0.195609] TCP bind hash table entries: 65536 (order: 10, 4194304 bytes)
[    0.197785] TCP: Hash tables configured (established 65536 bind 65536)
[    0.198202] UDP hash table entries: 4096 (order: 7, 655360 bytes)
[    0.198597] UDP-Lite hash table entries: 4096 (order: 7, 655360 bytes)
[    0.199085] NET: Registered protocol family 1
[    0.199458] RPC: Registered named UNIX socket transport module.
[    0.199525] RPC: Registered udp transport module.
[    0.199588] RPC: Registered tcp transport module.
[    0.199650] RPC: Registered tcp NFSv4.1 backchannel transport module.
[    0.199990] pci 0000:00:02.0: Video device with shadowed ROM at [mem 0x000c0000-0x000dffff]
[    0.201775] PCI: CLS 64 bytes, default 64
[    0.201835] PCI-DMA: Using software bounce buffering for IO (SWIOTLB)
[    0.201905] software IO TLB [mem 0xd699f000-0xda99f000] (64MB) mapped at [0000000095acda1d-0000000092828683]
[    0.204385] Initialise system trusted keyrings
[    0.204539] workingset: timestamp_bits=62 max_order=21 bucket_order=0
[    0.205885] Installing knfsd (copyright (C) 1996 okir@monad.swb.de).
[    0.206547] ntfs: driver 2.1.32 [Flags: R/W].
[    0.206727] fuse init (API version 7.26)
[    0.207073] pstore: using deflate compression
[    0.208782] Key type asymmetric registered
[    0.208847] Asymmetric key parser 'x509' registered
[    0.208951] Block layer SCSI generic (bsg) driver version 0.4 loaded (major 249)
[    0.209038] io scheduler noop registered
[    0.209098] io scheduler deadline registered
[    0.209182] io scheduler cfq registered (default)
[    0.209244] io scheduler mq-deadline registered
[    0.209325] io scheduler bfq registered
[    0.209585] pcieport 0000:00:1c.0: enabling device (0000 -> 0003)
[    0.211041] intel_idle: MWAIT substates: 0x21120
[    0.211043] intel_idle: v0.4.1 model 0x2A
[    0.211493] intel_idle: lapic_timer_reliable_states 0xffffffff
[    0.211804] ACPI: Deprecated procfs I/F for AC is loaded, please retry with CONFIG_ACPI_PROCFS_POWER cleared
[    0.211988] ACPI: AC Adapter [AC] (on-line)
[    0.212383] input: Lid Switch as /devices/LNXSYSTM:00/LNXSYBUS:00/PNP0C0D:00/input/input0
[    0.213520] ACPI: Lid Switch [LID]
[    0.213690] input: Sleep Button as /devices/LNXSYSTM:00/LNXSYBUS:00/PNP0C0E:00/input/input1
[    0.213809] ACPI: Sleep Button [SLPB]
[    0.213994] input: Power Button as /devices/LNXSYSTM:00/LNXPWRBN:00/input/input2
[    0.214094] ACPI: Power Button [PWRF]
[    0.217449] thermal LNXTHERM:00: registered as thermal_zone0
[    0.217519] ACPI: Thermal Zone [THM0] (60 C)
[    0.217910] Serial: 8250/16550 driver, 4 ports, IRQ sharing disabled
[    0.219224] lp: driver loaded but no devices found
[    0.219429] Non-volatile memory driver v1.3
[    0.219737] Linux agpgart interface v0.103
[    0.220315] [drm] radeon kernel modesetting enabled.
[    0.221493] [drm] Replacing VGA console driver
[    0.222435] Console: switching to colour dummy device 80x25
[    0.233506] [drm] Supports vblank timestamp caching Rev 2 (21.10.2013).
[    0.233524] [drm] Driver supports precise vblank timestamp query.
[    0.237398] ACPI: Deprecated procfs I/F for battery is loaded, please retry with CONFIG_ACPI_PROCFS_POWER cleared
[    0.237459] ACPI: Battery Slot [BAT0] (battery present)
[    0.237574] i915 0000:00:02.0: vgaarb: changed VGA decodes: olddecodes=io+mem,decodes=io+mem:owns=io+mem
[    0.319599] [drm] Initialized i915 1.6.0 20180308 for 0000:00:02.0 on minor 0
[    0.321753] ACPI: Video Device [VID] (multi-head: yes  rom: no  post: no)
[    0.322391] input: Video Bus as /devices/LNXSYSTM:00/LNXSYBUS:00/PNP0A08:00/LNXVIDEO:00/input/input3
[    0.322778] usbcore: registered new interface driver udl
[    0.331472] loop: module loaded
[    0.345286] ahci 0000:00:1f.2: version 3.0
[    0.345909] ahci 0000:00:1f.2: SSS flag set, parallel bus scan disabled
[    0.356106] ahci 0000:00:1f.2: AHCI 0001.0300 32 slots 6 ports 6 Gbps 0x13 impl SATA mode
[    0.356163] ahci 0000:00:1f.2: flags: 64bit ncq sntf ilck stag pm led clo pio slum part ems sxs apst 
[    0.382369] scsi host0: ahci
[    0.382764] scsi host1: ahci
[    0.383108] scsi host2: ahci
[    0.383391] scsi host3: ahci
[    0.383686] scsi host4: ahci
[    0.383992] scsi host5: ahci
[    0.384182] ata1: SATA max UDMA/133 abar m2048@0xf2528000 port 0xf2528100 irq 19
[    0.384202] ata2: SATA max UDMA/133 abar m2048@0xf2528000 port 0xf2528180 irq 19
[    0.384220] ata3: DUMMY
[    0.384226] ata4: DUMMY
[    0.384234] ata5: SATA max UDMA/133 abar m2048@0xf2528000 port 0xf2528300 irq 19
[    0.384251] ata6: DUMMY
[    0.384863] tun: Universal TUN/TAP device driver, 1.6
[    0.385209] e1000e: Intel(R) PRO/1000 Network Driver - 3.2.6-k
[    0.385228] e1000e: Copyright(c) 1999 - 2015 Intel Corporation.
[    0.385644] e1000e 0000:00:19.0: Interrupt Throttling Rate (ints/sec) set to dynamic conservative mode
[    0.483358] e1000e 0000:00:19.0 0000:00:19.0 (uninitialized): registered PHC clock
[    0.576780] e1000e 0000:00:19.0 eth0: (PCI Express:2.5GT/s:Width x1) f0:de:f1:e3:99:75
[    0.576805] e1000e 0000:00:19.0 eth0: Intel(R) PRO/1000 Network Connection
[    0.576869] e1000e 0000:00:19.0 eth0: MAC: 10, PHY: 11, PBA No: 1000FF-0FF
[    0.577051] PPP generic driver version 2.4.2
[    0.577280] PPP BSD Compression module registered
[    0.577297] PPP Deflate Compression module registered
[    0.577314] SLIP: version 0.8.4-NET3.019-NEWTTY (dynamic channels, max=256).
[    0.577330] CSLIP: code copyright 1989 Regents of the University of California.
[    0.577394] iwl3945: Intel(R) PRO/Wireless 3945ABG/BG Network Connection driver for Linux, in-tree:ds
[    0.577422] iwl3945: Copyright(c) 2003-2011 Intel Corporation
[    0.577439] iwl3945: hw_scan is disabled
[    0.577484] Intel(R) Wireless WiFi driver for Linux
[    0.577499] Copyright(c) 2003- 2015 Intel Corporation
[    0.577925] iwlwifi 0000:03:00.0: pci_enable_msi failed - -38
[    0.578209] usbcore: registered new interface driver ax88179_178a
[    0.578260] usbcore: registered new interface driver cdc_ether
[    0.578309] usbcore: registered new interface driver cdc_eem
[    0.578348] usbcore: registered new interface driver net1080
[    0.578396] usbcore: registered new interface driver cdc_subset
[    0.578433] usbcore: registered new interface driver zaurus
[    0.578475] usbcore: registered new interface driver cdc_ncm
[    0.578527] usbcore: registered new interface driver cdc_mbim
[    0.578818] ehci_hcd: USB 2.0 'Enhanced' Host Controller (EHCI) Driver
[    0.578842] ehci-pci: EHCI PCI platform driver
[    0.578903] iwlwifi 0000:03:00.0: loaded firmware version 39.31.5.1 build 35138 op_mode iwldvm
[    0.579013] iwlwifi 0000:03:00.0: CONFIG_IWLWIFI_DEBUG disabled
[    0.579029] iwlwifi 0000:03:00.0: CONFIG_IWLWIFI_DEBUGFS disabled
[    0.579045] iwlwifi 0000:03:00.0: CONFIG_IWLWIFI_DEVICE_TRACING disabled
[    0.579063] iwlwifi 0000:03:00.0: Detected Intel(R) Centrino(R) Wireless-N 1000 BGN, REV=0x6C
[    0.579219] ehci-pci 0000:00:1a.0: EHCI Host Controller
[    0.579377] ehci-pci 0000:00:1a.0: new USB bus registered, assigned bus number 1
[    0.579428] ehci-pci 0000:00:1a.0: debug port 2
[    0.583389] ehci-pci 0000:00:1a.0: cache line size of 64 is not supported
[    0.583400] ehci-pci 0000:00:1a.0: irq 16, io mem 0xf252a000
[    0.596025] ehci-pci 0000:00:1a.0: USB 2.0 started, EHCI 1.00
[    0.596476] usb usb1: New USB device found, idVendor=1d6b, idProduct=0002, bcdDevice= 4.17
[    0.596532] usb usb1: New USB device strings: Mfr=3, Product=2, SerialNumber=1
[    0.596577] usb usb1: Product: EHCI Host Controller
[    0.596604] usb usb1: Manufacturer: Linux 4.17.0-rc1 ehci_hcd
[    0.596645] usb usb1: SerialNumber: 0000:00:1a.0
[    0.597439] hub 1-0:1.0: USB hub found
[    0.597514] hub 1-0:1.0: 3 ports detected
[    0.598917] ehci-pci 0000:00:1d.0: EHCI Host Controller
[    0.599195] ehci-pci 0000:00:1d.0: new USB bus registered, assigned bus number 2
[    0.599270] ehci-pci 0000:00:1d.0: debug port 2
[    0.603268] ehci-pci 0000:00:1d.0: cache line size of 64 is not supported
[    0.603332] ehci-pci 0000:00:1d.0: irq 23, io mem 0xf2529000
[    0.605324] fbcon: inteldrmfb (fb0) is primary device
[    0.616159] ehci-pci 0000:00:1d.0: USB 2.0 started, EHCI 1.00
[    0.616653] usb usb2: New USB device found, idVendor=1d6b, idProduct=0002, bcdDevice= 4.17
[    0.616656] usb usb2: New USB device strings: Mfr=3, Product=2, SerialNumber=1
[    0.616658] usb usb2: Product: EHCI Host Controller
[    0.616659] usb usb2: Manufacturer: Linux 4.17.0-rc1 ehci_hcd
[    0.616661] usb usb2: SerialNumber: 0000:00:1d.0
[    0.617047] hub 2-0:1.0: USB hub found
[    0.617091] hub 2-0:1.0: 3 ports detected
[    0.617681] ohci_hcd: USB 1.1 'Open' Host Controller (OHCI) Driver
[    0.617694] ohci-pci: OHCI PCI platform driver
[    0.617742] uhci_hcd: USB Universal Host Controller Interface driver
[    0.617937] usbcore: registered new interface driver cdc_acm
[    0.617938] cdc_acm: USB Abstract Control Model driver for USB modems and ISDN adapters
[    0.617984] usbcore: registered new interface driver usblp
[    0.618011] usbcore: registered new interface driver cdc_wdm
[    0.618060] usbcore: registered new interface driver usb-storage
[    0.618086] usbcore: registered new interface driver ums-sddr09
[    0.618203] usbcore: registered new interface driver usbserial_generic
[    0.618263] usbserial: USB Serial support registered for generic
[    0.618301] usbcore: registered new interface driver ch341
[    0.618330] usbserial: USB Serial support registered for ch341-uart
[    0.618366] usbcore: registered new interface driver ftdi_sio
[    0.618396] usbserial: USB Serial support registered for FTDI USB Serial Device
[    0.618449] usbcore: registered new interface driver option
[    0.618479] usbserial: USB Serial support registered for GSM modem (1-port)
[    0.618541] usbcore: registered new interface driver pl2303
[    0.618570] usbserial: USB Serial support registered for pl2303
[    0.618606] usbcore: registered new interface driver ti_usb_3410_5052
[    0.618633] usbserial: USB Serial support registered for TI USB 3410 1 port adapter
[    0.618666] usbserial: USB Serial support registered for TI USB 5052 2 port adapter
[    0.618670] ftdi_elan: driver ftdi-elan
[    0.618704] usbcore: registered new interface driver ftdi-elan
[    0.618845] i8042: PNP: PS/2 Controller [PNP0303:KBD,PNP0f13:MOU] at 0x60,0x64 irq 1,12
[    0.621959] serio: i8042 KBD port at 0x60,0x64 irq 1
[    0.621979] serio: i8042 AUX port at 0x60,0x64 irq 12
[    0.622278] mousedev: PS/2 mouse device common for all mice
[    0.622942] input: PC Speaker as /devices/platform/pcspkr/input/input4
[    0.623223] rtc_cmos 00:02: RTC can wake from S4
[    0.623486] rtc_cmos 00:02: registered as rtc0
[    0.623568] rtc_cmos 00:02: alarms up to one month, y3k, 114 bytes nvram, hpet irqs
[    0.623662] usbcore: registered new interface driver uvcvideo
[    0.623664] USB Video Class driver (1.1.1)
[    0.623665] gspca_main: v2.14.0 registered
[    0.623701] usbcore: registered new interface driver sq930x
[    0.624466] ieee80211 phy0: Selected rate control algorithm 'iwl-agn-rs'
[    0.625312] device-mapper: ioctl: 4.39.0-ioctl (2018-04-03) initialised: dm-devel@redhat.com
[    0.625315] Bluetooth: HCI UART driver ver 2.3
[    0.625317] Bluetooth: HCI UART protocol H4 registered
[    0.625318] Bluetooth: HCI UART protocol BCSP registered
[    0.625388] usbcore: registered new interface driver btusb
[    0.625395] intel_pstate: Intel P-state driver initializing
[    0.625829] sdhci: Secure Digital Host Controller Interface driver
[    0.625832] sdhci: Copyright(c) Pierre Ossman
[    0.625911] sdhci-pci 0000:0d:00.0: SDHCI controller found [1180:e822] (rev 7)
[    0.627197] input: AT Translated Set 2 keyboard as /devices/platform/i8042/serio0/input/input5
[    0.627996] mmc0 bounce up to 128 segments into one, max segment size 65536 bytes
[    0.629609] mmc0: SDHCI controller on PCI [0000:0d:00.0] using DMA
[    0.630059] hidraw: raw HID events driver (C) Jiri Kosina
[    0.633225] usbcore: registered new interface driver usbhid
[    0.633229] usbhid: USB HID core driver
[    0.640519] thinkpad_acpi: ThinkPad ACPI Extras v0.26
[    0.640520] thinkpad_acpi: http://ibm-acpi.sf.net/
[    0.640521] thinkpad_acpi: ThinkPad BIOS 8DET73WW (1.43 ), EC unknown
[    0.640523] thinkpad_acpi: Lenovo ThinkPad X220, model 42872WU
[    0.642127] thinkpad_acpi: radio switch found; radios are enabled
[    0.642385] thinkpad_acpi: Tablet mode switch found (type: MHKG), currently in laptop mode
[    0.642414] thinkpad_acpi: This ThinkPad has standard ACPI backlight brightness control, supported by the ACPI video driver
[    0.642415] thinkpad_acpi: Disabling thinkpad-acpi brightness events by default...
[    0.647308] thinkpad_acpi: rfkill switch tpacpi_bluetooth_sw: radio is unblocked
[    0.648698] thinkpad_acpi: warning: userspace override of important firmware LEDs is enabled
[    0.648715] thinkpad_acpi: Standard ACPI backlight interface available, not loading native one
[    0.648716] thinkpad_acpi: volume: disabled as there is no ALSA support in this kernel
[    0.652481] thinkpad_acpi: battery 1 registered (start 0, stop 100)
[    0.652486] battery: new extension: ThinkPad Battery Extension
[    0.652550] input: ThinkPad Extra Buttons as /devices/platform/thinkpad_acpi/input/input8
[    0.654589] usbcore: registered new interface driver snd-usb-audio
[    0.655832] NET: Registered protocol family 17
[    0.655935] Bluetooth: RFCOMM TTY layer initialized
[    0.655954] Bluetooth: RFCOMM socket layer initialized
[    0.655964] Bluetooth: RFCOMM ver 1.11
[    0.655971] Bluetooth: BNEP (Ethernet Emulation) ver 1.3
[    0.655973] Bluetooth: BNEP filters: protocol multicast
[    0.655976] Bluetooth: BNEP socket layer initialized
[    0.655977] Bluetooth: HIDP (Human Interface Emulation) ver 1.2
[    0.655980] Bluetooth: HIDP socket layer initialized
[    0.656292] microcode: sig=0x206a7, pf=0x10, revision=0x29
[    0.659909] microcode: Microcode Update Driver: v2.2.
[    0.659931] sched_clock: Marking stable (659877997, 0)->(639488520, 20389477)
[    0.660331] Loading compiled-in X.509 certificates
[    0.660683] Key type encrypted registered
[    0.660993] rtc_cmos 00:02: setting system clock to 2018-04-16 08:21:36 UTC (1523866896)
[    0.661100] cfg80211: Loading compiled-in X.509 certificates for regulatory database
[    0.661670] cfg80211: Loaded X.509 cert 'sforshee: 00b28ddf47aef9cea7'
[    0.661790] platform regulatory.0: Direct firmware load for regulatory.db failed with error -2
[    0.661801] cfg80211: failed to load regulatory.db
[    0.693103] snd_hda_intel 0000:00:1b.0: bound 0000:00:02.0 (ops i915_audio_component_bind_ops)
[    0.700185] ata1: SATA link up 1.5 Gbps (SStatus 113 SControl 300)
[    0.701831] ata1.00: ACPI cmd ef/02:00:00:00:00:a0 (SET FEATURES) succeeded
[    0.701840] ata1.00: ACPI cmd f5/00:00:00:00:00:a0 (SECURITY FREEZE LOCK) filtered out
[    0.701847] ata1.00: ACPI cmd ef/10:03:00:00:00:a0 (SET FEATURES) filtered out
[    0.703160] ata1.00: ATA-8: Hitachi HTS545050A7E380, GG2OA7J0, max UDMA/133
[    0.703167] ata1.00: 976773168 sectors, multi 16: LBA48 NCQ (depth 31/32), AA
[    0.704860] ata1.00: ACPI cmd ef/02:00:00:00:00:a0 (SET FEATURES) succeeded
[    0.704868] ata1.00: ACPI cmd f5/00:00:00:00:00:a0 (SECURITY FREEZE LOCK) filtered out
[    0.704875] ata1.00: ACPI cmd ef/10:03:00:00:00:a0 (SET FEATURES) filtered out
[    0.706049] ata1.00: configured for UDMA/133
[    0.714267] snd_hda_codec_generic hdaudioC0D0: autoconfig for Generic: line_outs=1 (0x1f/0x0/0x0/0x0/0x0) type:speaker
[    0.714274] snd_hda_codec_generic hdaudioC0D0:    speaker_outs=0 (0x0/0x0/0x0/0x0/0x0)
[    0.714279] snd_hda_codec_generic hdaudioC0D0:    hp_outs=1 (0x19/0x0/0x0/0x0/0x0)
[    0.714283] snd_hda_codec_generic hdaudioC0D0:    mono: mono_out=0x0
[    0.714286] snd_hda_codec_generic hdaudioC0D0:    inputs:
[    0.714293] snd_hda_codec_generic hdaudioC0D0:      Internal Mic=0x23
[    0.714298] snd_hda_codec_generic hdaudioC0D0:      Mic=0x1b
[    0.716499] Console: switching to colour frame buffer device 102x42
[    0.718887] snd_hda_codec_generic hdaudioC0D3: ignore pin 0x7, too many assigned pins
[    0.718892] snd_hda_codec_generic hdaudioC0D3: autoconfig for Generic: line_outs=0 (0x0/0x0/0x0/0x0/0x0) type:line
[    0.718895] snd_hda_codec_generic hdaudioC0D3:    speaker_outs=0 (0x0/0x0/0x0/0x0/0x0)
[    0.718899] snd_hda_codec_generic hdaudioC0D3:    hp_outs=0 (0x0/0x0/0x0/0x0/0x0)
[    0.718901] snd_hda_codec_generic hdaudioC0D3:    mono: mono_out=0x0
[    0.718904] snd_hda_codec_generic hdaudioC0D3:    dig-out=0x5/0x6
[    0.718907] snd_hda_codec_generic hdaudioC0D3:    inputs:
[    0.721810] input: HDA Intel PCH Mic as /devices/pci0000:00/0000:00:1b.0/sound/card0/input9
[    0.722111] input: HDA Intel PCH Headphone as /devices/pci0000:00/0000:00:1b.0/sound/card0/input10
[    0.722400] input: HDA Intel PCH HDMI as /devices/pci0000:00/0000:00:1b.0/sound/card0/input11
[    0.722639] input: HDA Intel PCH HDMI as /devices/pci0000:00/0000:00:1b.0/sound/card0/input12
[    0.832854] i915 0000:00:02.0: fb0: inteldrmfb frame buffer device
[    0.834266] scsi 0:0:0:0: Direct-Access     ATA      Hitachi HTS54505 A7J0 PQ: 0 ANSI: 5
[    0.836303] sd 0:0:0:0: [sda] 976773168 512-byte logical blocks: (500 GB/466 GiB)
[    0.836449] sd 0:0:0:0: Attached scsi generic sg0 type 0
[    0.837359] sd 0:0:0:0: [sda] 4096-byte physical blocks
[    0.839262] sd 0:0:0:0: [sda] Write Protect is off
[    0.840191] sd 0:0:0:0: [sda] Mode Sense: 00 3a 00 00
[    0.840208] sd 0:0:0:0: [sda] Write cache: enabled, read cache: enabled, doesn't support DPO or FUA
[    0.876170]  sda: sda1 sda2 sda3 sda4
[    0.883459] sd 0:0:0:0: [sda] Attached SCSI disk
[    0.932147] usb 1-1: new high-speed USB device number 2 using ehci-pci
[    0.952157] usb 2-1: new high-speed USB device number 2 using ehci-pci
[    1.088837] usb 1-1: New USB device found, idVendor=8087, idProduct=0024, bcdDevice= 0.00
[    1.090325] usb 1-1: New USB device strings: Mfr=0, Product=0, SerialNumber=0
[    1.092474] hub 1-1:1.0: USB hub found
[    1.094240] hub 1-1:1.0: 6 ports detected
[    1.108544] usb 2-1: New USB device found, idVendor=8087, idProduct=0024, bcdDevice= 0.00
[    1.109994] usb 2-1: New USB device strings: Mfr=0, Product=0, SerialNumber=0
[    1.111950] hub 2-1:1.0: USB hub found
[    1.112954] hub 2-1:1.0: 8 ports detected
[    1.152147] ata2: SATA link down (SStatus 0 SControl 300)
[    1.216248] tsc: Refined TSC clocksource calibration: 2491.906 MHz
[    1.219482] clocksource: tsc: mask: 0xffffffffffffffff max_cycles: 0x23eb5badc15, max_idle_ns: 440795233937 ns
[    1.222876] clocksource: Switched to clocksource tsc
[    1.384016] usb 1-1.3: new full-speed USB device number 3 using ehci-pci
[    1.408014] usb 2-1.1: new high-speed USB device number 3 using ehci-pci
[    1.472109] ata5: SATA link down (SStatus 0 SControl 300)
[    1.494899] usb 1-1.3: New USB device found, idVendor=147e, idProduct=2016, bcdDevice= 0.02
[    1.498196] usb 1-1.3: New USB device strings: Mfr=1, Product=2, SerialNumber=0
[    1.499817] usb 1-1.3: Product: Biometric Coprocessor
[    1.501410] usb 1-1.3: Manufacturer: UPEK
[    1.522157] usb 2-1.1: New USB device found, idVendor=05e3, idProduct=0608, bcdDevice=77.64
[    1.524419] usb 2-1.1: New USB device strings: Mfr=0, Product=1, SerialNumber=0
[    1.525372] psmouse serio1: synaptics: queried max coordinates: x [..5472], y [..4448]
[    1.526640] usb 2-1.1: Product: USB2.0 Hub
[    1.532093] hub 2-1.1:1.0: USB hub found
[    1.533382] hub 2-1.1:1.0: 4 ports detected
[    1.588150] usb 1-1.4: new full-speed USB device number 4 using ehci-pci
[    1.607113] psmouse serio1: synaptics: Touchpad model: 1, fw: 8.0, id: 0x1e2b1, caps: 0xd001a3/0x940300/0x120c00/0x0, board id: 1611, fw id: 774180
[    1.614606] psmouse serio1: synaptics: serio: Synaptics pass-through port at isa0060/serio1/input0
[    1.620038] usb 2-1.2: new high-speed USB device number 4 using ehci-pci
[    1.666414] input: SynPS/2 Synaptics TouchPad as /devices/platform/i8042/serio1/input/input7
[    1.707444] usb 1-1.4: New USB device found, idVendor=0a5c, idProduct=217f, bcdDevice= 7.48
[    1.710760] usb 1-1.4: New USB device strings: Mfr=1, Product=2, SerialNumber=3
[    1.712689] usb 1-1.4: Product: Broadcom Bluetooth Device
[    1.713347] PM: Image not found (code -22)
[    1.715332] usb 1-1.4: Manufacturer: Broadcom Corp
[    1.715384] ALSA device list:
[    1.718299] usb 1-1.4: SerialNumber: 7CE9D3B855AA
[    1.721249]   #0: HDA Intel PCH at 0xf2520000 irq 22
[    1.752270] usb 2-1.2: New USB device found, idVendor=0525, idProduct=a4a2, bcdDevice= 4.17
[    1.755520] usb 2-1.2: New USB device strings: Mfr=1, Product=2, SerialNumber=0
[    1.759134] usb 2-1.2: Product: RNDIS/Ethernet Gadget
[    1.760262] usb 2-1.2: Manufacturer: Linux 4.17.0-rc1-73412-g8f3e00d-dirty with musb-hdrc
[    1.770639] cdc_ether 2-1.2:1.0 usb0: register 'cdc_ether' at usb-0000:00:1d.0-1.2, CDC Ethernet Device, 0e:44:1b:33:fc:e2
[    1.808122] usb 1-1.6: new high-speed USB device number 5 using ehci-pci
[    1.828112] usb 2-1.1.1: new high-speed USB device number 5 using ehci-pci
[    1.929272] usb 1-1.6: New USB device found, idVendor=04f2, idProduct=b217, bcdDevice= 8.54
[    1.933095] usb 1-1.6: New USB device strings: Mfr=1, Product=2, SerialNumber=0
[    1.936403] usb 1-1.6: Product: Integrated Camera
[    1.939619] usb 1-1.6: Manufacturer: Chicony Electronics Co., Ltd.
[    1.944200] usb 2-1.1.1: New USB device found, idVendor=1a40, idProduct=0101, bcdDevice= 1.11
[    1.945342] usb 2-1.1.1: New USB device strings: Mfr=0, Product=1, SerialNumber=0
[    1.946365] usb 2-1.1.1: Product: USB 2.0 Hub
[    1.947958] hub 2-1.1.1:1.0: USB hub found
[    1.949039] uvcvideo: Found UVC 1.00 device Integrated Camera (04f2:b217)
[    1.950018] hub 2-1.1.1:1.0: 4 ports detected
[    1.962250] uvcvideo 1-1.6:1.0: Entity type for entity Extension 3 was not initialized!
[    1.963703] uvcvideo 1-1.6:1.0: Entity type for entity Processing 2 was not initialized!
[    1.965108] uvcvideo 1-1.6:1.0: Entity type for entity Camera 1 was not initialized!
[    2.032144] usb 2-1.1.3: new low-speed USB device number 6 using ehci-pci
[    2.148670] usb 2-1.1.3: device descriptor read/all, error -32
[    2.232155] usb 2-1.1.3: new low-speed USB device number 7 using ehci-pci
[    2.362399] usb 2-1.1.3: New USB device found, idVendor=06a3, idProduct=053f, bcdDevice= 0.02
[    2.366177] usb 2-1.1.3: New USB device strings: Mfr=1, Product=2, SerialNumber=3
[    2.369793] usb 2-1.1.3: Product: Saitek X36
[    2.373280] usb 2-1.1.3: Manufacturer: Saitek
[    2.374241] usb 2-1.1.3: SerialNumber: 00103464
[    2.413877] psmouse serio2: trackpoint: IBM TrackPoint firmware: 0x0e, buttons: 3/3
[    2.416489] input: Saitek Saitek X36 as /devices/pci0000:00/0000:00:1d.0/usb2/2-1/2-1.1/2-1.1.3/2-1.1.3:1.0/0003:06A3:053F.0001/input/input14
[    2.424831] hid-generic 0003:06A3:053F.0001: input,hidraw0: USB HID v1.00 Joystick [Saitek Saitek X36] on usb-0000:00:1d.0-1.1.3/input0
[    2.444178] usb 2-1.1.1.1: new low-speed USB device number 8 using ehci-pci
[    2.581673] usb 2-1.1.1.1: New USB device found, idVendor=046d, idProduct=c05a, bcdDevice=63.00
[    2.585568] usb 2-1.1.1.1: New USB device strings: Mfr=1, Product=2, SerialNumber=0
[    2.589499] usb 2-1.1.1.1: Product: USB Optical Mouse
[    2.590771] usb 2-1.1.1.1: Manufacturer: Logitech
[    2.595494] input: Logitech USB Optical Mouse as /devices/pci0000:00/0000:00:1d.0/usb2/2-1/2-1.1/2-1.1.1/2-1.1.1.1/2-1.1.1.1:1.0/0003:046D:C05A.0002/input/input15
[    2.598527] hid-generic 0003:046D:C05A.0002: input,hidraw1: USB HID v1.11 Mouse [Logitech USB Optical Mouse] on usb-0000:00:1d.0-1.1.1.1/input0
[    2.656114] usb 2-1.1.4: new high-speed USB device number 9 using ehci-pci
[    2.681009] input: TPPS/2 IBM TrackPoint as /devices/platform/i8042/serio1/serio2/input/input13
[    2.768890] usb 2-1.1.4: New USB device found, idVendor=058f, idProduct=6254, bcdDevice= 1.00
[    2.772879] usb 2-1.1.4: New USB device strings: Mfr=0, Product=0, SerialNumber=0
[    2.775927] hub 2-1.1.4:1.0: USB hub found
[    2.778499] hub 2-1.1.4:1.0: 4 ports detected
[    2.791969] md: Waiting for all devices to be available before autodetect
[    2.795027] md: If you don't use raid, use raid=noautodetect
[    2.798920] md: Autodetecting RAID arrays.
[    2.800120] md: autorun ...
[    2.801263] md: ... autorun DONE.
[    2.868131] usb 2-1.1.1.2: new low-speed USB device number 10 using ehci-pci
[    2.897687] EXT4-fs (sda4): mounted filesystem with ordered data mode. Opts: (null)
[    2.901128] VFS: Mounted root (ext4 filesystem) readonly on device 8:4.
[    2.916179] devtmpfs: mounted
[    2.921422] Freeing unused kernel memory: 1000K
[    2.924379] Write protecting the kernel read-only data: 24576k
[    2.928772] Freeing unused kernel memory: 2008K
[    2.931482] Freeing unused kernel memory: 844K
[    2.941597] x86/mm: Checked W+X mappings: passed, no W+X pages found.
[    2.942529] x86/mm: Checking user space page tables
[    2.951843] x86/mm: Checked W+X mappings: passed, no W+X pages found.
[    2.952800] rodata_test: all tests were successful
[    3.008846] usb 2-1.1.1.2: New USB device found, idVendor=04f2, idProduct=0111, bcdDevice= 1.02
[    3.011789] usb 2-1.1.1.2: New USB device strings: Mfr=1, Product=2, SerialNumber=0
[    3.014732] usb 2-1.1.1.2: Product: USB Keyboard
[    3.016256] usb 2-1.1.1.2: Manufacturer: Chicony
[    3.023002] input: Chicony USB Keyboard as /devices/pci0000:00/0000:00:1d.0/usb2/2-1/2-1.1/2-1.1.1/2-1.1.1.2/2-1.1.1.2:1.0/0003:04F2:0111.0003/input/input16
[    3.085704] hid-generic 0003:04F2:0111.0003: input,hidraw2: USB HID v1.10 Keyboard [Chicony USB Keyboard] on usb-0000:00:1d.0-1.1.1.2/input0
[    3.100168] input: Chicony USB Keyboard as /devices/pci0000:00/0000:00:1d.0/usb2/2-1/2-1.1/2-1.1.1/2-1.1.1.2/2-1.1.1.2:1.1/0003:04F2:0111.0004/input/input17
[    3.165725] hid-generic 0003:04F2:0111.0004: input,hiddev96,hidraw3: USB HID v1.10 Device [Chicony USB Keyboard] on usb-0000:00:1d.0-1.1.1.2/input1
[    3.775973] systemd[1]: systemd 215 running in system mode. (+PAM +AUDIT +SELINUX +IMA +SYSVINIT +LIBCRYPTSETUP +GCRYPT +ACL +XZ -SECCOMP -APPARMOR)
[    3.804751] systemd[1]: Detected architecture 'x86-64'.
[    4.022422] systemd[1]: Failed to insert module 'ipv6'
[    4.031499] systemd[1]: Set hostname to <duo>.
[    6.282734] systemd[1]: Binding to IPv6 address not available since kernel does not support IPv6.
[    6.286656] systemd[1]: [/lib/systemd/system/gpsd.socket:6] Failed to parse address value, ignoring: [::1]:2947
[    6.345044] systemd[1]: Starting Forward Password Requests to Wall Directory Watch.
[    6.349332] systemd[1]: Started Forward Password Requests to Wall Directory Watch.
[    6.350626] systemd[1]: Starting Remote File Systems (Pre).
[    6.354740] systemd[1]: Reached target Remote File Systems (Pre).
[    7.694795] systemd-udevd[2525]: starting version 215
[   10.029248] EXT4-fs (sda4): re-mounted. Opts: errors=remount-ro
[   10.229379] e1000e 0000:00:19.0 eth2: renamed from eth0
[   10.252484] systemd-udevd[2586]: renamed network interface eth0 to eth2
[   10.396241] iwlwifi 0000:03:00.0 wlan1: renamed from wlan0
[   10.416293] systemd-udevd[2588]: renamed network interface wlan0 to wlan1
[   13.869622] Adding 1681428k swap on /dev/sda1.  Priority:-2 extents:1 across:1681428k 
[   15.944630] EXT4-fs (sda2): mounted filesystem with ordered data mode. Opts: errors=remount-ro
[   16.224422] systemd-journald[2519]: Received request to flush runtime journal from PID 1
[   21.750129] NFSD: Using /var/lib/nfs/v4recovery as the NFSv4 state recovery directory
[   21.864430] NFSD: starting 90-second grace period (net f0000098)
[   32.038402] device-mapper: table: 251:0: thin-pool: unknown target type
[   32.038458] device-mapper: ioctl: error adding target to table
[   32.175567] iwlwifi 0000:03:00.0: Radio type=0x0-0x0-0x3
[   32.247539] iwlwifi 0000:03:00.0: Radio type=0x0-0x0-0x3
[   33.790429] e1000e: eth2 NIC Link is Up 100 Mbps Full Duplex, Flow Control: Rx/Tx
[   33.790446] e1000e 0000:00:19.0 eth2: 10/100 speed: disabling TSO
[   43.469256] wlan1: authenticate with 00:00:00:00:00:01
[   43.474238] wlan1: send auth to 00:00:00:00:00:01 (try 1/3)
[   43.477679] wlan1: authenticated
[   43.480138] wlan1: associate with 00:00:00:00:00:01 (try 1/3)
[   43.484166] wlan1: RX AssocResp from 00:00:00:00:00:01 (capab=0x401 status=0 aid=1)
[   43.484346] wlan1: AP has invalid WMM params (CWmin/max=15/1023 for ACI 0), using defaults
[   43.487949] wlan1: associated
[   53.979594] random: crng init done
