[    0.000000] Linux version 4.16.0-next-20180409autobisect1523053365 (pavel@amd) (gcc version 4.9.2 (Debian 4.9.2-10+deb8u1)) #122 SMP Mon Apr 9 22:11:54 CEST 2018
[    0.000000] Disabled fast string operations
[    0.000000] x86/fpu: x87 FPU will use FXSAVE
[    0.000000] e820: BIOS-provided physical RAM map:
[    0.000000] BIOS-e820: [mem 0x0000000000000000-0x000000000009efff] usable
[    0.000000] BIOS-e820: [mem 0x000000000009f000-0x000000000009ffff] reserved
[    0.000000] BIOS-e820: [mem 0x00000000000dc000-0x00000000000fffff] reserved
[    0.000000] BIOS-e820: [mem 0x0000000000100000-0x00000000bf6cffff] usable
[    0.000000] BIOS-e820: [mem 0x00000000bf6d0000-0x00000000bf6defff] ACPI data
[    0.000000] BIOS-e820: [mem 0x00000000bf6df000-0x00000000bf6fffff] ACPI NVS
[    0.000000] BIOS-e820: [mem 0x00000000bf700000-0x00000000bfffffff] reserved
[    0.000000] BIOS-e820: [mem 0x00000000f0000000-0x00000000f3ffffff] reserved
[    0.000000] BIOS-e820: [mem 0x00000000fec00000-0x00000000fec0ffff] reserved
[    0.000000] BIOS-e820: [mem 0x00000000fed00000-0x00000000fed003ff] reserved
[    0.000000] BIOS-e820: [mem 0x00000000fed14000-0x00000000fed19fff] reserved
[    0.000000] BIOS-e820: [mem 0x00000000fed1c000-0x00000000fed8ffff] reserved
[    0.000000] BIOS-e820: [mem 0x00000000fee00000-0x00000000fee00fff] reserved
[    0.000000] BIOS-e820: [mem 0x00000000ff800000-0x00000000ffffffff] reserved
[    0.000000] NX (Execute Disable) protection: active
[    0.000000] random: fast init done
[    0.000000] SMBIOS 2.4 present.
[    0.000000] DMI: LENOVO 17097HU/17097HU, BIOS 7BETD8WW (2.19 ) 03/31/2011
[    0.000000] e820: update [mem 0x00000000-0x00000fff] usable ==> reserved
[    0.000000] e820: remove [mem 0x000a0000-0x000fffff] usable
[    0.000000] e820: last_pfn = 0xbf6d0 max_arch_pfn = 0x1000000
[    0.000000] MTRR default type: uncachable
[    0.000000] MTRR fixed ranges enabled:
[    0.000000]   00000-9FFFF write-back
[    0.000000]   A0000-BFFFF uncachable
[    0.000000]   C0000-CFFFF write-protect
[    0.000000]   D0000-DBFFF uncachable
[    0.000000]   DC000-DFFFF write-back
[    0.000000]   E0000-FFFFF write-protect
[    0.000000] MTRR variable ranges enabled:
[    0.000000]   0 base 000000000 mask F80000000 write-back
[    0.000000]   1 base 080000000 mask FC0000000 write-back
[    0.000000]   2 base 0BF700000 mask FFFF00000 uncachable
[    0.000000]   3 base 0BF800000 mask FFF800000 uncachable
[    0.000000]   4 disabled
[    0.000000]   5 disabled
[    0.000000]   6 disabled
[    0.000000]   7 disabled
[    0.000000] x86/PAT: PAT not supported by CPU.
[    0.000000] x86/PAT: Configuration [0-7]: WB  WT  UC- UC  WB  WT  UC- UC  
[    0.000000] initial memory mapped: [mem 0x00000000-0x05dfffff]
[    0.000000] Base memory trampoline at [(ptrval)] 9b000 size 16384
[    0.000000] BRK [0x05808000, 0x05808fff] PGTABLE
[    0.000000] BRK [0x05809000, 0x05809fff] PGTABLE
[    0.000000] ACPI: Early table checksum verification disabled
[    0.000000] ACPI: RSDP 0x00000000000F67C0 000024 (v02 LENOVO)
[    0.000000] ACPI: XSDT 0x00000000BF6D191C 000084 (v01 LENOVO TP-7B    00002190  LTP 00000000)
[    0.000000] ACPI: FACP 0x00000000BF6D1A00 0000F4 (v03 LENOVO TP-7B    00002190 LNVO 00000001)
[    0.000000] ACPI BIOS Warning (bug): 32/64X length mismatch in FADT/Gpe0Block: 64/32 (20180313/tbfadt-569)
[    0.000000] ACPI BIOS Warning (bug): Optional FADT field Gpe1Block has valid Address but zero Length: 0x000000000000102C/0x0 (20180313/tbfadt-624)
[    0.000000] ACPI: DSDT 0x00000000BF6D1D90 00CFB9 (v01 LENOVO TP-7B    00002190 MSFT 0100000E)
[    0.000000] ACPI: FACS 0x00000000BF6F4000 000040
[    0.000000] ACPI: FACS 0x00000000BF6F4000 000040
[    0.000000] ACPI: SSDT 0x00000000BF6D1BB4 0001DC (v01 LENOVO TP-7B    00002190 MSFT 0100000E)
[    0.000000] ACPI: ECDT 0x00000000BF6DED49 000052 (v01 LENOVO TP-7B    00002190 LNVO 00000001)
[    0.000000] ACPI: TCPA 0x00000000BF6DED9B 000032 (v02 LENOVO TP-7B    00002190 LNVO 00000001)
[    0.000000] ACPI: APIC 0x00000000BF6DEDCD 000068 (v01 LENOVO TP-7B    00002190 LNVO 00000001)
[    0.000000] ACPI: MCFG 0x00000000BF6DEE35 00003C (v01 LENOVO TP-7B    00002190 LNVO 00000001)
[    0.000000] ACPI: HPET 0x00000000BF6DEE71 000038 (v01 LENOVO TP-7B    00002190 LNVO 00000001)
[    0.000000] ACPI: BOOT 0x00000000BF6DEFD8 000028 (v01 LENOVO TP-7B    00002190  LTP 00000001)
[    0.000000] ACPI: SSDT 0x00000000BF6F2645 00025F (v01 LENOVO TP-7B    00002190 INTL 20050513)
[    0.000000] ACPI: SSDT 0x00000000BF6F28A4 0000A6 (v01 LENOVO TP-7B    00002190 INTL 20050513)
[    0.000000] ACPI: SSDT 0x00000000BF6F294A 0004F7 (v01 LENOVO TP-7B    00002190 INTL 20050513)
[    0.000000] ACPI: SSDT 0x00000000BF6F2E41 0001D8 (v01 LENOVO TP-7B    00002190 INTL 20050513)
[    0.000000] ACPI: Local APIC address 0xfee00000
[    0.000000] 2174MB HIGHMEM available.
[    0.000000] 887MB LOWMEM available.
[    0.000000]   mapped low ram: 0 - 377fe000
[    0.000000]   low ram: 0 - 377fe000
[    0.000000] tsc: Fast TSC calibration failed
[    0.000000] tsc: Using PIT calibration value
[    0.000000] BRK [0x0580a000, 0x0580afff] PGTABLE
[    0.000000] Zone ranges:
[    0.000000]   DMA      [mem 0x0000000000001000-0x0000000000ffffff]
[    0.000000]   Normal   [mem 0x0000000001000000-0x00000000377fdfff]
[    0.000000]   HighMem  [mem 0x00000000377fe000-0x00000000bf6cffff]
[    0.000000] Movable zone start for each node
[    0.000000] Early memory node ranges
[    0.000000]   node   0: [mem 0x0000000000001000-0x000000000009efff]
[    0.000000]   node   0: [mem 0x0000000000100000-0x00000000bf6cffff]
[    0.000000] Initmem setup node 0 [mem 0x0000000000001000-0x00000000bf6cffff]
[    0.000000] On node 0 totalpages: 783982
[    0.000000]   DMA zone: 32 pages used for memmap
[    0.000000]   DMA zone: 0 pages reserved
[    0.000000]   DMA zone: 3998 pages, LIFO batch:0
[    0.000000]   Normal zone: 1744 pages used for memmap
[    0.000000]   Normal zone: 223230 pages, LIFO batch:31
[    0.000000]   HighMem zone: 556754 pages, LIFO batch:31
[    0.000000] Reserved but unavailable: 98 pages
[    0.000000] Using APIC driver default
[    0.000000] Reserving Intel graphics memory at [mem 0xbf800000-0xbfffffff]
[    0.000000] ACPI: PM-Timer IO Port: 0x1008
[    0.000000] ACPI: Local APIC address 0xfee00000
[    0.000000] ACPI: LAPIC_NMI (acpi_id[0x00] high edge lint[0x1])
[    0.000000] ACPI: LAPIC_NMI (acpi_id[0x01] high edge lint[0x1])
[    0.000000] IOAPIC[0]: apic_id 1, version 32, address 0xfec00000, GSI 0-23
[    0.000000] ACPI: INT_SRC_OVR (bus 0 bus_irq 0 global_irq 2 dfl dfl)
[    0.000000] ACPI: INT_SRC_OVR (bus 0 bus_irq 9 global_irq 9 high level)
[    0.000000] ACPI: IRQ0 used by override.
[    0.000000] ACPI: IRQ9 used by override.
[    0.000000] Using ACPI (MADT) for SMP configuration information
[    0.000000] ACPI: HPET id: 0x8086a201 base: 0xfed00000
[    0.000000] smpboot: Allowing 2 CPUs, 0 hotplug CPUs
[    0.000000] PM: Registered nosave memory: [mem 0x00000000-0x00000fff]
[    0.000000] PM: Registered nosave memory: [mem 0x0009f000-0x0009ffff]
[    0.000000] PM: Registered nosave memory: [mem 0x000a0000-0x000dbfff]
[    0.000000] PM: Registered nosave memory: [mem 0x000dc000-0x000fffff]
[    0.000000] e820: [mem 0xc0000000-0xefffffff] available for PCI devices
[    0.000000] clocksource: refined-jiffies: mask: 0xffffffff max_cycles: 0xffffffff, max_idle_ns: 7645519600211568 ns
[    0.000000] setup_percpu: NR_CPUS:8 nr_cpumask_bits:8 nr_cpu_ids:2 nr_node_ids:1
[    0.000000] percpu: Embedded 28 pages/cpu @(ptrval) s85480 r0 d29208 u114688
[    0.000000] pcpu-alloc: s85480 r0 d29208 u114688 alloc=28*4096
[    0.000000] pcpu-alloc: [0] 0 [0] 1 
[    0.000000] Built 1 zonelists, mobility grouping on.  Total pages: 782206
[    0.000000] Kernel command line: BOOT_IMAGE=(hd0,2)/fast/l/linux-next-32/arch/x86/boot/bzImage root=/dev/sda4 resume=/dev/sda1
[    0.000000] Dentry cache hash table entries: 131072 (order: 7, 524288 bytes)
[    0.000000] Inode-cache hash table entries: 65536 (order: 6, 262144 bytes)
[    0.000000] Initializing CPU#0
[    0.000000] Initializing HighMem for node 0 (000377fe:000bf6d0)
[    0.000000] Initializing Movable for node 0 (00000000:00000000)
[    0.000000] Memory: 3085708K/3135928K available (12045K kernel code, 704K rwdata, 4732K rodata, 592K init, 6136K bss, 50220K reserved, 0K cma-reserved, 2227016K highmem)
[    0.000000] virtual kernel memory layout:
    fixmap  : 0xffe70000 - 0xfffff000   (1596 kB)
  cpu_entry : 0xffa00000 - 0xffb39000   (1252 kB)
    pkmap   : 0xff800000 - 0xffa00000   (2048 kB)
    vmalloc : 0xf7ffe000 - 0xff7fe000   ( 120 MB)
    lowmem  : 0xc0000000 - 0xf77fe000   ( 887 MB)
      .init : 0xc513b000 - 0xc51cf000   ( 592 kB)
      .data : 0xc4bc3424 - 0xc5119140   (5463 kB)
      .text : 0xc4000000 - 0xc4bc3424   (12045 kB)
[    0.000000] Checking if this processor honours the WP bit even in supervisor mode...Ok.
[    0.000000] Hierarchical RCU implementation.
[    0.000000] 	RCU restricting CPUs from NR_CPUS=8 to nr_cpu_ids=2.
[    0.000000] RCU: Adjusting geometry for rcu_fanout_leaf=16, nr_cpu_ids=2
[    0.000000] NR_IRQS: 2304, nr_irqs: 56, preallocated irqs: 16
[    0.000000] CPU 0 irqstacks, hard=(ptrval) soft=(ptrval)
[    0.000000] Console: colour VGA+ 80x25
[    0.000000] console [tty0] enabled
[    0.000000] Lock dependency validator: Copyright (c) 2006 Red Hat, Inc., Ingo Molnar
[    0.000000] ... MAX_LOCKDEP_SUBCLASSES:  8
[    0.000000] ... MAX_LOCK_DEPTH:          48
[    0.000000] ... MAX_LOCKDEP_KEYS:        8191
[    0.000000] ... CLASSHASH_SIZE:          4096
[    0.000000] ... MAX_LOCKDEP_ENTRIES:     32768
[    0.000000] ... MAX_LOCKDEP_CHAINS:      65536
[    0.000000] ... CHAINHASH_SIZE:          32768
[    0.000000]  memory used by lock dependency info: 4383 kB
[    0.000000]  per task-struct memory footprint: 1344 bytes
[    0.000000] ACPI: Core revision 20180313
[    0.000000] clocksource: hpet: mask: 0xffffffff max_cycles: 0xffffffff, max_idle_ns: 133484882848 ns
[    0.000000] hpet clockevent registered
[    0.000000] APIC: Switch to symmetric I/O mode setup
[    0.000000] Enabling APIC mode:  Flat.  Using 1 I/O APICs
[    0.000000] ..TIMER: vector=0x30 apic1=0 pin1=2 apic2=-1 pin2=-1
[    0.020000] tsc: Fast TSC calibration using PIT
[    0.024000] tsc: Detected 1828.819 MHz processor
[    0.024000] clocksource: tsc-early: mask: 0xffffffffffffffff max_cycles: 0x1a5c81e1c7b, max_idle_ns: 440795278001 ns
[    0.024000] Calibrating delay loop (skipped), value calculated using timer frequency.. 3657.63 BogoMIPS (lpj=7315276)
[    0.024000] pid_max: default: 32768 minimum: 301
[    0.024000] Mount-cache hash table entries: 2048 (order: 1, 8192 bytes)
[    0.024000] Mountpoint-cache hash table entries: 2048 (order: 1, 8192 bytes)
[    0.024000] Disabled fast string operations
[    0.024000] CPU: Physical Processor ID: 0
[    0.024000] CPU: Processor Core ID: 0
[    0.024000] process: using mwait in idle threads
[    0.024000] Last level iTLB entries: 4KB 128, 2MB 0, 4MB 2
[    0.024000] Last level dTLB entries: 4KB 128, 2MB 0, 4MB 8, 1GB 0
[    0.024000] Spectre V2 : Mitigation: Full generic retpoline
[    0.024000] Spectre V2 : Spectre v2 mitigation: Filling RSB on context switch
[    0.024000] Freeing SMP alternatives memory: 44K
[    0.032000] smpboot: CPU0: Genuine Intel(R) CPU           T2400  @ 1.83GHz (family: 0x6, model: 0xe, stepping: 0x8)
[    0.032000] Performance Events: Core events, core PMU driver.
[    0.032000] ... version:                1
[    0.032000] ... bit width:              40
[    0.032000] ... generic registers:      2
[    0.032000] ... value mask:             000000ffffffffff
[    0.032000] ... max period:             000000007fffffff
[    0.032000] ... fixed-purpose events:   0
[    0.032000] ... event mask:             0000000000000003
[    0.032000] Hierarchical SRCU implementation.
[    0.032000] smp: Bringing up secondary CPUs ...
[    0.032095] NMI watchdog: Enabled. Permanently consumes one hw-PMU counter.
[    0.033056] CPU 1 irqstacks, hard=0f59fcbb soft=8e158615
[    0.033060] x86: Booting SMP configuration:
[    0.033142] .... node  #0, CPUs:      #1
[    0.004000] Initializing CPU#1
[    0.004000] Disabled fast string operations
[    0.035606] TSC synchronization [CPU#0 -> CPU#1]:
[    0.035920] Measured 580129 cycles TSC warp between CPUs, turning off TSC clock.
[    0.036000] tsc: Marking TSC unstable due to check_tsc_sync_source failed
[    0.036120] smp: Brought up 1 node, 2 CPUs
[    0.036120] smpboot: Max logical packages: 1
[    0.036166] smpboot: Total of 2 processors activated (7315.27 BogoMIPS)
[    0.037855] devtmpfs: initialized
[    0.037855] PM: Registering ACPI NVS region [mem 0xbf6df000-0xbf6fffff] (135168 bytes)
[    0.040028] clocksource: jiffies: mask: 0xffffffff max_cycles: 0xffffffff, max_idle_ns: 7645041785100000 ns
[    0.040205] futex hash table entries: 512 (order: 3, 32768 bytes)
[    0.040990] NET: Registered protocol family 16
[    0.042708] cpuidle: using governor ladder
[    0.042708] cpuidle: using governor menu
[    0.042708] Simple Boot Flag at 0x35 set to 0x1
[    0.042708] ACPI FADT declares the system doesn't support PCIe ASPM, so disable it
[    0.042708] ACPI: bus type PCI registered
[    0.042708] PCI: MMCONFIG for domain 0000 [bus 00-3f] at [mem 0xf0000000-0xf3ffffff] (base 0xf0000000)
[    0.042708] PCI: MMCONFIG at [mem 0xf0000000-0xf3ffffff] reserved in E820
[    0.044010] PCI: Using MMCONFIG for extended config space
[    0.044092] PCI: Using configuration type 1 for base access
[    0.044564] mtrr: your CPUs had inconsistent variable MTRR settings
[    0.044651] mtrr: probably your BIOS does not setup all CPUs.
[    0.044733] mtrr: corrected configuration.
[    0.104761] ACPI: Added _OSI(Module Device)
[    0.104845] ACPI: Added _OSI(Processor Device)
[    0.104923] ACPI: Added _OSI(3.0 _SCP Extensions)
[    0.105004] ACPI: Added _OSI(Processor Aggregator Device)
[    0.105089] ACPI: Added _OSI(Linux-Dell-Video)
[    0.105191] ACPI: EC: EC started
[    0.105264] ACPI: EC: interrupt blocked
[    0.105392] ACPI: \: Used as first EC
[    0.105470] ACPI: \: GPE=0x1c, EC_CMD/EC_SC=0x66, EC_DATA=0x62
[    0.105558] ACPI: \: Used as boot ECDT EC to handle transactions
[    0.172309] ACPI: 6 ACPI AML tables successfully acquired and loaded
[    0.205636] ACPI: Dynamic OEM Table Load:
[    0.205733] ACPI: SSDT 0x00000000F5953000 000240 (v01 PmRef  Cpu0Ist  00000100 INTL 20050513)
[    0.207256] ACPI: Dynamic OEM Table Load:
[    0.207351] ACPI: SSDT 0x00000000F593A000 00065A (v01 PmRef  Cpu0Cst  00000100 INTL 20050513)
[    0.209727] ACPI: Dynamic OEM Table Load:
[    0.209727] ACPI: SSDT 0x00000000F58B2D00 0000C8 (v01 PmRef  Cpu1Ist  00000100 INTL 20050513)
[    0.212042] ACPI: Dynamic OEM Table Load:
[    0.212135] ACPI: SSDT 0x00000000F58B9CC0 000085 (v01 PmRef  Cpu1Cst  00000100 INTL 20050513)
[    0.213027] ACPI: Interpreter enabled
[    0.213195] ACPI: (supports S0 S3 S4 S5)
[    0.213279] ACPI: Using IOAPIC for interrupt routing
[    0.213502] PCI: Using host bridge windows from ACPI; if necessary, use "pci=nocrs" and report a bug
[    0.214562] ACPI: Enabled 4 GPEs in block 00 to 1F
[    0.239359] ACPI: Power Resource [PUBS] (on)
[    0.240543] acpi PNP0C0A:01: ACPI dock station (docks/bays count: 1)
[    0.250601] acpi LNXIOBAY:00: ACPI dock station (docks/bays count: 2)
[    0.265676] acpi IBM0079:00: ACPI dock station (docks/bays count: 3)
[    0.268129] ACPI: PCI Interrupt Link [LNKA] (IRQs 3 4 5 6 7 9 10 *11)
[    0.268994] ACPI: PCI Interrupt Link [LNKB] (IRQs 3 4 5 6 7 9 10 *11)
[    0.269856] ACPI: PCI Interrupt Link [LNKC] (IRQs 3 4 5 6 7 9 10 *11)
[    0.270718] ACPI: PCI Interrupt Link [LNKD] (IRQs 3 4 5 6 7 9 10 *11)
[    0.271581] ACPI: PCI Interrupt Link [LNKE] (IRQs 3 4 5 6 7 9 10 *11)
[    0.272454] ACPI: PCI Interrupt Link [LNKF] (IRQs 3 4 5 6 7 9 10 *11)
[    0.273316] ACPI: PCI Interrupt Link [LNKG] (IRQs 3 4 5 6 7 9 10 *11)
[    0.274178] ACPI: PCI Interrupt Link [LNKH] (IRQs 3 4 5 6 7 9 10 *11)
[    0.274744] ACPI: PCI Root Bridge [PCI0] (domain 0000 [bus 00-ff])
[    0.274844] acpi PNP0A08:00: _OSC: OS supports [ExtendedConfig ASPM ClockPM Segments]
[    0.276008] acpi PNP0A08:00: _OSC: not requesting OS control; OS requires [ExtendedConfig ASPM ClockPM MSI]
[    0.276020] acpi PNP0A08:00: [Firmware Info]: MMCONFIG for domain 0000 [bus 00-3f] only partially covers this bridge
[    0.276403] PCI host bridge to bus 0000:00
[    0.276484] pci_bus 0000:00: root bus resource [io  0x0000-0x0cf7 window]
[    0.276578] pci_bus 0000:00: root bus resource [io  0x0d00-0xffff window]
[    0.276672] pci_bus 0000:00: root bus resource [mem 0x000a0000-0x000bffff window]
[    0.276768] pci_bus 0000:00: root bus resource [mem 0x000d0000-0x000d3fff window]
[    0.276865] pci_bus 0000:00: root bus resource [mem 0x000d4000-0x000d7fff window]
[    0.276962] pci_bus 0000:00: root bus resource [mem 0x000d8000-0x000dbfff window]
[    0.277059] pci_bus 0000:00: root bus resource [mem 0xc0000000-0xfebfffff window]
[    0.277155] pci_bus 0000:00: root bus resource [mem 0xfed40000-0xfed40fff window]
[    0.277253] pci_bus 0000:00: root bus resource [bus 00-ff]
[    0.277373] pci 0000:00:00.0: [8086:27a0] type 00 class 0x060000
[    0.277835] pci 0000:00:02.0: [8086:27a2] type 00 class 0x030000
[    0.277858] pci 0000:00:02.0: reg 0x10: [mem 0xee100000-0xee17ffff]
[    0.277869] pci 0000:00:02.0: reg 0x14: [io  0x1800-0x1807]
[    0.277880] pci 0000:00:02.0: reg 0x18: [mem 0xd0000000-0xdfffffff pref]
[    0.277891] pci 0000:00:02.0: reg 0x1c: [mem 0xee200000-0xee23ffff]
[    0.278360] pci 0000:00:02.1: [8086:27a6] type 00 class 0x038000
[    0.278380] pci 0000:00:02.1: reg 0x10: [mem 0xee180000-0xee1fffff]
[    0.278876] pci 0000:00:1b.0: [8086:27d8] type 00 class 0x040300
[    0.278922] pci 0000:00:1b.0: reg 0x10: [mem 0xee240000-0xee243fff 64bit]
[    0.279084] pci 0000:00:1b.0: PME# supported from D0 D3hot D3cold
[    0.279549] pci 0000:00:1c.0: [8086:27d0] type 01 class 0x060400
[    0.279727] pci 0000:00:1c.0: PME# supported from D0 D3hot D3cold
[    0.280206] pci 0000:00:1c.1: [8086:27d2] type 01 class 0x060400
[    0.280383] pci 0000:00:1c.1: PME# supported from D0 D3hot D3cold
[    0.280838] pci 0000:00:1c.2: [8086:27d4] type 01 class 0x060400
[    0.281014] pci 0000:00:1c.2: PME# supported from D0 D3hot D3cold
[    0.281467] pci 0000:00:1c.3: [8086:27d6] type 01 class 0x060400
[    0.281644] pci 0000:00:1c.3: PME# supported from D0 D3hot D3cold
[    0.282097] pci 0000:00:1d.0: [8086:27c8] type 00 class 0x0c0300
[    0.282177] pci 0000:00:1d.0: reg 0x20: [io  0x1820-0x183f]
[    0.282637] pci 0000:00:1d.1: [8086:27c9] type 00 class 0x0c0300
[    0.282716] pci 0000:00:1d.1: reg 0x20: [io  0x1840-0x185f]
[    0.283177] pci 0000:00:1d.2: [8086:27ca] type 00 class 0x0c0300
[    0.283255] pci 0000:00:1d.2: reg 0x20: [io  0x1860-0x187f]
[    0.283709] pci 0000:00:1d.3: [8086:27cb] type 00 class 0x0c0300
[    0.283787] pci 0000:00:1d.3: reg 0x20: [io  0x1880-0x189f]
[    0.284246] pci 0000:00:1d.7: [8086:27cc] type 00 class 0x0c0320
[    0.284283] pci 0000:00:1d.7: reg 0x10: [mem 0xee444000-0xee4443ff]
[    0.284427] pci 0000:00:1d.7: PME# supported from D0 D3hot D3cold
[    0.284846] pci 0000:00:1e.0: [8086:2448] type 01 class 0x060401
[    0.285381] pci 0000:00:1f.0: [8086:27b9] type 00 class 0x060100
[    0.285542] pci 0000:00:1f.0: quirk: [io  0x1000-0x107f] claimed by ICH6 ACPI/GPIO/TCO
[    0.285648] pci 0000:00:1f.0: quirk: [io  0x1180-0x11bf] claimed by ICH6 GPIO
[    0.285744] pci 0000:00:1f.0: ICH7 LPC Generic IO decode 1 PIO at 1600 (mask 007f)
[    0.285843] pci 0000:00:1f.0: ICH7 LPC Generic IO decode 2 PIO at 15e0 (mask 000f)
[    0.285942] pci 0000:00:1f.0: ICH7 LPC Generic IO decode 3 PIO at 1680 (mask 001f)
[    0.286471] pci 0000:00:1f.1: [8086:27df] type 00 class 0x01018a
[    0.286502] pci 0000:00:1f.1: reg 0x10: [io  0x0000-0x0007]
[    0.286518] pci 0000:00:1f.1: reg 0x14: [io  0x0000-0x0003]
[    0.286535] pci 0000:00:1f.1: reg 0x18: [io  0x0000-0x0007]
[    0.286551] pci 0000:00:1f.1: reg 0x1c: [io  0x0000-0x0003]
[    0.286568] pci 0000:00:1f.1: reg 0x20: [io  0x1810-0x181f]
[    0.286601] pci 0000:00:1f.1: legacy IDE quirk: reg 0x10: [io  0x01f0-0x01f7]
[    0.286696] pci 0000:00:1f.1: legacy IDE quirk: reg 0x14: [io  0x03f6]
[    0.286787] pci 0000:00:1f.1: legacy IDE quirk: reg 0x18: [io  0x0170-0x0177]
[    0.286881] pci 0000:00:1f.1: legacy IDE quirk: reg 0x1c: [io  0x0376]
[    0.287384] pci 0000:00:1f.2: [8086:27c5] type 00 class 0x010601
[    0.287419] pci 0000:00:1f.2: reg 0x10: [io  0x18d0-0x18d7]
[    0.287436] pci 0000:00:1f.2: reg 0x14: [io  0x18c4-0x18c7]
[    0.287453] pci 0000:00:1f.2: reg 0x18: [io  0x18c8-0x18cf]
[    0.287469] pci 0000:00:1f.2: reg 0x1c: [io  0x18c0-0x18c3]
[    0.287485] pci 0000:00:1f.2: reg 0x20: [io  0x18b0-0x18bf]
[    0.287502] pci 0000:00:1f.2: reg 0x24: [mem 0xee444400-0xee4447ff]
[    0.287586] pci 0000:00:1f.2: PME# supported from D3hot
[    0.288026] pci 0000:00:1f.3: [8086:27da] type 00 class 0x0c0500
[    0.288123] pci 0000:00:1f.3: reg 0x20: [io  0x18e0-0x18ff]
[    0.288798] pci 0000:02:00.0: [8086:109a] type 00 class 0x020000
[    0.288863] pci 0000:02:00.0: reg 0x10: [mem 0xee000000-0xee01ffff]
[    0.288911] pci 0000:02:00.0: reg 0x18: [io  0x2000-0x201f]
[    0.289166] pci 0000:02:00.0: PME# supported from D0 D3hot D3cold
[    0.289533] pci 0000:00:1c.0: PCI bridge to [bus 02]
[    0.289620] pci 0000:00:1c.0:   bridge window [io  0x2000-0x2fff]
[    0.289628] pci 0000:00:1c.0:   bridge window [mem 0xee000000-0xee0fffff]
[    0.289894] pci 0000:03:00.0: [8086:4227] type 00 class 0x028000
[    0.290001] pci 0000:03:00.0: reg 0x10: [mem 0xedf00000-0xedf00fff]
[    0.290507] pci 0000:03:00.0: PME# supported from D0 D3hot D3cold
[    0.290919] pci 0000:00:1c.1: PCI bridge to [bus 03]
[    0.291006] pci 0000:00:1c.1:   bridge window [io  0x3000-0x4fff]
[    0.291014] pci 0000:00:1c.1:   bridge window [mem 0xec000000-0xedffffff]
[    0.291025] pci 0000:00:1c.1:   bridge window [mem 0xe4000000-0xe40fffff 64bit pref]
[    0.291176] pci 0000:00:1c.2: PCI bridge to [bus 04-0b]
[    0.291267] pci 0000:00:1c.2:   bridge window [io  0x5000-0x6fff]
[    0.291275] pci 0000:00:1c.2:   bridge window [mem 0xe8000000-0xe9ffffff]
[    0.291286] pci 0000:00:1c.2:   bridge window [mem 0xe4100000-0xe41fffff 64bit pref]
[    0.291437] pci 0000:00:1c.3: PCI bridge to [bus 0c-13]
[    0.291528] pci 0000:00:1c.3:   bridge window [io  0x7000-0x8fff]
[    0.291535] pci 0000:00:1c.3:   bridge window [mem 0xea000000-0xebffffff]
[    0.291547] pci 0000:00:1c.3:   bridge window [mem 0xe4200000-0xe42fffff 64bit pref]
[    0.291700] pci 0000:15:00.0: [1180:0476] type 02 class 0x060700
[    0.291737] pci 0000:15:00.0: reg 0x10: [mem 0xe4300000-0xe4300fff]
[    0.291811] pci 0000:15:00.0: supports D1 D2
[    0.291816] pci 0000:15:00.0: PME# supported from D0 D1 D2 D3hot D3cold
[    0.292082] pci 0000:15:00.1: [1180:0552] type 00 class 0x0c0010
[    0.292118] pci 0000:15:00.1: reg 0x10: [mem 0xe4301000-0xe43017ff]
[    0.292265] pci 0000:15:00.1: PME# supported from D0 D3hot D3cold
[    0.292477] pci 0000:15:00.2: [1180:0822] type 00 class 0x080500
[    0.292512] pci 0000:15:00.2: reg 0x10: [mem 0xe4301800-0xe43018ff]
[    0.292659] pci 0000:15:00.2: supports D1 D2
[    0.292663] pci 0000:15:00.2: PME# supported from D0 D1 D2 D3hot D3cold
[    0.292935] pci 0000:00:1e.0: PCI bridge to [bus 15-18] (subtractive decode)
[    0.293034] pci 0000:00:1e.0:   bridge window [io  0x9000-0xcfff]
[    0.293042] pci 0000:00:1e.0:   bridge window [mem 0xe4300000-0xe7ffffff]
[    0.293053] pci 0000:00:1e.0:   bridge window [mem 0xe0000000-0xe3ffffff 64bit pref]
[    0.293058] pci 0000:00:1e.0:   bridge window [io  0x0000-0x0cf7 window] (subtractive decode)
[    0.293074] pci 0000:00:1e.0:   bridge window [io  0x0d00-0xffff window] (subtractive decode)
[    0.293079] pci 0000:00:1e.0:   bridge window [mem 0x000a0000-0x000bffff window] (subtractive decode)
[    0.293084] pci 0000:00:1e.0:   bridge window [mem 0x000d0000-0x000d3fff window] (subtractive decode)
[    0.293089] pci 0000:00:1e.0:   bridge window [mem 0x000d4000-0x000d7fff window] (subtractive decode)
[    0.293094] pci 0000:00:1e.0:   bridge window [mem 0x000d8000-0x000dbfff window] (subtractive decode)
[    0.293099] pci 0000:00:1e.0:   bridge window [mem 0xc0000000-0xfebfffff window] (subtractive decode)
[    0.293104] pci 0000:00:1e.0:   bridge window [mem 0xfed40000-0xfed40fff window] (subtractive decode)
[    0.293249] pci_bus 0000:16: busn_res: [bus 16-18] end is updated to 17
[    0.293306] pci_bus 0000:00: on NUMA node 0
[    0.300005] ACPI: EC: interrupt unblocked
[    0.300100] ACPI: EC: event unblocked
[    0.300188] ACPI: \_SB_.PCI0.LPC_.EC__: GPE=0x1c, EC_CMD/EC_SC=0x66, EC_DATA=0x62
[    0.300291] ACPI: \_SB_.PCI0.LPC_.EC__: Used as boot DSDT EC to handle transactions and events
[    0.301113] pci 0000:00:02.0: vgaarb: setting as boot VGA device
[    0.301205] pci 0000:00:02.0: vgaarb: VGA device added: decodes=io+mem,owns=io+mem,locks=none
[    0.301341] pci 0000:00:02.0: vgaarb: bridge control possible
[    0.301426] vgaarb: loaded
[    0.302051] SCSI subsystem initialized
[    0.302381] libata version 3.00 loaded.
[    0.302578] ACPI: bus type USB registered
[    0.302782] usbcore: registered new interface driver usbfs
[    0.302936] usbcore: registered new interface driver hub
[    0.303081] usbcore: registered new device driver usb
[    0.303298] media: Linux media interface: v0.10
[    0.303428] Linux video capture interface: v2.00
[    0.303575] pps_core: LinuxPPS API ver. 1 registered
[    0.303657] pps_core: Software ver. 5.3.6 - Copyright 2005-2007 Rodolfo Giometti <giometti@linux.it>
[    0.303809] PTP clock support registered
[    0.304620] EDAC MC: Ver: 3.0.0
[    0.305661] Advanced Linux Sound Architecture Driver Initialized.
[    0.305895] PCI: Using ACPI for IRQ routing
[    0.308975] PCI: pci_cache_line_size set to 64 bytes
[    0.309308] e820: reserve RAM buffer [mem 0x0009f000-0x0009ffff]
[    0.309314] e820: reserve RAM buffer [mem 0xbf6d0000-0xbfffffff]
[    0.309966] Bluetooth: Core ver 2.22
[    0.310108] NET: Registered protocol family 31
[    0.310186] Bluetooth: HCI device and connection manager initialized
[    0.310286] Bluetooth: HCI socket layer initialized
[    0.310368] Bluetooth: L2CAP socket layer initialized
[    0.310490] Bluetooth: SCO socket layer initialized
[    0.310782] clocksource: Switched to clocksource tsc-early
[    0.310782] pnp: PnP ACPI init
[    0.311615] system 00:00: [mem 0x00000000-0x0009ffff] could not be reserved
[    0.311714] system 00:00: [mem 0x000c0000-0x000c3fff] could not be reserved
[    0.311811] system 00:00: [mem 0x000c4000-0x000c7fff] could not be reserved
[    0.311907] system 00:00: [mem 0x000c8000-0x000cbfff] has been reserved
[    0.312001] system 00:00: [mem 0x000cc000-0x000cffff] has been reserved
[    0.312096] system 00:00: [mem 0x000dc000-0x000dffff] could not be reserved
[    0.312194] system 00:00: [mem 0x000e0000-0x000e3fff] could not be reserved
[    0.312291] system 00:00: [mem 0x000e4000-0x000e7fff] could not be reserved
[    0.312387] system 00:00: [mem 0x000e8000-0x000ebfff] could not be reserved
[    0.312484] system 00:00: [mem 0x000ec000-0x000effff] could not be reserved
[    0.312581] system 00:00: [mem 0x000f0000-0x000fffff] could not be reserved
[    0.312679] system 00:00: [mem 0x00100000-0xbfffffff] could not be reserved
[    0.312776] system 00:00: [mem 0xfec00000-0xfed3ffff] could not be reserved
[    0.313110] system 00:00: [mem 0xfed41000-0xffffffff] could not be reserved
[    0.313313] system 00:00: Plug and Play ACPI device, IDs PNP0c01 (active)
[    0.313756] system 00:01: [io  0x164e-0x164f] has been reserved
[    0.313849] system 00:01: [io  0x1000-0x107f] has been reserved
[    0.313939] system 00:01: [io  0x1180-0x11bf] has been reserved
[    0.314030] system 00:01: [io  0x0800-0x080f] has been reserved
[    0.314120] system 00:01: [io  0x15e0-0x15ef] has been reserved
[    0.314212] system 00:01: [io  0x1600-0x165f] could not be reserved
[    0.314305] system 00:01: [mem 0xf0000000-0xf3ffffff] has been reserved
[    0.314399] system 00:01: [mem 0xfed1c000-0xfed1ffff] has been reserved
[    0.314494] system 00:01: [mem 0xfed14000-0xfed17fff] has been reserved
[    0.314588] system 00:01: [mem 0xfed18000-0xfed18fff] has been reserved
[    0.314682] system 00:01: [mem 0xfed19000-0xfed19fff] has been reserved
[    0.314810] system 00:01: Plug and Play ACPI device, IDs PNP0c02 (active)
[    0.315240] pnp 00:02: Plug and Play ACPI device, IDs PNP0b00 (active)
[    0.315550] pnp 00:03: Plug and Play ACPI device, IDs PNP0303 (active)
[    0.315692] pnp 00:04: Plug and Play ACPI device, IDs IBM3780 PNP0f13 (active)
[    0.316165] pnp 00:05: [dma 3]
[    0.316373] pnp 00:05: Plug and Play ACPI device, IDs IBM0071 PNP0511 (active)
[    0.316804] pnp 00:06: Plug and Play ACPI device, IDs ATM1200 PNP0c31 (active)
[    0.319650] pnp: PnP ACPI: found 7 devices
[    0.367160] clocksource: acpi_pm: mask: 0xffffff max_cycles: 0xffffff, max_idle_ns: 2085701024 ns
[    0.367307] pci 0000:00:1c.0: bridge window [mem 0x00100000-0x000fffff 64bit pref] to [bus 02] add_size 200000 add_align 100000
[    0.367392] pci 0000:00:1c.0: BAR 9: assigned [mem 0xc0000000-0xc01fffff 64bit pref]
[    0.367490] pci 0000:00:1c.0: PCI bridge to [bus 02]
[    0.367573] pci 0000:00:1c.0:   bridge window [io  0x2000-0x2fff]
[    0.367664] pci 0000:00:1c.0:   bridge window [mem 0xee000000-0xee0fffff]
[    0.367756] pci 0000:00:1c.0:   bridge window [mem 0xc0000000-0xc01fffff 64bit pref]
[    0.367858] pci 0000:00:1c.1: PCI bridge to [bus 03]
[    0.367940] pci 0000:00:1c.1:   bridge window [io  0x3000-0x4fff]
[    0.368031] pci 0000:00:1c.1:   bridge window [mem 0xec000000-0xedffffff]
[    0.368123] pci 0000:00:1c.1:   bridge window [mem 0xe4000000-0xe40fffff 64bit pref]
[    0.368224] pci 0000:00:1c.2: PCI bridge to [bus 04-0b]
[    0.368307] pci 0000:00:1c.2:   bridge window [io  0x5000-0x6fff]
[    0.368397] pci 0000:00:1c.2:   bridge window [mem 0xe8000000-0xe9ffffff]
[    0.368490] pci 0000:00:1c.2:   bridge window [mem 0xe4100000-0xe41fffff 64bit pref]
[    0.368590] pci 0000:00:1c.3: PCI bridge to [bus 0c-13]
[    0.368673] pci 0000:00:1c.3:   bridge window [io  0x7000-0x8fff]
[    0.368764] pci 0000:00:1c.3:   bridge window [mem 0xea000000-0xebffffff]
[    0.368866] pci 0000:00:1c.3:   bridge window [mem 0xe4200000-0xe42fffff 64bit pref]
[    0.369290] pci 0000:15:00.0: BAR 9: assigned [mem 0xe0000000-0xe3ffffff pref]
[    0.369290] pci 0000:15:00.0: BAR 10: assigned [mem 0xc4000000-0xc7ffffff]
[    0.369290] pci 0000:15:00.0: BAR 7: assigned [io  0x9000-0x90ff]
[    0.369290] pci 0000:15:00.0: BAR 8: assigned [io  0x9400-0x94ff]
[    0.369346] pci 0000:15:00.0: CardBus bridge to [bus 16-17]
[    0.369430] pci 0000:15:00.0:   bridge window [io  0x9000-0x90ff]
[    0.369519] pci 0000:15:00.0:   bridge window [io  0x9400-0x94ff]
[    0.369608] pci 0000:15:00.0:   bridge window [mem 0xe0000000-0xe3ffffff pref]
[    0.369704] pci 0000:15:00.0:   bridge window [mem 0xc4000000-0xc7ffffff]
[    0.369796] pci 0000:00:1e.0: PCI bridge to [bus 15-18]
[    0.369879] pci 0000:00:1e.0:   bridge window [io  0x9000-0xcfff]
[    0.369970] pci 0000:00:1e.0:   bridge window [mem 0xe4300000-0xe7ffffff]
[    0.370062] pci 0000:00:1e.0:   bridge window [mem 0xe0000000-0xe3ffffff 64bit pref]
[    0.370164] pci_bus 0000:00: resource 4 [io  0x0000-0x0cf7 window]
[    0.370168] pci_bus 0000:00: resource 5 [io  0x0d00-0xffff window]
[    0.370173] pci_bus 0000:00: resource 6 [mem 0x000a0000-0x000bffff window]
[    0.370177] pci_bus 0000:00: resource 7 [mem 0x000d0000-0x000d3fff window]
[    0.370181] pci_bus 0000:00: resource 8 [mem 0x000d4000-0x000d7fff window]
[    0.370185] pci_bus 0000:00: resource 9 [mem 0x000d8000-0x000dbfff window]
[    0.370189] pci_bus 0000:00: resource 10 [mem 0xc0000000-0xfebfffff window]
[    0.370194] pci_bus 0000:00: resource 11 [mem 0xfed40000-0xfed40fff window]
[    0.370198] pci_bus 0000:02: resource 0 [io  0x2000-0x2fff]
[    0.370202] pci_bus 0000:02: resource 1 [mem 0xee000000-0xee0fffff]
[    0.370206] pci_bus 0000:02: resource 2 [mem 0xc0000000-0xc01fffff 64bit pref]
[    0.370211] pci_bus 0000:03: resource 0 [io  0x3000-0x4fff]
[    0.370215] pci_bus 0000:03: resource 1 [mem 0xec000000-0xedffffff]
[    0.370219] pci_bus 0000:03: resource 2 [mem 0xe4000000-0xe40fffff 64bit pref]
[    0.370223] pci_bus 0000:04: resource 0 [io  0x5000-0x6fff]
[    0.370227] pci_bus 0000:04: resource 1 [mem 0xe8000000-0xe9ffffff]
[    0.370231] pci_bus 0000:04: resource 2 [mem 0xe4100000-0xe41fffff 64bit pref]
[    0.370236] pci_bus 0000:0c: resource 0 [io  0x7000-0x8fff]
[    0.370240] pci_bus 0000:0c: resource 1 [mem 0xea000000-0xebffffff]
[    0.370244] pci_bus 0000:0c: resource 2 [mem 0xe4200000-0xe42fffff 64bit pref]
[    0.370248] pci_bus 0000:15: resource 0 [io  0x9000-0xcfff]
[    0.370252] pci_bus 0000:15: resource 1 [mem 0xe4300000-0xe7ffffff]
[    0.370256] pci_bus 0000:15: resource 2 [mem 0xe0000000-0xe3ffffff 64bit pref]
[    0.370260] pci_bus 0000:15: resource 4 [io  0x0000-0x0cf7 window]
[    0.370265] pci_bus 0000:15: resource 5 [io  0x0d00-0xffff window]
[    0.370269] pci_bus 0000:15: resource 6 [mem 0x000a0000-0x000bffff window]
[    0.370273] pci_bus 0000:15: resource 7 [mem 0x000d0000-0x000d3fff window]
[    0.370277] pci_bus 0000:15: resource 8 [mem 0x000d4000-0x000d7fff window]
[    0.370281] pci_bus 0000:15: resource 9 [mem 0x000d8000-0x000dbfff window]
[    0.370285] pci_bus 0000:15: resource 10 [mem 0xc0000000-0xfebfffff window]
[    0.370289] pci_bus 0000:15: resource 11 [mem 0xfed40000-0xfed40fff window]
[    0.370295] pci_bus 0000:16: resource 0 [io  0x9000-0x90ff]
[    0.370298] pci_bus 0000:16: resource 1 [io  0x9400-0x94ff]
[    0.370303] pci_bus 0000:16: resource 2 [mem 0xe0000000-0xe3ffffff pref]
[    0.370307] pci_bus 0000:16: resource 3 [mem 0xc4000000-0xc7ffffff]
[    0.370770] NET: Registered protocol family 2
[    0.371676] tcp_listen_portaddr_hash hash table entries: 512 (order: 2, 20480 bytes)
[    0.371676] TCP established hash table entries: 8192 (order: 3, 32768 bytes)
[    0.371798] TCP bind hash table entries: 8192 (order: 6, 294912 bytes)
[    0.372383] TCP: Hash tables configured (established 8192 bind 8192)
[    0.372797] UDP hash table entries: 512 (order: 3, 40960 bytes)
[    0.373274] UDP-Lite hash table entries: 512 (order: 3, 40960 bytes)
[    0.373281] NET: Registered protocol family 1
[    0.374365] RPC: Registered named UNIX socket transport module.
[    0.374454] RPC: Registered udp transport module.
[    0.374534] RPC: Registered tcp transport module.
[    0.374614] RPC: Registered tcp NFSv4.1 backchannel transport module.
[    0.375247] pci 0000:00:02.0: Video device with shadowed ROM at [mem 0x000c0000-0x000dffff]
[    0.379133] PCI: CLS mismatch (64 != 32), using 64 bytes
[    0.382159] Initialise system trusted keyrings
[    0.383190] workingset: timestamp_bits=30 max_order=20 bucket_order=0
[    0.385078] Installing knfsd (copyright (C) 1996 okir@monad.swb.de).
[    0.385550] ntfs: driver 2.1.32 [Flags: R/W].
[    0.386146] fuse init (API version 7.27)
[    0.386397] pstore: using deflate compression
[    0.390040] Key type asymmetric registered
[    0.390040] Asymmetric key parser 'x509' registered
[    0.390047] bounce: pool size: 64 pages
[    0.390230] Block layer SCSI generic (bsg) driver version 0.4 loaded (major 249)
[    0.390337] io scheduler noop registered
[    0.390412] io scheduler deadline registered
[    0.390525] io scheduler cfq registered (default)
[    0.390604] io scheduler mq-deadline registered
[    0.390717] io scheduler bfq registered
[    0.393647] intel_idle: does not run on family 6 model 14
[    0.394199] ACPI: Deprecated procfs I/F for AC is loaded, please retry with CONFIG_ACPI_PROCFS_POWER cleared
[    0.394228] ACPI: AC Adapter [AC] (on-line)
[    0.394859] input: Lid Switch as /devices/LNXSYSTM:00/LNXSYBUS:00/PNP0C0D:00/input/input0
[    0.395244] ACPI: Lid Switch [LID]
[    0.395544] input: Sleep Button as /devices/LNXSYSTM:00/LNXSYBUS:00/PNP0C0E:00/input/input1
[    0.395700] ACPI: Sleep Button [SLPB]
[    0.395953] input: Power Button as /devices/LNXSYSTM:00/LNXPWRBN:00/input/input2
[    0.396197] ACPI: Power Button [PWRF]
[    0.396723] ACPI: Video Device [VID] (multi-head: yes  rom: no  post: no)
[    0.404582] acpi device:01: registered as cooling_device0
[    0.405082] input: Video Bus as /devices/LNXSYSTM:00/LNXSYBUS:00/PNP0A08:00/LNXVIDEO:00/input/input3
[    0.406933] ACPI Error: No pointer back to namespace node in package 277932d2 (20180313/dsargs-303)
[    0.407090] ACPI Error: Method parse/execution failed \_PR.CPU0._TSS, AE_AML_INTERNAL (20180313/psparse-516)
[    0.407272] ACPI Error: AE_AML_INTERNAL, Evaluating _TSS (20180313/processor_throttling-520)
[    0.409834] ACPI Error: No pointer back to namespace node in package 83eee6e0 (20180313/dsargs-303)
[    0.409989] ACPI Error: Method parse/execution failed \_PR.CPU0._TSS, AE_AML_INTERNAL (20180313/psparse-516)
[    0.410167] ACPI Error: Method parse/execution failed \_PR.CPU1._TSS, AE_AML_INTERNAL (20180313/psparse-516)
[    0.410436] ACPI Error: AE_AML_INTERNAL, Evaluating _TSS (20180313/processor_throttling-520)
[    0.415552] thermal LNXTHERM:00: registered as thermal_zone0
[    0.415644] ACPI: Thermal Zone [THM0] (82 C)
[    0.419603] thermal LNXTHERM:01: registered as thermal_zone1
[    0.419694] ACPI: Thermal Zone [THM1] (82 C)
[    0.420689] Serial: 8250/16550 driver, 4 ports, IRQ sharing disabled
[    0.421338] serial8250: ttyS1 at I/O 0x2f8 (irq = 3, base_baud = 921600) is a NS16550A
[    0.424174] lp: driver loaded but no devices found
[    0.424615] Non-volatile memory driver v1.3
[    0.425464] intel_rng: FWH not detected
[    0.425574] Linux agpgart interface v0.103
[    0.426195] [drm] radeon kernel modesetting enabled.
[    0.427709] pci 0000:00:00.0: Intel 945GM Chipset
[    0.427846] pci 0000:00:00.0: detected gtt size: 262144K total, 262144K mappable
[    0.428519] pci 0000:00:00.0: detected 8192K stolen memory
[    0.428736] [drm] Replacing VGA console driver
[    0.430026] Console: switching to colour dummy device 80x25
[    0.432119] [drm] Supports vblank timestamp caching Rev 2 (21.10.2013).
[    0.432119] [drm] Driver supports precise vblank timestamp query.
[    0.432119] resource sanity check: requesting [mem 0x000c0000-0x000dffff], which spans more than pnp 00:00 [mem 0x000c8000-0x000cbfff]
[    0.432119] caller pci_map_rom+0x58/0xf0 mapping multiple BARs
[    0.433948] i915 0000:00:02.0: vgaarb: changed VGA decodes: olddecodes=io+mem,decodes=io+mem:owns=io+mem
[    0.455745] ACPI: Deprecated procfs I/F for battery is loaded, please retry with CONFIG_ACPI_PROCFS_POWER cleared
[    0.455830] ACPI: Battery Slot [BAT0] (battery present)
[    0.488304] [drm] RC6 disabled, disabling runtime PM support
[    0.488624] [drm] initialized overlay support
[    0.490166] [drm] Initialized i915 1.6.0 20180308 for 0000:00:02.0 on minor 0
[    0.491246] usbcore: registered new interface driver udl
[    0.503934] loop: module loaded
[    0.512059] fbcon: inteldrmfb (fb0) is primary device
[    0.527404] ahci 0000:00:1f.2: version 3.0
[    0.528204] ahci 0000:00:1f.2: AHCI 0001.0100 32 slots 4 ports 1.5 Gbps 0x1 impl SATA mode
[    0.528210] ahci 0000:00:1f.2: flags: 64bit ncq pm led clo pio slum part 
[    0.530713] scsi host0: ahci
[    0.531304] scsi host1: ahci
[    0.531764] scsi host2: ahci
[    0.532278] scsi host3: ahci
[    0.532528] ata1: SATA max UDMA/133 abar m1024@0xee444400 port 0xee444500 irq 16
[    0.532531] ata2: DUMMY
[    0.532533] ata3: DUMMY
[    0.532535] ata4: DUMMY
[    0.532722] ata_piix 0000:00:1f.1: version 2.13
[    0.535800] scsi host4: ata_piix
[    0.536896] scsi host5: ata_piix
[    0.537131] ata5: PATA max UDMA/100 cmd 0x1f0 ctl 0x3f6 bmdma 0x1810 irq 14
[    0.537133] ata6: PATA max UDMA/100 cmd 0x170 ctl 0x376 bmdma 0x1818 irq 15
[    0.537142] ata6: port disabled--ignoring
[    0.538171] tun: Universal TUN/TAP device driver, 1.6
[    0.538772] e1000: Intel(R) PRO/1000 Network Driver - version 7.3.21-k8-NAPI
[    0.538773] e1000: Copyright (c) 1999-2006 Intel Corporation.
[    0.538857] e1000e: Intel(R) PRO/1000 Network Driver - 3.2.6-k
[    0.538858] e1000e: Copyright(c) 1999 - 2015 Intel Corporation.
[    0.538976] e1000e 0000:02:00.0: Disabling ASPM  L1
[    0.538980] e1000e 0000:02:00.0: can't disable ASPM; OS doesn't have ASPM control
[    0.539427] e1000e 0000:02:00.0: Interrupt Throttling Rate (ints/sec) set to dynamic conservative mode
[    0.631548] e1000e 0000:02:00.0 eth0: (PCI Express:2.5GT/s:Width x1) 00:16:d3:25:19:04
[    0.631548] e1000e 0000:02:00.0 eth0: Intel(R) PRO/1000 Network Connection
[    0.631742] e1000e 0000:02:00.0 eth0: MAC: 2, PHY: 2, PBA No: 005302-003
[    0.632049] PPP generic driver version 2.4.2
[    0.632272] PPP BSD Compression module registered
[    0.632272] PPP Deflate Compression module registered
[    0.632272] SLIP: version 0.8.4-NET3.019-NEWTTY (dynamic channels, max=256).
[    0.632272] CSLIP: code copyright 1989 Regents of the University of California.
[    0.632394] iwl3945: Intel(R) PRO/Wireless 3945ABG/BG Network Connection driver for Linux, in-tree:ds
[    0.632394] iwl3945: Copyright(c) 2003-2011 Intel Corporation
[    0.632394] iwl3945: hw_scan is disabled
[    0.632583] iwl3945 0000:03:00.0: can't disable ASPM; OS doesn't have ASPM control
[    0.686839] iwl3945 0000:03:00.0: Tunable channels: 11 802.11bg, 13 802.11a channels
[    0.686843] iwl3945 0000:03:00.0: Detected Intel Wireless WiFi Link 3945ABG
[    0.688028] ieee80211 phy0: Selected rate control algorithm 'iwl-3945-rs'
[    0.688980] Intel(R) Wireless WiFi driver for Linux
[    0.688980] Copyright(c) 2003- 2015 Intel Corporation
[    0.689218] usbcore: registered new interface driver ax88179_178a
[    0.689218] usbcore: registered new interface driver cdc_ether
[    0.689218] usbcore: registered new interface driver net1080
[    0.689218] usbcore: registered new interface driver cdc_subset
[    0.689218] usbcore: registered new interface driver zaurus
[    0.689428] usbcore: registered new interface driver cdc_ncm
[    0.689532] pci 0000:00:1e.0: enabling device (0005 -> 0007)
[    0.689532] yenta_cardbus 0000:15:00.0: CardBus bridge found [17aa:201c]
[    0.747478] ata1: SATA link up 1.5 Gbps (SStatus 113 SControl 300)
[    0.796784] ata1.00: ACPI cmd ef/02:00:00:00:00:a0 (SET FEATURES) succeeded
[    0.796789] ata1.00: ACPI cmd f5/00:00:00:00:00:a0 (SECURITY FREEZE LOCK) filtered out
[    0.796794] ata1.00: ACPI cmd ef/10:03:00:00:00:a0 (SET FEATURES) filtered out
[    0.840882] ata1.00: ATA-9: ST1000LM014-1EJ164, SM11, max UDMA/133
[    0.840885] ata1.00: 1953525168 sectors, multi 16: LBA48 NCQ (depth 31/32), AA
[    0.885488] ata1.00: ACPI cmd ef/02:00:00:00:00:a0 (SET FEATURES) succeeded
[    0.885492] ata1.00: ACPI cmd f5/00:00:00:00:00:a0 (SECURITY FREEZE LOCK) filtered out
[    0.885496] ata1.00: ACPI cmd ef/10:03:00:00:00:a0 (SET FEATURES) filtered out
[    0.923434] clocksource: timekeeping watchdog on CPU1: Marking clocksource 'tsc-early' as unstable because the skew is too large:
[    0.923437] clocksource:                       'hpet' wd_now: 105af54 wd_last: 95d3ef mask: ffffffff
[    0.923440] clocksource:                       'tsc-early' cs_now: 5892e842f cs_last: 55c71b6c9 mask: ffffffffffffffff
[    0.923616] clocksource: Switched to clocksource hpet
[    0.929323] ata1.00: configured for UDMA/133
[    1.110315] Console: switching to colour frame buffer device 102x42
[    1.254017] i915 0000:00:02.0: fb0: inteldrmfb frame buffer device
[    1.257459] scsi 0:0:0:0: Direct-Access     ATA      ST1000LM014-1EJ1 SM11 PQ: 0 ANSI: 5
[    1.261449] sd 0:0:0:0: [sda] 1953525168 512-byte logical blocks: (1.00 TB/932 GiB)
[    1.261477] sd 0:0:0:0: Attached scsi generic sg0 type 0
[    1.264297] sd 0:0:0:0: [sda] 4096-byte physical blocks
[    1.269904] sd 0:0:0:0: [sda] Write Protect is off
[    1.272553] sd 0:0:0:0: [sda] Mode Sense: 00 3a 00 00
[    1.272704] sd 0:0:0:0: [sda] Write cache: enabled, read cache: enabled, doesn't support DPO or FUA
[    1.293810]  sda: sda1 sda2 sda3 sda4
[    1.298479] sd 0:0:0:0: [sda] Attached SCSI disk
[    1.436913] yenta_cardbus 0000:15:00.0: ISA IRQ mask 0x0cb8, PCI irq 16
[    1.439904] yenta_cardbus 0000:15:00.0: Socket status: 30000006
[    1.442601] yenta_cardbus 0000:15:00.0: pcmcia: parent PCI bridge window: [io  0x9000-0xcfff]
[    1.445322] yenta_cardbus 0000:15:00.0: pcmcia: parent PCI bridge window: [mem 0xe4300000-0xe7ffffff]
[    1.448039] pcmcia_socket pcmcia_socket0: cs: memory probe 0xe4300000-0xe7ffffff:
[    1.450755]  excluding 0xe4300000-0xe46cffff
[    1.453572] yenta_cardbus 0000:15:00.0: pcmcia: parent PCI bridge window: [mem 0xe0000000-0xe3ffffff 64bit pref]
[    1.456550] pcmcia_socket pcmcia_socket0: cs: memory probe 0xe0000000-0xe3ffffff:
[    1.459621]  excluding 0xe0000000-0xe3ffffff
[    1.463700] ehci_hcd: USB 2.0 'Enhanced' Host Controller (EHCI) Driver
[    1.466858] ehci-pci: EHCI PCI platform driver
[    1.470520] ehci-pci 0000:00:1d.7: EHCI Host Controller
[    1.473948] ehci-pci 0000:00:1d.7: new USB bus registered, assigned bus number 1
[    1.477156] ehci-pci 0000:00:1d.7: debug port 1
[    1.484216] ehci-pci 0000:00:1d.7: cache line size of 64 is not supported
[    1.484275] ehci-pci 0000:00:1d.7: irq 19, io mem 0xee444000
[    1.500118] ehci-pci 0000:00:1d.7: USB 2.0 started, EHCI 1.00
[    1.503814] usb usb1: New USB device found, idVendor=1d6b, idProduct=0002, bcdDevice= 4.16
[    1.506961] usb usb1: New USB device strings: Mfr=3, Product=2, SerialNumber=1
[    1.510050] usb usb1: Product: EHCI Host Controller
[    1.513103] usb usb1: Manufacturer: Linux 4.16.0-next-20180409autobisect1523053365 ehci_hcd
[    1.516175] usb usb1: SerialNumber: 0000:00:1d.7
[    1.519841] hub 1-0:1.0: USB hub found
[    1.522835] hub 1-0:1.0: 8 ports detected
[    1.527692] ohci_hcd: USB 1.1 'Open' Host Controller (OHCI) Driver
[    1.530495] ohci-pci: OHCI PCI platform driver
[    1.533340] uhci_hcd: USB Universal Host Controller Interface driver
[    1.536965] uhci_hcd 0000:00:1d.0: UHCI Host Controller
[    1.540032] uhci_hcd 0000:00:1d.0: new USB bus registered, assigned bus number 2
[    1.542881] uhci_hcd 0000:00:1d.0: detected 2 ports
[    1.545678] uhci_hcd 0000:00:1d.0: irq 16, io base 0x00001820
[    1.548895] usb usb2: New USB device found, idVendor=1d6b, idProduct=0001, bcdDevice= 4.16
[    1.551690] usb usb2: New USB device strings: Mfr=3, Product=2, SerialNumber=1
[    1.554522] usb usb2: Product: UHCI Host Controller
[    1.557312] usb usb2: Manufacturer: Linux 4.16.0-next-20180409autobisect1523053365 uhci_hcd
[    1.560167] usb usb2: SerialNumber: 0000:00:1d.0
[    1.563525] hub 2-0:1.0: USB hub found
[    1.566363] hub 2-0:1.0: 2 ports detected
[    1.570201] uhci_hcd 0000:00:1d.1: UHCI Host Controller
[    1.573164] uhci_hcd 0000:00:1d.1: new USB bus registered, assigned bus number 3
[    1.575903] uhci_hcd 0000:00:1d.1: detected 2 ports
[    1.578649] uhci_hcd 0000:00:1d.1: irq 17, io base 0x00001840
[    1.581748] usb usb3: New USB device found, idVendor=1d6b, idProduct=0001, bcdDevice= 4.16
[    1.584494] usb usb3: New USB device strings: Mfr=3, Product=2, SerialNumber=1
[    1.587105] usb usb3: Product: UHCI Host Controller
[    1.589664] usb usb3: Manufacturer: Linux 4.16.0-next-20180409autobisect1523053365 uhci_hcd
[    1.592259] usb usb3: SerialNumber: 0000:00:1d.1
[    1.595417] hub 3-0:1.0: USB hub found
[    1.598010] hub 3-0:1.0: 2 ports detected
[    1.601725] uhci_hcd 0000:00:1d.2: UHCI Host Controller
[    1.604471] uhci_hcd 0000:00:1d.2: new USB bus registered, assigned bus number 4
[    1.606995] uhci_hcd 0000:00:1d.2: detected 2 ports
[    1.609564] uhci_hcd 0000:00:1d.2: irq 18, io base 0x00001860
[    1.612542] usb usb4: New USB device found, idVendor=1d6b, idProduct=0001, bcdDevice= 4.16
[    1.615107] usb usb4: New USB device strings: Mfr=3, Product=2, SerialNumber=1
[    1.617680] usb usb4: Product: UHCI Host Controller
[    1.620181] usb usb4: Manufacturer: Linux 4.16.0-next-20180409autobisect1523053365 uhci_hcd
[    1.622729] usb usb4: SerialNumber: 0000:00:1d.2
[    1.625869] hub 4-0:1.0: USB hub found
[    1.628463] hub 4-0:1.0: 2 ports detected
[    1.632149] uhci_hcd 0000:00:1d.3: UHCI Host Controller
[    1.634872] uhci_hcd 0000:00:1d.3: new USB bus registered, assigned bus number 5
[    1.637416] uhci_hcd 0000:00:1d.3: detected 2 ports
[    1.639911] uhci_hcd 0000:00:1d.3: irq 19, io base 0x00001880
[    1.642812] usb usb5: New USB device found, idVendor=1d6b, idProduct=0001, bcdDevice= 4.16
[    1.645382] usb usb5: New USB device strings: Mfr=3, Product=2, SerialNumber=1
[    1.647892] usb usb5: Product: UHCI Host Controller
[    1.650441] usb usb5: Manufacturer: Linux 4.16.0-next-20180409autobisect1523053365 uhci_hcd
[    1.653019] usb usb5: SerialNumber: 0000:00:1d.3
[    1.656187] hub 5-0:1.0: USB hub found
[    1.658748] hub 5-0:1.0: 2 ports detected
[    1.662146] usbcore: registered new interface driver cdc_acm
[    1.664539] cdc_acm: USB Abstract Control Model driver for USB modems and ISDN adapters
[    1.667063] usbcore: registered new interface driver usblp
[    1.669649] usbcore: registered new interface driver usb-storage
[    1.672172] usbcore: registered new interface driver ums-sddr09
[    1.674729] usbcore: registered new interface driver usbserial_generic
[    1.677192] usbserial: USB Serial support registered for generic
[    1.679657] usbcore: registered new interface driver ch341
[    1.682071] usbserial: USB Serial support registered for ch341-uart
[    1.684525] usbcore: registered new interface driver ftdi_sio
[    1.686923] usbserial: USB Serial support registered for FTDI USB Serial Device
[    1.689441] usbcore: registered new interface driver option
[    1.691841] usbserial: USB Serial support registered for GSM modem (1-port)
[    1.694415] usbcore: registered new interface driver pl2303
[    1.696919] usbserial: USB Serial support registered for pl2303
[    1.699455] usbcore: registered new interface driver ti_usb_3410_5052
[    1.701988] usbserial: USB Serial support registered for TI USB 3410 1 port adapter
[    1.704594] usbserial: USB Serial support registered for TI USB 5052 2 port adapter
[    1.707110] ftdi_elan: driver ftdi-elan
[    1.709599] usbcore: registered new interface driver ftdi-elan
[    1.712265] i8042: PNP: PS/2 Controller [PNP0303:KBD,PNP0f13:MOU] at 0x60,0x64 irq 1,12
[    1.725729] serio: i8042 KBD port at 0x60,0x64 irq 1
[    1.728285] serio: i8042 AUX port at 0x60,0x64 irq 12
[    1.731481] mousedev: PS/2 mouse device common for all mice
[    1.735084] input: PC Speaker as /devices/platform/pcspkr/input/input4
[    1.738240] rtc_cmos 00:02: RTC can wake from S4
[    1.741233] rtc_cmos 00:02: registered as rtc0
[    1.743848] rtc_cmos 00:02: alarms up to one month, y3k, 114 bytes nvram, hpet irqs
[    1.746608] usbcore: registered new interface driver uvcvideo
[    1.749156] USB Video Class driver (1.1.1)
[    1.751620] gspca_main: v2.14.0 registered
[    1.754128] usbcore: registered new interface driver sq930x
[    1.757737] device-mapper: ioctl: 4.39.0-ioctl (2018-04-03) initialised: dm-devel@redhat.com
[    1.760305] Bluetooth: HCI UART driver ver 2.3
[    1.762774] Bluetooth: HCI UART protocol H4 registered
[    1.765265] Bluetooth: HCI UART protocol BCSP registered
[    1.767849] usbcore: registered new interface driver btusb
[    1.770457] sdhci: Secure Digital Host Controller Interface driver
[    1.772925] sdhci: Copyright(c) Pierre Ossman
[    1.775371] sdhci-pci 0000:15:00.2: SDHCI controller found [1180:0822] (rev 18)
[    1.778237] sdhci-pci 0000:15:00.2: Will use DMA mode even though HW doesn't fully claim to support it.
[    1.781386] mmc0 bounce up to 128 segments into one, max segment size 65536 bytes
[    1.784123] sdhci-pci 0000:15:00.2: Will use DMA mode even though HW doesn't fully claim to support it.
[    1.787413] mmc0: SDHCI controller on PCI [0000:15:00.2] using DMA
[    1.790452] input: AT Translated Set 2 keyboard as /devices/platform/i8042/serio0/input/input5
[    1.790652] hidraw: raw HID events driver (C) Jiri Kosina
[    1.797602] usbcore: registered new interface driver usbhid
[    1.800436] usbhid: USB HID core driver
[    1.803967] thinkpad_acpi: ThinkPad ACPI Extras v0.26
[    1.806759] thinkpad_acpi: http://ibm-acpi.sf.net/
[    1.809455] thinkpad_acpi: ThinkPad BIOS 7BETD8WW (2.19 ), EC 7BHT40WW-1.13
[    1.812193] thinkpad_acpi: Lenovo ThinkPad X60, model 17097HU
[    1.820590] thinkpad_acpi: ACPI backlight control delay disabled
[    1.823656] thinkpad_acpi: radio switch found; radios are enabled
[    1.826441] thinkpad_acpi: This ThinkPad has standard ACPI backlight brightness control, supported by the ACPI video driver
[    1.832030] thinkpad_acpi: Disabling thinkpad-acpi brightness events by default...
[    1.846904] thinkpad_acpi: rfkill switch tpacpi_bluetooth_sw: radio is unblocked
[    1.852287] thinkpad_acpi: warning: userspace override of important firmware LEDs is enabled
[    1.860700] thinkpad_acpi: Standard ACPI backlight interface available, not loading native one
[    1.863851] thinkpad_acpi: volume: disabled as there is no ALSA support in this kernel
[    1.867533] thinkpad_acpi: battery 1 registered (start 0, stop 0)
[    1.867552] battery: new extension: ThinkPad Battery Extension
[    1.873713] input: ThinkPad Extra Buttons as /devices/platform/thinkpad_acpi/input/input7
[    1.877893] sdhci-pci 0000:15:00.2: Will use DMA mode even though HW doesn't fully claim to support it.
[    1.880114] snd_hda_intel 0000:00:1b.0: probe_mask set to 0x1 for device 17aa:2010
[    1.884806] usbcore: registered new interface driver snd-usb-audio
[    1.890618] NET: Registered protocol family 17
[    1.894213] Bluetooth: RFCOMM TTY layer initialized
[    1.897271] Bluetooth: RFCOMM socket layer initialized
[    1.900271] Bluetooth: RFCOMM ver 1.11
[    1.903220] Bluetooth: BNEP (Ethernet Emulation) ver 1.3
[    1.906232] Bluetooth: BNEP filters: protocol multicast
[    1.909228] Bluetooth: BNEP socket layer initialized
[    1.912168] Bluetooth: HIDP (Human Interface Emulation) ver 1.2
[    1.915105] Bluetooth: HIDP socket layer initialized
[    1.918355] microcode: sig=0x6e8, pf=0x20, revision=0x39
[    1.921914] microcode: Microcode Update Driver: v2.2.
[    1.921923] Using IPI No-Shortcut mode
[    1.928430] Loading compiled-in X.509 certificates
[    1.932081] Key type encrypted registered
[    1.935790] rtc_cmos 00:02: setting system clock to 2018-04-10 21:16:29 UTC (1523394989)
[    1.942017] cfg80211: Loading compiled-in X.509 certificates for regulatory database
[    1.944482] snd_hda_codec_analog hdaudioC0D0: autoconfig for AD1981: line_outs=1 (0x5/0x0/0x0/0x0/0x0) type:speaker
[    1.950389] snd_hda_codec_analog hdaudioC0D0:    speaker_outs=0 (0x0/0x0/0x0/0x0/0x0)
[    1.952718] cfg80211: Loaded X.509 cert 'sforshee: 00b28ddf47aef9cea7'
[    1.953356] snd_hda_codec_analog hdaudioC0D0:    hp_outs=0 (0x0/0x0/0x0/0x0/0x0)
[    1.956916] platform regulatory.0: Direct firmware load for regulatory.db failed with error -2
[    1.960120] snd_hda_codec_analog hdaudioC0D0:    mono: mono_out=0x0
[    1.964196] cfg80211: failed to load regulatory.db
[    1.968238] snd_hda_codec_analog hdaudioC0D0:    inputs:
[    1.972442] PM: Image not found (code -22)
[    1.976064] snd_hda_codec_analog hdaudioC0D0:      Mic=0x8
[    1.976083] ALSA device list:
[    1.979837] snd_hda_codec_analog hdaudioC0D0:      CD=0x19
[    1.983495]   No soundcards found.
[    1.999182] sdhci-pci 0000:15:00.2: Will use DMA mode even though HW doesn't fully claim to support it.
[    2.069846] sdhci-pci 0000:15:00.2: Will use DMA mode even though HW doesn't fully claim to support it.
[    2.148526] sdhci-pci 0000:15:00.2: Will use DMA mode even though HW doesn't fully claim to support it.
[    2.156117] usb 5-1: new full-speed USB device number 2 using uhci_hcd
[    2.349798] usb 5-1: New USB device found, idVendor=0a5c, idProduct=2110, bcdDevice= 1.00
[    2.353423] usb 5-1: New USB device strings: Mfr=1, Product=2, SerialNumber=0
[    2.356909] usb 5-1: Product: BCM2045B
[    2.360286] usb 5-1: Manufacturer: Broadcom Corp
[    2.480781] psmouse serio1: trackpoint: IBM TrackPoint firmware: 0x0e, buttons: 3/3
[    2.504496] input: TPPS/2 IBM TrackPoint as /devices/platform/i8042/serio1/input/input8
[    2.514244] md: Waiting for all devices to be available before autodetect
[    2.517843] md: If you don't use raid, use raid=noautodetect
[    2.522392] md: Autodetecting RAID arrays.
[    2.526025] md: autorun ...
[    2.529624] md: ... autorun DONE.
[    2.556633] EXT4-fs (sda4): mounted filesystem with ordered data mode. Opts: (null)
[    2.561638] VFS: Mounted root (ext4 filesystem) readonly on device 8:4.
[    2.567174] devtmpfs: mounted
[    2.570536] Freeing unused kernel memory: 592K
[    2.573565] Write protecting the kernel text: 12048k
[    2.576433] Write protecting the kernel read-only data: 4756k
[    2.579180] NX-protecting the kernel data: 6384k
[    2.582360] x86/mm: Checked W+X mappings: passed, no W+X pages found.
[    2.585107] rodata_test: all tests were successful
[    3.156090] usb 5-2: new full-speed USB device number 3 using uhci_hcd
[    3.198481] systemd[1]: systemd 215 running in system mode. (+PAM +AUDIT +SELINUX +IMA +SYSVINIT +LIBCRYPTSETUP +GCRYPT +ACL +XZ -SECCOMP -APPARMOR)
[    3.228302] systemd[1]: Detected architecture 'x86'.
[    3.354799] usb 5-2: New USB device found, idVendor=0483, idProduct=2016, bcdDevice= 0.01
[    3.358462] usb 5-2: New USB device strings: Mfr=1, Product=2, SerialNumber=0
[    3.361996] usb 5-2: Product: Biometric Coprocessor
[    3.365470] usb 5-2: Manufacturer: STMicroelectronics
[    3.671938] systemd[1]: Failed to insert module 'ipv6'
[    3.738528] systemd[1]: Set hostname to <amd>.
[    5.939726] systemd[1]: Binding to IPv6 address not available since kernel does not support IPv6.
[    5.944601] systemd[1]: [/lib/systemd/system/gpsd.socket:6] Failed to parse address value, ignoring: [::1]:2947
[    5.967084] systemd[1]: Starting Forward Password Requests to Wall Directory Watch.
[    5.971579] systemd[1]: Started Forward Password Requests to Wall Directory Watch.
[    5.975322] systemd[1]: Starting Remote File Systems (Pre).
[    5.984958] systemd[1]: Reached target Remote File Systems (Pre).
[    6.429097] random: crng init done
[    7.001339] systemd-udevd[2308]: starting version 215
[    8.485065] EXT4-fs (sda4): re-mounted. Opts: errors=remount-ro
[    8.951486] e1000e 0000:02:00.0 eth1: renamed from eth0
[    8.964581] systemd-udevd[2363]: renamed network interface eth0 to eth1
[   11.115589] Adding 2097148k swap on /dev/sda1.  Priority:-2 extents:1 across:2097148k 
[   11.257849] EXT4-fs (sda2): mounted filesystem with ordered data mode. Opts: errors=remount-ro
[   11.379148] systemd-journald[1582]: Received request to flush runtime journal from PID 1
[   18.371975] NFSD: Using /var/lib/nfs/v4recovery as the NFSv4 state recovery directory
[   18.388512] NFSD: starting 90-second grace period (net f0000098)
[   20.967468] iwl3945 0000:03:00.0: loaded firmware version 15.32.2.9
[   25.768573] wlan0: authenticate with 00:00:00:00:00:01
[   25.770747] wlan0: send auth to 00:00:00:00:00:01 (try 1/3)
[   25.772625] wlan0: authenticated
[   25.776229] wlan0: associate with 00:00:00:00:00:01 (try 1/3)
[   25.779166] wlan0: RX AssocResp from 00:00:00:00:00:01 (capab=0x401 status=0 aid=1)
[   25.780260] wlan0: AP has invalid WMM params (CWmin/max=15/1023 for ACI 0), using defaults
[   25.785386] wlan0: associated
