[    0.000000] Linux version 5.1.0-rc5-next-20190416+ (pavel@amd) (gcc version 4.9.2 (Debian 4.9.2-10+deb8u2)) #236 SMP Tue Apr 16 22:54:58 CEST 2019
[    0.000000] Disabled fast string operations
[    0.000000] x86/fpu: x87 FPU will use FXSAVE
[    0.000000] BIOS-provided physical RAM map:
[    0.000000] BIOS-e820: [mem 0x0000000000000000-0x000000000009efff] usable
[    0.000000] BIOS-e820: [mem 0x000000000009f000-0x000000000009ffff] reserved
[    0.000000] BIOS-e820: [mem 0x00000000000dc000-0x00000000000fffff] reserved
[    0.000000] BIOS-e820: [mem 0x0000000000100000-0x00000000bf6cffff] usable
[    0.000000] BIOS-e820: [mem 0x00000000bf6d0000-0x00000000bf6defff] ACPI data
[    0.000000] BIOS-e820: [mem 0x00000000bf6df000-0x00000000bf6fffff] ACPI NVS
[    0.000000] BIOS-e820: [mem 0x00000000bf700000-0x00000000bfffffff] reserved
[    0.000000] BIOS-e820: [mem 0x00000000f0000000-0x00000000f3ffffff] reserved
[    0.000000] BIOS-e820: [mem 0x00000000fec00000-0x00000000fec0ffff] reserved
[    0.000000] BIOS-e820: [mem 0x00000000fed00000-0x00000000fed003ff] reserved
[    0.000000] BIOS-e820: [mem 0x00000000fed14000-0x00000000fed19fff] reserved
[    0.000000] BIOS-e820: [mem 0x00000000fed1c000-0x00000000fed8ffff] reserved
[    0.000000] BIOS-e820: [mem 0x00000000fee00000-0x00000000fee00fff] reserved
[    0.000000] BIOS-e820: [mem 0x00000000ff800000-0x00000000ffffffff] reserved
[    0.000000] NX (Execute Disable) protection: active
[    0.000000] SMBIOS 2.4 present.
[    0.000000] DMI: LENOVO 17097HU/17097HU, BIOS 7BETD8WW (2.19 ) 03/31/2011
[    0.000000] tsc: Fast TSC calibration using PIT
[    0.000000] tsc: Detected 1828.769 MHz processor
[    0.013367] e820: update [mem 0x00000000-0x00000fff] usable ==> reserved
[    0.013372] e820: remove [mem 0x000a0000-0x000fffff] usable
[    0.013384] last_pfn = 0xbf6d0 max_arch_pfn = 0x1000000
[    0.013397] MTRR default type: uncachable
[    0.013400] MTRR fixed ranges enabled:
[    0.013403]   00000-9FFFF write-back
[    0.013406]   A0000-BFFFF uncachable
[    0.013409]   C0000-CFFFF write-protect
[    0.013411]   D0000-DBFFF uncachable
[    0.013414]   DC000-DFFFF write-back
[    0.013417]   E0000-FFFFF write-protect
[    0.013420] MTRR variable ranges enabled:
[    0.013423]   0 base 000000000 mask F80000000 write-back
[    0.013426]   1 base 080000000 mask FC0000000 write-back
[    0.013429]   2 base 0BF700000 mask FFFF00000 uncachable
[    0.013432]   3 base 0BF800000 mask FFF800000 uncachable
[    0.013435]   4 disabled
[    0.013437]   5 disabled
[    0.013439]   6 disabled
[    0.013442]   7 disabled
[    0.014472] x86/PAT: PAT not supported by CPU.
[    0.015701] x86/PAT: Configuration [0-7]: WB  WT  UC- UC  WB  WT  UC- UC  
[    0.015722] initial memory mapped: [mem 0x00000000-0x05dfffff]
[    0.015804] BRK [0x058a2000, 0x058a2fff] PGTABLE
[    0.015823] BRK [0x058a3000, 0x058a3fff] PGTABLE
[    0.015834] ACPI: Early table checksum verification disabled
[    0.015843] ACPI: RSDP 0x00000000000F67C0 000024 (v02 LENOVO)
[    0.015852] ACPI: XSDT 0x00000000BF6D191C 000084 (v01 LENOVO TP-7B    00002190  LTP 00000000)
[    0.015865] ACPI: FACP 0x00000000BF6D1A00 0000F4 (v03 LENOVO TP-7B    00002190 LNVO 00000001)
[    0.015876] ACPI BIOS Warning (bug): 32/64X length mismatch in FADT/Gpe0Block: 64/32 (20190405/tbfadt-569)
[    0.015883] ACPI BIOS Warning (bug): Optional FADT field Gpe1Block has valid Address but zero Length: 0x000000000000102C/0x0 (20190405/tbfadt-624)
[    0.015893] ACPI: DSDT 0x00000000BF6D1D90 00CFB9 (v01 LENOVO TP-7B    00002190 MSFT 0100000E)
[    0.015902] ACPI: FACS 0x00000000BF6F4000 000040
[    0.015909] ACPI: FACS 0x00000000BF6F4000 000040
[    0.015916] ACPI: SSDT 0x00000000BF6D1BB4 0001DC (v01 LENOVO TP-7B    00002190 MSFT 0100000E)
[    0.015925] ACPI: ECDT 0x00000000BF6DED49 000052 (v01 LENOVO TP-7B    00002190 LNVO 00000001)
[    0.015934] ACPI: TCPA 0x00000000BF6DED9B 000032 (v02 LENOVO TP-7B    00002190 LNVO 00000001)
[    0.015942] ACPI: APIC 0x00000000BF6DEDCD 000068 (v01 LENOVO TP-7B    00002190 LNVO 00000001)
[    0.015951] ACPI: MCFG 0x00000000BF6DEE35 00003C (v01 LENOVO TP-7B    00002190 LNVO 00000001)
[    0.015959] ACPI: HPET 0x00000000BF6DEE71 000038 (v01 LENOVO TP-7B    00002190 LNVO 00000001)
[    0.015968] ACPI: BOOT 0x00000000BF6DEFD8 000028 (v01 LENOVO TP-7B    00002190  LTP 00000001)
[    0.015977] ACPI: SSDT 0x00000000BF6F2645 00025F (v01 LENOVO TP-7B    00002190 INTL 20050513)
[    0.015985] ACPI: SSDT 0x00000000BF6F28A4 0000A6 (v01 LENOVO TP-7B    00002190 INTL 20050513)
[    0.015994] ACPI: SSDT 0x00000000BF6F294A 0004F7 (v01 LENOVO TP-7B    00002190 INTL 20050513)
[    0.016002] ACPI: SSDT 0x00000000BF6F2E41 0001D8 (v01 LENOVO TP-7B    00002190 INTL 20050513)
[    0.016022] ACPI: Local APIC address 0xfee00000
[    0.016028] 2176MB HIGHMEM available.
[    0.016033] 885MB LOWMEM available.
[    0.016037]   mapped low ram: 0 - 375fe000
[    0.016041]   low ram: 0 - 375fe000
[    0.016052] BRK [0x058a4000, 0x058a4fff] PGTABLE
[    0.016057] Zone ranges:
[    0.016061]   DMA      [mem 0x0000000000001000-0x0000000000ffffff]
[    0.016066]   Normal   [mem 0x0000000001000000-0x00000000375fdfff]
[    0.016070]   HighMem  [mem 0x00000000375fe000-0x00000000bf6cffff]
[    0.016075] Movable zone start for each node
[    0.016079] Early memory node ranges
[    0.016083]   node   0: [mem 0x0000000000001000-0x000000000009efff]
[    0.016087]   node   0: [mem 0x0000000000100000-0x00000000bf6cffff]
[    0.016092] Initmem setup node 0 [mem 0x0000000000001000-0x00000000bf6cffff]
[    0.016097] On node 0 totalpages: 783982
[    0.027467]   DMA zone: 32 pages used for memmap
[    0.027470]   DMA zone: 0 pages reserved
[    0.027473]   DMA zone: 3998 pages, LIFO batch:0
[    0.027583]   Normal zone: 1740 pages used for memmap
[    0.027586]   Normal zone: 222718 pages, LIFO batch:63
[    0.033246]   HighMem zone: 557266 pages, LIFO batch:63
[    0.047456] Using APIC driver default
[    0.047472] Reserving Intel graphics memory at [mem 0xbf800000-0xbfffffff]
[    0.047952] ACPI: PM-Timer IO Port: 0x1008
[    0.047958] ACPI: Local APIC address 0xfee00000
[    0.047970] ACPI: LAPIC_NMI (acpi_id[0x00] high edge lint[0x1])
[    0.047974] ACPI: LAPIC_NMI (acpi_id[0x01] high edge lint[0x1])
[    0.048006] IOAPIC[0]: apic_id 1, version 32, address 0xfec00000, GSI 0-23
[    0.048013] ACPI: INT_SRC_OVR (bus 0 bus_irq 0 global_irq 2 dfl dfl)
[    0.048020] ACPI: INT_SRC_OVR (bus 0 bus_irq 9 global_irq 9 high level)
[    0.048025] ACPI: IRQ0 used by override.
[    0.048029] ACPI: IRQ9 used by override.
[    0.048036] Using ACPI (MADT) for SMP configuration information
[    0.048041] ACPI: HPET id: 0x8086a201 base: 0xfed00000
[    0.048053] smpboot: Allowing 2 CPUs, 0 hotplug CPUs
[    0.048096] PM: Registered nosave memory: [mem 0x00000000-0x00000fff]
[    0.048102] PM: Registered nosave memory: [mem 0x0009f000-0x0009ffff]
[    0.048105] PM: Registered nosave memory: [mem 0x000a0000-0x000dbfff]
[    0.048109] PM: Registered nosave memory: [mem 0x000dc000-0x000fffff]
[    0.048118] [mem 0xc0000000-0xefffffff] available for PCI devices
[    0.048126] clocksource: refined-jiffies: mask: 0xffffffff max_cycles: 0xffffffff, max_idle_ns: 7645519600211568 ns
[    0.048152] random: get_random_bytes called from start_kernel+0x74/0x375 with crng_init=0
[    0.048166] setup_percpu: NR_CPUS:8 nr_cpumask_bits:8 nr_cpu_ids:2 nr_node_ids:1
[    0.048428] percpu: Embedded 37 pages/cpu s119272 r0 d32280 u151552
[    0.048443] pcpu-alloc: s119272 r0 d32280 u151552 alloc=37*4096
[    0.048447] pcpu-alloc: [0] 0 [0] 1 
[    0.048479] Built 1 zonelists, mobility grouping on.  Total pages: 782210
[    0.048492] Kernel command line: BOOT_IMAGE=(hd0,2)/fast/l/linux-next-32/arch/x86/boot/bzImage root=/dev/sda4 resume=/dev/sda1
[    0.048907] Dentry cache hash table entries: 131072 (order: 7, 524288 bytes)
[    0.049024] Inode-cache hash table entries: 65536 (order: 6, 262144 bytes)
[    0.049049] Initializing CPU#0
[    0.081291] Initializing HighMem for node 0 (000375fe:000bf6d0)
[    0.439263] Initializing Movable for node 0 (00000000:00000000)
[    0.513418] Memory: 3019100K/3135928K available (12447K kernel code, 697K rwdata, 4780K rodata, 644K init, 6248K bss, 116828K reserved, 0K cma-reserved, 2229064K highmem)
[    0.513431] virtual kernel memory layout:
    fixmap  : 0xffe70000 - 0xfffff000   (1596 kB)
  cpu_entry : 0xffa00000 - 0xffb31000   (1220 kB)
    pkmap   : 0xff600000 - 0xff800000   (2048 kB)
    vmalloc : 0xf7dfe000 - 0xff5fe000   ( 120 MB)
    lowmem  : 0xc0000000 - 0xf75fe000   ( 885 MB)
      .init : 0xc51ac000 - 0xc524d000   ( 644 kB)
      .data : 0xc4c27ff0 - 0xc518a700   (5513 kB)
      .text : 0xc4000000 - 0xc4c27ff0   (12447 kB)
[    0.513436] Checking if this processor honours the WP bit even in supervisor mode...Ok.
[    0.514849] Kernel/User page tables isolation: enabled
[    0.515147] rcu: Hierarchical RCU implementation.
[    0.515151] rcu: 	RCU restricting CPUs from NR_CPUS=8 to nr_cpu_ids=2.
[    0.515157] rcu: RCU calculated value of scheduler-enlistment delay is 25 jiffies.
[    0.515161] rcu: Adjusting geometry for rcu_fanout_leaf=16, nr_cpu_ids=2
[    0.515208] NR_IRQS: 2304, nr_irqs: 56, preallocated irqs: 16
[    0.515502] CPU 0 irqstacks, hard=(ptrval) soft=(ptrval)
[    0.518162] Console: colour VGA+ 80x25
[    0.526232] printk: console [tty0] enabled
[    0.526305] Lock dependency validator: Copyright (c) 2006 Red Hat, Inc., Ingo Molnar
[    0.526393] ... MAX_LOCKDEP_SUBCLASSES:  8
[    0.526464] ... MAX_LOCK_DEPTH:          48
[    0.526535] ... MAX_LOCKDEP_KEYS:        8191
[    0.526608] ... CLASSHASH_SIZE:          4096
[    0.526680] ... MAX_LOCKDEP_ENTRIES:     32768
[    0.526753] ... MAX_LOCKDEP_CHAINS:      65536
[    0.526827] ... CHAINHASH_SIZE:          32768
[    0.526899]  memory used by lock dependency info: 3043 kB
[    0.526977]  per task-struct memory footprint: 1344 bytes
[    0.527066] ACPI: Core revision 20190405
[    0.527622] clocksource: hpet: mask: 0xffffffff max_cycles: 0xffffffff, max_idle_ns: 133484882848 ns
[    0.527752] hpet clockevent registered
[    0.527766] APIC: Switch to symmetric I/O mode setup
[    0.527843] Enabling APIC mode:  Flat.  Using 1 I/O APICs
[    0.528483] ..TIMER: vector=0x30 apic1=0 pin1=2 apic2=-1 pin2=-1
[    0.547761] clocksource: tsc-early: mask: 0xffffffffffffffff max_cycles: 0x1a5c528c6cc, max_idle_ns: 440795240062 ns
[    0.547884] Calibrating delay loop (skipped), value calculated using timer frequency.. 3657.53 BogoMIPS (lpj=7315076)
[    0.548003] pid_max: default: 32768 minimum: 301
[    0.548339] Mount-cache hash table entries: 2048 (order: 1, 8192 bytes)
[    0.548431] Mountpoint-cache hash table entries: 2048 (order: 1, 8192 bytes)
[    0.549116] *** VALIDATE proc ***
[    0.549288] *** VALIDATE cgroup1 ***
[    0.549362] *** VALIDATE cgroup2 ***
[    0.549446] Disabled fast string operations
[    0.549533] process: using mwait in idle threads
[    0.549616] Last level iTLB entries: 4KB 128, 2MB 0, 4MB 2
[    0.549695] Last level dTLB entries: 4KB 128, 2MB 0, 4MB 8, 1GB 0
[    0.549780] Spectre V2 : Mitigation: Full generic retpoline
[    0.549860] Spectre V2 : Spectre v2 / SpectreRSB mitigation: Filling RSB on context switch
[    0.549958] L1TF: System has more than MAX_PA/2 memory. L1TF mitigation not effective.
[    0.550049] L1TF: You may make it effective by booting the kernel with mem=2147483648 parameter.
[    0.550156] L1TF: However, doing so will make a part of your RAM unusable.
[    0.550242] L1TF: Reading https://www.kernel.org/doc/html/latest/admin-guide/l1tf.html might help you decide.
[    0.550567] Freeing SMP alternatives memory: 44K
[    0.555882] smpboot: CPU0: Genuine Intel(R) CPU           T2400  @ 1.83GHz (family: 0x6, model: 0xe, stepping: 0x8)
[    0.555882] Performance Events: Core events, core PMU driver.
[    0.555882] ... version:                1
[    0.555882] ... bit width:              40
[    0.555882] ... generic registers:      2
[    0.555882] ... value mask:             000000ffffffffff
[    0.555882] ... max period:             000000007fffffff
[    0.555882] ... fixed-purpose events:   0
[    0.555882] ... event mask:             0000000000000003
[    0.555882] rcu: Hierarchical SRCU implementation.
[    0.555882] NMI watchdog: Enabled. Permanently consumes one hw-PMU counter.
[    0.555924] smp: Bringing up secondary CPUs ...
[    0.556930] CPU 1 irqstacks, hard=(ptrval) soft=(ptrval)
[    0.556933] x86: Booting SMP configuration:
[    0.557015] .... node  #0, CPUs:      #1
[    0.016344] Initializing CPU#1
[    0.016344] Disabled fast string operations
[    0.559467] TSC synchronization [CPU#0 -> CPU#1]:
[    0.559775] Measured 580162 cycles TSC warp between CPUs, turning off TSC clock.
[    0.559875] tsc: Marking TSC unstable due to check_tsc_sync_source failed
[    0.560077] smp: Brought up 1 node, 2 CPUs
[    0.560077] smpboot: Max logical packages: 1
[    0.560077] smpboot: Total of 2 processors activated (7315.07 BogoMIPS)
[    0.561767] devtmpfs: initialized
[    0.561767] PM: Registering ACPI NVS region [mem 0xbf6df000-0xbf6fffff] (135168 bytes)
[    0.563958] clocksource: jiffies: mask: 0xffffffff max_cycles: 0xffffffff, max_idle_ns: 7645041785100000 ns
[    0.564078] futex hash table entries: 512 (order: 3, 32768 bytes)
[    0.564850] NET: Registered protocol family 16
[    0.566504] cpuidle: using governor ladder
[    0.566679] cpuidle: using governor menu
[    0.567677] Simple Boot Flag at 0x35 set to 0x1
[    0.567791] ACPI FADT declares the system doesn't support PCIe ASPM, so disable it
[    0.567952] ACPI: bus type PCI registered
[    0.568197] PCI: MMCONFIG for domain 0000 [bus 00-3f] at [mem 0xf0000000-0xf3ffffff] (base 0xf0000000)
[    0.568313] PCI: MMCONFIG at [mem 0xf0000000-0xf3ffffff] reserved in E820
[    0.568399] PCI: Using MMCONFIG for extended config space
[    0.568479] PCI: Using configuration type 1 for base access
[    0.568940] mtrr: your CPUs had inconsistent variable MTRR settings
[    0.569025] mtrr: probably your BIOS does not setup all CPUs.
[    0.569106] mtrr: corrected configuration.
[    0.633255] ACPI: Added _OSI(Module Device)
[    0.633255] ACPI: Added _OSI(Processor Device)
[    0.633255] ACPI: Added _OSI(3.0 _SCP Extensions)
[    0.633255] ACPI: Added _OSI(Processor Aggregator Device)
[    0.633255] ACPI: Added _OSI(Linux-Dell-Video)
[    0.633255] ACPI: Added _OSI(Linux-Lenovo-NV-HDMI-Audio)
[    0.633255] ACPI: Added _OSI(Linux-HPI-Hybrid-Graphics)
[    0.701089] ACPI: 6 ACPI AML tables successfully acquired and loaded
[    0.705456] ACPI: EC: EC started
[    0.705528] ACPI: EC: interrupt blocked
[    0.710803] ACPI: \: Used as first EC
[    0.710879] ACPI: \: GPE=0x1c, EC_CMD/EC_SC=0x66, EC_DATA=0x62
[    0.710961] ACPI: EC: Boot ECDT EC used to handle transactions
[    0.732829] ACPI: Dynamic OEM Table Load:
[    0.732920] ACPI: SSDT 0x00000000F197A800 000240 (v01 PmRef  Cpu0Ist  00000100 INTL 20050513)
[    0.734635] ACPI: Dynamic OEM Table Load:
[    0.734724] ACPI: SSDT 0x00000000F1A48000 00065A (v01 PmRef  Cpu0Cst  00000100 INTL 20050513)
[    0.737500] ACPI: Dynamic OEM Table Load:
[    0.737500] ACPI: SSDT 0x00000000F1824100 0000C8 (v01 PmRef  Cpu1Ist  00000100 INTL 20050513)
[    0.740144] ACPI: Dynamic OEM Table Load:
[    0.740233] ACPI: SSDT 0x00000000F1866C00 000085 (v01 PmRef  Cpu1Cst  00000100 INTL 20050513)
[    0.740897] ACPI: Interpreter enabled
[    0.741059] ACPI: (supports S0 S3 S4 S5)
[    0.741140] ACPI: Using IOAPIC for interrupt routing
[    0.741346] PCI: Using host bridge windows from ACPI; if necessary, use "pci=nocrs" and report a bug
[    0.742469] ACPI: Enabled 4 GPEs in block 00 to 1F
[    0.766546] ACPI: Power Resource [PUBS] (on)
[    0.767691] acpi PNP0C0A:01: ACPI dock station (docks/bays count: 1)
[    0.775507] acpi LNXIOBAY:00: ACPI dock station (docks/bays count: 2)
[    0.790387] acpi IBM0079:00: ACPI dock station (docks/bays count: 3)
[    0.792839] ACPI: PCI Interrupt Link [LNKA] (IRQs 3 4 5 6 7 9 10 *11)
[    0.793702] ACPI: PCI Interrupt Link [LNKB] (IRQs 3 4 5 6 7 9 10 *11)
[    0.794562] ACPI: PCI Interrupt Link [LNKC] (IRQs 3 4 5 6 7 9 10 *11)
[    0.795422] ACPI: PCI Interrupt Link [LNKD] (IRQs 3 4 5 6 7 9 10 *11)
[    0.796290] ACPI: PCI Interrupt Link [LNKE] (IRQs 3 4 5 6 7 9 10 *11)
[    0.797149] ACPI: PCI Interrupt Link [LNKF] (IRQs 3 4 5 6 7 9 10 *11)
[    0.798009] ACPI: PCI Interrupt Link [LNKG] (IRQs 3 4 5 6 7 9 10 *11)
[    0.798869] ACPI: PCI Interrupt Link [LNKH] (IRQs 3 4 5 6 7 9 10 *11)
[    0.799400] ACPI: PCI Root Bridge [PCI0] (domain 0000 [bus 00-ff])
[    0.799497] acpi PNP0A08:00: _OSC: OS supports [ExtendedConfig ASPM ClockPM Segments]
[    0.800547] acpi PNP0A08:00: _OSC: not requesting OS control; OS requires [ExtendedConfig ASPM ClockPM MSI]
[    0.800680] acpi PNP0A08:00: [Firmware Info]: MMCONFIG for domain 0000 [bus 00-3f] only partially covers this bridge
[    0.801044] PCI host bridge to bus 0000:00
[    0.801124] pci_bus 0000:00: root bus resource [io  0x0000-0x0cf7 window]
[    0.801216] pci_bus 0000:00: root bus resource [io  0x0d00-0xffff window]
[    0.801308] pci_bus 0000:00: root bus resource [mem 0x000a0000-0x000bffff window]
[    0.801402] pci_bus 0000:00: root bus resource [mem 0x000d0000-0x000d3fff window]
[    0.801497] pci_bus 0000:00: root bus resource [mem 0x000d4000-0x000d7fff window]
[    0.801592] pci_bus 0000:00: root bus resource [mem 0x000d8000-0x000dbfff window]
[    0.801687] pci_bus 0000:00: root bus resource [mem 0xc0000000-0xfebfffff window]
[    0.801782] pci_bus 0000:00: root bus resource [mem 0xfed40000-0xfed40fff window]
[    0.801878] pci_bus 0000:00: root bus resource [bus 00-ff]
[    0.801994] pci 0000:00:00.0: [8086:27a0] type 00 class 0x060000
[    0.802459] pci 0000:00:02.0: [8086:27a2] type 00 class 0x030000
[    0.802481] pci 0000:00:02.0: reg 0x10: [mem 0xee100000-0xee17ffff]
[    0.802491] pci 0000:00:02.0: reg 0x14: [io  0x1800-0x1807]
[    0.802502] pci 0000:00:02.0: reg 0x18: [mem 0xd0000000-0xdfffffff pref]
[    0.802513] pci 0000:00:02.0: reg 0x1c: [mem 0xee200000-0xee23ffff]
[    0.802982] pci 0000:00:02.1: [8086:27a6] type 00 class 0x038000
[    0.803001] pci 0000:00:02.1: reg 0x10: [mem 0xee180000-0xee1fffff]
[    0.803491] pci 0000:00:1b.0: [8086:27d8] type 00 class 0x040300
[    0.803535] pci 0000:00:1b.0: reg 0x10: [mem 0xee240000-0xee243fff 64bit]
[    0.803700] pci 0000:00:1b.0: PME# supported from D0 D3hot D3cold
[    0.804170] pci 0000:00:1c.0: [8086:27d0] type 01 class 0x060400
[    0.804364] pci 0000:00:1c.0: PME# supported from D0 D3hot D3cold
[    0.804817] pci 0000:00:1c.1: [8086:27d2] type 01 class 0x060400
[    0.805012] pci 0000:00:1c.1: PME# supported from D0 D3hot D3cold
[    0.805458] pci 0000:00:1c.2: [8086:27d4] type 01 class 0x060400
[    0.805651] pci 0000:00:1c.2: PME# supported from D0 D3hot D3cold
[    0.806099] pci 0000:00:1c.3: [8086:27d6] type 01 class 0x060400
[    0.806292] pci 0000:00:1c.3: PME# supported from D0 D3hot D3cold
[    0.806744] pci 0000:00:1d.0: [8086:27c8] type 00 class 0x0c0300
[    0.806822] pci 0000:00:1d.0: reg 0x20: [io  0x1820-0x183f]
[    0.807269] pci 0000:00:1d.1: [8086:27c9] type 00 class 0x0c0300
[    0.807346] pci 0000:00:1d.1: reg 0x20: [io  0x1840-0x185f]
[    0.807799] pci 0000:00:1d.2: [8086:27ca] type 00 class 0x0c0300
[    0.807875] pci 0000:00:1d.2: reg 0x20: [io  0x1860-0x187f]
[    0.808341] pci 0000:00:1d.3: [8086:27cb] type 00 class 0x0c0300
[    0.808419] pci 0000:00:1d.3: reg 0x20: [io  0x1880-0x189f]
[    0.808861] pci 0000:00:1d.7: [8086:27cc] type 00 class 0x0c0320
[    0.808896] pci 0000:00:1d.7: reg 0x10: [mem 0xee444000-0xee4443ff]
[    0.809038] pci 0000:00:1d.7: PME# supported from D0 D3hot D3cold
[    0.809465] pci 0000:00:1e.0: [8086:2448] type 01 class 0x060401
[    0.810010] pci 0000:00:1f.0: [8086:27b9] type 00 class 0x060100
[    0.810168] pci 0000:00:1f.0: quirk: [io  0x1000-0x107f] claimed by ICH6 ACPI/GPIO/TCO
[    0.810271] pci 0000:00:1f.0: quirk: [io  0x1180-0x11bf] claimed by ICH6 GPIO
[    0.810366] pci 0000:00:1f.0: ICH7 LPC Generic IO decode 1 PIO at 1600 (mask 007f)
[    0.810462] pci 0000:00:1f.0: ICH7 LPC Generic IO decode 2 PIO at 15e0 (mask 000f)
[    0.810559] pci 0000:00:1f.0: ICH7 LPC Generic IO decode 3 PIO at 1680 (mask 001f)
[    0.811088] pci 0000:00:1f.1: [8086:27df] type 00 class 0x01018a
[    0.811118] pci 0000:00:1f.1: reg 0x10: [io  0x0000-0x0007]
[    0.811134] pci 0000:00:1f.1: reg 0x14: [io  0x0000-0x0003]
[    0.811150] pci 0000:00:1f.1: reg 0x18: [io  0x0000-0x0007]
[    0.811166] pci 0000:00:1f.1: reg 0x1c: [io  0x0000-0x0003]
[    0.811182] pci 0000:00:1f.1: reg 0x20: [io  0x1810-0x181f]
[    0.811215] pci 0000:00:1f.1: legacy IDE quirk: reg 0x10: [io  0x01f0-0x01f7]
[    0.811307] pci 0000:00:1f.1: legacy IDE quirk: reg 0x14: [io  0x03f6]
[    0.811396] pci 0000:00:1f.1: legacy IDE quirk: reg 0x18: [io  0x0170-0x0177]
[    0.811489] pci 0000:00:1f.1: legacy IDE quirk: reg 0x1c: [io  0x0376]
[    0.811998] pci 0000:00:1f.2: [8086:27c5] type 00 class 0x010601
[    0.812033] pci 0000:00:1f.2: reg 0x10: [io  0x18d0-0x18d7]
[    0.812049] pci 0000:00:1f.2: reg 0x14: [io  0x18c4-0x18c7]
[    0.812065] pci 0000:00:1f.2: reg 0x18: [io  0x18c8-0x18cf]
[    0.812081] pci 0000:00:1f.2: reg 0x1c: [io  0x18c0-0x18c3]
[    0.812097] pci 0000:00:1f.2: reg 0x20: [io  0x18b0-0x18bf]
[    0.812113] pci 0000:00:1f.2: reg 0x24: [mem 0xee444400-0xee4447ff]
[    0.812198] pci 0000:00:1f.2: PME# supported from D3hot
[    0.812613] pci 0000:00:1f.3: [8086:27da] type 00 class 0x0c0500
[    0.812710] pci 0000:00:1f.3: reg 0x20: [io  0x18e0-0x18ff]
[    0.813389] pci 0000:02:00.0: [8086:109a] type 00 class 0x020000
[    0.813453] pci 0000:02:00.0: reg 0x10: [mem 0xee000000-0xee01ffff]
[    0.813501] pci 0000:02:00.0: reg 0x18: [io  0x2000-0x201f]
[    0.813761] pci 0000:02:00.0: PME# supported from D0 D3hot D3cold
[    0.814150] pci 0000:00:1c.0: PCI bridge to [bus 02]
[    0.814236] pci 0000:00:1c.0:   bridge window [io  0x2000-0x2fff]
[    0.814244] pci 0000:00:1c.0:   bridge window [mem 0xee000000-0xee0fffff]
[    0.814506] pci 0000:03:00.0: [8086:4227] type 00 class 0x028000
[    0.814614] pci 0000:03:00.0: reg 0x10: [mem 0xedf00000-0xedf00fff]
[    0.815130] pci 0000:03:00.0: PME# supported from D0 D3hot D3cold
[    0.815585] pci 0000:00:1c.1: PCI bridge to [bus 03]
[    0.815671] pci 0000:00:1c.1:   bridge window [io  0x3000-0x4fff]
[    0.815678] pci 0000:00:1c.1:   bridge window [mem 0xec000000-0xedffffff]
[    0.815689] pci 0000:00:1c.1:   bridge window [mem 0xe4000000-0xe40fffff 64bit pref]
[    0.815888] pci 0000:00:1c.2: PCI bridge to [bus 04-0b]
[    0.815894] pci 0000:00:1c.2:   bridge window [io  0x5000-0x6fff]
[    0.815901] pci 0000:00:1c.2:   bridge window [mem 0xe8000000-0xe9ffffff]
[    0.815912] pci 0000:00:1c.2:   bridge window [mem 0xe4100000-0xe41fffff 64bit pref]
[    0.816057] pci 0000:00:1c.3: PCI bridge to [bus 0c-13]
[    0.816143] pci 0000:00:1c.3:   bridge window [io  0x7000-0x8fff]
[    0.816151] pci 0000:00:1c.3:   bridge window [mem 0xea000000-0xebffffff]
[    0.816162] pci 0000:00:1c.3:   bridge window [mem 0xe4200000-0xe42fffff 64bit pref]
[    0.816205] pci_bus 0000:15: extended config space not accessible
[    0.816409] pci 0000:15:00.0: [1180:0476] type 02 class 0x060700
[    0.816441] pci 0000:15:00.0: reg 0x10: [mem 0xe4300000-0xe4300fff]
[    0.816514] pci 0000:15:00.0: supports D1 D2
[    0.816518] pci 0000:15:00.0: PME# supported from D0 D1 D2 D3hot D3cold
[    0.816765] pci 0000:15:00.1: [1180:0552] type 00 class 0x0c0010
[    0.816794] pci 0000:15:00.1: reg 0x10: [mem 0xe4301000-0xe43017ff]
[    0.816941] pci 0000:15:00.1: PME# supported from D0 D3hot D3cold
[    0.817156] pci 0000:15:00.2: [1180:0822] type 00 class 0x080500
[    0.817185] pci 0000:15:00.2: reg 0x10: [mem 0xe4301800-0xe43018ff]
[    0.817331] pci 0000:15:00.2: supports D1 D2
[    0.817335] pci 0000:15:00.2: PME# supported from D0 D1 D2 D3hot D3cold
[    0.817603] pci 0000:00:1e.0: PCI bridge to [bus 15-18] (subtractive decode)
[    0.817700] pci 0000:00:1e.0:   bridge window [io  0x9000-0xcfff]
[    0.817707] pci 0000:00:1e.0:   bridge window [mem 0xe4300000-0xe7ffffff]
[    0.817718] pci 0000:00:1e.0:   bridge window [mem 0xe0000000-0xe3ffffff 64bit pref]
[    0.817724] pci 0000:00:1e.0:   bridge window [io  0x0000-0x0cf7 window] (subtractive decode)
[    0.817728] pci 0000:00:1e.0:   bridge window [io  0x0d00-0xffff window] (subtractive decode)
[    0.817733] pci 0000:00:1e.0:   bridge window [mem 0x000a0000-0x000bffff window] (subtractive decode)
[    0.817737] pci 0000:00:1e.0:   bridge window [mem 0x000d0000-0x000d3fff window] (subtractive decode)
[    0.817742] pci 0000:00:1e.0:   bridge window [mem 0x000d4000-0x000d7fff window] (subtractive decode)
[    0.817746] pci 0000:00:1e.0:   bridge window [mem 0x000d8000-0x000dbfff window] (subtractive decode)
[    0.817751] pci 0000:00:1e.0:   bridge window [mem 0xc0000000-0xfebfffff window] (subtractive decode)
[    0.817755] pci 0000:00:1e.0:   bridge window [mem 0xfed40000-0xfed40fff window] (subtractive decode)
[    0.817801] pci_bus 0000:16: extended config space not accessible
[    0.817986] pci_bus 0000:16: busn_res: [bus 16-18] end is updated to 17
[    0.818042] pci_bus 0000:00: on NUMA node 0
[    0.824091] ACPI: EC: interrupt unblocked
[    0.824187] ACPI: EC: event unblocked
[    0.824272] ACPI: \_SB_.PCI0.LPC_.EC__: GPE=0x1c, EC_CMD/EC_SC=0x66, EC_DATA=0x62
[    0.824368] ACPI: \_SB_.PCI0.LPC_.EC__: Boot DSDT EC used to handle transactions and events
[    0.825044] pci 0000:00:02.0: vgaarb: setting as boot VGA device
[    0.825133] pci 0000:00:02.0: vgaarb: VGA device added: decodes=io+mem,owns=io+mem,locks=none
[    0.825267] pci 0000:00:02.0: vgaarb: bridge control possible
[    0.825349] vgaarb: loaded
[    0.826027] SCSI subsystem initialized
[    0.826273] libata version 3.00 loaded.
[    0.826273] ACPI: bus type USB registered
[    0.826273] usbcore: registered new interface driver usbfs
[    0.826273] usbcore: registered new interface driver hub
[    0.826273] usbcore: registered new device driver usb
[    0.826273] media: Linux media interface: v0.10
[    0.826273] videodev: Linux video capture interface: v2.00
[    0.826273] pps_core: LinuxPPS API ver. 1 registered
[    0.826273] pps_core: Software ver. 5.3.6 - Copyright 2005-2007 Rodolfo Giometti <giometti@linux.it>
[    0.827940] PTP clock support registered
[    0.828429] EDAC MC: Ver: 3.0.0
[    0.829089] Advanced Linux Sound Architecture Driver Initialized.
[    0.829089] PCI: Using ACPI for IRQ routing
[    0.832758] PCI: pci_cache_line_size set to 64 bytes
[    0.833086] e820: reserve RAM buffer [mem 0x0009f000-0x0009ffff]
[    0.833092] e820: reserve RAM buffer [mem 0xbf6d0000-0xbfffffff]
[    0.833785] Bluetooth: Core ver 2.22
[    0.833922] NET: Registered protocol family 31
[    0.833998] Bluetooth: HCI device and connection manager initialized
[    0.834095] Bluetooth: HCI socket layer initialized
[    0.834176] Bluetooth: L2CAP socket layer initialized
[    0.834276] Bluetooth: SCO socket layer initialized
[    0.834867] clocksource: Switched to clocksource hpet
[    0.835311] pnp: PnP ACPI init
[    0.835569] system 00:00: [mem 0x00000000-0x0009ffff] could not be reserved
[    0.835667] system 00:00: [mem 0x000c0000-0x000c3fff] could not be reserved
[    0.835762] system 00:00: [mem 0x000c4000-0x000c7fff] could not be reserved
[    0.835856] system 00:00: [mem 0x000c8000-0x000cbfff] has been reserved
[    0.836001] system 00:00: [mem 0x000cc000-0x000cffff] has been reserved
[    0.836096] system 00:00: [mem 0x000dc000-0x000dffff] could not be reserved
[    0.836191] system 00:00: [mem 0x000e0000-0x000e3fff] could not be reserved
[    0.836287] system 00:00: [mem 0x000e4000-0x000e7fff] could not be reserved
[    0.836383] system 00:00: [mem 0x000e8000-0x000ebfff] could not be reserved
[    0.836480] system 00:00: [mem 0x000ec000-0x000effff] could not be reserved
[    0.836575] system 00:00: [mem 0x000f0000-0x000fffff] could not be reserved
[    0.836671] system 00:00: [mem 0x00100000-0xbfffffff] could not be reserved
[    0.836767] system 00:00: [mem 0xfec00000-0xfed3ffff] could not be reserved
[    0.836864] system 00:00: [mem 0xfed41000-0xffffffff] could not be reserved
[    0.837019] system 00:00: Plug and Play ACPI device, IDs PNP0c01 (active)
[    0.837578] system 00:01: [io  0x164e-0x164f] has been reserved
[    0.837671] system 00:01: [io  0x1000-0x107f] has been reserved
[    0.837759] system 00:01: [io  0x1180-0x11bf] has been reserved
[    0.837850] system 00:01: [io  0x0800-0x080f] has been reserved
[    0.837938] system 00:01: [io  0x15e0-0x15ef] has been reserved
[    0.838029] system 00:01: [io  0x1600-0x165f] could not be reserved
[    0.838121] system 00:01: [mem 0xf0000000-0xf3ffffff] has been reserved
[    0.838212] system 00:01: [mem 0xfed1c000-0xfed1ffff] has been reserved
[    0.838304] system 00:01: [mem 0xfed14000-0xfed17fff] has been reserved
[    0.838396] system 00:01: [mem 0xfed18000-0xfed18fff] has been reserved
[    0.838488] system 00:01: [mem 0xfed19000-0xfed19fff] has been reserved
[    0.838616] system 00:01: Plug and Play ACPI device, IDs PNP0c02 (active)
[    0.838927] pnp 00:02: Plug and Play ACPI device, IDs PNP0b00 (active)
[    0.839065] pnp 00:03: Plug and Play ACPI device, IDs PNP0303 (active)
[    0.839202] pnp 00:04: Plug and Play ACPI device, IDs IBM3780 PNP0f13 (active)
[    0.839989] pnp 00:05: [dma 3]
[    0.840193] pnp 00:05: Plug and Play ACPI device, IDs IBM0071 PNP0511 (active)
[    0.840433] pnp 00:06: Plug and Play ACPI device, IDs ATM1200 PNP0c31 (active)
[    0.842878] pnp: PnP ACPI: found 7 devices
[    0.891323] clocksource: acpi_pm: mask: 0xffffff max_cycles: 0xffffff, max_idle_ns: 2085701024 ns
[    0.891457] pci 0000:00:1c.0: bridge window [mem 0x00100000-0x000fffff 64bit pref] to [bus 02] add_size 200000 add_align 100000
[    0.891502] pci 0000:00:1c.0: BAR 9: assigned [mem 0xc0000000-0xc01fffff 64bit pref]
[    0.891600] pci 0000:00:1c.0: PCI bridge to [bus 02]
[    0.891681] pci 0000:00:1c.0:   bridge window [io  0x2000-0x2fff]
[    0.891771] pci 0000:00:1c.0:   bridge window [mem 0xee000000-0xee0fffff]
[    0.891861] pci 0000:00:1c.0:   bridge window [mem 0xc0000000-0xc01fffff 64bit pref]
[    0.891976] pci 0000:00:1c.1: PCI bridge to [bus 03]
[    0.892057] pci 0000:00:1c.1:   bridge window [io  0x3000-0x4fff]
[    0.892146] pci 0000:00:1c.1:   bridge window [mem 0xec000000-0xedffffff]
[    0.892237] pci 0000:00:1c.1:   bridge window [mem 0xe4000000-0xe40fffff 64bit pref]
[    0.892336] pci 0000:00:1c.2: PCI bridge to [bus 04-0b]
[    0.892418] pci 0000:00:1c.2:   bridge window [io  0x5000-0x6fff]
[    0.892507] pci 0000:00:1c.2:   bridge window [mem 0xe8000000-0xe9ffffff]
[    0.892597] pci 0000:00:1c.2:   bridge window [mem 0xe4100000-0xe41fffff 64bit pref]
[    0.892696] pci 0000:00:1c.3: PCI bridge to [bus 0c-13]
[    0.892777] pci 0000:00:1c.3:   bridge window [io  0x7000-0x8fff]
[    0.892866] pci 0000:00:1c.3:   bridge window [mem 0xea000000-0xebffffff]
[    0.892956] pci 0000:00:1c.3:   bridge window [mem 0xe4200000-0xe42fffff 64bit pref]
[    0.893066] pci 0000:15:00.0: BAR 9: assigned [mem 0xe0000000-0xe3ffffff pref]
[    0.893160] pci 0000:15:00.0: BAR 10: assigned [mem 0xc4000000-0xc7ffffff]
[    0.893249] pci 0000:15:00.0: BAR 7: assigned [io  0x9000-0x90ff]
[    0.893333] pci 0000:15:00.0: BAR 8: assigned [io  0x9400-0x94ff]
[    0.893426] pci 0000:15:00.0: CardBus bridge to [bus 16-17]
[    0.893507] pci 0000:15:00.0:   bridge window [io  0x9000-0x90ff]
[    0.893594] pci 0000:15:00.0:   bridge window [io  0x9400-0x94ff]
[    0.893682] pci 0000:15:00.0:   bridge window [mem 0xe0000000-0xe3ffffff pref]
[    0.893774] pci 0000:15:00.0:   bridge window [mem 0xc4000000-0xc7ffffff]
[    0.893866] pci 0000:00:1e.0: PCI bridge to [bus 15-18]
[    0.893947] pci 0000:00:1e.0:   bridge window [io  0x9000-0xcfff]
[    0.894036] pci 0000:00:1e.0:   bridge window [mem 0xe4300000-0xe7ffffff]
[    0.894126] pci 0000:00:1e.0:   bridge window [mem 0xe0000000-0xe3ffffff 64bit pref]
[    0.894226] pci_bus 0000:00: resource 4 [io  0x0000-0x0cf7 window]
[    0.894229] pci_bus 0000:00: resource 5 [io  0x0d00-0xffff window]
[    0.894233] pci_bus 0000:00: resource 6 [mem 0x000a0000-0x000bffff window]
[    0.894237] pci_bus 0000:00: resource 7 [mem 0x000d0000-0x000d3fff window]
[    0.894241] pci_bus 0000:00: resource 8 [mem 0x000d4000-0x000d7fff window]
[    0.894245] pci_bus 0000:00: resource 9 [mem 0x000d8000-0x000dbfff window]
[    0.894248] pci_bus 0000:00: resource 10 [mem 0xc0000000-0xfebfffff window]
[    0.894252] pci_bus 0000:00: resource 11 [mem 0xfed40000-0xfed40fff window]
[    0.894256] pci_bus 0000:02: resource 0 [io  0x2000-0x2fff]
[    0.894260] pci_bus 0000:02: resource 1 [mem 0xee000000-0xee0fffff]
[    0.894264] pci_bus 0000:02: resource 2 [mem 0xc0000000-0xc01fffff 64bit pref]
[    0.894268] pci_bus 0000:03: resource 0 [io  0x3000-0x4fff]
[    0.894271] pci_bus 0000:03: resource 1 [mem 0xec000000-0xedffffff]
[    0.894275] pci_bus 0000:03: resource 2 [mem 0xe4000000-0xe40fffff 64bit pref]
[    0.894279] pci_bus 0000:04: resource 0 [io  0x5000-0x6fff]
[    0.894282] pci_bus 0000:04: resource 1 [mem 0xe8000000-0xe9ffffff]
[    0.894286] pci_bus 0000:04: resource 2 [mem 0xe4100000-0xe41fffff 64bit pref]
[    0.894290] pci_bus 0000:0c: resource 0 [io  0x7000-0x8fff]
[    0.894294] pci_bus 0000:0c: resource 1 [mem 0xea000000-0xebffffff]
[    0.894297] pci_bus 0000:0c: resource 2 [mem 0xe4200000-0xe42fffff 64bit pref]
[    0.894301] pci_bus 0000:15: resource 0 [io  0x9000-0xcfff]
[    0.894305] pci_bus 0000:15: resource 1 [mem 0xe4300000-0xe7ffffff]
[    0.894309] pci_bus 0000:15: resource 2 [mem 0xe0000000-0xe3ffffff 64bit pref]
[    0.894312] pci_bus 0000:15: resource 4 [io  0x0000-0x0cf7 window]
[    0.894316] pci_bus 0000:15: resource 5 [io  0x0d00-0xffff window]
[    0.894320] pci_bus 0000:15: resource 6 [mem 0x000a0000-0x000bffff window]
[    0.894323] pci_bus 0000:15: resource 7 [mem 0x000d0000-0x000d3fff window]
[    0.894327] pci_bus 0000:15: resource 8 [mem 0x000d4000-0x000d7fff window]
[    0.894331] pci_bus 0000:15: resource 9 [mem 0x000d8000-0x000dbfff window]
[    0.894335] pci_bus 0000:15: resource 10 [mem 0xc0000000-0xfebfffff window]
[    0.894338] pci_bus 0000:15: resource 11 [mem 0xfed40000-0xfed40fff window]
[    0.894342] pci_bus 0000:16: resource 0 [io  0x9000-0x90ff]
[    0.894346] pci_bus 0000:16: resource 1 [io  0x9400-0x94ff]
[    0.894350] pci_bus 0000:16: resource 2 [mem 0xe0000000-0xe3ffffff pref]
[    0.894353] pci_bus 0000:16: resource 3 [mem 0xc4000000-0xc7ffffff]
[    0.894826] NET: Registered protocol family 2
[    0.895439] tcp_listen_portaddr_hash hash table entries: 512 (order: 2, 20480 bytes)
[    0.895582] TCP established hash table entries: 8192 (order: 3, 32768 bytes)
[    0.895734] TCP bind hash table entries: 8192 (order: 6, 294912 bytes)
[    0.896283] TCP: Hash tables configured (established 8192 bind 8192)
[    0.897451] UDP hash table entries: 512 (order: 3, 40960 bytes)
[    0.897609] UDP-Lite hash table entries: 512 (order: 3, 40960 bytes)
[    0.897898] NET: Registered protocol family 1
[    0.898651] RPC: Registered named UNIX socket transport module.
[    0.898739] RPC: Registered udp transport module.
[    0.898817] RPC: Registered tcp transport module.
[    0.898896] RPC: Registered tcp NFSv4.1 backchannel transport module.
[    0.899506] pci 0000:00:02.0: Video device with shadowed ROM at [mem 0x000c0000-0x000dffff]
[    0.903851] PCI: CLS mismatch (64 != 32), using 64 bytes
[    0.904002] PCI-DMA: Using software bounce buffering for IO (SWIOTLB)
[    0.904089] software IO TLB: mapped [mem 0x31d00000-0x35d00000] (64MB)
[    0.906854] Initialise system trusted keyrings
[    0.907338] workingset: timestamp_bits=30 max_order=20 bucket_order=0
[    0.909403] Installing knfsd (copyright (C) 1996 okir@monad.swb.de).
[    0.909907] ntfs: driver 2.1.32 [Flags: R/W].
[    0.910216] fuse init (API version 7.29)
[    0.919029] Key type asymmetric registered
[    0.919117] Asymmetric key parser 'x509' registered
[    0.919328] bounce: pool size: 64 pages
[    0.919484] Block layer SCSI generic (bsg) driver version 0.4 loaded (major 249)
[    0.919584] io scheduler mq-deadline registered
[    0.919706] io scheduler bfq registered
[    0.922935] intel_idle: does not run on family 6 model 14
[    0.923392] ACPI: Deprecated procfs I/F for AC is loaded, please retry with CONFIG_ACPI_PROCFS_POWER cleared
[    0.923668] ACPI: AC Adapter [AC] (on-line)
[    0.924343] input: Lid Switch as /devices/LNXSYSTM:00/LNXSYBUS:00/PNP0C0D:00/input/input0
[    0.924802] ACPI: Lid Switch [LID]
[    0.925093] input: Sleep Button as /devices/LNXSYSTM:00/LNXSYBUS:00/PNP0C0E:00/input/input1
[    0.925259] ACPI: Sleep Button [SLPB]
[    0.925567] input: Power Button as /devices/LNXSYSTM:00/LNXPWRBN:00/input/input2
[    0.925715] ACPI: Power Button [PWRF]
[    0.926242] ACPI: Video Device [VID] (multi-head: yes  rom: no  post: no)
[    0.934010] acpi device:01: registered as cooling_device0
[    0.934480] input: Video Bus as /devices/LNXSYSTM:00/LNXSYBUS:00/PNP0A08:00/LNXVIDEO:00/input/input3
[    0.951627] thermal LNXTHERM:00: registered as thermal_zone0
[    0.951717] ACPI: Thermal Zone [THM0] (45 C)
[    0.955584] thermal LNXTHERM:01: registered as thermal_zone1
[    0.955670] ACPI: Thermal Zone [THM1] (44 C)
[    0.956413] Serial: 8250/16550 driver, 4 ports, IRQ sharing disabled
[    0.957283] serial8250: ttyS1 at I/O 0x2f8 (irq = 3, base_baud = 921600) is a NS16550A
[    0.959503] lp: driver loaded but no devices found
[    0.959831] Non-volatile memory driver v1.3
[    0.960411] intel_rng: FWH not detected
[    0.960603] Linux agpgart interface v0.103
[    0.961410] [drm] radeon kernel modesetting enabled.
[    0.962714] pci 0000:00:00.0: Intel 945GM Chipset
[    0.962830] pci 0000:00:00.0: detected gtt size: 262144K total, 262144K mappable
[    0.963513] pci 0000:00:00.0: detected 8192K stolen memory
[    0.963774] i915 0000:00:02.0: vgaarb: deactivate vga console
[    0.964866] Console: switching to colour dummy device 80x25
[    0.966752] [drm] Supports vblank timestamp caching Rev 2 (21.10.2013).
[    0.966787] [drm] Driver supports precise vblank timestamp query.
[    0.966833] resource sanity check: requesting [mem 0x000c0000-0x000dffff], which spans more than pnp 00:00 [mem 0x000c8000-0x000cbfff]
[    0.966900] caller pci_map_rom+0x75/0x1d0 mapping multiple BARs
[    0.968632] i915 0000:00:02.0: vgaarb: changed VGA decodes: olddecodes=io+mem,decodes=io+mem:owns=io+mem
[    0.988460] battery: ACPI: Deprecated procfs I/F for battery is loaded, please retry with CONFIG_ACPI_PROCFS_POWER cleared
[    0.988538] battery: ACPI: Battery Slot [BAT0] (battery present)
[    1.031975] random: fast init done
[    1.059084] [drm] RC6 disabled, disabling runtime PM support
[    1.059387] [drm] Initialized overlay support.
[    1.061098] [drm] Initialized i915 1.6.0 20190404 for 0000:00:02.0 on minor 0
[    1.062140] usbcore: registered new interface driver udl
[    1.075636] loop: module loaded
[    1.086540] fbcon: i915drmfb (fb0) is primary device
[    1.101153] ahci 0000:00:1f.2: version 3.0
[    1.101932] ahci 0000:00:1f.2: AHCI 0001.0100 32 slots 4 ports 1.5 Gbps 0x1 impl SATA mode
[    1.101936] ahci 0000:00:1f.2: flags: 64bit ncq pm led clo pio slum part 
[    1.104454] scsi host0: ahci
[    1.105155] scsi host1: ahci
[    1.105788] scsi host2: ahci
[    1.106413] scsi host3: ahci
[    1.106790] ata1: SATA max UDMA/133 abar m1024@0xee444400 port 0xee444500 irq 16
[    1.106792] ata2: DUMMY
[    1.106794] ata3: DUMMY
[    1.106796] ata4: DUMMY
[    1.106978] ata_piix 0000:00:1f.1: version 2.13
[    1.109953] scsi host4: ata_piix
[    1.110457] scsi host5: ata_piix
[    1.110672] ata5: PATA max UDMA/100 cmd 0x1f0 ctl 0x3f6 bmdma 0x1810 irq 14
[    1.110675] ata6: PATA max UDMA/100 cmd 0x170 ctl 0x376 bmdma 0x1818 irq 15
[    1.111360] ata6: port disabled--ignoring
[    1.111997] tun: Universal TUN/TAP device driver, 1.6
[    1.112700] e1000e: Intel(R) PRO/1000 Network Driver - 3.2.6-k
[    1.112702] e1000e: Copyright(c) 1999 - 2015 Intel Corporation.
[    1.112818] e1000e 0000:02:00.0: Disabling ASPM  L1
[    1.112821] e1000e 0000:02:00.0: can't disable ASPM; OS doesn't have ASPM control
[    1.113302] e1000e 0000:02:00.0: Interrupt Throttling Rate (ints/sec) set to dynamic conservative mode
[    1.248807] e1000e 0000:02:00.0 eth0: (PCI Express:2.5GT/s:Width x1) 00:16:d3:25:19:04
[    1.248811] e1000e 0000:02:00.0 eth0: Intel(R) PRO/1000 Network Connection
[    1.248889] e1000e 0000:02:00.0 eth0: MAC: 2, PHY: 2, PBA No: 005302-003
[    1.249159] PPP generic driver version 2.4.2
[    1.249431] PPP BSD Compression module registered
[    1.249434] PPP Deflate Compression module registered
[    1.249437] SLIP: version 0.8.4-NET3.019-NEWTTY (dynamic channels, max=256).
[    1.249438] CSLIP: code copyright 1989 Regents of the University of California.
[    1.249526] iwl3945: Intel(R) PRO/Wireless 3945ABG/BG Network Connection driver for Linux, in-tree:ds
[    1.249527] iwl3945: Copyright(c) 2003-2011 Intel Corporation
[    1.249529] iwl3945: hw_scan is disabled
[    1.249739] iwl3945 0000:03:00.0: can't disable ASPM; OS doesn't have ASPM control
[    1.304588] iwl3945 0000:03:00.0: Tunable channels: 11 802.11bg, 13 802.11a channels
[    1.304591] iwl3945 0000:03:00.0: Detected Intel Wireless WiFi Link 3945ABG
[    1.305498] ieee80211 phy0: Selected rate control algorithm 'iwl-3945-rs'
[    1.306413] Intel(R) Wireless WiFi driver for Linux
[    1.306415] Copyright(c) 2003- 2015 Intel Corporation
[    1.306672] usbcore: registered new interface driver ax88179_178a
[    1.306719] usbcore: registered new interface driver cdc_ether
[    1.306761] usbcore: registered new interface driver net1080
[    1.306802] usbcore: registered new interface driver cdc_subset
[    1.306842] usbcore: registered new interface driver zaurus
[    1.306901] usbcore: registered new interface driver cdc_ncm
[    1.306985] pci 0000:00:1e.0: enabling device (0005 -> 0007)
[    1.307219] yenta_cardbus 0000:15:00.0: CardBus bridge found [17aa:201c]
[    1.428463] ata1: SATA link up 1.5 Gbps (SStatus 113 SControl 300)
[    1.541653] ata1.00: ACPI cmd ef/02:00:00:00:00:a0 (SET FEATURES) succeeded
[    1.541657] ata1.00: ACPI cmd f5/00:00:00:00:00:a0 (SECURITY FREEZE LOCK) filtered out
[    1.541661] ata1.00: ACPI cmd ef/10:03:00:00:00:a0 (SET FEATURES) filtered out
[    1.585713] ata1.00: ATA-9: ST1000LM014-1EJ164, SM11, max UDMA/133
[    1.585717] ata1.00: 1953525168 sectors, multi 16: LBA48 NCQ (depth 32), AA
[    1.630362] ata1.00: ACPI cmd ef/02:00:00:00:00:a0 (SET FEATURES) succeeded
[    1.630366] ata1.00: ACPI cmd f5/00:00:00:00:00:a0 (SECURITY FREEZE LOCK) filtered out
[    1.630370] ata1.00: ACPI cmd ef/10:03:00:00:00:a0 (SET FEATURES) filtered out
[    1.674481] ata1.00: configured for UDMA/133
[    1.787164] Console: switching to colour frame buffer device 102x42
[    1.909112] i915 0000:00:02.0: fb0: i915drmfb frame buffer device
[    1.912450] scsi 0:0:0:0: Direct-Access     ATA      ST1000LM014-1EJ1 SM11 PQ: 0 ANSI: 5
[    1.916178] sd 0:0:0:0: [sda] 1953525168 512-byte logical blocks: (1.00 TB/932 GiB)
[    1.916269] sd 0:0:0:0: Attached scsi generic sg0 type 0
[    1.918761] sd 0:0:0:0: [sda] 4096-byte physical blocks
[    1.923878] sd 0:0:0:0: [sda] Write Protect is off
[    1.926400] sd 0:0:0:0: [sda] Mode Sense: 00 3a 00 00
[    1.926572] sd 0:0:0:0: [sda] Write cache: enabled, read cache: enabled, doesn't support DPO or FUA
[    1.931171]  sda: sda1 sda2 sda3 sda4
[    1.936969] sd 0:0:0:0: [sda] Attached SCSI disk
[    2.073096] yenta_cardbus 0000:15:00.0: ISA IRQ mask 0x0cb8, PCI irq 16
[    2.075683] yenta_cardbus 0000:15:00.0: Socket status: 30000006
[    2.078264] yenta_cardbus 0000:15:00.0: pcmcia: parent PCI bridge window: [io  0x9000-0xcfff]
[    2.080815] yenta_cardbus 0000:15:00.0: pcmcia: parent PCI bridge window: [mem 0xe4300000-0xe7ffffff]
[    2.083288] pcmcia_socket pcmcia_socket0: cs: memory probe 0xe4300000-0xe7ffffff:
[    2.085820]  excluding 0xe4300000-0xe46cffff
[    2.088342] yenta_cardbus 0000:15:00.0: pcmcia: parent PCI bridge window: [mem 0xe0000000-0xe3ffffff 64bit pref]
[    2.090961] pcmcia_socket pcmcia_socket0: cs: memory probe 0xe0000000-0xe3ffffff:
[    2.093660]  excluding 0xe0000000-0xe3ffffff
[    2.097308] ehci_hcd: USB 2.0 'Enhanced' Host Controller (EHCI) Driver
[    2.099989] ehci-pci: EHCI PCI platform driver
[    2.103142] ehci-pci 0000:00:1d.7: EHCI Host Controller
[    2.106119] ehci-pci 0000:00:1d.7: new USB bus registered, assigned bus number 1
[    2.108956] ehci-pci 0000:00:1d.7: debug port 1
[    2.115697] ehci-pci 0000:00:1d.7: cache line size of 64 is not supported
[    2.115755] ehci-pci 0000:00:1d.7: irq 19, io mem 0xee444000
[    2.127951] ehci-pci 0000:00:1d.7: USB 2.0 started, EHCI 1.00
[    2.131500] usb usb1: New USB device found, idVendor=1d6b, idProduct=0002, bcdDevice= 5.01
[    2.134453] usb usb1: New USB device strings: Mfr=3, Product=2, SerialNumber=1
[    2.137360] usb usb1: Product: EHCI Host Controller
[    2.140218] usb usb1: Manufacturer: Linux 5.1.0-rc5-next-20190416+ ehci_hcd
[    2.143080] usb usb1: SerialNumber: 0000:00:1d.7
[    2.146631] hub 1-0:1.0: USB hub found
[    2.149551] hub 1-0:1.0: 8 ports detected
[    2.154346] ohci_hcd: USB 1.1 'Open' Host Controller (OHCI) Driver
[    2.157125] ohci-pci: OHCI PCI platform driver
[    2.159915] uhci_hcd: USB Universal Host Controller Interface driver
[    2.163183] uhci_hcd 0000:00:1d.0: UHCI Host Controller
[    2.166186] uhci_hcd 0000:00:1d.0: new USB bus registered, assigned bus number 2
[    2.169003] uhci_hcd 0000:00:1d.0: detected 2 ports
[    2.171718] uhci_hcd 0000:00:1d.0: irq 16, io base 0x00001820
[    2.174855] usb usb2: New USB device found, idVendor=1d6b, idProduct=0001, bcdDevice= 5.01
[    2.177622] usb usb2: New USB device strings: Mfr=3, Product=2, SerialNumber=1
[    2.180400] usb usb2: Product: UHCI Host Controller
[    2.183127] usb usb2: Manufacturer: Linux 5.1.0-rc5-next-20190416+ uhci_hcd
[    2.185886] usb usb2: SerialNumber: 0000:00:1d.0
[    2.189142] hub 2-0:1.0: USB hub found
[    2.191883] hub 2-0:1.0: 2 ports detected
[    2.195584] uhci_hcd 0000:00:1d.1: UHCI Host Controller
[    2.198476] uhci_hcd 0000:00:1d.1: new USB bus registered, assigned bus number 3
[    2.201148] uhci_hcd 0000:00:1d.1: detected 2 ports
[    2.203784] uhci_hcd 0000:00:1d.1: irq 17, io base 0x00001840
[    2.206788] usb usb3: New USB device found, idVendor=1d6b, idProduct=0001, bcdDevice= 5.01
[    2.209436] usb usb3: New USB device strings: Mfr=3, Product=2, SerialNumber=1
[    2.212013] usb usb3: Product: UHCI Host Controller
[    2.214439] usb usb3: Manufacturer: Linux 5.1.0-rc5-next-20190416+ uhci_hcd
[    2.216902] usb usb3: SerialNumber: 0000:00:1d.1
[    2.219939] hub 3-0:1.0: USB hub found
[    2.222396] hub 3-0:1.0: 2 ports detected
[    2.225955] uhci_hcd 0000:00:1d.2: UHCI Host Controller
[    2.228568] uhci_hcd 0000:00:1d.2: new USB bus registered, assigned bus number 4
[    2.230962] uhci_hcd 0000:00:1d.2: detected 2 ports
[    2.233397] uhci_hcd 0000:00:1d.2: irq 18, io base 0x00001860
[    2.236237] usb usb4: New USB device found, idVendor=1d6b, idProduct=0001, bcdDevice= 5.01
[    2.238671] usb usb4: New USB device strings: Mfr=3, Product=2, SerialNumber=1
[    2.241125] usb usb4: Product: UHCI Host Controller
[    2.243485] usb usb4: Manufacturer: Linux 5.1.0-rc5-next-20190416+ uhci_hcd
[    2.245903] usb usb4: SerialNumber: 0000:00:1d.2
[    2.248892] hub 4-0:1.0: USB hub found
[    2.251345] hub 4-0:1.0: 2 ports detected
[    2.254861] uhci_hcd 0000:00:1d.3: UHCI Host Controller
[    2.257520] uhci_hcd 0000:00:1d.3: new USB bus registered, assigned bus number 5
[    2.259937] uhci_hcd 0000:00:1d.3: detected 2 ports
[    2.262311] uhci_hcd 0000:00:1d.3: irq 19, io base 0x00001880
[    2.265082] usb usb5: New USB device found, idVendor=1d6b, idProduct=0001, bcdDevice= 5.01
[    2.267497] usb usb5: New USB device strings: Mfr=3, Product=2, SerialNumber=1
[    2.269912] usb usb5: Product: UHCI Host Controller
[    2.272338] usb usb5: Manufacturer: Linux 5.1.0-rc5-next-20190416+ uhci_hcd
[    2.274729] usb usb5: SerialNumber: 0000:00:1d.3
[    2.277676] hub 5-0:1.0: USB hub found
[    2.280121] hub 5-0:1.0: 2 ports detected
[    2.283330] usbcore: registered new interface driver cdc_acm
[    2.285620] cdc_acm: USB Abstract Control Model driver for USB modems and ISDN adapters
[    2.288042] usbcore: registered new interface driver usblp
[    2.290502] usbcore: registered new interface driver usb-storage
[    2.292912] usbcore: registered new interface driver ums-sddr09
[    2.295361] usbcore: registered new interface driver usbserial_generic
[    2.297719] usbserial: USB Serial support registered for generic
[    2.300086] usbcore: registered new interface driver ch341
[    2.302371] usbserial: USB Serial support registered for ch341-uart
[    2.304709] usbcore: registered new interface driver ftdi_sio
[    2.306992] usbserial: USB Serial support registered for FTDI USB Serial Device
[    2.309427] usbcore: registered new interface driver option
[    2.311745] usbserial: USB Serial support registered for GSM modem (1-port)
[    2.314242] usbcore: registered new interface driver pl2303
[    2.316660] usbserial: USB Serial support registered for pl2303
[    2.319110] usbcore: registered new interface driver ti_usb_3410_5052
[    2.321561] usbserial: USB Serial support registered for TI USB 3410 1 port adapter
[    2.324067] usbserial: USB Serial support registered for TI USB 5052 2 port adapter
[    2.326501] ftdi_elan: driver ftdi-elan
[    2.328925] usbcore: registered new interface driver ftdi-elan
[    2.331486] i8042: PNP: PS/2 Controller [PNP0303:KBD,PNP0f13:MOU] at 0x60,0x64 irq 1,12
[    2.343561] serio: i8042 KBD port at 0x60,0x64 irq 1
[    2.346036] serio: i8042 AUX port at 0x60,0x64 irq 12
[    2.349199] mousedev: PS/2 mouse device common for all mice
[    2.352875] input: PC Speaker as /devices/platform/pcspkr/input/input4
[    2.355863] rtc_cmos 00:02: RTC can wake from S4
[    2.358827] rtc_cmos 00:02: registered as rtc0
[    2.361226] input: AT Translated Set 2 keyboard as /devices/platform/i8042/serio0/input/input5
[    2.361446] rtc_cmos 00:02: alarms up to one month, y3k, 114 bytes nvram, hpet irqs
[    2.366637] usbcore: registered new interface driver uvcvideo
[    2.369184] USB Video Class driver (1.1.1)
[    2.371700] gspca_main: v2.14.0 registered
[    2.374253] usbcore: registered new interface driver sq930x
[    2.378340] device-mapper: ioctl: 4.40.0-ioctl (2019-01-18) initialised: dm-devel@redhat.com
[    2.380962] Bluetooth: HCI UART driver ver 2.3
[    2.383532] Bluetooth: HCI UART protocol H4 registered
[    2.386144] Bluetooth: HCI UART protocol BCSP registered
[    2.388829] usbcore: registered new interface driver btusb
[    2.391368] intel_pstate: CPU model not supported
[    2.393941] sdhci: Secure Digital Host Controller Interface driver
[    2.396502] sdhci: Copyright(c) Pierre Ossman
[    2.399126] sdhci-pci 0000:15:00.2: SDHCI controller found [1180:0822] (rev 18)
[    2.402185] sdhci-pci 0000:15:00.2: Will use DMA mode even though HW doesn't fully claim to support it.
[    2.405428] mmc0 bounce up to 128 segments into one, max segment size 65536 bytes
[    2.408403] sdhci-pci 0000:15:00.2: Will use DMA mode even though HW doesn't fully claim to support it.
[    2.411728] mmc0: SDHCI controller on PCI [0000:15:00.2] using DMA
[    2.414828] hidraw: raw HID events driver (C) Jiri Kosina
[    2.418927] usbcore: registered new interface driver usbhid
[    2.421734] usbhid: USB HID core driver
[    2.425738] thinkpad_acpi: ThinkPad ACPI Extras v0.26
[    2.428481] thinkpad_acpi: http://ibm-acpi.sf.net/
[    2.431158] thinkpad_acpi: ThinkPad BIOS 7BETD8WW (2.19 ), EC 7BHT40WW-1.13
[    2.433901] thinkpad_acpi: Lenovo ThinkPad X60, model 17097HU
[    2.442538] thinkpad_acpi: ACPI backlight control delay disabled
[    2.445828] thinkpad_acpi: radio switch found; radios are enabled
[    2.448564] thinkpad_acpi: This ThinkPad has standard ACPI backlight brightness control, supported by the ACPI video driver
[    2.454086] thinkpad_acpi: Disabling thinkpad-acpi brightness events by default...
[    2.468090] thinkpad_acpi: rfkill switch tpacpi_bluetooth_sw: radio is unblocked
[    2.469423] sdhci-pci 0000:15:00.2: Will use DMA mode even though HW doesn't fully claim to support it.
[    2.476393] thinkpad_acpi: warning: userspace override of important firmware LEDs is enabled
[    2.485222] thinkpad_acpi: Standard ACPI backlight interface available, not loading native one
[    2.488460] thinkpad_acpi: volume: disabled as there is no ALSA support in this kernel
[    2.492213] thinkpad_acpi: battery 1 registered (start 0, stop 0)
[    2.492228] battery: new extension: ThinkPad Battery Extension
[    2.498480] input: ThinkPad Extra Buttons as /devices/platform/thinkpad_acpi/input/input8
[    2.507155] snd_hda_intel 0000:00:1b.0: probe_mask set to 0x1 for device 17aa:2010
[    2.510599] usbcore: registered new interface driver snd-usb-audio
[    2.515782] NET: Registered protocol family 17
[    2.518969] Bluetooth: RFCOMM TTY layer initialized
[    2.522017] Bluetooth: RFCOMM socket layer initialized
[    2.524974] Bluetooth: RFCOMM ver 1.11
[    2.527875] Bluetooth: BNEP (Ethernet Emulation) ver 1.3
[    2.530843] Bluetooth: BNEP filters: protocol multicast
[    2.533805] Bluetooth: BNEP socket layer initialized
[    2.534502] sdhci-pci 0000:15:00.2: Will use DMA mode even though HW doesn't fully claim to support it.
[    2.536696] Bluetooth: HIDP (Human Interface Emulation) ver 1.2
[    2.536704] Bluetooth: HIDP socket layer initialized
[    2.542484] snd_hda_codec_analog hdaudioC0D0: autoconfig for AD1981: line_outs=1 (0x5/0x0/0x0/0x0/0x0) type:speaker
[    2.543106] microcode: sig=0x6e8, pf=0x20, revision=0x39
[    2.545806] snd_hda_codec_analog hdaudioC0D0:    speaker_outs=0 (0x0/0x0/0x0/0x0/0x0)
[    2.555492] microcode: Microcode Update Driver: v2.2.
[    2.555498] Using IPI No-Shortcut mode
[    2.557989] snd_hda_codec_analog hdaudioC0D0:    hp_outs=0 (0x0/0x0/0x0/0x0/0x0)
[    2.557992] snd_hda_codec_analog hdaudioC0D0:    mono: mono_out=0x0
[    2.561969] Loading compiled-in X.509 certificates
[    2.563963] snd_hda_codec_analog hdaudioC0D0:    inputs:
[    2.563969] snd_hda_codec_analog hdaudioC0D0:      Mic=0x8
[    2.568193] Key type encrypted registered
[    2.570268] snd_hda_codec_analog hdaudioC0D0:      CD=0x19
[    2.574120] rtc_cmos 00:02: setting system clock to 2019-04-17T07:02:28 UTC (1555484548)
[    2.591929] cfg80211: Loading compiled-in X.509 certificates for regulatory database
[    2.597726] cfg80211: Loaded X.509 cert 'sforshee: 00b28ddf47aef9cea7'
[    2.601510] platform regulatory.0: Direct firmware load for regulatory.db failed with error -2
[    2.601589] PM: Image not found (code -22)
[    2.604567] ALSA device list:
[    2.604591] cfg80211: failed to load regulatory.db
[    2.607425]   #0: HDA Intel at 0xee240000 irq 17
[    2.646694] sdhci-pci 0000:15:00.2: Will use DMA mode even though HW doesn't fully claim to support it.
[    2.714867] sdhci-pci 0000:15:00.2: Will use DMA mode even though HW doesn't fully claim to support it.
[    2.735999] usb 4-1: new full-speed USB device number 2 using uhci_hcd
[    2.932247] usb 4-1: New USB device found, idVendor=0a12, idProduct=0001, bcdDevice=88.91
[    2.937339] usb 4-1: New USB device strings: Mfr=0, Product=2, SerialNumber=0
[    2.942321] usb 4-1: Product: CSR8510 A10
[    3.046046] psmouse serio1: trackpoint: IBM TrackPoint firmware: 0x0e, buttons: 3/3
[    3.069495] input: TPPS/2 IBM TrackPoint as /devices/platform/i8042/serio1/input/input7
[    3.079755] md: Waiting for all devices to be available before autodetect
[    3.083687] md: If you don't use raid, use raid=noautodetect
[    3.088593] md: Autodetecting RAID arrays.
[    3.091538] md: autorun ...
[    3.094466] md: ... autorun DONE.
[    3.103793] EXT4-fs (sda4): mounted filesystem with ordered data mode. Opts: (null)
[    3.107815] VFS: Mounted root (ext4 filesystem) readonly on device 8:4.
[    3.112322] devtmpfs: mounted
[    3.116152] Freeing unused kernel image memory: 644K
[    3.132223] Write protecting kernel text and read-only data: 17260k
[    3.137131] NX-protecting the kernel data: 8032k
[    3.143467] x86/mm: Checked W+X mappings: passed, no W+X pages found.
[    3.147148] rodata_test: all tests were successful
[    3.150833] x86/mm: Checking user space page tables
[    3.154576] x86/mm: Checked W+X mappings: passed, no W+X pages found.
[    3.157382] Run /sbin/init as init process
[    3.430443] random: systemd: uninitialized urandom read (16 bytes read)
[    3.437166] systemd[1]: systemd 215 running in system mode. (+PAM +AUDIT +SELINUX +IMA +SYSVINIT +LIBCRYPTSETUP +GCRYPT +ACL +XZ -SECCOMP -APPARMOR)
[    3.464176] systemd[1]: Detected architecture 'x86'.
[    3.557423] systemd[1]: Failed to insert module 'ipv6'
[    3.573904] systemd[1]: Set hostname to <amd>.
[    3.600016] usb 5-1: new full-speed USB device number 2 using uhci_hcd
[    3.617221] random: systemd-sysv-ge: uninitialized urandom read (16 bytes read)
[    3.790025] usb 5-1: New USB device found, idVendor=0a5c, idProduct=2110, bcdDevice= 1.00
[    3.793930] usb 5-1: New USB device strings: Mfr=1, Product=2, SerialNumber=0
[    3.798870] usb 5-1: Product: BCM2045B
[    3.803852] usb 5-1: Manufacturer: Broadcom Corp
[    3.903801] random: systemd-sysv-ge: uninitialized urandom read (16 bytes read)
[    4.315405] systemd[1]: Binding to IPv6 address not available since kernel does not support IPv6.
[    4.320505] systemd[1]: [/lib/systemd/system/gpsd.socket:6] Failed to parse address value, ignoring: [::1]:2947
[    4.333940] systemd[1]: Starting Forward Password Requests to Wall Directory Watch.
[    4.338558] systemd[1]: Started Forward Password Requests to Wall Directory Watch.
[    4.342426] systemd[1]: Starting Remote File Systems (Pre).
[    4.351454] systemd[1]: Reached target Remote File Systems (Pre).
[    4.650921] systemd-udevd[1902]: starting version 215
[    4.675997] usb 5-2: new full-speed USB device number 3 using uhci_hcd
[    4.875996] usb 5-2: New USB device found, idVendor=0483, idProduct=2016, bcdDevice= 0.01
[    4.878260] usb 5-2: New USB device strings: Mfr=1, Product=2, SerialNumber=0
[    4.880535] usb 5-2: Product: Biometric Coprocessor
[    4.882724] usb 5-2: Manufacturer: STMicroelectronics
[    5.738061] EXT4-fs (sda4): re-mounted. Opts: errors=remount-ro
[    5.923534] e1000e 0000:02:00.0 eth1: renamed from eth0
[    5.954086] systemd-udevd[2454]: renamed network interface eth0 to eth1
[    6.407637] random: crng init done
[    6.410413] random: 7 urandom warning(s) missed due to ratelimiting
[    7.400993] Adding 2097148k swap on /dev/sda1.  Priority:-2 extents:1 across:2097148k 
[    7.563304] EXT4-fs (sda2): mounted filesystem with ordered data mode. Opts: errors=remount-ro
[    7.635684] systemd-journald[1903]: Received request to flush runtime journal from PID 1
[   15.993375] iwl3945 0000:03:00.0: loaded firmware version 15.32.2.9
[   26.540469] wlan0: authenticate with 5c:f4:ab:10:d2:bb
[   26.540850] wlan0: send auth to 5c:f4:ab:10:d2:bb (try 1/3)
[   26.542818] wlan0: authenticated
[   26.544463] wlan0: associate with 5c:f4:ab:10:d2:bb (try 1/3)
[   26.547309] wlan0: RX AssocResp from 5c:f4:ab:10:d2:bb (capab=0x411 status=0 aid=1)
[   26.550834] wlan0: associated
