[    0.000000] Linux version 5.1.0-rc1+ (pavel@duo) (gcc version 4.9.2 (Debian 4.9.2-10+deb8u2)) #18 SMP Mon Mar 18 10:18:16 CET 2019
[    0.000000] Command line: BOOT_IMAGE=(hd1,2)/l/k/o/64/arch/x86/boot/bzImage root=/dev/sdb4 resume=/dev/sda1
[    0.000000] Disabled fast string operations
[    0.000000] x86/fpu: Supporting XSAVE feature 0x001: 'x87 floating point registers'
[    0.000000] x86/fpu: Supporting XSAVE feature 0x002: 'SSE registers'
[    0.000000] x86/fpu: Supporting XSAVE feature 0x004: 'AVX registers'
[    0.000000] x86/fpu: xstate_offset[2]:  576, xstate_sizes[2]:  256
[    0.000000] x86/fpu: Enabled xstate features 0x7, context size is 832 bytes, using 'standard' format.
[    0.000000] BIOS-provided physical RAM map:
[    0.000000] BIOS-e820: [mem 0x0000000000000000-0x000000000009d7ff] usable
[    0.000000] BIOS-e820: [mem 0x000000000009d800-0x000000000009ffff] reserved
[    0.000000] BIOS-e820: [mem 0x00000000000e0000-0x00000000000fffff] reserved
[    0.000000] BIOS-e820: [mem 0x0000000000100000-0x000000001fffffff] usable
[    0.000000] BIOS-e820: [mem 0x0000000020000000-0x00000000201fffff] reserved
[    0.000000] BIOS-e820: [mem 0x0000000020200000-0x000000003fffffff] usable
[    0.000000] BIOS-e820: [mem 0x0000000040000000-0x00000000401fffff] reserved
[    0.000000] BIOS-e820: [mem 0x0000000040200000-0x00000000da99efff] usable
[    0.000000] BIOS-e820: [mem 0x00000000da99f000-0x00000000dae9efff] reserved
[    0.000000] BIOS-e820: [mem 0x00000000dae9f000-0x00000000daf9efff] ACPI NVS
[    0.000000] BIOS-e820: [mem 0x00000000daf9f000-0x00000000daffefff] ACPI data
[    0.000000] BIOS-e820: [mem 0x00000000dafff000-0x00000000daffffff] usable
[    0.000000] BIOS-e820: [mem 0x00000000db000000-0x00000000df9fffff] reserved
[    0.000000] BIOS-e820: [mem 0x00000000f8000000-0x00000000fbffffff] reserved
[    0.000000] BIOS-e820: [mem 0x00000000fec00000-0x00000000fec00fff] reserved
[    0.000000] BIOS-e820: [mem 0x00000000fed08000-0x00000000fed08fff] reserved
[    0.000000] BIOS-e820: [mem 0x00000000fed10000-0x00000000fed19fff] reserved
[    0.000000] BIOS-e820: [mem 0x00000000fed1c000-0x00000000fed1ffff] reserved
[    0.000000] BIOS-e820: [mem 0x00000000fee00000-0x00000000fee00fff] reserved
[    0.000000] BIOS-e820: [mem 0x00000000ffd20000-0x00000000ffffffff] reserved
[    0.000000] BIOS-e820: [mem 0x0000000100000000-0x000000019e5fffff] usable
[    0.000000] BIOS-e820: [mem 0x000000019e600000-0x000000019e7fffff] reserved
[    0.000000] NX (Execute Disable) protection: active
[    0.000000] SMBIOS 2.6 present.
[    0.000000] DMI: LENOVO 42872WU/42872WU, BIOS 8DET74WW (1.44 ) 03/13/2018
[    0.000000] tsc: Fast TSC calibration using PIT
[    0.000000] tsc: Detected 2491.843 MHz processor
[    0.001588] e820: update [mem 0x00000000-0x00000fff] usable ==> reserved
[    0.001591] e820: remove [mem 0x000a0000-0x000fffff] usable
[    0.001599] last_pfn = 0x19e600 max_arch_pfn = 0x400000000
[    0.001604] MTRR default type: uncachable
[    0.001606] MTRR fixed ranges enabled:
[    0.001608]   00000-9FFFF write-back
[    0.001609]   A0000-BFFFF uncachable
[    0.001611]   C0000-FFFFF write-protect
[    0.001612] MTRR variable ranges enabled:
[    0.001614]   0 base 0FFC00000 mask FFFC00000 write-protect
[    0.001616]   1 base 000000000 mask F80000000 write-back
[    0.001617]   2 base 080000000 mask FC0000000 write-back
[    0.001619]   3 base 0C0000000 mask FE0000000 write-back
[    0.001620]   4 base 0DC000000 mask FFC000000 uncachable
[    0.001622]   5 base 0DB000000 mask FFF000000 uncachable
[    0.001623]   6 base 100000000 mask F80000000 write-back
[    0.001625]   7 base 180000000 mask FE0000000 write-back
[    0.001626]   8 base 19F000000 mask FFF000000 uncachable
[    0.001627]   9 base 19E800000 mask FFF800000 uncachable
[    0.002391] x86/PAT: Configuration [0-7]: WB  WC  UC- UC  WB  WP  UC- WT  
[    0.003614] last_pfn = 0xdb000 max_arch_pfn = 0x400000000
[    0.003635] Base memory trampoline at [(____ptrval____)] 97000 size 24576
[    0.003637] reserving inaccessible SNB gfx pages
[    0.003642] BRK [0x06601000, 0x06601fff] PGTABLE
[    0.003645] BRK [0x06602000, 0x06602fff] PGTABLE
[    0.003647] BRK [0x06603000, 0x06603fff] PGTABLE
[    0.003716] BRK [0x06604000, 0x06604fff] PGTABLE
[    0.003885] BRK [0x06605000, 0x06605fff] PGTABLE
[    0.004168] BRK [0x06606000, 0x06606fff] PGTABLE
[    0.004679] ACPI: Early table checksum verification disabled
[    0.004686] ACPI: RSDP 0x00000000000F00E0 000024 (v02 LENOVO)
[    0.004691] ACPI: XSDT 0x00000000DAFFE120 0000AC (v01 LENOVO TP-8D    00001440 PTEC 00000002)
[    0.004698] ACPI: FACP 0x00000000DAFE7000 0000F4 (v04 LENOVO TP-8D    00001440 PTL  00000002)
[    0.004705] ACPI: DSDT 0x00000000DAFEA000 00FA89 (v01 LENOVO TP-8D    00001440 INTL 20061109)
[    0.004709] ACPI: FACS 0x00000000DAF2D000 000040
[    0.004713] ACPI: FACS 0x00000000DAF2D000 000040
[    0.004717] ACPI: SLIC 0x00000000DAFFD000 000176 (v01 LENOVO TP-8D    00001440 PTEC 00000001)
[    0.004721] ACPI: SSDT 0x00000000DAFFC000 000249 (v01 LENOVO TP-SSDT2 00000200 INTL 20061109)
[    0.004725] ACPI: SSDT 0x00000000DAFFB000 000033 (v01 LENOVO TP-SSDT1 00000100 INTL 20061109)
[    0.004729] ACPI: SSDT 0x00000000DAFFA000 0007D1 (v01 LENOVO SataAhci 00001000 INTL 20061109)
[    0.004733] ACPI: HPET 0x00000000DAFE6000 000038 (v01 LENOVO TP-8D    00001440 PTL  00000002)
[    0.004737] ACPI: APIC 0x00000000DAFE5000 000098 (v01 LENOVO TP-8D    00001440 PTL  00000002)
[    0.004741] ACPI: MCFG 0x00000000DAFE4000 00003C (v01 LENOVO TP-8D    00001440 PTL  00000002)
[    0.004745] ACPI: ECDT 0x00000000DAFE3000 000052 (v01 LENOVO TP-8D    00001440 PTL  00000002)
[    0.004749] ACPI: ASF! 0x00000000DAFE9000 0000A5 (v32 LENOVO TP-8D    00001440 PTL  00000002)
[    0.004753] ACPI: TCPA 0x00000000DAFE2000 000032 (v02 PTL    LENOVO   06040000 LNVO 00000001)
[    0.004757] ACPI: SSDT 0x00000000DAFE1000 000A27 (v01 PmRef  Cpu0Ist  00003000 INTL 20061109)
[    0.004761] ACPI: SSDT 0x00000000DAFE0000 000996 (v01 PmRef  CpuPm    00003000 INTL 20061109)
[    0.004765] ACPI: DMAR 0x00000000DAFDF000 0000E8 (v01 INTEL  SNB      00000001 INTL 00000001)
[    0.004769] ACPI: UEFI 0x00000000DAFDE000 00003E (v01 LENOVO TP-8D    00001440 PTL  00000002)
[    0.004773] ACPI: UEFI 0x00000000DAFDD000 000042 (v01 PTL    COMBUF   00000001 PTL  00000001)
[    0.004777] ACPI: UEFI 0x00000000DAFDC000 000292 (v01 LENOVO TP-8D    00001440 PTL  00000002)
[    0.004786] ACPI: Local APIC address 0xfee00000
[    0.004830] Zone ranges:
[    0.004832]   DMA      [mem 0x0000000000001000-0x0000000000ffffff]
[    0.004835]   DMA32    [mem 0x0000000001000000-0x00000000ffffffff]
[    0.004837]   Normal   [mem 0x0000000100000000-0x000000019e5fffff]
[    0.004839] Movable zone start for each node
[    0.004841] Early memory node ranges
[    0.004843]   node   0: [mem 0x0000000000001000-0x000000000009cfff]
[    0.004845]   node   0: [mem 0x0000000000100000-0x000000001fffffff]
[    0.004847]   node   0: [mem 0x0000000020200000-0x000000003fffffff]
[    0.004849]   node   0: [mem 0x0000000040200000-0x00000000da99efff]
[    0.004850]   node   0: [mem 0x00000000dafff000-0x00000000daffffff]
[    0.004852]   node   0: [mem 0x0000000100000000-0x000000019e5fffff]
[    0.005255] Zeroed struct page in unavailable ranges: 23236 pages
[    0.005257] Initmem setup node 0 [mem 0x0000000000001000-0x000000019e5fffff]
[    0.005260] On node 0 totalpages: 1542972
[    0.005262]   DMA zone: 56 pages used for memmap
[    0.005263]   DMA zone: 156 pages reserved
[    0.005265]   DMA zone: 3996 pages, LIFO batch:0
[    0.005343]   DMA32 zone: 12172 pages used for memmap
[    0.005344]   DMA32 zone: 890272 pages, LIFO batch:63
[    0.022770]   Normal zone: 8869 pages used for memmap
[    0.022773]   Normal zone: 648704 pages, LIFO batch:63
[    0.034866] Reserving Intel graphics memory at [mem 0xdba00000-0xdf9fffff]
[    0.034993] ACPI: PM-Timer IO Port: 0x408
[    0.034997] ACPI: Local APIC address 0xfee00000
[    0.035005] ACPI: LAPIC_NMI (acpi_id[0x00] high edge lint[0x1])
[    0.035007] ACPI: LAPIC_NMI (acpi_id[0x01] high edge lint[0x1])
[    0.035025] IOAPIC[0]: apic_id 2, version 32, address 0xfec00000, GSI 0-23
[    0.035028] ACPI: INT_SRC_OVR (bus 0 bus_irq 0 global_irq 2 dfl dfl)
[    0.035031] ACPI: INT_SRC_OVR (bus 0 bus_irq 9 global_irq 9 high level)
[    0.035034] ACPI: IRQ0 used by override.
[    0.035036] ACPI: IRQ9 used by override.
[    0.035040] Using ACPI (MADT) for SMP configuration information
[    0.035043] ACPI: HPET id: 0x8086a301 base: 0xfed00000
[    0.035048] smpboot: Allowing 8 CPUs, 4 hotplug CPUs
[    0.035076] PM: Registered nosave memory: [mem 0x00000000-0x00000fff]
[    0.035079] PM: Registered nosave memory: [mem 0x0009d000-0x0009dfff]
[    0.035081] PM: Registered nosave memory: [mem 0x0009e000-0x0009ffff]
[    0.035082] PM: Registered nosave memory: [mem 0x000a0000-0x000dffff]
[    0.035084] PM: Registered nosave memory: [mem 0x000e0000-0x000fffff]
[    0.035087] PM: Registered nosave memory: [mem 0x20000000-0x201fffff]
[    0.035090] PM: Registered nosave memory: [mem 0x40000000-0x401fffff]
[    0.035093] PM: Registered nosave memory: [mem 0xda99f000-0xdae9efff]
[    0.035094] PM: Registered nosave memory: [mem 0xdae9f000-0xdaf9efff]
[    0.035096] PM: Registered nosave memory: [mem 0xdaf9f000-0xdaffefff]
[    0.035099] PM: Registered nosave memory: [mem 0xdb000000-0xdf9fffff]
[    0.035101] PM: Registered nosave memory: [mem 0xdfa00000-0xf7ffffff]
[    0.035103] PM: Registered nosave memory: [mem 0xf8000000-0xfbffffff]
[    0.035104] PM: Registered nosave memory: [mem 0xfc000000-0xfebfffff]
[    0.035106] PM: Registered nosave memory: [mem 0xfec00000-0xfec00fff]
[    0.035108] PM: Registered nosave memory: [mem 0xfec01000-0xfed07fff]
[    0.035110] PM: Registered nosave memory: [mem 0xfed08000-0xfed08fff]
[    0.035111] PM: Registered nosave memory: [mem 0xfed09000-0xfed0ffff]
[    0.035113] PM: Registered nosave memory: [mem 0xfed10000-0xfed19fff]
[    0.035115] PM: Registered nosave memory: [mem 0xfed1a000-0xfed1bfff]
[    0.035117] PM: Registered nosave memory: [mem 0xfed1c000-0xfed1ffff]
[    0.035118] PM: Registered nosave memory: [mem 0xfed20000-0xfedfffff]
[    0.035120] PM: Registered nosave memory: [mem 0xfee00000-0xfee00fff]
[    0.035122] PM: Registered nosave memory: [mem 0xfee01000-0xffd1ffff]
[    0.035124] PM: Registered nosave memory: [mem 0xffd20000-0xffffffff]
[    0.035128] [mem 0xdfa00000-0xf7ffffff] available for PCI devices
[    0.035132] clocksource: refined-jiffies: mask: 0xffffffff max_cycles: 0xffffffff, max_idle_ns: 7645519600211568 ns
[    0.035146] random: get_random_bytes called from start_kernel+0x99/0x3f7 with crng_init=0
[    0.035155] setup_percpu: NR_CPUS:8 nr_cpumask_bits:8 nr_cpu_ids:8 nr_node_ids:1
[    0.036912] percpu: Embedded 59 pages/cpu @(____ptrval____) s203016 r8192 d30456 u262144
[    0.036921] pcpu-alloc: s203016 r8192 d30456 u262144 alloc=1*2097152
[    0.036923] pcpu-alloc: [0] 0 1 2 3 4 5 6 7 
[    0.036950] Built 1 zonelists, mobility grouping on.  Total pages: 1521719
[    0.036955] Kernel command line: BOOT_IMAGE=(hd1,2)/l/k/o/64/arch/x86/boot/bzImage root=/dev/sdb4 resume=/dev/sda1
[    0.040821] Dentry cache hash table entries: 1048576 (order: 11, 8388608 bytes)
[    0.042728] Inode-cache hash table entries: 524288 (order: 10, 4194304 bytes)
[    0.298249] Memory: 5964016K/6171888K available (16387K kernel code, 1146K rwdata, 5272K rodata, 1072K init, 11932K bss, 207872K reserved, 0K cma-reserved)
[    0.298877] Kernel/User page tables isolation: enabled
[    0.299063] rcu: Hierarchical RCU implementation.
[    0.299066] rcu: RCU calculated value of scheduler-enlistment delay is 25 jiffies.
[    0.299098] NR_IRQS: 4352, nr_irqs: 104, preallocated irqs: 16
[    0.301062] Console: colour VGA+ 80x25
[    0.309479] printk: console [tty0] enabled
[    0.309537] Lock dependency validator: Copyright (c) 2006 Red Hat, Inc., Ingo Molnar
[    0.309606] ... MAX_LOCKDEP_SUBCLASSES:  8
[    0.309664] ... MAX_LOCK_DEPTH:          48
[    0.309722] ... MAX_LOCKDEP_KEYS:        8191
[    0.309781] ... CLASSHASH_SIZE:          4096
[    0.309840] ... MAX_LOCKDEP_ENTRIES:     32768
[    0.309899] ... MAX_LOCKDEP_CHAINS:      65536
[    0.309957] ... CHAINHASH_SIZE:          32768
[    0.310016]  memory used by lock dependency info: 5171 kB
[    0.310078]  per task-struct memory footprint: 1920 bytes
[    0.310146] ACPI: Core revision 20190215
[    0.310564] clocksource: hpet: mask: 0xffffffff max_cycles: 0xffffffff, max_idle_ns: 133484882848 ns
[    0.310665] hpet clockevent registered
[    0.310673] APIC: Switch to symmetric I/O mode setup
[    0.311191] ..TIMER: vector=0x30 apic1=0 pin1=2 apic2=-1 pin2=-1
[    0.330672] clocksource: tsc-early: mask: 0xffffffffffffffff max_cycles: 0x23eb2076466, max_idle_ns: 440795326716 ns
[    0.330765] Calibrating delay loop (skipped), value calculated using timer frequency.. 4983.68 BogoMIPS (lpj=9967372)
[    0.330857] pid_max: default: 32768 minimum: 301
[    0.331067] Mount-cache hash table entries: 16384 (order: 5, 131072 bytes)
[    0.331150] Mountpoint-cache hash table entries: 16384 (order: 5, 131072 bytes)
[    0.331547] *** VALIDATE proc ***
[    0.331665] *** VALIDATE cgroup1 ***
[    0.331723] *** VALIDATE cgroup2 ***
[    0.331791] Disabled fast string operations
[    0.331855] ENERGY_PERF_BIAS: Set to 'normal', was 'performance'
[    0.331919] ENERGY_PERF_BIAS: View and update with x86_energy_perf_policy(8)
[    0.331990] process: using mwait in idle threads
[    0.332052] Last level iTLB entries: 4KB 512, 2MB 8, 4MB 8
[    0.332115] Last level dTLB entries: 4KB 512, 2MB 32, 4MB 32, 1GB 0
[    0.332181] Spectre V2 : Mitigation: Full generic retpoline
[    0.332243] Spectre V2 : Spectre v2 / SpectreRSB mitigation: Filling RSB on context switch
[    0.332315] Spectre V2 : Enabling Restricted Speculation for firmware calls
[    0.332383] Spectre V2 : mitigation: Enabling conditional Indirect Branch Prediction Barrier
[    0.332455] Spectre V2 : User space: Mitigation: STIBP via prctl
[    0.332521] Speculative Store Bypass: Vulnerable
[    0.332740] Freeing SMP alternatives memory: 44K
[    0.333871] TSC deadline timer enabled
[    0.333875] smpboot: CPU0: Intel(R) Core(TM) i5-2520M CPU @ 2.50GHz (family: 0x6, model: 0x2a, stepping: 0x7)
[    0.334263] Performance Events: PEBS fmt1+, SandyBridge events, 16-deep LBR, full-width counters, Intel PMU driver.
[    0.334764] ... version:                3
[    0.334764] ... bit width:              48
[    0.334764] ... generic registers:      4
[    0.334764] ... value mask:             0000ffffffffffff
[    0.334764] ... max period:             00007fffffffffff
[    0.334764] ... fixed-purpose events:   3
[    0.334764] ... event mask:             000000070000000f
[    0.334764] rcu: Hierarchical SRCU implementation.
[    0.334764] NMI watchdog: Enabled. Permanently consumes one hw-PMU counter.
[    0.334764] smp: Bringing up secondary CPUs ...
[    0.335021] x86: Booting SMP configuration:
[    0.335084] .... node  #0, CPUs:      #1
[    0.015438] Disabled fast string operations
[    0.337436]  #2
[    0.015438] Disabled fast string operations
[    0.339285]  #3
[    0.015438] Disabled fast string operations
[    0.341581] smp: Brought up 1 node, 4 CPUs
[    0.341581] smpboot: Max logical packages: 2
[    0.341581] smpboot: Total of 4 processors activated (19934.74 BogoMIPS)
[    0.343099] devtmpfs: initialized
[    0.343244] PM: Registering ACPI NVS region [mem 0xdae9f000-0xdaf9efff] (1048576 bytes)
[    0.343560] clocksource: jiffies: mask: 0xffffffff max_cycles: 0xffffffff, max_idle_ns: 7645041785100000 ns
[    0.343654] futex hash table entries: 2048 (order: 6, 262144 bytes)
[    0.344336] NET: Registered protocol family 16
[    0.345090] cpuidle: using governor ladder
[    0.345180] cpuidle: using governor menu
[    0.345180] ACPI FADT declares the system doesn't support PCIe ASPM, so disable it
[    0.345180] ACPI: bus type PCI registered
[    0.345180] PCI: MMCONFIG for domain 0000 [bus 00-3f] at [mem 0xf8000000-0xfbffffff] (base 0xf8000000)
[    0.345180] PCI: MMCONFIG at [mem 0xf8000000-0xfbffffff] reserved in E820
[    0.345180] PCI: Using configuration type 1 for base access
[    0.345180] core: PMU erratum BJ122, BV98, HSD29 worked around, HT is on
[    0.368979] ACPI: Added _OSI(Module Device)
[    0.368979] ACPI: Added _OSI(Processor Device)
[    0.368979] ACPI: Added _OSI(3.0 _SCP Extensions)
[    0.368979] ACPI: Added _OSI(Processor Aggregator Device)
[    0.368979] ACPI: Added _OSI(Linux-Dell-Video)
[    0.368979] ACPI: Added _OSI(Linux-Lenovo-NV-HDMI-Audio)
[    0.368979] ACPI: Added _OSI(Linux-HPI-Hybrid-Graphics)
[    0.406769] ACPI: 6 ACPI AML tables successfully acquired and loaded
[    0.406769] ACPI: EC: EC started
[    0.406769] ACPI: EC: interrupt blocked
[    0.410769] ACPI: \: Used as first EC
[    0.410769] ACPI: \: GPE=0x11, EC_CMD/EC_SC=0x66, EC_DATA=0x62
[    0.410769] ACPI: EC: Boot ECDT EC used to handle transactions
[    0.410769] ACPI: [Firmware Bug]: BIOS _OSI(Linux) query ignored
[    0.424388] ACPI: Dynamic OEM Table Load:
[    0.424463] ACPI: SSDT 0xFFFF888196C07000 0008C0 (v01 PmRef  Cpu0Cst  00003001 INTL 20061109)
[    0.425081] ACPI: Dynamic OEM Table Load:
[    0.425081] ACPI: SSDT 0xFFFF8881968DE400 000303 (v01 PmRef  ApIst    00003000 INTL 20061109)
[    0.427384] ACPI: Dynamic OEM Table Load:
[    0.427384] ACPI: SSDT 0xFFFF888196808E00 000119 (v01 PmRef  ApCst    00003000 INTL 20061109)
[    0.428906] ACPI: Interpreter enabled
[    0.429020] ACPI: (supports S0 S3 S4 S5)
[    0.429083] ACPI: Using IOAPIC for interrupt routing
[    0.430794] PCI: Using host bridge windows from ACPI; if necessary, use "pci=nocrs" and report a bug
[    0.431487] ACPI: Enabled 6 GPEs in block 00 to 3F
[    0.444044] ACPI: Power Resource [PUBS] (on)
[    0.444682] acpi PNP0C0A:01: ACPI dock station (docks/bays count: 1)
[    0.448966] acpi LNXIOBAY:00: ACPI dock station (docks/bays count: 2)
[    0.455584] acpi IBM0079:00: ACPI dock station (docks/bays count: 3)
[    0.457397] ACPI: PCI Interrupt Link [LNKA] (IRQs 3 4 5 6 7 9 10 *11)
[    0.457804] ACPI: PCI Interrupt Link [LNKB] (IRQs 3 4 5 6 7 9 10 *11)
[    0.458207] ACPI: PCI Interrupt Link [LNKC] (IRQs 3 4 5 6 7 9 10 *11)
[    0.458609] ACPI: PCI Interrupt Link [LNKD] (IRQs 3 4 5 6 7 9 *10 11)
[    0.459020] ACPI: PCI Interrupt Link [LNKE] (IRQs 3 4 5 6 *7 9 10 11)
[    0.459332] ACPI: PCI Interrupt Link [LNKF] (IRQs 3 4 5 6 7 9 10 11) *0, disabled.
[    0.459740] ACPI: PCI Interrupt Link [LNKG] (IRQs 3 4 5 6 *7 9 10 11)
[    0.460142] ACPI: PCI Interrupt Link [LNKH] (IRQs 3 4 5 6 7 9 *10 11)
[    0.460470] ACPI: PCI Root Bridge [PCI0] (domain 0000 [bus 00-fe])
[    0.460545] acpi PNP0A08:00: _OSC: OS supports [ExtendedConfig ASPM ClockPM Segments]
[    0.461014] acpi PNP0A08:00: _OSC: not requesting OS control; OS requires [ExtendedConfig ASPM ClockPM MSI]
[    0.461114] acpi PNP0A08:00: [Firmware Info]: MMCONFIG for domain 0000 [bus 00-3f] only partially covers this bridge
[    0.461337] PCI host bridge to bus 0000:00
[    0.461405] pci_bus 0000:00: root bus resource [io  0x0000-0x0cf7 window]
[    0.461475] pci_bus 0000:00: root bus resource [io  0x0d00-0xffff window]
[    0.461545] pci_bus 0000:00: root bus resource [mem 0x000a0000-0x000bffff window]
[    0.461617] pci_bus 0000:00: root bus resource [mem 0xdfa00000-0xfebfffff window]
[    0.461689] pci_bus 0000:00: root bus resource [mem 0xfed40000-0xfed4bfff window]
[    0.461762] pci_bus 0000:00: root bus resource [bus 00-fe]
[    0.461846] pci 0000:00:00.0: [8086:0104] type 00 class 0x060000
[    0.462076] pci 0000:00:02.0: [8086:0126] type 00 class 0x030000
[    0.462094] pci 0000:00:02.0: reg 0x10: [mem 0xf0000000-0xf03fffff 64bit]
[    0.462104] pci 0000:00:02.0: reg 0x18: [mem 0xe0000000-0xefffffff 64bit pref]
[    0.462109] pci 0000:00:02.0: reg 0x20: [io  0x5000-0x503f]
[    0.462375] pci 0000:00:16.0: [8086:1c3a] type 00 class 0x078000
[    0.462405] pci 0000:00:16.0: reg 0x10: [mem 0xf2525000-0xf252500f 64bit]
[    0.462497] pci 0000:00:16.0: PME# supported from D0 D3hot D3cold
[    0.462714] pci 0000:00:19.0: [8086:1502] type 00 class 0x020000
[    0.462740] pci 0000:00:19.0: reg 0x10: [mem 0xf2500000-0xf251ffff]
[    0.462753] pci 0000:00:19.0: reg 0x14: [mem 0xf252b000-0xf252bfff]
[    0.462763] pci 0000:00:19.0: reg 0x18: [io  0x5080-0x509f]
[    0.462843] pci 0000:00:19.0: PME# supported from D0 D3hot D3cold
[    0.463060] pci 0000:00:1a.0: [8086:1c2d] type 00 class 0x0c0320
[    0.463096] pci 0000:00:1a.0: reg 0x10: [mem 0xf252a000-0xf252a3ff]
[    0.463199] pci 0000:00:1a.0: PME# supported from D0 D3hot D3cold
[    0.463416] pci 0000:00:1b.0: [8086:1c20] type 00 class 0x040300
[    0.463452] pci 0000:00:1b.0: reg 0x10: [mem 0xf2520000-0xf2523fff 64bit]
[    0.463551] pci 0000:00:1b.0: PME# supported from D0 D3hot D3cold
[    0.463756] pci 0000:00:1c.0: [8086:1c10] type 01 class 0x060400
[    0.463876] pci 0000:00:1c.0: PME# supported from D0 D3hot D3cold
[    0.464093] pci 0000:00:1c.1: [8086:1c12] type 01 class 0x060400
[    0.464222] pci 0000:00:1c.1: PME# supported from D0 D3hot D3cold
[    0.464441] pci 0000:00:1c.3: [8086:1c16] type 01 class 0x060400
[    0.464565] pci 0000:00:1c.3: PME# supported from D0 D3hot D3cold
[    0.464781] pci 0000:00:1c.4: [8086:1c18] type 01 class 0x060400
[    0.464950] pci 0000:00:1c.4: PME# supported from D0 D3hot D3cold
[    0.465179] pci 0000:00:1d.0: [8086:1c26] type 00 class 0x0c0320
[    0.465210] pci 0000:00:1d.0: reg 0x10: [mem 0xf2529000-0xf25293ff]
[    0.465314] pci 0000:00:1d.0: PME# supported from D0 D3hot D3cold
[    0.465520] pci 0000:00:1f.0: [8086:1c4f] type 00 class 0x060100
[    0.465843] pci 0000:00:1f.2: [8086:1c03] type 00 class 0x010601
[    0.465875] pci 0000:00:1f.2: reg 0x10: [io  0x50a8-0x50af]
[    0.465884] pci 0000:00:1f.2: reg 0x14: [io  0x50bc-0x50bf]
[    0.465893] pci 0000:00:1f.2: reg 0x18: [io  0x50a0-0x50a7]
[    0.465902] pci 0000:00:1f.2: reg 0x1c: [io  0x50b8-0x50bb]
[    0.465911] pci 0000:00:1f.2: reg 0x20: [io  0x5060-0x507f]
[    0.465920] pci 0000:00:1f.2: reg 0x24: [mem 0xf2528000-0xf25287ff]
[    0.465976] pci 0000:00:1f.2: PME# supported from D3hot
[    0.466176] pci 0000:00:1f.3: [8086:1c22] type 00 class 0x0c0500
[    0.466212] pci 0000:00:1f.3: reg 0x10: [mem 0xf2524000-0xf25240ff 64bit]
[    0.466236] pci 0000:00:1f.3: reg 0x20: [io  0xefa0-0xefbf]
[    0.466527] pci 0000:00:1c.0: PCI bridge to [bus 02]
[    0.466738] pci 0000:03:00.0: [8086:0084] type 00 class 0x028000
[    0.466815] pci 0000:03:00.0: reg 0x10: [mem 0xf2400000-0xf2401fff 64bit]
[    0.467083] pci 0000:03:00.0: PME# supported from D0 D3hot D3cold
[    0.467302] pci 0000:00:1c.1: PCI bridge to [bus 03]
[    0.467371] pci 0000:00:1c.1:   bridge window [mem 0xf2400000-0xf24fffff]
[    0.467459] pci 0000:00:1c.3: PCI bridge to [bus 05-0c]
[    0.467533] pci 0000:00:1c.3:   bridge window [io  0x4000-0x4fff]
[    0.467538] pci 0000:00:1c.3:   bridge window [mem 0xf1c00000-0xf23fffff]
[    0.467545] pci 0000:00:1c.3:   bridge window [mem 0xf0400000-0xf0bfffff 64bit pref]
[    0.467822] pci 0000:0d:00.0: [1180:e823] type 00 class 0x088001
[    0.467853] pci 0000:0d:00.0: MMC controller base frequency changed to 50Mhz.
[    0.468139] pci 0000:0d:00.0: reg 0x10: [mem 0xf1400000-0xf14000ff]
[    0.468430] pci 0000:0d:00.0: supports D1 D2
[    0.468432] pci 0000:0d:00.0: PME# supported from D0 D1 D2 D3hot D3cold
[    0.468891] pci 0000:00:1c.4: PCI bridge to [bus 0d]
[    0.468959] pci 0000:00:1c.4:   bridge window [io  0x3000-0x3fff]
[    0.468965] pci 0000:00:1c.4:   bridge window [mem 0xf1400000-0xf1bfffff]
[    0.468973] pci 0000:00:1c.4:   bridge window [mem 0xf0c00000-0xf13fffff 64bit pref]
[    0.469008] pci_bus 0000:00: on NUMA node 0
[    0.471937] ACPI: EC: interrupt unblocked
[    0.472020] ACPI: EC: event unblocked
[    0.472122] ACPI: \_SB_.PCI0.LPC_.EC__: GPE=0x11, EC_CMD/EC_SC=0x66, EC_DATA=0x62
[    0.472195] ACPI: \_SB_.PCI0.LPC_.EC__: Boot DSDT EC used to handle transactions and events
[    0.472495] pci 0000:00:02.0: vgaarb: setting as boot VGA device
[    0.472495] pci 0000:00:02.0: vgaarb: VGA device added: decodes=io+mem,owns=io+mem,locks=none
[    0.472495] pci 0000:00:02.0: vgaarb: bridge control possible
[    0.472495] vgaarb: loaded
[    0.472676] SCSI subsystem initialized
[    0.472676] libata version 3.00 loaded.
[    0.472676] ACPI: bus type USB registered
[    0.472676] usbcore: registered new interface driver usbfs
[    0.472676] usbcore: registered new interface driver hub
[    0.472676] usbcore: registered new device driver usb
[    0.472676] media: Linux media interface: v0.10
[    0.472676] videodev: Linux video capture interface: v2.00
[    0.472676] pps_core: LinuxPPS API ver. 1 registered
[    0.472676] pps_core: Software ver. 5.3.6 - Copyright 2005-2007 Rodolfo Giometti <giometti@linux.it>
[    0.472676] PTP clock support registered
[    0.472676] EDAC MC: Ver: 3.0.0
[    0.475026] Advanced Linux Sound Architecture Driver Initialized.
[    0.475178] PCI: Using ACPI for IRQ routing
[    0.477043] PCI: pci_cache_line_size set to 64 bytes
[    0.477297] e820: reserve RAM buffer [mem 0x0009d800-0x0009ffff]
[    0.477300] e820: reserve RAM buffer [mem 0xda99f000-0xdbffffff]
[    0.477302] e820: reserve RAM buffer [mem 0xdb000000-0xdbffffff]
[    0.477304] e820: reserve RAM buffer [mem 0x19e600000-0x19fffffff]
[    0.477674] Bluetooth: Core ver 2.22
[    0.477764] NET: Registered protocol family 31
[    0.477825] Bluetooth: HCI device and connection manager initialized
[    0.477897] Bluetooth: HCI socket layer initialized
[    0.477960] Bluetooth: L2CAP socket layer initialized
[    0.478033] Bluetooth: SCO socket layer initialized
[    0.478172] clocksource: Switched to clocksource tsc-early
[    0.478172] pnp: PnP ACPI init
[    0.478172] system 00:00: [mem 0x00000000-0x0009ffff] could not be reserved
[    0.478172] system 00:00: [mem 0x000c0000-0x000c3fff] could not be reserved
[    0.478172] system 00:00: [mem 0x000c4000-0x000c7fff] could not be reserved
[    0.478172] system 00:00: [mem 0x000c8000-0x000cbfff] has been reserved
[    0.478172] system 00:00: [mem 0x000cc000-0x000cffff] has been reserved
[    0.478172] system 00:00: [mem 0x000d0000-0x000d3fff] has been reserved
[    0.478172] system 00:00: [mem 0x000d4000-0x000d7fff] has been reserved
[    0.478172] system 00:00: [mem 0x000d8000-0x000dbfff] has been reserved
[    0.478172] system 00:00: [mem 0x000dc000-0x000dffff] has been reserved
[    0.478172] system 00:00: [mem 0x000e0000-0x000e3fff] could not be reserved
[    0.478172] system 00:00: [mem 0x000e4000-0x000e7fff] could not be reserved
[    0.478172] system 00:00: [mem 0x000e8000-0x000ebfff] could not be reserved
[    0.478172] system 00:00: [mem 0x000ec000-0x000effff] could not be reserved
[    0.478172] system 00:00: [mem 0x000f0000-0x000fffff] could not be reserved
[    0.478172] system 00:00: [mem 0x00100000-0xdf9fffff] could not be reserved
[    0.478172] system 00:00: [mem 0xfec00000-0xfed3ffff] could not be reserved
[    0.478172] system 00:00: [mem 0xfed4c000-0xffffffff] could not be reserved
[    0.478172] system 00:00: Plug and Play ACPI device, IDs PNP0c01 (active)
[    0.478172] system 00:01: [io  0x0400-0x047f] has been reserved
[    0.478172] system 00:01: [io  0x0500-0x057f] has been reserved
[    0.478172] system 00:01: [io  0x0800-0x080f] has been reserved
[    0.478238] system 00:01: [io  0x15e0-0x15ef] has been reserved
[    0.478305] system 00:01: [io  0x1600-0x167f] has been reserved
[    0.478373] system 00:01: [mem 0xf8000000-0xfbffffff] has been reserved
[    0.478443] system 00:01: [mem 0x00000000-0x00000fff] could not be reserved
[    0.478514] system 00:01: [mem 0xfed1c000-0xfed1ffff] has been reserved
[    0.478584] system 00:01: [mem 0xfed10000-0xfed13fff] has been reserved
[    0.478653] system 00:01: [mem 0xfed18000-0xfed18fff] has been reserved
[    0.478723] system 00:01: [mem 0xfed19000-0xfed19fff] has been reserved
[    0.478797] system 00:01: [mem 0xfed45000-0xfed4bfff] has been reserved
[    0.478874] system 00:01: Plug and Play ACPI device, IDs PNP0c02 (active)
[    0.478950] pnp 00:02: Plug and Play ACPI device, IDs PNP0b00 (active)
[    0.479118] pnp 00:03: Plug and Play ACPI device, IDs PNP0303 (active)
[    0.479177] pnp 00:04: Plug and Play ACPI device, IDs LEN0020 PNP0f13 (active)
[    0.479238] pnp 00:05: Plug and Play ACPI device, IDs SMO1200 PNP0c31 (active)
[    0.480364] pnp: PnP ACPI: found 6 devices
[    0.491245] clocksource: acpi_pm: mask: 0xffffff max_cycles: 0xffffff, max_idle_ns: 2085701024 ns
[    0.491357] pci 0000:00:1c.0: bridge window [io  0x1000-0x0fff] to [bus 02] add_size 1000
[    0.491362] pci 0000:00:1c.0: bridge window [mem 0x00100000-0x000fffff 64bit pref] to [bus 02] add_size 200000 add_align 100000
[    0.491365] pci 0000:00:1c.0: bridge window [mem 0x00100000-0x000fffff] to [bus 02] add_size 200000 add_align 100000
[    0.491382] pci 0000:00:1c.0: BAR 8: assigned [mem 0xdfa00000-0xdfbfffff]
[    0.491464] pci 0000:00:1c.0: BAR 9: assigned [mem 0xdfc00000-0xdfdfffff 64bit pref]
[    0.491546] pci 0000:00:1c.0: BAR 7: assigned [io  0x2000-0x2fff]
[    0.491624] pci 0000:00:1c.0: PCI bridge to [bus 02]
[    0.491694] pci 0000:00:1c.0:   bridge window [io  0x2000-0x2fff]
[    0.491773] pci 0000:00:1c.0:   bridge window [mem 0xdfa00000-0xdfbfffff]
[    0.491853] pci 0000:00:1c.0:   bridge window [mem 0xdfc00000-0xdfdfffff 64bit pref]
[    0.491941] pci 0000:00:1c.1: PCI bridge to [bus 03]
[    0.492015] pci 0000:00:1c.1:   bridge window [mem 0xf2400000-0xf24fffff]
[    0.492102] pci 0000:00:1c.3: PCI bridge to [bus 05-0c]
[    0.492174] pci 0000:00:1c.3:   bridge window [io  0x4000-0x4fff]
[    0.492252] pci 0000:00:1c.3:   bridge window [mem 0xf1c00000-0xf23fffff]
[    0.492331] pci 0000:00:1c.3:   bridge window [mem 0xf0400000-0xf0bfffff 64bit pref]
[    0.492417] pci 0000:00:1c.4: PCI bridge to [bus 0d]
[    0.492481] pci 0000:00:1c.4:   bridge window [io  0x3000-0x3fff]
[    0.492552] pci 0000:00:1c.4:   bridge window [mem 0xf1400000-0xf1bfffff]
[    0.492624] pci 0000:00:1c.4:   bridge window [mem 0xf0c00000-0xf13fffff 64bit pref]
[    0.492704] pci_bus 0000:00: resource 4 [io  0x0000-0x0cf7 window]
[    0.492706] pci_bus 0000:00: resource 5 [io  0x0d00-0xffff window]
[    0.492707] pci_bus 0000:00: resource 6 [mem 0x000a0000-0x000bffff window]
[    0.492709] pci_bus 0000:00: resource 7 [mem 0xdfa00000-0xfebfffff window]
[    0.492711] pci_bus 0000:00: resource 8 [mem 0xfed40000-0xfed4bfff window]
[    0.492713] pci_bus 0000:02: resource 0 [io  0x2000-0x2fff]
[    0.492715] pci_bus 0000:02: resource 1 [mem 0xdfa00000-0xdfbfffff]
[    0.492716] pci_bus 0000:02: resource 2 [mem 0xdfc00000-0xdfdfffff 64bit pref]
[    0.492718] pci_bus 0000:03: resource 1 [mem 0xf2400000-0xf24fffff]
[    0.492720] pci_bus 0000:05: resource 0 [io  0x4000-0x4fff]
[    0.492722] pci_bus 0000:05: resource 1 [mem 0xf1c00000-0xf23fffff]
[    0.492724] pci_bus 0000:05: resource 2 [mem 0xf0400000-0xf0bfffff 64bit pref]
[    0.492725] pci_bus 0000:0d: resource 0 [io  0x3000-0x3fff]
[    0.492727] pci_bus 0000:0d: resource 1 [mem 0xf1400000-0xf1bfffff]
[    0.492729] pci_bus 0000:0d: resource 2 [mem 0xf0c00000-0xf13fffff 64bit pref]
[    0.493013] NET: Registered protocol family 2
[    0.493651] tcp_listen_portaddr_hash hash table entries: 4096 (order: 6, 294912 bytes)
[    0.493867] TCP established hash table entries: 65536 (order: 7, 524288 bytes)
[    0.494036] TCP bind hash table entries: 65536 (order: 10, 4194304 bytes)
[    0.496276] TCP: Hash tables configured (established 65536 bind 65536)
[    0.496688] UDP hash table entries: 4096 (order: 7, 655360 bytes)
[    0.497548] UDP-Lite hash table entries: 4096 (order: 7, 655360 bytes)
[    0.498016] NET: Registered protocol family 1
[    0.498430] RPC: Registered named UNIX socket transport module.
[    0.498497] RPC: Registered udp transport module.
[    0.498558] RPC: Registered tcp transport module.
[    0.498620] RPC: Registered tcp NFSv4.1 backchannel transport module.
[    0.498967] pci 0000:00:02.0: Video device with shadowed ROM at [mem 0x000c0000-0x000dffff]
[    0.500081] PCI: CLS 64 bytes, default 64
[    0.500142] PCI-DMA: Using software bounce buffering for IO (SWIOTLB)
[    0.500210] software IO TLB: mapped [mem 0xd699f000-0xda99f000] (64MB)
[    0.502624] Initialise system trusted keyrings
[    0.502804] workingset: timestamp_bits=62 max_order=21 bucket_order=0
[    0.504131] Installing knfsd (copyright (C) 1996 okir@monad.swb.de).
[    0.504801] ntfs: driver 2.1.32 [Flags: R/W].
[    0.504971] fuse init (API version 7.29)
[    0.509020] Key type asymmetric registered
[    0.509087] Asymmetric key parser 'x509' registered
[    0.509180] Block layer SCSI generic (bsg) driver version 0.4 loaded (major 249)
[    0.509265] io scheduler mq-deadline registered
[    0.509353] io scheduler bfq registered
[    0.509671] pcieport 0000:00:1c.0: enabling device (0000 -> 0003)
[    0.511321] intel_idle: MWAIT substates: 0x21120
[    0.511324] intel_idle: v0.4.1 model 0x2A
[    0.511902] intel_idle: lapic_timer_reliable_states 0xffffffff
[    0.512222] ACPI: Deprecated procfs I/F for AC is loaded, please retry with CONFIG_ACPI_PROCFS_POWER cleared
[    0.512403] ACPI: AC Adapter [AC] (on-line)
[    0.512694] input: Lid Switch as /devices/LNXSYSTM:00/LNXSYBUS:00/PNP0C0D:00/input/input0
[    0.512926] ACPI: Lid Switch [LID]
[    0.513094] input: Sleep Button as /devices/LNXSYSTM:00/LNXSYBUS:00/PNP0C0E:00/input/input1
[    0.513209] ACPI: Sleep Button [SLPB]
[    0.513402] input: Power Button as /devices/LNXSYSTM:00/LNXPWRBN:00/input/input2
[    0.513511] ACPI: Power Button [PWRF]
[    0.517029] thermal LNXTHERM:00: registered as thermal_zone0
[    0.517098] ACPI: Thermal Zone [THM0] (61 C)
[    0.517517] Serial: 8250/16550 driver, 4 ports, IRQ sharing disabled
[    0.517668] battery: ACPI: Deprecated procfs I/F for battery is loaded, please retry with CONFIG_ACPI_PROCFS_POWER cleared
[    0.517802] battery: ACPI: Battery Slot [BAT0] (battery absent)
[    0.518902] lp: driver loaded but no devices found
[    0.519073] Non-volatile memory driver v1.3
[    0.519370] Linux agpgart interface v0.103
[    0.519730] [drm] radeon kernel modesetting enabled.
[    0.520743] i915 0000:00:02.0: vgaarb: deactivate vga console
[    0.521280] Console: switching to colour dummy device 80x25
[    0.531534] [drm] Supports vblank timestamp caching Rev 2 (21.10.2013).
[    0.531552] [drm] Driver supports precise vblank timestamp query.
[    0.532467] i915 0000:00:02.0: vgaarb: changed VGA decodes: olddecodes=io+mem,decodes=io+mem:owns=io+mem
[    0.617138] [drm] Initialized i915 1.6.0 20190207 for 0000:00:02.0 on minor 0
[    0.619087] ACPI: Video Device [VID] (multi-head: yes  rom: no  post: no)
[    0.619658] input: Video Bus as /devices/LNXSYSTM:00/LNXSYBUS:00/PNP0A08:00/LNXVIDEO:00/input/input3
[    0.619977] usbcore: registered new interface driver udl
[    0.628599] loop: module loaded
[    0.642998] ahci 0000:00:1f.2: version 3.0
[    0.643591] ahci 0000:00:1f.2: SSS flag set, parallel bus scan disabled
[    0.654836] ahci 0000:00:1f.2: AHCI 0001.0300 32 slots 6 ports 6 Gbps 0x17 impl SATA mode
[    0.654865] ahci 0000:00:1f.2: flags: 64bit ncq sntf ilck stag pm led clo pio slum part ems sxs apst 
[    0.692670] scsi host0: ahci
[    0.693086] scsi host1: ahci
[    0.693378] scsi host2: ahci
[    0.693671] scsi host3: ahci
[    0.693955] scsi host4: ahci
[    0.694252] scsi host5: ahci
[    0.694464] ata1: SATA max UDMA/133 abar m2048@0xf2528000 port 0xf2528100 irq 19
[    0.694491] ata2: SATA max UDMA/133 abar m2048@0xf2528000 port 0xf2528180 irq 19
[    0.694518] ata3: SATA max UDMA/133 abar m2048@0xf2528000 port 0xf2528200 irq 19
[    0.694533] ata4: DUMMY
[    0.694539] ata5: SATA max UDMA/133 abar m2048@0xf2528000 port 0xf2528300 irq 19
[    0.694554] ata6: DUMMY
[    0.695309] tun: Universal TUN/TAP device driver, 1.6
[    0.695667] e1000e: Intel(R) PRO/1000 Network Driver - 3.2.6-k
[    0.695685] e1000e: Copyright(c) 1999 - 2015 Intel Corporation.
[    0.696156] e1000e 0000:00:19.0: Interrupt Throttling Rate (ints/sec) set to dynamic conservative mode
[    0.794006] e1000e 0000:00:19.0 0000:00:19.0 (uninitialized): registered PHC clock
[    0.887521] e1000e 0000:00:19.0 eth0: (PCI Express:2.5GT/s:Width x1) f0:de:f1:e3:99:75
[    0.887539] e1000e 0000:00:19.0 eth0: Intel(R) PRO/1000 Network Connection
[    0.887602] e1000e 0000:00:19.0 eth0: MAC: 10, PHY: 11, PBA No: 1000FF-0FF
[    0.887775] PPP generic driver version 2.4.2
[    0.887940] PPP BSD Compression module registered
[    0.887950] PPP Deflate Compression module registered
[    0.887960] SLIP: version 0.8.4-NET3.019-NEWTTY (dynamic channels, max=256).
[    0.887973] CSLIP: code copyright 1989 Regents of the University of California.
[    0.888022] iwl3945: Intel(R) PRO/Wireless 3945ABG/BG Network Connection driver for Linux, in-tree:ds
[    0.888039] iwl3945: Copyright(c) 2003-2011 Intel Corporation
[    0.888050] iwl3945: hw_scan is disabled
[    0.888088] Intel(R) Wireless WiFi driver for Linux
[    0.888102] Copyright(c) 2003- 2015 Intel Corporation
[    0.888507] iwlwifi 0000:03:00.0: pci_enable_msi failed - -38
[    0.888777] usbcore: registered new interface driver ax88179_178a
[    0.888830] usbcore: registered new interface driver cdc_ether
[    0.888876] usbcore: registered new interface driver cdc_eem
[    0.888922] usbcore: registered new interface driver net1080
[    0.888973] usbcore: registered new interface driver cdc_subset
[    0.889023] usbcore: registered new interface driver zaurus
[    0.889079] usbcore: registered new interface driver cdc_ncm
[    0.889129] usbcore: registered new interface driver cdc_mbim
[    0.889424] ehci_hcd: USB 2.0 'Enhanced' Host Controller (EHCI) Driver
[    0.889457] ehci-pci: EHCI PCI platform driver
[    0.889502] iwlwifi 0000:03:00.0: loaded firmware version 39.31.5.1 build 35138 op_mode iwldvm
[    0.889675] iwlwifi 0000:03:00.0: CONFIG_IWLWIFI_DEBUG disabled
[    0.889700] iwlwifi 0000:03:00.0: CONFIG_IWLWIFI_DEBUGFS disabled
[    0.889724] iwlwifi 0000:03:00.0: CONFIG_IWLWIFI_DEVICE_TRACING disabled
[    0.889750] iwlwifi 0000:03:00.0: Detected Intel(R) Centrino(R) Wireless-N 1000 BGN, REV=0x6C
[    0.889918] ehci-pci 0000:00:1a.0: EHCI Host Controller
[    0.890113] ehci-pci 0000:00:1a.0: new USB bus registered, assigned bus number 1
[    0.890162] ehci-pci 0000:00:1a.0: debug port 2
[    0.894125] ehci-pci 0000:00:1a.0: cache line size of 64 is not supported
[    0.894135] ehci-pci 0000:00:1a.0: irq 16, io mem 0xf252a000
[    0.904270] fbcon: inteldrmfb (fb0) is primary device
[    0.906811] ehci-pci 0000:00:1a.0: USB 2.0 started, EHCI 1.00
[    0.907351] usb usb1: New USB device found, idVendor=1d6b, idProduct=0002, bcdDevice= 5.01
[    0.907354] usb usb1: New USB device strings: Mfr=3, Product=2, SerialNumber=1
[    0.907355] usb usb1: Product: EHCI Host Controller
[    0.907357] usb usb1: Manufacturer: Linux 5.1.0-rc1+ ehci_hcd
[    0.907358] usb usb1: SerialNumber: 0000:00:1a.0
[    0.907767] hub 1-0:1.0: USB hub found
[    0.907821] hub 1-0:1.0: 3 ports detected
[    0.909034] ehci-pci 0000:00:1d.0: EHCI Host Controller
[    0.909157] ehci-pci 0000:00:1d.0: new USB bus registered, assigned bus number 2
[    0.909186] ehci-pci 0000:00:1d.0: debug port 2
[    0.913145] ehci-pci 0000:00:1d.0: cache line size of 64 is not supported
[    0.913175] ehci-pci 0000:00:1d.0: irq 23, io mem 0xf2529000
[    0.926911] ehci-pci 0000:00:1d.0: USB 2.0 started, EHCI 1.00
[    0.927377] usb usb2: New USB device found, idVendor=1d6b, idProduct=0002, bcdDevice= 5.01
[    0.927379] usb usb2: New USB device strings: Mfr=3, Product=2, SerialNumber=1
[    0.927381] usb usb2: Product: EHCI Host Controller
[    0.927382] usb usb2: Manufacturer: Linux 5.1.0-rc1+ ehci_hcd
[    0.927384] usb usb2: SerialNumber: 0000:00:1d.0
[    0.927816] hub 2-0:1.0: USB hub found
[    0.927850] hub 2-0:1.0: 3 ports detected
[    0.928362] ohci_hcd: USB 1.1 'Open' Host Controller (OHCI) Driver
[    0.928374] ohci-pci: OHCI PCI platform driver
[    0.928412] uhci_hcd: USB Universal Host Controller Interface driver
[    0.928597] usbcore: registered new interface driver cdc_acm
[    0.928598] cdc_acm: USB Abstract Control Model driver for USB modems and ISDN adapters
[    0.928643] usbcore: registered new interface driver usblp
[    0.928682] usbcore: registered new interface driver cdc_wdm
[    0.928726] usbcore: registered new interface driver usb-storage
[    0.928761] usbcore: registered new interface driver ums-sddr09
[    0.928872] usbcore: registered new interface driver usbserial_generic
[    0.928922] usbserial: USB Serial support registered for generic
[    0.928944] usbcore: registered new interface driver ch341
[    0.928964] usbserial: USB Serial support registered for ch341-uart
[    0.928984] usbcore: registered new interface driver ftdi_sio
[    0.929003] usbserial: USB Serial support registered for FTDI USB Serial Device
[    0.929051] usbcore: registered new interface driver option
[    0.929077] usbserial: USB Serial support registered for GSM modem (1-port)
[    0.929140] usbcore: registered new interface driver pl2303
[    0.929162] usbserial: USB Serial support registered for pl2303
[    0.929195] usbcore: registered new interface driver ti_usb_3410_5052
[    0.929223] usbserial: USB Serial support registered for TI USB 3410 1 port adapter
[    0.929248] usbserial: USB Serial support registered for TI USB 5052 2 port adapter
[    0.929251] ftdi_elan: driver ftdi-elan
[    0.929278] usbcore: registered new interface driver ftdi-elan
[    0.929383] i8042: PNP: PS/2 Controller [PNP0303:KBD,PNP0f13:MOU] at 0x60,0x64 irq 1,12
[    0.933336] serio: i8042 KBD port at 0x60,0x64 irq 1
[    0.933358] serio: i8042 AUX port at 0x60,0x64 irq 12
[    0.933669] mousedev: PS/2 mouse device common for all mice
[    0.934277] input: PC Speaker as /devices/platform/pcspkr/input/input4
[    0.934564] rtc_cmos 00:02: RTC can wake from S4
[    0.934920] rtc_cmos 00:02: registered as rtc0
[    0.935045] rtc_cmos 00:02: alarms up to one month, y3k, 114 bytes nvram, hpet irqs
[    0.935147] usbcore: registered new interface driver uvcvideo
[    0.935148] USB Video Class driver (1.1.1)
[    0.935148] gspca_main: v2.14.0 registered
[    0.935175] usbcore: registered new interface driver sq930x
[    0.935293] ieee80211 phy0: Selected rate control algorithm 'iwl-agn-rs'
[    0.936728] device-mapper: ioctl: 4.40.0-ioctl (2019-01-18) initialised: dm-devel@redhat.com
[    0.936732] Bluetooth: HCI UART driver ver 2.3
[    0.936734] Bluetooth: HCI UART protocol H4 registered
[    0.936735] Bluetooth: HCI UART protocol BCSP registered
[    0.936794] usbcore: registered new interface driver btusb
[    0.936800] intel_pstate: Intel P-state driver initializing
[    0.937167] sdhci: Secure Digital Host Controller Interface driver
[    0.937170] sdhci: Copyright(c) Pierre Ossman
[    0.937242] sdhci-pci 0000:0d:00.0: SDHCI controller found [1180:e823] (rev 4)
[    0.938460] input: AT Translated Set 2 keyboard as /devices/platform/i8042/serio0/input/input5
[    0.939204] mmc0 bounce up to 128 segments into one, max segment size 65536 bytes
[    0.940566] mmc0: SDHCI controller on PCI [0000:0d:00.0] using DMA
[    0.940965] hidraw: raw HID events driver (C) Jiri Kosina
[    0.942711] usbcore: registered new interface driver usbhid
[    0.942714] usbhid: USB HID core driver
[    0.945639] thinkpad_acpi: ThinkPad ACPI Extras v0.26
[    0.945644] thinkpad_acpi: http://ibm-acpi.sf.net/
[    0.945647] thinkpad_acpi: ThinkPad BIOS 8DET74WW (1.44 ), EC unknown
[    0.945651] thinkpad_acpi: Lenovo ThinkPad X220, model 42872WU
[    0.950091] thinkpad_acpi: radio switch found; radios are enabled
[    0.950348] thinkpad_acpi: Tablet mode switch found (type: MHKG), currently in laptop mode
[    0.950368] thinkpad_acpi: This ThinkPad has standard ACPI backlight brightness control, supported by the ACPI video driver
[    0.950369] thinkpad_acpi: Disabling thinkpad-acpi brightness events by default...
[    0.955146] thinkpad_acpi: rfkill switch tpacpi_bluetooth_sw: radio is unblocked
[    0.956826] thinkpad_acpi: warning: userspace override of important firmware LEDs is enabled
[    0.956843] thinkpad_acpi: Standard ACPI backlight interface available, not loading native one
[    0.956844] thinkpad_acpi: volume: disabled as there is no ALSA support in this kernel
[    0.957294] battery: new extension: ThinkPad Battery Extension
[    0.957412] input: ThinkPad Extra Buttons as /devices/platform/thinkpad_acpi/input/input8
[    0.957929] random: fast init done
[    0.959213] usbcore: registered new interface driver snd-usb-audio
[    0.961582] NET: Registered protocol family 17
[    0.961711] Bluetooth: RFCOMM TTY layer initialized
[    0.961740] Bluetooth: RFCOMM socket layer initialized
[    0.961754] Bluetooth: RFCOMM ver 1.11
[    0.961766] Bluetooth: BNEP (Ethernet Emulation) ver 1.3
[    0.961767] Bluetooth: BNEP filters: protocol multicast
[    0.961772] Bluetooth: BNEP socket layer initialized
[    0.961773] Bluetooth: HIDP (Human Interface Emulation) ver 1.2
[    0.961777] Bluetooth: HIDP socket layer initialized
[    0.961999] microcode: sig=0x206a7, pf=0x10, revision=0x2d
[    0.962178] microcode: Microcode Update Driver: v2.2.
[    0.962218] sched_clock: Marking stable (950708219, 11438724)->(973086071, -10939128)
[    0.962816] Loading compiled-in X.509 certificates
[    0.963422] Key type encrypted registered
[    0.963773] rtc_cmos 00:02: setting system clock to 2019-03-18T10:36:04 UTC (1552905364)
[    0.963883] cfg80211: Loading compiled-in X.509 certificates for regulatory database
[    0.964703] cfg80211: Loaded X.509 cert 'sforshee: 00b28ddf47aef9cea7'
[    0.964902] platform regulatory.0: Direct firmware load for regulatory.db failed with error -2
[    0.964922] cfg80211: failed to load regulatory.db
[    1.011040] ata1: SATA link up 1.5 Gbps (SStatus 113 SControl 300)
[    1.012518] ata1.00: ACPI cmd ef/02:00:00:00:00:a0 (SET FEATURES) succeeded
[    1.012525] ata1.00: ACPI cmd f5/00:00:00:00:00:a0 (SECURITY FREEZE LOCK) filtered out
[    1.012531] ata1.00: ACPI cmd ef/10:03:00:00:00:a0 (SET FEATURES) filtered out
[    1.013684] ata1.00: ATA-8: Hitachi HTS545050A7E380, GG2OA7J0, max UDMA/133
[    1.013690] ata1.00: 976773168 sectors, multi 16: LBA48 NCQ (depth 32), AA
[    1.015258] ata1.00: ACPI cmd ef/02:00:00:00:00:a0 (SET FEATURES) succeeded
[    1.015265] ata1.00: ACPI cmd f5/00:00:00:00:00:a0 (SECURITY FREEZE LOCK) filtered out
[    1.015270] ata1.00: ACPI cmd ef/10:03:00:00:00:a0 (SET FEATURES) filtered out
[    1.016375] ata1.00: configured for UDMA/133
[    1.242903] usb 1-1: new high-speed USB device number 2 using ehci-pci
[    1.262909] usb 2-1: new high-speed USB device number 2 using ehci-pci
[    1.271437] snd_hda_intel 0000:00:1b.0: bound 0000:00:02.0 (ops i915_audio_component_bind_ops)
[    1.293107] snd_hda_codec_generic hdaudioC0D0: autoconfig for Generic: line_outs=1 (0x1f/0x0/0x0/0x0/0x0) type:speaker
[    1.293115] snd_hda_codec_generic hdaudioC0D0:    speaker_outs=0 (0x0/0x0/0x0/0x0/0x0)
[    1.293120] snd_hda_codec_generic hdaudioC0D0:    hp_outs=1 (0x19/0x0/0x0/0x0/0x0)
[    1.293124] snd_hda_codec_generic hdaudioC0D0:    mono: mono_out=0x0
[    1.293128] snd_hda_codec_generic hdaudioC0D0:    inputs:
[    1.293135] snd_hda_codec_generic hdaudioC0D0:      Internal Mic=0x23
[    1.293141] snd_hda_codec_generic hdaudioC0D0:      Mic=0x1b
[    1.294440] Console: switching to colour frame buffer device 102x42
[    1.299027] snd_hda_codec_generic hdaudioC0D3: ignore pin 0x7, too many assigned pins
[    1.299029] snd_hda_codec_generic hdaudioC0D3: autoconfig for Generic: line_outs=0 (0x0/0x0/0x0/0x0/0x0) type:line
[    1.299030] snd_hda_codec_generic hdaudioC0D3:    speaker_outs=0 (0x0/0x0/0x0/0x0/0x0)
[    1.299031] snd_hda_codec_generic hdaudioC0D3:    hp_outs=0 (0x0/0x0/0x0/0x0/0x0)
[    1.299032] snd_hda_codec_generic hdaudioC0D3:    mono: mono_out=0x0
[    1.299033] snd_hda_codec_generic hdaudioC0D3:    dig-out=0x5/0x6
[    1.299034] snd_hda_codec_generic hdaudioC0D3:    inputs:
[    1.301044] input: HDA Intel PCH Mic as /devices/pci0000:00/0000:00:1b.0/sound/card0/input9
[    1.301199] input: HDA Intel PCH Headphone as /devices/pci0000:00/0000:00:1b.0/sound/card0/input10
[    1.301342] input: HDA Intel PCH HDMI as /devices/pci0000:00/0000:00:1b.0/sound/card0/input11
[    1.301492] input: HDA Intel PCH HDMI as /devices/pci0000:00/0000:00:1b.0/sound/card0/input12
[    1.403731] usb 1-1: New USB device found, idVendor=8087, idProduct=0024, bcdDevice= 0.00
[    1.404204] i915 0000:00:02.0: fb0: inteldrmfb frame buffer device
[    1.407399] usb 1-1: New USB device strings: Mfr=0, Product=0, SerialNumber=0
[    1.440036] hub 1-1:1.0: USB hub found
[    1.440158] scsi 0:0:0:0: Direct-Access     ATA      Hitachi HTS54505 A7J0 PQ: 0 ANSI: 5
[    1.441278] usb 2-1: New USB device found, idVendor=8087, idProduct=0024, bcdDevice= 0.00
[    1.443176] sd 0:0:0:0: [sda] 976773168 512-byte logical blocks: (500 GB/466 GiB)
[    1.443257] sd 0:0:0:0: Attached scsi generic sg0 type 0
[    1.443596] usb 2-1: New USB device strings: Mfr=0, Product=0, SerialNumber=0
[    1.444464] sd 0:0:0:0: [sda] 4096-byte physical blocks
[    1.445403] hub 1-1:1.0: 6 ports detected
[    1.446237] sd 0:0:0:0: [sda] Write Protect is off
[    1.447907] hub 2-1:1.0: USB hub found
[    1.448907] sd 0:0:0:0: [sda] Mode Sense: 00 3a 00 00
[    1.450217] hub 2-1:1.0: 8 ports detected
[    1.451653] sd 0:0:0:0: [sda] Write cache: enabled, read cache: enabled, doesn't support DPO or FUA
[    1.454351] sd 0:0:0:0: [sda] Optimal transfer size 0 bytes < PAGE_SIZE (4096 bytes)
[    1.501934]  sda: sda1 sda2 sda3 sda4
[    1.509768] sd 0:0:0:0: [sda] Attached SCSI disk
[    1.523075] tsc: Refined TSC clocksource calibration: 2491.904 MHz
[    1.526191] clocksource: tsc: mask: 0xffffffffffffffff max_cycles: 0x23eb59c9ee2, max_idle_ns: 440795321417 ns
[    1.529755] clocksource: Switched to clocksource tsc
[    1.743014] usb 1-1.3: new full-speed USB device number 3 using ehci-pci
[    1.746916] usb 2-1.1: new full-speed USB device number 3 using ehci-pci
[    1.762912] ata2: SATA link down (SStatus 0 SControl 300)
[    1.822130] psmouse serio1: synaptics: queried max coordinates: x [..5472], y [..4448]
[    1.857754] usb 1-1.3: New USB device found, idVendor=147e, idProduct=2016, bcdDevice= 0.02
[    1.861586] usb 1-1.3: New USB device strings: Mfr=1, Product=2, SerialNumber=0
[    1.862922] usb 1-1.3: Product: Biometric Coprocessor
[    1.864305] usb 1-1.3: Manufacturer: UPEK
[    1.874455] usb 2-1.1: New USB device found, idVendor=0a12, idProduct=0001, bcdDevice=88.91
[    1.878060] usb 2-1.1: New USB device strings: Mfr=0, Product=2, SerialNumber=0
[    1.880791] usb 2-1.1: Product: CSR8510 A10
[    1.908541] psmouse serio1: synaptics: Touchpad model: 1, fw: 8.0, id: 0x1e2b1, caps: 0xd001a3/0x940300/0x120c00/0x0, board id: 1611, fw id: 774180
[    1.911734] psmouse serio1: synaptics: serio: Synaptics pass-through port at isa0060/serio1/input0
[    1.946780] usb 1-1.4: new full-speed USB device number 4 using ehci-pci
[    1.962988] input: SynPS/2 Synaptics TouchPad as /devices/platform/i8042/serio1/input/input7
[    1.966783] usb 2-1.2: new high-speed USB device number 4 using ehci-pci
[    2.069591] usb 1-1.4: New USB device found, idVendor=0a5c, idProduct=217f, bcdDevice= 7.48
[    2.073711] usb 1-1.4: New USB device strings: Mfr=1, Product=2, SerialNumber=3
[    2.074962] usb 1-1.4: Product: Broadcom Bluetooth Device
[    2.075472] usb 2-1.2: New USB device found, idVendor=1a40, idProduct=0101, bcdDevice= 1.11
[    2.076115] usb 1-1.4: Manufacturer: Broadcom Corp
[    2.077461] usb 2-1.2: New USB device strings: Mfr=0, Product=1, SerialNumber=0
[    2.077463] usb 2-1.2: Product: USB 2.0 Hub
[    2.077903] hub 2-1.2:1.0: USB hub found
[    2.078665] usb 1-1.4: SerialNumber: 7CE9D3B855AA
[    2.079951] hub 2-1.2:1.0: 4 ports detected
[    2.086828] ata3: SATA link up 3.0 Gbps (SStatus 123 SControl 300)
[    2.107064] ata3.00: ACPI cmd ef/02:00:00:00:00:a0 (SET FEATURES) succeeded
[    2.107071] ata3.00: ACPI cmd f5/00:00:00:00:00:a0 (SECURITY FREEZE LOCK) filtered out
[    2.109866] ata3.00: ACPI cmd ef/10:03:00:00:00:a0 (SET FEATURES) filtered out
[    2.118076] ata3.00: ATA-8: KINGSTON SMS200S3240G, 60AABBF0, max UDMA/133
[    2.121912] ata3.00: 468862128 sectors, multi 1: LBA48 NCQ (depth 32), AA
[    2.131407] ata3.00: ACPI cmd ef/02:00:00:00:00:a0 (SET FEATURES) succeeded
[    2.131410] ata3.00: ACPI cmd f5/00:00:00:00:00:a0 (SECURITY FREEZE LOCK) filtered out
[    2.134876] ata3.00: ACPI cmd ef/10:03:00:00:00:a0 (SET FEATURES) filtered out
[    2.144454] ata3.00: configured for UDMA/133
[    2.146522] scsi 2:0:0:0: Direct-Access     ATA      KINGSTON SMS200S BBF0 PQ: 0 ANSI: 5
[    2.150474] sd 2:0:0:0: Attached scsi generic sg1 type 0
[    2.150497] sd 2:0:0:0: [sdb] 468862128 512-byte logical blocks: (240 GB/224 GiB)
[    2.154070] sd 2:0:0:0: [sdb] Write Protect is off
[    2.155905] sd 2:0:0:0: [sdb] Mode Sense: 00 3a 00 00
[    2.156040] sd 2:0:0:0: [sdb] Write cache: enabled, read cache: enabled, doesn't support DPO or FUA
[    2.158013] sd 2:0:0:0: [sdb] Optimal transfer size 0 bytes < PAGE_SIZE (4096 bytes)
[    2.163141]  sdb: sdb2 sdb4
[    2.166821] usb 1-1.6: new high-speed USB device number 5 using ehci-pci
[    2.168377] sd 2:0:0:0: [sdb] Attached SCSI disk
[    2.283269] usb 1-1.6: New USB device found, idVendor=04f2, idProduct=b217, bcdDevice= 8.54
[    2.287217] usb 1-1.6: New USB device strings: Mfr=1, Product=2, SerialNumber=0
[    2.289009] usb 1-1.6: Product: Integrated Camera
[    2.290721] usb 1-1.6: Manufacturer: Chicony Electronics Co., Ltd.
[    2.295272] uvcvideo: Found UVC 1.00 device Integrated Camera (04f2:b217)
[    2.307238] uvcvideo 1-1.6:1.0: Entity type for entity Extension 3 was not initialized!
[    2.308309] uvcvideo 1-1.6:1.0: Entity type for entity Processing 2 was not initialized!
[    2.309322] uvcvideo 1-1.6:1.0: Entity type for entity Camera 1 was not initialized!
[    2.467589] ata5: SATA link down (SStatus 0 SControl 300)
[    2.478922] usb 2-1.2.1: new low-speed USB device number 5 using ehci-pci
[    2.506092] PM: Image not found (code -22)
[    2.506176] ALSA device list:
[    2.509643]   #0: HDA Intel PCH at 0xf2520000 irq 22
[    2.709948] usb 2-1.2.1: New USB device found, idVendor=06a3, idProduct=053f, bcdDevice= 0.02
[    2.713571] usb 2-1.2.1: New USB device strings: Mfr=1, Product=2, SerialNumber=3
[    2.717052] usb 2-1.2.1: Product: Saitek X36
[    2.720458] usb 2-1.2.1: Manufacturer: Saitek
[    2.723813] usb 2-1.2.1: SerialNumber: 00103464
[    2.728594] psmouse serio2: trackpoint: IBM TrackPoint firmware: 0x0e, buttons: 3/3
[    2.768285] input: Saitek Saitek X36 as /devices/pci0000:00/0000:00:1d.0/usb2/2-1/2-1.2/2-1.2.1/2-1.2.1:1.0/0003:06A3:053F.0001/input/input14
[    2.773374] hid-generic 0003:06A3:053F.0001: input,hidraw0: USB HID v1.00 Joystick [Saitek Saitek X36] on usb-0000:00:1d.0-1.2.1/input0
[    2.978894] usb 2-1.2.2: new low-speed USB device number 6 using ehci-pci
[    2.993009] input: TPPS/2 IBM TrackPoint as /devices/platform/i8042/serio1/serio2/input/input13
[    3.104018] md: Waiting for all devices to be available before autodetect
[    3.107853] md: If you don't use raid, use raid=noautodetect
[    3.112980] md: Autodetecting RAID arrays.
[    3.116784] md: autorun ...
[    3.120361] md: ... autorun DONE.
[    3.127981] EXT4-fs (sdb4): INFO: recovery required on readonly filesystem
[    3.128919] EXT4-fs (sdb4): write access will be enabled during recovery
[    3.199358] EXT4-fs (sdb4): recovery complete
[    3.201601] EXT4-fs (sdb4): mounted filesystem with ordered data mode. Opts: (null)
[    3.202976] VFS: Mounted root (ext4 filesystem) readonly on device 8:20.
[    3.204666] devtmpfs: mounted
[    3.206659] Freeing unused kernel image memory: 1072K
[    3.217992] usb 2-1.2.2: New USB device found, idVendor=046d, idProduct=c050, bcdDevice=27.20
[    3.219848] Write protecting the kernel read-only data: 24576k
[    3.220427] usb 2-1.2.2: New USB device strings: Mfr=1, Product=2, SerialNumber=0
[    3.224737] usb 2-1.2.2: Product: USB-PS/2 Optical Mouse
[    3.226971] usb 2-1.2.2: Manufacturer: Logitech
[    3.229358] Freeing unused kernel image memory: 2012K
[    3.230948] Freeing unused kernel image memory: 872K
[    3.233672] input: Logitech USB-PS/2 Optical Mouse as /devices/pci0000:00/0000:00:1d.0/usb2/2-1/2-1.2/2-1.2.2/2-1.2.2:1.0/0003:046D:C050.0002/input/input15
[    3.237322] hid-generic 0003:046D:C050.0002: input,hidraw1: USB HID v1.10 Mouse [Logitech USB-PS/2 Optical Mouse] on usb-0000:00:1d.0-1.2.2/input0
[    3.243945] x86/mm: Checked W+X mappings: passed, no W+X pages found.
[    3.244897] rodata_test: all tests were successful
[    3.245820] x86/mm: Checking user space page tables
[    3.254291] x86/mm: Checked W+X mappings: passed, no W+X pages found.
[    3.255273] Run /sbin/init as init process
[    3.311505] random: systemd: uninitialized urandom read (16 bytes read)
[    3.314985] systemd[1]: systemd 215 running in system mode. (+PAM +AUDIT +SELINUX +IMA +SYSVINIT +LIBCRYPTSETUP +GCRYPT +ACL +XZ -SECCOMP -APPARMOR)
[    3.335220] systemd[1]: Detected architecture 'x86-64'.
[    3.362859] systemd[1]: Failed to insert module 'ipv6'
[    3.364533] systemd[1]: Set hostname to <duo>.
[    3.381963] random: systemd-sysv-ge: uninitialized urandom read (16 bytes read)
[    3.428834] random: systemd-sysv-ge: uninitialized urandom read (16 bytes read)
[    3.442805] usb 2-1.2.3: new low-speed USB device number 7 using ehci-pci
[    3.511770] systemd[1]: Binding to IPv6 address not available since kernel does not support IPv6.
[    3.513113] systemd[1]: [/lib/systemd/system/gpsd.socket:6] Failed to parse address value, ignoring: [::1]:2947
[    3.518628] systemd[1]: Starting Forward Password Requests to Wall Directory Watch.
[    3.519964] systemd[1]: Started Forward Password Requests to Wall Directory Watch.
[    3.520998] systemd[1]: Starting Remote File Systems (Pre).
[    3.524250] systemd[1]: Reached target Remote File Systems (Pre).
[    3.635106] systemd-udevd[2004]: starting version 215
[    3.666578] usb 2-1.2.3: New USB device found, idVendor=04f2, idProduct=0111, bcdDevice= 1.02
[    3.667707] usb 2-1.2.3: New USB device strings: Mfr=1, Product=2, SerialNumber=0
[    3.668790] usb 2-1.2.3: Product: USB Keyboard
[    3.669841] usb 2-1.2.3: Manufacturer: Chicony
[    3.682497] input: Chicony USB Keyboard as /devices/pci0000:00/0000:00:1d.0/usb2/2-1/2-1.2/2-1.2.3/2-1.2.3:1.0/0003:04F2:0111.0003/input/input16
[    3.744122] hid-generic 0003:04F2:0111.0003: input,hidraw2: USB HID v1.10 Keyboard [Chicony USB Keyboard] on usb-0000:00:1d.0-1.2.3/input0
[    3.756556] input: Chicony USB Keyboard System Control as /devices/pci0000:00/0000:00:1d.0/usb2/2-1/2-1.2/2-1.2.3/2-1.2.3:1.1/0003:04F2:0111.0004/input/input17
[    3.819108] input: Chicony USB Keyboard Consumer Control as /devices/pci0000:00/0000:00:1d.0/usb2/2-1/2-1.2/2-1.2.3/2-1.2.3:1.1/0003:04F2:0111.0004/input/input18
[    3.822394] hid-generic 0003:04F2:0111.0004: input,hiddev96,hidraw3: USB HID v1.10 Device [Chicony USB Keyboard] on usb-0000:00:1d.0-1.2.3/input1
[    3.886491] e1000e 0000:00:19.0 eth2: renamed from eth0
[    3.907145] systemd-udevd[2576]: renamed network interface eth0 to eth2
[    3.907568] iwlwifi 0000:03:00.0 wlan1: renamed from wlan0
[    3.938986] systemd-udevd[2580]: renamed network interface wlan0 to wlan1
[    3.994982] Bluetooth: hci1: urb (____ptrval____) failed to resubmit (2)
[    5.009263] Adding 1681428k swap on /dev/sda1.  Priority:-2 extents:1 across:1681428k 
[    5.330425] random: crng init done
[    5.334513] random: 7 urandom warning(s) missed due to ratelimiting
[    5.420586] EXT4-fs (sdb4): re-mounted. Opts: errors=remount-ro
[   23.829471] EXT4-fs (sda2): mounted filesystem with ordered data mode. Opts: errors=remount-ro
[   23.897578] EXT4-fs (sdb2): mounted filesystem with ordered data mode. Opts: errors=remount-ro
[   23.950408] systemd-journald[2006]: Received request to flush runtime journal from PID 1
[   24.633268] device-mapper: table: 251:0: thin-pool: unknown target type
[   24.634267] device-mapper: ioctl: error adding target to table
[   25.894423] iwlwifi 0000:03:00.0: Radio type=0x0-0x0-0x3
[   25.967065] iwlwifi 0000:03:00.0: Radio type=0x0-0x0-0x3
[   27.689083] e1000e: eth2 NIC Link is Up 100 Mbps Full Duplex, Flow Control: Rx/Tx
[   27.689092] e1000e 0000:00:19.0 eth2: 10/100 speed: disabling TSO
