[    0.000000] Booting Linux on physical CPU 0x0
[    0.000000] Linux version 4.18.0-next-20180823-dirty (pavel@half) (gcc version 4.7.2 (GCC)) #98 SMP Thu Aug 23 10:46:54 CEST 2018
[    0.000000] CPU: ARMv7 Processor [411fc083] revision 3 (ARMv7), cr=10c5387d
[    0.000000] CPU: PIPT / VIPT nonaliasing data cache, VIPT nonaliasing instruction cache
[    0.000000] OF: fdt: Machine model: Nokia N900
[    0.000000] Memory policy: Data cache writeback
[    0.000000] cma: Reserved 16 MiB at 0x8e800000
[    0.000000] On node 0 totalpages: 65024
[    0.000000]   Normal zone: 508 pages used for memmap
[    0.000000]   Normal zone: 0 pages reserved
[    0.000000]   Normal zone: 65024 pages, LIFO batch:15
[    0.000000] CPU: All CPU(s) started in SVC mode.
[    0.000000] OMAP3430/3530 ES3.1 (l2cache iva sgx neon isp)
[    0.000000] random: get_random_bytes called from start_kernel+0x74/0x38c with crng_init=0
[    0.000000] percpu: Embedded 16 pages/cpu @(ptrval) s36032 r8192 d21312 u65536
[    0.000000] pcpu-alloc: s36032 r8192 d21312 u65536 alloc=16*4096
[    0.000000] pcpu-alloc: [0] 0 
[    0.000000] Built 1 zonelists, mobility grouping on.  Total pages: 64516
[    0.000000] Kernel command line: root=/dev/mmcblk0p4 console=ttyO2,115200 console=tty1 rootwait no-omap-wd no-ext-wd
[    0.000000] Dentry cache hash table entries: 32768 (order: 5, 131072 bytes)
[    0.000000] Inode-cache hash table entries: 16384 (order: 4, 65536 bytes)
[    0.000000] Memory: 227016K/260096K available (8192K kernel code, 402K rwdata, 2880K rodata, 1024K init, 329K bss, 16696K reserved, 16384K cma-reserved, 0K highmem)
[    0.000000] Virtual kernel memory layout:
[    0.000000]     vector  : 0xffff0000 - 0xffff1000   (   4 kB)
[    0.000000]     fixmap  : 0xffc00000 - 0xfff00000   (3072 kB)
[    0.000000]     vmalloc : 0xd0000000 - 0xff800000   ( 760 MB)
[    0.000000]     lowmem  : 0xc0000000 - 0xcfe00000   ( 254 MB)
[    0.000000]     pkmap   : 0xbfe00000 - 0xc0000000   (   2 MB)
[    0.000000]     modules : 0xbf000000 - 0xbfe00000   (  14 MB)
[    0.000000]       .text : 0x(ptrval) - 0x(ptrval)   (9184 kB)
[    0.000000]       .init : 0x(ptrval) - 0x(ptrval)   (1024 kB)
[    0.000000]       .data : 0x(ptrval) - 0x(ptrval)   ( 403 kB)
[    0.000000]        .bss : 0x(ptrval) - 0x(ptrval)   ( 330 kB)
[    0.000000] rcu: Hierarchical RCU implementation.
[    0.000000] rcu: 	RCU restricting CPUs from NR_CPUS=2 to nr_cpu_ids=1.
[    0.000000] rcu: Adjusting geometry for rcu_fanout_leaf=16, nr_cpu_ids=1
[    0.000000] NR_IRQS: 16, nr_irqs: 16, preallocated irqs: 16
[    0.000000] IRQ: Found an INTC at 0x(ptrval) (revision 4.0) with 96 interrupts
[    0.000000] Clocking rate (Crystal/Core/MPU): 19.2/332/500 MHz
[    0.000000] OMAP clockevent source: timer1 at 32768 Hz
[    0.000000] clocksource: 32k_counter: mask: 0xffffffff max_cycles: 0xffffffff, max_idle_ns: 58327039986419 ns
[    0.000030] sched_clock: 32 bits at 32kHz, resolution 30517ns, wraps every 65535999984741ns
[    0.000030] OMAP clocksource: 32k_counter at 32768 Hz
[    0.001281] Console: colour dummy device 80x30
[    0.002075] console [tty1] enabled
[    0.002105] WARNING: Your 'console=ttyO2' has been replaced by 'ttyS2'
[    0.002166] This ensures that you still see kernel messages. Please
[    0.002197] update your kernel commandline.
[    0.002258] Calibrating delay loop... 496.43 BogoMIPS (lpj=2482176)
[    0.047882] pid_max: default: 32768 minimum: 301
[    0.048126] Security Framework initialized
[    0.048309] Mount-cache hash table entries: 1024 (order: 0, 4096 bytes)
[    0.048370] Mountpoint-cache hash table entries: 1024 (order: 0, 4096 bytes)
[    0.049896] CPU: Testing write buffer coherency: ok
[    0.050018] CPU0: Spectre v2: firmware did not set auxiliary control register IBE bit, system vulnerable
[    0.050750] CPU0: thread -1, cpu 0, socket -1, mpidr 0
[    0.052337] Setting up static identity map for 0x80100000 - 0x80100078
[    0.052734] rcu: Hierarchical SRCU implementation.
[    0.054046] smp: Bringing up secondary CPUs ...
[    0.054107] smp: Brought up 1 node, 1 CPU
[    0.054138] SMP: Total of 1 processors activated (496.43 BogoMIPS).
[    0.054168] CPU: All CPU(s) started in SVC mode.
[    0.057952] devtmpfs: initialized
[    0.097991] VFP support v0.3: implementor 41 architecture 3 part 30 variant c rev 1
[    0.098602] clocksource: jiffies: mask: 0xffffffff max_cycles: 0xffffffff, max_idle_ns: 19112604462750000 ns
[    0.098693] futex hash table entries: 256 (order: 2, 16384 bytes)
[    0.100341] pinctrl core: initialized pinctrl subsystem
[    0.102813] NET: Registered protocol family 16
[    0.109374] DMA: preallocated 256 KiB pool for atomic coherent allocations
[    0.152069] omap_hwmod: mcbsp2_sidetone using broken dt data from mcbsp
[    0.153411] omap_hwmod: mcbsp3_sidetone using broken dt data from mcbsp
[    0.210693] cpuidle: using governor menu
[    0.211456] Reprogramming SDRC clock to 332000000 Hz
[    0.219177] gpio gpiochip0: (gpio-0-31): added GPIO chardev (254:0)
[    0.219360] gpiochip_setup_dev: registered GPIOs 0 to 31 on device: gpiochip0 (gpio-0-31)
[    0.219421] OMAP GPIO hardware version 2.5
[    0.220855] gpio gpiochip1: (gpio-32-63): added GPIO chardev (254:1)
[    0.221038] gpiochip_setup_dev: registered GPIOs 32 to 63 on device: gpiochip1 (gpio-32-63)
[    0.222381] gpio gpiochip2: (gpio-64-95): added GPIO chardev (254:2)
[    0.222564] gpiochip_setup_dev: registered GPIOs 64 to 95 on device: gpiochip2 (gpio-64-95)
[    0.223907] gpio gpiochip3: (gpio-96-127): added GPIO chardev (254:3)
[    0.224090] gpiochip_setup_dev: registered GPIOs 96 to 127 on device: gpiochip3 (gpio-96-127)
[    0.225372] gpio gpiochip4: (gpio-128-159): added GPIO chardev (254:4)
[    0.225555] gpiochip_setup_dev: registered GPIOs 128 to 159 on device: gpiochip4 (gpio-128-159)
[    0.226837] gpio gpiochip5: (gpio-160-191): added GPIO chardev (254:5)
[    0.227050] gpiochip_setup_dev: registered GPIOs 160 to 191 on device: gpiochip5 (gpio-160-191)
[    0.247528] RX-51: Enabling ARM errata 430973 workaround
[    0.249389] RX-51: Registering OMAP3 HWRNG device
[    0.251953] omap4_sram_init:Unable to allocate sram needed to handle errata I688
[    0.252044] omap4_sram_init:Unable to get sram pool needed to handle errata I688
[    0.253082] Reserving DMA channels 0 and 1 for HS ROM code
[    0.253143] OMAP DMA hardware revision 4.0
[    0.294128] omap-dma-engine 48056000.dma-controller: OMAP DMA engine driver
[    0.300354] omap-iommu 480bd400.mmu: 480bd400.mmu registered
[    0.301086] iommu: Adding device 480bc000.isp to group 0
[    0.304290] SCSI subsystem initialized
[    0.304870] usbcore: registered new interface driver usbfs
[    0.305023] usbcore: registered new interface driver hub
[    0.305206] usbcore: registered new device driver usb
[    0.306701] media: Linux media interface: v0.10
[    0.306823] videodev: Linux video capture interface: v2.00
[    0.307128] pps_core: LinuxPPS API ver. 1 registered
[    0.307159] pps_core: Software ver. 5.3.6 - Copyright 2005-2007 Rodolfo Giometti <giometti@linux.it>
[    0.307403] PTP clock support registered
[    0.308349] omap-mailbox 48094000.mailbox: omap mailbox rev 0x40
[    0.309143] Advanced Linux Sound Architecture Driver Initialized.
[    0.310180] Bluetooth: Core ver 2.22
[    0.310333] NET: Registered protocol family 31
[    0.310363] Bluetooth: HCI device and connection manager initialized
[    0.310424] Bluetooth: HCI socket layer initialized
[    0.310455] Bluetooth: L2CAP socket layer initialized
[    0.310577] Bluetooth: SCO socket layer initialized
[    0.312225] clocksource: Switched to clocksource 32k_counter
[    0.335479] NET: Registered protocol family 2
[    0.336853] tcp_listen_portaddr_hash hash table entries: 256 (order: 0, 6144 bytes)
[    0.336944] TCP established hash table entries: 2048 (order: 1, 8192 bytes)
[    0.337036] TCP bind hash table entries: 2048 (order: 3, 40960 bytes)
[    0.337158] TCP: Hash tables configured (established 2048 bind 2048)
[    0.337432] UDP hash table entries: 256 (order: 1, 12288 bytes)
[    0.337493] UDP-Lite hash table entries: 256 (order: 1, 12288 bytes)
[    0.337860] NET: Registered protocol family 1
[    0.339202] RPC: Registered named UNIX socket transport module.
[    0.339263] RPC: Registered udp transport module.
[    0.339294] RPC: Registered tcp transport module.
[    0.339324] RPC: Registered tcp NFSv4.1 backchannel transport module.
[    0.347839] Initialise system trusted keyrings
[    0.348754] workingset: timestamp_bits=31 max_order=16 bucket_order=0
[    0.350524] NFS: Registering the id_resolver key type
[    0.350646] Key type id_resolver registered
[    0.350677] Key type id_legacy registered
[    0.358947] jitterentropy: Initialization failed with host not compliant with requirements: 2
[    0.359588] Key type asymmetric registered
[    0.359649] Asymmetric key parser 'x509' registered
[    0.359741] io scheduler noop registered
[    0.359771] io scheduler deadline registered
[    0.359924] io scheduler cfq registered (default)
[    0.359954] io scheduler mq-deadline registered
[    0.361785] ti-sysc 480cb024.target-module: sysc_flags 00000100 != 00000110
[    0.363403] ti-sysc 480c9024.target-module: sysc_flags 00000100 != 00000110
[    0.367736] pinctrl-single 48002030.pinmux: 284 pins, size 568
[    0.368499] pinctrl-single 48002a00.pinmux: 46 pins, size 92
[    0.369384] pinctrl-single 480025d8.pinmux: 18 pins, size 36
[    0.375366] Serial: 8250/16550 driver, 4 ports, IRQ sharing enabled
[    0.379974] 4806c000.serial: ttyS1 at MMIO 0x4806c000 (irq = 89, base_baud = 3000000) is a 8250
[    0.380401] serial serial0: tty port ttyS1 registered
[    0.381591] 49020000.serial: ttyS2 at MMIO 0x49020000 (irq = 90, base_baud = 3000000) is a 8250
[    1.140747] console [ttyS2] enabled
[    1.148254] omap3_rom_rng: initializing
[    1.152435] omap3_rom_rng: unable to get RNG clock
[    1.157318] omap3-rom-rng: probe of omap3-rom-rng failed with error -2
[    1.164978] omapdss_dss 48050000.dss: 48050000.dss supply vdda_video not found, using dummy regulator
[    1.174591] omapdss_dss 48050000.dss: Linked as a consumer to regulator.0
[    1.181579] DSS: OMAP DSS rev 2.0
[    1.187561] omapdss_dss 48050000.dss: bound 48050400.dispc (ops dispc_component_ops)
[    1.195922] omapdss_dss 48050000.dss: bound 48050c00.encoder (ops venc_component_ops)
[    1.208129] Error: Driver 'tfp410' is already registered, aborting...
[    1.242950] brd: module loaded
[    1.265869] loop: module loaded
[    1.271362] mtdoops: mtd device (mtddev=name/number) must be supplied
[    1.282043] of_get_named_gpiod_flags: parsed 'reset-gpios' property of node '/ocp@68000000/spi@48098000/acx565akm@2[0]' - status (0)
[    1.292602] acx565akm spi0.2: omapfb: acx565akm rev ab LCD detected
[    1.305450] omap_ssi 48058000.ssi-controller: ssi controller 0 initialized (1 ports)!
[    1.314392] omap_ssi_port 4805a000.ssi-port: GPIO lookup for consumer ti,ssi-cawake
[    1.314422] omap_ssi_port 4805a000.ssi-port: using device tree for GPIO lookup
[    1.314453] of_get_named_gpiod_flags: can't parse 'ti,ssi-cawake-gpios' property of node '/ocp@68000000/ssi-controller@48058000/ssi-port@4805a000[0]'
[    1.314514] of_get_named_gpiod_flags: parsed 'ti,ssi-cawake-gpio' property of node '/ocp@68000000/ssi-controller@48058000/ssi-port@4805a000[0]' - status (0)
[    1.314605] gpio gpiochip4: Persistence not supported for GPIO 23
[    1.316284] omap_ssi_port 4805a000.ssi-port: ssi port 0 successfully initialized
[    1.324615] nokia-modem n900-modem: GPIO lookup for consumer (null)
[    1.324645] nokia-modem n900-modem: using device tree for GPIO lookup
[    1.324707] of_get_named_gpiod_flags: parsed 'gpios' property of node '/ocp@68000000/ssi-controller@48058000/ssi-port@4805a000/hsi-client[0]' - status (0)
[    1.324737] gpio gpiochip2: Persistence not supported for GPIO 6
[    1.325042] nokia-modem n900-modem: GPIO lookup for consumer (null)
[    1.325073] nokia-modem n900-modem: using device tree for GPIO lookup
[    1.325103] of_get_named_gpiod_flags: parsed 'gpios' property of node '/ocp@68000000/ssi-controller@48058000/ssi-port@4805a000/hsi-client[1]' - status (0)
[    1.325134] gpio gpiochip2: Persistence not supported for GPIO 9
[    1.325408] nokia-modem n900-modem: GPIO lookup for consumer (null)
[    1.325439] nokia-modem n900-modem: using device tree for GPIO lookup
[    1.325500] of_get_named_gpiod_flags: parsed 'gpios' property of node '/ocp@68000000/ssi-controller@48058000/ssi-port@4805a000/hsi-client[2]' - status (0)
[    1.325531] gpio gpiochip2: Persistence not supported for GPIO 10
[    1.325775] nokia-modem n900-modem: GPIO lookup for consumer (null)
[    1.325805] nokia-modem n900-modem: using device tree for GPIO lookup
[    1.325866] of_get_named_gpiod_flags: parsed 'gpios' property of node '/ocp@68000000/ssi-controller@48058000/ssi-port@4805a000/hsi-client[3]' - status (0)
[    1.325897] gpio gpiochip2: Persistence not supported for GPIO 11
[    1.326171] nokia-modem n900-modem: GPIO lookup for consumer (null)
[    1.326171] nokia-modem n900-modem: using device tree for GPIO lookup
[    1.326232] of_get_named_gpiod_flags: parsed 'gpios' property of node '/ocp@68000000/ssi-controller@48058000/ssi-port@4805a000/hsi-client[4]' - status (0)
[    1.326263] gpio gpiochip4: Persistence not supported for GPIO 29
[    1.327758] SSI protocol aka McSAAB added
[    1.331909] CMT speech driver added
[    1.335845] HSI/SSI char device loaded
[    1.340148] mdio_bus fixed-0: GPIO lookup for consumer reset
[    1.340148] mdio_bus fixed-0: using lookup tables for GPIO lookup
[    1.340179] mdio_bus fixed-0: No GPIO consumer reset found
[    1.340209] libphy: Fixed MDIO Bus: probed
[    1.345458] of_get_named_gpiod_flags: parsed 'ti,power-gpio' property of node '/ocp@68000000/spi@480ba000/wl1251@0[0]' - status (0)
[    1.345642] wl1251: ERROR vio regulator missing: -517
[    1.351074] usbcore: registered new interface driver qmi_wwan
[    1.356994] ohci_hcd: USB 1.1 'Open' Host Controller (OHCI) Driver
[    1.363372] ohci-platform: OHCI generic platform driver
[    1.369445] ohci-platform 48064400.ohci: Generic Platform OHCI controller
[    1.376464] ohci-platform 48064400.ohci: new USB bus registered, assigned bus number 1
[    1.385284] ohci-platform 48064400.ohci: irq 92, io mem 0x48064400
[    1.474273] hub 1-0:1.0: USB hub found
[    1.478210] hub 1-0:1.0: 3 ports detected
[    1.483917] usbcore: registered new interface driver cdc_wdm
[    1.489898] usbcore: registered new interface driver qcserial
[    1.495910] usbserial: USB Serial support registered for Qualcomm USB modem
[    1.504852] udc-core: couldn't find an available UDC - added [g_ether] to list of pending drivers
[    1.514831] mousedev: PS/2 mouse device common for all mice
[    1.522003] tsc2005 spi0.0: GPIO lookup for consumer reset
[    1.522033] tsc2005 spi0.0: using device tree for GPIO lookup
[    1.522094] of_get_named_gpiod_flags: parsed 'reset-gpios' property of node '/ocp@68000000/spi@48098000/tsc2005@0[0]' - status (0)
[    1.522125] gpio gpiochip3: Persistence not supported for GPIO 8
[    1.522186] tsc2005 spi0.0: error acquiring vio regulator: -517
[    1.530548] i2c /dev entries driver
[    1.539367] ti-soc-thermal 48002524.bandgap: This OMAP thermal sensor is unreliable. You've been warned
[    1.549041] ti-soc-thermal 48002524.bandgap: Non-trimmed BGAP, Temp not accurate
[    1.559326] omap_wdt: OMAP Watchdog Timer Rev 0x31: initial timeout 60 sec
[    1.567138] Bluetooth: HCI UART driver ver 2.3
[    1.571655] Bluetooth: HCI UART protocol H4 registered
[    1.577026] Bluetooth: HCI UART protocol LL registered
[    1.582550] Bluetooth: HCI UART protocol Broadcom registered
[    1.590362] omap_hsmmc 4809c000.mmc: GPIO lookup for consumer cd
[    1.590393] omap_hsmmc 4809c000.mmc: using device tree for GPIO lookup
[    1.590454] of_get_named_gpiod_flags: parsed 'cd-gpios' property of node '/ocp@68000000/mmc@4809c000[0]' - status (0)
[    1.590545] gpio gpiochip5: Persistence not supported for GPIO 0
[    1.590576] omap_hsmmc 4809c000.mmc: Got CD GPIO
[    1.595397] omap_hsmmc 4809c000.mmc: GPIO lookup for consumer wp
[    1.595397] omap_hsmmc 4809c000.mmc: using device tree for GPIO lookup
[    1.595428] of_get_named_gpiod_flags: can't parse 'wp-gpios' property of node '/ocp@68000000/mmc@4809c000[0]'
[    1.595458] of_get_named_gpiod_flags: can't parse 'wp-gpio' property of node '/ocp@68000000/mmc@4809c000[0]'
[    1.595489] omap_hsmmc 4809c000.mmc: using lookup tables for GPIO lookup
[    1.595520] omap_hsmmc 4809c000.mmc: No GPIO consumer wp found
[    1.598297] omap_hsmmc 480b4000.mmc: GPIO lookup for consumer wp
[    1.598327] omap_hsmmc 480b4000.mmc: using device tree for GPIO lookup
[    1.598358] of_get_named_gpiod_flags: can't parse 'wp-gpios' property of node '/ocp@68000000/mmc@480b4000[0]'
[    1.598388] of_get_named_gpiod_flags: can't parse 'wp-gpio' property of node '/ocp@68000000/mmc@480b4000[0]'
[    1.598419] omap_hsmmc 480b4000.mmc: using lookup tables for GPIO lookup
[    1.598419] omap_hsmmc 480b4000.mmc: No GPIO consumer wp found
[    1.600708] of_get_named_gpiod_flags: parsed 'gpios' property of node '/leds/heartbeat[0]' - status (0)
[    1.600769] gpio gpiochip5: Persistence not supported for GPIO 2
[    1.600799] no flags found for gpios
[    1.601470] ledtrig-cpu: registered to indicate activity on CPUs
[    1.618804] rx51-audio n900-audio: GPIO lookup for consumer tvout-selection
[    1.618835] rx51-audio n900-audio: using device tree for GPIO lookup
[    1.618896] of_get_named_gpiod_flags: parsed 'tvout-selection-gpios' property of node '/n900-audio[0]' - status (0)
[    1.618927] gpio gpiochip1: Persistence not supported for GPIO 8
[    1.618957] rx51-audio n900-audio: GPIO lookup for consumer jack-detection
[    1.618988] rx51-audio n900-audio: using device tree for GPIO lookup
[    1.619018] of_get_named_gpiod_flags: parsed 'jack-detection-gpios' property of node '/n900-audio[0]' - status (0)
[    1.619049] gpio gpiochip5: Persistence not supported for GPIO 17
[    1.619049] no flags found for jack-detection
[    1.619079] rx51-audio n900-audio: GPIO lookup for consumer eci-switch
[    1.619079] rx51-audio n900-audio: using device tree for GPIO lookup
[    1.619140] of_get_named_gpiod_flags: parsed 'eci-switch-gpios' property of node '/n900-audio[0]' - status (0)
[    1.619171] gpio gpiochip5: Persistence not supported for GPIO 22
[    1.619171] rx51-audio n900-audio: GPIO lookup for consumer speaker-amplifier
[    1.619201] rx51-audio n900-audio: using device tree for GPIO lookup
[    1.619232] rx51-audio n900-audio: No GPIO consumer speaker-amplifier found
[    1.619232] rx51-audio n900-audio: could not get speaker enable gpio
[    1.628906] Initializing XFRM netlink socket
[    1.633453] NET: Registered protocol family 17
[    1.638000] NET: Registered protocol family 15
[    1.643005] Bluetooth: RFCOMM TTY layer initialized
[    1.647949] Bluetooth: RFCOMM socket layer initialized
[    1.653320] Bluetooth: RFCOMM ver 1.11
[    1.657135] Bluetooth: BNEP (Ethernet Emulation) ver 1.3
[    1.662567] Bluetooth: BNEP filters: protocol multicast
[    1.667877] Bluetooth: BNEP socket layer initialized
[    1.672943] Bluetooth: HIDP (Human Interface Emulation) ver 1.2
[    1.678955] Bluetooth: HIDP socket layer initialized
[    1.684204] NET: Registered protocol family 35
[    1.688842] Key type dns_resolver registered
[    1.693511] ThumbEE CPU extension supported.
[    1.697845] Registering SWP/SWPB emulation handler
[    1.702850] omap2_set_init_voltage: unable to find boot up OPP for vdd_mpu_iva
[    1.710144] omap2_set_init_voltage: unable to set vdd_mpu_iva
[    1.716033] omap2_set_init_voltage: unable to find boot up OPP for vdd_core
[    1.723114] omap2_set_init_voltage: unable to set vdd_core
[    1.732116] SmartReflex Class3 initialized
[    1.737976] Loading compiled-in X.509 certificates
[    1.789459] omap-gpmc 6e000000.gpmc: GPMC revision 5.0
[    1.794891] gpmc_mem_init: disabling cs 0 mapped at 0x0-0x1000000
[    1.801116] gpiochip_find_base: found new base at 508
[    1.801666] gpio gpiochip6: (omap-gpmc): added GPIO chardev (254:6)
[    1.801879] gpiochip_setup_dev: registered GPIOs 508 to 511 on device: gpiochip6 (omap-gpmc)
[    1.803436] omap2-onenand 1000000.onenand: GPIO lookup for consumer int
[    1.803436] omap2-onenand 1000000.onenand: using device tree for GPIO lookup
[    1.803527] of_get_named_gpiod_flags: can't parse 'int-gpios' property of node '/ocp@68000000/gpmc@6e000000/onenand@0,0[0]'
[    1.803558] of_get_named_gpiod_flags: can't parse 'int-gpio' property of node '/ocp@68000000/gpmc@6e000000/onenand@0,0[0]'
[    1.803558] omap2-onenand 1000000.onenand: using lookup tables for GPIO lookup
[    1.803588] omap2-onenand 1000000.onenand: No GPIO consumer int found
[    1.803649] omap2-onenand 1000000.onenand: initializing on CS0 (0x01000000), va (ptrval), DMA mode
[    1.812835] OneNAND Manufacturer: Unknown (0xa0)
[    1.819335] Skipping twl internal clock init and using bootloader value (unknown osc rate)
[    1.833099] twl 1-0048: PIH (irq 23) chaining IRQs 155..163
[    1.838958] twl 1-0048: power (irq 160) chaining IRQs 163..170
[    1.847442] twl_rtc 48070000.i2c:twl@48:rtc: Power up reset detected.
[    1.854248] twl_rtc 48070000.i2c:twl@48:rtc: Enabling TWL-RTC
[    1.860382] random: fast init done
[    1.867004] twl_rtc 48070000.i2c:twl@48:rtc: rtc core: registered 48070000.i2c:twl@48:rtc as rtc0
[    1.907470] V28_A: Bringing 2600000uV into 2800000-2800000uV
[    1.931091] twl4030_gpio twl4030-gpio: gpio (irq 155) chaining IRQs 171..188
[    1.938781] gpiochip_find_base: found new base at 490
[    1.939239] gpio gpiochip7: (twl4030): added GPIO chardev (254:7)
[    1.939422] gpiochip_setup_dev: registered GPIOs 490 to 507 on device: gpiochip7 (twl4030)
[    1.941070] twl4030_usb 48070000.i2c:twl@48:twl4030-usb: Linked as a consumer to regulator.16
[    1.950317] twl4030_usb 48070000.i2c:twl@48:twl4030-usb: Linked as a consumer to regulator.14
[    1.959472] twl4030_usb 48070000.i2c:twl@48:twl4030-usb: Linked as a consumer to regulator.15
[    2.043457] twl4030_usb 48070000.i2c:twl@48:twl4030-usb: Initialized TWL4030 USB module
[    2.055969] input: twl4030_pwrbutton as /devices/platform/68000000.ocp/48070000.i2c/i2c-1/1-0048/48070000.i2c:twl@48:pwrbutton/input/input1
[    2.070709] input: TWL4030 Keypad as /devices/platform/68000000.ocp/48070000.i2c/i2c-1/1-0048/48070000.i2c:twl@48:keypad/input/input2
[    2.089080] twl4030_madc 48070000.i2c:twl@48:madc: 48070000.i2c:twl@48:madc supply vusb3v1 not found, using dummy regulator
[    2.100677] twl4030_madc 48070000.i2c:twl@48:madc: Linked as a consumer to regulator.0
[    2.112182] input: twl4030:vibrator as /devices/platform/68000000.ocp/48070000.i2c/i2c-1/1-0048/48070000.i2c:twl@48:audio/twl4030-vibra/input/input3
[    2.169189] omap_i2c 48070000.i2c: bus 1 rev3.3 at 2200 kHz
[    2.177917] of_get_named_gpiod_flags: parsed 'reset-gpios' property of node '/ocp@68000000/i2c@48072000/tlv320aic3x@18[0]' - status (0)
[    2.178161] tlv320aic3x-codec 2-0018: Linked as a consumer to regulator.8
[    2.185821] tlv320aic3x-codec 2-0018: Linked as a consumer to regulator.13
[    2.194610] of_get_named_gpiod_flags: parsed 'reset-gpios' property of node '/ocp@68000000/i2c@48072000/tlv320aic3x@19[0]' - status (0)
[    2.194824] tlv320aic3x-codec 2-0019: Linked as a consumer to regulator.8
[    2.202331] tlv320aic3x-codec 2-0019: Linked as a consumer to regulator.13
[    2.213317] tsl2563 2-0029: model 7, rev. 0
[    2.221771] of_get_named_gpiod_flags: parsed 'enable-gpio' property of node '/ocp@68000000/i2c@48072000/lp5523@32[0]' - status (0)
[    3.282684] omap_i2c 48072000.i2c: controller timed out
[    3.414154] lp5523x 2-0032: lp5523 Programmable led chip found
[    3.427459] power_supply bq27200-0: Not all required supplies found, defer probe
[    3.435058] bq27xxx-battery 2-0055: failed to register battery
[    3.441864] of_get_named_gpiod_flags: parsed 'power-gpio' property of node '/ocp@68000000/i2c@48072000/tpa6130a2@60[0]' - status (0)
[    3.442626] tpa6130a2 2-0060: Linked as a consumer to regulator.13
[    3.469726] bq2415x-charger 2-006b: automode supported, waiting for events
[    3.478393] bq2415x-charger 2-006b: driver registered
[    3.483734] omap_i2c 48072000.i2c: bus 2 rev3.3 at 100 kHz
[    3.492828] lis3lv02d_i2c 3-001d: Linked as a consumer to regulator.2
[    3.499603] lis3lv02d_i2c 3-001d: Linked as a consumer to regulator.8
[    3.527648] lis3lv02d: 8 bits sensor found
[    3.602996] input: ST LIS3LV02DL Accelerometer as /devices/platform/lis3lv02d/input/input4
[    3.618164] et8ek8 3-003e: GPIO lookup for consumer reset
[    3.618194] et8ek8 3-003e: using device tree for GPIO lookup
[    3.618225] of_get_named_gpiod_flags: can't parse 'reset-gpios' property of node '/ocp@68000000/i2c@48060000/camera@3e[0]'
[    3.618286] of_get_named_gpiod_flags: parsed 'reset-gpio' property of node '/ocp@68000000/i2c@48060000/camera@3e[0]' - status (0)
[    3.618316] gpio gpiochip3: Persistence not supported for GPIO 6
[    3.618560] et8ek8 3-003e: Linked as a consumer to regulator.5
[    3.624664] et8ek8 3-003e: could not get clock
[    3.629333] et8ek8 3-003e: Dropping the link to regulator.5
[    3.635894] ad5820 3-000c: Linked as a consumer to regulator.5
[    3.641937] omap_i2c 48060000.i2c: bus 3 rev3.3 at 400 kHz
[    3.649627] nokia-modem n900-modem: GPIO lookup for consumer (null)
[    3.649658] nokia-modem n900-modem: using device tree for GPIO lookup
[    3.649719] of_get_named_gpiod_flags: parsed 'gpios' property of node '/ocp@68000000/ssi-controller@48058000/ssi-port@4805a000/hsi-client[0]' - status (0)
[    3.649749] gpio gpiochip2: Persistence not supported for GPIO 6
[    3.649963] nokia-modem n900-modem: GPIO lookup for consumer (null)
[    3.649993] nokia-modem n900-modem: using device tree for GPIO lookup
[    3.650054] of_get_named_gpiod_flags: parsed 'gpios' property of node '/ocp@68000000/ssi-controller@48058000/ssi-port@4805a000/hsi-client[1]' - status (0)
[    3.650085] gpio gpiochip2: Persistence not supported for GPIO 9
[    3.650268] nokia-modem n900-modem: GPIO lookup for consumer (null)
[    3.650268] nokia-modem n900-modem: using device tree for GPIO lookup
[    3.650329] of_get_named_gpiod_flags: parsed 'gpios' property of node '/ocp@68000000/ssi-controller@48058000/ssi-port@4805a000/hsi-client[2]' - status (0)
[    3.650360] gpio gpiochip2: Persistence not supported for GPIO 10
[    3.650573] nokia-modem n900-modem: GPIO lookup for consumer (null)
[    3.650573] nokia-modem n900-modem: using device tree for GPIO lookup
[    3.650634] of_get_named_gpiod_flags: parsed 'gpios' property of node '/ocp@68000000/ssi-controller@48058000/ssi-port@4805a000/hsi-client[3]' - status (0)
[    3.650665] gpio gpiochip2: Persistence not supported for GPIO 11
[    3.650848] nokia-modem n900-modem: GPIO lookup for consumer (null)
[    3.650878] nokia-modem n900-modem: using device tree for GPIO lookup
[    3.650939] of_get_named_gpiod_flags: parsed 'gpios' property of node '/ocp@68000000/ssi-controller@48058000/ssi-port@4805a000/hsi-client[4]' - status (0)
[    3.650939] gpio gpiochip4: Persistence not supported for GPIO 29
[    3.653381] nokia-modem n900-modem: Registered Nokia HSI modem
[    3.659820] of_get_named_gpiod_flags: parsed 'ti,power-gpio' property of node '/ocp@68000000/spi@480ba000/wl1251@0[0]' - status (0)
[    3.660156] wl1251 spi3.0: Linked as a consumer to regulator.8
[    3.666503] wl1251 spi3.0: Direct firmware load for ti-connectivity/wl1251-nvs.bin failed with error -2
[    3.676116] wl1251: ERROR could not get nvs file: -2
[    3.681396] wl1251 spi3.0: Dropping the link to regulator.8
[    3.687255] wl1251: probe of spi3.0 failed with error -2
[    3.693725] udc musb-hdrc.0.auto: registering UDC driver [g_ether]
[    3.693847] using random self ethernet address
[    3.698364] using random host ethernet address
[    3.703002] g_ether gadget: adding config #1 'CDC Ethernet (ECM)'/(ptrval)
[    3.703033] g_ether gadget: adding 'cdc_ethernet'/(ptrval) to config 'CDC Ethernet (ECM)'/(ptrval)
[    3.704071] usb0: HOST MAC 42:7c:ed:0e:17:ac
[    3.708465] usb0: MAC ee:95:50:12:7b:e0
[    3.712493] g_ether gadget: CDC Ethernet: dual speed IN/ep1in OUT/ep1out NOTIFY/ep2in
[    3.712493] g_ether gadget: cfg 1/(ptrval) speeds: high full
[    3.712524] g_ether gadget:   interface 0 = cdc_ethernet/(ptrval)
[    3.712524] g_ether gadget:   interface 1 = cdc_ethernet/(ptrval)
[    3.712554] g_ether gadget: Ethernet Gadget, version: Memorial Day 2008
[    3.719238] g_ether gadget: g_ether ready
[    3.724029] tsc2005 spi0.0: GPIO lookup for consumer reset
[    3.724029] tsc2005 spi0.0: using device tree for GPIO lookup
[    3.724121] of_get_named_gpiod_flags: parsed 'reset-gpios' property of node '/ocp@68000000/spi@48098000/tsc2005@0[0]' - status (0)
[    3.724151] gpio gpiochip3: Persistence not supported for GPIO 8
[    3.724365] tsc2005 spi0.0: Linked as a consumer to regulator.8
[    3.731933] input: TSC2005 touchscreen as /devices/platform/68000000.ocp/48098000.spi/spi_master/spi0/spi0.0/input/input5
[    3.747772] omap_hsmmc 4809c000.mmc: GPIO lookup for consumer cd
[    3.747772] omap_hsmmc 4809c000.mmc: using device tree for GPIO lookup
[    3.747863] of_get_named_gpiod_flags: parsed 'cd-gpios' property of node '/ocp@68000000/mmc@4809c000[0]' - status (0)
[    3.747894] gpio gpiochip5: Persistence not supported for GPIO 0
[    3.747955] omap_hsmmc 4809c000.mmc: Got CD GPIO
[    3.752868] omap_hsmmc 4809c000.mmc: GPIO lookup for consumer wp
[    3.752868] omap_hsmmc 4809c000.mmc: using device tree for GPIO lookup
[    3.752899] of_get_named_gpiod_flags: can't parse 'wp-gpios' property of node '/ocp@68000000/mmc@4809c000[0]'
[    3.752929] of_get_named_gpiod_flags: can't parse 'wp-gpio' property of node '/ocp@68000000/mmc@4809c000[0]'
[    3.752960] omap_hsmmc 4809c000.mmc: using lookup tables for GPIO lookup
[    3.752990] omap_hsmmc 4809c000.mmc: No GPIO consumer wp found
[    3.753784] omap_hsmmc 4809c000.mmc: Linked as a consumer to regulator.12
[    3.760925] omap_hsmmc 4809c000.mmc: Linked as a consumer to regulator.1
[    3.800445] omap_hsmmc 480b4000.mmc: GPIO lookup for consumer wp
[    3.800476] omap_hsmmc 480b4000.mmc: using device tree for GPIO lookup
[    3.800506] of_get_named_gpiod_flags: can't parse 'wp-gpios' property of node '/ocp@68000000/mmc@480b4000[0]'
[    3.800537] of_get_named_gpiod_flags: can't parse 'wp-gpio' property of node '/ocp@68000000/mmc@480b4000[0]'
[    3.800567] omap_hsmmc 480b4000.mmc: using lookup tables for GPIO lookup
[    3.800598] omap_hsmmc 480b4000.mmc: No GPIO consumer wp found
[    3.801361] omap_hsmmc 480b4000.mmc: Linked as a consumer to regulator.4
[    3.808532] omap_hsmmc 480b4000.mmc: Linked as a consumer to regulator.19
[    3.843719] rx51-audio n900-audio: GPIO lookup for consumer tvout-selection
[    3.843749] rx51-audio n900-audio: using device tree for GPIO lookup
[    3.843811] of_get_named_gpiod_flags: parsed 'tvout-selection-gpios' property of node '/n900-audio[0]' - status (0)
[    3.843841] gpio gpiochip1: Persistence not supported for GPIO 8
[    3.843872] rx51-audio n900-audio: GPIO lookup for consumer jack-detection
[    3.843902] rx51-audio n900-audio: using device tree for GPIO lookup
[    3.843933] of_get_named_gpiod_flags: parsed 'jack-detection-gpios' property of node '/n900-audio[0]' - status (0)
[    3.843963] gpio gpiochip5: Persistence not supported for GPIO 17
[    3.843963] no flags found for jack-detection
[    3.843994] rx51-audio n900-audio: GPIO lookup for consumer eci-switch
[    3.843994] rx51-audio n900-audio: using device tree for GPIO lookup
[    3.844055] of_get_named_gpiod_flags: parsed 'eci-switch-gpios' property of node '/n900-audio[0]' - status (0)
[    3.844085] gpio gpiochip5: Persistence not supported for GPIO 22
[    3.844085] rx51-audio n900-audio: GPIO lookup for consumer speaker-amplifier
[    3.844116] rx51-audio n900-audio: using device tree for GPIO lookup
[    3.844146] of_get_named_gpiod_flags: parsed 'speaker-amplifier-gpios' property of node '/n900-audio[0]' - status (0)
[    3.853118] rx51-audio n900-audio: tlv320aic3x-hifi <-> 49022000.mcbsp mapping ok
[    3.873260] input: RX-51 AV Jack as /devices/platform/n900-audio/sound/card0/input6
[    3.890808] omapdss_dss 48050000.dss: Linked as a consumer to regulator.2
[    3.898101] omapdss_venc 48050c00.encoder: Linked as a consumer to regulator.7
[    3.905975] omapdrm omapdrm.0: DMM not available, disable DMM support
[    3.913238] [drm] Supports vblank timestamp caching Rev 2 (21.10.2013).
[    3.919982] [drm] No driver support for vblank timestamp query.
[    3.963928] mmc0: host does not support reading read-only switch, assuming write-enable
[    3.969512] mmc0: new high speed SDHC card at address e624
[    3.971923] mmcblk0: mmc0:e624 SU16G 14.8 GiB 
[    3.981750]  mmcblk0: p1 p2 p3 p4
[    4.037109] Console: switching to colour frame buffer device 100x30
[    4.104705] omapdrm omapdrm.0: fb0: omapdrm frame buffer device
[    4.117645] [drm] Initialized omapdrm 1.0.0 20110917 for omapdrm.0 on minor 0
[    4.139892] power_supply bq27200-0: bq27200-0: Found supply : bq24150a-0
[    4.155548] mmc1: switch to bus width 8 failed
[    4.166442] mmc1: switch to bus width 4 failed
[    4.175689] mmc1: new high speed MMC card at address 0001
[    4.188293] mmcblk1: mmc1:0001 MMC32G 29.8 GiB 
[    4.199584] mmcblk1boot0: mmc1:0001 MMC32G partition 1 512 KiB
[    4.212249] mmcblk1boot1: mmc1:0001 MMC32G partition 2 512 KiB
[    4.224334] g_ether gadget: high-speed config #1: CDC Ethernet (ECM)
[    4.235656] g_ether gadget: init ecm
[    4.235687] g_ether gadget: notify connect false
[    4.236389] g_ether gadget: activate ecm
[    4.236450] usb0: qlen 10
[    4.236450] g_ether gadget: ecm_close
[    4.236694] g_ether gadget: packet filter 0c
[    4.236694] g_ether gadget: ecm req21.43 v000c i0000 l0
[    4.240417]  mmcblk1: p1 p2 p3 p4
[    4.253417] et8ek8 3-003e: GPIO lookup for consumer reset
[    4.253448] et8ek8 3-003e: using device tree for GPIO lookup
[    4.253479] of_get_named_gpiod_flags: can't parse 'reset-gpios' property of node '/ocp@68000000/i2c@48060000/camera@3e[0]'
[    4.253540] of_get_named_gpiod_flags: parsed 'reset-gpio' property of node '/ocp@68000000/i2c@48060000/camera@3e[0]' - status (0)
[    4.253570] gpio gpiochip3: Persistence not supported for GPIO 6
[    4.253814] et8ek8 3-003e: Linked as a consumer to regulator.5
[    4.264862] et8ek8 3-003e: could not get clock
[    4.284576] et8ek8 3-003e: Dropping the link to regulator.5
[    4.296813] et8ek8 3-003e: GPIO lookup for consumer reset
[    4.296844] et8ek8 3-003e: using device tree for GPIO lookup
[    4.296874] of_get_named_gpiod_flags: can't parse 'reset-gpios' property of node '/ocp@68000000/i2c@48060000/camera@3e[0]'
[    4.296936] of_get_named_gpiod_flags: parsed 'reset-gpio' property of node '/ocp@68000000/i2c@48060000/camera@3e[0]' - status (0)
[    4.296966] gpio gpiochip3: Persistence not supported for GPIO 6
[    4.297180] et8ek8 3-003e: Linked as a consumer to regulator.5
[    4.307891] et8ek8 3-003e: could not get clock
[    4.317504] et8ek8 3-003e: Dropping the link to regulator.5
[    4.329101] omap3isp 480bc000.isp: ignoring dependency for device, assuming no driver
[    4.341979] omap3isp 480bc000.isp: parsing endpoint /ocp@68000000/isp@480bc000/ports/port@1/endpoint, interface 1
[    4.342010] omap3isp 480bc000.isp: CSI-1/CCP-2 configuration
[    4.342010] omap3isp 480bc000.isp: clock lane polarity 0, pos 1
[    4.342041] omap3isp 480bc000.isp: data lane polarity 0, pos 0
[    4.342132] omap3isp 480bc000.isp: 480bc000.isp supply vdd-csiphy1 not found, using dummy regulator
[    4.360107] omap3isp 480bc000.isp: Linked as a consumer to regulator.0
[    4.371154] omap3isp 480bc000.isp: 480bc000.isp supply vdd-csiphy2 not found, using dummy regulator
[    4.389770] omap3isp 480bc000.isp: Revision 2.0 found
[    4.400634] omap-iommu 480bd400.mmu: 480bd400.mmu: version 1.1
[    4.411590] omap3isp 480bc000.isp: Linked as a consumer to regulator.3
[    4.423034] omap3isp 480bc000.isp: hist: using DMA channel dma0chan12
[    4.423095] omap3isp 480bc000.isp: Entity type for entity OMAP3 ISP CCP2 was not initialized!
[    4.437255] omap3isp 480bc000.isp: Entity type for entity OMAP3 ISP CSI2a was not initialized!
[    4.451232] omap3isp 480bc000.isp: Entity type for entity OMAP3 ISP CCDC was not initialized!
[    4.464965] omap3isp 480bc000.isp: Entity type for entity OMAP3 ISP preview was not initialized!
[    4.479064] omap3isp 480bc000.isp: Entity type for entity OMAP3 ISP resizer was not initialized!
[    4.493072] omap3isp 480bc000.isp: Entity type for entity OMAP3 ISP AEWB was not initialized!
[    4.506103] omap3isp 480bc000.isp: Entity type for entity OMAP3 ISP AF was not initialized!
[    4.518981] omap3isp 480bc000.isp: Entity type for entity OMAP3 ISP histogram was not initialized!
[    4.536956] et8ek8 3-003e: GPIO lookup for consumer reset
[    4.536987] et8ek8 3-003e: using device tree for GPIO lookup
[    4.537017] of_get_named_gpiod_flags: can't parse 'reset-gpios' property of node '/ocp@68000000/i2c@48060000/camera@3e[0]'
[    4.537078] of_get_named_gpiod_flags: parsed 'reset-gpio' property of node '/ocp@68000000/i2c@48060000/camera@3e[0]' - status (0)
[    4.537109] gpio gpiochip3: Persistence not supported for GPIO 6
[    4.537322] et8ek8 3-003e: Linked as a consumer to regulator.5
[    4.548828] omap3isp 480bc000.isp: isp_xclk_set_rate: cam_xclka set to 9600000 Hz (div 18)
[    4.582916] et8ek8 3-003e: meta_reglist version V14 03-June-2008
[    4.673858] omap3isp 480bc000.isp: Entity type for entity ad5820 focus was not initialized!
[    4.691955] of_get_named_gpiod_flags: parsed 'gpios' property of node '/gpio_keys/camera_lens_cover[0]' - status (0)
[    4.692016] gpio gpiochip3: Persistence not supported for GPIO 14
[    4.692474] of_get_named_gpiod_flags: parsed 'gpios' property of node '/gpio_keys/camera_focus[0]' - status (0)
[    4.692504] gpio gpiochip2: Persistence not supported for GPIO 4
[    4.692810] of_get_named_gpiod_flags: parsed 'gpios' property of node '/gpio_keys/camera_capture[0]' - status (0)
[    4.692840] gpio gpiochip2: Persistence not supported for GPIO 5
[    4.693084] of_get_named_gpiod_flags: parsed 'gpios' property of node '/gpio_keys/lock_button[0]' - status (0)
[    4.693115] gpio gpiochip3: Persistence not supported for GPIO 17
[    4.693359] of_get_named_gpiod_flags: parsed 'gpios' property of node '/gpio_keys/keypad_slide[0]' - status (0)
[    4.693359] gpio gpiochip2: Persistence not supported for GPIO 7
[    4.693603] of_get_named_gpiod_flags: parsed 'gpios' property of node '/gpio_keys/proximity_sensor[0]' - status (0)
[    4.693634] gpio gpiochip2: Persistence not supported for GPIO 25
[    4.694213] input: gpio_keys as /devices/platform/gpio_keys/input/input7
[    4.707855] twl_rtc 48070000.i2c:twl@48:rtc: setting system clock to 2000-01-01 00:00:02 UTC (946684802)
[    4.727325] sr_init: No PMIC hook to init smartreflex
[    4.738342] smartreflex 480cb000.smartreflex: omap_sr_probe: SmartReflex driver initialized
[    4.752685] smartreflex 480c9000.smartreflex: omap_sr_probe: SmartReflex driver initialized
[    4.767669] cfg80211: Loading compiled-in X.509 certificates for regulatory database
[    4.790771] cfg80211: Loaded X.509 cert 'sforshee: 00b28ddf47aef9cea7'
[    4.803649] platform regulatory.0: Direct firmware load for regulatory.db failed with error -2
[    4.817443] cfg80211: failed to load regulatory.db
[    4.827423] VCSI: disabling
[    4.837524] ALSA device list:
[    4.845245]   #0: RX-51
[    4.862701] twl4030_bci 48070000.i2c:twl@48:bci: battery temperature out of range
[    4.894561] EXT4-fs (mmcblk0p4): mounted filesystem with ordered data mode. Opts: (null)
[    4.908111] VFS: Mounted root (ext4 filesystem) readonly on device 179:4.
[    4.935180] devtmpfs: mounted
[    4.947204] Freeing unused kernel memory: 1024K
[    4.957855] Run /sbin/init as init process
[    6.776245] udevd[197]: starting version 175
[   10.799072] ad5820 3-000c: write failed, error -121
[   14.572204] (stc): gdata/new_proto/recv or reg_complete_cb not ready
[   14.572235] fmdrv: Failed to get ST write func pointer
[   14.594512] (stc):  chnl_id 8 not supported
[   14.594543] fmdrv: st_unregister failed -93
[   14.612701] fmdrv: Unable to prepare FM CORE
[   14.717285] random: alsactl: uninitialized urandom read (4 bytes read)
[   17.630798] EXT4-fs (mmcblk0p4): re-mounted. Opts: (null)
[   19.982513] random: crng init done
[   25.589752] EXT4-fs (mmcblk0p1): mounted filesystem with ordered data mode. Opts: errors=remount-ro
[   25.669372] EXT4-fs (mmcblk1p4): mounted filesystem with ordered data mode. Opts: errors=remount-ro
[   28.752990] usb0: eth_open
[   28.753021] usb0: eth_start
[   28.753173] g_ether gadget: ecm_open
[   87.583099] g_ether gadget: packet filter 0e
[   87.583129] g_ether gadget: ecm req21.43 v000e i0000 l0
[   87.586425] g_ether gadget: notify connect true
[   87.597442] g_ether gadget: packet filter 0e
[   87.597473] g_ether gadget: ecm req21.43 v000e i0000 l0
[   87.618469] g_ether gadget: notify speed 425984000
