[    0.000000] Linux version 4.19.13-cip1-rt1 (pavel@duo) (gcc version 4.9.2 (Debian 4.9.2-10+deb8u2)) #1 SMP PREEMPT Fri Jun 21 13:19:09 CEST 2019
[    0.000000] Command line: BOOT_IMAGE=(hd1,2)/l/linux-next-32/arch/x86/boot/bzImage root=/dev/sdb4 resume=/dev/sda1
[    0.000000] Disabled fast string operations
[    0.000000] x86/fpu: Supporting XSAVE feature 0x001: 'x87 floating point registers'
[    0.000000] x86/fpu: Supporting XSAVE feature 0x002: 'SSE registers'
[    0.000000] x86/fpu: Supporting XSAVE feature 0x004: 'AVX registers'
[    0.000000] x86/fpu: xstate_offset[2]:  576, xstate_sizes[2]:  256
[    0.000000] x86/fpu: Enabled xstate features 0x7, context size is 832 bytes, using 'standard' format.
[    0.000000] BIOS-provided physical RAM map:
[    0.000000] BIOS-e820: [mem 0x0000000000000000-0x000000000009d7ff] usable
[    0.000000] BIOS-e820: [mem 0x000000000009d800-0x000000000009ffff] reserved
[    0.000000] BIOS-e820: [mem 0x00000000000e0000-0x00000000000fffff] reserved
[    0.000000] BIOS-e820: [mem 0x0000000000100000-0x000000001fffffff] usable
[    0.000000] BIOS-e820: [mem 0x0000000020000000-0x00000000201fffff] reserved
[    0.000000] BIOS-e820: [mem 0x0000000020200000-0x000000003fffffff] usable
[    0.000000] BIOS-e820: [mem 0x0000000040000000-0x00000000401fffff] reserved
[    0.000000] BIOS-e820: [mem 0x0000000040200000-0x00000000da99efff] usable
[    0.000000] BIOS-e820: [mem 0x00000000da99f000-0x00000000dae9efff] reserved
[    0.000000] BIOS-e820: [mem 0x00000000dae9f000-0x00000000daf9efff] ACPI NVS
[    0.000000] BIOS-e820: [mem 0x00000000daf9f000-0x00000000daffefff] ACPI data
[    0.000000] BIOS-e820: [mem 0x00000000dafff000-0x00000000daffffff] usable
[    0.000000] BIOS-e820: [mem 0x00000000db000000-0x00000000df9fffff] reserved
[    0.000000] BIOS-e820: [mem 0x00000000f8000000-0x00000000fbffffff] reserved
[    0.000000] BIOS-e820: [mem 0x00000000fec00000-0x00000000fec00fff] reserved
[    0.000000] BIOS-e820: [mem 0x00000000fed08000-0x00000000fed08fff] reserved
[    0.000000] BIOS-e820: [mem 0x00000000fed10000-0x00000000fed19fff] reserved
[    0.000000] BIOS-e820: [mem 0x00000000fed1c000-0x00000000fed1ffff] reserved
[    0.000000] BIOS-e820: [mem 0x00000000fee00000-0x00000000fee00fff] reserved
[    0.000000] BIOS-e820: [mem 0x00000000ffd20000-0x00000000ffffffff] reserved
[    0.000000] BIOS-e820: [mem 0x0000000100000000-0x000000019e5fffff] usable
[    0.000000] BIOS-e820: [mem 0x000000019e600000-0x000000019e7fffff] reserved
[    0.000000] NX (Execute Disable) protection: active
[    0.000000] SMBIOS 2.6 present.
[    0.000000] DMI: LENOVO 42872WU/42872WU, BIOS 8DET74WW (1.44 ) 03/13/2018
[    0.000000] tsc: Fast TSC calibration using PIT
[    0.000000] tsc: Detected 2492.122 MHz processor
[    0.001989] e820: update [mem 0x00000000-0x00000fff] usable ==> reserved
[    0.001995] e820: remove [mem 0x000a0000-0x000fffff] usable
[    0.002005] last_pfn = 0x19e600 max_arch_pfn = 0x400000000
[    0.002010] MTRR default type: uncachable
[    0.002012] MTRR fixed ranges enabled:
[    0.002014]   00000-9FFFF write-back
[    0.002015]   A0000-BFFFF uncachable
[    0.002017]   C0000-FFFFF write-protect
[    0.002018] MTRR variable ranges enabled:
[    0.002020]   0 base 0FFC00000 mask FFFC00000 write-protect
[    0.002022]   1 base 000000000 mask F80000000 write-back
[    0.002024]   2 base 080000000 mask FC0000000 write-back
[    0.002025]   3 base 0C0000000 mask FE0000000 write-back
[    0.002027]   4 base 0DC000000 mask FFC000000 uncachable
[    0.002028]   5 base 0DB000000 mask FFF000000 uncachable
[    0.002030]   6 base 100000000 mask F80000000 write-back
[    0.002031]   7 base 180000000 mask FE0000000 write-back
[    0.002032]   8 base 19F000000 mask FFF000000 uncachable
[    0.002034]   9 base 19E800000 mask FFF800000 uncachable
[    0.002797] x86/PAT: Configuration [0-7]: WB  WC  UC- UC  WB  WP  UC- WT  
[    0.004118] last_pfn = 0xdb000 max_arch_pfn = 0x400000000
[    0.004139] Base memory trampoline at [(____ptrval____)] 97000 size 24576
[    0.004141] reserving inaccessible SNB gfx pages
[    0.004147] BRK [0x06601000, 0x06601fff] PGTABLE
[    0.004150] BRK [0x06602000, 0x06602fff] PGTABLE
[    0.004152] BRK [0x06603000, 0x06603fff] PGTABLE
[    0.004216] BRK [0x06604000, 0x06604fff] PGTABLE
[    0.004373] BRK [0x06605000, 0x06605fff] PGTABLE
[    0.004652] BRK [0x06606000, 0x06606fff] PGTABLE
[    0.005174] ACPI: Early table checksum verification disabled
[    0.005225] ACPI: RSDP 0x00000000000F00E0 000024 (v02 LENOVO)
[    0.005232] ACPI: XSDT 0x00000000DAFFE120 0000AC (v01 LENOVO TP-8D    00001440 PTEC 00000002)
[    0.005240] ACPI: FACP 0x00000000DAFE7000 0000F4 (v04 LENOVO TP-8D    00001440 PTL  00000002)
[    0.005249] ACPI: DSDT 0x00000000DAFEA000 00FA89 (v01 LENOVO TP-8D    00001440 INTL 20061109)
[    0.005255] ACPI: FACS 0x00000000DAF2D000 000040
[    0.005260] ACPI: FACS 0x00000000DAF2D000 000040
[    0.005265] ACPI: SLIC 0x00000000DAFFD000 000176 (v01 LENOVO TP-8D    00001440 PTEC 00000001)
[    0.005271] ACPI: SSDT 0x00000000DAFFC000 000249 (v01 LENOVO TP-SSDT2 00000200 INTL 20061109)
[    0.005277] ACPI: SSDT 0x00000000DAFFB000 000033 (v01 LENOVO TP-SSDT1 00000100 INTL 20061109)
[    0.005283] ACPI: SSDT 0x00000000DAFFA000 0007D1 (v01 LENOVO SataAhci 00001000 INTL 20061109)
[    0.005289] ACPI: HPET 0x00000000DAFE6000 000038 (v01 LENOVO TP-8D    00001440 PTL  00000002)
[    0.005294] ACPI: APIC 0x00000000DAFE5000 000098 (v01 LENOVO TP-8D    00001440 PTL  00000002)
[    0.005300] ACPI: MCFG 0x00000000DAFE4000 00003C (v01 LENOVO TP-8D    00001440 PTL  00000002)
[    0.005306] ACPI: ECDT 0x00000000DAFE3000 000052 (v01 LENOVO TP-8D    00001440 PTL  00000002)
[    0.005311] ACPI: ASF! 0x00000000DAFE9000 0000A5 (v32 LENOVO TP-8D    00001440 PTL  00000002)
[    0.005317] ACPI: TCPA 0x00000000DAFE2000 000032 (v02 PTL    LENOVO   06040000 LNVO 00000001)
[    0.005323] ACPI: SSDT 0x00000000DAFE1000 000A27 (v01 PmRef  Cpu0Ist  00003000 INTL 20061109)
[    0.005329] ACPI: SSDT 0x00000000DAFE0000 000996 (v01 PmRef  CpuPm    00003000 INTL 20061109)
[    0.005335] ACPI: DMAR 0x00000000DAFDF000 0000E8 (v01 INTEL  SNB      00000001 INTL 00000001)
[    0.005341] ACPI: UEFI 0x00000000DAFDE000 00003E (v01 LENOVO TP-8D    00001440 PTL  00000002)
[    0.005346] ACPI: UEFI 0x00000000DAFDD000 000042 (v01 PTL    COMBUF   00000001 PTL  00000001)
[    0.005352] ACPI: UEFI 0x00000000DAFDC000 000292 (v01 LENOVO TP-8D    00001440 PTL  00000002)
[    0.005362] ACPI: Local APIC address 0xfee00000
[    0.005409] Zone ranges:
[    0.005412]   DMA      [mem 0x0000000000001000-0x0000000000ffffff]
[    0.005415]   DMA32    [mem 0x0000000001000000-0x00000000ffffffff]
[    0.005418]   Normal   [mem 0x0000000100000000-0x000000019e5fffff]
[    0.005422] Movable zone start for each node
[    0.005423] Early memory node ranges
[    0.005426]   node   0: [mem 0x0000000000001000-0x000000000009cfff]
[    0.005428]   node   0: [mem 0x0000000000100000-0x000000001fffffff]
[    0.005430]   node   0: [mem 0x0000000020200000-0x000000003fffffff]
[    0.005432]   node   0: [mem 0x0000000040200000-0x00000000da99efff]
[    0.005434]   node   0: [mem 0x00000000dafff000-0x00000000daffffff]
[    0.005435]   node   0: [mem 0x0000000100000000-0x000000019e5fffff]
[    0.005440] Reserved but unavailable: 105 pages
[    0.005442] Initmem setup node 0 [mem 0x0000000000001000-0x000000019e5fffff]
[    0.005446] On node 0 totalpages: 1542972
[    0.005448]   DMA zone: 56 pages used for memmap
[    0.005449]   DMA zone: 156 pages reserved
[    0.005451]   DMA zone: 3996 pages, LIFO batch:0
[    0.005945]   DMA32 zone: 12172 pages used for memmap
[    0.005947]   DMA32 zone: 890272 pages, LIFO batch:63
[    0.023373]   Normal zone: 8869 pages used for memmap
[    0.023377]   Normal zone: 648704 pages, LIFO batch:63
[    0.035553] Reserving Intel graphics memory at [mem 0xdba00000-0xdf9fffff]
[    0.035682] ACPI: PM-Timer IO Port: 0x408
[    0.035686] ACPI: Local APIC address 0xfee00000
[    0.035693] ACPI: LAPIC_NMI (acpi_id[0x00] high edge lint[0x1])
[    0.035695] ACPI: LAPIC_NMI (acpi_id[0x01] high edge lint[0x1])
[    0.035713] IOAPIC[0]: apic_id 2, version 32, address 0xfec00000, GSI 0-23
[    0.035717] ACPI: INT_SRC_OVR (bus 0 bus_irq 0 global_irq 2 dfl dfl)
[    0.035720] ACPI: INT_SRC_OVR (bus 0 bus_irq 9 global_irq 9 high level)
[    0.035723] ACPI: IRQ0 used by override.
[    0.035725] ACPI: IRQ9 used by override.
[    0.035729] Using ACPI (MADT) for SMP configuration information
[    0.035732] ACPI: HPET id: 0x8086a301 base: 0xfed00000
[    0.035737] smpboot: Allowing 8 CPUs, 4 hotplug CPUs
[    0.035765] PM: Registered nosave memory: [mem 0x00000000-0x00000fff]
[    0.035768] PM: Registered nosave memory: [mem 0x0009d000-0x0009dfff]
[    0.035770] PM: Registered nosave memory: [mem 0x0009e000-0x0009ffff]
[    0.035772] PM: Registered nosave memory: [mem 0x000a0000-0x000dffff]
[    0.035774] PM: Registered nosave memory: [mem 0x000e0000-0x000fffff]
[    0.035777] PM: Registered nosave memory: [mem 0x20000000-0x201fffff]
[    0.035779] PM: Registered nosave memory: [mem 0x40000000-0x401fffff]
[    0.035782] PM: Registered nosave memory: [mem 0xda99f000-0xdae9efff]
[    0.035784] PM: Registered nosave memory: [mem 0xdae9f000-0xdaf9efff]
[    0.035786] PM: Registered nosave memory: [mem 0xdaf9f000-0xdaffefff]
[    0.035789] PM: Registered nosave memory: [mem 0xdb000000-0xdf9fffff]
[    0.035791] PM: Registered nosave memory: [mem 0xdfa00000-0xf7ffffff]
[    0.035792] PM: Registered nosave memory: [mem 0xf8000000-0xfbffffff]
[    0.035794] PM: Registered nosave memory: [mem 0xfc000000-0xfebfffff]
[    0.035796] PM: Registered nosave memory: [mem 0xfec00000-0xfec00fff]
[    0.035798] PM: Registered nosave memory: [mem 0xfec01000-0xfed07fff]
[    0.035800] PM: Registered nosave memory: [mem 0xfed08000-0xfed08fff]
[    0.035802] PM: Registered nosave memory: [mem 0xfed09000-0xfed0ffff]
[    0.035804] PM: Registered nosave memory: [mem 0xfed10000-0xfed19fff]
[    0.035806] PM: Registered nosave memory: [mem 0xfed1a000-0xfed1bfff]
[    0.035807] PM: Registered nosave memory: [mem 0xfed1c000-0xfed1ffff]
[    0.035809] PM: Registered nosave memory: [mem 0xfed20000-0xfedfffff]
[    0.035811] PM: Registered nosave memory: [mem 0xfee00000-0xfee00fff]
[    0.035813] PM: Registered nosave memory: [mem 0xfee01000-0xffd1ffff]
[    0.035815] PM: Registered nosave memory: [mem 0xffd20000-0xffffffff]
[    0.035820] [mem 0xdfa00000-0xf7ffffff] available for PCI devices
[    0.035823] clocksource: refined-jiffies: mask: 0xffffffff max_cycles: 0xffffffff, max_idle_ns: 7645519600211568 ns
[    0.035838] random: get_random_bytes called from start_kernel+0x97/0x3d6 with crng_init=0
[    0.035845] setup_percpu: NR_CPUS:8 nr_cpumask_bits:8 nr_cpu_ids:8 nr_node_ids:1
[    0.037354] percpu: Embedded 44 pages/cpu @(____ptrval____) s140616 r8192 d31416 u262144
[    0.037362] pcpu-alloc: s140616 r8192 d31416 u262144 alloc=1*2097152
[    0.037365] pcpu-alloc: [0] 0 1 2 3 4 5 6 7 
[    0.037398] Built 1 zonelists, mobility grouping on.  Total pages: 1521719
[    0.037405] Kernel command line: BOOT_IMAGE=(hd1,2)/l/linux-next-32/arch/x86/boot/bzImage root=/dev/sdb4 resume=/dev/sda1
[    0.067551] Dentry cache hash table entries: 1048576 (order: 14, 67108864 bytes)
[    0.103019] Inode-cache hash table entries: 524288 (order: 10, 4194304 bytes)
[    0.376302] Memory: 5907120K/6171888K available (16396K kernel code, 1123K rwdata, 5248K rodata, 1008K init, 12016K bss, 264768K reserved, 0K cma-reserved)
[    0.376457] Kernel/User page tables isolation: enabled
[    0.376690] rcu: Preemptible hierarchical RCU implementation.
[    0.376692] 	Tasks RCU enabled.
[    0.376728] NR_IRQS: 4352, nr_irqs: 104, preallocated irqs: 16
[    0.378603] Console: colour VGA+ 80x25
[    0.387131] console [tty0] enabled
[    0.387187] Lock dependency validator: Copyright (c) 2006 Red Hat, Inc., Ingo Molnar
[    0.387258] ... MAX_LOCKDEP_SUBCLASSES:  8
[    0.387317] ... MAX_LOCK_DEPTH:          48
[    0.387376] ... MAX_LOCKDEP_KEYS:        8191
[    0.387435] ... CLASSHASH_SIZE:          4096
[    0.387495] ... MAX_LOCKDEP_ENTRIES:     32768
[    0.387555] ... MAX_LOCKDEP_CHAINS:      65536
[    0.387615] ... CHAINHASH_SIZE:          32768
[    0.387675]  memory used by lock dependency info: 7359 kB
[    0.387738]  per task-struct memory footprint: 1920 bytes
[    0.388132] ACPI: Core revision 20180810
[    0.388572] clocksource: hpet: mask: 0xffffffff max_cycles: 0xffffffff, max_idle_ns: 133484882848 ns
[    0.388675] hpet clockevent registered
[    0.388683] APIC: Switch to symmetric I/O mode setup
[    0.389193] ..TIMER: vector=0x30 apic1=0 pin1=2 apic2=-1 pin2=-1
[    0.408680] clocksource: tsc-early: mask: 0xffffffffffffffff max_cycles: 0x23ec277ec63, max_idle_ns: 440795216707 ns
[    0.408778] Calibrating delay loop (skipped), value calculated using timer frequency.. 4984.24 BogoMIPS (lpj=9968488)
[    0.408873] pid_max: default: 32768 minimum: 301
[    0.409098] Mount-cache hash table entries: 16384 (order: 5, 131072 bytes)
[    0.409183] Mountpoint-cache hash table entries: 16384 (order: 5, 131072 bytes)
[    0.409659] Disabled fast string operations
[    0.409728] ENERGY_PERF_BIAS: Set to 'normal', was 'performance'
[    0.409793] ENERGY_PERF_BIAS: View and update with x86_energy_perf_policy(8)
[    0.409866] process: using mwait in idle threads
[    0.409929] Last level iTLB entries: 4KB 512, 2MB 8, 4MB 8
[    0.409993] Last level dTLB entries: 4KB 512, 2MB 32, 4MB 32, 1GB 0
[    0.410061] Spectre V2 : Mitigation: Full generic retpoline
[    0.410125] Spectre V2 : Spectre v2 / SpectreRSB mitigation: Filling RSB on context switch
[    0.410198] Spectre V2 : Enabling Restricted Speculation for firmware calls
[    0.410268] Spectre V2 : mitigation: Enabling conditional Indirect Branch Prediction Barrier
[    0.410342] Spectre V2 : User space: Mitigation: STIBP via prctl
[    0.410410] Speculative Store Bypass: Vulnerable
[    0.410646] Freeing SMP alternatives memory: 44K
[    0.411790] TSC deadline timer enabled
[    0.411794] smpboot: CPU0: Intel(R) Core(TM) i5-2520M CPU @ 2.50GHz (family: 0x6, model: 0x2a, stepping: 0x7)
[    0.432862] Performance Events: PEBS fmt1+, SandyBridge events, 16-deep LBR, full-width counters, Intel PMU driver.
[    0.433012] ... version:                3
[    0.433072] ... bit width:              48
[    0.433132] ... generic registers:      4
[    0.433680] ... value mask:             0000ffffffffffff
[    0.433745] ... max period:             00007fffffffffff
[    0.433810] ... fixed-purpose events:   3
[    0.433869] ... event mask:             000000070000000f
[    0.440806] rcu: Hierarchical SRCU implementation.
[    0.469123] NMI watchdog: Enabled. Permanently consumes one hw-PMU counter.
[    0.476839] smp: Bringing up secondary CPUs ...
[    0.525104] x86: Booting SMP configuration:
[    0.525170] .... node  #0, CPUs:      #1
[    0.015816] Disabled fast string operations
[    0.573099]  #2
[    0.015816] Disabled fast string operations
[    0.621098]  #3
[    0.015816] Disabled fast string operations
[    0.623496] smp: Brought up 1 node, 4 CPUs
[    0.623496] smpboot: Max logical packages: 2
[    0.623496] smpboot: Total of 4 processors activated (19936.97 BogoMIPS)
[    0.625122] devtmpfs: initialized
[    0.625197] PM: Registering ACPI NVS region [mem 0xdae9f000-0xdaf9efff] (1048576 bytes)
[    0.625421] clocksource: jiffies: mask: 0xffffffff max_cycles: 0xffffffff, max_idle_ns: 7645041785100000 ns
[    0.625421] futex hash table entries: 2048 (order: 6, 262144 bytes)
[    0.625626] NET: Registered protocol family 16
[    0.626480] cpuidle: using governor ladder
[    0.626546] cpuidle: using governor menu
[    0.626546] ACPI FADT declares the system doesn't support PCIe ASPM, so disable it
[    0.626546] ACPI: bus type PCI registered
[    0.626546] PCI: MMCONFIG for domain 0000 [bus 00-3f] at [mem 0xf8000000-0xfbffffff] (base 0xf8000000)
[    0.628823] PCI: MMCONFIG at [mem 0xf8000000-0xfbffffff] reserved in E820
[    0.628864] PCI: Using configuration type 1 for base access
[    0.628975] core: PMU erratum BJ122, BV98, HSD29 worked around, HT is on
[    0.653102] ACPI: Added _OSI(Module Device)
[    0.653177] ACPI: Added _OSI(Processor Device)
[    0.653248] ACPI: Added _OSI(3.0 _SCP Extensions)
[    0.653320] ACPI: Added _OSI(Processor Aggregator Device)
[    0.653396] ACPI: Added _OSI(Linux-Dell-Video)
[    0.653468] ACPI: Added _OSI(Linux-Lenovo-NV-HDMI-Audio)
[    0.653558] ACPI: EC: EC started
[    0.653623] ACPI: EC: interrupt blocked
[    0.653730] ACPI: \: Used as first EC
[    0.653801] ACPI: \: GPE=0x11, EC_CMD/EC_SC=0x66, EC_DATA=0x62
[    0.653880] ACPI: \: Used as boot ECDT EC to handle transactions
[    0.695961] ACPI: 6 ACPI AML tables successfully acquired and loaded
[    0.701315] ACPI: [Firmware Bug]: BIOS _OSI(Linux) query ignored
[    0.715967] ACPI: Dynamic OEM Table Load:
[    0.716048] ACPI: SSDT 0xFFFF888193932000 0008C0 (v01 PmRef  Cpu0Cst  00003001 INTL 20061109)
[    0.717756] ACPI: Dynamic OEM Table Load:
[    0.717843] ACPI: SSDT 0xFFFF8881938ECC00 000303 (v01 PmRef  ApIst    00003000 INTL 20061109)
[    0.718885] ACPI: Dynamic OEM Table Load:
[    0.718959] ACPI: SSDT 0xFFFF888192CB1000 000119 (v01 PmRef  ApCst    00003000 INTL 20061109)
[    0.721679] ACPI: Interpreter enabled
[    0.721792] ACPI: (supports S0 S3 S4 S5)
[    0.721857] ACPI: Using IOAPIC for interrupt routing
[    0.721995] PCI: Using host bridge windows from ACPI; if necessary, use "pci=nocrs" and report a bug
[    0.722847] ACPI: Enabled 6 GPEs in block 00 to 3F
[    0.735479] ACPI: Power Resource [PUBS] (on)
[    0.736111] acpi PNP0C0A:01: ACPI dock station (docks/bays count: 1)
[    0.740270] acpi LNXIOBAY:00: ACPI dock station (docks/bays count: 2)
[    0.747261] acpi IBM0079:00: ACPI dock station (docks/bays count: 3)
[    0.749199] ACPI: PCI Interrupt Link [LNKA] (IRQs 3 4 5 6 7 9 10 *11)
[    0.749675] ACPI: PCI Interrupt Link [LNKB] (IRQs 3 4 5 6 7 9 10 *11)
[    0.750133] ACPI: PCI Interrupt Link [LNKC] (IRQs 3 4 5 6 7 9 10 *11)
[    0.750586] ACPI: PCI Interrupt Link [LNKD] (IRQs 3 4 5 6 7 9 *10 11)
[    0.751037] ACPI: PCI Interrupt Link [LNKE] (IRQs 3 4 5 6 *7 9 10 11)
[    0.751391] ACPI: PCI Interrupt Link [LNKF] (IRQs 3 4 5 6 7 9 10 11) *0, disabled.
[    0.751851] ACPI: PCI Interrupt Link [LNKG] (IRQs 3 4 5 6 *7 9 10 11)
[    0.752302] ACPI: PCI Interrupt Link [LNKH] (IRQs 3 4 5 6 7 9 *10 11)
[    0.752647] ACPI: PCI Root Bridge [PCI0] (domain 0000 [bus 00-fe])
[    0.752723] acpi PNP0A08:00: _OSC: OS supports [ExtendedConfig ASPM ClockPM Segments]
[    0.754743] acpi PNP0A08:00: _OSC: not requesting OS control; OS requires [ExtendedConfig ASPM ClockPM MSI]
[    0.754850] acpi PNP0A08:00: [Firmware Info]: MMCONFIG for domain 0000 [bus 00-3f] only partially covers this bridge
[    0.755108] PCI host bridge to bus 0000:00
[    0.755173] pci_bus 0000:00: root bus resource [io  0x0000-0x0cf7 window]
[    0.755246] pci_bus 0000:00: root bus resource [io  0x0d00-0xffff window]
[    0.755318] pci_bus 0000:00: root bus resource [mem 0x000a0000-0x000bffff window]
[    0.755393] pci_bus 0000:00: root bus resource [mem 0xdfa00000-0xfebfffff window]
[    0.755467] pci_bus 0000:00: root bus resource [mem 0xfed40000-0xfed4bfff window]
[    0.755542] pci_bus 0000:00: root bus resource [bus 00-fe]
[    0.755629] pci 0000:00:00.0: [8086:0104] type 00 class 0x060000
[    0.755872] pci 0000:00:02.0: [8086:0126] type 00 class 0x030000
[    0.755887] pci 0000:00:02.0: reg 0x10: [mem 0xf0000000-0xf03fffff 64bit]
[    0.755896] pci 0000:00:02.0: reg 0x18: [mem 0xe0000000-0xefffffff 64bit pref]
[    0.755903] pci 0000:00:02.0: reg 0x20: [io  0x5000-0x503f]
[    0.756184] pci 0000:00:16.0: [8086:1c3a] type 00 class 0x078000
[    0.756218] pci 0000:00:16.0: reg 0x10: [mem 0xf2525000-0xf252500f 64bit]
[    0.756314] pci 0000:00:16.0: PME# supported from D0 D3hot D3cold
[    0.756538] pci 0000:00:19.0: [8086:1502] type 00 class 0x020000
[    0.756565] pci 0000:00:19.0: reg 0x10: [mem 0xf2500000-0xf251ffff]
[    0.756577] pci 0000:00:19.0: reg 0x14: [mem 0xf252b000-0xf252bfff]
[    0.756588] pci 0000:00:19.0: reg 0x18: [io  0x5080-0x509f]
[    0.756667] pci 0000:00:19.0: PME# supported from D0 D3hot D3cold
[    0.756908] pci 0000:00:1a.0: [8086:1c2d] type 00 class 0x0c0320
[    0.756937] pci 0000:00:1a.0: reg 0x10: [mem 0xf252a000-0xf252a3ff]
[    0.757046] pci 0000:00:1a.0: PME# supported from D0 D3hot D3cold
[    0.757270] pci 0000:00:1b.0: [8086:1c20] type 00 class 0x040300
[    0.757304] pci 0000:00:1b.0: reg 0x10: [mem 0xf2520000-0xf2523fff 64bit]
[    0.757408] pci 0000:00:1b.0: PME# supported from D0 D3hot D3cold
[    0.757640] pci 0000:00:1c.0: [8086:1c10] type 01 class 0x060400
[    0.757751] pci 0000:00:1c.0: PME# supported from D0 D3hot D3cold
[    0.757985] pci 0000:00:1c.1: [8086:1c12] type 01 class 0x060400
[    0.758101] pci 0000:00:1c.1: PME# supported from D0 D3hot D3cold
[    0.758336] pci 0000:00:1c.3: [8086:1c16] type 01 class 0x060400
[    0.758451] pci 0000:00:1c.3: PME# supported from D0 D3hot D3cold
[    0.758684] pci 0000:00:1c.4: [8086:1c18] type 01 class 0x060400
[    0.758834] pci 0000:00:1c.4: PME# supported from D0 D3hot D3cold
[    0.759080] pci 0000:00:1d.0: [8086:1c26] type 00 class 0x0c0320
[    0.759110] pci 0000:00:1d.0: reg 0x10: [mem 0xf2529000-0xf25293ff]
[    0.759217] pci 0000:00:1d.0: PME# supported from D0 D3hot D3cold
[    0.759438] pci 0000:00:1f.0: [8086:1c4f] type 00 class 0x060100
[    0.759772] pci 0000:00:1f.2: [8086:1c03] type 00 class 0x010601
[    0.759800] pci 0000:00:1f.2: reg 0x10: [io  0x50a8-0x50af]
[    0.759811] pci 0000:00:1f.2: reg 0x14: [io  0x50bc-0x50bf]
[    0.759823] pci 0000:00:1f.2: reg 0x18: [io  0x50a0-0x50a7]
[    0.759834] pci 0000:00:1f.2: reg 0x1c: [io  0x50b8-0x50bb]
[    0.759845] pci 0000:00:1f.2: reg 0x20: [io  0x5060-0x507f]
[    0.759855] pci 0000:00:1f.2: reg 0x24: [mem 0xf2528000-0xf25287ff]
[    0.759917] pci 0000:00:1f.2: PME# supported from D3hot
[    0.760128] pci 0000:00:1f.3: [8086:1c22] type 00 class 0x0c0500
[    0.760157] pci 0000:00:1f.3: reg 0x10: [mem 0xf2524000-0xf25240ff 64bit]
[    0.760183] pci 0000:00:1f.3: reg 0x20: [io  0xefa0-0xefbf]
[    0.760489] pci 0000:00:1c.0: PCI bridge to [bus 02]
[    0.760701] pci 0000:03:00.0: [8086:0084] type 00 class 0x028000
[    0.760777] pci 0000:03:00.0: reg 0x10: [mem 0xf2400000-0xf2401fff 64bit]
[    0.761054] pci 0000:03:00.0: PME# supported from D0 D3hot D3cold
[    0.761279] pci 0000:00:1c.1: PCI bridge to [bus 03]
[    0.761352] pci 0000:00:1c.1:   bridge window [mem 0xf2400000-0xf24fffff]
[    0.761453] pci 0000:00:1c.3: PCI bridge to [bus 05-0c]
[    0.761523] pci 0000:00:1c.3:   bridge window [io  0x4000-0x4fff]
[    0.761529] pci 0000:00:1c.3:   bridge window [mem 0xf1c00000-0xf23fffff]
[    0.761538] pci 0000:00:1c.3:   bridge window [mem 0xf0400000-0xf0bfffff 64bit pref]
[    0.761765] pci 0000:0d:00.0: [1180:e823] type 00 class 0x088001
[    0.761796] pci 0000:0d:00.0: MMC controller base frequency changed to 50Mhz.
[    0.762088] pci 0000:0d:00.0: reg 0x10: [mem 0xf1400000-0xf14000ff]
[    0.762368] pci 0000:0d:00.0: supports D1 D2
[    0.762371] pci 0000:0d:00.0: PME# supported from D0 D1 D2 D3hot D3cold
[    0.762788] pci 0000:00:1c.4: PCI bridge to [bus 0d]
[    0.762858] pci 0000:00:1c.4:   bridge window [io  0x3000-0x3fff]
[    0.762865] pci 0000:00:1c.4:   bridge window [mem 0xf1400000-0xf1bfffff]
[    0.762875] pci 0000:00:1c.4:   bridge window [mem 0xf0c00000-0xf13fffff 64bit pref]
[    0.762912] pci_bus 0000:00: on NUMA node 0
[    0.766156] ACPI: EC: interrupt unblocked
[    0.766239] ACPI: EC: event unblocked
[    0.766483] ACPI: \_SB_.PCI0.LPC_.EC__: GPE=0x11, EC_CMD/EC_SC=0x66, EC_DATA=0x62
[    0.766561] ACPI: \_SB_.PCI0.LPC_.EC__: Used as boot DSDT EC to handle transactions and events
[    0.766887] pci 0000:00:02.0: vgaarb: setting as boot VGA device
[    0.766887] pci 0000:00:02.0: vgaarb: VGA device added: decodes=io+mem,owns=io+mem,locks=none
[    0.766887] pci 0000:00:02.0: vgaarb: bridge control possible
[    0.766887] vgaarb: loaded
[    0.766887] SCSI subsystem initialized
[    0.766887] libata version 3.00 loaded.
[    0.766887] ACPI: bus type USB registered
[    0.766887] usbcore: registered new interface driver usbfs
[    0.766887] usbcore: registered new interface driver hub
[    0.766887] usbcore: registered new device driver usb
[    0.766887] media: Linux media interface: v0.10
[    0.766887] videodev: Linux video capture interface: v2.00
[    0.766887] pps_core: LinuxPPS API ver. 1 registered
[    0.768799] pps_core: Software ver. 5.3.6 - Copyright 2005-2007 Rodolfo Giometti <giometti@linux.it>
[    0.768913] PTP clock support registered
[    0.769094] EDAC MC: Ver: 3.0.0
[    0.769269] Advanced Linux Sound Architecture Driver Initialized.
[    0.769269] PCI: Using ACPI for IRQ routing
[    0.771137] PCI: pci_cache_line_size set to 64 bytes
[    0.771440] e820: reserve RAM buffer [mem 0x0009d800-0x0009ffff]
[    0.771444] e820: reserve RAM buffer [mem 0xda99f000-0xdbffffff]
[    0.771447] e820: reserve RAM buffer [mem 0xdb000000-0xdbffffff]
[    0.771450] e820: reserve RAM buffer [mem 0x19e600000-0x19fffffff]
[    0.771836] Bluetooth: Core ver 2.22
[    0.772887] NET: Registered protocol family 31
[    0.772957] Bluetooth: HCI device and connection manager initialized
[    0.773033] Bluetooth: HCI socket layer initialized
[    0.773099] Bluetooth: L2CAP socket layer initialized
[    0.773191] Bluetooth: SCO socket layer initialized
[    0.773358] clocksource: Switched to clocksource tsc-early
[    0.773358] pnp: PnP ACPI init
[    0.774708] system 00:00: [mem 0x00000000-0x0009ffff] could not be reserved
[    0.774785] system 00:00: [mem 0x000c0000-0x000c3fff] could not be reserved
[    0.774859] system 00:00: [mem 0x000c4000-0x000c7fff] could not be reserved
[    0.774933] system 00:00: [mem 0x000c8000-0x000cbfff] has been reserved
[    0.775005] system 00:00: [mem 0x000cc000-0x000cffff] has been reserved
[    0.775077] system 00:00: [mem 0x000d0000-0x000d3fff] has been reserved
[    0.775149] system 00:00: [mem 0x000d4000-0x000d7fff] has been reserved
[    0.775222] system 00:00: [mem 0x000d8000-0x000dbfff] has been reserved
[    0.775294] system 00:00: [mem 0x000dc000-0x000dffff] has been reserved
[    0.775367] system 00:00: [mem 0x000e0000-0x000e3fff] could not be reserved
[    0.775441] system 00:00: [mem 0x000e4000-0x000e7fff] could not be reserved
[    0.775515] system 00:00: [mem 0x000e8000-0x000ebfff] could not be reserved
[    0.775589] system 00:00: [mem 0x000ec000-0x000effff] could not be reserved
[    0.775663] system 00:00: [mem 0x000f0000-0x000fffff] could not be reserved
[    0.775737] system 00:00: [mem 0x00100000-0xdf9fffff] could not be reserved
[    0.775811] system 00:00: [mem 0xfec00000-0xfed3ffff] could not be reserved
[    0.775885] system 00:00: [mem 0xfed4c000-0xffffffff] could not be reserved
[    0.775982] system 00:00: Plug and Play ACPI device, IDs PNP0c01 (active)
[    0.776306] system 00:01: [io  0x0400-0x047f] has been reserved
[    0.776377] system 00:01: [io  0x0500-0x057f] has been reserved
[    0.776447] system 00:01: [io  0x0800-0x080f] has been reserved
[    0.776517] system 00:01: [io  0x15e0-0x15ef] has been reserved
[    0.776587] system 00:01: [io  0x1600-0x167f] has been reserved
[    0.776657] system 00:01: [mem 0xf8000000-0xfbffffff] has been reserved
[    0.776730] system 00:01: [mem 0x00000000-0x00000fff] could not be reserved
[    0.776824] system 00:01: [mem 0xfed1c000-0xfed1ffff] has been reserved
[    0.776897] system 00:01: [mem 0xfed10000-0xfed13fff] has been reserved
[    0.776970] system 00:01: [mem 0xfed18000-0xfed18fff] has been reserved
[    0.777042] system 00:01: [mem 0xfed19000-0xfed19fff] has been reserved
[    0.777114] system 00:01: [mem 0xfed45000-0xfed4bfff] has been reserved
[    0.777205] system 00:01: Plug and Play ACPI device, IDs PNP0c02 (active)
[    0.777367] pnp 00:02: Plug and Play ACPI device, IDs PNP0b00 (active)
[    0.777442] pnp 00:03: Plug and Play ACPI device, IDs PNP0303 (active)
[    0.777517] pnp 00:04: Plug and Play ACPI device, IDs LEN0020 PNP0f13 (active)
[    0.777668] pnp 00:05: Plug and Play ACPI device, IDs SMO1200 PNP0c31 (active)
[    0.778812] pnp: PnP ACPI: found 6 devices
[    0.790187] clocksource: acpi_pm: mask: 0xffffff max_cycles: 0xffffff, max_idle_ns: 2085701024 ns
[    0.790302] pci 0000:00:1c.0: bridge window [io  0x1000-0x0fff] to [bus 02] add_size 1000
[    0.790308] pci 0000:00:1c.0: bridge window [mem 0x00100000-0x000fffff 64bit pref] to [bus 02] add_size 200000 add_align 100000
[    0.790312] pci 0000:00:1c.0: bridge window [mem 0x00100000-0x000fffff] to [bus 02] add_size 200000 add_align 100000
[    0.790353] pci 0000:00:1c.0: BAR 8: assigned [mem 0xdfa00000-0xdfbfffff]
[    0.790428] pci 0000:00:1c.0: BAR 9: assigned [mem 0xdfc00000-0xdfdfffff 64bit pref]
[    0.790504] pci 0000:00:1c.0: BAR 7: assigned [io  0x2000-0x2fff]
[    0.790576] pci 0000:00:1c.0: PCI bridge to [bus 02]
[    0.790642] pci 0000:00:1c.0:   bridge window [io  0x2000-0x2fff]
[    0.790715] pci 0000:00:1c.0:   bridge window [mem 0xdfa00000-0xdfbfffff]
[    0.790788] pci 0000:00:1c.0:   bridge window [mem 0xdfc00000-0xdfdfffff 64bit pref]
[    0.790868] pci 0000:00:1c.1: PCI bridge to [bus 03]
[    0.790937] pci 0000:00:1c.1:   bridge window [mem 0xf2400000-0xf24fffff]
[    0.791017] pci 0000:00:1c.3: PCI bridge to [bus 05-0c]
[    0.791083] pci 0000:00:1c.3:   bridge window [io  0x4000-0x4fff]
[    0.791155] pci 0000:00:1c.3:   bridge window [mem 0xf1c00000-0xf23fffff]
[    0.791228] pci 0000:00:1c.3:   bridge window [mem 0xf0400000-0xf0bfffff 64bit pref]
[    0.791308] pci 0000:00:1c.4: PCI bridge to [bus 0d]
[    0.791374] pci 0000:00:1c.4:   bridge window [io  0x3000-0x3fff]
[    0.791448] pci 0000:00:1c.4:   bridge window [mem 0xf1400000-0xf1bfffff]
[    0.791522] pci 0000:00:1c.4:   bridge window [mem 0xf0c00000-0xf13fffff 64bit pref]
[    0.791604] pci_bus 0000:00: resource 4 [io  0x0000-0x0cf7 window]
[    0.791607] pci_bus 0000:00: resource 5 [io  0x0d00-0xffff window]
[    0.791610] pci_bus 0000:00: resource 6 [mem 0x000a0000-0x000bffff window]
[    0.791613] pci_bus 0000:00: resource 7 [mem 0xdfa00000-0xfebfffff window]
[    0.791615] pci_bus 0000:00: resource 8 [mem 0xfed40000-0xfed4bfff window]
[    0.791618] pci_bus 0000:02: resource 0 [io  0x2000-0x2fff]
[    0.791621] pci_bus 0000:02: resource 1 [mem 0xdfa00000-0xdfbfffff]
[    0.791624] pci_bus 0000:02: resource 2 [mem 0xdfc00000-0xdfdfffff 64bit pref]
[    0.791627] pci_bus 0000:03: resource 1 [mem 0xf2400000-0xf24fffff]
[    0.791630] pci_bus 0000:05: resource 0 [io  0x4000-0x4fff]
[    0.791633] pci_bus 0000:05: resource 1 [mem 0xf1c00000-0xf23fffff]
[    0.791636] pci_bus 0000:05: resource 2 [mem 0xf0400000-0xf0bfffff 64bit pref]
[    0.791639] pci_bus 0000:0d: resource 0 [io  0x3000-0x3fff]
[    0.791641] pci_bus 0000:0d: resource 1 [mem 0xf1400000-0xf1bfffff]
[    0.791644] pci_bus 0000:0d: resource 2 [mem 0xf0c00000-0xf13fffff 64bit pref]
[    0.791937] NET: Registered protocol family 2
[    0.792428] tcp_listen_portaddr_hash hash table entries: 4096 (order: 6, 294912 bytes)
[    0.792651] TCP established hash table entries: 65536 (order: 7, 524288 bytes)
[    0.793052] TCP bind hash table entries: 65536 (order: 10, 4194304 bytes)
[    0.795260] TCP: Hash tables configured (established 65536 bind 65536)
[    0.795701] UDP hash table entries: 4096 (order: 7, 655360 bytes)
[    0.796099] UDP-Lite hash table entries: 4096 (order: 7, 655360 bytes)
[    0.796587] NET: Registered protocol family 1
[    0.797039] RPC: Registered named UNIX socket transport module.
[    0.797595] RPC: Registered udp transport module.
[    0.797658] RPC: Registered tcp transport module.
[    0.797721] RPC: Registered tcp NFSv4.1 backchannel transport module.
[    0.798073] pci 0000:00:02.0: Video device with shadowed ROM at [mem 0x000c0000-0x000dffff]
[    0.799150] PCI: CLS 64 bytes, default 64
[    0.799218] PCI-DMA: Using software bounce buffering for IO (SWIOTLB)
[    0.799289] software IO TLB: mapped [mem 0xd699f000-0xda99f000] (64MB)
[    0.802432] Initialise system trusted keyrings
[    0.802615] workingset: timestamp_bits=62 max_order=21 bucket_order=0
[    0.804137] Installing knfsd (copyright (C) 1996 okir@monad.swb.de).
[    0.804874] ntfs: driver 2.1.32 [Flags: R/W].
[    0.805090] fuse init (API version 7.27)
[    0.805561] pstore: using deflate compression
[    0.807426] Key type asymmetric registered
[    0.807495] Asymmetric key parser 'x509' registered
[    0.807589] Block layer SCSI generic (bsg) driver version 0.4 loaded (major 249)
[    0.807667] io scheduler noop registered
[    0.807728] io scheduler deadline registered
[    0.807816] io scheduler cfq registered (default)
[    0.807880] io scheduler mq-deadline registered
[    0.807961] io scheduler bfq registered
[    0.808244] pcieport 0000:00:1c.0: enabling device (0000 -> 0003)
[    0.809607] intel_idle: MWAIT substates: 0x21120
[    0.809612] intel_idle: v0.4.1 model 0x2A
[    0.810171] intel_idle: lapic_timer_reliable_states 0xffffffff
[    0.810529] ACPI: Deprecated procfs I/F for AC is loaded, please retry with CONFIG_ACPI_PROCFS_POWER cleared
[    0.810723] ACPI: AC Adapter [AC] (on-line)
[    0.810987] input: Lid Switch as /devices/LNXSYSTM:00/LNXSYBUS:00/PNP0C0D:00/input/input0
[    0.811170] ACPI: Lid Switch [LID]
[    0.811378] input: Sleep Button as /devices/LNXSYSTM:00/LNXSYBUS:00/PNP0C0E:00/input/input1
[    0.811514] ACPI: Sleep Button [SLPB]
[    0.811740] input: Power Button as /devices/LNXSYSTM:00/LNXPWRBN:00/input/input2
[    0.811862] ACPI: Power Button [PWRF]
[    0.815803] thermal LNXTHERM:00: registered as thermal_zone0
[    0.815875] ACPI: Thermal Zone [THM0] (79 C)
[    0.816304] Serial: 8250/16550 driver, 4 ports, IRQ sharing disabled
[    0.817976] lp: driver loaded but no devices found
[    0.818173] Non-volatile memory driver v1.3
[    0.818541] Linux agpgart interface v0.103
[    0.818995] [drm] radeon kernel modesetting enabled.
[    0.820175] [drm] Replacing VGA console driver
[    0.821031] Console: switching to colour dummy device 80x25
[    0.832864] [drm] Supports vblank timestamp caching Rev 2 (21.10.2013).
[    0.832891] [drm] Driver supports precise vblank timestamp query.
[    0.834048] i915 0000:00:02.0: vgaarb: changed VGA decodes: olddecodes=io+mem,decodes=io+mem:owns=io+mem
[    0.837287] battery: ACPI: Deprecated procfs I/F for battery is loaded, please retry with CONFIG_ACPI_PROCFS_POWER cleared
[    0.837328] battery: ACPI: Battery Slot [BAT0] (battery present)
[    0.947681] [drm] Initialized i915 1.6.0 20180719 for 0000:00:02.0 on minor 0
[    0.949817] ACPI: Video Device [VID] (multi-head: yes  rom: no  post: no)
[    0.950432] input: Video Bus as /devices/LNXSYSTM:00/LNXSYBUS:00/PNP0A08:00/LNXVIDEO:00/input/input3
[    0.950832] usbcore: registered new interface driver udl
[    0.961119] loop: module loaded
[    0.977581] ahci 0000:00:1f.2: version 3.0
[    0.978205] ahci 0000:00:1f.2: SSS flag set, parallel bus scan disabled
[    0.988921] ahci 0000:00:1f.2: AHCI 0001.0300 32 slots 6 ports 6 Gbps 0x17 impl SATA mode
[    0.988946] ahci 0000:00:1f.2: flags: 64bit ncq sntf ilck stag pm led clo pio slum part ems sxs apst 
[    1.027444] scsi host0: ahci
[    1.027866] scsi host1: ahci
[    1.028241] scsi host2: ahci
[    1.028610] scsi host3: ahci
[    1.029005] scsi host4: ahci
[    1.029382] scsi host5: ahci
[    1.029601] ata1: SATA max UDMA/133 abar m2048@0xf2528000 port 0xf2528100 irq 19
[    1.029634] ata2: SATA max UDMA/133 abar m2048@0xf2528000 port 0xf2528180 irq 19
[    1.029655] ata3: SATA max UDMA/133 abar m2048@0xf2528000 port 0xf2528200 irq 19
[    1.029673] ata4: DUMMY
[    1.029681] ata5: SATA max UDMA/133 abar m2048@0xf2528000 port 0xf2528300 irq 19
[    1.029698] ata6: DUMMY
[    1.030388] tun: Universal TUN/TAP device driver, 1.6
[    1.030675] e1000e: Intel(R) PRO/1000 Network Driver - 3.2.6-k
[    1.030689] e1000e: Copyright(c) 1999 - 2015 Intel Corporation.
[    1.031069] e1000e 0000:00:19.0: Interrupt Throttling Rate (ints/sec) set to dynamic conservative mode
[    1.132717] e1000e 0000:00:19.0 0000:00:19.0 (uninitialized): registered PHC clock
[    1.201817] fbcon: inteldrmfb (fb0) is primary device
[    1.229808] e1000e 0000:00:19.0 eth0: (PCI Express:2.5GT/s:Width x1) f0:de:f1:e3:99:75
[    1.229812] e1000e 0000:00:19.0 eth0: Intel(R) PRO/1000 Network Connection
[    1.229863] e1000e 0000:00:19.0 eth0: MAC: 10, PHY: 11, PBA No: 1000FF-0FF
[    1.230077] PPP generic driver version 2.4.2
[    1.230250] PPP BSD Compression module registered
[    1.230254] PPP Deflate Compression module registered
[    1.230258] SLIP: version 0.8.4-NET3.019-NEWTTY (dynamic channels, max=256).
[    1.230260] CSLIP: code copyright 1989 Regents of the University of California.
[    1.230319] iwl3945: Intel(R) PRO/Wireless 3945ABG/BG Network Connection driver for Linux, in-tree:ds
[    1.230322] iwl3945: Copyright(c) 2003-2011 Intel Corporation
[    1.230324] iwl3945: hw_scan is disabled
[    1.230386] Intel(R) Wireless WiFi driver for Linux
[    1.230388] Copyright(c) 2003- 2015 Intel Corporation
[    1.230725] iwlwifi 0000:03:00.0: can't disable ASPM; OS doesn't have ASPM control
[    1.230823] iwlwifi 0000:03:00.0: pci_enable_msi failed - -38
[    1.231258] iwlwifi 0000:03:00.0: loaded firmware version 39.31.5.1 build 35138 op_mode iwldvm
[    1.231501] iwlwifi 0000:03:00.0: CONFIG_IWLWIFI_DEBUG disabled
[    1.231504] iwlwifi 0000:03:00.0: CONFIG_IWLWIFI_DEBUGFS disabled
[    1.231507] iwlwifi 0000:03:00.0: CONFIG_IWLWIFI_DEVICE_TRACING disabled
[    1.231510] iwlwifi 0000:03:00.0: Detected Intel(R) Centrino(R) Wireless-N 1000 BGN, REV=0x6C
[    1.273664] ieee80211 phy0: Selected rate control algorithm 'iwl-agn-rs'
[    1.274314] usbcore: registered new interface driver ax88179_178a
[    1.274353] usbcore: registered new interface driver cdc_ether
[    1.274399] usbcore: registered new interface driver cdc_eem
[    1.274441] usbcore: registered new interface driver net1080
[    1.274488] usbcore: registered new interface driver cdc_subset
[    1.274531] usbcore: registered new interface driver zaurus
[    1.274586] usbcore: registered new interface driver cdc_ncm
[    1.274629] usbcore: registered new interface driver cdc_mbim
[    1.274975] ehci_hcd: USB 2.0 'Enhanced' Host Controller (EHCI) Driver
[    1.274990] ehci-pci: EHCI PCI platform driver
[    1.275326] ehci-pci 0000:00:1a.0: EHCI Host Controller
[    1.275487] ehci-pci 0000:00:1a.0: new USB bus registered, assigned bus number 1
[    1.275529] ehci-pci 0000:00:1a.0: debug port 2
[    1.279512] ehci-pci 0000:00:1a.0: cache line size of 64 is not supported
[    1.279659] ehci-pci 0000:00:1a.0: irq 16, io mem 0xf252a000
[    1.292966] ehci-pci 0000:00:1a.0: USB 2.0 started, EHCI 1.00
[    1.293229] usb usb1: New USB device found, idVendor=1d6b, idProduct=0002, bcdDevice= 4.19
[    1.293233] usb usb1: New USB device strings: Mfr=3, Product=2, SerialNumber=1
[    1.293236] usb usb1: Product: EHCI Host Controller
[    1.293239] usb usb1: Manufacturer: Linux 4.19.13-cip1-rt1 ehci_hcd
[    1.293241] usb usb1: SerialNumber: 0000:00:1a.0
[    1.293762] hub 1-0:1.0: USB hub found
[    1.293787] hub 1-0:1.0: 3 ports detected
[    1.294686] ehci-pci 0000:00:1d.0: EHCI Host Controller
[    1.294895] ehci-pci 0000:00:1d.0: new USB bus registered, assigned bus number 2
[    1.294920] ehci-pci 0000:00:1d.0: debug port 2
[    1.298859] ehci-pci 0000:00:1d.0: cache line size of 64 is not supported
[    1.299029] ehci-pci 0000:00:1d.0: irq 23, io mem 0xf2529000
[    1.312962] ehci-pci 0000:00:1d.0: USB 2.0 started, EHCI 1.00
[    1.313134] usb usb2: New USB device found, idVendor=1d6b, idProduct=0002, bcdDevice= 4.19
[    1.313138] usb usb2: New USB device strings: Mfr=3, Product=2, SerialNumber=1
[    1.313141] usb usb2: Product: EHCI Host Controller
[    1.313144] usb usb2: Manufacturer: Linux 4.19.13-cip1-rt1 ehci_hcd
[    1.313147] usb usb2: SerialNumber: 0000:00:1d.0
[    1.313638] hub 2-0:1.0: USB hub found
[    1.313666] hub 2-0:1.0: 3 ports detected
[    1.314272] ohci_hcd: USB 1.1 'Open' Host Controller (OHCI) Driver
[    1.314291] ohci-pci: OHCI PCI platform driver
[    1.314351] uhci_hcd: USB Universal Host Controller Interface driver
[    1.314545] usbcore: registered new interface driver cdc_acm
[    1.314548] cdc_acm: USB Abstract Control Model driver for USB modems and ISDN adapters
[    1.314601] usbcore: registered new interface driver usblp
[    1.314645] usbcore: registered new interface driver cdc_wdm
[    1.314701] usbcore: registered new interface driver usb-storage
[    1.314743] usbcore: registered new interface driver ums-sddr09
[    1.314862] usbcore: registered new interface driver usbserial_generic
[    1.314914] usbserial: USB Serial support registered for generic
[    1.314944] usbcore: registered new interface driver ch341
[    1.314982] usbserial: USB Serial support registered for ch341-uart
[    1.315027] usbcore: registered new interface driver ftdi_sio
[    1.315067] usbserial: USB Serial support registered for FTDI USB Serial Device
[    1.315140] usbcore: registered new interface driver option
[    1.315178] usbserial: USB Serial support registered for GSM modem (1-port)
[    1.315250] usbcore: registered new interface driver pl2303
[    1.315282] usbserial: USB Serial support registered for pl2303
[    1.315329] usbcore: registered new interface driver ti_usb_3410_5052
[    1.315369] usbserial: USB Serial support registered for TI USB 3410 1 port adapter
[    1.315411] usbserial: USB Serial support registered for TI USB 5052 2 port adapter
[    1.315416] ftdi_elan: driver ftdi-elan
[    1.315458] usbcore: registered new interface driver ftdi-elan
[    1.315618] i8042: PNP: PS/2 Controller [PNP0303:KBD,PNP0f13:MOU] at 0x60,0x64 irq 1,12
[    1.319114] serio: i8042 KBD port at 0x60,0x64 irq 1
[    1.319268] serio: i8042 AUX port at 0x60,0x64 irq 12
[    1.319726] mousedev: PS/2 mouse device common for all mice
[    1.320586] input: PC Speaker as /devices/platform/pcspkr/input/input5
[    1.320990] rtc_cmos 00:02: RTC can wake from S4
[    1.321348] rtc_cmos 00:02: registered as rtc0
[    1.321430] rtc_cmos 00:02: alarms up to one month, y3k, 114 bytes nvram, hpet irqs
[    1.321563] usbcore: registered new interface driver uvcvideo
[    1.321566] USB Video Class driver (1.1.1)
[    1.321569] gspca_main: v2.14.0 registered
[    1.321617] usbcore: registered new interface driver sq930x
[    1.322386] device-mapper: ioctl: 4.39.0-ioctl (2018-04-03) initialised: dm-devel@redhat.com
[    1.322390] Bluetooth: HCI UART driver ver 2.3
[    1.322392] Bluetooth: HCI UART protocol H4 registered
[    1.322394] Bluetooth: HCI UART protocol BCSP registered
[    1.322462] usbcore: registered new interface driver btusb
[    1.322470] intel_pstate: Intel P-state driver initializing
[    1.323037] sdhci: Secure Digital Host Controller Interface driver
[    1.323046] sdhci: Copyright(c) Pierre Ossman
[    1.323186] sdhci-pci 0000:0d:00.0: SDHCI controller found [1180:e823] (rev 4)
[    1.324658] input: AT Translated Set 2 keyboard as /devices/platform/i8042/serio0/input/input4
[    1.326870] mmc0 bounce up to 128 segments into one, max segment size 65536 bytes
[    1.328497] mmc0: SDHCI controller on PCI [0000:0d:00.0] using DMA
[    1.329123] hidraw: raw HID events driver (C) Jiri Kosina
[    1.332754] usbcore: registered new interface driver usbhid
[    1.332765] usbhid: USB HID core driver
[    1.334371] thinkpad_acpi: ThinkPad ACPI Extras v0.26
[    1.334379] thinkpad_acpi: http://ibm-acpi.sf.net/
[    1.334384] thinkpad_acpi: ThinkPad BIOS 8DET74WW (1.44 ), EC unknown
[    1.334390] thinkpad_acpi: Lenovo ThinkPad X220, model 42872WU
[    1.336199] thinkpad_acpi: radio switch found; radios are enabled
[    1.336400] thinkpad_acpi: Tablet mode switch found (type: MHKG), currently in laptop mode
[    1.336421] thinkpad_acpi: This ThinkPad has standard ACPI backlight brightness control, supported by the ACPI video driver
[    1.336423] thinkpad_acpi: Disabling thinkpad-acpi brightness events by default...
[    1.342098] thinkpad_acpi: rfkill switch tpacpi_bluetooth_sw: radio is unblocked
[    1.343810] thinkpad_acpi: warning: userspace override of important firmware LEDs is enabled
[    1.343829] thinkpad_acpi: Standard ACPI backlight interface available, not loading native one
[    1.343832] thinkpad_acpi: volume: disabled as there is no ALSA support in this kernel
[    1.344812] ata1: SATA link up 1.5 Gbps (SStatus 113 SControl 300)
[    1.347285] ata1.00: ACPI cmd ef/02:00:00:00:00:a0 (SET FEATURES) succeeded
[    1.347289] ata1.00: ACPI cmd f5/00:00:00:00:00:a0 (SECURITY FREEZE LOCK) filtered out
[    1.347292] ata1.00: ACPI cmd ef/10:03:00:00:00:a0 (SET FEATURES) filtered out
[    1.347978] thinkpad_acpi: battery 1 registered (start 0, stop 100)
[    1.347986] battery: new extension: ThinkPad Battery Extension
[    1.348089] input: ThinkPad Extra Buttons as /devices/platform/thinkpad_acpi/input/input8
[    1.348222] ata1.00: ATA-8: Hitachi HTS545050A7E380, GG2OA7J0, max UDMA/133
[    1.348228] ata1.00: 976773168 sectors, multi 16: LBA48 NCQ (depth 32), AA
[    1.350308] usbcore: registered new interface driver snd-usb-audio
[    1.350312] ata1.00: ACPI cmd ef/02:00:00:00:00:a0 (SET FEATURES) succeeded
[    1.350319] ata1.00: ACPI cmd f5/00:00:00:00:00:a0 (SECURITY FREEZE LOCK) filtered out
[    1.350323] ata1.00: ACPI cmd ef/10:03:00:00:00:a0 (SET FEATURES) filtered out
[    1.351170] ata1.00: configured for UDMA/133
[    1.354259] NET: Registered protocol family 17
[    1.354448] Bluetooth: RFCOMM TTY layer initialized
[    1.354472] Bluetooth: RFCOMM socket layer initialized
[    1.354486] Bluetooth: RFCOMM ver 1.11
[    1.354500] Bluetooth: BNEP (Ethernet Emulation) ver 1.3
[    1.354503] Bluetooth: BNEP filters: protocol multicast
[    1.354508] Bluetooth: BNEP socket layer initialized
[    1.354510] Bluetooth: HIDP (Human Interface Emulation) ver 1.2
[    1.354515] Bluetooth: HIDP socket layer initialized
[    1.354749] microcode: sig=0x206a7, pf=0x10, revision=0x2d
[    1.354937] microcode: Microcode Update Driver: v2.2.
[    1.354974] sched_clock: Marking stable (1343076940, 11816155)->(1361745327, -6852232)
[    1.355436] Loading compiled-in X.509 certificates
[    1.355861] Key type encrypted registered
[    1.356270] rtc_cmos 00:02: setting system clock to 2019-06-21 13:11:44 UTC (1561122704)
[    1.356423] cfg80211: Loading compiled-in X.509 certificates for regulatory database
[    1.357160] cfg80211: Loaded X.509 cert 'sforshee: 00b28ddf47aef9cea7'
[    1.357329] platform regulatory.0: Direct firmware load for regulatory.db failed with error -2
[    1.357346] cfg80211: failed to load regulatory.db
[    1.459613] random: fast init done
[    1.628963] usb 1-1: new high-speed USB device number 2 using ehci-pci
[    1.648992] usb 2-1: new high-speed USB device number 2 using ehci-pci
[    1.786170] usb 1-1: New USB device found, idVendor=8087, idProduct=0024, bcdDevice= 0.00
[    1.786185] usb 1-1: New USB device strings: Mfr=0, Product=0, SerialNumber=0
[    1.787484] hub 1-1:1.0: USB hub found
[    1.788026] hub 1-1:1.0: 6 ports detected
[    1.809625] usb 2-1: New USB device found, idVendor=8087, idProduct=0024, bcdDevice= 0.00
[    1.809641] usb 2-1: New USB device strings: Mfr=0, Product=0, SerialNumber=0
[    1.810994] hub 2-1:1.0: USB hub found
[    1.811283] hub 2-1:1.0: 8 ports detected
[    1.829012] tsc: Refined TSC clocksource calibration: 2491.904 MHz
[    1.829036] clocksource: tsc: mask: 0xffffffffffffffff max_cycles: 0x23eb59c9ee2, max_idle_ns: 440795321417 ns
[    1.829111] clocksource: Switched to clocksource tsc
[    1.962641] snd_hda_intel 0000:00:1b.0: bound 0000:00:02.0 (ops i915_audio_component_bind_ops)
[    1.985673] snd_hda_codec_generic hdaudioC0D0: autoconfig for Generic: line_outs=1 (0x1f/0x0/0x0/0x0/0x0) type:speaker
[    1.985695] snd_hda_codec_generic hdaudioC0D0:    speaker_outs=0 (0x0/0x0/0x0/0x0/0x0)
[    1.985706] snd_hda_codec_generic hdaudioC0D0:    hp_outs=1 (0x19/0x0/0x0/0x0/0x0)
[    1.985714] snd_hda_codec_generic hdaudioC0D0:    mono: mono_out=0x0
[    1.985722] snd_hda_codec_generic hdaudioC0D0:    inputs:
[    1.985733] snd_hda_codec_generic hdaudioC0D0:      Internal Mic=0x23
[    1.985743] snd_hda_codec_generic hdaudioC0D0:      Mic=0x1b
[    1.988993] Console: switching to colour frame buffer device 136x42
[    1.991443] snd_hda_codec_generic hdaudioC0D3: ignore pin 0x7, too many assigned pins
[    1.991448] snd_hda_codec_generic hdaudioC0D3: autoconfig for Generic: line_outs=0 (0x0/0x0/0x0/0x0/0x0) type:line
[    1.991450] snd_hda_codec_generic hdaudioC0D3:    speaker_outs=0 (0x0/0x0/0x0/0x0/0x0)
[    1.991453] snd_hda_codec_generic hdaudioC0D3:    hp_outs=0 (0x0/0x0/0x0/0x0/0x0)
[    1.991455] snd_hda_codec_generic hdaudioC0D3:    mono: mono_out=0x0
[    1.991458] snd_hda_codec_generic hdaudioC0D3:    dig-out=0x5/0x6
[    1.991460] snd_hda_codec_generic hdaudioC0D3:    inputs:
[    1.994143] input: HDA Intel PCH Mic as /devices/pci0000:00/0000:00:1b.0/sound/card0/input9
[    1.994346] input: HDA Intel PCH Headphone as /devices/pci0000:00/0000:00:1b.0/sound/card0/input10
[    1.994528] input: HDA Intel PCH HDMI as /devices/pci0000:00/0000:00:1b.0/sound/card0/input11
[    1.994714] input: HDA Intel PCH HDMI as /devices/pci0000:00/0000:00:1b.0/sound/card0/input12
[    2.076841] usb 1-1.3: new full-speed USB device number 3 using ehci-pci
[    2.077556] i915 0000:00:02.0: fb0: inteldrmfb frame buffer device
[    2.167761] scsi 0:0:0:0: Direct-Access     ATA      Hitachi HTS54505 A7J0 PQ: 0 ANSI: 5
[    2.171251] sd 0:0:0:0: [sda] 976773168 512-byte logical blocks: (500 GB/466 GiB)
[    2.171567] sd 0:0:0:0: Attached scsi generic sg0 type 0
[    2.172768] sd 0:0:0:0: [sda] 4096-byte physical blocks
[    2.176638] sd 0:0:0:0: [sda] Write Protect is off
[    2.178960] sd 0:0:0:0: [sda] Mode Sense: 00 3a 00 00
[    2.179010] sd 0:0:0:0: [sda] Write cache: enabled, read cache: enabled, doesn't support DPO or FUA
[    2.199097] usb 1-1.3: New USB device found, idVendor=147e, idProduct=2016, bcdDevice= 0.02
[    2.200635] usb 1-1.3: New USB device strings: Mfr=1, Product=2, SerialNumber=0
[    2.202157] usb 1-1.3: Product: Biometric Coprocessor
[    2.203958] usb 1-1.3: Manufacturer: UPEK
[    2.236862] psmouse serio1: synaptics: queried max coordinates: x [..5472], y [..4448]
[    2.284821] usb 1-1.4: new full-speed USB device number 4 using ehci-pci
[    2.321451] psmouse serio1: synaptics: Touchpad model: 1, fw: 8.0, id: 0x1e2b1, caps: 0xd001a3/0x940300/0x120c00/0x0, board id: 1611, fw id: 774180
[    2.324064] psmouse serio1: synaptics: serio: Synaptics pass-through port at isa0060/serio1/input0
[    2.378471] input: SynPS/2 Synaptics TouchPad as /devices/platform/i8042/serio1/input/input7
[    2.399413] usb 1-1.4: New USB device found, idVendor=0a5c, idProduct=217f, bcdDevice= 7.48
[    2.401008] usb 1-1.4: New USB device strings: Mfr=1, Product=2, SerialNumber=3
[    2.402937] usb 1-1.4: Product: Broadcom Bluetooth Device
[    2.404881] usb 1-1.4: Manufacturer: Broadcom Corp
[    2.406778] usb 1-1.4: SerialNumber: 7CE9D3B855AA
[    2.484887] ata2: SATA link down (SStatus 0 SControl 300)
[    2.492868] usb 1-1.6: new high-speed USB device number 5 using ehci-pci
[    2.506383]  sda: sda1 sda2 sda3 sda4
[    2.509498] sd 0:0:0:0: [sda] Attached SCSI disk
[    2.609191] usb 1-1.6: New USB device found, idVendor=04f2, idProduct=b217, bcdDevice= 8.54
[    2.613112] usb 1-1.6: New USB device strings: Mfr=1, Product=2, SerialNumber=0
[    2.614158] usb 1-1.6: Product: Integrated Camera
[    2.615189] usb 1-1.6: Manufacturer: Chicony Electronics Co., Ltd.
[    2.622361] uvcvideo: Found UVC 1.00 device Integrated Camera (04f2:b217)
[    2.630967] uvcvideo 1-1.6:1.0: Entity type for entity Extension 3 was not initialized!
[    2.632083] uvcvideo 1-1.6:1.0: Entity type for entity Processing 2 was not initialized!
[    2.633158] uvcvideo 1-1.6:1.0: Entity type for entity Camera 1 was not initialized!
[    2.811965] ata3: SATA link up 3.0 Gbps (SStatus 123 SControl 300)
[    2.829159] ata3.00: ACPI cmd ef/02:00:00:00:00:a0 (SET FEATURES) succeeded
[    2.829180] ata3.00: ACPI cmd f5/00:00:00:00:00:a0 (SECURITY FREEZE LOCK) filtered out
[    2.833280] ata3.00: ACPI cmd ef/10:03:00:00:00:a0 (SET FEATURES) filtered out
[    2.842556] ata3.00: ATA-8: KINGSTON SMS200S3240G, 60AABBF0, max UDMA/133
[    2.846553] ata3.00: 468862128 sectors, multi 1: LBA48 NCQ (depth 32), AA
[    2.854176] ata3.00: ACPI cmd ef/02:00:00:00:00:a0 (SET FEATURES) succeeded
[    2.854193] ata3.00: ACPI cmd f5/00:00:00:00:00:a0 (SECURITY FREEZE LOCK) filtered out
[    2.856987] ata3.00: ACPI cmd ef/10:03:00:00:00:a0 (SET FEATURES) filtered out
[    2.864400] ata3.00: configured for UDMA/133
[    2.866598] scsi 2:0:0:0: Direct-Access     ATA      KINGSTON SMS200S BBF0 PQ: 0 ANSI: 5
[    2.871726] sd 2:0:0:0: [sdb] 468862128 512-byte logical blocks: (240 GB/224 GiB)
[    2.871930] sd 2:0:0:0: Attached scsi generic sg1 type 0
[    2.875248] sd 2:0:0:0: [sdb] Write Protect is off
[    2.878916] sd 2:0:0:0: [sdb] Mode Sense: 00 3a 00 00
[    2.878969] sd 2:0:0:0: [sdb] Write cache: enabled, read cache: enabled, doesn't support DPO or FUA
[    2.880972]  sdb: sdb2 sdb4
[    2.883071] sd 2:0:0:0: [sdb] Attached SCSI disk
[    3.155677] psmouse serio2: trackpoint: IBM TrackPoint firmware: 0x0e, buttons: 3/3
[    3.192873] ata5: SATA link down (SStatus 0 SControl 300)
[    3.243967] PM: Image not found (code -22)
[    3.244050] ALSA device list:
[    3.247894]   #0: HDA Intel PCH at 0xf2520000 irq 22
[    3.425299] input: TPPS/2 IBM TrackPoint as /devices/platform/i8042/serio1/serio2/input/input13
[    3.535911] md: Waiting for all devices to be available before autodetect
[    3.539661] md: If you don't use raid, use raid=noautodetect
[    3.543821] md: Autodetecting RAID arrays.
[    3.544871] md: autorun ...
[    3.545871] md: ... autorun DONE.
[    3.549908] EXT4-fs (sdb4): INFO: recovery required on readonly filesystem
[    3.550961] EXT4-fs (sdb4): write access will be enabled during recovery
[    3.573498] EXT4-fs (sdb4): orphan cleanup on readonly fs
[    3.592468] EXT4-fs (sdb4): 137 orphan inodes deleted
[    3.593607] EXT4-fs (sdb4): recovery complete
[    3.599124] EXT4-fs (sdb4): mounted filesystem with ordered data mode. Opts: (null)
[    3.600425] VFS: Mounted root (ext4 filesystem) readonly on device 8:20.
[    3.602147] devtmpfs: mounted
[    3.604550] Freeing unused kernel image memory: 1008K
[    3.605919] Write protecting the kernel read-only data: 24576k
[    3.608247] Freeing unused kernel image memory: 2008K
[    3.609563] Freeing unused kernel image memory: 896K
[    3.619510] x86/mm: Checked W+X mappings: passed, no W+X pages found.
[    3.620393] rodata_test: all tests were successful
[    3.621284] x86/mm: Checking user space page tables
[    3.630878] x86/mm: Checked W+X mappings: passed, no W+X pages found.
[    3.631740] Run /sbin/init as init process
[    3.690983] random: systemd: uninitialized urandom read (16 bytes read)
[    3.693252] systemd[1]: systemd 215 running in system mode. (+PAM +AUDIT +SELINUX +IMA +SYSVINIT +LIBCRYPTSETUP +GCRYPT +ACL +XZ -SECCOMP -APPARMOR)
[    3.713475] systemd[1]: Detected architecture 'x86-64'.
[    3.742571] systemd[1]: Failed to insert module 'ipv6'
[    3.744285] systemd[1]: Set hostname to <duo>.
[    3.759817] random: systemd-sysv-ge: uninitialized urandom read (16 bytes read)
[    3.802246] random: systemd-sysv-ge: uninitialized urandom read (16 bytes read)
[    3.888693] systemd[1]: Binding to IPv6 address not available since kernel does not support IPv6.
[    3.890030] systemd[1]: [/lib/systemd/system/gpsd.socket:6] Failed to parse address value, ignoring: [::1]:2947
[    3.895447] systemd[1]: Starting Forward Password Requests to Wall Directory Watch.
[    3.897070] systemd[1]: Started Forward Password Requests to Wall Directory Watch.
[    3.898031] systemd[1]: Starting Remote File Systems (Pre).
[    3.901482] systemd[1]: Reached target Remote File Systems (Pre).
[    4.045490] systemd-udevd[1946]: starting version 215
[    4.291261] e1000e 0000:00:19.0 eth2: renamed from eth0
[    4.379064] Bluetooth: hci0: urb (____ptrval____) failed to resubmit (2)
[    4.513094] systemd-udevd[2497]: renamed network interface eth0 to eth2
[    4.513293] iwlwifi 0000:03:00.0 wlan1: renamed from wlan0
[    4.785237] systemd-udevd[2489]: renamed network interface wlan0 to wlan1
[    5.312146] EXT4-fs (sdb4): re-mounted. Opts: errors=remount-ro
[    5.400900] random: crng init done
[    5.402441] random: 7 urandom warning(s) missed due to ratelimiting
[    5.437532] Adding 1681428k swap on /dev/sda1.  Priority:-2 extents:1 across:1681428k 
[   15.118960] EXT4-fs (sda2): mounted filesystem with ordered data mode. Opts: errors=remount-ro
[   15.191601] EXT4-fs (sdb2): mounted filesystem with ordered data mode. Opts: errors=remount-ro
[   15.238683] systemd-journald[1948]: Received request to flush runtime journal from PID 1
[   16.002439] device-mapper: table: 251:0: thin-pool: unknown target type
[   16.003387] device-mapper: ioctl: error adding target to table
[   17.200644] iwlwifi 0000:03:00.0: Radio type=0x0-0x0-0x3
[   17.271636] iwlwifi 0000:03:00.0: Radio type=0x0-0x0-0x3
