[    0.000000] Booting Linux on physical CPU 0x0
[    0.000000] Linux version 4.16.0-rc5-next-20180314-dirty (pavel@duo) (gcc version 4.7.2 (GCC)) #77 Thu Mar 15 11:39:46 CET 2018
[    0.000000] CPU: ARMv7 Processor [411fc083] revision 3 (ARMv7), cr=10c5387d
[    0.000000] CPU: PIPT / VIPT nonaliasing data cache, VIPT nonaliasing instruction cache
[    0.000000] OF: fdt: Machine model: Nokia N900
[    0.000000] Memory policy: Data cache writeback
[    0.000000] cma: Reserved 16 MiB at 0x8e800000
[    0.000000] On node 0 totalpages: 65280
[    0.000000]   Normal zone: 510 pages used for memmap
[    0.000000]   Normal zone: 0 pages reserved
[    0.000000]   Normal zone: 65280 pages, LIFO batch:15
[    0.000000] CPU: All CPU(s) started in SVC mode.
[    0.000000] OMAP3430/3530 ES3.1 (l2cache iva sgx neon isp)
[    0.000000] random: fast init done
[    0.000000] pcpu-alloc: s0 r0 d32768 u32768 alloc=1*32768
[    0.000000] pcpu-alloc: [0] 0 
[    0.000000] Built 1 zonelists, mobility grouping on.  Total pages: 64770
[    0.000000] Kernel command line: root=/dev/mmcblk0p4 console=ttyO2,115200 console=tty1 rootwait no-omap-wd no-ext-wd
[    0.000000] Dentry cache hash table entries: 32768 (order: 5, 131072 bytes)
[    0.000000] Inode-cache hash table entries: 16384 (order: 4, 65536 bytes)
[    0.000000] Memory: 230292K/261120K available (7168K kernel code, 334K rwdata, 2196K rodata, 1024K init, 258K bss, 14444K reserved, 16384K cma-reserved, 0K highmem)
[    0.000000] Virtual kernel memory layout:
[    0.000000]     vector  : 0xffff0000 - 0xffff1000   (   4 kB)
[    0.000000]     fixmap  : 0xffc00000 - 0xfff00000   (3072 kB)
[    0.000000]     vmalloc : 0xd0000000 - 0xff800000   ( 760 MB)
[    0.000000]     lowmem  : 0xc0000000 - 0xcff00000   ( 255 MB)
[    0.000000]     pkmap   : 0xbfe00000 - 0xc0000000   (   2 MB)
[    0.000000]     modules : 0xbf000000 - 0xbfe00000   (  14 MB)
[    0.000000]       .text : 0x(ptrval) - 0x(ptrval)   (8160 kB)
[    0.000000]       .init : 0x(ptrval) - 0x(ptrval)   (1024 kB)
[    0.000000]       .data : 0x(ptrval) - 0x(ptrval)   ( 335 kB)
[    0.000000]        .bss : 0x(ptrval) - 0x(ptrval)   ( 259 kB)
[    0.000000] NR_IRQS: 16, nr_irqs: 16, preallocated irqs: 16
[    0.000000] IRQ: Found an INTC at 0x(ptrval) (revision 4.0) with 96 interrupts
[    0.000000] Clocking rate (Crystal/Core/MPU): 19.2/332/500 MHz
[    0.000000] OMAP clockevent source: timer1 at 32768 Hz
[    0.000000] clocksource: 32k_counter: mask: 0xffffffff max_cycles: 0xffffffff, max_idle_ns: 58327039986419 ns
[    0.000030] sched_clock: 32 bits at 32kHz, resolution 30517ns, wraps every 65535999984741ns
[    0.000030] OMAP clocksource: 32k_counter at 32768 Hz
[    0.000946] Console: colour dummy device 80x30
[    0.001586] console [tty1] enabled
[    0.001647] Calibrating delay loop... 496.43 BogoMIPS (lpj=2482176)
[    0.047882] pid_max: default: 32768 minimum: 301
[    0.048126] Security Framework initialized
[    0.048248] Mount-cache hash table entries: 1024 (order: 0, 4096 bytes)
[    0.048309] Mountpoint-cache hash table entries: 1024 (order: 0, 4096 bytes)
[    0.049468] CPU: Testing write buffer coherency: ok
[    0.050689] Setting up static identity map for 0x80100000 - 0x80100078
[    0.054321] devtmpfs: initialized
[    0.080963] Built 1 zonelists, mobility grouping on.  Total pages: 61669
[    0.081359] VFP support v0.3: implementor 41 architecture 3 part 30 variant c rev 1
[    0.081787] clocksource: jiffies: mask: 0xffffffff max_cycles: 0xffffffff, max_idle_ns: 19112604462750000 ns
[    0.081848] futex hash table entries: 256 (order: 0, 7168 bytes)
[    0.082122] pinctrl core: initialized pinctrl subsystem
[    0.083923] NET: Registered protocol family 16
[    0.088012] DMA: preallocated 256 KiB pool for atomic coherent allocations
[    0.112060] omap_hwmod: mcbsp2_sidetone using broken dt data from mcbsp
[    0.112823] omap_hwmod: mcbsp3_sidetone using broken dt data from mcbsp
[    0.167999] cpuidle: using governor menu
[    0.168579] Reprogramming SDRC clock to 332000000 Hz
[    0.174102] gpio gpiochip0: (gpio-0-31): added GPIO chardev (254:0)
[    0.174255] gpiochip_setup_dev: registered GPIOs 0 to 31 on device: gpiochip0 (gpio-0-31)
[    0.174285] OMAP GPIO hardware version 2.5
[    0.175415] gpio gpiochip1: (gpio-32-63): added GPIO chardev (254:1)
[    0.175537] gpiochip_setup_dev: registered GPIOs 32 to 63 on device: gpiochip1 (gpio-32-63)
[    0.176544] gpio gpiochip2: (gpio-64-95): added GPIO chardev (254:2)
[    0.176696] gpiochip_setup_dev: registered GPIOs 64 to 95 on device: gpiochip2 (gpio-64-95)
[    0.177764] gpio gpiochip3: (gpio-96-127): added GPIO chardev (254:3)
[    0.177917] gpiochip_setup_dev: registered GPIOs 96 to 127 on device: gpiochip3 (gpio-96-127)
[    0.178924] gpio gpiochip4: (gpio-128-159): added GPIO chardev (254:4)
[    0.179077] gpiochip_setup_dev: registered GPIOs 128 to 159 on device: gpiochip4 (gpio-128-159)
[    0.180053] gpio gpiochip5: (gpio-160-191): added GPIO chardev (254:5)
[    0.180206] gpiochip_setup_dev: registered GPIOs 160 to 191 on device: gpiochip5 (gpio-160-191)
[    0.190979] omap-gpmc 6e000000.gpmc: could not find pctldev for node /ocp@68000000/l4@48000000/scm@2000/pinmux@30/pinmux_gpmc_pins, deferring probe
[    0.195007] RX-51: Enabling ARM errata 430973 workaround
[    0.196838] RX-51: Registering OMAP3 HWRNG device
[    0.201873] Reserving DMA channels 0 and 1 for HS ROM code
[    0.201934] OMAP DMA hardware revision 4.0
[    0.229949] omap-dma-engine 48056000.dma-controller: OMAP DMA engine driver
[    0.236145] omap-iommu 480bd400.mmu: 480bd400.mmu registered
[    0.236724] iommu: Adding device 480bc000.isp to group 0
[    0.237548] SCSI subsystem initialized
[    0.237976] usbcore: registered new interface driver usbfs
[    0.238098] usbcore: registered new interface driver hub
[    0.238250] usbcore: registered new device driver usb
[    0.238830] omap_i2c 48070000.i2c: could not find pctldev for node /ocp@68000000/l4@48000000/scm@2000/pinmux@30/pinmux_i2c1_pins, deferring probe
[    0.238952] omap_i2c 48072000.i2c: could not find pctldev for node /ocp@68000000/l4@48000000/scm@2000/pinmux@30/pinmux_i2c2_pins, deferring probe
[    0.239074] omap_i2c 48060000.i2c: could not find pctldev for node /ocp@68000000/l4@48000000/scm@2000/pinmux@30/pinmux_i2c3_pins, deferring probe
[    0.239379] media: Linux media interface: v0.10
[    0.239471] Linux video capture interface: v2.00
[    0.239593] pps_core: LinuxPPS API ver. 1 registered
[    0.239624] pps_core: Software ver. 5.3.6 - Copyright 2005-2007 Rodolfo Giometti <giometti@linux.it>
[    0.239715] PTP clock support registered
[    0.240203] Advanced Linux Sound Architecture Driver Initialized.
[    0.241546] clocksource: Switched to clocksource 32k_counter
[    0.256164] NET: Registered protocol family 2
[    0.257293] tcp_listen_portaddr_hash hash table entries: 256 (order: 0, 6144 bytes)
[    0.257385] TCP established hash table entries: 2048 (order: 1, 8192 bytes)
[    0.257446] TCP bind hash table entries: 2048 (order: 3, 40960 bytes)
[    0.257598] TCP: Hash tables configured (established 2048 bind 2048)
[    0.257812] UDP hash table entries: 256 (order: 1, 12288 bytes)
[    0.257904] UDP-Lite hash table entries: 256 (order: 1, 12288 bytes)
[    0.258209] NET: Registered protocol family 1
[    0.259155] net_namespace: Pernet operations sunrpc_net_ops are sync.
[    0.259246] RPC: Registered named UNIX socket transport module.
[    0.259277] RPC: Registered udp transport module.
[    0.259307] RPC: Registered tcp transport module.
[    0.259338] RPC: Registered tcp NFSv4.1 backchannel transport module.
[    0.261932] Initialise system trusted keyrings
[    0.262329] workingset: timestamp_bits=30 max_order=16 bucket_order=0
[    0.263519] NFS: Registering the id_resolver key type
[    0.263610] Key type id_resolver registered
[    0.263641] Key type id_legacy registered
[    0.269073] jitterentropy: Initialization failed with host not compliant with requirements: 2
[    0.269348] Key type asymmetric registered
[    0.269378] Asymmetric key parser 'x509' registered
[    0.269439] io scheduler noop registered
[    0.269470] io scheduler deadline registered
[    0.269561] io scheduler cfq registered (default)
[    0.269622] io scheduler mq-deadline registered
[    0.269622] io scheduler kyber registered
[    0.271240] ti-sysc 480cb024.target-module: sysc_flags 00000100 != 00000110
[    0.272460] ti-sysc 480c9024.target-module: sysc_flags 00000100 != 00000110
[    0.274993] pinctrl-single 48002030.pinmux: 284 pins, size 568
[    0.275573] pinctrl-single 48002a00.pinmux: 46 pins, size 92
[    0.276275] pinctrl-single 480025d8.pinmux: 18 pins, size 36
[    0.279449] DSS: set fck to 172800000
[    0.279541] omapdss_dss 48050000.dss: 48050000.dss supply vdda_video not found, using dummy regulator
[    0.279693] DSS: dss_runtime_get
[    0.279815] DSS: dss_restore_context
[    0.279846] OMAP DSS rev 2.0
[    0.279876] DSS: dss_runtime_put
[    0.279937] DISPC: dispc_runtime_get
[    0.279968] DISPC: fifo(0) threshold (bytes), old 960/1023, new 960/1023
[    0.279998] DISPC: fifo(1) threshold (bytes), old 960/1023, new 960/1023
[    0.279998] DISPC: fifo(2) threshold (bytes), old 960/1023, new 960/1023
[    0.279998] DISPC: dispc_restore_context
[    0.280029] DISPC: fifo(0) threshold (bytes), old 960/1023, new 960/1023
[    0.280029] DISPC: fifo(1) threshold (bytes), old 960/1023, new 960/1023
[    0.280059] DISPC: fifo(2) threshold (bytes), old 960/1023, new 960/1023
[    0.280059] omapdss_dispc 48050400.dispc: OMAP DISPC rev 3.0
[    0.280090] DISPC: dispc_runtime_put
[    0.280090] DISPC: dispc_save_context
[    0.280181] DISPC: context saved
[    0.280242] omapdss_dss 48050000.dss: bound 48050400.dispc (ops dispc_component_ops)
[    0.280456] VENC: venc_runtime_get
[    0.280487] DISPC: dispc_runtime_get
[    0.280517] omapdss_venc 48050c00.encoder: OMAP VENC rev 2
[    0.280548] VENC: venc_runtime_put
[    0.280548] DISPC: dispc_runtime_put
[    0.280548] DISPC: dispc_save_context
[    0.280609] DISPC: context saved
[    0.280731] omapdss_dss 48050000.dss: bound 48050c00.encoder (ops venc_component_ops)
[    0.281951] DISPC: dispc_runtime_get
[    0.282043] DISPC: dispc_runtime_put
[    0.282073] DISPC: dispc_save_context
[    0.282135] DISPC: context saved
[    0.282165] omapfb omapfb: no displays
[    0.282348] omapfb omapfb: failed to setup omapfb
[    0.284393] DSS: dss_save_context
[    0.284393] DSS: context saved
[    0.284729] Serial: 8250/16550 driver, 4 ports, IRQ sharing enabled
[    0.287719] omap_uart 4806c000.serial: no wakeirq for uart1
[    0.287811] of_get_named_gpiod_flags: can't parse 'rts-gpio' property of node '/ocp@68000000/serial@4806c000[0]'
[    0.288024] 4806c000.serial: ttyO1 at MMIO 0x4806c000 (irq = 89, base_baud = 3000000) is a OMAP UART1
[    0.288879] of_get_named_gpiod_flags: can't parse 'rts-gpio' property of node '/ocp@68000000/serial@49020000[0]'
[    0.289031] 49020000.serial: ttyO2 at MMIO 0x49020000 (irq = 90, base_baud = 3000000) is a OMAP UART2
[    1.046539] console [ttyO2] enabled
[    1.066864] brd: module loaded
[    1.083374] loop: module loaded
[    1.088256] mtdoops: mtd device (mtddev=name/number) must be supplied
[    1.097961] of_get_named_gpiod_flags: parsed 'reset-gpios' property of node '/ocp@68000000/spi@48098000/acx565akm@2[0]' - status (0)
[    1.108428] acx565akm spi0.2: omapfb: acx565akm rev ab LCD detected
[    1.119812] omap_ssi 48058000.ssi-controller: ssi controller 0 initialized (1 ports)!
[    1.128875] omap_ssi_port 4805a000.ssi-port: GPIO lookup for consumer ti,ssi-cawake
[    1.128906] omap_ssi_port 4805a000.ssi-port: using device tree for GPIO lookup
[    1.128936] of_get_named_gpiod_flags: can't parse 'ti,ssi-cawake-gpios' property of node '/ocp@68000000/ssi-controller@48058000/ssi-port@4805a000[0]'
[    1.128997] of_get_named_gpiod_flags: parsed 'ti,ssi-cawake-gpio' property of node '/ocp@68000000/ssi-controller@48058000/ssi-port@4805a000[0]' - status (0)
[    1.129058] gpio gpiochip4: Persistence not supported for GPIO 23
[    1.130340] omap_ssi_port 4805a000.ssi-port: ssi port 0 successfully initialized
[    1.138732] nokia-modem n900-modem: GPIO lookup for consumer (null)
[    1.138732] nokia-modem n900-modem: using device tree for GPIO lookup
[    1.138793] of_get_named_gpiod_flags: parsed 'gpios' property of node '/ocp@68000000/ssi-controller@48058000/ssi-port@4805a000/hsi-client[0]' - status (0)
[    1.138824] gpio gpiochip2: Persistence not supported for GPIO 6
[    1.139068] nokia-modem n900-modem: GPIO lookup for consumer (null)
[    1.139099] nokia-modem n900-modem: using device tree for GPIO lookup
[    1.139129] of_get_named_gpiod_flags: parsed 'gpios' property of node '/ocp@68000000/ssi-controller@48058000/ssi-port@4805a000/hsi-client[1]' - status (0)
[    1.139160] gpio gpiochip2: Persistence not supported for GPIO 9
[    1.139373] nokia-modem n900-modem: GPIO lookup for consumer (null)
[    1.139373] nokia-modem n900-modem: using device tree for GPIO lookup
[    1.139434] of_get_named_gpiod_flags: parsed 'gpios' property of node '/ocp@68000000/ssi-controller@48058000/ssi-port@4805a000/hsi-client[2]' - status (0)
[    1.139434] gpio gpiochip2: Persistence not supported for GPIO 10
[    1.139648] nokia-modem n900-modem: GPIO lookup for consumer (null)
[    1.139648] nokia-modem n900-modem: using device tree for GPIO lookup
[    1.139709] of_get_named_gpiod_flags: parsed 'gpios' property of node '/ocp@68000000/ssi-controller@48058000/ssi-port@4805a000/hsi-client[3]' - status (0)
[    1.139739] gpio gpiochip2: Persistence not supported for GPIO 11
[    1.139923] nokia-modem n900-modem: GPIO lookup for consumer (null)
[    1.139953] nokia-modem n900-modem: using device tree for GPIO lookup
[    1.139984] of_get_named_gpiod_flags: parsed 'gpios' property of node '/ocp@68000000/ssi-controller@48058000/ssi-port@4805a000/hsi-client[4]' - status (0)
[    1.140014] gpio gpiochip4: Persistence not supported for GPIO 29
[    1.141082] SSI protocol aka McSAAB added
[    1.145446] CMT speech driver added
[    1.149322] HSI/SSI char device loaded
[    1.153656] mdio_bus fixed-0: GPIO lookup for consumer reset
[    1.153656] mdio_bus fixed-0: using lookup tables for GPIO lookup
[    1.153686] mdio_bus fixed-0: No GPIO consumer reset found
[    1.153717] libphy: Fixed MDIO Bus: probed
[    1.158508] of_get_named_gpiod_flags: parsed 'ti,power-gpio' property of node '/ocp@68000000/spi@480ba000/wl1251@0[0]' - status (0)
[    1.158630] wl1251: ERROR vio regulator missing: -517
[    1.165374] udc-core: couldn't find an available UDC - added [g_ether] to list of pending drivers
[    1.175598] mousedev: PS/2 mouse device common for all mice
[    1.182373] tsc2005 spi0.0: GPIO lookup for consumer reset
[    1.182373] tsc2005 spi0.0: using device tree for GPIO lookup
[    1.182434] of_get_named_gpiod_flags: parsed 'reset-gpios' property of node '/ocp@68000000/spi@48098000/tsc2005@0[0]' - status (0)
[    1.182464] gpio gpiochip3: Persistence not supported for GPIO 8
[    1.182495] tsc2005 spi0.0: error acquiring vio regulator: -517
[    1.189605] i2c /dev entries driver
[    1.193725] IR NEC protocol handler initialized
[    1.198486] IR RC5(x/sz) protocol handler initialized
[    1.203826] IR RC6 protocol handler initialized
[    1.208587] IR JVC protocol handler initialized
[    1.213378] IR Sony protocol handler initialized
[    1.218231] IR SANYO protocol handler initialized
[    1.223266] IR Sharp protocol handler initialized
[    1.228240] IR MCE Keyboard/mouse protocol handler initialized
[    1.234405] IR XMP protocol handler initialized
[    1.239807] omap3isp 480bc000.isp: 480bc000.isp supply vdd-csiphy1 not found, using dummy regulator
[    1.249511] omap3isp 480bc000.isp: 480bc000.isp supply vdd-csiphy2 not found, using dummy regulator
[    1.259521] omap3isp 480bc000.isp: Revision 2.0 found
[    1.265472] omap-iommu 480bd400.mmu: 480bd400.mmu: version 1.1
[    1.271972] clk_unregister: unregistering prepared clock: cam_xclka
[    1.278625] clk_unregister: unregistering prepared clock: cam_xclkb
[    1.286956] ti-soc-thermal 48002524.bandgap: This OMAP thermal sensor is unreliable. You've been warned
[    1.296966] ti-soc-thermal 48002524.bandgap: Non-trimmed BGAP, Temp not accurate
[    1.304870] ti-soc-thermal 48002524.bandgap: thermal zone device is NULL
[    1.313232] omap_wdt: OMAP Watchdog Timer Rev 0x31: initial timeout 60 sec
[    1.323120] omap_hsmmc 4809c000.mmc: GPIO lookup for consumer cd
[    1.323120] omap_hsmmc 4809c000.mmc: using device tree for GPIO lookup
[    1.323181] of_get_named_gpiod_flags: parsed 'cd-gpios' property of node '/ocp@68000000/mmc@4809c000[0]' - status (0)
[    1.323272] gpio gpiochip5: Persistence not supported for GPIO 0
[    1.323272] omap_hsmmc 4809c000.mmc: Got CD GPIO
[    1.328216] omap_hsmmc 4809c000.mmc: GPIO lookup for consumer wp
[    1.328216] omap_hsmmc 4809c000.mmc: using device tree for GPIO lookup
[    1.328247] of_get_named_gpiod_flags: can't parse 'wp-gpios' property of node '/ocp@68000000/mmc@4809c000[0]'
[    1.328277] of_get_named_gpiod_flags: can't parse 'wp-gpio' property of node '/ocp@68000000/mmc@4809c000[0]'
[    1.328277] omap_hsmmc 4809c000.mmc: using lookup tables for GPIO lookup
[    1.328308] omap_hsmmc 4809c000.mmc: No GPIO consumer wp found
[    1.329528] omap_hsmmc 480b4000.mmc: GPIO lookup for consumer wp
[    1.329559] omap_hsmmc 480b4000.mmc: using device tree for GPIO lookup
[    1.329589] of_get_named_gpiod_flags: can't parse 'wp-gpios' property of node '/ocp@68000000/mmc@480b4000[0]'
[    1.329620] of_get_named_gpiod_flags: can't parse 'wp-gpio' property of node '/ocp@68000000/mmc@480b4000[0]'
[    1.329620] omap_hsmmc 480b4000.mmc: using lookup tables for GPIO lookup
[    1.329650] omap_hsmmc 480b4000.mmc: No GPIO consumer wp found
[    1.331054] of_get_named_gpiod_flags: parsed 'gpios' property of node '/leds/heartbeat[0]' - status (0)
[    1.331115] gpio gpiochip5: Persistence not supported for GPIO 2
[    1.331115] no flags found for gpios
[    1.331542] ledtrig-cpu: registered to indicate activity on CPUs
[    1.343322] rx51-audio n900-audio: GPIO lookup for consumer tvout-selection
[    1.343353] rx51-audio n900-audio: using device tree for GPIO lookup
[    1.343383] of_get_named_gpiod_flags: parsed 'tvout-selection-gpios' property of node '/n900-audio[0]' - status (0)
[    1.343414] gpio gpiochip1: Persistence not supported for GPIO 8
[    1.343444] rx51-audio n900-audio: GPIO lookup for consumer jack-detection
[    1.343444] rx51-audio n900-audio: using device tree for GPIO lookup
[    1.343505] of_get_named_gpiod_flags: parsed 'jack-detection-gpios' property of node '/n900-audio[0]' - status (0)
[    1.343505] gpio gpiochip5: Persistence not supported for GPIO 17
[    1.343505] no flags found for jack-detection
[    1.343536] rx51-audio n900-audio: GPIO lookup for consumer eci-switch
[    1.343536] rx51-audio n900-audio: using device tree for GPIO lookup
[    1.343566] of_get_named_gpiod_flags: parsed 'eci-switch-gpios' property of node '/n900-audio[0]' - status (0)
[    1.343597] gpio gpiochip5: Persistence not supported for GPIO 22
[    1.343597] rx51-audio n900-audio: GPIO lookup for consumer speaker-amplifier
[    1.343627] rx51-audio n900-audio: using device tree for GPIO lookup
[    1.343658] rx51-audio n900-audio: No GPIO consumer speaker-amplifier found
[    1.343658] rx51-audio n900-audio: could not get speaker enable gpio
[    1.351013] Initializing XFRM netlink socket
[    1.355651] NET: Registered protocol family 17
[    1.360382] NET: Registered protocol family 15
[    1.365264] NET: Registered protocol family 35
[    1.370117] Key type dns_resolver registered
[    1.374969] omap2_set_init_voltage: unable to find boot up OPP for vdd_mpu_iva
[    1.382690] omap2_set_init_voltage: unable to set vdd_mpu_iva
[    1.388763] omap2_set_init_voltage: unable to find boot up OPP for vdd_core
[    1.396087] omap2_set_init_voltage: unable to set vdd_core
[    1.406341] ThumbEE CPU extension supported.
[    1.410858] Registering SWP/SWPB emulation handler
[    1.416015] SmartReflex Class3 initialized
[    1.421325] Loading compiled-in X.509 certificates
[    1.446777] omap-gpmc 6e000000.gpmc: GPMC revision 5.0
[    1.452331] gpmc_mem_init: disabling cs 0 mapped at 0x0-0x1000000
[    1.458831] gpiochip_find_base: found new base at 508
[    1.459320] gpio gpiochip6: (omap-gpmc): added GPIO chardev (254:6)
[    1.459472] gpiochip_setup_dev: registered GPIOs 508 to 511 on device: gpiochip6 (omap-gpmc)
[    1.460449] omap2-onenand 1000000.onenand: GPIO lookup for consumer int
[    1.460479] omap2-onenand 1000000.onenand: using device tree for GPIO lookup
[    1.460510] of_get_named_gpiod_flags: can't parse 'int-gpios' property of node '/ocp@68000000/gpmc@6e000000/onenand@0,0[0]'
[    1.460540] of_get_named_gpiod_flags: can't parse 'int-gpio' property of node '/ocp@68000000/gpmc@6e000000/onenand@0,0[0]'
[    1.460571] omap2-onenand 1000000.onenand: using lookup tables for GPIO lookup
[    1.460571] omap2-onenand 1000000.onenand: No GPIO consumer int found
[    1.460632] omap2-onenand 1000000.onenand: initializing on CS0 (0x01000000), va 6a6bd768, DMA mode
[    1.470184] OneNAND Manufacturer: Unknown (0xa0)
[    1.474700] Skipping twl internal clock init and using bootloader value (unknown osc rate)
[    1.488250] twl 1-0048: PIH (irq 23) chaining IRQs 155..163
[    1.494323] twl 1-0048: power (irq 160) chaining IRQs 163..170
[    1.502777] twl_rtc 48070000.i2c:twl@48:rtc: Enabling TWL-RTC
[    1.511749] twl_rtc 48070000.i2c:twl@48:rtc: rtc core: registered 48070000.i2c:twl@48:rtc as rtc0
[    1.564819] twl4030_gpio twl4030-gpio: gpio (irq 155) chaining IRQs 171..188
[    1.572784] gpiochip_find_base: found new base at 490
[    1.573150] gpio gpiochip7: (twl4030): added GPIO chardev (254:7)
[    1.573303] gpiochip_setup_dev: registered GPIOs 490 to 507 on device: gpiochip7 (twl4030)
[    1.652374] twl4030_usb 48070000.i2c:twl@48:twl4030-usb: Initialized TWL4030 USB module
[    1.663574] input: twl4030_pwrbutton as /devices/platform/68000000.ocp/48070000.i2c/i2c-1/1-0048/48070000.i2c:twl@48:pwrbutton/input/input1
[    1.678161] input: TWL4030 Keypad as /devices/platform/68000000.ocp/48070000.i2c/i2c-1/1-0048/48070000.i2c:twl@48:keypad/input/input2
[    1.695526] twl4030_madc 48070000.i2c:twl@48:madc: 48070000.i2c:twl@48:madc supply vusb3v1 not found, using dummy regulator
[    1.709960] input: twl4030:vibrator as /devices/platform/68000000.ocp/48070000.i2c/i2c-1/1-0048/48070000.i2c:twl@48:audio/twl4030-vibra/input/input3
[    1.771850] omap_i2c 48070000.i2c: bus 1 rev3.3 at 2200 kHz
[    1.779937] of_get_named_gpiod_flags: parsed 'reset-gpios' property of node '/ocp@68000000/i2c@48072000/tlv320aic3x@18[0]' - status (0)
[    1.781982] of_get_named_gpiod_flags: parsed 'reset-gpios' property of node '/ocp@68000000/i2c@48072000/tlv320aic3x@19[0]' - status (0)
[    1.785247] tsl2563 2-0029: model 7, rev. 0
[    1.792663] adp1653 2-0030: GPIO lookup for consumer enable
[    1.792663] adp1653 2-0030: using device tree for GPIO lookup
[    1.792724] of_get_named_gpiod_flags: parsed 'enable-gpios' property of node '/ocp@68000000/i2c@48072000/led-controller@30[0]' - status (0)
[    1.792755] gpio gpiochip2: Persistence not supported for GPIO 24
[    1.793273] of_get_named_gpiod_flags: parsed 'enable-gpio' property of node '/ocp@68000000/i2c@48072000/lp5523@32[0]' - status (0)
[    2.801818] omap_i2c 48072000.i2c: controller timed out
[    2.911743] lp5523x 2-0032: lp5523 Programmable led chip found
[    2.923919] power_supply bq27200-0: Not all required supplies found, defer probe
[    2.931762] bq27xxx-battery 2-0055: failed to register battery
[    2.938507] of_get_named_gpiod_flags: parsed 'power-gpio' property of node '/ocp@68000000/i2c@48072000/tpa6130a2@60[0]' - status (0)
[    2.957275] bq2415x-charger 2-006b: automode supported, waiting for events
[    2.965789] bq2415x-charger 2-006b: driver registered
[    2.971282] omap_i2c 48072000.i2c: bus 2 rev3.3 at 100 kHz
[    3.001403] lis3lv02d: 8 bits sensor found
[    3.072143] input: ST LIS3LV02DL Accelerometer as /devices/platform/lis3lv02d/input/input4
[    3.085601] et8ek8 3-003e: GPIO lookup for consumer reset
[    3.085632] et8ek8 3-003e: using device tree for GPIO lookup
[    3.085662] of_get_named_gpiod_flags: can't parse 'reset-gpios' property of node '/ocp@68000000/i2c@48060000/camera@3e[0]'
[    3.085693] of_get_named_gpiod_flags: parsed 'reset-gpio' property of node '/ocp@68000000/i2c@48060000/camera@3e[0]' - status (0)
[    3.085723] gpio gpiochip3: Persistence not supported for GPIO 6
[    3.085937] et8ek8 3-003e: could not get clock
[    3.091369] omap_i2c 48060000.i2c: bus 3 rev3.3 at 400 kHz
[    3.097747] DISPC: dispc_runtime_get
[    3.097808] DSS: dss_restore_context
[    3.097839] DSS: context restored
[    3.097900] DISPC: dispc_runtime_put
[    3.097930] DISPC: dispc_save_context
[    3.097991] DISPC: context saved
[    3.098449] DISPC: dispc_runtime_get
[    3.098510] DISPC: dispc_runtime_put
[    3.098510] DISPC: dispc_save_context
[    3.098571] DISPC: context saved
[    3.098571] DISPC: dispc_runtime_get
[    3.098602] DISPC: dispc_runtime_put
[    3.098602] DISPC: dispc_save_context
[    3.098663] DISPC: context saved
[    3.098663] DISPC: dispc_runtime_get
[    3.098693] DISPC: dispc_runtime_put
[    3.098693] DISPC: dispc_save_context
[    3.098724] DISPC: context saved
[    3.098907] DSS: dss_save_context
[    3.098907] DSS: context saved
[    3.110809] APPLY: omap_dss_mgr_apply(lcd)
[    3.123107] Console: switching to colour frame buffer device 100x30
[    3.147186] APPLY: omap_dss_mgr_apply(lcd)
[    3.147216] APPLY: omap_dss_mgr_apply(lcd)
[    3.147216] APPLY: omap_dss_mgr_apply(tv)
[    3.147247] DISPC: dispc_runtime_get
[    3.147308] DSS: dss_restore_context
[    3.147308] DSS: context restored
[    3.147369] DSS: set fck to 72000000
[    3.147399] DISPC: lck = 72000000 (1)
[    3.147430] DISPC: pck = 24000000 (3)
[    3.149536] APPLY: writing mgr 0 regs
[    3.149536] APPLY: writing ovl 0 regs
[    3.149566] DISPC: dispc_ovl_setup 0, pa 0x8e900000, pa_uv 0x00000000, sw 800, 0,0, 800x480 -> 800x480, cmode 80, rot 0, mir 0, chan 0 repl 0
[    3.149597] DISPC: calc_rot(0): scrw 800, 800x480
[    3.149597] DISPC: offset0 0, offset1 0, row_inc 1, pix_inc 1
[    3.149627] DISPC: 0,0 800x480 -> 800x480
[    3.149627] APPLY: writing ovl 0 regs extra
[    3.149658] DISPC: dispc_enable_plane 0, 1
[    3.149658] DISPC: fifo(0) threshold (bytes), old 960/1023, new 960/1023
[    3.149658] APPLY: writing ovl 1 regs
[    3.149658] APPLY: writing ovl 1 regs extra
[    3.149688] APPLY: writing ovl 2 regs
[    3.149688] APPLY: writing ovl 2 regs extra
[    3.149688] APPLY: writing mgr 0 regs extra
[    3.149688] DISPC: channel 0 xres 800 yres 480
[    3.149719] DISPC: pck 24000000
[    3.149719] DISPC: hsw 4 hfp 28 hbp 24 vsw 3 vfp 3 vbp 4
[    3.149719] DISPC: vsync_level 0 hsync_level 0 data_pclk_edge 1 de_level 1 sync_pclk_edge 1
[    3.149749] DISPC: hsync 28037Hz, vsync 57Hz
[    3.149749] DISPC: lck = 72000000 (1)
[    3.149749] DISPC: pck = 24000000 (3)
[    3.211944] omapfb omapfb: using display 'lcd' mode 800x480
[    3.224945] nokia-modem n900-modem: GPIO lookup for consumer (null)
[    3.224975] nokia-modem n900-modem: using device tree for GPIO lookup
[    3.225036] of_get_named_gpiod_flags: parsed 'gpios' property of node '/ocp@68000000/ssi-controller@48058000/ssi-port@4805a000/hsi-client[0]' - status (0)
[    3.225036] gpio gpiochip2: Persistence not supported for GPIO 6
[    3.225250] nokia-modem n900-modem: GPIO lookup for consumer (null)
[    3.225250] nokia-modem n900-modem: using device tree for GPIO lookup
[    3.225311] of_get_named_gpiod_flags: parsed 'gpios' property of node '/ocp@68000000/ssi-controller@48058000/ssi-port@4805a000/hsi-client[1]' - status (0)
[    3.225311] gpio gpiochip2: Persistence not supported for GPIO 9
[    3.225463] nokia-modem n900-modem: GPIO lookup for consumer (null)
[    3.225494] nokia-modem n900-modem: using device tree for GPIO lookup
[    3.225524] of_get_named_gpiod_flags: parsed 'gpios' property of node '/ocp@68000000/ssi-controller@48058000/ssi-port@4805a000/hsi-client[2]' - status (0)
[    3.225555] gpio gpiochip2: Persistence not supported for GPIO 10
[    3.225677] nokia-modem n900-modem: GPIO lookup for consumer (null)
[    3.225708] nokia-modem n900-modem: using device tree for GPIO lookup
[    3.225738] of_get_named_gpiod_flags: parsed 'gpios' property of node '/ocp@68000000/ssi-controller@48058000/ssi-port@4805a000/hsi-client[3]' - status (0)
[    3.225769] gpio gpiochip2: Persistence not supported for GPIO 11
[    3.225891] nokia-modem n900-modem: GPIO lookup for consumer (null)
[    3.225891] nokia-modem n900-modem: using device tree for GPIO lookup
[    3.225952] of_get_named_gpiod_flags: parsed 'gpios' property of node '/ocp@68000000/ssi-controller@48058000/ssi-port@4805a000/hsi-client[4]' - status (0)
[    3.225982] gpio gpiochip4: Persistence not supported for GPIO 29
[    3.227600] nokia-modem n900-modem: Registered Nokia HSI modem
[    3.240844] of_get_named_gpiod_flags: parsed 'ti,power-gpio' property of node '/ocp@68000000/spi@480ba000/wl1251@0[0]' - status (0)
[    3.241241] wl1251 spi3.0: Direct firmware load for ti-connectivity/wl1251-nvs.bin failed with error -2
[    3.264038] wl1251: ERROR could not get nvs file: -2
[    3.275848] wl1251: probe of spi3.0 failed with error -2
[    3.288482] udc musb-hdrc.0.auto: registering UDC driver [g_ether]
[    3.288574] using random self ethernet address
[    3.299407] using random host ethernet address
[    3.310638] usb0: HOST MAC a6:1b:69:5a:81:2d
[    3.320922] usb0: MAC da:28:75:a3:73:ca
[    3.330596] using random self ethernet address
[    3.340820] using random host ethernet address
[    3.350921] g_ether gadget: adding config #2 'RNDIS'/f7d1761e
[    3.350982] rndis_register: configNr = 0
[    3.350982] g_ether gadget: adding 'rndis'/3952b681 to config 'RNDIS'/f7d1761e
[    3.351043] rndis_set_param_medium: 0 0
[    3.351043] g_ether gadget: RNDIS: dual speed IN/ep1in OUT/ep1out NOTIFY/ep2in
[    3.351043] g_ether gadget: cfg 2/f7d1761e speeds: high full
[    3.351074] g_ether gadget:   interface 0 = rndis/3952b681
[    3.351074] g_ether gadget:   interface 1 = rndis/3952b681
[    3.351104] g_ether gadget: adding config #1 'CDC Ethernet (ECM)'/7c93cc79
[    3.351104] g_ether gadget: adding 'cdc_ethernet'/ede272d2 to config 'CDC Ethernet (ECM)'/7c93cc79
[    3.351135] g_ether gadget: CDC Ethernet: dual speed IN/ep1in OUT/ep1out NOTIFY/ep2in
[    3.351165] g_ether gadget: cfg 1/7c93cc79 speeds: high full
[    3.351165] g_ether gadget:   interface 0 = cdc_ethernet/ede272d2
[    3.351165] g_ether gadget:   interface 1 = cdc_ethernet/ede272d2
[    3.351196] g_ether gadget: Ethernet Gadget, version: Memorial Day 2008
[    3.363616] g_ether gadget: g_ether ready
[    3.373657] tsc2005 spi0.0: GPIO lookup for consumer reset
[    3.373657] tsc2005 spi0.0: using device tree for GPIO lookup
[    3.373718] of_get_named_gpiod_flags: parsed 'reset-gpios' property of node '/ocp@68000000/spi@48098000/tsc2005@0[0]' - status (0)
[    3.373748] gpio gpiochip3: Persistence not supported for GPIO 8
[    3.374786] input: TSC2005 touchscreen as /devices/platform/68000000.ocp/48098000.spi/spi_master/spi0/spi0.0/input/input5
[    3.398956] omap3isp 480bc000.isp: 480bc000.isp supply vdd-csiphy1 not found, using dummy regulator
[    3.420379] omap3isp 480bc000.isp: 480bc000.isp supply vdd-csiphy2 not found, using dummy regulator
[    3.442504] omap3isp 480bc000.isp: Revision 2.0 found
[    3.454772] omap-iommu 480bd400.mmu: 480bd400.mmu: version 1.1
[    3.467620] omap3isp 480bc000.isp: Entity type for entity OMAP3 ISP CCP2 was not initialized!
[    3.483520] omap3isp 480bc000.isp: Entity type for entity OMAP3 ISP CSI2a was not initialized!
[    3.499267] omap3isp 480bc000.isp: Entity type for entity OMAP3 ISP CCDC was not initialized!
[    3.514709] omap3isp 480bc000.isp: Entity type for entity OMAP3 ISP preview was not initialized!
[    3.530548] omap3isp 480bc000.isp: Entity type for entity OMAP3 ISP resizer was not initialized!
[    3.546112] omap3isp 480bc000.isp: Entity type for entity OMAP3 ISP AEWB was not initialized!
[    3.560638] omap3isp 480bc000.isp: Entity type for entity OMAP3 ISP AF was not initialized!
[    3.574859] omap3isp 480bc000.isp: Entity type for entity OMAP3 ISP histogram was not initialized!
[    3.595825] (NULL device *): hwmon: 'rx51-battery' is not a valid name attribute, please fix
[    3.611572] omap_hsmmc 4809c000.mmc: GPIO lookup for consumer cd
[    3.611572] omap_hsmmc 4809c000.mmc: using device tree for GPIO lookup
[    3.611633] of_get_named_gpiod_flags: parsed 'cd-gpios' property of node '/ocp@68000000/mmc@4809c000[0]' - status (0)
[    3.611755] gpio gpiochip5: Persistence not supported for GPIO 0
[    3.611755] omap_hsmmc 4809c000.mmc: Got CD GPIO
[    3.622558] omap_hsmmc 4809c000.mmc: GPIO lookup for consumer wp
[    3.622558] omap_hsmmc 4809c000.mmc: using device tree for GPIO lookup
[    3.622589] of_get_named_gpiod_flags: can't parse 'wp-gpios' property of node '/ocp@68000000/mmc@4809c000[0]'
[    3.622619] of_get_named_gpiod_flags: can't parse 'wp-gpio' property of node '/ocp@68000000/mmc@4809c000[0]'
[    3.622650] omap_hsmmc 4809c000.mmc: using lookup tables for GPIO lookup
[    3.622650] omap_hsmmc 4809c000.mmc: No GPIO consumer wp found
[    3.656158] omap_hsmmc 480b4000.mmc: GPIO lookup for consumer wp
[    3.656188] omap_hsmmc 480b4000.mmc: using device tree for GPIO lookup
[    3.656219] of_get_named_gpiod_flags: can't parse 'wp-gpios' property of node '/ocp@68000000/mmc@480b4000[0]'
[    3.656249] of_get_named_gpiod_flags: can't parse 'wp-gpio' property of node '/ocp@68000000/mmc@480b4000[0]'
[    3.656249] omap_hsmmc 480b4000.mmc: using lookup tables for GPIO lookup
[    3.656280] omap_hsmmc 480b4000.mmc: No GPIO consumer wp found
[    3.685241] rx51-audio n900-audio: GPIO lookup for consumer tvout-selection
[    3.685241] rx51-audio n900-audio: using device tree for GPIO lookup
[    3.685302] of_get_named_gpiod_flags: parsed 'tvout-selection-gpios' property of node '/n900-audio[0]' - status (0)
[    3.685333] gpio gpiochip1: Persistence not supported for GPIO 8
[    3.685363] rx51-audio n900-audio: GPIO lookup for consumer jack-detection
[    3.685363] rx51-audio n900-audio: using device tree for GPIO lookup
[    3.685424] of_get_named_gpiod_flags: parsed 'jack-detection-gpios' property of node '/n900-audio[0]' - status (0)
[    3.685424] gpio gpiochip5: Persistence not supported for GPIO 17
[    3.685455] no flags found for jack-detection
[    3.685455] rx51-audio n900-audio: GPIO lookup for consumer eci-switch
[    3.685455] rx51-audio n900-audio: using device tree for GPIO lookup
[    3.685485] of_get_named_gpiod_flags: parsed 'eci-switch-gpios' property of node '/n900-audio[0]' - status (0)
[    3.685516] gpio gpiochip5: Persistence not supported for GPIO 22
[    3.685516] rx51-audio n900-audio: GPIO lookup for consumer speaker-amplifier
[    3.685546] rx51-audio n900-audio: using device tree for GPIO lookup
[    3.685577] of_get_named_gpiod_flags: parsed 'speaker-amplifier-gpios' property of node '/n900-audio[0]' - status (0)
[    3.687805] omap-mcbsp 49022000.mcbsp: ASoC: Failed to create component debugfs directory
[    3.708251] rx51-audio n900-audio: tlv320aic3x-hifi <-> 49022000.mcbsp mapping ok
[    3.732849] input: RX-51 AV Jack as /devices/platform/n900-audio/sound/card0/input6
[    3.754394] power_supply bq27200-0: bq27200-0: Found supply : bq24150a-0
[    3.768859] (NULL device *): hwmon: 'bq27200-0' is not a valid name attribute, please fix
[    3.786071] g_ether gadget: high-speed config #1: CDC Ethernet (ECM)
[    3.799468] g_ether gadget: init ecm
[    3.799499] g_ether gadget: notify connect false
[    3.800292] g_ether gadget: activate ecm
[    3.800354] usb0: qlen 10
[    3.800354] g_ether gadget: ecm_close
[    3.800567] g_ether gadget: packet filter 0c
[    3.800567] g_ether gadget: ecm req21.43 v000c i0000 l0
[    3.807495] et8ek8 3-003e: GPIO lookup for consumer reset
[    3.807495] et8ek8 3-003e: using device tree for GPIO lookup
[    3.807525] of_get_named_gpiod_flags: can't parse 'reset-gpios' property of node '/ocp@68000000/i2c@48060000/camera@3e[0]'
[    3.807586] of_get_named_gpiod_flags: parsed 'reset-gpio' property of node '/ocp@68000000/i2c@48060000/camera@3e[0]' - status (0)
[    3.807617] gpio gpiochip3: Persistence not supported for GPIO 6
[    3.807830] omap3isp 480bc000.isp: Entity type for entity et8ek8 3-003e was not initialized!
[    3.834869] mmc0: host does not support reading read-only switch, assuming write-enable
[    3.856170] mmc0: new high speed SDHC card at address e624
[    3.870361] mmcblk0: mmc0:e624 SU16G 14.8 GiB 
[    3.888000] et8ek8 3-003e: meta_reglist version V14 03-June-2008
[    3.901062]  mmcblk0: p1 p2 p3 p4
[    3.990356] omap3isp 480bc000.isp: Entity type for entity ad5820 focus was not initialized!
[    4.006072] mmc1: switch to bus width 8 failed
[    4.017761] mmc1: switch to bus width 4 failed
[    4.028717] mmc1: new high speed MMC card at address 0001
[    4.042541] mmcblk1: mmc1:0001 MMC32G 29.8 GiB 
[    4.055145] mmcblk1boot0: mmc1:0001 MMC32G partition 1 512 KiB
[    4.069183] mmcblk1boot1: mmc1:0001 MMC32G partition 2 512 KiB
[    4.085083] of_get_named_gpiod_flags: parsed 'gpios' property of node '/gpio_keys/camera_lens_cover[0]' - status (0)
[    4.085144] gpio gpiochip3: Persistence not supported for GPIO 14
[    4.085418] of_get_named_gpiod_flags: parsed 'gpios' property of node '/gpio_keys/camera_focus[0]' - status (0)
[    4.085449] gpio gpiochip2: Persistence not supported for GPIO 4
[    4.085632] of_get_named_gpiod_flags: parsed 'gpios' property of node '/gpio_keys/camera_capture[0]' - status (0)
[    4.085662] gpio gpiochip2: Persistence not supported for GPIO 5
[    4.085815] of_get_named_gpiod_flags: parsed 'gpios' property of node '/gpio_keys/lock_button[0]' - status (0)
[    4.085815] gpio gpiochip3: Persistence not supported for GPIO 17
[    4.085998] of_get_named_gpiod_flags: parsed 'gpios' property of node '/gpio_keys/keypad_slide[0]' - status (0)
[    4.085998] gpio gpiochip2: Persistence not supported for GPIO 7
[    4.086151] of_get_named_gpiod_flags: parsed 'gpios' property of node '/gpio_keys/proximity_sensor[0]' - status (0)
[    4.086181] gpio gpiochip2: Persistence not supported for GPIO 25
[    4.086578] input: gpio_keys as /devices/platform/gpio_keys/input/input7
[    4.102447] twl_rtc 48070000.i2c:twl@48:rtc: setting system clock to 2018-03-15 10:47:50 UTC (1521110870)
[    4.125976] sr_init: No PMIC hook to init smartreflex
[    4.138671] smartreflex 480cb000.smartreflex: omap_sr_probe: SmartReflex driver initialized
[    4.154815] smartreflex 480c9000.smartreflex: omap_sr_probe: SmartReflex driver initialized
[    4.171478] cfg80211: Loading compiled-in X.509 certificates for regulatory database
[    4.186889]  mmcblk1: p1 p2 p3 p4
[    4.207122] cfg80211: Loaded X.509 cert 'sforshee: 00b28ddf47aef9cea7'
[    4.221466] platform regulatory.0: Direct firmware load for regulatory.db failed with error -2
[    4.237121] cfg80211: failed to load regulatory.db
[    4.248687] VCSI: disabling
[    4.258911] ALSA device list:
[    4.267852]   #0: RX-51
[    4.281463] EXT4-fs (mmcblk0p4): couldn't mount as ext3 due to feature incompatibilities
[    4.312438] EXT4-fs (mmcblk0p4): mounted filesystem with ordered data mode. Opts: (null)
[    4.327178] VFS: Mounted root (ext4 filesystem) readonly on device 179:4.
[    4.354156] devtmpfs: mounted
[    4.366394] Freeing unused kernel memory: 1024K
[    4.377899] ------------[ cut here ]------------
[    4.388580] WARNING: CPU: 0 PID: 1 at arch/arm/mm/dump.c:253 note_page+0x2f8/0x328
[    4.402557] arm/mm: Found insecure W+X mapping at address 0xd0050000
[    4.415283] Modules linked in:
[    4.424468] CPU: 0 PID: 1 Comm: swapper Not tainted 4.16.0-rc5-next-20180314-dirty #77
[    4.439239] Hardware name: Nokia RX-51 board
[    4.450103] [<c010d6cc>] (unwind_backtrace) from [<c010b568>] (show_stack+0x10/0x14)
[    4.464721] [<c010b568>] (show_stack) from [<c0127e54>] (__warn+0xe8/0x110)
[    4.478363] [<c0127e54>] (__warn) from [<c0127f44>] (warn_slowpath_fmt+0x38/0x48)
[    4.492584] [<c0127f44>] (warn_slowpath_fmt) from [<c0113a8c>] (note_page+0x2f8/0x328)
[    4.507263] [<c0113a8c>] (note_page) from [<c0113b44>] (walk_pgd+0x88/0x178)
[    4.521270] [<c0113b44>] (walk_pgd) from [<c0113d0c>] (ptdump_check_wx+0x64/0xb8)
[    4.535644] [<c0113d0c>] (ptdump_check_wx) from [<c0716684>] (kernel_init+0x24/0x10c)
[    4.550415] [<c0716684>] (kernel_init) from [<c01010e8>] (ret_from_fork+0x14/0x2c)
[    4.564880] Exception stack(0xce049fb0 to 0xce049ff8)
[    4.576599] 9fa0:                                     00000000 00000000 00000000 00000000
[    4.591674] 9fc0: 00000000 00000000 00000000 00000000 00000000 00000000 00000000 00000000
[    4.606842] 9fe0: 00000000 00000000 00000000 00000000 00000013 00000000
[    4.620300] ---[ end trace 2f9281f96472effc ]---
[    4.631988] Checked W+X mappings: FAILED, 7 W+X pages found
[    4.644287] rodata_test: all tests were successful
[    4.661682] twl4030_bci 48070000.i2c:twl@48:bci: battery temperature out of range
[    6.181091] udevd[188]: starting version 175
[    9.679901] ad5820 3-000c: write failed, error -121
[   15.480346] EXT4-fs (mmcblk0p4): re-mounted. Opts: (null)
[   20.862091] random: crng init done
[   21.581512] EXT4-fs (mmcblk0p1): mounted filesystem with ordered data mode. Opts: errors=remount-ro
[   24.178985] usb0: eth_open
[   24.178985] usb0: eth_start
[   24.179077] g_ether gadget: ecm_open
[   39.625061] DISPC: dispc_runtime_put
[   39.625091] DISPC: dispc_save_context
[   39.625152] DISPC: context saved
[   39.625396] DSS: dss_save_context
[   39.625396] DSS: context saved
[   44.075653] DISPC: dispc_runtime_get
[   44.075744] DSS: dss_restore_context
[   44.075775] DSS: context restored
[   44.075805] DSS: set fck to 72000000
[   44.075836] DISPC: lck = 72000000 (1)
[   44.075836] DISPC: pck = 24000000 (3)
[   44.077972] APPLY: writing mgr 0 regs
[   44.077972] APPLY: writing ovl 0 regs
[   44.077972] APPLY: writing ovl 0 regs extra
[   44.077972] APPLY: writing ovl 1 regs
[   44.078002] APPLY: writing ovl 1 regs extra
[   44.078002] APPLY: writing ovl 2 regs
[   44.078002] APPLY: writing ovl 2 regs extra
[   44.078002] APPLY: writing mgr 0 regs extra
[   44.078002] DISPC: channel 0 xres 800 yres 480
[   44.078033] DISPC: pck 24000000
[   44.078033] DISPC: hsw 4 hfp 28 hbp 24 vsw 3 vfp 3 vbp 4
[   44.078033] DISPC: vsync_level 0 hsync_level 0 data_pclk_edge 1 de_level 1 sync_pclk_edge 1
[   44.078063] DISPC: hsync 28037Hz, vsync 57Hz
[   44.078063] DISPC: lck = 72000000 (1)
[   44.078063] DISPC: pck = 24000000 (3)
[   59.071044] g_ether gadget: packet filter 0e
[   59.071075] g_ether gadget: ecm req21.43 v000e i0000 l0
[   59.071502] g_ether gadget: packet filter 0e
[   59.071502] g_ether gadget: ecm req21.43 v000e i0000 l0
[   59.096984] g_ether gadget: notify connect true
[   59.128967] g_ether gadget: notify speed 425984000
[  115.942169] ssi-protocol ssi-protocol: WAKELINES TEST OK
[  127.811981] DISPC: dispc_runtime_put
[  127.812011] DISPC: dispc_save_context
[  127.812072] DISPC: context saved
[  127.814605] DSS: dss_save_context
[  127.814636] DSS: context saved
