[    0.000000] Linux version 5.1.0-next-20190520 (pavel@duo) (gcc version 4.9.2 (Debian 4.9.2-10+deb8u2)) #285 SMP Mon May 20 13:20:20 CEST 2019
[    0.000000] Disabled fast string operations
[    0.000000] x86/fpu: x87 FPU will use FXSAVE
[    0.000000] BIOS-provided physical RAM map:
[    0.000000] BIOS-e820: [mem 0x0000000000000000-0x000000000009efff] usable
[    0.000000] BIOS-e820: [mem 0x000000000009f000-0x000000000009ffff] reserved
[    0.000000] BIOS-e820: [mem 0x00000000000dc000-0x00000000000fffff] reserved
[    0.000000] BIOS-e820: [mem 0x0000000000100000-0x00000000bf6cffff] usable
[    0.000000] BIOS-e820: [mem 0x00000000bf6d0000-0x00000000bf6defff] ACPI data
[    0.000000] BIOS-e820: [mem 0x00000000bf6df000-0x00000000bf6fffff] ACPI NVS
[    0.000000] BIOS-e820: [mem 0x00000000bf700000-0x00000000bfffffff] reserved
[    0.000000] BIOS-e820: [mem 0x00000000f0000000-0x00000000f3ffffff] reserved
[    0.000000] BIOS-e820: [mem 0x00000000fec00000-0x00000000fec0ffff] reserved
[    0.000000] BIOS-e820: [mem 0x00000000fed00000-0x00000000fed003ff] reserved
[    0.000000] BIOS-e820: [mem 0x00000000fed14000-0x00000000fed19fff] reserved
[    0.000000] BIOS-e820: [mem 0x00000000fed1c000-0x00000000fed8ffff] reserved
[    0.000000] BIOS-e820: [mem 0x00000000fee00000-0x00000000fee00fff] reserved
[    0.000000] BIOS-e820: [mem 0x00000000ff800000-0x00000000ffffffff] reserved
[    0.000000] NX (Execute Disable) protection: active
[    0.000000] SMBIOS 2.4 present.
[    0.000000] DMI: LENOVO 17097HU/17097HU, BIOS 7BETD8WW (2.19 ) 03/31/2011
[    0.000000] tsc: Fast TSC calibration using PIT
[    0.000000] tsc: Detected 1828.747 MHz processor
[    0.013884] e820: update [mem 0x00000000-0x00000fff] usable ==> reserved
[    0.013889] e820: remove [mem 0x000a0000-0x000fffff] usable
[    0.013901] last_pfn = 0xbf6d0 max_arch_pfn = 0x1000000
[    0.013914] MTRR default type: uncachable
[    0.013917] MTRR fixed ranges enabled:
[    0.013921]   00000-9FFFF write-back
[    0.013924]   A0000-BFFFF uncachable
[    0.013927]   C0000-CFFFF write-protect
[    0.013930]   D0000-DBFFF uncachable
[    0.013932]   DC000-DFFFF write-back
[    0.013935]   E0000-FFFFF write-protect
[    0.013938] MTRR variable ranges enabled:
[    0.013942]   0 base 000000000 mask F80000000 write-back
[    0.013945]   1 base 080000000 mask FC0000000 write-back
[    0.013948]   2 base 0BF700000 mask FFFF00000 uncachable
[    0.013951]   3 base 0BF800000 mask FFF800000 uncachable
[    0.013953]   4 disabled
[    0.013956]   5 disabled
[    0.013958]   6 disabled
[    0.013960]   7 disabled
[    0.014973] x86/PAT: PAT not supported by CPU.
[    0.016144] x86/PAT: Configuration [0-7]: WB  WT  UC- UC  WB  WT  UC- UC  
[    0.016164] initial memory mapped: [mem 0x00000000-0x05bfffff]
[    0.016248] BRK [0x057e5000, 0x057e5fff] PGTABLE
[    0.016267] BRK [0x057e6000, 0x057e6fff] PGTABLE
[    0.016277] ACPI: Early table checksum verification disabled
[    0.016459] ACPI: RSDP 0x00000000000F67C0 000024 (v02 LENOVO)
[    0.016467] ACPI: XSDT 0x00000000BF6D191C 000084 (v01 LENOVO TP-7B    00002190  LTP 00000000)
[    0.016480] ACPI: FACP 0x00000000BF6D1A00 0000F4 (v03 LENOVO TP-7B    00002190 LNVO 00000001)
[    0.016491] ACPI BIOS Warning (bug): 32/64X length mismatch in FADT/Gpe0Block: 64/32 (20190509/tbfadt-569)
[    0.016498] ACPI BIOS Warning (bug): Optional FADT field Gpe1Block has valid Address but zero Length: 0x000000000000102C/0x0 (20190509/tbfadt-624)
[    0.016508] ACPI: DSDT 0x00000000BF6D1D90 00CFB9 (v01 LENOVO TP-7B    00002190 MSFT 0100000E)
[    0.016517] ACPI: FACS 0x00000000BF6F4000 000040
[    0.016524] ACPI: FACS 0x00000000BF6F4000 000040
[    0.016532] ACPI: SSDT 0x00000000BF6D1BB4 0001DC (v01 LENOVO TP-7B    00002190 MSFT 0100000E)
[    0.016540] ACPI: ECDT 0x00000000BF6DED49 000052 (v01 LENOVO TP-7B    00002190 LNVO 00000001)
[    0.016549] ACPI: TCPA 0x00000000BF6DED9B 000032 (v02 LENOVO TP-7B    00002190 LNVO 00000001)
[    0.016558] ACPI: APIC 0x00000000BF6DEDCD 000068 (v01 LENOVO TP-7B    00002190 LNVO 00000001)
[    0.016566] ACPI: MCFG 0x00000000BF6DEE35 00003C (v01 LENOVO TP-7B    00002190 LNVO 00000001)
[    0.016575] ACPI: HPET 0x00000000BF6DEE71 000038 (v01 LENOVO TP-7B    00002190 LNVO 00000001)
[    0.016583] ACPI: BOOT 0x00000000BF6DEFD8 000028 (v01 LENOVO TP-7B    00002190  LTP 00000001)
[    0.016592] ACPI: SSDT 0x00000000BF6F2645 00025F (v01 LENOVO TP-7B    00002190 INTL 20050513)
[    0.016601] ACPI: SSDT 0x00000000BF6F28A4 0000A6 (v01 LENOVO TP-7B    00002190 INTL 20050513)
[    0.016609] ACPI: SSDT 0x00000000BF6F294A 0004F7 (v01 LENOVO TP-7B    00002190 INTL 20050513)
[    0.016618] ACPI: SSDT 0x00000000BF6F2E41 0001D8 (v01 LENOVO TP-7B    00002190 INTL 20050513)
[    0.016638] ACPI: Local APIC address 0xfee00000
[    0.016644] 2176MB HIGHMEM available.
[    0.016649] 885MB LOWMEM available.
[    0.016653]   mapped low ram: 0 - 375fe000
[    0.016656]   low ram: 0 - 375fe000
[    0.016667] BRK [0x057e7000, 0x057e7fff] PGTABLE
[    0.016672] Zone ranges:
[    0.016676]   DMA      [mem 0x0000000000001000-0x0000000000ffffff]
[    0.016681]   Normal   [mem 0x0000000001000000-0x00000000375fdfff]
[    0.016685]   HighMem  [mem 0x00000000375fe000-0x00000000bf6cffff]
[    0.016690] Movable zone start for each node
[    0.016694] Early memory node ranges
[    0.016698]   node   0: [mem 0x0000000000001000-0x000000000009efff]
[    0.016702]   node   0: [mem 0x0000000000100000-0x00000000bf6cffff]
[    0.016707] Initmem setup node 0 [mem 0x0000000000001000-0x00000000bf6cffff]
[    0.016712] On node 0 totalpages: 783982
[    0.028081]   DMA zone: 32 pages used for memmap
[    0.028084]   DMA zone: 0 pages reserved
[    0.028087]   DMA zone: 3998 pages, LIFO batch:0
[    0.028197]   Normal zone: 1740 pages used for memmap
[    0.028199]   Normal zone: 222718 pages, LIFO batch:63
[    0.033826]   HighMem zone: 557266 pages, LIFO batch:63
[    0.047941] Using APIC driver default
[    0.047959] Reserving Intel graphics memory at [mem 0xbf800000-0xbfffffff]
[    0.048440] ACPI: PM-Timer IO Port: 0x1008
[    0.048445] ACPI: Local APIC address 0xfee00000
[    0.048458] ACPI: LAPIC_NMI (acpi_id[0x00] high edge lint[0x1])
[    0.048462] ACPI: LAPIC_NMI (acpi_id[0x01] high edge lint[0x1])
[    0.048494] IOAPIC[0]: apic_id 1, version 32, address 0xfec00000, GSI 0-23
[    0.048502] ACPI: INT_SRC_OVR (bus 0 bus_irq 0 global_irq 2 dfl dfl)
[    0.048508] ACPI: INT_SRC_OVR (bus 0 bus_irq 9 global_irq 9 high level)
[    0.048513] ACPI: IRQ0 used by override.
[    0.048517] ACPI: IRQ9 used by override.
[    0.048524] Using ACPI (MADT) for SMP configuration information
[    0.048530] ACPI: HPET id: 0x8086a201 base: 0xfed00000
[    0.048543] smpboot: Allowing 2 CPUs, 0 hotplug CPUs
[    0.048583] PM: Registered nosave memory: [mem 0x00000000-0x00000fff]
[    0.048589] PM: Registered nosave memory: [mem 0x0009f000-0x0009ffff]
[    0.048593] PM: Registered nosave memory: [mem 0x000a0000-0x000dbfff]
[    0.048596] PM: Registered nosave memory: [mem 0x000dc000-0x000fffff]
[    0.048605] [mem 0xc0000000-0xefffffff] available for PCI devices
[    0.048613] clocksource: refined-jiffies: mask: 0xffffffff max_cycles: 0xffffffff, max_idle_ns: 7645519600211568 ns
[    0.048630] setup_percpu: NR_CPUS:8 nr_cpumask_bits:8 nr_cpu_ids:2 nr_node_ids:1
[    0.048897] percpu: Embedded 37 pages/cpu s119336 r0 d32216 u151552
[    0.048911] pcpu-alloc: s119336 r0 d32216 u151552 alloc=37*4096
[    0.048915] pcpu-alloc: [0] 0 [0] 1 
[    0.048949] Built 1 zonelists, mobility grouping on.  Total pages: 782210
[    0.048961] Kernel command line: BOOT_IMAGE=(hd0,2)/fast/l/linux-next-32/arch/x86/boot/bzImage root=/dev/sda4 resume=/dev/sda1
[    0.049380] Dentry cache hash table entries: 131072 (order: 7, 524288 bytes)
[    0.049496] Inode-cache hash table entries: 65536 (order: 6, 262144 bytes)
[    0.049520] Initializing CPU#0
[    0.081776] Initializing HighMem for node 0 (000375fe:000bf6d0)
[    0.436038] Initializing Movable for node 0 (00000000:00000000)
[    0.509132] Memory: 3019856K/3135928K available (12490K kernel code, 705K rwdata, 4804K rodata, 648K init, 5416K bss, 116072K reserved, 0K cma-reserved, 2229064K highmem)
[    0.509142] virtual kernel memory layout:
    fixmap  : 0xffe72000 - 0xfffff000   (1588 kB)
  cpu_entry : 0xffa00000 - 0xffb31000   (1220 kB)
    pkmap   : 0xff600000 - 0xff800000   (2048 kB)
    vmalloc : 0xf7dfe000 - 0xff5fe000   ( 120 MB)
    lowmem  : 0xc0000000 - 0xf75fe000   ( 885 MB)
      .init : 0xc51be000 - 0xc5260000   ( 648 kB)
      .data : 0xc4c32910 - 0xc519c440   (5542 kB)
      .text : 0xc4000000 - 0xc4c32910   (12490 kB)
[    0.509148] Checking if this processor honours the WP bit even in supervisor mode...Ok.
[    0.509225] random: get_random_u32 called from cache_alloc_refill+0x7b5/0xb60 with crng_init=0
[    0.510545] Kernel/User page tables isolation: enabled
[    0.510840] rcu: Hierarchical RCU implementation.
[    0.510845] rcu: 	RCU restricting CPUs from NR_CPUS=8 to nr_cpu_ids=2.
[    0.510850] rcu: RCU calculated value of scheduler-enlistment delay is 25 jiffies.
[    0.510854] rcu: Adjusting geometry for rcu_fanout_leaf=16, nr_cpu_ids=2
[    0.510902] NR_IRQS: 2304, nr_irqs: 56, preallocated irqs: 16
[    0.513944] Console: colour VGA+ 80x25
[    0.522593] printk: console [tty0] enabled
[    0.522665] Lock dependency validator: Copyright (c) 2006 Red Hat, Inc., Ingo Molnar
[    0.522753] ... MAX_LOCKDEP_SUBCLASSES:  8
[    0.522824] ... MAX_LOCK_DEPTH:          48
[    0.522896] ... MAX_LOCKDEP_KEYS:        8191
[    0.522968] ... CLASSHASH_SIZE:          4096
[    0.523041] ... MAX_LOCKDEP_ENTRIES:     32768
[    0.523114] ... MAX_LOCKDEP_CHAINS:      65536
[    0.523188] ... CHAINHASH_SIZE:          32768
[    0.523260]  memory used by lock dependency info: 2211 kB
[    0.523338]  per task-struct memory footprint: 1344 bytes
[    0.523427] ACPI: Core revision 20190509
[    0.523977] clocksource: hpet: mask: 0xffffffff max_cycles: 0xffffffff, max_idle_ns: 133484882848 ns
[    0.524106] hpet clockevent registered
[    0.524120] APIC: Switch to symmetric I/O mode setup
[    0.524196] Enabling APIC mode:  Flat.  Using 1 I/O APICs
[    0.524836] ..TIMER: vector=0x30 apic1=0 pin1=2 apic2=-1 pin2=-1
[    0.544115] clocksource: tsc-early: mask: 0xffffffffffffffff max_cycles: 0x1a5c3dda014, max_idle_ns: 440795249789 ns
[    0.544238] Calibrating delay loop (skipped), value calculated using timer frequency.. 3657.49 BogoMIPS (lpj=7314988)
[    0.544358] pid_max: default: 32768 minimum: 301
[    0.544692] Mount-cache hash table entries: 2048 (order: 1, 8192 bytes)
[    0.544784] Mountpoint-cache hash table entries: 2048 (order: 1, 8192 bytes)
[    0.545469] *** VALIDATE proc ***
[    0.545640] *** VALIDATE cgroup1 ***
[    0.545713] *** VALIDATE cgroup2 ***
[    0.545864] Disabled fast string operations
[    0.545949] process: using mwait in idle threads
[    0.546031] Last level iTLB entries: 4KB 128, 2MB 0, 4MB 2
[    0.546110] Last level dTLB entries: 4KB 128, 2MB 0, 4MB 8, 1GB 0
[    0.546195] Spectre V2 : Mitigation: Full generic retpoline
[    0.546275] Spectre V2 : Spectre v2 / SpectreRSB mitigation: Filling RSB on context switch
[    0.546369] L1TF: System has more than MAX_PA/2 memory. L1TF mitigation not effective.
[    0.546460] L1TF: You may make it effective by booting the kernel with mem=2147483648 parameter.
[    0.546568] L1TF: However, doing so will make a part of your RAM unusable.
[    0.546653] L1TF: Reading https://www.kernel.org/doc/html/latest/admin-guide/hw-vuln/l1tf.html might help you decide.
[    0.546770] MDS: Vulnerable: Clear CPU buffers attempted, no microcode
[    0.547077] Freeing SMP alternatives memory: 44K
[    0.552236] smpboot: CPU0: Genuine Intel(R) CPU           T2400  @ 1.83GHz (family: 0x6, model: 0xe, stepping: 0x8)
[    0.552236] Performance Events: Core events, core PMU driver.
[    0.552236] ... version:                1
[    0.552236] ... bit width:              40
[    0.552236] ... generic registers:      2
[    0.552236] ... value mask:             000000ffffffffff
[    0.552236] ... max period:             000000007fffffff
[    0.552236] ... fixed-purpose events:   0
[    0.552236] ... event mask:             0000000000000003
[    0.552236] rcu: Hierarchical SRCU implementation.
[    0.552236] NMI watchdog: Enabled. Permanently consumes one hw-PMU counter.
[    0.552236] smp: Bringing up secondary CPUs ...
[    0.553178] x86: Booting SMP configuration:
[    0.553259] .... node  #0, CPUs:      #1
[    0.017011] Initializing CPU#1
[    0.017011] Disabled fast string operations
[    0.555708] TSC synchronization [CPU#0 -> CPU#1]:
[    0.556017] Measured 579799 cycles TSC warp between CPUs, turning off TSC clock.
[    0.556116] tsc: Marking TSC unstable due to check_tsc_sync_source failed
[    0.556431] smp: Brought up 1 node, 2 CPUs
[    0.556431] smpboot: Max logical packages: 1
[    0.556431] smpboot: Total of 2 processors activated (7314.98 BogoMIPS)
[    0.558122] devtmpfs: initialized
[    0.558122] PM: Registering ACPI NVS region [mem 0xbf6df000-0xbf6fffff] (135168 bytes)
[    0.560311] clocksource: jiffies: mask: 0xffffffff max_cycles: 0xffffffff, max_idle_ns: 7645041785100000 ns
[    0.560430] futex hash table entries: 512 (order: 3, 32768 bytes)
[    0.561246] NET: Registered protocol family 16
[    0.563562] cpuidle: using governor ladder
[    0.563683] cpuidle: using governor menu
[    0.563914] Simple Boot Flag at 0x35 set to 0x1
[    0.564035] ACPI FADT declares the system doesn't support PCIe ASPM, so disable it
[    0.564125] ACPI: bus type PCI registered
[    0.564433] PCI: MMCONFIG for domain 0000 [bus 00-3f] at [mem 0xf0000000-0xf3ffffff] (base 0xf0000000)
[    0.564549] PCI: MMCONFIG at [mem 0xf0000000-0xf3ffffff] reserved in E820
[    0.564636] PCI: Using MMCONFIG for extended config space
[    0.564715] PCI: Using configuration type 1 for base access
[    0.565184] mtrr: your CPUs had inconsistent variable MTRR settings
[    0.565268] mtrr: probably your BIOS does not setup all CPUs.
[    0.565349] mtrr: corrected configuration.
[    0.636382] ACPI: Added _OSI(Module Device)
[    0.636465] ACPI: Added _OSI(Processor Device)
[    0.636544] ACPI: Added _OSI(3.0 _SCP Extensions)
[    0.636622] ACPI: Added _OSI(Processor Aggregator Device)
[    0.636705] ACPI: Added _OSI(Linux-Dell-Video)
[    0.636783] ACPI: Added _OSI(Linux-Lenovo-NV-HDMI-Audio)
[    0.636865] ACPI: Added _OSI(Linux-HPI-Hybrid-Graphics)
[    0.701897] ACPI: 6 ACPI AML tables successfully acquired and loaded
[    0.706224] ACPI: EC: EC started
[    0.706296] ACPI: EC: interrupt blocked
[    0.711491] ACPI: \: Used as first EC
[    0.711567] ACPI: \: GPE=0x1c, EC_CMD/EC_SC=0x66, EC_DATA=0x62
[    0.711649] ACPI: EC: Boot ECDT EC used to handle transactions
[    0.733118] ACPI: Dynamic OEM Table Load:
[    0.733210] ACPI: SSDT 0x00000000F136C000 000240 (v01 PmRef  Cpu0Ist  00000100 INTL 20050513)
[    0.734924] ACPI: Dynamic OEM Table Load:
[    0.735013] ACPI: SSDT 0x00000000F1371800 00065A (v01 PmRef  Cpu0Cst  00000100 INTL 20050513)
[    0.737743] ACPI: Dynamic OEM Table Load:
[    0.737743] ACPI: SSDT 0x00000000F122C300 0000C8 (v01 PmRef  Cpu1Ist  00000100 INTL 20050513)
[    0.738705] ACPI: Dynamic OEM Table Load:
[    0.740619] ACPI: SSDT 0x00000000F11BA6C0 000085 (v01 PmRef  Cpu1Cst  00000100 INTL 20050513)
[    0.741248] ACPI: Interpreter enabled
[    0.741410] ACPI: (supports S0 S3 S4 S5)
[    0.741492] ACPI: Using IOAPIC for interrupt routing
[    0.741701] PCI: Using host bridge windows from ACPI; if necessary, use "pci=nocrs" and report a bug
[    0.742812] ACPI: Enabled 4 GPEs in block 00 to 1F
[    0.767078] ACPI: Power Resource [PUBS] (on)
[    0.768230] acpi PNP0C0A:01: ACPI dock station (docks/bays count: 1)
[    0.776019] acpi LNXIOBAY:00: ACPI dock station (docks/bays count: 2)
[    0.790192] acpi IBM0079:00: ACPI dock station (docks/bays count: 3)
[    0.792620] ACPI: PCI Interrupt Link [LNKA] (IRQs 3 4 5 6 7 9 10 *11)
[    0.793460] ACPI: PCI Interrupt Link [LNKB] (IRQs 3 4 5 6 7 9 10 *11)
[    0.794300] ACPI: PCI Interrupt Link [LNKC] (IRQs 3 4 5 6 7 9 10 *11)
[    0.795134] ACPI: PCI Interrupt Link [LNKD] (IRQs 3 4 5 6 7 9 10 *11)
[    0.795972] ACPI: PCI Interrupt Link [LNKE] (IRQs 3 4 5 6 7 9 10 *11)
[    0.796823] ACPI: PCI Interrupt Link [LNKF] (IRQs 3 4 5 6 7 9 10 *11)
[    0.797661] ACPI: PCI Interrupt Link [LNKG] (IRQs 3 4 5 6 7 9 10 *11)
[    0.798495] ACPI: PCI Interrupt Link [LNKH] (IRQs 3 4 5 6 7 9 10 *11)
[    0.799021] ACPI: PCI Root Bridge [PCI0] (domain 0000 [bus 00-ff])
[    0.799119] acpi PNP0A08:00: _OSC: OS supports [ExtendedConfig ASPM ClockPM Segments HPX-Type3]
[    0.800162] acpi PNP0A08:00: _OSC: not requesting OS control; OS requires [ExtendedConfig ASPM ClockPM MSI]
[    0.800257] acpi PNP0A08:00: [Firmware Info]: MMCONFIG for domain 0000 [bus 00-3f] only partially covers this bridge
[    0.800622] PCI host bridge to bus 0000:00
[    0.800702] pci_bus 0000:00: root bus resource [io  0x0000-0x0cf7 window]
[    0.800793] pci_bus 0000:00: root bus resource [io  0x0d00-0xffff window]
[    0.800885] pci_bus 0000:00: root bus resource [mem 0x000a0000-0x000bffff window]
[    0.800980] pci_bus 0000:00: root bus resource [mem 0x000d0000-0x000d3fff window]
[    0.801075] pci_bus 0000:00: root bus resource [mem 0x000d4000-0x000d7fff window]
[    0.801169] pci_bus 0000:00: root bus resource [mem 0x000d8000-0x000dbfff window]
[    0.801264] pci_bus 0000:00: root bus resource [mem 0xc0000000-0xfebfffff window]
[    0.801359] pci_bus 0000:00: root bus resource [mem 0xfed40000-0xfed40fff window]
[    0.801455] pci_bus 0000:00: root bus resource [bus 00-ff]
[    0.801568] pci 0000:00:00.0: [8086:27a0] type 00 class 0x060000
[    0.802126] pci 0000:00:02.0: [8086:27a2] type 00 class 0x030000
[    0.802231] pci 0000:00:02.0: reg 0x10: [mem 0xee100000-0xee17ffff]
[    0.802327] pci 0000:00:02.0: reg 0x14: [io  0x1800-0x1807]
[    0.802418] pci 0000:00:02.0: reg 0x18: [mem 0xd0000000-0xdfffffff pref]
[    0.802514] pci 0000:00:02.0: reg 0x1c: [mem 0xee200000-0xee23ffff]
[    0.803059] pci 0000:00:02.1: [8086:27a6] type 00 class 0x038000
[    0.803162] pci 0000:00:02.1: reg 0x10: [mem 0xee180000-0xee1fffff]
[    0.803738] pci 0000:00:1b.0: [8086:27d8] type 00 class 0x040300
[    0.803866] pci 0000:00:1b.0: reg 0x10: [mem 0xee240000-0xee243fff 64bit]
[    0.804117] pci 0000:00:1b.0: PME# supported from D0 D3hot D3cold
[    0.804691] pci 0000:00:1c.0: [8086:27d0] type 01 class 0x060400
[    0.804968] pci 0000:00:1c.0: PME# supported from D0 D3hot D3cold
[    0.805503] pci 0000:00:1c.1: [8086:27d2] type 01 class 0x060400
[    0.805779] pci 0000:00:1c.1: PME# supported from D0 D3hot D3cold
[    0.806308] pci 0000:00:1c.2: [8086:27d4] type 01 class 0x060400
[    0.806583] pci 0000:00:1c.2: PME# supported from D0 D3hot D3cold
[    0.807117] pci 0000:00:1c.3: [8086:27d6] type 01 class 0x060400
[    0.807393] pci 0000:00:1c.3: PME# supported from D0 D3hot D3cold
[    0.807924] pci 0000:00:1d.0: [8086:27c8] type 00 class 0x0c0300
[    0.808084] pci 0000:00:1d.0: reg 0x20: [io  0x1820-0x183f]
[    0.808640] pci 0000:00:1d.1: [8086:27c9] type 00 class 0x0c0300
[    0.808800] pci 0000:00:1d.1: reg 0x20: [io  0x1840-0x185f]
[    0.809334] pci 0000:00:1d.2: [8086:27ca] type 00 class 0x0c0300
[    0.809494] pci 0000:00:1d.2: reg 0x20: [io  0x1860-0x187f]
[    0.810028] pci 0000:00:1d.3: [8086:27cb] type 00 class 0x0c0300
[    0.810188] pci 0000:00:1d.3: reg 0x20: [io  0x1880-0x189f]
[    0.810717] pci 0000:00:1d.7: [8086:27cc] type 00 class 0x0c0320
[    0.810836] pci 0000:00:1d.7: reg 0x10: [mem 0xee444000-0xee4443ff]
[    0.811062] pci 0000:00:1d.7: PME# supported from D0 D3hot D3cold
[    0.811567] pci 0000:00:1e.0: [8086:2448] type 01 class 0x060401
[    0.812187] pci 0000:00:1f.0: [8086:27b9] type 00 class 0x060100
[    0.812396] pci 0000:00:1f.0: quirk: [io  0x1000-0x107f] claimed by ICH6 ACPI/GPIO/TCO
[    0.812498] pci 0000:00:1f.0: quirk: [io  0x1180-0x11bf] claimed by ICH6 GPIO
[    0.812593] pci 0000:00:1f.0: ICH7 LPC Generic IO decode 1 PIO at 1600 (mask 007f)
[    0.812689] pci 0000:00:1f.0: ICH7 LPC Generic IO decode 2 PIO at 15e0 (mask 000f)
[    0.812786] pci 0000:00:1f.0: ICH7 LPC Generic IO decode 3 PIO at 1680 (mask 001f)
[    0.813315] pci 0000:00:1f.1: [8086:27df] type 00 class 0x01018a
[    0.813427] pci 0000:00:1f.1: reg 0x10: [io  0x0000-0x0007]
[    0.813524] pci 0000:00:1f.1: reg 0x14: [io  0x0000-0x0003]
[    0.813620] pci 0000:00:1f.1: reg 0x18: [io  0x0000-0x0007]
[    0.813716] pci 0000:00:1f.1: reg 0x1c: [io  0x0000-0x0003]
[    0.813813] pci 0000:00:1f.1: reg 0x20: [io  0x1810-0x181f]
[    0.813927] pci 0000:00:1f.1: legacy IDE quirk: reg 0x10: [io  0x01f0-0x01f7]
[    0.814019] pci 0000:00:1f.1: legacy IDE quirk: reg 0x14: [io  0x03f6]
[    0.814108] pci 0000:00:1f.1: legacy IDE quirk: reg 0x18: [io  0x0170-0x0177]
[    0.814200] pci 0000:00:1f.1: legacy IDE quirk: reg 0x1c: [io  0x0376]
[    0.814690] pci 0000:00:1f.2: [8086:27c5] type 00 class 0x010601
[    0.814808] pci 0000:00:1f.2: reg 0x10: [io  0x18d0-0x18d7]
[    0.814905] pci 0000:00:1f.2: reg 0x14: [io  0x18c4-0x18c7]
[    0.815001] pci 0000:00:1f.2: reg 0x18: [io  0x18c8-0x18cf]
[    0.815098] pci 0000:00:1f.2: reg 0x1c: [io  0x18c0-0x18c3]
[    0.815194] pci 0000:00:1f.2: reg 0x20: [io  0x18b0-0x18bf]
[    0.815291] pci 0000:00:1f.2: reg 0x24: [mem 0xee444400-0xee4447ff]
[    0.815459] pci 0000:00:1f.2: PME# supported from D3hot
[    0.815958] pci 0000:00:1f.3: [8086:27da] type 00 class 0x0c0500
[    0.816138] pci 0000:00:1f.3: reg 0x20: [io  0x18e0-0x18ff]
[    0.816920] pci 0000:02:00.0: [8086:109a] type 00 class 0x020000
[    0.817128] pci 0000:02:00.0: reg 0x10: [mem 0xee000000-0xee01ffff]
[    0.817320] pci 0000:02:00.0: reg 0x18: [io  0x2000-0x201f]
[    0.817721] pci 0000:02:00.0: PME# supported from D0 D3hot D3cold
[    0.818216] pci 0000:00:1c.0: PCI bridge to [bus 02]
[    0.818302] pci 0000:00:1c.0:   bridge window [io  0x2000-0x2fff]
[    0.818392] pci 0000:00:1c.0:   bridge window [mem 0xee000000-0xee0fffff]
[    0.818743] pci 0000:03:00.0: [8086:4227] type 00 class 0x028000
[    0.818974] pci 0000:03:00.0: reg 0x10: [mem 0xedf00000-0xedf00fff]
[    0.819615] pci 0000:03:00.0: PME# supported from D0 D3hot D3cold
[    0.820180] pci 0000:00:1c.1: PCI bridge to [bus 03]
[    0.820248] pci 0000:00:1c.1:   bridge window [io  0x3000-0x4fff]
[    0.820339] pci 0000:00:1c.1:   bridge window [mem 0xec000000-0xedffffff]
[    0.820436] pci 0000:00:1c.1:   bridge window [mem 0xe4000000-0xe40fffff 64bit pref]
[    0.820679] pci 0000:00:1c.2: PCI bridge to [bus 04-0b]
[    0.820766] pci 0000:00:1c.2:   bridge window [io  0x5000-0x6fff]
[    0.820856] pci 0000:00:1c.2:   bridge window [mem 0xe8000000-0xe9ffffff]
[    0.820954] pci 0000:00:1c.2:   bridge window [mem 0xe4100000-0xe41fffff 64bit pref]
[    0.821187] pci 0000:00:1c.3: PCI bridge to [bus 0c-13]
[    0.821275] pci 0000:00:1c.3:   bridge window [io  0x7000-0x8fff]
[    0.821365] pci 0000:00:1c.3:   bridge window [mem 0xea000000-0xebffffff]
[    0.821463] pci 0000:00:1c.3:   bridge window [mem 0xe4200000-0xe42fffff 64bit pref]
[    0.821593] pci_bus 0000:15: extended config space not accessible
[    0.821793] pci 0000:15:00.0: [1180:0476] type 02 class 0x060700
[    0.821908] pci 0000:15:00.0: reg 0x10: [mem 0xe4300000-0xe4300fff]
[    0.822064] pci 0000:15:00.0: supports D1 D2
[    0.822142] pci 0000:15:00.0: PME# supported from D0 D1 D2 D3hot D3cold
[    0.822478] pci 0000:15:00.1: [1180:0552] type 00 class 0x0c0010
[    0.822590] pci 0000:15:00.1: reg 0x10: [mem 0xe4301000-0xe43017ff]
[    0.822820] pci 0000:15:00.1: PME# supported from D0 D3hot D3cold
[    0.823112] pci 0000:15:00.2: [1180:0822] type 00 class 0x080500
[    0.823224] pci 0000:15:00.2: reg 0x10: [mem 0xe4301800-0xe43018ff]
[    0.823456] pci 0000:15:00.2: supports D1 D2
[    0.823534] pci 0000:15:00.2: PME# supported from D0 D1 D2 D3hot D3cold
[    0.823887] pci 0000:00:1e.0: PCI bridge to [bus 15-18] (subtractive decode)
[    0.823984] pci 0000:00:1e.0:   bridge window [io  0x9000-0xcfff]
[    0.824075] pci 0000:00:1e.0:   bridge window [mem 0xe4300000-0xe7ffffff]
[    0.824172] pci 0000:00:1e.0:   bridge window [mem 0xe0000000-0xe3ffffff 64bit pref]
[    0.824246] pci 0000:00:1e.0:   bridge window [io  0x0000-0x0cf7 window] (subtractive decode)
[    0.824360] pci 0000:00:1e.0:   bridge window [io  0x0d00-0xffff window] (subtractive decode)
[    0.824473] pci 0000:00:1e.0:   bridge window [mem 0x000a0000-0x000bffff window] (subtractive decode)
[    0.824590] pci 0000:00:1e.0:   bridge window [mem 0x000d0000-0x000d3fff window] (subtractive decode)
[    0.824707] pci 0000:00:1e.0:   bridge window [mem 0x000d4000-0x000d7fff window] (subtractive decode)
[    0.824824] pci 0000:00:1e.0:   bridge window [mem 0x000d8000-0x000dbfff window] (subtractive decode)
[    0.825727] pci 0000:00:1e.0:   bridge window [mem 0xc0000000-0xfebfffff window] (subtractive decode)
[    0.825843] pci 0000:00:1e.0:   bridge window [mem 0xfed40000-0xfed40fff window] (subtractive decode)
[    0.826000] pci_bus 0000:16: extended config space not accessible
[    0.826186] pci_bus 0000:16: busn_res: [bus 16-18] end is updated to 17
[    0.826329] pci_bus 0000:00: on NUMA node 0
[    0.832563] ACPI: EC: interrupt unblocked
[    0.832677] ACPI: EC: event unblocked
[    0.832782] ACPI: \_SB_.PCI0.LPC_.EC__: GPE=0x1c, EC_CMD/EC_SC=0x66, EC_DATA=0x62
[    0.832878] ACPI: \_SB_.PCI0.LPC_.EC__: Boot DSDT EC used to handle transactions and events
[    0.833498] pci 0000:00:02.0: vgaarb: setting as boot VGA device
[    0.833586] pci 0000:00:02.0: vgaarb: VGA device added: decodes=io+mem,owns=io+mem,locks=none
[    0.833720] pci 0000:00:02.0: vgaarb: bridge control possible
[    0.833801] vgaarb: loaded
[    0.834464] SCSI subsystem initialized
[    0.834833] libata version 3.00 loaded.
[    0.835028] ACPI: bus type USB registered
[    0.835227] usbcore: registered new interface driver usbfs
[    0.835374] usbcore: registered new interface driver hub
[    0.835525] usbcore: registered new device driver usb
[    0.835726] media: Linux media interface: v0.10
[    0.835856] videodev: Linux video capture interface: v2.00
[    0.836009] pps_core: LinuxPPS API ver. 1 registered
[    0.836088] pps_core: Software ver. 5.3.6 - Copyright 2005-2007 Rodolfo Giometti <giometti@linux.it>
[    0.836256] PTP clock support registered
[    0.836994] EDAC MC: Ver: 3.0.0
[    0.837524] Advanced Linux Sound Architecture Driver Initialized.
[    0.837524] PCI: Using ACPI for IRQ routing
[    0.841250] PCI: pci_cache_line_size set to 64 bytes
[    0.841580] e820: reserve RAM buffer [mem 0x0009f000-0x0009ffff]
[    0.841586] e820: reserve RAM buffer [mem 0xbf6d0000-0xbfffffff]
[    0.842262] Bluetooth: Core ver 2.22
[    0.842400] NET: Registered protocol family 31
[    0.842476] Bluetooth: HCI device and connection manager initialized
[    0.842573] Bluetooth: HCI socket layer initialized
[    0.842654] Bluetooth: L2CAP socket layer initialized
[    0.842755] Bluetooth: SCO socket layer initialized
[    0.843398] clocksource: Switched to clocksource hpet
[    0.843852] pnp: PnP ACPI init
[    0.843890] system 00:00: [mem 0x00000000-0x0009ffff] could not be reserved
[    0.843990] system 00:00: [mem 0x000c0000-0x000c3fff] could not be reserved
[    0.844086] system 00:00: [mem 0x000c4000-0x000c7fff] could not be reserved
[    0.844180] system 00:00: [mem 0x000c8000-0x000cbfff] has been reserved
[    0.844289] system 00:00: [mem 0x000cc000-0x000cffff] has been reserved
[    0.844383] system 00:00: [mem 0x000dc000-0x000dffff] could not be reserved
[    0.844479] system 00:00: [mem 0x000e0000-0x000e3fff] could not be reserved
[    0.844574] system 00:00: [mem 0x000e4000-0x000e7fff] could not be reserved
[    0.844669] system 00:00: [mem 0x000e8000-0x000ebfff] could not be reserved
[    0.844765] system 00:00: [mem 0x000ec000-0x000effff] could not be reserved
[    0.844860] system 00:00: [mem 0x000f0000-0x000fffff] could not be reserved
[    0.844956] system 00:00: [mem 0x00100000-0xbfffffff] could not be reserved
[    0.845052] system 00:00: [mem 0xfec00000-0xfed3ffff] could not be reserved
[    0.845147] system 00:00: [mem 0xfed41000-0xffffffff] could not be reserved
[    0.845288] system 00:00: Plug and Play ACPI device, IDs PNP0c01 (active)
[    0.845779] system 00:01: [io  0x164e-0x164f] has been reserved
[    0.845870] system 00:01: [io  0x1000-0x107f] has been reserved
[    0.845959] system 00:01: [io  0x1180-0x11bf] has been reserved
[    0.846048] system 00:01: [io  0x0800-0x080f] has been reserved
[    0.846138] system 00:01: [io  0x15e0-0x15ef] has been reserved
[    0.846228] system 00:01: [io  0x1600-0x165f] could not be reserved
[    0.846319] system 00:01: [mem 0xf0000000-0xf3ffffff] has been reserved
[    0.846411] system 00:01: [mem 0xfed1c000-0xfed1ffff] has been reserved
[    0.846504] system 00:01: [mem 0xfed14000-0xfed17fff] has been reserved
[    0.846596] system 00:01: [mem 0xfed18000-0xfed18fff] has been reserved
[    0.846689] system 00:01: [mem 0xfed19000-0xfed19fff] has been reserved
[    0.846815] system 00:01: Plug and Play ACPI device, IDs PNP0c02 (active)
[    0.847119] pnp 00:02: Plug and Play ACPI device, IDs PNP0b00 (active)
[    0.847258] pnp 00:03: Plug and Play ACPI device, IDs PNP0303 (active)
[    0.847402] pnp 00:04: Plug and Play ACPI device, IDs IBM3780 PNP0f13 (active)
[    0.848159] pnp 00:05: [dma 3]
[    0.848382] pnp 00:05: Plug and Play ACPI device, IDs IBM0071 PNP0511 (active)
[    0.848618] pnp 00:06: Plug and Play ACPI device, IDs ATM1200 PNP0c31 (active)
[    0.850998] pnp: PnP ACPI: found 7 devices
[    0.897955] clocksource: acpi_pm: mask: 0xffffff max_cycles: 0xffffff, max_idle_ns: 2085701024 ns
[    0.898091] pci 0000:00:1c.0: bridge window [mem 0x00100000-0x000fffff 64bit pref] to [bus 02] add_size 200000 add_align 100000
[    0.898256] pci 0000:00:1c.0: BAR 9: assigned [mem 0xc0000000-0xc01fffff 64bit pref]
[    0.898352] pci 0000:00:1c.0: PCI bridge to [bus 02]
[    0.898433] pci 0000:00:1c.0:   bridge window [io  0x2000-0x2fff]
[    0.898523] pci 0000:00:1c.0:   bridge window [mem 0xee000000-0xee0fffff]
[    0.898614] pci 0000:00:1c.0:   bridge window [mem 0xc0000000-0xc01fffff 64bit pref]
[    0.898712] pci 0000:00:1c.1: PCI bridge to [bus 03]
[    0.898792] pci 0000:00:1c.1:   bridge window [io  0x3000-0x4fff]
[    0.898882] pci 0000:00:1c.1:   bridge window [mem 0xec000000-0xedffffff]
[    0.898973] pci 0000:00:1c.1:   bridge window [mem 0xe4000000-0xe40fffff 64bit pref]
[    0.899072] pci 0000:00:1c.2: PCI bridge to [bus 04-0b]
[    0.899153] pci 0000:00:1c.2:   bridge window [io  0x5000-0x6fff]
[    0.899242] pci 0000:00:1c.2:   bridge window [mem 0xe8000000-0xe9ffffff]
[    0.899333] pci 0000:00:1c.2:   bridge window [mem 0xe4100000-0xe41fffff 64bit pref]
[    0.899431] pci 0000:00:1c.3: PCI bridge to [bus 0c-13]
[    0.899512] pci 0000:00:1c.3:   bridge window [io  0x7000-0x8fff]
[    0.899602] pci 0000:00:1c.3:   bridge window [mem 0xea000000-0xebffffff]
[    0.899693] pci 0000:00:1c.3:   bridge window [mem 0xe4200000-0xe42fffff 64bit pref]
[    0.899803] pci 0000:15:00.0: BAR 9: assigned [mem 0xe0000000-0xe3ffffff pref]
[    0.899897] pci 0000:15:00.0: BAR 10: assigned [mem 0xc4000000-0xc7ffffff]
[    0.899986] pci 0000:15:00.0: BAR 7: assigned [io  0x9000-0x90ff]
[    0.900072] pci 0000:15:00.0: BAR 8: assigned [io  0x9400-0x94ff]
[    0.900164] pci 0000:15:00.0: CardBus bridge to [bus 16-17]
[    0.900261] pci 0000:15:00.0:   bridge window [io  0x9000-0x90ff]
[    0.900349] pci 0000:15:00.0:   bridge window [io  0x9400-0x94ff]
[    0.900436] pci 0000:15:00.0:   bridge window [mem 0xe0000000-0xe3ffffff pref]
[    0.900529] pci 0000:15:00.0:   bridge window [mem 0xc4000000-0xc7ffffff]
[    0.900620] pci 0000:00:1e.0: PCI bridge to [bus 15-18]
[    0.900702] pci 0000:00:1e.0:   bridge window [io  0x9000-0xcfff]
[    0.900791] pci 0000:00:1e.0:   bridge window [mem 0xe4300000-0xe7ffffff]
[    0.900881] pci 0000:00:1e.0:   bridge window [mem 0xe0000000-0xe3ffffff 64bit pref]
[    0.900982] pci_bus 0000:00: resource 4 [io  0x0000-0x0cf7 window]
[    0.901067] pci_bus 0000:00: resource 5 [io  0x0d00-0xffff window]
[    0.901151] pci_bus 0000:00: resource 6 [mem 0x000a0000-0x000bffff window]
[    0.901239] pci_bus 0000:00: resource 7 [mem 0x000d0000-0x000d3fff window]
[    0.901326] pci_bus 0000:00: resource 8 [mem 0x000d4000-0x000d7fff window]
[    0.901414] pci_bus 0000:00: resource 9 [mem 0x000d8000-0x000dbfff window]
[    0.901503] pci_bus 0000:00: resource 10 [mem 0xc0000000-0xfebfffff window]
[    0.901591] pci_bus 0000:00: resource 11 [mem 0xfed40000-0xfed40fff window]
[    0.901679] pci_bus 0000:02: resource 0 [io  0x2000-0x2fff]
[    0.901761] pci_bus 0000:02: resource 1 [mem 0xee000000-0xee0fffff]
[    0.901845] pci_bus 0000:02: resource 2 [mem 0xc0000000-0xc01fffff 64bit pref]
[    0.901935] pci_bus 0000:03: resource 0 [io  0x3000-0x4fff]
[    0.902017] pci_bus 0000:03: resource 1 [mem 0xec000000-0xedffffff]
[    0.902101] pci_bus 0000:03: resource 2 [mem 0xe4000000-0xe40fffff 64bit pref]
[    0.902190] pci_bus 0000:04: resource 0 [io  0x5000-0x6fff]
[    0.902272] pci_bus 0000:04: resource 1 [mem 0xe8000000-0xe9ffffff]
[    0.902357] pci_bus 0000:04: resource 2 [mem 0xe4100000-0xe41fffff 64bit pref]
[    0.902446] pci_bus 0000:0c: resource 0 [io  0x7000-0x8fff]
[    0.902528] pci_bus 0000:0c: resource 1 [mem 0xea000000-0xebffffff]
[    0.902612] pci_bus 0000:0c: resource 2 [mem 0xe4200000-0xe42fffff 64bit pref]
[    0.902702] pci_bus 0000:15: resource 0 [io  0x9000-0xcfff]
[    0.902783] pci_bus 0000:15: resource 1 [mem 0xe4300000-0xe7ffffff]
[    0.902868] pci_bus 0000:15: resource 2 [mem 0xe0000000-0xe3ffffff 64bit pref]
[    0.902957] pci_bus 0000:15: resource 4 [io  0x0000-0x0cf7 window]
[    0.903041] pci_bus 0000:15: resource 5 [io  0x0d00-0xffff window]
[    0.903126] pci_bus 0000:15: resource 6 [mem 0x000a0000-0x000bffff window]
[    0.903213] pci_bus 0000:15: resource 7 [mem 0x000d0000-0x000d3fff window]
[    0.903301] pci_bus 0000:15: resource 8 [mem 0x000d4000-0x000d7fff window]
[    0.903388] pci_bus 0000:15: resource 9 [mem 0x000d8000-0x000dbfff window]
[    0.903476] pci_bus 0000:15: resource 10 [mem 0xc0000000-0xfebfffff window]
[    0.903564] pci_bus 0000:15: resource 11 [mem 0xfed40000-0xfed40fff window]
[    0.903652] pci_bus 0000:16: resource 0 [io  0x9000-0x90ff]
[    0.903734] pci_bus 0000:16: resource 1 [io  0x9400-0x94ff]
[    0.903815] pci_bus 0000:16: resource 2 [mem 0xe0000000-0xe3ffffff pref]
[    0.903902] pci_bus 0000:16: resource 3 [mem 0xc4000000-0xc7ffffff]
[    0.904472] NET: Registered protocol family 2
[    0.905091] tcp_listen_portaddr_hash hash table entries: 512 (order: 2, 20480 bytes)
[    0.905235] TCP established hash table entries: 8192 (order: 3, 32768 bytes)
[    0.905388] TCP bind hash table entries: 8192 (order: 6, 294912 bytes)
[    0.905932] TCP: Hash tables configured (established 8192 bind 8192)
[    0.906346] UDP hash table entries: 512 (order: 3, 40960 bytes)
[    0.906505] UDP-Lite hash table entries: 512 (order: 3, 40960 bytes)
[    0.906794] NET: Registered protocol family 1
[    0.907541] RPC: Registered named UNIX socket transport module.
[    0.907628] RPC: Registered udp transport module.
[    0.907707] RPC: Registered tcp transport module.
[    0.907786] RPC: Registered tcp NFSv4.1 backchannel transport module.
[    0.908428] pci 0000:00:02.0: Video device with shadowed ROM at [mem 0x000c0000-0x000dffff]
[    0.912696] pci 0000:15:00.0: CLS mismatch (64 != 32), using 64 bytes
[    0.912910] PCI-DMA: Using software bounce buffering for IO (SWIOTLB)
[    0.912996] software IO TLB: mapped [mem 0x31d00000-0x35d00000] (64MB)
[    0.915687] Initialise system trusted keyrings
[    0.916141] workingset: timestamp_bits=30 max_order=20 bucket_order=0
[    0.918206] Installing knfsd (copyright (C) 1996 okir@monad.swb.de).
[    0.918700] ntfs: driver 2.1.32 [Flags: R/W].
[    0.919011] fuse: init (API version 7.30)
[    0.919777] NET: Registered protocol family 38
[    0.919874] Key type asymmetric registered
[    0.919959] Asymmetric key parser 'x509' registered
[    0.920167] bounce: pool size: 64 pages
[    0.920405] Block layer SCSI generic (bsg) driver version 0.4 loaded (major 249)
[    0.920507] io scheduler mq-deadline registered
[    0.920626] io scheduler bfq registered
[    0.923680] intel_idle: does not run on family 6 model 14
[    0.924125] ACPI: Deprecated procfs I/F for AC is loaded, please retry with CONFIG_ACPI_PROCFS_POWER cleared
[    0.924427] ACPI: AC Adapter [AC] (on-line)
[    0.924832] input: Lid Switch as /devices/LNXSYSTM:00/LNXSYBUS:00/PNP0C0D:00/input/input0
[    0.925119] ACPI: Lid Switch [LID]
[    0.925404] input: Sleep Button as /devices/LNXSYSTM:00/LNXSYBUS:00/PNP0C0E:00/input/input1
[    0.925573] ACPI: Sleep Button [SLPB]
[    0.925881] input: Power Button as /devices/LNXSYSTM:00/LNXPWRBN:00/input/input2
[    0.926030] ACPI: Power Button [PWRF]
[    0.926546] ACPI: Video Device [VID] (multi-head: yes  rom: no  post: no)
[    0.934237] acpi device:01: registered as cooling_device0
[    0.934704] input: Video Bus as /devices/LNXSYSTM:00/LNXSYBUS:00/PNP0A08:00/LNXVIDEO:00/input/input3
[    0.951606] thermal LNXTHERM:00: registered as thermal_zone0
[    0.951695] ACPI: Thermal Zone [THM0] (43 C)
[    0.955545] thermal LNXTHERM:01: registered as thermal_zone1
[    0.955631] ACPI: Thermal Zone [THM1] (41 C)
[    0.956463] Serial: 8250/16550 driver, 4 ports, IRQ sharing disabled
[    0.957282] serial8250: ttyS1 at I/O 0x2f8 (irq = 3, base_baud = 921600) is a NS16550A
[    0.959621] lp: driver loaded but no devices found
[    0.960781] Non-volatile memory driver v1.3
[    0.961228] intel_rng: FWH not detected
[    0.961417] Linux agpgart interface v0.103
[    0.962206] [drm] radeon kernel modesetting enabled.
[    0.963602] pci 0000:00:00.0: Intel 945GM Chipset
[    0.963754] pci 0000:00:00.0: detected gtt size: 262144K total, 262144K mappable
[    0.964593] pci 0000:00:00.0: detected 8192K stolen memory
[    0.964827] i915 0000:00:02.0: vgaarb: deactivate vga console
[    0.966181] Console: switching to colour dummy device 80x25
[    0.967987] [drm] Supports vblank timestamp caching Rev 2 (21.10.2013).
[    0.968024] [drm] Driver supports precise vblank timestamp query.
[    0.968072] resource sanity check: requesting [mem 0x000c0000-0x000dffff], which spans more than pnp 00:00 [mem 0x000c8000-0x000cbfff]
[    0.968140] caller pci_map_rom+0x75/0x1d0 mapping multiple BARs
[    0.969878] i915 0000:00:02.0: vgaarb: changed VGA decodes: olddecodes=io+mem,decodes=io+mem:owns=io+mem
[    0.991637] battery: ACPI: Deprecated procfs I/F for battery is loaded, please retry with CONFIG_ACPI_PROCFS_POWER cleared
[    0.991717] battery: ACPI: Battery Slot [BAT0] (battery present)
[    1.028324] random: fast init done
[    1.060369] [drm] RC6 disabled, disabling runtime PM support
[    1.060680] [drm] Initialized overlay support.
[    1.062352] [drm] Initialized i915 1.6.0 20190417 for 0000:00:02.0 on minor 0
[    1.063379] usbcore: registered new interface driver udl
[    1.076464] loop: module loaded
[    1.086836] fbcon: i915drmfb (fb0) is primary device
[    1.101510] ahci 0000:00:1f.2: version 3.0
[    1.102298] ahci 0000:00:1f.2: AHCI 0001.0100 32 slots 4 ports 1.5 Gbps 0x1 impl SATA mode
[    1.102303] ahci 0000:00:1f.2: flags: 64bit ncq pm led clo pio slum part 
[    1.104803] scsi host0: ahci
[    1.105530] scsi host1: ahci
[    1.106181] scsi host2: ahci
[    1.106796] scsi host3: ahci
[    1.107165] ata1: SATA max UDMA/133 abar m1024@0xee444400 port 0xee444500 irq 16
[    1.107168] ata2: DUMMY
[    1.107170] ata3: DUMMY
[    1.107172] ata4: DUMMY
[    1.107352] ata_piix 0000:00:1f.1: version 2.13
[    1.110490] scsi host4: ata_piix
[    1.111615] scsi host5: ata_piix
[    1.111843] ata5: PATA max UDMA/100 cmd 0x1f0 ctl 0x3f6 bmdma 0x1810 irq 14
[    1.111845] ata6: PATA max UDMA/100 cmd 0x170 ctl 0x376 bmdma 0x1818 irq 15
[    1.113172] tun: Universal TUN/TAP device driver, 1.6
[    1.113707] e1000e: Intel(R) PRO/1000 Network Driver - 3.2.6-k
[    1.113709] e1000e: Copyright(c) 1999 - 2015 Intel Corporation.
[    1.113821] e1000e 0000:02:00.0: Disabling ASPM  L1
[    1.113825] e1000e 0000:02:00.0: can't disable ASPM; OS doesn't have ASPM control
[    1.114244] e1000e 0000:02:00.0: Interrupt Throttling Rate (ints/sec) set to dynamic conservative mode
[    1.114570] ata6: port disabled--ignoring
[    1.245148] e1000e 0000:02:00.0 eth0: (PCI Express:2.5GT/s:Width x1) 00:16:d3:25:19:04
[    1.245152] e1000e 0000:02:00.0 eth0: Intel(R) PRO/1000 Network Connection
[    1.245230] e1000e 0000:02:00.0 eth0: MAC: 2, PHY: 2, PBA No: 005302-003
[    1.245495] PPP generic driver version 2.4.2
[    1.245763] PPP BSD Compression module registered
[    1.245766] PPP Deflate Compression module registered
[    1.245769] SLIP: version 0.8.4-NET3.019-NEWTTY (dynamic channels, max=256).
[    1.245770] CSLIP: code copyright 1989 Regents of the University of California.
[    1.245857] iwl3945: Intel(R) PRO/Wireless 3945ABG/BG Network Connection driver for Linux, in-tree:ds
[    1.245858] iwl3945: Copyright(c) 2003-2011 Intel Corporation
[    1.245860] iwl3945: hw_scan is disabled
[    1.246073] iwl3945 0000:03:00.0: can't disable ASPM; OS doesn't have ASPM control
[    1.301026] iwl3945 0000:03:00.0: Tunable channels: 11 802.11bg, 13 802.11a channels
[    1.301030] iwl3945 0000:03:00.0: Detected Intel Wireless WiFi Link 3945ABG
[    1.301935] ieee80211 phy0: Selected rate control algorithm 'iwl-3945-rs'
[    1.302876] Intel(R) Wireless WiFi driver for Linux
[    1.302878] Copyright(c) 2003- 2015 Intel Corporation
[    1.303134] usbcore: registered new interface driver ax88179_178a
[    1.303181] usbcore: registered new interface driver cdc_ether
[    1.303223] usbcore: registered new interface driver net1080
[    1.303264] usbcore: registered new interface driver cdc_subset
[    1.303311] usbcore: registered new interface driver zaurus
[    1.303365] usbcore: registered new interface driver cdc_ncm
[    1.303448] pci 0000:00:1e.0: enabling device (0005 -> 0007)
[    1.303688] yenta_cardbus 0000:15:00.0: CardBus bridge found [17aa:201c]
[    1.424395] ata1: SATA link up 1.5 Gbps (SStatus 113 SControl 300)
[    1.494037] ata1.00: ACPI cmd ef/02:00:00:00:00:a0 (SET FEATURES) succeeded
[    1.494041] ata1.00: ACPI cmd f5/00:00:00:00:00:a0 (SECURITY FREEZE LOCK) filtered out
[    1.494045] ata1.00: ACPI cmd ef/10:03:00:00:00:a0 (SET FEATURES) filtered out
[    1.537966] ata1.00: ATA-9: ST1000LM014-1EJ164, SM11, max UDMA/133
[    1.537970] ata1.00: 1953525168 sectors, multi 16: LBA48 NCQ (depth 32), AA
[    1.582570] ata1.00: ACPI cmd ef/02:00:00:00:00:a0 (SET FEATURES) succeeded
[    1.582574] ata1.00: ACPI cmd f5/00:00:00:00:00:a0 (SECURITY FREEZE LOCK) filtered out
[    1.582578] ata1.00: ACPI cmd ef/10:03:00:00:00:a0 (SET FEATURES) filtered out
[    1.626714] ata1.00: configured for UDMA/133
[    1.827661] Console: switching to colour frame buffer device 102x42
[    1.949498] i915 0000:00:02.0: fb0: i915drmfb frame buffer device
[    1.952853] scsi 0:0:0:0: Direct-Access     ATA      ST1000LM014-1EJ1 SM11 PQ: 0 ANSI: 5
[    1.956561] sd 0:0:0:0: [sda] 1953525168 512-byte logical blocks: (1.00 TB/932 GiB)
[    1.956640] sd 0:0:0:0: Attached scsi generic sg0 type 0
[    1.959123] sd 0:0:0:0: [sda] 4096-byte physical blocks
[    1.964277] sd 0:0:0:0: [sda] Write Protect is off
[    1.966746] sd 0:0:0:0: [sda] Mode Sense: 00 3a 00 00
[    1.966912] sd 0:0:0:0: [sda] Write cache: enabled, read cache: enabled, doesn't support DPO or FUA
[    1.971581]  sda: sda1 sda2 sda3 sda4
[    1.977478] sd 0:0:0:0: [sda] Attached SCSI disk
[    2.113359] yenta_cardbus 0000:15:00.0: ISA IRQ mask 0x0cb8, PCI irq 16
[    2.115943] yenta_cardbus 0000:15:00.0: Socket status: 30000006
[    2.118527] yenta_cardbus 0000:15:00.0: pcmcia: parent PCI bridge window: [io  0x9000-0xcfff]
[    2.121079] yenta_cardbus 0000:15:00.0: pcmcia: parent PCI bridge window: [mem 0xe4300000-0xe7ffffff]
[    2.123551] pcmcia_socket pcmcia_socket0: cs: memory probe 0xe4300000-0xe7ffffff:
[    2.126078]  excluding 0xe4300000-0xe46cffff
[    2.128595] yenta_cardbus 0000:15:00.0: pcmcia: parent PCI bridge window: [mem 0xe0000000-0xe3ffffff 64bit pref]
[    2.131214] pcmcia_socket pcmcia_socket0: cs: memory probe 0xe0000000-0xe3ffffff:
[    2.134210]  excluding 0xe0000000-0xe3ffffff
[    2.137860] ehci_hcd: USB 2.0 'Enhanced' Host Controller (EHCI) Driver
[    2.140536] ehci-pci: EHCI PCI platform driver
[    2.143684] ehci-pci 0000:00:1d.7: EHCI Host Controller
[    2.146675] ehci-pci 0000:00:1d.7: new USB bus registered, assigned bus number 1
[    2.149514] ehci-pci 0000:00:1d.7: debug port 1
[    2.156280] ehci-pci 0000:00:1d.7: cache line size of 64 is not supported
[    2.159162] ehci-pci 0000:00:1d.7: irq 19, io mem 0xee444000
[    2.176322] ehci-pci 0000:00:1d.7: USB 2.0 started, EHCI 1.00
[    2.179744] usb usb1: New USB device found, idVendor=1d6b, idProduct=0002, bcdDevice= 5.01
[    2.182708] usb usb1: New USB device strings: Mfr=3, Product=2, SerialNumber=1
[    2.185619] usb usb1: Product: EHCI Host Controller
[    2.188466] usb usb1: Manufacturer: Linux 5.1.0-next-20190520 ehci_hcd
[    2.191336] usb usb1: SerialNumber: 0000:00:1d.7
[    2.194889] hub 1-0:1.0: USB hub found
[    2.197816] hub 1-0:1.0: 8 ports detected
[    2.202614] ohci_hcd: USB 1.1 'Open' Host Controller (OHCI) Driver
[    2.205394] ohci-pci: OHCI PCI platform driver
[    2.208156] uhci_hcd: USB Universal Host Controller Interface driver
[    2.211444] uhci_hcd 0000:00:1d.0: UHCI Host Controller
[    2.214459] uhci_hcd 0000:00:1d.0: new USB bus registered, assigned bus number 2
[    2.217243] uhci_hcd 0000:00:1d.0: detected 2 ports
[    2.219931] uhci_hcd 0000:00:1d.0: irq 16, io base 0x00001820
[    2.223051] usb usb2: New USB device found, idVendor=1d6b, idProduct=0001, bcdDevice= 5.01
[    2.225854] usb usb2: New USB device strings: Mfr=3, Product=2, SerialNumber=1
[    2.228636] usb usb2: Product: UHCI Host Controller
[    2.231336] usb usb2: Manufacturer: Linux 5.1.0-next-20190520 uhci_hcd
[    2.234022] usb usb2: SerialNumber: 0000:00:1d.0
[    2.237268] hub 2-0:1.0: USB hub found
[    2.239982] hub 2-0:1.0: 2 ports detected
[    2.243700] uhci_hcd 0000:00:1d.1: UHCI Host Controller
[    2.246562] uhci_hcd 0000:00:1d.1: new USB bus registered, assigned bus number 3
[    2.249260] uhci_hcd 0000:00:1d.1: detected 2 ports
[    2.251837] uhci_hcd 0000:00:1d.1: irq 17, io base 0x00001840
[    2.254809] usb usb3: New USB device found, idVendor=1d6b, idProduct=0001, bcdDevice= 5.01
[    2.257399] usb usb3: New USB device strings: Mfr=3, Product=2, SerialNumber=1
[    2.259850] usb usb3: Product: UHCI Host Controller
[    2.262256] usb usb3: Manufacturer: Linux 5.1.0-next-20190520 uhci_hcd
[    2.264680] usb usb3: SerialNumber: 0000:00:1d.1
[    2.267656] hub 3-0:1.0: USB hub found
[    2.270156] hub 3-0:1.0: 2 ports detected
[    2.273687] uhci_hcd 0000:00:1d.2: UHCI Host Controller
[    2.276275] uhci_hcd 0000:00:1d.2: new USB bus registered, assigned bus number 4
[    2.278647] uhci_hcd 0000:00:1d.2: detected 2 ports
[    2.281042] uhci_hcd 0000:00:1d.2: irq 18, io base 0x00001860
[    2.283790] usb usb4: New USB device found, idVendor=1d6b, idProduct=0001, bcdDevice= 5.01
[    2.286209] usb usb4: New USB device strings: Mfr=3, Product=2, SerialNumber=1
[    2.288588] usb usb4: Product: UHCI Host Controller
[    2.290910] usb usb4: Manufacturer: Linux 5.1.0-next-20190520 uhci_hcd
[    2.293277] usb usb4: SerialNumber: 0000:00:1d.2
[    2.296210] hub 4-0:1.0: USB hub found
[    2.298653] hub 4-0:1.0: 2 ports detected
[    2.302118] uhci_hcd 0000:00:1d.3: UHCI Host Controller
[    2.304705] uhci_hcd 0000:00:1d.3: new USB bus registered, assigned bus number 5
[    2.307067] uhci_hcd 0000:00:1d.3: detected 2 ports
[    2.309480] uhci_hcd 0000:00:1d.3: irq 19, io base 0x00001880
[    2.312170] usb usb5: New USB device found, idVendor=1d6b, idProduct=0001, bcdDevice= 5.01
[    2.314592] usb usb5: New USB device strings: Mfr=3, Product=2, SerialNumber=1
[    2.316959] usb usb5: Product: UHCI Host Controller
[    2.319305] usb usb5: Manufacturer: Linux 5.1.0-next-20190520 uhci_hcd
[    2.321657] usb usb5: SerialNumber: 0000:00:1d.3
[    2.324568] hub 5-0:1.0: USB hub found
[    2.326929] hub 5-0:1.0: 2 ports detected
[    2.330131] usbcore: registered new interface driver cdc_acm
[    2.332374] cdc_acm: USB Abstract Control Model driver for USB modems and ISDN adapters
[    2.334739] usbcore: registered new interface driver usblp
[    2.337177] usbcore: registered new interface driver usb-storage
[    2.339521] usbcore: registered new interface driver ums-sddr09
[    2.341940] usbcore: registered new interface driver usbserial_generic
[    2.344230] usbserial: USB Serial support registered for generic
[    2.346563] usbcore: registered new interface driver ch341
[    2.348903] usbserial: USB Serial support registered for ch341-uart
[    2.351191] usbcore: registered new interface driver ftdi_sio
[    2.353453] usbserial: USB Serial support registered for FTDI USB Serial Device
[    2.355823] usbcore: registered new interface driver option
[    2.358138] usbserial: USB Serial support registered for GSM modem (1-port)
[    2.360606] usbcore: registered new interface driver pl2303
[    2.362990] usbserial: USB Serial support registered for pl2303
[    2.365429] usbcore: registered new interface driver ti_usb_3410_5052
[    2.367847] usbserial: USB Serial support registered for TI USB 3410 1 port adapter
[    2.370332] usbserial: USB Serial support registered for TI USB 5052 2 port adapter
[    2.372753] ftdi_elan: driver ftdi-elan
[    2.375123] usbcore: registered new interface driver ftdi-elan
[    2.377678] i8042: PNP: PS/2 Controller [PNP0303:KBD,PNP0f13:MOU] at 0x60,0x64 irq 1,12
[    2.390067] serio: i8042 KBD port at 0x60,0x64 irq 1
[    2.392519] serio: i8042 AUX port at 0x60,0x64 irq 12
[    2.395681] mousedev: PS/2 mouse device common for all mice
[    2.399236] input: PC Speaker as /devices/platform/pcspkr/input/input4
[    2.402326] rtc_cmos 00:02: RTC can wake from S4
[    2.405290] rtc_cmos 00:02: registered as rtc0
[    2.407848] rtc_cmos 00:02: alarms up to one month, y3k, 114 bytes nvram, hpet irqs
[    2.410506] usbcore: registered new interface driver uvcvideo
[    2.412998] USB Video Class driver (1.1.1)
[    2.415408] gspca_main: v2.14.0 registered
[    2.417873] usbcore: registered new interface driver sq930x
[    2.421518] device-mapper: ioctl: 4.40.0-ioctl (2019-01-18) initialised: dm-devel@redhat.com
[    2.424027] Bluetooth: HCI UART driver ver 2.3
[    2.426543] Bluetooth: HCI UART protocol H4 registered
[    2.429019] Bluetooth: HCI UART protocol BCSP registered
[    2.431667] usbcore: registered new interface driver btusb
[    2.431685] input: AT Translated Set 2 keyboard as /devices/platform/i8042/serio0/input/input5
[    2.434178] intel_pstate: CPU model not supported
[    2.439328] sdhci: Secure Digital Host Controller Interface driver
[    2.441913] sdhci: Copyright(c) Pierre Ossman
[    2.444543] sdhci-pci 0000:15:00.2: SDHCI controller found [1180:0822] (rev 18)
[    2.447552] sdhci-pci 0000:15:00.2: Will use DMA mode even though HW doesn't fully claim to support it.
[    2.450790] mmc0 bounce up to 128 segments into one, max segment size 65536 bytes
[    2.453731] sdhci-pci 0000:15:00.2: Will use DMA mode even though HW doesn't fully claim to support it.
[    2.457122] mmc0: SDHCI controller on PCI [0000:15:00.2] using DMA
[    2.460146] hidraw: raw HID events driver (C) Jiri Kosina
[    2.464299] usbcore: registered new interface driver usbhid
[    2.467096] usbhid: USB HID core driver
[    2.470697] thinkpad_acpi: ThinkPad ACPI Extras v0.26
[    2.473441] thinkpad_acpi: http://ibm-acpi.sf.net/
[    2.476121] thinkpad_acpi: ThinkPad BIOS 7BETD8WW (2.19 ), EC 7BHT40WW-1.13
[    2.478861] thinkpad_acpi: Lenovo ThinkPad X60, model 17097HU
[    2.487937] thinkpad_acpi: ACPI backlight control delay disabled
[    2.491299] thinkpad_acpi: radio switch found; radios are enabled
[    2.494045] thinkpad_acpi: This ThinkPad has standard ACPI backlight brightness control, supported by the ACPI video driver
[    2.499573] thinkpad_acpi: Disabling thinkpad-acpi brightness events by default...
[    2.513314] thinkpad_acpi: rfkill switch tpacpi_bluetooth_sw: radio is unblocked
[    2.513811] sdhci-pci 0000:15:00.2: Will use DMA mode even though HW doesn't fully claim to support it.
[    2.521630] thinkpad_acpi: warning: userspace override of important firmware LEDs is enabled
[    2.529610] thinkpad_acpi: Standard ACPI backlight interface available, not loading native one
[    2.532761] thinkpad_acpi: volume: disabled as there is no ALSA support in this kernel
[    2.536490] thinkpad_acpi: battery 1 registered (start 0, stop 0)
[    2.536505] battery: new extension: ThinkPad Battery Extension
[    2.542854] input: ThinkPad Extra Buttons as /devices/platform/thinkpad_acpi/input/input8
[    2.549985] snd_hda_intel 0000:00:1b.0: probe_mask set to 0x1 for device 17aa:2010
[    2.553858] usbcore: registered new interface driver snd-usb-audio
[    2.559113] NET: Registered protocol family 17
[    2.562340] Bluetooth: RFCOMM TTY layer initialized
[    2.565406] Bluetooth: RFCOMM socket layer initialized
[    2.568477] Bluetooth: RFCOMM ver 1.11
[    2.571487] Bluetooth: BNEP (Ethernet Emulation) ver 1.3
[    2.574512] Bluetooth: BNEP filters: protocol multicast
[    2.577480] Bluetooth: BNEP socket layer initialized
[    2.580378] Bluetooth: HIDP (Human Interface Emulation) ver 1.2
[    2.582741] snd_hda_codec_analog hdaudioC0D0: autoconfig for AD1981: line_outs=1 (0x5/0x0/0x0/0x0/0x0) type:speaker
[    2.583271] Bluetooth: HIDP socket layer initialized
[    2.583581] microcode: sig=0x6e8, pf=0x20, revision=0x39
[    2.589291] snd_hda_codec_analog hdaudioC0D0:    speaker_outs=0 (0x0/0x0/0x0/0x0/0x0)
[    2.595820] microcode: Microcode Update Driver: v2.2.
[    2.595826] Using IPI No-Shortcut mode
[    2.598167] snd_hda_codec_analog hdaudioC0D0:    hp_outs=0 (0x0/0x0/0x0/0x0/0x0)
[    2.598171] snd_hda_codec_analog hdaudioC0D0:    mono: mono_out=0x0
[    2.602051] Loading compiled-in X.509 certificates
[    2.603860] snd_hda_codec_analog hdaudioC0D0:    inputs:
[    2.603864] snd_hda_codec_analog hdaudioC0D0:      Mic=0x8
[    2.603868] snd_hda_codec_analog hdaudioC0D0:      CD=0x19
[    2.605103] sdhci-pci 0000:15:00.2: Will use DMA mode even though HW doesn't fully claim to support it.
[    2.608304] Key type encrypted registered
[    2.628016] rtc_cmos 00:02: setting system clock to 2019-05-21T07:19:42 UTC (1558423182)
[    2.634706] cfg80211: Loading compiled-in X.509 certificates for regulatory database
[    2.641993] cfg80211: Loaded X.509 cert 'sforshee: 00b28ddf47aef9cea7'
[    2.645336] platform regulatory.0: Direct firmware load for regulatory.db failed with error -2
[    2.648350] cfg80211: failed to load regulatory.db
[    2.675519] sdhci-pci 0000:15:00.2: Will use DMA mode even though HW doesn't fully claim to support it.
[    2.745228] PM: Image not found (code -22)
[    2.745266] ALSA device list:
[    2.750312]   #0: HDA Intel at 0xee240000 irq 17
[    2.752791] sdhci-pci 0000:15:00.2: Will use DMA mode even though HW doesn't fully claim to support it.
[    2.808356] usb 5-1: new full-speed USB device number 2 using uhci_hcd
[    2.997647] usb 5-1: New USB device found, idVendor=0a5c, idProduct=2110, bcdDevice= 1.00
[    3.003002] usb 5-1: New USB device strings: Mfr=1, Product=2, SerialNumber=0
[    3.008277] usb 5-1: Product: BCM2045B
[    3.013380] usb 5-1: Manufacturer: Broadcom Corp
[    3.102261] psmouse serio1: trackpoint: IBM TrackPoint firmware: 0x0e, buttons: 3/3
[    3.124955] input: TPPS/2 IBM TrackPoint as /devices/platform/i8042/serio1/input/input7
[    3.135145] md: Waiting for all devices to be available before autodetect
[    3.139237] md: If you don't use raid, use raid=noautodetect
[    3.144171] md: Autodetecting RAID arrays.
[    3.147307] md: autorun ...
[    3.150389] md: ... autorun DONE.
[    3.159589] EXT4-fs (sda4): mounted filesystem with ordered data mode. Opts: (null)
[    3.162772] VFS: Mounted root (ext4 filesystem) readonly on device 8:4.
[    3.166411] devtmpfs: mounted
[    3.170261] Freeing unused kernel image memory: 648K
[    3.188530] Write protecting kernel text and read-only data: 17328k
[    3.193789] NX-protecting the kernel data: 7988k
[    3.200409] x86/mm: Checked W+X mappings: passed, no W+X pages found.
[    3.204360] rodata_test: all tests were successful
[    3.208317] x86/mm: Checking user space page tables
[    3.212323] x86/mm: Checked W+X mappings: passed, no W+X pages found.
[    3.215634] Run /sbin/init as init process
[    3.460397] random: systemd: uninitialized urandom read (16 bytes read)
[    3.466268] systemd[1]: systemd 215 running in system mode. (+PAM +AUDIT +SELINUX +IMA +SYSVINIT +LIBCRYPTSETUP +GCRYPT +ACL +XZ -SECCOMP -APPARMOR)
[    3.492545] systemd[1]: Detected architecture 'x86'.
[    3.560483] systemd[1]: Failed to insert module 'ipv6'
[    3.570432] systemd[1]: Set hostname to <amd>.
[    3.732594] random: systemd-sysv-ge: uninitialized urandom read (16 bytes read)
[    3.888384] usb 5-2: new full-speed USB device number 3 using uhci_hcd
[    4.000208] random: systemd-sysv-ge: uninitialized urandom read (16 bytes read)
[    4.090667] usb 5-2: New USB device found, idVendor=0483, idProduct=2016, bcdDevice= 0.01
[    4.095775] usb 5-2: New USB device strings: Mfr=1, Product=2, SerialNumber=0
[    4.100729] usb 5-2: Product: Biometric Coprocessor
[    4.105562] usb 5-2: Manufacturer: STMicroelectronics
[    4.544953] systemd[1]: Binding to IPv6 address not available since kernel does not support IPv6.
[    4.548815] systemd[1]: [/lib/systemd/system/gpsd.socket:6] Failed to parse address value, ignoring: [::1]:2947
[    4.567105] systemd[1]: Starting Forward Password Requests to Wall Directory Watch.
[    4.571624] systemd[1]: Started Forward Password Requests to Wall Directory Watch.
[    4.574535] systemd[1]: Starting Remote File Systems (Pre).
[    4.583542] systemd[1]: Reached target Remote File Systems (Pre).
[    5.091855] systemd-udevd[2379]: starting version 215
[    6.067854] EXT4-fs (sda4): re-mounted. Opts: errors=remount-ro
[    6.316487] e1000e 0000:02:00.0 eth1: renamed from eth0
[    6.332799] systemd-udevd[2441]: renamed network interface eth0 to eth1
[    6.552274] random: crng init done
[    6.554910] random: 7 urandom warning(s) missed due to ratelimiting
[    7.755066] Adding 2097148k swap on /dev/sda1.  Priority:-2 extents:1 across:2097148k 
[    8.147343] EXT4-fs (sda2): mounted filesystem with ordered data mode. Opts: errors=remount-ro
[    8.255424] systemd-journald[1550]: Received request to flush runtime journal from PID 1
[   17.753964] iwl3945 0000:03:00.0: loaded firmware version 15.32.2.9
[   30.443469] wlan0: authenticate with 5c:f4:ab:10:d2:bb
[   30.443783] wlan0: send auth to 5c:f4:ab:10:d2:bb (try 1/3)
[   30.445718] wlan0: authenticated
[   30.448766] wlan0: associate with 5c:f4:ab:10:d2:bb (try 1/3)
[   30.451519] wlan0: RX AssocResp from 5c:f4:ab:10:d2:bb (capab=0x411 status=0 aid=1)
[   30.453619] wlan0: associated
