[    0.000000] Linux version 4.17.0-rc2-next-20180424 (pavel@amd) (gcc version 4.9.2 (Debian 4.9.2-10+deb8u1)) #126 SMP Wed Apr 25 10:15:45 CEST 2018
[    0.000000] Disabled fast string operations
[    0.000000] x86/fpu: x87 FPU will use FXSAVE
[    0.000000] e820: BIOS-provided physical RAM map:
[    0.000000] BIOS-e820: [mem 0x0000000000000000-0x000000000009efff] usable
[    0.000000] BIOS-e820: [mem 0x000000000009f000-0x000000000009ffff] reserved
[    0.000000] BIOS-e820: [mem 0x00000000000dc000-0x00000000000fffff] reserved
[    0.000000] BIOS-e820: [mem 0x0000000000100000-0x00000000bf6cffff] usable
[    0.000000] BIOS-e820: [mem 0x00000000bf6d0000-0x00000000bf6defff] ACPI data
[    0.000000] BIOS-e820: [mem 0x00000000bf6df000-0x00000000bf6fffff] ACPI NVS
[    0.000000] BIOS-e820: [mem 0x00000000bf700000-0x00000000bfffffff] reserved
[    0.000000] BIOS-e820: [mem 0x00000000f0000000-0x00000000f3ffffff] reserved
[    0.000000] BIOS-e820: [mem 0x00000000fec00000-0x00000000fec0ffff] reserved
[    0.000000] BIOS-e820: [mem 0x00000000fed00000-0x00000000fed003ff] reserved
[    0.000000] BIOS-e820: [mem 0x00000000fed14000-0x00000000fed19fff] reserved
[    0.000000] BIOS-e820: [mem 0x00000000fed1c000-0x00000000fed8ffff] reserved
[    0.000000] BIOS-e820: [mem 0x00000000fee00000-0x00000000fee00fff] reserved
[    0.000000] BIOS-e820: [mem 0x00000000ff800000-0x00000000ffffffff] reserved
[    0.000000] NX (Execute Disable) protection: active
[    0.000000] SMBIOS 2.4 present.
[    0.000000] DMI: LENOVO 17097HU/17097HU, BIOS 7BETD8WW (2.19 ) 03/31/2011
[    0.000000] e820: update [mem 0x00000000-0x00000fff] usable ==> reserved
[    0.000000] e820: remove [mem 0x000a0000-0x000fffff] usable
[    0.000000] e820: last_pfn = 0xbf6d0 max_arch_pfn = 0x1000000
[    0.000000] MTRR default type: uncachable
[    0.000000] MTRR fixed ranges enabled:
[    0.000000]   00000-9FFFF write-back
[    0.000000]   A0000-BFFFF uncachable
[    0.000000]   C0000-CFFFF write-protect
[    0.000000]   D0000-DBFFF uncachable
[    0.000000]   DC000-DFFFF write-back
[    0.000000]   E0000-FFFFF write-protect
[    0.000000] MTRR variable ranges enabled:
[    0.000000]   0 base 000000000 mask F80000000 write-back
[    0.000000]   1 base 080000000 mask FC0000000 write-back
[    0.000000]   2 base 0BF700000 mask FFFF00000 uncachable
[    0.000000]   3 base 0BF800000 mask FFF800000 uncachable
[    0.000000]   4 disabled
[    0.000000]   5 disabled
[    0.000000]   6 disabled
[    0.000000]   7 disabled
[    0.000000] x86/PAT: PAT not supported by CPU.
[    0.000000] x86/PAT: Configuration [0-7]: WB  WT  UC- UC  WB  WT  UC- UC  
[    0.000000] initial memory mapped: [mem 0x00000000-0x05dfffff]
[    0.000000] Base memory trampoline at [(ptrval)] 9b000 size 16384
[    0.000000] BRK [0x0580e000, 0x0580efff] PGTABLE
[    0.000000] BRK [0x0580f000, 0x0580ffff] PGTABLE
[    0.000000] ACPI: Early table checksum verification disabled
[    0.000000] ACPI: RSDP 0x00000000000F67C0 000024 (v02 LENOVO)
[    0.000000] ACPI: XSDT 0x00000000BF6D191C 000084 (v01 LENOVO TP-7B    00002190  LTP 00000000)
[    0.000000] ACPI: FACP 0x00000000BF6D1A00 0000F4 (v03 LENOVO TP-7B    00002190 LNVO 00000001)
[    0.000000] ACPI BIOS Warning (bug): 32/64X length mismatch in FADT/Gpe0Block: 64/32 (20180313/tbfadt-569)
[    0.000000] ACPI BIOS Warning (bug): Optional FADT field Gpe1Block has valid Address but zero Length: 0x000000000000102C/0x0 (20180313/tbfadt-624)
[    0.000000] ACPI: DSDT 0x00000000BF6D1D90 00CFB9 (v01 LENOVO TP-7B    00002190 MSFT 0100000E)
[    0.000000] ACPI: FACS 0x00000000BF6F4000 000040
[    0.000000] ACPI: FACS 0x00000000BF6F4000 000040
[    0.000000] ACPI: SSDT 0x00000000BF6D1BB4 0001DC (v01 LENOVO TP-7B    00002190 MSFT 0100000E)
[    0.000000] ACPI: ECDT 0x00000000BF6DED49 000052 (v01 LENOVO TP-7B    00002190 LNVO 00000001)
[    0.000000] ACPI: TCPA 0x00000000BF6DED9B 000032 (v02 LENOVO TP-7B    00002190 LNVO 00000001)
[    0.000000] ACPI: APIC 0x00000000BF6DEDCD 000068 (v01 LENOVO TP-7B    00002190 LNVO 00000001)
[    0.000000] ACPI: MCFG 0x00000000BF6DEE35 00003C (v01 LENOVO TP-7B    00002190 LNVO 00000001)
[    0.000000] ACPI: HPET 0x00000000BF6DEE71 000038 (v01 LENOVO TP-7B    00002190 LNVO 00000001)
[    0.000000] ACPI: BOOT 0x00000000BF6DEFD8 000028 (v01 LENOVO TP-7B    00002190  LTP 00000001)
[    0.000000] ACPI: SSDT 0x00000000BF6F2645 00025F (v01 LENOVO TP-7B    00002190 INTL 20050513)
[    0.000000] ACPI: SSDT 0x00000000BF6F28A4 0000A6 (v01 LENOVO TP-7B    00002190 INTL 20050513)
[    0.000000] ACPI: SSDT 0x00000000BF6F294A 0004F7 (v01 LENOVO TP-7B    00002190 INTL 20050513)
[    0.000000] ACPI: SSDT 0x00000000BF6F2E41 0001D8 (v01 LENOVO TP-7B    00002190 INTL 20050513)
[    0.000000] ACPI: Local APIC address 0xfee00000
[    0.000000] 2174MB HIGHMEM available.
[    0.000000] 887MB LOWMEM available.
[    0.000000]   mapped low ram: 0 - 377fe000
[    0.000000]   low ram: 0 - 377fe000
[    0.000000] tsc: Fast TSC calibration using PIT
[    0.000000] BRK [0x05810000, 0x05810fff] PGTABLE
[    0.000000] Zone ranges:
[    0.000000]   DMA      [mem 0x0000000000001000-0x0000000000ffffff]
[    0.000000]   Normal   [mem 0x0000000001000000-0x00000000377fdfff]
[    0.000000]   HighMem  [mem 0x00000000377fe000-0x00000000bf6cffff]
[    0.000000] Movable zone start for each node
[    0.000000] Early memory node ranges
[    0.000000]   node   0: [mem 0x0000000000001000-0x000000000009efff]
[    0.000000]   node   0: [mem 0x0000000000100000-0x00000000bf6cffff]
[    0.000000] Initmem setup node 0 [mem 0x0000000000001000-0x00000000bf6cffff]
[    0.000000] On node 0 totalpages: 783982
[    0.000000]   DMA zone: 32 pages used for memmap
[    0.000000]   DMA zone: 0 pages reserved
[    0.000000]   DMA zone: 3998 pages, LIFO batch:0
[    0.000000]   Normal zone: 1744 pages used for memmap
[    0.000000]   Normal zone: 223230 pages, LIFO batch:31
[    0.000000]   HighMem zone: 556754 pages, LIFO batch:31
[    0.000000] Reserved but unavailable: 98 pages
[    0.000000] Using APIC driver default
[    0.000000] Reserving Intel graphics memory at [mem 0xbf800000-0xbfffffff]
[    0.000000] ACPI: PM-Timer IO Port: 0x1008
[    0.000000] ACPI: Local APIC address 0xfee00000
[    0.000000] ACPI: LAPIC_NMI (acpi_id[0x00] high edge lint[0x1])
[    0.000000] ACPI: LAPIC_NMI (acpi_id[0x01] high edge lint[0x1])
[    0.000000] IOAPIC[0]: apic_id 1, version 32, address 0xfec00000, GSI 0-23
[    0.000000] ACPI: INT_SRC_OVR (bus 0 bus_irq 0 global_irq 2 dfl dfl)
[    0.000000] ACPI: INT_SRC_OVR (bus 0 bus_irq 9 global_irq 9 high level)
[    0.000000] ACPI: IRQ0 used by override.
[    0.000000] ACPI: IRQ9 used by override.
[    0.000000] Using ACPI (MADT) for SMP configuration information
[    0.000000] ACPI: HPET id: 0x8086a201 base: 0xfed00000
[    0.000000] smpboot: Allowing 2 CPUs, 0 hotplug CPUs
[    0.000000] PM: Registered nosave memory: [mem 0x00000000-0x00000fff]
[    0.000000] PM: Registered nosave memory: [mem 0x0009f000-0x0009ffff]
[    0.000000] PM: Registered nosave memory: [mem 0x000a0000-0x000dbfff]
[    0.000000] PM: Registered nosave memory: [mem 0x000dc000-0x000fffff]
[    0.000000] e820: [mem 0xc0000000-0xefffffff] available for PCI devices
[    0.000000] clocksource: refined-jiffies: mask: 0xffffffff max_cycles: 0xffffffff, max_idle_ns: 7645519600211568 ns
[    0.000000] random: get_random_bytes called from start_kernel+0x74/0x347 with crng_init=0
[    0.000000] setup_percpu: NR_CPUS:8 nr_cpumask_bits:8 nr_cpu_ids:2 nr_node_ids:1
[    0.000000] percpu: Embedded 28 pages/cpu @(ptrval) s85544 r0 d29144 u114688
[    0.000000] pcpu-alloc: s85544 r0 d29144 u114688 alloc=28*4096
[    0.000000] pcpu-alloc: [0] 0 [0] 1 
[    0.000000] Built 1 zonelists, mobility grouping on.  Total pages: 782206
[    0.000000] Kernel command line: BOOT_IMAGE=(hd0,2)/fast/l/linux-next-32/arch/x86/boot/bzImage root=/dev/sda4 resume=/dev/sda1
[    0.000000] Dentry cache hash table entries: 131072 (order: 7, 524288 bytes)
[    0.000000] Inode-cache hash table entries: 65536 (order: 6, 262144 bytes)
[    0.000000] Initializing CPU#0
[    0.000000] Initializing HighMem for node 0 (000377fe:000bf6d0)
[    0.000000] Initializing Movable for node 0 (00000000:00000000)
[    0.000000] Memory: 3085684K/3135928K available (12064K kernel code, 700K rwdata, 4740K rodata, 592K init, 6136K bss, 50244K reserved, 0K cma-reserved, 2227016K highmem)
[    0.000000] virtual kernel memory layout:
    fixmap  : 0xffe70000 - 0xfffff000   (1596 kB)
  cpu_entry : 0xffa00000 - 0xffb39000   (1252 kB)
    pkmap   : 0xff800000 - 0xffa00000   (2048 kB)
    vmalloc : 0xf7ffe000 - 0xff7fe000   ( 120 MB)
    lowmem  : 0xc0000000 - 0xf77fe000   ( 887 MB)
      .init : 0xc5141000 - 0xc51d5000   ( 592 kB)
      .data : 0xc4bc82b0 - 0xc511f380   (5468 kB)
      .text : 0xc4000000 - 0xc4bc82b0   (12064 kB)
[    0.000000] Checking if this processor honours the WP bit even in supervisor mode...Ok.
[    0.000000] Hierarchical RCU implementation.
[    0.000000] 	RCU restricting CPUs from NR_CPUS=8 to nr_cpu_ids=2.
[    0.000000] RCU: Adjusting geometry for rcu_fanout_leaf=16, nr_cpu_ids=2
[    0.000000] NR_IRQS: 2304, nr_irqs: 56, preallocated irqs: 16
[    0.000000] CPU 0 irqstacks, hard=(ptrval) soft=(ptrval)
[    0.000000] Console: colour VGA+ 80x25
[    0.000000] console [tty0] enabled
[    0.000000] Lock dependency validator: Copyright (c) 2006 Red Hat, Inc., Ingo Molnar
[    0.000000] ... MAX_LOCKDEP_SUBCLASSES:  8
[    0.000000] ... MAX_LOCK_DEPTH:          48
[    0.000000] ... MAX_LOCKDEP_KEYS:        8191
[    0.000000] ... CLASSHASH_SIZE:          4096
[    0.000000] ... MAX_LOCKDEP_ENTRIES:     32768
[    0.000000] ... MAX_LOCKDEP_CHAINS:      65536
[    0.000000] ... CHAINHASH_SIZE:          32768
[    0.000000]  memory used by lock dependency info: 4383 kB
[    0.000000]  per task-struct memory footprint: 1344 bytes
[    0.000000] ACPI: Core revision 20180313
[    0.000000] clocksource: hpet: mask: 0xffffffff max_cycles: 0xffffffff, max_idle_ns: 133484882848 ns
[    0.000000] hpet clockevent registered
[    0.000000] APIC: Switch to symmetric I/O mode setup
[    0.000000] Enabling APIC mode:  Flat.  Using 1 I/O APICs
[    0.000000] ..TIMER: vector=0x30 apic1=0 pin1=2 apic2=-1 pin2=-1
[    0.020000] tsc: Fast TSC calibration using PIT
[    0.024000] tsc: Detected 1828.802 MHz processor
[    0.024000] clocksource: tsc-early: mask: 0xffffffffffffffff max_cycles: 0x1a5c71c3b97, max_idle_ns: 440795214772 ns
[    0.024000] Calibrating delay loop (skipped), value calculated using timer frequency.. 3657.60 BogoMIPS (lpj=7315208)
[    0.024000] pid_max: default: 32768 minimum: 301
[    0.024000] Mount-cache hash table entries: 2048 (order: 1, 8192 bytes)
[    0.024000] Mountpoint-cache hash table entries: 2048 (order: 1, 8192 bytes)
[    0.024000] Disabled fast string operations
[    0.024000] CPU: Physical Processor ID: 0
[    0.024000] CPU: Processor Core ID: 0
[    0.024000] process: using mwait in idle threads
[    0.024000] Last level iTLB entries: 4KB 128, 2MB 0, 4MB 2
[    0.024000] Last level dTLB entries: 4KB 128, 2MB 0, 4MB 8, 1GB 0
[    0.024000] Spectre V2 : Mitigation: Full generic retpoline
[    0.024000] Spectre V2 : Spectre v2 mitigation: Filling RSB on context switch
[    0.024000] Freeing SMP alternatives memory: 44K
[    0.032000] smpboot: CPU0: Genuine Intel(R) CPU           T2400  @ 1.83GHz (family: 0x6, model: 0xe, stepping: 0x8)
[    0.032000] Performance Events: Core events, core PMU driver.
[    0.032000] ... version:                1
[    0.032000] ... bit width:              40
[    0.032000] ... generic registers:      2
[    0.032000] ... value mask:             000000ffffffffff
[    0.032000] ... max period:             000000007fffffff
[    0.032000] ... fixed-purpose events:   0
[    0.032000] ... event mask:             0000000000000003
[    0.032000] Hierarchical SRCU implementation.
[    0.032000] smp: Bringing up secondary CPUs ...
[    0.032142] NMI watchdog: Enabled. Permanently consumes one hw-PMU counter.
[    0.033124] CPU 1 irqstacks, hard=(ptrval) soft=(ptrval)
[    0.033128] x86: Booting SMP configuration:
[    0.033211] .... node  #0, CPUs:      #1
[    0.004000] Initializing CPU#1
[    0.004000] Disabled fast string operations
[    0.035678] TSC synchronization [CPU#0 -> CPU#1]:
[    0.035993] Measured 580085 cycles TSC warp between CPUs, turning off TSC clock.
[    0.036000] tsc: Marking TSC unstable due to check_tsc_sync_source failed
[    0.036125] smp: Brought up 1 node, 2 CPUs
[    0.036125] smpboot: Max logical packages: 1
[    0.036166] smpboot: Total of 2 processors activated (7315.20 BogoMIPS)
[    0.037854] devtmpfs: initialized
[    0.037854] PM: Registering ACPI NVS region [mem 0xbf6df000-0xbf6fffff] (135168 bytes)
[    0.040095] clocksource: jiffies: mask: 0xffffffff max_cycles: 0xffffffff, max_idle_ns: 7645041785100000 ns
[    0.040211] futex hash table entries: 512 (order: 3, 32768 bytes)
[    0.040979] NET: Registered protocol family 16
[    0.042863] cpuidle: using governor ladder
[    0.042909] cpuidle: using governor menu
[    0.042909] Simple Boot Flag at 0x35 set to 0x1
[    0.042909] ACPI FADT declares the system doesn't support PCIe ASPM, so disable it
[    0.042909] ACPI: bus type PCI registered
[    0.044039] PCI: MMCONFIG for domain 0000 [bus 00-3f] at [mem 0xf0000000-0xf3ffffff] (base 0xf0000000)
[    0.044129] PCI: MMCONFIG at [mem 0xf0000000-0xf3ffffff] reserved in E820
[    0.044129] PCI: Using MMCONFIG for extended config space
[    0.044946] PCI: Using configuration type 1 for base access
[    0.045416] mtrr: your CPUs had inconsistent variable MTRR settings
[    0.045503] mtrr: probably your BIOS does not setup all CPUs.
[    0.045585] mtrr: corrected configuration.
[    0.110172] ACPI: Added _OSI(Module Device)
[    0.110172] ACPI: Added _OSI(Processor Device)
[    0.110172] ACPI: Added _OSI(3.0 _SCP Extensions)
[    0.112014] ACPI: Added _OSI(Processor Aggregator Device)
[    0.112099] ACPI: Added _OSI(Linux-Dell-Video)
[    0.112196] ACPI: EC: EC started
[    0.112269] ACPI: EC: interrupt blocked
[    0.112398] ACPI: \: Used as first EC
[    0.112474] ACPI: \: GPE=0x1c, EC_CMD/EC_SC=0x66, EC_DATA=0x62
[    0.112560] ACPI: \: Used as boot ECDT EC to handle transactions
[    0.178509] ACPI: 6 ACPI AML tables successfully acquired and loaded
[    0.211084] ACPI: Dynamic OEM Table Load:
[    0.211180] ACPI: SSDT 0x00000000F4C75800 000240 (v01 PmRef  Cpu0Ist  00000100 INTL 20050513)
[    0.213008] ACPI: Dynamic OEM Table Load:
[    0.213103] ACPI: SSDT 0x00000000F4CD8000 00065A (v01 PmRef  Cpu0Cst  00000100 INTL 20050513)
[    0.216906] ACPI: Dynamic OEM Table Load:
[    0.217001] ACPI: SSDT 0x00000000F538F900 0000C8 (v01 PmRef  Cpu1Ist  00000100 INTL 20050513)
[    0.217902] ACPI: Dynamic OEM Table Load:
[    0.217995] ACPI: SSDT 0x00000000F4CB20C0 000085 (v01 PmRef  Cpu1Cst  00000100 INTL 20050513)
[    0.220289] ACPI: Interpreter enabled
[    0.220442] ACPI: (supports S0 S3 S4 S5)
[    0.220523] ACPI: Using IOAPIC for interrupt routing
[    0.220729] PCI: Using host bridge windows from ACPI; if necessary, use "pci=nocrs" and report a bug
[    0.221792] ACPI: Enabled 4 GPEs in block 00 to 1F
[    0.245088] ACPI: Power Resource [PUBS] (on)
[    0.246246] acpi PNP0C0A:01: ACPI dock station (docks/bays count: 1)
[    0.254104] acpi LNXIOBAY:00: ACPI dock station (docks/bays count: 2)
[    0.268023] acpi IBM0079:00: ACPI dock station (docks/bays count: 3)
[    0.270467] ACPI: PCI Interrupt Link [LNKA] (IRQs 3 4 5 6 7 9 10 *11)
[    0.271329] ACPI: PCI Interrupt Link [LNKB] (IRQs 3 4 5 6 7 9 10 *11)
[    0.272202] ACPI: PCI Interrupt Link [LNKC] (IRQs 3 4 5 6 7 9 10 *11)
[    0.273063] ACPI: PCI Interrupt Link [LNKD] (IRQs 3 4 5 6 7 9 10 *11)
[    0.273923] ACPI: PCI Interrupt Link [LNKE] (IRQs 3 4 5 6 7 9 10 *11)
[    0.274783] ACPI: PCI Interrupt Link [LNKF] (IRQs 3 4 5 6 7 9 10 *11)
[    0.275643] ACPI: PCI Interrupt Link [LNKG] (IRQs 3 4 5 6 7 9 10 *11)
[    0.276515] ACPI: PCI Interrupt Link [LNKH] (IRQs 3 4 5 6 7 9 10 *11)
[    0.277083] ACPI: PCI Root Bridge [PCI0] (domain 0000 [bus 00-ff])
[    0.277183] acpi PNP0A08:00: _OSC: OS supports [ExtendedConfig ASPM ClockPM Segments]
[    0.278224] acpi PNP0A08:00: _OSC: not requesting OS control; OS requires [ExtendedConfig ASPM ClockPM MSI]
[    0.278358] acpi PNP0A08:00: [Firmware Info]: MMCONFIG for domain 0000 [bus 00-3f] only partially covers this bridge
[    0.278741] PCI host bridge to bus 0000:00
[    0.278823] pci_bus 0000:00: root bus resource [io  0x0000-0x0cf7 window]
[    0.278916] pci_bus 0000:00: root bus resource [io  0x0d00-0xffff window]
[    0.279009] pci_bus 0000:00: root bus resource [mem 0x000a0000-0x000bffff window]
[    0.279106] pci_bus 0000:00: root bus resource [mem 0x000d0000-0x000d3fff window]
[    0.279202] pci_bus 0000:00: root bus resource [mem 0x000d4000-0x000d7fff window]
[    0.279298] pci_bus 0000:00: root bus resource [mem 0x000d8000-0x000dbfff window]
[    0.279395] pci_bus 0000:00: root bus resource [mem 0xc0000000-0xfebfffff window]
[    0.279491] pci_bus 0000:00: root bus resource [mem 0xfed40000-0xfed40fff window]
[    0.279589] pci_bus 0000:00: root bus resource [bus 00-ff]
[    0.279706] pci 0000:00:00.0: [8086:27a0] type 00 class 0x060000
[    0.280180] pci 0000:00:02.0: [8086:27a2] type 00 class 0x030000
[    0.280203] pci 0000:00:02.0: reg 0x10: [mem 0xee100000-0xee17ffff]
[    0.280214] pci 0000:00:02.0: reg 0x14: [io  0x1800-0x1807]
[    0.280225] pci 0000:00:02.0: reg 0x18: [mem 0xd0000000-0xdfffffff pref]
[    0.280236] pci 0000:00:02.0: reg 0x1c: [mem 0xee200000-0xee23ffff]
[    0.280703] pci 0000:00:02.1: [8086:27a6] type 00 class 0x038000
[    0.280723] pci 0000:00:02.1: reg 0x10: [mem 0xee180000-0xee1fffff]
[    0.281219] pci 0000:00:1b.0: [8086:27d8] type 00 class 0x040300
[    0.281264] pci 0000:00:1b.0: reg 0x10: [mem 0xee240000-0xee243fff 64bit]
[    0.281427] pci 0000:00:1b.0: PME# supported from D0 D3hot D3cold
[    0.281898] pci 0000:00:1c.0: [8086:27d0] type 01 class 0x060400
[    0.282075] pci 0000:00:1c.0: PME# supported from D0 D3hot D3cold
[    0.282526] pci 0000:00:1c.1: [8086:27d2] type 01 class 0x060400
[    0.282702] pci 0000:00:1c.1: PME# supported from D0 D3hot D3cold
[    0.283153] pci 0000:00:1c.2: [8086:27d4] type 01 class 0x060400
[    0.283330] pci 0000:00:1c.2: PME# supported from D0 D3hot D3cold
[    0.283778] pci 0000:00:1c.3: [8086:27d6] type 01 class 0x060400
[    0.283956] pci 0000:00:1c.3: PME# supported from D0 D3hot D3cold
[    0.284419] pci 0000:00:1d.0: [8086:27c8] type 00 class 0x0c0300
[    0.284499] pci 0000:00:1d.0: reg 0x20: [io  0x1820-0x183f]
[    0.284958] pci 0000:00:1d.1: [8086:27c9] type 00 class 0x0c0300
[    0.285037] pci 0000:00:1d.1: reg 0x20: [io  0x1840-0x185f]
[    0.285497] pci 0000:00:1d.2: [8086:27ca] type 00 class 0x0c0300
[    0.285576] pci 0000:00:1d.2: reg 0x20: [io  0x1860-0x187f]
[    0.286032] pci 0000:00:1d.3: [8086:27cb] type 00 class 0x0c0300
[    0.286111] pci 0000:00:1d.3: reg 0x20: [io  0x1880-0x189f]
[    0.286555] pci 0000:00:1d.7: [8086:27cc] type 00 class 0x0c0320
[    0.286592] pci 0000:00:1d.7: reg 0x10: [mem 0xee444000-0xee4443ff]
[    0.286734] pci 0000:00:1d.7: PME# supported from D0 D3hot D3cold
[    0.287161] pci 0000:00:1e.0: [8086:2448] type 01 class 0x060401
[    0.287687] pci 0000:00:1f.0: [8086:27b9] type 00 class 0x060100
[    0.287847] pci 0000:00:1f.0: quirk: [io  0x1000-0x107f] claimed by ICH6 ACPI/GPIO/TCO
[    0.287953] pci 0000:00:1f.0: quirk: [io  0x1180-0x11bf] claimed by ICH6 GPIO
[    0.288010] pci 0000:00:1f.0: ICH7 LPC Generic IO decode 1 PIO at 1600 (mask 007f)
[    0.288109] pci 0000:00:1f.0: ICH7 LPC Generic IO decode 2 PIO at 15e0 (mask 000f)
[    0.288208] pci 0000:00:1f.0: ICH7 LPC Generic IO decode 3 PIO at 1680 (mask 001f)
[    0.288744] pci 0000:00:1f.1: [8086:27df] type 00 class 0x01018a
[    0.288775] pci 0000:00:1f.1: reg 0x10: [io  0x0000-0x0007]
[    0.288791] pci 0000:00:1f.1: reg 0x14: [io  0x0000-0x0003]
[    0.288808] pci 0000:00:1f.1: reg 0x18: [io  0x0000-0x0007]
[    0.288824] pci 0000:00:1f.1: reg 0x1c: [io  0x0000-0x0003]
[    0.288841] pci 0000:00:1f.1: reg 0x20: [io  0x1810-0x181f]
[    0.288875] pci 0000:00:1f.1: legacy IDE quirk: reg 0x10: [io  0x01f0-0x01f7]
[    0.288970] pci 0000:00:1f.1: legacy IDE quirk: reg 0x14: [io  0x03f6]
[    0.289061] pci 0000:00:1f.1: legacy IDE quirk: reg 0x18: [io  0x0170-0x0177]
[    0.289155] pci 0000:00:1f.1: legacy IDE quirk: reg 0x1c: [io  0x0376]
[    0.289655] pci 0000:00:1f.2: [8086:27c5] type 00 class 0x010601
[    0.289691] pci 0000:00:1f.2: reg 0x10: [io  0x18d0-0x18d7]
[    0.289708] pci 0000:00:1f.2: reg 0x14: [io  0x18c4-0x18c7]
[    0.289724] pci 0000:00:1f.2: reg 0x18: [io  0x18c8-0x18cf]
[    0.289741] pci 0000:00:1f.2: reg 0x1c: [io  0x18c0-0x18c3]
[    0.289757] pci 0000:00:1f.2: reg 0x20: [io  0x18b0-0x18bf]
[    0.289774] pci 0000:00:1f.2: reg 0x24: [mem 0xee444400-0xee4447ff]
[    0.289858] pci 0000:00:1f.2: PME# supported from D3hot
[    0.290287] pci 0000:00:1f.3: [8086:27da] type 00 class 0x0c0500
[    0.290386] pci 0000:00:1f.3: reg 0x20: [io  0x18e0-0x18ff]
[    0.291071] pci 0000:02:00.0: [8086:109a] type 00 class 0x020000
[    0.291136] pci 0000:02:00.0: reg 0x10: [mem 0xee000000-0xee01ffff]
[    0.291184] pci 0000:02:00.0: reg 0x18: [io  0x2000-0x201f]
[    0.291436] pci 0000:02:00.0: PME# supported from D0 D3hot D3cold
[    0.291807] pci 0000:00:1c.0: PCI bridge to [bus 02]
[    0.291895] pci 0000:00:1c.0:   bridge window [io  0x2000-0x2fff]
[    0.291903] pci 0000:00:1c.0:   bridge window [mem 0xee000000-0xee0fffff]
[    0.292231] pci 0000:03:00.0: [8086:4227] type 00 class 0x028000
[    0.292340] pci 0000:03:00.0: reg 0x10: [mem 0xedf00000-0xedf00fff]
[    0.292847] pci 0000:03:00.0: PME# supported from D0 D3hot D3cold
[    0.293259] pci 0000:00:1c.1: PCI bridge to [bus 03]
[    0.293346] pci 0000:00:1c.1:   bridge window [io  0x3000-0x4fff]
[    0.293354] pci 0000:00:1c.1:   bridge window [mem 0xec000000-0xedffffff]
[    0.293365] pci 0000:00:1c.1:   bridge window [mem 0xe4000000-0xe40fffff 64bit pref]
[    0.293516] pci 0000:00:1c.2: PCI bridge to [bus 04-0b]
[    0.293606] pci 0000:00:1c.2:   bridge window [io  0x5000-0x6fff]
[    0.293614] pci 0000:00:1c.2:   bridge window [mem 0xe8000000-0xe9ffffff]
[    0.293625] pci 0000:00:1c.2:   bridge window [mem 0xe4100000-0xe41fffff 64bit pref]
[    0.293777] pci 0000:00:1c.3: PCI bridge to [bus 0c-13]
[    0.293866] pci 0000:00:1c.3:   bridge window [io  0x7000-0x8fff]
[    0.293874] pci 0000:00:1c.3:   bridge window [mem 0xea000000-0xebffffff]
[    0.293885] pci 0000:00:1c.3:   bridge window [mem 0xe4200000-0xe42fffff 64bit pref]
[    0.294034] pci 0000:15:00.0: [1180:0476] type 02 class 0x060700
[    0.294073] pci 0000:15:00.0: reg 0x10: [mem 0xe4300000-0xe4300fff]
[    0.294146] pci 0000:15:00.0: supports D1 D2
[    0.294151] pci 0000:15:00.0: PME# supported from D0 D1 D2 D3hot D3cold
[    0.294416] pci 0000:15:00.1: [1180:0552] type 00 class 0x0c0010
[    0.294451] pci 0000:15:00.1: reg 0x10: [mem 0xe4301000-0xe43017ff]
[    0.294599] pci 0000:15:00.1: PME# supported from D0 D3hot D3cold
[    0.294809] pci 0000:15:00.2: [1180:0822] type 00 class 0x080500
[    0.294844] pci 0000:15:00.2: reg 0x10: [mem 0xe4301800-0xe43018ff]
[    0.294990] pci 0000:15:00.2: supports D1 D2
[    0.294995] pci 0000:15:00.2: PME# supported from D0 D1 D2 D3hot D3cold
[    0.295270] pci 0000:00:1e.0: PCI bridge to [bus 15-18] (subtractive decode)
[    0.295368] pci 0000:00:1e.0:   bridge window [io  0x9000-0xcfff]
[    0.295377] pci 0000:00:1e.0:   bridge window [mem 0xe4300000-0xe7ffffff]
[    0.295389] pci 0000:00:1e.0:   bridge window [mem 0xe0000000-0xe3ffffff 64bit pref]
[    0.295394] pci 0000:00:1e.0:   bridge window [io  0x0000-0x0cf7 window] (subtractive decode)
[    0.295399] pci 0000:00:1e.0:   bridge window [io  0x0d00-0xffff window] (subtractive decode)
[    0.295404] pci 0000:00:1e.0:   bridge window [mem 0x000a0000-0x000bffff window] (subtractive decode)
[    0.295408] pci 0000:00:1e.0:   bridge window [mem 0x000d0000-0x000d3fff window] (subtractive decode)
[    0.295413] pci 0000:00:1e.0:   bridge window [mem 0x000d4000-0x000d7fff window] (subtractive decode)
[    0.295418] pci 0000:00:1e.0:   bridge window [mem 0x000d8000-0x000dbfff window] (subtractive decode)
[    0.295423] pci 0000:00:1e.0:   bridge window [mem 0xc0000000-0xfebfffff window] (subtractive decode)
[    0.295428] pci 0000:00:1e.0:   bridge window [mem 0xfed40000-0xfed40fff window] (subtractive decode)
[    0.295573] pci_bus 0000:16: busn_res: [bus 16-18] end is updated to 17
[    0.295630] pci_bus 0000:00: on NUMA node 0
[    0.301919] ACPI: EC: interrupt unblocked
[    0.302034] ACPI: EC: event unblocked
[    0.302144] ACPI: \_SB_.PCI0.LPC_.EC__: GPE=0x1c, EC_CMD/EC_SC=0x66, EC_DATA=0x62
[    0.302247] ACPI: \_SB_.PCI0.LPC_.EC__: Used as boot DSDT EC to handle transactions and events
[    0.303298] pci 0000:00:02.0: vgaarb: setting as boot VGA device
[    0.303393] pci 0000:00:02.0: vgaarb: VGA device added: decodes=io+mem,owns=io+mem,locks=none
[    0.303530] pci 0000:00:02.0: vgaarb: bridge control possible
[    0.303614] vgaarb: loaded
[    0.304244] SCSI subsystem initialized
[    0.304541] libata version 3.00 loaded.
[    0.304746] ACPI: bus type USB registered
[    0.304952] usbcore: registered new interface driver usbfs
[    0.305106] usbcore: registered new interface driver hub
[    0.305250] usbcore: registered new device driver usb
[    0.305442] media: Linux media interface: v0.10
[    0.305563] Linux video capture interface: v2.00
[    0.305701] pps_core: LinuxPPS API ver. 1 registered
[    0.305781] pps_core: Software ver. 5.3.6 - Copyright 2005-2007 Rodolfo Giometti <giometti@linux.it>
[    0.305930] PTP clock support registered
[    0.306479] EDAC MC: Ver: 3.0.0
[    0.307647] Advanced Linux Sound Architecture Driver Initialized.
[    0.307882] PCI: Using ACPI for IRQ routing
[    0.311021] PCI: pci_cache_line_size set to 64 bytes
[    0.311354] e820: reserve RAM buffer [mem 0x0009f000-0x0009ffff]
[    0.311361] e820: reserve RAM buffer [mem 0xbf6d0000-0xbfffffff]
[    0.312059] Bluetooth: Core ver 2.22
[    0.312202] NET: Registered protocol family 31
[    0.312280] Bluetooth: HCI device and connection manager initialized
[    0.312380] Bluetooth: HCI socket layer initialized
[    0.312462] Bluetooth: L2CAP socket layer initialized
[    0.312584] Bluetooth: SCO socket layer initialized
[    0.313156] clocksource: Switched to clocksource tsc-early
[    0.313598] pnp: PnP ACPI init
[    0.315608] system 00:00: [mem 0x00000000-0x0009ffff] could not be reserved
[    0.315709] system 00:00: [mem 0x000c0000-0x000c3fff] could not be reserved
[    0.315807] system 00:00: [mem 0x000c4000-0x000c7fff] could not be reserved
[    0.315903] system 00:00: [mem 0x000c8000-0x000cbfff] has been reserved
[    0.315996] system 00:00: [mem 0x000cc000-0x000cffff] has been reserved
[    0.316092] system 00:00: [mem 0x000dc000-0x000dffff] could not be reserved
[    0.316188] system 00:00: [mem 0x000e0000-0x000e3fff] could not be reserved
[    0.316285] system 00:00: [mem 0x000e4000-0x000e7fff] could not be reserved
[    0.316382] system 00:00: [mem 0x000e8000-0x000ebfff] could not be reserved
[    0.316480] system 00:00: [mem 0x000ec000-0x000effff] could not be reserved
[    0.316577] system 00:00: [mem 0x000f0000-0x000fffff] could not be reserved
[    0.316674] system 00:00: [mem 0x00100000-0xbfffffff] could not be reserved
[    0.316771] system 00:00: [mem 0xfec00000-0xfed3ffff] could not be reserved
[    0.316868] system 00:00: [mem 0xfed41000-0xffffffff] could not be reserved
[    0.317011] system 00:00: Plug and Play ACPI device, IDs PNP0c01 (active)
[    0.317506] system 00:01: [io  0x164e-0x164f] has been reserved
[    0.317600] system 00:01: [io  0x1000-0x107f] has been reserved
[    0.317690] system 00:01: [io  0x1180-0x11bf] has been reserved
[    0.317780] system 00:01: [io  0x0800-0x080f] has been reserved
[    0.317871] system 00:01: [io  0x15e0-0x15ef] has been reserved
[    0.317963] system 00:01: [io  0x1600-0x165f] could not be reserved
[    0.318055] system 00:01: [mem 0xf0000000-0xf3ffffff] has been reserved
[    0.318149] system 00:01: [mem 0xfed1c000-0xfed1ffff] has been reserved
[    0.318243] system 00:01: [mem 0xfed14000-0xfed17fff] has been reserved
[    0.318337] system 00:01: [mem 0xfed18000-0xfed18fff] has been reserved
[    0.318431] system 00:01: [mem 0xfed19000-0xfed19fff] has been reserved
[    0.318558] system 00:01: Plug and Play ACPI device, IDs PNP0c02 (active)
[    0.318995] pnp 00:02: Plug and Play ACPI device, IDs PNP0b00 (active)
[    0.319302] pnp 00:03: Plug and Play ACPI device, IDs PNP0303 (active)
[    0.319508] pnp 00:04: Plug and Play ACPI device, IDs IBM3780 PNP0f13 (active)
[    0.319971] pnp 00:05: [dma 3]
[    0.320183] pnp 00:05: Plug and Play ACPI device, IDs IBM0071 PNP0511 (active)
[    0.320618] pnp 00:06: Plug and Play ACPI device, IDs ATM1200 PNP0c31 (active)
[    0.322802] pnp: PnP ACPI: found 7 devices
[    0.369736] clocksource: acpi_pm: mask: 0xffffff max_cycles: 0xffffff, max_idle_ns: 2085701024 ns
[    0.369883] pci 0000:00:1c.0: bridge window [mem 0x00100000-0x000fffff 64bit pref] to [bus 02] add_size 200000 add_align 100000
[    0.369968] pci 0000:00:1c.0: BAR 9: assigned [mem 0xc0000000-0xc01fffff 64bit pref]
[    0.370066] pci 0000:00:1c.0: PCI bridge to [bus 02]
[    0.370149] pci 0000:00:1c.0:   bridge window [io  0x2000-0x2fff]
[    0.370239] pci 0000:00:1c.0:   bridge window [mem 0xee000000-0xee0fffff]
[    0.370332] pci 0000:00:1c.0:   bridge window [mem 0xc0000000-0xc01fffff 64bit pref]
[    0.370432] pci 0000:00:1c.1: PCI bridge to [bus 03]
[    0.370514] pci 0000:00:1c.1:   bridge window [io  0x3000-0x4fff]
[    0.370605] pci 0000:00:1c.1:   bridge window [mem 0xec000000-0xedffffff]
[    0.370698] pci 0000:00:1c.1:   bridge window [mem 0xe4000000-0xe40fffff 64bit pref]
[    0.370798] pci 0000:00:1c.2: PCI bridge to [bus 04-0b]
[    0.370890] pci 0000:00:1c.2:   bridge window [io  0x5000-0x6fff]
[    0.370981] pci 0000:00:1c.2:   bridge window [mem 0xe8000000-0xe9ffffff]
[    0.371074] pci 0000:00:1c.2:   bridge window [mem 0xe4100000-0xe41fffff 64bit pref]
[    0.371426] pci 0000:00:1c.3: PCI bridge to [bus 0c-13]
[    0.371426] pci 0000:00:1c.3:   bridge window [io  0x7000-0x8fff]
[    0.371426] pci 0000:00:1c.3:   bridge window [mem 0xea000000-0xebffffff]
[    0.371441] pci 0000:00:1c.3:   bridge window [mem 0xe4200000-0xe42fffff 64bit pref]
[    0.371553] pci 0000:15:00.0: BAR 9: assigned [mem 0xe0000000-0xe3ffffff pref]
[    0.371650] pci 0000:15:00.0: BAR 10: assigned [mem 0xc4000000-0xc7ffffff]
[    0.371740] pci 0000:15:00.0: BAR 7: assigned [io  0x9000-0x90ff]
[    0.371826] pci 0000:15:00.0: BAR 8: assigned [io  0x9400-0x94ff]
[    0.371920] pci 0000:15:00.0: CardBus bridge to [bus 16-17]
[    0.372003] pci 0000:15:00.0:   bridge window [io  0x9000-0x90ff]
[    0.372092] pci 0000:15:00.0:   bridge window [io  0x9400-0x94ff]
[    0.372181] pci 0000:15:00.0:   bridge window [mem 0xe0000000-0xe3ffffff pref]
[    0.372275] pci 0000:15:00.0:   bridge window [mem 0xc4000000-0xc7ffffff]
[    0.372368] pci 0000:00:1e.0: PCI bridge to [bus 15-18]
[    0.372451] pci 0000:00:1e.0:   bridge window [io  0x9000-0xcfff]
[    0.372542] pci 0000:00:1e.0:   bridge window [mem 0xe4300000-0xe7ffffff]
[    0.372635] pci 0000:00:1e.0:   bridge window [mem 0xe0000000-0xe3ffffff 64bit pref]
[    0.372736] pci_bus 0000:00: resource 4 [io  0x0000-0x0cf7 window]
[    0.372740] pci_bus 0000:00: resource 5 [io  0x0d00-0xffff window]
[    0.372744] pci_bus 0000:00: resource 6 [mem 0x000a0000-0x000bffff window]
[    0.372748] pci_bus 0000:00: resource 7 [mem 0x000d0000-0x000d3fff window]
[    0.372753] pci_bus 0000:00: resource 8 [mem 0x000d4000-0x000d7fff window]
[    0.372757] pci_bus 0000:00: resource 9 [mem 0x000d8000-0x000dbfff window]
[    0.372761] pci_bus 0000:00: resource 10 [mem 0xc0000000-0xfebfffff window]
[    0.372765] pci_bus 0000:00: resource 11 [mem 0xfed40000-0xfed40fff window]
[    0.372770] pci_bus 0000:02: resource 0 [io  0x2000-0x2fff]
[    0.372774] pci_bus 0000:02: resource 1 [mem 0xee000000-0xee0fffff]
[    0.372778] pci_bus 0000:02: resource 2 [mem 0xc0000000-0xc01fffff 64bit pref]
[    0.372782] pci_bus 0000:03: resource 0 [io  0x3000-0x4fff]
[    0.372786] pci_bus 0000:03: resource 1 [mem 0xec000000-0xedffffff]
[    0.372790] pci_bus 0000:03: resource 2 [mem 0xe4000000-0xe40fffff 64bit pref]
[    0.372795] pci_bus 0000:04: resource 0 [io  0x5000-0x6fff]
[    0.372799] pci_bus 0000:04: resource 1 [mem 0xe8000000-0xe9ffffff]
[    0.372803] pci_bus 0000:04: resource 2 [mem 0xe4100000-0xe41fffff 64bit pref]
[    0.372807] pci_bus 0000:0c: resource 0 [io  0x7000-0x8fff]
[    0.372811] pci_bus 0000:0c: resource 1 [mem 0xea000000-0xebffffff]
[    0.372815] pci_bus 0000:0c: resource 2 [mem 0xe4200000-0xe42fffff 64bit pref]
[    0.372820] pci_bus 0000:15: resource 0 [io  0x9000-0xcfff]
[    0.372824] pci_bus 0000:15: resource 1 [mem 0xe4300000-0xe7ffffff]
[    0.372828] pci_bus 0000:15: resource 2 [mem 0xe0000000-0xe3ffffff 64bit pref]
[    0.372832] pci_bus 0000:15: resource 4 [io  0x0000-0x0cf7 window]
[    0.372836] pci_bus 0000:15: resource 5 [io  0x0d00-0xffff window]
[    0.372840] pci_bus 0000:15: resource 6 [mem 0x000a0000-0x000bffff window]
[    0.372844] pci_bus 0000:15: resource 7 [mem 0x000d0000-0x000d3fff window]
[    0.372848] pci_bus 0000:15: resource 8 [mem 0x000d4000-0x000d7fff window]
[    0.372852] pci_bus 0000:15: resource 9 [mem 0x000d8000-0x000dbfff window]
[    0.372856] pci_bus 0000:15: resource 10 [mem 0xc0000000-0xfebfffff window]
[    0.372861] pci_bus 0000:15: resource 11 [mem 0xfed40000-0xfed40fff window]
[    0.372865] pci_bus 0000:16: resource 0 [io  0x9000-0x90ff]
[    0.372869] pci_bus 0000:16: resource 1 [io  0x9400-0x94ff]
[    0.372873] pci_bus 0000:16: resource 2 [mem 0xe0000000-0xe3ffffff pref]
[    0.372877] pci_bus 0000:16: resource 3 [mem 0xc4000000-0xc7ffffff]
[    0.373329] NET: Registered protocol family 2
[    0.374239] tcp_listen_portaddr_hash hash table entries: 512 (order: 2, 20480 bytes)
[    0.374239] TCP established hash table entries: 8192 (order: 3, 32768 bytes)
[    0.374360] TCP bind hash table entries: 8192 (order: 6, 294912 bytes)
[    0.374955] TCP: Hash tables configured (established 8192 bind 8192)
[    0.375411] UDP hash table entries: 512 (order: 3, 40960 bytes)
[    0.375534] UDP-Lite hash table entries: 512 (order: 3, 40960 bytes)
[    0.375848] NET: Registered protocol family 1
[    0.376615] RPC: Registered named UNIX socket transport module.
[    0.376616] RPC: Registered udp transport module.
[    0.376696] RPC: Registered tcp transport module.
[    0.376776] RPC: Registered tcp NFSv4.1 backchannel transport module.
[    0.377644] pci 0000:00:02.0: Video device with shadowed ROM at [mem 0x000c0000-0x000dffff]
[    0.381823] PCI: CLS mismatch (64 != 32), using 64 bytes
[    0.385126] Initialise system trusted keyrings
[    0.385596] workingset: timestamp_bits=30 max_order=20 bucket_order=0
[    0.388468] Installing knfsd (copyright (C) 1996 okir@monad.swb.de).
[    0.388975] ntfs: driver 2.1.32 [Flags: R/W].
[    0.389278] fuse init (API version 7.27)
[    0.389946] pstore: using deflate compression
[    0.393229] Key type asymmetric registered
[    0.393317] Asymmetric key parser 'x509' registered
[    0.393530] bounce: pool size: 64 pages
[    0.393719] Block layer SCSI generic (bsg) driver version 0.4 loaded (major 249)
[    0.393824] io scheduler noop registered
[    0.393899] io scheduler deadline registered
[    0.394012] io scheduler cfq registered (default)
[    0.394092] io scheduler mq-deadline registered
[    0.394199] io scheduler bfq registered
[    0.396806] intel_idle: does not run on family 6 model 14
[    0.397302] ACPI: Deprecated procfs I/F for AC is loaded, please retry with CONFIG_ACPI_PROCFS_POWER cleared
[    0.397327] ACPI: AC Adapter [AC] (on-line)
[    0.397959] input: Lid Switch as /devices/LNXSYSTM:00/LNXSYBUS:00/PNP0C0D:00/input/input0
[    0.398329] ACPI: Lid Switch [LID]
[    0.398632] input: Sleep Button as /devices/LNXSYSTM:00/LNXSYBUS:00/PNP0C0E:00/input/input1
[    0.398789] ACPI: Sleep Button [SLPB]
[    0.399045] input: Power Button as /devices/LNXSYSTM:00/LNXPWRBN:00/input/input2
[    0.399531] ACPI: Power Button [PWRF]
[    0.400068] ACPI: Video Device [VID] (multi-head: yes  rom: no  post: no)
[    0.407923] acpi device:01: registered as cooling_device0
[    0.408421] input: Video Bus as /devices/LNXSYSTM:00/LNXSYBUS:00/PNP0A08:00/LNXVIDEO:00/input/input3
[    0.410760] ACPI Error: No pointer back to namespace node in package (ptrval) (20180313/dsargs-303)
[    0.410918] ACPI Error: Method parse/execution failed \_PR.CPU0._TSS, AE_AML_INTERNAL (20180313/psparse-516)
[    0.411332] ACPI Error: AE_AML_INTERNAL, Evaluating _TSS (20180313/processor_throttling-520)
[    0.413093] ACPI Error: No pointer back to namespace node in package (ptrval) (20180313/dsargs-303)
[    0.413248] ACPI Error: Method parse/execution failed \_PR.CPU0._TSS, AE_AML_INTERNAL (20180313/psparse-516)
[    0.413425] ACPI Error: Method parse/execution failed \_PR.CPU1._TSS, AE_AML_INTERNAL (20180313/psparse-516)
[    0.413575] ACPI Error: AE_AML_INTERNAL, Evaluating _TSS (20180313/processor_throttling-520)
[    0.418746] thermal LNXTHERM:00: registered as thermal_zone0
[    0.418837] ACPI: Thermal Zone [THM0] (72 C)
[    0.422947] thermal LNXTHERM:01: registered as thermal_zone1
[    0.423039] ACPI: Thermal Zone [THM1] (69 C)
[    0.423789] Serial: 8250/16550 driver, 4 ports, IRQ sharing disabled
[    0.424628] serial8250: ttyS1 at I/O 0x2f8 (irq = 3, base_baud = 921600) is a NS16550A
[    0.426668] lp: driver loaded but no devices found
[    0.426825] Non-volatile memory driver v1.3
[    0.427319] intel_rng: FWH not detected
[    0.427726] Linux agpgart interface v0.103
[    0.428642] [drm] radeon kernel modesetting enabled.
[    0.429601] pci 0000:00:00.0: Intel 945GM Chipset
[    0.429767] pci 0000:00:00.0: detected gtt size: 262144K total, 262144K mappable
[    0.430690] pci 0000:00:00.0: detected 8192K stolen memory
[    0.430833] [drm] Replacing VGA console driver
[    0.432108] Console: switching to colour dummy device 80x25
[    0.434611] [drm] Supports vblank timestamp caching Rev 2 (21.10.2013).
[    0.434611] [drm] Driver supports precise vblank timestamp query.
[    0.434611] resource sanity check: requesting [mem 0x000c0000-0x000dffff], which spans more than pnp 00:00 [mem 0x000c8000-0x000cbfff]
[    0.434611] caller pci_map_rom+0x58/0xf0 mapping multiple BARs
[    0.436476] i915 0000:00:02.0: vgaarb: changed VGA decodes: olddecodes=io+mem,decodes=io+mem:owns=io+mem
[    0.456128] ACPI: Deprecated procfs I/F for battery is loaded, please retry with CONFIG_ACPI_PROCFS_POWER cleared
[    0.456213] ACPI: Battery Slot [BAT0] (battery present)
[    0.489443] [drm] RC6 disabled, disabling runtime PM support
[    0.489589] [drm] initialized overlay support
[    0.491415] [drm] Initialized i915 1.6.0 20180413 for 0000:00:02.0 on minor 0
[    0.492414] usbcore: registered new interface driver udl
[    0.502510] random: fast init done
[    0.507830] loop: module loaded
[    0.509176] fbcon: inteldrmfb (fb0) is primary device
[    0.531594] ahci 0000:00:1f.2: version 3.0
[    0.532386] ahci 0000:00:1f.2: AHCI 0001.0100 32 slots 4 ports 1.5 Gbps 0x1 impl SATA mode
[    0.532392] ahci 0000:00:1f.2: flags: 64bit ncq pm led clo pio slum part 
[    0.534930] scsi host0: ahci
[    0.535516] scsi host1: ahci
[    0.535959] scsi host2: ahci
[    0.536441] scsi host3: ahci
[    0.536694] ata1: SATA max UDMA/133 abar m1024@0xee444400 port 0xee444500 irq 16
[    0.536697] ata2: DUMMY
[    0.536699] ata3: DUMMY
[    0.536701] ata4: DUMMY
[    0.536883] ata_piix 0000:00:1f.1: version 2.13
[    0.540053] scsi host4: ata_piix
[    0.540625] scsi host5: ata_piix
[    0.540856] ata5: PATA max UDMA/100 cmd 0x1f0 ctl 0x3f6 bmdma 0x1810 irq 14
[    0.540859] ata6: PATA max UDMA/100 cmd 0x170 ctl 0x376 bmdma 0x1818 irq 15
[    0.540920] ata6: port disabled--ignoring
[    0.541840] tun: Universal TUN/TAP device driver, 1.6
[    0.542595] e1000: Intel(R) PRO/1000 Network Driver - version 7.3.21-k8-NAPI
[    0.542597] e1000: Copyright (c) 1999-2006 Intel Corporation.
[    0.542672] e1000e: Intel(R) PRO/1000 Network Driver - 3.2.6-k
[    0.542673] e1000e: Copyright(c) 1999 - 2015 Intel Corporation.
[    0.542790] e1000e 0000:02:00.0: Disabling ASPM  L1
[    0.542794] e1000e 0000:02:00.0: can't disable ASPM; OS doesn't have ASPM control
[    0.543246] e1000e 0000:02:00.0: Interrupt Throttling Rate (ints/sec) set to dynamic conservative mode
[    0.640530] e1000e 0000:02:00.0 eth0: (PCI Express:2.5GT/s:Width x1) 00:16:d3:25:19:04
[    0.640534] e1000e 0000:02:00.0 eth0: Intel(R) PRO/1000 Network Connection
[    0.640615] e1000e 0000:02:00.0 eth0: MAC: 2, PHY: 2, PBA No: 005302-003
[    0.640852] PPP generic driver version 2.4.2
[    0.641789] PPP BSD Compression module registered
[    0.641791] PPP Deflate Compression module registered
[    0.641794] SLIP: version 0.8.4-NET3.019-NEWTTY (dynamic channels, max=256).
[    0.641796] CSLIP: code copyright 1989 Regents of the University of California.
[    0.641883] iwl3945: Intel(R) PRO/Wireless 3945ABG/BG Network Connection driver for Linux, in-tree:ds
[    0.641885] iwl3945: Copyright(c) 2003-2011 Intel Corporation
[    0.641886] iwl3945: hw_scan is disabled
[    0.642115] iwl3945 0000:03:00.0: can't disable ASPM; OS doesn't have ASPM control
[    0.696459] iwl3945 0000:03:00.0: Tunable channels: 11 802.11bg, 13 802.11a channels
[    0.696463] iwl3945 0000:03:00.0: Detected Intel Wireless WiFi Link 3945ABG
[    0.697359] ieee80211 phy0: Selected rate control algorithm 'iwl-3945-rs'
[    0.698184] Intel(R) Wireless WiFi driver for Linux
[    0.698184] Copyright(c) 2003- 2015 Intel Corporation
[    0.698435] usbcore: registered new interface driver ax88179_178a
[    0.698532] usbcore: registered new interface driver cdc_ether
[    0.698532] usbcore: registered new interface driver net1080
[    0.698634] usbcore: registered new interface driver cdc_subset
[    0.698634] usbcore: registered new interface driver zaurus
[    0.698737] usbcore: registered new interface driver cdc_ncm
[    0.698842] pci 0000:00:1e.0: enabling device (0005 -> 0007)
[    0.698842] yenta_cardbus 0000:15:00.0: CardBus bridge found [17aa:201c]
[    0.764545] ata1: SATA link up 1.5 Gbps (SStatus 113 SControl 300)
[    0.881756] ata1.00: ACPI cmd ef/02:00:00:00:00:a0 (SET FEATURES) succeeded
[    0.881761] ata1.00: ACPI cmd f5/00:00:00:00:00:a0 (SECURITY FREEZE LOCK) filtered out
[    0.881765] ata1.00: ACPI cmd ef/10:03:00:00:00:a0 (SET FEATURES) filtered out
[    0.925567] ata1.00: ATA-9: ST1000LM014-1EJ164, SM11, max UDMA/133
[    0.925571] ata1.00: 1953525168 sectors, multi 16: LBA48 NCQ (depth 31/32), AA
[    0.936827] clocksource: timekeeping watchdog on CPU1: Marking clocksource 'tsc-early' as unstable because the skew is too large:
[    0.936830] clocksource:                       'hpet' wd_now: 11232cc wd_last: a09be7 mask: ffffffff
[    0.936833] clocksource:                       'tsc-early' cs_now: 5542533ae cs_last: 52685e2aa mask: ffffffffffffffff
[    0.937011] clocksource: Switched to clocksource hpet
[    0.970205] ata1.00: ACPI cmd ef/02:00:00:00:00:a0 (SET FEATURES) succeeded
[    0.970209] ata1.00: ACPI cmd f5/00:00:00:00:00:a0 (SECURITY FREEZE LOCK) filtered out
[    0.970214] ata1.00: ACPI cmd ef/10:03:00:00:00:a0 (SET FEATURES) filtered out
[    1.014334] ata1.00: configured for UDMA/133
[    1.107711] Console: switching to colour frame buffer device 102x42
[    1.253374] i915 0000:00:02.0: fb0: inteldrmfb frame buffer device
[    1.257700] scsi 0:0:0:0: Direct-Access     ATA      ST1000LM014-1EJ1 SM11 PQ: 0 ANSI: 5
[    1.261633] sd 0:0:0:0: [sda] 1953525168 512-byte logical blocks: (1.00 TB/932 GiB)
[    1.261769] sd 0:0:0:0: Attached scsi generic sg0 type 0
[    1.264502] sd 0:0:0:0: [sda] 4096-byte physical blocks
[    1.270138] sd 0:0:0:0: [sda] Write Protect is off
[    1.272820] sd 0:0:0:0: [sda] Mode Sense: 00 3a 00 00
[    1.272987] sd 0:0:0:0: [sda] Write cache: enabled, read cache: enabled, doesn't support DPO or FUA
[    1.277675]  sda: sda1 sda2 sda3 sda4
[    1.282562] sd 0:0:0:0: [sda] Attached SCSI disk
[    1.420917] yenta_cardbus 0000:15:00.0: ISA IRQ mask 0x0cb8, PCI irq 16
[    1.423633] yenta_cardbus 0000:15:00.0: Socket status: 30000006
[    1.426360] yenta_cardbus 0000:15:00.0: pcmcia: parent PCI bridge window: [io  0x9000-0xcfff]
[    1.429106] yenta_cardbus 0000:15:00.0: pcmcia: parent PCI bridge window: [mem 0xe4300000-0xe7ffffff]
[    1.431830] pcmcia_socket pcmcia_socket0: cs: memory probe 0xe4300000-0xe7ffffff:
[    1.434588]  excluding 0xe4300000-0xe46cffff
[    1.437433] yenta_cardbus 0000:15:00.0: pcmcia: parent PCI bridge window: [mem 0xe0000000-0xe3ffffff 64bit pref]
[    1.440433] pcmcia_socket pcmcia_socket0: cs: memory probe 0xe0000000-0xe3ffffff:
[    1.443528]  excluding 0xe0000000-0xe3ffffff
[    1.447643] ehci_hcd: USB 2.0 'Enhanced' Host Controller (EHCI) Driver
[    1.450827] ehci-pci: EHCI PCI platform driver
[    1.454532] ehci-pci 0000:00:1d.7: EHCI Host Controller
[    1.457987] ehci-pci 0000:00:1d.7: new USB bus registered, assigned bus number 1
[    1.461227] ehci-pci 0000:00:1d.7: debug port 1
[    1.468309] ehci-pci 0000:00:1d.7: cache line size of 64 is not supported
[    1.468370] ehci-pci 0000:00:1d.7: irq 19, io mem 0xee444000
[    1.484088] ehci-pci 0000:00:1d.7: USB 2.0 started, EHCI 1.00
[    1.487721] usb usb1: New USB device found, idVendor=1d6b, idProduct=0002, bcdDevice= 4.17
[    1.490893] usb usb1: New USB device strings: Mfr=3, Product=2, SerialNumber=1
[    1.493965] usb usb1: Product: EHCI Host Controller
[    1.496916] usb usb1: Manufacturer: Linux 4.17.0-rc2-next-20180424 ehci_hcd
[    1.499863] usb usb1: SerialNumber: 0000:00:1d.7
[    1.503502] hub 1-0:1.0: USB hub found
[    1.506433] hub 1-0:1.0: 8 ports detected
[    1.511266] ohci_hcd: USB 1.1 'Open' Host Controller (OHCI) Driver
[    1.514054] ohci-pci: OHCI PCI platform driver
[    1.516886] uhci_hcd: USB Universal Host Controller Interface driver
[    1.520193] uhci_hcd 0000:00:1d.0: UHCI Host Controller
[    1.523196] uhci_hcd 0000:00:1d.0: new USB bus registered, assigned bus number 2
[    1.526032] uhci_hcd 0000:00:1d.0: detected 2 ports
[    1.528789] uhci_hcd 0000:00:1d.0: irq 16, io base 0x00001820
[    1.531941] usb usb2: New USB device found, idVendor=1d6b, idProduct=0001, bcdDevice= 4.17
[    1.534730] usb usb2: New USB device strings: Mfr=3, Product=2, SerialNumber=1
[    1.537525] usb usb2: Product: UHCI Host Controller
[    1.540279] usb usb2: Manufacturer: Linux 4.17.0-rc2-next-20180424 uhci_hcd
[    1.543035] usb usb2: SerialNumber: 0000:00:1d.0
[    1.546316] hub 2-0:1.0: USB hub found
[    1.549077] hub 2-0:1.0: 2 ports detected
[    1.552826] uhci_hcd 0000:00:1d.1: UHCI Host Controller
[    1.555697] uhci_hcd 0000:00:1d.1: new USB bus registered, assigned bus number 3
[    1.558384] uhci_hcd 0000:00:1d.1: detected 2 ports
[    1.561055] uhci_hcd 0000:00:1d.1: irq 17, io base 0x00001840
[    1.564105] usb usb3: New USB device found, idVendor=1d6b, idProduct=0001, bcdDevice= 4.17
[    1.566747] usb usb3: New USB device strings: Mfr=3, Product=2, SerialNumber=1
[    1.569304] usb usb3: Product: UHCI Host Controller
[    1.571740] usb usb3: Manufacturer: Linux 4.17.0-rc2-next-20180424 uhci_hcd
[    1.574236] usb usb3: SerialNumber: 0000:00:1d.1
[    1.577299] hub 3-0:1.0: USB hub found
[    1.579761] hub 3-0:1.0: 2 ports detected
[    1.583372] uhci_hcd 0000:00:1d.2: UHCI Host Controller
[    1.586014] uhci_hcd 0000:00:1d.2: new USB bus registered, assigned bus number 4
[    1.588444] uhci_hcd 0000:00:1d.2: detected 2 ports
[    1.590866] uhci_hcd 0000:00:1d.2: irq 18, io base 0x00001860
[    1.593715] usb usb4: New USB device found, idVendor=1d6b, idProduct=0001, bcdDevice= 4.17
[    1.596209] usb usb4: New USB device strings: Mfr=3, Product=2, SerialNumber=1
[    1.598625] usb usb4: Product: UHCI Host Controller
[    1.601003] usb usb4: Manufacturer: Linux 4.17.0-rc2-next-20180424 uhci_hcd
[    1.603410] usb usb4: SerialNumber: 0000:00:1d.2
[    1.606434] hub 4-0:1.0: USB hub found
[    1.608929] hub 4-0:1.0: 2 ports detected
[    1.612587] uhci_hcd 0000:00:1d.3: UHCI Host Controller
[    1.615197] uhci_hcd 0000:00:1d.3: new USB bus registered, assigned bus number 5
[    1.617629] uhci_hcd 0000:00:1d.3: detected 2 ports
[    1.620032] uhci_hcd 0000:00:1d.3: irq 19, io base 0x00001880
[    1.622781] usb usb5: New USB device found, idVendor=1d6b, idProduct=0001, bcdDevice= 4.17
[    1.625253] usb usb5: New USB device strings: Mfr=3, Product=2, SerialNumber=1
[    1.627653] usb usb5: Product: UHCI Host Controller
[    1.630052] usb usb5: Manufacturer: Linux 4.17.0-rc2-next-20180424 uhci_hcd
[    1.632464] usb usb5: SerialNumber: 0000:00:1d.3
[    1.635438] hub 5-0:1.0: USB hub found
[    1.637897] hub 5-0:1.0: 2 ports detected
[    1.641172] usbcore: registered new interface driver cdc_acm
[    1.643432] cdc_acm: USB Abstract Control Model driver for USB modems and ISDN adapters
[    1.645926] usbcore: registered new interface driver usblp
[    1.648405] usbcore: registered new interface driver usb-storage
[    1.650791] usbcore: registered new interface driver ums-sddr09
[    1.653243] usbcore: registered new interface driver usbserial_generic
[    1.655566] usbserial: USB Serial support registered for generic
[    1.657950] usbcore: registered new interface driver ch341
[    1.660259] usbserial: USB Serial support registered for ch341-uart
[    1.662585] usbcore: registered new interface driver ftdi_sio
[    1.664890] usbserial: USB Serial support registered for FTDI USB Serial Device
[    1.667300] usbcore: registered new interface driver option
[    1.669642] usbserial: USB Serial support registered for GSM modem (1-port)
[    1.672143] usbcore: registered new interface driver pl2303
[    1.674551] usbserial: USB Serial support registered for pl2303
[    1.677021] usbcore: registered new interface driver ti_usb_3410_5052
[    1.679467] usbserial: USB Serial support registered for TI USB 3410 1 port adapter
[    1.681989] usbserial: USB Serial support registered for TI USB 5052 2 port adapter
[    1.684451] ftdi_elan: driver ftdi-elan
[    1.686854] usbcore: registered new interface driver ftdi-elan
[    1.689445] i8042: PNP: PS/2 Controller [PNP0303:KBD,PNP0f13:MOU] at 0x60,0x64 irq 1,12
[    1.701609] serio: i8042 KBD port at 0x60,0x64 irq 1
[    1.704099] serio: i8042 AUX port at 0x60,0x64 irq 12
[    1.707264] mousedev: PS/2 mouse device common for all mice
[    1.710826] input: PC Speaker as /devices/platform/pcspkr/input/input4
[    1.713979] rtc_cmos 00:02: RTC can wake from S4
[    1.716964] rtc_cmos 00:02: registered as rtc0
[    1.719532] rtc_cmos 00:02: alarms up to one month, y3k, 114 bytes nvram, hpet irqs
[    1.722259] usbcore: registered new interface driver uvcvideo
[    1.724778] USB Video Class driver (1.1.1)
[    1.727202] gspca_main: v2.14.0 registered
[    1.729686] usbcore: registered new interface driver sq930x
[    1.733197] device-mapper: ioctl: 4.39.0-ioctl (2018-04-03) initialised: dm-devel@redhat.com
[    1.735706] Bluetooth: HCI UART driver ver 2.3
[    1.738205] Bluetooth: HCI UART protocol H4 registered
[    1.740710] Bluetooth: HCI UART protocol BCSP registered
[    1.743300] usbcore: registered new interface driver btusb
[    1.745929] sdhci: Secure Digital Host Controller Interface driver
[    1.748399] sdhci: Copyright(c) Pierre Ossman
[    1.750844] sdhci-pci 0000:15:00.2: SDHCI controller found [1180:0822] (rev 18)
[    1.753742] sdhci-pci 0000:15:00.2: Will use DMA mode even though HW doesn't fully claim to support it.
[    1.756895] mmc0 bounce up to 128 segments into one, max segment size 65536 bytes
[    1.759610] sdhci-pci 0000:15:00.2: Will use DMA mode even though HW doesn't fully claim to support it.
[    1.762979] mmc0: SDHCI controller on PCI [0000:15:00.2] using DMA
[    1.766011] hidraw: raw HID events driver (C) Jiri Kosina
[    1.770496] usbcore: registered new interface driver usbhid
[    1.770936] input: AT Translated Set 2 keyboard as /devices/platform/i8042/serio0/input/input5
[    1.773280] usbhid: USB HID core driver
[    1.774945] thinkpad_acpi: ThinkPad ACPI Extras v0.26
[    1.781768] thinkpad_acpi: http://ibm-acpi.sf.net/
[    1.784485] thinkpad_acpi: ThinkPad BIOS 7BETD8WW (2.19 ), EC 7BHT40WW-1.13
[    1.787223] thinkpad_acpi: Lenovo ThinkPad X60, model 17097HU
[    1.796303] thinkpad_acpi: ACPI backlight control delay disabled
[    1.799405] thinkpad_acpi: radio switch found; radios are enabled
[    1.802204] thinkpad_acpi: This ThinkPad has standard ACPI backlight brightness control, supported by the ACPI video driver
[    1.807823] thinkpad_acpi: Disabling thinkpad-acpi brightness events by default...
[    1.817611] sdhci-pci 0000:15:00.2: Will use DMA mode even though HW doesn't fully claim to support it.
[    1.824307] thinkpad_acpi: rfkill switch tpacpi_bluetooth_sw: radio is unblocked
[    1.830150] thinkpad_acpi: warning: userspace override of important firmware LEDs is enabled
[    1.838486] thinkpad_acpi: Standard ACPI backlight interface available, not loading native one
[    1.841566] thinkpad_acpi: volume: disabled as there is no ALSA support in this kernel
[    1.845374] thinkpad_acpi: battery 1 registered (start 0, stop 0)
[    1.845400] battery: new extension: ThinkPad Battery Extension
[    1.851891] input: ThinkPad Extra Buttons as /devices/platform/thinkpad_acpi/input/input7
[    1.859323] snd_hda_intel 0000:00:1b.0: probe_mask set to 0x1 for device 17aa:2010
[    1.863038] usbcore: registered new interface driver snd-usb-audio
[    1.867976] NET: Registered protocol family 17
[    1.871667] Bluetooth: RFCOMM TTY layer initialized
[    1.874791] Bluetooth: RFCOMM socket layer initialized
[    1.877837] Bluetooth: RFCOMM ver 1.11
[    1.880856] Bluetooth: BNEP (Ethernet Emulation) ver 1.3
[    1.881142] sdhci-pci 0000:15:00.2: Will use DMA mode even though HW doesn't fully claim to support it.
[    1.883893] Bluetooth: BNEP filters: protocol multicast
[    1.890274] Bluetooth: BNEP socket layer initialized
[    1.893432] Bluetooth: HIDP (Human Interface Emulation) ver 1.2
[    1.896562] Bluetooth: HIDP socket layer initialized
[    1.899962] microcode: sig=0x6e8, pf=0x20, revision=0x39
[    1.903223] microcode: Microcode Update Driver: v2.2.
[    1.903230] Using IPI No-Shortcut mode
[    1.909853] Loading compiled-in X.509 certificates
[    1.914014] Key type encrypted registered
[    1.918247] rtc_cmos 00:02: setting system clock to 2018-04-25 09:20:04 UTC (1524648004)
[    1.923801] snd_hda_codec_analog hdaudioC0D0: autoconfig for AD1981: line_outs=1 (0x5/0x0/0x0/0x0/0x0) type:speaker
[    1.929713] snd_hda_codec_analog hdaudioC0D0:    speaker_outs=0 (0x0/0x0/0x0/0x0/0x0)
[    1.932811] snd_hda_codec_analog hdaudioC0D0:    hp_outs=0 (0x0/0x0/0x0/0x0/0x0)
[    1.934254] cfg80211: Loading compiled-in X.509 certificates for regulatory database
[    1.935861] snd_hda_codec_analog hdaudioC0D0:    mono: mono_out=0x0
[    1.935865] snd_hda_codec_analog hdaudioC0D0:    inputs:
[    1.935869] snd_hda_codec_analog hdaudioC0D0:      Mic=0x8
[    1.935873] snd_hda_codec_analog hdaudioC0D0:      CD=0x19
[    1.955161] cfg80211: Loaded X.509 cert 'sforshee: 00b28ddf47aef9cea7'
[    1.958714] platform regulatory.0: Direct firmware load for regulatory.db failed with error -2
[    1.961659] cfg80211: failed to load regulatory.db
[    1.964625] PM: Image not found (code -22)
[    1.964645] ALSA device list:
[    1.967355]   No soundcards found.
[    2.001025] sdhci-pci 0000:15:00.2: Will use DMA mode even though HW doesn't fully claim to support it.
[    2.078661] sdhci-pci 0000:15:00.2: Will use DMA mode even though HW doesn't fully claim to support it.
[    2.128115] usb 5-1: new full-speed USB device number 2 using uhci_hcd
[    2.317530] usb 5-1: New USB device found, idVendor=0a5c, idProduct=2110, bcdDevice= 1.00
[    2.322361] usb 5-1: New USB device strings: Mfr=1, Product=2, SerialNumber=0
[    2.327090] usb 5-1: Product: BCM2045B
[    2.331670] usb 5-1: Manufacturer: Broadcom Corp
[    2.419351] psmouse serio1: trackpoint: IBM TrackPoint firmware: 0x0e, buttons: 3/3
[    2.441710] input: TPPS/2 IBM TrackPoint as /devices/platform/i8042/serio1/input/input8
[    2.449842] md: Waiting for all devices to be available before autodetect
[    2.453547] md: If you don't use raid, use raid=noautodetect
[    2.458090] md: Autodetecting RAID arrays.
[    2.460850] md: autorun ...
[    2.463441] md: ... autorun DONE.
[    2.528174] EXT4-fs (sda4): mounted filesystem with ordered data mode. Opts: (null)
[    2.533019] VFS: Mounted root (ext4 filesystem) readonly on device 8:4.
[    2.550232] devtmpfs: mounted
[    2.553695] Freeing unused kernel memory: 592K
[    2.557613] Write protecting the kernel text: 12068k
[    2.561298] Write protecting the kernel read-only data: 4764k
[    2.564863] NX-protecting the kernel data: 6364k
[    2.569089] x86/mm: Checked W+X mappings: passed, no W+X pages found.
[    2.571785] rodata_test: all tests were successful
[    3.036234] random: systemd: uninitialized urandom read (16 bytes read)
[    3.042225] systemd[1]: systemd 215 running in system mode. (+PAM +AUDIT +SELINUX +IMA +SYSVINIT +LIBCRYPTSETUP +GCRYPT +ACL +XZ -SECCOMP -APPARMOR)
[    3.068313] systemd[1]: Detected architecture 'x86'.
[    3.156132] usb 5-2: new full-speed USB device number 3 using uhci_hcd
[    3.240551] systemd[1]: Failed to insert module 'ipv6'
[    3.257754] systemd[1]: Set hostname to <amd>.
[    3.328885] random: systemd-sysv-ge: uninitialized urandom read (16 bytes read)
[    3.354532] usb 5-2: New USB device found, idVendor=0483, idProduct=2016, bcdDevice= 0.01
[    3.358461] usb 5-2: New USB device strings: Mfr=1, Product=2, SerialNumber=0
[    3.362190] usb 5-2: Product: Biometric Coprocessor
[    3.365789] usb 5-2: Manufacturer: STMicroelectronics
[    3.630246] random: systemd-sysv-ge: uninitialized urandom read (16 bytes read)
[    3.726052] random: systemd: uninitialized urandom read (16 bytes read)
[    3.730718] random: systemd: uninitialized urandom read (16 bytes read)
[    3.734689] random: systemd: uninitialized urandom read (16 bytes read)
[    3.788504] random: systemd: uninitialized urandom read (16 bytes read)
[    3.793263] random: systemd: uninitialized urandom read (16 bytes read)
[    3.797810] random: systemd: uninitialized urandom read (16 bytes read)
[    3.834043] random: systemd: uninitialized urandom read (16 bytes read)
[    4.005583] systemd[1]: Binding to IPv6 address not available since kernel does not support IPv6.
[    4.009754] systemd[1]: [/lib/systemd/system/gpsd.socket:6] Failed to parse address value, ignoring: [::1]:2947
[    4.034438] systemd[1]: Starting Forward Password Requests to Wall Directory Watch.
[    4.039503] systemd[1]: Started Forward Password Requests to Wall Directory Watch.
[    4.042043] systemd[1]: Starting Remote File Systems (Pre).
[    4.049653] systemd[1]: Reached target Remote File Systems (Pre).
[    4.809466] systemd-udevd[1834]: starting version 215
[    4.817055] random: crng init done
[    5.941088] EXT4-fs (sda4): re-mounted. Opts: errors=remount-ro
[    6.843986] e1000e 0000:02:00.0 eth1: renamed from eth0
[    6.856580] systemd-udevd[2367]: renamed network interface eth0 to eth1
[    8.726364] EXT4-fs (sda2): mounted filesystem with ordered data mode. Opts: errors=remount-ro
[    8.786747] Adding 2097148k swap on /dev/sda1.  Priority:-2 extents:1 across:2097148k 
[    9.007185] systemd-journald[1854]: Received request to flush runtime journal from PID 1
[   14.800426] NFSD: Using /var/lib/nfs/v4recovery as the NFSv4 state recovery directory
[   14.802901] NFSD: starting 90-second grace period (net f0000098)
[   17.086302] iwl3945 0000:03:00.0: loaded firmware version 15.32.2.9
[   18.698675] e1000e: eth1 NIC Link is Up 100 Mbps Full Duplex, Flow Control: None
[   18.698867] e1000e 0000:02:00.0 eth1: 10/100 speed: disabling TSO
[   22.638065] wlan0: authenticate with 00:00:00:00:00:01
[   22.640703] wlan0: send auth to 00:00:00:00:00:01 (try 1/3)
[   22.642589] wlan0: authenticated
[   22.644185] wlan0: associate with 00:00:00:00:00:01 (try 1/3)
[   22.646991] wlan0: RX AssocResp from 00:00:00:00:00:01 (capab=0x401 status=0 aid=2)
[   22.650299] wlan0: associated
