[    0.000000] Linux version 4.17.0-rc4-next-20180514 (pavel@amd) (gcc version 4.9.2 (Debian 4.9.2-10+deb8u1)) #127 SMP Mon May 14 15:21:48 CEST 2018
[    0.000000] Disabled fast string operations
[    0.000000] x86/fpu: x87 FPU will use FXSAVE
[    0.000000] e820: BIOS-provided physical RAM map:
[    0.000000] BIOS-e820: [mem 0x0000000000000000-0x000000000009efff] usable
[    0.000000] BIOS-e820: [mem 0x000000000009f000-0x000000000009ffff] reserved
[    0.000000] BIOS-e820: [mem 0x00000000000dc000-0x00000000000fffff] reserved
[    0.000000] BIOS-e820: [mem 0x0000000000100000-0x00000000bf6cffff] usable
[    0.000000] BIOS-e820: [mem 0x00000000bf6d0000-0x00000000bf6defff] ACPI data
[    0.000000] BIOS-e820: [mem 0x00000000bf6df000-0x00000000bf6fffff] ACPI NVS
[    0.000000] BIOS-e820: [mem 0x00000000bf700000-0x00000000bfffffff] reserved
[    0.000000] BIOS-e820: [mem 0x00000000f0000000-0x00000000f3ffffff] reserved
[    0.000000] BIOS-e820: [mem 0x00000000fec00000-0x00000000fec0ffff] reserved
[    0.000000] BIOS-e820: [mem 0x00000000fed00000-0x00000000fed003ff] reserved
[    0.000000] BIOS-e820: [mem 0x00000000fed14000-0x00000000fed19fff] reserved
[    0.000000] BIOS-e820: [mem 0x00000000fed1c000-0x00000000fed8ffff] reserved
[    0.000000] BIOS-e820: [mem 0x00000000fee00000-0x00000000fee00fff] reserved
[    0.000000] BIOS-e820: [mem 0x00000000ff800000-0x00000000ffffffff] reserved
[    0.000000] NX (Execute Disable) protection: active
[    0.000000] SMBIOS 2.4 present.
[    0.000000] DMI: LENOVO 17097HU/17097HU, BIOS 7BETD8WW (2.19 ) 03/31/2011
[    0.000000] e820: update [mem 0x00000000-0x00000fff] usable ==> reserved
[    0.000000] e820: remove [mem 0x000a0000-0x000fffff] usable
[    0.000000] e820: last_pfn = 0xbf6d0 max_arch_pfn = 0x1000000
[    0.000000] MTRR default type: uncachable
[    0.000000] MTRR fixed ranges enabled:
[    0.000000]   00000-9FFFF write-back
[    0.000000]   A0000-BFFFF uncachable
[    0.000000]   C0000-CFFFF write-protect
[    0.000000]   D0000-DBFFF uncachable
[    0.000000]   DC000-DFFFF write-back
[    0.000000]   E0000-FFFFF write-protect
[    0.000000] MTRR variable ranges enabled:
[    0.000000]   0 base 000000000 mask F80000000 write-back
[    0.000000]   1 base 080000000 mask FC0000000 write-back
[    0.000000]   2 base 0BF700000 mask FFFF00000 uncachable
[    0.000000]   3 base 0BF800000 mask FFF800000 uncachable
[    0.000000]   4 disabled
[    0.000000]   5 disabled
[    0.000000]   6 disabled
[    0.000000]   7 disabled
[    0.000000] x86/PAT: PAT not supported by CPU.
[    0.000000] x86/PAT: Configuration [0-7]: WB  WT  UC- UC  WB  WT  UC- UC  
[    0.000000] initial memory mapped: [mem 0x00000000-0x05dfffff]
[    0.000000] Base memory trampoline at [(ptrval)] 9b000 size 16384
[    0.000000] BRK [0x0581e000, 0x0581efff] PGTABLE
[    0.000000] BRK [0x0581f000, 0x0581ffff] PGTABLE
[    0.000000] ACPI: Early table checksum verification disabled
[    0.000000] ACPI: RSDP 0x00000000000F67C0 000024 (v02 LENOVO)
[    0.000000] ACPI: XSDT 0x00000000BF6D191C 000084 (v01 LENOVO TP-7B    00002190  LTP 00000000)
[    0.000000] ACPI: FACP 0x00000000BF6D1A00 0000F4 (v03 LENOVO TP-7B    00002190 LNVO 00000001)
[    0.000000] ACPI BIOS Warning (bug): 32/64X length mismatch in FADT/Gpe0Block: 64/32 (20180313/tbfadt-569)
[    0.000000] ACPI BIOS Warning (bug): Optional FADT field Gpe1Block has valid Address but zero Length: 0x000000000000102C/0x0 (20180313/tbfadt-624)
[    0.000000] ACPI: DSDT 0x00000000BF6D1D90 00CFB9 (v01 LENOVO TP-7B    00002190 MSFT 0100000E)
[    0.000000] ACPI: FACS 0x00000000BF6F4000 000040
[    0.000000] ACPI: FACS 0x00000000BF6F4000 000040
[    0.000000] ACPI: SSDT 0x00000000BF6D1BB4 0001DC (v01 LENOVO TP-7B    00002190 MSFT 0100000E)
[    0.000000] ACPI: ECDT 0x00000000BF6DED49 000052 (v01 LENOVO TP-7B    00002190 LNVO 00000001)
[    0.000000] ACPI: TCPA 0x00000000BF6DED9B 000032 (v02 LENOVO TP-7B    00002190 LNVO 00000001)
[    0.000000] ACPI: APIC 0x00000000BF6DEDCD 000068 (v01 LENOVO TP-7B    00002190 LNVO 00000001)
[    0.000000] ACPI: MCFG 0x00000000BF6DEE35 00003C (v01 LENOVO TP-7B    00002190 LNVO 00000001)
[    0.000000] ACPI: HPET 0x00000000BF6DEE71 000038 (v01 LENOVO TP-7B    00002190 LNVO 00000001)
[    0.000000] ACPI: BOOT 0x00000000BF6DEFD8 000028 (v01 LENOVO TP-7B    00002190  LTP 00000001)
[    0.000000] ACPI: SSDT 0x00000000BF6F2645 00025F (v01 LENOVO TP-7B    00002190 INTL 20050513)
[    0.000000] ACPI: SSDT 0x00000000BF6F28A4 0000A6 (v01 LENOVO TP-7B    00002190 INTL 20050513)
[    0.000000] ACPI: SSDT 0x00000000BF6F294A 0004F7 (v01 LENOVO TP-7B    00002190 INTL 20050513)
[    0.000000] ACPI: SSDT 0x00000000BF6F2E41 0001D8 (v01 LENOVO TP-7B    00002190 INTL 20050513)
[    0.000000] ACPI: Local APIC address 0xfee00000
[    0.000000] 2174MB HIGHMEM available.
[    0.000000] 887MB LOWMEM available.
[    0.000000]   mapped low ram: 0 - 377fe000
[    0.000000]   low ram: 0 - 377fe000
[    0.000000] tsc: Fast TSC calibration using PIT
[    0.000000] BRK [0x05820000, 0x05820fff] PGTABLE
[    0.000000] Zone ranges:
[    0.000000]   DMA      [mem 0x0000000000001000-0x0000000000ffffff]
[    0.000000]   Normal   [mem 0x0000000001000000-0x00000000377fdfff]
[    0.000000]   HighMem  [mem 0x00000000377fe000-0x00000000bf6cffff]
[    0.000000] Movable zone start for each node
[    0.000000] Early memory node ranges
[    0.000000]   node   0: [mem 0x0000000000001000-0x000000000009efff]
[    0.000000]   node   0: [mem 0x0000000000100000-0x00000000bf6cffff]
[    0.000000] Initmem setup node 0 [mem 0x0000000000001000-0x00000000bf6cffff]
[    0.000000] On node 0 totalpages: 783982
[    0.000000]   DMA zone: 32 pages used for memmap
[    0.000000]   DMA zone: 0 pages reserved
[    0.000000]   DMA zone: 3998 pages, LIFO batch:0
[    0.000000]   Normal zone: 1744 pages used for memmap
[    0.000000]   Normal zone: 223230 pages, LIFO batch:31
[    0.000000]   HighMem zone: 556754 pages, LIFO batch:31
[    0.000000] Reserved but unavailable: 98 pages
[    0.000000] Using APIC driver default
[    0.000000] Reserving Intel graphics memory at [mem 0xbf800000-0xbfffffff]
[    0.000000] ACPI: PM-Timer IO Port: 0x1008
[    0.000000] ACPI: Local APIC address 0xfee00000
[    0.000000] ACPI: LAPIC_NMI (acpi_id[0x00] high edge lint[0x1])
[    0.000000] ACPI: LAPIC_NMI (acpi_id[0x01] high edge lint[0x1])
[    0.000000] IOAPIC[0]: apic_id 1, version 32, address 0xfec00000, GSI 0-23
[    0.000000] ACPI: INT_SRC_OVR (bus 0 bus_irq 0 global_irq 2 dfl dfl)
[    0.000000] ACPI: INT_SRC_OVR (bus 0 bus_irq 9 global_irq 9 high level)
[    0.000000] ACPI: IRQ0 used by override.
[    0.000000] ACPI: IRQ9 used by override.
[    0.000000] Using ACPI (MADT) for SMP configuration information
[    0.000000] ACPI: HPET id: 0x8086a201 base: 0xfed00000
[    0.000000] smpboot: Allowing 2 CPUs, 0 hotplug CPUs
[    0.000000] PM: Registered nosave memory: [mem 0x00000000-0x00000fff]
[    0.000000] PM: Registered nosave memory: [mem 0x0009f000-0x0009ffff]
[    0.000000] PM: Registered nosave memory: [mem 0x000a0000-0x000dbfff]
[    0.000000] PM: Registered nosave memory: [mem 0x000dc000-0x000fffff]
[    0.000000] e820: [mem 0xc0000000-0xefffffff] available for PCI devices
[    0.000000] clocksource: refined-jiffies: mask: 0xffffffff max_cycles: 0xffffffff, max_idle_ns: 7645519600211568 ns
[    0.000000] random: get_random_bytes called from start_kernel+0x74/0x347 with crng_init=0
[    0.000000] setup_percpu: NR_CPUS:8 nr_cpumask_bits:8 nr_cpu_ids:2 nr_node_ids:1
[    0.000000] percpu: Embedded 28 pages/cpu @(ptrval) s85928 r0 d28760 u114688
[    0.000000] pcpu-alloc: s85928 r0 d28760 u114688 alloc=28*4096
[    0.000000] pcpu-alloc: [0] 0 [0] 1 
[    0.000000] Built 1 zonelists, mobility grouping on.  Total pages: 782206
[    0.000000] Kernel command line: BOOT_IMAGE=(hd0,2)/fast/l/linux-next-32/arch/x86/boot/bzImage root=/dev/sda4 resume=/dev/sda1
[    0.000000] Dentry cache hash table entries: 131072 (order: 7, 524288 bytes)
[    0.000000] Inode-cache hash table entries: 65536 (order: 6, 262144 bytes)
[    0.000000] Initializing CPU#0
[    0.000000] Initializing HighMem for node 0 (000377fe:000bf6d0)
[    0.000000] Initializing Movable for node 0 (00000000:00000000)
[    0.000000] Memory: 3085620K/3135928K available (12104K kernel code, 706K rwdata, 4752K rodata, 596K init, 6136K bss, 50308K reserved, 0K cma-reserved, 2227016K highmem)
[    0.000000] virtual kernel memory layout:
    fixmap  : 0xffe70000 - 0xfffff000   (1596 kB)
  cpu_entry : 0xffa00000 - 0xffb39000   (1252 kB)
    pkmap   : 0xff800000 - 0xffa00000   (2048 kB)
    vmalloc : 0xf7ffe000 - 0xff7fe000   ( 120 MB)
    lowmem  : 0xc0000000 - 0xf77fe000   ( 887 MB)
      .init : 0xc5150000 - 0xc51e5000   ( 596 kB)
      .data : 0xc4bd238c - 0xc512da40   (5485 kB)
      .text : 0xc4000000 - 0xc4bd238c   (12104 kB)
[    0.000000] Checking if this processor honours the WP bit even in supervisor mode...Ok.
[    0.000000] Hierarchical RCU implementation.
[    0.000000] 	RCU restricting CPUs from NR_CPUS=8 to nr_cpu_ids=2.
[    0.000000] RCU: Adjusting geometry for rcu_fanout_leaf=16, nr_cpu_ids=2
[    0.000000] NR_IRQS: 2304, nr_irqs: 56, preallocated irqs: 16
[    0.000000] CPU 0 irqstacks, hard=(ptrval) soft=(ptrval)
[    0.000000] Console: colour VGA+ 80x25
[    0.000000] console [tty0] enabled
[    0.000000] Lock dependency validator: Copyright (c) 2006 Red Hat, Inc., Ingo Molnar
[    0.000000] ... MAX_LOCKDEP_SUBCLASSES:  8
[    0.000000] ... MAX_LOCK_DEPTH:          48
[    0.000000] ... MAX_LOCKDEP_KEYS:        8191
[    0.000000] ... CLASSHASH_SIZE:          4096
[    0.000000] ... MAX_LOCKDEP_ENTRIES:     32768
[    0.000000] ... MAX_LOCKDEP_CHAINS:      65536
[    0.000000] ... CHAINHASH_SIZE:          32768
[    0.000000]  memory used by lock dependency info: 4383 kB
[    0.000000]  per task-struct memory footprint: 1344 bytes
[    0.000000] ACPI: Core revision 20180313
[    0.000000] clocksource: hpet: mask: 0xffffffff max_cycles: 0xffffffff, max_idle_ns: 133484882848 ns
[    0.000000] hpet clockevent registered
[    0.000000] APIC: Switch to symmetric I/O mode setup
[    0.000000] Enabling APIC mode:  Flat.  Using 1 I/O APICs
[    0.000000] ..TIMER: vector=0x30 apic1=0 pin1=2 apic2=-1 pin2=-1
[    0.020000] tsc: Fast TSC calibration using PIT
[    0.024000] tsc: Detected 1828.756 MHz processor
[    0.024000] clocksource: tsc-early: mask: 0xffffffffffffffff max_cycles: 0x1a5c4655792, max_idle_ns: 440795254653 ns
[    0.024000] Calibrating delay loop (skipped), value calculated using timer frequency.. 3657.51 BogoMIPS (lpj=7315024)
[    0.024000] pid_max: default: 32768 minimum: 301
[    0.024000] Mount-cache hash table entries: 2048 (order: 1, 8192 bytes)
[    0.024000] Mountpoint-cache hash table entries: 2048 (order: 1, 8192 bytes)
[    0.024000] Disabled fast string operations
[    0.024000] CPU: Physical Processor ID: 0
[    0.024000] CPU: Processor Core ID: 0
[    0.024000] process: using mwait in idle threads
[    0.024000] Last level iTLB entries: 4KB 128, 2MB 0, 4MB 2
[    0.024000] Last level dTLB entries: 4KB 128, 2MB 0, 4MB 8, 1GB 0
[    0.024000] Spectre V2 : Mitigation: Full generic retpoline
[    0.024000] Spectre V2 : Spectre v2 mitigation: Filling RSB on context switch
[    0.024000] Freeing SMP alternatives memory: 44K
[    0.032000] smpboot: CPU0: Genuine Intel(R) CPU           T2400  @ 1.83GHz (family: 0x6, model: 0xe, stepping: 0x8)
[    0.032000] Performance Events: Core events, core PMU driver.
[    0.032000] ... version:                1
[    0.032000] ... bit width:              40
[    0.032000] ... generic registers:      2
[    0.032000] ... value mask:             000000ffffffffff
[    0.032000] ... max period:             000000007fffffff
[    0.032000] ... fixed-purpose events:   0
[    0.032000] ... event mask:             0000000000000003
[    0.032000] Hierarchical SRCU implementation.
[    0.032000] NMI watchdog: Enabled. Permanently consumes one hw-PMU counter.
[    0.032057] smp: Bringing up secondary CPUs ...
[    0.033122] CPU 1 irqstacks, hard=(ptrval) soft=(ptrval)
[    0.033125] x86: Booting SMP configuration:
[    0.033208] .... node  #0, CPUs:      #1
[    0.004000] Initializing CPU#1
[    0.004000] Disabled fast string operations
[    0.035671] TSC synchronization [CPU#0 -> CPU#1]:
[    0.035983] Measured 580085 cycles TSC warp between CPUs, turning off TSC clock.
[    0.036000] tsc: Marking TSC unstable due to check_tsc_sync_source failed
[    0.036099] smp: Brought up 1 node, 2 CPUs
[    0.036099] smpboot: Max logical packages: 1
[    0.036169] smpboot: Total of 2 processors activated (7315.02 BogoMIPS)
[    0.037857] devtmpfs: initialized
[    0.037857] PM: Registering ACPI NVS region [mem 0xbf6df000-0xbf6fffff] (135168 bytes)
[    0.040182] clocksource: jiffies: mask: 0xffffffff max_cycles: 0xffffffff, max_idle_ns: 7645041785100000 ns
[    0.040329] futex hash table entries: 512 (order: 3, 32768 bytes)
[    0.041002] NET: Registered protocol family 16
[    0.042483] cpuidle: using governor ladder
[    0.042644] cpuidle: using governor menu
[    0.042871] Simple Boot Flag at 0x35 set to 0x1
[    0.042987] ACPI FADT declares the system doesn't support PCIe ASPM, so disable it
[    0.043088] ACPI: bus type PCI registered
[    0.043403] PCI: MMCONFIG for domain 0000 [bus 00-3f] at [mem 0xf0000000-0xf3ffffff] (base 0xf0000000)
[    0.043523] PCI: MMCONFIG at [mem 0xf0000000-0xf3ffffff] reserved in E820
[    0.043611] PCI: Using MMCONFIG for extended config space
[    0.044025] PCI: Using configuration type 1 for base access
[    0.044497] mtrr: your CPUs had inconsistent variable MTRR settings
[    0.044584] mtrr: probably your BIOS does not setup all CPUs.
[    0.044666] mtrr: corrected configuration.
[    0.108832] ACPI: Added _OSI(Module Device)
[    0.108832] ACPI: Added _OSI(Processor Device)
[    0.108832] ACPI: Added _OSI(3.0 _SCP Extensions)
[    0.108901] ACPI: Added _OSI(Processor Aggregator Device)
[    0.108985] ACPI: Added _OSI(Linux-Dell-Video)
[    0.109082] ACPI: EC: EC started
[    0.109155] ACPI: EC: interrupt blocked
[    0.109283] ACPI: \: Used as first EC
[    0.109359] ACPI: \: GPE=0x1c, EC_CMD/EC_SC=0x66, EC_DATA=0x62
[    0.109445] ACPI: \: Used as boot ECDT EC to handle transactions
[    0.176994] ACPI: 6 ACPI AML tables successfully acquired and loaded
[    0.211104] ACPI: Dynamic OEM Table Load:
[    0.211202] ACPI: SSDT 0x00000000F5B74C00 000240 (v01 PmRef  Cpu0Ist  00000100 INTL 20050513)
[    0.212789] ACPI: Dynamic OEM Table Load:
[    0.212883] ACPI: SSDT 0x00000000F5258800 00065A (v01 PmRef  Cpu0Cst  00000100 INTL 20050513)
[    0.216618] ACPI: Dynamic OEM Table Load:
[    0.216712] ACPI: SSDT 0x00000000F58B5E00 0000C8 (v01 PmRef  Cpu1Ist  00000100 INTL 20050513)
[    0.217626] ACPI: Dynamic OEM Table Load:
[    0.217719] ACPI: SSDT 0x00000000F5A4A3C0 000085 (v01 PmRef  Cpu1Cst  00000100 INTL 20050513)
[    0.218177] ACPI: Interpreter enabled
[    0.218177] ACPI: (supports S0 S3 S4 S5)
[    0.218177] ACPI: Using IOAPIC for interrupt routing
[    0.218195] PCI: Using host bridge windows from ACPI; if necessary, use "pci=nocrs" and report a bug
[    0.221005] ACPI: Enabled 4 GPEs in block 00 to 1F
[    0.245094] ACPI: Power Resource [PUBS] (on)
[    0.246268] acpi PNP0C0A:01: ACPI dock station (docks/bays count: 1)
[    0.254162] acpi LNXIOBAY:00: ACPI dock station (docks/bays count: 2)
[    0.268684] acpi IBM0079:00: ACPI dock station (docks/bays count: 3)
[    0.271133] ACPI: PCI Interrupt Link [LNKA] (IRQs 3 4 5 6 7 9 10 *11)
[    0.272006] ACPI: PCI Interrupt Link [LNKB] (IRQs 3 4 5 6 7 9 10 *11)
[    0.272871] ACPI: PCI Interrupt Link [LNKC] (IRQs 3 4 5 6 7 9 10 *11)
[    0.273734] ACPI: PCI Interrupt Link [LNKD] (IRQs 3 4 5 6 7 9 10 *11)
[    0.274596] ACPI: PCI Interrupt Link [LNKE] (IRQs 3 4 5 6 7 9 10 *11)
[    0.275458] ACPI: PCI Interrupt Link [LNKF] (IRQs 3 4 5 6 7 9 10 *11)
[    0.276335] ACPI: PCI Interrupt Link [LNKG] (IRQs 3 4 5 6 7 9 10 *11)
[    0.277198] ACPI: PCI Interrupt Link [LNKH] (IRQs 3 4 5 6 7 9 10 *11)
[    0.277764] ACPI: PCI Root Bridge [PCI0] (domain 0000 [bus 00-ff])
[    0.277864] acpi PNP0A08:00: _OSC: OS supports [ExtendedConfig ASPM ClockPM Segments]
[    0.278911] acpi PNP0A08:00: _OSC: not requesting OS control; OS requires [ExtendedConfig ASPM ClockPM MSI]
[    0.279047] acpi PNP0A08:00: [Firmware Info]: MMCONFIG for domain 0000 [bus 00-3f] only partially covers this bridge
[    0.279421] PCI host bridge to bus 0000:00
[    0.279503] pci_bus 0000:00: root bus resource [io  0x0000-0x0cf7 window]
[    0.279597] pci_bus 0000:00: root bus resource [io  0x0d00-0xffff window]
[    0.279690] pci_bus 0000:00: root bus resource [mem 0x000a0000-0x000bffff window]
[    0.279786] pci_bus 0000:00: root bus resource [mem 0x000d0000-0x000d3fff window]
[    0.279883] pci_bus 0000:00: root bus resource [mem 0x000d4000-0x000d7fff window]
[    0.279979] pci_bus 0000:00: root bus resource [mem 0x000d8000-0x000dbfff window]
[    0.280008] pci_bus 0000:00: root bus resource [mem 0xc0000000-0xfebfffff window]
[    0.280105] pci_bus 0000:00: root bus resource [mem 0xfed40000-0xfed40fff window]
[    0.280203] pci_bus 0000:00: root bus resource [bus 00-ff]
[    0.280319] pci 0000:00:00.0: [8086:27a0] type 00 class 0x060000
[    0.280788] pci 0000:00:02.0: [8086:27a2] type 00 class 0x030000
[    0.280810] pci 0000:00:02.0: reg 0x10: [mem 0xee100000-0xee17ffff]
[    0.280821] pci 0000:00:02.0: reg 0x14: [io  0x1800-0x1807]
[    0.280833] pci 0000:00:02.0: reg 0x18: [mem 0xd0000000-0xdfffffff pref]
[    0.280844] pci 0000:00:02.0: reg 0x1c: [mem 0xee200000-0xee23ffff]
[    0.281307] pci 0000:00:02.1: [8086:27a6] type 00 class 0x038000
[    0.281327] pci 0000:00:02.1: reg 0x10: [mem 0xee180000-0xee1fffff]
[    0.281835] pci 0000:00:1b.0: [8086:27d8] type 00 class 0x040300
[    0.281881] pci 0000:00:1b.0: reg 0x10: [mem 0xee240000-0xee243fff 64bit]
[    0.282044] pci 0000:00:1b.0: PME# supported from D0 D3hot D3cold
[    0.282505] pci 0000:00:1c.0: [8086:27d0] type 01 class 0x060400
[    0.282683] pci 0000:00:1c.0: PME# supported from D0 D3hot D3cold
[    0.283147] pci 0000:00:1c.1: [8086:27d2] type 01 class 0x060400
[    0.283325] pci 0000:00:1c.1: PME# supported from D0 D3hot D3cold
[    0.283776] pci 0000:00:1c.2: [8086:27d4] type 01 class 0x060400
[    0.284041] pci 0000:00:1c.2: PME# supported from D0 D3hot D3cold
[    0.284496] pci 0000:00:1c.3: [8086:27d6] type 01 class 0x060400
[    0.284674] pci 0000:00:1c.3: PME# supported from D0 D3hot D3cold
[    0.285121] pci 0000:00:1d.0: [8086:27c8] type 00 class 0x0c0300
[    0.285200] pci 0000:00:1d.0: reg 0x20: [io  0x1820-0x183f]
[    0.285665] pci 0000:00:1d.1: [8086:27c9] type 00 class 0x0c0300
[    0.285744] pci 0000:00:1d.1: reg 0x20: [io  0x1840-0x185f]
[    0.286197] pci 0000:00:1d.2: [8086:27ca] type 00 class 0x0c0300
[    0.286275] pci 0000:00:1d.2: reg 0x20: [io  0x1860-0x187f]
[    0.286737] pci 0000:00:1d.3: [8086:27cb] type 00 class 0x0c0300
[    0.286815] pci 0000:00:1d.3: reg 0x20: [io  0x1880-0x189f]
[    0.287259] pci 0000:00:1d.7: [8086:27cc] type 00 class 0x0c0320
[    0.287296] pci 0000:00:1d.7: reg 0x10: [mem 0xee444000-0xee4443ff]
[    0.287439] pci 0000:00:1d.7: PME# supported from D0 D3hot D3cold
[    0.287862] pci 0000:00:1e.0: [8086:2448] type 01 class 0x060401
[    0.288401] pci 0000:00:1f.0: [8086:27b9] type 00 class 0x060100
[    0.288561] pci 0000:00:1f.0: quirk: [io  0x1000-0x107f] claimed by ICH6 ACPI/GPIO/TCO
[    0.288668] pci 0000:00:1f.0: quirk: [io  0x1180-0x11bf] claimed by ICH6 GPIO
[    0.288764] pci 0000:00:1f.0: ICH7 LPC Generic IO decode 1 PIO at 1600 (mask 007f)
[    0.288863] pci 0000:00:1f.0: ICH7 LPC Generic IO decode 2 PIO at 15e0 (mask 000f)
[    0.288962] pci 0000:00:1f.0: ICH7 LPC Generic IO decode 3 PIO at 1680 (mask 001f)
[    0.289495] pci 0000:00:1f.1: [8086:27df] type 00 class 0x01018a
[    0.289525] pci 0000:00:1f.1: reg 0x10: [io  0x0000-0x0007]
[    0.289541] pci 0000:00:1f.1: reg 0x14: [io  0x0000-0x0003]
[    0.289558] pci 0000:00:1f.1: reg 0x18: [io  0x0000-0x0007]
[    0.289574] pci 0000:00:1f.1: reg 0x1c: [io  0x0000-0x0003]
[    0.289590] pci 0000:00:1f.1: reg 0x20: [io  0x1810-0x181f]
[    0.289624] pci 0000:00:1f.1: legacy IDE quirk: reg 0x10: [io  0x01f0-0x01f7]
[    0.289719] pci 0000:00:1f.1: legacy IDE quirk: reg 0x14: [io  0x03f6]
[    0.289810] pci 0000:00:1f.1: legacy IDE quirk: reg 0x18: [io  0x0170-0x0177]
[    0.289904] pci 0000:00:1f.1: legacy IDE quirk: reg 0x1c: [io  0x0376]
[    0.290400] pci 0000:00:1f.2: [8086:27c5] type 00 class 0x010601
[    0.290436] pci 0000:00:1f.2: reg 0x10: [io  0x18d0-0x18d7]
[    0.290453] pci 0000:00:1f.2: reg 0x14: [io  0x18c4-0x18c7]
[    0.290469] pci 0000:00:1f.2: reg 0x18: [io  0x18c8-0x18cf]
[    0.290485] pci 0000:00:1f.2: reg 0x1c: [io  0x18c0-0x18c3]
[    0.290502] pci 0000:00:1f.2: reg 0x20: [io  0x18b0-0x18bf]
[    0.290519] pci 0000:00:1f.2: reg 0x24: [mem 0xee444400-0xee4447ff]
[    0.290603] pci 0000:00:1f.2: PME# supported from D3hot
[    0.291032] pci 0000:00:1f.3: [8086:27da] type 00 class 0x0c0500
[    0.291133] pci 0000:00:1f.3: reg 0x20: [io  0x18e0-0x18ff]
[    0.291818] pci 0000:02:00.0: [8086:109a] type 00 class 0x020000
[    0.291883] pci 0000:02:00.0: reg 0x10: [mem 0xee000000-0xee01ffff]
[    0.291931] pci 0000:02:00.0: reg 0x18: [io  0x2000-0x201f]
[    0.292193] pci 0000:02:00.0: PME# supported from D0 D3hot D3cold
[    0.292562] pci 0000:00:1c.0: PCI bridge to [bus 02]
[    0.292651] pci 0000:00:1c.0:   bridge window [io  0x2000-0x2fff]
[    0.292659] pci 0000:00:1c.0:   bridge window [mem 0xee000000-0xee0fffff]
[    0.292929] pci 0000:03:00.0: [8086:4227] type 00 class 0x028000
[    0.293038] pci 0000:03:00.0: reg 0x10: [mem 0xedf00000-0xedf00fff]
[    0.293542] pci 0000:03:00.0: PME# supported from D0 D3hot D3cold
[    0.293955] pci 0000:00:1c.1: PCI bridge to [bus 03]
[    0.294042] pci 0000:00:1c.1:   bridge window [io  0x3000-0x4fff]
[    0.294050] pci 0000:00:1c.1:   bridge window [mem 0xec000000-0xedffffff]
[    0.294061] pci 0000:00:1c.1:   bridge window [mem 0xe4000000-0xe40fffff 64bit pref]
[    0.294215] pci 0000:00:1c.2: PCI bridge to [bus 04-0b]
[    0.294306] pci 0000:00:1c.2:   bridge window [io  0x5000-0x6fff]
[    0.294314] pci 0000:00:1c.2:   bridge window [mem 0xe8000000-0xe9ffffff]
[    0.294325] pci 0000:00:1c.2:   bridge window [mem 0xe4100000-0xe41fffff 64bit pref]
[    0.294478] pci 0000:00:1c.3: PCI bridge to [bus 0c-13]
[    0.294567] pci 0000:00:1c.3:   bridge window [io  0x7000-0x8fff]
[    0.294575] pci 0000:00:1c.3:   bridge window [mem 0xea000000-0xebffffff]
[    0.294586] pci 0000:00:1c.3:   bridge window [mem 0xe4200000-0xe42fffff 64bit pref]
[    0.294631] pci_bus 0000:15: extended config space not accessible
[    0.294831] pci 0000:15:00.0: [1180:0476] type 02 class 0x060700
[    0.294864] pci 0000:15:00.0: reg 0x10: [mem 0xe4300000-0xe4300fff]
[    0.294938] pci 0000:15:00.0: supports D1 D2
[    0.294942] pci 0000:15:00.0: PME# supported from D0 D1 D2 D3hot D3cold
[    0.295200] pci 0000:15:00.1: [1180:0552] type 00 class 0x0c0010
[    0.295229] pci 0000:15:00.1: reg 0x10: [mem 0xe4301000-0xe43017ff]
[    0.295376] pci 0000:15:00.1: PME# supported from D0 D3hot D3cold
[    0.295582] pci 0000:15:00.2: [1180:0822] type 00 class 0x080500
[    0.295612] pci 0000:15:00.2: reg 0x10: [mem 0xe4301800-0xe43018ff]
[    0.295759] pci 0000:15:00.2: supports D1 D2
[    0.295763] pci 0000:15:00.2: PME# supported from D0 D1 D2 D3hot D3cold
[    0.296046] pci 0000:00:1e.0: PCI bridge to [bus 15-18] (subtractive decode)
[    0.296145] pci 0000:00:1e.0:   bridge window [io  0x9000-0xcfff]
[    0.296153] pci 0000:00:1e.0:   bridge window [mem 0xe4300000-0xe7ffffff]
[    0.296164] pci 0000:00:1e.0:   bridge window [mem 0xe0000000-0xe3ffffff 64bit pref]
[    0.296180] pci 0000:00:1e.0:   bridge window [io  0x0000-0x0cf7 window] (subtractive decode)
[    0.296185] pci 0000:00:1e.0:   bridge window [io  0x0d00-0xffff window] (subtractive decode)
[    0.296190] pci 0000:00:1e.0:   bridge window [mem 0x000a0000-0x000bffff window] (subtractive decode)
[    0.296195] pci 0000:00:1e.0:   bridge window [mem 0x000d0000-0x000d3fff window] (subtractive decode)
[    0.296200] pci 0000:00:1e.0:   bridge window [mem 0x000d4000-0x000d7fff window] (subtractive decode)
[    0.296205] pci 0000:00:1e.0:   bridge window [mem 0x000d8000-0x000dbfff window] (subtractive decode)
[    0.296210] pci 0000:00:1e.0:   bridge window [mem 0xc0000000-0xfebfffff window] (subtractive decode)
[    0.296214] pci 0000:00:1e.0:   bridge window [mem 0xfed40000-0xfed40fff window] (subtractive decode)
[    0.296260] pci_bus 0000:16: extended config space not accessible
[    0.296446] pci_bus 0000:16: busn_res: [bus 16-18] end is updated to 17
[    0.296502] pci_bus 0000:00: on NUMA node 0
[    0.302923] ACPI: EC: interrupt unblocked
[    0.303040] ACPI: EC: event unblocked
[    0.303150] ACPI: \_SB_.PCI0.LPC_.EC__: GPE=0x1c, EC_CMD/EC_SC=0x66, EC_DATA=0x62
[    0.303252] ACPI: \_SB_.PCI0.LPC_.EC__: Used as boot DSDT EC to handle transactions and events
[    0.304441] pci 0000:00:02.0: vgaarb: setting as boot VGA device
[    0.304532] pci 0000:00:02.0: vgaarb: VGA device added: decodes=io+mem,owns=io+mem,locks=none
[    0.304669] pci 0000:00:02.0: vgaarb: bridge control possible
[    0.304752] vgaarb: loaded
[    0.305377] SCSI subsystem initialized
[    0.305752] libata version 3.00 loaded.
[    0.305957] ACPI: bus type USB registered
[    0.306170] usbcore: registered new interface driver usbfs
[    0.306323] usbcore: registered new interface driver hub
[    0.306469] usbcore: registered new device driver usb
[    0.306685] media: Linux media interface: v0.10
[    0.306814] videodev: Linux video capture interface: v2.00
[    0.306965] pps_core: LinuxPPS API ver. 1 registered
[    0.307046] pps_core: Software ver. 5.3.6 - Copyright 2005-2007 Rodolfo Giometti <giometti@linux.it>
[    0.307196] PTP clock support registered
[    0.307589] EDAC MC: Ver: 3.0.0
[    0.308522] Advanced Linux Sound Architecture Driver Initialized.
[    0.308536] PCI: Using ACPI for IRQ routing
[    0.311609] PCI: pci_cache_line_size set to 64 bytes
[    0.312217] e820: reserve RAM buffer [mem 0x0009f000-0x0009ffff]
[    0.312217] e820: reserve RAM buffer [mem 0xbf6d0000-0xbfffffff]
[    0.312833] Bluetooth: Core ver 2.22
[    0.313034] NET: Registered protocol family 31
[    0.313034] Bluetooth: HCI device and connection manager initialized
[    0.313034] Bluetooth: HCI socket layer initialized
[    0.313290] Bluetooth: L2CAP socket layer initialized
[    0.313290] Bluetooth: SCO socket layer initialized
[    0.313849] clocksource: Switched to clocksource hpet
[    0.314290] pnp: PnP ACPI init
[    0.315858] system 00:00: [mem 0x00000000-0x0009ffff] could not be reserved
[    0.315958] system 00:00: [mem 0x000c0000-0x000c3fff] could not be reserved
[    0.316073] system 00:00: [mem 0x000c4000-0x000c7fff] could not be reserved
[    0.316169] system 00:00: [mem 0x000c8000-0x000cbfff] has been reserved
[    0.316263] system 00:00: [mem 0x000cc000-0x000cffff] has been reserved
[    0.316358] system 00:00: [mem 0x000dc000-0x000dffff] could not be reserved
[    0.316455] system 00:00: [mem 0x000e0000-0x000e3fff] could not be reserved
[    0.316552] system 00:00: [mem 0x000e4000-0x000e7fff] could not be reserved
[    0.316649] system 00:00: [mem 0x000e8000-0x000ebfff] could not be reserved
[    0.316746] system 00:00: [mem 0x000ec000-0x000effff] could not be reserved
[    0.316843] system 00:00: [mem 0x000f0000-0x000fffff] could not be reserved
[    0.316940] system 00:00: [mem 0x00100000-0xbfffffff] could not be reserved
[    0.317037] system 00:00: [mem 0xfec00000-0xfed3ffff] could not be reserved
[    0.317134] system 00:00: [mem 0xfed41000-0xffffffff] could not be reserved
[    0.317275] system 00:00: Plug and Play ACPI device, IDs PNP0c01 (active)
[    0.317786] system 00:01: [io  0x164e-0x164f] has been reserved
[    0.317879] system 00:01: [io  0x1000-0x107f] has been reserved
[    0.317970] system 00:01: [io  0x1180-0x11bf] has been reserved
[    0.318060] system 00:01: [io  0x0800-0x080f] has been reserved
[    0.318152] system 00:01: [io  0x15e0-0x15ef] has been reserved
[    0.318243] system 00:01: [io  0x1600-0x165f] could not be reserved
[    0.318336] system 00:01: [mem 0xf0000000-0xf3ffffff] has been reserved
[    0.318430] system 00:01: [mem 0xfed1c000-0xfed1ffff] has been reserved
[    0.318524] system 00:01: [mem 0xfed14000-0xfed17fff] has been reserved
[    0.318618] system 00:01: [mem 0xfed18000-0xfed18fff] has been reserved
[    0.318712] system 00:01: [mem 0xfed19000-0xfed19fff] has been reserved
[    0.318839] system 00:01: Plug and Play ACPI device, IDs PNP0c02 (active)
[    0.319155] pnp 00:02: Plug and Play ACPI device, IDs PNP0b00 (active)
[    0.319295] pnp 00:03: Plug and Play ACPI device, IDs PNP0303 (active)
[    0.319435] pnp 00:04: Plug and Play ACPI device, IDs IBM3780 PNP0f13 (active)
[    0.320229] pnp 00:05: [dma 3]
[    0.320439] pnp 00:05: Plug and Play ACPI device, IDs IBM0071 PNP0511 (active)
[    0.320694] pnp 00:06: Plug and Play ACPI device, IDs ATM1200 PNP0c31 (active)
[    0.323221] pnp: PnP ACPI: found 7 devices
[    0.371340] clocksource: acpi_pm: mask: 0xffffff max_cycles: 0xffffff, max_idle_ns: 2085701024 ns
[    0.371488] pci 0000:00:1c.0: bridge window [mem 0x00100000-0x000fffff 64bit pref] to [bus 02] add_size 200000 add_align 100000
[    0.371574] pci 0000:00:1c.0: BAR 9: assigned [mem 0xc0000000-0xc01fffff 64bit pref]
[    0.371672] pci 0000:00:1c.0: PCI bridge to [bus 02]
[    0.371754] pci 0000:00:1c.0:   bridge window [io  0x2000-0x2fff]
[    0.371845] pci 0000:00:1c.0:   bridge window [mem 0xee000000-0xee0fffff]
[    0.371938] pci 0000:00:1c.0:   bridge window [mem 0xc0000000-0xc01fffff 64bit pref]
[    0.372056] pci 0000:00:1c.1: PCI bridge to [bus 03]
[    0.372138] pci 0000:00:1c.1:   bridge window [io  0x3000-0x4fff]
[    0.372228] pci 0000:00:1c.1:   bridge window [mem 0xec000000-0xedffffff]
[    0.372321] pci 0000:00:1c.1:   bridge window [mem 0xe4000000-0xe40fffff 64bit pref]
[    0.372421] pci 0000:00:1c.2: PCI bridge to [bus 04-0b]
[    0.372504] pci 0000:00:1c.2:   bridge window [io  0x5000-0x6fff]
[    0.372595] pci 0000:00:1c.2:   bridge window [mem 0xe8000000-0xe9ffffff]
[    0.372687] pci 0000:00:1c.2:   bridge window [mem 0xe4100000-0xe41fffff 64bit pref]
[    0.372789] pci 0000:00:1c.3: PCI bridge to [bus 0c-13]
[    0.372873] pci 0000:00:1c.3:   bridge window [io  0x7000-0x8fff]
[    0.372963] pci 0000:00:1c.3:   bridge window [mem 0xea000000-0xebffffff]
[    0.373055] pci 0000:00:1c.3:   bridge window [mem 0xe4200000-0xe42fffff 64bit pref]
[    0.373168] pci 0000:15:00.0: BAR 9: assigned [mem 0xe0000000-0xe3ffffff pref]
[    0.373264] pci 0000:15:00.0: BAR 10: assigned [mem 0xc4000000-0xc7ffffff]
[    0.373354] pci 0000:15:00.0: BAR 7: assigned [io  0x9000-0x90ff]
[    0.373441] pci 0000:15:00.0: BAR 8: assigned [io  0x9400-0x94ff]
[    0.373535] pci 0000:15:00.0: CardBus bridge to [bus 16-17]
[    0.373618] pci 0000:15:00.0:   bridge window [io  0x9000-0x90ff]
[    0.373707] pci 0000:15:00.0:   bridge window [io  0x9400-0x94ff]
[    0.373797] pci 0000:15:00.0:   bridge window [mem 0xe0000000-0xe3ffffff pref]
[    0.373891] pci 0000:15:00.0:   bridge window [mem 0xc4000000-0xc7ffffff]
[    0.373984] pci 0000:00:1e.0: PCI bridge to [bus 15-18]
[    0.374067] pci 0000:00:1e.0:   bridge window [io  0x9000-0xcfff]
[    0.374158] pci 0000:00:1e.0:   bridge window [mem 0xe4300000-0xe7ffffff]
[    0.374250] pci 0000:00:1e.0:   bridge window [mem 0xe0000000-0xe3ffffff 64bit pref]
[    0.374352] pci_bus 0000:00: resource 4 [io  0x0000-0x0cf7 window]
[    0.374356] pci_bus 0000:00: resource 5 [io  0x0d00-0xffff window]
[    0.374360] pci_bus 0000:00: resource 6 [mem 0x000a0000-0x000bffff window]
[    0.374364] pci_bus 0000:00: resource 7 [mem 0x000d0000-0x000d3fff window]
[    0.374368] pci_bus 0000:00: resource 8 [mem 0x000d4000-0x000d7fff window]
[    0.374373] pci_bus 0000:00: resource 9 [mem 0x000d8000-0x000dbfff window]
[    0.374377] pci_bus 0000:00: resource 10 [mem 0xc0000000-0xfebfffff window]
[    0.374381] pci_bus 0000:00: resource 11 [mem 0xfed40000-0xfed40fff window]
[    0.374385] pci_bus 0000:02: resource 0 [io  0x2000-0x2fff]
[    0.374389] pci_bus 0000:02: resource 1 [mem 0xee000000-0xee0fffff]
[    0.374394] pci_bus 0000:02: resource 2 [mem 0xc0000000-0xc01fffff 64bit pref]
[    0.374398] pci_bus 0000:03: resource 0 [io  0x3000-0x4fff]
[    0.374402] pci_bus 0000:03: resource 1 [mem 0xec000000-0xedffffff]
[    0.374406] pci_bus 0000:03: resource 2 [mem 0xe4000000-0xe40fffff 64bit pref]
[    0.374411] pci_bus 0000:04: resource 0 [io  0x5000-0x6fff]
[    0.374415] pci_bus 0000:04: resource 1 [mem 0xe8000000-0xe9ffffff]
[    0.374419] pci_bus 0000:04: resource 2 [mem 0xe4100000-0xe41fffff 64bit pref]
[    0.374423] pci_bus 0000:0c: resource 0 [io  0x7000-0x8fff]
[    0.374427] pci_bus 0000:0c: resource 1 [mem 0xea000000-0xebffffff]
[    0.374431] pci_bus 0000:0c: resource 2 [mem 0xe4200000-0xe42fffff 64bit pref]
[    0.374436] pci_bus 0000:15: resource 0 [io  0x9000-0xcfff]
[    0.374440] pci_bus 0000:15: resource 1 [mem 0xe4300000-0xe7ffffff]
[    0.374444] pci_bus 0000:15: resource 2 [mem 0xe0000000-0xe3ffffff 64bit pref]
[    0.374448] pci_bus 0000:15: resource 4 [io  0x0000-0x0cf7 window]
[    0.374452] pci_bus 0000:15: resource 5 [io  0x0d00-0xffff window]
[    0.374456] pci_bus 0000:15: resource 6 [mem 0x000a0000-0x000bffff window]
[    0.374460] pci_bus 0000:15: resource 7 [mem 0x000d0000-0x000d3fff window]
[    0.374465] pci_bus 0000:15: resource 8 [mem 0x000d4000-0x000d7fff window]
[    0.374469] pci_bus 0000:15: resource 9 [mem 0x000d8000-0x000dbfff window]
[    0.374473] pci_bus 0000:15: resource 10 [mem 0xc0000000-0xfebfffff window]
[    0.374477] pci_bus 0000:15: resource 11 [mem 0xfed40000-0xfed40fff window]
[    0.374481] pci_bus 0000:16: resource 0 [io  0x9000-0x90ff]
[    0.374485] pci_bus 0000:16: resource 1 [io  0x9400-0x94ff]
[    0.374489] pci_bus 0000:16: resource 2 [mem 0xe0000000-0xe3ffffff pref]
[    0.374493] pci_bus 0000:16: resource 3 [mem 0xc4000000-0xc7ffffff]
[    0.374958] NET: Registered protocol family 2
[    0.375694] tcp_listen_portaddr_hash hash table entries: 512 (order: 2, 20480 bytes)
[    0.375843] TCP established hash table entries: 8192 (order: 3, 32768 bytes)
[    0.376001] TCP bind hash table entries: 8192 (order: 6, 294912 bytes)
[    0.376590] TCP: Hash tables configured (established 8192 bind 8192)
[    0.377009] UDP hash table entries: 512 (order: 3, 40960 bytes)
[    0.377170] UDP-Lite hash table entries: 512 (order: 3, 40960 bytes)
[    0.377482] NET: Registered protocol family 1
[    0.378164] RPC: Registered named UNIX socket transport module.
[    0.378252] RPC: Registered udp transport module.
[    0.378332] RPC: Registered tcp transport module.
[    0.378412] RPC: Registered tcp NFSv4.1 backchannel transport module.
[    0.379012] pci 0000:00:02.0: Video device with shadowed ROM at [mem 0x000c0000-0x000dffff]
[    0.384349] PCI: CLS mismatch (64 != 32), using 64 bytes
[    0.387836] Initialise system trusted keyrings
[    0.388391] workingset: timestamp_bits=30 max_order=20 bucket_order=0
[    0.390442] Installing knfsd (copyright (C) 1996 okir@monad.swb.de).
[    0.390951] ntfs: driver 2.1.32 [Flags: R/W].
[    0.391262] fuse init (API version 7.27)
[    0.391942] pstore: using deflate compression
[    0.395496] Key type asymmetric registered
[    0.395584] Asymmetric key parser 'x509' registered
[    0.395799] bounce: pool size: 64 pages
[    0.395982] Block layer SCSI generic (bsg) driver version 0.4 loaded (major 249)
[    0.396118] io scheduler noop registered
[    0.396194] io scheduler deadline registered
[    0.396307] io scheduler cfq registered (default)
[    0.396386] io scheduler mq-deadline registered
[    0.396493] io scheduler bfq registered
[    0.399214] intel_idle: does not run on family 6 model 14
[    0.399683] ACPI: Deprecated procfs I/F for AC is loaded, please retry with CONFIG_ACPI_PROCFS_POWER cleared
[    0.399979] ACPI: AC Adapter [AC] (on-line)
[    0.400619] input: Lid Switch as /devices/LNXSYSTM:00/LNXSYBUS:00/PNP0C0D:00/input/input0
[    0.400895] ACPI: Lid Switch [LID]
[    0.401199] input: Sleep Button as /devices/LNXSYSTM:00/LNXSYBUS:00/PNP0C0E:00/input/input1
[    0.401375] ACPI: Sleep Button [SLPB]
[    0.401717] input: Power Button as /devices/LNXSYSTM:00/LNXPWRBN:00/input/input2
[    0.401875] ACPI: Power Button [PWRF]
[    0.402405] ACPI: Video Device [VID] (multi-head: yes  rom: no  post: no)
[    0.410402] acpi device:01: registered as cooling_device0
[    0.410910] input: Video Bus as /devices/LNXSYSTM:00/LNXSYBUS:00/PNP0A08:00/LNXVIDEO:00/input/input3
[    0.413009] ACPI Error: No pointer back to namespace node in package (ptrval) (20180313/dsargs-303)
[    0.413163] ACPI Error: Method parse/execution failed \_PR.CPU0._TSS, AE_AML_INTERNAL (20180313/psparse-516)
[    0.413344] ACPI Error: AE_AML_INTERNAL, Evaluating _TSS (20180313/processor_throttling-520)
[    0.415884] ACPI Error: No pointer back to namespace node in package (ptrval) (20180313/dsargs-303)
[    0.416377] ACPI Error: Method parse/execution failed \_PR.CPU0._TSS, AE_AML_INTERNAL (20180313/psparse-516)
[    0.416555] ACPI Error: Method parse/execution failed \_PR.CPU1._TSS, AE_AML_INTERNAL (20180313/psparse-516)
[    0.416705] ACPI Error: AE_AML_INTERNAL, Evaluating _TSS (20180313/processor_throttling-520)
[    0.422955] thermal LNXTHERM:00: registered as thermal_zone0
[    0.423049] ACPI: Thermal Zone [THM0] (79 C)
[    0.427071] thermal LNXTHERM:01: registered as thermal_zone1
[    0.427161] ACPI: Thermal Zone [THM1] (78 C)
[    0.427871] Serial: 8250/16550 driver, 4 ports, IRQ sharing disabled
[    0.429340] serial8250: ttyS1 at I/O 0x2f8 (irq = 3, base_baud = 921600) is a NS16550A
[    0.431930] lp: driver loaded but no devices found
[    0.432215] Non-volatile memory driver v1.3
[    0.433046] intel_rng: FWH not detected
[    0.433190] Linux agpgart interface v0.103
[    0.434555] [drm] radeon kernel modesetting enabled.
[    0.438403] pci 0000:00:00.0: Intel 945GM Chipset
[    0.438694] pci 0000:00:00.0: detected gtt size: 262144K total, 262144K mappable
[    0.439643] pci 0000:00:00.0: detected 8192K stolen memory
[    0.440293] [drm] Replacing VGA console driver
[    0.442752] Console: switching to colour dummy device 80x25
[    0.444849] [drm] Supports vblank timestamp caching Rev 2 (21.10.2013).
[    0.444974] [drm] Driver supports precise vblank timestamp query.
[    0.445118] resource sanity check: requesting [mem 0x000c0000-0x000dffff], which spans more than pnp 00:00 [mem 0x000c8000-0x000cbfff]
[    0.445281] caller pci_map_rom+0x58/0xf0 mapping multiple BARs
[    0.450401] i915 0000:00:02.0: vgaarb: changed VGA decodes: olddecodes=io+mem,decodes=io+mem:owns=io+mem
[    0.458763] ACPI: Deprecated procfs I/F for battery is loaded, please retry with CONFIG_ACPI_PROCFS_POWER cleared
[    0.458848] ACPI: Battery Slot [BAT0] (battery present)
[    0.496070] random: fast init done
[    0.527387] [drm] RC6 disabled, disabling runtime PM support
[    0.527692] [drm] initialized overlay support
[    0.529331] [drm] Initialized i915 1.6.0 20180413 for 0000:00:02.0 on minor 0
[    0.530543] usbcore: registered new interface driver udl
[    0.544191] loop: module loaded
[    0.554398] fbcon: inteldrmfb (fb0) is primary device
[    0.568149] ahci 0000:00:1f.2: version 3.0
[    0.568959] ahci 0000:00:1f.2: AHCI 0001.0100 32 slots 4 ports 1.5 Gbps 0x1 impl SATA mode
[    0.568965] ahci 0000:00:1f.2: flags: 64bit ncq pm led clo pio slum part 
[    0.571590] scsi host0: ahci
[    0.572374] scsi host1: ahci
[    0.572847] scsi host2: ahci
[    0.573313] scsi host3: ahci
[    0.573573] ata1: SATA max UDMA/133 abar m1024@0xee444400 port 0xee444500 irq 16
[    0.573576] ata2: DUMMY
[    0.573578] ata3: DUMMY
[    0.573580] ata4: DUMMY
[    0.573757] ata_piix 0000:00:1f.1: version 2.13
[    0.576906] scsi host4: ata_piix
[    0.577661] scsi host5: ata_piix
[    0.577900] ata5: PATA max UDMA/100 cmd 0x1f0 ctl 0x3f6 bmdma 0x1810 irq 14
[    0.577903] ata6: PATA max UDMA/100 cmd 0x170 ctl 0x376 bmdma 0x1818 irq 15
[    0.578884] tun: Universal TUN/TAP device driver, 1.6
[    0.579627] e1000: Intel(R) PRO/1000 Network Driver - version 7.3.21-k8-NAPI
[    0.579628] e1000: Copyright (c) 1999-2006 Intel Corporation.
[    0.579707] e1000e: Intel(R) PRO/1000 Network Driver - 3.2.6-k
[    0.579709] e1000e: Copyright(c) 1999 - 2015 Intel Corporation.
[    0.579827] e1000e 0000:02:00.0: Disabling ASPM  L1
[    0.579831] e1000e 0000:02:00.0: can't disable ASPM; OS doesn't have ASPM control
[    0.580606] e1000e 0000:02:00.0: Interrupt Throttling Rate (ints/sec) set to dynamic conservative mode
[    0.580862] ata6: port disabled--ignoring
[    0.704952] e1000e 0000:02:00.0 eth0: (PCI Express:2.5GT/s:Width x1) 00:16:d3:25:19:04
[    0.704956] e1000e 0000:02:00.0 eth0: Intel(R) PRO/1000 Network Connection
[    0.705034] e1000e 0000:02:00.0 eth0: MAC: 2, PHY: 2, PBA No: 005302-003
[    0.705295] PPP generic driver version 2.4.2
[    0.705544] PPP BSD Compression module registered
[    0.705546] PPP Deflate Compression module registered
[    0.705549] SLIP: version 0.8.4-NET3.019-NEWTTY (dynamic channels, max=256).
[    0.705551] CSLIP: code copyright 1989 Regents of the University of California.
[    0.705645] iwl3945: Intel(R) PRO/Wireless 3945ABG/BG Network Connection driver for Linux, in-tree:ds
[    0.705647] iwl3945: Copyright(c) 2003-2011 Intel Corporation
[    0.705648] iwl3945: hw_scan is disabled
[    0.705870] iwl3945 0000:03:00.0: can't disable ASPM; OS doesn't have ASPM control
[    0.760710] iwl3945 0000:03:00.0: Tunable channels: 11 802.11bg, 13 802.11a channels
[    0.760713] iwl3945 0000:03:00.0: Detected Intel Wireless WiFi Link 3945ABG
[    0.761629] ieee80211 phy0: Selected rate control algorithm 'iwl-3945-rs'
[    0.762609] Intel(R) Wireless WiFi driver for Linux
[    0.762611] Copyright(c) 2003- 2015 Intel Corporation
[    0.762852] usbcore: registered new interface driver ax88179_178a
[    0.762896] usbcore: registered new interface driver cdc_ether
[    0.762943] usbcore: registered new interface driver net1080
[    0.762987] usbcore: registered new interface driver cdc_subset
[    0.763030] usbcore: registered new interface driver zaurus
[    0.763087] usbcore: registered new interface driver cdc_ncm
[    0.763174] pci 0000:00:1e.0: enabling device (0005 -> 0007)
[    0.763425] yenta_cardbus 0000:15:00.0: CardBus bridge found [17aa:201c]
[    0.892105] ata1: SATA link up 1.5 Gbps (SStatus 113 SControl 300)
[    0.957700] ata1.00: ACPI cmd ef/02:00:00:00:00:a0 (SET FEATURES) succeeded
[    0.957705] ata1.00: ACPI cmd f5/00:00:00:00:00:a0 (SECURITY FREEZE LOCK) filtered out
[    0.957709] ata1.00: ACPI cmd ef/10:03:00:00:00:a0 (SET FEATURES) filtered out
[    1.001520] ata1.00: ATA-9: ST1000LM014-1EJ164, SM11, max UDMA/133
[    1.001524] ata1.00: 1953525168 sectors, multi 16: LBA48 NCQ (depth 32), AA
[    1.046142] ata1.00: ACPI cmd ef/02:00:00:00:00:a0 (SET FEATURES) succeeded
[    1.046146] ata1.00: ACPI cmd f5/00:00:00:00:00:a0 (SECURITY FREEZE LOCK) filtered out
[    1.046151] ata1.00: ACPI cmd ef/10:03:00:00:00:a0 (SET FEATURES) filtered out
[    1.090270] ata1.00: configured for UDMA/133
[    1.275325] Console: switching to colour frame buffer device 102x42
[    1.402093] i915 0000:00:02.0: fb0: inteldrmfb frame buffer device
[    1.405361] scsi 0:0:0:0: Direct-Access     ATA      ST1000LM014-1EJ1 SM11 PQ: 0 ANSI: 5
[    1.409179] sd 0:0:0:0: [sda] 1953525168 512-byte logical blocks: (1.00 TB/932 GiB)
[    1.409331] sd 0:0:0:0: Attached scsi generic sg0 type 0
[    1.411756] sd 0:0:0:0: [sda] 4096-byte physical blocks
[    1.416948] sd 0:0:0:0: [sda] Write Protect is off
[    1.419431] sd 0:0:0:0: [sda] Mode Sense: 00 3a 00 00
[    1.419587] sd 0:0:0:0: [sda] Write cache: enabled, read cache: enabled, doesn't support DPO or FUA
[    1.432583]  sda: sda1 sda2 sda3 sda4
[    1.437179] sd 0:0:0:0: [sda] Attached SCSI disk
[    1.572914] yenta_cardbus 0000:15:00.0: ISA IRQ mask 0x0cb8, PCI irq 16
[    1.575515] yenta_cardbus 0000:15:00.0: Socket status: 30000006
[    1.578109] yenta_cardbus 0000:15:00.0: pcmcia: parent PCI bridge window: [io  0x9000-0xcfff]
[    1.580680] yenta_cardbus 0000:15:00.0: pcmcia: parent PCI bridge window: [mem 0xe4300000-0xe7ffffff]
[    1.583175] pcmcia_socket pcmcia_socket0: cs: memory probe 0xe4300000-0xe7ffffff:
[    1.585721]  excluding 0xe4300000-0xe46cffff
[    1.588275] yenta_cardbus 0000:15:00.0: pcmcia: parent PCI bridge window: [mem 0xe0000000-0xe3ffffff 64bit pref]
[    1.590917] pcmcia_socket pcmcia_socket0: cs: memory probe 0xe0000000-0xe3ffffff:
[    1.593640]  excluding 0xe0000000-0xe3ffffff
[    1.597306] ehci_hcd: USB 2.0 'Enhanced' Host Controller (EHCI) Driver
[    1.599965] ehci-pci: EHCI PCI platform driver
[    1.603175] ehci-pci 0000:00:1d.7: EHCI Host Controller
[    1.606186] ehci-pci 0000:00:1d.7: new USB bus registered, assigned bus number 1
[    1.609039] ehci-pci 0000:00:1d.7: debug port 1
[    1.615770] ehci-pci 0000:00:1d.7: cache line size of 64 is not supported
[    1.615822] ehci-pci 0000:00:1d.7: irq 19, io mem 0xee444000
[    1.632114] ehci-pci 0000:00:1d.7: USB 2.0 started, EHCI 1.00
[    1.635633] usb usb1: New USB device found, idVendor=1d6b, idProduct=0002, bcdDevice= 4.17
[    1.638612] usb usb1: New USB device strings: Mfr=3, Product=2, SerialNumber=1
[    1.641543] usb usb1: Product: EHCI Host Controller
[    1.644421] usb usb1: Manufacturer: Linux 4.17.0-rc4-next-20180514 ehci_hcd
[    1.647303] usb usb1: SerialNumber: 0000:00:1d.7
[    1.650922] hub 1-0:1.0: USB hub found
[    1.653859] hub 1-0:1.0: 8 ports detected
[    1.658705] ohci_hcd: USB 1.1 'Open' Host Controller (OHCI) Driver
[    1.661494] ohci-pci: OHCI PCI platform driver
[    1.664316] uhci_hcd: USB Universal Host Controller Interface driver
[    1.667604] uhci_hcd 0000:00:1d.0: UHCI Host Controller
[    1.670651] uhci_hcd 0000:00:1d.0: new USB bus registered, assigned bus number 2
[    1.673487] uhci_hcd 0000:00:1d.0: detected 2 ports
[    1.676241] uhci_hcd 0000:00:1d.0: irq 16, io base 0x00001820
[    1.679389] usb usb2: New USB device found, idVendor=1d6b, idProduct=0001, bcdDevice= 4.17
[    1.682189] usb usb2: New USB device strings: Mfr=3, Product=2, SerialNumber=1
[    1.684952] usb usb2: Product: UHCI Host Controller
[    1.687691] usb usb2: Manufacturer: Linux 4.17.0-rc4-next-20180514 uhci_hcd
[    1.690455] usb usb2: SerialNumber: 0000:00:1d.0
[    1.693748] hub 2-0:1.0: USB hub found
[    1.696522] hub 2-0:1.0: 2 ports detected
[    1.700310] uhci_hcd 0000:00:1d.1: UHCI Host Controller
[    1.703186] uhci_hcd 0000:00:1d.1: new USB bus registered, assigned bus number 3
[    1.705873] uhci_hcd 0000:00:1d.1: detected 2 ports
[    1.708543] uhci_hcd 0000:00:1d.1: irq 17, io base 0x00001840
[    1.711558] usb usb3: New USB device found, idVendor=1d6b, idProduct=0001, bcdDevice= 4.17
[    1.714243] usb usb3: New USB device strings: Mfr=3, Product=2, SerialNumber=1
[    1.716793] usb usb3: Product: UHCI Host Controller
[    1.719226] usb usb3: Manufacturer: Linux 4.17.0-rc4-next-20180514 uhci_hcd
[    1.721691] usb usb3: SerialNumber: 0000:00:1d.1
[    1.724755] hub 3-0:1.0: USB hub found
[    1.727222] hub 3-0:1.0: 2 ports detected
[    1.730837] uhci_hcd 0000:00:1d.2: UHCI Host Controller
[    1.733478] uhci_hcd 0000:00:1d.2: new USB bus registered, assigned bus number 4
[    1.735879] uhci_hcd 0000:00:1d.2: detected 2 ports
[    1.738336] uhci_hcd 0000:00:1d.2: irq 18, io base 0x00001860
[    1.741186] usb usb4: New USB device found, idVendor=1d6b, idProduct=0001, bcdDevice= 4.17
[    1.743633] usb usb4: New USB device strings: Mfr=3, Product=2, SerialNumber=1
[    1.746089] usb usb4: Product: UHCI Host Controller
[    1.748468] usb usb4: Manufacturer: Linux 4.17.0-rc4-next-20180514 uhci_hcd
[    1.750873] usb usb4: SerialNumber: 0000:00:1d.2
[    1.753900] hub 4-0:1.0: USB hub found
[    1.756391] hub 4-0:1.0: 2 ports detected
[    1.759928] uhci_hcd 0000:00:1d.3: UHCI Host Controller
[    1.762623] uhci_hcd 0000:00:1d.3: new USB bus registered, assigned bus number 5
[    1.765053] uhci_hcd 0000:00:1d.3: detected 2 ports
[    1.767432] uhci_hcd 0000:00:1d.3: irq 19, io base 0x00001880
[    1.770217] usb usb5: New USB device found, idVendor=1d6b, idProduct=0001, bcdDevice= 4.17
[    1.772687] usb usb5: New USB device strings: Mfr=3, Product=2, SerialNumber=1
[    1.775083] usb usb5: Product: UHCI Host Controller
[    1.777483] usb usb5: Manufacturer: Linux 4.17.0-rc4-next-20180514 uhci_hcd
[    1.779880] usb usb5: SerialNumber: 0000:00:1d.3
[    1.782869] hub 5-0:1.0: USB hub found
[    1.785314] hub 5-0:1.0: 2 ports detected
[    1.788567] usbcore: registered new interface driver cdc_acm
[    1.790826] cdc_acm: USB Abstract Control Model driver for USB modems and ISDN adapters
[    1.793272] usbcore: registered new interface driver usblp
[    1.795731] usbcore: registered new interface driver usb-storage
[    1.798133] usbcore: registered new interface driver ums-sddr09
[    1.800601] usbcore: registered new interface driver usbserial_generic
[    1.802929] usbserial: USB Serial support registered for generic
[    1.805304] usbcore: registered new interface driver ch341
[    1.807588] usbserial: USB Serial support registered for ch341-uart
[    1.810233] usbcore: registered new interface driver ftdi_sio
[    1.812539] usbserial: USB Serial support registered for FTDI USB Serial Device
[    1.814952] usbcore: registered new interface driver option
[    1.817293] usbserial: USB Serial support registered for GSM modem (1-port)
[    1.819773] usbcore: registered new interface driver pl2303
[    1.822205] usbserial: USB Serial support registered for pl2303
[    1.824749] usbcore: registered new interface driver ti_usb_3410_5052
[    1.827192] usbserial: USB Serial support registered for TI USB 3410 1 port adapter
[    1.829713] usbserial: USB Serial support registered for TI USB 5052 2 port adapter
[    1.832180] ftdi_elan: driver ftdi-elan
[    1.834591] usbcore: registered new interface driver ftdi-elan
[    1.837195] i8042: PNP: PS/2 Controller [PNP0303:KBD,PNP0f13:MOU] at 0x60,0x64 irq 1,12
[    1.850083] serio: i8042 KBD port at 0x60,0x64 irq 1
[    1.852573] serio: i8042 AUX port at 0x60,0x64 irq 12
[    1.855766] mousedev: PS/2 mouse device common for all mice
[    1.859388] input: PC Speaker as /devices/platform/pcspkr/input/input4
[    1.862549] rtc_cmos 00:02: RTC can wake from S4
[    1.865555] rtc_cmos 00:02: registered as rtc0
[    1.868156] rtc_cmos 00:02: alarms up to one month, y3k, 114 bytes nvram, hpet irqs
[    1.870821] usbcore: registered new interface driver uvcvideo
[    1.873333] USB Video Class driver (1.1.1)
[    1.875757] gspca_main: v2.14.0 registered
[    1.878232] usbcore: registered new interface driver sq930x
[    1.881757] device-mapper: ioctl: 4.39.0-ioctl (2018-04-03) initialised: dm-devel@redhat.com
[    1.884298] Bluetooth: HCI UART driver ver 2.3
[    1.886769] Bluetooth: HCI UART protocol H4 registered
[    1.889270] Bluetooth: HCI UART protocol BCSP registered
[    1.891858] usbcore: registered new interface driver btusb
[    1.894481] sdhci: Secure Digital Host Controller Interface driver
[    1.896953] sdhci: Copyright(c) Pierre Ossman
[    1.899402] sdhci-pci 0000:15:00.2: SDHCI controller found [1180:0822] (rev 18)
[    1.902302] sdhci-pci 0000:15:00.2: Will use DMA mode even though HW doesn't fully claim to support it.
[    1.905453] mmc0 bounce up to 128 segments into one, max segment size 65536 bytes
[    1.908190] sdhci-pci 0000:15:00.2: Will use DMA mode even though HW doesn't fully claim to support it.
[    1.911567] mmc0: SDHCI controller on PCI [0000:15:00.2] using DMA
[    1.914596] hidraw: raw HID events driver (C) Jiri Kosina
[    1.918728] usbcore: registered new interface driver usbhid
[    1.919176] input: AT Translated Set 2 keyboard as /devices/platform/i8042/serio0/input/input5
[    1.921505] usbhid: USB HID core driver
[    1.923616] thinkpad_acpi: ThinkPad ACPI Extras v0.26
[    1.930016] thinkpad_acpi: http://ibm-acpi.sf.net/
[    1.932735] thinkpad_acpi: ThinkPad BIOS 7BETD8WW (2.19 ), EC 7BHT40WW-1.13
[    1.935471] thinkpad_acpi: Lenovo ThinkPad X60, model 17097HU
[    1.944492] thinkpad_acpi: ACPI backlight control delay disabled
[    1.947625] thinkpad_acpi: radio switch found; radios are enabled
[    1.950455] thinkpad_acpi: This ThinkPad has standard ACPI backlight brightness control, supported by the ACPI video driver
[    1.956033] thinkpad_acpi: Disabling thinkpad-acpi brightness events by default...
[    1.970323] thinkpad_acpi: rfkill switch tpacpi_bluetooth_sw: radio is unblocked
[    1.971402] sdhci-pci 0000:15:00.2: Will use DMA mode even though HW doesn't fully claim to support it.
[    1.978868] thinkpad_acpi: warning: userspace override of important firmware LEDs is enabled
[    1.986997] thinkpad_acpi: Standard ACPI backlight interface available, not loading native one
[    1.990158] thinkpad_acpi: volume: disabled as there is no ALSA support in this kernel
[    1.993959] thinkpad_acpi: battery 1 registered (start 0, stop 0)
[    1.993978] battery: new extension: ThinkPad Battery Extension
[    2.000524] input: ThinkPad Extra Buttons as /devices/platform/thinkpad_acpi/input/input8
[    2.007267] snd_hda_intel 0000:00:1b.0: probe_mask set to 0x1 for device 17aa:2010
[    2.010990] usbcore: registered new interface driver snd-usb-audio
[    2.015951] NET: Registered protocol family 17
[    2.019597] Bluetooth: RFCOMM TTY layer initialized
[    2.022695] Bluetooth: RFCOMM socket layer initialized
[    2.025757] Bluetooth: RFCOMM ver 1.11
[    2.028238] sdhci-pci 0000:15:00.2: Will use DMA mode even though HW doesn't fully claim to support it.
[    2.028765] Bluetooth: BNEP (Ethernet Emulation) ver 1.3
[    2.035129] Bluetooth: BNEP filters: protocol multicast
[    2.038284] Bluetooth: BNEP socket layer initialized
[    2.041397] Bluetooth: HIDP (Human Interface Emulation) ver 1.2
[    2.044505] Bluetooth: HIDP socket layer initialized
[    2.047903] microcode: sig=0x6e8, pf=0x20, revision=0x39
[    2.051151] microcode: Microcode Update Driver: v2.2.
[    2.051158] Using IPI No-Shortcut mode
[    2.057756] Loading compiled-in X.509 certificates
[    2.062088] Key type encrypted registered
[    2.066438] rtc_cmos 00:02: setting system clock to 2018-05-14 13:54:26 UTC (1526306066)
[    2.071323] snd_hda_codec_analog hdaudioC0D0: autoconfig for AD1981: line_outs=1 (0x5/0x0/0x0/0x0/0x0) type:speaker
[    2.077493] snd_hda_codec_analog hdaudioC0D0:    speaker_outs=0 (0x0/0x0/0x0/0x0/0x0)
[    2.080577] snd_hda_codec_analog hdaudioC0D0:    hp_outs=0 (0x0/0x0/0x0/0x0/0x0)
[    2.081992] cfg80211: Loading compiled-in X.509 certificates for regulatory database
[    2.083612] snd_hda_codec_analog hdaudioC0D0:    mono: mono_out=0x0
[    2.089232] cfg80211: Loaded X.509 cert 'sforshee: 00b28ddf47aef9cea7'
[    2.090066] snd_hda_codec_analog hdaudioC0D0:    inputs:
[    2.093657] platform regulatory.0: Direct firmware load for regulatory.db failed with error -2
[    2.096222] snd_hda_codec_analog hdaudioC0D0:      Mic=0x8
[    2.096226] snd_hda_codec_analog hdaudioC0D0:      CD=0x19
[    2.105515] cfg80211: failed to load regulatory.db
[    2.108966] PM: Image not found (code -22)
[    2.108988] ALSA device list:
[    2.111904]   No soundcards found.
[    2.135935] sdhci-pci 0000:15:00.2: Will use DMA mode even though HW doesn't fully claim to support it.
[    2.214656] sdhci-pci 0000:15:00.2: Will use DMA mode even though HW doesn't fully claim to support it.
[    2.276116] usb 5-1: new full-speed USB device number 2 using uhci_hcd
[    2.465535] usb 5-1: New USB device found, idVendor=0a5c, idProduct=2110, bcdDevice= 1.00
[    2.470514] usb 5-1: New USB device strings: Mfr=1, Product=2, SerialNumber=0
[    2.475392] usb 5-1: Product: BCM2045B
[    2.480116] usb 5-1: Manufacturer: Broadcom Corp
[    2.577853] psmouse serio1: trackpoint: IBM TrackPoint firmware: 0x0e, buttons: 3/3
[    2.600289] input: TPPS/2 IBM TrackPoint as /devices/platform/i8042/serio1/input/input7
[    2.609335] md: Waiting for all devices to be available before autodetect
[    2.613148] md: If you don't use raid, use raid=noautodetect
[    2.617871] md: Autodetecting RAID arrays.
[    2.621500] md: autorun ...
[    2.625052] md: ... autorun DONE.
[    2.640861] EXT4-fs (sda4): mounted filesystem with ordered data mode. Opts: (null)
[    2.644665] VFS: Mounted root (ext4 filesystem) readonly on device 8:4.
[    2.648988] devtmpfs: mounted
[    2.652354] Freeing unused kernel memory: 596K
[    2.664426] Write protecting the kernel text: 12108k
[    2.668240] Write protecting the kernel read-only data: 4776k
[    2.671890] NX-protecting the kernel data: 6324k
[    2.676245] x86/mm: Checked W+X mappings: passed, no W+X pages found.
[    2.679027] rodata_test: all tests were successful
[    3.364131] usb 5-2: new full-speed USB device number 3 using uhci_hcd
[    3.535651] random: systemd: uninitialized urandom read (16 bytes read)
[    3.541415] systemd[1]: systemd 215 running in system mode. (+PAM +AUDIT +SELINUX +IMA +SYSVINIT +LIBCRYPTSETUP +GCRYPT +ACL +XZ -SECCOMP -APPARMOR)
[    3.568317] systemd[1]: Detected architecture 'x86'.
[    3.574493] usb 5-2: New USB device found, idVendor=0483, idProduct=2016, bcdDevice= 0.01
[    3.578270] usb 5-2: New USB device strings: Mfr=1, Product=2, SerialNumber=0
[    3.581989] usb 5-2: Product: Biometric Coprocessor
[    3.585597] usb 5-2: Manufacturer: STMicroelectronics
[    3.742853] systemd[1]: Failed to insert module 'ipv6'
[    3.755239] systemd[1]: Set hostname to <amd>.
[    3.952306] random: systemd-sysv-ge: uninitialized urandom read (16 bytes read)
[    5.245515] random: systemd-sysv-ge: uninitialized urandom read (16 bytes read)
[    5.319758] random: systemd: uninitialized urandom read (16 bytes read)
[    5.323166] random: systemd: uninitialized urandom read (16 bytes read)
[    6.178360] systemd[1]: Binding to IPv6 address not available since kernel does not support IPv6.
[    6.183054] systemd[1]: [/lib/systemd/system/gpsd.socket:6] Failed to parse address value, ignoring: [::1]:2947
[    6.205701] systemd[1]: Starting Forward Password Requests to Wall Directory Watch.
[    6.210044] systemd[1]: Started Forward Password Requests to Wall Directory Watch.
[    6.213633] systemd[1]: Starting Remote File Systems (Pre).
[    6.223548] systemd[1]: Reached target Remote File Systems (Pre).
[    6.471989] random: crng init done
[    6.476051] random: 5 urandom warning(s) missed due to ratelimiting
[    7.210363] systemd-udevd[1837]: starting version 215
[    8.830712] EXT4-fs (sda4): re-mounted. Opts: errors=remount-ro
[    9.388486] e1000e 0000:02:00.0 eth1: renamed from eth0
[    9.408390] systemd-udevd[2380]: renamed network interface eth0 to eth1
[   12.049550] Adding 2097148k swap on /dev/sda1.  Priority:-2 extents:1 across:2097148k 
[   12.371377] EXT4-fs (sda2): mounted filesystem with ordered data mode. Opts: errors=remount-ro
[   12.523407] systemd-journald[1836]: Received request to flush runtime journal from PID 1
[   20.262729] NFSD: Using /var/lib/nfs/v4recovery as the NFSv4 state recovery directory
[   20.280230] NFSD: starting 90-second grace period (net f0000098)
[   24.207257] iwl3945 0000:03:00.0: loaded firmware version 15.32.2.9
[   26.510618] e1000e: eth1 NIC Link is Up 100 Mbps Full Duplex, Flow Control: Rx/Tx
[   26.510803] e1000e 0000:02:00.0 eth1: 10/100 speed: disabling TSO
[   30.661371] wlan0: authenticate with 00:00:00:00:00:01
[   30.666396] wlan0: send auth to 00:00:00:00:00:01 (try 1/3)
[   30.668360] wlan0: authenticated
[   30.672182] wlan0: associate with 00:00:00:00:00:01 (try 1/3)
[   30.685627] wlan0: RX AssocResp from 00:00:00:00:00:01 (capab=0x401 status=0 aid=3)
[   30.697926] wlan0: associated
