[    0.000000] Linux version 4.19.0-rc3-next-20180913 (pavel@duo) (gcc version 4.9.2 (Debian 4.9.2-10+deb8u1)) #158 SMP Sun Sep 16 08:25:56 CEST 2018
[    0.000000] Disabled fast string operations
[    0.000000] x86/fpu: x87 FPU will use FXSAVE
[    0.000000] BIOS-provided physical RAM map:
[    0.000000] BIOS-e820: [mem 0x0000000000000000-0x000000000009efff] usable
[    0.000000] BIOS-e820: [mem 0x000000000009f000-0x000000000009ffff] reserved
[    0.000000] BIOS-e820: [mem 0x00000000000dc000-0x00000000000fffff] reserved
[    0.000000] BIOS-e820: [mem 0x0000000000100000-0x00000000bf6cffff] usable
[    0.000000] BIOS-e820: [mem 0x00000000bf6d0000-0x00000000bf6defff] ACPI data
[    0.000000] BIOS-e820: [mem 0x00000000bf6df000-0x00000000bf6fffff] ACPI NVS
[    0.000000] BIOS-e820: [mem 0x00000000bf700000-0x00000000bfffffff] reserved
[    0.000000] BIOS-e820: [mem 0x00000000f0000000-0x00000000f3ffffff] reserved
[    0.000000] BIOS-e820: [mem 0x00000000fec00000-0x00000000fec0ffff] reserved
[    0.000000] BIOS-e820: [mem 0x00000000fed00000-0x00000000fed003ff] reserved
[    0.000000] BIOS-e820: [mem 0x00000000fed14000-0x00000000fed19fff] reserved
[    0.000000] BIOS-e820: [mem 0x00000000fed1c000-0x00000000fed8ffff] reserved
[    0.000000] BIOS-e820: [mem 0x00000000fee00000-0x00000000fee00fff] reserved
[    0.000000] BIOS-e820: [mem 0x00000000ff800000-0x00000000ffffffff] reserved
[    0.000000] NX (Execute Disable) protection: active
[    0.000000] SMBIOS 2.4 present.
[    0.000000] DMI: LENOVO 17097HU/17097HU, BIOS 7BETD8WW (2.19 ) 03/31/2011
[    0.000000] tsc: Fast TSC calibration using PIT
[    0.000000] tsc: Detected 1828.658 MHz processor
[    0.014174] e820: update [mem 0x00000000-0x00000fff] usable ==> reserved
[    0.014185] e820: remove [mem 0x000a0000-0x000fffff] usable
[    0.014201] last_pfn = 0xbf6d0 max_arch_pfn = 0x1000000
[    0.014214] MTRR default type: uncachable
[    0.014217] MTRR fixed ranges enabled:
[    0.014221]   00000-9FFFF write-back
[    0.014224]   A0000-BFFFF uncachable
[    0.014227]   C0000-CFFFF write-protect
[    0.014230]   D0000-DBFFF uncachable
[    0.014233]   DC000-DFFFF write-back
[    0.014236]   E0000-FFFFF write-protect
[    0.014239] MTRR variable ranges enabled:
[    0.014242]   0 base 000000000 mask F80000000 write-back
[    0.014246]   1 base 080000000 mask FC0000000 write-back
[    0.014249]   2 base 0BF700000 mask FFFF00000 uncachable
[    0.014252]   3 base 0BF800000 mask FFF800000 uncachable
[    0.014254]   4 disabled
[    0.014257]   5 disabled
[    0.014259]   6 disabled
[    0.014262]   7 disabled
[    0.015348] x86/PAT: PAT not supported by CPU.
[    0.016545] x86/PAT: Configuration [0-7]: WB  WT  UC- UC  WB  WT  UC- UC  
[    0.016572] initial memory mapped: [mem 0x00000000-0x05dfffff]
[    0.016581] Base memory trampoline at [(ptrval)] 9b000 size 16384
[    0.016662] BRK [0x0585d000, 0x0585dfff] PGTABLE
[    0.016680] BRK [0x0585e000, 0x0585efff] PGTABLE
[    0.016691] ACPI: Early table checksum verification disabled
[    0.016874] ACPI: RSDP 0x00000000000F67C0 000024 (v02 LENOVO)
[    0.016885] ACPI: XSDT 0x00000000BF6D191C 000084 (v01 LENOVO TP-7B    00002190  LTP 00000000)
[    0.016901] ACPI: FACP 0x00000000BF6D1A00 0000F4 (v03 LENOVO TP-7B    00002190 LNVO 00000001)
[    0.016915] ACPI BIOS Warning (bug): 32/64X length mismatch in FADT/Gpe0Block: 64/32 (20180810/tbfadt-569)
[    0.016926] ACPI BIOS Warning (bug): Optional FADT field Gpe1Block has valid Address but zero Length: 0x000000000000102C/0x0 (20180810/tbfadt-624)
[    0.016939] ACPI: DSDT 0x00000000BF6D1D90 00CFB9 (v01 LENOVO TP-7B    00002190 MSFT 0100000E)
[    0.016951] ACPI: FACS 0x00000000BF6F4000 000040
[    0.016961] ACPI: FACS 0x00000000BF6F4000 000040
[    0.016972] ACPI: SSDT 0x00000000BF6D1BB4 0001DC (v01 LENOVO TP-7B    00002190 MSFT 0100000E)
[    0.016984] ACPI: ECDT 0x00000000BF6DED49 000052 (v01 LENOVO TP-7B    00002190 LNVO 00000001)
[    0.016996] ACPI: TCPA 0x00000000BF6DED9B 000032 (v02 LENOVO TP-7B    00002190 LNVO 00000001)
[    0.017007] ACPI: APIC 0x00000000BF6DEDCD 000068 (v01 LENOVO TP-7B    00002190 LNVO 00000001)
[    0.017019] ACPI: MCFG 0x00000000BF6DEE35 00003C (v01 LENOVO TP-7B    00002190 LNVO 00000001)
[    0.017031] ACPI: HPET 0x00000000BF6DEE71 000038 (v01 LENOVO TP-7B    00002190 LNVO 00000001)
[    0.017043] ACPI: BOOT 0x00000000BF6DEFD8 000028 (v01 LENOVO TP-7B    00002190  LTP 00000001)
[    0.017055] ACPI: SSDT 0x00000000BF6F2645 00025F (v01 LENOVO TP-7B    00002190 INTL 20050513)
[    0.017067] ACPI: SSDT 0x00000000BF6F28A4 0000A6 (v01 LENOVO TP-7B    00002190 INTL 20050513)
[    0.017079] ACPI: SSDT 0x00000000BF6F294A 0004F7 (v01 LENOVO TP-7B    00002190 INTL 20050513)
[    0.017091] ACPI: SSDT 0x00000000BF6F2E41 0001D8 (v01 LENOVO TP-7B    00002190 INTL 20050513)
[    0.017114] ACPI: Local APIC address 0xfee00000
[    0.017120] 2176MB HIGHMEM available.
[    0.017125] 885MB LOWMEM available.
[    0.017129]   mapped low ram: 0 - 375fe000
[    0.017133]   low ram: 0 - 375fe000
[    0.017144] BRK [0x0585f000, 0x0585ffff] PGTABLE
[    0.017150] Zone ranges:
[    0.017154]   DMA      [mem 0x0000000000001000-0x0000000000ffffff]
[    0.017161]   Normal   [mem 0x0000000001000000-0x00000000375fdfff]
[    0.017168]   HighMem  [mem 0x00000000375fe000-0x00000000bf6cffff]
[    0.017174] Movable zone start for each node
[    0.017178] Early memory node ranges
[    0.017182]   node   0: [mem 0x0000000000001000-0x000000000009efff]
[    0.017187]   node   0: [mem 0x0000000000100000-0x00000000bf6cffff]
[    0.017192] Initmem setup node 0 [mem 0x0000000000001000-0x00000000bf6cffff]
[    0.017198] On node 0 totalpages: 783982
[    0.028574]   DMA zone: 32 pages used for memmap
[    0.028578]   DMA zone: 0 pages reserved
[    0.028581]   DMA zone: 3998 pages, LIFO batch:0
[    0.028692]   Normal zone: 1740 pages used for memmap
[    0.028695]   Normal zone: 222718 pages, LIFO batch:63
[    0.034351]   HighMem zone: 557266 pages, LIFO batch:63
[    0.048555] Using APIC driver default
[    0.048573] Reserving Intel graphics memory at [mem 0xbf800000-0xbfffffff]
[    0.049055] ACPI: PM-Timer IO Port: 0x1008
[    0.049061] ACPI: Local APIC address 0xfee00000
[    0.049073] ACPI: LAPIC_NMI (acpi_id[0x00] high edge lint[0x1])
[    0.049078] ACPI: LAPIC_NMI (acpi_id[0x01] high edge lint[0x1])
[    0.049110] IOAPIC[0]: apic_id 1, version 32, address 0xfec00000, GSI 0-23
[    0.049117] ACPI: INT_SRC_OVR (bus 0 bus_irq 0 global_irq 2 dfl dfl)
[    0.049123] ACPI: INT_SRC_OVR (bus 0 bus_irq 9 global_irq 9 high level)
[    0.049129] ACPI: IRQ0 used by override.
[    0.049133] ACPI: IRQ9 used by override.
[    0.049140] Using ACPI (MADT) for SMP configuration information
[    0.049145] ACPI: HPET id: 0x8086a201 base: 0xfed00000
[    0.049158] smpboot: Allowing 2 CPUs, 0 hotplug CPUs
[    0.049200] PM: Registered nosave memory: [mem 0x00000000-0x00000fff]
[    0.049206] PM: Registered nosave memory: [mem 0x0009f000-0x0009ffff]
[    0.049210] PM: Registered nosave memory: [mem 0x000a0000-0x000dbfff]
[    0.049214] PM: Registered nosave memory: [mem 0x000dc000-0x000fffff]
[    0.049224] [mem 0xc0000000-0xefffffff] available for PCI devices
[    0.049231] clocksource: refined-jiffies: mask: 0xffffffff max_cycles: 0xffffffff, max_idle_ns: 7645519600211568 ns
[    0.049257] random: get_random_bytes called from start_kernel+0x74/0x351 with crng_init=0
[    0.049270] setup_percpu: NR_CPUS:8 nr_cpumask_bits:8 nr_cpu_ids:2 nr_node_ids:1
[    0.049475] percpu: Embedded 29 pages/cpu @(ptrval) s86376 r0 d32408 u118784
[    0.049490] pcpu-alloc: s86376 r0 d32408 u118784 alloc=29*4096
[    0.049494] pcpu-alloc: [0] 0 [0] 1 
[    0.049537] Built 1 zonelists, mobility grouping on.  Total pages: 782210
[    0.049548] Kernel command line: BOOT_IMAGE=(hd0,2)/fast/l/linux-next-32/arch/x86/boot/bzImage root=/dev/sda4 resume=/dev/sda1
[    0.049967] Dentry cache hash table entries: 131072 (order: 7, 524288 bytes)
[    0.050087] Inode-cache hash table entries: 65536 (order: 6, 262144 bytes)
[    0.050111] Initializing CPU#0
[    0.050124] Initializing HighMem for node 0 (000375fe:000bf6d0)
[    0.392500] Initializing Movable for node 0 (00000000:00000000)
[    0.476442] Memory: 3085360K/3135928K available (12285K kernel code, 705K rwdata, 4792K rodata, 608K init, 6148K bss, 50568K reserved, 0K cma-reserved, 2229064K highmem)
[    0.476454] virtual kernel memory layout:
    fixmap  : 0xffe70000 - 0xfffff000   (1596 kB)
  cpu_entry : 0xffa00000 - 0xffb31000   (1220 kB)
    pkmap   : 0xff600000 - 0xff800000   (2048 kB)
    vmalloc : 0xf7dfe000 - 0xff5fe000   ( 120 MB)
    lowmem  : 0xc0000000 - 0xf75fe000   ( 885 MB)
      .init : 0xc5189000 - 0xc5221000   ( 608 kB)
      .data : 0xc4bff694 - 0xc5166580   (5531 kB)
      .text : 0xc4000000 - 0xc4bff694   (12285 kB)
[    0.476460] Checking if this processor honours the WP bit even in supervisor mode...Ok.
[    0.476909] Kernel/User page tables isolation: enabled
[    0.477244] rcu: Hierarchical RCU implementation.
[    0.477250] rcu: 	RCU restricting CPUs from NR_CPUS=8 to nr_cpu_ids=2.
[    0.477255] rcu: RCU calculated value of scheduler-enlistment delay is 25 jiffies.
[    0.477259] rcu: Adjusting geometry for rcu_fanout_leaf=16, nr_cpu_ids=2
[    0.477305] NR_IRQS: 2304, nr_irqs: 56, preallocated irqs: 16
[    0.477598] CPU 0 irqstacks, hard=(ptrval) soft=(ptrval)
[    0.480227] Console: colour VGA+ 80x25
[    0.488483] console [tty0] enabled
[    0.488552] Lock dependency validator: Copyright (c) 2006 Red Hat, Inc., Ingo Molnar
[    0.488643] ... MAX_LOCKDEP_SUBCLASSES:  8
[    0.488715] ... MAX_LOCK_DEPTH:          48
[    0.488788] ... MAX_LOCKDEP_KEYS:        8191
[    0.488862] ... CLASSHASH_SIZE:          4096
[    0.488935] ... MAX_LOCKDEP_ENTRIES:     32768
[    0.489009] ... MAX_LOCKDEP_CHAINS:      65536
[    0.489083] ... CHAINHASH_SIZE:          32768
[    0.489158]  memory used by lock dependency info: 4383 kB
[    0.489238]  per task-struct memory footprint: 1344 bytes
[    0.489968] ACPI: Core revision 20180810
[    0.490535] clocksource: hpet: mask: 0xffffffff max_cycles: 0xffffffff, max_idle_ns: 133484882848 ns
[    0.490669] hpet clockevent registered
[    0.490683] APIC: Switch to symmetric I/O mode setup
[    0.490761] Enabling APIC mode:  Flat.  Using 1 I/O APICs
[    0.491400] ..TIMER: vector=0x30 apic1=0 pin1=2 apic2=-1 pin2=-1
[    0.510680] clocksource: tsc-early: mask: 0xffffffffffffffff max_cycles: 0x1a5be9b6321, max_idle_ns: 440795266322 ns
[    0.510807] Calibrating delay loop (skipped), value calculated using timer frequency.. 3657.31 BogoMIPS (lpj=7314632)
[    0.510931] pid_max: default: 32768 minimum: 301
[    0.511276] Mount-cache hash table entries: 2048 (order: 1, 8192 bytes)
[    0.511370] Mountpoint-cache hash table entries: 2048 (order: 1, 8192 bytes)
[    0.512056] *** VALIDATE proc ***
[    0.512231] *** VALIDATE cgroup1 ***
[    0.512306] *** VALIDATE cgroup2 ***
[    0.512391] Disabled fast string operations
[    0.512478] process: using mwait in idle threads
[    0.512564] Last level iTLB entries: 4KB 128, 2MB 0, 4MB 2
[    0.512645] Last level dTLB entries: 4KB 128, 2MB 0, 4MB 8, 1GB 0
[    0.512732] Spectre V2 : Mitigation: Full generic retpoline
[    0.512813] Spectre V2 : Spectre v2 / SpectreRSB mitigation: Filling RSB on context switch
[    0.512908] L1TF: System has more than MAX_PA/2 memory. L1TF mitigation not effective.
[    0.513001] L1TF: You may make it effective by booting the kernel with mem=2147483648 parameter.
[    0.513111] L1TF: However, doing so will make a part of your RAM unusable.
[    0.513199] L1TF: Reading https://www.kernel.org/doc/html/latest/admin-guide/l1tf.html might help you decide.
[    0.513546] Freeing SMP alternatives memory: 44K
[    0.518804] smpboot: CPU0: Genuine Intel(R) CPU           T2400  @ 1.83GHz (family: 0x6, model: 0xe, stepping: 0x8)
[    0.518804] Performance Events: Core events, core PMU driver.
[    0.518804] ... version:                1
[    0.518804] ... bit width:              40
[    0.518804] ... generic registers:      2
[    0.518804] ... value mask:             000000ffffffffff
[    0.518804] ... max period:             000000007fffffff
[    0.518804] ... fixed-purpose events:   0
[    0.518804] ... event mask:             0000000000000003
[    0.518804] rcu: Hierarchical SRCU implementation.
[    0.518804] NMI watchdog: Enabled. Permanently consumes one hw-PMU counter.
[    0.518931] smp: Bringing up secondary CPUs ...
[    0.519975] CPU 1 irqstacks, hard=(ptrval) soft=(ptrval)
[    0.519979] x86: Booting SMP configuration:
[    0.520061] .... node  #0, CPUs:      #1
[    0.017169] Initializing CPU#1
[    0.017169] Disabled fast string operations
[    0.522521] TSC synchronization [CPU#0 -> CPU#1]:
[    0.522804] Measured 580085 cycles TSC warp between CPUs, turning off TSC clock.
[    0.522804] tsc: Marking TSC unstable due to check_tsc_sync_source failed
[    0.522997] smp: Brought up 1 node, 2 CPUs
[    0.522997] smpboot: Max logical packages: 1
[    0.522997] smpboot: Total of 2 processors activated (7314.63 BogoMIPS)
[    0.524667] devtmpfs: initialized
[    0.524667] PM: Registering ACPI NVS region [mem 0xbf6df000-0xbf6fffff] (135168 bytes)
[    0.527009] clocksource: jiffies: mask: 0xffffffff max_cycles: 0xffffffff, max_idle_ns: 7645041785100000 ns
[    0.527025] futex hash table entries: 512 (order: 3, 32768 bytes)
[    0.528031] NET: Registered protocol family 16
[    0.529525] cpuidle: using governor ladder
[    0.529688] cpuidle: using governor menu
[    0.530832] Simple Boot Flag at 0x35 set to 0x1
[    0.530876] ACPI FADT declares the system doesn't support PCIe ASPM, so disable it
[    0.530938] ACPI: bus type PCI registered
[    0.531242] PCI: MMCONFIG for domain 0000 [bus 00-3f] at [mem 0xf0000000-0xf3ffffff] (base 0xf0000000)
[    0.531362] PCI: MMCONFIG at [mem 0xf0000000-0xf3ffffff] reserved in E820
[    0.531451] PCI: Using MMCONFIG for extended config space
[    0.531532] PCI: Using configuration type 1 for base access
[    0.532015] mtrr: your CPUs had inconsistent variable MTRR settings
[    0.532102] mtrr: probably your BIOS does not setup all CPUs.
[    0.532185] mtrr: corrected configuration.
[    0.596882] ACPI: Added _OSI(Module Device)
[    0.596882] ACPI: Added _OSI(Processor Device)
[    0.596882] ACPI: Added _OSI(3.0 _SCP Extensions)
[    0.596882] ACPI: Added _OSI(Processor Aggregator Device)
[    0.596882] ACPI: Added _OSI(Linux-Dell-Video)
[    0.596882] ACPI: Added _OSI(Linux-Lenovo-NV-HDMI-Audio)
[    0.596882] ACPI: EC: EC started
[    0.596882] ACPI: EC: interrupt blocked
[    0.596882] ACPI: \: Used as first EC
[    0.596882] ACPI: \: GPE=0x1c, EC_CMD/EC_SC=0x66, EC_DATA=0x62
[    0.596882] ACPI: \: Used as boot ECDT EC to handle transactions
[    0.664505] ACPI: 6 ACPI AML tables successfully acquired and loaded
[    0.697910] ACPI: Dynamic OEM Table Load:
[    0.698007] ACPI: SSDT 0x00000000F53FF000 000240 (v01 PmRef  Cpu0Ist  00000100 INTL 20050513)
[    0.699713] ACPI: Dynamic OEM Table Load:
[    0.699808] ACPI: SSDT 0x00000000F53F8800 00065A (v01 PmRef  Cpu0Cst  00000100 INTL 20050513)
[    0.703764] ACPI: Dynamic OEM Table Load:
[    0.703857] ACPI: SSDT 0x00000000F58B8500 0000C8 (v01 PmRef  Cpu1Ist  00000100 INTL 20050513)
[    0.704814] ACPI: Dynamic OEM Table Load:
[    0.704907] ACPI: SSDT 0x00000000F4CF3F00 000085 (v01 PmRef  Cpu1Cst  00000100 INTL 20050513)
[    0.705409] ACPI: Interpreter enabled
[    0.706894] ACPI: (supports S0 S3 S4 S5)
[    0.706978] ACPI: Using IOAPIC for interrupt routing
[    0.707201] PCI: Using host bridge windows from ACPI; if necessary, use "pci=nocrs" and report a bug
[    0.708276] ACPI: Enabled 4 GPEs in block 00 to 1F
[    0.732161] ACPI: Power Resource [PUBS] (on)
[    0.733349] acpi PNP0C0A:01: ACPI dock station (docks/bays count: 1)
[    0.741277] acpi LNXIOBAY:00: ACPI dock station (docks/bays count: 2)
[    0.755801] acpi IBM0079:00: ACPI dock station (docks/bays count: 3)
[    0.758250] ACPI: PCI Interrupt Link [LNKA] (IRQs 3 4 5 6 7 9 10 *11)
[    0.759123] ACPI: PCI Interrupt Link [LNKB] (IRQs 3 4 5 6 7 9 10 *11)
[    0.759982] ACPI: PCI Interrupt Link [LNKC] (IRQs 3 4 5 6 7 9 10 *11)
[    0.760842] ACPI: PCI Interrupt Link [LNKD] (IRQs 3 4 5 6 7 9 10 *11)
[    0.761700] ACPI: PCI Interrupt Link [LNKE] (IRQs 3 4 5 6 7 9 10 *11)
[    0.762560] ACPI: PCI Interrupt Link [LNKF] (IRQs 3 4 5 6 7 9 10 *11)
[    0.763431] ACPI: PCI Interrupt Link [LNKG] (IRQs 3 4 5 6 7 9 10 *11)
[    0.764290] ACPI: PCI Interrupt Link [LNKH] (IRQs 3 4 5 6 7 9 10 *11)
[    0.764856] ACPI: PCI Root Bridge [PCI0] (domain 0000 [bus 00-ff])
[    0.764957] acpi PNP0A08:00: _OSC: OS supports [ExtendedConfig ASPM ClockPM Segments]
[    0.765996] acpi PNP0A08:00: _OSC: not requesting OS control; OS requires [ExtendedConfig ASPM ClockPM MSI]
[    0.766131] acpi PNP0A08:00: [Firmware Info]: MMCONFIG for domain 0000 [bus 00-3f] only partially covers this bridge
[    0.766507] PCI host bridge to bus 0000:00
[    0.766588] pci_bus 0000:00: root bus resource [io  0x0000-0x0cf7 window]
[    0.766681] pci_bus 0000:00: root bus resource [io  0x0d00-0xffff window]
[    0.766774] pci_bus 0000:00: root bus resource [mem 0x000a0000-0x000bffff window]
[    0.766813] pci_bus 0000:00: root bus resource [mem 0x000d0000-0x000d3fff window]
[    0.766920] pci_bus 0000:00: root bus resource [mem 0x000d4000-0x000d7fff window]
[    0.767017] pci_bus 0000:00: root bus resource [mem 0x000d8000-0x000dbfff window]
[    0.767113] pci_bus 0000:00: root bus resource [mem 0xc0000000-0xfebfffff window]
[    0.767210] pci_bus 0000:00: root bus resource [mem 0xfed40000-0xfed40fff window]
[    0.767308] pci_bus 0000:00: root bus resource [bus 00-ff]
[    0.767424] pci 0000:00:00.0: [8086:27a0] type 00 class 0x060000
[    0.767891] pci 0000:00:02.0: [8086:27a2] type 00 class 0x030000
[    0.767914] pci 0000:00:02.0: reg 0x10: [mem 0xee100000-0xee17ffff]
[    0.767925] pci 0000:00:02.0: reg 0x14: [io  0x1800-0x1807]
[    0.767936] pci 0000:00:02.0: reg 0x18: [mem 0xd0000000-0xdfffffff pref]
[    0.767947] pci 0000:00:02.0: reg 0x1c: [mem 0xee200000-0xee23ffff]
[    0.768420] pci 0000:00:02.1: [8086:27a6] type 00 class 0x038000
[    0.768440] pci 0000:00:02.1: reg 0x10: [mem 0xee180000-0xee1fffff]
[    0.768941] pci 0000:00:1b.0: [8086:27d8] type 00 class 0x040300
[    0.768986] pci 0000:00:1b.0: reg 0x10: [mem 0xee240000-0xee243fff 64bit]
[    0.769149] pci 0000:00:1b.0: PME# supported from D0 D3hot D3cold
[    0.769608] pci 0000:00:1c.0: [8086:27d0] type 01 class 0x060400
[    0.769786] pci 0000:00:1c.0: PME# supported from D0 D3hot D3cold
[    0.770243] pci 0000:00:1c.1: [8086:27d2] type 01 class 0x060400
[    0.770420] pci 0000:00:1c.1: PME# supported from D0 D3hot D3cold
[    0.770954] pci 0000:00:1c.2: [8086:27d4] type 01 class 0x060400
[    0.771132] pci 0000:00:1c.2: PME# supported from D0 D3hot D3cold
[    0.771588] pci 0000:00:1c.3: [8086:27d6] type 01 class 0x060400
[    0.771764] pci 0000:00:1c.3: PME# supported from D0 D3hot D3cold
[    0.772213] pci 0000:00:1d.0: [8086:27c8] type 00 class 0x0c0300
[    0.772291] pci 0000:00:1d.0: reg 0x20: [io  0x1820-0x183f]
[    0.772753] pci 0000:00:1d.1: [8086:27c9] type 00 class 0x0c0300
[    0.772832] pci 0000:00:1d.1: reg 0x20: [io  0x1840-0x185f]
[    0.773289] pci 0000:00:1d.2: [8086:27ca] type 00 class 0x0c0300
[    0.773367] pci 0000:00:1d.2: reg 0x20: [io  0x1860-0x187f]
[    0.773833] pci 0000:00:1d.3: [8086:27cb] type 00 class 0x0c0300
[    0.773912] pci 0000:00:1d.3: reg 0x20: [io  0x1880-0x189f]
[    0.774357] pci 0000:00:1d.7: [8086:27cc] type 00 class 0x0c0320
[    0.774392] pci 0000:00:1d.7: reg 0x10: [mem 0xee444000-0xee4443ff]
[    0.774535] pci 0000:00:1d.7: PME# supported from D0 D3hot D3cold
[    0.774973] pci 0000:00:1e.0: [8086:2448] type 01 class 0x060401
[    0.775506] pci 0000:00:1f.0: [8086:27b9] type 00 class 0x060100
[    0.775664] pci 0000:00:1f.0: quirk: [io  0x1000-0x107f] claimed by ICH6 ACPI/GPIO/TCO
[    0.775771] pci 0000:00:1f.0: quirk: [io  0x1180-0x11bf] claimed by ICH6 GPIO
[    0.775868] pci 0000:00:1f.0: ICH7 LPC Generic IO decode 1 PIO at 1600 (mask 007f)
[    0.775966] pci 0000:00:1f.0: ICH7 LPC Generic IO decode 2 PIO at 15e0 (mask 000f)
[    0.776065] pci 0000:00:1f.0: ICH7 LPC Generic IO decode 3 PIO at 1680 (mask 001f)
[    0.776601] pci 0000:00:1f.1: [8086:27df] type 00 class 0x01018a
[    0.776632] pci 0000:00:1f.1: reg 0x10: [io  0x0000-0x0007]
[    0.776648] pci 0000:00:1f.1: reg 0x14: [io  0x0000-0x0003]
[    0.776665] pci 0000:00:1f.1: reg 0x18: [io  0x0000-0x0007]
[    0.776681] pci 0000:00:1f.1: reg 0x1c: [io  0x0000-0x0003]
[    0.776697] pci 0000:00:1f.1: reg 0x20: [io  0x1810-0x181f]
[    0.776731] pci 0000:00:1f.1: legacy IDE quirk: reg 0x10: [io  0x01f0-0x01f7]
[    0.776826] pci 0000:00:1f.1: legacy IDE quirk: reg 0x14: [io  0x03f6]
[    0.776916] pci 0000:00:1f.1: legacy IDE quirk: reg 0x18: [io  0x0170-0x0177]
[    0.777010] pci 0000:00:1f.1: legacy IDE quirk: reg 0x1c: [io  0x0376]
[    0.777507] pci 0000:00:1f.2: [8086:27c5] type 00 class 0x010601
[    0.777542] pci 0000:00:1f.2: reg 0x10: [io  0x18d0-0x18d7]
[    0.777559] pci 0000:00:1f.2: reg 0x14: [io  0x18c4-0x18c7]
[    0.777575] pci 0000:00:1f.2: reg 0x18: [io  0x18c8-0x18cf]
[    0.777592] pci 0000:00:1f.2: reg 0x1c: [io  0x18c0-0x18c3]
[    0.777608] pci 0000:00:1f.2: reg 0x20: [io  0x18b0-0x18bf]
[    0.777625] pci 0000:00:1f.2: reg 0x24: [mem 0xee444400-0xee4447ff]
[    0.777709] pci 0000:00:1f.2: PME# supported from D3hot
[    0.778139] pci 0000:00:1f.3: [8086:27da] type 00 class 0x0c0500
[    0.778236] pci 0000:00:1f.3: reg 0x20: [io  0x18e0-0x18ff]
[    0.778934] pci 0000:02:00.0: [8086:109a] type 00 class 0x020000
[    0.778998] pci 0000:02:00.0: reg 0x10: [mem 0xee000000-0xee01ffff]
[    0.779046] pci 0000:02:00.0: reg 0x18: [io  0x2000-0x201f]
[    0.779301] pci 0000:02:00.0: PME# supported from D0 D3hot D3cold
[    0.779367] pci 0000:02:00.0: 2.000 Gb/s available PCIe bandwidth, limited by 2.5 GT/s x1 link at 0000:00:1c.0 (capable of 7.876 Gb/s with 8 GT/s x1 link)
[    0.779907] pci 0000:00:1c.0: PCI bridge to [bus 02]
[    0.779994] pci 0000:00:1c.0:   bridge window [io  0x2000-0x2fff]
[    0.780002] pci 0000:00:1c.0:   bridge window [mem 0xee000000-0xee0fffff]
[    0.780281] pci 0000:03:00.0: [8086:4227] type 00 class 0x028000
[    0.780390] pci 0000:03:00.0: reg 0x10: [mem 0xedf00000-0xedf00fff]
[    0.780896] pci 0000:03:00.0: PME# supported from D0 D3hot D3cold
[    0.780993] pci 0000:03:00.0: 2.000 Gb/s available PCIe bandwidth, limited by 2.5 GT/s x1 link at 0000:00:1c.1 (capable of 7.876 Gb/s with 8 GT/s x1 link)
[    0.781529] pci 0000:00:1c.1: PCI bridge to [bus 03]
[    0.781616] pci 0000:00:1c.1:   bridge window [io  0x3000-0x4fff]
[    0.781624] pci 0000:00:1c.1:   bridge window [mem 0xec000000-0xedffffff]
[    0.781635] pci 0000:00:1c.1:   bridge window [mem 0xe4000000-0xe40fffff 64bit pref]
[    0.781781] pci 0000:00:1c.2: PCI bridge to [bus 04-0b]
[    0.781871] pci 0000:00:1c.2:   bridge window [io  0x5000-0x6fff]
[    0.781879] pci 0000:00:1c.2:   bridge window [mem 0xe8000000-0xe9ffffff]
[    0.781890] pci 0000:00:1c.2:   bridge window [mem 0xe4100000-0xe41fffff 64bit pref]
[    0.782044] pci 0000:00:1c.3: PCI bridge to [bus 0c-13]
[    0.782134] pci 0000:00:1c.3:   bridge window [io  0x7000-0x8fff]
[    0.782142] pci 0000:00:1c.3:   bridge window [mem 0xea000000-0xebffffff]
[    0.782154] pci 0000:00:1c.3:   bridge window [mem 0xe4200000-0xe42fffff 64bit pref]
[    0.782194] pci_bus 0000:15: extended config space not accessible
[    0.782397] pci 0000:15:00.0: [1180:0476] type 02 class 0x060700
[    0.782430] pci 0000:15:00.0: reg 0x10: [mem 0xe4300000-0xe4300fff]
[    0.782504] pci 0000:15:00.0: supports D1 D2
[    0.782508] pci 0000:15:00.0: PME# supported from D0 D1 D2 D3hot D3cold
[    0.782766] pci 0000:15:00.1: [1180:0552] type 00 class 0x0c0010
[    0.782795] pci 0000:15:00.1: reg 0x10: [mem 0xe4301000-0xe43017ff]
[    0.782950] pci 0000:15:00.1: PME# supported from D0 D3hot D3cold
[    0.783161] pci 0000:15:00.2: [1180:0822] type 00 class 0x080500
[    0.783190] pci 0000:15:00.2: reg 0x10: [mem 0xe4301800-0xe43018ff]
[    0.783336] pci 0000:15:00.2: supports D1 D2
[    0.783341] pci 0000:15:00.2: PME# supported from D0 D1 D2 D3hot D3cold
[    0.783620] pci 0000:00:1e.0: PCI bridge to [bus 15-18] (subtractive decode)
[    0.783719] pci 0000:00:1e.0:   bridge window [io  0x9000-0xcfff]
[    0.783727] pci 0000:00:1e.0:   bridge window [mem 0xe4300000-0xe7ffffff]
[    0.783738] pci 0000:00:1e.0:   bridge window [mem 0xe0000000-0xe3ffffff 64bit pref]
[    0.783743] pci 0000:00:1e.0:   bridge window [io  0x0000-0x0cf7 window] (subtractive decode)
[    0.783748] pci 0000:00:1e.0:   bridge window [io  0x0d00-0xffff window] (subtractive decode)
[    0.783753] pci 0000:00:1e.0:   bridge window [mem 0x000a0000-0x000bffff window] (subtractive decode)
[    0.783758] pci 0000:00:1e.0:   bridge window [mem 0x000d0000-0x000d3fff window] (subtractive decode)
[    0.783763] pci 0000:00:1e.0:   bridge window [mem 0x000d4000-0x000d7fff window] (subtractive decode)
[    0.783769] pci 0000:00:1e.0:   bridge window [mem 0x000d8000-0x000dbfff window] (subtractive decode)
[    0.783774] pci 0000:00:1e.0:   bridge window [mem 0xc0000000-0xfebfffff window] (subtractive decode)
[    0.783778] pci 0000:00:1e.0:   bridge window [mem 0xfed40000-0xfed40fff window] (subtractive decode)
[    0.783823] pci_bus 0000:16: extended config space not accessible
[    0.784006] pci_bus 0000:16: busn_res: [bus 16-18] end is updated to 17
[    0.784062] pci_bus 0000:00: on NUMA node 0
[    0.790431] ACPI: EC: interrupt unblocked
[    0.790545] ACPI: EC: event unblocked
[    0.790653] ACPI: \_SB_.PCI0.LPC_.EC__: GPE=0x1c, EC_CMD/EC_SC=0x66, EC_DATA=0x62
[    0.790752] ACPI: \_SB_.PCI0.LPC_.EC__: Used as boot DSDT EC to handle transactions and events
[    0.792054] pci 0000:00:02.0: vgaarb: setting as boot VGA device
[    0.792149] pci 0000:00:02.0: vgaarb: VGA device added: decodes=io+mem,owns=io+mem,locks=none
[    0.792288] pci 0000:00:02.0: vgaarb: bridge control possible
[    0.792372] vgaarb: loaded
[    0.793017] SCSI subsystem initialized
[    0.793389] libata version 3.00 loaded.
[    0.793602] ACPI: bus type USB registered
[    0.793814] usbcore: registered new interface driver usbfs
[    0.793965] usbcore: registered new interface driver hub
[    0.794115] usbcore: registered new device driver usb
[    0.794328] media: Linux media interface: v0.10
[    0.794457] videodev: Linux video capture interface: v2.00
[    0.794614] pps_core: LinuxPPS API ver. 1 registered
[    0.794695] pps_core: Software ver. 5.3.6 - Copyright 2005-2007 Rodolfo Giometti <giometti@linux.it>
[    0.794858] PTP clock support registered
[    0.795320] EDAC MC: Ver: 3.0.0
[    0.796622] Advanced Linux Sound Architecture Driver Initialized.
[    0.796852] PCI: Using ACPI for IRQ routing
[    0.800059] PCI: pci_cache_line_size set to 64 bytes
[    0.800397] e820: reserve RAM buffer [mem 0x0009f000-0x0009ffff]
[    0.800404] e820: reserve RAM buffer [mem 0xbf6d0000-0xbfffffff]
[    0.801128] Bluetooth: Core ver 2.22
[    0.801276] NET: Registered protocol family 31
[    0.801354] Bluetooth: HCI device and connection manager initialized
[    0.801454] Bluetooth: HCI socket layer initialized
[    0.801538] Bluetooth: L2CAP socket layer initialized
[    0.801661] Bluetooth: SCO socket layer initialized
[    0.802274] clocksource: Switched to clocksource hpet
[    0.802739] pnp: PnP ACPI init
[    0.802804] system 00:00: [mem 0x00000000-0x0009ffff] could not be reserved
[    0.802804] system 00:00: [mem 0x000c0000-0x000c3fff] could not be reserved
[    0.802804] system 00:00: [mem 0x000c4000-0x000c7fff] could not be reserved
[    0.802888] system 00:00: [mem 0x000c8000-0x000cbfff] has been reserved
[    0.802983] system 00:00: [mem 0x000cc000-0x000cffff] has been reserved
[    0.803078] system 00:00: [mem 0x000dc000-0x000dffff] could not be reserved
[    0.803174] system 00:00: [mem 0x000e0000-0x000e3fff] could not be reserved
[    0.803271] system 00:00: [mem 0x000e4000-0x000e7fff] could not be reserved
[    0.803368] system 00:00: [mem 0x000e8000-0x000ebfff] could not be reserved
[    0.803466] system 00:00: [mem 0x000ec000-0x000effff] could not be reserved
[    0.803563] system 00:00: [mem 0x000f0000-0x000fffff] could not be reserved
[    0.803660] system 00:00: [mem 0x00100000-0xbfffffff] could not be reserved
[    0.803757] system 00:00: [mem 0xfec00000-0xfed3ffff] could not be reserved
[    0.803855] system 00:00: [mem 0xfed41000-0xffffffff] could not be reserved
[    0.804002] system 00:00: Plug and Play ACPI device, IDs PNP0c01 (active)
[    0.804510] system 00:01: [io  0x164e-0x164f] has been reserved
[    0.804603] system 00:01: [io  0x1000-0x107f] has been reserved
[    0.804694] system 00:01: [io  0x1180-0x11bf] has been reserved
[    0.804784] system 00:01: [io  0x0800-0x080f] has been reserved
[    0.804874] system 00:01: [io  0x15e0-0x15ef] has been reserved
[    0.804966] system 00:01: [io  0x1600-0x165f] could not be reserved
[    0.805059] system 00:01: [mem 0xf0000000-0xf3ffffff] has been reserved
[    0.805153] system 00:01: [mem 0xfed1c000-0xfed1ffff] has been reserved
[    0.805246] system 00:01: [mem 0xfed14000-0xfed17fff] has been reserved
[    0.805340] system 00:01: [mem 0xfed18000-0xfed18fff] has been reserved
[    0.805434] system 00:01: [mem 0xfed19000-0xfed19fff] has been reserved
[    0.805562] system 00:01: Plug and Play ACPI device, IDs PNP0c02 (active)
[    0.805894] pnp 00:02: Plug and Play ACPI device, IDs PNP0b00 (active)
[    0.806034] pnp 00:03: Plug and Play ACPI device, IDs PNP0303 (active)
[    0.806181] pnp 00:04: Plug and Play ACPI device, IDs IBM3780 PNP0f13 (active)
[    0.806972] pnp 00:05: [dma 3]
[    0.807190] pnp 00:05: Plug and Play ACPI device, IDs IBM0071 PNP0511 (active)
[    0.807428] pnp 00:06: Plug and Play ACPI device, IDs ATM1200 PNP0c31 (active)
[    0.809835] pnp: PnP ACPI: found 7 devices
[    0.858404] clocksource: acpi_pm: mask: 0xffffff max_cycles: 0xffffff, max_idle_ns: 2085701024 ns
[    0.858552] pci 0000:00:1c.0: bridge window [mem 0x00100000-0x000fffff 64bit pref] to [bus 02] add_size 200000 add_align 100000
[    0.858638] pci 0000:00:1c.0: BAR 9: assigned [mem 0xc0000000-0xc01fffff 64bit pref]
[    0.858737] pci 0000:00:1c.0: PCI bridge to [bus 02]
[    0.858835] pci 0000:00:1c.0:   bridge window [io  0x2000-0x2fff]
[    0.858928] pci 0000:00:1c.0:   bridge window [mem 0xee000000-0xee0fffff]
[    0.859021] pci 0000:00:1c.0:   bridge window [mem 0xc0000000-0xc01fffff 64bit pref]
[    0.859122] pci 0000:00:1c.1: PCI bridge to [bus 03]
[    0.859205] pci 0000:00:1c.1:   bridge window [io  0x3000-0x4fff]
[    0.859296] pci 0000:00:1c.1:   bridge window [mem 0xec000000-0xedffffff]
[    0.859388] pci 0000:00:1c.1:   bridge window [mem 0xe4000000-0xe40fffff 64bit pref]
[    0.859489] pci 0000:00:1c.2: PCI bridge to [bus 04-0b]
[    0.859572] pci 0000:00:1c.2:   bridge window [io  0x5000-0x6fff]
[    0.859663] pci 0000:00:1c.2:   bridge window [mem 0xe8000000-0xe9ffffff]
[    0.859756] pci 0000:00:1c.2:   bridge window [mem 0xe4100000-0xe41fffff 64bit pref]
[    0.859857] pci 0000:00:1c.3: PCI bridge to [bus 0c-13]
[    0.859940] pci 0000:00:1c.3:   bridge window [io  0x7000-0x8fff]
[    0.860032] pci 0000:00:1c.3:   bridge window [mem 0xea000000-0xebffffff]
[    0.860125] pci 0000:00:1c.3:   bridge window [mem 0xe4200000-0xe42fffff 64bit pref]
[    0.860237] pci 0000:15:00.0: BAR 9: assigned [mem 0xe0000000-0xe3ffffff pref]
[    0.860334] pci 0000:15:00.0: BAR 10: assigned [mem 0xc4000000-0xc7ffffff]
[    0.860425] pci 0000:15:00.0: BAR 7: assigned [io  0x9000-0x90ff]
[    0.860512] pci 0000:15:00.0: BAR 8: assigned [io  0x9400-0x94ff]
[    0.860606] pci 0000:15:00.0: CardBus bridge to [bus 16-17]
[    0.860690] pci 0000:15:00.0:   bridge window [io  0x9000-0x90ff]
[    0.860779] pci 0000:15:00.0:   bridge window [io  0x9400-0x94ff]
[    0.860868] pci 0000:15:00.0:   bridge window [mem 0xe0000000-0xe3ffffff pref]
[    0.860963] pci 0000:15:00.0:   bridge window [mem 0xc4000000-0xc7ffffff]
[    0.861056] pci 0000:00:1e.0: PCI bridge to [bus 15-18]
[    0.861139] pci 0000:00:1e.0:   bridge window [io  0x9000-0xcfff]
[    0.861230] pci 0000:00:1e.0:   bridge window [mem 0xe4300000-0xe7ffffff]
[    0.861323] pci 0000:00:1e.0:   bridge window [mem 0xe0000000-0xe3ffffff 64bit pref]
[    0.861425] pci_bus 0000:00: resource 4 [io  0x0000-0x0cf7 window]
[    0.861429] pci_bus 0000:00: resource 5 [io  0x0d00-0xffff window]
[    0.861434] pci_bus 0000:00: resource 6 [mem 0x000a0000-0x000bffff window]
[    0.861438] pci_bus 0000:00: resource 7 [mem 0x000d0000-0x000d3fff window]
[    0.861442] pci_bus 0000:00: resource 8 [mem 0x000d4000-0x000d7fff window]
[    0.861446] pci_bus 0000:00: resource 9 [mem 0x000d8000-0x000dbfff window]
[    0.861450] pci_bus 0000:00: resource 10 [mem 0xc0000000-0xfebfffff window]
[    0.861454] pci_bus 0000:00: resource 11 [mem 0xfed40000-0xfed40fff window]
[    0.861459] pci_bus 0000:02: resource 0 [io  0x2000-0x2fff]
[    0.861463] pci_bus 0000:02: resource 1 [mem 0xee000000-0xee0fffff]
[    0.861467] pci_bus 0000:02: resource 2 [mem 0xc0000000-0xc01fffff 64bit pref]
[    0.861471] pci_bus 0000:03: resource 0 [io  0x3000-0x4fff]
[    0.861475] pci_bus 0000:03: resource 1 [mem 0xec000000-0xedffffff]
[    0.861479] pci_bus 0000:03: resource 2 [mem 0xe4000000-0xe40fffff 64bit pref]
[    0.861483] pci_bus 0000:04: resource 0 [io  0x5000-0x6fff]
[    0.861487] pci_bus 0000:04: resource 1 [mem 0xe8000000-0xe9ffffff]
[    0.861492] pci_bus 0000:04: resource 2 [mem 0xe4100000-0xe41fffff 64bit pref]
[    0.861496] pci_bus 0000:0c: resource 0 [io  0x7000-0x8fff]
[    0.861500] pci_bus 0000:0c: resource 1 [mem 0xea000000-0xebffffff]
[    0.861504] pci_bus 0000:0c: resource 2 [mem 0xe4200000-0xe42fffff 64bit pref]
[    0.861508] pci_bus 0000:15: resource 0 [io  0x9000-0xcfff]
[    0.861512] pci_bus 0000:15: resource 1 [mem 0xe4300000-0xe7ffffff]
[    0.861516] pci_bus 0000:15: resource 2 [mem 0xe0000000-0xe3ffffff 64bit pref]
[    0.861521] pci_bus 0000:15: resource 4 [io  0x0000-0x0cf7 window]
[    0.861525] pci_bus 0000:15: resource 5 [io  0x0d00-0xffff window]
[    0.861529] pci_bus 0000:15: resource 6 [mem 0x000a0000-0x000bffff window]
[    0.861533] pci_bus 0000:15: resource 7 [mem 0x000d0000-0x000d3fff window]
[    0.861537] pci_bus 0000:15: resource 8 [mem 0x000d4000-0x000d7fff window]
[    0.861541] pci_bus 0000:15: resource 9 [mem 0x000d8000-0x000dbfff window]
[    0.861545] pci_bus 0000:15: resource 10 [mem 0xc0000000-0xfebfffff window]
[    0.861549] pci_bus 0000:15: resource 11 [mem 0xfed40000-0xfed40fff window]
[    0.861553] pci_bus 0000:16: resource 0 [io  0x9000-0x90ff]
[    0.861557] pci_bus 0000:16: resource 1 [io  0x9400-0x94ff]
[    0.861561] pci_bus 0000:16: resource 2 [mem 0xe0000000-0xe3ffffff pref]
[    0.861566] pci_bus 0000:16: resource 3 [mem 0xc4000000-0xc7ffffff]
[    0.862038] NET: Registered protocol family 2
[    0.863734] tcp_listen_portaddr_hash hash table entries: 512 (order: 2, 20480 bytes)
[    0.863886] TCP established hash table entries: 8192 (order: 3, 32768 bytes)
[    0.864053] TCP bind hash table entries: 8192 (order: 6, 294912 bytes)
[    0.864635] TCP: Hash tables configured (established 8192 bind 8192)
[    0.865052] UDP hash table entries: 512 (order: 3, 40960 bytes)
[    0.865211] UDP-Lite hash table entries: 512 (order: 3, 40960 bytes)
[    0.865527] NET: Registered protocol family 1
[    0.866206] RPC: Registered named UNIX socket transport module.
[    0.866294] RPC: Registered udp transport module.
[    0.866374] RPC: Registered tcp transport module.
[    0.866454] RPC: Registered tcp NFSv4.1 backchannel transport module.
[    0.868063] pci 0000:00:02.0: Video device with shadowed ROM at [mem 0x000c0000-0x000dffff]
[    0.872418] PCI: CLS mismatch (64 != 32), using 64 bytes
[    0.875411] Initialise system trusted keyrings
[    0.875928] workingset: timestamp_bits=29 max_order=20 bucket_order=0
[    0.878072] Installing knfsd (copyright (C) 1996 okir@monad.swb.de).
[    0.878574] ntfs: driver 2.1.32 [Flags: R/W].
[    0.878980] fuse init (API version 7.27)
[    0.879692] pstore: using deflate compression
[    0.888108] Key type asymmetric registered
[    0.888196] Asymmetric key parser 'x509' registered
[    0.888407] bounce: pool size: 64 pages
[    0.888565] Block layer SCSI generic (bsg) driver version 0.4 loaded (major 249)
[    0.888672] io scheduler noop registered
[    0.888748] io scheduler deadline registered
[    0.888875] io scheduler cfq registered (default)
[    0.888954] io scheduler mq-deadline registered
[    0.889068] io scheduler bfq registered
[    0.891698] intel_idle: does not run on family 6 model 14
[    0.892200] ACPI: Deprecated procfs I/F for AC is loaded, please retry with CONFIG_ACPI_PROCFS_POWER cleared
[    0.892489] ACPI: AC Adapter [AC] (on-line)
[    0.892892] input: Lid Switch as /devices/LNXSYSTM:00/LNXSYBUS:00/PNP0C0D:00/input/input0
[    0.893165] ACPI: Lid Switch [LID]
[    0.893456] input: Sleep Button as /devices/LNXSYSTM:00/LNXSYBUS:00/PNP0C0E:00/input/input1
[    0.893624] ACPI: Sleep Button [SLPB]
[    0.893949] input: Power Button as /devices/LNXSYSTM:00/LNXPWRBN:00/input/input2
[    0.894099] ACPI: Power Button [PWRF]
[    0.894624] ACPI: Video Device [VID] (multi-head: yes  rom: no  post: no)
[    0.902342] acpi device:01: registered as cooling_device0
[    0.902843] input: Video Bus as /devices/LNXSYSTM:00/LNXSYBUS:00/PNP0A08:00/LNXVIDEO:00/input/input3
[    0.920091] thermal LNXTHERM:00: registered as thermal_zone0
[    0.920182] ACPI: Thermal Zone [THM0] (68 C)
[    0.924052] thermal LNXTHERM:01: registered as thermal_zone1
[    0.924140] ACPI: Thermal Zone [THM1] (70 C)
[    0.924890] Serial: 8250/16550 driver, 4 ports, IRQ sharing disabled
[    0.925777] serial8250: ttyS1 at I/O 0x2f8 (irq = 3, base_baud = 921600) is a NS16550A
[    0.928603] lp: driver loaded but no devices found
[    0.928870] Non-volatile memory driver v1.3
[    0.929388] intel_rng: FWH not detected
[    0.929616] Linux agpgart interface v0.103
[    0.930449] [drm] radeon kernel modesetting enabled.
[    0.931811] pci 0000:00:00.0: Intel 945GM Chipset
[    0.931933] pci 0000:00:00.0: detected gtt size: 262144K total, 262144K mappable
[    0.932664] pci 0000:00:00.0: detected 8192K stolen memory
[    0.932966] [drm] Replacing VGA console driver
[    0.933921] Console: switching to colour dummy device 80x25
[    0.935597] [drm] Supports vblank timestamp caching Rev 2 (21.10.2013).
[    0.935635] [drm] Driver supports precise vblank timestamp query.
[    0.935681] resource sanity check: requesting [mem 0x000c0000-0x000dffff], which spans more than pnp 00:00 [mem 0x000c8000-0x000cbfff]
[    0.935753] caller pci_map_rom+0x67/0x1d0 mapping multiple BARs
[    0.937456] i915 0000:00:02.0: vgaarb: changed VGA decodes: olddecodes=io+mem,decodes=io+mem:owns=io+mem
[    0.958002] battery: ACPI: Deprecated procfs I/F for battery is loaded, please retry with CONFIG_ACPI_PROCFS_POWER cleared
[    0.958091] battery: ACPI: Battery Slot [BAT0] (battery present)
[    0.994882] random: fast init done
[    1.015967] [drm] RC6 disabled, disabling runtime PM support
[    1.016185] [drm] Initialized overlay support.
[    1.017851] [drm] Initialized i915 1.6.0 20180906 for 0000:00:02.0 on minor 0
[    1.019013] usbcore: registered new interface driver udl
[    1.032131] loop: module loaded
[    1.041291] fbcon: inteldrmfb (fb0) is primary device
[    1.057146] ahci 0000:00:1f.2: version 3.0
[    1.057921] ahci 0000:00:1f.2: AHCI 0001.0100 32 slots 4 ports 1.5 Gbps 0x1 impl SATA mode
[    1.057926] ahci 0000:00:1f.2: flags: 64bit ncq pm led clo pio slum part 
[    1.060385] scsi host0: ahci
[    1.060962] scsi host1: ahci
[    1.061457] scsi host2: ahci
[    1.061990] scsi host3: ahci
[    1.062231] ata1: SATA max UDMA/133 abar m1024@0xee444400 port 0xee444500 irq 16
[    1.062233] ata2: DUMMY
[    1.062236] ata3: DUMMY
[    1.062238] ata4: DUMMY
[    1.062416] ata_piix 0000:00:1f.1: version 2.13
[    1.065610] scsi host4: ata_piix
[    1.066765] scsi host5: ata_piix
[    1.067004] ata5: PATA max UDMA/100 cmd 0x1f0 ctl 0x3f6 bmdma 0x1810 irq 14
[    1.067007] ata6: PATA max UDMA/100 cmd 0x170 ctl 0x376 bmdma 0x1818 irq 15
[    1.068307] tun: Universal TUN/TAP device driver, 1.6
[    1.068873] e1000: Intel(R) PRO/1000 Network Driver - version 7.3.21-k8-NAPI
[    1.068875] e1000: Copyright (c) 1999-2006 Intel Corporation.
[    1.068951] e1000e: Intel(R) PRO/1000 Network Driver - 3.2.6-k
[    1.068953] e1000e: Copyright(c) 1999 - 2015 Intel Corporation.
[    1.069073] e1000e 0000:02:00.0: Disabling ASPM  L1
[    1.069077] e1000e 0000:02:00.0: can't disable ASPM; OS doesn't have ASPM control
[    1.069488] e1000e 0000:02:00.0: Interrupt Throttling Rate (ints/sec) set to dynamic conservative mode
[    1.069927] ata6: port disabled--ignoring
[    1.199753] e1000e 0000:02:00.0 eth0: (PCI Express:2.5GT/s:Width x1) 00:16:d3:25:19:04
[    1.199757] e1000e 0000:02:00.0 eth0: Intel(R) PRO/1000 Network Connection
[    1.199836] e1000e 0000:02:00.0 eth0: MAC: 2, PHY: 2, PBA No: 005302-003
[    1.200114] PPP generic driver version 2.4.2
[    1.200386] PPP BSD Compression module registered
[    1.200389] PPP Deflate Compression module registered
[    1.200393] SLIP: version 0.8.4-NET3.019-NEWTTY (dynamic channels, max=256).
[    1.200394] CSLIP: code copyright 1989 Regents of the University of California.
[    1.200492] iwl3945: Intel(R) PRO/Wireless 3945ABG/BG Network Connection driver for Linux, in-tree:ds
[    1.200493] iwl3945: Copyright(c) 2003-2011 Intel Corporation
[    1.200495] iwl3945: hw_scan is disabled
[    1.200709] iwl3945 0000:03:00.0: can't disable ASPM; OS doesn't have ASPM control
[    1.255528] iwl3945 0000:03:00.0: Tunable channels: 11 802.11bg, 13 802.11a channels
[    1.255532] iwl3945 0000:03:00.0: Detected Intel Wireless WiFi Link 3945ABG
[    1.256442] ieee80211 phy0: Selected rate control algorithm 'iwl-3945-rs'
[    1.257413] Intel(R) Wireless WiFi driver for Linux
[    1.257415] Copyright(c) 2003- 2015 Intel Corporation
[    1.257663] usbcore: registered new interface driver ax88179_178a
[    1.257707] usbcore: registered new interface driver cdc_ether
[    1.257752] usbcore: registered new interface driver net1080
[    1.257795] usbcore: registered new interface driver cdc_subset
[    1.257840] usbcore: registered new interface driver zaurus
[    1.257902] usbcore: registered new interface driver cdc_ncm
[    1.257988] pci 0000:00:1e.0: enabling device (0005 -> 0007)
[    1.258225] yenta_cardbus 0000:15:00.0: CardBus bridge found [17aa:201c]
[    1.382905] ata1: SATA link up 1.5 Gbps (SStatus 113 SControl 300)
[    1.493051] ata1.00: ACPI cmd ef/02:00:00:00:00:a0 (SET FEATURES) succeeded
[    1.493056] ata1.00: ACPI cmd f5/00:00:00:00:00:a0 (SECURITY FREEZE LOCK) filtered out
[    1.493060] ata1.00: ACPI cmd ef/10:03:00:00:00:a0 (SET FEATURES) filtered out
[    1.537122] ata1.00: ATA-9: ST1000LM014-1EJ164, SM11, max UDMA/133
[    1.537126] ata1.00: 1953525168 sectors, multi 16: LBA48 NCQ (depth 32), AA
[    1.581757] ata1.00: ACPI cmd ef/02:00:00:00:00:a0 (SET FEATURES) succeeded
[    1.581762] ata1.00: ACPI cmd f5/00:00:00:00:00:a0 (SECURITY FREEZE LOCK) filtered out
[    1.581766] ata1.00: ACPI cmd ef/10:03:00:00:00:a0 (SET FEATURES) filtered out
[    1.625889] ata1.00: configured for UDMA/133
[    1.762142] Console: switching to colour frame buffer device 102x42
[    1.889567] i915 0000:00:02.0: fb0: inteldrmfb frame buffer device
[    1.892690] scsi 0:0:0:0: Direct-Access     ATA      ST1000LM014-1EJ1 SM11 PQ: 0 ANSI: 5
[    1.896422] sd 0:0:0:0: [sda] 1953525168 512-byte logical blocks: (1.00 TB/932 GiB)
[    1.896559] sd 0:0:0:0: Attached scsi generic sg0 type 0
[    1.899036] sd 0:0:0:0: [sda] 4096-byte physical blocks
[    1.899105] sd 0:0:0:0: [sda] Write Protect is off
[    1.906573] sd 0:0:0:0: [sda] Mode Sense: 00 3a 00 00
[    1.906731] sd 0:0:0:0: [sda] Write cache: enabled, read cache: enabled, doesn't support DPO or FUA
[    1.911398]  sda: sda1 sda2 sda3 sda4
[    1.916347] sd 0:0:0:0: [sda] Attached SCSI disk
[    2.055688] yenta_cardbus 0000:15:00.0: ISA IRQ mask 0x0cb8, PCI irq 16
[    2.058286] yenta_cardbus 0000:15:00.0: Socket status: 30000006
[    2.060882] yenta_cardbus 0000:15:00.0: pcmcia: parent PCI bridge window: [io  0x9000-0xcfff]
[    2.060888] yenta_cardbus 0000:15:00.0: pcmcia: parent PCI bridge window: [mem 0xe4300000-0xe7ffffff]
[    2.065924] pcmcia_socket pcmcia_socket0: cs: memory probe 0xe4300000-0xe7ffffff:
[    2.068465]  excluding 0xe4300000-0xe46cffff
[    2.071006] yenta_cardbus 0000:15:00.0: pcmcia: parent PCI bridge window: [mem 0xe0000000-0xe3ffffff 64bit pref]
[    2.073641] pcmcia_socket pcmcia_socket0: cs: memory probe 0xe0000000-0xe3ffffff:
[    2.076355]  excluding 0xe0000000-0xe3ffffff
[    2.080058] ehci_hcd: USB 2.0 'Enhanced' Host Controller (EHCI) Driver
[    2.082727] ehci-pci: EHCI PCI platform driver
[    2.085891] ehci-pci 0000:00:1d.7: EHCI Host Controller
[    2.088894] ehci-pci 0000:00:1d.7: new USB bus registered, assigned bus number 1
[    2.091736] ehci-pci 0000:00:1d.7: debug port 1
[    2.098475] ehci-pci 0000:00:1d.7: cache line size of 64 is not supported
[    2.098526] ehci-pci 0000:00:1d.7: irq 19, io mem 0xee444000
[    2.114934] ehci-pci 0000:00:1d.7: USB 2.0 started, EHCI 1.00
[    2.118310] usb usb1: New USB device found, idVendor=1d6b, idProduct=0002, bcdDevice= 4.19
[    2.121281] usb usb1: New USB device strings: Mfr=3, Product=2, SerialNumber=1
[    2.124210] usb usb1: Product: EHCI Host Controller
[    2.127087] usb usb1: Manufacturer: Linux 4.19.0-rc3-next-20180913 ehci_hcd
[    2.129960] usb usb1: SerialNumber: 0000:00:1d.7
[    2.133849] hub 1-0:1.0: USB hub found
[    2.136795] hub 1-0:1.0: 8 ports detected
[    2.141588] ohci_hcd: USB 1.1 'Open' Host Controller (OHCI) Driver
[    2.144392] ohci-pci: OHCI PCI platform driver
[    2.147193] uhci_hcd: USB Universal Host Controller Interface driver
[    2.150463] uhci_hcd 0000:00:1d.0: UHCI Host Controller
[    2.153489] uhci_hcd 0000:00:1d.0: new USB bus registered, assigned bus number 2
[    2.156316] uhci_hcd 0000:00:1d.0: detected 2 ports
[    2.159063] uhci_hcd 0000:00:1d.0: irq 16, io base 0x00001820
[    2.162202] usb usb2: New USB device found, idVendor=1d6b, idProduct=0001, bcdDevice= 4.19
[    2.164975] usb usb2: New USB device strings: Mfr=3, Product=2, SerialNumber=1
[    2.167763] usb usb2: Product: UHCI Host Controller
[    2.170492] usb usb2: Manufacturer: Linux 4.19.0-rc3-next-20180913 uhci_hcd
[    2.173253] usb usb2: SerialNumber: 0000:00:1d.0
[    2.176526] hub 2-0:1.0: USB hub found
[    2.179294] hub 2-0:1.0: 2 ports detected
[    2.183037] uhci_hcd 0000:00:1d.1: UHCI Host Controller
[    2.185887] uhci_hcd 0000:00:1d.1: new USB bus registered, assigned bus number 3
[    2.188563] uhci_hcd 0000:00:1d.1: detected 2 ports
[    2.191229] uhci_hcd 0000:00:1d.1: irq 17, io base 0x00001840
[    2.194217] usb usb3: New USB device found, idVendor=1d6b, idProduct=0001, bcdDevice= 4.19
[    2.196882] usb usb3: New USB device strings: Mfr=3, Product=2, SerialNumber=1
[    2.199460] usb usb3: Product: UHCI Host Controller
[    2.201889] usb usb3: Manufacturer: Linux 4.19.0-rc3-next-20180913 uhci_hcd
[    2.204351] usb usb3: SerialNumber: 0000:00:1d.1
[    2.207402] hub 3-0:1.0: USB hub found
[    2.209860] hub 3-0:1.0: 2 ports detected
[    2.213416] uhci_hcd 0000:00:1d.2: UHCI Host Controller
[    2.216043] uhci_hcd 0000:00:1d.2: new USB bus registered, assigned bus number 4
[    2.218439] uhci_hcd 0000:00:1d.2: detected 2 ports
[    2.220887] uhci_hcd 0000:00:1d.2: irq 18, io base 0x00001860
[    2.223735] usb usb4: New USB device found, idVendor=1d6b, idProduct=0001, bcdDevice= 4.19
[    2.226175] usb usb4: New USB device strings: Mfr=3, Product=2, SerialNumber=1
[    2.228614] usb usb4: Product: UHCI Host Controller
[    2.231020] usb usb4: Manufacturer: Linux 4.19.0-rc3-next-20180913 uhci_hcd
[    2.233422] usb usb4: SerialNumber: 0000:00:1d.2
[    2.236425] hub 4-0:1.0: USB hub found
[    2.238911] hub 4-0:1.0: 2 ports detected
[    2.242438] uhci_hcd 0000:00:1d.3: UHCI Host Controller
[    2.245120] uhci_hcd 0000:00:1d.3: new USB bus registered, assigned bus number 5
[    2.247543] uhci_hcd 0000:00:1d.3: detected 2 ports
[    2.249926] uhci_hcd 0000:00:1d.3: irq 19, io base 0x00001880
[    2.252702] usb usb5: New USB device found, idVendor=1d6b, idProduct=0001, bcdDevice= 4.19
[    2.255157] usb usb5: New USB device strings: Mfr=3, Product=2, SerialNumber=1
[    2.257550] usb usb5: Product: UHCI Host Controller
[    2.259976] usb usb5: Manufacturer: Linux 4.19.0-rc3-next-20180913 uhci_hcd
[    2.262369] usb usb5: SerialNumber: 0000:00:1d.3
[    2.265327] hub 5-0:1.0: USB hub found
[    2.267771] hub 5-0:1.0: 2 ports detected
[    2.271024] usbcore: registered new interface driver cdc_acm
[    2.273285] cdc_acm: USB Abstract Control Model driver for USB modems and ISDN adapters
[    2.275715] usbcore: registered new interface driver usblp
[    2.278181] usbcore: registered new interface driver usb-storage
[    2.280587] usbcore: registered new interface driver ums-sddr09
[    2.283057] usbcore: registered new interface driver usbserial_generic
[    2.285403] usbserial: USB Serial support registered for generic
[    2.287780] usbcore: registered new interface driver ch341
[    2.290074] usbserial: USB Serial support registered for ch341-uart
[    2.292418] usbcore: registered new interface driver ftdi_sio
[    2.294710] usbserial: USB Serial support registered for FTDI USB Serial Device
[    2.297145] usbcore: registered new interface driver option
[    2.299504] usbserial: USB Serial support registered for GSM modem (1-port)
[    2.301995] usbcore: registered new interface driver pl2303
[    2.304426] usbserial: USB Serial support registered for pl2303
[    2.306899] usbcore: registered new interface driver ti_usb_3410_5052
[    2.309350] usbserial: USB Serial support registered for TI USB 3410 1 port adapter
[    2.311868] usbserial: USB Serial support registered for TI USB 5052 2 port adapter
[    2.314311] ftdi_elan: driver ftdi-elan
[    2.316796] usbcore: registered new interface driver ftdi-elan
[    2.319403] i8042: PNP: PS/2 Controller [PNP0303:KBD,PNP0f13:MOU] at 0x60,0x64 irq 1,12
[    2.331703] serio: i8042 KBD port at 0x60,0x64 irq 1
[    2.334163] serio: i8042 AUX port at 0x60,0x64 irq 12
[    2.337413] mousedev: PS/2 mouse device common for all mice
[    2.340963] input: PC Speaker as /devices/platform/pcspkr/input/input4
[    2.344145] rtc_cmos 00:02: RTC can wake from S4
[    2.347157] rtc_cmos 00:02: registered as rtc0
[    2.349737] rtc_cmos 00:02: alarms up to one month, y3k, 114 bytes nvram, hpet irqs
[    2.352451] usbcore: registered new interface driver uvcvideo
[    2.354962] USB Video Class driver (1.1.1)
[    2.357391] gspca_main: v2.14.0 registered
[    2.359879] usbcore: registered new interface driver sq930x
[    2.363580] device-mapper: ioctl: 4.39.0-ioctl (2018-04-03) initialised: dm-devel@redhat.com
[    2.366111] Bluetooth: HCI UART driver ver 2.3
[    2.368621] Bluetooth: HCI UART protocol H4 registered
[    2.371100] Bluetooth: HCI UART protocol BCSP registered
[    2.373682] usbcore: registered new interface driver btusb
[    2.376304] sdhci: Secure Digital Host Controller Interface driver
[    2.378765] sdhci: Copyright(c) Pierre Ossman
[    2.381227] sdhci-pci 0000:15:00.2: SDHCI controller found [1180:0822] (rev 18)
[    2.384102] sdhci-pci 0000:15:00.2: Will use DMA mode even though HW doesn't fully claim to support it.
[    2.387240] mmc0 bounce up to 128 segments into one, max segment size 65536 bytes
[    2.389953] sdhci-pci 0000:15:00.2: Will use DMA mode even though HW doesn't fully claim to support it.
[    2.393304] mmc0: SDHCI controller on PCI [0000:15:00.2] using DMA
[    2.395608] input: AT Translated Set 2 keyboard as /devices/platform/i8042/serio0/input/input5
[    2.396330] hidraw: raw HID events driver (C) Jiri Kosina
[    2.403273] usbcore: registered new interface driver usbhid
[    2.406111] usbhid: USB HID core driver
[    2.409141] sdhci-pci 0000:15:00.2: Will use DMA mode even though HW doesn't fully claim to support it.
[    2.411594] thinkpad_acpi: ThinkPad ACPI Extras v0.26
[    2.414999] thinkpad_acpi: http://ibm-acpi.sf.net/
[    2.417821] thinkpad_acpi: ThinkPad BIOS 7BETD8WW (2.19 ), EC 7BHT40WW-1.13
[    2.420693] thinkpad_acpi: Lenovo ThinkPad X60, model 17097HU
[    2.429565] thinkpad_acpi: ACPI backlight control delay disabled
[    2.433100] thinkpad_acpi: radio switch found; radios are enabled
[    2.436002] thinkpad_acpi: This ThinkPad has standard ACPI backlight brightness control, supported by the ACPI video driver
[    2.441808] thinkpad_acpi: Disabling thinkpad-acpi brightness events by default...
[    2.456218] thinkpad_acpi: rfkill switch tpacpi_bluetooth_sw: radio is blocked
[    2.461912] thinkpad_acpi: warning: userspace override of important firmware LEDs is enabled
[    2.470563] thinkpad_acpi: Standard ACPI backlight interface available, not loading native one
[    2.473727] thinkpad_acpi: volume: disabled as there is no ALSA support in this kernel
[    2.477519] thinkpad_acpi: battery 1 registered (start 0, stop 0)
[    2.477537] battery: new extension: ThinkPad Battery Extension
[    2.484214] input: ThinkPad Extra Buttons as /devices/platform/thinkpad_acpi/input/input8
[    2.487910] gnss: GNSS driver registered with major 245
[    2.496402] snd_hda_intel 0000:00:1b.0: probe_mask set to 0x1 for device 17aa:2010
[    2.500048] usbcore: registered new interface driver snd-usb-audio
[    2.505475] NET: Registered protocol family 17
[    2.509071] Bluetooth: RFCOMM TTY layer initialized
[    2.512199] Bluetooth: RFCOMM socket layer initialized
[    2.515355] Bluetooth: RFCOMM ver 1.11
[    2.518441] Bluetooth: BNEP (Ethernet Emulation) ver 1.3
[    2.521545] Bluetooth: BNEP filters: protocol multicast
[    2.524619] Bluetooth: BNEP socket layer initialized
[    2.527652] Bluetooth: HIDP (Human Interface Emulation) ver 1.2
[    2.530666] Bluetooth: HIDP socket layer initialized
[    2.534003] microcode: sig=0x6e8, pf=0x20, revision=0x39
[    2.537411] microcode: Microcode Update Driver: v2.2.
[    2.537418] Using IPI No-Shortcut mode
[    2.543818] Loading compiled-in X.509 certificates
[    2.547808] Key type encrypted registered
[    2.551357] rtc_cmos 00:02: setting system clock to 2018-09-16 06:51:45 UTC (1537080705)
[    2.556587] snd_hda_codec_analog hdaudioC0D0: autoconfig for AD1981: line_outs=1 (0x5/0x0/0x0/0x0/0x0) type:speaker
[    2.562502] snd_hda_codec_analog hdaudioC0D0:    speaker_outs=0 (0x0/0x0/0x0/0x0/0x0)
[    2.565458] snd_hda_codec_analog hdaudioC0D0:    hp_outs=0 (0x0/0x0/0x0/0x0/0x0)
[    2.568421] snd_hda_codec_analog hdaudioC0D0:    mono: mono_out=0x0
[    2.571237] snd_hda_codec_analog hdaudioC0D0:    inputs:
[    2.573984] snd_hda_codec_analog hdaudioC0D0:      Mic=0x8
[    2.574162] cfg80211: Loading compiled-in X.509 certificates for regulatory database
[    2.576721] snd_hda_codec_analog hdaudioC0D0:      CD=0x19
[    2.583114] cfg80211: Loaded X.509 cert 'sforshee: 00b28ddf47aef9cea7'
[    2.586325] platform regulatory.0: Direct firmware load for regulatory.db failed with error -2
[    2.589211] cfg80211: failed to load regulatory.db
[    2.592122] PM: Image not found (code -22)
[    2.592145] ALSA device list:
[    2.594754]   #0: HDA Intel at 0xee240000 irq 17
[    2.690911] usb 2-1: new full-speed USB device number 2 using uhci_hcd
[    2.891183] usb 2-1: New USB device found, idVendor=0a12, idProduct=0001, bcdDevice=88.91
[    2.895911] usb 2-1: New USB device strings: Mfr=0, Product=2, SerialNumber=0
[    2.900589] usb 2-1: Product: CSR8510 A10
[    3.061452] psmouse serio1: trackpoint: IBM TrackPoint firmware: 0x0e, buttons: 3/3
[    3.083840] input: TPPS/2 IBM TrackPoint as /devices/platform/i8042/serio1/input/input7
[    3.093374] md: Waiting for all devices to be available before autodetect
[    3.096909] md: If you don't use raid, use raid=noautodetect
[    3.101736] md: Autodetecting RAID arrays.
[    3.104397] md: autorun ...
[    3.107035] md: ... autorun DONE.
[    3.121538] EXT4-fs (sda4): mounted filesystem with ordered data mode. Opts: (null)
[    3.124780] VFS: Mounted root (ext4 filesystem) readonly on device 8:4.
[    3.129015] devtmpfs: mounted
[    3.133420] Freeing unused kernel image memory: 608K
[    3.147025] Write protecting the kernel text: 12288k
[    3.150745] Write protecting the kernel read-only data: 4820k
[    3.154340] NX-protecting the kernel data: 8192k
[    3.158848] x86/mm: Checked W+X mappings: passed, no W+X pages found.
[    3.161614] rodata_test: all tests were successful
[    3.164444] x86/mm: Checking user space page tables
[    3.167278] x86/mm: Checked W+X mappings: passed, no W+X pages found.
[    3.170026] Run /sbin/init as init process
[    3.443036] random: systemd: uninitialized urandom read (16 bytes read)
[    3.447784] systemd[1]: systemd 215 running in system mode. (+PAM +AUDIT +SELINUX +IMA +SYSVINIT +LIBCRYPTSETUP +GCRYPT +ACL +XZ -SECCOMP -APPARMOR)
[    3.471149] systemd[1]: Detected architecture 'x86'.
[    3.567515] systemd[1]: Failed to insert module 'ipv6'
[    3.572100] systemd[1]: Set hostname to <amd>.
[    3.648645] random: systemd-sysv-ge: uninitialized urandom read (16 bytes read)
[    3.722913] usb 5-1: new full-speed USB device number 2 using uhci_hcd
[    3.773067] random: systemd-sysv-ge: uninitialized urandom read (16 bytes read)
[    3.916056] usb 5-1: New USB device found, idVendor=0a5c, idProduct=2110, bcdDevice= 1.00
[    3.920007] usb 5-1: New USB device strings: Mfr=1, Product=2, SerialNumber=0
[    3.923750] usb 5-1: Product: BCM2045B
[    3.927379] usb 5-1: Manufacturer: Broadcom Corp
[    3.970413] systemd[1]: Binding to IPv6 address not available since kernel does not support IPv6.
[    3.974319] systemd[1]: [/lib/systemd/system/gpsd.socket:6] Failed to parse address value, ignoring: [::1]:2947
[    3.984542] systemd[1]: Starting Forward Password Requests to Wall Directory Watch.
[    3.988040] systemd[1]: Started Forward Password Requests to Wall Directory Watch.
[    3.990943] systemd[1]: Starting Remote File Systems (Pre).
[    4.000341] systemd[1]: Reached target Remote File Systems (Pre).
[    4.439311] systemd-udevd[2042]: starting version 215
[    4.638910] usb 5-2: new full-speed USB device number 3 using uhci_hcd
[    4.835975] usb 5-2: New USB device found, idVendor=0483, idProduct=2016, bcdDevice= 0.01
[    4.838431] usb 5-2: New USB device strings: Mfr=1, Product=2, SerialNumber=0
[    4.840861] usb 5-2: Product: Biometric Coprocessor
[    4.840865] usb 5-2: Manufacturer: STMicroelectronics
[    5.121930] EXT4-fs (sda4): re-mounted. Opts: errors=remount-ro
[    5.307702] e1000e 0000:02:00.0 eth1: renamed from eth0
[    5.323527] systemd-udevd[2399]: renamed network interface eth0 to eth1
[    5.855314] usb 5-1: USB disconnect, device number 2
[    6.046997] random: crng init done
[    6.049979] random: 7 urandom warning(s) missed due to ratelimiting
[    6.415616] Adding 2097148k swap on /dev/sda1.  Priority:-2 extents:1 across:2097148k 
[    6.722446] EXT4-fs (sda2): mounted filesystem with ordered data mode. Opts: errors=remount-ro
[    6.913689] systemd-journald[1961]: Received request to flush runtime journal from PID 1
[    8.900066] NFSD: Using /var/lib/nfs/v4recovery as the NFSv4 state recovery directory
[    8.936353] NFSD: starting 45-second grace period (net f0000098)
[   13.263028] iwl3945 0000:03:00.0: loaded firmware version 15.32.2.9
[   15.658363] wlan0: authenticate with 00:00:00:00:00:01
[   15.660442] wlan0: send auth to 00:00:00:00:00:01 (try 1/3)
[   15.662295] wlan0: authenticated
[   15.663321] wlan0: associate with 00:00:00:00:00:01 (try 1/3)
[   15.666119] wlan0: RX AssocResp from 00:00:00:00:00:01 (capab=0x401 status=0 aid=4)
[   15.668487] wlan0: associated
[   15.846866] netlink: 16 bytes leftover after parsing attributes in process `ip'.
[   15.847067] netlink: 16 bytes leftover after parsing attributes in process `ip'.
[   30.629277] PM: suspend entry (deep)
[   30.629290] PM: Syncing filesystems ... done.
[   30.668079] Freezing user space processes ... (elapsed 0.007 seconds) done.
[   30.675566] OOM killer disabled.
[   30.675579] Freezing remaining freezable tasks ... (elapsed 0.003 seconds) done.
[   30.679369] Suspending console(s) (use no_console_suspend to debug)
[   30.701658] wlan0: deauthenticating from 00:00:00:00:00:01 by local choice (Reason: 3=DEAUTH_LEAVING)
[   30.703659] e1000e: EEE TX LPI TIMER: 00000000
[   30.717276] sd 0:0:0:0: [sda] Synchronizing SCSI cache
[   30.717542] sd 0:0:0:0: [sda] Stopping disk
[   31.048959] PM: suspend devices took 0.368 seconds
[   31.074421] ACPI: EC: interrupt blocked
[   31.095973] ACPI: Preparing to enter system sleep state S3
[   31.113534] ACPI: EC: event blocked
[   31.113540] ACPI: EC: EC stopped
[   31.113546] PM: Saving platform NVS memory
[   31.113863] Disabling non-boot CPUs ...
[   31.128821] IRQ 17: no longer affine to CPU1
[   31.129857] smpboot: CPU 1 is now offline
[   31.133020] ACPI: Low-level resume complete
[   31.133020] ACPI: EC: EC started
[   31.133020] PM: Restoring platform NVS memory
[   31.133742] Enabling non-boot CPUs ...
[   31.135268] x86: Booting SMP configuration:
[   31.135273] smpboot: Booting Node 0 Processor 1 APIC 0x1
[   31.129842] Initializing CPU#1
[   31.129842] Disabled fast string operations
[   31.138115]  cache: parent cpu1 should not be sleeping
[   31.139766] CPU1 is up
[   31.141152] ACPI: Waking up from system sleep state S3
[   31.167814] ACPI: EC: interrupt unblocked
[   31.274445] ACPI: button: The lid device is not compliant to SW_LID.
[   31.274498] ACPI: EC: event unblocked
[   31.276132] usb usb5: root hub lost power or was reset
[   31.276282] sdhci-pci 0000:15:00.2: Will use DMA mode even though HW doesn't fully claim to support it.
[   31.276311] sdhci-pci 0000:15:00.2: Will use DMA mode even though HW doesn't fully claim to support it.
[   31.280070] sd 0:0:0:0: [sda] Starting disk
[   31.308094] ata6: port disabled--ignoring
[   31.309590] usb usb2: root hub lost power or was reset
[   31.309817] usb usb3: root hub lost power or was reset
[   31.310015] usb usb4: root hub lost power or was reset
[   31.539118] thinkpad_acpi: ACPI backlight control delay disabled
[   31.598965] ata1: SATA link up 1.5 Gbps (SStatus 113 SControl 300)
[   31.599928] ata1.00: ACPI cmd ef/02:00:00:00:00:a0 (SET FEATURES) succeeded
[   31.599938] ata1.00: ACPI cmd f5/00:00:00:00:00:a0 (SECURITY FREEZE LOCK) filtered out
[   31.599947] ata1.00: ACPI cmd ef/10:03:00:00:00:a0 (SET FEATURES) filtered out
[   31.601771] ata1.00: ACPI cmd ef/02:00:00:00:00:a0 (SET FEATURES) succeeded
[   31.601782] ata1.00: ACPI cmd f5/00:00:00:00:00:a0 (SECURITY FREEZE LOCK) filtered out
[   31.601791] ata1.00: ACPI cmd ef/10:03:00:00:00:a0 (SET FEATURES) filtered out
[   31.602266] ata1.00: configured for UDMA/133
[   31.635001] usb 5-2: reset full-speed USB device number 3 using uhci_hcd
[   31.651009] usb 2-1: reset full-speed USB device number 2 using uhci_hcd
[   35.347775] PM: resume devices took 4.076 seconds
[   35.348739] OOM killer enabled.
[   35.348747] Restarting tasks ... done.
[   35.377009] video LNXVIDEO:00: Restoring backlight state
[   35.412609] PM: suspend exit
[   37.653631] wlan0: authenticate with 00:00:00:00:00:01
[   37.656109] wlan0: send auth to 00:00:00:00:00:01 (try 1/3)
[   37.657918] wlan0: authenticated
[   37.662797] wlan0: associate with 00:00:00:00:00:01 (try 1/3)
[   37.665625] wlan0: RX AssocResp from 00:00:00:00:00:01 (capab=0x401 status=0 aid=4)
[   37.668080] wlan0: associated
[   39.687128] PM: suspend entry (deep)
[   39.687146] PM: Syncing filesystems ... done.
[   39.701954] Freezing user space processes ... (elapsed 0.009 seconds) done.
[   39.711326] OOM killer disabled.
[   39.711335] Freezing remaining freezable tasks ... (elapsed 0.003 seconds) done.
[   39.715303] Suspending console(s) (use no_console_suspend to debug)
[   39.737815] wlan0: deauthenticating from 00:00:00:00:00:01 by local choice (Reason: 3=DEAUTH_LEAVING)
[   39.739709] e1000e: EEE TX LPI TIMER: 00000000
[   39.758967] sd 0:0:0:0: [sda] Synchronizing SCSI cache
[   39.781958] sd 0:0:0:0: [sda] Stopping disk
[   40.103575] PM: suspend devices took 0.388 seconds
[   40.130355] ACPI: EC: interrupt blocked
[   40.151894] ACPI: Preparing to enter system sleep state S3
[   40.168381] ACPI: EC: event blocked
[   40.168387] ACPI: EC: EC stopped
[   40.168393] PM: Saving platform NVS memory
[   40.168708] Disabling non-boot CPUs ...
[   40.185207] smpboot: CPU 1 is now offline
[   40.187488] ACPI: Low-level resume complete
[   40.187488] ACPI: EC: EC started
[   40.187488] PM: Restoring platform NVS memory
[   40.187959] Enabling non-boot CPUs ...
[   40.189465] x86: Booting SMP configuration:
[   40.189470] smpboot: Booting Node 0 Processor 1 APIC 0x1
[   40.185191] Initializing CPU#1
[   40.185191] Disabled fast string operations
[   40.192027]  cache: parent cpu1 should not be sleeping
[   40.193788] CPU1 is up
[   40.195246] ACPI: Waking up from system sleep state S3
[   40.222833] ACPI: EC: interrupt unblocked
[   40.308868] usb usb5: root hub lost power or was reset
[   40.309000] ACPI: EC: event unblocked
[   40.309510] sdhci-pci 0000:15:00.2: Will use DMA mode even though HW doesn't fully claim to support it.
[   40.309523] sdhci-pci 0000:15:00.2: Will use DMA mode even though HW doesn't fully claim to support it.
[   40.311293] ata6: port disabled--ignoring
[   40.313285] sd 0:0:0:0: [sda] Starting disk
[   40.328961] usb usb2: root hub lost power or was reset
[   40.329260] usb usb3: root hub lost power or was reset
[   40.329445] usb usb4: root hub lost power or was reset
[   40.571076] thinkpad_acpi: ACPI backlight control delay disabled
[   40.634970] ata1: SATA link up 1.5 Gbps (SStatus 113 SControl 300)
[   40.635924] ata1.00: ACPI cmd ef/02:00:00:00:00:a0 (SET FEATURES) succeeded
[   40.635934] ata1.00: ACPI cmd f5/00:00:00:00:00:a0 (SECURITY FREEZE LOCK) filtered out
[   40.635944] ata1.00: ACPI cmd ef/10:03:00:00:00:a0 (SET FEATURES) filtered out
[   40.637726] ata1.00: ACPI cmd ef/02:00:00:00:00:a0 (SET FEATURES) succeeded
[   40.637736] ata1.00: ACPI cmd f5/00:00:00:00:00:a0 (SECURITY FREEZE LOCK) filtered out
[   40.637745] ata1.00: ACPI cmd ef/10:03:00:00:00:a0 (SET FEATURES) filtered out
[   40.638249] ata1.00: configured for UDMA/133
[   40.671075] usb 2-1: reset full-speed USB device number 2 using uhci_hcd
[   40.671088] usb 5-2: reset full-speed USB device number 3 using uhci_hcd
[   44.409372] PM: resume devices took 4.100 seconds
[   44.410258] OOM killer enabled.
[   44.410266] Restarting tasks ... done.
[   44.427166] video LNXVIDEO:00: Restoring backlight state
[   44.479183] PM: suspend exit
[   46.715278] wlan0: authenticate with 00:00:00:00:00:01
[   46.715463] wlan0: send auth to 00:00:00:00:00:01 (try 1/3)
[   46.721202] wlan0: authenticated
[   46.722899] wlan0: associate with 00:00:00:00:00:01 (try 1/3)
[   46.725704] wlan0: RX AssocResp from 00:00:00:00:00:01 (capab=0x401 status=0 aid=4)
[   46.728033] wlan0: associated
