[    0.000000] Linux version 5.2.0-rc6-next-20190627+ (pavel@pollux.denx.de) (gcc version 9.1.1 20190503 (Red Hat 9.1.1-1) (GCC)) #36 SMP Fri Jun 28 11:32:39 CEST 2019
[    0.000000] Disabled fast string operations
[    0.000000] x86/fpu: x87 FPU will use FXSAVE
[    0.000000] BIOS-provided physical RAM map:
[    0.000000] BIOS-e820: [mem 0x0000000000000000-0x000000000009efff] usable
[    0.000000] BIOS-e820: [mem 0x000000000009f000-0x000000000009ffff] reserved
[    0.000000] BIOS-e820: [mem 0x00000000000dc000-0x00000000000fffff] reserved
[    0.000000] BIOS-e820: [mem 0x0000000000100000-0x00000000bf6cffff] usable
[    0.000000] BIOS-e820: [mem 0x00000000bf6d0000-0x00000000bf6defff] ACPI data
[    0.000000] BIOS-e820: [mem 0x00000000bf6df000-0x00000000bf6fffff] ACPI NVS
[    0.000000] BIOS-e820: [mem 0x00000000bf700000-0x00000000bfffffff] reserved
[    0.000000] BIOS-e820: [mem 0x00000000f0000000-0x00000000f3ffffff] reserved
[    0.000000] BIOS-e820: [mem 0x00000000fec00000-0x00000000fec0ffff] reserved
[    0.000000] BIOS-e820: [mem 0x00000000fed00000-0x00000000fed003ff] reserved
[    0.000000] BIOS-e820: [mem 0x00000000fed14000-0x00000000fed19fff] reserved
[    0.000000] BIOS-e820: [mem 0x00000000fed1c000-0x00000000fed8ffff] reserved
[    0.000000] BIOS-e820: [mem 0x00000000fee00000-0x00000000fee00fff] reserved
[    0.000000] BIOS-e820: [mem 0x00000000ff800000-0x00000000ffffffff] reserved
[    0.000000] NX (Execute Disable) protection: active
[    0.000000] SMBIOS 2.4 present.
[    0.000000] DMI: LENOVO 17097HU/17097HU, BIOS 7BETD8WW (2.19 ) 03/31/2011
[    0.000000] tsc: Fast TSC calibration using PIT
[    0.000000] tsc: Detected 1828.774 MHz processor
[    0.013413] e820: update [mem 0x00000000-0x00000fff] usable ==> reserved
[    0.013418] e820: remove [mem 0x000a0000-0x000fffff] usable
[    0.013429] last_pfn = 0xbf6d0 max_arch_pfn = 0x1000000
[    0.013442] MTRR default type: uncachable
[    0.013445] MTRR fixed ranges enabled:
[    0.013449]   00000-9FFFF write-back
[    0.013452]   A0000-BFFFF uncachable
[    0.013455]   C0000-CFFFF write-protect
[    0.013457]   D0000-DBFFF uncachable
[    0.013460]   DC000-DFFFF write-back
[    0.013463]   E0000-FFFFF write-protect
[    0.013465] MTRR variable ranges enabled:
[    0.013469]   0 base 000000000 mask F80000000 write-back
[    0.013472]   1 base 080000000 mask FC0000000 write-back
[    0.013475]   2 base 0BF700000 mask FFFF00000 uncachable
[    0.013479]   3 base 0BF800000 mask FFF800000 uncachable
[    0.013481]   4 disabled
[    0.013483]   5 disabled
[    0.013486]   6 disabled
[    0.013488]   7 disabled
[    0.014533] x86/PAT: PAT not supported by CPU.
[    0.015755] x86/PAT: Configuration [0-7]: WB  WT  UC- UC  WB  WT  UC- UC  
[    0.015776] initial memory mapped: [mem 0x00000000-0x059fffff]
[    0.015858] BRK [0x055fc000, 0x055fcfff] PGTABLE
[    0.015880] BRK [0x055fd000, 0x055fdfff] PGTABLE
[    0.015890] ACPI: Early table checksum verification disabled
[    0.015900] ACPI: RSDP 0x00000000000F67C0 000024 (v02 LENOVO)
[    0.015909] ACPI: XSDT 0x00000000BF6D191C 000084 (v01 LENOVO TP-7B    00002190  LTP 00000000)
[    0.015922] ACPI: FACP 0x00000000BF6D1A00 0000F4 (v03 LENOVO TP-7B    00002190 LNVO 00000001)
[    0.015934] ACPI BIOS Warning (bug): 32/64X length mismatch in FADT/Gpe0Block: 64/32 (20190509/tbfadt-564)
[    0.015941] ACPI BIOS Warning (bug): Optional FADT field Gpe1Block has valid Address but zero Length: 0x000000000000102C/0x0 (20190509/tbfadt-615)
[    0.015951] ACPI: DSDT 0x00000000BF6D1D90 00CFB9 (v01 LENOVO TP-7B    00002190 MSFT 0100000E)
[    0.015960] ACPI: FACS 0x00000000BF6F4000 000040
[    0.015967] ACPI: FACS 0x00000000BF6F4000 000040
[    0.015974] ACPI: SSDT 0x00000000BF6D1BB4 0001DC (v01 LENOVO TP-7B    00002190 MSFT 0100000E)
[    0.015983] ACPI: ECDT 0x00000000BF6DED49 000052 (v01 LENOVO TP-7B    00002190 LNVO 00000001)
[    0.015992] ACPI: TCPA 0x00000000BF6DED9B 000032 (v02 LENOVO TP-7B    00002190 LNVO 00000001)
[    0.016001] ACPI: APIC 0x00000000BF6DEDCD 000068 (v01 LENOVO TP-7B    00002190 LNVO 00000001)
[    0.016009] ACPI: MCFG 0x00000000BF6DEE35 00003C (v01 LENOVO TP-7B    00002190 LNVO 00000001)
[    0.016018] ACPI: HPET 0x00000000BF6DEE71 000038 (v01 LENOVO TP-7B    00002190 LNVO 00000001)
[    0.016027] ACPI: BOOT 0x00000000BF6DEFD8 000028 (v01 LENOVO TP-7B    00002190  LTP 00000001)
[    0.016035] ACPI: SSDT 0x00000000BF6F2645 00025F (v01 LENOVO TP-7B    00002190 INTL 20050513)
[    0.016044] ACPI: SSDT 0x00000000BF6F28A4 0000A6 (v01 LENOVO TP-7B    00002190 INTL 20050513)
[    0.016053] ACPI: SSDT 0x00000000BF6F294A 0004F7 (v01 LENOVO TP-7B    00002190 INTL 20050513)
[    0.016062] ACPI: SSDT 0x00000000BF6F2E41 0001D8 (v01 LENOVO TP-7B    00002190 INTL 20050513)
[    0.016083] ACPI: Local APIC address 0xfee00000
[    0.016089] 2176MB HIGHMEM available.
[    0.016094] 885MB LOWMEM available.
[    0.016098]   mapped low ram: 0 - 375fe000
[    0.016101]   low ram: 0 - 375fe000
[    0.016112] BRK [0x055fe000, 0x055fefff] PGTABLE
[    0.016117] Zone ranges:
[    0.016121]   DMA      [mem 0x0000000000001000-0x0000000000ffffff]
[    0.016126]   Normal   [mem 0x0000000001000000-0x00000000375fdfff]
[    0.016130]   HighMem  [mem 0x00000000375fe000-0x00000000bf6cffff]
[    0.016135] Movable zone start for each node
[    0.016138] Early memory node ranges
[    0.016142]   node   0: [mem 0x0000000000001000-0x000000000009efff]
[    0.016147]   node   0: [mem 0x0000000000100000-0x00000000bf6cffff]
[    0.016152] Initmem setup node 0 [mem 0x0000000000001000-0x00000000bf6cffff]
[    0.016157] On node 0 totalpages: 783982
[    0.027533]   DMA zone: 32 pages used for memmap
[    0.027536]   DMA zone: 0 pages reserved
[    0.027539]   DMA zone: 3998 pages, LIFO batch:0
[    0.027650]   Normal zone: 1740 pages used for memmap
[    0.027652]   Normal zone: 222718 pages, LIFO batch:63
[    0.033309]   HighMem zone: 557266 pages, LIFO batch:63
[    0.047518] Using APIC driver default
[    0.047535] Reserving Intel graphics memory at [mem 0xbf800000-0xbfffffff]
[    0.048012] ACPI: PM-Timer IO Port: 0x1008
[    0.048017] ACPI: Local APIC address 0xfee00000
[    0.048030] ACPI: LAPIC_NMI (acpi_id[0x00] high edge lint[0x1])
[    0.048035] ACPI: LAPIC_NMI (acpi_id[0x01] high edge lint[0x1])
[    0.048061] IOAPIC[0]: apic_id 1, version 32, address 0xfec00000, GSI 0-23
[    0.048069] ACPI: INT_SRC_OVR (bus 0 bus_irq 0 global_irq 2 dfl dfl)
[    0.048075] ACPI: INT_SRC_OVR (bus 0 bus_irq 9 global_irq 9 high level)
[    0.048081] ACPI: IRQ0 used by override.
[    0.048084] ACPI: IRQ9 used by override.
[    0.048089] Using ACPI (MADT) for SMP configuration information
[    0.048095] ACPI: HPET id: 0x8086a201 base: 0xfed00000
[    0.048107] smpboot: Allowing 2 CPUs, 0 hotplug CPUs
[    0.048147] PM: Registered nosave memory: [mem 0x00000000-0x00000fff]
[    0.048153] PM: Registered nosave memory: [mem 0x0009f000-0x0009ffff]
[    0.048157] PM: Registered nosave memory: [mem 0x000a0000-0x000dbfff]
[    0.048161] PM: Registered nosave memory: [mem 0x000dc000-0x000fffff]
[    0.048169] [mem 0xc0000000-0xefffffff] available for PCI devices
[    0.048177] clocksource: refined-jiffies: mask: 0xffffffff max_cycles: 0xffffffff, max_idle_ns: 7645519600211568 ns
[    0.048192] setup_percpu: NR_CPUS:8 nr_cpumask_bits:8 nr_cpu_ids:2 nr_node_ids:1
[    0.048453] percpu: Embedded 36 pages/cpu s118760 r0 d28696 u147456
[    0.048467] pcpu-alloc: s118760 r0 d28696 u147456 alloc=36*4096
[    0.048470] pcpu-alloc: [0] 0 [0] 1 
[    0.048503] Built 1 zonelists, mobility grouping on.  Total pages: 782210
[    0.048513] Kernel command line: BOOT_IMAGE=(hd0,2)/fast/l/linux-next-32/arch/x86/boot/bzImage root=/dev/sda4 resume=/dev/sda1
[    0.048937] Dentry cache hash table entries: 131072 (order: 7, 524288 bytes, linear)
[    0.049054] Inode-cache hash table entries: 65536 (order: 6, 262144 bytes, linear)
[    0.049079] Initializing CPU#0
[    0.049088] mem auto-init: stack:off, heap alloc:off, heap free:off
[    0.081387] Initializing HighMem for node 0 (000375fe:000bf6d0)
[    0.433451] Initializing Movable for node 0 (00000000:00000000)
[    0.504033] Memory: 3021820K/3135928K available (12527K kernel code, 682K rwdata, 4900K rodata, 636K init, 3360K bss, 114108K reserved, 0K cma-reserved, 2229064K highmem)
[    0.504044] virtual kernel memory layout:
    fixmap  : 0xffe72000 - 0xfffff000   (1588 kB)
  cpu_entry : 0xffa00000 - 0xffb31000   (1220 kB)
    pkmap   : 0xff600000 - 0xff800000   (2048 kB)
    vmalloc : 0xf7dfe000 - 0xff5fe000   ( 120 MB)
    lowmem  : 0xc0000000 - 0xf75fe000   ( 885 MB)
      .init : 0xc51db000 - 0xc527a000   ( 636 kB)
      .data : 0xc4c3be0c - 0xc51b88c0   (5618 kB)
      .text : 0xc4000000 - 0xc4c3be0c   (12527 kB)
[    0.504050] Checking if this processor honours the WP bit even in supervisor mode...Ok.
[    0.504117] random: get_random_u32 called from cache_alloc_refill+0x646/0xae0 with crng_init=0
[    0.505367] Kernel/User page tables isolation: enabled
[    0.505639] rcu: Hierarchical RCU implementation.
[    0.505644] rcu: 	RCU restricting CPUs from NR_CPUS=8 to nr_cpu_ids=2.
[    0.505649] rcu: RCU calculated value of scheduler-enlistment delay is 25 jiffies.
[    0.505653] rcu: Adjusting geometry for rcu_fanout_leaf=16, nr_cpu_ids=2
[    0.505696] NR_IRQS: 2304, nr_irqs: 56, preallocated irqs: 16
[    0.508696] Console: colour VGA+ 80x25
[    0.516992] printk: console [tty0] enabled
[    0.517064] Lock dependency validator: Copyright (c) 2006 Red Hat, Inc., Ingo Molnar
[    0.517155] ... MAX_LOCKDEP_SUBCLASSES:  8
[    0.517228] ... MAX_LOCK_DEPTH:          48
[    0.517300] ... MAX_LOCKDEP_KEYS:        8192
[    0.517374] ... CLASSHASH_SIZE:          4096
[    0.517448] ... MAX_LOCKDEP_ENTRIES:     32768
[    0.517522] ... MAX_LOCKDEP_CHAINS:      65536
[    0.517596] ... CHAINHASH_SIZE:          32768
[    0.517670]  memory used by lock dependency info: 2213 kB
[    0.517750]  per task-struct memory footprint: 1344 bytes
[    0.517838] ACPI: Core revision 20190509
[    0.518377] clocksource: hpet: mask: 0xffffffff max_cycles: 0xffffffff, max_idle_ns: 133484882848 ns
[    0.518508] hpet clockevent registered
[    0.518519] APIC: Switch to symmetric I/O mode setup
[    0.518597] Enabling APIC mode:  Flat.  Using 1 I/O APICs
[    0.519233] ..TIMER: vector=0x30 apic1=0 pin1=2 apic2=-1 pin2=-1
[    0.538517] clocksource: tsc-early: mask: 0xffffffffffffffff max_cycles: 0x1a5c574c793, max_idle_ns: 440795264381 ns
[    0.538642] Calibrating delay loop (skipped), value calculated using timer frequency.. 3657.54 BogoMIPS (lpj=7315096)
[    0.538765] pid_max: default: 32768 minimum: 301
[    0.539095] Mount-cache hash table entries: 2048 (order: 1, 8192 bytes, linear)
[    0.539193] Mountpoint-cache hash table entries: 2048 (order: 1, 8192 bytes, linear)
[    0.539846] *** VALIDATE proc ***
[    0.540008] *** VALIDATE cgroup1 ***
[    0.540083] *** VALIDATE cgroup2 ***
[    0.540228] Disabled fast string operations
[    0.540316] process: using mwait in idle threads
[    0.540400] Last level iTLB entries: 4KB 128, 2MB 0, 4MB 2
[    0.540482] Last level dTLB entries: 4KB 128, 2MB 0, 4MB 8, 1GB 0
[    0.540568] Spectre V2 : Mitigation: Full generic retpoline
[    0.540649] Spectre V2 : Spectre v2 / SpectreRSB mitigation: Filling RSB on context switch
[    0.540745] L1TF: System has more than MAX_PA/2 memory. L1TF mitigation not effective.
[    0.540838] L1TF: You may make it effective by booting the kernel with mem=2147483648 parameter.
[    0.540949] L1TF: However, doing so will make a part of your RAM unusable.
[    0.541036] L1TF: Reading https://www.kernel.org/doc/html/latest/admin-guide/hw-vuln/l1tf.html might help you decide.
[    0.541157] MDS: Vulnerable: Clear CPU buffers attempted, no microcode
[    0.541499] Freeing SMP alternatives memory: 44K
[    0.546641] smpboot: CPU0: Genuine Intel(R) CPU           T2400  @ 1.83GHz (family: 0x6, model: 0xe, stepping: 0x8)
[    0.546641] Performance Events: Core events, core PMU driver.
[    0.546641] ... version:                1
[    0.546641] ... bit width:              40
[    0.546641] ... generic registers:      2
[    0.546641] ... value mask:             000000ffffffffff
[    0.546641] ... max period:             000000007fffffff
[    0.546641] ... fixed-purpose events:   0
[    0.546641] ... event mask:             0000000000000003
[    0.546641] rcu: Hierarchical SRCU implementation.
[    0.546641] NMI watchdog: Enabled. Permanently consumes one hw-PMU counter.
[    0.546641] smp: Bringing up secondary CPUs ...
[    0.547451] x86: Booting SMP configuration:
[    0.547533] .... node  #0, CPUs:      #1
[    0.016626] Initializing CPU#1
[    0.016626] Disabled fast string operations
[    0.549978] TSC synchronization [CPU#0 -> CPU#1]:
[    0.550290] Measured 579975 cycles TSC warp between CPUs, turning off TSC clock.
[    0.550392] tsc: Marking TSC unstable due to check_tsc_sync_source failed
[    0.550676] smp: Brought up 1 node, 2 CPUs
[    0.550728] smpboot: Max logical packages: 1
[    0.550804] smpboot: Total of 2 processors activated (7315.09 BogoMIPS)
[    0.552545] devtmpfs: initialized
[    0.552545] PM: Registering ACPI NVS region [mem 0xbf6df000-0xbf6fffff] (135168 bytes)
[    0.552545] clocksource: jiffies: mask: 0xffffffff max_cycles: 0xffffffff, max_idle_ns: 7645041785100000 ns
[    0.552545] futex hash table entries: 512 (order: 3, 32768 bytes, linear)
[    0.555307] NET: Registered protocol family 16
[    0.556528] cpuidle: using governor ladder
[    0.556690] cpuidle: using governor menu
[    0.556914] Simple Boot Flag at 0x35 set to 0x1
[    0.557035] ACPI FADT declares the system doesn't support PCIe ASPM, so disable it
[    0.557127] ACPI: bus type PCI registered
[    0.557408] PCI: MMCONFIG for domain 0000 [bus 00-3f] at [mem 0xf0000000-0xf3ffffff] (base 0xf0000000)
[    0.557526] PCI: MMCONFIG at [mem 0xf0000000-0xf3ffffff] reserved in E820
[    0.557614] PCI: Using MMCONFIG for extended config space
[    0.557695] PCI: Using configuration type 1 for base access
[    0.558893] mtrr: your CPUs had inconsistent variable MTRR settings
[    0.558979] mtrr: probably your BIOS does not setup all CPUs.
[    0.559061] mtrr: corrected configuration.
[    0.626917] ACPI: Added _OSI(Module Device)
[    0.627004] ACPI: Added _OSI(Processor Device)
[    0.627082] ACPI: Added _OSI(3.0 _SCP Extensions)
[    0.627162] ACPI: Added _OSI(Processor Aggregator Device)
[    0.627247] ACPI: Added _OSI(Linux-Dell-Video)
[    0.627327] ACPI: Added _OSI(Linux-Lenovo-NV-HDMI-Audio)
[    0.627411] ACPI: Added _OSI(Linux-HPI-Hybrid-Graphics)
[    0.690476] ACPI: 6 ACPI AML tables successfully acquired and loaded
[    0.694641] ACPI: EC: EC started
[    0.694645] ACPI: EC: interrupt blocked
[    0.699732] ACPI: \: Used as first EC
[    0.699808] ACPI: \: GPE=0x1c, EC_CMD/EC_SC=0x66, EC_DATA=0x62
[    0.699891] ACPI: EC: Boot ECDT EC used to handle transactions
[    0.720879] ACPI: Dynamic OEM Table Load:
[    0.720971] ACPI: SSDT 0x00000000F1BA4C00 000240 (v01 PmRef  Cpu0Ist  00000100 INTL 20050513)
[    0.723018] ACPI: Dynamic OEM Table Load:
[    0.723107] ACPI: SSDT 0x00000000F0E8B800 00065A (v01 PmRef  Cpu0Cst  00000100 INTL 20050513)
[    0.730063] ACPI: Dynamic OEM Table Load:
[    0.730158] ACPI: SSDT 0x00000000F1205200 0000C8 (v01 PmRef  Cpu1Ist  00000100 INTL 20050513)
[    0.731213] ACPI: Dynamic OEM Table Load:
[    0.731300] ACPI: SSDT 0x00000000F0E88CC0 000085 (v01 PmRef  Cpu1Cst  00000100 INTL 20050513)
[    0.732828] ACPI: Interpreter enabled
[    0.732989] ACPI: (supports S0 S3 S4 S5)
[    0.733069] ACPI: Using IOAPIC for interrupt routing
[    0.733277] PCI: Using host bridge windows from ACPI; if necessary, use "pci=nocrs" and report a bug
[    0.734365] ACPI: Enabled 4 GPEs in block 00 to 1F
[    0.757527] ACPI: Power Resource [PUBS] (on)
[    0.758631] acpi PNP0C0A:01: ACPI dock station (docks/bays count: 1)
[    0.766205] acpi LNXIOBAY:00: ACPI dock station (docks/bays count: 2)
[    0.780595] acpi IBM0079:00: ACPI dock station (docks/bays count: 3)
[    0.783011] ACPI: PCI Interrupt Link [LNKA] (IRQs 3 4 5 6 7 9 10 *11)
[    0.783869] ACPI: PCI Interrupt Link [LNKB] (IRQs 3 4 5 6 7 9 10 *11)
[    0.784725] ACPI: PCI Interrupt Link [LNKC] (IRQs 3 4 5 6 7 9 10 *11)
[    0.785581] ACPI: PCI Interrupt Link [LNKD] (IRQs 3 4 5 6 7 9 10 *11)
[    0.786436] ACPI: PCI Interrupt Link [LNKE] (IRQs 3 4 5 6 7 9 10 *11)
[    0.787300] ACPI: PCI Interrupt Link [LNKF] (IRQs 3 4 5 6 7 9 10 *11)
[    0.788156] ACPI: PCI Interrupt Link [LNKG] (IRQs 3 4 5 6 7 9 10 *11)
[    0.789012] ACPI: PCI Interrupt Link [LNKH] (IRQs 3 4 5 6 7 9 10 *11)
[    0.789528] ACPI: PCI Root Bridge [PCI0] (domain 0000 [bus 00-ff])
[    0.789628] acpi PNP0A08:00: _OSC: OS supports [ExtendedConfig ASPM ClockPM Segments HPX-Type3]
[    0.790724] acpi PNP0A08:00: _OSC: not requesting OS control; OS requires [ExtendedConfig ASPM ClockPM MSI]
[    0.790858] acpi PNP0A08:00: [Firmware Info]: MMCONFIG for domain 0000 [bus 00-3f] only partially covers this bridge
[    0.791214] PCI host bridge to bus 0000:00
[    0.791294] pci_bus 0000:00: root bus resource [io  0x0000-0x0cf7 window]
[    0.791388] pci_bus 0000:00: root bus resource [io  0x0d00-0xffff window]
[    0.791481] pci_bus 0000:00: root bus resource [mem 0x000a0000-0x000bffff window]
[    0.791578] pci_bus 0000:00: root bus resource [mem 0x000d0000-0x000d3fff window]
[    0.791675] pci_bus 0000:00: root bus resource [mem 0x000d4000-0x000d7fff window]
[    0.791772] pci_bus 0000:00: root bus resource [mem 0x000d8000-0x000dbfff window]
[    0.791868] pci_bus 0000:00: root bus resource [mem 0xc0000000-0xfebfffff window]
[    0.791965] pci_bus 0000:00: root bus resource [mem 0xfed40000-0xfed40fff window]
[    0.792063] pci_bus 0000:00: root bus resource [bus 00-ff]
[    0.792174] pci 0000:00:00.0: [8086:27a0] type 00 class 0x060000
[    0.792713] pci 0000:00:02.0: [8086:27a2] type 00 class 0x030000
[    0.792821] pci 0000:00:02.0: reg 0x10: [mem 0xee100000-0xee17ffff]
[    0.792917] pci 0000:00:02.0: reg 0x14: [io  0x1800-0x1807]
[    0.793009] pci 0000:00:02.0: reg 0x18: [mem 0xd0000000-0xdfffffff pref]
[    0.793107] pci 0000:00:02.0: reg 0x1c: [mem 0xee200000-0xee23ffff]
[    0.793637] pci 0000:00:02.1: [8086:27a6] type 00 class 0x038000
[    0.793741] pci 0000:00:02.1: reg 0x10: [mem 0xee180000-0xee1fffff]
[    0.794309] pci 0000:00:1b.0: [8086:27d8] type 00 class 0x040300
[    0.794439] pci 0000:00:1b.0: reg 0x10: [mem 0xee240000-0xee243fff 64bit]
[    0.794701] pci 0000:00:1b.0: PME# supported from D0 D3hot D3cold
[    0.795230] pci 0000:00:1c.0: [8086:27d0] type 01 class 0x060400
[    0.795510] pci 0000:00:1c.0: PME# supported from D0 D3hot D3cold
[    0.796035] pci 0000:00:1c.1: [8086:27d2] type 01 class 0x060400
[    0.796313] pci 0000:00:1c.1: PME# supported from D0 D3hot D3cold
[    0.796834] pci 0000:00:1c.2: [8086:27d4] type 01 class 0x060400
[    0.797111] pci 0000:00:1c.2: PME# supported from D0 D3hot D3cold
[    0.797639] pci 0000:00:1c.3: [8086:27d6] type 01 class 0x060400
[    0.797917] pci 0000:00:1c.3: PME# supported from D0 D3hot D3cold
[    0.798433] pci 0000:00:1d.0: [8086:27c8] type 00 class 0x0c0300
[    0.798597] pci 0000:00:1d.0: reg 0x20: [io  0x1820-0x183f]
[    0.799092] pci 0000:00:1d.1: [8086:27c9] type 00 class 0x0c0300
[    0.799255] pci 0000:00:1d.1: reg 0x20: [io  0x1840-0x185f]
[    0.799773] pci 0000:00:1d.2: [8086:27ca] type 00 class 0x0c0300
[    0.799936] pci 0000:00:1d.2: reg 0x20: [io  0x1860-0x187f]
[    0.800462] pci 0000:00:1d.3: [8086:27cb] type 00 class 0x0c0300
[    0.800624] pci 0000:00:1d.3: reg 0x20: [io  0x1880-0x189f]
[    0.801131] pci 0000:00:1d.7: [8086:27cc] type 00 class 0x0c0320
[    0.801252] pci 0000:00:1d.7: reg 0x10: [mem 0xee444000-0xee4443ff]
[    0.801480] pci 0000:00:1d.7: PME# supported from D0 D3hot D3cold
[    0.801981] pci 0000:00:1e.0: [8086:2448] type 01 class 0x060401
[    0.802591] pci 0000:00:1f.0: [8086:27b9] type 00 class 0x060100
[    0.802887] pci 0000:00:1f.0: quirk: [io  0x1000-0x107f] claimed by ICH6 ACPI/GPIO/TCO
[    0.802991] pci 0000:00:1f.0: quirk: [io  0x1180-0x11bf] claimed by ICH6 GPIO
[    0.803088] pci 0000:00:1f.0: ICH7 LPC Generic IO decode 1 PIO at 1600 (mask 007f)
[    0.803187] pci 0000:00:1f.0: ICH7 LPC Generic IO decode 2 PIO at 15e0 (mask 000f)
[    0.803285] pci 0000:00:1f.0: ICH7 LPC Generic IO decode 3 PIO at 1680 (mask 001f)
[    0.803802] pci 0000:00:1f.1: [8086:27df] type 00 class 0x01018a
[    0.803917] pci 0000:00:1f.1: reg 0x10: [io  0x0000-0x0007]
[    0.804015] pci 0000:00:1f.1: reg 0x14: [io  0x0000-0x0003]
[    0.804112] pci 0000:00:1f.1: reg 0x18: [io  0x0000-0x0007]
[    0.804209] pci 0000:00:1f.1: reg 0x1c: [io  0x0000-0x0003]
[    0.804307] pci 0000:00:1f.1: reg 0x20: [io  0x1810-0x181f]
[    0.804421] pci 0000:00:1f.1: legacy IDE quirk: reg 0x10: [io  0x01f0-0x01f7]
[    0.804515] pci 0000:00:1f.1: legacy IDE quirk: reg 0x14: [io  0x03f6]
[    0.804606] pci 0000:00:1f.1: legacy IDE quirk: reg 0x18: [io  0x0170-0x0177]
[    0.804700] pci 0000:00:1f.1: legacy IDE quirk: reg 0x1c: [io  0x0376]
[    0.805184] pci 0000:00:1f.2: [8086:27c5] type 00 class 0x010601
[    0.805303] pci 0000:00:1f.2: reg 0x10: [io  0x18d0-0x18d7]
[    0.805401] pci 0000:00:1f.2: reg 0x14: [io  0x18c4-0x18c7]
[    0.805498] pci 0000:00:1f.2: reg 0x18: [io  0x18c8-0x18cf]
[    0.805596] pci 0000:00:1f.2: reg 0x1c: [io  0x18c0-0x18c3]
[    0.805694] pci 0000:00:1f.2: reg 0x20: [io  0x18b0-0x18bf]
[    0.805791] pci 0000:00:1f.2: reg 0x24: [mem 0xee444400-0xee4447ff]
[    0.805961] pci 0000:00:1f.2: PME# supported from D3hot
[    0.806449] pci 0000:00:1f.3: [8086:27da] type 00 class 0x0c0500
[    0.806631] pci 0000:00:1f.3: reg 0x20: [io  0x18e0-0x18ff]
[    0.807303] pci 0000:02:00.0: [8086:109a] type 00 class 0x020000
[    0.807513] pci 0000:02:00.0: reg 0x10: [mem 0xee000000-0xee01ffff]
[    0.807708] pci 0000:02:00.0: reg 0x18: [io  0x2000-0x201f]
[    0.808108] pci 0000:02:00.0: PME# supported from D0 D3hot D3cold
[    0.808633] pci 0000:00:1c.0: PCI bridge to [bus 02]
[    0.808720] pci 0000:00:1c.0:   bridge window [io  0x2000-0x2fff]
[    0.808812] pci 0000:00:1c.0:   bridge window [mem 0xee000000-0xee0fffff]
[    0.809158] pci 0000:03:00.0: [8086:4227] type 00 class 0x028000
[    0.809391] pci 0000:03:00.0: reg 0x10: [mem 0xedf00000-0xedf00fff]
[    0.810033] pci 0000:03:00.0: PME# supported from D0 D3hot D3cold
[    0.810678] pci 0000:00:1c.1: PCI bridge to [bus 03]
[    0.810765] pci 0000:00:1c.1:   bridge window [io  0x3000-0x4fff]
[    0.810857] pci 0000:00:1c.1:   bridge window [mem 0xec000000-0xedffffff]
[    0.810957] pci 0000:00:1c.1:   bridge window [mem 0xe4000000-0xe40fffff 64bit pref]
[    0.811189] pci 0000:00:1c.2: PCI bridge to [bus 04-0b]
[    0.811277] pci 0000:00:1c.2:   bridge window [io  0x5000-0x6fff]
[    0.811369] pci 0000:00:1c.2:   bridge window [mem 0xe8000000-0xe9ffffff]
[    0.811469] pci 0000:00:1c.2:   bridge window [mem 0xe4100000-0xe41fffff 64bit pref]
[    0.811701] pci 0000:00:1c.3: PCI bridge to [bus 0c-13]
[    0.811790] pci 0000:00:1c.3:   bridge window [io  0x7000-0x8fff]
[    0.811882] pci 0000:00:1c.3:   bridge window [mem 0xea000000-0xebffffff]
[    0.811982] pci 0000:00:1c.3:   bridge window [mem 0xe4200000-0xe42fffff 64bit pref]
[    0.812119] pci_bus 0000:15: extended config space not accessible
[    0.812314] pci 0000:15:00.0: [1180:0476] type 02 class 0x060700
[    0.812431] pci 0000:15:00.0: reg 0x10: [mem 0xe4300000-0xe4300fff]
[    0.812590] pci 0000:15:00.0: supports D1 D2
[    0.812669] pci 0000:15:00.0: PME# supported from D0 D1 D2 D3hot D3cold
[    0.812996] pci 0000:15:00.1: [1180:0552] type 00 class 0x0c0010
[    0.813110] pci 0000:15:00.1: reg 0x10: [mem 0xe4301000-0xe43017ff]
[    0.813343] pci 0000:15:00.1: PME# supported from D0 D3hot D3cold
[    0.813625] pci 0000:15:00.2: [1180:0822] type 00 class 0x080500
[    0.813738] pci 0000:15:00.2: reg 0x10: [mem 0xe4301800-0xe43018ff]
[    0.813969] pci 0000:15:00.2: supports D1 D2
[    0.814047] pci 0000:15:00.2: PME# supported from D0 D1 D2 D3hot D3cold
[    0.814399] pci 0000:00:1e.0: PCI bridge to [bus 15-18] (subtractive decode)
[    0.814497] pci 0000:00:1e.0:   bridge window [io  0x9000-0xcfff]
[    0.814589] pci 0000:00:1e.0:   bridge window [mem 0xe4300000-0xe7ffffff]
[    0.814656] pci 0000:00:1e.0:   bridge window [mem 0xe0000000-0xe3ffffff 64bit pref]
[    0.814755] pci 0000:00:1e.0:   bridge window [io  0x0000-0x0cf7 window] (subtractive decode)
[    0.814871] pci 0000:00:1e.0:   bridge window [io  0x0d00-0xffff window] (subtractive decode)
[    0.814987] pci 0000:00:1e.0:   bridge window [mem 0x000a0000-0x000bffff window] (subtractive decode)
[    0.815107] pci 0000:00:1e.0:   bridge window [mem 0x000d0000-0x000d3fff window] (subtractive decode)
[    0.815228] pci 0000:00:1e.0:   bridge window [mem 0x000d4000-0x000d7fff window] (subtractive decode)
[    0.815347] pci 0000:00:1e.0:   bridge window [mem 0x000d8000-0x000dbfff window] (subtractive decode)
[    0.816240] pci 0000:00:1e.0:   bridge window [mem 0xc0000000-0xfebfffff window] (subtractive decode)
[    0.816360] pci 0000:00:1e.0:   bridge window [mem 0xfed40000-0xfed40fff window] (subtractive decode)
[    0.816520] pci_bus 0000:16: extended config space not accessible
[    0.816694] pci_bus 0000:16: busn_res: [bus 16-18] end is updated to 17
[    0.816837] pci_bus 0000:00: on NUMA node 0
[    0.823270] ACPI: EC: interrupt unblocked
[    0.823366] ACPI: EC: event unblocked
[    0.823452] ACPI: \_SB_.PCI0.LPC_.EC__: GPE=0x1c, EC_CMD/EC_SC=0x66, EC_DATA=0x62
[    0.823551] ACPI: \_SB_.PCI0.LPC_.EC__: Boot DSDT EC used to handle transactions and events
[    0.824131] pci 0000:00:02.0: vgaarb: setting as boot VGA device
[    0.824222] pci 0000:00:02.0: vgaarb: VGA device added: decodes=io+mem,owns=io+mem,locks=none
[    0.824358] pci 0000:00:02.0: vgaarb: bridge control possible
[    0.824442] vgaarb: loaded
[    0.825114] SCSI subsystem initialized
[    0.825441] libata version 3.00 loaded.
[    0.825626] ACPI: bus type USB registered
[    0.825811] usbcore: registered new interface driver usbfs
[    0.825954] usbcore: registered new interface driver hub
[    0.826090] usbcore: registered new device driver usb
[    0.826279] mc: Linux media interface: v0.10
[    0.826396] videodev: Linux video capture interface: v2.00
[    0.826536] pps_core: LinuxPPS API ver. 1 registered
[    0.826615] pps_core: Software ver. 5.3.6 - Copyright 2005-2007 Rodolfo Giometti <giometti@linux.it>
[    0.826688] PTP clock support registered
[    0.827347] EDAC MC: Ver: 3.0.0
[    0.828228] Advanced Linux Sound Architecture Driver Initialized.
[    0.828443] PCI: Using ACPI for IRQ routing
[    0.831636] PCI: pci_cache_line_size set to 64 bytes
[    0.831963] e820: reserve RAM buffer [mem 0x0009f000-0x0009ffff]
[    0.831968] e820: reserve RAM buffer [mem 0xbf6d0000-0xbfffffff]
[    0.832615] Bluetooth: Core ver 2.22
[    0.832745] NET: Registered protocol family 31
[    0.832822] Bluetooth: HCI device and connection manager initialized
[    0.832918] Bluetooth: HCI socket layer initialized
[    0.833000] Bluetooth: L2CAP socket layer initialized
[    0.833101] Bluetooth: SCO socket layer initialized
[    0.833719] clocksource: Switched to clocksource hpet
[    0.834152] pnp: PnP ACPI init
[    0.834223] system 00:00: [mem 0x00000000-0x0009ffff] could not be reserved
[    0.834328] system 00:00: [mem 0x000c0000-0x000c3fff] could not be reserved
[    0.834427] system 00:00: [mem 0x000c4000-0x000c7fff] could not be reserved
[    0.834522] system 00:00: [mem 0x000c8000-0x000cbfff] has been reserved
[    0.834616] system 00:00: [mem 0x000cc000-0x000cffff] has been reserved
[    0.834739] system 00:00: [mem 0x000dc000-0x000dffff] could not be reserved
[    0.834836] system 00:00: [mem 0x000e0000-0x000e3fff] could not be reserved
[    0.834933] system 00:00: [mem 0x000e4000-0x000e7fff] could not be reserved
[    0.835030] system 00:00: [mem 0x000e8000-0x000ebfff] could not be reserved
[    0.835127] system 00:00: [mem 0x000ec000-0x000effff] could not be reserved
[    0.835224] system 00:00: [mem 0x000f0000-0x000fffff] could not be reserved
[    0.835322] system 00:00: [mem 0x00100000-0xbfffffff] could not be reserved
[    0.835419] system 00:00: [mem 0xfec00000-0xfed3ffff] could not be reserved
[    0.835516] system 00:00: [mem 0xfed41000-0xffffffff] could not be reserved
[    0.835668] system 00:00: Plug and Play ACPI device, IDs PNP0c01 (active)
[    0.836151] system 00:01: [io  0x164e-0x164f] has been reserved
[    0.836243] system 00:01: [io  0x1000-0x107f] has been reserved
[    0.836334] system 00:01: [io  0x1180-0x11bf] has been reserved
[    0.836424] system 00:01: [io  0x0800-0x080f] has been reserved
[    0.836515] system 00:01: [io  0x15e0-0x15ef] has been reserved
[    0.836606] system 00:01: [io  0x1600-0x165f] could not be reserved
[    0.836699] system 00:01: [mem 0xf0000000-0xf3ffffff] has been reserved
[    0.836793] system 00:01: [mem 0xfed1c000-0xfed1ffff] has been reserved
[    0.836888] system 00:01: [mem 0xfed14000-0xfed17fff] has been reserved
[    0.836983] system 00:01: [mem 0xfed18000-0xfed18fff] has been reserved
[    0.837077] system 00:01: [mem 0xfed19000-0xfed19fff] has been reserved
[    0.837199] system 00:01: Plug and Play ACPI device, IDs PNP0c02 (active)
[    0.837485] pnp 00:02: Plug and Play ACPI device, IDs PNP0b00 (active)
[    0.837610] pnp 00:03: Plug and Play ACPI device, IDs PNP0303 (active)
[    0.837737] pnp 00:04: Plug and Play ACPI device, IDs IBM3780 PNP0f13 (active)
[    0.838474] pnp 00:05: [dma 3]
[    0.838694] pnp 00:05: Plug and Play ACPI device, IDs IBM0071 PNP0511 (active)
[    0.838911] pnp 00:06: Plug and Play ACPI device, IDs ATM1200 PNP0c31 (active)
[    0.841247] pnp: PnP ACPI: found 7 devices
[    0.888293] clocksource: acpi_pm: mask: 0xffffff max_cycles: 0xffffff, max_idle_ns: 2085701024 ns
[    0.888427] pci 0000:00:1c.0: bridge window [mem 0x00100000-0x000fffff 64bit pref] to [bus 02] add_size 200000 add_align 100000
[    0.888595] pci 0000:00:1c.0: BAR 9: assigned [mem 0xc0000000-0xc01fffff 64bit pref]
[    0.888693] pci 0000:00:1c.0: PCI bridge to [bus 02]
[    0.888775] pci 0000:00:1c.0:   bridge window [io  0x2000-0x2fff]
[    0.888866] pci 0000:00:1c.0:   bridge window [mem 0xee000000-0xee0fffff]
[    0.888958] pci 0000:00:1c.0:   bridge window [mem 0xc0000000-0xc01fffff 64bit pref]
[    0.889059] pci 0000:00:1c.1: PCI bridge to [bus 03]
[    0.889141] pci 0000:00:1c.1:   bridge window [io  0x3000-0x4fff]
[    0.889232] pci 0000:00:1c.1:   bridge window [mem 0xec000000-0xedffffff]
[    0.889324] pci 0000:00:1c.1:   bridge window [mem 0xe4000000-0xe40fffff 64bit pref]
[    0.889425] pci 0000:00:1c.2: PCI bridge to [bus 04-0b]
[    0.889508] pci 0000:00:1c.2:   bridge window [io  0x5000-0x6fff]
[    0.889598] pci 0000:00:1c.2:   bridge window [mem 0xe8000000-0xe9ffffff]
[    0.889690] pci 0000:00:1c.2:   bridge window [mem 0xe4100000-0xe41fffff 64bit pref]
[    0.889791] pci 0000:00:1c.3: PCI bridge to [bus 0c-13]
[    0.889874] pci 0000:00:1c.3:   bridge window [io  0x7000-0x8fff]
[    0.889964] pci 0000:00:1c.3:   bridge window [mem 0xea000000-0xebffffff]
[    0.890056] pci 0000:00:1c.3:   bridge window [mem 0xe4200000-0xe42fffff 64bit pref]
[    0.890168] pci 0000:15:00.0: BAR 9: assigned [mem 0xe0000000-0xe3ffffff pref]
[    0.890265] pci 0000:15:00.0: BAR 10: assigned [mem 0xc4000000-0xc7ffffff]
[    0.890355] pci 0000:15:00.0: BAR 7: assigned [io  0x9000-0x90ff]
[    0.890441] pci 0000:15:00.0: BAR 8: assigned [io  0x9400-0x94ff]
[    0.890535] pci 0000:15:00.0: CardBus bridge to [bus 16-17]
[    0.890618] pci 0000:15:00.0:   bridge window [io  0x9000-0x90ff]
[    0.890725] pci 0000:15:00.0:   bridge window [io  0x9400-0x94ff]
[    0.890814] pci 0000:15:00.0:   bridge window [mem 0xe0000000-0xe3ffffff pref]
[    0.890909] pci 0000:15:00.0:   bridge window [mem 0xc4000000-0xc7ffffff]
[    0.891001] pci 0000:00:1e.0: PCI bridge to [bus 15-18]
[    0.891084] pci 0000:00:1e.0:   bridge window [io  0x9000-0xcfff]
[    0.891174] pci 0000:00:1e.0:   bridge window [mem 0xe4300000-0xe7ffffff]
[    0.891267] pci 0000:00:1e.0:   bridge window [mem 0xe0000000-0xe3ffffff 64bit pref]
[    0.891368] pci_bus 0000:00: resource 4 [io  0x0000-0x0cf7 window]
[    0.891454] pci_bus 0000:00: resource 5 [io  0x0d00-0xffff window]
[    0.891540] pci_bus 0000:00: resource 6 [mem 0x000a0000-0x000bffff window]
[    0.891630] pci_bus 0000:00: resource 7 [mem 0x000d0000-0x000d3fff window]
[    0.891720] pci_bus 0000:00: resource 8 [mem 0x000d4000-0x000d7fff window]
[    0.891809] pci_bus 0000:00: resource 9 [mem 0x000d8000-0x000dbfff window]
[    0.891899] pci_bus 0000:00: resource 10 [mem 0xc0000000-0xfebfffff window]
[    0.891989] pci_bus 0000:00: resource 11 [mem 0xfed40000-0xfed40fff window]
[    0.892079] pci_bus 0000:02: resource 0 [io  0x2000-0x2fff]
[    0.892162] pci_bus 0000:02: resource 1 [mem 0xee000000-0xee0fffff]
[    0.892249] pci_bus 0000:02: resource 2 [mem 0xc0000000-0xc01fffff 64bit pref]
[    0.892340] pci_bus 0000:03: resource 0 [io  0x3000-0x4fff]
[    0.892423] pci_bus 0000:03: resource 1 [mem 0xec000000-0xedffffff]
[    0.892510] pci_bus 0000:03: resource 2 [mem 0xe4000000-0xe40fffff 64bit pref]
[    0.892601] pci_bus 0000:04: resource 0 [io  0x5000-0x6fff]
[    0.892684] pci_bus 0000:04: resource 1 [mem 0xe8000000-0xe9ffffff]
[    0.892771] pci_bus 0000:04: resource 2 [mem 0xe4100000-0xe41fffff 64bit pref]
[    0.892862] pci_bus 0000:0c: resource 0 [io  0x7000-0x8fff]
[    0.892945] pci_bus 0000:0c: resource 1 [mem 0xea000000-0xebffffff]
[    0.893031] pci_bus 0000:0c: resource 2 [mem 0xe4200000-0xe42fffff 64bit pref]
[    0.893122] pci_bus 0000:15: resource 0 [io  0x9000-0xcfff]
[    0.893205] pci_bus 0000:15: resource 1 [mem 0xe4300000-0xe7ffffff]
[    0.893292] pci_bus 0000:15: resource 2 [mem 0xe0000000-0xe3ffffff 64bit pref]
[    0.893383] pci_bus 0000:15: resource 4 [io  0x0000-0x0cf7 window]
[    0.893469] pci_bus 0000:15: resource 5 [io  0x0d00-0xffff window]
[    0.893555] pci_bus 0000:15: resource 6 [mem 0x000a0000-0x000bffff window]
[    0.893644] pci_bus 0000:15: resource 7 [mem 0x000d0000-0x000d3fff window]
[    0.893734] pci_bus 0000:15: resource 8 [mem 0x000d4000-0x000d7fff window]
[    0.893823] pci_bus 0000:15: resource 9 [mem 0x000d8000-0x000dbfff window]
[    0.893913] pci_bus 0000:15: resource 10 [mem 0xc0000000-0xfebfffff window]
[    0.894003] pci_bus 0000:15: resource 11 [mem 0xfed40000-0xfed40fff window]
[    0.894093] pci_bus 0000:16: resource 0 [io  0x9000-0x90ff]
[    0.894176] pci_bus 0000:16: resource 1 [io  0x9400-0x94ff]
[    0.894259] pci_bus 0000:16: resource 2 [mem 0xe0000000-0xe3ffffff pref]
[    0.894347] pci_bus 0000:16: resource 3 [mem 0xc4000000-0xc7ffffff]
[    0.894896] NET: Registered protocol family 2
[    0.895485] tcp_listen_portaddr_hash hash table entries: 512 (order: 2, 20480 bytes, linear)
[    0.895634] TCP established hash table entries: 8192 (order: 3, 32768 bytes, linear)
[    0.895793] TCP bind hash table entries: 8192 (order: 6, 294912 bytes, linear)
[    0.896361] TCP: Hash tables configured (established 8192 bind 8192)
[    0.896759] UDP hash table entries: 512 (order: 3, 40960 bytes, linear)
[    0.896921] UDP-Lite hash table entries: 512 (order: 3, 40960 bytes, linear)
[    0.897207] NET: Registered protocol family 1
[    0.897864] RPC: Registered named UNIX socket transport module.
[    0.897952] RPC: Registered udp transport module.
[    0.898032] RPC: Registered tcp transport module.
[    0.898112] RPC: Registered tcp NFSv4.1 backchannel transport module.
[    0.898727] pci 0000:00:02.0: Video device with shadowed ROM at [mem 0x000c0000-0x000dffff]
[    0.903084] pci 0000:15:00.0: CLS mismatch (64 != 32), using 64 bytes
[    0.903308] PCI-DMA: Using software bounce buffering for IO (SWIOTLB)
[    0.903396] software IO TLB: mapped [mem 0x31d02000-0x35d02000] (64MB)
[    0.906435] Initialise system trusted keyrings
[    0.906921] workingset: timestamp_bits=30 max_order=20 bucket_order=0
[    0.908897] Installing knfsd (copyright (C) 1996 okir@monad.swb.de).
[    0.909377] ntfs: driver 2.1.32 [Flags: R/W].
[    0.909670] fuse: init (API version 7.31)
[    0.919091] NET: Registered protocol family 38
[    0.919186] Key type asymmetric registered
[    0.919271] Asymmetric key parser 'x509' registered
[    0.919482] bounce: pool size: 64 pages
[    0.919624] Block layer SCSI generic (bsg) driver version 0.4 loaded (major 249)
[    0.919727] io scheduler mq-deadline registered
[    0.919848] io scheduler bfq registered
[    0.922825] intel_idle: does not run on family 6 model 14
[    0.923277] ACPI: Deprecated procfs I/F for AC is loaded, please retry with CONFIG_ACPI_PROCFS_POWER cleared
[    0.923545] ACPI: AC Adapter [AC] (on-line)
[    0.923916] input: Lid Switch as /devices/LNXSYSTM:00/LNXSYBUS:00/PNP0C0D:00/input/input0
[    0.924181] ACPI: Lid Switch [LID]
[    0.924438] input: Sleep Button as /devices/LNXSYSTM:00/LNXSYBUS:00/PNP0C0E:00/input/input1
[    0.924594] ACPI: Sleep Button [SLPB]
[    0.924887] input: Power Button as /devices/LNXSYSTM:00/LNXPWRBN:00/input/input2
[    0.925028] ACPI: Power Button [PWRF]
[    0.925518] ACPI: Video Device [VID] (multi-head: yes  rom: no  post: no)
[    0.933294] acpi device:01: registered as cooling_device0
[    0.933756] input: Video Bus as /devices/LNXSYSTM:00/LNXSYBUS:00/PNP0A08:00/LNXVIDEO:00/input/input3
[    0.950452] thermal LNXTHERM:00: registered as thermal_zone0
[    0.950542] ACPI: Thermal Zone [THM0] (76 C)
[    0.954379] thermal LNXTHERM:01: registered as thermal_zone1
[    0.954466] ACPI: Thermal Zone [THM1] (74 C)
[    0.955392] Serial: 8250/16550 driver, 4 ports, IRQ sharing disabled
[    0.956179] serial8250: ttyS1 at I/O 0x2f8 (irq = 3, base_baud = 921600) is a NS16550A
[    0.959732] lp: driver loaded but no devices found
[    0.960041] Non-volatile memory driver v1.3
[    0.960399] intel_rng: FWH not detected
[    0.960532] Linux agpgart interface v0.103
[    0.961306] [drm] radeon kernel modesetting enabled.
[    0.962512] pci 0000:00:00.0: Intel 945GM Chipset
[    0.962681] pci 0000:00:00.0: detected gtt size: 262144K total, 262144K mappable
[    0.963390] pci 0000:00:00.0: detected 8192K stolen memory
[    0.963726] i915 0000:00:02.0: vgaarb: deactivate vga console
[    0.965085] Console: switching to colour dummy device 80x25
[    0.967143] [drm] Supports vblank timestamp caching Rev 2 (21.10.2013).
[    0.967180] [drm] Driver supports precise vblank timestamp query.
[    0.967227] resource sanity check: requesting [mem 0x000c0000-0x000dffff], which spans more than pnp 00:00 [mem 0x000c8000-0x000cbfff]
[    0.967300] caller pci_map_rom+0x6f/0x174 mapping multiple BARs
[    0.968969] i915 0000:00:02.0: vgaarb: changed VGA decodes: olddecodes=io+mem,decodes=io+mem:owns=io+mem
[    0.990128] battery: ACPI: Deprecated procfs I/F for battery is loaded, please retry with CONFIG_ACPI_PROCFS_POWER cleared
[    0.990219] battery: ACPI: Battery Slot [BAT0] (battery present)
[    1.026726] random: fast init done
[    1.065589] [drm] RC6 disabled, disabling runtime PM support
[    1.065910] [drm] Initialized overlay support.
[    1.067511] [drm] Initialized i915 1.6.0 20190619 for 0000:00:02.0 on minor 0
[    1.068513] usbcore: registered new interface driver udl
[    1.081105] loop: module loaded
[    1.094000] fbcon: i915drmfb (fb0) is primary device
[    1.102706] ahci 0000:00:1f.2: version 3.0
[    1.103452] ahci 0000:00:1f.2: AHCI 0001.0100 32 slots 4 ports 1.5 Gbps 0x1 impl SATA mode
[    1.103458] ahci 0000:00:1f.2: flags: 64bit ncq pm led clo pio slum part 
[    1.105742] scsi host0: ahci
[    1.106307] scsi host1: ahci
[    1.106942] scsi host2: ahci
[    1.107479] scsi host3: ahci
[    1.107772] ata1: SATA max UDMA/133 abar m1024@0xee444400 port 0xee444500 irq 16
[    1.107774] ata2: DUMMY
[    1.107776] ata3: DUMMY
[    1.107778] ata4: DUMMY
[    1.107962] ata_piix 0000:00:1f.1: version 2.13
[    1.110878] scsi host4: ata_piix
[    1.111407] scsi host5: ata_piix
[    1.111623] ata5: PATA max UDMA/100 cmd 0x1f0 ctl 0x3f6 bmdma 0x1810 irq 14
[    1.111626] ata6: PATA max UDMA/100 cmd 0x170 ctl 0x376 bmdma 0x1818 irq 15
[    1.112787] tun: Universal TUN/TAP device driver, 1.6
[    1.113331] e1000e: Intel(R) PRO/1000 Network Driver - 3.2.6-k
[    1.113333] e1000e: Copyright(c) 1999 - 2015 Intel Corporation.
[    1.113444] e1000e 0000:02:00.0: Disabling ASPM  L1
[    1.113447] e1000e 0000:02:00.0: can't disable ASPM; OS doesn't have ASPM control
[    1.113893] e1000e 0000:02:00.0: Interrupt Throttling Rate (ints/sec) set to dynamic conservative mode
[    1.114379] ata6: port disabled--ignoring
[    1.239559] e1000e 0000:02:00.0 eth0: (PCI Express:2.5GT/s:Width x1) 00:16:d3:25:19:04
[    1.239563] e1000e 0000:02:00.0 eth0: Intel(R) PRO/1000 Network Connection
[    1.239642] e1000e 0000:02:00.0 eth0: MAC: 2, PHY: 2, PBA No: 005302-003
[    1.239887] PPP generic driver version 2.4.2
[    1.240116] PPP BSD Compression module registered
[    1.240120] PPP Deflate Compression module registered
[    1.240122] SLIP: version 0.8.4-NET3.019-NEWTTY (dynamic channels, max=256).
[    1.240123] CSLIP: code copyright 1989 Regents of the University of California.
[    1.240202] iwl3945: Intel(R) PRO/Wireless 3945ABG/BG Network Connection driver for Linux, in-tree:ds
[    1.240204] iwl3945: Copyright(c) 2003-2011 Intel Corporation
[    1.240205] iwl3945: hw_scan is disabled
[    1.240397] iwl3945 0000:03:00.0: can't disable ASPM; OS doesn't have ASPM control
[    1.295235] iwl3945 0000:03:00.0: Tunable channels: 11 802.11bg, 13 802.11a channels
[    1.295239] iwl3945 0000:03:00.0: Detected Intel Wireless WiFi Link 3945ABG
[    1.296034] ieee80211 phy0: Selected rate control algorithm 'iwl-3945-rs'
[    1.296891] Intel(R) Wireless WiFi driver for Linux
[    1.296893] Copyright(c) 2003- 2015 Intel Corporation
[    1.297114] usbcore: registered new interface driver ax88179_178a
[    1.297154] usbcore: registered new interface driver cdc_ether
[    1.297192] usbcore: registered new interface driver net1080
[    1.297231] usbcore: registered new interface driver cdc_subset
[    1.297272] usbcore: registered new interface driver zaurus
[    1.297323] usbcore: registered new interface driver cdc_ncm
[    1.297404] pci 0000:00:1e.0: enabling device (0005 -> 0007)
[    1.297635] yenta_cardbus 0000:15:00.0: CardBus bridge found [17aa:201c]
[    1.422784] ata1: SATA link up 1.5 Gbps (SStatus 113 SControl 300)
[    1.505244] ata1.00: ACPI cmd ef/02:00:00:00:00:a0 (SET FEATURES) succeeded
[    1.505248] ata1.00: ACPI cmd f5/00:00:00:00:00:a0 (SECURITY FREEZE LOCK) filtered out
[    1.505252] ata1.00: ACPI cmd ef/10:03:00:00:00:a0 (SET FEATURES) filtered out
[    1.549333] ata1.00: ATA-9: ST1000LM014-1EJ164, SM11, max UDMA/133
[    1.549336] ata1.00: 1953525168 sectors, multi 16: LBA48 NCQ (depth 32), AA
[    1.593948] ata1.00: ACPI cmd ef/02:00:00:00:00:a0 (SET FEATURES) succeeded
[    1.593952] ata1.00: ACPI cmd f5/00:00:00:00:00:a0 (SECURITY FREEZE LOCK) filtered out
[    1.593956] ata1.00: ACPI cmd ef/10:03:00:00:00:a0 (SET FEATURES) filtered out
[    1.638089] ata1.00: configured for UDMA/133
[    1.834780] Console: switching to colour frame buffer device 102x42
[    1.965498] i915 0000:00:02.0: fb0: i915drmfb frame buffer device
[    1.969018] scsi 0:0:0:0: Direct-Access     ATA      ST1000LM014-1EJ1 SM11 PQ: 0 ANSI: 5
[    1.972886] sd 0:0:0:0: Attached scsi generic sg0 type 0
[    1.972898] sd 0:0:0:0: [sda] 1953525168 512-byte logical blocks: (1.00 TB/932 GiB)
[    1.978543] sd 0:0:0:0: [sda] 4096-byte physical blocks
[    1.981482] sd 0:0:0:0: [sda] Write Protect is off
[    1.984276] sd 0:0:0:0: [sda] Mode Sense: 00 3a 00 00
[    1.984422] sd 0:0:0:0: [sda] Write cache: enabled, read cache: enabled, doesn't support DPO or FUA
[    2.002574]  sda: sda1 sda2 sda3 sda4
[    2.007646] sd 0:0:0:0: [sda] Attached SCSI disk
[    2.151520] yenta_cardbus 0000:15:00.0: ISA IRQ mask 0x0cb8, PCI irq 16
[    2.154382] yenta_cardbus 0000:15:00.0: Socket status: 30000006
[    2.157230] yenta_cardbus 0000:15:00.0: pcmcia: parent PCI bridge window: [io  0x9000-0xcfff]
[    2.160055] yenta_cardbus 0000:15:00.0: pcmcia: parent PCI bridge window: [mem 0xe4300000-0xe7ffffff]
[    2.162815] pcmcia_socket pcmcia_socket0: cs: memory probe 0xe4300000-0xe7ffffff:
[    2.165590]  excluding 0xe4300000-0xe46cffff
[    2.168379] yenta_cardbus 0000:15:00.0: pcmcia: parent PCI bridge window: [mem 0xe0000000-0xe3ffffff 64bit pref]
[    2.171302] pcmcia_socket pcmcia_socket0: cs: memory probe 0xe0000000-0xe3ffffff:
[    2.174271]  excluding 0xe0000000-0xe3ffffff
[    2.178235] ehci_hcd: USB 2.0 'Enhanced' Host Controller (EHCI) Driver
[    2.181194] ehci-pci: EHCI PCI platform driver
[    2.184627] ehci-pci 0000:00:1d.7: EHCI Host Controller
[    2.187922] ehci-pci 0000:00:1d.7: new USB bus registered, assigned bus number 1
[    2.191040] ehci-pci 0000:00:1d.7: debug port 1
[    2.198053] ehci-pci 0000:00:1d.7: cache line size of 64 is not supported
[    2.201260] ehci-pci 0000:00:1d.7: irq 19, io mem 0xee444000
[    2.218727] ehci-pci 0000:00:1d.7: USB 2.0 started, EHCI 1.00
[    2.222273] usb usb1: New USB device found, idVendor=1d6b, idProduct=0002, bcdDevice= 5.02
[    2.225531] usb usb1: New USB device strings: Mfr=3, Product=2, SerialNumber=1
[    2.228744] usb usb1: Product: EHCI Host Controller
[    2.231886] usb usb1: Manufacturer: Linux 5.2.0-rc6-next-20190627+ ehci_hcd
[    2.235088] usb usb1: SerialNumber: 0000:00:1d.7
[    2.238886] hub 1-0:1.0: USB hub found
[    2.242052] hub 1-0:1.0: 8 ports detected
[    2.247444] ohci_hcd: USB 1.1 'Open' Host Controller (OHCI) Driver
[    2.250508] ohci-pci: OHCI PCI platform driver
[    2.253578] uhci_hcd: USB Universal Host Controller Interface driver
[    2.257141] uhci_hcd 0000:00:1d.0: UHCI Host Controller
[    2.260414] uhci_hcd 0000:00:1d.0: new USB bus registered, assigned bus number 2
[    2.263498] uhci_hcd 0000:00:1d.0: detected 2 ports
[    2.266471] uhci_hcd 0000:00:1d.0: irq 16, io base 0x00001820
[    2.269730] usb usb2: New USB device found, idVendor=1d6b, idProduct=0001, bcdDevice= 5.02
[    2.272775] usb usb2: New USB device strings: Mfr=3, Product=2, SerialNumber=1
[    2.275826] usb usb2: Product: UHCI Host Controller
[    2.278808] usb usb2: Manufacturer: Linux 5.2.0-rc6-next-20190627+ uhci_hcd
[    2.281759] usb usb2: SerialNumber: 0000:00:1d.0
[    2.285294] hub 2-0:1.0: USB hub found
[    2.288275] hub 2-0:1.0: 2 ports detected
[    2.292147] uhci_hcd 0000:00:1d.1: UHCI Host Controller
[    2.295271] uhci_hcd 0000:00:1d.1: new USB bus registered, assigned bus number 3
[    2.298224] uhci_hcd 0000:00:1d.1: detected 2 ports
[    2.301090] uhci_hcd 0000:00:1d.1: irq 17, io base 0x00001840
[    2.304180] usb usb3: New USB device found, idVendor=1d6b, idProduct=0001, bcdDevice= 5.02
[    2.307012] usb usb3: New USB device strings: Mfr=3, Product=2, SerialNumber=1
[    2.309722] usb usb3: Product: UHCI Host Controller
[    2.312379] usb usb3: Manufacturer: Linux 5.2.0-rc6-next-20190627+ uhci_hcd
[    2.315072] usb usb3: SerialNumber: 0000:00:1d.1
[    2.318282] hub 3-0:1.0: USB hub found
[    2.320992] hub 3-0:1.0: 2 ports detected
[    2.324645] uhci_hcd 0000:00:1d.2: UHCI Host Controller
[    2.327484] uhci_hcd 0000:00:1d.2: new USB bus registered, assigned bus number 4
[    2.330130] uhci_hcd 0000:00:1d.2: detected 2 ports
[    2.332789] uhci_hcd 0000:00:1d.2: irq 18, io base 0x00001860
[    2.335692] usb usb4: New USB device found, idVendor=1d6b, idProduct=0001, bcdDevice= 5.02
[    2.338358] usb usb4: New USB device strings: Mfr=3, Product=2, SerialNumber=1
[    2.341011] usb usb4: Product: UHCI Host Controller
[    2.343624] usb usb4: Manufacturer: Linux 5.2.0-rc6-next-20190627+ uhci_hcd
[    2.346251] usb usb4: SerialNumber: 0000:00:1d.2
[    2.349434] hub 4-0:1.0: USB hub found
[    2.352101] hub 4-0:1.0: 2 ports detected
[    2.355762] uhci_hcd 0000:00:1d.3: UHCI Host Controller
[    2.358575] uhci_hcd 0000:00:1d.3: new USB bus registered, assigned bus number 5
[    2.361232] uhci_hcd 0000:00:1d.3: detected 2 ports
[    2.363849] uhci_hcd 0000:00:1d.3: irq 19, io base 0x00001880
[    2.366699] usb usb5: New USB device found, idVendor=1d6b, idProduct=0001, bcdDevice= 5.02
[    2.369344] usb usb5: New USB device strings: Mfr=3, Product=2, SerialNumber=1
[    2.371985] usb usb5: Product: UHCI Host Controller
[    2.374597] usb usb5: Manufacturer: Linux 5.2.0-rc6-next-20190627+ uhci_hcd
[    2.377235] usb usb5: SerialNumber: 0000:00:1d.3
[    2.380387] hub 5-0:1.0: USB hub found
[    2.383009] hub 5-0:1.0: 2 ports detected
[    2.386284] usbcore: registered new interface driver cdc_acm
[    2.388787] cdc_acm: USB Abstract Control Model driver for USB modems and ISDN adapters
[    2.391441] usbcore: registered new interface driver usblp
[    2.394127] usbcore: registered new interface driver usb-storage
[    2.396767] usbcore: registered new interface driver ums-sddr09
[    2.399444] usbcore: registered new interface driver usbserial_generic
[    2.401998] usbserial: USB Serial support registered for generic
[    2.404590] usbcore: registered new interface driver ch341
[    2.407114] usbserial: USB Serial support registered for ch341-uart
[    2.409655] usbcore: registered new interface driver ftdi_sio
[    2.412241] usbserial: USB Serial support registered for FTDI USB Serial Device
[    2.414881] usbcore: registered new interface driver option
[    2.417422] usbserial: USB Serial support registered for GSM modem (1-port)
[    2.420135] usbcore: registered new interface driver pl2303
[    2.423076] usbserial: USB Serial support registered for pl2303
[    2.425752] usbcore: registered new interface driver ti_usb_3410_5052
[    2.428441] usbserial: USB Serial support registered for TI USB 3410 1 port adapter
[    2.431200] usbserial: USB Serial support registered for TI USB 5052 2 port adapter
[    2.433873] ftdi_elan: driver ftdi-elan
[    2.436510] usbcore: registered new interface driver ftdi-elan
[    2.439292] i8042: PNP: PS/2 Controller [PNP0303:KBD,PNP0f13:MOU] at 0x60,0x64 irq 1,12
[    2.452697] serio: i8042 KBD port at 0x60,0x64 irq 1
[    2.455398] serio: i8042 AUX port at 0x60,0x64 irq 12
[    2.458742] mousedev: PS/2 mouse device common for all mice
[    2.462365] input: PC Speaker as /devices/platform/pcspkr/input/input4
[    2.465699] rtc_cmos 00:02: RTC can wake from S4
[    2.468855] rtc_cmos 00:02: registered as rtc0
[    2.471664] rtc_cmos 00:02: alarms up to one month, y3k, 114 bytes nvram, hpet irqs
[    2.474535] usbcore: registered new interface driver uvcvideo
[    2.477298] USB Video Class driver (1.1.1)
[    2.479968] gspca_main: v2.14.0 registered
[    2.482661] usbcore: registered new interface driver sq930x
[    2.486348] device-mapper: ioctl: 4.40.0-ioctl (2019-01-18) initialised: dm-devel@redhat.com
[    2.489120] Bluetooth: HCI UART driver ver 2.3
[    2.491850] Bluetooth: HCI UART protocol H4 registered
[    2.494542] Bluetooth: HCI UART protocol BCSP registered
[    2.497352] usbcore: registered new interface driver btusb
[    2.500178] sdhci: Secure Digital Host Controller Interface driver
[    2.502880] sdhci: Copyright(c) Pierre Ossman
[    2.505551] sdhci-pci 0000:15:00.2: SDHCI controller found [1180:0822] (rev 18)
[    2.508649] sdhci-pci 0000:15:00.2: Will use DMA mode even though HW doesn't fully claim to support it.
[    2.511999] mmc0 bounce up to 128 segments into one, max segment size 65536 bytes
[    2.515112] sdhci-pci 0000:15:00.2: Will use DMA mode even though HW doesn't fully claim to support it.
[    2.518586] mmc0: SDHCI controller on PCI [0000:15:00.2] using DMA
[    2.521842] hidraw: raw HID events driver (C) Jiri Kosina
[    2.526062] usbcore: registered new interface driver usbhid
[    2.529108] usbhid: USB HID core driver
[    2.533437] thinkpad_acpi: ThinkPad ACPI Extras v0.26
[    2.536411] thinkpad_acpi: http://ibm-acpi.sf.net/
[    2.539312] thinkpad_acpi: ThinkPad BIOS 7BETD8WW (2.19 ), EC 7BHT40WW-1.13
[    2.542229] thinkpad_acpi: Lenovo ThinkPad X60, model 17097HU
[    2.548207] input: AT Translated Set 2 keyboard as /devices/platform/i8042/serio0/input/input5
[    2.554845] thinkpad_acpi: ACPI backlight control delay disabled
[    2.558300] thinkpad_acpi: radio switch found; radios are enabled
[    2.561654] thinkpad_acpi: This ThinkPad has standard ACPI backlight brightness control, supported by the ACPI video driver
[    2.567820] thinkpad_acpi: Disabling thinkpad-acpi brightness events by default...
[    2.583496] thinkpad_acpi: rfkill switch tpacpi_bluetooth_sw: radio is unblocked
[    2.589077] thinkpad_acpi: warning: userspace override of important firmware LEDs is enabled
[    2.596992] thinkpad_acpi: Standard ACPI backlight interface available, not loading native one
[    2.600473] thinkpad_acpi: volume: disabled as there is no ALSA support in this kernel
[    2.604399] thinkpad_acpi: battery 1 registered (start 0, stop 0)
[    2.604408] battery: new extension: ThinkPad Battery Extension
[    2.611117] input: ThinkPad Extra Buttons as /devices/platform/thinkpad_acpi/input/input6
[    2.619484] snd_hda_intel 0000:00:1b.0: probe_mask set to 0x1 for device 17aa:2010
[    2.623262] usbcore: registered new interface driver snd-usb-audio
[    2.628651] NET: Registered protocol family 17
[    2.632501] Bluetooth: RFCOMM TTY layer initialized
[    2.635888] Bluetooth: RFCOMM socket layer initialized
[    2.639184] Bluetooth: RFCOMM ver 1.11
[    2.642345] Bluetooth: BNEP (Ethernet Emulation) ver 1.3
[    2.645564] Bluetooth: BNEP filters: protocol multicast
[    2.648799] Bluetooth: BNEP socket layer initialized
[    2.651995] Bluetooth: HIDP (Human Interface Emulation) ver 1.2
[    2.655213] Bluetooth: HIDP socket layer initialized
[    2.658699] microcode: sig=0x6e8, pf=0x20, revision=0x39
[    2.662856] microcode: Microcode Update Driver: v2.2.
[    2.662861] Using IPI No-Shortcut mode
[    2.669215] sdhci-pci 0000:15:00.2: Will use DMA mode even though HW doesn't fully claim to support it.
[    2.673700] Loading compiled-in X.509 certificates
[    2.677091] snd_hda_codec_analog hdaudioC0D0: autoconfig for AD1981: line_outs=1 (0x5/0x0/0x0/0x0/0x0) type:speaker
[    2.678434] Key type encrypted registered
[    2.683461] snd_hda_codec_analog hdaudioC0D0:    speaker_outs=0 (0x0/0x0/0x0/0x0/0x0)
[    2.683465] snd_hda_codec_analog hdaudioC0D0:    hp_outs=0 (0x0/0x0/0x0/0x0/0x0)
[    2.683468] snd_hda_codec_analog hdaudioC0D0:    mono: mono_out=0x0
[    2.683471] snd_hda_codec_analog hdaudioC0D0:    inputs:
[    2.683476] snd_hda_codec_analog hdaudioC0D0:      Mic=0x8
[    2.687544] rtc_cmos 00:02: setting system clock to 2019-06-28T09:34:32 UTC (1561714472)
[    2.689903] snd_hda_codec_analog hdaudioC0D0:      CD=0x19
[    2.710506] cfg80211: Loading compiled-in X.509 certificates for regulatory database
[    2.716782] cfg80211: Problem loading in-kernel X.509 certificate (-13)
[    2.720289] platform regulatory.0: Direct firmware load for regulatory.db failed with error -2
[    2.723428] cfg80211: failed to load regulatory.db
[    2.734735] PM: Image not found (code -22)
[    2.734768] ALSA device list:
[    2.738734]   #0: HDA Intel at 0xee240000 irq 17
[    2.752908] sdhci-pci 0000:15:00.2: Will use DMA mode even though HW doesn't fully claim to support it.
[    2.825412] sdhci-pci 0000:15:00.2: Will use DMA mode even though HW doesn't fully claim to support it.
[    2.866743] usb 5-1: new full-speed USB device number 2 using uhci_hcd
[    2.907063] sdhci-pci 0000:15:00.2: Will use DMA mode even though HW doesn't fully claim to support it.
[    3.060262] usb 5-1: New USB device found, idVendor=0a5c, idProduct=2110, bcdDevice= 1.00
[    3.065763] usb 5-1: New USB device strings: Mfr=1, Product=2, SerialNumber=0
[    3.071162] usb 5-1: Product: BCM2045B
[    3.076431] usb 5-1: Manufacturer: Broadcom Corp
[    3.199098] psmouse serio1: trackpoint: IBM TrackPoint firmware: 0x0e, buttons: 3/3
[    3.222294] input: TPPS/2 IBM TrackPoint as /devices/platform/i8042/serio1/input/input8
[    3.232763] md: Waiting for all devices to be available before autodetect
[    3.237034] md: If you don't use raid, use raid=noautodetect
[    3.242285] md: Autodetecting RAID arrays.
[    3.246601] md: autorun ...
[    3.250810] md: ... autorun DONE.
[    3.277760] EXT4-fs (sda4): mounted filesystem with ordered data mode. Opts: (null)
[    3.283678] VFS: Mounted root (ext4 filesystem) readonly on device 8:4.
[    3.290153] devtmpfs: mounted
[    3.294097] Freeing unused kernel image memory: 636K
[    3.297506] Write protecting kernel text and read-only data: 17460k
[    3.300689] NX-protecting the kernel data: 7952k
[    3.304661] x86/mm: Checked W+X mappings: passed, no W+X pages found.
[    3.307715] rodata_test: all tests were successful
[    3.310823] x86/mm: Checking user space page tables
[    3.313887] x86/mm: Checked W+X mappings: passed, no W+X pages found.
[    3.316946] Run /sbin/init as init process
[    3.504804] random: systemd: uninitialized urandom read (16 bytes read)
[    3.512751] systemd[1]: systemd 215 running in system mode. (+PAM +AUDIT +SELINUX +IMA +SYSVINIT +LIBCRYPTSETUP +GCRYPT +ACL +XZ -SECCOMP -APPARMOR)
[    3.542934] systemd[1]: Detected architecture 'x86'.
[    3.669439] systemd[1]: Failed to insert module 'ipv6'
[    3.681688] systemd[1]: Set hostname to <amd>.
[    3.759080] random: systemd-sysv-ge: uninitialized urandom read (16 bytes read)
[    3.918746] usb 5-2: new full-speed USB device number 3 using uhci_hcd
[    4.056004] random: systemd-sysv-ge: uninitialized urandom read (16 bytes read)
[    4.125267] usb 5-2: New USB device found, idVendor=0483, idProduct=2016, bcdDevice= 0.01
[    4.130957] usb 5-2: New USB device strings: Mfr=1, Product=2, SerialNumber=0
[    4.136470] usb 5-2: Product: Biometric Coprocessor
[    4.141795] usb 5-2: Manufacturer: STMicroelectronics
[    4.589649] systemd[1]: Binding to IPv6 address not available since kernel does not support IPv6.
[    4.593864] systemd[1]: [/lib/systemd/system/gpsd.socket:6] Failed to parse address value, ignoring: [::1]:2947
[    4.605482] systemd[1]: Starting Forward Password Requests to Wall Directory Watch.
[    4.610391] systemd[1]: Started Forward Password Requests to Wall Directory Watch.
[    4.613576] systemd[1]: Starting Remote File Systems (Pre).
[    4.623175] systemd[1]: Reached target Remote File Systems (Pre).
[    5.173085] systemd-udevd[2072]: starting version 215
[    6.290052] EXT4-fs (sda4): re-mounted. Opts: errors=remount-ro
[    6.487350] random: crng init done
[    6.487353] random: 7 urandom warning(s) missed due to ratelimiting
[    6.552230] e1000e 0000:02:00.0 eth1: renamed from eth0
[    6.583290] systemd-udevd[2449]: renamed network interface eth0 to eth1
[    7.886775] Adding 2097148k swap on /dev/sda1.  Priority:-2 extents:1 across:2097148k 
[    8.309614] EXT4-fs (sda2): mounted filesystem with ordered data mode. Opts: errors=remount-ro
[    8.423081] systemd-journald[1551]: Received request to flush runtime journal from PID 1
[   17.898515] iwl3945 0000:03:00.0: loaded firmware version 15.32.2.9
[   49.849300] e1000e: eth1 NIC Link is Up 100 Mbps Full Duplex, Flow Control: Rx/Tx
[   49.849490] e1000e 0000:02:00.0 eth1: 10/100 speed: disabling TSO
