[    0.000000] Linux version 5.4.0-rc1+ (pavel@duo) (gcc version 4.9.2 (Debian 4.9.2-10+deb8u2)) #70 SMP PREEMPT Mon Sep 30 21:03:58 CEST 2019
[    0.000000] Command line: BOOT_IMAGE=(hd1,2)/l/k/o/64/arch/x86/boot/bzImage root=/dev/sdb4 resume=/dev/sda1
[    0.000000] Disabled fast string operations
[    0.000000] x86/fpu: Supporting XSAVE feature 0x001: 'x87 floating point registers'
[    0.000000] x86/fpu: Supporting XSAVE feature 0x002: 'SSE registers'
[    0.000000] x86/fpu: Supporting XSAVE feature 0x004: 'AVX registers'
[    0.000000] x86/fpu: xstate_offset[2]:  576, xstate_sizes[2]:  256
[    0.000000] x86/fpu: Enabled xstate features 0x7, context size is 832 bytes, using 'standard' format.
[    0.000000] BIOS-provided physical RAM map:
[    0.000000] BIOS-e820: [mem 0x0000000000000000-0x000000000009d7ff] usable
[    0.000000] BIOS-e820: [mem 0x000000000009d800-0x000000000009ffff] reserved
[    0.000000] BIOS-e820: [mem 0x00000000000e0000-0x00000000000fffff] reserved
[    0.000000] BIOS-e820: [mem 0x0000000000100000-0x000000001fffffff] usable
[    0.000000] BIOS-e820: [mem 0x0000000020000000-0x00000000201fffff] reserved
[    0.000000] BIOS-e820: [mem 0x0000000020200000-0x000000003fffffff] usable
[    0.000000] BIOS-e820: [mem 0x0000000040000000-0x00000000401fffff] reserved
[    0.000000] BIOS-e820: [mem 0x0000000040200000-0x00000000da99efff] usable
[    0.000000] BIOS-e820: [mem 0x00000000da99f000-0x00000000dae9efff] reserved
[    0.000000] BIOS-e820: [mem 0x00000000dae9f000-0x00000000daf9efff] ACPI NVS
[    0.000000] BIOS-e820: [mem 0x00000000daf9f000-0x00000000daffefff] ACPI data
[    0.000000] BIOS-e820: [mem 0x00000000dafff000-0x00000000daffffff] usable
[    0.000000] BIOS-e820: [mem 0x00000000db000000-0x00000000df9fffff] reserved
[    0.000000] BIOS-e820: [mem 0x00000000f8000000-0x00000000fbffffff] reserved
[    0.000000] BIOS-e820: [mem 0x00000000fec00000-0x00000000fec00fff] reserved
[    0.000000] BIOS-e820: [mem 0x00000000fed08000-0x00000000fed08fff] reserved
[    0.000000] BIOS-e820: [mem 0x00000000fed10000-0x00000000fed19fff] reserved
[    0.000000] BIOS-e820: [mem 0x00000000fed1c000-0x00000000fed1ffff] reserved
[    0.000000] BIOS-e820: [mem 0x00000000fee00000-0x00000000fee00fff] reserved
[    0.000000] BIOS-e820: [mem 0x00000000ffd20000-0x00000000ffffffff] reserved
[    0.000000] BIOS-e820: [mem 0x0000000100000000-0x000000019e5fffff] usable
[    0.000000] BIOS-e820: [mem 0x000000019e600000-0x000000019e7fffff] reserved
[    0.000000] NX (Execute Disable) protection: active
[    0.000000] SMBIOS 2.6 present.
[    0.000000] DMI: LENOVO 42872WU/42872WU, BIOS 8DET74WW (1.44 ) 03/13/2018
[    0.000000] tsc: Fast TSC calibration using PIT
[    0.000000] tsc: Detected 2491.765 MHz processor
[    0.001588] e820: update [mem 0x00000000-0x00000fff] usable ==> reserved
[    0.001591] e820: remove [mem 0x000a0000-0x000fffff] usable
[    0.001599] last_pfn = 0x19e600 max_arch_pfn = 0x400000000
[    0.001604] MTRR default type: uncachable
[    0.001605] MTRR fixed ranges enabled:
[    0.001608]   00000-9FFFF write-back
[    0.001609]   A0000-BFFFF uncachable
[    0.001611]   C0000-FFFFF write-protect
[    0.001612] MTRR variable ranges enabled:
[    0.001614]   0 base 0FFC00000 mask FFFC00000 write-protect
[    0.001616]   1 base 000000000 mask F80000000 write-back
[    0.001617]   2 base 080000000 mask FC0000000 write-back
[    0.001619]   3 base 0C0000000 mask FE0000000 write-back
[    0.001620]   4 base 0DC000000 mask FFC000000 uncachable
[    0.001621]   5 base 0DB000000 mask FFF000000 uncachable
[    0.001623]   6 base 100000000 mask F80000000 write-back
[    0.001624]   7 base 180000000 mask FE0000000 write-back
[    0.001626]   8 base 19F000000 mask FFF000000 uncachable
[    0.001627]   9 base 19E800000 mask FFF800000 uncachable
[    0.002410] x86/PAT: Configuration [0-7]: WB  WC  UC- UC  WB  WP  UC- WT  
[    0.003802] last_pfn = 0xdb000 max_arch_pfn = 0x400000000
[    0.003822] reserving inaccessible SNB gfx pages
[    0.003828] BRK [0x06001000, 0x06001fff] PGTABLE
[    0.003831] BRK [0x06002000, 0x06002fff] PGTABLE
[    0.003832] BRK [0x06003000, 0x06003fff] PGTABLE
[    0.003895] BRK [0x06004000, 0x06004fff] PGTABLE
[    0.004050] BRK [0x06005000, 0x06005fff] PGTABLE
[    0.004323] BRK [0x06006000, 0x06006fff] PGTABLE
[    0.004830] ACPI: Early table checksum verification disabled
[    0.004836] ACPI: RSDP 0x00000000000F00E0 000024 (v02 LENOVO)
[    0.004841] ACPI: XSDT 0x00000000DAFFE120 0000AC (v01 LENOVO TP-8D    00001440 PTEC 00000002)
[    0.004848] ACPI: FACP 0x00000000DAFE7000 0000F4 (v04 LENOVO TP-8D    00001440 PTL  00000002)
[    0.004855] ACPI: DSDT 0x00000000DAFEA000 00FA89 (v01 LENOVO TP-8D    00001440 INTL 20061109)
[    0.004860] ACPI: FACS 0x00000000DAF2D000 000040
[    0.004864] ACPI: FACS 0x00000000DAF2D000 000040
[    0.004867] ACPI: SLIC 0x00000000DAFFD000 000176 (v01 LENOVO TP-8D    00001440 PTEC 00000001)
[    0.004872] ACPI: SSDT 0x00000000DAFFC000 000249 (v01 LENOVO TP-SSDT2 00000200 INTL 20061109)
[    0.004876] ACPI: SSDT 0x00000000DAFFB000 000033 (v01 LENOVO TP-SSDT1 00000100 INTL 20061109)
[    0.004880] ACPI: SSDT 0x00000000DAFFA000 0007D1 (v01 LENOVO SataAhci 00001000 INTL 20061109)
[    0.004884] ACPI: HPET 0x00000000DAFE6000 000038 (v01 LENOVO TP-8D    00001440 PTL  00000002)
[    0.004888] ACPI: APIC 0x00000000DAFE5000 000098 (v01 LENOVO TP-8D    00001440 PTL  00000002)
[    0.004892] ACPI: MCFG 0x00000000DAFE4000 00003C (v01 LENOVO TP-8D    00001440 PTL  00000002)
[    0.004897] ACPI: ECDT 0x00000000DAFE3000 000052 (v01 LENOVO TP-8D    00001440 PTL  00000002)
[    0.004901] ACPI: ASF! 0x00000000DAFE9000 0000A5 (v32 LENOVO TP-8D    00001440 PTL  00000002)
[    0.004905] ACPI: TCPA 0x00000000DAFE2000 000032 (v02 PTL    LENOVO   06040000 LNVO 00000001)
[    0.004909] ACPI: SSDT 0x00000000DAFE1000 000A27 (v01 PmRef  Cpu0Ist  00003000 INTL 20061109)
[    0.004914] ACPI: SSDT 0x00000000DAFE0000 000996 (v01 PmRef  CpuPm    00003000 INTL 20061109)
[    0.004918] ACPI: DMAR 0x00000000DAFDF000 0000E8 (v01 INTEL  SNB      00000001 INTL 00000001)
[    0.004922] ACPI: UEFI 0x00000000DAFDE000 00003E (v01 LENOVO TP-8D    00001440 PTL  00000002)
[    0.004926] ACPI: UEFI 0x00000000DAFDD000 000042 (v01 PTL    COMBUF   00000001 PTL  00000001)
[    0.004930] ACPI: UEFI 0x00000000DAFDC000 000292 (v01 LENOVO TP-8D    00001440 PTL  00000002)
[    0.004939] ACPI: Local APIC address 0xfee00000
[    0.004986] Zone ranges:
[    0.004989]   DMA      [mem 0x0000000000001000-0x0000000000ffffff]
[    0.004991]   DMA32    [mem 0x0000000001000000-0x00000000ffffffff]
[    0.004994]   Normal   [mem 0x0000000100000000-0x000000019e5fffff]
[    0.004996] Movable zone start for each node
[    0.004998] Early memory node ranges
[    0.005000]   node   0: [mem 0x0000000000001000-0x000000000009cfff]
[    0.005002]   node   0: [mem 0x0000000000100000-0x000000001fffffff]
[    0.005004]   node   0: [mem 0x0000000020200000-0x000000003fffffff]
[    0.005006]   node   0: [mem 0x0000000040200000-0x00000000da99efff]
[    0.005009]   node   0: [mem 0x00000000dafff000-0x00000000daffffff]
[    0.005011]   node   0: [mem 0x0000000100000000-0x000000019e5fffff]
[    0.005238] Zeroed struct page in unavailable ranges: 23236 pages
[    0.005239] Initmem setup node 0 [mem 0x0000000000001000-0x000000019e5fffff]
[    0.005243] On node 0 totalpages: 1542972
[    0.005245]   DMA zone: 56 pages used for memmap
[    0.005246]   DMA zone: 156 pages reserved
[    0.005248]   DMA zone: 3996 pages, LIFO batch:0
[    0.005292]   DMA32 zone: 12172 pages used for memmap
[    0.005293]   DMA32 zone: 890272 pages, LIFO batch:63
[    0.015942]   Normal zone: 8869 pages used for memmap
[    0.015946]   Normal zone: 648704 pages, LIFO batch:63
[    0.022576] Reserving Intel graphics memory at [mem 0xdba00000-0xdf9fffff]
[    0.022748] ACPI: PM-Timer IO Port: 0x408
[    0.022751] ACPI: Local APIC address 0xfee00000
[    0.022759] ACPI: LAPIC_NMI (acpi_id[0x00] high edge lint[0x1])
[    0.022761] ACPI: LAPIC_NMI (acpi_id[0x01] high edge lint[0x1])
[    0.022776] IOAPIC[0]: apic_id 2, version 32, address 0xfec00000, GSI 0-23
[    0.022780] ACPI: INT_SRC_OVR (bus 0 bus_irq 0 global_irq 2 dfl dfl)
[    0.022783] ACPI: INT_SRC_OVR (bus 0 bus_irq 9 global_irq 9 high level)
[    0.022786] ACPI: IRQ0 used by override.
[    0.022788] ACPI: IRQ9 used by override.
[    0.022792] Using ACPI (MADT) for SMP configuration information
[    0.022795] ACPI: HPET id: 0x8086a301 base: 0xfed00000
[    0.022800] smpboot: Allowing 8 CPUs, 4 hotplug CPUs
[    0.022829] PM: Registered nosave memory: [mem 0x00000000-0x00000fff]
[    0.022832] PM: Registered nosave memory: [mem 0x0009d000-0x0009dfff]
[    0.022834] PM: Registered nosave memory: [mem 0x0009e000-0x0009ffff]
[    0.022835] PM: Registered nosave memory: [mem 0x000a0000-0x000dffff]
[    0.022837] PM: Registered nosave memory: [mem 0x000e0000-0x000fffff]
[    0.022840] PM: Registered nosave memory: [mem 0x20000000-0x201fffff]
[    0.022843] PM: Registered nosave memory: [mem 0x40000000-0x401fffff]
[    0.022846] PM: Registered nosave memory: [mem 0xda99f000-0xdae9efff]
[    0.022848] PM: Registered nosave memory: [mem 0xdae9f000-0xdaf9efff]
[    0.022850] PM: Registered nosave memory: [mem 0xdaf9f000-0xdaffefff]
[    0.022853] PM: Registered nosave memory: [mem 0xdb000000-0xdf9fffff]
[    0.022855] PM: Registered nosave memory: [mem 0xdfa00000-0xf7ffffff]
[    0.022857] PM: Registered nosave memory: [mem 0xf8000000-0xfbffffff]
[    0.022858] PM: Registered nosave memory: [mem 0xfc000000-0xfebfffff]
[    0.022860] PM: Registered nosave memory: [mem 0xfec00000-0xfec00fff]
[    0.022862] PM: Registered nosave memory: [mem 0xfec01000-0xfed07fff]
[    0.022864] PM: Registered nosave memory: [mem 0xfed08000-0xfed08fff]
[    0.022866] PM: Registered nosave memory: [mem 0xfed09000-0xfed0ffff]
[    0.022868] PM: Registered nosave memory: [mem 0xfed10000-0xfed19fff]
[    0.022870] PM: Registered nosave memory: [mem 0xfed1a000-0xfed1bfff]
[    0.022871] PM: Registered nosave memory: [mem 0xfed1c000-0xfed1ffff]
[    0.022873] PM: Registered nosave memory: [mem 0xfed20000-0xfedfffff]
[    0.022875] PM: Registered nosave memory: [mem 0xfee00000-0xfee00fff]
[    0.022877] PM: Registered nosave memory: [mem 0xfee01000-0xffd1ffff]
[    0.022879] PM: Registered nosave memory: [mem 0xffd20000-0xffffffff]
[    0.022883] [mem 0xdfa00000-0xf7ffffff] available for PCI devices
[    0.022887] clocksource: refined-jiffies: mask: 0xffffffff max_cycles: 0xffffffff, max_idle_ns: 7645519600211568 ns
[    0.022896] setup_percpu: NR_CPUS:8 nr_cpumask_bits:8 nr_cpu_ids:8 nr_node_ids:1
[    0.024654] percpu: Embedded 59 pages/cpu s203784 r8192 d29688 u262144
[    0.024664] pcpu-alloc: s203784 r8192 d29688 u262144 alloc=1*2097152
[    0.024665] pcpu-alloc: [0] 0 1 2 3 4 5 6 7 
[    0.024692] Built 1 zonelists, mobility grouping on.  Total pages: 1521719
[    0.024696] Kernel command line: BOOT_IMAGE=(hd1,2)/l/k/o/64/arch/x86/boot/bzImage root=/dev/sdb4 resume=/dev/sda1
[    0.028563] Dentry cache hash table entries: 1048576 (order: 11, 8388608 bytes, linear)
[    0.030471] Inode-cache hash table entries: 524288 (order: 10, 4194304 bytes, linear)
[    0.030563] mem auto-init: stack:off, heap alloc:off, heap free:off
[    0.292497] Memory: 5970220K/6171888K available (16388K kernel code, 1146K rwdata, 5440K rodata, 1076K init, 5780K bss, 201668K reserved, 0K cma-reserved)
[    0.292521] random: get_random_u32 called from cache_alloc_refill+0x784/0xca0 with crng_init=0
[    0.293160] Kernel/User page tables isolation: enabled
[    0.293336] rcu: Preemptible hierarchical RCU implementation.
[    0.293338] 	Tasks RCU enabled.
[    0.293341] rcu: RCU calculated value of scheduler-enlistment delay is 25 jiffies.
[    0.293371] NR_IRQS: 4352, nr_irqs: 104, preallocated irqs: 16
[    0.295355] Console: colour VGA+ 80x25
[    0.304167] printk: console [tty0] enabled
[    0.304227] Lock dependency validator: Copyright (c) 2006 Red Hat, Inc., Ingo Molnar
[    0.304299] ... MAX_LOCKDEP_SUBCLASSES:  8
[    0.304358] ... MAX_LOCK_DEPTH:          48
[    0.304418] ... MAX_LOCKDEP_KEYS:        8192
[    0.304478] ... CLASSHASH_SIZE:          4096
[    0.304538] ... MAX_LOCKDEP_ENTRIES:     32768
[    0.304598] ... MAX_LOCKDEP_CHAINS:      65536
[    0.304659] ... CHAINHASH_SIZE:          32768
[    0.304719]  memory used by lock dependency info: 3509 kB
[    0.304783]  per task-struct memory footprint: 1920 bytes
[    0.304853] ACPI: Core revision 20190816
[    0.305189] clocksource: hpet: mask: 0xffffffff max_cycles: 0xffffffff, max_idle_ns: 133484882848 ns
[    0.305298] APIC: Switch to symmetric I/O mode setup
[    0.305819] ..TIMER: vector=0x30 apic1=0 pin1=2 apic2=-1 pin2=-1
[    0.325299] clocksource: tsc-early: mask: 0xffffffffffffffff max_cycles: 0x23ead671ff5, max_idle_ns: 440795222007 ns
[    0.325397] Calibrating delay loop (skipped), value calculated using timer frequency.. 4983.53 BogoMIPS (lpj=9967060)
[    0.325493] pid_max: default: 32768 minimum: 301
[    0.325710] Mount-cache hash table entries: 16384 (order: 5, 131072 bytes, linear)
[    0.325799] Mountpoint-cache hash table entries: 16384 (order: 5, 131072 bytes, linear)
[    0.325925] *** VALIDATE tmpfs ***
[    0.326278] *** VALIDATE proc ***
[    0.326394] *** VALIDATE cgroup1 ***
[    0.326453] *** VALIDATE cgroup2 ***
[    0.326544] Disabled fast string operations
[    0.326614] process: using mwait in idle threads
[    0.326678] Last level iTLB entries: 4KB 512, 2MB 8, 4MB 8
[    0.326743] Last level dTLB entries: 4KB 512, 2MB 32, 4MB 32, 1GB 0
[    0.326813] Spectre V1 : Mitigation: usercopy/swapgs barriers and __user pointer sanitization
[    0.326901] Spectre V2 : Mitigation: Full generic retpoline
[    0.326966] Spectre V2 : Spectre v2 / SpectreRSB mitigation: Filling RSB on context switch
[    0.327041] Spectre V2 : Enabling Restricted Speculation for firmware calls
[    0.327112] Spectre V2 : mitigation: Enabling conditional Indirect Branch Prediction Barrier
[    0.327187] Spectre V2 : User space: Mitigation: STIBP via prctl
[    0.327254] Speculative Store Bypass: Vulnerable
[    0.327316] MDS: Vulnerable: Clear CPU buffers attempted, no microcode
[    0.328021] Freeing SMP alternatives memory: 44K
[    0.329149] TSC deadline timer enabled
[    0.329154] smpboot: CPU0: Intel(R) Core(TM) i5-2520M CPU @ 2.50GHz (family: 0x6, model: 0x2a, stepping: 0x7)
[    0.349463] Performance Events: PEBS fmt1+, SandyBridge events, 16-deep LBR, full-width counters, Intel PMU driver.
[    0.349591] ... version:                3
[    0.349651] ... bit width:              48
[    0.349711] ... generic registers:      4
[    0.349771] ... value mask:             0000ffffffffffff
[    0.349835] ... max period:             00007fffffffffff
[    0.349900] ... fixed-purpose events:   3
[    0.349960] ... event mask:             000000070000000f
[    0.357417] rcu: Hierarchical SRCU implementation.
[    0.369739] NMI watchdog: Enabled. Permanently consumes one hw-PMU counter.
[    0.377443] smp: Bringing up secondary CPUs ...
[    0.409779] x86: Booting SMP configuration:
[    0.409845] .... node  #0, CPUs:      #1
[    0.015786] Disabled fast string operations
[    0.412183] MDS CPU bug present and SMT on, data leak possible. See https://www.kernel.org/doc/html/latest/admin-guide/hw-vuln/mds.html for more details.
[    0.441777]  #2
[    0.015786] Disabled fast string operations
[    0.473777]  #3
[    0.015786] Disabled fast string operations
[    0.476073] smp: Brought up 1 node, 4 CPUs
[    0.476073] smpboot: Max logical packages: 2
[    0.476073] smpboot: Total of 4 processors activated (19934.12 BogoMIPS)
[    0.477736] devtmpfs: initialized
[    0.477736] PM: Registering ACPI NVS region [mem 0xdae9f000-0xdaf9efff] (1048576 bytes)
[    0.478001] clocksource: jiffies: mask: 0xffffffff max_cycles: 0xffffffff, max_idle_ns: 7645041785100000 ns
[    0.478001] futex hash table entries: 2048 (order: 6, 262144 bytes, linear)
[    0.478081] NET: Registered protocol family 16
[    0.478866] cpuidle: using governor ladder
[    0.478866] cpuidle: using governor menu
[    0.478866] ACPI FADT declares the system doesn't support PCIe ASPM, so disable it
[    0.478866] ACPI: bus type PCI registered
[    0.478866] PCI: MMCONFIG for domain 0000 [bus 00-3f] at [mem 0xf8000000-0xfbffffff] (base 0xf8000000)
[    0.478866] PCI: MMCONFIG at [mem 0xf8000000-0xfbffffff] reserved in E820
[    0.478866] PCI: Using configuration type 1 for base access
[    0.478866] core: PMU erratum BJ122, BV98, HSD29 worked around, HT is on
[    0.481472] ENERGY_PERF_BIAS: Set to 'normal', was 'performance'
[    0.510462] ACPI: Added _OSI(Module Device)
[    0.510462] ACPI: Added _OSI(Processor Device)
[    0.510462] ACPI: Added _OSI(3.0 _SCP Extensions)
[    0.510462] ACPI: Added _OSI(Processor Aggregator Device)
[    0.510462] ACPI: Added _OSI(Linux-Dell-Video)
[    0.510462] ACPI: Added _OSI(Linux-Lenovo-NV-HDMI-Audio)
[    0.510462] ACPI: Added _OSI(Linux-HPI-Hybrid-Graphics)
[    0.554008] ACPI: 6 ACPI AML tables successfully acquired and loaded
[    0.556660] ACPI: EC: EC started
[    0.556719] ACPI: EC: interrupt blocked
[    0.559391] ACPI: \: Used as first EC
[    0.559453] ACPI: \: GPE=0x11, EC_CMD/EC_SC=0x66, EC_DATA=0x62
[    0.559520] ACPI: EC: Boot ECDT EC used to handle transactions
[    0.560151] ACPI: [Firmware Bug]: BIOS _OSI(Linux) query ignored
[    0.570638] ACPI: Dynamic OEM Table Load:
[    0.570712] ACPI: SSDT 0xFFFF888197B2F000 0008C0 (v01 PmRef  Cpu0Cst  00003001 INTL 20061109)
[    0.573550] ACPI: Dynamic OEM Table Load:
[    0.573622] ACPI: SSDT 0xFFFF888197B9D800 000303 (v01 PmRef  ApIst    00003000 INTL 20061109)
[    0.575918] ACPI: Dynamic OEM Table Load:
[    0.575988] ACPI: SSDT 0xFFFF888197AC1400 000119 (v01 PmRef  ApCst    00003000 INTL 20061109)
[    0.579951] ACPI: Interpreter enabled
[    0.580055] ACPI: (supports S0 S3 S4 S5)
[    0.580118] ACPI: Using IOAPIC for interrupt routing
[    0.580252] PCI: Using host bridge windows from ACPI; if necessary, use "pci=nocrs" and report a bug
[    0.581090] ACPI: Enabled 6 GPEs in block 00 to 3F
[    0.593053] ACPI: Power Resource [PUBS] (on)
[    0.593649] acpi PNP0C0A:01: ACPI dock station (docks/bays count: 1)
[    0.597688] acpi LNXIOBAY:00: ACPI dock station (docks/bays count: 2)
[    0.603840] acpi IBM0079:00: ACPI dock station (docks/bays count: 3)
[    0.605749] ACPI: PCI Interrupt Link [LNKA] (IRQs 3 4 5 6 7 9 10 *11)
[    0.606198] ACPI: PCI Interrupt Link [LNKB] (IRQs 3 4 5 6 7 9 10 *11)
[    0.606641] ACPI: PCI Interrupt Link [LNKC] (IRQs 3 4 5 6 7 9 10 *11)
[    0.607086] ACPI: PCI Interrupt Link [LNKD] (IRQs 3 4 5 6 7 9 *10 11)
[    0.607529] ACPI: PCI Interrupt Link [LNKE] (IRQs 3 4 5 6 *7 9 10 11)
[    0.607872] ACPI: PCI Interrupt Link [LNKF] (IRQs 3 4 5 6 7 9 10 11) *0, disabled.
[    0.608321] ACPI: PCI Interrupt Link [LNKG] (IRQs 3 4 5 6 *7 9 10 11)
[    0.608771] ACPI: PCI Interrupt Link [LNKH] (IRQs 3 4 5 6 7 9 *10 11)
[    0.609436] ACPI: PCI Root Bridge [PCI0] (domain 0000 [bus 00-fe])
[    0.609436] acpi PNP0A08:00: _OSC: OS supports [ExtendedConfig ASPM ClockPM Segments HPX-Type3]
[    0.609672] acpi PNP0A08:00: _OSC: not requesting OS control; OS requires [ExtendedConfig ASPM ClockPM MSI]
[    0.609776] acpi PNP0A08:00: [Firmware Info]: MMCONFIG for domain 0000 [bus 00-3f] only partially covers this bridge
[    0.610008] PCI host bridge to bus 0000:00
[    0.610073] pci_bus 0000:00: root bus resource [io  0x0000-0x0cf7 window]
[    0.610146] pci_bus 0000:00: root bus resource [io  0x0d00-0xffff window]
[    0.610219] pci_bus 0000:00: root bus resource [mem 0x000a0000-0x000bffff window]
[    0.610295] pci_bus 0000:00: root bus resource [mem 0xdfa00000-0xfebfffff window]
[    0.610371] pci_bus 0000:00: root bus resource [mem 0xfed40000-0xfed4bfff window]
[    0.610447] pci_bus 0000:00: root bus resource [bus 00-fe]
[    0.610541] pci 0000:00:00.0: [8086:0104] type 00 class 0x060000
[    0.610832] pci 0000:00:02.0: [8086:0126] type 00 class 0x030000
[    0.610915] pci 0000:00:02.0: reg 0x10: [mem 0xf0000000-0xf03fffff 64bit]
[    0.610994] pci 0000:00:02.0: reg 0x18: [mem 0xe0000000-0xefffffff 64bit pref]
[    0.611072] pci 0000:00:02.0: reg 0x20: [io  0x5000-0x503f]
[    0.611462] pci 0000:00:16.0: [8086:1c3a] type 00 class 0x078000
[    0.611565] pci 0000:00:16.0: reg 0x10: [mem 0xf2525000-0xf252500f 64bit]
[    0.611737] pci 0000:00:16.0: PME# supported from D0 D3hot D3cold
[    0.612019] pci 0000:00:19.0: [8086:1502] type 00 class 0x020000
[    0.612115] pci 0000:00:19.0: reg 0x10: [mem 0xf2500000-0xf251ffff]
[    0.612194] pci 0000:00:19.0: reg 0x14: [mem 0xf252b000-0xf252bfff]
[    0.612273] pci 0000:00:19.0: reg 0x18: [io  0x5080-0x509f]
[    0.612422] pci 0000:00:19.0: PME# supported from D0 D3hot D3cold
[    0.612758] pci 0000:00:1a.0: [8086:1c2d] type 00 class 0x0c0320
[    0.612856] pci 0000:00:1a.0: reg 0x10: [mem 0xf252a000-0xf252a3ff]
[    0.613033] pci 0000:00:1a.0: PME# supported from D0 D3hot D3cold
[    0.613440] pci 0000:00:1b.0: [8086:1c20] type 00 class 0x040300
[    0.613440] pci 0000:00:1b.0: reg 0x10: [mem 0xf2520000-0xf2523fff 64bit]
[    0.613613] pci 0000:00:1b.0: PME# supported from D0 D3hot D3cold
[    0.613943] pci 0000:00:1c.0: [8086:1c10] type 01 class 0x060400
[    0.614170] pci 0000:00:1c.0: PME# supported from D0 D3hot D3cold
[    0.614515] pci 0000:00:1c.1: [8086:1c12] type 01 class 0x060400
[    0.614753] pci 0000:00:1c.1: PME# supported from D0 D3hot D3cold
[    0.615098] pci 0000:00:1c.3: [8086:1c16] type 01 class 0x060400
[    0.615334] pci 0000:00:1c.3: PME# supported from D0 D3hot D3cold
[    0.615680] pci 0000:00:1c.4: [8086:1c18] type 01 class 0x060400
[    0.615915] pci 0000:00:1c.4: PME# supported from D0 D3hot D3cold
[    0.616265] pci 0000:00:1d.0: [8086:1c26] type 00 class 0x0c0320
[    0.616362] pci 0000:00:1d.0: reg 0x10: [mem 0xf2529000-0xf25293ff]
[    0.616538] pci 0000:00:1d.0: PME# supported from D0 D3hot D3cold
[    0.617436] pci 0000:00:1f.0: [8086:1c4f] type 00 class 0x060100
[    0.617447] pci 0000:00:1f.2: [8086:1c03] type 00 class 0x010601
[    0.617447] pci 0000:00:1f.2: reg 0x10: [io  0x50a8-0x50af]
[    0.617486] pci 0000:00:1f.2: reg 0x14: [io  0x50bc-0x50bf]
[    0.617562] pci 0000:00:1f.2: reg 0x18: [io  0x50a0-0x50a7]
[    0.617639] pci 0000:00:1f.2: reg 0x1c: [io  0x50b8-0x50bb]
[    0.617715] pci 0000:00:1f.2: reg 0x20: [io  0x5060-0x507f]
[    0.617793] pci 0000:00:1f.2: reg 0x24: [mem 0xf2528000-0xf25287ff]
[    0.617924] pci 0000:00:1f.2: PME# supported from D3hot
[    0.618239] pci 0000:00:1f.3: [8086:1c22] type 00 class 0x0c0500
[    0.618337] pci 0000:00:1f.3: reg 0x10: [mem 0xf2524000-0xf25240ff 64bit]
[    0.618434] pci 0000:00:1f.3: reg 0x20: [io  0xefa0-0xefbf]
[    0.618847] pci 0000:00:1c.0: PCI bridge to [bus 02]
[    0.619203] pci 0000:03:00.0: [8086:0084] type 00 class 0x028000
[    0.619517] pci 0000:03:00.0: reg 0x10: [mem 0xf2400000-0xf2401fff 64bit]
[    0.620641] pci 0000:03:00.0: PME# supported from D0 D3hot D3cold
[    0.621401] pci 0000:00:1c.1: PCI bridge to [bus 03]
[    0.621475] pci 0000:00:1c.1:   bridge window [mem 0xf2400000-0xf24fffff]
[    0.621650] pci 0000:00:1c.3: PCI bridge to [bus 05-0c]
[    0.621721] pci 0000:00:1c.3:   bridge window [io  0x4000-0x4fff]
[    0.621795] pci 0000:00:1c.3:   bridge window [mem 0xf1c00000-0xf23fffff]
[    0.621875] pci 0000:00:1c.3:   bridge window [mem 0xf0400000-0xf0bfffff 64bit pref]
[    0.622186] pci 0000:0d:00.0: [1180:e822] type 00 class 0x088001
[    0.622470] pci 0000:0d:00.0: MMC controller base frequency changed to 50Mhz.
[    0.622757] pci 0000:0d:00.0: reg 0x10: [mem 0xf1400000-0xf14000ff]
[    0.623292] pci 0000:0d:00.0: supports D1 D2
[    0.623355] pci 0000:0d:00.0: PME# supported from D0 D1 D2 D3hot D3cold
[    0.623914] pci 0000:00:1c.4: PCI bridge to [bus 0d]
[    0.623984] pci 0000:00:1c.4:   bridge window [io  0x3000-0x3fff]
[    0.624058] pci 0000:00:1c.4:   bridge window [mem 0xf1400000-0xf1bfffff]
[    0.624138] pci 0000:00:1c.4:   bridge window [mem 0xf0c00000-0xf13fffff 64bit pref]
[    0.624255] pci_bus 0000:00: on NUMA node 0
[    0.627250] ACPI: EC: interrupt unblocked
[    0.627326] ACPI: EC: event unblocked
[    0.627394] ACPI: \_SB_.PCI0.LPC_.EC__: GPE=0x11, EC_CMD/EC_SC=0x66, EC_DATA=0x62
[    0.627472] ACPI: \_SB_.PCI0.LPC_.EC__: Boot DSDT EC used to handle transactions and events
[    0.627870] pci 0000:00:02.0: vgaarb: setting as boot VGA device
[    0.627870] pci 0000:00:02.0: vgaarb: VGA device added: decodes=io+mem,owns=io+mem,locks=none
[    0.627870] pci 0000:00:02.0: vgaarb: bridge control possible
[    0.627870] vgaarb: loaded
[    0.627870] SCSI subsystem initialized
[    0.629479] libata version 3.00 loaded.
[    0.629652] ACPI: bus type USB registered
[    0.629812] usbcore: registered new interface driver usbfs
[    0.629909] usbcore: registered new interface driver hub
[    0.630035] usbcore: registered new device driver usb
[    0.630035] mc: Linux media interface: v0.10
[    0.630035] videodev: Linux video capture interface: v2.00
[    0.630035] pps_core: LinuxPPS API ver. 1 registered
[    0.630035] pps_core: Software ver. 5.3.6 - Copyright 2005-2007 Rodolfo Giometti <giometti@linux.it>
[    0.630035] PTP clock support registered
[    0.630062] EDAC MC: Ver: 3.0.0
[    0.630245] Advanced Linux Sound Architecture Driver Initialized.
[    0.630245] PCI: Using ACPI for IRQ routing
[    0.633475] PCI: pci_cache_line_size set to 64 bytes
[    0.633959] e820: reserve RAM buffer [mem 0x0009d800-0x0009ffff]
[    0.633962] e820: reserve RAM buffer [mem 0xda99f000-0xdbffffff]
[    0.633965] e820: reserve RAM buffer [mem 0xdb000000-0xdbffffff]
[    0.633967] e820: reserve RAM buffer [mem 0x19e600000-0x19fffffff]
[    0.634367] Bluetooth: Core ver 2.22
[    0.634462] NET: Registered protocol family 31
[    0.634531] Bluetooth: HCI device and connection manager initialized
[    0.634607] Bluetooth: HCI socket layer initialized
[    0.634672] Bluetooth: L2CAP socket layer initialized
[    0.634748] Bluetooth: SCO socket layer initialized
[    0.634904] clocksource: Switched to clocksource tsc-early
[    0.634904] *** VALIDATE ramfs ***
[    0.634904] pnp: PnP ACPI init
[    0.635469] system 00:00: [mem 0x00000000-0x0009ffff] could not be reserved
[    0.635557] system 00:00: [mem 0x000c0000-0x000c3fff] could not be reserved
[    0.635633] system 00:00: [mem 0x000c4000-0x000c7fff] could not be reserved
[    0.635707] system 00:00: [mem 0x000c8000-0x000cbfff] has been reserved
[    0.635780] system 00:00: [mem 0x000cc000-0x000cffff] has been reserved
[    0.635853] system 00:00: [mem 0x000d0000-0x000d3fff] has been reserved
[    0.635853] system 00:00: [mem 0x000d4000-0x000d7fff] has been reserved
[    0.635879] system 00:00: [mem 0x000d8000-0x000dbfff] has been reserved
[    0.635952] system 00:00: [mem 0x000dc000-0x000dffff] has been reserved
[    0.636026] system 00:00: [mem 0x000e0000-0x000e3fff] could not be reserved
[    0.636101] system 00:00: [mem 0x000e4000-0x000e7fff] could not be reserved
[    0.636176] system 00:00: [mem 0x000e8000-0x000ebfff] could not be reserved
[    0.636250] system 00:00: [mem 0x000ec000-0x000effff] could not be reserved
[    0.636325] system 00:00: [mem 0x000f0000-0x000fffff] could not be reserved
[    0.636400] system 00:00: [mem 0x00100000-0xdf9fffff] could not be reserved
[    0.636475] system 00:00: [mem 0xfec00000-0xfed3ffff] could not be reserved
[    0.636550] system 00:00: [mem 0xfed4c000-0xffffffff] could not be reserved
[    0.636651] system 00:00: Plug and Play ACPI device, IDs PNP0c01 (active)
[    0.636964] system 00:01: [io  0x0400-0x047f] has been reserved
[    0.637046] system 00:01: [io  0x0500-0x057f] has been reserved
[    0.637116] system 00:01: [io  0x0800-0x080f] has been reserved
[    0.637187] system 00:01: [io  0x15e0-0x15ef] has been reserved
[    0.637257] system 00:01: [io  0x1600-0x167f] has been reserved
[    0.637328] system 00:01: [mem 0xf8000000-0xfbffffff] has been reserved
[    0.637402] system 00:01: [mem 0x00000000-0x00000fff] could not be reserved
[    0.637476] system 00:01: [mem 0xfed1c000-0xfed1ffff] has been reserved
[    0.637549] system 00:01: [mem 0xfed10000-0xfed13fff] has been reserved
[    0.637622] system 00:01: [mem 0xfed18000-0xfed18fff] has been reserved
[    0.637696] system 00:01: [mem 0xfed19000-0xfed19fff] has been reserved
[    0.637768] system 00:01: [mem 0xfed45000-0xfed4bfff] has been reserved
[    0.637861] system 00:01: Plug and Play ACPI device, IDs PNP0c02 (active)
[    0.638039] pnp 00:02: Plug and Play ACPI device, IDs PNP0b00 (active)
[    0.638132] pnp 00:03: Plug and Play ACPI device, IDs PNP0303 (active)
[    0.638224] pnp 00:04: Plug and Play ACPI device, IDs LEN0020 PNP0f13 (active)
[    0.638394] pnp 00:05: Plug and Play ACPI device, IDs SMO1200 PNP0c31 (active)
[    0.639653] pnp: PnP ACPI: found 6 devices
[    0.646510] thermal_sys: Registered thermal governor 'step_wise'
[    0.651045] clocksource: acpi_pm: mask: 0xffffff max_cycles: 0xffffff, max_idle_ns: 2085701024 ns
[    0.651214] pci 0000:00:1c.0: bridge window [io  0x1000-0x0fff] to [bus 02] add_size 1000
[    0.651292] pci 0000:00:1c.0: bridge window [mem 0x00100000-0x000fffff 64bit pref] to [bus 02] add_size 200000 add_align 100000
[    0.651392] pci 0000:00:1c.0: bridge window [mem 0x00100000-0x000fffff] to [bus 02] add_size 200000 add_align 100000
[    0.651500] pci 0000:00:1c.0: BAR 8: assigned [mem 0xdfa00000-0xdfbfffff]
[    0.651575] pci 0000:00:1c.0: BAR 9: assigned [mem 0xdfc00000-0xdfdfffff 64bit pref]
[    0.651652] pci 0000:00:1c.0: BAR 7: assigned [io  0x2000-0x2fff]
[    0.651724] pci 0000:00:1c.0: PCI bridge to [bus 02]
[    0.651791] pci 0000:00:1c.0:   bridge window [io  0x2000-0x2fff]
[    0.651866] pci 0000:00:1c.0:   bridge window [mem 0xdfa00000-0xdfbfffff]
[    0.651940] pci 0000:00:1c.0:   bridge window [mem 0xdfc00000-0xdfdfffff 64bit pref]
[    0.652022] pci 0000:00:1c.1: PCI bridge to [bus 03]
[    0.652091] pci 0000:00:1c.1:   bridge window [mem 0xf2400000-0xf24fffff]
[    0.652173] pci 0000:00:1c.3: PCI bridge to [bus 05-0c]
[    0.652240] pci 0000:00:1c.3:   bridge window [io  0x4000-0x4fff]
[    0.652313] pci 0000:00:1c.3:   bridge window [mem 0xf1c00000-0xf23fffff]
[    0.652387] pci 0000:00:1c.3:   bridge window [mem 0xf0400000-0xf0bfffff 64bit pref]
[    0.652469] pci 0000:00:1c.4: PCI bridge to [bus 0d]
[    0.652535] pci 0000:00:1c.4:   bridge window [io  0x3000-0x3fff]
[    0.652609] pci 0000:00:1c.4:   bridge window [mem 0xf1400000-0xf1bfffff]
[    0.652683] pci 0000:00:1c.4:   bridge window [mem 0xf0c00000-0xf13fffff 64bit pref]
[    0.652765] pci_bus 0000:00: resource 4 [io  0x0000-0x0cf7 window]
[    0.652834] pci_bus 0000:00: resource 5 [io  0x0d00-0xffff window]
[    0.652902] pci_bus 0000:00: resource 6 [mem 0x000a0000-0x000bffff window]
[    0.652973] pci_bus 0000:00: resource 7 [mem 0xdfa00000-0xfebfffff window]
[    0.653044] pci_bus 0000:00: resource 8 [mem 0xfed40000-0xfed4bfff window]
[    0.653115] pci_bus 0000:02: resource 0 [io  0x2000-0x2fff]
[    0.653181] pci_bus 0000:02: resource 1 [mem 0xdfa00000-0xdfbfffff]
[    0.653249] pci_bus 0000:02: resource 2 [mem 0xdfc00000-0xdfdfffff 64bit pref]
[    0.653322] pci_bus 0000:03: resource 1 [mem 0xf2400000-0xf24fffff]
[    0.653390] pci_bus 0000:05: resource 0 [io  0x4000-0x4fff]
[    0.653462] pci_bus 0000:05: resource 1 [mem 0xf1c00000-0xf23fffff]
[    0.653531] pci_bus 0000:05: resource 2 [mem 0xf0400000-0xf0bfffff 64bit pref]
[    0.653603] pci_bus 0000:0d: resource 0 [io  0x3000-0x3fff]
[    0.653669] pci_bus 0000:0d: resource 1 [mem 0xf1400000-0xf1bfffff]
[    0.653738] pci_bus 0000:0d: resource 2 [mem 0xf0c00000-0xf13fffff 64bit pref]
[    0.654080] NET: Registered protocol family 2
[    0.654459] tcp_listen_portaddr_hash hash table entries: 4096 (order: 6, 294912 bytes, linear)
[    0.654696] TCP established hash table entries: 65536 (order: 7, 524288 bytes, linear)
[    0.654872] TCP bind hash table entries: 65536 (order: 10, 4194304 bytes, linear)
[    0.656897] TCP: Hash tables configured (established 65536 bind 65536)
[    0.657305] UDP hash table entries: 4096 (order: 7, 655360 bytes, linear)
[    0.657700] UDP-Lite hash table entries: 4096 (order: 7, 655360 bytes, linear)
[    0.658169] NET: Registered protocol family 1
[    0.658595] RPC: Registered named UNIX socket transport module.
[    0.658665] RPC: Registered udp transport module.
[    0.658729] RPC: Registered tcp transport module.
[    0.658793] RPC: Registered tcp NFSv4.1 backchannel transport module.
[    0.659127] pci 0000:00:02.0: Video device with shadowed ROM at [mem 0x000c0000-0x000dffff]
[    0.660245] PCI: CLS 64 bytes, default 64
[    0.660366] PCI-DMA: Using software bounce buffering for IO (SWIOTLB)
[    0.660437] software IO TLB: mapped [mem 0xd699f000-0xda99f000] (64MB)
[    0.663143] Initialise system trusted keyrings
[    0.663296] workingset: timestamp_bits=62 max_order=21 bucket_order=0
[    0.664656] Installing knfsd (copyright (C) 1996 okir@monad.swb.de).
[    0.665484] ntfs: driver 2.1.32 [Flags: R/W].
[    0.665675] fuse: init (API version 7.31)
[    0.665742] *** VALIDATE fuse ***
[    0.665801] *** VALIDATE fuse ***
[    0.670446] Key type asymmetric registered
[    0.670513] Asymmetric key parser 'x509' registered
[    0.670606] Block layer SCSI generic (bsg) driver version 0.4 loaded (major 249)
[    0.670693] io scheduler mq-deadline registered
[    0.670777] io scheduler bfq registered
[    0.671063] pcieport 0000:00:1c.0: enabling device (0000 -> 0003)
[    0.672768] intel_idle: MWAIT substates: 0x21120
[    0.672770] intel_idle: v0.4.1 model 0x2A
[    0.673587] intel_idle: lapic_timer_reliable_states 0xffffffff
[    0.673991] ACPI: Deprecated procfs I/F for AC is loaded, please retry with CONFIG_ACPI_PROCFS_POWER cleared
[    0.674390] ACPI: AC Adapter [AC] (on-line)
[    0.674693] input: Lid Switch as /devices/LNXSYSTM:00/LNXSYBUS:00/PNP0C0D:00/input/input0
[    0.675106] ACPI: Lid Switch [LID]
[    0.675308] input: Sleep Button as /devices/LNXSYSTM:00/LNXSYBUS:00/PNP0C0E:00/input/input1
[    0.675572] ACPI: Sleep Button [SLPB]
[    0.675766] input: Power Button as /devices/LNXSYSTM:00/LNXPWRBN:00/input/input2
[    0.675962] ACPI: Power Button [PWRF]
[    0.679384] thermal LNXTHERM:00: registered as thermal_zone0
[    0.679455] ACPI: Thermal Zone [THM0] (64 C)
[    0.679833] Serial: 8250/16550 driver, 4 ports, IRQ sharing disabled
[    0.680018] battery: ACPI: Deprecated procfs I/F for battery is loaded, please retry with CONFIG_ACPI_PROCFS_POWER cleared
[    0.680153] battery: ACPI: Battery Slot [BAT0] (battery absent)
[    0.681241] lp: driver loaded but no devices found
[    0.681412] Non-volatile memory driver v1.3
[    0.681739] Linux agpgart interface v0.103
[    0.682118] [drm] radeon kernel modesetting enabled.
[    0.683139] i915 0000:00:02.0: vgaarb: deactivate vga console
[    0.683687] Console: switching to colour dummy device 80x25
[    0.693682] [drm] Supports vblank timestamp caching Rev 2 (21.10.2013).
[    0.693709] [drm] Driver supports precise vblank timestamp query.
[    0.694674] i915 0000:00:02.0: vgaarb: changed VGA decodes: olddecodes=io+mem,decodes=io+mem:owns=io+mem
[    0.778239] [drm] Initialized i915 1.6.0 20190822 for 0000:00:02.0 on minor 0
[    0.780266] ACPI: Video Device [VID] (multi-head: yes  rom: no  post: no)
[    0.780890] input: Video Bus as /devices/LNXSYSTM:00/LNXSYBUS:00/PNP0A08:00/LNXVIDEO:00/input/input3
[    0.781369] usbcore: registered new interface driver udl
[    0.791021] loop: module loaded
[    0.846658] ahci 0000:00:1f.2: version 3.0
[    0.847272] ahci 0000:00:1f.2: SSS flag set, parallel bus scan disabled
[    0.857578] ahci 0000:00:1f.2: AHCI 0001.0300 32 slots 6 ports 6 Gbps 0x17 impl SATA mode
[    0.857602] ahci 0000:00:1f.2: flags: 64bit ncq sntf ilck stag pm led clo pio slum part ems sxs apst 
[    0.895691] scsi host0: ahci
[    0.896058] scsi host1: ahci
[    0.896345] scsi host2: ahci
[    0.896631] scsi host3: ahci
[    0.896918] scsi host4: ahci
[    0.897211] scsi host5: ahci
[    0.897374] ata1: SATA max UDMA/133 abar m2048@0xf2528000 port 0xf2528100 irq 19
[    0.897395] ata2: SATA max UDMA/133 abar m2048@0xf2528000 port 0xf2528180 irq 19
[    0.897428] ata3: SATA max UDMA/133 abar m2048@0xf2528000 port 0xf2528200 irq 19
[    0.897446] ata4: DUMMY
[    0.897454] ata5: SATA max UDMA/133 abar m2048@0xf2528000 port 0xf2528300 irq 19
[    0.897472] ata6: DUMMY
[    0.898365] tun: Universal TUN/TAP device driver, 1.6
[    0.898706] e1000e: Intel(R) PRO/1000 Network Driver - 3.2.6-k
[    0.898720] e1000e: Copyright(c) 1999 - 2015 Intel Corporation.
[    0.899195] e1000e 0000:00:19.0: Interrupt Throttling Rate (ints/sec) set to dynamic conservative mode
[    0.996834] e1000e 0000:00:19.0 0000:00:19.0 (uninitialized): registered PHC clock
[    1.066794] fbcon: i915drmfb (fb0) is primary device
[    1.090324] e1000e 0000:00:19.0 eth0: (PCI Express:2.5GT/s:Width x1) f0:de:f1:e3:99:75
[    1.090341] e1000e 0000:00:19.0 eth0: Intel(R) PRO/1000 Network Connection
[    1.090391] e1000e 0000:00:19.0 eth0: MAC: 10, PHY: 11, PBA No: 1000FF-0FF
[    1.090566] PPP generic driver version 2.4.2
[    1.090728] PPP BSD Compression module registered
[    1.090730] PPP Deflate Compression module registered
[    1.090732] SLIP: version 0.8.4-NET3.019-NEWTTY (dynamic channels, max=256).
[    1.090733] CSLIP: code copyright 1989 Regents of the University of California.
[    1.090784] iwl3945: Intel(R) PRO/Wireless 3945ABG/BG Network Connection driver for Linux, in-tree:ds
[    1.090785] iwl3945: Copyright(c) 2003-2011 Intel Corporation
[    1.090787] iwl3945: hw_scan is disabled
[    1.090842] Intel(R) Wireless WiFi driver for Linux
[    1.090843] Copyright(c) 2003- 2015 Intel Corporation
[    1.091341] iwlwifi 0000:03:00.0: pci_enable_msi failed - -38
[    1.091695] iwlwifi 0000:03:00.0: loaded firmware version 39.31.5.1 build 35138 op_mode iwldvm
[    1.091916] iwlwifi 0000:03:00.0: CONFIG_IWLWIFI_DEBUG disabled
[    1.091917] iwlwifi 0000:03:00.0: CONFIG_IWLWIFI_DEBUGFS disabled
[    1.091918] iwlwifi 0000:03:00.0: CONFIG_IWLWIFI_DEVICE_TRACING disabled
[    1.091920] iwlwifi 0000:03:00.0: Detected Intel(R) Centrino(R) Wireless-N 1000 BGN, REV=0x6C
[    1.134059] ieee80211 phy0: Selected rate control algorithm 'iwl-agn-rs'
[    1.134661] usbcore: registered new interface driver ax88179_178a
[    1.134682] usbcore: registered new interface driver cdc_ether
[    1.134706] usbcore: registered new interface driver cdc_eem
[    1.134744] usbcore: registered new interface driver net1080
[    1.134786] usbcore: registered new interface driver cdc_subset
[    1.134825] usbcore: registered new interface driver zaurus
[    1.134871] usbcore: registered new interface driver cdc_ncm
[    1.134907] usbcore: registered new interface driver cdc_mbim
[    1.135244] ehci_hcd: USB 2.0 'Enhanced' Host Controller (EHCI) Driver
[    1.135252] ehci-pci: EHCI PCI platform driver
[    1.135579] ehci-pci 0000:00:1a.0: EHCI Host Controller
[    1.135760] ehci-pci 0000:00:1a.0: new USB bus registered, assigned bus number 1
[    1.135789] ehci-pci 0000:00:1a.0: debug port 2
[    1.139733] ehci-pci 0000:00:1a.0: cache line size of 64 is not supported
[    1.139744] ehci-pci 0000:00:1a.0: irq 16, io mem 0xf252a000
[    1.153562] ehci-pci 0000:00:1a.0: USB 2.0 started, EHCI 1.00
[    1.153830] usb usb1: New USB device found, idVendor=1d6b, idProduct=0002, bcdDevice= 5.04
[    1.153833] usb usb1: New USB device strings: Mfr=3, Product=2, SerialNumber=1
[    1.153834] usb usb1: Product: EHCI Host Controller
[    1.153836] usb usb1: Manufacturer: Linux 5.4.0-rc1+ ehci_hcd
[    1.153837] usb usb1: SerialNumber: 0000:00:1a.0
[    1.154347] hub 1-0:1.0: USB hub found
[    1.154375] hub 1-0:1.0: 3 ports detected
[    1.155311] ehci-pci 0000:00:1d.0: EHCI Host Controller
[    1.155508] ehci-pci 0000:00:1d.0: new USB bus registered, assigned bus number 2
[    1.155530] ehci-pci 0000:00:1d.0: debug port 2
[    1.159479] ehci-pci 0000:00:1d.0: cache line size of 64 is not supported
[    1.159511] ehci-pci 0000:00:1d.0: irq 23, io mem 0xf2529000
[    1.173556] ehci-pci 0000:00:1d.0: USB 2.0 started, EHCI 1.00
[    1.173729] usb usb2: New USB device found, idVendor=1d6b, idProduct=0002, bcdDevice= 5.04
[    1.173731] usb usb2: New USB device strings: Mfr=3, Product=2, SerialNumber=1
[    1.173733] usb usb2: Product: EHCI Host Controller
[    1.173734] usb usb2: Manufacturer: Linux 5.4.0-rc1+ ehci_hcd
[    1.173736] usb usb2: SerialNumber: 0000:00:1d.0
[    1.174212] hub 2-0:1.0: USB hub found
[    1.174238] hub 2-0:1.0: 3 ports detected
[    1.174866] ohci_hcd: USB 1.1 'Open' Host Controller (OHCI) Driver
[    1.174880] ohci-pci: OHCI PCI platform driver
[    1.174994] uhci_hcd: USB Universal Host Controller Interface driver
[    1.175158] usbcore: registered new interface driver cdc_acm
[    1.175159] cdc_acm: USB Abstract Control Model driver for USB modems and ISDN adapters
[    1.175193] usbcore: registered new interface driver usblp
[    1.175226] usbcore: registered new interface driver cdc_wdm
[    1.175282] usbcore: registered new interface driver usb-storage
[    1.175370] usbcore: registered new interface driver ums-sddr09
[    1.175490] usbcore: registered new interface driver usbserial_generic
[    1.175554] usbserial: USB Serial support registered for generic
[    1.175594] usbcore: registered new interface driver ch341
[    1.175626] usbserial: USB Serial support registered for ch341-uart
[    1.175662] usbcore: registered new interface driver cp210x
[    1.175755] usbserial: USB Serial support registered for cp210x
[    1.175802] usbcore: registered new interface driver ftdi_sio
[    1.175825] usbserial: USB Serial support registered for FTDI USB Serial Device
[    1.175880] usbcore: registered new interface driver option
[    1.175915] usbserial: USB Serial support registered for GSM modem (1-port)
[    1.175977] usbcore: registered new interface driver pl2303
[    1.176013] usbserial: USB Serial support registered for pl2303
[    1.176050] usbcore: registered new interface driver ti_usb_3410_5052
[    1.176086] usbserial: USB Serial support registered for TI USB 3410 1 port adapter
[    1.176121] usbserial: USB Serial support registered for TI USB 5052 2 port adapter
[    1.176126] ftdi_elan: driver ftdi-elan
[    1.176165] usbcore: registered new interface driver ftdi-elan
[    1.176312] i8042: PNP: PS/2 Controller [PNP0303:KBD,PNP0f13:MOU] at 0x60,0x64 irq 1,12
[    1.179458] serio: i8042 KBD port at 0x60,0x64 irq 1
[    1.179600] serio: i8042 AUX port at 0x60,0x64 irq 12
[    1.180003] mousedev: PS/2 mouse device common for all mice
[    1.180769] input: PC Speaker as /devices/platform/pcspkr/input/input5
[    1.181069] rtc_cmos 00:02: RTC can wake from S4
[    1.181452] rtc_cmos 00:02: registered as rtc0
[    1.181525] rtc_cmos 00:02: alarms up to one month, y3k, 114 bytes nvram, hpet irqs
[    1.181643] usbcore: registered new interface driver uvcvideo
[    1.181645] USB Video Class driver (1.1.1)
[    1.181646] gspca_main: v2.14.0 registered
[    1.181678] usbcore: registered new interface driver sq930x
[    1.182377] device-mapper: ioctl: 4.41.0-ioctl (2019-09-16) initialised: dm-devel@redhat.com
[    1.182380] Bluetooth: HCI UART driver ver 2.3
[    1.182382] Bluetooth: HCI UART protocol H4 registered
[    1.182383] Bluetooth: HCI UART protocol BCSP registered
[    1.182457] usbcore: registered new interface driver btusb
[    1.182464] intel_pstate: Intel P-state driver initializing
[    1.182861] sdhci: Secure Digital Host Controller Interface driver
[    1.182865] sdhci: Copyright(c) Pierre Ossman
[    1.182978] sdhci-pci 0000:0d:00.0: SDHCI controller found [1180:e822] (rev 7)
[    1.184593] mmc0 bounce up to 128 segments into one, max segment size 65536 bytes
[    1.185923] mmc0: SDHCI controller on PCI [0000:0d:00.0] using DMA
[    1.186356] input: AT Translated Set 2 keyboard as /devices/platform/i8042/serio0/input/input4
[    1.187479] hidraw: raw HID events driver (C) Jiri Kosina
[    1.191693] usbcore: registered new interface driver usbhid
[    1.191698] usbhid: USB HID core driver
[    1.194044] thinkpad_acpi: ThinkPad ACPI Extras v0.26
[    1.194049] thinkpad_acpi: http://ibm-acpi.sf.net/
[    1.194054] thinkpad_acpi: ThinkPad BIOS 8DET74WW (1.44 ), EC unknown
[    1.194058] thinkpad_acpi: Lenovo ThinkPad X220, model 42872WU
[    1.197631] thinkpad_acpi: radio switch found; radios are enabled
[    1.197874] thinkpad_acpi: Tablet mode switch found (type: MHKG), currently in laptop mode
[    1.197897] thinkpad_acpi: This ThinkPad has standard ACPI backlight brightness control, supported by the ACPI video driver
[    1.197898] thinkpad_acpi: Disabling thinkpad-acpi brightness events by default...
[    1.202379] thinkpad_acpi: rfkill switch tpacpi_bluetooth_sw: radio is unblocked
[    1.203871] thinkpad_acpi: warning: userspace override of important firmware LEDs is enabled
[    1.203889] thinkpad_acpi: Standard ACPI backlight interface available, not loading native one
[    1.203890] thinkpad_acpi: volume: disabled as there is no ALSA support in this kernel
[    1.204341] battery: new extension: ThinkPad Battery Extension
[    1.204433] input: ThinkPad Extra Buttons as /devices/platform/thinkpad_acpi/input/input8
[    1.204935] random: fast init done
[    1.206663] usbcore: registered new interface driver snd-usb-audio
[    1.209294] NET: Registered protocol family 17
[    1.209441] Bluetooth: RFCOMM TTY layer initialized
[    1.209455] Bluetooth: RFCOMM socket layer initialized
[    1.209466] Bluetooth: RFCOMM ver 1.11
[    1.209471] Bluetooth: BNEP (Ethernet Emulation) ver 1.3
[    1.209472] Bluetooth: BNEP filters: protocol multicast
[    1.209475] Bluetooth: BNEP socket layer initialized
[    1.209476] Bluetooth: HIDP (Human Interface Emulation) ver 1.2
[    1.209478] Bluetooth: HIDP socket layer initialized
[    1.209710] microcode: sig=0x206a7, pf=0x10, revision=0x2d
[    1.209930] microcode: Microcode Update Driver: v2.2.
[    1.209938] IPI shorthand broadcast: enabled
[    1.210150] sched_clock: Marking stable (1198093661, 11786983)->(1218624500, -8743856)
[    1.210465] Loading compiled-in X.509 certificates
[    1.210538] Key type ._fscrypt registered
[    1.210540] Key type .fscrypt registered
[    1.211426] Key type encrypted registered
[    1.211990] rtc_cmos 00:02: setting system clock to 2019-10-01T10:45:53 UTC (1569926753)
[    1.212190] cfg80211: Loading compiled-in X.509 certificates for regulatory database
[    1.213656] ata1: SATA link up 1.5 Gbps (SStatus 113 SControl 300)
[    1.213774] cfg80211: Loaded X.509 cert 'sforshee: 00b28ddf47aef9cea7'
[    1.214131] platform regulatory.0: Direct firmware load for regulatory.db failed with error -2
[    1.214152] cfg80211: failed to load regulatory.db
[    1.214677] ata1.00: ACPI cmd ef/02:00:00:00:00:a0 (SET FEATURES) succeeded
[    1.214680] ata1.00: ACPI cmd f5/00:00:00:00:00:a0 (SECURITY FREEZE LOCK) filtered out
[    1.214682] ata1.00: ACPI cmd ef/10:03:00:00:00:a0 (SET FEATURES) filtered out
[    1.215501] ata1.00: ATA-8: Hitachi HTS545050A7E380, GG2OA7J0, max UDMA/133
[    1.215503] ata1.00: 976773168 sectors, multi 16: LBA48 NCQ (depth 32), AA
[    1.216508] ata1.00: ACPI cmd ef/02:00:00:00:00:a0 (SET FEATURES) succeeded
[    1.216510] ata1.00: ACPI cmd f5/00:00:00:00:00:a0 (SECURITY FREEZE LOCK) filtered out
[    1.216512] ata1.00: ACPI cmd ef/10:03:00:00:00:a0 (SET FEATURES) filtered out
[    1.216670] Console: switching to colour frame buffer device 102x42
[    1.217345] ata1.00: configured for UDMA/133
[    1.230385] snd_hda_intel 0000:00:1b.0: bound 0000:00:02.0 (ops i915_audio_component_bind_ops)
[    1.296579] snd_hda_codec_generic hdaudioC0D0: autoconfig for Generic: line_outs=1 (0x1f/0x0/0x0/0x0/0x0) type:speaker
[    1.297124] i915 0000:00:02.0: fb0: i915drmfb frame buffer device
[    1.298395] snd_hda_codec_generic hdaudioC0D0:    speaker_outs=0 (0x0/0x0/0x0/0x0/0x0)
[    1.372679] snd_hda_codec_generic hdaudioC0D0:    hp_outs=1 (0x19/0x0/0x0/0x0/0x0)
[    1.373017] scsi 0:0:0:0: Direct-Access     ATA      Hitachi HTS54505 A7J0 PQ: 0 ANSI: 5
[    1.373953] snd_hda_codec_generic hdaudioC0D0:    mono: mono_out=0x0
[    1.375298] sd 0:0:0:0: Attached scsi generic sg0 type 0
[    1.375516] sd 0:0:0:0: [sda] 976773168 512-byte logical blocks: (500 GB/466 GiB)
[    1.375519] sd 0:0:0:0: [sda] 4096-byte physical blocks
[    1.375543] sd 0:0:0:0: [sda] Write Protect is off
[    1.375546] sd 0:0:0:0: [sda] Mode Sense: 00 3a 00 00
[    1.375588] sd 0:0:0:0: [sda] Write cache: enabled, read cache: enabled, doesn't support DPO or FUA
[    1.376266] snd_hda_codec_generic hdaudioC0D0:    inputs:
[    1.382712] snd_hda_codec_generic hdaudioC0D0:      Internal Mic=0x23
[    1.383734] snd_hda_codec_generic hdaudioC0D0:      Mic=0x1b
[    1.388524] snd_hda_codec_generic hdaudioC0D3: ignore pin 0x7, too many assigned pins
[    1.389623] snd_hda_codec_generic hdaudioC0D3: autoconfig for Generic: line_outs=0 (0x0/0x0/0x0/0x0/0x0) type:line
[    1.390784] snd_hda_codec_generic hdaudioC0D3:    speaker_outs=0 (0x0/0x0/0x0/0x0/0x0)
[    1.391858] snd_hda_codec_generic hdaudioC0D3:    hp_outs=0 (0x0/0x0/0x0/0x0/0x0)
[    1.392927] snd_hda_codec_generic hdaudioC0D3:    mono: mono_out=0x0
[    1.394107] snd_hda_codec_generic hdaudioC0D3:    dig-out=0x5/0x6
[    1.395115] snd_hda_codec_generic hdaudioC0D3:    inputs:
[    1.398814] input: HDA Intel PCH Mic as /devices/pci0000:00/0000:00:1b.0/sound/card0/input9
[    1.400073] input: HDA Intel PCH Headphone as /devices/pci0000:00/0000:00:1b.0/sound/card0/input10
[    1.401314] input: HDA Intel PCH HDMI as /devices/pci0000:00/0000:00:1b.0/sound/card0/input11
[    1.402737] input: HDA Intel PCH HDMI as /devices/pci0000:00/0000:00:1b.0/sound/card0/input12
[    1.416685]  sda: sda1 sda2 sda3 sda4
[    1.421487] sd 0:0:0:0: [sda] Attached SCSI disk
[    1.489565] usb 1-1: new high-speed USB device number 2 using ehci-pci
[    1.505548] usb 2-1: new high-speed USB device number 2 using ehci-pci
[    1.654765] usb 1-1: New USB device found, idVendor=8087, idProduct=0024, bcdDevice= 0.00
[    1.656416] usb 1-1: New USB device strings: Mfr=0, Product=0, SerialNumber=0
[    1.658999] hub 1-1:1.0: USB hub found
[    1.661014] hub 1-1:1.0: 6 ports detected
[    1.661993] usb 2-1: New USB device found, idVendor=8087, idProduct=0024, bcdDevice= 0.00
[    1.664982] usb 2-1: New USB device strings: Mfr=0, Product=0, SerialNumber=0
[    1.668150] hub 2-1:1.0: USB hub found
[    1.669318] hub 2-1:1.0: 8 ports detected
[    1.677521] tsc: Refined TSC clocksource calibration: 2491.905 MHz
[    1.679618] clocksource: tsc: mask: 0xffffffffffffffff max_cycles: 0x23eb5abbd7b, max_idle_ns: 440795277677 ns
[    1.682017] clocksource: Switched to clocksource tsc
[    1.697512] ata2: SATA link down (SStatus 0 SControl 300)
[    1.949518] usb 1-1.3: new full-speed USB device number 3 using ehci-pci
[    1.957548] usb 2-1.2: new high-speed USB device number 3 using ehci-pci
[    2.027898] ata3: SATA link up 3.0 Gbps (SStatus 123 SControl 300)
[    2.045813] ata3.00: ACPI cmd ef/02:00:00:00:00:a0 (SET FEATURES) succeeded
[    2.045820] ata3.00: ACPI cmd f5/00:00:00:00:00:a0 (SECURITY FREEZE LOCK) filtered out
[    2.047922] ata3.00: ACPI cmd ef/10:03:00:00:00:a0 (SET FEATURES) filtered out
[    2.055216] ata3.00: ATA-8: KINGSTON SMS200S3240G, 60AABBF0, max UDMA/133
[    2.056661] ata3.00: 468862128 sectors, multi 1: LBA48 NCQ (depth 32), AA
[    2.059497] usb 1-1.3: New USB device found, idVendor=147e, idProduct=2016, bcdDevice= 0.02
[    2.062922] usb 1-1.3: New USB device strings: Mfr=1, Product=2, SerialNumber=0
[    2.063686] ata3.00: ACPI cmd ef/02:00:00:00:00:a0 (SET FEATURES) succeeded
[    2.065799] ata3.00: ACPI cmd f5/00:00:00:00:00:a0 (SECURITY FREEZE LOCK) filtered out
[    2.065847] usb 1-1.3: Product: Biometric Coprocessor
[    2.067543] ata3.00: ACPI cmd ef/10:03:00:00:00:a0 (SET FEATURES) filtered out
[    2.069939] usb 1-1.3: Manufacturer: UPEK
[    2.071765] usb 2-1.2: New USB device found, idVendor=1a40, idProduct=0101, bcdDevice= 1.11
[    2.072521] ata3.00: configured for UDMA/133
[    2.073249] usb 2-1.2: New USB device strings: Mfr=0, Product=1, SerialNumber=0
[    2.075281] scsi 2:0:0:0: Direct-Access     ATA      KINGSTON SMS200S BBF0 PQ: 0 ANSI: 5
[    2.076823] usb 2-1.2: Product: USB 2.0 Hub
[    2.079388] sd 2:0:0:0: [sdb] 468862128 512-byte logical blocks: (240 GB/224 GiB)
[    2.079448] sd 2:0:0:0: Attached scsi generic sg1 type 0
[    2.080878] hub 2-1.2:1.0: USB hub found
[    2.081366] sd 2:0:0:0: [sdb] Write Protect is off
[    2.083302] hub 2-1.2:1.0: 4 ports detected
[    2.084539] sd 2:0:0:0: [sdb] Mode Sense: 00 3a 00 00
[    2.087395] sd 2:0:0:0: [sdb] Write cache: enabled, read cache: enabled, doesn't support DPO or FUA
[    2.089178]  sdb: sdb2 sdb4
[    2.091615] sd 2:0:0:0: [sdb] Attached SCSI disk
[    2.092935] psmouse serio1: synaptics: queried max coordinates: x [..5472], y [..4448]
[    2.161544] usb 1-1.4: new full-speed USB device number 4 using ehci-pci
[    2.180786] psmouse serio1: synaptics: Touchpad model: 1, fw: 8.0, id: 0x1e2b1, caps: 0xd001a3/0x940300/0x120c00/0x0, board id: 1611, fw id: 774180
[    2.189449] psmouse serio1: synaptics: serio: Synaptics pass-through port at isa0060/serio1/input0
[    2.243494] input: SynPS/2 Synaptics TouchPad as /devices/platform/i8042/serio1/input/input7
[    2.280975] usb 1-1.4: New USB device found, idVendor=0a5c, idProduct=217f, bcdDevice= 7.48
[    2.284068] usb 1-1.4: New USB device strings: Mfr=1, Product=2, SerialNumber=3
[    2.287050] usb 1-1.4: Product: Broadcom Bluetooth Device
[    2.289963] usb 1-1.4: Manufacturer: Broadcom Corp
[    2.291140] usb 1-1.4: SerialNumber: 7CE9D3B855AA
[    2.377558] usb 1-1.6: new high-speed USB device number 5 using ehci-pci
[    2.399929] ata5: SATA link down (SStatus 0 SControl 300)
[    2.443019] PM: Image not found (code -22)
[    2.443094] ALSA device list:
[    2.447366]   #0: HDA Intel PCH at 0xf2520000 irq 22
[    2.493542] usb 2-1.2.1: new low-speed USB device number 4 using ehci-pci
[    2.498323] usb 1-1.6: New USB device found, idVendor=04f2, idProduct=b217, bcdDevice= 8.54
[    2.502634] usb 1-1.6: New USB device strings: Mfr=1, Product=2, SerialNumber=0
[    2.504511] usb 1-1.6: Product: Integrated Camera
[    2.506325] usb 1-1.6: Manufacturer: Chicony Electronics Co., Ltd.
[    2.510775] uvcvideo: Found UVC 1.00 device Integrated Camera (04f2:b217)
[    2.522582] uvcvideo 1-1.6:1.0: Entity type for entity Extension 3 was not initialized!
[    2.523750] uvcvideo 1-1.6:1.0: Entity type for entity Processing 2 was not initialized!
[    2.524839] uvcvideo 1-1.6:1.0: Entity type for entity Camera 1 was not initialized!
[    2.743681] usb 2-1.2.1: New USB device found, idVendor=06a3, idProduct=053f, bcdDevice= 0.02
[    2.747902] usb 2-1.2.1: New USB device strings: Mfr=1, Product=2, SerialNumber=3
[    2.752029] usb 2-1.2.1: Product: Saitek X36
[    2.753145] usb 2-1.2.1: Manufacturer: Saitek
[    2.754220] usb 2-1.2.1: SerialNumber: 00103464
[    2.796502] input: Saitek Saitek X36 as /devices/pci0000:00/0000:00:1d.0/usb2/2-1/2-1.2/2-1.2.1/2-1.2.1:1.0/0003:06A3:053F.0001/input/input14
[    2.805787] hid-generic 0003:06A3:053F.0001: input,hidraw0: USB HID v1.00 Joystick [Saitek Saitek X36] on usb-0000:00:1d.0-1.2.1/input0
[    3.005549] usb 2-1.2.2: new low-speed USB device number 5 using ehci-pci
[    3.036797] psmouse serio2: trackpoint: IBM TrackPoint firmware: 0x0e, buttons: 3/3
[    3.244588] usb 2-1.2.2: New USB device found, idVendor=046d, idProduct=c050, bcdDevice=27.20
[    3.248925] usb 2-1.2.2: New USB device strings: Mfr=1, Product=2, SerialNumber=0
[    3.250848] usb 2-1.2.2: Product: USB-PS/2 Optical Mouse
[    3.252683] usb 2-1.2.2: Manufacturer: Logitech
[    3.259631] input: Logitech USB-PS/2 Optical Mouse as /devices/pci0000:00/0000:00:1d.0/usb2/2-1/2-1.2/2-1.2.2/2-1.2.2:1.0/0003:046D:C050.0002/input/input15
[    3.263397] hid-generic 0003:046D:C050.0002: input,hidraw1: USB HID v1.10 Mouse [Logitech USB-PS/2 Optical Mouse] on usb-0000:00:1d.0-1.2.2/input0
[    3.311540] input: TPPS/2 IBM TrackPoint as /devices/platform/i8042/serio1/serio2/input/input13
[    3.423144] md: Waiting for all devices to be available before autodetect
[    3.427368] md: If you don't use raid, use raid=noautodetect
[    3.432993] md: Autodetecting RAID arrays.
[    3.437320] md: autorun ...
[    3.441465] md: ... autorun DONE.
[    3.451068] EXT4-fs (sdb4): mounted filesystem with ordered data mode. Opts: (null)
[    3.452272] VFS: Mounted root (ext4 filesystem) readonly on device 8:20.
[    3.454391] devtmpfs: mounted
[    3.458221] Freeing unused kernel image memory: 1076K
[    3.465565] usb 2-1.2.3: new low-speed USB device number 6 using ehci-pci
[    3.489559] Write protecting the kernel read-only data: 24576k
[    3.496848] Freeing unused kernel image memory: 2008K
[    3.501415] Freeing unused kernel image memory: 704K
[    3.511538] x86/mm: Checked W+X mappings: passed, no W+X pages found.
[    3.512589] rodata_test: all tests were successful
[    3.513650] x86/mm: Checking user space page tables
[    3.523446] x86/mm: Checked W+X mappings: passed, no W+X pages found.
[    3.524479] Run /sbin/init as init process
[    3.585557] random: systemd: uninitialized urandom read (16 bytes read)
[    3.587494] systemd[1]: systemd 215 running in system mode. (+PAM +AUDIT +SELINUX +IMA +SYSVINIT +LIBCRYPTSETUP +GCRYPT +ACL +XZ -SECCOMP -APPARMOR)
[    3.610159] systemd[1]: Detected architecture 'x86-64'.
[    3.635785] systemd[1]: Failed to insert module 'ipv6'
[    3.637250] systemd[1]: Set hostname to <duo>.
[    3.652446] random: systemd-sysv-ge: uninitialized urandom read (16 bytes read)
[    3.693097] random: systemd-sysv-ge: uninitialized urandom read (16 bytes read)
[    3.705437] usb 2-1.2.3: New USB device found, idVendor=04f2, idProduct=0111, bcdDevice= 1.02
[    3.706582] usb 2-1.2.3: New USB device strings: Mfr=1, Product=2, SerialNumber=0
[    3.707713] usb 2-1.2.3: Product: USB Keyboard
[    3.708797] usb 2-1.2.3: Manufacturer: Chicony
[    3.715793] input: Chicony USB Keyboard as /devices/pci0000:00/0000:00:1d.0/usb2/2-1/2-1.2/2-1.2.3/2-1.2.3:1.0/0003:04F2:0111.0003/input/input16
[    3.771114] systemd[1]: Binding to IPv6 address not available since kernel does not support IPv6.
[    3.772436] systemd[1]: [/lib/systemd/system/gpsd.socket:6] Failed to parse address value, ignoring: [::1]:2947
[    3.777664] systemd[1]: Starting Forward Password Requests to Wall Directory Watch.
[    3.778324] hid-generic 0003:04F2:0111.0003: input,hidraw2: USB HID v1.10 Keyboard [Chicony USB Keyboard] on usb-0000:00:1d.0-1.2.3/input0
[    3.779833] systemd[1]: Started Forward Password Requests to Wall Directory Watch.
[    3.784442] systemd[1]: Starting Remote File Systems (Pre).
[    3.788027] systemd[1]: Reached target Remote File Systems (Pre).
[    3.790797] input: Chicony USB Keyboard System Control as /devices/pci0000:00/0000:00:1d.0/usb2/2-1/2-1.2/2-1.2.3/2-1.2.3:1.1/0003:04F2:0111.0004/input/input17
[    3.849832] input: Chicony USB Keyboard Consumer Control as /devices/pci0000:00/0000:00:1d.0/usb2/2-1/2-1.2/2-1.2.3/2-1.2.3:1.1/0003:04F2:0111.0004/input/input18
[    3.850779] hid-generic 0003:04F2:0111.0004: input,hiddev96,hidraw3: USB HID v1.10 Device [Chicony USB Keyboard] on usb-0000:00:1d.0-1.2.3/input1
[    3.910386] systemd-udevd[2072]: starting version 215
[    4.180108] e1000e 0000:00:19.0 eth2: renamed from eth0
[    4.209706] systemd-udevd[2674]: renamed network interface eth0 to eth2
[    4.209862] iwlwifi 0000:03:00.0 wlan1: renamed from wlan0
[    4.225835] systemd-udevd[2689]: renamed network interface wlan0 to wlan1
[    4.257697] Bluetooth: hci0: urb (____ptrval____) failed to resubmit (2)
[    5.182102] EXT4-fs (sdb4): re-mounted. Opts: errors=remount-ro
[    5.617586] Adding 1681428k swap on /dev/sda1.  Priority:-2 extents:1 across:1681428k 
[    5.804816] random: crng init done
[    5.808798] random: 7 urandom warning(s) missed due to ratelimiting
[    5.973766] EXT4-fs (sda2): mounted filesystem with ordered data mode. Opts: errors=remount-ro
[    6.046071] EXT4-fs (sdb2): mounted filesystem with ordered data mode. Opts: errors=remount-ro
[    6.096333] systemd-journald[2074]: Received request to flush runtime journal from PID 1
[    6.805443] device-mapper: table: 251:0: thin-pool: unknown target type
[    6.805445] device-mapper: ioctl: error adding target to table
[    8.093100] iwlwifi 0000:03:00.0: Radio type=0x0-0x0-0x3
[    8.167606] iwlwifi 0000:03:00.0: Radio type=0x0-0x0-0x3
[   10.739727] e1000e: eth2 NIC Link is Up 100 Mbps Full Duplex, Flow Control: Rx/Tx
[   10.739748] e1000e 0000:00:19.0 eth2: 10/100 speed: disabling TSO
