[    0.000000] Linux version 5.7.0-rc6-next-20200519+ (pavel@pollux.denx.de) (gcc (GCC) 9.2.1 20190827 (Red Hat 9.2.1-1), GNU ld version 2.32-31.fc31) #115 SMP PREEMPT Wed May 20 09:53:14 CEST 2020
[    0.000000] Disabled fast string operations
[    0.000000] x86/fpu: x87 FPU will use FXSAVE
[    0.000000] BIOS-provided physical RAM map:
[    0.000000] BIOS-e820: [mem 0x0000000000000000-0x000000000009efff] usable
[    0.000000] BIOS-e820: [mem 0x000000000009f000-0x000000000009ffff] reserved
[    0.000000] BIOS-e820: [mem 0x00000000000dc000-0x00000000000fffff] reserved
[    0.000000] BIOS-e820: [mem 0x0000000000100000-0x00000000bf6cffff] usable
[    0.000000] BIOS-e820: [mem 0x00000000bf6d0000-0x00000000bf6defff] ACPI data
[    0.000000] BIOS-e820: [mem 0x00000000bf6df000-0x00000000bf6fffff] ACPI NVS
[    0.000000] BIOS-e820: [mem 0x00000000bf700000-0x00000000bfffffff] reserved
[    0.000000] BIOS-e820: [mem 0x00000000f0000000-0x00000000f3ffffff] reserved
[    0.000000] BIOS-e820: [mem 0x00000000fec00000-0x00000000fec0ffff] reserved
[    0.000000] BIOS-e820: [mem 0x00000000fed00000-0x00000000fed003ff] reserved
[    0.000000] BIOS-e820: [mem 0x00000000fed14000-0x00000000fed19fff] reserved
[    0.000000] BIOS-e820: [mem 0x00000000fed1c000-0x00000000fed8ffff] reserved
[    0.000000] BIOS-e820: [mem 0x00000000fee00000-0x00000000fee00fff] reserved
[    0.000000] BIOS-e820: [mem 0x00000000ff800000-0x00000000ffffffff] reserved
[    0.000000] NX (Execute Disable) protection: active
[    0.000000] SMBIOS 2.4 present.
[    0.000000] DMI: LENOVO 17097HU/17097HU, BIOS 7BETD8WW (2.19 ) 03/31/2011
[    0.000000] tsc: Fast TSC calibration failed
[    0.000000] e820: update [mem 0x00000000-0x00000fff] usable ==> reserved
[    0.000000] e820: remove [mem 0x000a0000-0x000fffff] usable
[    0.000000] last_pfn = 0xbf6d0 max_arch_pfn = 0x1000000
[    0.000000] MTRR default type: uncachable
[    0.000000] MTRR fixed ranges enabled:
[    0.000000]   00000-9FFFF write-back
[    0.000000]   A0000-BFFFF uncachable
[    0.000000]   C0000-CFFFF write-protect
[    0.000000]   D0000-DBFFF uncachable
[    0.000000]   DC000-DFFFF write-back
[    0.000000]   E0000-FFFFF write-protect
[    0.000000] MTRR variable ranges enabled:
[    0.000000]   0 base 000000000 mask F80000000 write-back
[    0.000000]   1 base 080000000 mask FC0000000 write-back
[    0.000000]   2 base 0BF700000 mask FFFF00000 uncachable
[    0.000000]   3 base 0BF800000 mask FFF800000 uncachable
[    0.000000]   4 disabled
[    0.000000]   5 disabled
[    0.000000]   6 disabled
[    0.000000]   7 disabled
[    0.000000] x86/PAT: PAT not supported by the CPU.
[    0.000000] x86/PAT: Configuration [0-7]: WB  WT  UC- UC  WB  WT  UC- UC  
[    0.000000] initial memory mapped: [mem 0x00000000-0x05bfffff]
[    0.000000] BRK [0x05705000, 0x05705fff] PGTABLE
[    0.000000] BRK [0x05706000, 0x05706fff] PGTABLE
[    0.000000] ACPI: Early table checksum verification disabled
[    0.000000] ACPI: RSDP 0x00000000000F67C0 000024 (v02 LENOVO)
[    0.000000] ACPI: XSDT 0x00000000BF6D191C 000084 (v01 LENOVO TP-7B    00002190  LTP 00000000)
[    0.000000] ACPI: FACP 0x00000000BF6D1A00 0000F4 (v03 LENOVO TP-7B    00002190 LNVO 00000001)
[    0.000000] ACPI BIOS Warning (bug): 32/64X length mismatch in FADT/Gpe0Block: 64/32 (20200430/tbfadt-564)
[    0.000000] ACPI BIOS Warning (bug): Optional FADT field Gpe1Block has valid Address but zero Length: 0x000000000000102C/0x0 (20200430/tbfadt-615)
[    0.000000] ACPI: DSDT 0x00000000BF6D1D90 00CFB9 (v01 LENOVO TP-7B    00002190 MSFT 0100000E)
[    0.000000] ACPI: FACS 0x00000000BF6F4000 000040
[    0.000000] ACPI: FACS 0x00000000BF6F4000 000040
[    0.000000] ACPI: SSDT 0x00000000BF6D1BB4 0001DC (v01 LENOVO TP-7B    00002190 MSFT 0100000E)
[    0.000000] ACPI: ECDT 0x00000000BF6DED49 000052 (v01 LENOVO TP-7B    00002190 LNVO 00000001)
[    0.000000] ACPI: TCPA 0x00000000BF6DED9B 000032 (v02 LENOVO TP-7B    00002190 LNVO 00000001)
[    0.000000] ACPI: APIC 0x00000000BF6DEDCD 000068 (v01 LENOVO TP-7B    00002190 LNVO 00000001)
[    0.000000] ACPI: MCFG 0x00000000BF6DEE35 00003C (v01 LENOVO TP-7B    00002190 LNVO 00000001)
[    0.000000] ACPI: HPET 0x00000000BF6DEE71 000038 (v01 LENOVO TP-7B    00002190 LNVO 00000001)
[    0.000000] ACPI: BOOT 0x00000000BF6DEFD8 000028 (v01 LENOVO TP-7B    00002190  LTP 00000001)
[    0.000000] ACPI: SSDT 0x00000000BF6F2645 00025F (v01 LENOVO TP-7B    00002190 INTL 20050513)
[    0.000000] ACPI: SSDT 0x00000000BF6F28A4 0000A6 (v01 LENOVO TP-7B    00002190 INTL 20050513)
[    0.000000] ACPI: SSDT 0x00000000BF6F294A 0004F7 (v01 LENOVO TP-7B    00002190 INTL 20050513)
[    0.000000] ACPI: SSDT 0x00000000BF6F2E41 0001D8 (v01 LENOVO TP-7B    00002190 INTL 20050513)
[    0.000000] ACPI: Local APIC address 0xfee00000
[    0.000000] 2176MB HIGHMEM available.
[    0.000000] 885MB LOWMEM available.
[    0.000000]   mapped low ram: 0 - 375fe000
[    0.000000]   low ram: 0 - 375fe000
[    0.000000] BRK [0x05707000, 0x05707fff] PGTABLE
[    0.000000] Zone ranges:
[    0.000000]   DMA      [mem 0x0000000000001000-0x0000000000ffffff]
[    0.000000]   Normal   [mem 0x0000000001000000-0x00000000375fdfff]
[    0.000000]   HighMem  [mem 0x00000000375fe000-0x00000000bf6cffff]
[    0.000000] Movable zone start for each node
[    0.000000] Early memory node ranges
[    0.000000]   node   0: [mem 0x0000000000001000-0x000000000009efff]
[    0.000000]   node   0: [mem 0x0000000000100000-0x00000000bf6cffff]
[    0.000000] Initmem setup node 0 [mem 0x0000000000001000-0x00000000bf6cffff]
[    0.000000] On node 0 totalpages: 783982
[    0.000000]   DMA zone: 32 pages used for memmap
[    0.000000]   DMA zone: 0 pages reserved
[    0.000000]   DMA zone: 3998 pages, LIFO batch:0
[    0.000000]   Normal zone: 1740 pages used for memmap
[    0.000000]   Normal zone: 222718 pages, LIFO batch:63
[    0.000000]   HighMem zone: 557266 pages, LIFO batch:63
[    0.000000] Using APIC driver default
[    0.000000] Reserving Intel graphics memory at [mem 0xbf800000-0xbfffffff]
[    0.000000] ACPI: PM-Timer IO Port: 0x1008
[    0.000000] ACPI: Local APIC address 0xfee00000
[    0.000000] ACPI: LAPIC_NMI (acpi_id[0x00] high edge lint[0x1])
[    0.000000] ACPI: LAPIC_NMI (acpi_id[0x01] high edge lint[0x1])
[    0.000000] IOAPIC[0]: apic_id 1, version 32, address 0xfec00000, GSI 0-23
[    0.000000] ACPI: INT_SRC_OVR (bus 0 bus_irq 0 global_irq 2 dfl dfl)
[    0.000000] ACPI: INT_SRC_OVR (bus 0 bus_irq 9 global_irq 9 high level)
[    0.000000] ACPI: IRQ0 used by override.
[    0.000000] ACPI: IRQ9 used by override.
[    0.000000] Using ACPI (MADT) for SMP configuration information
[    0.000000] ACPI: HPET id: 0x8086a201 base: 0xfed00000
[    0.000000] smpboot: Allowing 2 CPUs, 0 hotplug CPUs
[    0.000000] PM: hibernation: Registered nosave memory: [mem 0x00000000-0x00000fff]
[    0.000000] PM: hibernation: Registered nosave memory: [mem 0x0009f000-0x0009ffff]
[    0.000000] PM: hibernation: Registered nosave memory: [mem 0x000a0000-0x000dbfff]
[    0.000000] PM: hibernation: Registered nosave memory: [mem 0x000dc000-0x000fffff]
[    0.000000] [mem 0xc0000000-0xefffffff] available for PCI devices
[    0.000000] clocksource: refined-jiffies: mask: 0xffffffff max_cycles: 0xffffffff, max_idle_ns: 7645519600211568 ns
[    0.000000] setup_percpu: NR_CPUS:8 nr_cpumask_bits:8 nr_cpu_ids:2 nr_node_ids:1
[    0.000000] percpu: Embedded 39 pages/cpu s127980 r0 d31764 u159744
[    0.000000] pcpu-alloc: s127980 r0 d31764 u159744 alloc=39*4096
[    0.000000] pcpu-alloc: [0] 0 [0] 1 
[    0.000000] Built 1 zonelists, mobility grouping on.  Total pages: 782210
[    0.000000] Kernel command line: BOOT_IMAGE=(hd0,2)/fast/l/linux-next-32/arch/x86/boot/bzImage resume=/dev/sda1 console=tty0 console=ttyUSB0 root=/dev/sda4
[    0.000000] Dentry cache hash table entries: 131072 (order: 7, 524288 bytes, linear)
[    0.000000] Inode-cache hash table entries: 65536 (order: 6, 262144 bytes, linear)
[    0.000000] mem auto-init: stack:off, heap alloc:off, heap free:off
[    0.000000] Initializing HighMem for node 0 (000375fe:000bf6d0)
[    0.000000] Initializing Movable for node 0 (00000000:00000000)
[    0.000000] Memory: 3020736K/3135928K available (13395K kernel code, 703K rwdata, 5360K rodata, 672K init, 3048K bss, 115192K reserved, 0K cma-reserved, 2229064K highmem)
[    0.000000] Checking if this processor honours the WP bit even in supervisor mode...Ok.
[    0.000000] random: get_random_u32 called from cache_alloc_refill+0x637/0xb10 with crng_init=0
[    0.000000] Kernel/User page tables isolation: enabled
[    0.000000] rcu: Preemptible hierarchical RCU implementation.
[    0.000000] rcu: 	RCU restricting CPUs from NR_CPUS=8 to nr_cpu_ids=2.
[    0.000000] 	Trampoline variant of Tasks RCU enabled.
[    0.000000] rcu: RCU calculated value of scheduler-enlistment delay is 25 jiffies.
[    0.000000] rcu: Adjusting geometry for rcu_fanout_leaf=16, nr_cpu_ids=2
[    0.000000] NR_IRQS: 2304, nr_irqs: 56, preallocated irqs: 16
[    0.000000] Console: colour VGA+ 80x25
[    0.000000] printk: console [tty0] enabled
[    0.000000] Lock dependency validator: Copyright (c) 2006 Red Hat, Inc., Ingo Molnar
[    0.000000] ... MAX_LOCKDEP_SUBCLASSES:  8
[    0.000000] ... MAX_LOCK_DEPTH:          48
[    0.000000] ... MAX_LOCKDEP_KEYS:        8192
[    0.000000] ... CLASSHASH_SIZE:          4096
[    0.000000] ... MAX_LOCKDEP_ENTRIES:     32768
[    0.000000] ... MAX_LOCKDEP_CHAINS:      65536
[    0.000000] ... CHAINHASH_SIZE:          32768
[    0.000000]  memory used by lock dependency info: 1829 kB
[    0.000000]  per task-struct memory footprint: 1344 bytes
[    0.000000] ACPI: Core revision 20200430
[    0.000000] clocksource: hpet: mask: 0xffffffff max_cycles: 0xffffffff, max_idle_ns: 133484882848 ns
[    0.000000] APIC: Switch to symmetric I/O mode setup
[    0.000000] Enabling APIC mode:  Flat.  Using 1 I/O APICs
[    0.000000] ..TIMER: vector=0x30 apic1=0 pin1=2 apic2=-1 pin2=-1
[    0.024000] tsc: PIT calibration matches HPET. 1 loops
[    0.024000] tsc: Detected 1828.747 MHz processor
[    0.000004] clocksource: tsc-early: mask: 0xffffffffffffffff max_cycles: 0x1a5c3dda014, max_idle_ns: 440795249789 ns
[    0.000099] Calibrating delay loop (skipped), value calculated using timer frequency.. 3657.49 BogoMIPS (lpj=7314988)
[    0.000191] pid_max: default: 32768 minimum: 301
[    0.000522] Mount-cache hash table entries: 2048 (order: 1, 8192 bytes, linear)
[    0.000623] Mountpoint-cache hash table entries: 2048 (order: 1, 8192 bytes, linear)
[    0.001526] Disabled fast string operations
[    0.001615] process: using mwait in idle threads
[    0.001700] Last level iTLB entries: 4KB 128, 2MB 0, 4MB 2
[    0.001783] Last level dTLB entries: 4KB 128, 2MB 0, 4MB 8, 1GB 0
[    0.001870] Spectre V1 : Mitigation: usercopy/swapgs barriers and __user pointer sanitization
[    0.004105] Spectre V2 : Mitigation: Full generic retpoline
[    0.004187] Spectre V2 : Spectre v2 / SpectreRSB mitigation: Filling RSB on context switch
[    0.004284] L1TF: System has more than MAX_PA/2 memory. L1TF mitigation not effective.
[    0.004379] L1TF: You may make it effective by booting the kernel with mem=2147483648 parameter.
[    0.004491] L1TF: However, doing so will make a part of your RAM unusable.
[    0.004580] L1TF: Reading https://www.kernel.org/doc/html/latest/admin-guide/hw-vuln/l1tf.html might help you decide.
[    0.004701] MDS: Vulnerable: Clear CPU buffers attempted, no microcode
[    0.005002] Freeing SMP alternatives memory: 48K
[    0.118072] smpboot: CPU0: Genuine Intel(R) CPU           T2400  @ 1.83GHz (family: 0x6, model: 0xe, stepping: 0x8)
[    0.118745] Performance Events: Core events, core PMU driver.
[    0.118840] ... version:                1
[    0.118915] ... bit width:              40
[    0.118989] ... generic registers:      2
[    0.119064] ... value mask:             000000ffffffffff
[    0.119144] ... max period:             000000007fffffff
[    0.119226] ... fixed-purpose events:   0
[    0.119300] ... event mask:             0000000000000003
[    0.119530] rcu: Hierarchical SRCU implementation.
[    0.120097] NMI watchdog: Enabled. Permanently consumes one hw-PMU counter.
[    0.120195] smp: Bringing up secondary CPUs ...
[    0.121236] x86: Booting SMP configuration:
[    0.121319] .... node  #0, CPUs:      #1
[    0.000000] Disabled fast string operations
[    0.123777] TSC synchronization [CPU#0 -> CPU#1]:
[    0.124021] Measured 579733 cycles TSC warp between CPUs, turning off TSC clock.
[    0.124097] tsc: Marking TSC unstable due to check_tsc_sync_source failed
[    0.124289] smp: Brought up 1 node, 2 CPUs
[    0.124289] smpboot: Max logical packages: 1
[    0.124289] smpboot: Total of 2 processors activated (7314.98 BogoMIPS)
[    0.125948] devtmpfs: initialized
[    0.125948] PM: Registering ACPI NVS region [mem 0xbf6df000-0xbf6fffff] (135168 bytes)
[    0.128440] clocksource: jiffies: mask: 0xffffffff max_cycles: 0xffffffff, max_idle_ns: 7645041785100000 ns
[    0.128440] futex hash table entries: 512 (order: 3, 32768 bytes, linear)
[    0.128587] thermal_sys: Registered thermal governor 'step_wise'
[    0.129039] NET: Registered protocol family 16
[    0.130640] cpuidle: using governor ladder
[    0.130753] cpuidle: using governor menu
[    0.131043] Simple Boot Flag at 0x35 set to 0x1
[    0.131170] ACPI FADT declares the system doesn't support PCIe ASPM, so disable it
[    0.131264] ACPI: bus type PCI registered
[    0.132182] PCI: MMCONFIG for domain 0000 [bus 00-3f] at [mem 0xf0000000-0xf3ffffff] (base 0xf0000000)
[    0.133069] PCI: MMCONFIG at [mem 0xf0000000-0xf3ffffff] reserved in E820
[    0.133158] PCI: Using MMCONFIG for extended config space
[    0.133240] PCI: Using configuration type 1 for base access
[    0.133812] mtrr: your CPUs had inconsistent variable MTRR settings
[    0.133898] mtrr: probably your BIOS does not setup all CPUs.
[    0.133982] mtrr: corrected configuration.
[    0.196412] ACPI: Added _OSI(Module Device)
[    0.196496] ACPI: Added _OSI(Processor Device)
[    0.196573] ACPI: Added _OSI(3.0 _SCP Extensions)
[    0.196652] ACPI: Added _OSI(Processor Aggregator Device)
[    0.196736] ACPI: Added _OSI(Linux-Dell-Video)
[    0.196815] ACPI: Added _OSI(Linux-Lenovo-NV-HDMI-Audio)
[    0.196898] ACPI: Added _OSI(Linux-HPI-Hybrid-Graphics)
[    0.262780] ACPI: 6 ACPI AML tables successfully acquired and loaded
[    0.266867] ACPI: EC: EC started
[    0.266940] ACPI: EC: interrupt blocked
[    0.271767] ACPI: EC: EC_CMD/EC_SC=0x66, EC_DATA=0x62
[    0.271848] ACPI: EC: Boot ECDT EC used to handle transactions
[    0.290677] ACPI: Dynamic OEM Table Load:
[    0.290771] ACPI: SSDT 0x00000000F1047000 000240 (v01 PmRef  Cpu0Ist  00000100 INTL 20050513)
[    0.294765] ACPI: Dynamic OEM Table Load:
[    0.294856] ACPI: SSDT 0x00000000F1BA0800 00065A (v01 PmRef  Cpu0Cst  00000100 INTL 20050513)
[    0.301185] ACPI: Dynamic OEM Table Load:
[    0.301274] ACPI: SSDT 0x00000000F12B7100 0000C8 (v01 PmRef  Cpu1Ist  00000100 INTL 20050513)
[    0.304815] ACPI: Dynamic OEM Table Load:
[    0.304904] ACPI: SSDT 0x00000000F111FC00 000085 (v01 PmRef  Cpu1Cst  00000100 INTL 20050513)
[    0.308768] ACPI: Interpreter enabled
[    0.308915] ACPI: (supports S0 S3 S4 S5)
[    0.308996] ACPI: Using IOAPIC for interrupt routing
[    0.309200] PCI: Using host bridge windows from ACPI; if necessary, use "pci=nocrs" and report a bug
[    0.310273] ACPI: Enabled 4 GPEs in block 00 to 1F
[    0.334349] ACPI: Power Resource [PUBS] (on)
[    0.335531] acpi PNP0C0A:01: ACPI dock station (docks/bays count: 1)
[    0.343393] acpi LNXIOBAY:00: ACPI dock station (docks/bays count: 2)
[    0.358124] acpi IBM0079:00: ACPI dock station (docks/bays count: 3)
[    0.360551] ACPI: PCI Interrupt Link [LNKA] (IRQs 3 4 5 6 7 9 10 *11)
[    0.361406] ACPI: PCI Interrupt Link [LNKB] (IRQs 3 4 5 6 7 9 10 *11)
[    0.362259] ACPI: PCI Interrupt Link [LNKC] (IRQs 3 4 5 6 7 9 10 *11)
[    0.363111] ACPI: PCI Interrupt Link [LNKD] (IRQs 3 4 5 6 7 9 10 *11)
[    0.363963] ACPI: PCI Interrupt Link [LNKE] (IRQs 3 4 5 6 7 9 10 *11)
[    0.364834] ACPI: PCI Interrupt Link [LNKF] (IRQs 3 4 5 6 7 9 10 *11)
[    0.365687] ACPI: PCI Interrupt Link [LNKG] (IRQs 3 4 5 6 7 9 10 *11)
[    0.366538] ACPI: PCI Interrupt Link [LNKH] (IRQs 3 4 5 6 7 9 10 *11)
[    0.367098] ACPI: PCI Root Bridge [PCI0] (domain 0000 [bus 00-ff])
[    0.367198] acpi PNP0A08:00: _OSC: OS supports [ExtendedConfig ASPM ClockPM Segments HPX-Type3]
[    0.368311] acpi PNP0A08:00: _OSC: not requesting OS control; OS requires [ExtendedConfig ASPM ClockPM MSI]
[    0.368448] acpi PNP0A08:00: [Firmware Info]: MMCONFIG for domain 0000 [bus 00-3f] only partially covers this bridge
[    0.368832] PCI host bridge to bus 0000:00
[    0.368914] pci_bus 0000:00: root bus resource [io  0x0000-0x0cf7 window]
[    0.369008] pci_bus 0000:00: root bus resource [io  0x0d00-0xffff window]
[    0.369102] pci_bus 0000:00: root bus resource [mem 0x000a0000-0x000bffff window]
[    0.369199] pci_bus 0000:00: root bus resource [mem 0x000d0000-0x000d3fff window]
[    0.369297] pci_bus 0000:00: root bus resource [mem 0x000d4000-0x000d7fff window]
[    0.369395] pci_bus 0000:00: root bus resource [mem 0x000d8000-0x000dbfff window]
[    0.369492] pci_bus 0000:00: root bus resource [mem 0xc0000000-0xfebfffff window]
[    0.369590] pci_bus 0000:00: root bus resource [mem 0xfed40000-0xfed40fff window]
[    0.369688] pci_bus 0000:00: root bus resource [bus 00-ff]
[    0.369817] pci 0000:00:00.0: [8086:27a0] type 00 class 0x060000
[    0.370389] pci 0000:00:02.0: [8086:27a2] type 00 class 0x030000
[    0.370497] pci 0000:00:02.0: reg 0x10: [mem 0xee100000-0xee17ffff]
[    0.370594] pci 0000:00:02.0: reg 0x14: [io  0x1800-0x1807]
[    0.370688] pci 0000:00:02.0: reg 0x18: [mem 0xd0000000-0xdfffffff pref]
[    0.370787] pci 0000:00:02.0: reg 0x1c: [mem 0xee200000-0xee23ffff]
[    0.371469] pci 0000:00:02.1: [8086:27a6] type 00 class 0x038000
[    0.371574] pci 0000:00:02.1: reg 0x10: [mem 0xee180000-0xee1fffff]
[    0.372185] pci 0000:00:1b.0: [8086:27d8] type 00 class 0x040300
[    0.372315] pci 0000:00:1b.0: reg 0x10: [mem 0xee240000-0xee243fff 64bit]
[    0.372571] pci 0000:00:1b.0: PME# supported from D0 D3hot D3cold
[    0.373248] pci 0000:00:1c.0: [8086:27d0] type 01 class 0x060400
[    0.373530] pci 0000:00:1c.0: PME# supported from D0 D3hot D3cold
[    0.374211] pci 0000:00:1c.1: [8086:27d2] type 01 class 0x060400
[    0.374491] pci 0000:00:1c.1: PME# supported from D0 D3hot D3cold
[    0.375161] pci 0000:00:1c.2: [8086:27d4] type 01 class 0x060400
[    0.375441] pci 0000:00:1c.2: PME# supported from D0 D3hot D3cold
[    0.376133] pci 0000:00:1c.3: [8086:27d6] type 01 class 0x060400
[    0.376417] pci 0000:00:1c.3: PME# supported from D0 D3hot D3cold
[    0.377099] pci 0000:00:1d.0: [8086:27c8] type 00 class 0x0c0300
[    0.377262] pci 0000:00:1d.0: reg 0x20: [io  0x1820-0x183f]
[    0.377936] pci 0000:00:1d.1: [8086:27c9] type 00 class 0x0c0300
[    0.378100] pci 0000:00:1d.1: reg 0x20: [io  0x1840-0x185f]
[    0.378767] pci 0000:00:1d.2: [8086:27ca] type 00 class 0x0c0300
[    0.378930] pci 0000:00:1d.2: reg 0x20: [io  0x1860-0x187f]
[    0.379603] pci 0000:00:1d.3: [8086:27cb] type 00 class 0x0c0300
[    0.379767] pci 0000:00:1d.3: reg 0x20: [io  0x1880-0x189f]
[    0.380429] pci 0000:00:1d.7: [8086:27cc] type 00 class 0x0c0320
[    0.380549] pci 0000:00:1d.7: reg 0x10: [mem 0xee444000-0xee4443ff]
[    0.380778] pci 0000:00:1d.7: PME# supported from D0 D3hot D3cold
[    0.381429] pci 0000:00:1e.0: [8086:2448] type 01 class 0x060401
[    0.382189] pci 0000:00:1f.0: [8086:27b9] type 00 class 0x060100
[    0.382432] pci 0000:00:1f.0: quirk: [io  0x1000-0x107f] claimed by ICH6 ACPI/GPIO/TCO
[    0.382538] pci 0000:00:1f.0: quirk: [io  0x1180-0x11bf] claimed by ICH6 GPIO
[    0.382635] pci 0000:00:1f.0: ICH7 LPC Generic IO decode 1 PIO at 1600 (mask 007f)
[    0.382735] pci 0000:00:1f.0: ICH7 LPC Generic IO decode 2 PIO at 15e0 (mask 000f)
[    0.382835] pci 0000:00:1f.0: ICH7 LPC Generic IO decode 3 PIO at 1680 (mask 001f)
[    0.383504] pci 0000:00:1f.1: [8086:27df] type 00 class 0x01018a
[    0.383620] pci 0000:00:1f.1: reg 0x10: [io  0x0000-0x0007]
[    0.383719] pci 0000:00:1f.1: reg 0x14: [io  0x0000-0x0003]
[    0.383818] pci 0000:00:1f.1: reg 0x18: [io  0x0000-0x0007]
[    0.383917] pci 0000:00:1f.1: reg 0x1c: [io  0x0000-0x0003]
[    0.384016] pci 0000:00:1f.1: reg 0x20: [io  0x1810-0x181f]
[    0.384135] pci 0000:00:1f.1: legacy IDE quirk: reg 0x10: [io  0x01f0-0x01f7]
[    0.384230] pci 0000:00:1f.1: legacy IDE quirk: reg 0x14: [io  0x03f6]
[    0.384322] pci 0000:00:1f.1: legacy IDE quirk: reg 0x18: [io  0x0170-0x0177]
[    0.384418] pci 0000:00:1f.1: legacy IDE quirk: reg 0x1c: [io  0x0376]
[    0.385041] pci 0000:00:1f.2: [8086:27c5] type 00 class 0x010601
[    0.385162] pci 0000:00:1f.2: reg 0x10: [io  0x18d0-0x18d7]
[    0.385261] pci 0000:00:1f.2: reg 0x14: [io  0x18c4-0x18c7]
[    0.385360] pci 0000:00:1f.2: reg 0x18: [io  0x18c8-0x18cf]
[    0.385459] pci 0000:00:1f.2: reg 0x1c: [io  0x18c0-0x18c3]
[    0.385557] pci 0000:00:1f.2: reg 0x20: [io  0x18b0-0x18bf]
[    0.385656] pci 0000:00:1f.2: reg 0x24: [mem 0xee444400-0xee4447ff]
[    0.385827] pci 0000:00:1f.2: PME# supported from D3hot
[    0.386457] pci 0000:00:1f.3: [8086:27da] type 00 class 0x0c0500
[    0.386640] pci 0000:00:1f.3: reg 0x20: [io  0x18e0-0x18ff]
[    0.387542] pci 0000:02:00.0: [8086:109a] type 00 class 0x020000
[    0.387753] pci 0000:02:00.0: reg 0x10: [mem 0xee000000-0xee01ffff]
[    0.387949] pci 0000:02:00.0: reg 0x18: [io  0x2000-0x201f]
[    0.388357] pci 0000:02:00.0: PME# supported from D0 D3hot D3cold
[    0.388941] pci 0000:00:1c.0: PCI bridge to [bus 02]
[    0.389029] pci 0000:00:1c.0:   bridge window [io  0x2000-0x2fff]
[    0.389123] pci 0000:00:1c.0:   bridge window [mem 0xee000000-0xee0fffff]
[    0.389487] pci 0000:03:00.0: [8086:4227] type 00 class 0x028000
[    0.389722] pci 0000:03:00.0: reg 0x10: [mem 0xedf00000-0xedf00fff]
[    0.390368] pci 0000:03:00.0: PME# supported from D0 D3hot D3cold
[    0.390983] pci 0000:00:1c.1: PCI bridge to [bus 03]
[    0.391071] pci 0000:00:1c.1:   bridge window [io  0x3000-0x4fff]
[    0.391164] pci 0000:00:1c.1:   bridge window [mem 0xec000000-0xedffffff]
[    0.391264] pci 0000:00:1c.1:   bridge window [mem 0xe4000000-0xe40fffff 64bit pref]
[    0.391519] pci 0000:00:1c.2: PCI bridge to [bus 04-0b]
[    0.391610] pci 0000:00:1c.2:   bridge window [io  0x5000-0x6fff]
[    0.391703] pci 0000:00:1c.2:   bridge window [mem 0xe8000000-0xe9ffffff]
[    0.391803] pci 0000:00:1c.2:   bridge window [mem 0xe4100000-0xe41fffff 64bit pref]
[    0.392055] pci 0000:00:1c.3: PCI bridge to [bus 0c-13]
[    0.392109] pci 0000:00:1c.3:   bridge window [io  0x7000-0x8fff]
[    0.392203] pci 0000:00:1c.3:   bridge window [mem 0xea000000-0xebffffff]
[    0.392303] pci 0000:00:1c.3:   bridge window [mem 0xe4200000-0xe42fffff 64bit pref]
[    0.392437] pci_bus 0000:15: extended config space not accessible
[    0.392650] pci 0000:15:00.0: [1180:0476] type 02 class 0x060700
[    0.392768] pci 0000:15:00.0: reg 0x10: [mem 0xe4300000-0xe4300fff]
[    0.392929] pci 0000:15:00.0: supports D1 D2
[    0.393009] pci 0000:15:00.0: PME# supported from D0 D1 D2 D3hot D3cold
[    0.393496] pci 0000:15:00.1: [1180:0552] type 00 class 0x0c0010
[    0.393611] pci 0000:15:00.1: reg 0x10: [mem 0xe4301000-0xe43017ff]
[    0.393845] pci 0000:15:00.1: PME# supported from D0 D3hot D3cold
[    0.394164] pci 0000:15:00.2: [1180:0822] type 00 class 0x080500
[    0.394280] pci 0000:15:00.2: reg 0x10: [mem 0xe4301800-0xe43018ff]
[    0.394512] pci 0000:15:00.2: supports D1 D2
[    0.394591] pci 0000:15:00.2: PME# supported from D0 D1 D2 D3hot D3cold
[    0.394992] pci 0000:00:1e.0: PCI bridge to [bus 15-18] (subtractive decode)
[    0.395091] pci 0000:00:1e.0:   bridge window [io  0x9000-0xcfff]
[    0.395184] pci 0000:00:1e.0:   bridge window [mem 0xe4300000-0xe7ffffff]
[    0.395285] pci 0000:00:1e.0:   bridge window [mem 0xe0000000-0xe3ffffff 64bit pref]
[    0.395384] pci 0000:00:1e.0:   bridge window [io  0x0000-0x0cf7 window] (subtractive decode)
[    0.395502] pci 0000:00:1e.0:   bridge window [io  0x0d00-0xffff window] (subtractive decode)
[    0.395619] pci 0000:00:1e.0:   bridge window [mem 0x000a0000-0x000bffff window] (subtractive decode)
[    0.395739] pci 0000:00:1e.0:   bridge window [mem 0x000d0000-0x000d3fff window] (subtractive decode)
[    0.395861] pci 0000:00:1e.0:   bridge window [mem 0x000d4000-0x000d7fff window] (subtractive decode)
[    0.395982] pci 0000:00:1e.0:   bridge window [mem 0x000d8000-0x000dbfff window] (subtractive decode)
[    0.396107] pci 0000:00:1e.0:   bridge window [mem 0xc0000000-0xfebfffff window] (subtractive decode)
[    0.396229] pci 0000:00:1e.0:   bridge window [mem 0xfed40000-0xfed40fff window] (subtractive decode)
[    0.396389] pci_bus 0000:16: extended config space not accessible
[    0.396580] pci_bus 0000:16: busn_res: [bus 16-18] end is updated to 17
[    0.396725] pci_bus 0000:00: on NUMA node 0
[    0.403436] ACPI: EC: interrupt unblocked
[    0.404106] ACPI: EC: event unblocked
[    0.404190] ACPI: EC: EC_CMD/EC_SC=0x66, EC_DATA=0x62
[    0.404272] ACPI: EC: GPE=0x1c
[    0.404347] ACPI: \_SB_.PCI0.LPC_.EC__: Boot ECDT EC initialization complete
[    0.404444] ACPI: \_SB_.PCI0.LPC_.EC__: EC: Used to handle transactions and events
[    0.405367] pci 0000:00:02.0: vgaarb: setting as boot VGA device
[    0.405458] pci 0000:00:02.0: vgaarb: VGA device added: decodes=io+mem,owns=io+mem,locks=none
[    0.405597] pci 0000:00:02.0: vgaarb: bridge control possible
[    0.405681] vgaarb: loaded
[    0.406465] SCSI subsystem initialized
[    0.406810] libata version 3.00 loaded.
[    0.406999] ACPI: bus type USB registered
[    0.407200] usbcore: registered new interface driver usbfs
[    0.407347] usbcore: registered new interface driver hub
[    0.407585] usbcore: registered new device driver usb
[    0.407787] mc: Linux media interface: v0.10
[    0.408146] videodev: Linux video capture interface: v2.00
[    0.408293] pps_core: LinuxPPS API ver. 1 registered
[    0.408374] pps_core: Software ver. 5.3.6 - Copyright 2005-2007 Rodolfo Giometti <giometti@linux.it>
[    0.408523] PTP clock support registered
[    0.409011] EDAC MC: Ver: 3.0.0
[    0.410128] Advanced Linux Sound Architecture Driver Initialized.
[    0.410368] PCI: Using ACPI for IRQ routing
[    0.413475] PCI: pci_cache_line_size set to 64 bytes
[    0.413802] e820: reserve RAM buffer [mem 0x0009f000-0x0009ffff]
[    0.413809] e820: reserve RAM buffer [mem 0xbf6d0000-0xbfffffff]
[    0.414626] Bluetooth: Core ver 2.22
[    0.414760] NET: Registered protocol family 31
[    0.414837] Bluetooth: HCI device and connection manager initialized
[    0.414935] Bluetooth: HCI socket layer initialized
[    0.415018] Bluetooth: L2CAP socket layer initialized
[    0.415125] Bluetooth: SCO socket layer initialized
[    0.415772] clocksource: Switched to clocksource hpet
[    0.416097] pnp: PnP ACPI init
[    0.416146] system 00:00: [mem 0x00000000-0x0009ffff] could not be reserved
[    0.416247] system 00:00: [mem 0x000c0000-0x000c3fff] could not be reserved
[    0.416345] system 00:00: [mem 0x000c4000-0x000c7fff] could not be reserved
[    0.416441] system 00:00: [mem 0x000c8000-0x000cbfff] has been reserved
[    0.416535] system 00:00: [mem 0x000cc000-0x000cffff] has been reserved
[    0.416631] system 00:00: [mem 0x000dc000-0x000dffff] could not be reserved
[    0.416729] system 00:00: [mem 0x000e0000-0x000e3fff] could not be reserved
[    0.416827] system 00:00: [mem 0x000e4000-0x000e7fff] could not be reserved
[    0.416925] system 00:00: [mem 0x000e8000-0x000ebfff] could not be reserved
[    0.417023] system 00:00: [mem 0x000ec000-0x000effff] could not be reserved
[    0.417121] system 00:00: [mem 0x000f0000-0x000fffff] could not be reserved
[    0.417219] system 00:00: [mem 0x00100000-0xbfffffff] could not be reserved
[    0.417316] system 00:00: [mem 0xfec00000-0xfed3ffff] could not be reserved
[    0.417414] system 00:00: [mem 0xfed41000-0xffffffff] could not be reserved
[    0.417556] system 00:00: Plug and Play ACPI device, IDs PNP0c01 (active)
[    0.418069] system 00:01: [io  0x164e-0x164f] has been reserved
[    0.418163] system 00:01: [io  0x1000-0x107f] has been reserved
[    0.418255] system 00:01: [io  0x1180-0x11bf] has been reserved
[    0.418347] system 00:01: [io  0x0800-0x080f] has been reserved
[    0.418437] system 00:01: [io  0x15e0-0x15ef] has been reserved
[    0.418530] system 00:01: [io  0x1600-0x165f] could not be reserved
[    0.418624] system 00:01: [mem 0xf0000000-0xf3ffffff] has been reserved
[    0.418727] system 00:01: [mem 0xfed1c000-0xfed1ffff] has been reserved
[    0.418822] system 00:01: [mem 0xfed14000-0xfed17fff] has been reserved
[    0.418917] system 00:01: [mem 0xfed18000-0xfed18fff] has been reserved
[    0.419011] system 00:01: [mem 0xfed19000-0xfed19fff] has been reserved
[    0.419140] system 00:01: Plug and Play ACPI device, IDs PNP0c02 (active)
[    0.419449] pnp 00:02: Plug and Play ACPI device, IDs PNP0b00 (active)
[    0.419597] pnp 00:03: Plug and Play ACPI device, IDs PNP0303 (active)
[    0.419741] pnp 00:04: Plug and Play ACPI device, IDs IBM3780 PNP0f13 (active)
[    0.420549] pnp 00:05: [dma 3]
[    0.420753] pnp 00:05: Plug and Play ACPI device, IDs IBM0071 PNP0511 (active)
[    0.420995] pnp 00:06: Plug and Play ACPI device, IDs ATM1200 PNP0c31 (active)
[    0.423405] pnp: PnP ACPI: found 7 devices
[    0.470344] clocksource: acpi_pm: mask: 0xffffff max_cycles: 0xffffff, max_idle_ns: 2085701024 ns
[    0.470478] pci 0000:00:1c.0: bridge window [mem 0x00100000-0x000fffff 64bit pref] to [bus 02] add_size 200000 add_align 100000
[    0.470646] pci 0000:00:1c.0: BAR 9: assigned [mem 0xc0000000-0xc01fffff 64bit pref]
[    0.470746] pci 0000:00:1c.0: PCI bridge to [bus 02]
[    0.470828] pci 0000:00:1c.0:   bridge window [io  0x2000-0x2fff]
[    0.470920] pci 0000:00:1c.0:   bridge window [mem 0xee000000-0xee0fffff]
[    0.471013] pci 0000:00:1c.0:   bridge window [mem 0xc0000000-0xc01fffff 64bit pref]
[    0.471115] pci 0000:00:1c.1: PCI bridge to [bus 03]
[    0.471197] pci 0000:00:1c.1:   bridge window [io  0x3000-0x4fff]
[    0.471289] pci 0000:00:1c.1:   bridge window [mem 0xec000000-0xedffffff]
[    0.471382] pci 0000:00:1c.1:   bridge window [mem 0xe4000000-0xe40fffff 64bit pref]
[    0.471483] pci 0000:00:1c.2: PCI bridge to [bus 04-0b]
[    0.471567] pci 0000:00:1c.2:   bridge window [io  0x5000-0x6fff]
[    0.471658] pci 0000:00:1c.2:   bridge window [mem 0xe8000000-0xe9ffffff]
[    0.471751] pci 0000:00:1c.2:   bridge window [mem 0xe4100000-0xe41fffff 64bit pref]
[    0.471852] pci 0000:00:1c.3: PCI bridge to [bus 0c-13]
[    0.471935] pci 0000:00:1c.3:   bridge window [io  0x7000-0x8fff]
[    0.472027] pci 0000:00:1c.3:   bridge window [mem 0xea000000-0xebffffff]
[    0.472138] pci 0000:00:1c.3:   bridge window [mem 0xe4200000-0xe42fffff 64bit pref]
[    0.472249] pci 0000:15:00.0: BAR 9: assigned [mem 0xe0000000-0xe3ffffff pref]
[    0.472346] pci 0000:15:00.0: BAR 10: assigned [mem 0xc4000000-0xc7ffffff]
[    0.472437] pci 0000:15:00.0: BAR 7: assigned [io  0x9000-0x90ff]
[    0.472524] pci 0000:15:00.0: BAR 8: assigned [io  0x9400-0x94ff]
[    0.472618] pci 0000:15:00.0: CardBus bridge to [bus 16-17]
[    0.472702] pci 0000:15:00.0:   bridge window [io  0x9000-0x90ff]
[    0.472791] pci 0000:15:00.0:   bridge window [io  0x9400-0x94ff]
[    0.472881] pci 0000:15:00.0:   bridge window [mem 0xe0000000-0xe3ffffff pref]
[    0.472977] pci 0000:15:00.0:   bridge window [mem 0xc4000000-0xc7ffffff]
[    0.473071] pci 0000:00:1e.0: PCI bridge to [bus 15-18]
[    0.473154] pci 0000:00:1e.0:   bridge window [io  0x9000-0xcfff]
[    0.473245] pci 0000:00:1e.0:   bridge window [mem 0xe4300000-0xe7ffffff]
[    0.473338] pci 0000:00:1e.0:   bridge window [mem 0xe0000000-0xe3ffffff 64bit pref]
[    0.473441] pci_bus 0000:00: resource 4 [io  0x0000-0x0cf7 window]
[    0.473528] pci_bus 0000:00: resource 5 [io  0x0d00-0xffff window]
[    0.473614] pci_bus 0000:00: resource 6 [mem 0x000a0000-0x000bffff window]
[    0.473705] pci_bus 0000:00: resource 7 [mem 0x000d0000-0x000d3fff window]
[    0.473795] pci_bus 0000:00: resource 8 [mem 0x000d4000-0x000d7fff window]
[    0.473886] pci_bus 0000:00: resource 9 [mem 0x000d8000-0x000dbfff window]
[    0.473976] pci_bus 0000:00: resource 10 [mem 0xc0000000-0xfebfffff window]
[    0.474066] pci_bus 0000:00: resource 11 [mem 0xfed40000-0xfed40fff window]
[    0.474157] pci_bus 0000:02: resource 0 [io  0x2000-0x2fff]
[    0.474241] pci_bus 0000:02: resource 1 [mem 0xee000000-0xee0fffff]
[    0.474328] pci_bus 0000:02: resource 2 [mem 0xc0000000-0xc01fffff 64bit pref]
[    0.474420] pci_bus 0000:03: resource 0 [io  0x3000-0x4fff]
[    0.474504] pci_bus 0000:03: resource 1 [mem 0xec000000-0xedffffff]
[    0.474591] pci_bus 0000:03: resource 2 [mem 0xe4000000-0xe40fffff 64bit pref]
[    0.474683] pci_bus 0000:04: resource 0 [io  0x5000-0x6fff]
[    0.474766] pci_bus 0000:04: resource 1 [mem 0xe8000000-0xe9ffffff]
[    0.474853] pci_bus 0000:04: resource 2 [mem 0xe4100000-0xe41fffff 64bit pref]
[    0.474946] pci_bus 0000:0c: resource 0 [io  0x7000-0x8fff]
[    0.475029] pci_bus 0000:0c: resource 1 [mem 0xea000000-0xebffffff]
[    0.475116] pci_bus 0000:0c: resource 2 [mem 0xe4200000-0xe42fffff 64bit pref]
[    0.475208] pci_bus 0000:15: resource 0 [io  0x9000-0xcfff]
[    0.475292] pci_bus 0000:15: resource 1 [mem 0xe4300000-0xe7ffffff]
[    0.475379] pci_bus 0000:15: resource 2 [mem 0xe0000000-0xe3ffffff 64bit pref]
[    0.475471] pci_bus 0000:15: resource 4 [io  0x0000-0x0cf7 window]
[    0.475558] pci_bus 0000:15: resource 5 [io  0x0d00-0xffff window]
[    0.475645] pci_bus 0000:15: resource 6 [mem 0x000a0000-0x000bffff window]
[    0.475735] pci_bus 0000:15: resource 7 [mem 0x000d0000-0x000d3fff window]
[    0.475825] pci_bus 0000:15: resource 8 [mem 0x000d4000-0x000d7fff window]
[    0.475915] pci_bus 0000:15: resource 9 [mem 0x000d8000-0x000dbfff window]
[    0.476005] pci_bus 0000:15: resource 10 [mem 0xc0000000-0xfebfffff window]
[    0.476096] pci_bus 0000:15: resource 11 [mem 0xfed40000-0xfed40fff window]
[    0.476205] pci_bus 0000:16: resource 0 [io  0x9000-0x90ff]
[    0.476288] pci_bus 0000:16: resource 1 [io  0x9400-0x94ff]
[    0.476371] pci_bus 0000:16: resource 2 [mem 0xe0000000-0xe3ffffff pref]
[    0.476461] pci_bus 0000:16: resource 3 [mem 0xc4000000-0xc7ffffff]
[    0.476992] NET: Registered protocol family 2
[    0.477595] tcp_listen_portaddr_hash hash table entries: 512 (order: 2, 22528 bytes, linear)
[    0.477750] TCP established hash table entries: 8192 (order: 3, 32768 bytes, linear)
[    0.477910] TCP bind hash table entries: 8192 (order: 6, 327680 bytes, linear)
[    0.478534] TCP: Hash tables configured (established 8192 bind 8192)
[    0.478936] UDP hash table entries: 512 (order: 3, 49152 bytes, linear)
[    0.479107] UDP-Lite hash table entries: 512 (order: 3, 49152 bytes, linear)
[    0.479403] NET: Registered protocol family 1
[    0.480195] RPC: Registered named UNIX socket transport module.
[    0.480284] RPC: Registered udp transport module.
[    0.480365] RPC: Registered tcp transport module.
[    0.480445] RPC: Registered tcp NFSv4.1 backchannel transport module.
[    0.481076] pci 0000:00:02.0: Video device with shadowed ROM at [mem 0x000c0000-0x000dffff]
[    0.484606] pci 0000:15:00.0: CLS mismatch (64 != 32), using 64 bytes
[    0.484811] PCI-DMA: Using software bounce buffering for IO (SWIOTLB)
[    0.484899] software IO TLB: mapped [mem 0x31cfc000-0x35cfc000] (64MB)
[    0.487611] Initialise system trusted keyrings
[    0.487855] workingset: timestamp_bits=30 max_order=20 bucket_order=0
[    0.490112] Installing knfsd (copyright (C) 1996 okir@monad.swb.de).
[    0.490852] ntfs: driver 2.1.32 [Flags: R/W].
[    0.491161] fuse: init (API version 7.31)
[    0.515724] Key type asymmetric registered
[    0.515811] Asymmetric key parser 'x509' registered
[    0.516018] bounce: pool size: 64 pages
[    0.516215] Block layer SCSI generic (bsg) driver version 0.4 loaded (major 249)
[    0.516317] io scheduler mq-deadline registered
[    0.516433] io scheduler bfq registered
[    0.516730] start plist test
[    0.520414] end plist test
[    0.523220] intel_idle: MWAIT substates: 0x22220
[    0.523969] ACPI: \_PR_.CPU0: Found 3 idle states
[    0.524906] ACPI: \_PR_.CPU1: Found 3 idle states
[    0.524987] intel_idle: ACPI _CST not found or not usable
[    0.525512] ACPI: Deprecated procfs I/F for AC is loaded, please retry with CONFIG_ACPI_PROCFS_POWER cleared
[    0.526027] ACPI: AC Adapter [AC] (on-line)
[    0.526450] input: Lid Switch as /devices/LNXSYSTM:00/LNXSYBUS:00/PNP0C0D:00/input/input0
[    0.536384] ACPI: Lid Switch [LID]
[    0.536685] input: Sleep Button as /devices/LNXSYSTM:00/LNXSYBUS:00/PNP0C0E:00/input/input1
[    0.537022] ACPI: Sleep Button [SLPB]
[    0.537353] input: Power Button as /devices/LNXSYSTM:00/LNXPWRBN:00/input/input2
[    0.537675] ACPI: Power Button [PWRF]
[    0.538332] ACPI: Video Device [VID] (multi-head: yes  rom: no  post: no)
[    0.546843] acpi device:01: registered as cooling_device0
[    0.547345] input: Video Bus as /devices/LNXSYSTM:00/LNXSYBUS:00/PNP0A08:00/LNXVIDEO:00/input/input3
[    0.548732] ACPI: \_PR_.CPU0: Found 3 idle states
[    0.557902] ACPI: \_PR_.CPU1: Found 3 idle states
[    0.564149] thermal LNXTHERM:00: registered as thermal_zone0
[    0.564239] ACPI: Thermal Zone [THM0] (78 C)
[    0.568077] thermal LNXTHERM:01: registered as thermal_zone1
[    0.568239] ACPI: Thermal Zone [THM1] (78 C)
[    0.569318] Serial: 8250/16550 driver, 4 ports, IRQ sharing disabled
[    0.570048] serial8250: ttyS1 at I/O 0x2f8 (irq = 3, base_baud = 921600) is a NS16550A
[    0.571925] lp: driver loaded but no devices found
[    0.572189] Non-volatile memory driver v1.3
[    0.572624] intel_rng: FWH not detected
[    0.573651] Linux agpgart interface v0.103
[    0.574354] [drm] radeon kernel modesetting enabled.
[    0.575581] pci 0000:00:00.0: Intel 945GM Chipset
[    0.575707] pci 0000:00:00.0: detected gtt size: 262144K total, 262144K mappable
[    0.576571] pci 0000:00:00.0: detected 8192K stolen memory
[    0.576766] i915 0000:00:02.0: vgaarb: deactivate vga console
[    0.578097] Console: switching to colour dummy device 80x25
[    0.579764] resource sanity check: requesting [mem 0x000c0000-0x000dffff], which spans more than pnp 00:00 [mem 0x000c8000-0x000cbfff]
[    0.579844] caller pci_map_rom+0x6f/0x174 mapping multiple BARs
[    0.581869] i915 0000:00:02.0: vgaarb: changed VGA decodes: olddecodes=io+mem,decodes=io+mem:owns=io+mem
[    0.592452] random: fast init done
[    0.605148] battery: ACPI: Deprecated procfs I/F for battery is loaded, please retry with CONFIG_ACPI_PROCFS_POWER cleared
[    0.605235] battery: ACPI: Battery Slot [BAT0] (battery present)
[    0.607531] i915 0000:00:02.0: [drm] Initialized overlay support.
[    0.609308] [drm] Initialized i915 1.6.0 20200515 for 0000:00:02.0 on minor 0
[    0.610759] usbcore: registered new interface driver udl
[    0.625887] fbcon: i915drmfb (fb0) is primary device
[    0.625987] loop: module loaded
[    0.684569] ahci 0000:00:1f.2: version 3.0
[    0.685290] ahci 0000:00:1f.2: AHCI 0001.0100 32 slots 4 ports 1.5 Gbps 0x1 impl SATA mode
[    0.685295] ahci 0000:00:1f.2: flags: 64bit ncq pm led clo pio slum part 
[    0.687892] scsi host0: ahci
[    0.688614] scsi host1: ahci
[    0.689200] scsi host2: ahci
[    0.689789] scsi host3: ahci
[    0.690124] ata1: SATA max UDMA/133 abar m1024@0xee444400 port 0xee444500 irq 16
[    0.690126] ata2: DUMMY
[    0.690128] ata3: DUMMY
[    0.690130] ata4: DUMMY
[    0.690462] ata_piix 0000:00:1f.1: version 2.13
[    0.694379] scsi host4: ata_piix
[    0.694918] scsi host5: ata_piix
[    0.695169] ata5: PATA max UDMA/100 cmd 0x1f0 ctl 0x3f6 bmdma 0x1810 irq 14
[    0.695172] ata6: PATA max UDMA/100 cmd 0x170 ctl 0x376 bmdma 0x1818 irq 15
[    0.696656] tun: Universal TUN/TAP device driver, 1.6
[    0.696935] ata6: port disabled--ignoring
[    0.697101] e1000: Intel(R) PRO/1000 Network Driver - version 7.3.21-k8-NAPI
[    0.697102] e1000: Copyright (c) 1999-2006 Intel Corporation.
[    0.697179] e1000e: Intel(R) PRO/1000 Network Driver - 3.2.6-k
[    0.697180] e1000e: Copyright(c) 1999 - 2015 Intel Corporation.
[    0.697296] e1000e 0000:02:00.0: Disabling ASPM  L1
[    0.697300] e1000e 0000:02:00.0: can't disable ASPM; OS doesn't have ASPM control
[    0.697723] e1000e 0000:02:00.0: Interrupt Throttling Rate (ints/sec) set to dynamic conservative mode
[    0.803595] e1000e 0000:02:00.0 eth0: (PCI Express:2.5GT/s:Width x1) 00:16:d3:25:19:04
[    0.803627] e1000e 0000:02:00.0 eth0: Intel(R) PRO/1000 Network Connection
[    0.803706] e1000e 0000:02:00.0 eth0: MAC: 2, PHY: 2, PBA No: 005302-003
[    0.803988] PPP generic driver version 2.4.2
[    0.804246] PPP BSD Compression module registered
[    0.804249] PPP Deflate Compression module registered
[    0.804251] SLIP: version 0.8.4-NET3.019-NEWTTY (dynamic channels, max=256).
[    0.804253] CSLIP: code copyright 1989 Regents of the University of California.
[    0.804341] iwl3945: Intel(R) PRO/Wireless 3945ABG/BG Network Connection driver for Linux, in-tree:ds
[    0.804343] iwl3945: Copyright(c) 2003-2011 Intel Corporation
[    0.804344] iwl3945: hw_scan is disabled
[    0.804651] iwl3945 0000:03:00.0: can't disable ASPM; OS doesn't have ASPM control
[    0.859225] iwl3945 0000:03:00.0: Tunable channels: 11 802.11bg, 13 802.11a channels
[    0.859229] iwl3945 0000:03:00.0: Detected Intel Wireless WiFi Link 3945ABG
[    0.859714] ieee80211 phy0: Selected rate control algorithm 'iwl-3945-rs'
[    0.861203] Intel(R) Wireless WiFi driver for Linux
[    0.861399] usbcore: registered new interface driver ax88179_178a
[    0.861443] usbcore: registered new interface driver cdc_ether
[    0.861488] usbcore: registered new interface driver net1080
[    0.861530] usbcore: registered new interface driver cdc_subset
[    0.861574] usbcore: registered new interface driver zaurus
[    0.861638] usbcore: registered new interface driver cdc_ncm
[    0.861723] pci 0000:00:1e.0: enabling device (0005 -> 0007)
[    0.861958] yenta_cardbus 0000:15:00.0: CardBus bridge found [17aa:201c]
[    1.008436] ata1: SATA link up 1.5 Gbps (SStatus 113 SControl 300)
[    1.070263] ata1.00: ACPI cmd ef/02:00:00:00:00:a0 (SET FEATURES) succeeded
[    1.070268] ata1.00: ACPI cmd f5/00:00:00:00:00:a0 (SECURITY FREEZE LOCK) filtered out
[    1.070272] ata1.00: ACPI cmd ef/10:03:00:00:00:a0 (SET FEATURES) filtered out
[    1.114346] ata1.00: ATA-9: ST1000LM014-1EJ164, SM11, max UDMA/133
[    1.114349] ata1.00: 1953525168 sectors, multi 16: LBA48 NCQ (depth 32), AA
[    1.158966] ata1.00: ACPI cmd ef/02:00:00:00:00:a0 (SET FEATURES) succeeded
[    1.158970] ata1.00: ACPI cmd f5/00:00:00:00:00:a0 (SECURITY FREEZE LOCK) filtered out
[    1.158974] ata1.00: ACPI cmd ef/10:03:00:00:00:a0 (SET FEATURES) filtered out
[    1.203108] ata1.00: configured for UDMA/133
[    1.324474] Console: switching to colour frame buffer device 102x42
[    1.462430] i915 0000:00:02.0: fb0: i915drmfb frame buffer device
[    1.465900] scsi 0:0:0:0: Direct-Access     ATA      ST1000LM014-1EJ1 SM11 PQ: 0 ANSI: 5
[    1.469792] sd 0:0:0:0: Attached scsi generic sg0 type 0
[    1.470135] sd 0:0:0:0: [sda] 1953525168 512-byte logical blocks: (1.00 TB/932 GiB)
[    1.475581] sd 0:0:0:0: [sda] 4096-byte physical blocks
[    1.478510] sd 0:0:0:0: [sda] Write Protect is off
[    1.481339] sd 0:0:0:0: [sda] Mode Sense: 00 3a 00 00
[    1.481457] sd 0:0:0:0: [sda] Write cache: enabled, read cache: enabled, doesn't support DPO or FUA
[    1.487046]  sda: sda1 sda2 sda3 sda4
[    1.492650] sd 0:0:0:0: [sda] Attached SCSI disk
[    1.629202] yenta_cardbus 0000:15:00.0: ISA IRQ mask 0x0cb8, PCI irq 16
[    1.632142] yenta_cardbus 0000:15:00.0: Socket status: 30000006
[    1.635028] yenta_cardbus 0000:15:00.0: pcmcia: parent PCI bridge window: [io  0x9000-0xcfff]
[    1.637952] yenta_cardbus 0000:15:00.0: pcmcia: parent PCI bridge window: [mem 0xe4300000-0xe7ffffff]
[    1.640803] pcmcia_socket pcmcia_socket0: cs: memory probe 0xe4300000-0xe7ffffff:
[    1.643616]  excluding 0xe4300000-0xe46cffff
[    1.646483] yenta_cardbus 0000:15:00.0: pcmcia: parent PCI bridge window: [mem 0xe0000000-0xe3ffffff 64bit pref]
[    1.649468] pcmcia_socket pcmcia_socket0: cs: memory probe 0xe0000000-0xe3ffffff:
[    1.649524]  excluding 0xe0000000-0xe3ffffff
[    1.656699] ehci_hcd: USB 2.0 'Enhanced' Host Controller (EHCI) Driver
[    1.659656] ehci-pci: EHCI PCI platform driver
[    1.663131] ehci-pci 0000:00:1d.7: EHCI Host Controller
[    1.666456] ehci-pci 0000:00:1d.7: new USB bus registered, assigned bus number 1
[    1.669607] ehci-pci 0000:00:1d.7: debug port 1
[    1.676662] ehci-pci 0000:00:1d.7: cache line size of 64 is not supported
[    1.679875] ehci-pci 0000:00:1d.7: irq 19, io mem 0xee444000
[    1.696214] ehci-pci 0000:00:1d.7: USB 2.0 started, EHCI 1.00
[    1.699683] usb usb1: New USB device found, idVendor=1d6b, idProduct=0002, bcdDevice= 5.07
[    1.702961] usb usb1: New USB device strings: Mfr=3, Product=2, SerialNumber=1
[    1.706194] usb usb1: Product: EHCI Host Controller
[    1.709366] usb usb1: Manufacturer: Linux 5.7.0-rc6-next-20200519+ ehci_hcd
[    1.712594] usb usb1: SerialNumber: 0000:00:1d.7
[    1.716574] hub 1-0:1.0: USB hub found
[    1.719742] hub 1-0:1.0: 8 ports detected
[    1.724838] ohci_hcd: USB 1.1 'Open' Host Controller (OHCI) Driver
[    1.727922] ohci-pci: OHCI PCI platform driver
[    1.731027] uhci_hcd: USB Universal Host Controller Interface driver
[    1.734617] uhci_hcd 0000:00:1d.0: UHCI Host Controller
[    1.737983] uhci_hcd 0000:00:1d.0: new USB bus registered, assigned bus number 2
[    1.741086] uhci_hcd 0000:00:1d.0: detected 2 ports
[    1.744084] uhci_hcd 0000:00:1d.0: irq 16, io base 0x00001820
[    1.747310] usb usb2: New USB device found, idVendor=1d6b, idProduct=0001, bcdDevice= 5.07
[    1.750376] usb usb2: New USB device strings: Mfr=3, Product=2, SerialNumber=1
[    1.753448] usb usb2: Product: UHCI Host Controller
[    1.756458] usb usb2: Manufacturer: Linux 5.7.0-rc6-next-20200519+ uhci_hcd
[    1.759437] usb usb2: SerialNumber: 0000:00:1d.0
[    1.763054] hub 2-0:1.0: USB hub found
[    1.766036] hub 2-0:1.0: 2 ports detected
[    1.770064] uhci_hcd 0000:00:1d.1: UHCI Host Controller
[    1.773261] uhci_hcd 0000:00:1d.1: new USB bus registered, assigned bus number 3
[    1.776260] uhci_hcd 0000:00:1d.1: detected 2 ports
[    1.779130] uhci_hcd 0000:00:1d.1: irq 17, io base 0x00001840
[    1.782185] usb usb3: New USB device found, idVendor=1d6b, idProduct=0001, bcdDevice= 5.07
[    1.785031] usb usb3: New USB device strings: Mfr=3, Product=2, SerialNumber=1
[    1.787766] usb usb3: Product: UHCI Host Controller
[    1.790455] usb usb3: Manufacturer: Linux 5.7.0-rc6-next-20200519+ uhci_hcd
[    1.793174] usb usb3: SerialNumber: 0000:00:1d.1
[    1.796536] hub 3-0:1.0: USB hub found
[    1.799219] hub 3-0:1.0: 2 ports detected
[    1.803134] uhci_hcd 0000:00:1d.2: UHCI Host Controller
[    1.806018] uhci_hcd 0000:00:1d.2: new USB bus registered, assigned bus number 4
[    1.808714] uhci_hcd 0000:00:1d.2: detected 2 ports
[    1.811381] uhci_hcd 0000:00:1d.2: irq 18, io base 0x00001860
[    1.814265] usb usb4: New USB device found, idVendor=1d6b, idProduct=0001, bcdDevice= 5.07
[    1.816975] usb usb4: New USB device strings: Mfr=3, Product=2, SerialNumber=1
[    1.819638] usb usb4: Product: UHCI Host Controller
[    1.822266] usb usb4: Manufacturer: Linux 5.7.0-rc6-next-20200519+ uhci_hcd
[    1.824947] usb usb4: SerialNumber: 0000:00:1d.2
[    1.828305] hub 4-0:1.0: USB hub found
[    1.830952] hub 4-0:1.0: 2 ports detected
[    1.834730] uhci_hcd 0000:00:1d.3: UHCI Host Controller
[    1.837606] uhci_hcd 0000:00:1d.3: new USB bus registered, assigned bus number 5
[    1.840291] uhci_hcd 0000:00:1d.3: detected 2 ports
[    1.842920] uhci_hcd 0000:00:1d.3: irq 19, io base 0x00001880
[    1.845726] usb usb5: New USB device found, idVendor=1d6b, idProduct=0001, bcdDevice= 5.07
[    1.848414] usb usb5: New USB device strings: Mfr=3, Product=2, SerialNumber=1
[    1.851063] usb usb5: Product: UHCI Host Controller
[    1.853721] usb usb5: Manufacturer: Linux 5.7.0-rc6-next-20200519+ uhci_hcd
[    1.856397] usb usb5: SerialNumber: 0000:00:1d.3
[    1.859646] hub 5-0:1.0: USB hub found
[    1.862269] hub 5-0:1.0: 2 ports detected
[    1.865760] usbcore: registered new interface driver cdc_acm
[    1.868346] cdc_acm: USB Abstract Control Model driver for USB modems and ISDN adapters
[    1.871020] usbcore: registered new interface driver usblp
[    1.873786] usbcore: registered new interface driver usb-storage
[    1.876451] usbcore: registered new interface driver ums-sddr09
[    1.879466] usbcore: registered new interface driver usbserial_generic
[    1.882077] usbserial: USB Serial support registered for generic
[    1.884793] usbcore: registered new interface driver ch341
[    1.887328] usbserial: USB Serial support registered for ch341-uart
[    1.889932] usbcore: registered new interface driver cp210x
[    1.892531] usbserial: USB Serial support registered for cp210x
[    1.895097] usbcore: registered new interface driver usb_debug
[    1.897638] usbserial: USB Serial support registered for debug
[    1.900204] usbserial: USB Serial support registered for xhci_dbc
[    1.902772] usbcore: registered new interface driver ftdi_sio
[    1.905325] usbserial: USB Serial support registered for FTDI USB Serial Device
[    1.907991] usbcore: registered new interface driver option
[    1.910598] usbserial: USB Serial support registered for GSM modem (1-port)
[    1.913387] usbcore: registered new interface driver pl2303
[    1.915985] usbserial: USB Serial support registered for pl2303
[    1.918650] usbcore: registered new interface driver usb_serial_simple
[    1.921287] usbserial: USB Serial support registered for carelink
[    1.923899] usbserial: USB Serial support registered for zio
[    1.926471] usbserial: USB Serial support registered for funsoft
[    1.929021] usbserial: USB Serial support registered for flashloader
[    1.931530] usbserial: USB Serial support registered for google
[    1.934347] usbserial: USB Serial support registered for libtransistor
[    1.936791] usbserial: USB Serial support registered for vivopay
[    1.939161] usbserial: USB Serial support registered for moto_modem
[    1.941539] usbserial: USB Serial support registered for motorola_tetra
[    1.943806] usbserial: USB Serial support registered for novatel_gps
[    1.946041] usbserial: USB Serial support registered for hp4x
[    1.948201] usbserial: USB Serial support registered for suunto
[    1.950274] usbserial: USB Serial support registered for siemens_mpi
[    1.952345] usbcore: registered new interface driver ti_usb_3410_5052
[    1.954402] usbserial: USB Serial support registered for TI USB 3410 1 port adapter
[    1.956580] usbserial: USB Serial support registered for TI USB 5052 2 port adapter
[    1.958641] ftdi_elan: driver ftdi-elan
[    1.960681] usbcore: registered new interface driver ftdi-elan
[    1.962829] i8042: PNP: PS/2 Controller [PNP0303:KBD,PNP0f13:MOU] at 0x60,0x64 irq 1,12
[    1.975518] serio: i8042 KBD port at 0x60,0x64 irq 1
[    1.977961] serio: i8042 AUX port at 0x60,0x64 irq 12
[    1.980756] mousedev: PS/2 mouse device common for all mice
[    1.984199] input: PC Speaker as /devices/platform/pcspkr/input/input5
[    1.986886] rtc_cmos 00:02: RTC can wake from S4
[    1.989975] rtc_cmos 00:02: registered as rtc0
[    1.992170] rtc_cmos 00:02: setting system clock to 2020-05-20T08:13:18 UTC (1589962398)
[    1.994526] rtc_cmos 00:02: alarms up to one month, y3k, 114 bytes nvram, hpet irqs
[    1.996975] usbcore: registered new interface driver uvcvideo
[    1.999375] input: AT Translated Set 2 keyboard as /devices/platform/i8042/serio0/input/input4
[    2.002768] USB Video Class driver (1.1.1)
[    2.005098] gspca_main: v2.14.0 registered
[    2.007410] usbcore: registered new interface driver sq930x
[    2.011078] device-mapper: ioctl: 4.42.0-ioctl (2020-02-27) initialised: dm-devel@redhat.com
[    2.013488] Bluetooth: HCI UART driver ver 2.3
[    2.015751] Bluetooth: HCI UART protocol H4 registered
[    2.018023] Bluetooth: HCI UART protocol BCSP registered
[    2.020376] usbcore: registered new interface driver btusb
[    2.022613] intel_pstate: CPU model not supported
[    2.024960] sdhci: Secure Digital Host Controller Interface driver
[    2.027294] sdhci: Copyright(c) Pierre Ossman
[    2.029775] sdhci-pci 0000:15:00.2: SDHCI controller found [1180:0822] (rev 18)
[    2.032609] sdhci-pci 0000:15:00.2: Will use DMA mode even though HW doesn't fully claim to support it.
[    2.035654] mmc0 bounce up to 128 segments into one, max segment size 65536 bytes
[    2.038513] sdhci-pci 0000:15:00.2: Will use DMA mode even though HW doesn't fully claim to support it.
[    2.041913] mmc0: SDHCI controller on PCI [0000:15:00.2] using DMA
[    2.045528] hid: raw HID events driver (C) Jiri Kosina
[    2.050386] usbcore: registered new interface driver usbhid
[    2.053969] usbhid: USB HID core driver
[    2.057578] thinkpad_acpi: ThinkPad ACPI Extras v0.26
[    2.060905] thinkpad_acpi: http://ibm-acpi.sf.net/
[    2.064050] thinkpad_acpi: ThinkPad BIOS 7BETD8WW (2.19 ), EC 7BHT40WW-1.13
[    2.067097] thinkpad_acpi: Lenovo ThinkPad X60, model 17097HU
[    2.076740] thinkpad_acpi: ACPI backlight control delay disabled
[    2.080445] thinkpad_acpi: radio switch found; radios are enabled
[    2.083761] thinkpad_acpi: This ThinkPad has standard ACPI backlight brightness control, supported by the ACPI video driver
[    2.089962] thinkpad_acpi: Disabling thinkpad-acpi brightness events by default...
[    2.098043] sdhci-pci 0000:15:00.2: Will use DMA mode even though HW doesn't fully claim to support it.
[    2.104774] thinkpad_acpi: rfkill switch tpacpi_bluetooth_sw: radio is unblocked
[    2.111684] thinkpad_acpi: warning: userspace override of important firmware LEDs is enabled
[    2.120646] thinkpad_acpi: Standard ACPI backlight interface available, not loading native one
[    2.124176] thinkpad_acpi: volume: disabled as there is no ALSA support in this kernel
[    2.128518] thinkpad_acpi: battery 1 registered (start 0, stop 0)
[    2.128536] battery: new extension: ThinkPad Battery Extension
[    2.135853] input: ThinkPad Extra Buttons as /devices/platform/thinkpad_acpi/input/input8
[    2.146168] snd_hda_intel 0000:00:1b.0: probe_mask set to 0x1 for device 17aa:2010
[    2.150436] usbcore: registered new interface driver snd-usb-audio
[    2.156308] NET: Registered protocol family 17
[    2.160603] Bluetooth: RFCOMM TTY layer initialized
[    2.164071] Bluetooth: RFCOMM socket layer initialized
[    2.164092] sdhci-pci 0000:15:00.2: Will use DMA mode even though HW doesn't fully claim to support it.
[    2.167362] Bluetooth: RFCOMM ver 1.11
[    2.174318] Bluetooth: BNEP (Ethernet Emulation) ver 1.3
[    2.177800] Bluetooth: BNEP filters: protocol multicast
[    2.181273] Bluetooth: BNEP socket layer initialized
[    2.184685] Bluetooth: HIDP (Human Interface Emulation) ver 1.2
[    2.188089] Bluetooth: HIDP socket layer initialized
[    2.192267] microcode: sig=0x6e8, pf=0x20, revision=0x39
[    2.195857] microcode: Microcode Update Driver: v2.2.
[    2.195862] IPI shorthand broadcast: enabled
[    2.202762] Loading compiled-in X.509 certificates
[    2.206147] Key type ._fscrypt registered
[    2.209339] Key type .fscrypt registered
[    2.212385] Key type fscrypt-provisioning registered
[    2.216448] Key type encrypted registered
[    2.223117] snd_hda_codec_analog hdaudioC0D0: autoconfig for AD1981: line_outs=1 (0x5/0x0/0x0/0x0/0x0) type:speaker
[    2.229787] snd_hda_codec_analog hdaudioC0D0:    speaker_outs=0 (0x0/0x0/0x0/0x0/0x0)
[    2.233245] snd_hda_codec_analog hdaudioC0D0:    hp_outs=0 (0x0/0x0/0x0/0x0/0x0)
[    2.234697] cfg80211: Loading compiled-in X.509 certificates for regulatory database
[    2.236883] snd_hda_codec_analog hdaudioC0D0:    mono: mono_out=0x0
[    2.242370] cfg80211: Loaded X.509 cert 'sforshee: 00b28ddf47aef9cea7'
[    2.243096] snd_hda_codec_analog hdaudioC0D0:    inputs:
[    2.246597] platform regulatory.0: Direct firmware load for regulatory.db failed with error -2
[    2.249350] snd_hda_codec_analog hdaudioC0D0:      Mic=0x8
[    2.252866] cfg80211: failed to load regulatory.db
[    2.255979] snd_hda_codec_analog hdaudioC0D0:      CD=0x19
[    2.261802] sdhci-pci 0000:15:00.2: Will use DMA mode even though HW doesn't fully claim to support it.
[    2.266224] PM: Image not found (code -22)
[    2.266312] ALSA device list:
[    2.270403]   No soundcards found.
[    2.317771] sdhci-pci 0000:15:00.2: Will use DMA mode even though HW doesn't fully claim to support it.
[    2.352185] usb 5-1: new full-speed USB device number 2 using uhci_hcd
[    2.545645] usb 5-1: New USB device found, idVendor=0a5c, idProduct=2110, bcdDevice= 1.00
[    2.551316] usb 5-1: New USB device strings: Mfr=1, Product=2, SerialNumber=0
[    2.556915] usb 5-1: Product: BCM2045B
[    2.562413] usb 5-1: Manufacturer: Broadcom Corp
[    2.641064] psmouse serio1: trackpoint: IBM TrackPoint firmware: 0x0e, buttons: 3/3
[    2.665034] input: TPPS/2 IBM TrackPoint as /devices/platform/i8042/serio1/input/input7
[    2.676712] md: Waiting for all devices to be available before autodetect
[    2.680950] md: If you don't use raid, use raid=noautodetect
[    2.686294] md: Autodetecting RAID arrays.
[    2.690580] md: autorun ...
[    2.694785] md: ... autorun DONE.
[    2.721335] EXT4-fs (sda4): mounted filesystem with ordered data mode. Opts: (null)
[    2.727235] VFS: Mounted root (ext4 filesystem) readonly on device 8:4.
[    2.731216] devtmpfs: mounted
[    2.735310] Freeing unused kernel image (initmem) memory: 672K
[    2.738759] Write protecting kernel text and read-only data: 18756k
[    2.742092] NX-protecting the kernel data: 7084k
[    2.746184] x86/mm: Checked W+X mappings: passed, no W+X pages found.
[    2.749605] rodata_test: all tests were successful
[    2.753147] x86/mm: Checking user space page tables
[    2.756589] x86/mm: Checked W+X mappings: passed, no W+X pages found.
[    2.759873] Run /sbin/init as init process
[    2.763089]   with arguments:
[    2.763092]     /sbin/init
[    2.763094]   with environment:
[    2.763097]     HOME=/
[    2.763099]     TERM=linux
[    2.763102]     BOOT_IMAGE=(hd0,2)/fast/l/linux-next-32/arch/x86/boot/bzImage
[    3.081094] random: systemd: uninitialized urandom read (16 bytes read)
[    3.087225] systemd[1]: systemd 215 running in system mode. (+PAM +AUDIT +SELINUX +IMA +SYSVINIT +LIBCRYPTSETUP +GCRYPT +ACL +XZ -SECCOMP -APPARMOR)
[    3.116417] systemd[1]: Detected architecture 'x86'.
[    3.207405] systemd[1]: Failed to insert module 'ipv6'
[    3.213921] systemd[1]: Set hostname to <amd>.
[    3.297769] random: systemd-sysv-ge: uninitialized urandom read (16 bytes read)
[    3.400196] usb 5-2: new full-speed USB device number 3 using uhci_hcd
[    3.614626] usb 5-2: New USB device found, idVendor=0483, idProduct=2016, bcdDevice= 0.01
[    3.620755] usb 5-2: New USB device strings: Mfr=1, Product=2, SerialNumber=0
[    3.624516] usb 5-2: Product: Biometric Coprocessor
[    3.625983] random: systemd: uninitialized urandom read (16 bytes read)
[    3.627561] usb 5-2: Manufacturer: STMicroelectronics
[    3.884258] systemd[1]: [/lib/systemd/system/anacron.timer:6] Unknown lvalue 'RandomizedDelaySec' in section 'Timer'
[    3.977125] systemd[1]: Binding to IPv6 address not available since kernel does not support IPv6.
[    3.983053] systemd[1]: [/lib/systemd/system/gpsd.socket:6] Failed to parse address value, ignoring: [::1]:2947
[    4.264259] systemd[1]: Starting User and Group Name Lookups.
[    4.277477] systemd[1]: Reached target User and Group Name Lookups.
[    4.280816] systemd[1]: Starting Forward Password Requests to Wall Directory Watch.
[    4.742861] systemd-udevd[2023]: starting version 215
[    5.394084] EXT4-fs (sda4): re-mounted. Opts: errors=remount-ro
[    5.942668] random: crng init done
[    5.945182] random: 7 urandom warning(s) missed due to ratelimiting
[    6.135918] e1000e 0000:02:00.0 eth1: renamed from eth0
[    6.152519] systemd-udevd[2518]: renamed network interface eth0 to eth1
[    7.204313] Adding 2097148k swap on /dev/sda1.  Priority:-2 extents:1 across:2097148k 
[    7.357468] EXT4-fs (sda2): mounted filesystem with ordered data mode. Opts: errors=remount-ro
[    8.314358] systemd-journald[1882]: Received request to flush runtime journal from PID 1
[   16.764214] iwl3945 0000:03:00.0: loaded firmware version 15.32.2.9
[   31.000505] traps: mateweather-app[3610] trap int3 ip:b724cfc0 sp:bfce33b0 error:0 in libglib-2.0.so.0.5000.3[b7200000+12a000]
[   31.003501] traps: clock-applet[3609] trap int3 ip:b7284fc0 sp:bffc54d0 error:0 in libglib-2.0.so.0.5000.3[b7238000+12a000]
[   33.153062] wlan0: authenticate with 5c:f4:ab:10:d2:bb
[   33.153372] wlan0: send auth to 5c:f4:ab:10:d2:bb (try 1/3)
[   33.155522] wlan0: authenticated
[   33.164314] wlan0: associate with 5c:f4:ab:10:d2:bb (try 1/3)
[   33.167083] wlan0: RX AssocResp from 5c:f4:ab:10:d2:bb (capab=0x411 status=0 aid=1)
[   33.171055] wlan0: associated
