[    0.000000] Linux version 5.0.0-rc1+ (pavel@duo) (gcc version 4.9.2 (Debian 4.9.2-10+deb8u1)) #10 SMP Mon Jan 7 12:08:05 CET 2019
[    0.000000] Command line: BOOT_IMAGE=(hd1,2)/l/k/o/64/arch/x86/boot/bzImage root=/dev/sdb4 resume=/dev/sda1
[    0.000000] Disabled fast string operations
[    0.000000] x86/fpu: Supporting XSAVE feature 0x001: 'x87 floating point registers'
[    0.000000] x86/fpu: Supporting XSAVE feature 0x002: 'SSE registers'
[    0.000000] x86/fpu: Supporting XSAVE feature 0x004: 'AVX registers'
[    0.000000] x86/fpu: xstate_offset[2]:  576, xstate_sizes[2]:  256
[    0.000000] x86/fpu: Enabled xstate features 0x7, context size is 832 bytes, using 'standard' format.
[    0.000000] BIOS-provided physical RAM map:
[    0.000000] BIOS-e820: [mem 0x0000000000000000-0x000000000009d7ff] usable
[    0.000000] BIOS-e820: [mem 0x000000000009d800-0x000000000009ffff] reserved
[    0.000000] BIOS-e820: [mem 0x00000000000e0000-0x00000000000fffff] reserved
[    0.000000] BIOS-e820: [mem 0x0000000000100000-0x000000001fffffff] usable
[    0.000000] BIOS-e820: [mem 0x0000000020000000-0x00000000201fffff] reserved
[    0.000000] BIOS-e820: [mem 0x0000000020200000-0x000000003fffffff] usable
[    0.000000] BIOS-e820: [mem 0x0000000040000000-0x00000000401fffff] reserved
[    0.000000] BIOS-e820: [mem 0x0000000040200000-0x00000000da99efff] usable
[    0.000000] BIOS-e820: [mem 0x00000000da99f000-0x00000000dae9efff] reserved
[    0.000000] BIOS-e820: [mem 0x00000000dae9f000-0x00000000daf9efff] ACPI NVS
[    0.000000] BIOS-e820: [mem 0x00000000daf9f000-0x00000000daffefff] ACPI data
[    0.000000] BIOS-e820: [mem 0x00000000dafff000-0x00000000daffffff] usable
[    0.000000] BIOS-e820: [mem 0x00000000db000000-0x00000000df9fffff] reserved
[    0.000000] BIOS-e820: [mem 0x00000000f8000000-0x00000000fbffffff] reserved
[    0.000000] BIOS-e820: [mem 0x00000000fec00000-0x00000000fec00fff] reserved
[    0.000000] BIOS-e820: [mem 0x00000000fed08000-0x00000000fed08fff] reserved
[    0.000000] BIOS-e820: [mem 0x00000000fed10000-0x00000000fed19fff] reserved
[    0.000000] BIOS-e820: [mem 0x00000000fed1c000-0x00000000fed1ffff] reserved
[    0.000000] BIOS-e820: [mem 0x00000000fee00000-0x00000000fee00fff] reserved
[    0.000000] BIOS-e820: [mem 0x00000000ffd20000-0x00000000ffffffff] reserved
[    0.000000] BIOS-e820: [mem 0x0000000100000000-0x000000019e5fffff] usable
[    0.000000] BIOS-e820: [mem 0x000000019e600000-0x000000019e7fffff] reserved
[    0.000000] NX (Execute Disable) protection: active
[    0.000000] SMBIOS 2.6 present.
[    0.000000] DMI: LENOVO 42872WU/42872WU, BIOS 8DET74WW (1.44 ) 03/13/2018
[    0.000000] tsc: Fast TSC calibration using PIT
[    0.000000] tsc: Detected 2491.990 MHz processor
[    0.004957] e820: update [mem 0x00000000-0x00000fff] usable ==> reserved
[    0.004965] e820: remove [mem 0x000a0000-0x000fffff] usable
[    0.004990] last_pfn = 0x19e600 max_arch_pfn = 0x400000000
[    0.005004] MTRR default type: uncachable
[    0.005008] MTRR fixed ranges enabled:
[    0.005014]   00000-9FFFF write-back
[    0.005018]   A0000-BFFFF uncachable
[    0.005022]   C0000-FFFFF write-protect
[    0.005026] MTRR variable ranges enabled:
[    0.005032]   0 base 0FFC00000 mask FFFC00000 write-protect
[    0.005037]   1 base 000000000 mask F80000000 write-back
[    0.005041]   2 base 080000000 mask FC0000000 write-back
[    0.005046]   3 base 0C0000000 mask FE0000000 write-back
[    0.005050]   4 base 0DC000000 mask FFC000000 uncachable
[    0.005054]   5 base 0DB000000 mask FFF000000 uncachable
[    0.005058]   6 base 100000000 mask F80000000 write-back
[    0.005062]   7 base 180000000 mask FE0000000 write-back
[    0.005066]   8 base 19F000000 mask FFF000000 uncachable
[    0.005070]   9 base 19E800000 mask FFF800000 uncachable
[    0.007099] x86/PAT: Configuration [0-7]: WB  WC  UC- UC  WB  WP  UC- WT  
[    0.009554] last_pfn = 0xdb000 max_arch_pfn = 0x400000000
[    0.009612] Base memory trampoline at [(____ptrval____)] 97000 size 24576
[    0.009618] reserving inaccessible SNB gfx pages
[    0.009633] BRK [0x06601000, 0x06601fff] PGTABLE
[    0.009640] BRK [0x06602000, 0x06602fff] PGTABLE
[    0.009645] BRK [0x06603000, 0x06603fff] PGTABLE
[    0.009836] BRK [0x06604000, 0x06604fff] PGTABLE
[    0.010304] BRK [0x06605000, 0x06605fff] PGTABLE
[    0.011116] BRK [0x06606000, 0x06606fff] PGTABLE
[    0.012601] ACPI: Early table checksum verification disabled
[    0.012742] ACPI: RSDP 0x00000000000F00E0 000024 (v02 LENOVO)
[    0.012756] ACPI: XSDT 0x00000000DAFFE120 0000AC (v01 LENOVO TP-8D    00001440 PTEC 00000002)
[    0.012775] ACPI: FACP 0x00000000DAFE7000 0000F4 (v04 LENOVO TP-8D    00001440 PTL  00000002)
[    0.012794] ACPI: DSDT 0x00000000DAFEA000 00FA89 (v01 LENOVO TP-8D    00001440 INTL 20061109)
[    0.012808] ACPI: FACS 0x00000000DAF2D000 000040
[    0.012819] ACPI: FACS 0x00000000DAF2D000 000040
[    0.012830] ACPI: SLIC 0x00000000DAFFD000 000176 (v01 LENOVO TP-8D    00001440 PTEC 00000001)
[    0.012842] ACPI: SSDT 0x00000000DAFFC000 000249 (v01 LENOVO TP-SSDT2 00000200 INTL 20061109)
[    0.012855] ACPI: SSDT 0x00000000DAFFB000 000033 (v01 LENOVO TP-SSDT1 00000100 INTL 20061109)
[    0.012867] ACPI: SSDT 0x00000000DAFFA000 0007D1 (v01 LENOVO SataAhci 00001000 INTL 20061109)
[    0.012879] ACPI: HPET 0x00000000DAFE6000 000038 (v01 LENOVO TP-8D    00001440 PTL  00000002)
[    0.012891] ACPI: APIC 0x00000000DAFE5000 000098 (v01 LENOVO TP-8D    00001440 PTL  00000002)
[    0.012903] ACPI: MCFG 0x00000000DAFE4000 00003C (v01 LENOVO TP-8D    00001440 PTL  00000002)
[    0.012915] ACPI: ECDT 0x00000000DAFE3000 000052 (v01 LENOVO TP-8D    00001440 PTL  00000002)
[    0.012927] ACPI: ASF! 0x00000000DAFE9000 0000A5 (v32 LENOVO TP-8D    00001440 PTL  00000002)
[    0.012940] ACPI: TCPA 0x00000000DAFE2000 000032 (v02 PTL    LENOVO   06040000 LNVO 00000001)
[    0.012953] ACPI: SSDT 0x00000000DAFE1000 000A27 (v01 PmRef  Cpu0Ist  00003000 INTL 20061109)
[    0.012965] ACPI: SSDT 0x00000000DAFE0000 000996 (v01 PmRef  CpuPm    00003000 INTL 20061109)
[    0.012978] ACPI: DMAR 0x00000000DAFDF000 0000E8 (v01 INTEL  SNB      00000001 INTL 00000001)
[    0.012990] ACPI: UEFI 0x00000000DAFDE000 00003E (v01 LENOVO TP-8D    00001440 PTL  00000002)
[    0.013002] ACPI: UEFI 0x00000000DAFDD000 000042 (v01 PTL    COMBUF   00000001 PTL  00000001)
[    0.013015] ACPI: UEFI 0x00000000DAFDC000 000292 (v01 LENOVO TP-8D    00001440 PTL  00000002)
[    0.013038] ACPI: Local APIC address 0xfee00000
[    0.013174] Zone ranges:
[    0.013180]   DMA      [mem 0x0000000000001000-0x0000000000ffffff]
[    0.013187]   DMA32    [mem 0x0000000001000000-0x00000000ffffffff]
[    0.013194]   Normal   [mem 0x0000000100000000-0x000000019e5fffff]
[    0.013201] Movable zone start for each node
[    0.013206] Early memory node ranges
[    0.013212]   node   0: [mem 0x0000000000001000-0x000000000009cfff]
[    0.013218]   node   0: [mem 0x0000000000100000-0x000000001fffffff]
[    0.013224]   node   0: [mem 0x0000000020200000-0x000000003fffffff]
[    0.013229]   node   0: [mem 0x0000000040200000-0x00000000da99efff]
[    0.013235]   node   0: [mem 0x00000000dafff000-0x00000000daffffff]
[    0.013240]   node   0: [mem 0x0000000100000000-0x000000019e5fffff]
[    0.014531] Zeroed struct page in unavailable ranges: 23236 pages
[    0.014535] Initmem setup node 0 [mem 0x0000000000001000-0x000000019e5fffff]
[    0.014545] On node 0 totalpages: 1542972
[    0.014550]   DMA zone: 56 pages used for memmap
[    0.014554]   DMA zone: 156 pages reserved
[    0.014558]   DMA zone: 3996 pages, LIFO batch:0
[    0.016182]   DMA32 zone: 12172 pages used for memmap
[    0.016190]   DMA32 zone: 890272 pages, LIFO batch:63
[    0.070880]   Normal zone: 8869 pages used for memmap
[    0.070887]   Normal zone: 648704 pages, LIFO batch:63
[    0.109130] Reserving Intel graphics memory at [mem 0xdba00000-0xdf9fffff]
[    0.109415] ACPI: PM-Timer IO Port: 0x408
[    0.109424] ACPI: Local APIC address 0xfee00000
[    0.109444] ACPI: LAPIC_NMI (acpi_id[0x00] high edge lint[0x1])
[    0.109449] ACPI: LAPIC_NMI (acpi_id[0x01] high edge lint[0x1])
[    0.109484] IOAPIC[0]: apic_id 2, version 32, address 0xfec00000, GSI 0-23
[    0.109494] ACPI: INT_SRC_OVR (bus 0 bus_irq 0 global_irq 2 dfl dfl)
[    0.109503] ACPI: INT_SRC_OVR (bus 0 bus_irq 9 global_irq 9 high level)
[    0.109511] ACPI: IRQ0 used by override.
[    0.109517] ACPI: IRQ9 used by override.
[    0.109528] Using ACPI (MADT) for SMP configuration information
[    0.109535] ACPI: HPET id: 0x8086a301 base: 0xfed00000
[    0.109549] smpboot: Allowing 8 CPUs, 4 hotplug CPUs
[    0.109628] PM: Registered nosave memory: [mem 0x00000000-0x00000fff]
[    0.109636] PM: Registered nosave memory: [mem 0x0009d000-0x0009dfff]
[    0.109642] PM: Registered nosave memory: [mem 0x0009e000-0x0009ffff]
[    0.109647] PM: Registered nosave memory: [mem 0x000a0000-0x000dffff]
[    0.109652] PM: Registered nosave memory: [mem 0x000e0000-0x000fffff]
[    0.109661] PM: Registered nosave memory: [mem 0x20000000-0x201fffff]
[    0.109669] PM: Registered nosave memory: [mem 0x40000000-0x401fffff]
[    0.109677] PM: Registered nosave memory: [mem 0xda99f000-0xdae9efff]
[    0.109682] PM: Registered nosave memory: [mem 0xdae9f000-0xdaf9efff]
[    0.109688] PM: Registered nosave memory: [mem 0xdaf9f000-0xdaffefff]
[    0.109696] PM: Registered nosave memory: [mem 0xdb000000-0xdf9fffff]
[    0.109701] PM: Registered nosave memory: [mem 0xdfa00000-0xf7ffffff]
[    0.109706] PM: Registered nosave memory: [mem 0xf8000000-0xfbffffff]
[    0.109711] PM: Registered nosave memory: [mem 0xfc000000-0xfebfffff]
[    0.109717] PM: Registered nosave memory: [mem 0xfec00000-0xfec00fff]
[    0.109722] PM: Registered nosave memory: [mem 0xfec01000-0xfed07fff]
[    0.109727] PM: Registered nosave memory: [mem 0xfed08000-0xfed08fff]
[    0.109732] PM: Registered nosave memory: [mem 0xfed09000-0xfed0ffff]
[    0.109738] PM: Registered nosave memory: [mem 0xfed10000-0xfed19fff]
[    0.109743] PM: Registered nosave memory: [mem 0xfed1a000-0xfed1bfff]
[    0.109748] PM: Registered nosave memory: [mem 0xfed1c000-0xfed1ffff]
[    0.109753] PM: Registered nosave memory: [mem 0xfed20000-0xfedfffff]
[    0.109759] PM: Registered nosave memory: [mem 0xfee00000-0xfee00fff]
[    0.109764] PM: Registered nosave memory: [mem 0xfee01000-0xffd1ffff]
[    0.109769] PM: Registered nosave memory: [mem 0xffd20000-0xffffffff]
[    0.109781] [mem 0xdfa00000-0xf7ffffff] available for PCI devices
[    0.109790] clocksource: refined-jiffies: mask: 0xffffffff max_cycles: 0xffffffff, max_idle_ns: 7645519600211568 ns
[    0.109826] random: get_random_bytes called from start_kernel+0x97/0x3d5 with crng_init=0
[    0.109847] setup_percpu: NR_CPUS:8 nr_cpumask_bits:8 nr_cpu_ids:8 nr_node_ids:1
[    0.115339] percpu: Embedded 59 pages/cpu @(____ptrval____) s202888 r8192 d30584 u262144
[    0.115364] pcpu-alloc: s202888 r8192 d30584 u262144 alloc=1*2097152
[    0.115369] pcpu-alloc: [0] 0 1 2 3 4 5 6 7 
[    0.115444] Built 1 zonelists, mobility grouping on.  Total pages: 1521719
[    0.115459] Kernel command line: BOOT_IMAGE=(hd1,2)/l/k/o/64/arch/x86/boot/bzImage root=/dev/sdb4 resume=/dev/sda1
[    0.127584] Dentry cache hash table entries: 1048576 (order: 11, 8388608 bytes)
[    0.133574] Inode-cache hash table entries: 524288 (order: 10, 4194304 bytes)
[    0.584111] Memory: 5964016K/6171888K available (16387K kernel code, 1125K rwdata, 5320K rodata, 1068K init, 11960K bss, 207872K reserved, 0K cma-reserved)
[    0.584761] Kernel/User page tables isolation: enabled
[    0.584940] rcu: Hierarchical RCU implementation.
[    0.584943] rcu: RCU calculated value of scheduler-enlistment delay is 25 jiffies.
[    0.584973] NR_IRQS: 4352, nr_irqs: 104, preallocated irqs: 16
[    0.590005] Console: colour VGA+ 80x25
[    0.612273] printk: console [tty0] enabled
[    0.612430] Lock dependency validator: Copyright (c) 2006 Red Hat, Inc., Ingo Molnar
[    0.612616] ... MAX_LOCKDEP_SUBCLASSES:  8
[    0.612774] ... MAX_LOCK_DEPTH:          48
[    0.612932] ... MAX_LOCKDEP_KEYS:        8191
[    0.613091] ... CLASSHASH_SIZE:          4096
[    0.613250] ... MAX_LOCKDEP_ENTRIES:     32768
[    0.613410] ... MAX_LOCKDEP_CHAINS:      65536
[    0.613570] ... CHAINHASH_SIZE:          32768
[    0.613730]  memory used by lock dependency info: 7231 kB
[    0.613897]  per task-struct memory footprint: 1920 bytes
[    0.614083] ACPI: Core revision 20181213
[    0.615035] ACPI: EC: EC started
[    0.615191] ACPI: EC: interrupt blocked
[    0.615404] ACPI: \: Used as first EC
[    0.615563] ACPI: \: GPE=0x11, EC_CMD/EC_SC=0x66, EC_DATA=0x62
[    0.615737] ACPI: \: Used as boot ECDT EC to handle transactions
[    0.616023] clocksource: hpet: mask: 0xffffffff max_cycles: 0xffffffff, max_idle_ns: 133484882848 ns
[    0.616268] hpet clockevent registered
[    0.616286] APIC: Switch to symmetric I/O mode setup
[    0.617335] ..TIMER: vector=0x30 apic1=0 pin1=2 apic2=-1 pin2=-1
[    0.636281] clocksource: tsc-early: mask: 0xffffffffffffffff max_cycles: 0x23ebab0f1b1, max_idle_ns: 440795237914 ns
[    0.636451] Calibrating delay loop (skipped), value calculated using timer frequency.. 4983.98 BogoMIPS (lpj=9967960)
[    0.636616] pid_max: default: 32768 minimum: 301
[    0.637153] Mount-cache hash table entries: 16384 (order: 5, 131072 bytes)
[    0.637300] Mountpoint-cache hash table entries: 16384 (order: 5, 131072 bytes)
[    0.638532] Disabled fast string operations
[    0.638642] ENERGY_PERF_BIAS: Set to 'normal', was 'performance'
[    0.638746] ENERGY_PERF_BIAS: View and update with x86_energy_perf_policy(8)
[    0.638866] process: using mwait in idle threads
[    0.638965] Last level iTLB entries: 4KB 512, 2MB 8, 4MB 8
[    0.639066] Last level dTLB entries: 4KB 512, 2MB 32, 4MB 32, 1GB 0
[    0.639175] Spectre V2 : Mitigation: Full generic retpoline
[    0.639276] Spectre V2 : Spectre v2 / SpectreRSB mitigation: Filling RSB on context switch
[    0.639397] Spectre V2 : Enabling Restricted Speculation for firmware calls
[    0.639510] Spectre V2 : mitigation: Enabling conditional Indirect Branch Prediction Barrier
[    0.639634] Spectre V2 : User space: Mitigation: STIBP via prctl
[    0.639745] Speculative Store Bypass: Vulnerable
[    0.640472] Freeing SMP alternatives memory: 44K
[    0.641969] TSC deadline timer enabled
[    0.641979] smpboot: CPU0: Intel(R) Core(TM) i5-2520M CPU @ 2.50GHz (family: 0x6, model: 0x2a, stepping: 0x7)
[    0.643621] Performance Events: PEBS fmt1+, SandyBridge events, 16-deep LBR, full-width counters, Intel PMU driver.
[    0.643861] ... version:                3
[    0.643952] ... bit width:              48
[    0.644044] ... generic registers:      4
[    0.644136] ... value mask:             0000ffffffffffff
[    0.644236] ... max period:             00007fffffffffff
[    0.644337] ... fixed-purpose events:   3
[    0.644427] ... event mask:             000000070000000f
[    0.644449] rcu: Hierarchical SRCU implementation.
[    0.648579] NMI watchdog: Enabled. Permanently consumes one hw-PMU counter.
[    0.649514] smp: Bringing up secondary CPUs ...
[    0.651345] x86: Booting SMP configuration:
[    0.651450] .... node  #0, CPUs:      #1
[    0.035248] Disabled fast string operations
[    0.654303]  #2
[    0.035248] Disabled fast string operations
[    0.658301]  #3
[    0.035248] Disabled fast string operations
[    0.660565] smp: Brought up 1 node, 4 CPUs
[    0.661049] smpboot: Max logical packages: 2
[    0.661146] smpboot: Total of 4 processors activated (19935.92 BogoMIPS)
[    0.665275] devtmpfs: initialized
[    0.665802] PM: Registering ACPI NVS region [mem 0xdae9f000-0xdaf9efff] (1048576 bytes)
[    0.666482] clocksource: jiffies: mask: 0xffffffff max_cycles: 0xffffffff, max_idle_ns: 7645041785100000 ns
[    0.666574] futex hash table entries: 2048 (order: 6, 262144 bytes)
[    0.669658] NET: Registered protocol family 16
[    0.670995] cpuidle: using governor ladder
[    0.671085] cpuidle: using governor menu
[    0.671085] ACPI FADT declares the system doesn't support PCIe ASPM, so disable it
[    0.671085] ACPI: bus type PCI registered
[    0.671085] PCI: MMCONFIG for domain 0000 [bus 00-3f] at [mem 0xf8000000-0xfbffffff] (base 0xf8000000)
[    0.671107] PCI: MMCONFIG at [mem 0xf8000000-0xfbffffff] reserved in E820
[    0.671107] PCI: Using configuration type 1 for base access
[    0.671107] core: PMU erratum BJ122, BV98, HSD29 worked around, HT is on
[    0.695121] ACPI: Added _OSI(Module Device)
[    0.695121] ACPI: Added _OSI(Processor Device)
[    0.695121] ACPI: Added _OSI(3.0 _SCP Extensions)
[    0.695121] ACPI: Added _OSI(Processor Aggregator Device)
[    0.695121] ACPI: Added _OSI(Linux-Dell-Video)
[    0.695121] ACPI: Added _OSI(Linux-Lenovo-NV-HDMI-Audio)
[    0.695121] ACPI: Added _OSI(Linux-HPI-Hybrid-Graphics)
[    0.732451] ACPI: 6 ACPI AML tables successfully acquired and loaded
[    0.736451] ACPI: [Firmware Bug]: BIOS _OSI(Linux) query ignored
[    0.751211] ACPI: Dynamic OEM Table Load:
[    0.751349] ACPI: SSDT 0xFFFF88819709B000 0008C0 (v01 PmRef  Cpu0Cst  00003001 INTL 20061109)
[    0.753468] ACPI: Dynamic OEM Table Load:
[    0.753468] ACPI: SSDT 0xFFFF8881970A9C00 000303 (v01 PmRef  ApIst    00003000 INTL 20061109)
[    0.754109] ACPI: Dynamic OEM Table Load:
[    0.754109] ACPI: SSDT 0xFFFF888196ED9A00 000119 (v01 PmRef  ApCst    00003000 INTL 20061109)
[    0.758675] ACPI: Interpreter enabled
[    0.758788] ACPI: (supports S0 S3 S4 S5)
[    0.758850] ACPI: Using IOAPIC for interrupt routing
[    0.758981] PCI: Using host bridge windows from ACPI; if necessary, use "pci=nocrs" and report a bug
[    0.759777] ACPI: Enabled 6 GPEs in block 00 to 3F
[    0.778594] ACPI: Power Resource [PUBS] (on)
[    0.779957] acpi PNP0C0A:01: ACPI dock station (docks/bays count: 1)
[    0.789145] acpi LNXIOBAY:00: ACPI dock station (docks/bays count: 2)
[    0.801514] acpi IBM0079:00: ACPI dock station (docks/bays count: 3)
[    0.806344] ACPI: PCI Interrupt Link [LNKA] (IRQs 3 4 5 6 7 9 10 *11)
[    0.807523] ACPI: PCI Interrupt Link [LNKB] (IRQs 3 4 5 6 7 9 10 *11)
[    0.808712] ACPI: PCI Interrupt Link [LNKC] (IRQs 3 4 5 6 7 9 10 *11)
[    0.809885] ACPI: PCI Interrupt Link [LNKD] (IRQs 3 4 5 6 7 9 *10 11)
[    0.811050] ACPI: PCI Interrupt Link [LNKE] (IRQs 3 4 5 6 *7 9 10 11)
[    0.811924] ACPI: PCI Interrupt Link [LNKF] (IRQs 3 4 5 6 7 9 10 11) *0, disabled.
[    0.813144] ACPI: PCI Interrupt Link [LNKG] (IRQs 3 4 5 6 *7 9 10 11)
[    0.814311] ACPI: PCI Interrupt Link [LNKH] (IRQs 3 4 5 6 7 9 *10 11)
[    0.815011] ACPI: PCI Root Bridge [PCI0] (domain 0000 [bus 00-fe])
[    0.815113] acpi PNP0A08:00: _OSC: OS supports [ExtendedConfig ASPM ClockPM Segments]
[    0.816501] acpi PNP0A08:00: _OSC: not requesting OS control; OS requires [ExtendedConfig ASPM ClockPM MSI]
[    0.816694] acpi PNP0A08:00: [Firmware Info]: MMCONFIG for domain 0000 [bus 00-3f] only partially covers this bridge
[    0.817272] PCI host bridge to bus 0000:00
[    0.817366] pci_bus 0000:00: root bus resource [io  0x0000-0x0cf7 window]
[    0.817472] pci_bus 0000:00: root bus resource [io  0x0d00-0xffff window]
[    0.817594] pci_bus 0000:00: root bus resource [mem 0x000a0000-0x000bffff window]
[    0.817720] pci_bus 0000:00: root bus resource [mem 0xdfa00000-0xfebfffff window]
[    0.817847] pci_bus 0000:00: root bus resource [mem 0xfed40000-0xfed4bfff window]
[    0.817975] pci_bus 0000:00: root bus resource [bus 00-fe]
[    0.818142] pci 0000:00:00.0: [8086:0104] type 00 class 0x060000
[    0.818813] pci 0000:00:02.0: [8086:0126] type 00 class 0x030000
[    0.818850] pci 0000:00:02.0: reg 0x10: [mem 0xf0000000-0xf03fffff 64bit]
[    0.818860] pci 0000:00:02.0: reg 0x18: [mem 0xe0000000-0xefffffff 64bit pref]
[    0.818866] pci 0000:00:02.0: reg 0x20: [io  0x5000-0x503f]
[    0.819544] pci 0000:00:16.0: [8086:1c3a] type 00 class 0x078000
[    0.819574] pci 0000:00:16.0: reg 0x10: [mem 0xf2525000-0xf252500f 64bit]
[    0.819766] pci 0000:00:16.0: PME# supported from D0 D3hot D3cold
[    0.820373] pci 0000:00:19.0: [8086:1502] type 00 class 0x020000
[    0.820411] pci 0000:00:19.0: reg 0x10: [mem 0xf2500000-0xf251ffff]
[    0.820421] pci 0000:00:19.0: reg 0x14: [mem 0xf252b000-0xf252bfff]
[    0.820432] pci 0000:00:19.0: reg 0x18: [io  0x5080-0x509f]
[    0.820598] pci 0000:00:19.0: PME# supported from D0 D3hot D3cold
[    0.821223] pci 0000:00:1a.0: [8086:1c2d] type 00 class 0x0c0320
[    0.821283] pci 0000:00:1a.0: reg 0x10: [mem 0xf252a000-0xf252a3ff]
[    0.821470] pci 0000:00:1a.0: PME# supported from D0 D3hot D3cold
[    0.822086] pci 0000:00:1b.0: [8086:1c20] type 00 class 0x040300
[    0.822146] pci 0000:00:1b.0: reg 0x10: [mem 0xf2520000-0xf2523fff 64bit]
[    0.822335] pci 0000:00:1b.0: PME# supported from D0 D3hot D3cold
[    0.822952] pci 0000:00:1c.0: [8086:1c10] type 01 class 0x060400
[    0.823135] pci 0000:00:1c.0: PME# supported from D0 D3hot D3cold
[    0.823763] pci 0000:00:1c.1: [8086:1c12] type 01 class 0x060400
[    0.823963] pci 0000:00:1c.1: PME# supported from D0 D3hot D3cold
[    0.824619] pci 0000:00:1c.3: [8086:1c16] type 01 class 0x060400
[    0.824815] pci 0000:00:1c.3: PME# supported from D0 D3hot D3cold
[    0.825443] pci 0000:00:1c.4: [8086:1c18] type 01 class 0x060400
[    0.825679] pci 0000:00:1c.4: PME# supported from D0 D3hot D3cold
[    0.826323] pci 0000:00:1d.0: [8086:1c26] type 00 class 0x0c0320
[    0.826376] pci 0000:00:1d.0: reg 0x10: [mem 0xf2529000-0xf25293ff]
[    0.826570] pci 0000:00:1d.0: PME# supported from D0 D3hot D3cold
[    0.827176] pci 0000:00:1f.0: [8086:1c4f] type 00 class 0x060100
[    0.827955] pci 0000:00:1f.2: [8086:1c03] type 00 class 0x010601
[    0.828011] pci 0000:00:1f.2: reg 0x10: [io  0x50a8-0x50af]
[    0.828020] pci 0000:00:1f.2: reg 0x14: [io  0x50bc-0x50bf]
[    0.828029] pci 0000:00:1f.2: reg 0x18: [io  0x50a0-0x50a7]
[    0.828038] pci 0000:00:1f.2: reg 0x1c: [io  0x50b8-0x50bb]
[    0.828048] pci 0000:00:1f.2: reg 0x20: [io  0x5060-0x507f]
[    0.828073] pci 0000:00:1f.2: reg 0x24: [mem 0xf2528000-0xf25287ff]
[    0.828224] pci 0000:00:1f.2: PME# supported from D3hot
[    0.828831] pci 0000:00:1f.3: [8086:1c22] type 00 class 0x0c0500
[    0.828895] pci 0000:00:1f.3: reg 0x10: [mem 0xf2524000-0xf25240ff 64bit]
[    0.828922] pci 0000:00:1f.3: reg 0x20: [io  0xefa0-0xefbf]
[    0.829607] pci 0000:00:1c.0: PCI bridge to [bus 02]
[    0.829983] pci 0000:03:00.0: [8086:0084] type 00 class 0x028000
[    0.830085] pci 0000:03:00.0: reg 0x10: [mem 0xf2400000-0xf2401fff 64bit]
[    0.830484] pci 0000:03:00.0: PME# supported from D0 D3hot D3cold
[    0.830938] pci 0000:00:1c.1: PCI bridge to [bus 03]
[    0.831030] pci 0000:00:1c.1:   bridge window [mem 0xf2400000-0xf24fffff]
[    0.831273] pci 0000:00:1c.3: PCI bridge to [bus 05-0c]
[    0.831401] pci 0000:00:1c.3:   bridge window [io  0x4000-0x4fff]
[    0.831405] pci 0000:00:1c.3:   bridge window [mem 0xf1c00000-0xf23fffff]
[    0.831413] pci 0000:00:1c.3:   bridge window [mem 0xf0400000-0xf0bfffff 64bit pref]
[    0.831918] pci 0000:0d:00.0: [1180:e822] type 00 class 0x088001
[    0.831949] pci 0000:0d:00.0: MMC controller base frequency changed to 50Mhz.
[    0.832251] pci 0000:0d:00.0: reg 0x10: [mem 0xf1400000-0xf14000ff]
[    0.832907] pci 0000:0d:00.0: supports D1 D2
[    0.832913] pci 0000:0d:00.0: PME# supported from D0 D1 D2 D3hot D3cold
[    0.833628] pci 0000:00:1c.4: PCI bridge to [bus 0d]
[    0.833714] pci 0000:00:1c.4:   bridge window [io  0x3000-0x3fff]
[    0.833725] pci 0000:00:1c.4:   bridge window [mem 0xf1400000-0xf1bfffff]
[    0.833743] pci 0000:00:1c.4:   bridge window [mem 0xf0c00000-0xf13fffff 64bit pref]
[    0.833813] pci_bus 0000:00: on NUMA node 0
[    0.840228] ACPI: EC: interrupt unblocked
[    0.840369] ACPI: EC: event unblocked
[    0.840466] ACPI: \_SB_.PCI0.LPC_.EC__: GPE=0x11, EC_CMD/EC_SC=0x66, EC_DATA=0x62
[    0.840597] ACPI: \_SB_.PCI0.LPC_.EC__: Used as boot DSDT EC to handle transactions and events
[    0.841114] pci 0000:00:02.0: vgaarb: setting as boot VGA device
[    0.841114] pci 0000:00:02.0: vgaarb: VGA device added: decodes=io+mem,owns=io+mem,locks=none
[    0.841114] pci 0000:00:02.0: vgaarb: bridge control possible
[    0.841114] vgaarb: loaded
[    0.841317] SCSI subsystem initialized
[    0.841317] libata version 3.00 loaded.
[    0.841317] ACPI: bus type USB registered
[    0.841317] usbcore: registered new interface driver usbfs
[    0.841317] usbcore: registered new interface driver hub
[    0.841317] usbcore: registered new device driver usb
[    0.841317] media: Linux media interface: v0.10
[    0.841317] videodev: Linux video capture interface: v2.00
[    0.841351] pps_core: LinuxPPS API ver. 1 registered
[    0.841420] pps_core: Software ver. 5.3.6 - Copyright 2005-2007 Rodolfo Giometti <giometti@linux.it>
[    0.841524] PTP clock support registered
[    0.841668] EDAC MC: Ver: 3.0.0
[    0.841668] Advanced Linux Sound Architecture Driver Initialized.
[    0.841668] PCI: Using ACPI for IRQ routing
[    0.842706] PCI: pci_cache_line_size set to 64 bytes
[    0.842968] e820: reserve RAM buffer [mem 0x0009d800-0x0009ffff]
[    0.842971] e820: reserve RAM buffer [mem 0xda99f000-0xdbffffff]
[    0.842974] e820: reserve RAM buffer [mem 0xdb000000-0xdbffffff]
[    0.842976] e820: reserve RAM buffer [mem 0x19e600000-0x19fffffff]
[    0.844498] Bluetooth: Core ver 2.22
[    0.844498] NET: Registered protocol family 31
[    0.844498] Bluetooth: HCI device and connection manager initialized
[    0.844498] Bluetooth: HCI socket layer initialized
[    0.844498] Bluetooth: L2CAP socket layer initialized
[    0.844498] Bluetooth: SCO socket layer initialized
[    0.844652] clocksource: Switched to clocksource tsc-early
[    0.845295] pnp: PnP ACPI init
[    0.849648] system 00:00: [mem 0x00000000-0x0009ffff] could not be reserved
[    0.849670] system 00:00: [mem 0x000c0000-0x000c3fff] could not be reserved
[    0.849670] system 00:00: [mem 0x000c4000-0x000c7fff] could not be reserved
[    0.849670] system 00:00: [mem 0x000c8000-0x000cbfff] has been reserved
[    0.849670] system 00:00: [mem 0x000cc000-0x000cffff] has been reserved
[    0.849670] system 00:00: [mem 0x000d0000-0x000d3fff] has been reserved
[    0.849670] system 00:00: [mem 0x000d4000-0x000d7fff] has been reserved
[    0.849670] system 00:00: [mem 0x000d8000-0x000dbfff] has been reserved
[    0.849670] system 00:00: [mem 0x000dc000-0x000dffff] has been reserved
[    0.849670] system 00:00: [mem 0x000e0000-0x000e3fff] could not be reserved
[    0.849670] system 00:00: [mem 0x000e4000-0x000e7fff] could not be reserved
[    0.849670] system 00:00: [mem 0x000e8000-0x000ebfff] could not be reserved
[    0.849670] system 00:00: [mem 0x000ec000-0x000effff] could not be reserved
[    0.849670] system 00:00: [mem 0x000f0000-0x000fffff] could not be reserved
[    0.849670] system 00:00: [mem 0x00100000-0xdf9fffff] could not be reserved
[    0.849670] system 00:00: [mem 0xfec00000-0xfed3ffff] could not be reserved
[    0.849670] system 00:00: [mem 0xfed4c000-0xffffffff] could not be reserved
[    0.849745] system 00:00: Plug and Play ACPI device, IDs PNP0c01 (active)
[    0.852604] system 00:01: [io  0x0400-0x047f] has been reserved
[    0.852682] system 00:01: [io  0x0500-0x057f] has been reserved
[    0.852758] system 00:01: [io  0x0800-0x080f] has been reserved
[    0.852831] system 00:01: [io  0x15e0-0x15ef] has been reserved
[    0.852953] system 00:01: [io  0x1600-0x167f] has been reserved
[    0.853072] system 00:01: [mem 0xf8000000-0xfbffffff] has been reserved
[    0.853195] system 00:01: [mem 0x00000000-0x00000fff] could not be reserved
[    0.853319] system 00:01: [mem 0xfed1c000-0xfed1ffff] has been reserved
[    0.853440] system 00:01: [mem 0xfed10000-0xfed13fff] has been reserved
[    0.853562] system 00:01: [mem 0xfed18000-0xfed18fff] has been reserved
[    0.853683] system 00:01: [mem 0xfed19000-0xfed19fff] has been reserved
[    0.853805] system 00:01: [mem 0xfed45000-0xfed4bfff] has been reserved
[    0.853981] system 00:01: Plug and Play ACPI device, IDs PNP0c02 (active)
[    0.854364] pnp 00:02: Plug and Play ACPI device, IDs PNP0b00 (active)
[    0.854518] pnp 00:03: Plug and Play ACPI device, IDs PNP0303 (active)
[    0.854599] pnp 00:04: Plug and Play ACPI device, IDs LEN0020 PNP0f13 (active)
[    0.854892] pnp 00:05: Plug and Play ACPI device, IDs SMO1200 PNP0c31 (active)
[    0.857195] pnp: PnP ACPI: found 6 devices
[    0.868383] clocksource: acpi_pm: mask: 0xffffff max_cycles: 0xffffff, max_idle_ns: 2085701024 ns
[    0.868605] pci 0000:00:1c.0: bridge window [io  0x1000-0x0fff] to [bus 02] add_size 1000
[    0.868616] pci 0000:00:1c.0: bridge window [mem 0x00100000-0x000fffff 64bit pref] to [bus 02] add_size 200000 add_align 100000
[    0.868626] pci 0000:00:1c.0: bridge window [mem 0x00100000-0x000fffff] to [bus 02] add_size 200000 add_align 100000
[    0.868713] pci 0000:00:1c.0: BAR 8: assigned [mem 0xdfa00000-0xdfbfffff]
[    0.868842] pci 0000:00:1c.0: BAR 9: assigned [mem 0xdfc00000-0xdfdfffff 64bit pref]
[    0.868969] pci 0000:00:1c.0: BAR 7: assigned [io  0x2000-0x2fff]
[    0.869090] pci 0000:00:1c.0: PCI bridge to [bus 02]
[    0.869194] pci 0000:00:1c.0:   bridge window [io  0x2000-0x2fff]
[    0.869311] pci 0000:00:1c.0:   bridge window [mem 0xdfa00000-0xdfbfffff]
[    0.869432] pci 0000:00:1c.0:   bridge window [mem 0xdfc00000-0xdfdfffff 64bit pref]
[    0.869565] pci 0000:00:1c.1: PCI bridge to [bus 03]
[    0.869674] pci 0000:00:1c.1:   bridge window [mem 0xf2400000-0xf24fffff]
[    0.869805] pci 0000:00:1c.3: PCI bridge to [bus 05-0c]
[    0.869910] pci 0000:00:1c.3:   bridge window [io  0x4000-0x4fff]
[    0.870026] pci 0000:00:1c.3:   bridge window [mem 0xf1c00000-0xf23fffff]
[    0.870146] pci 0000:00:1c.3:   bridge window [mem 0xf0400000-0xf0bfffff 64bit pref]
[    0.870279] pci 0000:00:1c.4: PCI bridge to [bus 0d]
[    0.870382] pci 0000:00:1c.4:   bridge window [io  0x3000-0x3fff]
[    0.870499] pci 0000:00:1c.4:   bridge window [mem 0xf1400000-0xf1bfffff]
[    0.870620] pci 0000:00:1c.4:   bridge window [mem 0xf0c00000-0xf13fffff 64bit pref]
[    0.870757] pci_bus 0000:00: resource 4 [io  0x0000-0x0cf7 window]
[    0.870763] pci_bus 0000:00: resource 5 [io  0x0d00-0xffff window]
[    0.870769] pci_bus 0000:00: resource 6 [mem 0x000a0000-0x000bffff window]
[    0.870776] pci_bus 0000:00: resource 7 [mem 0xdfa00000-0xfebfffff window]
[    0.870781] pci_bus 0000:00: resource 8 [mem 0xfed40000-0xfed4bfff window]
[    0.870788] pci_bus 0000:02: resource 0 [io  0x2000-0x2fff]
[    0.870794] pci_bus 0000:02: resource 1 [mem 0xdfa00000-0xdfbfffff]
[    0.870800] pci_bus 0000:02: resource 2 [mem 0xdfc00000-0xdfdfffff 64bit pref]
[    0.870807] pci_bus 0000:03: resource 1 [mem 0xf2400000-0xf24fffff]
[    0.870813] pci_bus 0000:05: resource 0 [io  0x4000-0x4fff]
[    0.870819] pci_bus 0000:05: resource 1 [mem 0xf1c00000-0xf23fffff]
[    0.870825] pci_bus 0000:05: resource 2 [mem 0xf0400000-0xf0bfffff 64bit pref]
[    0.870831] pci_bus 0000:0d: resource 0 [io  0x3000-0x3fff]
[    0.870837] pci_bus 0000:0d: resource 1 [mem 0xf1400000-0xf1bfffff]
[    0.870843] pci_bus 0000:0d: resource 2 [mem 0xf0c00000-0xf13fffff 64bit pref]
[    0.871634] NET: Registered protocol family 2
[    0.873307] tcp_listen_portaddr_hash hash table entries: 4096 (order: 6, 294912 bytes)
[    0.873528] TCP established hash table entries: 65536 (order: 7, 524288 bytes)
[    0.873697] TCP bind hash table entries: 65536 (order: 10, 4194304 bytes)
[    0.875813] TCP: Hash tables configured (established 65536 bind 65536)
[    0.876243] UDP hash table entries: 4096 (order: 7, 655360 bytes)
[    0.876933] UDP-Lite hash table entries: 4096 (order: 7, 655360 bytes)
[    0.877409] NET: Registered protocol family 1
[    0.879025] RPC: Registered named UNIX socket transport module.
[    0.879142] RPC: Registered udp transport module.
[    0.879242] RPC: Registered tcp transport module.
[    0.879342] RPC: Registered tcp NFSv4.1 backchannel transport module.
[    0.880021] pci 0000:00:02.0: Video device with shadowed ROM at [mem 0x000c0000-0x000dffff]
[    0.882727] PCI: CLS 64 bytes, default 64
[    0.882909] PCI-DMA: Using software bounce buffering for IO (SWIOTLB)
[    0.883024] software IO TLB: mapped [mem 0xd699f000-0xda99f000] (64MB)
[    0.886448] Initialise system trusted keyrings
[    0.886611] workingset: timestamp_bits=62 max_order=21 bucket_order=0
[    0.889362] Installing knfsd (copyright (C) 1996 okir@monad.swb.de).
[    0.891322] ntfs: driver 2.1.32 [Flags: R/W].
[    0.891776] fuse init (API version 7.28)
[    0.899027] Key type asymmetric registered
[    0.899094] Asymmetric key parser 'x509' registered
[    0.899188] Block layer SCSI generic (bsg) driver version 0.4 loaded (major 249)
[    0.899271] io scheduler mq-deadline registered
[    0.899363] io scheduler bfq registered
[    0.899981] pcieport 0000:00:1c.0: enabling device (0000 -> 0003)
[    0.903007] intel_idle: MWAIT substates: 0x21120
[    0.903010] intel_idle: v0.4.1 model 0x2A
[    0.903779] intel_idle: lapic_timer_reliable_states 0xffffffff
[    0.904392] ACPI: Deprecated procfs I/F for AC is loaded, please retry with CONFIG_ACPI_PROCFS_POWER cleared
[    0.904845] ACPI: AC Adapter [AC] (off-line)
[    0.905317] input: Lid Switch as /devices/LNXSYSTM:00/LNXSYBUS:00/PNP0C0D:00/input/input0
[    0.905681] ACPI: Lid Switch [LID]
[    0.905864] input: Sleep Button as /devices/LNXSYSTM:00/LNXSYBUS:00/PNP0C0E:00/input/input1
[    0.905977] ACPI: Sleep Button [SLPB]
[    0.906338] input: Power Button as /devices/LNXSYSTM:00/LNXPWRBN:00/input/input2
[    0.906450] ACPI: Power Button [PWRF]
[    0.909929] thermal LNXTHERM:00: registered as thermal_zone0
[    0.909997] ACPI: Thermal Zone [THM0] (57 C)
[    0.910516] Serial: 8250/16550 driver, 4 ports, IRQ sharing disabled
[    0.910526] battery: ACPI: Deprecated procfs I/F for battery is loaded, please retry with CONFIG_ACPI_PROCFS_POWER cleared
[    0.910716] battery: ACPI: Battery Slot [BAT0] (battery absent)
[    0.911751] lp: driver loaded but no devices found
[    0.911892] Non-volatile memory driver v1.3
[    0.912123] Linux agpgart interface v0.103
[    0.912464] [drm] radeon kernel modesetting enabled.
[    0.913429] [drm] Replacing VGA console driver
[    0.913960] Console: switching to colour dummy device 80x25
[    0.924477] [drm] Supports vblank timestamp caching Rev 2 (21.10.2013).
[    0.924492] [drm] Driver supports precise vblank timestamp query.
[    0.925362] i915 0000:00:02.0: vgaarb: changed VGA decodes: olddecodes=io+mem,decodes=io+mem:owns=io+mem
[    1.010164] [drm] Initialized i915 1.6.0 20181204 for 0000:00:02.0 on minor 0
[    1.014915] ACPI: Video Device [VID] (multi-head: yes  rom: no  post: no)
[    1.016692] input: Video Bus as /devices/LNXSYSTM:00/LNXSYBUS:00/PNP0A08:00/LNXVIDEO:00/input/input3
[    1.017114] usbcore: registered new interface driver udl
[    1.031630] loop: module loaded
[    1.046561] ahci 0000:00:1f.2: version 3.0
[    1.047167] ahci 0000:00:1f.2: SSS flag set, parallel bus scan disabled
[    1.060571] ahci 0000:00:1f.2: AHCI 0001.0300 32 slots 6 ports 6 Gbps 0x17 impl SATA mode
[    1.060632] ahci 0000:00:1f.2: flags: 64bit ncq sntf ilck stag pm led clo pio slum part ems sxs apst 
[    1.098755] scsi host0: ahci
[    1.099106] scsi host1: ahci
[    1.099396] scsi host2: ahci
[    1.099710] scsi host3: ahci
[    1.099981] scsi host4: ahci
[    1.100260] scsi host5: ahci
[    1.100423] ata1: SATA max UDMA/133 abar m2048@0xf2528000 port 0xf2528100 irq 19
[    1.100441] ata2: SATA max UDMA/133 abar m2048@0xf2528000 port 0xf2528180 irq 19
[    1.100469] ata3: SATA max UDMA/133 abar m2048@0xf2528000 port 0xf2528200 irq 19
[    1.100484] ata4: DUMMY
[    1.100491] ata5: SATA max UDMA/133 abar m2048@0xf2528000 port 0xf2528300 irq 19
[    1.100506] ata6: DUMMY
[    1.101376] tun: Universal TUN/TAP device driver, 1.6
[    1.101760] e1000e: Intel(R) PRO/1000 Network Driver - 3.2.6-k
[    1.101777] e1000e: Copyright(c) 1999 - 2015 Intel Corporation.
[    1.102160] e1000e 0000:00:19.0: Interrupt Throttling Rate (ints/sec) set to dynamic conservative mode
[    1.199675] e1000e 0000:00:19.0 0000:00:19.0 (uninitialized): registered PHC clock
[    1.293209] e1000e 0000:00:19.0 eth0: (PCI Express:2.5GT/s:Width x1) f0:de:f1:e3:99:75
[    1.293236] e1000e 0000:00:19.0 eth0: Intel(R) PRO/1000 Network Connection
[    1.293300] e1000e 0000:00:19.0 eth0: MAC: 10, PHY: 11, PBA No: 1000FF-0FF
[    1.293473] PPP generic driver version 2.4.2
[    1.293683] PPP BSD Compression module registered
[    1.293694] PPP Deflate Compression module registered
[    1.293704] SLIP: version 0.8.4-NET3.019-NEWTTY (dynamic channels, max=256).
[    1.293716] CSLIP: code copyright 1989 Regents of the University of California.
[    1.293777] iwl3945: Intel(R) PRO/Wireless 3945ABG/BG Network Connection driver for Linux, in-tree:ds
[    1.293795] iwl3945: Copyright(c) 2003-2011 Intel Corporation
[    1.293805] iwl3945: hw_scan is disabled
[    1.293843] Intel(R) Wireless WiFi driver for Linux
[    1.293856] Copyright(c) 2003- 2015 Intel Corporation
[    1.294256] iwlwifi 0000:03:00.0: pci_enable_msi failed - -38
[    1.294558] usbcore: registered new interface driver ax88179_178a
[    1.294611] usbcore: registered new interface driver cdc_ether
[    1.294656] usbcore: registered new interface driver cdc_eem
[    1.294707] usbcore: registered new interface driver net1080
[    1.294749] usbcore: registered new interface driver cdc_subset
[    1.294797] usbcore: registered new interface driver zaurus
[    1.294859] usbcore: registered new interface driver cdc_ncm
[    1.294906] usbcore: registered new interface driver cdc_mbim
[    1.295214] ehci_hcd: USB 2.0 'Enhanced' Host Controller (EHCI) Driver
[    1.295246] ehci-pci: EHCI PCI platform driver
[    1.295302] iwlwifi 0000:03:00.0: loaded firmware version 39.31.5.1 build 35138 op_mode iwldvm
[    1.295471] iwlwifi 0000:03:00.0: CONFIG_IWLWIFI_DEBUG disabled
[    1.295495] iwlwifi 0000:03:00.0: CONFIG_IWLWIFI_DEBUGFS disabled
[    1.295519] iwlwifi 0000:03:00.0: CONFIG_IWLWIFI_DEVICE_TRACING disabled
[    1.295545] iwlwifi 0000:03:00.0: Detected Intel(R) Centrino(R) Wireless-N 1000 BGN, REV=0x6C
[    1.295700] ehci-pci 0000:00:1a.0: EHCI Host Controller
[    1.295858] ehci-pci 0000:00:1a.0: new USB bus registered, assigned bus number 1
[    1.295900] ehci-pci 0000:00:1a.0: debug port 2
[    1.299860] ehci-pci 0000:00:1a.0: cache line size of 64 is not supported
[    1.299870] ehci-pci 0000:00:1a.0: irq 16, io mem 0xf252a000
[    1.301774] fbcon: inteldrmfb (fb0) is primary device
[    1.311745] iwlwifi 0000:03:00.0: reporting RF_KILL (radio disabled)
[    1.311807] iwlwifi 0000:03:00.0: RF_KILL bit toggled to disable radio.
[    1.316492] ehci-pci 0000:00:1a.0: USB 2.0 started, EHCI 1.00
[    1.316994] usb usb1: New USB device found, idVendor=1d6b, idProduct=0002, bcdDevice= 5.00
[    1.316997] usb usb1: New USB device strings: Mfr=3, Product=2, SerialNumber=1
[    1.316999] usb usb1: Product: EHCI Host Controller
[    1.317001] usb usb1: Manufacturer: Linux 5.0.0-rc1+ ehci_hcd
[    1.317002] usb usb1: SerialNumber: 0000:00:1a.0
[    1.317402] hub 1-0:1.0: USB hub found
[    1.317436] hub 1-0:1.0: 3 ports detected
[    1.318793] ehci-pci 0000:00:1d.0: EHCI Host Controller
[    1.319070] ehci-pci 0000:00:1d.0: new USB bus registered, assigned bus number 2
[    1.319116] ehci-pci 0000:00:1d.0: debug port 2
[    1.323089] ehci-pci 0000:00:1d.0: cache line size of 64 is not supported
[    1.323145] ehci-pci 0000:00:1d.0: irq 23, io mem 0xf2529000
[    1.336605] ehci-pci 0000:00:1d.0: USB 2.0 started, EHCI 1.00
[    1.337607] usb usb2: New USB device found, idVendor=1d6b, idProduct=0002, bcdDevice= 5.00
[    1.337615] usb usb2: New USB device strings: Mfr=3, Product=2, SerialNumber=1
[    1.337620] usb usb2: Product: EHCI Host Controller
[    1.337626] usb usb2: Manufacturer: Linux 5.0.0-rc1+ ehci_hcd
[    1.337631] usb usb2: SerialNumber: 0000:00:1d.0
[    1.338488] hub 2-0:1.0: USB hub found
[    1.338536] hub 2-0:1.0: 3 ports detected
[    1.339671] ohci_hcd: USB 1.1 'Open' Host Controller (OHCI) Driver
[    1.339683] ohci-pci: OHCI PCI platform driver
[    1.339734] uhci_hcd: USB Universal Host Controller Interface driver
[    1.339914] usbcore: registered new interface driver cdc_acm
[    1.339915] cdc_acm: USB Abstract Control Model driver for USB modems and ISDN adapters
[    1.339958] usbcore: registered new interface driver usblp
[    1.339995] usbcore: registered new interface driver cdc_wdm
[    1.340040] usbcore: registered new interface driver usb-storage
[    1.340076] usbcore: registered new interface driver ums-sddr09
[    1.340197] usbcore: registered new interface driver usbserial_generic
[    1.340245] usbserial: USB Serial support registered for generic
[    1.340276] usbcore: registered new interface driver ch341
[    1.340307] usbserial: USB Serial support registered for ch341-uart
[    1.340344] usbcore: registered new interface driver ftdi_sio
[    1.340374] usbserial: USB Serial support registered for FTDI USB Serial Device
[    1.340408] usbcore: registered new interface driver option
[    1.340438] usbserial: USB Serial support registered for GSM modem (1-port)
[    1.340497] usbcore: registered new interface driver pl2303
[    1.340518] usbserial: USB Serial support registered for pl2303
[    1.340540] usbcore: registered new interface driver ti_usb_3410_5052
[    1.340559] usbserial: USB Serial support registered for TI USB 3410 1 port adapter
[    1.340586] usbserial: USB Serial support registered for TI USB 5052 2 port adapter
[    1.340590] ftdi_elan: driver ftdi-elan
[    1.340622] usbcore: registered new interface driver ftdi-elan
[    1.340730] i8042: PNP: PS/2 Controller [PNP0303:KBD,PNP0f13:MOU] at 0x60,0x64 irq 1,12
[    1.341638] ieee80211 phy0: Selected rate control algorithm 'iwl-agn-rs'
[    1.344350] serio: i8042 KBD port at 0x60,0x64 irq 1
[    1.344370] serio: i8042 AUX port at 0x60,0x64 irq 12
[    1.344701] mousedev: PS/2 mouse device common for all mice
[    1.345301] input: PC Speaker as /devices/platform/pcspkr/input/input4
[    1.345649] rtc_cmos 00:02: RTC can wake from S4
[    1.345910] rtc_cmos 00:02: registered as rtc0
[    1.346003] rtc_cmos 00:02: alarms up to one month, y3k, 114 bytes nvram, hpet irqs
[    1.346105] usbcore: registered new interface driver uvcvideo
[    1.346106] USB Video Class driver (1.1.1)
[    1.346108] gspca_main: v2.14.0 registered
[    1.346145] usbcore: registered new interface driver sq930x
[    1.346812] device-mapper: ioctl: 4.39.0-ioctl (2018-04-03) initialised: dm-devel@redhat.com
[    1.346815] Bluetooth: HCI UART driver ver 2.3
[    1.346817] Bluetooth: HCI UART protocol H4 registered
[    1.346818] Bluetooth: HCI UART protocol BCSP registered
[    1.346885] usbcore: registered new interface driver btusb
[    1.346891] intel_pstate: Intel P-state driver initializing
[    1.347287] sdhci: Secure Digital Host Controller Interface driver
[    1.347290] sdhci: Copyright(c) Pierre Ossman
[    1.347395] sdhci-pci 0000:0d:00.0: SDHCI controller found [1180:e822] (rev 7)
[    1.348929] mmc0 bounce up to 128 segments into one, max segment size 65536 bytes
[    1.349321] input: AT Translated Set 2 keyboard as /devices/platform/i8042/serio0/input/input5
[    1.350054] mmc0: SDHCI controller on PCI [0000:0d:00.0] using DMA
[    1.350488] hidraw: raw HID events driver (C) Jiri Kosina
[    1.354092] usbcore: registered new interface driver usbhid
[    1.354096] usbhid: USB HID core driver
[    1.356351] thinkpad_acpi: ThinkPad ACPI Extras v0.26
[    1.356354] thinkpad_acpi: http://ibm-acpi.sf.net/
[    1.356357] thinkpad_acpi: ThinkPad BIOS 8DET74WW (1.44 ), EC unknown
[    1.356361] thinkpad_acpi: Lenovo ThinkPad X220, model 42872WU
[    1.360901] thinkpad_acpi: radio switch found; radios are disabled
[    1.361113] thinkpad_acpi: Tablet mode switch found (type: MHKG), currently in laptop mode
[    1.361133] thinkpad_acpi: This ThinkPad has standard ACPI backlight brightness control, supported by the ACPI video driver
[    1.361134] thinkpad_acpi: Disabling thinkpad-acpi brightness events by default...
[    1.365883] thinkpad_acpi: rfkill switch tpacpi_bluetooth_sw: radio is blocked
[    1.367204] thinkpad_acpi: warning: userspace override of important firmware LEDs is enabled
[    1.367222] thinkpad_acpi: Standard ACPI backlight interface available, not loading native one
[    1.367223] thinkpad_acpi: volume: disabled as there is no ALSA support in this kernel
[    1.367633] battery: new extension: ThinkPad Battery Extension
[    1.367720] input: ThinkPad Extra Buttons as /devices/platform/thinkpad_acpi/input/input7
[    1.368179] random: fast init done
[    1.369145] usbcore: registered new interface driver snd-usb-audio
[    1.371203] NET: Registered protocol family 17
[    1.371257] snd_hda_intel 0000:00:1b.0: Linked as a consumer to 0000:00:02.0
[    1.371288] Bluetooth: RFCOMM TTY layer initialized
[    1.371309] Bluetooth: RFCOMM socket layer initialized
[    1.371320] Bluetooth: RFCOMM ver 1.11
[    1.371329] Bluetooth: BNEP (Ethernet Emulation) ver 1.3
[    1.371330] Bluetooth: BNEP filters: protocol multicast
[    1.371334] Bluetooth: BNEP socket layer initialized
[    1.371335] Bluetooth: HIDP (Human Interface Emulation) ver 1.2
[    1.371338] Bluetooth: HIDP socket layer initialized
[    1.371471] microcode: sig=0x206a7, pf=0x10, revision=0x2d
[    1.371567] microcode: Microcode Update Driver: v2.2.
[    1.371589] sched_clock: Marking stable (1340302989, 31248168)->(1379549175, -7998018)
[    1.371870] Loading compiled-in X.509 certificates
[    1.372400] Key type encrypted registered
[    1.372917] rtc_cmos 00:02: setting system clock to 2019-01-08T18:47:48 UTC (1546973268)
[    1.373079] cfg80211: Loading compiled-in X.509 certificates for regulatory database
[    1.374160] cfg80211: Loaded X.509 cert 'sforshee: 00b28ddf47aef9cea7'
[    1.374361] platform regulatory.0: Direct firmware load for regulatory.db failed with error -2
[    1.374381] cfg80211: failed to load regulatory.db
[    1.412989] snd_hda_intel 0000:00:1b.0: bound 0000:00:02.0 (ops i915_audio_component_bind_ops)
[    1.416599] ata1: SATA link up 1.5 Gbps (SStatus 113 SControl 300)
[    1.418229] ata1.00: ACPI cmd ef/02:00:00:00:00:a0 (SET FEATURES) succeeded
[    1.418238] ata1.00: ACPI cmd f5/00:00:00:00:00:a0 (SECURITY FREEZE LOCK) filtered out
[    1.418245] ata1.00: ACPI cmd ef/10:03:00:00:00:a0 (SET FEATURES) filtered out
[    1.419493] ata1.00: ATA-8: Hitachi HTS545050A7E380, GG2OA7J0, max UDMA/133
[    1.419500] ata1.00: 976773168 sectors, multi 16: LBA48 NCQ (depth 32), AA
[    1.421070] ata1.00: ACPI cmd ef/02:00:00:00:00:a0 (SET FEATURES) succeeded
[    1.421079] ata1.00: ACPI cmd f5/00:00:00:00:00:a0 (SECURITY FREEZE LOCK) filtered out
[    1.421086] ata1.00: ACPI cmd ef/10:03:00:00:00:a0 (SET FEATURES) filtered out
[    1.422214] ata1.00: configured for UDMA/133
[    1.434719] snd_hda_codec_generic hdaudioC0D0: autoconfig for Generic: line_outs=1 (0x1f/0x0/0x0/0x0/0x0) type:speaker
[    1.434726] snd_hda_codec_generic hdaudioC0D0:    speaker_outs=0 (0x0/0x0/0x0/0x0/0x0)
[    1.434732] snd_hda_codec_generic hdaudioC0D0:    hp_outs=1 (0x19/0x0/0x0/0x0/0x0)
[    1.434737] snd_hda_codec_generic hdaudioC0D0:    mono: mono_out=0x0
[    1.434741] snd_hda_codec_generic hdaudioC0D0:    inputs:
[    1.434748] snd_hda_codec_generic hdaudioC0D0:      Internal Mic=0x23
[    1.434754] snd_hda_codec_generic hdaudioC0D0:      Mic=0x1b
[    1.436827] Console: switching to colour frame buffer device 102x42
[    1.440511] snd_hda_codec_generic hdaudioC0D3: ignore pin 0x7, too many assigned pins
[    1.440521] snd_hda_codec_generic hdaudioC0D3: autoconfig for Generic: line_outs=0 (0x0/0x0/0x0/0x0/0x0) type:line
[    1.440528] snd_hda_codec_generic hdaudioC0D3:    speaker_outs=0 (0x0/0x0/0x0/0x0/0x0)
[    1.440534] snd_hda_codec_generic hdaudioC0D3:    hp_outs=0 (0x0/0x0/0x0/0x0/0x0)
[    1.440539] snd_hda_codec_generic hdaudioC0D3:    mono: mono_out=0x0
[    1.440544] snd_hda_codec_generic hdaudioC0D3:    dig-out=0x5/0x6
[    1.440548] snd_hda_codec_generic hdaudioC0D3:    inputs:
[    1.442670] input: HDA Intel PCH Mic as /devices/pci0000:00/0000:00:1b.0/sound/card0/input9
[    1.442827] input: HDA Intel PCH Headphone as /devices/pci0000:00/0000:00:1b.0/sound/card0/input10
[    1.442984] input: HDA Intel PCH HDMI as /devices/pci0000:00/0000:00:1b.0/sound/card0/input11
[    1.443138] input: HDA Intel PCH HDMI as /devices/pci0000:00/0000:00:1b.0/sound/card0/input12
[    1.572932] i915 0000:00:02.0: fb0: inteldrmfb frame buffer device
[    1.574997] scsi 0:0:0:0: Direct-Access     ATA      Hitachi HTS54505 A7J0 PQ: 0 ANSI: 5
[    1.577460] sd 0:0:0:0: [sda] 976773168 512-byte logical blocks: (500 GB/466 GiB)
[    1.577586] sd 0:0:0:0: Attached scsi generic sg0 type 0
[    1.578857] sd 0:0:0:0: [sda] 4096-byte physical blocks
[    1.581943] sd 0:0:0:0: [sda] Write Protect is off
[    1.583660] sd 0:0:0:0: [sda] Mode Sense: 00 3a 00 00
[    1.583808] sd 0:0:0:0: [sda] Write cache: enabled, read cache: enabled, doesn't support DPO or FUA
[    1.652588] usb 1-1: new high-speed USB device number 2 using ehci-pci
[    1.676598] usb 2-1: new high-speed USB device number 2 using ehci-pci
[    1.809168] usb 1-1: New USB device found, idVendor=8087, idProduct=0024, bcdDevice= 0.00
[    1.810542] usb 1-1: New USB device strings: Mfr=0, Product=0, SerialNumber=0
[    1.812316] hub 1-1:1.0: USB hub found
[    1.814006] hub 1-1:1.0: 6 ports detected
[    1.841071] usb 2-1: New USB device found, idVendor=8087, idProduct=0024, bcdDevice= 0.00
[    1.842275] usb 2-1: New USB device strings: Mfr=0, Product=0, SerialNumber=0
[    1.843830] hub 2-1:1.0: USB hub found
[    1.845242] hub 2-1:1.0: 8 ports detected
[    1.896628] tsc: Refined TSC clocksource calibration: 2491.905 MHz
[    1.899532] clocksource: tsc: mask: 0xffffffffffffffff max_cycles: 0x23eb5abbd7b, max_idle_ns: 440795277677 ns
[    1.902629] ata2: SATA link down (SStatus 0 SControl 300)
[    1.904291]  sda: sda1 sda2 sda3 sda4
[    1.904294] clocksource: Switched to clocksource tsc
[    1.908860] sd 0:0:0:0: [sda] Attached SCSI disk
[    2.104468] usb 1-1.3: new full-speed USB device number 3 using ehci-pci
[    2.132466] usb 2-1.1: new high-speed USB device number 3 using ehci-pci
[    2.215435] usb 1-1.3: New USB device found, idVendor=147e, idProduct=2016, bcdDevice= 0.02
[    2.218673] usb 1-1.3: New USB device strings: Mfr=1, Product=2, SerialNumber=0
[    2.221863] usb 1-1.3: Product: Biometric Coprocessor
[    2.224936] usb 1-1.3: Manufacturer: UPEK
[    2.225039] ata3: SATA link up 3.0 Gbps (SStatus 123 SControl 300)
[    2.232630] psmouse serio1: synaptics: queried max coordinates: x [..5472], y [..4448]
[    2.246667] usb 2-1.1: New USB device found, idVendor=05e3, idProduct=0608, bcdDevice=77.64
[    2.247370] ata3.00: ACPI cmd ef/02:00:00:00:00:a0 (SET FEATURES) succeeded
[    2.248746] ata3.00: ACPI cmd f5/00:00:00:00:00:a0 (SECURITY FREEZE LOCK) filtered out
[    2.248755] usb 2-1.1: New USB device strings: Mfr=0, Product=1, SerialNumber=0
[    2.251045] ata3.00: ACPI cmd ef/10:03:00:00:00:a0 (SET FEATURES) filtered out
[    2.253368] usb 2-1.1: Product: USB2.0 Hub
[    2.258272] hub 2-1.1:1.0: USB hub found
[    2.259655] hub 2-1.1:1.0: 4 ports detected
[    2.260697] ata3.00: ATA-8: KINGSTON SMS200S3240G, 60AABBF0, max UDMA/133
[    2.263051] ata3.00: 468862128 sectors, multi 1: LBA48 NCQ (depth 32), AA
[    2.270523] ata3.00: ACPI cmd ef/02:00:00:00:00:a0 (SET FEATURES) succeeded
[    2.270533] ata3.00: ACPI cmd f5/00:00:00:00:00:a0 (SECURITY FREEZE LOCK) filtered out
[    2.271576] ata3.00: ACPI cmd ef/10:03:00:00:00:a0 (SET FEATURES) filtered out
[    2.277880] ata3.00: configured for UDMA/133
[    2.279585] scsi 2:0:0:0: Direct-Access     ATA      KINGSTON SMS200S BBF0 PQ: 0 ANSI: 5
[    2.283453] sd 2:0:0:0: Attached scsi generic sg1 type 0
[    2.283614] sd 2:0:0:0: [sdb] 468862128 512-byte logical blocks: (240 GB/224 GiB)
[    2.285876] sd 2:0:0:0: [sdb] Write Protect is off
[    2.288593] sd 2:0:0:0: [sdb] Mode Sense: 00 3a 00 00
[    2.288804] sd 2:0:0:0: [sdb] Write cache: enabled, read cache: enabled, doesn't support DPO or FUA
[    2.292532]  sdb: sdb2 sdb4
[    2.294920] sd 2:0:0:0: [sdb] Attached SCSI disk
[    2.315652] psmouse serio1: synaptics: Touchpad model: 1, fw: 8.0, id: 0x1e2b1, caps: 0xd001a3/0x940300/0x120c00/0x0, board id: 1611, fw id: 774180
[    2.316580] usb 1-1.6: new high-speed USB device number 4 using ehci-pci
[    2.323026] psmouse serio1: synaptics: serio: Synaptics pass-through port at isa0060/serio1/input0
[    2.340551] usb 2-1.2: new high-speed USB device number 4 using ehci-pci
[    2.376235] input: SynPS/2 Synaptics TouchPad as /devices/platform/i8042/serio1/input/input8
[    2.440561] usb 1-1.6: New USB device found, idVendor=04f2, idProduct=b217, bcdDevice= 8.54
[    2.444301] usb 1-1.6: New USB device strings: Mfr=1, Product=2, SerialNumber=0
[    2.448023] usb 1-1.6: Product: Integrated Camera
[    2.451711] usb 1-1.6: Manufacturer: Chicony Electronics Co., Ltd.
[    2.454012] usb 2-1.2: New USB device found, idVendor=1a40, idProduct=0101, bcdDevice= 1.11
[    2.455035] usb 2-1.2: New USB device strings: Mfr=0, Product=1, SerialNumber=0
[    2.456063] usb 2-1.2: Product: USB 2.0 Hub
[    2.457669] hub 2-1.2:1.0: USB hub found
[    2.458752] uvcvideo: Found UVC 1.00 device Integrated Camera (04f2:b217)
[    2.459815] hub 2-1.2:1.0: 4 ports detected
[    2.470110] uvcvideo 1-1.6:1.0: Entity type for entity Extension 3 was not initialized!
[    2.471236] uvcvideo 1-1.6:1.0: Entity type for entity Processing 2 was not initialized!
[    2.472267] uvcvideo 1-1.6:1.0: Entity type for entity Camera 1 was not initialized!
[    2.548594] usb 2-1.1.4: new full-speed USB device number 5 using ehci-pci
[    2.599391] ata5: SATA link down (SStatus 0 SControl 300)
[    2.641069] PM: Image not found (code -22)
[    2.641184] ALSA device list:
[    2.644308]   #0: HDA Intel PCH at 0xf2520000 irq 22
[    2.684433] usb 2-1.1.4: New USB device found, idVendor=0a12, idProduct=0001, bcdDevice=88.91
[    2.688279] usb 2-1.1.4: New USB device strings: Mfr=0, Product=2, SerialNumber=0
[    2.692197] usb 2-1.1.4: Product: CSR8510 A10
[    2.876563] usb 2-1.2.1: new low-speed USB device number 6 using ehci-pci
[    3.110716] usb 2-1.2.1: device descriptor read/all, error -32
[    3.134977] psmouse serio2: trackpoint: IBM TrackPoint firmware: 0x0e, buttons: 3/3
[    3.312593] usb 2-1.2.1: new low-speed USB device number 7 using ehci-pci
[    3.394890] input: TPPS/2 IBM TrackPoint as /devices/platform/i8042/serio1/serio2/input/input13
[    3.498674] md: Waiting for all devices to be available before autodetect
[    3.502952] md: If you don't use raid, use raid=noautodetect
[    3.508170] md: Autodetecting RAID arrays.
[    3.511887] md: autorun ...
[    3.515403] md: ... autorun DONE.
[    3.525104] EXT4-fs (sdb4): mounted filesystem with ordered data mode. Opts: (null)
[    3.526109] VFS: Mounted root (ext4 filesystem) readonly on device 8:20.
[    3.527420] devtmpfs: mounted
[    3.529575] Freeing unused kernel image memory: 1068K
[    3.567258] usb 2-1.2.1: New USB device found, idVendor=06a3, idProduct=053f, bcdDevice= 0.02
[    3.569959] Write protecting the kernel read-only data: 24576k
[    3.570802] usb 2-1.2.1: New USB device strings: Mfr=1, Product=2, SerialNumber=3
[    3.576895] usb 2-1.2.1: Product: Saitek X36
[    3.577821] usb 2-1.2.1: Manufacturer: Saitek
[    3.578721] usb 2-1.2.1: SerialNumber: 00103464
[    3.580051] Freeing unused kernel image memory: 2012K
[    3.581516] Freeing unused kernel image memory: 824K
[    3.591285] x86/mm: Checked W+X mappings: passed, no W+X pages found.
[    3.592101] rodata_test: all tests were successful
[    3.592937] x86/mm: Checking user space page tables
[    3.601340] x86/mm: Checked W+X mappings: passed, no W+X pages found.
[    3.602149] Run /sbin/init as init process
[    3.621723] input: Saitek Saitek X36 as /devices/pci0000:00/0000:00:1d.0/usb2/2-1/2-1.2/2-1.2.1/2-1.2.1:1.0/0003:06A3:053F.0001/input/input14
[    3.625743] hid-generic 0003:06A3:053F.0001: input,hidraw0: USB HID v1.00 Joystick [Saitek Saitek X36] on usb-0000:00:1d.0-1.2.1/input0
[    3.662861] random: systemd: uninitialized urandom read (16 bytes read)
[    3.664841] systemd[1]: systemd 215 running in system mode. (+PAM +AUDIT +SELINUX +IMA +SYSVINIT +LIBCRYPTSETUP +GCRYPT +ACL +XZ -SECCOMP -APPARMOR)
[    3.685277] systemd[1]: Detected architecture 'x86-64'.
[    3.712515] systemd[1]: Failed to insert module 'ipv6'
[    3.714189] systemd[1]: Set hostname to <duo>.
[    3.728109] random: systemd-sysv-ge: uninitialized urandom read (16 bytes read)
[    3.768034] random: systemd-sysv-ge: uninitialized urandom read (16 bytes read)
[    3.828478] usb 2-1.2.2: new low-speed USB device number 8 using ehci-pci
[    3.847998] systemd[1]: Binding to IPv6 address not available since kernel does not support IPv6.
[    3.849325] systemd[1]: [/lib/systemd/system/gpsd.socket:6] Failed to parse address value, ignoring: [::1]:2947
[    3.854470] systemd[1]: Starting Forward Password Requests to Wall Directory Watch.
[    3.855757] systemd[1]: Started Forward Password Requests to Wall Directory Watch.
[    3.856782] systemd[1]: Starting Remote File Systems (Pre).
[    3.859906] systemd[1]: Reached target Remote File Systems (Pre).
[    3.969755] systemd-udevd[1977]: starting version 215
[    4.048672] usb 2-1.2.2: New USB device found, idVendor=046d, idProduct=c05a, bcdDevice=63.00
[    4.049750] usb 2-1.2.2: New USB device strings: Mfr=1, Product=2, SerialNumber=0
[    4.050802] usb 2-1.2.2: Product: USB Optical Mouse
[    4.051844] usb 2-1.2.2: Manufacturer: Logitech
[    4.056033] input: Logitech USB Optical Mouse as /devices/pci0000:00/0000:00:1d.0/usb2/2-1/2-1.2/2-1.2.2/2-1.2.2:1.0/0003:046D:C05A.0002/input/input15
[    4.058783] hid-generic 0003:046D:C05A.0002: input,hidraw1: USB HID v1.11 Mouse [Logitech USB Optical Mouse] on usb-0000:00:1d.0-1.2.2/input0
[    4.193715] e1000e 0000:00:19.0 eth2: renamed from eth0
[    4.224845] systemd-udevd[2533]: renamed network interface eth0 to eth2
[    4.225023] iwlwifi 0000:03:00.0 wlan1: renamed from wlan0
[    4.253065] systemd-udevd[2532]: renamed network interface wlan0 to wlan1
[    4.260497] usb 2-1.2.3: new low-speed USB device number 9 using ehci-pci
[    4.505074] usb 2-1.2.3: New USB device found, idVendor=04f2, idProduct=0111, bcdDevice= 1.02
[    4.506842] usb 2-1.2.3: New USB device strings: Mfr=1, Product=2, SerialNumber=0
[    4.508581] usb 2-1.2.3: Product: USB Keyboard
[    4.509993] usb 2-1.2.3: Manufacturer: Chicony
[    4.516275] input: Chicony USB Keyboard as /devices/pci0000:00/0000:00:1d.0/usb2/2-1/2-1.2/2-1.2.3/2-1.2.3:1.0/0003:04F2:0111.0003/input/input16
[    4.577724] hid-generic 0003:04F2:0111.0003: input,hidraw2: USB HID v1.10 Keyboard [Chicony USB Keyboard] on usb-0000:00:1d.0-1.2.3/input0
[    4.590397] input: Chicony USB Keyboard System Control as /devices/pci0000:00/0000:00:1d.0/usb2/2-1/2-1.2/2-1.2.3/2-1.2.3:1.1/0003:04F2:0111.0004/input/input17
[    4.653739] input: Chicony USB Keyboard Consumer Control as /devices/pci0000:00/0000:00:1d.0/usb2/2-1/2-1.2/2-1.2.3/2-1.2.3:1.1/0003:04F2:0111.0004/input/input18
[    4.662665] hid-generic 0003:04F2:0111.0004: input,hiddev96,hidraw3: USB HID v1.10 Device [Chicony USB Keyboard] on usb-0000:00:1d.0-1.2.3/input1
[    5.288922] Adding 1681428k swap on /dev/sda1.  Priority:-2 extents:1 across:1681428k 
[    5.429843] EXT4-fs (sdb4): re-mounted. Opts: errors=remount-ro
[    5.602659] random: crng init done
[    5.603692] random: 7 urandom warning(s) missed due to ratelimiting
[    5.930000] EXT4-fs (sda2): mounted filesystem with ordered data mode. Opts: errors=remount-ro
[    5.990300] EXT4-fs (sdb2): mounted filesystem with ordered data mode. Opts: errors=remount-ro
[    6.033655] systemd-journald[1979]: Received request to flush runtime journal from PID 1
[    6.691345] device-mapper: table: 251:0: thin-pool: unknown target type
[    6.691347] device-mapper: ioctl: error adding target to table
[    9.558574] e1000e: eth2 NIC Link is Up 100 Mbps Full Duplex, Flow Control: Rx/Tx
[    9.558584] e1000e 0000:00:19.0 eth2: 10/100 speed: disabling TSO
