[    0.000000] Linux version 4.19.0-rc1 (pavel@duo) (gcc version 4.9.2 (Debian 4.9.2-10+deb8u1)) #4 SMP Mon Sep 10 09:53:05 CEST 2018
[    0.000000] Command line: BOOT_IMAGE=(hd0,2)/fast/l/linux-64/arch/x86/boot/bzImage root=/dev/sdb4 resume=/dev/sda1
[    0.000000] Disabled fast string operations
[    0.000000] x86/fpu: Supporting XSAVE feature 0x001: 'x87 floating point registers'
[    0.000000] x86/fpu: Supporting XSAVE feature 0x002: 'SSE registers'
[    0.000000] x86/fpu: Supporting XSAVE feature 0x004: 'AVX registers'
[    0.000000] x86/fpu: xstate_offset[2]:  576, xstate_sizes[2]:  256
[    0.000000] x86/fpu: Enabled xstate features 0x7, context size is 832 bytes, using 'standard' format.
[    0.000000] BIOS-provided physical RAM map:
[    0.000000] BIOS-e820: [mem 0x0000000000000000-0x000000000009d7ff] usable
[    0.000000] BIOS-e820: [mem 0x000000000009d800-0x000000000009ffff] reserved
[    0.000000] BIOS-e820: [mem 0x00000000000e0000-0x00000000000fffff] reserved
[    0.000000] BIOS-e820: [mem 0x0000000000100000-0x000000001fffffff] usable
[    0.000000] BIOS-e820: [mem 0x0000000020000000-0x00000000201fffff] reserved
[    0.000000] BIOS-e820: [mem 0x0000000020200000-0x000000003fffffff] usable
[    0.000000] BIOS-e820: [mem 0x0000000040000000-0x00000000401fffff] reserved
[    0.000000] BIOS-e820: [mem 0x0000000040200000-0x00000000da99efff] usable
[    0.000000] BIOS-e820: [mem 0x00000000da99f000-0x00000000dae9efff] reserved
[    0.000000] BIOS-e820: [mem 0x00000000dae9f000-0x00000000daf9efff] ACPI NVS
[    0.000000] BIOS-e820: [mem 0x00000000daf9f000-0x00000000daffefff] ACPI data
[    0.000000] BIOS-e820: [mem 0x00000000dafff000-0x00000000daffffff] usable
[    0.000000] BIOS-e820: [mem 0x00000000db000000-0x00000000df9fffff] reserved
[    0.000000] BIOS-e820: [mem 0x00000000f8000000-0x00000000fbffffff] reserved
[    0.000000] BIOS-e820: [mem 0x00000000fec00000-0x00000000fec00fff] reserved
[    0.000000] BIOS-e820: [mem 0x00000000fed08000-0x00000000fed08fff] reserved
[    0.000000] BIOS-e820: [mem 0x00000000fed10000-0x00000000fed19fff] reserved
[    0.000000] BIOS-e820: [mem 0x00000000fed1c000-0x00000000fed1ffff] reserved
[    0.000000] BIOS-e820: [mem 0x00000000fee00000-0x00000000fee00fff] reserved
[    0.000000] BIOS-e820: [mem 0x00000000ffd20000-0x00000000ffffffff] reserved
[    0.000000] BIOS-e820: [mem 0x0000000100000000-0x000000019e5fffff] usable
[    0.000000] BIOS-e820: [mem 0x000000019e600000-0x000000019e7fffff] reserved
[    0.000000] NX (Execute Disable) protection: active
[    0.000000] SMBIOS 2.6 present.
[    0.000000] DMI: LENOVO 42872WU/42872WU, BIOS 8DET74WW (1.44 ) 03/13/2018
[    0.000000] tsc: Fast TSC calibration using PIT
[    0.000000] tsc: Detected 2491.673 MHz processor
[    0.001589] e820: update [mem 0x00000000-0x00000fff] usable ==> reserved
[    0.001595] e820: remove [mem 0x000a0000-0x000fffff] usable
[    0.001604] last_pfn = 0x19e600 max_arch_pfn = 0x400000000
[    0.001610] MTRR default type: uncachable
[    0.001611] MTRR fixed ranges enabled:
[    0.001613]   00000-9FFFF write-back
[    0.001614]   A0000-BFFFF uncachable
[    0.001616]   C0000-FFFFF write-protect
[    0.001617] MTRR variable ranges enabled:
[    0.001619]   0 base 0FFC00000 mask FFFC00000 write-protect
[    0.001621]   1 base 000000000 mask F80000000 write-back
[    0.001622]   2 base 080000000 mask FC0000000 write-back
[    0.001624]   3 base 0C0000000 mask FE0000000 write-back
[    0.001625]   4 base 0DC000000 mask FFC000000 uncachable
[    0.001627]   5 base 0DB000000 mask FFF000000 uncachable
[    0.001628]   6 base 100000000 mask F80000000 write-back
[    0.001629]   7 base 180000000 mask FE0000000 write-back
[    0.001631]   8 base 19F000000 mask FFF000000 uncachable
[    0.001632]   9 base 19E800000 mask FFF800000 uncachable
[    0.002396] x86/PAT: Configuration [0-7]: WB  WC  UC- UC  WB  WP  UC- WT  
[    0.003646] last_pfn = 0xdb000 max_arch_pfn = 0x400000000
[    0.003670] Base memory trampoline at [(____ptrval____)] 97000 size 24576
[    0.003672] reserving inaccessible SNB gfx pages
[    0.003677] BRK [0x064c9000, 0x064c9fff] PGTABLE
[    0.003680] BRK [0x064ca000, 0x064cafff] PGTABLE
[    0.003682] BRK [0x064cb000, 0x064cbfff] PGTABLE
[    0.003745] BRK [0x064cc000, 0x064ccfff] PGTABLE
[    0.003900] BRK [0x064cd000, 0x064cdfff] PGTABLE
[    0.004174] BRK [0x064ce000, 0x064cefff] PGTABLE
[    0.004683] ACPI: Early table checksum verification disabled
[    0.004732] ACPI: RSDP 0x00000000000F00E0 000024 (v02 LENOVO)
[    0.004738] ACPI: XSDT 0x00000000DAFFE120 0000AC (v01 LENOVO TP-8D    00001440 PTEC 00000002)
[    0.004746] ACPI: FACP 0x00000000DAFE7000 0000F4 (v04 LENOVO TP-8D    00001440 PTL  00000002)
[    0.004754] ACPI: DSDT 0x00000000DAFEA000 00FA89 (v01 LENOVO TP-8D    00001440 INTL 20061109)
[    0.004760] ACPI: FACS 0x00000000DAF2D000 000040
[    0.004765] ACPI: FACS 0x00000000DAF2D000 000040
[    0.004770] ACPI: SLIC 0x00000000DAFFD000 000176 (v01 LENOVO TP-8D    00001440 PTEC 00000001)
[    0.004776] ACPI: SSDT 0x00000000DAFFC000 000249 (v01 LENOVO TP-SSDT2 00000200 INTL 20061109)
[    0.004781] ACPI: SSDT 0x00000000DAFFB000 000033 (v01 LENOVO TP-SSDT1 00000100 INTL 20061109)
[    0.004787] ACPI: SSDT 0x00000000DAFFA000 0007D1 (v01 LENOVO SataAhci 00001000 INTL 20061109)
[    0.004792] ACPI: HPET 0x00000000DAFE6000 000038 (v01 LENOVO TP-8D    00001440 PTL  00000002)
[    0.004798] ACPI: APIC 0x00000000DAFE5000 000098 (v01 LENOVO TP-8D    00001440 PTL  00000002)
[    0.004803] ACPI: MCFG 0x00000000DAFE4000 00003C (v01 LENOVO TP-8D    00001440 PTL  00000002)
[    0.004809] ACPI: ECDT 0x00000000DAFE3000 000052 (v01 LENOVO TP-8D    00001440 PTL  00000002)
[    0.004814] ACPI: ASF! 0x00000000DAFE9000 0000A5 (v32 LENOVO TP-8D    00001440 PTL  00000002)
[    0.004820] ACPI: TCPA 0x00000000DAFE2000 000032 (v02 PTL    LENOVO   06040000 LNVO 00000001)
[    0.004825] ACPI: SSDT 0x00000000DAFE1000 000A27 (v01 PmRef  Cpu0Ist  00003000 INTL 20061109)
[    0.004831] ACPI: SSDT 0x00000000DAFE0000 000996 (v01 PmRef  CpuPm    00003000 INTL 20061109)
[    0.004836] ACPI: DMAR 0x00000000DAFDF000 0000E8 (v01 INTEL  SNB      00000001 INTL 00000001)
[    0.004842] ACPI: UEFI 0x00000000DAFDE000 00003E (v01 LENOVO TP-8D    00001440 PTL  00000002)
[    0.004847] ACPI: UEFI 0x00000000DAFDD000 000042 (v01 PTL    COMBUF   00000001 PTL  00000001)
[    0.004853] ACPI: UEFI 0x00000000DAFDC000 000292 (v01 LENOVO TP-8D    00001440 PTL  00000002)
[    0.004862] ACPI: Local APIC address 0xfee00000
[    0.004910] Zone ranges:
[    0.004912]   DMA      [mem 0x0000000000001000-0x0000000000ffffff]
[    0.004915]   DMA32    [mem 0x0000000001000000-0x00000000ffffffff]
[    0.004918]   Normal   [mem 0x0000000100000000-0x000000019e5fffff]
[    0.004921] Movable zone start for each node
[    0.004923] Early memory node ranges
[    0.004925]   node   0: [mem 0x0000000000001000-0x000000000009cfff]
[    0.004927]   node   0: [mem 0x0000000000100000-0x000000001fffffff]
[    0.004929]   node   0: [mem 0x0000000020200000-0x000000003fffffff]
[    0.004931]   node   0: [mem 0x0000000040200000-0x00000000da99efff]
[    0.004933]   node   0: [mem 0x00000000dafff000-0x00000000daffffff]
[    0.004935]   node   0: [mem 0x0000000100000000-0x000000019e5fffff]
[    0.005339] Reserved but unavailable: 23748 pages
[    0.005341] Initmem setup node 0 [mem 0x0000000000001000-0x000000019e5fffff]
[    0.005345] On node 0 totalpages: 1542972
[    0.005347]   DMA zone: 56 pages used for memmap
[    0.005348]   DMA zone: 156 pages reserved
[    0.005349]   DMA zone: 3996 pages, LIFO batch:0
[    0.005428]   DMA32 zone: 12172 pages used for memmap
[    0.005430]   DMA32 zone: 890272 pages, LIFO batch:63
[    0.022978]   Normal zone: 8869 pages used for memmap
[    0.022982]   Normal zone: 648704 pages, LIFO batch:63
[    0.035143] Reserving Intel graphics memory at [mem 0xdba00000-0xdf9fffff]
[    0.035272] ACPI: PM-Timer IO Port: 0x408
[    0.035276] ACPI: Local APIC address 0xfee00000
[    0.035283] ACPI: LAPIC_NMI (acpi_id[0x00] high edge lint[0x1])
[    0.035285] ACPI: LAPIC_NMI (acpi_id[0x01] high edge lint[0x1])
[    0.035304] IOAPIC[0]: apic_id 2, version 32, address 0xfec00000, GSI 0-23
[    0.035307] ACPI: INT_SRC_OVR (bus 0 bus_irq 0 global_irq 2 dfl dfl)
[    0.035310] ACPI: INT_SRC_OVR (bus 0 bus_irq 9 global_irq 9 high level)
[    0.035313] ACPI: IRQ0 used by override.
[    0.035315] ACPI: IRQ9 used by override.
[    0.035319] Using ACPI (MADT) for SMP configuration information
[    0.035321] ACPI: HPET id: 0x8086a301 base: 0xfed00000
[    0.035325] smpboot: Allowing 8 CPUs, 4 hotplug CPUs
[    0.035353] PM: Registered nosave memory: [mem 0x00000000-0x00000fff]
[    0.035356] PM: Registered nosave memory: [mem 0x0009d000-0x0009dfff]
[    0.035358] PM: Registered nosave memory: [mem 0x0009e000-0x0009ffff]
[    0.035359] PM: Registered nosave memory: [mem 0x000a0000-0x000dffff]
[    0.035361] PM: Registered nosave memory: [mem 0x000e0000-0x000fffff]
[    0.035364] PM: Registered nosave memory: [mem 0x20000000-0x201fffff]
[    0.035367] PM: Registered nosave memory: [mem 0x40000000-0x401fffff]
[    0.035369] PM: Registered nosave memory: [mem 0xda99f000-0xdae9efff]
[    0.035371] PM: Registered nosave memory: [mem 0xdae9f000-0xdaf9efff]
[    0.035373] PM: Registered nosave memory: [mem 0xdaf9f000-0xdaffefff]
[    0.035376] PM: Registered nosave memory: [mem 0xdb000000-0xdf9fffff]
[    0.035378] PM: Registered nosave memory: [mem 0xdfa00000-0xf7ffffff]
[    0.035380] PM: Registered nosave memory: [mem 0xf8000000-0xfbffffff]
[    0.035381] PM: Registered nosave memory: [mem 0xfc000000-0xfebfffff]
[    0.035383] PM: Registered nosave memory: [mem 0xfec00000-0xfec00fff]
[    0.035385] PM: Registered nosave memory: [mem 0xfec01000-0xfed07fff]
[    0.035387] PM: Registered nosave memory: [mem 0xfed08000-0xfed08fff]
[    0.035389] PM: Registered nosave memory: [mem 0xfed09000-0xfed0ffff]
[    0.035390] PM: Registered nosave memory: [mem 0xfed10000-0xfed19fff]
[    0.035392] PM: Registered nosave memory: [mem 0xfed1a000-0xfed1bfff]
[    0.035394] PM: Registered nosave memory: [mem 0xfed1c000-0xfed1ffff]
[    0.035396] PM: Registered nosave memory: [mem 0xfed20000-0xfedfffff]
[    0.035398] PM: Registered nosave memory: [mem 0xfee00000-0xfee00fff]
[    0.035399] PM: Registered nosave memory: [mem 0xfee01000-0xffd1ffff]
[    0.035401] PM: Registered nosave memory: [mem 0xffd20000-0xffffffff]
[    0.035406] [mem 0xdfa00000-0xf7ffffff] available for PCI devices
[    0.035409] clocksource: refined-jiffies: mask: 0xffffffff max_cycles: 0xffffffff, max_idle_ns: 7645519600211568 ns
[    0.035423] random: get_random_bytes called from start_kernel+0x97/0x3c6 with crng_init=0
[    0.035430] setup_percpu: NR_CPUS:8 nr_cpumask_bits:8 nr_cpu_ids:8 nr_node_ids:1
[    0.036928] percpu: Embedded 43 pages/cpu @(____ptrval____) s137736 r8192 d30200 u262144
[    0.036937] pcpu-alloc: s137736 r8192 d30200 u262144 alloc=1*2097152
[    0.036939] pcpu-alloc: [0] 0 1 2 3 4 5 6 7 
[    0.036971] Built 1 zonelists, mobility grouping on.  Total pages: 1521719
[    0.036977] Kernel command line: BOOT_IMAGE=(hd0,2)/fast/l/linux-64/arch/x86/boot/bzImage root=/dev/sdb4 resume=/dev/sda1
[    0.040844] Dentry cache hash table entries: 1048576 (order: 11, 8388608 bytes)
[    0.042749] Inode-cache hash table entries: 524288 (order: 10, 4194304 bytes)
[    0.315621] Memory: 5965740K/6171888K available (16396K kernel code, 1116K rwdata, 5248K rodata, 1004K init, 10784K bss, 206148K reserved, 0K cma-reserved)
[    0.315768] Kernel/User page tables isolation: enabled
[    0.315990] rcu: Hierarchical RCU implementation.
[    0.316024] NR_IRQS: 4352, nr_irqs: 104, preallocated irqs: 16
[    0.317885] Console: colour VGA+ 80x25
[    0.326299] console [tty0] enabled
[    0.326355] Lock dependency validator: Copyright (c) 2006 Red Hat, Inc., Ingo Molnar
[    0.326426] ... MAX_LOCKDEP_SUBCLASSES:  8
[    0.326485] ... MAX_LOCK_DEPTH:          48
[    0.326543] ... MAX_LOCKDEP_KEYS:        8191
[    0.326602] ... CLASSHASH_SIZE:          4096
[    0.326662] ... MAX_LOCKDEP_ENTRIES:     32768
[    0.326721] ... MAX_LOCKDEP_CHAINS:      65536
[    0.326781] ... CHAINHASH_SIZE:          32768
[    0.326840]  memory used by lock dependency info: 7359 kB
[    0.326903]  per task-struct memory footprint: 1920 bytes
[    0.327298] ACPI: Core revision 20180810
[    0.327723] clocksource: hpet: mask: 0xffffffff max_cycles: 0xffffffff, max_idle_ns: 133484882848 ns
[    0.327825] hpet clockevent registered
[    0.327832] APIC: Switch to symmetric I/O mode setup
[    0.328343] ..TIMER: vector=0x30 apic1=0 pin1=2 apic2=-1 pin2=-1
[    0.347832] clocksource: tsc-early: mask: 0xffffffffffffffff max_cycles: 0x23ea7f855f2, max_idle_ns: 440795273694 ns
[    0.347927] Calibrating delay loop (skipped), value calculated using timer frequency.. 4983.34 BogoMIPS (lpj=9966692)
[    0.348021] pid_max: default: 32768 minimum: 301
[    0.348234] Mount-cache hash table entries: 16384 (order: 5, 131072 bytes)
[    0.348319] Mountpoint-cache hash table entries: 16384 (order: 5, 131072 bytes)
[    0.348769] Disabled fast string operations
[    0.348835] ENERGY_PERF_BIAS: Set to 'normal', was 'performance'
[    0.348900] ENERGY_PERF_BIAS: View and update with x86_energy_perf_policy(8)
[    0.348972] process: using mwait in idle threads
[    0.349035] Last level iTLB entries: 4KB 512, 2MB 8, 4MB 8
[    0.349098] Last level dTLB entries: 4KB 512, 2MB 32, 4MB 32, 1GB 0
[    0.349165] Spectre V2 : Mitigation: Full generic retpoline
[    0.349229] Spectre V2 : Spectre v2 / SpectreRSB mitigation: Filling RSB on context switch
[    0.349301] Spectre V2 : Spectre v2 mitigation: Enabling Indirect Branch Prediction Barrier
[    0.349374] Spectre V2 : Enabling Restricted Speculation for firmware calls
[    0.349442] Speculative Store Bypass: Vulnerable
[    0.349674] Freeing SMP alternatives memory: 44K
[    0.350796] TSC deadline timer enabled
[    0.350801] smpboot: CPU0: Intel(R) Core(TM) i5-2520M CPU @ 2.50GHz (family: 0x6, model: 0x2a, stepping: 0x7)
[    0.351201] Performance Events: PEBS fmt1+, SandyBridge events, 16-deep LBR, full-width counters, Intel PMU driver.
[    0.351323] ... version:                3
[    0.351381] ... bit width:              48
[    0.351440] ... generic registers:      4
[    0.351499] ... value mask:             0000ffffffffffff
[    0.351562] ... max period:             00007fffffffffff
[    0.351926] ... fixed-purpose events:   3
[    0.351926] ... event mask:             000000070000000f
[    0.351926] rcu: Hierarchical SRCU implementation.
[    0.351926] NMI watchdog: Enabled. Permanently consumes one hw-PMU counter.
[    0.351926] smp: Bringing up secondary CPUs ...
[    0.352129] x86: Booting SMP configuration:
[    0.352193] .... node  #0, CPUs:      #1
[    0.015668] Disabled fast string operations
[    0.354555]  #2
[    0.015668] Disabled fast string operations
[    0.356414]  #3
[    0.015668] Disabled fast string operations
[    0.358828] smp: Brought up 1 node, 4 CPUs
[    0.358828] smpboot: Max logical packages: 2
[    0.358828] smpboot: Total of 4 processors activated (19933.38 BogoMIPS)
[    0.360207] devtmpfs: initialized
[    0.360424] PM: Registering ACPI NVS region [mem 0xdae9f000-0xdaf9efff] (1048576 bytes)
[    0.360755] clocksource: jiffies: mask: 0xffffffff max_cycles: 0xffffffff, max_idle_ns: 7645041785100000 ns
[    0.360853] futex hash table entries: 2048 (order: 6, 262144 bytes)
[    0.361526] NET: Registered protocol family 16
[    0.362305] cpuidle: using governor ladder
[    0.362305] cpuidle: using governor menu
[    0.362305] ACPI FADT declares the system doesn't support PCIe ASPM, so disable it
[    0.362305] ACPI: bus type PCI registered
[    0.362305] PCI: MMCONFIG for domain 0000 [bus 00-3f] at [mem 0xf8000000-0xfbffffff] (base 0xf8000000)
[    0.362305] PCI: MMCONFIG at [mem 0xf8000000-0xfbffffff] reserved in E820
[    0.362305] PCI: Using configuration type 1 for base access
[    0.362305] core: PMU erratum BJ122, BV98, HSD29 worked around, HT is on
[    0.387035] ACPI: Added _OSI(Module Device)
[    0.387035] ACPI: Added _OSI(Processor Device)
[    0.387934] ACPI: Added _OSI(3.0 _SCP Extensions)
[    0.387994] ACPI: Added _OSI(Processor Aggregator Device)
[    0.388059] ACPI: Added _OSI(Linux-Dell-Video)
[    0.388120] ACPI: Added _OSI(Linux-Lenovo-NV-HDMI-Audio)
[    0.388194] ACPI: EC: EC started
[    0.388251] ACPI: EC: interrupt blocked
[    0.388337] ACPI: \: Used as first EC
[    0.388397] ACPI: \: GPE=0x11, EC_CMD/EC_SC=0x66, EC_DATA=0x62
[    0.388463] ACPI: \: Used as boot ECDT EC to handle transactions
[    0.427868] ACPI: 6 ACPI AML tables successfully acquired and loaded
[    0.432125] ACPI: [Firmware Bug]: BIOS _OSI(Linux) query ignored
[    0.450492] ACPI: Dynamic OEM Table Load:
[    0.450492] ACPI: SSDT 0xFFFF8801970EF000 0008C0 (v01 PmRef  Cpu0Cst  00003001 INTL 20061109)
[    0.452766] ACPI: Dynamic OEM Table Load:
[    0.452838] ACPI: SSDT 0xFFFF880196CB7400 000303 (v01 PmRef  ApIst    00003000 INTL 20061109)
[    0.453528] ACPI: Dynamic OEM Table Load:
[    0.453528] ACPI: SSDT 0xFFFF880197B5EA00 000119 (v01 PmRef  ApCst    00003000 INTL 20061109)
[    0.457501] ACPI: Interpreter enabled
[    0.457608] ACPI: (supports S0 S3 S4 S5)
[    0.457671] ACPI: Using IOAPIC for interrupt routing
[    0.457803] PCI: Using host bridge windows from ACPI; if necessary, use "pci=nocrs" and report a bug
[    0.458587] ACPI: Enabled 6 GPEs in block 00 to 3F
[    0.470048] ACPI: Power Resource [PUBS] (on)
[    0.470706] acpi PNP0C0A:01: ACPI dock station (docks/bays count: 1)
[    0.475991] acpi LNXIOBAY:00: ACPI dock station (docks/bays count: 2)
[    0.482138] acpi IBM0079:00: ACPI dock station (docks/bays count: 3)
[    0.484050] ACPI: PCI Interrupt Link [LNKA] (IRQs 3 4 5 6 7 9 10 *11)
[    0.484480] ACPI: PCI Interrupt Link [LNKB] (IRQs 3 4 5 6 7 9 10 *11)
[    0.484906] ACPI: PCI Interrupt Link [LNKC] (IRQs 3 4 5 6 7 9 10 *11)
[    0.485331] ACPI: PCI Interrupt Link [LNKD] (IRQs 3 4 5 6 7 9 *10 11)
[    0.485756] ACPI: PCI Interrupt Link [LNKE] (IRQs 3 4 5 6 *7 9 10 11)
[    0.486085] ACPI: PCI Interrupt Link [LNKF] (IRQs 3 4 5 6 7 9 10 11) *0, disabled.
[    0.486517] ACPI: PCI Interrupt Link [LNKG] (IRQs 3 4 5 6 *7 9 10 11)
[    0.487932] ACPI: PCI Interrupt Link [LNKH] (IRQs 3 4 5 6 7 9 *10 11)
[    0.487998] ACPI: PCI Root Bridge [PCI0] (domain 0000 [bus 00-fe])
[    0.487998] acpi PNP0A08:00: _OSC: OS supports [ExtendedConfig ASPM ClockPM Segments]
[    0.487998] acpi PNP0A08:00: _OSC: not requesting OS control; OS requires [ExtendedConfig ASPM ClockPM MSI]
[    0.487998] acpi PNP0A08:00: [Firmware Info]: MMCONFIG for domain 0000 [bus 00-3f] only partially covers this bridge
[    0.488167] PCI host bridge to bus 0000:00
[    0.488236] pci_bus 0000:00: root bus resource [io  0x0000-0x0cf7 window]
[    0.488309] pci_bus 0000:00: root bus resource [io  0x0d00-0xffff window]
[    0.488380] pci_bus 0000:00: root bus resource [mem 0x000a0000-0x000bffff window]
[    0.488453] pci_bus 0000:00: root bus resource [mem 0xdfa00000-0xfebfffff window]
[    0.488526] pci_bus 0000:00: root bus resource [mem 0xfed40000-0xfed4bfff window]
[    0.488600] pci_bus 0000:00: root bus resource [bus 00-fe]
[    0.488686] pci 0000:00:00.0: [8086:0104] type 00 class 0x060000
[    0.488906] pci 0000:00:02.0: [8086:0126] type 00 class 0x030000
[    0.488922] pci 0000:00:02.0: reg 0x10: [mem 0xf0000000-0xf03fffff 64bit]
[    0.488932] pci 0000:00:02.0: reg 0x18: [mem 0xe0000000-0xefffffff 64bit pref]
[    0.488939] pci 0000:00:02.0: reg 0x20: [io  0x5000-0x503f]
[    0.489229] pci 0000:00:16.0: [8086:1c3a] type 00 class 0x078000
[    0.489269] pci 0000:00:16.0: reg 0x10: [mem 0xf2525000-0xf252500f 64bit]
[    0.489362] pci 0000:00:16.0: PME# supported from D0 D3hot D3cold
[    0.489569] pci 0000:00:19.0: [8086:1502] type 00 class 0x020000
[    0.489608] pci 0000:00:19.0: reg 0x10: [mem 0xf2500000-0xf251ffff]
[    0.489624] pci 0000:00:19.0: reg 0x14: [mem 0xf252b000-0xf252bfff]
[    0.489634] pci 0000:00:19.0: reg 0x18: [io  0x5080-0x509f]
[    0.489712] pci 0000:00:19.0: PME# supported from D0 D3hot D3cold
[    0.489918] pci 0000:00:1a.0: [8086:1c2d] type 00 class 0x0c0320
[    0.489952] pci 0000:00:1a.0: reg 0x10: [mem 0xf252a000-0xf252a3ff]
[    0.490070] pci 0000:00:1a.0: PME# supported from D0 D3hot D3cold
[    0.490278] pci 0000:00:1b.0: [8086:1c20] type 00 class 0x040300
[    0.490320] pci 0000:00:1b.0: reg 0x10: [mem 0xf2520000-0xf2523fff 64bit]
[    0.490431] pci 0000:00:1b.0: PME# supported from D0 D3hot D3cold
[    0.490632] pci 0000:00:1c.0: [8086:1c10] type 01 class 0x060400
[    0.490754] pci 0000:00:1c.0: PME# supported from D0 D3hot D3cold
[    0.491932] pci 0000:00:1c.1: [8086:1c12] type 01 class 0x060400
[    0.491965] pci 0000:00:1c.1: PME# supported from D0 D3hot D3cold
[    0.491966] pci 0000:00:1c.3: [8086:1c16] type 01 class 0x060400
[    0.491985] pci 0000:00:1c.3: PME# supported from D0 D3hot D3cold
[    0.491985] pci 0000:00:1c.4: [8086:1c18] type 01 class 0x060400
[    0.491985] pci 0000:00:1c.4: PME# supported from D0 D3hot D3cold
[    0.492060] pci 0000:00:1d.0: [8086:1c26] type 00 class 0x0c0320
[    0.492097] pci 0000:00:1d.0: reg 0x10: [mem 0xf2529000-0xf25293ff]
[    0.492214] pci 0000:00:1d.0: PME# supported from D0 D3hot D3cold
[    0.492419] pci 0000:00:1f.0: [8086:1c4f] type 00 class 0x060100
[    0.492751] pci 0000:00:1f.2: [8086:1c03] type 00 class 0x010601
[    0.492786] pci 0000:00:1f.2: reg 0x10: [io  0x50a8-0x50af]
[    0.492803] pci 0000:00:1f.2: reg 0x14: [io  0x50bc-0x50bf]
[    0.492820] pci 0000:00:1f.2: reg 0x18: [io  0x50a0-0x50a7]
[    0.492830] pci 0000:00:1f.2: reg 0x1c: [io  0x50b8-0x50bb]
[    0.492839] pci 0000:00:1f.2: reg 0x20: [io  0x5060-0x507f]
[    0.492849] pci 0000:00:1f.2: reg 0x24: [mem 0xf2528000-0xf25287ff]
[    0.492908] pci 0000:00:1f.2: PME# supported from D3hot
[    0.493108] pci 0000:00:1f.3: [8086:1c22] type 00 class 0x0c0500
[    0.493142] pci 0000:00:1f.3: reg 0x10: [mem 0xf2524000-0xf25240ff 64bit]
[    0.493186] pci 0000:00:1f.3: reg 0x20: [io  0xefa0-0xefbf]
[    0.493495] pci 0000:00:1c.0: PCI bridge to [bus 02]
[    0.493705] pci 0000:03:00.0: [8086:0084] type 00 class 0x028000
[    0.493791] pci 0000:03:00.0: reg 0x10: [mem 0xf2400000-0xf2401fff 64bit]
[    0.494055] pci 0000:03:00.0: PME# supported from D0 D3hot D3cold
[    0.494115] pci 0000:03:00.0: 2.000 Gb/s available PCIe bandwidth, limited by 2.5 GT/s x1 link at 0000:00:1c.1 (capable of 7.876 Gb/s with 8 GT/s x1 link)
[    0.494380] pci 0000:00:1c.1: PCI bridge to [bus 03]
[    0.494455] pci 0000:00:1c.1:   bridge window [mem 0xf2400000-0xf24fffff]
[    0.494548] pci 0000:00:1c.3: PCI bridge to [bus 05-0c]
[    0.494622] pci 0000:00:1c.3:   bridge window [io  0x4000-0x4fff]
[    0.494630] pci 0000:00:1c.3:   bridge window [mem 0xf1c00000-0xf23fffff]
[    0.494639] pci 0000:00:1c.3:   bridge window [mem 0xf0400000-0xf0bfffff 64bit pref]
[    0.495929] pci 0000:0d:00.0: [1180:e823] type 00 class 0x088001
[    0.495929] pci 0000:0d:00.0: MMC controller base frequency changed to 50Mhz.
[    0.495929] pci 0000:0d:00.0: reg 0x10: [mem 0xf1400000-0xf14000ff]
[    0.495929] pci 0000:0d:00.0: supports D1 D2
[    0.495929] pci 0000:0d:00.0: PME# supported from D0 D1 D2 D3hot D3cold
[    0.495929] pci 0000:0d:00.0: 2.000 Gb/s available PCIe bandwidth, limited by 2.5 GT/s x1 link at 0000:00:1c.4 (capable of 7.876 Gb/s with 8 GT/s x1 link)
[    0.496275] pci 0000:00:1c.4: PCI bridge to [bus 0d]
[    0.496344] pci 0000:00:1c.4:   bridge window [io  0x3000-0x3fff]
[    0.496350] pci 0000:00:1c.4:   bridge window [mem 0xf1400000-0xf1bfffff]
[    0.496358] pci 0000:00:1c.4:   bridge window [mem 0xf0c00000-0xf13fffff 64bit pref]
[    0.496395] pci_bus 0000:00: on NUMA node 0
[    0.499997] ACPI: EC: interrupt unblocked
[    0.499997] ACPI: EC: event unblocked
[    0.500031] ACPI: \_SB_.PCI0.LPC_.EC__: GPE=0x11, EC_CMD/EC_SC=0x66, EC_DATA=0x62
[    0.500031] ACPI: \_SB_.PCI0.LPC_.EC__: Used as boot DSDT EC to handle transactions and events
[    0.500234] pci 0000:00:02.0: vgaarb: setting as boot VGA device
[    0.500234] pci 0000:00:02.0: vgaarb: VGA device added: decodes=io+mem,owns=io+mem,locks=none
[    0.500234] pci 0000:00:02.0: vgaarb: bridge control possible
[    0.500234] vgaarb: loaded
[    0.500537] SCSI subsystem initialized
[    0.500640] libata version 3.00 loaded.
[    0.500640] ACPI: bus type USB registered
[    0.500640] usbcore: registered new interface driver usbfs
[    0.500640] usbcore: registered new interface driver hub
[    0.500640] usbcore: registered new device driver usb
[    0.500667] media: Linux media interface: v0.10
[    0.500749] videodev: Linux video capture interface: v2.00
[    0.500854] pps_core: LinuxPPS API ver. 1 registered
[    0.500917] pps_core: Software ver. 5.3.6 - Copyright 2005-2007 Rodolfo Giometti <giometti@linux.it>
[    0.501020] PTP clock support registered
[    0.501141] EDAC MC: Ver: 3.0.0
[    0.501141] Advanced Linux Sound Architecture Driver Initialized.
[    0.503954] PCI: Using ACPI for IRQ routing
[    0.504842] PCI: pci_cache_line_size set to 64 bytes
[    0.505029] e820: reserve RAM buffer [mem 0x0009d800-0x0009ffff]
[    0.505032] e820: reserve RAM buffer [mem 0xda99f000-0xdbffffff]
[    0.505034] e820: reserve RAM buffer [mem 0xdb000000-0xdbffffff]
[    0.505037] e820: reserve RAM buffer [mem 0x19e600000-0x19fffffff]
[    0.505434] Bluetooth: Core ver 2.22
[    0.505525] NET: Registered protocol family 31
[    0.505590] Bluetooth: HCI device and connection manager initialized
[    0.505665] Bluetooth: HCI socket layer initialized
[    0.505729] Bluetooth: L2CAP socket layer initialized
[    0.505815] Bluetooth: SCO socket layer initialized
[    0.506034] clocksource: Switched to clocksource tsc-early
[    0.506034] pnp: PnP ACPI init
[    0.506034] system 00:00: [mem 0x00000000-0x0009ffff] could not be reserved
[    0.506034] system 00:00: [mem 0x000c0000-0x000c3fff] could not be reserved
[    0.506034] system 00:00: [mem 0x000c4000-0x000c7fff] could not be reserved
[    0.506034] system 00:00: [mem 0x000c8000-0x000cbfff] has been reserved
[    0.506092] system 00:00: [mem 0x000cc000-0x000cffff] has been reserved
[    0.506162] system 00:00: [mem 0x000d0000-0x000d3fff] has been reserved
[    0.506233] system 00:00: [mem 0x000d4000-0x000d7fff] has been reserved
[    0.506304] system 00:00: [mem 0x000d8000-0x000dbfff] has been reserved
[    0.506374] system 00:00: [mem 0x000dc000-0x000dffff] has been reserved
[    0.506446] system 00:00: [mem 0x000e0000-0x000e3fff] could not be reserved
[    0.506518] system 00:00: [mem 0x000e4000-0x000e7fff] could not be reserved
[    0.506591] system 00:00: [mem 0x000e8000-0x000ebfff] could not be reserved
[    0.506663] system 00:00: [mem 0x000ec000-0x000effff] could not be reserved
[    0.506735] system 00:00: [mem 0x000f0000-0x000fffff] could not be reserved
[    0.506808] system 00:00: [mem 0x00100000-0xdf9fffff] could not be reserved
[    0.506881] system 00:00: [mem 0xfec00000-0xfed3ffff] could not be reserved
[    0.506953] system 00:00: [mem 0xfed4c000-0xffffffff] could not be reserved
[    0.507053] system 00:00: Plug and Play ACPI device, IDs PNP0c01 (active)
[    0.507359] system 00:01: [io  0x0400-0x047f] has been reserved
[    0.507435] system 00:01: [io  0x0500-0x057f] has been reserved
[    0.507503] system 00:01: [io  0x0800-0x080f] has been reserved
[    0.507573] system 00:01: [io  0x15e0-0x15ef] has been reserved
[    0.507641] system 00:01: [io  0x1600-0x167f] has been reserved
[    0.507710] system 00:01: [mem 0xf8000000-0xfbffffff] has been reserved
[    0.507782] system 00:01: [mem 0x00000000-0x00000fff] could not be reserved
[    0.507854] system 00:01: [mem 0xfed1c000-0xfed1ffff] has been reserved
[    0.507924] system 00:01: [mem 0xfed10000-0xfed13fff] has been reserved
[    0.507996] system 00:01: [mem 0xfed18000-0xfed18fff] has been reserved
[    0.508067] system 00:01: [mem 0xfed19000-0xfed19fff] has been reserved
[    0.508137] system 00:01: [mem 0xfed45000-0xfed4bfff] has been reserved
[    0.508226] system 00:01: Plug and Play ACPI device, IDs PNP0c02 (active)
[    0.508395] pnp 00:02: Plug and Play ACPI device, IDs PNP0b00 (active)
[    0.508485] pnp 00:03: Plug and Play ACPI device, IDs PNP0303 (active)
[    0.508569] pnp 00:04: Plug and Play ACPI device, IDs LEN0020 PNP0f13 (active)
[    0.508621] pnp 00:05: Plug and Play ACPI device, IDs SMO1200 PNP0c31 (active)
[    0.509856] pnp: PnP ACPI: found 6 devices
[    0.521095] clocksource: acpi_pm: mask: 0xffffff max_cycles: 0xffffff, max_idle_ns: 2085701024 ns
[    0.521206] pci 0000:00:1c.0: bridge window [io  0x1000-0x0fff] to [bus 02] add_size 1000
[    0.521210] pci 0000:00:1c.0: bridge window [mem 0x00100000-0x000fffff 64bit pref] to [bus 02] add_size 200000 add_align 100000
[    0.521213] pci 0000:00:1c.0: bridge window [mem 0x00100000-0x000fffff] to [bus 02] add_size 200000 add_align 100000
[    0.521253] pci 0000:00:1c.0: BAR 8: assigned [mem 0xdfa00000-0xdfbfffff]
[    0.521326] pci 0000:00:1c.0: BAR 9: assigned [mem 0xdfc00000-0xdfdfffff 64bit pref]
[    0.521400] pci 0000:00:1c.0: BAR 7: assigned [io  0x2000-0x2fff]
[    0.521470] pci 0000:00:1c.0: PCI bridge to [bus 02]
[    0.521535] pci 0000:00:1c.0:   bridge window [io  0x2000-0x2fff]
[    0.521606] pci 0000:00:1c.0:   bridge window [mem 0xdfa00000-0xdfbfffff]
[    0.521678] pci 0000:00:1c.0:   bridge window [mem 0xdfc00000-0xdfdfffff 64bit pref]
[    0.521756] pci 0000:00:1c.1: PCI bridge to [bus 03]
[    0.521822] pci 0000:00:1c.1:   bridge window [mem 0xf2400000-0xf24fffff]
[    0.521900] pci 0000:00:1c.3: PCI bridge to [bus 05-0c]
[    0.521965] pci 0000:00:1c.3:   bridge window [io  0x4000-0x4fff]
[    0.522036] pci 0000:00:1c.3:   bridge window [mem 0xf1c00000-0xf23fffff]
[    0.522107] pci 0000:00:1c.3:   bridge window [mem 0xf0400000-0xf0bfffff 64bit pref]
[    0.522185] pci 0000:00:1c.4: PCI bridge to [bus 0d]
[    0.522249] pci 0000:00:1c.4:   bridge window [io  0x3000-0x3fff]
[    0.522321] pci 0000:00:1c.4:   bridge window [mem 0xf1400000-0xf1bfffff]
[    0.522394] pci 0000:00:1c.4:   bridge window [mem 0xf0c00000-0xf13fffff 64bit pref]
[    0.522474] pci_bus 0000:00: resource 4 [io  0x0000-0x0cf7 window]
[    0.522476] pci_bus 0000:00: resource 5 [io  0x0d00-0xffff window]
[    0.522479] pci_bus 0000:00: resource 6 [mem 0x000a0000-0x000bffff window]
[    0.522481] pci_bus 0000:00: resource 7 [mem 0xdfa00000-0xfebfffff window]
[    0.522483] pci_bus 0000:00: resource 8 [mem 0xfed40000-0xfed4bfff window]
[    0.522485] pci_bus 0000:02: resource 0 [io  0x2000-0x2fff]
[    0.522487] pci_bus 0000:02: resource 1 [mem 0xdfa00000-0xdfbfffff]
[    0.522489] pci_bus 0000:02: resource 2 [mem 0xdfc00000-0xdfdfffff 64bit pref]
[    0.522491] pci_bus 0000:03: resource 1 [mem 0xf2400000-0xf24fffff]
[    0.522493] pci_bus 0000:05: resource 0 [io  0x4000-0x4fff]
[    0.522495] pci_bus 0000:05: resource 1 [mem 0xf1c00000-0xf23fffff]
[    0.522497] pci_bus 0000:05: resource 2 [mem 0xf0400000-0xf0bfffff 64bit pref]
[    0.522500] pci_bus 0000:0d: resource 0 [io  0x3000-0x3fff]
[    0.522501] pci_bus 0000:0d: resource 1 [mem 0xf1400000-0xf1bfffff]
[    0.522503] pci_bus 0000:0d: resource 2 [mem 0xf0c00000-0xf13fffff 64bit pref]
[    0.522774] NET: Registered protocol family 2
[    0.523260] tcp_listen_portaddr_hash hash table entries: 4096 (order: 6, 294912 bytes)
[    0.523479] TCP established hash table entries: 65536 (order: 7, 524288 bytes)
[    0.523652] TCP bind hash table entries: 65536 (order: 10, 4194304 bytes)
[    0.525868] TCP: Hash tables configured (established 65536 bind 65536)
[    0.526280] UDP hash table entries: 4096 (order: 7, 655360 bytes)
[    0.526664] UDP-Lite hash table entries: 4096 (order: 7, 655360 bytes)
[    0.527630] NET: Registered protocol family 1
[    0.528038] RPC: Registered named UNIX socket transport module.
[    0.528107] RPC: Registered udp transport module.
[    0.528169] RPC: Registered tcp transport module.
[    0.528231] RPC: Registered tcp NFSv4.1 backchannel transport module.
[    0.528557] pci 0000:00:02.0: Video device with shadowed ROM at [mem 0x000c0000-0x000dffff]
[    0.529694] PCI: CLS 64 bytes, default 64
[    0.529756] PCI-DMA: Using software bounce buffering for IO (SWIOTLB)
[    0.529825] software IO TLB: mapped [mem 0xd699f000-0xda99f000] (64MB)
[    0.532402] Initialise system trusted keyrings
[    0.532573] workingset: timestamp_bits=62 max_order=21 bucket_order=0
[    0.533905] Installing knfsd (copyright (C) 1996 okir@monad.swb.de).
[    0.534583] ntfs: driver 2.1.32 [Flags: R/W].
[    0.534766] fuse init (API version 7.27)
[    0.535154] pstore: using deflate compression
[    0.536908] Key type asymmetric registered
[    0.536974] Asymmetric key parser 'x509' registered
[    0.537064] Block layer SCSI generic (bsg) driver version 0.4 loaded (major 249)
[    0.537139] io scheduler noop registered
[    0.537198] io scheduler deadline registered
[    0.537285] io scheduler cfq registered (default)
[    0.537347] io scheduler mq-deadline registered
[    0.537429] io scheduler bfq registered
[    0.537703] pcieport 0000:00:1c.0: enabling device (0000 -> 0003)
[    0.538979] intel_idle: MWAIT substates: 0x21120
[    0.538981] intel_idle: v0.4.1 model 0x2A
[    0.539465] intel_idle: lapic_timer_reliable_states 0xffffffff
[    0.539813] ACPI: Deprecated procfs I/F for AC is loaded, please retry with CONFIG_ACPI_PROCFS_POWER cleared
[    0.540012] ACPI: AC Adapter [AC] (on-line)
[    0.540270] input: Lid Switch as /devices/LNXSYSTM:00/LNXSYBUS:00/PNP0C0D:00/input/input0
[    0.540461] ACPI: Lid Switch [LID]
[    0.540630] input: Sleep Button as /devices/LNXSYSTM:00/LNXSYBUS:00/PNP0C0E:00/input/input1
[    0.540747] ACPI: Sleep Button [SLPB]
[    0.540929] input: Power Button as /devices/LNXSYSTM:00/LNXPWRBN:00/input/input2
[    0.541028] ACPI: Power Button [PWRF]
[    0.544562] thermal LNXTHERM:00: registered as thermal_zone0
[    0.544630] ACPI: Thermal Zone [THM0] (63 C)
[    0.545183] battery: ACPI: Deprecated procfs I/F for battery is loaded, please retry with CONFIG_ACPI_PROCFS_POWER cleared
[    0.545187] Serial: 8250/16550 driver, 4 ports, IRQ sharing disabled
[    0.545312] battery: ACPI: Battery Slot [BAT0] (battery absent)
[    0.546548] lp: driver loaded but no devices found
[    0.546691] Non-volatile memory driver v1.3
[    0.546930] Linux agpgart interface v0.103
[    0.547264] [drm] radeon kernel modesetting enabled.
[    0.548286] [drm] Replacing VGA console driver
[    0.548822] Console: switching to colour dummy device 80x25
[    0.560114] [drm] Supports vblank timestamp caching Rev 2 (21.10.2013).
[    0.560134] [drm] Driver supports precise vblank timestamp query.
[    0.561090] i915 0000:00:02.0: vgaarb: changed VGA decodes: olddecodes=io+mem,decodes=io+mem:owns=io+mem
[    0.643811] [drm] Initialized i915 1.6.0 20180719 for 0000:00:02.0 on minor 0
[    0.645819] ACPI: Video Device [VID] (multi-head: yes  rom: no  post: no)
[    0.646398] input: Video Bus as /devices/LNXSYSTM:00/LNXSYBUS:00/PNP0A08:00/LNXVIDEO:00/input/input3
[    0.646765] usbcore: registered new interface driver udl
[    0.655130] loop: module loaded
[    0.669438] ahci 0000:00:1f.2: version 3.0
[    0.670041] ahci 0000:00:1f.2: SSS flag set, parallel bus scan disabled
[    0.684060] ahci 0000:00:1f.2: AHCI 0001.0300 32 slots 6 ports 6 Gbps 0x17 impl SATA mode
[    0.684082] ahci 0000:00:1f.2: flags: 64bit ncq sntf ilck stag pm led clo pio slum part ems sxs apst 
[    0.722280] scsi host0: ahci
[    0.722654] scsi host1: ahci
[    0.722940] scsi host2: ahci
[    0.723274] scsi host3: ahci
[    0.723585] scsi host4: ahci
[    0.723864] scsi host5: ahci
[    0.724040] ata1: SATA max UDMA/133 abar m2048@0xf2528000 port 0xf2528100 irq 19
[    0.724060] ata2: SATA max UDMA/133 abar m2048@0xf2528000 port 0xf2528180 irq 19
[    0.724077] ata3: SATA max UDMA/133 abar m2048@0xf2528000 port 0xf2528200 irq 19
[    0.724094] ata4: DUMMY
[    0.724101] ata5: SATA max UDMA/133 abar m2048@0xf2528000 port 0xf2528300 irq 19
[    0.724117] ata6: DUMMY
[    0.724929] tun: Universal TUN/TAP device driver, 1.6
[    0.725324] e1000e: Intel(R) PRO/1000 Network Driver - 3.2.6-k
[    0.725343] e1000e: Copyright(c) 1999 - 2015 Intel Corporation.
[    0.725737] e1000e 0000:00:19.0: Interrupt Throttling Rate (ints/sec) set to dynamic conservative mode
[    0.823411] e1000e 0000:00:19.0 0000:00:19.0 (uninitialized): registered PHC clock
[    0.916702] e1000e 0000:00:19.0 eth0: (PCI Express:2.5GT/s:Width x1) f0:de:f1:e3:99:75
[    0.916731] e1000e 0000:00:19.0 eth0: Intel(R) PRO/1000 Network Connection
[    0.916803] e1000e 0000:00:19.0 eth0: MAC: 10, PHY: 11, PBA No: 1000FF-0FF
[    0.916968] PPP generic driver version 2.4.2
[    0.917139] PPP BSD Compression module registered
[    0.917150] PPP Deflate Compression module registered
[    0.917161] SLIP: version 0.8.4-NET3.019-NEWTTY (dynamic channels, max=256).
[    0.917174] CSLIP: code copyright 1989 Regents of the University of California.
[    0.917251] iwl3945: Intel(R) PRO/Wireless 3945ABG/BG Network Connection driver for Linux, in-tree:ds
[    0.917271] iwl3945: Copyright(c) 2003-2011 Intel Corporation
[    0.917282] iwl3945: hw_scan is disabled
[    0.917327] Intel(R) Wireless WiFi driver for Linux
[    0.917341] Copyright(c) 2003- 2015 Intel Corporation
[    0.917737] iwlwifi 0000:03:00.0: pci_enable_msi failed - -38
[    0.918042] usbcore: registered new interface driver ax88179_178a
[    0.918095] usbcore: registered new interface driver cdc_ether
[    0.918146] usbcore: registered new interface driver cdc_eem
[    0.918184] usbcore: registered new interface driver net1080
[    0.918233] usbcore: registered new interface driver cdc_subset
[    0.918281] usbcore: registered new interface driver zaurus
[    0.918341] usbcore: registered new interface driver cdc_ncm
[    0.918377] usbcore: registered new interface driver cdc_mbim
[    0.918663] ehci_hcd: USB 2.0 'Enhanced' Host Controller (EHCI) Driver
[    0.918697] ehci-pci: EHCI PCI platform driver
[    0.918778] iwlwifi 0000:03:00.0: loaded firmware version 39.31.5.1 build 35138 op_mode iwldvm
[    0.918896] iwlwifi 0000:03:00.0: CONFIG_IWLWIFI_DEBUG disabled
[    0.918912] iwlwifi 0000:03:00.0: CONFIG_IWLWIFI_DEBUGFS disabled
[    0.918928] iwlwifi 0000:03:00.0: CONFIG_IWLWIFI_DEVICE_TRACING disabled
[    0.918946] iwlwifi 0000:03:00.0: Detected Intel(R) Centrino(R) Wireless-N 1000 BGN, REV=0x6C
[    0.919064] ehci-pci 0000:00:1a.0: EHCI Host Controller
[    0.919242] ehci-pci 0000:00:1a.0: new USB bus registered, assigned bus number 1
[    0.919309] ehci-pci 0000:00:1a.0: debug port 2
[    0.923275] ehci-pci 0000:00:1a.0: cache line size of 64 is not supported
[    0.923286] ehci-pci 0000:00:1a.0: irq 16, io mem 0xf252a000
[    0.929377] fbcon: inteldrmfb (fb0) is primary device
[    0.935291] iwlwifi 0000:03:00.0: reporting RF_KILL (radio disabled)
[    0.936018] ehci-pci 0000:00:1a.0: USB 2.0 started, EHCI 1.00
[    0.936288] usb usb1: New USB device found, idVendor=1d6b, idProduct=0002, bcdDevice= 4.19
[    0.936290] usb usb1: New USB device strings: Mfr=3, Product=2, SerialNumber=1
[    0.936292] usb usb1: Product: EHCI Host Controller
[    0.936294] usb usb1: Manufacturer: Linux 4.19.0-rc1 ehci_hcd
[    0.936296] usb usb1: SerialNumber: 0000:00:1a.0
[    0.936816] hub 1-0:1.0: USB hub found
[    0.936858] hub 1-0:1.0: 3 ports detected
[    0.937699] ehci-pci 0000:00:1d.0: EHCI Host Controller
[    0.937850] ehci-pci 0000:00:1d.0: new USB bus registered, assigned bus number 2
[    0.937880] ehci-pci 0000:00:1d.0: debug port 2
[    0.941837] ehci-pci 0000:00:1d.0: cache line size of 64 is not supported
[    0.941865] ehci-pci 0000:00:1d.0: irq 23, io mem 0xf2529000
[    0.956082] ehci-pci 0000:00:1d.0: USB 2.0 started, EHCI 1.00
[    0.956309] usb usb2: New USB device found, idVendor=1d6b, idProduct=0002, bcdDevice= 4.19
[    0.956311] usb usb2: New USB device strings: Mfr=3, Product=2, SerialNumber=1
[    0.956313] usb usb2: Product: EHCI Host Controller
[    0.956315] usb usb2: Manufacturer: Linux 4.19.0-rc1 ehci_hcd
[    0.956317] usb usb2: SerialNumber: 0000:00:1d.0
[    0.956827] hub 2-0:1.0: USB hub found
[    0.956864] hub 2-0:1.0: 3 ports detected
[    0.957410] ohci_hcd: USB 1.1 'Open' Host Controller (OHCI) Driver
[    0.957421] ohci-pci: OHCI PCI platform driver
[    0.957455] uhci_hcd: USB Universal Host Controller Interface driver
[    0.957679] usbcore: registered new interface driver cdc_acm
[    0.957681] cdc_acm: USB Abstract Control Model driver for USB modems and ISDN adapters
[    0.957724] usbcore: registered new interface driver usblp
[    0.957752] usbcore: registered new interface driver cdc_wdm
[    0.957802] usbcore: registered new interface driver usb-storage
[    0.957835] usbcore: registered new interface driver ums-sddr09
[    0.957960] usbcore: registered new interface driver usbserial_generic
[    0.958021] usbserial: USB Serial support registered for generic
[    0.958059] usbcore: registered new interface driver ch341
[    0.958089] usbserial: USB Serial support registered for ch341-uart
[    0.958130] usbcore: registered new interface driver ftdi_sio
[    0.958158] usbserial: USB Serial support registered for FTDI USB Serial Device
[    0.958212] usbcore: registered new interface driver option
[    0.958247] usbserial: USB Serial support registered for GSM modem (1-port)
[    0.958302] usbcore: registered new interface driver pl2303
[    0.958336] usbserial: USB Serial support registered for pl2303
[    0.958367] usbcore: registered new interface driver ti_usb_3410_5052
[    0.958385] usbserial: USB Serial support registered for TI USB 3410 1 port adapter
[    0.958408] usbserial: USB Serial support registered for TI USB 5052 2 port adapter
[    0.958412] ftdi_elan: driver ftdi-elan
[    0.958448] usbcore: registered new interface driver ftdi-elan
[    0.958560] i8042: PNP: PS/2 Controller [PNP0303:KBD,PNP0f13:MOU] at 0x60,0x64 irq 1,12
[    0.961784] serio: i8042 KBD port at 0x60,0x64 irq 1
[    0.961805] serio: i8042 AUX port at 0x60,0x64 irq 12
[    0.962150] mousedev: PS/2 mouse device common for all mice
[    0.962764] input: PC Speaker as /devices/platform/pcspkr/input/input4
[    0.963021] rtc_cmos 00:02: RTC can wake from S4
[    0.963298] rtc_cmos 00:02: registered as rtc0
[    0.963384] rtc_cmos 00:02: alarms up to one month, y3k, 114 bytes nvram, hpet irqs
[    0.963485] usbcore: registered new interface driver uvcvideo
[    0.963486] USB Video Class driver (1.1.1)
[    0.963487] gspca_main: v2.14.0 registered
[    0.963531] usbcore: registered new interface driver sq930x
[    0.964313] iwlwifi 0000:03:00.0: RF_KILL bit toggled to disable radio.
[    0.964417] device-mapper: ioctl: 4.39.0-ioctl (2018-04-03) initialised: dm-devel@redhat.com
[    0.964420] Bluetooth: HCI UART driver ver 2.3
[    0.964422] Bluetooth: HCI UART protocol H4 registered
[    0.964423] Bluetooth: HCI UART protocol BCSP registered
[    0.964511] ieee80211 phy0: Selected rate control algorithm 'iwl-agn-rs'
[    0.964512] usbcore: registered new interface driver btusb
[    0.964520] intel_pstate: Intel P-state driver initializing
[    0.964935] sdhci: Secure Digital Host Controller Interface driver
[    0.964937] sdhci: Copyright(c) Pierre Ossman
[    0.965041] sdhci-pci 0000:0d:00.0: SDHCI controller found [1180:e823] (rev 4)
[    0.967156] mmc0 bounce up to 128 segments into one, max segment size 65536 bytes
[    0.967298] input: AT Translated Set 2 keyboard as /devices/platform/i8042/serio0/input/input5
[    0.969818] mmc0: SDHCI controller on PCI [0000:0d:00.0] using DMA
[    0.970278] hidraw: raw HID events driver (C) Jiri Kosina
[    0.973532] usbcore: registered new interface driver usbhid
[    0.973536] usbhid: USB HID core driver
[    0.975640] thinkpad_acpi: ThinkPad ACPI Extras v0.26
[    0.975644] thinkpad_acpi: http://ibm-acpi.sf.net/
[    0.975647] thinkpad_acpi: ThinkPad BIOS 8DET74WW (1.44 ), EC unknown
[    0.975650] thinkpad_acpi: Lenovo ThinkPad X220, model 42872WU
[    0.979313] thinkpad_acpi: radio switch found; radios are disabled
[    0.979548] thinkpad_acpi: Tablet mode switch found (type: MHKG), currently in laptop mode
[    0.979567] thinkpad_acpi: This ThinkPad has standard ACPI backlight brightness control, supported by the ACPI video driver
[    0.979568] thinkpad_acpi: Disabling thinkpad-acpi brightness events by default...
[    0.988021] thinkpad_acpi: rfkill switch tpacpi_bluetooth_sw: radio is blocked
[    0.989730] thinkpad_acpi: warning: userspace override of important firmware LEDs is enabled
[    0.989750] thinkpad_acpi: Standard ACPI backlight interface available, not loading native one
[    0.989751] thinkpad_acpi: volume: disabled as there is no ALSA support in this kernel
[    0.991160] battery: new extension: ThinkPad Battery Extension
[    0.991163] random: fast init done
[    0.991242] input: ThinkPad Extra Buttons as /devices/platform/thinkpad_acpi/input/input8
[    0.993705] usbcore: registered new interface driver snd-usb-audio
[    0.997492] NET: Registered protocol family 17
[    0.997671] Bluetooth: RFCOMM TTY layer initialized
[    0.997732] Bluetooth: RFCOMM socket layer initialized
[    0.997750] Bluetooth: RFCOMM ver 1.11
[    0.997765] Bluetooth: BNEP (Ethernet Emulation) ver 1.3
[    0.997767] Bluetooth: BNEP filters: protocol multicast
[    0.997774] Bluetooth: BNEP socket layer initialized
[    0.997776] Bluetooth: HIDP (Human Interface Emulation) ver 1.2
[    0.997786] Bluetooth: HIDP socket layer initialized
[    0.998088] microcode: sig=0x206a7, pf=0x10, revision=0x2d
[    0.998259] microcode: Microcode Update Driver: v2.2.
[    0.998295] sched_clock: Marking stable (986557083, 11668309)->(1008156833, -9931441)
[    0.998736] Loading compiled-in X.509 certificates
[    0.999297] Key type encrypted registered
[    0.999824] rtc_cmos 00:02: setting system clock to 2018-09-14 08:50:00 UTC (1536915000)
[    1.000229] cfg80211: Loading compiled-in X.509 certificates for regulatory database
[    1.001127] cfg80211: Loaded X.509 cert 'sforshee: 00b28ddf47aef9cea7'
[    1.001310] platform regulatory.0: Direct firmware load for regulatory.db failed with error -2
[    1.001328] cfg80211: failed to load regulatory.db
[    1.040104] ata1: SATA link up 1.5 Gbps (SStatus 113 SControl 300)
[    1.063372] Console: switching to colour frame buffer device 102x42
[    1.063629] snd_hda_intel 0000:00:1b.0: bound 0000:00:02.0 (ops i915_audio_component_bind_ops)
[    1.068944] ata1.00: ACPI cmd ef/02:00:00:00:00:a0 (SET FEATURES) succeeded
[    1.068955] ata1.00: ACPI cmd f5/00:00:00:00:00:a0 (SECURITY FREEZE LOCK) filtered out
[    1.068962] ata1.00: ACPI cmd ef/10:03:00:00:00:a0 (SET FEATURES) filtered out
[    1.070214] ata1.00: ATA-8: Hitachi HTS545050A7E380, GG2OA7J0, max UDMA/133
[    1.070221] ata1.00: 976773168 sectors, multi 16: LBA48 NCQ (depth 32), AA
[    1.071983] ata1.00: ACPI cmd ef/02:00:00:00:00:a0 (SET FEATURES) succeeded
[    1.071996] ata1.00: ACPI cmd f5/00:00:00:00:00:a0 (SECURITY FREEZE LOCK) filtered out
[    1.072006] ata1.00: ACPI cmd ef/10:03:00:00:00:a0 (SET FEATURES) filtered out
[    1.073167] ata1.00: configured for UDMA/133
[    1.084921] snd_hda_codec_generic hdaudioC0D0: autoconfig for Generic: line_outs=1 (0x1f/0x0/0x0/0x0/0x0) type:speaker
[    1.086206] i915 0000:00:02.0: fb0: inteldrmfb frame buffer device
[    1.087490] snd_hda_codec_generic hdaudioC0D0:    speaker_outs=0 (0x0/0x0/0x0/0x0/0x0)
[    1.171798] snd_hda_codec_generic hdaudioC0D0:    hp_outs=1 (0x19/0x0/0x0/0x0/0x0)
[    1.172726] snd_hda_codec_generic hdaudioC0D0:    mono: mono_out=0x0
[    1.173582] snd_hda_codec_generic hdaudioC0D0:    inputs:
[    1.174415] snd_hda_codec_generic hdaudioC0D0:      Internal Mic=0x23
[    1.175244] snd_hda_codec_generic hdaudioC0D0:      Mic=0x1b
[    1.176436] scsi 0:0:0:0: Direct-Access     ATA      Hitachi HTS54505 A7J0 PQ: 0 ANSI: 5
[    1.177745] sd 0:0:0:0: [sda] 976773168 512-byte logical blocks: (500 GB/466 GiB)
[    1.177881] sd 0:0:0:0: Attached scsi generic sg0 type 0
[    1.179196] sd 0:0:0:0: [sda] 4096-byte physical blocks
[    1.181580] sd 0:0:0:0: [sda] Write Protect is off
[    1.182980] sd 0:0:0:0: [sda] Mode Sense: 00 3a 00 00
[    1.183004] sd 0:0:0:0: [sda] Write cache: enabled, read cache: enabled, doesn't support DPO or FUA
[    1.186094] snd_hda_codec_generic hdaudioC0D3: ignore pin 0x7, too many assigned pins
[    1.187033] snd_hda_codec_generic hdaudioC0D3: autoconfig for Generic: line_outs=0 (0x0/0x0/0x0/0x0/0x0) type:line
[    1.188014] snd_hda_codec_generic hdaudioC0D3:    speaker_outs=0 (0x0/0x0/0x0/0x0/0x0)
[    1.188984] snd_hda_codec_generic hdaudioC0D3:    hp_outs=0 (0x0/0x0/0x0/0x0/0x0)
[    1.189919] snd_hda_codec_generic hdaudioC0D3:    mono: mono_out=0x0
[    1.190810] snd_hda_codec_generic hdaudioC0D3:    dig-out=0x5/0x6
[    1.191693] snd_hda_codec_generic hdaudioC0D3:    inputs:
[    1.194612] input: HDA Intel PCH Mic as /devices/pci0000:00/0000:00:1b.0/sound/card0/input9
[    1.195732] input: HDA Intel PCH Headphone as /devices/pci0000:00/0000:00:1b.0/sound/card0/input10
[    1.196871] input: HDA Intel PCH HDMI as /devices/pci0000:00/0000:00:1b.0/sound/card0/input11
[    1.197961] input: HDA Intel PCH HDMI as /devices/pci0000:00/0000:00:1b.0/sound/card0/input12
[    1.220222]  sda: sda1 sda2 sda3 sda4
[    1.223669] sd 0:0:0:0: [sda] Attached SCSI disk
[    1.272063] usb 1-1: new high-speed USB device number 2 using ehci-pci
[    1.292070] usb 2-1: new high-speed USB device number 2 using ehci-pci
[    1.428682] usb 1-1: New USB device found, idVendor=8087, idProduct=0024, bcdDevice= 0.00
[    1.430130] usb 1-1: New USB device strings: Mfr=0, Product=0, SerialNumber=0
[    1.432035] hub 1-1:1.0: USB hub found
[    1.433659] hub 1-1:1.0: 6 ports detected
[    1.452875] usb 2-1: New USB device found, idVendor=8087, idProduct=0024, bcdDevice= 0.00
[    1.454112] usb 2-1: New USB device strings: Mfr=0, Product=0, SerialNumber=0
[    1.455897] hub 2-1:1.0: USB hub found
[    1.457218] hub 2-1:1.0: 8 ports detected
[    1.496060] ata2: SATA link down (SStatus 0 SControl 300)
[    1.544093] tsc: Refined TSC clocksource calibration: 2491.903 MHz
[    1.546961] clocksource: tsc: mask: 0xffffffffffffffff max_cycles: 0x23eb58d8049, max_idle_ns: 440795218031 ns
[    1.550170] clocksource: Switched to clocksource tsc
[    1.723942] usb 1-1.3: new full-speed USB device number 3 using ehci-pci
[    1.748060] usb 2-1.1: new high-speed USB device number 3 using ehci-pci
[    1.816068] ata3: SATA link up 3.0 Gbps (SStatus 123 SControl 300)
[    1.834912] usb 1-1.3: New USB device found, idVendor=147e, idProduct=2016, bcdDevice= 0.02
[    1.838164] usb 1-1.3: New USB device strings: Mfr=1, Product=2, SerialNumber=0
[    1.841337] usb 1-1.3: Product: Biometric Coprocessor
[    1.842100] ata3.00: ACPI cmd ef/02:00:00:00:00:a0 (SET FEATURES) succeeded
[    1.844432] usb 1-1.3: Manufacturer: UPEK
[    1.844440] ata3.00: ACPI cmd f5/00:00:00:00:00:a0 (SECURITY FREEZE LOCK) filtered out
[    1.844448] ata3.00: ACPI cmd ef/10:03:00:00:00:a0 (SET FEATURES) filtered out
[    1.856200] ata3.00: ATA-8: KINGSTON SMS200S3240G, 60AABBF0, max UDMA/133
[    1.857832] ata3.00: 468862128 sectors, multi 1: LBA48 NCQ (depth 32), AA
[    1.859427] psmouse serio1: synaptics: queried max coordinates: x [..5472], y [..4448]
[    1.865906] ata3.00: ACPI cmd ef/02:00:00:00:00:a0 (SET FEATURES) succeeded
[    1.865914] ata3.00: ACPI cmd f5/00:00:00:00:00:a0 (SECURITY FREEZE LOCK) filtered out
[    1.866341] usb 2-1.1: New USB device found, idVendor=05e3, idProduct=0608, bcdDevice=77.64
[    1.867678] ata3.00: ACPI cmd ef/10:03:00:00:00:a0 (SET FEATURES) filtered out
[    1.869487] usb 2-1.1: New USB device strings: Mfr=0, Product=1, SerialNumber=0
[    1.872212] usb 2-1.1: Product: USB2.0 Hub
[    1.874190] hub 2-1.1:1.0: USB hub found
[    1.875981] hub 2-1.1:1.0: 4 ports detected
[    1.876514] ata3.00: configured for UDMA/133
[    1.879044] scsi 2:0:0:0: Direct-Access     ATA      KINGSTON SMS200S BBF0 PQ: 0 ANSI: 5
[    1.882767] sd 2:0:0:0: [sdb] 468862128 512-byte logical blocks: (240 GB/224 GiB)
[    1.882851] sd 2:0:0:0: Attached scsi generic sg1 type 0
[    1.883990] sd 2:0:0:0: [sdb] Write Protect is off
[    1.886249] sd 2:0:0:0: [sdb] Mode Sense: 00 3a 00 00
[    1.886273] sd 2:0:0:0: [sdb] Write cache: enabled, read cache: enabled, doesn't support DPO or FUA
[    1.888381]  sdb: sdb2 sdb4
[    1.890943] sd 2:0:0:0: [sdb] Attached SCSI disk
[    1.924091] usb 1-1.6: new high-speed USB device number 4 using ehci-pci
[    1.943474] psmouse serio1: synaptics: Touchpad model: 1, fw: 8.0, id: 0x1e2b1, caps: 0xd001a3/0x940300/0x120c00/0x0, board id: 1611, fw id: 774180
[    1.951552] psmouse serio1: synaptics: serio: Synaptics pass-through port at isa0060/serio1/input0
[    1.960058] usb 2-1.2: new high-speed USB device number 4 using ehci-pci
[    2.004519] input: SynPS/2 Synaptics TouchPad as /devices/platform/i8042/serio1/input/input7
[    2.044068] usb 1-1.6: New USB device found, idVendor=04f2, idProduct=b217, bcdDevice= 8.54
[    2.047513] usb 1-1.6: New USB device strings: Mfr=1, Product=2, SerialNumber=0
[    2.050885] usb 1-1.6: Product: Integrated Camera
[    2.052410] usb 1-1.6: Manufacturer: Chicony Electronics Co., Ltd.
[    2.056295] uvcvideo: Found UVC 1.00 device Integrated Camera (04f2:b217)
[    2.068981] uvcvideo 1-1.6:1.0: Entity type for entity Extension 3 was not initialized!
[    2.070563] uvcvideo 1-1.6:1.0: Entity type for entity Processing 2 was not initialized!
[    2.072096] uvcvideo 1-1.6:1.0: Entity type for entity Camera 1 was not initialized!
[    2.075252] usb 2-1.2: New USB device found, idVendor=1a40, idProduct=0101, bcdDevice= 1.11
[    2.076872] usb 2-1.2: New USB device strings: Mfr=0, Product=1, SerialNumber=0
[    2.078444] usb 2-1.2: Product: USB 2.0 Hub
[    2.080830] hub 2-1.2:1.0: USB hub found
[    2.082554] hub 2-1.2:1.0: 4 ports detected
[    2.168090] usb 2-1.1.1: new low-speed USB device number 5 using ehci-pci
[    2.207761] ata5: SATA link down (SStatus 0 SControl 300)
[    2.246749] PM: Image not found (code -22)
[    2.246829] ALSA device list:
[    2.250312]   #0: HDA Intel PCH at 0xf2520000 irq 22
[    2.298690] usb 2-1.1.1: New USB device found, idVendor=06a3, idProduct=053f, bcdDevice= 0.02
[    2.302312] usb 2-1.1.1: New USB device strings: Mfr=1, Product=2, SerialNumber=3
[    2.305818] usb 2-1.1.1: Product: Saitek X36
[    2.309251] usb 2-1.1.1: Manufacturer: Saitek
[    2.310220] usb 2-1.1.1: SerialNumber: 00103464
[    2.352575] input: Saitek Saitek X36 as /devices/pci0000:00/0000:00:1d.0/usb2/2-1/2-1.1/2-1.1.1/2-1.1.1:1.0/0003:06A3:053F.0001/input/input14
[    2.361187] hid-generic 0003:06A3:053F.0001: input,hidraw0: USB HID v1.00 Joystick [Saitek Saitek X36] on usb-0000:00:1d.0-1.1.1/input0
[    2.392017] usb 2-1.2.1: new low-speed USB device number 6 using ehci-pci
[    2.529052] usb 2-1.2.1: New USB device found, idVendor=046d, idProduct=c05a, bcdDevice=63.00
[    2.532934] usb 2-1.2.1: New USB device strings: Mfr=1, Product=2, SerialNumber=0
[    2.536665] usb 2-1.2.1: Product: USB Optical Mouse
[    2.537896] usb 2-1.2.1: Manufacturer: Logitech
[    2.542610] input: Logitech USB Optical Mouse as /devices/pci0000:00/0000:00:1d.0/usb2/2-1/2-1.2/2-1.2.1/2-1.2.1:1.0/0003:046D:C05A.0002/input/input15
[    2.545930] hid-generic 0003:046D:C05A.0002: input,hidraw1: USB HID v1.11 Mouse [Logitech USB Optical Mouse] on usb-0000:00:1d.0-1.2.1/input0
[    2.648097] usb 2-1.2.2: new low-speed USB device number 7 using ehci-pci
[    2.756698] psmouse serio2: trackpoint: IBM TrackPoint firmware: 0x0e, buttons: 3/3
[    2.788798] usb 2-1.2.2: New USB device found, idVendor=04f2, idProduct=0111, bcdDevice= 1.02
[    2.792683] usb 2-1.2.2: New USB device strings: Mfr=1, Product=2, SerialNumber=0
[    2.795005] usb 2-1.2.2: Product: USB Keyboard
[    2.797143] usb 2-1.2.2: Manufacturer: Chicony
[    2.805283] input: Chicony USB Keyboard as /devices/pci0000:00/0000:00:1d.0/usb2/2-1/2-1.2/2-1.2.2/2-1.2.2:1.0/0003:04F2:0111.0003/input/input16
[    2.870282] hid-generic 0003:04F2:0111.0003: input,hidraw2: USB HID v1.10 Keyboard [Chicony USB Keyboard] on usb-0000:00:1d.0-1.2.2/input0
[    2.886142] input: Chicony USB Keyboard System Control as /devices/pci0000:00/0000:00:1d.0/usb2/2-1/2-1.2/2-1.2.2/2-1.2.2:1.1/0003:04F2:0111.0004/input/input17
[    2.948917] input: Chicony USB Keyboard Consumer Control as /devices/pci0000:00/0000:00:1d.0/usb2/2-1/2-1.2/2-1.2.2/2-1.2.2:1.1/0003:04F2:0111.0004/input/input18
[    2.959371] hid-generic 0003:04F2:0111.0004: input,hiddev96,hidraw3: USB HID v1.10 Device [Chicony USB Keyboard] on usb-0000:00:1d.0-1.2.2/input1
[    3.036823] input: TPPS/2 IBM TrackPoint as /devices/platform/i8042/serio1/serio2/input/input13
[    3.147821] md: Waiting for all devices to be available before autodetect
[    3.152554] md: If you don't use raid, use raid=noautodetect
[    3.158464] md: Autodetecting RAID arrays.
[    3.159731] md: autorun ...
[    3.160960] md: ... autorun DONE.
[    3.171487] EXT4-fs (sdb4): mounted filesystem with ordered data mode. Opts: (null)
[    3.172799] VFS: Mounted root (ext4 filesystem) readonly on device 8:20.
[    3.174837] devtmpfs: mounted
[    3.177474] Freeing unused kernel image memory: 1004K
[    3.200778] Write protecting the kernel read-only data: 24576k
[    3.205865] Freeing unused kernel image memory: 2008K
[    3.209466] Freeing unused kernel image memory: 896K
[    3.220730] x86/mm: Checked W+X mappings: passed, no W+X pages found.
[    3.221798] rodata_test: all tests were successful
[    3.222850] x86/mm: Checking user space page tables
[    3.232039] x86/mm: Checked W+X mappings: passed, no W+X pages found.
[    3.233086] Run /sbin/init as init process
[    3.286920] random: systemd: uninitialized urandom read (16 bytes read)
[    3.288832] systemd[1]: systemd 215 running in system mode. (+PAM +AUDIT +SELINUX +IMA +SYSVINIT +LIBCRYPTSETUP +GCRYPT +ACL +XZ -SECCOMP -APPARMOR)
[    3.308350] systemd[1]: Detected architecture 'x86-64'.
[    3.325733] systemd[1]: Failed to insert module 'ipv6'
[    3.327197] systemd[1]: Set hostname to <duo>.
[    3.340266] random: systemd-sysv-ge: uninitialized urandom read (16 bytes read)
[    3.379012] random: systemd-sysv-ge: uninitialized urandom read (16 bytes read)
[    3.456914] systemd[1]: Binding to IPv6 address not available since kernel does not support IPv6.
[    3.458245] systemd[1]: [/lib/systemd/system/gpsd.socket:6] Failed to parse address value, ignoring: [::1]:2947
[    3.462972] systemd[1]: Starting Forward Password Requests to Wall Directory Watch.
[    3.464576] systemd[1]: Started Forward Password Requests to Wall Directory Watch.
[    3.465879] systemd[1]: Starting Remote File Systems (Pre).
[    3.468864] systemd[1]: Reached target Remote File Systems (Pre).
[    3.565707] systemd-udevd[1963]: starting version 215
[    3.818809] e1000e 0000:00:19.0 eth2: renamed from eth0
[    3.864402] systemd-udevd[2165]: renamed network interface eth0 to eth2
[    3.864571] iwlwifi 0000:03:00.0 wlan1: renamed from wlan0
[    3.880955] systemd-udevd[2268]: renamed network interface wlan0 to wlan1
[    5.140012] EXT4-fs (sdb4): re-mounted. Opts: errors=remount-ro
[    5.380486] Adding 1681428k swap on /dev/sda1.  Priority:-2 extents:1 across:1681428k 
[    5.915827] EXT4-fs (sda2): mounted filesystem with ordered data mode. Opts: errors=remount-ro
[    5.963087] systemd-journald[1965]: Received request to flush runtime journal from PID 1
[    6.583065] device-mapper: table: 251:0: thin-pool: unknown target type
[    6.584182] device-mapper: ioctl: error adding target to table
[    7.420543] NFSD: Using /var/lib/nfs/v4recovery as the NFSv4 state recovery directory
[    7.420811] NFSD: starting 45-second grace period (net f0000098)
[    9.122031] e1000e: eth2 NIC Link is Up 100 Mbps Full Duplex, Flow Control: Rx/Tx
[    9.122040] e1000e 0000:00:19.0 eth2: 10/100 speed: disabling TSO
[   10.677864] random: crng init done
[   10.677875] random: 7 urandom warning(s) missed due to ratelimiting
[   61.410197] EXT4-fs (sda4): mounted filesystem with ordered data mode. Opts: (null)
[   90.252887] EXT4-fs (sda3): VFS: Can't find ext4 filesystem
[   90.258645] EXT4-fs (sda3): VFS: Can't find ext4 filesystem
[   90.262430] EXT2-fs (sda3): error: can't find an ext2 filesystem on dev sda3.
[   90.267034] FAT-fs (sda3): bogus number of reserved sectors
[   90.267056] FAT-fs (sda3): Can't find a valid FAT filesystem
[   90.271201] FAT-fs (sda3): bogus number of reserved sectors
[   90.271215] FAT-fs (sda3): Can't find a valid FAT filesystem
[   90.279398] ISOFS: Unable to identify CD-ROM format.
[   90.302934] UDF-fs: warning (device sda3): udf_load_vrs: No VRS found
[   90.302949] UDF-fs: Scanning with blocksize 512 failed
[   90.303214] UDF-fs: warning (device sda3): udf_load_vrs: No VRS found
[   90.303225] UDF-fs: Scanning with blocksize 1024 failed
[   90.303460] UDF-fs: warning (device sda3): udf_load_vrs: No VRS found
[   90.303469] UDF-fs: Scanning with blocksize 2048 failed
[   90.303708] UDF-fs: warning (device sda3): udf_load_vrs: No VRS found
[   90.303717] UDF-fs: Scanning with blocksize 4096 failed
[   90.306639] F2FS-fs (sda3): Magic Mismatch, valid(0xf2f52010) - read(0x0)
[   90.306644] F2FS-fs (sda3): Can't find valid F2FS filesystem in 1th superblock
[   90.306761] F2FS-fs (sda3): Magic Mismatch, valid(0xf2f52010) - read(0x0)
[   90.306765] F2FS-fs (sda3): Can't find valid F2FS filesystem in 2th superblock
[   90.306802] F2FS-fs (sda3): Magic Mismatch, valid(0xf2f52010) - read(0x0)
[   90.306806] F2FS-fs (sda3): Can't find valid F2FS filesystem in 1th superblock
[   90.306810] F2FS-fs (sda3): Magic Mismatch, valid(0xf2f52010) - read(0x0)
[   90.306813] F2FS-fs (sda3): Can't find valid F2FS filesystem in 2th superblock
[   90.847229] EXT4-fs (sdb2): VFS: Can't find ext4 filesystem
[   90.849910] EXT4-fs (sdb2): VFS: Can't find ext4 filesystem
[   90.853841] EXT2-fs (sdb2): error: can't find an ext2 filesystem on dev sdb2.
[   90.856964] FAT-fs (sdb2): bogus number of reserved sectors
[   90.856977] FAT-fs (sdb2): Can't find a valid FAT filesystem
[   90.861148] FAT-fs (sdb2): bogus number of reserved sectors
[   90.861159] FAT-fs (sdb2): Can't find a valid FAT filesystem
[   90.871396] ISOFS: Unable to identify CD-ROM format.
[   90.888164] UDF-fs: warning (device sdb2): udf_load_vrs: No VRS found
[   90.888175] UDF-fs: Scanning with blocksize 512 failed
[   90.888334] UDF-fs: warning (device sdb2): udf_load_vrs: No VRS found
[   90.888349] UDF-fs: Scanning with blocksize 1024 failed
[   90.888430] UDF-fs: warning (device sdb2): udf_load_vrs: No VRS found
[   90.888441] UDF-fs: Scanning with blocksize 2048 failed
[   90.888529] UDF-fs: warning (device sdb2): udf_load_vrs: No VRS found
[   90.888543] UDF-fs: Scanning with blocksize 4096 failed
[   90.890970] F2FS-fs (sdb2): Magic Mismatch, valid(0xf2f52010) - read(0x0)
[   90.890978] F2FS-fs (sdb2): Can't find valid F2FS filesystem in 1th superblock
