[    0.000000] Linux version 4.17.0-rc5+ (pavel@half) (gcc version 4.9.2 (Debian 4.9.2-10+deb8u1)) #524 SMP Mon May 14 11:04:31 CEST 2018
[    0.000000] Disabled fast string operations
[    0.000000] x86/fpu: x87 FPU will use FXSAVE
[    0.000000] e820: BIOS-provided physical RAM map:
[    0.000000] BIOS-e820: [mem 0x0000000000000000-0x000000000009efff] usable
[    0.000000] BIOS-e820: [mem 0x000000000009f000-0x000000000009ffff] reserved
[    0.000000] BIOS-e820: [mem 0x00000000000dc000-0x00000000000fffff] reserved
[    0.000000] BIOS-e820: [mem 0x0000000000100000-0x00000000bf6cffff] usable
[    0.000000] BIOS-e820: [mem 0x00000000bf6d0000-0x00000000bf6defff] ACPI data
[    0.000000] BIOS-e820: [mem 0x00000000bf6df000-0x00000000bf6fffff] ACPI NVS
[    0.000000] BIOS-e820: [mem 0x00000000bf700000-0x00000000bfffffff] reserved
[    0.000000] BIOS-e820: [mem 0x00000000f0000000-0x00000000f3ffffff] reserved
[    0.000000] BIOS-e820: [mem 0x00000000fec00000-0x00000000fec0ffff] reserved
[    0.000000] BIOS-e820: [mem 0x00000000fed00000-0x00000000fed003ff] reserved
[    0.000000] BIOS-e820: [mem 0x00000000fed14000-0x00000000fed19fff] reserved
[    0.000000] BIOS-e820: [mem 0x00000000fed1c000-0x00000000fed8ffff] reserved
[    0.000000] BIOS-e820: [mem 0x00000000fee00000-0x00000000fee00fff] reserved
[    0.000000] BIOS-e820: [mem 0x00000000ff800000-0x00000000ffffffff] reserved
[    0.000000] NX (Execute Disable) protection: active
[    0.000000] SMBIOS 2.4 present.
[    0.000000] DMI: LENOVO 17097HU/17097HU, BIOS 7BETD8WW (2.19 ) 03/31/2011
[    0.000000] e820: update [mem 0x00000000-0x00000fff] usable ==> reserved
[    0.000000] e820: remove [mem 0x000a0000-0x000fffff] usable
[    0.000000] e820: last_pfn = 0xbf6d0 max_arch_pfn = 0x1000000
[    0.000000] MTRR default type: uncachable
[    0.000000] MTRR fixed ranges enabled:
[    0.000000]   00000-9FFFF write-back
[    0.000000]   A0000-BFFFF uncachable
[    0.000000]   C0000-CFFFF write-protect
[    0.000000]   D0000-DBFFF uncachable
[    0.000000]   DC000-DFFFF write-back
[    0.000000]   E0000-FFFFF write-protect
[    0.000000] MTRR variable ranges enabled:
[    0.000000]   0 base 000000000 mask F80000000 write-back
[    0.000000]   1 base 080000000 mask FC0000000 write-back
[    0.000000]   2 base 0BF700000 mask FFFF00000 uncachable
[    0.000000]   3 base 0BF800000 mask FFF800000 uncachable
[    0.000000]   4 disabled
[    0.000000]   5 disabled
[    0.000000]   6 disabled
[    0.000000]   7 disabled
[    0.000000] x86/PAT: PAT not supported by CPU.
[    0.000000] x86/PAT: Configuration [0-7]: WB  WT  UC- UC  WB  WT  UC- UC  
[    0.000000] initial memory mapped: [mem 0x00000000-0x055fffff]
[    0.000000] Base memory trampoline at [(ptrval)] 9b000 size 16384
[    0.000000] BRK [0x05111000, 0x05111fff] PGTABLE
[    0.000000] BRK [0x05112000, 0x05112fff] PGTABLE
[    0.000000] ACPI: Early table checksum verification disabled
[    0.000000] ACPI: RSDP 0x00000000000F67C0 000024 (v02 LENOVO)
[    0.000000] ACPI: XSDT 0x00000000BF6D191C 000084 (v01 LENOVO TP-7B    00002190  LTP 00000000)
[    0.000000] ACPI: FACP 0x00000000BF6D1A00 0000F4 (v03 LENOVO TP-7B    00002190 LNVO 00000001)
[    0.000000] ACPI BIOS Warning (bug): 32/64X length mismatch in FADT/Gpe0Block: 64/32 (20180313/tbfadt-569)
[    0.000000] ACPI BIOS Warning (bug): Optional FADT field Gpe1Block has valid Address but zero Length: 0x000000000000102C/0x0 (20180313/tbfadt-624)
[    0.000000] ACPI: DSDT 0x00000000BF6D1D90 00CFB9 (v01 LENOVO TP-7B    00002190 MSFT 0100000E)
[    0.000000] ACPI: FACS 0x00000000BF6F4000 000040
[    0.000000] ACPI: FACS 0x00000000BF6F4000 000040
[    0.000000] ACPI: SSDT 0x00000000BF6D1BB4 0001DC (v01 LENOVO TP-7B    00002190 MSFT 0100000E)
[    0.000000] ACPI: ECDT 0x00000000BF6DED49 000052 (v01 LENOVO TP-7B    00002190 LNVO 00000001)
[    0.000000] ACPI: TCPA 0x00000000BF6DED9B 000032 (v02 LENOVO TP-7B    00002190 LNVO 00000001)
[    0.000000] ACPI: APIC 0x00000000BF6DEDCD 000068 (v01 LENOVO TP-7B    00002190 LNVO 00000001)
[    0.000000] ACPI: MCFG 0x00000000BF6DEE35 00003C (v01 LENOVO TP-7B    00002190 LNVO 00000001)
[    0.000000] ACPI: HPET 0x00000000BF6DEE71 000038 (v01 LENOVO TP-7B    00002190 LNVO 00000001)
[    0.000000] ACPI: BOOT 0x00000000BF6DEFD8 000028 (v01 LENOVO TP-7B    00002190  LTP 00000001)
[    0.000000] ACPI: SSDT 0x00000000BF6F2645 00025F (v01 LENOVO TP-7B    00002190 INTL 20050513)
[    0.000000] ACPI: SSDT 0x00000000BF6F28A4 0000A6 (v01 LENOVO TP-7B    00002190 INTL 20050513)
[    0.000000] ACPI: SSDT 0x00000000BF6F294A 0004F7 (v01 LENOVO TP-7B    00002190 INTL 20050513)
[    0.000000] ACPI: SSDT 0x00000000BF6F2E41 0001D8 (v01 LENOVO TP-7B    00002190 INTL 20050513)
[    0.000000] ACPI: Local APIC address 0xfee00000
[    0.000000] 2174MB HIGHMEM available.
[    0.000000] 887MB LOWMEM available.
[    0.000000]   mapped low ram: 0 - 377fe000
[    0.000000]   low ram: 0 - 377fe000
[    0.000000] tsc: Fast TSC calibration using PIT
[    0.000000] BRK [0x05113000, 0x05113fff] PGTABLE
[    0.000000] Zone ranges:
[    0.000000]   DMA      [mem 0x0000000000001000-0x0000000000ffffff]
[    0.000000]   Normal   [mem 0x0000000001000000-0x00000000377fdfff]
[    0.000000]   HighMem  [mem 0x00000000377fe000-0x00000000bf6cffff]
[    0.000000] Movable zone start for each node
[    0.000000] Early memory node ranges
[    0.000000]   node   0: [mem 0x0000000000001000-0x000000000009efff]
[    0.000000]   node   0: [mem 0x0000000000100000-0x00000000bf6cffff]
[    0.000000] Initmem setup node 0 [mem 0x0000000000001000-0x00000000bf6cffff]
[    0.000000] On node 0 totalpages: 783982
[    0.000000]   DMA zone: 32 pages used for memmap
[    0.000000]   DMA zone: 0 pages reserved
[    0.000000]   DMA zone: 3998 pages, LIFO batch:0
[    0.000000]   Normal zone: 1744 pages used for memmap
[    0.000000]   Normal zone: 223230 pages, LIFO batch:31
[    0.000000]   HighMem zone: 556754 pages, LIFO batch:31
[    0.000000] Reserved but unavailable: 98 pages
[    0.000000] Using APIC driver default
[    0.000000] Reserving Intel graphics memory at [mem 0xbf800000-0xbfffffff]
[    0.000000] ACPI: PM-Timer IO Port: 0x1008
[    0.000000] ACPI: Local APIC address 0xfee00000
[    0.000000] ACPI: LAPIC_NMI (acpi_id[0x00] high edge lint[0x1])
[    0.000000] ACPI: LAPIC_NMI (acpi_id[0x01] high edge lint[0x1])
[    0.000000] IOAPIC[0]: apic_id 1, version 32, address 0xfec00000, GSI 0-23
[    0.000000] ACPI: INT_SRC_OVR (bus 0 bus_irq 0 global_irq 2 dfl dfl)
[    0.000000] ACPI: INT_SRC_OVR (bus 0 bus_irq 9 global_irq 9 high level)
[    0.000000] ACPI: IRQ0 used by override.
[    0.000000] ACPI: IRQ9 used by override.
[    0.000000] Using ACPI (MADT) for SMP configuration information
[    0.000000] ACPI: HPET id: 0x8086a201 base: 0xfed00000
[    0.000000] smpboot: Allowing 2 CPUs, 0 hotplug CPUs
[    0.000000] PM: Registered nosave memory: [mem 0x00000000-0x00000fff]
[    0.000000] PM: Registered nosave memory: [mem 0x0009f000-0x0009ffff]
[    0.000000] PM: Registered nosave memory: [mem 0x000a0000-0x000dbfff]
[    0.000000] PM: Registered nosave memory: [mem 0x000dc000-0x000fffff]
[    0.000000] e820: [mem 0xc0000000-0xefffffff] available for PCI devices
[    0.000000] clocksource: refined-jiffies: mask: 0xffffffff max_cycles: 0xffffffff, max_idle_ns: 7645519600211568 ns
[    0.000000] random: get_random_bytes called from start_kernel+0x6f/0x333 with crng_init=0
[    0.000000] setup_percpu: NR_CPUS:8 nr_cpumask_bits:8 nr_cpu_ids:2 nr_node_ids:1
[    0.000000] percpu: Embedded 28 pages/cpu @(ptrval) s83276 r0 d31412 u114688
[    0.000000] pcpu-alloc: s83276 r0 d31412 u114688 alloc=28*4096
[    0.000000] pcpu-alloc: [0] 0 [0] 1 
[    0.000000] Built 1 zonelists, mobility grouping on.  Total pages: 782206
[    0.000000] Kernel command line: BOOT_IMAGE=(hd0,2)/fast/l/linux/arch/x86/boot/bzImage root=/dev/sda4 resume=/dev/sda1
[    0.000000] Dentry cache hash table entries: 131072 (order: 7, 524288 bytes)
[    0.000000] Inode-cache hash table entries: 65536 (order: 6, 262144 bytes)
[    0.000000] Initializing CPU#0
[    0.000000] Initializing HighMem for node 0 (000377fe:000bf6d0)
[    0.000000] Initializing Movable for node 0 (00000000:00000000)
[    0.000000] Memory: 3092840K/3135928K available (11669K kernel code, 560K rwdata, 3824K rodata, 572K init, 488K bss, 43088K reserved, 0K cma-reserved, 2227016K highmem)
[    0.000000] virtual kernel memory layout:
    fixmap  : 0xfff18000 - 0xfffff000   ( 924 kB)
  cpu_entry : 0xffa00000 - 0xffb39000   (1252 kB)
    pkmap   : 0xff800000 - 0xffa00000   (2048 kB)
    vmalloc : 0xf7ffe000 - 0xff7fe000   ( 120 MB)
    lowmem  : 0xc0000000 - 0xf77fe000   ( 887 MB)
      .init : 0xc4fd1000 - 0xc5060000   ( 572 kB)
      .data : 0xc4b656b4 - 0xc4fb4040   (4410 kB)
      .text : 0xc4000000 - 0xc4b656b4   (11669 kB)
[    0.000000] Checking if this processor honours the WP bit even in supervisor mode...Ok.
[    0.000000] Hierarchical RCU implementation.
[    0.000000] 	RCU restricting CPUs from NR_CPUS=8 to nr_cpu_ids=2.
[    0.000000] RCU: Adjusting geometry for rcu_fanout_leaf=16, nr_cpu_ids=2
[    0.000000] NR_IRQS: 2304, nr_irqs: 56, preallocated irqs: 16
[    0.000000] CPU 0 irqstacks, hard=(ptrval) soft=(ptrval)
[    0.000000] Console: colour VGA+ 80x25
[    0.000000] console [tty0] enabled
[    0.000000] ACPI: Core revision 20180313
[    0.000000] clocksource: hpet: mask: 0xffffffff max_cycles: 0xffffffff, max_idle_ns: 133484882848 ns
[    0.000000] hpet clockevent registered
[    0.000000] APIC: Switch to symmetric I/O mode setup
[    0.000000] Enabling APIC mode:  Flat.  Using 1 I/O APICs
[    0.000000] ..TIMER: vector=0x30 apic1=0 pin1=2 apic2=-1 pin2=-1
[    0.020000] tsc: Fast TSC calibration using PIT
[    0.024000] tsc: Detected 1828.683 MHz processor
[    0.024000] clocksource: tsc-early: mask: 0xffffffffffffffff max_cycles: 0x1a5c0175c49, max_idle_ns: 440795279941 ns
[    0.024000] Calibrating delay loop (skipped), value calculated using timer frequency.. 3657.36 BogoMIPS (lpj=7314732)
[    0.024000] pid_max: default: 32768 minimum: 301
[    0.024000] Mount-cache hash table entries: 2048 (order: 1, 8192 bytes)
[    0.024000] Mountpoint-cache hash table entries: 2048 (order: 1, 8192 bytes)
[    0.024000] Disabled fast string operations
[    0.024000] CPU: Physical Processor ID: 0
[    0.024000] CPU: Processor Core ID: 0
[    0.024000] process: using mwait in idle threads
[    0.024000] Last level iTLB entries: 4KB 128, 2MB 0, 4MB 2
[    0.024000] Last level dTLB entries: 4KB 128, 2MB 0, 4MB 8, 1GB 0
[    0.024000] Spectre V2 : Mitigation: Full generic retpoline
[    0.024000] Spectre V2 : Spectre v2 mitigation: Filling RSB on context switch
[    0.024000] Freeing SMP alternatives memory: 44K
[    0.032000] smpboot: CPU0: Genuine Intel(R) CPU           T2400  @ 1.83GHz (family: 0x6, model: 0xe, stepping: 0x8)
[    0.032000] Performance Events: Core events, core PMU driver.
[    0.032000] ... version:                1
[    0.032000] ... bit width:              40
[    0.032000] ... generic registers:      2
[    0.032000] ... value mask:             000000ffffffffff
[    0.032000] ... max period:             000000007fffffff
[    0.032000] ... fixed-purpose events:   0
[    0.032000] ... event mask:             0000000000000003
[    0.032000] Hierarchical SRCU implementation.
[    0.032000] smp: Bringing up secondary CPUs ...
[    0.032000] CPU 1 irqstacks, hard=(ptrval) soft=(ptrval)
[    0.032000] x86: Booting SMP configuration:
[    0.032000] .... node  #0, CPUs:      #1
[    0.004000] Initializing CPU#1
[    0.004000] Disabled fast string operations
[    0.032000] TSC synchronization [CPU#0 -> CPU#1]:
[    0.032000] Measured 579766 cycles TSC warp between CPUs, turning off TSC clock.
[    0.032000] tsc: Marking TSC unstable due to check_tsc_sync_source failed
[    0.032053] smp: Brought up 1 node, 2 CPUs
[    0.032072] smpboot: Max logical packages: 1
[    0.032133] smpboot: Total of 2 processors activated (7314.73 BogoMIPS)
[    0.033564] devtmpfs: initialized
[    0.033564] PM: Registering ACPI NVS region [mem 0xbf6df000-0xbf6fffff] (135168 bytes)
[    0.036040] clocksource: jiffies: mask: 0xffffffff max_cycles: 0xffffffff, max_idle_ns: 7645041785100000 ns
[    0.036115] futex hash table entries: 512 (order: 3, 32768 bytes)
[    0.036118] NET: Registered protocol family 16
[    0.036261] cpuidle: using governor ladder
[    0.036280] cpuidle: using governor menu
[    0.036280] Simple Boot Flag at 0x35 set to 0x1
[    0.036280] ACPI FADT declares the system doesn't support PCIe ASPM, so disable it
[    0.036337] ACPI: bus type PCI registered
[    0.036481] PCI: MMCONFIG for domain 0000 [bus 00-3f] at [mem 0xf0000000-0xf3ffffff] (base 0xf0000000)
[    0.036566] PCI: MMCONFIG at [mem 0xf0000000-0xf3ffffff] reserved in E820
[    0.036631] PCI: Using MMCONFIG for extended config space
[    0.036694] PCI: Using configuration type 1 for base access
[    0.036969] mtrr: your CPUs had inconsistent variable MTRR settings
[    0.037034] mtrr: probably your BIOS does not setup all CPUs.
[    0.037097] mtrr: corrected configuration.
[    0.054145] ACPI: Added _OSI(Module Device)
[    0.054145] ACPI: Added _OSI(Processor Device)
[    0.054145] ACPI: Added _OSI(3.0 _SCP Extensions)
[    0.054145] ACPI: Added _OSI(Processor Aggregator Device)
[    0.054145] ACPI: Added _OSI(Linux-Dell-Video)
[    0.054145] ACPI: EC: EC started
[    0.054145] ACPI: EC: interrupt blocked
[    0.054145] ACPI: \: Used as first EC
[    0.054145] ACPI: \: GPE=0x1c, EC_CMD/EC_SC=0x66, EC_DATA=0x62
[    0.054145] ACPI: \: Used as boot ECDT EC to handle transactions
[    0.080592] ACPI: 6 ACPI AML tables successfully acquired and loaded
[    0.096660] ACPI: Dynamic OEM Table Load:
[    0.096731] ACPI: SSDT 0x00000000F5088400 000240 (v01 PmRef  Cpu0Ist  00000100 INTL 20050513)
[    0.097545] ACPI: Dynamic OEM Table Load:
[    0.097614] ACPI: SSDT 0x00000000F53F4000 00065A (v01 PmRef  Cpu0Cst  00000100 INTL 20050513)
[    0.098595] ACPI: Dynamic OEM Table Load:
[    0.098595] ACPI: SSDT 0x00000000F58BF700 0000C8 (v01 PmRef  Cpu1Ist  00000100 INTL 20050513)
[    0.098595] ACPI: Dynamic OEM Table Load:
[    0.098595] ACPI: SSDT 0x00000000F589CC00 000085 (v01 PmRef  Cpu1Cst  00000100 INTL 20050513)
[    0.100406] ACPI: Interpreter enabled
[    0.100504] ACPI: (supports S0 S3 S4 S5)
[    0.100565] ACPI: Using IOAPIC for interrupt routing
[    0.100681] PCI: Using host bridge windows from ACPI; if necessary, use "pci=nocrs" and report a bug
[    0.101137] ACPI: Enabled 4 GPEs in block 00 to 1F
[    0.112403] ACPI: Power Resource [PUBS] (on)
[    0.112815] acpi PNP0C0A:01: ACPI dock station (docks/bays count: 1)
[    0.115403] acpi LNXIOBAY:00: ACPI dock station (docks/bays count: 2)
[    0.125431] acpi IBM0079:00: ACPI dock station (docks/bays count: 3)
[    0.126289] ACPI: PCI Interrupt Link [LNKA] (IRQs 3 4 5 6 7 9 10 *11)
[    0.126629] ACPI: PCI Interrupt Link [LNKB] (IRQs 3 4 5 6 7 9 10 *11)
[    0.126967] ACPI: PCI Interrupt Link [LNKC] (IRQs 3 4 5 6 7 9 10 *11)
[    0.127307] ACPI: PCI Interrupt Link [LNKD] (IRQs 3 4 5 6 7 9 10 *11)
[    0.127645] ACPI: PCI Interrupt Link [LNKE] (IRQs 3 4 5 6 7 9 10 *11)
[    0.127983] ACPI: PCI Interrupt Link [LNKF] (IRQs 3 4 5 6 7 9 10 *11)
[    0.128271] ACPI: PCI Interrupt Link [LNKG] (IRQs 3 4 5 6 7 9 10 *11)
[    0.128610] ACPI: PCI Interrupt Link [LNKH] (IRQs 3 4 5 6 7 9 10 *11)
[    0.128867] ACPI: PCI Root Bridge [PCI0] (domain 0000 [bus 00-ff])
[    0.128939] acpi PNP0A08:00: _OSC: OS supports [ExtendedConfig ASPM ClockPM Segments]
[    0.129336] acpi PNP0A08:00: _OSC: not requesting OS control; OS requires [ExtendedConfig ASPM ClockPM MSI]
[    0.129425] acpi PNP0A08:00: [Firmware Info]: MMCONFIG for domain 0000 [bus 00-3f] only partially covers this bridge
[    0.129604] PCI host bridge to bus 0000:00
[    0.129669] pci_bus 0000:00: root bus resource [io  0x0000-0x0cf7 window]
[    0.129735] pci_bus 0000:00: root bus resource [io  0x0d00-0xffff window]
[    0.129803] pci_bus 0000:00: root bus resource [mem 0x000a0000-0x000bffff window]
[    0.129871] pci_bus 0000:00: root bus resource [mem 0x000d0000-0x000d3fff window]
[    0.129939] pci_bus 0000:00: root bus resource [mem 0x000d4000-0x000d7fff window]
[    0.130006] pci_bus 0000:00: root bus resource [mem 0x000d8000-0x000dbfff window]
[    0.130075] pci_bus 0000:00: root bus resource [mem 0xc0000000-0xfebfffff window]
[    0.130142] pci_bus 0000:00: root bus resource [mem 0xfed40000-0xfed40fff window]
[    0.130212] pci_bus 0000:00: root bus resource [bus 00-ff]
[    0.130289] pci 0000:00:00.0: [8086:27a0] type 00 class 0x060000
[    0.130471] pci 0000:00:02.0: [8086:27a2] type 00 class 0x030000
[    0.130486] pci 0000:00:02.0: reg 0x10: [mem 0xee100000-0xee17ffff]
[    0.130494] pci 0000:00:02.0: reg 0x14: [io  0x1800-0x1807]
[    0.130501] pci 0000:00:02.0: reg 0x18: [mem 0xd0000000-0xdfffffff pref]
[    0.130508] pci 0000:00:02.0: reg 0x1c: [mem 0xee200000-0xee23ffff]
[    0.130679] pci 0000:00:02.1: [8086:27a6] type 00 class 0x038000
[    0.130692] pci 0000:00:02.1: reg 0x10: [mem 0xee180000-0xee1fffff]
[    0.130915] pci 0000:00:1b.0: [8086:27d8] type 00 class 0x040300
[    0.130949] pci 0000:00:1b.0: reg 0x10: [mem 0xee240000-0xee243fff 64bit]
[    0.131068] pci 0000:00:1b.0: PME# supported from D0 D3hot D3cold
[    0.131239] pci 0000:00:1c.0: [8086:27d0] type 01 class 0x060400
[    0.131367] pci 0000:00:1c.0: PME# supported from D0 D3hot D3cold
[    0.131540] pci 0000:00:1c.1: [8086:27d2] type 01 class 0x060400
[    0.131669] pci 0000:00:1c.1: PME# supported from D0 D3hot D3cold
[    0.131843] pci 0000:00:1c.2: [8086:27d4] type 01 class 0x060400
[    0.132034] pci 0000:00:1c.2: PME# supported from D0 D3hot D3cold
[    0.132208] pci 0000:00:1c.3: [8086:27d6] type 01 class 0x060400
[    0.132337] pci 0000:00:1c.3: PME# supported from D0 D3hot D3cold
[    0.132510] pci 0000:00:1d.0: [8086:27c8] type 00 class 0x0c0300
[    0.132573] pci 0000:00:1d.0: reg 0x20: [io  0x1820-0x183f]
[    0.132750] pci 0000:00:1d.1: [8086:27c9] type 00 class 0x0c0300
[    0.132813] pci 0000:00:1d.1: reg 0x20: [io  0x1840-0x185f]
[    0.132990] pci 0000:00:1d.2: [8086:27ca] type 00 class 0x0c0300
[    0.133053] pci 0000:00:1d.2: reg 0x20: [io  0x1860-0x187f]
[    0.133230] pci 0000:00:1d.3: [8086:27cb] type 00 class 0x0c0300
[    0.133293] pci 0000:00:1d.3: reg 0x20: [io  0x1880-0x189f]
[    0.133468] pci 0000:00:1d.7: [8086:27cc] type 00 class 0x0c0320
[    0.133497] pci 0000:00:1d.7: reg 0x10: [mem 0xee444000-0xee4443ff]
[    0.133603] pci 0000:00:1d.7: PME# supported from D0 D3hot D3cold
[    0.133761] pci 0000:00:1e.0: [8086:2448] type 01 class 0x060401
[    0.133996] pci 0000:00:1f.0: [8086:27b9] type 00 class 0x060100
[    0.134122] pci 0000:00:1f.0: quirk: [io  0x1000-0x107f] claimed by ICH6 ACPI/GPIO/TCO
[    0.134195] pci 0000:00:1f.0: quirk: [io  0x1180-0x11bf] claimed by ICH6 GPIO
[    0.134265] pci 0000:00:1f.0: ICH7 LPC Generic IO decode 1 PIO at 1600 (mask 007f)
[    0.134335] pci 0000:00:1f.0: ICH7 LPC Generic IO decode 2 PIO at 15e0 (mask 000f)
[    0.134404] pci 0000:00:1f.0: ICH7 LPC Generic IO decode 3 PIO at 1680 (mask 001f)
[    0.134648] pci 0000:00:1f.1: [8086:27df] type 00 class 0x01018a
[    0.134672] pci 0000:00:1f.1: reg 0x10: [io  0x0000-0x0007]
[    0.134684] pci 0000:00:1f.1: reg 0x14: [io  0x0000-0x0003]
[    0.134697] pci 0000:00:1f.1: reg 0x18: [io  0x0000-0x0007]
[    0.134709] pci 0000:00:1f.1: reg 0x1c: [io  0x0000-0x0003]
[    0.134722] pci 0000:00:1f.1: reg 0x20: [io  0x1810-0x181f]
[    0.134748] pci 0000:00:1f.1: legacy IDE quirk: reg 0x10: [io  0x01f0-0x01f7]
[    0.134815] pci 0000:00:1f.1: legacy IDE quirk: reg 0x14: [io  0x03f6]
[    0.134881] pci 0000:00:1f.1: legacy IDE quirk: reg 0x18: [io  0x0170-0x0177]
[    0.134948] pci 0000:00:1f.1: legacy IDE quirk: reg 0x1c: [io  0x0376]
[    0.135165] pci 0000:00:1f.2: [8086:27c5] type 00 class 0x010601
[    0.135193] pci 0000:00:1f.2: reg 0x10: [io  0x18d0-0x18d7]
[    0.135206] pci 0000:00:1f.2: reg 0x14: [io  0x18c4-0x18c7]
[    0.135218] pci 0000:00:1f.2: reg 0x18: [io  0x18c8-0x18cf]
[    0.135230] pci 0000:00:1f.2: reg 0x1c: [io  0x18c0-0x18c3]
[    0.135243] pci 0000:00:1f.2: reg 0x20: [io  0x18b0-0x18bf]
[    0.135255] pci 0000:00:1f.2: reg 0x24: [mem 0xee444400-0xee4447ff]
[    0.135315] pci 0000:00:1f.2: PME# supported from D3hot
[    0.135470] pci 0000:00:1f.3: [8086:27da] type 00 class 0x0c0500
[    0.135552] pci 0000:00:1f.3: reg 0x20: [io  0x18e0-0x18ff]
[    0.135890] pci 0000:02:00.0: [8086:109a] type 00 class 0x020000
[    0.135945] pci 0000:02:00.0: reg 0x10: [mem 0xee000000-0xee01ffff]
[    0.135987] pci 0000:02:00.0: reg 0x18: [io  0x2000-0x201f]
[    0.136200] pci 0000:02:00.0: PME# supported from D0 D3hot D3cold
[    0.136373] pci 0000:02:00.0: disabling ASPM on pre-1.1 PCIe device.  You can enable it with 'pcie_aspm=force'
[    0.136541] pci 0000:00:1c.0: PCI bridge to [bus 02]
[    0.136607] pci 0000:00:1c.0:   bridge window [io  0x2000-0x2fff]
[    0.136614] pci 0000:00:1c.0:   bridge window [mem 0xee000000-0xee0fffff]
[    0.136787] pci 0000:03:00.0: [8086:4227] type 00 class 0x028000
[    0.136886] pci 0000:03:00.0: reg 0x10: [mem 0xedf00000-0xedf00fff]
[    0.137342] pci 0000:03:00.0: PME# supported from D0 D3hot D3cold
[    0.137506] pci 0000:03:00.0: disabling ASPM on pre-1.1 PCIe device.  You can enable it with 'pcie_aspm=force'
[    0.137667] pci 0000:00:1c.1: PCI bridge to [bus 03]
[    0.137734] pci 0000:00:1c.1:   bridge window [io  0x3000-0x4fff]
[    0.137740] pci 0000:00:1c.1:   bridge window [mem 0xec000000-0xedffffff]
[    0.137748] pci 0000:00:1c.1:   bridge window [mem 0xe4000000-0xe40fffff 64bit pref]
[    0.137820] pci 0000:00:1c.2: PCI bridge to [bus 04-0b]
[    0.137888] pci 0000:00:1c.2:   bridge window [io  0x5000-0x6fff]
[    0.137893] pci 0000:00:1c.2:   bridge window [mem 0xe8000000-0xe9ffffff]
[    0.137902] pci 0000:00:1c.2:   bridge window [mem 0xe4100000-0xe41fffff 64bit pref]
[    0.137971] pci 0000:00:1c.3: PCI bridge to [bus 0c-13]
[    0.138038] pci 0000:00:1c.3:   bridge window [io  0x7000-0x8fff]
[    0.138043] pci 0000:00:1c.3:   bridge window [mem 0xea000000-0xebffffff]
[    0.138052] pci 0000:00:1c.3:   bridge window [mem 0xe4200000-0xe42fffff 64bit pref]
[    0.138117] pci 0000:15:00.0: [1180:0476] type 02 class 0x060700
[    0.138147] pci 0000:15:00.0: reg 0x10: [mem 0xe4300000-0xe4300fff]
[    0.138191] pci 0000:15:00.0: supports D1 D2
[    0.138193] pci 0000:15:00.0: PME# supported from D0 D1 D2 D3hot D3cold
[    0.138292] pci 0000:15:00.1: [1180:0552] type 00 class 0x0c0010
[    0.138321] pci 0000:15:00.1: reg 0x10: [mem 0xe4301000-0xe43017ff]
[    0.138426] pci 0000:15:00.1: PME# supported from D0 D3hot D3cold
[    0.138518] pci 0000:15:00.2: [1180:0822] type 00 class 0x080500
[    0.138546] pci 0000:15:00.2: reg 0x10: [mem 0xe4301800-0xe43018ff]
[    0.138651] pci 0000:15:00.2: supports D1 D2
[    0.138654] pci 0000:15:00.2: PME# supported from D0 D1 D2 D3hot D3cold
[    0.138795] pci 0000:00:1e.0: PCI bridge to [bus 15-18] (subtractive decode)
[    0.138866] pci 0000:00:1e.0:   bridge window [io  0x9000-0xcfff]
[    0.138872] pci 0000:00:1e.0:   bridge window [mem 0xe4300000-0xe7ffffff]
[    0.138880] pci 0000:00:1e.0:   bridge window [mem 0xe0000000-0xe3ffffff 64bit pref]
[    0.138883] pci 0000:00:1e.0:   bridge window [io  0x0000-0x0cf7 window] (subtractive decode)
[    0.138886] pci 0000:00:1e.0:   bridge window [io  0x0d00-0xffff window] (subtractive decode)
[    0.138888] pci 0000:00:1e.0:   bridge window [mem 0x000a0000-0x000bffff window] (subtractive decode)
[    0.138891] pci 0000:00:1e.0:   bridge window [mem 0x000d0000-0x000d3fff window] (subtractive decode)
[    0.138894] pci 0000:00:1e.0:   bridge window [mem 0x000d4000-0x000d7fff window] (subtractive decode)
[    0.138896] pci 0000:00:1e.0:   bridge window [mem 0x000d8000-0x000dbfff window] (subtractive decode)
[    0.138899] pci 0000:00:1e.0:   bridge window [mem 0xc0000000-0xfebfffff window] (subtractive decode)
[    0.138902] pci 0000:00:1e.0:   bridge window [mem 0xfed40000-0xfed40fff window] (subtractive decode)
[    0.138971] pci_bus 0000:16: busn_res: [bus 16-18] end is updated to 17
[    0.139015] pci_bus 0000:00: on NUMA node 0
[    0.143323] ACPI: EC: interrupt unblocked
[    0.143416] ACPI: EC: event unblocked
[    0.143506] ACPI: \_SB_.PCI0.LPC_.EC__: GPE=0x1c, EC_CMD/EC_SC=0x66, EC_DATA=0x62
[    0.143574] ACPI: \_SB_.PCI0.LPC_.EC__: Used as boot DSDT EC to handle transactions and events
[    0.144115] pci 0000:00:02.0: vgaarb: setting as boot VGA device
[    0.144183] pci 0000:00:02.0: vgaarb: VGA device added: decodes=io+mem,owns=io+mem,locks=none
[    0.144274] pci 0000:00:02.0: vgaarb: bridge control possible
[    0.144338] vgaarb: loaded
[    0.144552] SCSI subsystem initialized
[    0.144686] libata version 3.00 loaded.
[    0.144735] ACPI: bus type USB registered
[    0.144848] usbcore: registered new interface driver usbfs
[    0.144929] usbcore: registered new interface driver hub
[    0.145011] usbcore: registered new device driver usb
[    0.145114] media: Linux media interface: v0.10
[    0.145190] Linux video capture interface: v2.00
[    0.145270] pps_core: LinuxPPS API ver. 1 registered
[    0.145332] pps_core: Software ver. 5.3.6 - Copyright 2005-2007 Rodolfo Giometti <giometti@linux.it>
[    0.145422] PTP clock support registered
[    0.145588] EDAC MC: Ver: 3.0.0
[    0.145804] Advanced Linux Sound Architecture Driver Initialized.
[    0.145804] PCI: Using ACPI for IRQ routing
[    0.148590] PCI: pci_cache_line_size set to 64 bytes
[    0.148691] e820: reserve RAM buffer [mem 0x0009f000-0x0009ffff]
[    0.148694] e820: reserve RAM buffer [mem 0xbf6d0000-0xbfffffff]
[    0.148880] Bluetooth: Core ver 2.22
[    0.148959] NET: Registered protocol family 31
[    0.149021] Bluetooth: HCI device and connection manager initialized
[    0.149088] Bluetooth: HCI socket layer initialized
[    0.149152] Bluetooth: L2CAP socket layer initialized
[    0.149221] Bluetooth: SCO socket layer initialized
[    0.149387] clocksource: Switched to clocksource hpet
[    0.149387] pnp: PnP ACPI init
[    0.149523] system 00:00: [mem 0x00000000-0x0009ffff] could not be reserved
[    0.149592] system 00:00: [mem 0x000c0000-0x000c3fff] could not be reserved
[    0.149659] system 00:00: [mem 0x000c4000-0x000c7fff] could not be reserved
[    0.149726] system 00:00: [mem 0x000c8000-0x000cbfff] has been reserved
[    0.149793] system 00:00: [mem 0x000cc000-0x000cffff] has been reserved
[    0.149860] system 00:00: [mem 0x000dc000-0x000dffff] could not be reserved
[    0.149927] system 00:00: [mem 0x000e0000-0x000e3fff] could not be reserved
[    0.149995] system 00:00: [mem 0x000e4000-0x000e7fff] could not be reserved
[    0.150063] system 00:00: [mem 0x000e8000-0x000ebfff] could not be reserved
[    0.150130] system 00:00: [mem 0x000ec000-0x000effff] could not be reserved
[    0.150197] system 00:00: [mem 0x000f0000-0x000fffff] could not be reserved
[    0.150265] system 00:00: [mem 0x00100000-0xbfffffff] could not be reserved
[    0.150332] system 00:00: [mem 0xfec00000-0xfed3ffff] could not be reserved
[    0.150399] system 00:00: [mem 0xfed41000-0xffffffff] could not be reserved
[    0.150478] system 00:00: Plug and Play ACPI device, IDs PNP0c01 (active)
[    0.150711] system 00:01: [io  0x164e-0x164f] has been reserved
[    0.150781] system 00:01: [io  0x1000-0x107f] has been reserved
[    0.150847] system 00:01: [io  0x1180-0x11bf] has been reserved
[    0.150912] system 00:01: [io  0x0800-0x080f] has been reserved
[    0.150977] system 00:01: [io  0x15e0-0x15ef] has been reserved
[    0.151043] system 00:01: [io  0x1600-0x165f] could not be reserved
[    0.151110] system 00:01: [mem 0xf0000000-0xf3ffffff] has been reserved
[    0.151177] system 00:01: [mem 0xfed1c000-0xfed1ffff] has been reserved
[    0.151243] system 00:01: [mem 0xfed14000-0xfed17fff] has been reserved
[    0.151310] system 00:01: [mem 0xfed18000-0xfed18fff] has been reserved
[    0.151377] system 00:01: [mem 0xfed19000-0xfed19fff] has been reserved
[    0.151455] system 00:01: Plug and Play ACPI device, IDs PNP0c02 (active)
[    0.151584] pnp 00:02: Plug and Play ACPI device, IDs PNP0b00 (active)
[    0.151638] pnp 00:03: Plug and Play ACPI device, IDs PNP0303 (active)
[    0.151689] pnp 00:04: Plug and Play ACPI device, IDs IBM3780 PNP0f13 (active)
[    0.152047] pnp 00:05: [dma 3]
[    0.152167] pnp 00:05: Plug and Play ACPI device, IDs IBM0071 PNP0511 (active)
[    0.152261] pnp 00:06: Plug and Play ACPI device, IDs ATM1200 PNP0c31 (active)
[    0.153625] pnp: PnP ACPI: found 7 devices
[    0.192024] clocksource: acpi_pm: mask: 0xffffff max_cycles: 0xffffff, max_idle_ns: 2085701024 ns
[    0.192131] pci 0000:00:1c.0: bridge window [mem 0x00100000-0x000fffff 64bit pref] to [bus 02] add_size 200000 add_align 100000
[    0.192197] pci 0000:00:1c.0: BAR 9: assigned [mem 0xc0000000-0xc01fffff 64bit pref]
[    0.192268] pci 0000:00:1c.0: PCI bridge to [bus 02]
[    0.192333] pci 0000:00:1c.0:   bridge window [io  0x2000-0x2fff]
[    0.192402] pci 0000:00:1c.0:   bridge window [mem 0xee000000-0xee0fffff]
[    0.192472] pci 0000:00:1c.0:   bridge window [mem 0xc0000000-0xc01fffff 64bit pref]
[    0.192546] pci 0000:00:1c.1: PCI bridge to [bus 03]
[    0.192610] pci 0000:00:1c.1:   bridge window [io  0x3000-0x4fff]
[    0.192680] pci 0000:00:1c.1:   bridge window [mem 0xec000000-0xedffffff]
[    0.192749] pci 0000:00:1c.1:   bridge window [mem 0xe4000000-0xe40fffff 64bit pref]
[    0.192823] pci 0000:00:1c.2: PCI bridge to [bus 04-0b]
[    0.192888] pci 0000:00:1c.2:   bridge window [io  0x5000-0x6fff]
[    0.192958] pci 0000:00:1c.2:   bridge window [mem 0xe8000000-0xe9ffffff]
[    0.193027] pci 0000:00:1c.2:   bridge window [mem 0xe4100000-0xe41fffff 64bit pref]
[    0.193101] pci 0000:00:1c.3: PCI bridge to [bus 0c-13]
[    0.193166] pci 0000:00:1c.3:   bridge window [io  0x7000-0x8fff]
[    0.193235] pci 0000:00:1c.3:   bridge window [mem 0xea000000-0xebffffff]
[    0.193304] pci 0000:00:1c.3:   bridge window [mem 0xe4200000-0xe42fffff 64bit pref]
[    0.193384] pci 0000:15:00.0: BAR 9: assigned [mem 0xe0000000-0xe3ffffff pref]
[    0.193455] pci 0000:15:00.0: BAR 10: assigned [mem 0xc4000000-0xc7ffffff]
[    0.193522] pci 0000:15:00.0: BAR 7: assigned [io  0x9000-0x90ff]
[    0.193588] pci 0000:15:00.0: BAR 8: assigned [io  0x9400-0x94ff]
[    0.193654] pci 0000:15:00.0: CardBus bridge to [bus 16-17]
[    0.193719] pci 0000:15:00.0:   bridge window [io  0x9000-0x90ff]
[    0.193787] pci 0000:15:00.0:   bridge window [io  0x9400-0x94ff]
[    0.193855] pci 0000:15:00.0:   bridge window [mem 0xe0000000-0xe3ffffff pref]
[    0.193925] pci 0000:15:00.0:   bridge window [mem 0xc4000000-0xc7ffffff]
[    0.193994] pci 0000:00:1e.0: PCI bridge to [bus 15-18]
[    0.194059] pci 0000:00:1e.0:   bridge window [io  0x9000-0xcfff]
[    0.194129] pci 0000:00:1e.0:   bridge window [mem 0xe4300000-0xe7ffffff]
[    0.194198] pci 0000:00:1e.0:   bridge window [mem 0xe0000000-0xe3ffffff 64bit pref]
[    0.194273] pci_bus 0000:00: resource 4 [io  0x0000-0x0cf7 window]
[    0.194275] pci_bus 0000:00: resource 5 [io  0x0d00-0xffff window]
[    0.194278] pci_bus 0000:00: resource 6 [mem 0x000a0000-0x000bffff window]
[    0.194281] pci_bus 0000:00: resource 7 [mem 0x000d0000-0x000d3fff window]
[    0.194284] pci_bus 0000:00: resource 8 [mem 0x000d4000-0x000d7fff window]
[    0.194286] pci_bus 0000:00: resource 9 [mem 0x000d8000-0x000dbfff window]
[    0.194289] pci_bus 0000:00: resource 10 [mem 0xc0000000-0xfebfffff window]
[    0.194292] pci_bus 0000:00: resource 11 [mem 0xfed40000-0xfed40fff window]
[    0.194294] pci_bus 0000:02: resource 0 [io  0x2000-0x2fff]
[    0.194297] pci_bus 0000:02: resource 1 [mem 0xee000000-0xee0fffff]
[    0.194300] pci_bus 0000:02: resource 2 [mem 0xc0000000-0xc01fffff 64bit pref]
[    0.194303] pci_bus 0000:03: resource 0 [io  0x3000-0x4fff]
[    0.194305] pci_bus 0000:03: resource 1 [mem 0xec000000-0xedffffff]
[    0.194308] pci_bus 0000:03: resource 2 [mem 0xe4000000-0xe40fffff 64bit pref]
[    0.194311] pci_bus 0000:04: resource 0 [io  0x5000-0x6fff]
[    0.194313] pci_bus 0000:04: resource 1 [mem 0xe8000000-0xe9ffffff]
[    0.194316] pci_bus 0000:04: resource 2 [mem 0xe4100000-0xe41fffff 64bit pref]
[    0.194319] pci_bus 0000:0c: resource 0 [io  0x7000-0x8fff]
[    0.194321] pci_bus 0000:0c: resource 1 [mem 0xea000000-0xebffffff]
[    0.194324] pci_bus 0000:0c: resource 2 [mem 0xe4200000-0xe42fffff 64bit pref]
[    0.194327] pci_bus 0000:15: resource 0 [io  0x9000-0xcfff]
[    0.194329] pci_bus 0000:15: resource 1 [mem 0xe4300000-0xe7ffffff]
[    0.194332] pci_bus 0000:15: resource 2 [mem 0xe0000000-0xe3ffffff 64bit pref]
[    0.194335] pci_bus 0000:15: resource 4 [io  0x0000-0x0cf7 window]
[    0.194337] pci_bus 0000:15: resource 5 [io  0x0d00-0xffff window]
[    0.194340] pci_bus 0000:15: resource 6 [mem 0x000a0000-0x000bffff window]
[    0.194343] pci_bus 0000:15: resource 7 [mem 0x000d0000-0x000d3fff window]
[    0.194345] pci_bus 0000:15: resource 8 [mem 0x000d4000-0x000d7fff window]
[    0.194348] pci_bus 0000:15: resource 9 [mem 0x000d8000-0x000dbfff window]
[    0.194351] pci_bus 0000:15: resource 10 [mem 0xc0000000-0xfebfffff window]
[    0.194353] pci_bus 0000:15: resource 11 [mem 0xfed40000-0xfed40fff window]
[    0.194356] pci_bus 0000:16: resource 0 [io  0x9000-0x90ff]
[    0.194358] pci_bus 0000:16: resource 1 [io  0x9400-0x94ff]
[    0.194361] pci_bus 0000:16: resource 2 [mem 0xe0000000-0xe3ffffff pref]
[    0.194364] pci_bus 0000:16: resource 3 [mem 0xc4000000-0xc7ffffff]
[    0.194557] NET: Registered protocol family 2
[    0.194833] tcp_listen_portaddr_hash hash table entries: 512 (order: 0, 6144 bytes)
[    0.194907] TCP established hash table entries: 8192 (order: 3, 32768 bytes)
[    0.194999] TCP bind hash table entries: 8192 (order: 4, 65536 bytes)
[    0.195108] TCP: Hash tables configured (established 8192 bind 8192)
[    0.195213] UDP hash table entries: 512 (order: 2, 16384 bytes)
[    0.195287] UDP-Lite hash table entries: 512 (order: 2, 16384 bytes)
[    0.195410] NET: Registered protocol family 1
[    0.195656] RPC: Registered named UNIX socket transport module.
[    0.195720] RPC: Registered udp transport module.
[    0.195782] RPC: Registered tcp transport module.
[    0.195843] RPC: Registered tcp NFSv4.1 backchannel transport module.
[    0.196108] pci 0000:00:02.0: Video device with shadowed ROM at [mem 0x000c0000-0x000dffff]
[    0.197745] PCI: CLS mismatch (64 != 32), using 64 bytes
[    0.198641] Initialise system trusted keyrings
[    0.198754] workingset: timestamp_bits=30 max_order=20 bucket_order=0
[    0.199315] Installing knfsd (copyright (C) 1996 okir@monad.swb.de).
[    0.199452] ntfs: driver 2.1.32 [Flags: R/W].
[    0.199575] fuse init (API version 7.26)
[    0.201544] Key type asymmetric registered
[    0.201609] Asymmetric key parser 'x509' registered
[    0.201691] bounce: pool size: 64 pages
[    0.201771] Block layer SCSI generic (bsg) driver version 0.4 loaded (major 249)
[    0.202611] io scheduler noop registered
[    0.202672] io scheduler deadline registered
[    0.202745] io scheduler cfq registered (default)
[    0.202808] io scheduler mq-deadline registered
[    0.202878] io scheduler bfq registered
[    0.203821] intel_idle: does not run on family 6 model 14
[    0.204130] ACPI: Deprecated procfs I/F for AC is loaded, please retry with CONFIG_ACPI_PROCFS_POWER cleared
[    0.204268] ACPI: AC Adapter [AC] (on-line)
[    0.204443] input: Lid Switch as /devices/LNXSYSTM:00/LNXSYBUS:00/PNP0C0D:00/input/input0
[    0.204541] ACPI: Lid Switch [LID]
[    0.204680] input: Sleep Button as /devices/LNXSYSTM:00/LNXSYBUS:00/PNP0C0E:00/input/input1
[    0.204774] ACPI: Sleep Button [SLPB]
[    0.204926] input: Power Button as /devices/LNXSYSTM:00/LNXPWRBN:00/input/input2
[    0.205016] ACPI: Power Button [PWRF]
[    0.205236] ACPI: Video Device [VID] (multi-head: yes  rom: no  post: no)
[    0.209411] acpi device:01: registered as cooling_device0
[    0.209615] input: Video Bus as /devices/LNXSYSTM:00/LNXSYBUS:00/PNP0A08:00/LNXVIDEO:00/input/input3
[    0.210688] ACPI Error: No pointer back to namespace node in package (ptrval) (20180313/dsargs-303)
[    0.210782] ACPI Error: Method parse/execution failed \_PR.CPU0._TSS, AE_AML_INTERNAL (20180313/psparse-516)
[    0.210879] ACPI Error: AE_AML_INTERNAL, Evaluating _TSS (20180313/processor_throttling-520)
[    0.211780] ACPI Error: No pointer back to namespace node in package (ptrval) (20180313/dsargs-303)
[    0.211874] ACPI Error: Method parse/execution failed \_PR.CPU0._TSS, AE_AML_INTERNAL (20180313/psparse-516)
[    0.211970] ACPI Error: Method parse/execution failed \_PR.CPU1._TSS, AE_AML_INTERNAL (20180313/psparse-516)
[    0.212087] ACPI Error: AE_AML_INTERNAL, Evaluating _TSS (20180313/processor_throttling-520)
[    0.215427] thermal LNXTHERM:00: registered as thermal_zone0
[    0.215499] ACPI: Thermal Zone [THM0] (81 C)
[    0.217703] thermal LNXTHERM:01: registered as thermal_zone1
[    0.217767] ACPI: Thermal Zone [THM1] (79 C)
[    0.218263] Serial: 8250/16550 driver, 4 ports, IRQ sharing disabled
[    0.218917] serial8250: ttyS1 at I/O 0x2f8 (irq = 3, base_baud = 921600) is a NS16550A
[    0.219901] lp: driver loaded but no devices found
[    0.220044] Non-volatile memory driver v1.3
[    0.220346] intel_rng: FWH not detected
[    0.220523] Linux agpgart interface v0.103
[    0.220841] [drm] radeon kernel modesetting enabled.
[    0.221279] pci 0000:00:00.0: Intel 945GM Chipset
[    0.221376] pci 0000:00:00.0: detected gtt size: 262144K total, 262144K mappable
[    0.222107] pci 0000:00:00.0: detected 8192K stolen memory
[    0.222249] [drm] Replacing VGA console driver
[    0.223441] Console: switching to colour dummy device 80x25
[    0.224674] [drm] Supports vblank timestamp caching Rev 2 (21.10.2013).
[    0.224685] [drm] Driver supports precise vblank timestamp query.
[    0.224701] resource sanity check: requesting [mem 0x000c0000-0x000dffff], which spans more than pnp 00:00 [mem 0x000c8000-0x000cbfff]
[    0.224713] caller pci_map_rom+0x58/0xf0 mapping multiple BARs
[    0.225559] i915 0000:00:02.0: vgaarb: changed VGA decodes: olddecodes=io+mem,decodes=io+mem:owns=io+mem
[    0.243298] ACPI: Deprecated procfs I/F for battery is loaded, please retry with CONFIG_ACPI_PROCFS_POWER cleared
[    0.243319] ACPI: Battery Slot [BAT0] (battery present)
[    0.280069] random: fast init done
[    0.302648] [drm] RC6 disabled, disabling runtime PM support
[    0.302724] [drm] initialized overlay support
[    0.303150] [drm] Initialized i915 1.6.0 20180308 for 0000:00:02.0 on minor 0
[    0.303390] usbcore: registered new interface driver udl
[    0.307583] loop: module loaded
[    0.313732] ahci 0000:00:1f.2: version 3.0
[    0.313996] ahci 0000:00:1f.2: AHCI 0001.0100 32 slots 4 ports 1.5 Gbps 0x1 impl SATA mode
[    0.314011] ahci 0000:00:1f.2: flags: 64bit ncq pm led clo pio slum part 
[    0.314800] scsi host0: ahci
[    0.315003] scsi host1: ahci
[    0.315181] scsi host2: ahci
[    0.315351] scsi host3: ahci
[    0.315436] ata1: SATA max UDMA/133 abar m1024@0xee444400 port 0xee444500 irq 16
[    0.315442] ata2: DUMMY
[    0.315445] ata3: DUMMY
[    0.315448] ata4: DUMMY
[    0.315527] ata_piix 0000:00:1f.1: version 2.13
[    0.316624] scsi host4: ata_piix
[    0.316808] scsi host5: ata_piix
[    0.316877] ata5: PATA max UDMA/100 cmd 0x1f0 ctl 0x3f6 bmdma 0x1810 irq 14
[    0.316883] ata6: PATA max UDMA/100 cmd 0x170 ctl 0x376 bmdma 0x1818 irq 15
[    0.317174] tun: Universal TUN/TAP device driver, 1.6
[    0.317468] e1000: Intel(R) PRO/1000 Network Driver - version 7.3.21-k8-NAPI
[    0.317473] e1000: Copyright (c) 1999-2006 Intel Corporation.
[    0.317500] e1000e: Intel(R) PRO/1000 Network Driver - 3.2.6-k
[    0.317504] e1000e: Copyright(c) 1999 - 2015 Intel Corporation.
[    0.317739] e1000e 0000:02:00.0: Interrupt Throttling Rate (ints/sec) set to dynamic conservative mode
[    0.317978] ata6: port disabled--ignoring
[    0.326059] fbcon: inteldrmfb (fb0) is primary device
[    0.444668] e1000e 0000:02:00.0 eth0: (PCI Express:2.5GT/s:Width x1) 00:16:d3:25:19:04
[    0.444673] e1000e 0000:02:00.0 eth0: Intel(R) PRO/1000 Network Connection
[    0.444755] e1000e 0000:02:00.0 eth0: MAC: 2, PHY: 2, PBA No: 005302-003
[    0.444852] PPP generic driver version 2.4.2
[    0.444930] PPP BSD Compression module registered
[    0.444932] PPP Deflate Compression module registered
[    0.444934] SLIP: version 0.8.4-NET3.019-NEWTTY (dynamic channels, max=256).
[    0.444934] CSLIP: code copyright 1989 Regents of the University of California.
[    0.444968] iwl3945: Intel(R) PRO/Wireless 3945ABG/BG Network Connection driver for Linux, in-tree:ds
[    0.444969] iwl3945: Copyright(c) 2003-2011 Intel Corporation
[    0.444970] iwl3945: hw_scan is disabled
[    0.499345] iwl3945 0000:03:00.0: Tunable channels: 11 802.11bg, 13 802.11a channels
[    0.499347] iwl3945 0000:03:00.0: Detected Intel Wireless WiFi Link 3945ABG
[    0.499636] ieee80211 phy0: Selected rate control algorithm 'iwl-3945-rs'
[    0.499886] Intel(R) Wireless WiFi driver for Linux
[    0.499887] Copyright(c) 2003- 2015 Intel Corporation
[    0.500036] usbcore: registered new interface driver ax88179_178a
[    0.500049] usbcore: registered new interface driver cdc_ether
[    0.500062] usbcore: registered new interface driver cdc_eem
[    0.500076] usbcore: registered new interface driver net1080
[    0.500094] usbcore: registered new interface driver cdc_subset
[    0.500109] usbcore: registered new interface driver zaurus
[    0.500132] usbcore: registered new interface driver cdc_ncm
[    0.500146] usbcore: registered new interface driver cdc_mbim
[    0.500182] pci 0000:00:1e.0: enabling device (0005 -> 0007)
[    0.500272] yenta_cardbus 0000:15:00.0: CardBus bridge found [17aa:201c]
[    0.632113] ata1: SATA link up 1.5 Gbps (SStatus 113 SControl 300)
[    0.710315] ata1.00: ACPI cmd ef/02:00:00:00:00:a0 (SET FEATURES) succeeded
[    0.710319] ata1.00: ACPI cmd f5/00:00:00:00:00:a0 (SECURITY FREEZE LOCK) filtered out
[    0.710322] ata1.00: ACPI cmd ef/10:03:00:00:00:a0 (SET FEATURES) filtered out
[    0.754660] ata1.00: ATA-9: ST1000LM014-1EJ164, SM11, max UDMA/133
[    0.754663] ata1.00: 1953525168 sectors, multi 16: LBA48 NCQ (depth 31/32), AA
[    0.799030] ata1.00: ACPI cmd ef/02:00:00:00:00:a0 (SET FEATURES) succeeded
[    0.799034] ata1.00: ACPI cmd f5/00:00:00:00:00:a0 (SECURITY FREEZE LOCK) filtered out
[    0.799038] ata1.00: ACPI cmd ef/10:03:00:00:00:a0 (SET FEATURES) filtered out
[    0.843402] ata1.00: configured for UDMA/133
[    1.027076] Console: switching to colour frame buffer device 102x42
[    1.099683] i915 0000:00:02.0: fb0: inteldrmfb frame buffer device
[    1.102295] scsi 0:0:0:0: Direct-Access     ATA      ST1000LM014-1EJ1 SM11 PQ: 0 ANSI: 5
[    1.105007] sd 0:0:0:0: Attached scsi generic sg0 type 0
[    1.105087] sd 0:0:0:0: [sda] 1953525168 512-byte logical blocks: (1.00 TB/932 GiB)
[    1.109677] sd 0:0:0:0: [sda] 4096-byte physical blocks
[    1.112072] sd 0:0:0:0: [sda] Write Protect is off
[    1.114351] sd 0:0:0:0: [sda] Mode Sense: 00 3a 00 00
[    1.114423] sd 0:0:0:0: [sda] Write cache: enabled, read cache: enabled, doesn't support DPO or FUA
[    1.117790]  sda: sda1 sda2 sda3 sda4
[    1.121052] sd 0:0:0:0: [sda] Attached SCSI disk
[    1.256838] yenta_cardbus 0000:15:00.0: ISA IRQ mask 0x0cb8, PCI irq 16
[    1.259221] yenta_cardbus 0000:15:00.0: Socket status: 30000006
[    1.261531] yenta_cardbus 0000:15:00.0: pcmcia: parent PCI bridge window: [io  0x9000-0xcfff]
[    1.263832] yenta_cardbus 0000:15:00.0: pcmcia: parent PCI bridge window: [mem 0xe4300000-0xe7ffffff]
[    1.266131] pcmcia_socket pcmcia_socket0: cs: memory probe 0xe4300000-0xe7ffffff:
[    1.268436]  excluding 0xe4300000-0xe46cffff
[    1.270724] yenta_cardbus 0000:15:00.0: pcmcia: parent PCI bridge window: [mem 0xe0000000-0xe3ffffff 64bit pref]
[    1.273146] pcmcia_socket pcmcia_socket0: cs: memory probe 0xe0000000-0xe3ffffff:
[    1.275601]  excluding 0xe0000000-0xe3ffffff
[    1.278509] ehci_hcd: USB 2.0 'Enhanced' Host Controller (EHCI) Driver
[    1.281046] ehci-pci: EHCI PCI platform driver
[    1.283776] ehci-pci 0000:00:1d.7: EHCI Host Controller
[    1.286480] ehci-pci 0000:00:1d.7: new USB bus registered, assigned bus number 1
[    1.289192] ehci-pci 0000:00:1d.7: debug port 1
[    1.295785] ehci-pci 0000:00:1d.7: cache line size of 64 is not supported
[    1.295805] ehci-pci 0000:00:1d.7: irq 19, io mem 0xee444000
[    1.312070] ehci-pci 0000:00:1d.7: USB 2.0 started, EHCI 1.00
[    1.315057] usb usb1: New USB device found, idVendor=1d6b, idProduct=0002, bcdDevice= 4.17
[    1.317894] usb usb1: New USB device strings: Mfr=3, Product=2, SerialNumber=1
[    1.320708] usb usb1: Product: EHCI Host Controller
[    1.323473] usb usb1: Manufacturer: Linux 4.17.0-rc5+ ehci_hcd
[    1.326223] usb usb1: SerialNumber: 0000:00:1d.7
[    1.329157] hub 1-0:1.0: USB hub found
[    1.331876] hub 1-0:1.0: 8 ports detected
[    1.335104] ohci_hcd: USB 1.1 'Open' Host Controller (OHCI) Driver
[    1.337765] ohci-pci: OHCI PCI platform driver
[    1.340426] uhci_hcd: USB Universal Host Controller Interface driver
[    1.343188] uhci_hcd 0000:00:1d.0: UHCI Host Controller
[    1.345923] uhci_hcd 0000:00:1d.0: new USB bus registered, assigned bus number 2
[    1.348602] uhci_hcd 0000:00:1d.0: detected 2 ports
[    1.351204] uhci_hcd 0000:00:1d.0: irq 16, io base 0x00001820
[    1.353949] usb usb2: New USB device found, idVendor=1d6b, idProduct=0001, bcdDevice= 4.17
[    1.356561] usb usb2: New USB device strings: Mfr=3, Product=2, SerialNumber=1
[    1.359137] usb usb2: Product: UHCI Host Controller
[    1.361733] usb usb2: Manufacturer: Linux 4.17.0-rc5+ uhci_hcd
[    1.364304] usb usb2: SerialNumber: 0000:00:1d.0
[    1.366952] hub 2-0:1.0: USB hub found
[    1.369454] hub 2-0:1.0: 2 ports detected
[    1.372219] uhci_hcd 0000:00:1d.1: UHCI Host Controller
[    1.374737] uhci_hcd 0000:00:1d.1: new USB bus registered, assigned bus number 3
[    1.377217] uhci_hcd 0000:00:1d.1: detected 2 ports
[    1.379693] uhci_hcd 0000:00:1d.1: irq 17, io base 0x00001840
[    1.382287] usb usb3: New USB device found, idVendor=1d6b, idProduct=0001, bcdDevice= 4.17
[    1.384741] usb usb3: New USB device strings: Mfr=3, Product=2, SerialNumber=1
[    1.387094] usb usb3: Product: UHCI Host Controller
[    1.389376] usb usb3: Manufacturer: Linux 4.17.0-rc5+ uhci_hcd
[    1.391619] usb usb3: SerialNumber: 0000:00:1d.1
[    1.394014] hub 3-0:1.0: USB hub found
[    1.396210] hub 3-0:1.0: 2 ports detected
[    1.398722] uhci_hcd 0000:00:1d.2: UHCI Host Controller
[    1.400971] uhci_hcd 0000:00:1d.2: new USB bus registered, assigned bus number 4
[    1.403163] uhci_hcd 0000:00:1d.2: detected 2 ports
[    1.405387] uhci_hcd 0000:00:1d.2: irq 18, io base 0x00001860
[    1.407759] usb usb4: New USB device found, idVendor=1d6b, idProduct=0001, bcdDevice= 4.17
[    1.410002] usb usb4: New USB device strings: Mfr=3, Product=2, SerialNumber=1
[    1.412216] usb usb4: Product: UHCI Host Controller
[    1.414391] usb usb4: Manufacturer: Linux 4.17.0-rc5+ uhci_hcd
[    1.416586] usb usb4: SerialNumber: 0000:00:1d.2
[    1.418938] hub 4-0:1.0: USB hub found
[    1.421148] hub 4-0:1.0: 2 ports detected
[    1.423969] uhci_hcd 0000:00:1d.3: UHCI Host Controller
[    1.426232] uhci_hcd 0000:00:1d.3: new USB bus registered, assigned bus number 5
[    1.428440] uhci_hcd 0000:00:1d.3: detected 2 ports
[    1.430615] uhci_hcd 0000:00:1d.3: irq 19, io base 0x00001880
[    1.432956] usb usb5: New USB device found, idVendor=1d6b, idProduct=0001, bcdDevice= 4.17
[    1.435165] usb usb5: New USB device strings: Mfr=3, Product=2, SerialNumber=1
[    1.437374] usb usb5: Product: UHCI Host Controller
[    1.439574] usb usb5: Manufacturer: Linux 4.17.0-rc5+ uhci_hcd
[    1.441752] usb usb5: SerialNumber: 0000:00:1d.3
[    1.444070] hub 5-0:1.0: USB hub found
[    1.446194] hub 5-0:1.0: 2 ports detected
[    1.448566] usbcore: registered new interface driver cdc_acm
[    1.450661] cdc_acm: USB Abstract Control Model driver for USB modems and ISDN adapters
[    1.452867] usbcore: registered new interface driver usblp
[    1.455093] usbcore: registered new interface driver cdc_wdm
[    1.457309] usbcore: registered new interface driver usb-storage
[    1.459451] usbcore: registered new interface driver ums-sddr09
[    1.461587] usbcore: registered new interface driver usbserial_generic
[    1.463680] usbserial: USB Serial support registered for generic
[    1.465751] usbcore: registered new interface driver ch341
[    1.467793] usbserial: USB Serial support registered for ch341-uart
[    1.469858] usbcore: registered new interface driver ftdi_sio
[    1.471913] usbserial: USB Serial support registered for FTDI USB Serial Device
[    1.474095] usbcore: registered new interface driver option
[    1.476236] usbserial: USB Serial support registered for GSM modem (1-port)
[    1.478522] usbcore: registered new interface driver pl2303
[    1.480732] usbserial: USB Serial support registered for pl2303
[    1.482952] usbcore: registered new interface driver ti_usb_3410_5052
[    1.485189] usbserial: USB Serial support registered for TI USB 3410 1 port adapter
[    1.487481] usbserial: USB Serial support registered for TI USB 5052 2 port adapter
[    1.489684] ftdi_elan: driver ftdi-elan
[    1.491863] usbcore: registered new interface driver ftdi-elan
[    1.494123] i8042: PNP: PS/2 Controller [PNP0303:KBD,PNP0f13:MOU] at 0x60,0x64 irq 1,12
[    1.506952] serio: i8042 KBD port at 0x60,0x64 irq 1
[    1.509223] serio: i8042 AUX port at 0x60,0x64 irq 12
[    1.511674] mousedev: PS/2 mouse device common for all mice
[    1.514291] input: PC Speaker as /devices/platform/pcspkr/input/input4
[    1.516794] rtc_cmos 00:02: RTC can wake from S4
[    1.519326] rtc_cmos 00:02: registered as rtc0
[    1.521642] rtc_cmos 00:02: alarms up to one month, y3k, 114 bytes nvram, hpet irqs
[    1.524050] usbcore: registered new interface driver uvcvideo
[    1.526351] USB Video Class driver (1.1.1)
[    1.528632] gspca_main: v2.14.0 registered
[    1.530891] usbcore: registered new interface driver sq930x
[    1.533540] device-mapper: ioctl: 4.39.0-ioctl (2018-04-03) initialised: dm-devel@redhat.com
[    1.535905] Bluetooth: HCI UART driver ver 2.3
[    1.538284] Bluetooth: HCI UART protocol H4 registered
[    1.538356] input: AT Translated Set 2 keyboard as /devices/platform/i8042/serio0/input/input5
[    1.540662] Bluetooth: HCI UART protocol BCSP registered
[    1.540705] usbcore: registered new interface driver btusb
[    1.548017] sdhci: Secure Digital Host Controller Interface driver
[    1.550474] sdhci: Copyright(c) Pierre Ossman
[    1.552994] sdhci-pci 0000:15:00.2: SDHCI controller found [1180:0822] (rev 18)
[    1.555709] sdhci-pci 0000:15:00.2: Will use DMA mode even though HW doesn't fully claim to support it.
[    1.558417] mmc0 bounce up to 128 segments into one, max segment size 65536 bytes
[    1.561140] sdhci-pci 0000:15:00.2: Will use DMA mode even though HW doesn't fully claim to support it.
[    1.564167] mmc0: SDHCI controller on PCI [0000:15:00.2] using DMA
[    1.567016] hidraw: raw HID events driver (C) Jiri Kosina
[    1.570210] usbcore: registered new interface driver usbhid
[    1.572992] usbhid: USB HID core driver
[    1.576022] thinkpad_acpi: ThinkPad ACPI Extras v0.26
[    1.578730] thinkpad_acpi: http://ibm-acpi.sf.net/
[    1.581393] thinkpad_acpi: ThinkPad BIOS 7BETD8WW (2.19 ), EC 7BHT40WW-1.13
[    1.584085] thinkpad_acpi: Lenovo ThinkPad X60, model 17097HU
[    1.590074] thinkpad_acpi: ACPI backlight control delay disabled
[    1.593036] thinkpad_acpi: radio switch found; radios are enabled
[    1.596034] thinkpad_acpi: This ThinkPad has standard ACPI backlight brightness control, supported by the ACPI video driver
[    1.601786] thinkpad_acpi: Disabling thinkpad-acpi brightness events by default...
[    1.610255] thinkpad_acpi: rfkill switch tpacpi_bluetooth_sw: radio is unblocked
[    1.614459] thinkpad_acpi: warning: userspace override of important firmware LEDs is enabled
[    1.621268] thinkpad_acpi: Standard ACPI backlight interface available, not loading native one
[    1.624417] thinkpad_acpi: volume: disabled as there is no ALSA support in this kernel
[    1.627923] thinkpad_acpi: battery 1 registered (start 0, stop 0)
[    1.627931] battery: new extension: ThinkPad Battery Extension
[    1.633938] input: ThinkPad Extra Buttons as /devices/platform/thinkpad_acpi/input/input8
[    1.637523] snd_hda_intel 0000:00:1b.0: probe_mask set to 0x1 for device 17aa:2010
[    1.641206] usbcore: registered new interface driver snd-usb-audio
[    1.644636] NET: Registered protocol family 17
[    1.647660] Bluetooth: RFCOMM TTY layer initialized
[    1.650655] Bluetooth: RFCOMM socket layer initialized
[    1.653567] Bluetooth: RFCOMM ver 1.11
[    1.656389] Bluetooth: BNEP (Ethernet Emulation) ver 1.3
[    1.659237] Bluetooth: BNEP filters: protocol multicast
[    1.662026] Bluetooth: BNEP socket layer initialized
[    1.664772] Bluetooth: HIDP (Human Interface Emulation) ver 1.2
[    1.667513] Bluetooth: HIDP socket layer initialized
[    1.670563] microcode: sig=0x6e8, pf=0x20, revision=0x39
[    1.673504] microcode: Microcode Update Driver: v2.2.
[    1.673509] Using IPI No-Shortcut mode
[    1.679291] Loading compiled-in X.509 certificates
[    1.682397] Key type encrypted registered
[    1.685472] rtc_cmos 00:02: setting system clock to 2018-05-14 13:56:15 UTC (1526306175)
[    1.688993] sdhci-pci 0000:15:00.2: Will use DMA mode even though HW doesn't fully claim to support it.
[    1.692958] cfg80211: Loading compiled-in X.509 certificates for regulatory database
[    1.696056] snd_hda_codec_analog hdaudioC0D0: autoconfig for AD1981: line_outs=1 (0x5/0x0/0x0/0x0/0x0) type:speaker
[    1.697713] cfg80211: Loaded X.509 cert 'sforshee: 00b28ddf47aef9cea7'
[    1.701442] snd_hda_codec_analog hdaudioC0D0:    speaker_outs=0 (0x0/0x0/0x0/0x0/0x0)
[    1.704388] platform regulatory.0: Direct firmware load for regulatory.db failed with error -2
[    1.707100] snd_hda_codec_analog hdaudioC0D0:    hp_outs=0 (0x0/0x0/0x0/0x0/0x0)
[    1.709948] cfg80211: failed to load regulatory.db
[    1.712878] snd_hda_codec_analog hdaudioC0D0:    mono: mono_out=0x0
[    1.715841] PM: Image not found (code -22)
[    1.718699] ALSA device list:
[    1.718704] snd_hda_codec_analog hdaudioC0D0:    inputs:
[    1.721486]   No soundcards found.
[    1.724260] snd_hda_codec_analog hdaudioC0D0:      Mic=0x8
[    1.729717] snd_hda_codec_analog hdaudioC0D0:      CD=0x19
[    1.765265] sdhci-pci 0000:15:00.2: Will use DMA mode even though HW doesn't fully claim to support it.
[    1.832491] sdhci-pci 0000:15:00.2: Will use DMA mode even though HW doesn't fully claim to support it.
[    1.900492] sdhci-pci 0000:15:00.2: Will use DMA mode even though HW doesn't fully claim to support it.
[    1.948075] usb 5-1: new full-speed USB device number 2 using uhci_hcd
[    2.137394] usb 5-1: New USB device found, idVendor=0a5c, idProduct=2110, bcdDevice= 1.00
[    2.141924] usb 5-1: New USB device strings: Mfr=1, Product=2, SerialNumber=0
[    2.146376] usb 5-1: Product: BCM2045B
[    2.150742] usb 5-1: Manufacturer: Broadcom Corp
[    2.439671] psmouse serio1: trackpoint: IBM TrackPoint firmware: 0x0e, buttons: 3/3
[    2.463900] input: TPPS/2 IBM TrackPoint as /devices/platform/i8042/serio1/input/input7
[    2.472803] md: Waiting for all devices to be available before autodetect
[    2.477532] md: If you don't use raid, use raid=noautodetect
[    2.482656] md: Autodetecting RAID arrays.
[    2.487425] md: autorun ...
[    2.492115] md: ... autorun DONE.
[    2.506611] EXT4-fs (sda4): mounted filesystem with ordered data mode. Opts: (null)
[    2.511476] VFS: Mounted root (ext4 filesystem) readonly on device 8:4.
[    2.516730] devtmpfs: mounted
[    2.521048] Freeing unused kernel memory: 572K
[    2.536245] Write protecting the kernel text: 11672k
[    2.541246] Write protecting the kernel read-only data: 3848k
[    2.545991] NX-protecting the kernel data: 6760k
[    2.551424] x86/mm: Checked W+X mappings: passed, no W+X pages found.
[    2.556039] rodata_test: all tests were successful
[    2.730184] random: systemd: uninitialized urandom read (16 bytes read)
[    2.734409] systemd[1]: systemd 215 running in system mode. (+PAM +AUDIT +SELINUX +IMA +SYSVINIT +LIBCRYPTSETUP +GCRYPT +ACL +XZ -SECCOMP -APPARMOR)
[    2.764217] systemd[1]: Detected architecture 'x86'.
[    2.843896] systemd[1]: Failed to insert module 'ipv6'
[    2.847618] systemd[1]: Set hostname to <amd>.
[    2.896150] random: systemd-sysv-ge: uninitialized urandom read (16 bytes read)
[    2.904089] usb 5-2: new full-speed USB device number 3 using uhci_hcd
[    2.999698] random: systemd-sysv-ge: uninitialized urandom read (16 bytes read)
[    3.102397] usb 5-2: New USB device found, idVendor=0483, idProduct=2016, bcdDevice= 0.01
[    3.105923] usb 5-2: New USB device strings: Mfr=1, Product=2, SerialNumber=0
[    3.109421] usb 5-2: Product: Biometric Coprocessor
[    3.112957] usb 5-2: Manufacturer: STMicroelectronics
[    3.202664] systemd[1]: Binding to IPv6 address not available since kernel does not support IPv6.
[    3.206289] systemd[1]: [/lib/systemd/system/gpsd.socket:6] Failed to parse address value, ignoring: [::1]:2947
[    3.215041] systemd[1]: Starting Forward Password Requests to Wall Directory Watch.
[    3.218842] systemd[1]: Started Forward Password Requests to Wall Directory Watch.
[    3.221689] systemd[1]: Starting Remote File Systems (Pre).
[    3.227858] systemd[1]: Reached target Remote File Systems (Pre).
[    3.592791] systemd-udevd[2307]: starting version 215
[    4.156544] e1000e 0000:02:00.0 eth1: renamed from eth0
[    4.172179] systemd-udevd[2346]: renamed network interface eth0 to eth1
[    4.322127] EXT4-fs (sda4): re-mounted. Opts: errors=remount-ro
[    5.003002] Adding 2097148k swap on /dev/sda1.  Priority:-2 extents:1 across:2097148k 
[    5.030535] random: crng init done
[    5.033233] random: 7 urandom warning(s) missed due to ratelimiting
[    5.251285] EXT4-fs (sda2): mounted filesystem with ordered data mode. Opts: errors=remount-ro
[    5.322013] systemd-journald[2306]: Received request to flush runtime journal from PID 1
[    7.035442] NFSD: Using /var/lib/nfs/v4recovery as the NFSv4 state recovery directory
[    7.097179] NFSD: starting 90-second grace period (net f0000098)
[   13.420430] iwl3945 0000:03:00.0: loaded firmware version 15.32.2.9
[   16.046637] e1000e: eth1 NIC Link is Up 100 Mbps Full Duplex, Flow Control: Rx/Tx
[   16.046819] e1000e 0000:02:00.0 eth1: 10/100 speed: disabling TSO
[   17.723107] wlan0: authenticate with 00:00:00:00:00:01
[   17.725041] wlan0: send auth to 00:00:00:00:00:01 (try 1/3)
[   17.726804] wlan0: authenticated
[   17.732045] wlan0: associate with 00:00:00:00:00:01 (try 1/3)
[   17.734835] wlan0: RX AssocResp from 00:00:00:00:00:01 (capab=0x401 status=0 aid=3)
[   17.736623] wlan0: associated
