[    0.000000] Linux version 5.2.0-rc2+ (pavel@duo) (gcc version 4.9.2 (Debian 4.9.2-10+deb8u2)) #38 SMP Mon May 27 23:28:43 CEST 2019
[    0.000000] Command line: BOOT_IMAGE=(hd1,2)/l/k/o/64/arch/x86/boot/bzImage root=/dev/sdb4 resume=/dev/sda1
[    0.000000] Disabled fast string operations
[    0.000000] x86/fpu: Supporting XSAVE feature 0x001: 'x87 floating point registers'
[    0.000000] x86/fpu: Supporting XSAVE feature 0x002: 'SSE registers'
[    0.000000] x86/fpu: Supporting XSAVE feature 0x004: 'AVX registers'
[    0.000000] x86/fpu: xstate_offset[2]:  576, xstate_sizes[2]:  256
[    0.000000] x86/fpu: Enabled xstate features 0x7, context size is 832 bytes, using 'standard' format.
[    0.000000] BIOS-provided physical RAM map:
[    0.000000] BIOS-e820: [mem 0x0000000000000000-0x000000000009d7ff] usable
[    0.000000] BIOS-e820: [mem 0x000000000009d800-0x000000000009ffff] reserved
[    0.000000] BIOS-e820: [mem 0x00000000000e0000-0x00000000000fffff] reserved
[    0.000000] BIOS-e820: [mem 0x0000000000100000-0x000000001fffffff] usable
[    0.000000] BIOS-e820: [mem 0x0000000020000000-0x00000000201fffff] reserved
[    0.000000] BIOS-e820: [mem 0x0000000020200000-0x000000003fffffff] usable
[    0.000000] BIOS-e820: [mem 0x0000000040000000-0x00000000401fffff] reserved
[    0.000000] BIOS-e820: [mem 0x0000000040200000-0x00000000da99efff] usable
[    0.000000] BIOS-e820: [mem 0x00000000da99f000-0x00000000dae9efff] reserved
[    0.000000] BIOS-e820: [mem 0x00000000dae9f000-0x00000000daf9efff] ACPI NVS
[    0.000000] BIOS-e820: [mem 0x00000000daf9f000-0x00000000daffefff] ACPI data
[    0.000000] BIOS-e820: [mem 0x00000000dafff000-0x00000000daffffff] usable
[    0.000000] BIOS-e820: [mem 0x00000000db000000-0x00000000df9fffff] reserved
[    0.000000] BIOS-e820: [mem 0x00000000f8000000-0x00000000fbffffff] reserved
[    0.000000] BIOS-e820: [mem 0x00000000fec00000-0x00000000fec00fff] reserved
[    0.000000] BIOS-e820: [mem 0x00000000fed08000-0x00000000fed08fff] reserved
[    0.000000] BIOS-e820: [mem 0x00000000fed10000-0x00000000fed19fff] reserved
[    0.000000] BIOS-e820: [mem 0x00000000fed1c000-0x00000000fed1ffff] reserved
[    0.000000] BIOS-e820: [mem 0x00000000fee00000-0x00000000fee00fff] reserved
[    0.000000] BIOS-e820: [mem 0x00000000ffd20000-0x00000000ffffffff] reserved
[    0.000000] BIOS-e820: [mem 0x0000000100000000-0x000000019e5fffff] usable
[    0.000000] BIOS-e820: [mem 0x000000019e600000-0x000000019e7fffff] reserved
[    0.000000] NX (Execute Disable) protection: active
[    0.000000] SMBIOS 2.6 present.
[    0.000000] DMI: LENOVO 42872WU/42872WU, BIOS 8DET74WW (1.44 ) 03/13/2018
[    0.000000] tsc: Fast TSC calibration using PIT
[    0.000000] tsc: Detected 2491.725 MHz processor
[    0.001589] e820: update [mem 0x00000000-0x00000fff] usable ==> reserved
[    0.001592] e820: remove [mem 0x000a0000-0x000fffff] usable
[    0.001600] last_pfn = 0x19e600 max_arch_pfn = 0x400000000
[    0.001605] MTRR default type: uncachable
[    0.001607] MTRR fixed ranges enabled:
[    0.001609]   00000-9FFFF write-back
[    0.001610]   A0000-BFFFF uncachable
[    0.001612]   C0000-FFFFF write-protect
[    0.001613] MTRR variable ranges enabled:
[    0.001615]   0 base 0FFC00000 mask FFFC00000 write-protect
[    0.001617]   1 base 000000000 mask F80000000 write-back
[    0.001618]   2 base 080000000 mask FC0000000 write-back
[    0.001619]   3 base 0C0000000 mask FE0000000 write-back
[    0.001621]   4 base 0DC000000 mask FFC000000 uncachable
[    0.001622]   5 base 0DB000000 mask FFF000000 uncachable
[    0.001624]   6 base 100000000 mask F80000000 write-back
[    0.001625]   7 base 180000000 mask FE0000000 write-back
[    0.001626]   8 base 19F000000 mask FFF000000 uncachable
[    0.001628]   9 base 19E800000 mask FFF800000 uncachable
[    0.002397] x86/PAT: Configuration [0-7]: WB  WC  UC- UC  WB  WP  UC- WT  
[    0.003619] last_pfn = 0xdb000 max_arch_pfn = 0x400000000
[    0.003639] reserving inaccessible SNB gfx pages
[    0.003645] BRK [0x06401000, 0x06401fff] PGTABLE
[    0.003648] BRK [0x06402000, 0x06402fff] PGTABLE
[    0.003649] BRK [0x06403000, 0x06403fff] PGTABLE
[    0.003712] BRK [0x06404000, 0x06404fff] PGTABLE
[    0.003862] BRK [0x06405000, 0x06405fff] PGTABLE
[    0.004122] BRK [0x06406000, 0x06406fff] PGTABLE
[    0.004601] ACPI: Early table checksum verification disabled
[    0.004649] ACPI: RSDP 0x00000000000F00E0 000024 (v02 LENOVO)
[    0.004654] ACPI: XSDT 0x00000000DAFFE120 0000AC (v01 LENOVO TP-8D    00001440 PTEC 00000002)
[    0.004661] ACPI: FACP 0x00000000DAFE7000 0000F4 (v04 LENOVO TP-8D    00001440 PTL  00000002)
[    0.004668] ACPI: DSDT 0x00000000DAFEA000 00FA89 (v01 LENOVO TP-8D    00001440 INTL 20061109)
[    0.004672] ACPI: FACS 0x00000000DAF2D000 000040
[    0.004676] ACPI: FACS 0x00000000DAF2D000 000040
[    0.004679] ACPI: SLIC 0x00000000DAFFD000 000176 (v01 LENOVO TP-8D    00001440 PTEC 00000001)
[    0.004684] ACPI: SSDT 0x00000000DAFFC000 000249 (v01 LENOVO TP-SSDT2 00000200 INTL 20061109)
[    0.004688] ACPI: SSDT 0x00000000DAFFB000 000033 (v01 LENOVO TP-SSDT1 00000100 INTL 20061109)
[    0.004692] ACPI: SSDT 0x00000000DAFFA000 0007D1 (v01 LENOVO SataAhci 00001000 INTL 20061109)
[    0.004696] ACPI: HPET 0x00000000DAFE6000 000038 (v01 LENOVO TP-8D    00001440 PTL  00000002)
[    0.004700] ACPI: APIC 0x00000000DAFE5000 000098 (v01 LENOVO TP-8D    00001440 PTL  00000002)
[    0.004704] ACPI: MCFG 0x00000000DAFE4000 00003C (v01 LENOVO TP-8D    00001440 PTL  00000002)
[    0.004708] ACPI: ECDT 0x00000000DAFE3000 000052 (v01 LENOVO TP-8D    00001440 PTL  00000002)
[    0.004711] ACPI: ASF! 0x00000000DAFE9000 0000A5 (v32 LENOVO TP-8D    00001440 PTL  00000002)
[    0.004716] ACPI: TCPA 0x00000000DAFE2000 000032 (v02 PTL    LENOVO   06040000 LNVO 00000001)
[    0.004720] ACPI: SSDT 0x00000000DAFE1000 000A27 (v01 PmRef  Cpu0Ist  00003000 INTL 20061109)
[    0.004724] ACPI: SSDT 0x00000000DAFE0000 000996 (v01 PmRef  CpuPm    00003000 INTL 20061109)
[    0.004728] ACPI: DMAR 0x00000000DAFDF000 0000E8 (v01 INTEL  SNB      00000001 INTL 00000001)
[    0.004732] ACPI: UEFI 0x00000000DAFDE000 00003E (v01 LENOVO TP-8D    00001440 PTL  00000002)
[    0.004736] ACPI: UEFI 0x00000000DAFDD000 000042 (v01 PTL    COMBUF   00000001 PTL  00000001)
[    0.004740] ACPI: UEFI 0x00000000DAFDC000 000292 (v01 LENOVO TP-8D    00001440 PTL  00000002)
[    0.004748] ACPI: Local APIC address 0xfee00000
[    0.004795] Zone ranges:
[    0.004797]   DMA      [mem 0x0000000000001000-0x0000000000ffffff]
[    0.004800]   DMA32    [mem 0x0000000001000000-0x00000000ffffffff]
[    0.004802]   Normal   [mem 0x0000000100000000-0x000000019e5fffff]
[    0.004804] Movable zone start for each node
[    0.004806] Early memory node ranges
[    0.004808]   node   0: [mem 0x0000000000001000-0x000000000009cfff]
[    0.004810]   node   0: [mem 0x0000000000100000-0x000000001fffffff]
[    0.004812]   node   0: [mem 0x0000000020200000-0x000000003fffffff]
[    0.004813]   node   0: [mem 0x0000000040200000-0x00000000da99efff]
[    0.004815]   node   0: [mem 0x00000000dafff000-0x00000000daffffff]
[    0.004817]   node   0: [mem 0x0000000100000000-0x000000019e5fffff]
[    0.005024] Zeroed struct page in unavailable ranges: 23236 pages
[    0.005025] Initmem setup node 0 [mem 0x0000000000001000-0x000000019e5fffff]
[    0.005029] On node 0 totalpages: 1542972
[    0.005031]   DMA zone: 56 pages used for memmap
[    0.005032]   DMA zone: 156 pages reserved
[    0.005033]   DMA zone: 3996 pages, LIFO batch:0
[    0.005074]   DMA32 zone: 12172 pages used for memmap
[    0.005075]   DMA32 zone: 890272 pages, LIFO batch:63
[    0.013814]   Normal zone: 8869 pages used for memmap
[    0.013817]   Normal zone: 648704 pages, LIFO batch:63
[    0.019751] Reserving Intel graphics memory at [mem 0xdba00000-0xdf9fffff]
[    0.019931] ACPI: PM-Timer IO Port: 0x408
[    0.019934] ACPI: Local APIC address 0xfee00000
[    0.019942] ACPI: LAPIC_NMI (acpi_id[0x00] high edge lint[0x1])
[    0.019944] ACPI: LAPIC_NMI (acpi_id[0x01] high edge lint[0x1])
[    0.019962] IOAPIC[0]: apic_id 2, version 32, address 0xfec00000, GSI 0-23
[    0.019965] ACPI: INT_SRC_OVR (bus 0 bus_irq 0 global_irq 2 dfl dfl)
[    0.019968] ACPI: INT_SRC_OVR (bus 0 bus_irq 9 global_irq 9 high level)
[    0.019971] ACPI: IRQ0 used by override.
[    0.019973] ACPI: IRQ9 used by override.
[    0.019977] Using ACPI (MADT) for SMP configuration information
[    0.019979] ACPI: HPET id: 0x8086a301 base: 0xfed00000
[    0.019984] smpboot: Allowing 8 CPUs, 4 hotplug CPUs
[    0.020013] PM: Registered nosave memory: [mem 0x00000000-0x00000fff]
[    0.020016] PM: Registered nosave memory: [mem 0x0009d000-0x0009dfff]
[    0.020018] PM: Registered nosave memory: [mem 0x0009e000-0x0009ffff]
[    0.020020] PM: Registered nosave memory: [mem 0x000a0000-0x000dffff]
[    0.020021] PM: Registered nosave memory: [mem 0x000e0000-0x000fffff]
[    0.020024] PM: Registered nosave memory: [mem 0x20000000-0x201fffff]
[    0.020027] PM: Registered nosave memory: [mem 0x40000000-0x401fffff]
[    0.020030] PM: Registered nosave memory: [mem 0xda99f000-0xdae9efff]
[    0.020031] PM: Registered nosave memory: [mem 0xdae9f000-0xdaf9efff]
[    0.020033] PM: Registered nosave memory: [mem 0xdaf9f000-0xdaffefff]
[    0.020036] PM: Registered nosave memory: [mem 0xdb000000-0xdf9fffff]
[    0.020038] PM: Registered nosave memory: [mem 0xdfa00000-0xf7ffffff]
[    0.020039] PM: Registered nosave memory: [mem 0xf8000000-0xfbffffff]
[    0.020041] PM: Registered nosave memory: [mem 0xfc000000-0xfebfffff]
[    0.020043] PM: Registered nosave memory: [mem 0xfec00000-0xfec00fff]
[    0.020044] PM: Registered nosave memory: [mem 0xfec01000-0xfed07fff]
[    0.020046] PM: Registered nosave memory: [mem 0xfed08000-0xfed08fff]
[    0.020048] PM: Registered nosave memory: [mem 0xfed09000-0xfed0ffff]
[    0.020050] PM: Registered nosave memory: [mem 0xfed10000-0xfed19fff]
[    0.020051] PM: Registered nosave memory: [mem 0xfed1a000-0xfed1bfff]
[    0.020053] PM: Registered nosave memory: [mem 0xfed1c000-0xfed1ffff]
[    0.020055] PM: Registered nosave memory: [mem 0xfed20000-0xfedfffff]
[    0.020056] PM: Registered nosave memory: [mem 0xfee00000-0xfee00fff]
[    0.020058] PM: Registered nosave memory: [mem 0xfee01000-0xffd1ffff]
[    0.020060] PM: Registered nosave memory: [mem 0xffd20000-0xffffffff]
[    0.020064] [mem 0xdfa00000-0xf7ffffff] available for PCI devices
[    0.020067] clocksource: refined-jiffies: mask: 0xffffffff max_cycles: 0xffffffff, max_idle_ns: 7645519600211568 ns
[    0.020077] setup_percpu: NR_CPUS:8 nr_cpumask_bits:8 nr_cpu_ids:8 nr_node_ids:1
[    0.021848] percpu: Embedded 60 pages/cpu s207048 r8192 d30520 u262144
[    0.021857] pcpu-alloc: s207048 r8192 d30520 u262144 alloc=1*2097152
[    0.021859] pcpu-alloc: [0] 0 1 2 3 4 5 6 7 
[    0.021886] Built 1 zonelists, mobility grouping on.  Total pages: 1521719
[    0.021892] Kernel command line: BOOT_IMAGE=(hd1,2)/l/k/o/64/arch/x86/boot/bzImage root=/dev/sdb4 resume=/dev/sda1
[    0.025759] Dentry cache hash table entries: 1048576 (order: 11, 8388608 bytes)
[    0.027665] Inode-cache hash table entries: 524288 (order: 10, 4194304 bytes)
[    0.287358] Memory: 5966032K/6171888K available (16387K kernel code, 1129K rwdata, 5276K rodata, 1088K init, 9888K bss, 205856K reserved, 0K cma-reserved)
[    0.287386] random: get_random_u32 called from cache_alloc_refill+0x8cb/0xcc0 with crng_init=0
[    0.288018] Kernel/User page tables isolation: enabled
[    0.288201] rcu: Hierarchical RCU implementation.
[    0.288204] rcu: RCU calculated value of scheduler-enlistment delay is 25 jiffies.
[    0.288237] NR_IRQS: 4352, nr_irqs: 104, preallocated irqs: 16
[    0.290225] Console: colour VGA+ 80x25
[    0.298643] printk: console [tty0] enabled
[    0.298701] Lock dependency validator: Copyright (c) 2006 Red Hat, Inc., Ingo Molnar
[    0.298771] ... MAX_LOCKDEP_SUBCLASSES:  8
[    0.298828] ... MAX_LOCK_DEPTH:          48
[    0.298887] ... MAX_LOCKDEP_KEYS:        8191
[    0.298945] ... CLASSHASH_SIZE:          4096
[    0.299004] ... MAX_LOCKDEP_ENTRIES:     32768
[    0.299063] ... MAX_LOCKDEP_CHAINS:      65536
[    0.299122] ... CHAINHASH_SIZE:          32768
[    0.299181]  memory used by lock dependency info: 3507 kB
[    0.299243]  per task-struct memory footprint: 1920 bytes
[    0.299311] ACPI: Core revision 20190509
[    0.299723] clocksource: hpet: mask: 0xffffffff max_cycles: 0xffffffff, max_idle_ns: 133484882848 ns
[    0.299824] hpet clockevent registered
[    0.299833] APIC: Switch to symmetric I/O mode setup
[    0.300350] ..TIMER: vector=0x30 apic1=0 pin1=2 apic2=-1 pin2=-1
[    0.319832] clocksource: tsc-early: mask: 0xffffffffffffffff max_cycles: 0x23eab0a6bda, max_idle_ns: 440795206102 ns
[    0.319925] Calibrating delay loop (skipped), value calculated using timer frequency.. 4983.45 BogoMIPS (lpj=9966900)
[    0.320018] pid_max: default: 32768 minimum: 301
[    0.320224] Mount-cache hash table entries: 16384 (order: 5, 131072 bytes)
[    0.320307] Mountpoint-cache hash table entries: 16384 (order: 5, 131072 bytes)
[    0.320707] *** VALIDATE proc ***
[    0.320825] *** VALIDATE cgroup1 ***
[    0.320882] *** VALIDATE cgroup2 ***
[    0.320971] Disabled fast string operations
[    0.321039] process: using mwait in idle threads
[    0.321101] Last level iTLB entries: 4KB 512, 2MB 8, 4MB 8
[    0.321164] Last level dTLB entries: 4KB 512, 2MB 32, 4MB 32, 1GB 0
[    0.321230] Spectre V2 : Mitigation: Full generic retpoline
[    0.321293] Spectre V2 : Spectre v2 / SpectreRSB mitigation: Filling RSB on context switch
[    0.321364] Spectre V2 : Enabling Restricted Speculation for firmware calls
[    0.321432] Spectre V2 : mitigation: Enabling conditional Indirect Branch Prediction Barrier
[    0.321505] Spectre V2 : User space: Mitigation: STIBP via prctl
[    0.321569] Speculative Store Bypass: Vulnerable
[    0.321629] MDS: Vulnerable: Clear CPU buffers attempted, no microcode
[    0.321854] Freeing SMP alternatives memory: 44K
[    0.322986] TSC deadline timer enabled
[    0.322990] smpboot: CPU0: Intel(R) Core(TM) i5-2520M CPU @ 2.50GHz (family: 0x6, model: 0x2a, stepping: 0x7)
[    0.323387] Performance Events: PEBS fmt1+, SandyBridge events, 16-deep LBR, full-width counters, Intel PMU driver.
[    0.323924] ... version:                3
[    0.323924] ... bit width:              48
[    0.323924] ... generic registers:      4
[    0.323924] ... value mask:             0000ffffffffffff
[    0.323924] ... max period:             00007fffffffffff
[    0.323924] ... fixed-purpose events:   3
[    0.323924] ... event mask:             000000070000000f
[    0.323924] rcu: Hierarchical SRCU implementation.
[    0.323924] NMI watchdog: Enabled. Permanently consumes one hw-PMU counter.
[    0.323924] smp: Bringing up secondary CPUs ...
[    0.324185] x86: Booting SMP configuration:
[    0.324249] .... node  #0, CPUs:      #1
[    0.015448] Disabled fast string operations
[    0.326601] MDS CPU bug present and SMT on, data leak possible. See https://www.kernel.org/doc/html/latest/admin-guide/hw-vuln/mds.html for more details.
[    0.326601]  #2
[    0.015448] Disabled fast string operations
[    0.328464]  #3
[    0.015448] Disabled fast string operations
[    0.330761] smp: Brought up 1 node, 4 CPUs
[    0.330761] smpboot: Max logical packages: 2
[    0.330761] smpboot: Total of 4 processors activated (19933.80 BogoMIPS)
[    0.332265] devtmpfs: initialized
[    0.332408] PM: Registering ACPI NVS region [mem 0xdae9f000-0xdaf9efff] (1048576 bytes)
[    0.332729] clocksource: jiffies: mask: 0xffffffff max_cycles: 0xffffffff, max_idle_ns: 7645041785100000 ns
[    0.332822] futex hash table entries: 2048 (order: 6, 262144 bytes)
[    0.333345] NET: Registered protocol family 16
[    0.334112] cpuidle: using governor ladder
[    0.334215] cpuidle: using governor menu
[    0.334215] ACPI FADT declares the system doesn't support PCIe ASPM, so disable it
[    0.334215] ACPI: bus type PCI registered
[    0.334224] PCI: MMCONFIG for domain 0000 [bus 00-3f] at [mem 0xf8000000-0xfbffffff] (base 0xf8000000)
[    0.334224] PCI: MMCONFIG at [mem 0xf8000000-0xfbffffff] reserved in E820
[    0.334224] PCI: Using configuration type 1 for base access
[    0.334224] core: PMU erratum BJ122, BV98, HSD29 worked around, HT is on
[    0.336128] ENERGY_PERF_BIAS: Set to 'normal', was 'performance'
[    0.361388] ACPI: Added _OSI(Module Device)
[    0.361388] ACPI: Added _OSI(Processor Device)
[    0.361388] ACPI: Added _OSI(3.0 _SCP Extensions)
[    0.361388] ACPI: Added _OSI(Processor Aggregator Device)
[    0.361388] ACPI: Added _OSI(Linux-Dell-Video)
[    0.361388] ACPI: Added _OSI(Linux-Lenovo-NV-HDMI-Audio)
[    0.361388] ACPI: Added _OSI(Linux-HPI-Hybrid-Graphics)
[    0.399934] ACPI: 6 ACPI AML tables successfully acquired and loaded
[    0.399934] ACPI: EC: EC started
[    0.399934] ACPI: EC: interrupt blocked
[    0.403928] ACPI: \: Used as first EC
[    0.403928] ACPI: \: GPE=0x11, EC_CMD/EC_SC=0x66, EC_DATA=0x62
[    0.403928] ACPI: EC: Boot ECDT EC used to handle transactions
[    0.407929] ACPI: [Firmware Bug]: BIOS _OSI(Linux) query ignored
[    0.417540] ACPI: Dynamic OEM Table Load:
[    0.417617] ACPI: SSDT 0xFFFF888197B05000 0008C0 (v01 PmRef  Cpu0Cst  00003001 INTL 20061109)
[    0.420743] ACPI: Dynamic OEM Table Load:
[    0.420814] ACPI: SSDT 0xFFFF888197376800 000303 (v01 PmRef  ApIst    00003000 INTL 20061109)
[    0.421495] ACPI: Dynamic OEM Table Load:
[    0.421495] ACPI: SSDT 0xFFFF888197B6F200 000119 (v01 PmRef  ApCst    00003000 INTL 20061109)
[    0.425082] ACPI: Interpreter enabled
[    0.425195] ACPI: (supports S0 S3 S4 S5)
[    0.425257] ACPI: Using IOAPIC for interrupt routing
[    0.425390] PCI: Using host bridge windows from ACPI; if necessary, use "pci=nocrs" and report a bug
[    0.426180] ACPI: Enabled 6 GPEs in block 00 to 3F
[    0.435967] ACPI: Power Resource [PUBS] (on)
[    0.435967] acpi PNP0C0A:01: ACPI dock station (docks/bays count: 1)
[    0.439985] acpi LNXIOBAY:00: ACPI dock station (docks/bays count: 2)
[    0.443967] acpi IBM0079:00: ACPI dock station (docks/bays count: 3)
[    0.447967] ACPI: PCI Interrupt Link [LNKA] (IRQs 3 4 5 6 7 9 10 *11)
[    0.447967] ACPI: PCI Interrupt Link [LNKB] (IRQs 3 4 5 6 7 9 10 *11)
[    0.447967] ACPI: PCI Interrupt Link [LNKC] (IRQs 3 4 5 6 7 9 10 *11)
[    0.447967] ACPI: PCI Interrupt Link [LNKD] (IRQs 3 4 5 6 7 9 *10 11)
[    0.447967] ACPI: PCI Interrupt Link [LNKE] (IRQs 3 4 5 6 *7 9 10 11)
[    0.447967] ACPI: PCI Interrupt Link [LNKF] (IRQs 3 4 5 6 7 9 10 11) *0, disabled.
[    0.447967] ACPI: PCI Interrupt Link [LNKG] (IRQs 3 4 5 6 *7 9 10 11)
[    0.448213] ACPI: PCI Interrupt Link [LNKH] (IRQs 3 4 5 6 7 9 *10 11)
[    0.451963] ACPI: PCI Root Bridge [PCI0] (domain 0000 [bus 00-fe])
[    0.451963] acpi PNP0A08:00: _OSC: OS supports [ExtendedConfig ASPM ClockPM Segments HPX-Type3]
[    0.451963] acpi PNP0A08:00: _OSC: not requesting OS control; OS requires [ExtendedConfig ASPM ClockPM MSI]
[    0.451963] acpi PNP0A08:00: [Firmware Info]: MMCONFIG for domain 0000 [bus 00-3f] only partially covers this bridge
[    0.451973] PCI host bridge to bus 0000:00
[    0.451973] pci_bus 0000:00: root bus resource [io  0x0000-0x0cf7 window]
[    0.451973] pci_bus 0000:00: root bus resource [io  0x0d00-0xffff window]
[    0.451973] pci_bus 0000:00: root bus resource [mem 0x000a0000-0x000bffff window]
[    0.451973] pci_bus 0000:00: root bus resource [mem 0xdfa00000-0xfebfffff window]
[    0.451973] pci_bus 0000:00: root bus resource [mem 0xfed40000-0xfed4bfff window]
[    0.451973] pci_bus 0000:00: root bus resource [bus 00-fe]
[    0.451973] pci 0000:00:00.0: [8086:0104] type 00 class 0x060000
[    0.451973] pci 0000:00:02.0: [8086:0126] type 00 class 0x030000
[    0.451973] pci 0000:00:02.0: reg 0x10: [mem 0xf0000000-0xf03fffff 64bit]
[    0.451973] pci 0000:00:02.0: reg 0x18: [mem 0xe0000000-0xefffffff 64bit pref]
[    0.451973] pci 0000:00:02.0: reg 0x20: [io  0x5000-0x503f]
[    0.451973] pci 0000:00:16.0: [8086:1c3a] type 00 class 0x078000
[    0.451973] pci 0000:00:16.0: reg 0x10: [mem 0xf2525000-0xf252500f 64bit]
[    0.451973] pci 0000:00:16.0: PME# supported from D0 D3hot D3cold
[    0.451973] pci 0000:00:19.0: [8086:1502] type 00 class 0x020000
[    0.451973] pci 0000:00:19.0: reg 0x10: [mem 0xf2500000-0xf251ffff]
[    0.451973] pci 0000:00:19.0: reg 0x14: [mem 0xf252b000-0xf252bfff]
[    0.451973] pci 0000:00:19.0: reg 0x18: [io  0x5080-0x509f]
[    0.451973] pci 0000:00:19.0: PME# supported from D0 D3hot D3cold
[    0.451973] pci 0000:00:1a.0: [8086:1c2d] type 00 class 0x0c0320
[    0.451973] pci 0000:00:1a.0: reg 0x10: [mem 0xf252a000-0xf252a3ff]
[    0.452122] pci 0000:00:1a.0: PME# supported from D0 D3hot D3cold
[    0.452385] pci 0000:00:1b.0: [8086:1c20] type 00 class 0x040300
[    0.452477] pci 0000:00:1b.0: reg 0x10: [mem 0xf2520000-0xf2523fff 64bit]
[    0.452643] pci 0000:00:1b.0: PME# supported from D0 D3hot D3cold
[    0.455964] pci 0000:00:1c.0: [8086:1c10] type 01 class 0x060400
[    0.455964] pci 0000:00:1c.0: PME# supported from D0 D3hot D3cold
[    0.455967] pci 0000:00:1c.1: [8086:1c12] type 01 class 0x060400
[    0.455967] pci 0000:00:1c.1: PME# supported from D0 D3hot D3cold
[    0.455967] pci 0000:00:1c.3: [8086:1c16] type 01 class 0x060400
[    0.455967] pci 0000:00:1c.3: PME# supported from D0 D3hot D3cold
[    0.455967] pci 0000:00:1c.4: [8086:1c18] type 01 class 0x060400
[    0.455967] pci 0000:00:1c.4: PME# supported from D0 D3hot D3cold
[    0.455967] pci 0000:00:1d.0: [8086:1c26] type 00 class 0x0c0320
[    0.455967] pci 0000:00:1d.0: reg 0x10: [mem 0xf2529000-0xf25293ff]
[    0.455967] pci 0000:00:1d.0: PME# supported from D0 D3hot D3cold
[    0.455967] pci 0000:00:1f.0: [8086:1c4f] type 00 class 0x060100
[    0.455967] pci 0000:00:1f.2: [8086:1c03] type 00 class 0x010601
[    0.455967] pci 0000:00:1f.2: reg 0x10: [io  0x50a8-0x50af]
[    0.456008] pci 0000:00:1f.2: reg 0x14: [io  0x50bc-0x50bf]
[    0.456081] pci 0000:00:1f.2: reg 0x18: [io  0x50a0-0x50a7]
[    0.456153] pci 0000:00:1f.2: reg 0x1c: [io  0x50b8-0x50bb]
[    0.456226] pci 0000:00:1f.2: reg 0x20: [io  0x5060-0x507f]
[    0.456299] pci 0000:00:1f.2: reg 0x24: [mem 0xf2528000-0xf25287ff]
[    0.456423] pci 0000:00:1f.2: PME# supported from D3hot
[    0.456673] pci 0000:00:1f.3: [8086:1c22] type 00 class 0x0c0500
[    0.456761] pci 0000:00:1f.3: reg 0x10: [mem 0xf2524000-0xf25240ff 64bit]
[    0.456860] pci 0000:00:1f.3: reg 0x20: [io  0xefa0-0xefbf]
[    0.459966] pci 0000:00:1c.0: PCI bridge to [bus 02]
[    0.459972] pci 0000:03:00.0: [8086:0084] type 00 class 0x028000
[    0.459972] pci 0000:03:00.0: reg 0x10: [mem 0xf2400000-0xf2401fff 64bit]
[    0.459972] pci 0000:03:00.0: PME# supported from D0 D3hot D3cold
[    0.459972] pci 0000:00:1c.1: PCI bridge to [bus 03]
[    0.459972] pci 0000:00:1c.1:   bridge window [mem 0xf2400000-0xf24fffff]
[    0.459972] pci 0000:00:1c.3: PCI bridge to [bus 05-0c]
[    0.459972] pci 0000:00:1c.3:   bridge window [io  0x4000-0x4fff]
[    0.459972] pci 0000:00:1c.3:   bridge window [mem 0xf1c00000-0xf23fffff]
[    0.459972] pci 0000:00:1c.3:   bridge window [mem 0xf0400000-0xf0bfffff 64bit pref]
[    0.460326] pci 0000:0d:00.0: [1180:e822] type 00 class 0x088001
[    0.460606] pci 0000:0d:00.0: MMC controller base frequency changed to 50Mhz.
[    0.460902] pci 0000:0d:00.0: reg 0x10: [mem 0xf1400000-0xf14000ff]
[    0.461425] pci 0000:0d:00.0: supports D1 D2
[    0.461486] pci 0000:0d:00.0: PME# supported from D0 D1 D2 D3hot D3cold
[    0.463963] pci 0000:00:1c.4: PCI bridge to [bus 0d]
[    0.463963] pci 0000:00:1c.4:   bridge window [io  0x3000-0x3fff]
[    0.463963] pci 0000:00:1c.4:   bridge window [mem 0xf1400000-0xf1bfffff]
[    0.463963] pci 0000:00:1c.4:   bridge window [mem 0xf0c00000-0xf13fffff 64bit pref]
[    0.463963] pci_bus 0000:00: on NUMA node 0
[    0.468005] ACPI: EC: interrupt unblocked
[    0.468005] ACPI: EC: event unblocked
[    0.468021] ACPI: \_SB_.PCI0.LPC_.EC__: GPE=0x11, EC_CMD/EC_SC=0x66, EC_DATA=0x62
[    0.468021] ACPI: \_SB_.PCI0.LPC_.EC__: Boot DSDT EC used to handle transactions and events
[    0.468309] pci 0000:00:02.0: vgaarb: setting as boot VGA device
[    0.468309] pci 0000:00:02.0: vgaarb: VGA device added: decodes=io+mem,owns=io+mem,locks=none
[    0.468309] pci 0000:00:02.0: vgaarb: bridge control possible
[    0.468309] vgaarb: loaded
[    0.468534] SCSI subsystem initialized
[    0.468630] libata version 3.00 loaded.
[    0.468630] ACPI: bus type USB registered
[    0.468630] usbcore: registered new interface driver usbfs
[    0.468630] usbcore: registered new interface driver hub
[    0.468630] usbcore: registered new device driver usb
[    0.468630] media: Linux media interface: v0.10
[    0.468726] videodev: Linux video capture interface: v2.00
[    0.468837] pps_core: LinuxPPS API ver. 1 registered
[    0.468903] pps_core: Software ver. 5.3.6 - Copyright 2005-2007 Rodolfo Giometti <giometti@linux.it>
[    0.468903] PTP clock support registered
[    0.472024] EDAC MC: Ver: 3.0.0
[    0.472262] Advanced Linux Sound Architecture Driver Initialized.
[    0.472262] PCI: Using ACPI for IRQ routing
[    0.473957] PCI: pci_cache_line_size set to 64 bytes
[    0.474317] e820: reserve RAM buffer [mem 0x0009d800-0x0009ffff]
[    0.474320] e820: reserve RAM buffer [mem 0xda99f000-0xdbffffff]
[    0.474323] e820: reserve RAM buffer [mem 0xdb000000-0xdbffffff]
[    0.474325] e820: reserve RAM buffer [mem 0x19e600000-0x19fffffff]
[    0.474644] Bluetooth: Core ver 2.22
[    0.474740] NET: Registered protocol family 31
[    0.474800] Bluetooth: HCI device and connection manager initialized
[    0.475928] Bluetooth: HCI socket layer initialized
[    0.475928] Bluetooth: L2CAP socket layer initialized
[    0.475928] Bluetooth: SCO socket layer initialized
[    0.476086] clocksource: Switched to clocksource tsc-early
[    0.476370] pnp: PnP ACPI init
[    0.477857] system 00:00: [mem 0x00000000-0x0009ffff] could not be reserved
[    0.477931] system 00:00: [mem 0x000c0000-0x000c3fff] could not be reserved
[    0.478002] system 00:00: [mem 0x000c4000-0x000c7fff] could not be reserved
[    0.478073] system 00:00: [mem 0x000c8000-0x000cbfff] has been reserved
[    0.478143] system 00:00: [mem 0x000cc000-0x000cffff] has been reserved
[    0.478213] system 00:00: [mem 0x000d0000-0x000d3fff] has been reserved
[    0.478283] system 00:00: [mem 0x000d4000-0x000d7fff] has been reserved
[    0.478352] system 00:00: [mem 0x000d8000-0x000dbfff] has been reserved
[    0.478422] system 00:00: [mem 0x000dc000-0x000dffff] has been reserved
[    0.478492] system 00:00: [mem 0x000e0000-0x000e3fff] could not be reserved
[    0.478563] system 00:00: [mem 0x000e4000-0x000e7fff] could not be reserved
[    0.478635] system 00:00: [mem 0x000e8000-0x000ebfff] could not be reserved
[    0.478706] system 00:00: [mem 0x000ec000-0x000effff] could not be reserved
[    0.478777] system 00:00: [mem 0x000f0000-0x000fffff] could not be reserved
[    0.478849] system 00:00: [mem 0x00100000-0xdf9fffff] could not be reserved
[    0.478920] system 00:00: [mem 0xfec00000-0xfed3ffff] could not be reserved
[    0.478991] system 00:00: [mem 0xfed4c000-0xffffffff] could not be reserved
[    0.479085] system 00:00: Plug and Play ACPI device, IDs PNP0c01 (active)
[    0.479267] system 00:01: [io  0x0400-0x047f] has been reserved
[    0.479336] system 00:01: [io  0x0500-0x057f] has been reserved
[    0.479404] system 00:01: [io  0x0800-0x080f] has been reserved
[    0.479471] system 00:01: [io  0x15e0-0x15ef] has been reserved
[    0.479539] system 00:01: [io  0x1600-0x167f] has been reserved
[    0.479607] system 00:01: [mem 0xf8000000-0xfbffffff] has been reserved
[    0.479677] system 00:01: [mem 0x00000000-0x00000fff] could not be reserved
[    0.479748] system 00:01: [mem 0xfed1c000-0xfed1ffff] has been reserved
[    0.479818] system 00:01: [mem 0xfed10000-0xfed13fff] has been reserved
[    0.479888] system 00:01: [mem 0xfed18000-0xfed18fff] has been reserved
[    0.479967] system 00:01: [mem 0xfed19000-0xfed19fff] has been reserved
[    0.480047] system 00:01: [mem 0xfed45000-0xfed4bfff] has been reserved
[    0.480142] system 00:01: Plug and Play ACPI device, IDs PNP0c02 (active)
[    0.480289] pnp 00:02: Plug and Play ACPI device, IDs PNP0b00 (active)
[    0.480352] pnp 00:03: Plug and Play ACPI device, IDs PNP0303 (active)
[    0.480414] pnp 00:04: Plug and Play ACPI device, IDs LEN0020 PNP0f13 (active)
[    0.480551] pnp 00:05: Plug and Play ACPI device, IDs SMO1200 PNP0c31 (active)
[    0.481598] pnp: PnP ACPI: found 6 devices
[    0.493871] clocksource: acpi_pm: mask: 0xffffff max_cycles: 0xffffff, max_idle_ns: 2085701024 ns
[    0.493970] pci 0000:00:1c.0: bridge window [io  0x1000-0x0fff] to [bus 02] add_size 1000
[    0.494045] pci 0000:00:1c.0: bridge window [mem 0x00100000-0x000fffff 64bit pref] to [bus 02] add_size 200000 add_align 100000
[    0.494140] pci 0000:00:1c.0: bridge window [mem 0x00100000-0x000fffff] to [bus 02] add_size 200000 add_align 100000
[    0.494242] pci 0000:00:1c.0: BAR 8: assigned [mem 0xdfa00000-0xdfbfffff]
[    0.494314] pci 0000:00:1c.0: BAR 9: assigned [mem 0xdfc00000-0xdfdfffff 64bit pref]
[    0.494387] pci 0000:00:1c.0: BAR 7: assigned [io  0x2000-0x2fff]
[    0.494456] pci 0000:00:1c.0: PCI bridge to [bus 02]
[    0.494520] pci 0000:00:1c.0:   bridge window [io  0x2000-0x2fff]
[    0.494592] pci 0000:00:1c.0:   bridge window [mem 0xdfa00000-0xdfbfffff]
[    0.494664] pci 0000:00:1c.0:   bridge window [mem 0xdfc00000-0xdfdfffff 64bit pref]
[    0.494743] pci 0000:00:1c.1: PCI bridge to [bus 03]
[    0.494810] pci 0000:00:1c.1:   bridge window [mem 0xf2400000-0xf24fffff]
[    0.494890] pci 0000:00:1c.3: PCI bridge to [bus 05-0c]
[    0.494955] pci 0000:00:1c.3:   bridge window [io  0x4000-0x4fff]
[    0.495026] pci 0000:00:1c.3:   bridge window [mem 0xf1c00000-0xf23fffff]
[    0.495097] pci 0000:00:1c.3:   bridge window [mem 0xf0400000-0xf0bfffff 64bit pref]
[    0.495176] pci 0000:00:1c.4: PCI bridge to [bus 0d]
[    0.495240] pci 0000:00:1c.4:   bridge window [io  0x3000-0x3fff]
[    0.495311] pci 0000:00:1c.4:   bridge window [mem 0xf1400000-0xf1bfffff]
[    0.495382] pci 0000:00:1c.4:   bridge window [mem 0xf0c00000-0xf13fffff 64bit pref]
[    0.495462] pci_bus 0000:00: resource 4 [io  0x0000-0x0cf7 window]
[    0.495528] pci_bus 0000:00: resource 5 [io  0x0d00-0xffff window]
[    0.495593] pci_bus 0000:00: resource 6 [mem 0x000a0000-0x000bffff window]
[    0.495662] pci_bus 0000:00: resource 7 [mem 0xdfa00000-0xfebfffff window]
[    0.495730] pci_bus 0000:00: resource 8 [mem 0xfed40000-0xfed4bfff window]
[    0.495798] pci_bus 0000:02: resource 0 [io  0x2000-0x2fff]
[    0.495862] pci_bus 0000:02: resource 1 [mem 0xdfa00000-0xdfbfffff]
[    0.495936] pci_bus 0000:02: resource 2 [mem 0xdfc00000-0xdfdfffff 64bit pref]
[    0.496006] pci_bus 0000:03: resource 1 [mem 0xf2400000-0xf24fffff]
[    0.496073] pci_bus 0000:05: resource 0 [io  0x4000-0x4fff]
[    0.496137] pci_bus 0000:05: resource 1 [mem 0xf1c00000-0xf23fffff]
[    0.496203] pci_bus 0000:05: resource 2 [mem 0xf0400000-0xf0bfffff 64bit pref]
[    0.496272] pci_bus 0000:0d: resource 0 [io  0x3000-0x3fff]
[    0.496336] pci_bus 0000:0d: resource 1 [mem 0xf1400000-0xf1bfffff]
[    0.496402] pci_bus 0000:0d: resource 2 [mem 0xf0c00000-0xf13fffff 64bit pref]
[    0.496737] NET: Registered protocol family 2
[    0.497123] tcp_listen_portaddr_hash hash table entries: 4096 (order: 6, 294912 bytes)
[    0.497335] TCP established hash table entries: 65536 (order: 7, 524288 bytes)
[    0.497504] TCP bind hash table entries: 65536 (order: 10, 4194304 bytes)
[    0.499561] TCP: Hash tables configured (established 65536 bind 65536)
[    0.500004] UDP hash table entries: 4096 (order: 7, 655360 bytes)
[    0.500382] UDP-Lite hash table entries: 4096 (order: 7, 655360 bytes)
[    0.500840] NET: Registered protocol family 1
[    0.501264] RPC: Registered named UNIX socket transport module.
[    0.501332] RPC: Registered udp transport module.
[    0.501394] RPC: Registered tcp transport module.
[    0.501456] RPC: Registered tcp NFSv4.1 backchannel transport module.
[    0.501787] pci 0000:00:02.0: Video device with shadowed ROM at [mem 0x000c0000-0x000dffff]
[    0.502801] PCI: CLS 64 bytes, default 64
[    0.502919] PCI-DMA: Using software bounce buffering for IO (SWIOTLB)
[    0.502986] software IO TLB: mapped [mem 0xd699f000-0xda99f000] (64MB)
[    0.505436] Initialise system trusted keyrings
[    0.505609] workingset: timestamp_bits=62 max_order=21 bucket_order=0
[    0.506862] Installing knfsd (copyright (C) 1996 okir@monad.swb.de).
[    0.507531] ntfs: driver 2.1.32 [Flags: R/W].
[    0.507711] fuse: init (API version 7.30)
[    0.508166] Key type asymmetric registered
[    0.508232] Asymmetric key parser 'x509' registered
[    0.508319] Block layer SCSI generic (bsg) driver version 0.4 loaded (major 249)
[    0.508403] io scheduler mq-deadline registered
[    0.508487] io scheduler bfq registered
[    0.508762] pcieport 0000:00:1c.0: enabling device (0000 -> 0003)
[    0.510226] intel_idle: MWAIT substates: 0x21120
[    0.510228] intel_idle: v0.4.1 model 0x2A
[    0.510793] intel_idle: lapic_timer_reliable_states 0xffffffff
[    0.511123] ACPI: Deprecated procfs I/F for AC is loaded, please retry with CONFIG_ACPI_PROCFS_POWER cleared
[    0.511302] ACPI: AC Adapter [AC] (on-line)
[    0.511517] input: Lid Switch as /devices/LNXSYSTM:00/LNXSYBUS:00/PNP0C0D:00/input/input0
[    0.511746] ACPI: Lid Switch [LID]
[    0.512069] input: Sleep Button as /devices/LNXSYSTM:00/LNXSYBUS:00/PNP0C0E:00/input/input1
[    0.512981] ACPI: Sleep Button [SLPB]
[    0.513178] input: Power Button as /devices/LNXSYSTM:00/LNXPWRBN:00/input/input2
[    0.513284] ACPI: Power Button [PWRF]
[    0.516475] thermal LNXTHERM:00: registered as thermal_zone0
[    0.516543] ACPI: Thermal Zone [THM0] (75 C)
[    0.516955] Serial: 8250/16550 driver, 4 ports, IRQ sharing disabled
[    0.517075] battery: ACPI: Deprecated procfs I/F for battery is loaded, please retry with CONFIG_ACPI_PROCFS_POWER cleared
[    0.517190] battery: ACPI: Battery Slot [BAT0] (battery absent)
[    0.518215] lp: driver loaded but no devices found
[    0.518350] Non-volatile memory driver v1.3
[    0.518581] Linux agpgart interface v0.103
[    0.518908] [drm] radeon kernel modesetting enabled.
[    0.519871] i915 0000:00:02.0: vgaarb: deactivate vga console
[    0.520563] Console: switching to colour dummy device 80x25
[    0.532115] [drm] Supports vblank timestamp caching Rev 2 (21.10.2013).
[    0.532145] [drm] Driver supports precise vblank timestamp query.
[    0.533173] i915 0000:00:02.0: vgaarb: changed VGA decodes: olddecodes=io+mem,decodes=io+mem:owns=io+mem
[    0.621691] [drm] Initialized i915 1.6.0 20190417 for 0000:00:02.0 on minor 0
[    0.623598] ACPI: Video Device [VID] (multi-head: yes  rom: no  post: no)
[    0.624203] input: Video Bus as /devices/LNXSYSTM:00/LNXSYBUS:00/PNP0A08:00/LNXVIDEO:00/input/input3
[    0.624539] usbcore: registered new interface driver udl
[    0.633206] loop: module loaded
[    0.647311] ahci 0000:00:1f.2: version 3.0
[    0.648009] ahci 0000:00:1f.2: SSS flag set, parallel bus scan disabled
[    0.659974] ahci 0000:00:1f.2: AHCI 0001.0300 32 slots 6 ports 6 Gbps 0x17 impl SATA mode
[    0.659994] ahci 0000:00:1f.2: flags: 64bit ncq sntf ilck stag pm led clo pio slum part ems sxs apst 
[    0.698105] scsi host0: ahci
[    0.698500] scsi host1: ahci
[    0.698830] scsi host2: ahci
[    0.699147] scsi host3: ahci
[    0.699431] scsi host4: ahci
[    0.699743] scsi host5: ahci
[    0.699908] ata1: SATA max UDMA/133 abar m2048@0xf2528000 port 0xf2528100 irq 19
[    0.699947] ata2: SATA max UDMA/133 abar m2048@0xf2528000 port 0xf2528180 irq 19
[    0.699965] ata3: SATA max UDMA/133 abar m2048@0xf2528000 port 0xf2528200 irq 19
[    0.699980] ata4: DUMMY
[    0.699987] ata5: SATA max UDMA/133 abar m2048@0xf2528000 port 0xf2528300 irq 19
[    0.700001] ata6: DUMMY
[    0.700727] tun: Universal TUN/TAP device driver, 1.6
[    0.701138] e1000e: Intel(R) PRO/1000 Network Driver - 3.2.6-k
[    0.701157] e1000e: Copyright(c) 1999 - 2015 Intel Corporation.
[    0.701578] e1000e 0000:00:19.0: Interrupt Throttling Rate (ints/sec) set to dynamic conservative mode
[    0.795392] e1000e 0000:00:19.0 0000:00:19.0 (uninitialized): registered PHC clock
[    0.888658] e1000e 0000:00:19.0 eth0: (PCI Express:2.5GT/s:Width x1) f0:de:f1:e3:99:75
[    0.888677] e1000e 0000:00:19.0 eth0: Intel(R) PRO/1000 Network Connection
[    0.888739] e1000e 0000:00:19.0 eth0: MAC: 10, PHY: 11, PBA No: 1000FF-0FF
[    0.888932] PPP generic driver version 2.4.2
[    0.889066] PPP BSD Compression module registered
[    0.889081] PPP Deflate Compression module registered
[    0.889097] SLIP: version 0.8.4-NET3.019-NEWTTY (dynamic channels, max=256).
[    0.889113] CSLIP: code copyright 1989 Regents of the University of California.
[    0.889166] iwl3945: Intel(R) PRO/Wireless 3945ABG/BG Network Connection driver for Linux, in-tree:ds
[    0.889183] iwl3945: Copyright(c) 2003-2011 Intel Corporation
[    0.889194] iwl3945: hw_scan is disabled
[    0.889231] Intel(R) Wireless WiFi driver for Linux
[    0.889240] Copyright(c) 2003- 2015 Intel Corporation
[    0.889728] iwlwifi 0000:03:00.0: pci_enable_msi failed - -38
[    0.889984] usbcore: registered new interface driver ax88179_178a
[    0.890037] usbcore: registered new interface driver cdc_ether
[    0.890087] usbcore: registered new interface driver cdc_eem
[    0.890139] usbcore: registered new interface driver net1080
[    0.890193] usbcore: registered new interface driver cdc_subset
[    0.890245] usbcore: registered new interface driver zaurus
[    0.890296] usbcore: registered new interface driver cdc_ncm
[    0.890348] usbcore: registered new interface driver cdc_mbim
[    0.890617] ehci_hcd: USB 2.0 'Enhanced' Host Controller (EHCI) Driver
[    0.890640] ehci-pci: EHCI PCI platform driver
[    0.890690] iwlwifi 0000:03:00.0: loaded firmware version 39.31.5.1 build 35138 op_mode iwldvm
[    0.890799] iwlwifi 0000:03:00.0: CONFIG_IWLWIFI_DEBUG disabled
[    0.890814] iwlwifi 0000:03:00.0: CONFIG_IWLWIFI_DEBUGFS disabled
[    0.890829] iwlwifi 0000:03:00.0: CONFIG_IWLWIFI_DEVICE_TRACING disabled
[    0.890846] iwlwifi 0000:03:00.0: Detected Intel(R) Centrino(R) Wireless-N 1000 BGN, REV=0x6C
[    0.890968] ehci-pci 0000:00:1a.0: EHCI Host Controller
[    0.891142] ehci-pci 0000:00:1a.0: new USB bus registered, assigned bus number 1
[    0.891184] ehci-pci 0000:00:1a.0: debug port 2
[    0.895154] ehci-pci 0000:00:1a.0: cache line size of 64 is not supported
[    0.895179] ehci-pci 0000:00:1a.0: irq 16, io mem 0xf252a000
[    0.907956] ehci-pci 0000:00:1a.0: USB 2.0 started, EHCI 1.00
[    0.908209] usb usb1: New USB device found, idVendor=1d6b, idProduct=0002, bcdDevice= 5.02
[    0.908232] usb usb1: New USB device strings: Mfr=3, Product=2, SerialNumber=1
[    0.908250] usb usb1: Product: EHCI Host Controller
[    0.908263] usb usb1: Manufacturer: Linux 5.2.0-rc2+ ehci_hcd
[    0.908277] usb usb1: SerialNumber: 0000:00:1a.0
[    0.908690] hub 1-0:1.0: USB hub found
[    0.908749] hub 1-0:1.0: 3 ports detected
[    0.909634] ehci-pci 0000:00:1d.0: EHCI Host Controller
[    0.909767] ehci-pci 0000:00:1d.0: new USB bus registered, assigned bus number 2
[    0.909822] ehci-pci 0000:00:1d.0: debug port 2
[    0.910425] fbcon: i915drmfb (fb0) is primary device
[    0.913781] ehci-pci 0000:00:1d.0: cache line size of 64 is not supported
[    0.913809] ehci-pci 0000:00:1d.0: irq 23, io mem 0xf2529000
[    0.928082] ehci-pci 0000:00:1d.0: USB 2.0 started, EHCI 1.00
[    0.928542] usb usb2: New USB device found, idVendor=1d6b, idProduct=0002, bcdDevice= 5.02
[    0.928545] usb usb2: New USB device strings: Mfr=3, Product=2, SerialNumber=1
[    0.928546] usb usb2: Product: EHCI Host Controller
[    0.928548] usb usb2: Manufacturer: Linux 5.2.0-rc2+ ehci_hcd
[    0.928549] usb usb2: SerialNumber: 0000:00:1d.0
[    0.928983] hub 2-0:1.0: USB hub found
[    0.929015] hub 2-0:1.0: 3 ports detected
[    0.929554] ohci_hcd: USB 1.1 'Open' Host Controller (OHCI) Driver
[    0.929567] ohci-pci: OHCI PCI platform driver
[    0.929616] uhci_hcd: USB Universal Host Controller Interface driver
[    0.929793] usbcore: registered new interface driver cdc_acm
[    0.929794] cdc_acm: USB Abstract Control Model driver for USB modems and ISDN adapters
[    0.929827] usbcore: registered new interface driver usblp
[    0.929863] usbcore: registered new interface driver cdc_wdm
[    0.929919] usbcore: registered new interface driver usb-storage
[    0.929954] usbcore: registered new interface driver ums-sddr09
[    0.930062] usbcore: registered new interface driver usbserial_generic
[    0.930112] usbserial: USB Serial support registered for generic
[    0.930151] usbcore: registered new interface driver ch341
[    0.930178] usbserial: USB Serial support registered for ch341-uart
[    0.930207] usbcore: registered new interface driver ftdi_sio
[    0.930237] usbserial: USB Serial support registered for FTDI USB Serial Device
[    0.930284] usbcore: registered new interface driver option
[    0.930320] usbserial: USB Serial support registered for GSM modem (1-port)
[    0.930380] usbcore: registered new interface driver pl2303
[    0.930415] usbserial: USB Serial support registered for pl2303
[    0.930461] usbcore: registered new interface driver ti_usb_3410_5052
[    0.930495] usbserial: USB Serial support registered for TI USB 3410 1 port adapter
[    0.930529] usbserial: USB Serial support registered for TI USB 5052 2 port adapter
[    0.930533] ftdi_elan: driver ftdi-elan
[    0.930571] usbcore: registered new interface driver ftdi-elan
[    0.930693] i8042: PNP: PS/2 Controller [PNP0303:KBD,PNP0f13:MOU] at 0x60,0x64 irq 1,12
[    0.933866] serio: i8042 KBD port at 0x60,0x64 irq 1
[    0.933886] serio: i8042 AUX port at 0x60,0x64 irq 12
[    0.934218] mousedev: PS/2 mouse device common for all mice
[    0.934871] input: PC Speaker as /devices/platform/pcspkr/input/input4
[    0.935167] rtc_cmos 00:02: RTC can wake from S4
[    0.935436] rtc_cmos 00:02: registered as rtc0
[    0.935517] rtc_cmos 00:02: alarms up to one month, y3k, 114 bytes nvram, hpet irqs
[    0.935625] usbcore: registered new interface driver uvcvideo
[    0.935626] USB Video Class driver (1.1.1)
[    0.935627] gspca_main: v2.14.0 registered
[    0.935665] usbcore: registered new interface driver sq930x
[    0.936422] ieee80211 phy0: Selected rate control algorithm 'iwl-agn-rs'
[    0.937386] device-mapper: ioctl: 4.40.0-ioctl (2019-01-18) initialised: dm-devel@redhat.com
[    0.937389] Bluetooth: HCI UART driver ver 2.3
[    0.937391] Bluetooth: HCI UART protocol H4 registered
[    0.937391] Bluetooth: HCI UART protocol BCSP registered
[    0.937461] usbcore: registered new interface driver btusb
[    0.937468] intel_pstate: Intel P-state driver initializing
[    0.937841] sdhci: Secure Digital Host Controller Interface driver
[    0.937844] sdhci: Copyright(c) Pierre Ossman
[    0.937943] sdhci-pci 0000:0d:00.0: SDHCI controller found [1180:e822] (rev 7)
[    0.939590] input: AT Translated Set 2 keyboard as /devices/platform/i8042/serio0/input/input5
[    0.939631] mmc0 bounce up to 128 segments into one, max segment size 65536 bytes
[    0.941268] mmc0: SDHCI controller on PCI [0000:0d:00.0] using DMA
[    0.941862] hidraw: raw HID events driver (C) Jiri Kosina
[    0.943658] usbcore: registered new interface driver usbhid
[    0.943660] usbhid: USB HID core driver
[    0.946337] thinkpad_acpi: ThinkPad ACPI Extras v0.26
[    0.946343] thinkpad_acpi: http://ibm-acpi.sf.net/
[    0.946347] thinkpad_acpi: ThinkPad BIOS 8DET74WW (1.44 ), EC unknown
[    0.946351] thinkpad_acpi: Lenovo ThinkPad X220, model 42872WU
[    0.951787] thinkpad_acpi: radio switch found; radios are enabled
[    0.952038] thinkpad_acpi: Tablet mode switch found (type: MHKG), currently in laptop mode
[    0.952059] thinkpad_acpi: This ThinkPad has standard ACPI backlight brightness control, supported by the ACPI video driver
[    0.952060] thinkpad_acpi: Disabling thinkpad-acpi brightness events by default...
[    0.956428] thinkpad_acpi: rfkill switch tpacpi_bluetooth_sw: radio is unblocked
[    0.958013] thinkpad_acpi: warning: userspace override of important firmware LEDs is enabled
[    0.958031] thinkpad_acpi: Standard ACPI backlight interface available, not loading native one
[    0.958032] thinkpad_acpi: volume: disabled as there is no ALSA support in this kernel
[    0.958495] battery: new extension: ThinkPad Battery Extension
[    0.958573] input: ThinkPad Extra Buttons as /devices/platform/thinkpad_acpi/input/input8
[    0.958973] random: fast init done
[    0.959938] usbcore: registered new interface driver snd-usb-audio
[    0.962115] NET: Registered protocol family 17
[    0.962207] Bluetooth: RFCOMM TTY layer initialized
[    0.962229] Bluetooth: RFCOMM socket layer initialized
[    0.962241] Bluetooth: RFCOMM ver 1.11
[    0.962249] Bluetooth: BNEP (Ethernet Emulation) ver 1.3
[    0.962251] Bluetooth: BNEP filters: protocol multicast
[    0.962257] Bluetooth: BNEP socket layer initialized
[    0.962258] Bluetooth: HIDP (Human Interface Emulation) ver 1.2
[    0.962261] Bluetooth: HIDP socket layer initialized
[    0.962399] microcode: sig=0x206a7, pf=0x10, revision=0x2d
[    0.962533] microcode: Microcode Update Driver: v2.2.
[    0.962574] sched_clock: Marking stable (951057707, 11448189)->(970447252, -7941356)
[    0.963081] Loading compiled-in X.509 certificates
[    0.963691] Key type encrypted registered
[    0.964260] rtc_cmos 00:02: setting system clock to 2019-05-27T21:34:23 UTC (1558992863)
[    0.964389] cfg80211: Loading compiled-in X.509 certificates for regulatory database
[    0.965331] cfg80211: Loaded X.509 cert 'sforshee: 00b28ddf47aef9cea7'
[    0.965489] platform regulatory.0: Direct firmware load for regulatory.db failed with error -2
[    0.965504] cfg80211: failed to load regulatory.db
[    1.016170] ata1: SATA link up 1.5 Gbps (SStatus 113 SControl 300)
[    1.017701] ata1.00: ACPI cmd ef/02:00:00:00:00:a0 (SET FEATURES) succeeded
[    1.017708] ata1.00: ACPI cmd f5/00:00:00:00:00:a0 (SECURITY FREEZE LOCK) filtered out
[    1.017713] ata1.00: ACPI cmd ef/10:03:00:00:00:a0 (SET FEATURES) filtered out
[    1.018952] ata1.00: ATA-8: Hitachi HTS545050A7E380, GG2OA7J0, max UDMA/133
[    1.018958] ata1.00: 976773168 sectors, multi 16: LBA48 NCQ (depth 32), AA
[    1.020581] ata1.00: ACPI cmd ef/02:00:00:00:00:a0 (SET FEATURES) succeeded
[    1.020589] ata1.00: ACPI cmd f5/00:00:00:00:00:a0 (SECURITY FREEZE LOCK) filtered out
[    1.020594] ata1.00: ACPI cmd ef/10:03:00:00:00:a0 (SET FEATURES) filtered out
[    1.021850] ata1.00: configured for UDMA/133
[    1.040392] snd_hda_intel 0000:00:1b.0: bound 0000:00:02.0 (ops i915_audio_component_bind_ops)
[    1.061876] snd_hda_codec_generic hdaudioC0D0: autoconfig for Generic: line_outs=1 (0x1f/0x0/0x0/0x0/0x0) type:speaker
[    1.061881] snd_hda_codec_generic hdaudioC0D0:    speaker_outs=0 (0x0/0x0/0x0/0x0/0x0)
[    1.061883] snd_hda_codec_generic hdaudioC0D0:    hp_outs=1 (0x19/0x0/0x0/0x0/0x0)
[    1.061886] snd_hda_codec_generic hdaudioC0D0:    mono: mono_out=0x0
[    1.061888] snd_hda_codec_generic hdaudioC0D0:    inputs:
[    1.061891] snd_hda_codec_generic hdaudioC0D0:      Internal Mic=0x23
[    1.061894] snd_hda_codec_generic hdaudioC0D0:      Mic=0x1b
[    1.062139] Console: switching to colour frame buffer device 102x42
[    1.066039] snd_hda_codec_generic hdaudioC0D3: ignore pin 0x7, too many assigned pins
[    1.066043] snd_hda_codec_generic hdaudioC0D3: autoconfig for Generic: line_outs=0 (0x0/0x0/0x0/0x0/0x0) type:line
[    1.066046] snd_hda_codec_generic hdaudioC0D3:    speaker_outs=0 (0x0/0x0/0x0/0x0/0x0)
[    1.066049] snd_hda_codec_generic hdaudioC0D3:    hp_outs=0 (0x0/0x0/0x0/0x0/0x0)
[    1.066051] snd_hda_codec_generic hdaudioC0D3:    mono: mono_out=0x0
[    1.066053] snd_hda_codec_generic hdaudioC0D3:    dig-out=0x5/0x6
[    1.066055] snd_hda_codec_generic hdaudioC0D3:    inputs:
[    1.069637] input: HDA Intel PCH Mic as /devices/pci0000:00/0000:00:1b.0/sound/card0/input9
[    1.070002] input: HDA Intel PCH Headphone as /devices/pci0000:00/0000:00:1b.0/sound/card0/input10
[    1.070367] input: HDA Intel PCH HDMI as /devices/pci0000:00/0000:00:1b.0/sound/card0/input11
[    1.070723] input: HDA Intel PCH HDMI as /devices/pci0000:00/0000:00:1b.0/sound/card0/input12
[    1.204408] i915 0000:00:02.0: fb0: i915drmfb frame buffer device
[    1.206077] scsi 0:0:0:0: Direct-Access     ATA      Hitachi HTS54505 A7J0 PQ: 0 ANSI: 5
[    1.209084] sd 0:0:0:0: [sda] 976773168 512-byte logical blocks: (500 GB/466 GiB)
[    1.209175] sd 0:0:0:0: Attached scsi generic sg0 type 0
[    1.212146] sd 0:0:0:0: [sda] 4096-byte physical blocks
[    1.217675] sd 0:0:0:0: [sda] Write Protect is off
[    1.219662] sd 0:0:0:0: [sda] Mode Sense: 00 3a 00 00
[    1.219852] sd 0:0:0:0: [sda] Write cache: enabled, read cache: enabled, doesn't support DPO or FUA
[    1.244058] usb 1-1: new high-speed USB device number 2 using ehci-pci
[    1.265738]  sda: sda1 sda2 sda3 sda4
[    1.269425] usb 2-1: new high-speed USB device number 2 using ehci-pci
[    1.274664] sd 0:0:0:0: [sda] Attached SCSI disk
[    1.408690] usb 1-1: New USB device found, idVendor=8087, idProduct=0024, bcdDevice= 0.00
[    1.410664] usb 1-1: New USB device strings: Mfr=0, Product=0, SerialNumber=0
[    1.413278] hub 1-1:1.0: USB hub found
[    1.415415] hub 1-1:1.0: 6 ports detected
[    1.428398] usb 2-1: New USB device found, idVendor=8087, idProduct=0024, bcdDevice= 0.00
[    1.430310] usb 2-1: New USB device strings: Mfr=0, Product=0, SerialNumber=0
[    1.432861] hub 2-1:1.0: USB hub found
[    1.434772] hub 2-1:1.0: 8 ports detected
[    1.516201] tsc: Refined TSC clocksource calibration: 2491.909 MHz
[    1.518965] clocksource: tsc: mask: 0xffffffffffffffff max_cycles: 0x23eb5e837e7, max_idle_ns: 440795249842 ns
[    1.522025] clocksource: Switched to clocksource tsc
[    1.532076] ata2: SATA link down (SStatus 0 SControl 300)
[    1.707944] usb 1-1.3: new full-speed USB device number 3 using ehci-pci
[    1.723939] usb 2-1.1: new high-speed USB device number 3 using ehci-pci
[    1.822866] usb 1-1.3: New USB device found, idVendor=147e, idProduct=2016, bcdDevice= 0.02
[    1.826262] usb 1-1.3: New USB device strings: Mfr=1, Product=2, SerialNumber=0
[    1.829590] usb 1-1.3: Product: Biometric Coprocessor
[    1.832839] usb 1-1.3: Manufacturer: UPEK
[    1.836559] psmouse serio1: synaptics: queried max coordinates: x [..5472], y [..4448]
[    1.837993] usb 2-1.1: New USB device found, idVendor=05e3, idProduct=0608, bcdDevice=77.64
[    1.839513] usb 2-1.1: New USB device strings: Mfr=0, Product=1, SerialNumber=0
[    1.840481] usb 2-1.1: Product: USB2.0 Hub
[    1.842257] hub 2-1.1:1.0: USB hub found
[    1.843529] hub 2-1.1:1.0: 4 ports detected
[    1.852133] ata3: SATA link up 3.0 Gbps (SStatus 123 SControl 300)
[    1.869506] ata3.00: ACPI cmd ef/02:00:00:00:00:a0 (SET FEATURES) succeeded
[    1.869515] ata3.00: ACPI cmd f5/00:00:00:00:00:a0 (SECURITY FREEZE LOCK) filtered out
[    1.872324] ata3.00: ACPI cmd ef/10:03:00:00:00:a0 (SET FEATURES) filtered out
[    1.880526] ata3.00: ATA-8: KINGSTON SMS200S3240G, 60AABBF0, max UDMA/133
[    1.881750] ata3.00: 468862128 sectors, multi 1: LBA48 NCQ (depth 32), AA
[    1.887985] ata3.00: ACPI cmd ef/02:00:00:00:00:a0 (SET FEATURES) succeeded
[    1.887997] ata3.00: ACPI cmd f5/00:00:00:00:00:a0 (SECURITY FREEZE LOCK) filtered out
[    1.889231] ata3.00: ACPI cmd ef/10:03:00:00:00:a0 (SET FEATURES) filtered out
[    1.895667] ata3.00: configured for UDMA/133
[    1.897989] scsi 2:0:0:0: Direct-Access     ATA      KINGSTON SMS200S BBF0 PQ: 0 ANSI: 5
[    1.902683] sd 2:0:0:0: Attached scsi generic sg1 type 0
[    1.903022] sd 2:0:0:0: [sdb] 468862128 512-byte logical blocks: (240 GB/224 GiB)
[    1.909242] sd 2:0:0:0: [sdb] Write Protect is off
[    1.911709] sd 2:0:0:0: [sdb] Mode Sense: 00 3a 00 00
[    1.911858] sd 2:0:0:0: [sdb] Write cache: enabled, read cache: enabled, doesn't support DPO or FUA
[    1.915989] usb 1-1.4: new full-speed USB device number 4 using ehci-pci
[    1.916069]  sdb: sdb2 sdb4
[    1.921669] sd 2:0:0:0: [sdb] Attached SCSI disk
[    1.922397] psmouse serio1: synaptics: Touchpad model: 1, fw: 8.0, id: 0x1e2b1, caps: 0xd001a3/0x940300/0x120c00/0x0, board id: 1611, fw id: 774180
[    1.923963] usb 2-1.2: new high-speed USB device number 4 using ehci-pci
[    1.927507] psmouse serio1: synaptics: serio: Synaptics pass-through port at isa0060/serio1/input0
[    1.982850] input: SynPS/2 Synaptics TouchPad as /devices/platform/i8042/serio1/input/input7
[    2.031472] usb 1-1.4: New USB device found, idVendor=0a5c, idProduct=217f, bcdDevice= 7.48
[    2.035336] usb 1-1.4: New USB device strings: Mfr=1, Product=2, SerialNumber=3
[    2.037233] usb 1-1.4: Product: Broadcom Bluetooth Device
[    2.039057] usb 1-1.4: Manufacturer: Broadcom Corp
[    2.040896] usb 1-1.4: SerialNumber: 7CE9D3B855AA
[    2.046047] usb 2-1.2: New USB device found, idVendor=1a40, idProduct=0101, bcdDevice= 1.11
[    2.047905] usb 2-1.2: New USB device strings: Mfr=0, Product=1, SerialNumber=0
[    2.049779] usb 2-1.2: Product: USB 2.0 Hub
[    2.051173] hub 2-1.2:1.0: USB hub found
[    2.052316] hub 2-1.2:1.0: 4 ports detected
[    2.128047] usb 1-1.6: new high-speed USB device number 5 using ehci-pci
[    2.136117] usb 2-1.1.2: new full-speed USB device number 5 using ehci-pci
[    2.227584] ata5: SATA link down (SStatus 0 SControl 300)
[    2.248955] usb 1-1.6: New USB device found, idVendor=04f2, idProduct=b217, bcdDevice= 8.54
[    2.252699] usb 1-1.6: New USB device strings: Mfr=1, Product=2, SerialNumber=0
[    2.256412] usb 1-1.6: Product: Integrated Camera
[    2.260447] usb 1-1.6: Manufacturer: Chicony Electronics Co., Ltd.
[    2.264530] uvcvideo: Found UVC 1.00 device Integrated Camera (04f2:b217)
[    2.266902] usb 2-1.1.2: New USB device found, idVendor=0a12, idProduct=0001, bcdDevice=88.91
[    2.272297] usb 2-1.1.2: New USB device strings: Mfr=0, Product=2, SerialNumber=0
[    2.272311] PM: Image not found (code -22)
[    2.275532] usb 2-1.1.2: Product: CSR8510 A10
[    2.279346] ALSA device list:
[    2.282532]   #0: HDA Intel PCH at 0xf2520000 irq 22
[    2.287247] uvcvideo 1-1.6:1.0: Entity type for entity Extension 3 was not initialized!
[    2.290176] uvcvideo 1-1.6:1.0: Entity type for entity Processing 2 was not initialized!
[    2.292740] uvcvideo 1-1.6:1.0: Entity type for entity Camera 1 was not initialized!
[    2.459990] usb 2-1.2.1: new low-speed USB device number 6 using ehci-pci
[    2.710717] usb 2-1.2.1: New USB device found, idVendor=06a3, idProduct=053f, bcdDevice= 0.02
[    2.714369] usb 2-1.2.1: New USB device strings: Mfr=1, Product=2, SerialNumber=3
[    2.716405] usb 2-1.2.1: Product: Saitek X36
[    2.718362] usb 2-1.2.1: Manufacturer: Saitek
[    2.720310] usb 2-1.2.1: SerialNumber: 00103464
[    2.748182] psmouse serio2: trackpoint: IBM TrackPoint firmware: 0x0e, buttons: 3/3
[    2.764253] input: Saitek Saitek X36 as /devices/pci0000:00/0000:00:1d.0/usb2/2-1/2-1.2/2-1.2.1/2-1.2.1:1.0/0003:06A3:053F.0001/input/input14
[    2.772664] hid-generic 0003:06A3:053F.0001: input,hidraw0: USB HID v1.00 Joystick [Saitek Saitek X36] on usb-0000:00:1d.0-1.2.1/input0
[    2.980075] usb 2-1.2.2: new low-speed USB device number 7 using ehci-pci
[    3.011815] input: TPPS/2 IBM TrackPoint as /devices/platform/i8042/serio1/serio2/input/input13
[    3.122577] md: Waiting for all devices to be available before autodetect
[    3.126181] md: If you don't use raid, use raid=noautodetect
[    3.131070] md: Autodetecting RAID arrays.
[    3.134702] md: autorun ...
[    3.138124] md: ... autorun DONE.
[    3.145259] EXT4-fs (sdb4): INFO: recovery required on readonly filesystem
[    3.148807] EXT4-fs (sdb4): write access will be enabled during recovery
[    3.175918] EXT4-fs (sdb4): recovery complete
[    3.177893] EXT4-fs (sdb4): mounted filesystem with ordered data mode. Opts: (null)
[    3.179363] VFS: Mounted root (ext4 filesystem) readonly on device 8:20.
[    3.181185] devtmpfs: mounted
[    3.184063] Freeing unused kernel image memory: 1088K
[    3.185092] Write protecting the kernel read-only data: 24576k
[    3.186924] Freeing unused kernel image memory: 2012K
[    3.188225] Freeing unused kernel image memory: 868K
[    3.197680] x86/mm: Checked W+X mappings: passed, no W+X pages found.
[    3.198542] rodata_test: all tests were successful
[    3.199390] x86/mm: Checking user space page tables
[    3.208110] x86/mm: Checked W+X mappings: passed, no W+X pages found.
[    3.208971] Run /sbin/init as init process
[    3.218364] usb 2-1.2.2: New USB device found, idVendor=046d, idProduct=c050, bcdDevice=27.20
[    3.219816] usb 2-1.2.2: New USB device strings: Mfr=1, Product=2, SerialNumber=0
[    3.221249] usb 2-1.2.2: Product: USB-PS/2 Optical Mouse
[    3.222772] usb 2-1.2.2: Manufacturer: Logitech
[    3.256410] input: Logitech USB-PS/2 Optical Mouse as /devices/pci0000:00/0000:00:1d.0/usb2/2-1/2-1.2/2-1.2.2/2-1.2.2:1.0/0003:046D:C050.0002/input/input15
[    3.261596] hid-generic 0003:046D:C050.0002: input,hidraw1: USB HID v1.10 Mouse [Logitech USB-PS/2 Optical Mouse] on usb-0000:00:1d.0-1.2.2/input0
[    3.263552] random: systemd: uninitialized urandom read (16 bytes read)
[    3.268753] systemd[1]: systemd 215 running in system mode. (+PAM +AUDIT +SELINUX +IMA +SYSVINIT +LIBCRYPTSETUP +GCRYPT +ACL +XZ -SECCOMP -APPARMOR)
[    3.292461] systemd[1]: Detected architecture 'x86-64'.
[    3.311570] systemd[1]: Failed to insert module 'ipv6'
[    3.313270] systemd[1]: Set hostname to <duo>.
[    3.328964] random: systemd-sysv-ge: uninitialized urandom read (16 bytes read)
[    3.366160] random: systemd-sysv-ge: uninitialized urandom read (16 bytes read)
[    3.439645] systemd[1]: Binding to IPv6 address not available since kernel does not support IPv6.
[    3.440838] systemd[1]: [/lib/systemd/system/gpsd.socket:6] Failed to parse address value, ignoring: [::1]:2947
[    3.445064] systemd[1]: Starting Forward Password Requests to Wall Directory Watch.
[    3.446474] systemd[1]: Started Forward Password Requests to Wall Directory Watch.
[    3.447616] systemd[1]: Starting Remote File Systems (Pre).
[    3.451263] systemd[1]: Reached target Remote File Systems (Pre).
[    3.463950] usb 2-1.2.3: new low-speed USB device number 8 using ehci-pci
[    3.573961] systemd-udevd[2009]: starting version 215
[    3.704507] usb 2-1.2.3: New USB device found, idVendor=04f2, idProduct=0111, bcdDevice= 1.02
[    3.705756] usb 2-1.2.3: New USB device strings: Mfr=1, Product=2, SerialNumber=0
[    3.707091] usb 2-1.2.3: Product: USB Keyboard
[    3.708377] usb 2-1.2.3: Manufacturer: Chicony
[    3.718212] input: Chicony USB Keyboard as /devices/pci0000:00/0000:00:1d.0/usb2/2-1/2-1.2/2-1.2.3/2-1.2.3:1.0/0003:04F2:0111.0003/input/input16
[    3.780749] hid-generic 0003:04F2:0111.0003: input,hidraw2: USB HID v1.10 Keyboard [Chicony USB Keyboard] on usb-0000:00:1d.0-1.2.3/input0
[    3.792226] input: Chicony USB Keyboard System Control as /devices/pci0000:00/0000:00:1d.0/usb2/2-1/2-1.2/2-1.2.3/2-1.2.3:1.1/0003:04F2:0111.0004/input/input17
[    3.810204] e1000e 0000:00:19.0 eth2: renamed from eth0
[    3.839692] systemd-udevd[2579]: renamed network interface eth0 to eth2
[    3.841435] iwlwifi 0000:03:00.0 wlan1: renamed from wlan0
[    3.852438] input: Chicony USB Keyboard Consumer Control as /devices/pci0000:00/0000:00:1d.0/usb2/2-1/2-1.2/2-1.2.3/2-1.2.3:1.1/0003:04F2:0111.0004/input/input18
[    3.856320] hid-generic 0003:04F2:0111.0004: input,hiddev96,hidraw3: USB HID v1.10 Device [Chicony USB Keyboard] on usb-0000:00:1d.0-1.2.3/input1
[    3.856543] systemd-udevd[2583]: renamed network interface wlan0 to wlan1
[    3.908146] Bluetooth: hci0: urb (____ptrval____) failed to resubmit (2)
[    4.925975] Adding 1681428k swap on /dev/sda1.  Priority:-2 extents:1 across:1681428k 
[    5.354745] random: crng init done
[    5.359075] random: 7 urandom warning(s) missed due to ratelimiting
[   15.601107] EXT4-fs (sdb4): re-mounted. Opts: errors=remount-ro
[   15.714912] EXT4-fs (sda2): mounted filesystem with ordered data mode. Opts: errors=remount-ro
[   15.789221] EXT4-fs (sdb2): mounted filesystem with ordered data mode. Opts: errors=remount-ro
[   15.833044] systemd-journald[2011]: Received request to flush runtime journal from PID 1
[   16.531662] device-mapper: table: 251:0: thin-pool: unknown target type
[   16.531664] device-mapper: ioctl: error adding target to table
[   17.803582] iwlwifi 0000:03:00.0: Radio type=0x0-0x0-0x3
[   17.879072] iwlwifi 0000:03:00.0: Radio type=0x0-0x0-0x3
[   19.522081] e1000e: eth2 NIC Link is Up 100 Mbps Full Duplex, Flow Control: Rx/Tx
[   19.522090] e1000e 0000:00:19.0 eth2: 10/100 speed: disabling TSO
