[    0.000000] Linux version 4.15.0 (pavel@duo) (gcc version 4.9.2 (Debian 4.9.2-10)) #153 SMP Thu Feb 8 14:18:51 CET 2018
[    0.000000] Command line: BOOT_IMAGE=(hd0,2)/fast/l/linux-64/arch/x86/boot/bzImage root=/dev/sda4 resume=/dev/sda1
[    0.000000] Disabled fast string operations
[    0.000000] x86/fpu: Supporting XSAVE feature 0x001: 'x87 floating point registers'
[    0.000000] x86/fpu: Supporting XSAVE feature 0x002: 'SSE registers'
[    0.000000] x86/fpu: Supporting XSAVE feature 0x004: 'AVX registers'
[    0.000000] x86/fpu: xstate_offset[2]:  576, xstate_sizes[2]:  256
[    0.000000] x86/fpu: Enabled xstate features 0x7, context size is 832 bytes, using 'standard' format.
[    0.000000] e820: BIOS-provided physical RAM map:
[    0.000000] BIOS-e820: [mem 0x0000000000000000-0x000000000009d7ff] usable
[    0.000000] BIOS-e820: [mem 0x000000000009d800-0x000000000009ffff] reserved
[    0.000000] BIOS-e820: [mem 0x00000000000e0000-0x00000000000fffff] reserved
[    0.000000] BIOS-e820: [mem 0x0000000000100000-0x000000001fffffff] usable
[    0.000000] BIOS-e820: [mem 0x0000000020000000-0x00000000201fffff] reserved
[    0.000000] BIOS-e820: [mem 0x0000000020200000-0x000000003fffffff] usable
[    0.000000] BIOS-e820: [mem 0x0000000040000000-0x00000000401fffff] reserved
[    0.000000] BIOS-e820: [mem 0x0000000040200000-0x00000000da99efff] usable
[    0.000000] BIOS-e820: [mem 0x00000000da99f000-0x00000000dae9efff] reserved
[    0.000000] BIOS-e820: [mem 0x00000000dae9f000-0x00000000daf9efff] ACPI NVS
[    0.000000] BIOS-e820: [mem 0x00000000daf9f000-0x00000000daffefff] ACPI data
[    0.000000] BIOS-e820: [mem 0x00000000dafff000-0x00000000daffffff] usable
[    0.000000] BIOS-e820: [mem 0x00000000db000000-0x00000000df9fffff] reserved
[    0.000000] BIOS-e820: [mem 0x00000000f8000000-0x00000000fbffffff] reserved
[    0.000000] BIOS-e820: [mem 0x00000000fec00000-0x00000000fec00fff] reserved
[    0.000000] BIOS-e820: [mem 0x00000000fed08000-0x00000000fed08fff] reserved
[    0.000000] BIOS-e820: [mem 0x00000000fed10000-0x00000000fed19fff] reserved
[    0.000000] BIOS-e820: [mem 0x00000000fed1c000-0x00000000fed1ffff] reserved
[    0.000000] BIOS-e820: [mem 0x00000000fee00000-0x00000000fee00fff] reserved
[    0.000000] BIOS-e820: [mem 0x00000000ffd20000-0x00000000ffffffff] reserved
[    0.000000] BIOS-e820: [mem 0x0000000100000000-0x000000019e5fffff] usable
[    0.000000] BIOS-e820: [mem 0x000000019e600000-0x000000019e7fffff] reserved
[    0.000000] NX (Execute Disable) protection: active
[    0.000000] random: fast init done
[    0.000000] SMBIOS 2.6 present.
[    0.000000] DMI: LENOVO 42872WU/42872WU, BIOS 8DET73WW (1.43 ) 10/12/2016
[    0.000000] e820: update [mem 0x00000000-0x00000fff] usable ==> reserved
[    0.000000] e820: remove [mem 0x000a0000-0x000fffff] usable
[    0.000000] e820: last_pfn = 0x19e600 max_arch_pfn = 0x400000000
[    0.000000] MTRR default type: uncachable
[    0.000000] MTRR fixed ranges enabled:
[    0.000000]   00000-9FFFF write-back
[    0.000000]   A0000-BFFFF uncachable
[    0.000000]   C0000-FFFFF write-protect
[    0.000000] MTRR variable ranges enabled:
[    0.000000]   0 base 0FFC00000 mask FFFC00000 write-protect
[    0.000000]   1 base 000000000 mask F80000000 write-back
[    0.000000]   2 base 080000000 mask FC0000000 write-back
[    0.000000]   3 base 0C0000000 mask FE0000000 write-back
[    0.000000]   4 base 0DC000000 mask FFC000000 uncachable
[    0.000000]   5 base 0DB000000 mask FFF000000 uncachable
[    0.000000]   6 base 100000000 mask F80000000 write-back
[    0.000000]   7 base 180000000 mask FE0000000 write-back
[    0.000000]   8 base 19F000000 mask FFF000000 uncachable
[    0.000000]   9 base 19E800000 mask FFF800000 uncachable
[    0.000000] x86/PAT: Configuration [0-7]: WB  WC  UC- UC  WB  WP  UC- WT  
[    0.000000] e820: last_pfn = 0xdb000 max_arch_pfn = 0x400000000
[    0.000000] Base memory trampoline at [        (ptrval)] 97000 size 24576
[    0.000000] reserving inaccessible SNB gfx pages
[    0.000000] BRK [0x064d1000, 0x064d1fff] PGTABLE
[    0.000000] BRK [0x064d2000, 0x064d2fff] PGTABLE
[    0.000000] BRK [0x064d3000, 0x064d3fff] PGTABLE
[    0.000000] BRK [0x064d4000, 0x064d4fff] PGTABLE
[    0.000000] BRK [0x064d5000, 0x064d5fff] PGTABLE
[    0.000000] BRK [0x064d6000, 0x064d6fff] PGTABLE
[    0.000000] ACPI: Early table checksum verification disabled
[    0.000000] ACPI: RSDP 0x00000000000F00E0 000024 (v02 LENOVO)
[    0.000000] ACPI: XSDT 0x00000000DAFFE120 0000AC (v01 LENOVO TP-8D    00001430 PTEC 00000002)
[    0.000000] ACPI: FACP 0x00000000DAFE7000 0000F4 (v04 LENOVO TP-8D    00001430 PTL  00000002)
[    0.000000] ACPI: DSDT 0x00000000DAFEA000 00FA89 (v01 LENOVO TP-8D    00001430 INTL 20061109)
[    0.000000] ACPI: FACS 0x00000000DAF2D000 000040
[    0.000000] ACPI: FACS 0x00000000DAF2D000 000040
[    0.000000] ACPI: SLIC 0x00000000DAFFD000 000176 (v01 LENOVO TP-8D    00001430 PTEC 00000001)
[    0.000000] ACPI: SSDT 0x00000000DAFFC000 000249 (v01 LENOVO TP-SSDT2 00000200 INTL 20061109)
[    0.000000] ACPI: SSDT 0x00000000DAFFB000 000033 (v01 LENOVO TP-SSDT1 00000100 INTL 20061109)
[    0.000000] ACPI: SSDT 0x00000000DAFFA000 0007D1 (v01 LENOVO SataAhci 00001000 INTL 20061109)
[    0.000000] ACPI: HPET 0x00000000DAFE6000 000038 (v01 LENOVO TP-8D    00001430 PTL  00000002)
[    0.000000] ACPI: APIC 0x00000000DAFE5000 000098 (v01 LENOVO TP-8D    00001430 PTL  00000002)
[    0.000000] ACPI: MCFG 0x00000000DAFE4000 00003C (v01 LENOVO TP-8D    00001430 PTL  00000002)
[    0.000000] ACPI: ECDT 0x00000000DAFE3000 000052 (v01 LENOVO TP-8D    00001430 PTL  00000002)
[    0.000000] ACPI: ASF! 0x00000000DAFE9000 0000A5 (v32 LENOVO TP-8D    00001430 PTL  00000002)
[    0.000000] ACPI: TCPA 0x00000000DAFE2000 000032 (v02 PTL    LENOVO   06040000 LNVO 00000001)
[    0.000000] ACPI: SSDT 0x00000000DAFE1000 000A27 (v01 PmRef  Cpu0Ist  00003000 INTL 20061109)
[    0.000000] ACPI: SSDT 0x00000000DAFE0000 000996 (v01 PmRef  CpuPm    00003000 INTL 20061109)
[    0.000000] ACPI: DMAR 0x00000000DAFDF000 0000E8 (v01 INTEL  SNB      00000001 INTL 00000001)
[    0.000000] ACPI: UEFI 0x00000000DAFDE000 00003E (v01 LENOVO TP-8D    00001430 PTL  00000002)
[    0.000000] ACPI: UEFI 0x00000000DAFDD000 000042 (v01 PTL    COMBUF   00000001 PTL  00000001)
[    0.000000] ACPI: UEFI 0x00000000DAFDC000 000292 (v01 LENOVO TP-8D    00001430 PTL  00000002)
[    0.000000] ACPI: Local APIC address 0xfee00000
[    0.000000] tsc: Fast TSC calibration using PIT
[    0.000000] Zone ranges:
[    0.000000]   DMA      [mem 0x0000000000001000-0x0000000000ffffff]
[    0.000000]   DMA32    [mem 0x0000000001000000-0x00000000ffffffff]
[    0.000000]   Normal   [mem 0x0000000100000000-0x000000019e5fffff]
[    0.000000] Movable zone start for each node
[    0.000000] Early memory node ranges
[    0.000000]   node   0: [mem 0x0000000000001000-0x000000000009cfff]
[    0.000000]   node   0: [mem 0x0000000000100000-0x000000001fffffff]
[    0.000000]   node   0: [mem 0x0000000020200000-0x000000003fffffff]
[    0.000000]   node   0: [mem 0x0000000040200000-0x00000000da99efff]
[    0.000000]   node   0: [mem 0x00000000dafff000-0x00000000daffffff]
[    0.000000]   node   0: [mem 0x0000000100000000-0x000000019e5fffff]
[    0.000000] Initmem setup node 0 [mem 0x0000000000001000-0x000000019e5fffff]
[    0.000000] On node 0 totalpages: 1542972
[    0.000000]   DMA zone: 56 pages used for memmap
[    0.000000]   DMA zone: 156 pages reserved
[    0.000000]   DMA zone: 3996 pages, LIFO batch:0
[    0.000000]   DMA32 zone: 12172 pages used for memmap
[    0.000000]   DMA32 zone: 890272 pages, LIFO batch:31
[    0.000000]   Normal zone: 8869 pages used for memmap
[    0.000000]   Normal zone: 648704 pages, LIFO batch:31
[    0.000000] Reserved but unavailable: 105 pages
[    0.000000] Reserving Intel graphics memory at [mem 0xdba00000-0xdf9fffff]
[    0.000000] ACPI: PM-Timer IO Port: 0x408
[    0.000000] ACPI: Local APIC address 0xfee00000
[    0.000000] ACPI: LAPIC_NMI (acpi_id[0x00] high edge lint[0x1])
[    0.000000] ACPI: LAPIC_NMI (acpi_id[0x01] high edge lint[0x1])
[    0.000000] IOAPIC[0]: apic_id 2, version 32, address 0xfec00000, GSI 0-23
[    0.000000] ACPI: INT_SRC_OVR (bus 0 bus_irq 0 global_irq 2 dfl dfl)
[    0.000000] ACPI: INT_SRC_OVR (bus 0 bus_irq 9 global_irq 9 high level)
[    0.000000] ACPI: IRQ0 used by override.
[    0.000000] ACPI: IRQ9 used by override.
[    0.000000] Using ACPI (MADT) for SMP configuration information
[    0.000000] ACPI: HPET id: 0x8086a301 base: 0xfed00000
[    0.000000] smpboot: Allowing 8 CPUs, 4 hotplug CPUs
[    0.000000] PM: Registered nosave memory: [mem 0x00000000-0x00000fff]
[    0.000000] PM: Registered nosave memory: [mem 0x0009d000-0x0009dfff]
[    0.000000] PM: Registered nosave memory: [mem 0x0009e000-0x0009ffff]
[    0.000000] PM: Registered nosave memory: [mem 0x000a0000-0x000dffff]
[    0.000000] PM: Registered nosave memory: [mem 0x000e0000-0x000fffff]
[    0.000000] PM: Registered nosave memory: [mem 0x20000000-0x201fffff]
[    0.000000] PM: Registered nosave memory: [mem 0x40000000-0x401fffff]
[    0.000000] PM: Registered nosave memory: [mem 0xda99f000-0xdae9efff]
[    0.000000] PM: Registered nosave memory: [mem 0xdae9f000-0xdaf9efff]
[    0.000000] PM: Registered nosave memory: [mem 0xdaf9f000-0xdaffefff]
[    0.000000] PM: Registered nosave memory: [mem 0xdb000000-0xdf9fffff]
[    0.000000] PM: Registered nosave memory: [mem 0xdfa00000-0xf7ffffff]
[    0.000000] PM: Registered nosave memory: [mem 0xf8000000-0xfbffffff]
[    0.000000] PM: Registered nosave memory: [mem 0xfc000000-0xfebfffff]
[    0.000000] PM: Registered nosave memory: [mem 0xfec00000-0xfec00fff]
[    0.000000] PM: Registered nosave memory: [mem 0xfec01000-0xfed07fff]
[    0.000000] PM: Registered nosave memory: [mem 0xfed08000-0xfed08fff]
[    0.000000] PM: Registered nosave memory: [mem 0xfed09000-0xfed0ffff]
[    0.000000] PM: Registered nosave memory: [mem 0xfed10000-0xfed19fff]
[    0.000000] PM: Registered nosave memory: [mem 0xfed1a000-0xfed1bfff]
[    0.000000] PM: Registered nosave memory: [mem 0xfed1c000-0xfed1ffff]
[    0.000000] PM: Registered nosave memory: [mem 0xfed20000-0xfedfffff]
[    0.000000] PM: Registered nosave memory: [mem 0xfee00000-0xfee00fff]
[    0.000000] PM: Registered nosave memory: [mem 0xfee01000-0xffd1ffff]
[    0.000000] PM: Registered nosave memory: [mem 0xffd20000-0xffffffff]
[    0.000000] e820: [mem 0xdfa00000-0xf7ffffff] available for PCI devices
[    0.000000] clocksource: refined-jiffies: mask: 0xffffffff max_cycles: 0xffffffff, max_idle_ns: 7645519600211568 ns
[    0.000000] setup_percpu: NR_CPUS:8 nr_cpumask_bits:8 nr_cpu_ids:8 nr_node_ids:1
[    0.000000] percpu: Embedded 43 pages/cpu @        (ptrval) s136456 r8192 d31480 u262144
[    0.000000] pcpu-alloc: s136456 r8192 d31480 u262144 alloc=1*2097152
[    0.000000] pcpu-alloc: [0] 0 1 2 3 4 5 6 7 
[    0.000000] Built 1 zonelists, mobility grouping on.  Total pages: 1521719
[    0.000000] Kernel command line: BOOT_IMAGE=(hd0,2)/fast/l/linux-64/arch/x86/boot/bzImage root=/dev/sda4 resume=/dev/sda1
[    0.000000] Dentry cache hash table entries: 1048576 (order: 11, 8388608 bytes)
[    0.000000] Inode-cache hash table entries: 524288 (order: 10, 4194304 bytes)
[    0.000000] Memory: 5965764K/6171888K available (16396K kernel code, 1095K rwdata, 5240K rodata, 1004K init, 10844K bss, 206124K reserved, 0K cma-reserved)
[    0.000000] Kernel/User page tables isolation: enabled
[    0.000000] Hierarchical RCU implementation.
[    0.000000] NR_IRQS: 4352, nr_irqs: 104, preallocated irqs: 16
[    0.000000] Console: colour VGA+ 80x25
[    0.000000] console [tty0] enabled
[    0.000000] Lock dependency validator: Copyright (c) 2006 Red Hat, Inc., Ingo Molnar
[    0.000000] ... MAX_LOCKDEP_SUBCLASSES:  8
[    0.000000] ... MAX_LOCK_DEPTH:          48
[    0.000000] ... MAX_LOCKDEP_KEYS:        8191
[    0.000000] ... CLASSHASH_SIZE:          4096
[    0.000000] ... MAX_LOCKDEP_ENTRIES:     32768
[    0.000000] ... MAX_LOCKDEP_CHAINS:      65536
[    0.000000] ... CHAINHASH_SIZE:          32768
[    0.000000]  memory used by lock dependency info: 7359 kB
[    0.000000]  per task-struct memory footprint: 1920 bytes
[    0.000000] ACPI: Core revision 20171215
[    0.000000] ACPI: 6 ACPI AML tables successfully acquired and loaded
[    0.000000] clocksource: hpet: mask: 0xffffffff max_cycles: 0xffffffff, max_idle_ns: 133484882848 ns
[    0.000000] hpet clockevent registered
[    0.000000] APIC: Switch to symmetric I/O mode setup
[    0.000000] ..TIMER: vector=0x30 apic1=0 pin1=2 apic2=-1 pin2=-1
[    0.020000] tsc: Fast TSC calibration using PIT
[    0.024000] tsc: Detected 2492.110 MHz processor
[    0.024000] clocksource: tsc-early: mask: 0xffffffffffffffff max_cycles: 0x23ec1c77fbe, max_idle_ns: 440795285636 ns
[    0.024000] Calibrating delay loop (skipped), value calculated using timer frequency.. 4984.22 BogoMIPS (lpj=9968440)
[    0.024000] pid_max: default: 32768 minimum: 301
[    0.024000] Mount-cache hash table entries: 16384 (order: 5, 131072 bytes)
[    0.028019] Mountpoint-cache hash table entries: 16384 (order: 5, 131072 bytes)
[    0.028438] Disabled fast string operations
[    0.028500] CPU: Physical Processor ID: 0
[    0.028558] CPU: Processor Core ID: 0
[    0.028619] ENERGY_PERF_BIAS: Set to 'normal', was 'performance'
[    0.028684] ENERGY_PERF_BIAS: View and update with x86_energy_perf_policy(8)
[    0.028756] process: using mwait in idle threads
[    0.028818] Last level iTLB entries: 4KB 512, 2MB 8, 4MB 8
[    0.028881] Last level dTLB entries: 4KB 512, 2MB 32, 4MB 32, 1GB 0
[    0.028948] Spectre V2 : Vulnerable: Minimal generic ASM retpoline
[    0.029104] Freeing SMP alternatives memory: 40K
[    0.030168] TSC deadline timer enabled
[    0.030173] smpboot: CPU0: Intel(R) Core(TM) i5-2520M CPU @ 2.50GHz (family: 0x6, model: 0x2a, stepping: 0x7)
[    0.030465] Performance Events: PEBS fmt1+, SandyBridge events, 16-deep LBR, full-width counters, Intel PMU driver.
[    0.030584] ... version:                3
[    0.030643] ... bit width:              48
[    0.030701] ... generic registers:      4
[    0.030760] ... value mask:             0000ffffffffffff
[    0.030822] ... max period:             00007fffffffffff
[    0.030885] ... fixed-purpose events:   3
[    0.031429] ... event mask:             000000070000000f
[    0.031603] Hierarchical SRCU implementation.
[    0.032000] smp: Bringing up secondary CPUs ...
[    0.032000] x86: Booting SMP configuration:
[    0.032000] .... node  #0, CPUs:      #1
[    0.004000] Disabled fast string operations
[    0.034489] NMI watchdog: Enabled. Permanently consumes one hw-PMU counter.
[    0.035189]  #2
[    0.004000] Disabled fast string operations
[    0.036499]  #3
[    0.004000] Disabled fast string operations
[    0.038889] smp: Brought up 1 node, 4 CPUs
[    0.038889] smpboot: Max logical packages: 2
[    0.038889] smpboot: Total of 4 processors activated (19936.88 BogoMIPS)
[    0.040271] devtmpfs: initialized
[    0.040497] PM: Registering ACPI NVS region [mem 0xdae9f000-0xdaf9efff] (1048576 bytes)
[    0.040818] clocksource: jiffies: mask: 0xffffffff max_cycles: 0xffffffff, max_idle_ns: 7645041785100000 ns
[    0.040915] futex hash table entries: 2048 (order: 6, 262144 bytes)
[    0.041575] NET: Registered protocol family 16
[    0.042257] cpuidle: using governor ladder
[    0.042257] cpuidle: using governor menu
[    0.042257] ACPI FADT declares the system doesn't support PCIe ASPM, so disable it
[    0.042257] ACPI: bus type PCI registered
[    0.042257] PCI: MMCONFIG for domain 0000 [bus 00-3f] at [mem 0xf8000000-0xfbffffff] (base 0xf8000000)
[    0.042257] PCI: MMCONFIG at [mem 0xf8000000-0xfbffffff] reserved in E820
[    0.042257] PCI: Using configuration type 1 for base access
[    0.042257] core: PMU erratum BJ122, BV98, HSD29 worked around, HT is on
[    0.065682] ACPI: Added _OSI(Module Device)
[    0.065682] ACPI: Added _OSI(Processor Device)
[    0.065682] ACPI: Added _OSI(3.0 _SCP Extensions)
[    0.065682] ACPI: Added _OSI(Processor Aggregator Device)
[    0.065682] ACPI: EC: EC started
[    0.065682] ACPI: EC: interrupt blocked
[    0.068006] ACPI: \: Used as first EC
[    0.068006] ACPI: \: GPE=0x11, EC_CMD/EC_SC=0x66, EC_DATA=0x62
[    0.068006] ACPI: \: Used as boot ECDT EC to handle transactions
[    0.084004] ACPI: [Firmware Bug]: BIOS _OSI(Linux) query ignored
[    0.098088] ACPI: Dynamic OEM Table Load:
[    0.098088] ACPI: SSDT 0xFFFF880197147000 0008C0 (v01 PmRef  Cpu0Cst  00003001 INTL 20061109)
[    0.100819] ACPI: Dynamic OEM Table Load:
[    0.100892] ACPI: SSDT 0xFFFF880197206C00 000303 (v01 PmRef  ApIst    00003000 INTL 20061109)
[    0.101606] ACPI: Dynamic OEM Table Load:
[    0.101606] ACPI: SSDT 0xFFFF880197B2C600 000119 (v01 PmRef  ApCst    00003000 INTL 20061109)
[    0.102086] ACPI: Interpreter enabled
[    0.102192] ACPI: (supports S0 S3 S4 S5)
[    0.102255] ACPI: Using IOAPIC for interrupt routing
[    0.102384] PCI: Using host bridge windows from ACPI; if necessary, use "pci=nocrs" and report a bug
[    0.103145] ACPI: GPE 0x16 active on init
[    0.104010] ACPI: Enabled 6 GPEs in block 00 to 3F
[    0.116259] ACPI: Power Resource [PUBS] (on)
[    0.120056] acpi PNP0C0A:01: ACPI dock station (docks/bays count: 1)
[    0.124056] acpi LNXIOBAY:00: ACPI dock station (docks/bays count: 2)
[    0.132056] acpi IBM0079:00: ACPI dock station (docks/bays count: 3)
[    0.132056] ACPI: PCI Interrupt Link [LNKA] (IRQs 3 4 5 6 7 9 10 *11)
[    0.132056] ACPI: PCI Interrupt Link [LNKB] (IRQs 3 4 5 6 7 9 10 *11)
[    0.132188] ACPI: PCI Interrupt Link [LNKC] (IRQs 3 4 5 6 7 9 10 *11)
[    0.132604] ACPI: PCI Interrupt Link [LNKD] (IRQs 3 4 5 6 7 9 *10 11)
[    0.133019] ACPI: PCI Interrupt Link [LNKE] (IRQs 3 4 5 6 *7 9 10 11)
[    0.133346] ACPI: PCI Interrupt Link [LNKF] (IRQs 3 4 5 6 7 9 10 11) *0, disabled.
[    0.133767] ACPI: PCI Interrupt Link [LNKG] (IRQs 3 4 5 6 *7 9 10 11)
[    0.134181] ACPI: PCI Interrupt Link [LNKH] (IRQs 3 4 5 6 7 9 *10 11)
[    0.136058] ACPI: PCI Root Bridge [PCI0] (domain 0000 [bus 00-fe])
[    0.136058] acpi PNP0A08:00: _OSC: OS supports [ExtendedConfig ASPM ClockPM Segments]
[    0.136058] acpi PNP0A08:00: _OSC: not requesting OS control; OS requires [ExtendedConfig ASPM ClockPM MSI]
[    0.136058] acpi PNP0A08:00: [Firmware Info]: MMCONFIG for domain 0000 [bus 00-3f] only partially covers this bridge
[    0.136058] PCI host bridge to bus 0000:00
[    0.136058] pci_bus 0000:00: root bus resource [io  0x0000-0x0cf7 window]
[    0.136058] pci_bus 0000:00: root bus resource [io  0x0d00-0xffff window]
[    0.136058] pci_bus 0000:00: root bus resource [mem 0x000a0000-0x000bffff window]
[    0.136058] pci_bus 0000:00: root bus resource [mem 0xdfa00000-0xfebfffff window]
[    0.136058] pci_bus 0000:00: root bus resource [mem 0xfed40000-0xfed4bfff window]
[    0.136058] pci_bus 0000:00: root bus resource [bus 00-fe]
[    0.136058] pci 0000:00:00.0: [8086:0104] type 00 class 0x060000
[    0.136116] pci 0000:00:02.0: [8086:0126] type 00 class 0x030000
[    0.136134] pci 0000:00:02.0: reg 0x10: [mem 0xf0000000-0xf03fffff 64bit]
[    0.136143] pci 0000:00:02.0: reg 0x18: [mem 0xe0000000-0xefffffff 64bit pref]
[    0.136148] pci 0000:00:02.0: reg 0x20: [io  0x5000-0x503f]
[    0.140056] pci 0000:00:16.0: [8086:1c3a] type 00 class 0x078000
[    0.140056] pci 0000:00:16.0: reg 0x10: [mem 0xf2525000-0xf252500f 64bit]
[    0.140056] pci 0000:00:16.0: PME# supported from D0 D3hot D3cold
[    0.140056] pci 0000:00:19.0: [8086:1502] type 00 class 0x020000
[    0.140056] pci 0000:00:19.0: reg 0x10: [mem 0xf2500000-0xf251ffff]
[    0.140056] pci 0000:00:19.0: reg 0x14: [mem 0xf252b000-0xf252bfff]
[    0.140056] pci 0000:00:19.0: reg 0x18: [io  0x5080-0x509f]
[    0.140056] pci 0000:00:19.0: PME# supported from D0 D3hot D3cold
[    0.140056] pci 0000:00:1a.0: [8086:1c2d] type 00 class 0x0c0320
[    0.140056] pci 0000:00:1a.0: reg 0x10: [mem 0xf252a000-0xf252a3ff]
[    0.140056] pci 0000:00:1a.0: PME# supported from D0 D3hot D3cold
[    0.140056] pci 0000:00:1b.0: [8086:1c20] type 00 class 0x040300
[    0.140056] pci 0000:00:1b.0: reg 0x10: [mem 0xf2520000-0xf2523fff 64bit]
[    0.140056] pci 0000:00:1b.0: PME# supported from D0 D3hot D3cold
[    0.140056] pci 0000:00:1c.0: [8086:1c10] type 01 class 0x060400
[    0.140056] pci 0000:00:1c.0: PME# supported from D0 D3hot D3cold
[    0.140056] pci 0000:00:1c.1: [8086:1c12] type 01 class 0x060400
[    0.140056] pci 0000:00:1c.1: PME# supported from D0 D3hot D3cold
[    0.140056] pci 0000:00:1c.3: [8086:1c16] type 01 class 0x060400
[    0.140056] pci 0000:00:1c.3: PME# supported from D0 D3hot D3cold
[    0.140056] pci 0000:00:1c.4: [8086:1c18] type 01 class 0x060400
[    0.140056] pci 0000:00:1c.4: PME# supported from D0 D3hot D3cold
[    0.140056] pci 0000:00:1d.0: [8086:1c26] type 00 class 0x0c0320
[    0.140056] pci 0000:00:1d.0: reg 0x10: [mem 0xf2529000-0xf25293ff]
[    0.140056] pci 0000:00:1d.0: PME# supported from D0 D3hot D3cold
[    0.140056] pci 0000:00:1f.0: [8086:1c4f] type 00 class 0x060100
[    0.140056] pci 0000:00:1f.2: [8086:1c03] type 00 class 0x010601
[    0.140056] pci 0000:00:1f.2: reg 0x10: [io  0x50a8-0x50af]
[    0.140056] pci 0000:00:1f.2: reg 0x14: [io  0x50bc-0x50bf]
[    0.140056] pci 0000:00:1f.2: reg 0x18: [io  0x50a0-0x50a7]
[    0.140056] pci 0000:00:1f.2: reg 0x1c: [io  0x50b8-0x50bb]
[    0.140056] pci 0000:00:1f.2: reg 0x20: [io  0x5060-0x507f]
[    0.140056] pci 0000:00:1f.2: reg 0x24: [mem 0xf2528000-0xf25287ff]
[    0.140056] pci 0000:00:1f.2: PME# supported from D3hot
[    0.140056] pci 0000:00:1f.3: [8086:1c22] type 00 class 0x0c0500
[    0.140056] pci 0000:00:1f.3: reg 0x10: [mem 0xf2524000-0xf25240ff 64bit]
[    0.140074] pci 0000:00:1f.3: reg 0x20: [io  0xefa0-0xefbf]
[    0.144048] pci 0000:00:1c.0: PCI bridge to [bus 02]
[    0.144049] pci 0000:03:00.0: [8086:0084] type 00 class 0x028000
[    0.144049] pci 0000:03:00.0: reg 0x10: [mem 0xf2400000-0xf2401fff 64bit]
[    0.144049] pci 0000:03:00.0: PME# supported from D0 D3hot D3cold
[    0.156076] pci 0000:00:1c.1: PCI bridge to [bus 03]
[    0.156167] pci 0000:00:1c.1:   bridge window [mem 0xf2400000-0xf24fffff]
[    0.156258] pci 0000:00:1c.3: PCI bridge to [bus 05-0c]
[    0.156332] pci 0000:00:1c.3:   bridge window [io  0x4000-0x4fff]
[    0.156337] pci 0000:00:1c.3:   bridge window [mem 0xf1c00000-0xf23fffff]
[    0.156344] pci 0000:00:1c.3:   bridge window [mem 0xf0400000-0xf0bfffff 64bit pref]
[    0.160050] pci 0000:0d:00.0: [1180:e822] type 00 class 0x088001
[    0.160050] pci 0000:0d:00.0: MMC controller base frequency changed to 50Mhz.
[    0.160050] pci 0000:0d:00.0: reg 0x10: [mem 0xf1400000-0xf14000ff]
[    0.160050] pci 0000:0d:00.0: supports D1 D2
[    0.160050] pci 0000:0d:00.0: PME# supported from D0 D1 D2 D3hot D3cold
[    0.172186] pci 0000:00:1c.4: PCI bridge to [bus 0d]
[    0.172255] pci 0000:00:1c.4:   bridge window [io  0x3000-0x3fff]
[    0.172261] pci 0000:00:1c.4:   bridge window [mem 0xf1400000-0xf1bfffff]
[    0.172270] pci 0000:00:1c.4:   bridge window [mem 0xf0c00000-0xf13fffff 64bit pref]
[    0.172305] pci_bus 0000:00: on NUMA node 0
[    0.176057] ACPI: EC: interrupt unblocked
[    0.176057] ACPI: EC: event unblocked
[    0.176057] ACPI: \_SB_.PCI0.LPC_.EC__: GPE=0x11, EC_CMD/EC_SC=0x66, EC_DATA=0x62
[    0.176057] ACPI: \_SB_.PCI0.LPC_.EC__: Used as boot DSDT EC to handle transactions and events
[    0.176057] pci 0000:00:02.0: vgaarb: setting as boot VGA device
[    0.176103] pci 0000:00:02.0: vgaarb: VGA device added: decodes=io+mem,owns=io+mem,locks=none
[    0.176198] pci 0000:00:02.0: vgaarb: bridge control possible
[    0.176263] vgaarb: loaded
[    0.180039] SCSI subsystem initialized
[    0.180090] libata version 3.00 loaded.
[    0.180229] ACPI: bus type USB registered
[    0.180382] usbcore: registered new interface driver usbfs
[    0.180487] usbcore: registered new interface driver hub
[    0.180608] usbcore: registered new device driver usb
[    0.180755] media: Linux media interface: v0.10
[    0.180851] Linux video capture interface: v2.00
[    0.180944] pps_core: LinuxPPS API ver. 1 registered
[    0.181012] pps_core: Software ver. 5.3.6 - Copyright 2005-2007 Rodolfo Giometti <giometti@linux.it>
[    0.181115] PTP clock support registered
[    0.181257] EDAC MC: Ver: 3.0.0
[    0.181257] Advanced Linux Sound Architecture Driver Initialized.
[    0.181257] PCI: Using ACPI for IRQ routing
[    0.182227] PCI: pci_cache_line_size set to 64 bytes
[    0.182524] e820: reserve RAM buffer [mem 0x0009d800-0x0009ffff]
[    0.182527] e820: reserve RAM buffer [mem 0xda99f000-0xdbffffff]
[    0.182529] e820: reserve RAM buffer [mem 0xdb000000-0xdbffffff]
[    0.182531] e820: reserve RAM buffer [mem 0x19e600000-0x19fffffff]
[    0.184057] Bluetooth: Core ver 2.22
[    0.184057] NET: Registered protocol family 31
[    0.184105] Bluetooth: HCI device and connection manager initialized
[    0.184179] Bluetooth: HCI socket layer initialized
[    0.184242] Bluetooth: L2CAP socket layer initialized
[    0.184324] Bluetooth: SCO socket layer initialized
[    0.184476] clocksource: Switched to clocksource tsc-early
[    0.184476] pnp: PnP ACPI init
[    0.185759] system 00:00: [mem 0x00000000-0x0009ffff] could not be reserved
[    0.185839] system 00:00: [mem 0x000c0000-0x000c3fff] could not be reserved
[    0.185911] system 00:00: [mem 0x000c4000-0x000c7fff] could not be reserved
[    0.185982] system 00:00: [mem 0x000c8000-0x000cbfff] has been reserved
[    0.186052] system 00:00: [mem 0x000cc000-0x000cffff] has been reserved
[    0.186123] system 00:00: [mem 0x000d0000-0x000d3fff] could not be reserved
[    0.186194] system 00:00: [mem 0x000d4000-0x000d7fff] has been reserved
[    0.186265] system 00:00: [mem 0x000d8000-0x000dbfff] has been reserved
[    0.186335] system 00:00: [mem 0x000dc000-0x000dffff] has been reserved
[    0.186406] system 00:00: [mem 0x000e0000-0x000e3fff] could not be reserved
[    0.186478] system 00:00: [mem 0x000e4000-0x000e7fff] could not be reserved
[    0.186550] system 00:00: [mem 0x000e8000-0x000ebfff] could not be reserved
[    0.186622] system 00:00: [mem 0x000ec000-0x000effff] could not be reserved
[    0.186693] system 00:00: [mem 0x000f0000-0x000fffff] could not be reserved
[    0.186765] system 00:00: [mem 0x00100000-0xdf9fffff] could not be reserved
[    0.186837] system 00:00: [mem 0xfec00000-0xfed3ffff] could not be reserved
[    0.186909] system 00:00: [mem 0xfed4c000-0xffffffff] could not be reserved
[    0.187007] system 00:00: Plug and Play ACPI device, IDs PNP0c01 (active)
[    0.187298] system 00:01: [io  0x0400-0x047f] has been reserved
[    0.187373] system 00:01: [io  0x0500-0x057f] has been reserved
[    0.187452] system 00:01: [io  0x0800-0x080f] has been reserved
[    0.187520] system 00:01: [io  0x15e0-0x15ef] has been reserved
[    0.187587] system 00:01: [io  0x1600-0x167f] has been reserved
[    0.187655] system 00:01: [mem 0xf8000000-0xfbffffff] has been reserved
[    0.187726] system 00:01: [mem 0x00000000-0x00000fff] could not be reserved
[    0.187798] system 00:01: [mem 0xfed1c000-0xfed1ffff] has been reserved
[    0.187868] system 00:01: [mem 0xfed10000-0xfed13fff] has been reserved
[    0.187938] system 00:01: [mem 0xfed18000-0xfed18fff] has been reserved
[    0.188009] system 00:01: [mem 0xfed19000-0xfed19fff] has been reserved
[    0.188080] system 00:01: [mem 0xfed45000-0xfed4bfff] has been reserved
[    0.188167] system 00:01: Plug and Play ACPI device, IDs PNP0c02 (active)
[    0.188335] pnp 00:02: Plug and Play ACPI device, IDs PNP0b00 (active)
[    0.188418] pnp 00:03: Plug and Play ACPI device, IDs PNP0303 (active)
[    0.188499] pnp 00:04: Plug and Play ACPI device, IDs LEN0020 PNP0f13 (active)
[    0.188656] pnp 00:05: Plug and Play ACPI device, IDs SMO1200 PNP0c31 (active)
[    0.189669] pnp: PnP ACPI: found 6 devices
[    0.199656] clocksource: acpi_pm: mask: 0xffffff max_cycles: 0xffffff, max_idle_ns: 2085701024 ns
[    0.199763] pci 0000:00:1c.0: bridge window [io  0x1000-0x0fff] to [bus 02] add_size 1000
[    0.199769] pci 0000:00:1c.0: bridge window [mem 0x00100000-0x000fffff 64bit pref] to [bus 02] add_size 200000 add_align 100000
[    0.199771] pci 0000:00:1c.0: bridge window [mem 0x00100000-0x000fffff] to [bus 02] add_size 200000 add_align 100000
[    0.199809] pci 0000:00:1c.0: BAR 8: assigned [mem 0xdfa00000-0xdfbfffff]
[    0.199882] pci 0000:00:1c.0: BAR 9: assigned [mem 0xdfc00000-0xdfdfffff 64bit pref]
[    0.199955] pci 0000:00:1c.0: BAR 7: assigned [io  0x2000-0x2fff]
[    0.200030] pci 0000:00:1c.0: PCI bridge to [bus 02]
[    0.200094] pci 0000:00:1c.0:   bridge window [io  0x2000-0x2fff]
[    0.200165] pci 0000:00:1c.0:   bridge window [mem 0xdfa00000-0xdfbfffff]
[    0.200236] pci 0000:00:1c.0:   bridge window [mem 0xdfc00000-0xdfdfffff 64bit pref]
[    0.200314] pci 0000:00:1c.1: PCI bridge to [bus 03]
[    0.200380] pci 0000:00:1c.1:   bridge window [mem 0xf2400000-0xf24fffff]
[    0.200456] pci 0000:00:1c.3: PCI bridge to [bus 05-0c]
[    0.200521] pci 0000:00:1c.3:   bridge window [io  0x4000-0x4fff]
[    0.200590] pci 0000:00:1c.3:   bridge window [mem 0xf1c00000-0xf23fffff]
[    0.200661] pci 0000:00:1c.3:   bridge window [mem 0xf0400000-0xf0bfffff 64bit pref]
[    0.200738] pci 0000:00:1c.4: PCI bridge to [bus 0d]
[    0.200802] pci 0000:00:1c.4:   bridge window [io  0x3000-0x3fff]
[    0.200873] pci 0000:00:1c.4:   bridge window [mem 0xf1400000-0xf1bfffff]
[    0.200945] pci 0000:00:1c.4:   bridge window [mem 0xf0c00000-0xf13fffff 64bit pref]
[    0.201025] pci_bus 0000:00: resource 4 [io  0x0000-0x0cf7 window]
[    0.201026] pci_bus 0000:00: resource 5 [io  0x0d00-0xffff window]
[    0.201028] pci_bus 0000:00: resource 6 [mem 0x000a0000-0x000bffff window]
[    0.201030] pci_bus 0000:00: resource 7 [mem 0xdfa00000-0xfebfffff window]
[    0.201032] pci_bus 0000:00: resource 8 [mem 0xfed40000-0xfed4bfff window]
[    0.201034] pci_bus 0000:02: resource 0 [io  0x2000-0x2fff]
[    0.201035] pci_bus 0000:02: resource 1 [mem 0xdfa00000-0xdfbfffff]
[    0.201037] pci_bus 0000:02: resource 2 [mem 0xdfc00000-0xdfdfffff 64bit pref]
[    0.201039] pci_bus 0000:03: resource 1 [mem 0xf2400000-0xf24fffff]
[    0.201041] pci_bus 0000:05: resource 0 [io  0x4000-0x4fff]
[    0.201042] pci_bus 0000:05: resource 1 [mem 0xf1c00000-0xf23fffff]
[    0.201044] pci_bus 0000:05: resource 2 [mem 0xf0400000-0xf0bfffff 64bit pref]
[    0.201046] pci_bus 0000:0d: resource 0 [io  0x3000-0x3fff]
[    0.201048] pci_bus 0000:0d: resource 1 [mem 0xf1400000-0xf1bfffff]
[    0.201049] pci_bus 0000:0d: resource 2 [mem 0xf0c00000-0xf13fffff 64bit pref]
[    0.201305] NET: Registered protocol family 2
[    0.201715] tcp_listen_portaddr_hash hash table entries: 4096 (order: 6, 294912 bytes)
[    0.201935] TCP established hash table entries: 65536 (order: 7, 524288 bytes)
[    0.202104] TCP bind hash table entries: 65536 (order: 10, 4194304 bytes)
[    0.204311] TCP: Hash tables configured (established 65536 bind 65536)
[    0.204721] UDP hash table entries: 4096 (order: 7, 655360 bytes)
[    0.205113] UDP-Lite hash table entries: 4096 (order: 7, 655360 bytes)
[    0.205624] NET: Registered protocol family 1
[    0.206003] RPC: Registered named UNIX socket transport module.
[    0.206072] RPC: Registered udp transport module.
[    0.206134] RPC: Registered tcp transport module.
[    0.206195] RPC: Registered tcp NFSv4.1 backchannel transport module.
[    0.206530] pci 0000:00:02.0: Video device with shadowed ROM at [mem 0x000c0000-0x000dffff]
[    0.207635] PCI: CLS 64 bytes, default 64
[    0.207695] PCI-DMA: Using software bounce buffering for IO (SWIOTLB)
[    0.208430] software IO TLB [mem 0xd699f000-0xda99f000] (64MB) mapped at [00000000f646884f-00000000323d3dfb]
[    0.210960] Initialise system trusted keyrings
[    0.211120] workingset: timestamp_bits=62 max_order=21 bucket_order=0
[    0.212408] Installing knfsd (copyright (C) 1996 okir@monad.swb.de).
[    0.213076] ntfs: driver 2.1.32 [Flags: R/W].
[    0.213262] fuse init (API version 7.26)
[    0.215077] Key type asymmetric registered
[    0.215142] Asymmetric key parser 'x509' registered
[    0.215245] Block layer SCSI generic (bsg) driver version 0.4 loaded (major 249)
[    0.215320] io scheduler noop registered
[    0.215379] io scheduler deadline registered
[    0.215458] io scheduler cfq registered (default)
[    0.215520] io scheduler mq-deadline registered
[    0.215599] io scheduler bfq registered
[    0.215878] pcieport 0000:00:1c.0: enabling device (0000 -> 0003)
[    0.217194] intel_idle: MWAIT substates: 0x21120
[    0.217197] intel_idle: v0.4.1 model 0x2A
[    0.217592] intel_idle: lapic_timer_reliable_states 0xffffffff
[    0.217837] ACPI: Deprecated procfs I/F for AC is loaded, please retry with CONFIG_ACPI_PROCFS_POWER cleared
[    0.218015] ACPI: AC Adapter [AC] (on-line)
[    0.218276] input: Lid Switch as /devices/LNXSYSTM:00/LNXSYBUS:00/PNP0C0D:00/input/input0
[    0.218460] ACPI: Lid Switch [LID]
[    0.218646] input: Sleep Button as /devices/LNXSYSTM:00/LNXSYBUS:00/PNP0C0E:00/input/input1
[    0.218768] ACPI: Sleep Button [SLPB]
[    0.218964] input: Power Button as /devices/LNXSYSTM:00/LNXPWRBN:00/input/input2
[    0.219075] ACPI: Power Button [PWRF]
[    0.222522] thermal LNXTHERM:00: registered as thermal_zone0
[    0.222594] ACPI: Thermal Zone [THM0] (66 C)
[    0.222994] Serial: 8250/16550 driver, 4 ports, IRQ sharing disabled
[    0.224416] lp: driver loaded but no devices found
[    0.224572] Non-volatile memory driver v1.3
[    0.224797] Linux agpgart interface v0.103
[    0.225158] [drm] radeon kernel modesetting enabled.
[    0.226272] [drm] Replacing VGA console driver
[    0.226874] Console: switching to colour dummy device 80x25
[    0.236079] [drm] Supports vblank timestamp caching Rev 2 (21.10.2013).
[    0.236097] [drm] Driver supports precise vblank timestamp query.
[    0.237256] i915 0000:00:02.0: vgaarb: changed VGA decodes: olddecodes=io+mem,decodes=io+mem:owns=io+mem
[    0.238237] ACPI: Deprecated procfs I/F for battery is loaded, please retry with CONFIG_ACPI_PROCFS_POWER cleared
[    0.238274] ACPI: Battery Slot [BAT0] (battery present)
[    0.319603] [drm] Initialized i915 1.6.0 20171222 for 0000:00:02.0 on minor 0
[    0.321672] ACPI: Video Device [VID] (multi-head: yes  rom: no  post: no)
[    0.322291] input: Video Bus as /devices/LNXSYSTM:00/LNXSYBUS:00/PNP0A08:00/LNXVIDEO:00/input/input3
[    0.322618] usbcore: registered new interface driver udl
[    0.330272] loop: module loaded
[    0.342270] ahci 0000:00:1f.2: version 3.0
[    0.342882] ahci 0000:00:1f.2: SSS flag set, parallel bus scan disabled
[    0.356102] ahci 0000:00:1f.2: AHCI 0001.0300 32 slots 6 ports 6 Gbps 0x13 impl SATA mode
[    0.356152] ahci 0000:00:1f.2: flags: 64bit ncq sntf ilck stag pm led clo pio slum part ems sxs apst 
[    0.381950] scsi host0: ahci
[    0.382228] scsi host1: ahci
[    0.382482] scsi host2: ahci
[    0.382766] scsi host3: ahci
[    0.383041] scsi host4: ahci
[    0.383296] scsi host5: ahci
[    0.383453] ata1: SATA max UDMA/133 abar m2048@0xf2528000 port 0xf2528100 irq 19
[    0.383477] ata2: SATA max UDMA/133 abar m2048@0xf2528000 port 0xf2528180 irq 19
[    0.383504] ata3: DUMMY
[    0.383513] ata4: DUMMY
[    0.383520] ata5: SATA max UDMA/133 abar m2048@0xf2528000 port 0xf2528300 irq 19
[    0.383537] ata6: DUMMY
[    0.384074] tun: Universal TUN/TAP device driver, 1.6
[    0.384418] e1000e: Intel(R) PRO/1000 Network Driver - 3.2.6-k
[    0.384431] e1000e: Copyright(c) 1999 - 2015 Intel Corporation.
[    0.384829] e1000e 0000:00:19.0: Interrupt Throttling Rate (ints/sec) set to dynamic conservative mode
[    0.483226] e1000e 0000:00:19.0 0000:00:19.0 (uninitialized): registered PHC clock
[    0.576889] e1000e 0000:00:19.0 eth0: (PCI Express:2.5GT/s:Width x1) f0:de:f1:e3:99:75
[    0.576913] e1000e 0000:00:19.0 eth0: Intel(R) PRO/1000 Network Connection
[    0.576978] e1000e 0000:00:19.0 eth0: MAC: 10, PHY: 11, PBA No: 1000FF-0FF
[    0.577135] PPP generic driver version 2.4.2
[    0.577308] PPP BSD Compression module registered
[    0.577318] PPP Deflate Compression module registered
[    0.577329] SLIP: version 0.8.4-NET3.019-NEWTTY (dynamic channels, max=256).
[    0.577342] CSLIP: code copyright 1989 Regents of the University of California.
[    0.577399] iwl3945: Intel(R) PRO/Wireless 3945ABG/BG Network Connection driver for Linux, in-tree:ds
[    0.577426] iwl3945: Copyright(c) 2003-2011 Intel Corporation
[    0.577442] iwl3945: hw_scan is disabled
[    0.577507] Intel(R) Wireless WiFi driver for Linux
[    0.577518] Copyright(c) 2003- 2015 Intel Corporation
[    0.577898] iwlwifi 0000:03:00.0: pci_enable_msi failed - -38
[    0.578191] usbcore: registered new interface driver ax88179_178a
[    0.578244] usbcore: registered new interface driver cdc_ether
[    0.578286] usbcore: registered new interface driver cdc_eem
[    0.578338] usbcore: registered new interface driver net1080
[    0.578378] usbcore: registered new interface driver cdc_subset
[    0.578426] usbcore: registered new interface driver zaurus
[    0.578477] usbcore: registered new interface driver cdc_ncm
[    0.578511] usbcore: registered new interface driver cdc_mbim
[    0.578803] ehci_hcd: USB 2.0 'Enhanced' Host Controller (EHCI) Driver
[    0.578827] ehci-pci: EHCI PCI platform driver
[    0.578857] iwlwifi 0000:03:00.0: loaded firmware version 39.31.5.1 build 35138 op_mode iwldvm
[    0.578967] iwlwifi 0000:03:00.0: CONFIG_IWLWIFI_DEBUG disabled
[    0.578983] iwlwifi 0000:03:00.0: CONFIG_IWLWIFI_DEBUGFS disabled
[    0.578998] iwlwifi 0000:03:00.0: CONFIG_IWLWIFI_DEVICE_TRACING disabled
[    0.579016] iwlwifi 0000:03:00.0: Detected Intel(R) Centrino(R) Wireless-N 1000 BGN, REV=0x6C
[    0.579170] ehci-pci 0000:00:1a.0: EHCI Host Controller
[    0.579331] ehci-pci 0000:00:1a.0: new USB bus registered, assigned bus number 1
[    0.579376] ehci-pci 0000:00:1a.0: debug port 2
[    0.583355] ehci-pci 0000:00:1a.0: cache line size of 64 is not supported
[    0.583365] ehci-pci 0000:00:1a.0: irq 16, io mem 0xf252a000
[    0.595358] iwlwifi 0000:03:00.0: reporting RF_KILL (radio disabled)
[    0.595416] iwlwifi 0000:03:00.0: RF_KILL bit toggled to disable radio.
[    0.596030] ehci-pci 0000:00:1a.0: USB 2.0 started, EHCI 1.00
[    0.596273] usb usb1: New USB device found, idVendor=1d6b, idProduct=0002
[    0.596294] usb usb1: New USB device strings: Mfr=3, Product=2, SerialNumber=1
[    0.596314] usb usb1: Product: EHCI Host Controller
[    0.596328] usb usb1: Manufacturer: Linux 4.15.0 ehci_hcd
[    0.596343] usb usb1: SerialNumber: 0000:00:1a.0
[    0.596891] hub 1-0:1.0: USB hub found
[    0.596936] hub 1-0:1.0: 3 ports detected
[    0.598324] ehci-pci 0000:00:1d.0: EHCI Host Controller
[    0.598628] ehci-pci 0000:00:1d.0: new USB bus registered, assigned bus number 2
[    0.598706] ehci-pci 0000:00:1d.0: debug port 2
[    0.602713] ehci-pci 0000:00:1d.0: cache line size of 64 is not supported
[    0.602780] ehci-pci 0000:00:1d.0: irq 23, io mem 0xf2529000
[    0.605283] fbcon: inteldrmfb (fb0) is primary device
[    0.616135] ehci-pci 0000:00:1d.0: USB 2.0 started, EHCI 1.00
[    0.616380] usb usb2: New USB device found, idVendor=1d6b, idProduct=0002
[    0.616382] usb usb2: New USB device strings: Mfr=3, Product=2, SerialNumber=1
[    0.616384] usb usb2: Product: EHCI Host Controller
[    0.616385] usb usb2: Manufacturer: Linux 4.15.0 ehci_hcd
[    0.616387] usb usb2: SerialNumber: 0000:00:1d.0
[    0.616926] hub 2-0:1.0: USB hub found
[    0.616966] hub 2-0:1.0: 3 ports detected
[    0.617738] ohci_hcd: USB 1.1 'Open' Host Controller (OHCI) Driver
[    0.617749] ohci-pci: OHCI PCI platform driver
[    0.617796] uhci_hcd: USB Universal Host Controller Interface driver
[    0.617981] usbcore: registered new interface driver cdc_acm
[    0.617982] cdc_acm: USB Abstract Control Model driver for USB modems and ISDN adapters
[    0.618022] usbcore: registered new interface driver usblp
[    0.618060] usbcore: registered new interface driver cdc_wdm
[    0.618114] usbcore: registered new interface driver usb-storage
[    0.618141] usbcore: registered new interface driver ums-sddr09
[    0.618231] usbcore: registered new interface driver usbserial_generic
[    0.618282] usbserial: USB Serial support registered for generic
[    0.618315] usbcore: registered new interface driver ch341
[    0.618335] usbserial: USB Serial support registered for ch341-uart
[    0.618368] usbcore: registered new interface driver ftdi_sio
[    0.618395] usbserial: USB Serial support registered for FTDI USB Serial Device
[    0.618439] usbcore: registered new interface driver option
[    0.618467] usbserial: USB Serial support registered for GSM modem (1-port)
[    0.618517] usbcore: registered new interface driver pl2303
[    0.618547] usbserial: USB Serial support registered for pl2303
[    0.618580] usbcore: registered new interface driver ti_usb_3410_5052
[    0.618599] usbserial: USB Serial support registered for TI USB 3410 1 port adapter
[    0.618626] usbserial: USB Serial support registered for TI USB 5052 2 port adapter
[    0.618630] ftdi_elan: driver ftdi-elan
[    0.618666] usbcore: registered new interface driver ftdi-elan
[    0.618772] i8042: PNP: PS/2 Controller [PNP0303:KBD,PNP0f13:MOU] at 0x60,0x64 irq 1,12
[    0.622719] serio: i8042 KBD port at 0x60,0x64 irq 1
[    0.622738] serio: i8042 AUX port at 0x60,0x64 irq 12
[    0.623054] mousedev: PS/2 mouse device common for all mice
[    0.623742] input: PC Speaker as /devices/platform/pcspkr/input/input4
[    0.624078] rtc_cmos 00:02: RTC can wake from S4
[    0.624334] rtc_cmos 00:02: rtc core: registered rtc_cmos as rtc0
[    0.624373] rtc_cmos 00:02: alarms up to one month, y3k, 114 bytes nvram, hpet irqs
[    0.624442] usbcore: registered new interface driver uvcvideo
[    0.624443] USB Video Class driver (1.1.1)
[    0.624443] gspca_main: v2.14.0 registered
[    0.624466] usbcore: registered new interface driver sq930x
[    0.624468] ieee80211 phy0: Selected rate control algorithm 'iwl-agn-rs'
[    0.625678] device-mapper: ioctl: 4.37.0-ioctl (2017-09-20) initialised: dm-devel@redhat.com
[    0.625680] Bluetooth: HCI UART driver ver 2.3
[    0.625682] Bluetooth: HCI UART protocol H4 registered
[    0.625683] Bluetooth: HCI UART protocol BCSP registered
[    0.625756] usbcore: registered new interface driver btusb
[    0.625761] intel_pstate: Intel P-state driver initializing
[    0.626102] sdhci: Secure Digital Host Controller Interface driver
[    0.626105] sdhci: Copyright(c) Pierre Ossman
[    0.626180] sdhci-pci 0000:0d:00.0: SDHCI controller found [1180:e822] (rev 7)
[    0.627923] input: AT Translated Set 2 keyboard as /devices/platform/i8042/serio0/input/input5
[    0.627997] mmc0 bounce up to 128 segments into one, max segment size 65536 bytes
[    0.629123] mmc0: SDHCI controller on PCI [0000:0d:00.0] using DMA
[    0.630353] hidraw: raw HID events driver (C) Jiri Kosina
[    0.633294] usbcore: registered new interface driver usbhid
[    0.633298] usbhid: USB HID core driver
[    0.635719] thinkpad_acpi: ThinkPad ACPI Extras v0.25
[    0.635722] thinkpad_acpi: http://ibm-acpi.sf.net/
[    0.635726] thinkpad_acpi: ThinkPad BIOS 8DET73WW (1.43 ), EC unknown
[    0.635730] thinkpad_acpi: Lenovo ThinkPad X220, model 42872WU
[    0.639434] thinkpad_acpi: radio switch found; radios are disabled
[    0.639622] thinkpad_acpi: Tablet mode switch found (type: MHKG), currently in laptop mode
[    0.639639] thinkpad_acpi: This ThinkPad has standard ACPI backlight brightness control, supported by the ACPI video driver
[    0.639640] thinkpad_acpi: Disabling thinkpad-acpi brightness events by default...
[    0.644674] thinkpad_acpi: rfkill switch tpacpi_bluetooth_sw: radio is blocked
[    0.645942] thinkpad_acpi: warning: userspace override of important firmware LEDs is enabled
[    0.645960] thinkpad_acpi: Standard ACPI backlight interface available, not loading native one
[    0.645961] thinkpad_acpi: volume: disabled as there is no ALSA support in this kernel
[    0.646956] input: ThinkPad Extra Buttons as /devices/platform/thinkpad_acpi/input/input7
[    0.648335] usbcore: registered new interface driver snd-usb-audio
[    0.649153] NET: Registered protocol family 17
[    0.649226] Bluetooth: RFCOMM TTY layer initialized
[    0.649255] Bluetooth: RFCOMM socket layer initialized
[    0.649266] Bluetooth: RFCOMM ver 1.11
[    0.649271] Bluetooth: BNEP (Ethernet Emulation) ver 1.3
[    0.649272] Bluetooth: BNEP filters: protocol multicast
[    0.649274] Bluetooth: BNEP socket layer initialized
[    0.649275] Bluetooth: HIDP (Human Interface Emulation) ver 1.2
[    0.649278] Bluetooth: HIDP socket layer initialized
[    0.649424] microcode: sig=0x206a7, pf=0x10, revision=0x29
[    0.649566] microcode: Microcode Update Driver: v2.2.
[    0.649609] sched_clock: Marking stable (649540347, 0)->(629596002, 19944345)
[    0.650047] Loading compiled-in X.509 certificates
[    0.650470] Key type encrypted registered
[    0.651243] rtc_cmos 00:02: setting system clock to 2018-02-08 13:26:50 UTC (1518096410)
[    0.651372] cfg80211: Loading compiled-in X.509 certificates for regulatory database
[    0.652189] cfg80211: Loaded X.509 cert 'sforshee: 00b28ddf47aef9cea7'
[    0.652323] platform regulatory.0: Direct firmware load for regulatory.db failed with error -2
[    0.652335] cfg80211: failed to load regulatory.db
[    0.704144] ata1: SATA link up 1.5 Gbps (SStatus 113 SControl 300)
[    0.705541] ata1.00: ACPI cmd ef/02:00:00:00:00:a0 (SET FEATURES) succeeded
[    0.705550] ata1.00: ACPI cmd f5/00:00:00:00:00:a0 (SECURITY FREEZE LOCK) filtered out
[    0.705558] ata1.00: ACPI cmd ef/10:03:00:00:00:a0 (SET FEATURES) filtered out
[    0.706689] ata1.00: ATA-8: Hitachi HTS545050A7E380, GG2OA7J0, max UDMA/133
[    0.706694] ata1.00: 976773168 sectors, multi 16: LBA48 NCQ (depth 31/32), AA
[    0.708582] ata1.00: ACPI cmd ef/02:00:00:00:00:a0 (SET FEATURES) succeeded
[    0.708598] ata1.00: ACPI cmd f5/00:00:00:00:00:a0 (SECURITY FREEZE LOCK) filtered out
[    0.708605] ata1.00: ACPI cmd ef/10:03:00:00:00:a0 (SET FEATURES) filtered out
[    0.709495] ata1.00: configured for UDMA/133
[    0.715067] Console: switching to colour frame buffer device 102x42
[    0.715349] snd_hda_intel 0000:00:1b.0: bound 0000:00:02.0 (ops i915_audio_component_bind_ops)
[    0.738580] snd_hda_codec_generic hdaudioC0D0: autoconfig for Generic: line_outs=1 (0x1f/0x0/0x0/0x0/0x0) type:speaker
[    0.738583] snd_hda_codec_generic hdaudioC0D0:    speaker_outs=0 (0x0/0x0/0x0/0x0/0x0)
[    0.738586] snd_hda_codec_generic hdaudioC0D0:    hp_outs=1 (0x19/0x0/0x0/0x0/0x0)
[    0.738588] snd_hda_codec_generic hdaudioC0D0:    mono: mono_out=0x0
[    0.738590] snd_hda_codec_generic hdaudioC0D0:    inputs:
[    0.738593] snd_hda_codec_generic hdaudioC0D0:      Internal Mic=0x23
[    0.738596] snd_hda_codec_generic hdaudioC0D0:      Mic=0x1b
[    0.742491] snd_hda_codec_generic hdaudioC0D3: ignore pin 0x7, too many assigned pins
[    0.743018] i915 0000:00:02.0: fb0: inteldrmfb frame buffer device
[    0.743724] snd_hda_codec_generic hdaudioC0D3: autoconfig for Generic: line_outs=0 (0x0/0x0/0x0/0x0/0x0) type:line
[    0.819188] snd_hda_codec_generic hdaudioC0D3:    speaker_outs=0 (0x0/0x0/0x0/0x0/0x0)
[    0.820070] snd_hda_codec_generic hdaudioC0D3:    hp_outs=0 (0x0/0x0/0x0/0x0/0x0)
[    0.820931] snd_hda_codec_generic hdaudioC0D3:    mono: mono_out=0x0
[    0.821787] snd_hda_codec_generic hdaudioC0D3:    dig-out=0x5/0x6
[    0.822630] snd_hda_codec_generic hdaudioC0D3:    inputs:
[    0.823793] scsi 0:0:0:0: Direct-Access     ATA      Hitachi HTS54505 A7J0 PQ: 0 ANSI: 5
[    0.826217] sd 0:0:0:0: [sda] 976773168 512-byte logical blocks: (500 GB/466 GiB)
[    0.826246] sd 0:0:0:0: Attached scsi generic sg0 type 0
[    0.827577] sd 0:0:0:0: [sda] 4096-byte physical blocks
[    0.829892] sd 0:0:0:0: [sda] Write Protect is off
[    0.830423] input: HDA Intel PCH Mic as /devices/pci0000:00/0000:00:1b.0/sound/card0/input9
[    0.830905] sd 0:0:0:0: [sda] Mode Sense: 00 3a 00 00
[    0.831869] sd 0:0:0:0: [sda] Write cache: enabled, read cache: enabled, doesn't support DPO or FUA
[    0.832911] input: HDA Intel PCH Headphone as /devices/pci0000:00/0000:00:1b.0/sound/card0/input10
[    0.834391] input: HDA Intel PCH HDMI as /devices/pci0000:00/0000:00:1b.0/sound/card0/input11
[    0.835662] input: HDA Intel PCH HDMI as /devices/pci0000:00/0000:00:1b.0/sound/card0/input12
[    0.868225]  sda: sda1 sda2 sda3 sda4
[    0.870943] sd 0:0:0:0: [sda] Attached SCSI disk
[    0.936128] usb 1-1: new high-speed USB device number 2 using ehci-pci
[    0.952149] usb 2-1: new high-speed USB device number 2 using ehci-pci
[    1.092926] usb 1-1: New USB device found, idVendor=8087, idProduct=0024
[    1.093838] usb 1-1: New USB device strings: Mfr=0, Product=0, SerialNumber=0
[    1.095342] hub 1-1:1.0: USB hub found
[    1.096516] hub 1-1:1.0: 6 ports detected
[    1.108990] usb 2-1: New USB device found, idVendor=8087, idProduct=0024
[    1.110302] usb 2-1: New USB device strings: Mfr=0, Product=0, SerialNumber=0
[    1.112091] hub 2-1:1.0: USB hub found
[    1.114101] hub 2-1:1.0: 8 ports detected
[    1.144153] ata2: SATA link down (SStatus 0 SControl 300)
[    1.216284] tsc: Refined TSC clocksource calibration: 2491.740 MHz
[    1.219128] clocksource: tsc: mask: 0xffffffffffffffff max_cycles: 0x23eabed2ecf, max_idle_ns: 440795285624 ns
[    1.222335] clocksource: Switched to clocksource tsc
[    1.384017] usb 1-1.3: new full-speed USB device number 3 using ehci-pci
[    1.408140] usb 2-1.1: new high-speed USB device number 3 using ehci-pci
[    1.464179] ata5: SATA link down (SStatus 0 SControl 300)
[    1.494894] usb 1-1.3: New USB device found, idVendor=147e, idProduct=2016
[    1.498102] usb 1-1.3: New USB device strings: Mfr=1, Product=2, SerialNumber=0
[    1.501131] usb 1-1.3: Product: Biometric Coprocessor
[    1.502329] usb 1-1.3: Manufacturer: UPEK
[    1.522536] usb 2-1.1: New USB device found, idVendor=05e3, idProduct=0608
[    1.524454] usb 2-1.1: New USB device strings: Mfr=0, Product=1, SerialNumber=0
[    1.526338] usb 2-1.1: Product: USB2.0 Hub
[    1.529338] hub 2-1.1:1.0: USB hub found
[    1.531632] hub 2-1.1:1.0: 4 ports detected
[    1.588126] usb 1-1.6: new high-speed USB device number 4 using ehci-pci
[    1.612165] usb 2-1.2: new low-speed USB device number 4 using ehci-pci
[    1.628964] psmouse serio1: synaptics: queried max coordinates: x [..5472], y [..4448]
[    1.712260] psmouse serio1: synaptics: Touchpad model: 1, fw: 8.0, id: 0x1e2b1, caps: 0xd001a3/0x940300/0x120c00/0x0, board id: 1611, fw id: 774180
[    1.712306] usb 1-1.6: New USB device found, idVendor=04f2, idProduct=b217
[    1.718768] psmouse serio1: synaptics: serio: Synaptics pass-through port at isa0060/serio1/input0
[    1.720574] usb 1-1.6: New USB device strings: Mfr=1, Product=2, SerialNumber=0
[    1.720578] usb 1-1.6: Product: Integrated Camera
[    1.720581] usb 1-1.6: Manufacturer: Chicony Electronics Co., Ltd.
[    1.729674] uvcvideo: Found UVC 1.00 device Integrated Camera (04f2:b217)
[    1.734569] uvcvideo 1-1.6:1.0: Entity type for entity Extension 3 was not initialized!
[    1.735484] uvcvideo 1-1.6:1.0: Entity type for entity Processing 2 was not initialized!
[    1.736373] uvcvideo 1-1.6:1.0: Entity type for entity Camera 1 was not initialized!
[    1.749367] usb 2-1.2: New USB device found, idVendor=06a3, idProduct=053f
[    1.750289] usb 2-1.2: New USB device strings: Mfr=1, Product=2, SerialNumber=3
[    1.751135] usb 2-1.2: Product: Saitek X36
[    1.751954] usb 2-1.2: Manufacturer: Saitek
[    1.752834] usb 2-1.2: SerialNumber: 00103464
[    1.772586] input: SynPS/2 Synaptics TouchPad as /devices/platform/i8042/serio1/input/input8
[    1.795222] input: Saitek Saitek X36 as /devices/pci0000:00/0000:00:1d.0/usb2/2-1/2-1.2/2-1.2:1.0/0003:06A3:053F.0001/input/input14
[    1.800633] hid-generic 0003:06A3:053F.0001: input,hidraw0: USB HID v1.00 Joystick [Saitek Saitek X36] on usb-0000:00:1d.0-1.2/input0
[    1.820150] usb 2-1.1.1: new high-speed USB device number 5 using ehci-pci
[    1.933432] usb 2-1.1.1: New USB device found, idVendor=1a40, idProduct=0101
[    1.937076] usb 2-1.1.1: New USB device strings: Mfr=0, Product=1, SerialNumber=0
[    1.940665] usb 2-1.1.1: Product: USB 2.0 Hub
[    1.944898] hub 2-1.1.1:1.0: USB hub found
[    1.946167] hub 2-1.1.1:1.0: 4 ports detected
[    2.028119] usb 2-1.1.2: new high-speed USB device number 6 using ehci-pci
[    2.140764] usb 2-1.1.2: New USB device found, idVendor=058f, idProduct=6254
[    2.144255] usb 2-1.1.2: New USB device strings: Mfr=0, Product=0, SerialNumber=0
[    2.148688] hub 2-1.1.2:1.0: USB hub found
[    2.152466] hub 2-1.1.2:1.0: 4 ports detected
[    2.236163] usb 2-1.1.4: new high-speed USB device number 7 using ehci-pci
[    2.514208] psmouse serio2: trackpoint: IBM TrackPoint firmware: 0x0e, buttons: 3/3
[    2.775825] input: TPPS/2 IBM TrackPoint as /devices/platform/i8042/serio1/serio2/input/input13
[    2.928194] PM: Image not found (code -22)
[    2.928247] ALSA device list:
[    2.929146]   #0: HDA Intel PCH at 0xf2520000 irq 22
[    2.930241] md: Waiting for all devices to be available before autodetect
[    2.931113] md: If you don't use raid, use raid=noautodetect
[    2.932434] md: Autodetecting RAID arrays.
[    2.933294] md: autorun ...
[    2.934103] md: ... autorun DONE.
[    2.954631] EXT4-fs (sda4): couldn't mount as ext3 due to feature incompatibilities
[    2.989038] EXT4-fs (sda4): mounted filesystem with ordered data mode. Opts: (null)
[    2.989917] VFS: Mounted root (ext4 filesystem) readonly on device 8:4.
[    3.008472] devtmpfs: mounted
[    3.010215] Freeing unused kernel memory: 1004K
[    3.011047] Write protecting the kernel read-only data: 24576k
[    3.012853] Freeing unused kernel memory: 2008K
[    3.015621] Freeing unused kernel memory: 904K
[    3.022844] x86/mm: Checked W+X mappings: passed, no W+X pages found.
[    3.023682] x86/mm: Checking user space page tables
[    3.031102] x86/mm: Checked W+X mappings: passed, no W+X pages found.
[    3.031942] rodata_test: all tests were successful
[    3.844149] systemd[1]: systemd 215 running in system mode. (+PAM +AUDIT +SELINUX +IMA +SYSVINIT +LIBCRYPTSETUP +GCRYPT +ACL +XZ -SECCOMP -APPARMOR)
[    3.864414] systemd[1]: Detected architecture 'x86-64'.
[    4.114826] systemd[1]: Failed to insert module 'ipv6'
[    4.123895] systemd[1]: Set hostname to <duo>.
[    5.306185] random: crng init done
[    6.364223] systemd[1]: Binding to IPv6 address not available since kernel does not support IPv6.
[    6.367489] systemd[1]: [/lib/systemd/system/gpsd.socket:6] Failed to parse address value, ignoring: [::1]:2947
[    6.426235] systemd[1]: Starting Forward Password Requests to Wall Directory Watch.
[    6.430480] systemd[1]: Started Forward Password Requests to Wall Directory Watch.
[    6.433848] systemd[1]: Starting Remote File Systems (Pre).
[    6.439223] systemd[1]: Reached target Remote File Systems (Pre).
[    7.476151] usb 2-1.1.4: device descriptor read/64, error -110
[    7.877312] systemd-udevd[2437]: starting version 215
[    9.911889] e1000e 0000:00:19.0 eth2: renamed from eth0
[    9.940322] systemd-udevd[2511]: renamed network interface eth0 to eth2
[   10.034988] iwlwifi 0000:03:00.0 wlan1: renamed from wlan0
[   10.072261] systemd-udevd[2519]: renamed network interface wlan0 to wlan1
[   10.933270] EXT4-fs (sda4): re-mounted. Opts: errors=remount-ro
[   14.132511] Adding 1681428k swap on /dev/sda1.  Priority:-2 extents:1 across:1681428k 
[   15.549329] EXT4-fs (sda2): mounted filesystem with ordered data mode. Opts: errors=remount-ro
[   15.802410] systemd-journald[2432]: Received request to flush runtime journal from PID 1
[   23.092145] usb 2-1.1.4: device descriptor read/64, error -110
[   23.300102] usb 2-1.1.1.1: new low-speed USB device number 8 using ehci-pci
[   23.436855] usb 2-1.1.1.1: New USB device found, idVendor=046d, idProduct=c05a
[   23.439165] usb 2-1.1.1.1: New USB device strings: Mfr=1, Product=2, SerialNumber=0
[   23.441543] usb 2-1.1.1.1: Product: USB Optical Mouse
[   23.444341] usb 2-1.1.1.1: Manufacturer: Logitech
[   23.448524] input: Logitech USB Optical Mouse as /devices/pci0000:00/0000:00:1d.0/usb2/2-1/2-1.1/2-1.1.1/2-1.1.1.1/2-1.1.1.1:1.0/0003:046D:C05A.0002/input/input15
[   23.450671] hid-generic 0003:046D:C05A.0002: input,hidraw1: USB HID v1.11 Mouse [Logitech USB Optical Mouse] on usb-0000:00:1d.0-1.1.1.1/input0
[   23.516103] usb 2-1.1.2.4: new full-speed USB device number 9 using ehci-pci
[   23.629511] usb 2-1.1.2.4: New USB device found, idVendor=0557, idProduct=2008
[   23.632509] usb 2-1.1.2.4: New USB device strings: Mfr=1, Product=2, SerialNumber=0
[   23.634296] usb 2-1.1.2.4: Product: USB-Serial Controller D
[   23.636084] usb 2-1.1.2.4: Manufacturer: Prolific Technology Inc. 
[   23.638750] pl2303 2-1.1.2.4:1.0: pl2303 converter detected
[   23.642715] usb 2-1.1.2.4: pl2303 converter now attached to ttyUSB0
[   23.712107] usb 2-1.1.4: new high-speed USB device number 10 using ehci-pci
[   28.980088] usb 2-1.1.4: device descriptor read/64, error -110
[   29.856144] NFSD: Using /var/lib/nfs/v4recovery as the NFSv4 state recovery directory
[   29.892225] NFSD: starting 90-second grace period (net f0000099)
[   33.594517] e1000e: eth2 NIC Link is Up 100 Mbps Full Duplex, Flow Control: Rx/Tx
[   33.594538] e1000e 0000:00:19.0 eth2: 10/100 speed: disabling TSO
[   44.596115] usb 2-1.1.4: device descriptor read/64, error -110
[   44.704392] usb 2-1.1-port4: attempt power cycle
[   44.804154] usb 2-1.1.1.3: new low-speed USB device number 11 using ehci-pci
[   44.940959] usb 2-1.1.1.3: New USB device found, idVendor=04f2, idProduct=0111
[   44.940977] usb 2-1.1.1.3: New USB device strings: Mfr=1, Product=2, SerialNumber=0
[   44.940986] usb 2-1.1.1.3: Product: USB Keyboard
[   44.940995] usb 2-1.1.1.3: Manufacturer: Chicony
[   44.948367] input: Chicony USB Keyboard as /devices/pci0000:00/0000:00:1d.0/usb2/2-1/2-1.1/2-1.1.1/2-1.1.1.3/2-1.1.1.3:1.0/0003:04F2:0111.0003/input/input16
[   45.009219] hid-generic 0003:04F2:0111.0003: input,hidraw2: USB HID v1.10 Keyboard [Chicony USB Keyboard] on usb-0000:00:1d.0-1.1.1.3/input0
[   45.016864] input: Chicony USB Keyboard as /devices/pci0000:00/0000:00:1d.0/usb2/2-1/2-1.1/2-1.1.1/2-1.1.1.3/2-1.1.1.3:1.1/0003:04F2:0111.0004/input/input17
[   45.076723] hid-generic 0003:04F2:0111.0004: input,hiddev96,hidraw3: USB HID v1.10 Device [Chicony USB Keyboard] on usb-0000:00:1d.0-1.1.1.3/input1
[   45.308090] usb 2-1.1.4: new high-speed USB device number 12 using ehci-pci
[   55.985102] usb 2-1.1.4: device not accepting address 12, error -110
[   56.065070] usb 2-1.1.4: new high-speed USB device number 13 using ehci-pci
[   66.737116] usb 2-1.1.4: device not accepting address 13, error -110
[   66.737513] usb 2-1.1-port4: unable to enumerate USB device
[  218.697144] usb 2-1.1.4: new high-speed USB device number 14 using ehci-pci
[  218.807442] usb 2-1.1.4: New USB device found, idVendor=0421, idProduct=01c8
[  218.807462] usb 2-1.1.4: New USB device strings: Mfr=1, Product=2, SerialNumber=0
[  218.807472] usb 2-1.1.4: Product: N900 (PC-Suite Mode)
[  218.807482] usb 2-1.1.4: Manufacturer: Nokia
[  218.814806] cdc_acm 2-1.1.4:1.6: ttyACM0: USB ACM device
[  218.818458] cdc_ether 2-1.1.4:1.8 usb0: register 'cdc_ether' at usb-0000:00:1d.0-1.1.4, CDC Ethernet Device, 56:07:2a:1c:dc:91
[  218.819359] usb-storage 2-1.1.4:1.10: USB Mass Storage device detected
[  218.819833] scsi host6: usb-storage 2-1.1.4:1.10
[  219.839280] scsi 6:0:0:0: Direct-Access     Nokia    N900             0414 PQ: 0 ANSI: 2
[  219.842425] sd 6:0:0:0: Power-on or device reset occurred
[  219.844021] sd 6:0:0:0: Attached scsi generic sg1 type 0
[  219.846898] sd 6:0:0:0: [sdb] Attached SCSI removable disk
[  219.848606] scsi 6:0:0:1: Direct-Access     Nokia    N900             0414 PQ: 0 ANSI: 2
[  219.850637] sd 6:0:0:1: Power-on or device reset occurred
[  219.850956] sd 6:0:0:1: Attached scsi generic sg2 type 0
[  219.854163] sd 6:0:0:1: [sdc] Attached SCSI removable disk
[  240.353293] cdc_acm 2-1.1.4:1.6: failed to set dtr/rts
[  245.729324] cdc_acm 2-1.1.4:1.6: failed to set dtr/rts
[  266.209265] cdc_acm 2-1.1.4:1.6: failed to set dtr/rts
[  266.277110] cdc_ether 2-1.1.4:1.8 usb0: unregister 'cdc_ether' usb-0000:00:1d.0-1.1.4, CDC Ethernet Device
[  271.409128] usb 2-1.1.4: reset high-speed USB device number 14 using ehci-pci
[  276.529156] usb 2-1.1.4: device descriptor read/64, error -110
[  292.145156] usb 2-1.1.4: device descriptor read/64, error -110
[  292.333148] usb 2-1.1.4: reset high-speed USB device number 14 using ehci-pci
[  297.521155] usb 2-1.1.4: device descriptor read/64, error -110
[  313.137156] usb 2-1.1.4: device descriptor read/64, error -110
[  313.325155] usb 2-1.1.4: reset high-speed USB device number 14 using ehci-pci
[  318.853177] usb 2-1.1.4: device not accepting address 14, error -71
[  319.539225] cdc_acm 2-1.1.4:1.6: ttyACM1: USB ACM device
[  319.542209] usb 2-1.1.4: USB disconnect, device number 14
[  321.105153] usb 2-1.1.4: new high-speed USB device number 15 using ehci-pci
[  321.215915] usb 2-1.1.4: New USB device found, idVendor=0421, idProduct=01c8
[  321.215934] usb 2-1.1.4: New USB device strings: Mfr=1, Product=2, SerialNumber=0
[  321.215945] usb 2-1.1.4: Product: N900 (PC-Suite Mode)
[  321.215954] usb 2-1.1.4: Manufacturer: Nokia
[  321.222784] cdc_acm 2-1.1.4:1.6: ttyACM1: USB ACM device
[  321.227069] cdc_ether 2-1.1.4:1.8 usb0: register 'cdc_ether' at usb-0000:00:1d.0-1.1.4, CDC Ethernet Device, 56:07:2a:1c:dc:91
[  321.227832] usb-storage 2-1.1.4:1.10: USB Mass Storage device detected
[  321.228041] scsi host6: usb-storage 2-1.1.4:1.10
[  322.238756] scsi 6:0:0:0: Direct-Access     Nokia    N900             0414 PQ: 0 ANSI: 2
[  322.240818] sd 6:0:0:0: Attached scsi generic sg1 type 0
[  322.241645] sd 6:0:0:0: Power-on or device reset occurred
[  322.243694] scsi 6:0:0:1: Direct-Access     Nokia    N900             0414 PQ: 0 ANSI: 2
[  322.244416] sd 6:0:0:1: Attached scsi generic sg2 type 0
[  322.244997] sd 6:0:0:0: [sdb] Attached SCSI removable disk
[  322.246612] sd 6:0:0:1: Power-on or device reset occurred
[  322.249874] sd 6:0:0:1: [sdc] Attached SCSI removable disk
[  342.497310] cdc_acm 2-1.1.4:1.6: failed to set dtr/rts
[  347.873219] cdc_acm 2-1.1.4:1.6: failed to set dtr/rts
[  368.353182] cdc_acm 2-1.1.4:1.6: failed to set dtr/rts
[  368.421093] cdc_ether 2-1.1.4:1.8 usb0: unregister 'cdc_ether' usb-0000:00:1d.0-1.1.4, CDC Ethernet Device
[  373.809116] usb 2-1.1.4: reset high-speed USB device number 15 using ehci-pci
[  378.929109] usb 2-1.1.4: device descriptor read/64, error -110
[  394.545139] usb 2-1.1.4: device descriptor read/64, error -110
[  394.737157] usb 2-1.1.4: reset high-speed USB device number 15 using ehci-pci
[  399.921138] usb 2-1.1.4: device descriptor read/64, error -110
[  415.537171] usb 2-1.1.4: device descriptor read/64, error -110
[  415.725123] usb 2-1.1.4: reset high-speed USB device number 15 using ehci-pci
[  426.417152] usb 2-1.1.4: device not accepting address 15, error -110
[  426.497160] usb 2-1.1.4: reset high-speed USB device number 15 using ehci-pci
[  437.169157] usb 2-1.1.4: device not accepting address 15, error -110
[  437.170298] cdc_acm 2-1.1.4:1.6: ttyACM2: USB ACM device
[  437.177079] usb 2-1.1.4: USB disconnect, device number 15
[  437.381099] usb 2-1.1.4: new high-speed USB device number 16 using ehci-pci
[  442.673087] usb 2-1.1.4: device descriptor read/64, error -110
[  458.289155] usb 2-1.1.4: device descriptor read/64, error -110
[  458.477147] usb 2-1.1.4: new high-speed USB device number 17 using ehci-pci
[  463.665156] usb 2-1.1.4: device descriptor read/64, error -110
[  479.281159] usb 2-1.1.4: device descriptor read/64, error -110
[  479.389478] usb 2-1.1-port4: attempt power cycle
[  479.993188] usb 2-1.1.4: new high-speed USB device number 18 using ehci-pci
[  490.673067] usb 2-1.1.4: device not accepting address 18, error -110
[  490.753138] usb 2-1.1.4: new high-speed USB device number 19 using ehci-pci
[  501.425100] usb 2-1.1.4: device not accepting address 19, error -110
[  501.425522] usb 2-1.1-port4: unable to enumerate USB device
[ 2336.137129] PM: suspend entry (deep)
[ 2336.137142] PM: Syncing filesystems ... done.
[ 2336.289546] Freezing user space processes ... (elapsed 0.007 seconds) done.
[ 2336.297214] OOM killer disabled.
[ 2336.297217] Freezing remaining freezable tasks ... (elapsed 0.003 seconds) done.
[ 2336.301106] Suspending console(s) (use no_console_suspend to debug)
[ 2336.497168] sd 0:0:0:0: [sda] Synchronizing SCSI cache
[ 2336.497477] sd 0:0:0:0: [sda] Stopping disk
[ 2336.573872] e1000e: EEE TX LPI TIMER: 00000011
[ 2337.087282] PM: suspend devices took 0.784 seconds
[ 2337.165659] ACPI: Preparing to enter system sleep state S3
[ 2337.509125] ACPI: EC: event blocked
[ 2337.509130] ACPI: EC: EC stopped
[ 2337.509135] PM: Saving platform NVS memory
[ 2337.509162] Disabling non-boot CPUs ...
[ 2337.528989] smpboot: CPU 1 is now offline
[ 2337.559629] smpboot: CPU 2 is now offline
[ 2337.582568] IRQ 19: no longer affine to CPU3
[ 2337.583609] smpboot: CPU 3 is now offline
[ 2337.586222] ACPI: Low-level resume complete
[ 2337.586290] ACPI: EC: EC started
[ 2337.586292] PM: Restoring platform NVS memory
[ 2337.586655] Enabling non-boot CPUs ...
[ 2337.587485] x86: Booting SMP configuration:
[ 2337.587487] smpboot: Booting Node 0 Processor 1 APIC 0x1
[ 2337.587784] Disabled fast string operations
[ 2337.682936]  cache: parent cpu1 should not be sleeping
[ 2337.683369] CPU1 is up
[ 2337.684250] smpboot: Booting Node 0 Processor 2 APIC 0x2
[ 2337.684493] Disabled fast string operations
[ 2337.782930]  cache: parent cpu2 should not be sleeping
[ 2337.783412] CPU2 is up
[ 2337.784965] smpboot: Booting Node 0 Processor 3 APIC 0x3
[ 2337.785412] Disabled fast string operations
[ 2337.882931]  cache: parent cpu3 should not be sleeping
[ 2337.883561] CPU3 is up
[ 2337.890264] ACPI: Waking up from system sleep state S3
[ 2338.523372] sdhci-pci 0000:0d:00.0: MMC controller base frequency changed to 50Mhz.
[ 2338.560625] iwlwifi 0000:03:00.0: RF_KILL bit toggled to disable radio.
[ 2338.561233] ACPI: button: The lid device is not compliant to SW_LID.
[ 2338.561320] ACPI: EC: event unblocked
[ 2338.564026] sd 0:0:0:0: [sda] Starting disk
[ 2338.806989] usb 1-1.3: reset full-speed USB device number 3 using ehci-pci
[ 2338.894843] ata5: SATA link down (SStatus 0 SControl 300)
[ 2338.894903] ata2: SATA link down (SStatus 0 SControl 300)
[ 2338.994850] usb 1-1.6: reset high-speed USB device number 4 using ehci-pci
[ 2339.514890] psmouse serio1: synaptics: queried max coordinates: x [..5472], y [..4448]
[ 2339.738843] ata1: SATA link up 1.5 Gbps (SStatus 113 SControl 300)
[ 2339.740473] ata1.00: ACPI cmd ef/02:00:00:00:00:a0 (SET FEATURES) succeeded
[ 2339.740482] ata1.00: ACPI cmd f5/00:00:00:00:00:a0 (SECURITY FREEZE LOCK) filtered out
[ 2339.740488] ata1.00: ACPI cmd ef/10:03:00:00:00:a0 (SET FEATURES) filtered out
[ 2339.743473] ata1.00: ACPI cmd ef/02:00:00:00:00:a0 (SET FEATURES) succeeded
[ 2339.743481] ata1.00: ACPI cmd f5/00:00:00:00:00:a0 (SECURITY FREEZE LOCK) filtered out
[ 2339.743487] ata1.00: ACPI cmd ef/10:03:00:00:00:a0 (SET FEATURES) filtered out
[ 2339.744626] ata1.00: configured for UDMA/133
[ 2339.768844] PM: resume devices took 1.208 seconds
[ 2339.769677] OOM killer enabled.
[ 2339.769688] Restarting tasks ... 
[ 2339.769713] ACPI: \_SB_.PCI0.LPC_.EC__.BAT1: docking
[ 2339.770275] ACPI: \_SB_.PCI0.LPC_.EC__.BAT1: Unable to dock!
[ 2339.778637] done.
[ 2339.795707] PM: suspend exit
[ 2339.862872] usb 2-1.1.4: new high-speed USB device number 20 using ehci-pci
[ 2339.943654] e1000e: eth2 NIC Link is Down
[ 2341.920980] e1000e: eth2 NIC Link is Up 100 Mbps Full Duplex, Flow Control: Rx/Tx
[ 2345.010740] usb 2-1.1.4: device descriptor read/64, error -110
[ 2360.622839] usb 2-1.1.4: device descriptor read/64, error -110
[ 2360.814705] usb 2-1.1.4: new high-speed USB device number 21 using ehci-pci
[ 2365.996147] usb 2-1.1.4: device descriptor read/64, error -110
[ 2381.604312] usb 2-1.1.4: device descriptor read/64, error -110
[ 2381.712849] usb 2-1.1-port4: attempt power cycle
[ 2382.315950] usb 2-1.1.4: new high-speed USB device number 22 using ehci-pci
[ 2392.990653] usb 2-1.1.4: device not accepting address 22, error -110
[ 2393.070534] usb 2-1.1.4: new high-speed USB device number 23 using ehci-pci
[ 2403.737216] usb 2-1.1.4: device not accepting address 23, error -110
[ 2403.737680] usb 2-1.1-port4: unable to enumerate USB device
[ 2774.039914] PM: suspend entry (deep)
[ 2774.039921] PM: Syncing filesystems ... done.
[ 2774.277531] Freezing user space processes ... (elapsed 0.006 seconds) done.
[ 2774.284260] OOM killer disabled.
[ 2774.284269] Freezing remaining freezable tasks ... (elapsed 0.003 seconds) done.
[ 2774.288175] Suspending console(s) (use no_console_suspend to debug)
[ 2774.483991] sd 0:0:0:0: [sda] Synchronizing SCSI cache
[ 2774.484317] sd 0:0:0:0: [sda] Stopping disk
[ 2774.562438] e1000e: EEE TX LPI TIMER: 00000011
[ 2775.069870] PM: suspend devices took 0.780 seconds
[ 2775.140071] ACPI: Preparing to enter system sleep state S3
[ 2775.483470] ACPI: EC: event blocked
[ 2775.483475] ACPI: EC: EC stopped
[ 2775.483481] PM: Saving platform NVS memory
[ 2775.483510] Disabling non-boot CPUs ...
[ 2775.502630] smpboot: CPU 1 is now offline
[ 2775.525892] smpboot: CPU 2 is now offline
[ 2775.541727] smpboot: CPU 3 is now offline
[ 2775.544296] ACPI: Low-level resume complete
[ 2775.544363] ACPI: EC: EC started
[ 2775.544365] PM: Restoring platform NVS memory
[ 2775.544675] Enabling non-boot CPUs ...
[ 2775.545507] x86: Booting SMP configuration:
[ 2775.545509] smpboot: Booting Node 0 Processor 1 APIC 0x1
[ 2775.545800] Disabled fast string operations
[ 2775.641122]  cache: parent cpu1 should not be sleeping
[ 2775.641548] CPU1 is up
[ 2775.643982] smpboot: Booting Node 0 Processor 2 APIC 0x2
[ 2775.644692] Disabled fast string operations
[ 2775.745068]  cache: parent cpu2 should not be sleeping
[ 2775.745559] CPU2 is up
[ 2775.747998] smpboot: Booting Node 0 Processor 3 APIC 0x3
[ 2775.748704] Disabled fast string operations
[ 2775.845015]  cache: parent cpu3 should not be sleeping
[ 2775.845630] CPU3 is up
[ 2775.851160] ACPI: Waking up from system sleep state S3
[ 2776.485034] sdhci-pci 0000:0d:00.0: MMC controller base frequency changed to 50Mhz.
[ 2776.522104] iwlwifi 0000:03:00.0: RF_KILL bit toggled to disable radio.
[ 2776.523138] ACPI: EC: event unblocked
[ 2776.524015] sd 0:0:0:0: [sda] Starting disk
[ 2776.772422] usb 1-1.6: reset high-speed USB device number 4 using ehci-pci
[ 2776.856429] ata2: SATA link down (SStatus 0 SControl 300)
[ 2776.860409] ata5: SATA link down (SStatus 0 SControl 300)
[ 2776.964464] usb 1-1.3: reset full-speed USB device number 3 using ehci-pci
[ 2777.464896] psmouse serio1: synaptics: queried max coordinates: x [..5472], y [..4448]
[ 2777.696018] ata1: SATA link up 1.5 Gbps (SStatus 113 SControl 300)
[ 2777.697724] ata1.00: ACPI cmd ef/02:00:00:00:00:a0 (SET FEATURES) succeeded
[ 2777.697735] ata1.00: ACPI cmd f5/00:00:00:00:00:a0 (SECURITY FREEZE LOCK) filtered out
[ 2777.697741] ata1.00: ACPI cmd ef/10:03:00:00:00:a0 (SET FEATURES) filtered out
[ 2777.700740] ata1.00: ACPI cmd ef/02:00:00:00:00:a0 (SET FEATURES) succeeded
[ 2777.700749] ata1.00: ACPI cmd f5/00:00:00:00:00:a0 (SECURITY FREEZE LOCK) filtered out
[ 2777.700755] ata1.00: ACPI cmd ef/10:03:00:00:00:a0 (SET FEATURES) filtered out
[ 2777.701859] ata1.00: configured for UDMA/133
[ 2777.723107] PM: resume devices took 1.200 seconds
[ 2777.723932] OOM killer enabled.
[ 2777.723943] Restarting tasks ... done.
[ 2777.752821] PM: suspend exit
[ 2777.811922] usb 2-1.1.4: new high-speed USB device number 24 using ehci-pci
[ 2777.888735] e1000e: eth2 NIC Link is Down
[ 2779.841085] e1000e: eth2 NIC Link is Up 100 Mbps Full Duplex, Flow Control: Rx/Tx
[ 2783.073323] usb 2-1.1.4: device descriptor read/64, error -110
[ 2798.677458] usb 2-1.1.4: device descriptor read/64, error -110
[ 2798.869302] usb 2-1.1.4: new high-speed USB device number 25 using ehci-pci
[ 2804.050766] usb 2-1.1.4: device descriptor read/64, error -110
[ 2819.659031] usb 2-1.1.4: device descriptor read/64, error -110
[ 2819.767426] usb 2-1.1-port4: attempt power cycle
[ 2820.370684] usb 2-1.1.4: new high-speed USB device number 26 using ehci-pci
[ 2831.045342] usb 2-1.1.4: device not accepting address 26, error -110
[ 2831.125225] usb 2-1.1.4: new high-speed USB device number 27 using ehci-pci
[ 2841.791953] usb 2-1.1.4: device not accepting address 27, error -110
[ 2841.792459] usb 2-1.1-port4: unable to enumerate USB device
[ 4883.030845] perf: interrupt took too long (2529 > 2500), lowering kernel.perf_event_max_sample_rate to 79000
[ 6214.609368] perf: interrupt took too long (3219 > 3161), lowering kernel.perf_event_max_sample_rate to 62000
[ 9198.193238] perf: interrupt took too long (4041 > 4023), lowering kernel.perf_event_max_sample_rate to 49250
[ 9610.333883] threaded-ml[8331]: segfault at 14 ip 0000000056c6e1ef sp 00000000e9bf6ec0 error 4 in chromium[56633000+862f000]
[10345.650320] mmap: chromium (21628): VmData 2147516416 exceed data ulimit 2147483647. Update limits or use boot option ignore_rlimit_data.
[13357.347064] fgfs[24470]: segfault at 8b58308 ip 0000000008b58308 sp 00000000ffd2ed5c error 15
[16742.908473] fgfs[32749]: segfault at 8b58308 ip 0000000008b58308 sp 00000000ff8daaac error 15
[16961.726080] fgfs[462]: segfault at 8b58308 ip 0000000008b58308 sp 00000000ff849e3c error 15
[17262.716486] fgfs[595]: segfault at 8b58308 ip 0000000008b58308 sp 00000000ffd99ebc error 15
[18877.889590] e1000e: eth2 NIC Link is Down
[18881.764724] lo ate my IP address
[18881.764762] lo ate my IP address
[18881.764792] lo ate my IP address
[18881.764820] lo ate my IP address
[18881.883201] e1000e: eth2 NIC Link is Up 100 Mbps Full Duplex, Flow Control: Rx/Tx
[18918.177592] e1000e: eth2 NIC Link is Down
[18919.883401] e1000e: eth2 NIC Link is Up 100 Mbps Full Duplex, Flow Control: Rx/Tx
[19923.499252] PM: suspend entry (deep)
[19923.499273] PM: Syncing filesystems ... done.
[19924.526247] Freezing user space processes ... (elapsed 0.051 seconds) done.
[19924.577469] OOM killer disabled.
[19924.577480] Freezing remaining freezable tasks ... (elapsed 0.004 seconds) done.
[19924.581862] Suspending console(s) (use no_console_suspend to debug)
[19924.769242] sd 0:0:0:0: [sda] Synchronizing SCSI cache
[19924.769611] sd 0:0:0:0: [sda] Stopping disk
[19924.847738] e1000e: EEE TX LPI TIMER: 00000011
[19925.373229] PM: suspend devices took 0.792 seconds
[19925.449844] ACPI: Preparing to enter system sleep state S3
[19925.793216] ACPI: EC: event blocked
[19925.793222] ACPI: EC: EC stopped
[19925.793228] PM: Saving platform NVS memory
[19925.793257] Disabling non-boot CPUs ...
[19925.812870] smpboot: CPU 1 is now offline
[19925.836000] smpboot: CPU 2 is now offline
[19925.858788] IRQ 16: no longer affine to CPU3
[19925.858805] IRQ 23: no longer affine to CPU3
[19925.859854] smpboot: CPU 3 is now offline
[19925.863061] ACPI: Low-level resume complete
[19925.863139] ACPI: EC: EC started
[19925.863141] PM: Restoring platform NVS memory
[19925.863452] Enabling non-boot CPUs ...
[19925.864541] x86: Booting SMP configuration:
[19925.864543] smpboot: Booting Node 0 Processor 1 APIC 0x1
[19925.864829] Disabled fast string operations
[19925.962951]  cache: parent cpu1 should not be sleeping
[19925.963450] CPU1 is up
[19925.965812] smpboot: Booting Node 0 Processor 2 APIC 0x2
[19925.966298] Disabled fast string operations
[19926.066959]  cache: parent cpu2 should not be sleeping
[19926.067537] CPU2 is up
[19926.069743] smpboot: Booting Node 0 Processor 3 APIC 0x3
[19926.070191] Disabled fast string operations
[19926.166959]  cache: parent cpu3 should not be sleeping
[19926.167687] CPU3 is up
[19926.174424] ACPI: Waking up from system sleep state S3
[19926.811027] sdhci-pci 0000:0d:00.0: MMC controller base frequency changed to 50Mhz.
[19926.849106] iwlwifi 0000:03:00.0: RF_KILL bit toggled to disable radio.
[19926.849538] ACPI: EC: event unblocked
[19926.850984] sd 0:0:0:0: [sda] Starting disk
[19926.870330] e1000e 0000:00:19.0 eth2: PHY Wakeup cause - Magic Packet
[19927.094729] usb 1-1.3: reset full-speed USB device number 3 using ehci-pci
[19927.186821] ata5: SATA link down (SStatus 0 SControl 300)
[19927.186868] ata2: SATA link down (SStatus 0 SControl 300)
[19927.282830] usb 1-1.6: reset high-speed USB device number 4 using ehci-pci
[19927.808931] psmouse serio1: synaptics: queried max coordinates: x [..5472], y [..4448]
[19928.026829] ata1: SATA link up 1.5 Gbps (SStatus 113 SControl 300)
[19928.028627] ata1.00: ACPI cmd ef/02:00:00:00:00:a0 (SET FEATURES) succeeded
[19928.028636] ata1.00: ACPI cmd f5/00:00:00:00:00:a0 (SECURITY FREEZE LOCK) filtered out
[19928.028642] ata1.00: ACPI cmd ef/10:03:00:00:00:a0 (SET FEATURES) filtered out
[19928.031200] ata1.00: ACPI cmd ef/02:00:00:00:00:a0 (SET FEATURES) succeeded
[19928.031208] ata1.00: ACPI cmd f5/00:00:00:00:00:a0 (SECURITY FREEZE LOCK) filtered out
[19928.031214] ata1.00: ACPI cmd ef/10:03:00:00:00:a0 (SET FEATURES) filtered out
[19928.032344] ata1.00: configured for UDMA/133
[19928.056854] PM: resume devices took 1.208 seconds
[19928.057812] OOM killer enabled.
[19928.057825] Restarting tasks ... done.
[19928.084232] PM: suspend exit
[19928.816145] e1000e: eth2 NIC Link is Down
[19929.107923] lo ate my IP address
[19929.107957] lo ate my IP address
[19929.107994] lo ate my IP address
[19929.108021] lo ate my IP address
[19929.108178] lo ate my IP address
[19929.108239] lo ate my IP address
[19931.368920] e1000e: eth2 NIC Link is Up 100 Mbps Full Duplex, Flow Control: Rx/Tx
[21935.452720] perf: interrupt took too long (5054 > 5051), lowering kernel.perf_event_max_sample_rate to 39500
[28440.262487] fgfs[10171]: segfault at 8b58308 ip 0000000008b58308 sp 00000000ffc0f91c error 15
[28575.140079] fgfs[10560]: segfault at 8b58308 ip 0000000008b58308 sp 00000000ffd6933c error 15
[29514.953507] fgfs[10665]: segfault at 8b58308 ip 0000000008b58308 sp 00000000ffe8ae1c error 15
[30671.751812] mmc0: new high speed SDHC card at address 0003
[30671.758625] mmcblk0: mmc0:0003 SB08G 7.21 GiB 
[30671.763935]  mmcblk0: p1 p2
[30673.035055] EXT4-fs (mmcblk0p2): mounted filesystem with ordered data mode. Opts: (null)
[31928.140834] EXT4-fs (mmcblk0p2): mounted filesystem with ordered data mode. Opts: (null)
[32437.633115] PM: suspend entry (deep)
[32437.633135] PM: Syncing filesystems ... done.
[32438.126547] Freezing user space processes ... (elapsed 0.010 seconds) done.
[32438.137374] OOM killer disabled.
[32438.137378] Freezing remaining freezable tasks ... (elapsed 0.003 seconds) done.
[32438.141357] Suspending console(s) (use no_console_suspend to debug)
[32438.329307] sd 0:0:0:0: [sda] Synchronizing SCSI cache
[32438.332807] sd 0:0:0:0: [sda] Stopping disk
[32438.408569] e1000e: EEE TX LPI TIMER: 00000011
[32438.929428] PM: suspend devices took 0.788 seconds
[32439.009966] ACPI: Preparing to enter system sleep state S3
[32439.353460] ACPI: EC: event blocked
[32439.353467] ACPI: EC: EC stopped
[32439.353473] PM: Saving platform NVS memory
[32439.353502] Disabling non-boot CPUs ...
[32439.371911] smpboot: CPU 1 is now offline
[32439.396611] smpboot: CPU 2 is now offline
[32439.426690] IRQ 16: no longer affine to CPU3
[32439.426703] IRQ 19: no longer affine to CPU3
[32439.427748] smpboot: CPU 3 is now offline
[32439.430666] ACPI: Low-level resume complete
[32439.430735] ACPI: EC: EC started
[32439.430737] PM: Restoring platform NVS memory
[32439.431052] Enabling non-boot CPUs ...
[32439.431874] x86: Booting SMP configuration:
[32439.431876] smpboot: Booting Node 0 Processor 1 APIC 0x1
[32439.432181] Disabled fast string operations
[32439.527045]  cache: parent cpu1 should not be sleeping
[32439.527480] CPU1 is up
[32439.529925] smpboot: Booting Node 0 Processor 2 APIC 0x2
[32439.530634] Disabled fast string operations
[32439.627037]  cache: parent cpu2 should not be sleeping
[32439.627523] CPU2 is up
[32439.629983] smpboot: Booting Node 0 Processor 3 APIC 0x3
[32439.630689] Disabled fast string operations
[32439.727038]  cache: parent cpu3 should not be sleeping
[32439.727667] CPU3 is up
[32439.733394] ACPI: Waking up from system sleep state S3
[32440.367357] sdhci-pci 0000:0d:00.0: MMC controller base frequency changed to 50Mhz.
[32440.403759] iwlwifi 0000:03:00.0: RF_KILL bit toggled to disable radio.
[32440.404670] ACPI: EC: event unblocked
[32440.406300] sd 0:0:0:0: [sda] Starting disk
[32440.654965] usb 1-1.6: reset high-speed USB device number 4 using ehci-pci
[32440.742949] ata2: SATA link down (SStatus 0 SControl 300)
[32440.746934] ata5: SATA link down (SStatus 0 SControl 300)
[32440.851046] usb 1-1.3: reset full-speed USB device number 3 using ehci-pci
[32441.361629] psmouse serio1: synaptics: queried max coordinates: x [..5472], y [..4448]
[32441.526900] ata1: SATA link up 1.5 Gbps (SStatus 113 SControl 300)
[32441.528497] ata1.00: ACPI cmd ef/02:00:00:00:00:a0 (SET FEATURES) succeeded
[32441.528505] ata1.00: ACPI cmd f5/00:00:00:00:00:a0 (SECURITY FREEZE LOCK) filtered out
[32441.528511] ata1.00: ACPI cmd ef/10:03:00:00:00:a0 (SET FEATURES) filtered out
[32441.531394] ata1.00: ACPI cmd ef/02:00:00:00:00:a0 (SET FEATURES) succeeded
[32441.531402] ata1.00: ACPI cmd f5/00:00:00:00:00:a0 (SECURITY FREEZE LOCK) filtered out
[32441.531408] ata1.00: ACPI cmd ef/10:03:00:00:00:a0 (SET FEATURES) filtered out
[32441.532638] ata1.00: configured for UDMA/133
[32441.561778] PM: resume devices took 1.156 seconds
[32441.562470] OOM killer enabled.
[32441.562481] Restarting tasks ... done.
[32441.587461] PM: suspend exit
[32441.931923] e1000e: eth2 NIC Link is Down
[32442.001327] lo ate my IP address
[32442.001522] lo ate my IP address
[32442.001691] lo ate my IP address
[32442.001799] lo ate my IP address
[32442.011372] lo ate my IP address
[32442.011437] lo ate my IP address
[32442.011490] lo ate my IP address
[32442.011538] lo ate my IP address
[32442.596603] lo ate my IP address
[32442.596829] lo ate my IP address
[32442.596971] lo ate my IP address
[32442.597141] lo ate my IP address
[32442.597534] lo ate my IP address
[32442.597687] lo ate my IP address
[32443.973459] lo ate my IP address
[32443.973587] lo ate my IP address
[32443.973697] lo ate my IP address
[32443.973794] lo ate my IP address
[32444.349014] e1000e: eth2 NIC Link is Up 100 Mbps Full Duplex, Flow Control: Rx/Tx
[36290.939379] mmc0: card 0003 removed
[36375.363075] usb 2-1.1.4: new high-speed USB device number 28 using ehci-pci
[36375.472256] usb 2-1.1.4: unable to get BOS descriptor
[36375.473602] usb 2-1.1.4: New USB device found, idVendor=0421, idProduct=0106
[36375.473611] usb 2-1.1.4: New USB device strings: Mfr=34, Product=38, SerialNumber=0
[36375.473617] usb 2-1.1.4: Product: Nokia USB ROM
[36375.473624] usb 2-1.1.4: Manufacturer: Nokia
[36375.874394] usb 2-1.1.4: USB disconnect, device number 28
[36377.122887] usb 2-1.1.4: new high-speed USB device number 29 using ehci-pci
[36377.317062] usb 2-1.1.4: New USB device found, idVendor=0421, idProduct=0105
[36377.317072] usb 2-1.1.4: New USB device strings: Mfr=1, Product=2, SerialNumber=5
[36377.317077] usb 2-1.1.4: Product: Nokia N900 (Update mode)
[36377.317082] usb 2-1.1.4: Manufacturer: Nokia
[36377.317087] usb 2-1.1.4: SerialNumber: 4D554D333032393332
[36378.690581] usb 2-1.1.4: USB disconnect, device number 29
[37123.918968] usb 2-1.1.4: new high-speed USB device number 30 using ehci-pci
[37124.028452] usb 2-1.1.4: unable to get BOS descriptor
[37124.029883] usb 2-1.1.4: New USB device found, idVendor=0421, idProduct=0106
[37124.029895] usb 2-1.1.4: New USB device strings: Mfr=34, Product=38, SerialNumber=0
[37124.029903] usb 2-1.1.4: Product: Nokia USB ROM
[37124.029909] usb 2-1.1.4: Manufacturer: Nokia
[37124.462928] usb 2-1.1.4: USB disconnect, device number 30
[37125.454979] usb 2-1.1.4: new high-speed USB device number 31 using ehci-pci
[37125.649958] usb 2-1.1.4: New USB device found, idVendor=0421, idProduct=0105
[37125.649977] usb 2-1.1.4: New USB device strings: Mfr=1, Product=2, SerialNumber=5
[37125.649988] usb 2-1.1.4: Product: Nokia N900 (Update mode)
[37125.649998] usb 2-1.1.4: Manufacturer: Nokia
[37125.650007] usb 2-1.1.4: SerialNumber: 4D554D333032393332
[37127.279138] usb 2-1.1.4: USB disconnect, device number 31
[38962.110884] usb 2-1.1.4: new high-speed USB device number 32 using ehci-pci
[38962.220985] usb 2-1.1.4: unable to get BOS descriptor
[38962.222403] usb 2-1.1.4: New USB device found, idVendor=0421, idProduct=0106
[38962.222413] usb 2-1.1.4: New USB device strings: Mfr=34, Product=38, SerialNumber=0
[38962.222420] usb 2-1.1.4: Product: Nokia USB ROM
[38962.222426] usb 2-1.1.4: Manufacturer: Nokia
[38962.652458] usb 2-1.1.4: USB disconnect, device number 32
[38963.386873] usb 2-1.1.4: new high-speed USB device number 33 using ehci-pci
[38963.581961] usb 2-1.1.4: New USB device found, idVendor=0421, idProduct=0105
[38963.581980] usb 2-1.1.4: New USB device strings: Mfr=1, Product=2, SerialNumber=5
[38963.581991] usb 2-1.1.4: Product: Nokia N900 (Update mode)
[38963.582001] usb 2-1.1.4: Manufacturer: Nokia
[38963.582010] usb 2-1.1.4: SerialNumber: 4D554D333032393332
[38965.212602] usb 2-1.1.4: USB disconnect, device number 33
[38973.626905] usb 2-1.1.4: new high-speed USB device number 34 using ehci-pci
[38973.737020] usb 2-1.1.4: New USB device found, idVendor=0525, idProduct=a4a1
[38973.737040] usb 2-1.1.4: New USB device strings: Mfr=1, Product=2, SerialNumber=0
[38973.737051] usb 2-1.1.4: Product: Ethernet Gadget
[38973.737061] usb 2-1.1.4: Manufacturer: Linux 4.12.0-03002-gec979a4-dirty with musb-hdrc
[38973.746202] cdc_ether 2-1.1.4:1.0 usb0: register 'cdc_ether' at usb-0000:00:1d.0-1.1.4, CDC Ethernet Device, 0a:67:a1:2b:5e:8c
[39812.954262] usb 2-1.1.1: clear tt 1 (0080) error -71
[39812.958501] usb 2-1.1.1: clear tt 1 (00b0) error -71
[39812.962776] usb 2-1.1.1-port1: cannot reset (err = -71)
[39812.967286] usb 2-1.1.1-port1: cannot reset (err = -71)
[39812.971369] usb 2-1.1.1-port1: cannot reset (err = -71)
[39812.975620] usb 2-1.1.1-port1: cannot reset (err = -71)
[39812.979874] usb 2-1.1.1-port1: cannot reset (err = -71)
[39812.979887] usb 2-1.1.1-port1: Cannot enable. Maybe the USB cable is bad?
[39812.984121] usb 2-1.1.1-port1: cannot disable (err = -71)
[39812.988368] usb 2-1.1.1-port1: cannot reset (err = -71)
[39812.994067] usb 2-1.1.1-port1: cannot reset (err = -71)
[39812.998135] usb 2-1.1.1-port1: cannot reset (err = -71)
[39813.002383] usb 2-1.1.1-port1: cannot reset (err = -71)
[39813.006648] usb 2-1.1.1-port1: cannot reset (err = -71)
[39813.006661] usb 2-1.1.1-port1: Cannot enable. Maybe the USB cable is bad?
[39813.010897] usb 2-1.1.1-port1: cannot disable (err = -71)
[39813.015188] usb 2-1.1.1-port3: cannot reset (err = -71)
[39813.019376] usb 2-1.1.1-port3: cannot reset (err = -71)
[39813.023622] usb 2-1.1.1-port3: cannot reset (err = -71)
[39813.027878] usb 2-1.1.1-port3: cannot reset (err = -71)
[39813.032155] usb 2-1.1.1-port3: cannot reset (err = -71)
[39813.032176] usb 2-1.1.1-port3: Cannot enable. Maybe the USB cable is bad?
[39813.036388] usb 2-1.1.1-port3: cannot disable (err = -71)
[39813.040648] usb 2-1.1.1-port3: cannot reset (err = -71)
[39813.044885] usb 2-1.1.1-port3: cannot reset (err = -71)
[39813.049132] usb 2-1.1.1-port3: cannot reset (err = -71)
[39813.053381] usb 2-1.1.1-port3: cannot reset (err = -71)
[39813.057626] usb 2-1.1.1-port3: cannot reset (err = -71)
[39813.057639] usb 2-1.1.1-port3: Cannot enable. Maybe the USB cable is bad?
[39813.062005] usb 2-1.1.1-port3: cannot disable (err = -71)
[39813.066258] usb 2-1.1.1-port1: cannot reset (err = -71)
[39813.070508] usb 2-1.1.1-port1: cannot reset (err = -71)
[39813.074902] usb 2-1.1.1-port1: cannot reset (err = -71)
[39813.079131] usb 2-1.1.1-port1: cannot reset (err = -71)
[39813.083377] usb 2-1.1.1-port1: cannot reset (err = -71)
[39813.083389] usb 2-1.1.1-port1: Cannot enable. Maybe the USB cable is bad?
[39813.087811] usb 2-1.1.1-port1: cannot disable (err = -71)
[39813.092858] usb 2-1.1.1-port1: cannot reset (err = -71)
[39813.097144] usb 2-1.1.1-port1: cannot reset (err = -71)
[39813.101275] usb 2-1.1.1-port1: cannot reset (err = -71)
[39813.105497] usb 2-1.1.1-port1: cannot reset (err = -71)
[39813.109746] usb 2-1.1.1-port1: cannot reset (err = -71)
[39813.109757] usb 2-1.1.1-port1: Cannot enable. Maybe the USB cable is bad?
[39813.114134] usb 2-1.1.1-port1: cannot disable (err = -71)
[39813.118355] usb 2-1.1.1-port1: cannot disable (err = -71)
[39813.122615] usb 2-1.1.1-port3: cannot reset (err = -71)
[39813.126882] hub 2-1.1.1:1.0: hub_ext_port_status failed (err = -71)
[39813.131111] usb 2-1.1.1-port3: cannot reset (err = -71)
[39813.135354] usb 2-1.1.1-port3: cannot reset (err = -71)
[39813.139638] usb 2-1.1.1-port3: cannot reset (err = -71)
[39813.143885] usb 2-1.1.1-port3: cannot reset (err = -71)
[39813.143898] usb 2-1.1.1-port3: Cannot enable. Maybe the USB cable is bad?
[39813.148498] usb 2-1.1.1-port3: cannot disable (err = -71)
[39813.152754] usb 2-1.1.1-port3: cannot reset (err = -71)
[39813.157009] usb 2-1.1.1-port3: cannot reset (err = -71)
[39813.161262] usb 2-1.1.1-port3: cannot reset (err = -71)
[39813.165514] usb 2-1.1.1-port3: cannot reset (err = -71)
[39813.169769] usb 2-1.1.1-port3: cannot reset (err = -71)
[39813.169781] usb 2-1.1.1-port3: Cannot enable. Maybe the USB cable is bad?
[39813.174017] usb 2-1.1.1-port3: cannot disable (err = -71)
[39813.178328] usb 2-1.1.1-port3: cannot disable (err = -71)
[39813.184524] hub 2-1.1.1:1.0: hub_ext_port_status failed (err = -71)
[39813.188734] hub 2-1.1.1:1.0: hub_ext_port_status failed (err = -71)
[39880.977249] usb 2-1.1: USB disconnect, device number 3
[39880.977271] usb 2-1.1.1: USB disconnect, device number 5
[39880.977284] usb 2-1.1.1.1: USB disconnect, device number 8
[39880.978986] usb 2-1.1.1.3: USB disconnect, device number 11
[39880.988087] usb 2-1.1.2: USB disconnect, device number 6
[39880.988097] usb 2-1.1.2.4: USB disconnect, device number 9
[39880.989132] pl2303 ttyUSB0: pl2303 converter now disconnected from ttyUSB0
[39880.989245] pl2303 2-1.1.2.4:1.0: device disconnected
[39880.997186] usb 2-1.1.4: USB disconnect, device number 34
[39881.000077] cdc_ether 2-1.1.4:1.0 usb0: unregister 'cdc_ether' usb-0000:00:1d.0-1.1.4, CDC Ethernet Device
[39882.222855] usb 2-1.1: new high-speed USB device number 35 using ehci-pci
[39882.333366] usb 2-1.1: New USB device found, idVendor=05e3, idProduct=0608
[39882.333392] usb 2-1.1: New USB device strings: Mfr=0, Product=1, SerialNumber=0
[39882.333408] usb 2-1.1: Product: USB2.0 Hub
[39882.335039] hub 2-1.1:1.0: USB hub found
[39882.337629] hub 2-1.1:1.0: 4 ports detected
[39882.626831] usb 2-1.1.1: new high-speed USB device number 36 using ehci-pci
[39882.736041] usb 2-1.1.1: New USB device found, idVendor=1a40, idProduct=0101
[39882.736053] usb 2-1.1.1: New USB device strings: Mfr=0, Product=1, SerialNumber=0
[39882.736059] usb 2-1.1.1: Product: USB 2.0 Hub
[39882.736882] hub 2-1.1.1:1.0: USB hub found
[39882.737047] hub 2-1.1.1:1.0: 4 ports detected
[39882.818877] usb 2-1.1.2: new high-speed USB device number 37 using ehci-pci
[39882.927866] usb 2-1.1.2: New USB device found, idVendor=058f, idProduct=6254
[39882.927878] usb 2-1.1.2: New USB device strings: Mfr=0, Product=0, SerialNumber=0
[39882.928865] hub 2-1.1.2:1.0: USB hub found
[39882.929060] hub 2-1.1.2:1.0: 4 ports detected
[39883.010804] usb 2-1.1.4: new high-speed USB device number 38 using ehci-pci
[39883.120500] usb 2-1.1.4: New USB device found, idVendor=0525, idProduct=a4a1
[39883.120519] usb 2-1.1.4: New USB device strings: Mfr=1, Product=2, SerialNumber=0
[39883.120529] usb 2-1.1.4: Product: Ethernet Gadget
[39883.120539] usb 2-1.1.4: Manufacturer: Linux 4.12.0-03002-gec979a4-dirty with musb-hdrc
[39883.124674] cdc_ether 2-1.1.4:1.0 usb0: register 'cdc_ether' at usb-0000:00:1d.0-1.1.4, CDC Ethernet Device, e2:ae:f3:3a:2a:57
[39883.218856] usb 2-1.1.1.1: new low-speed USB device number 39 using ehci-pci
[39883.352179] usb 2-1.1.1.1: New USB device found, idVendor=046d, idProduct=c05a
[39883.352199] usb 2-1.1.1.1: New USB device strings: Mfr=1, Product=2, SerialNumber=0
[39883.352209] usb 2-1.1.1.1: Product: USB Optical Mouse
[39883.352219] usb 2-1.1.1.1: Manufacturer: Logitech
[39883.359672] input: Logitech USB Optical Mouse as /devices/pci0000:00/0000:00:1d.0/usb2/2-1/2-1.1/2-1.1.1/2-1.1.1.1/2-1.1.1.1:1.0/0003:046D:C05A.0005/input/input18
[39883.360569] hid-generic 0003:046D:C05A.0005: input,hidraw1: USB HID v1.11 Mouse [Logitech USB Optical Mouse] on usb-0000:00:1d.0-1.1.1.1/input0
[39883.446870] usb 2-1.1.2.4: new full-speed USB device number 40 using ehci-pci
[39883.556356] usb 2-1.1.2.4: New USB device found, idVendor=0557, idProduct=2008
[39883.556383] usb 2-1.1.2.4: New USB device strings: Mfr=1, Product=2, SerialNumber=0
[39883.556401] usb 2-1.1.2.4: Product: USB-Serial Controller D
[39883.556418] usb 2-1.1.2.4: Manufacturer: Prolific Technology Inc. 
[39883.558256] pl2303 2-1.1.2.4:1.0: pl2303 converter detected
[39883.560688] usb 2-1.1.2.4: pl2303 converter now attached to ttyUSB0
[39883.658874] usb 2-1.1.1.3: new low-speed USB device number 41 using ehci-pci
[39883.795628] usb 2-1.1.1.3: New USB device found, idVendor=04f2, idProduct=0111
[39883.795653] usb 2-1.1.1.3: New USB device strings: Mfr=1, Product=2, SerialNumber=0
[39883.795668] usb 2-1.1.1.3: Product: USB Keyboard
[39883.795682] usb 2-1.1.1.3: Manufacturer: Chicony
[39883.803169] input: Chicony USB Keyboard as /devices/pci0000:00/0000:00:1d.0/usb2/2-1/2-1.1/2-1.1.1/2-1.1.1.3/2-1.1.1.3:1.0/0003:04F2:0111.0006/input/input19
[39883.865215] hid-generic 0003:04F2:0111.0006: input,hidraw2: USB HID v1.10 Keyboard [Chicony USB Keyboard] on usb-0000:00:1d.0-1.1.1.3/input0
[39883.876625] input: Chicony USB Keyboard as /devices/pci0000:00/0000:00:1d.0/usb2/2-1/2-1.1/2-1.1.1/2-1.1.1.3/2-1.1.1.3:1.1/0003:04F2:0111.0007/input/input20
[39883.936626] hid-generic 0003:04F2:0111.0007: input,hiddev96,hidraw3: USB HID v1.10 Device [Chicony USB Keyboard] on usb-0000:00:1d.0-1.1.1.3/input1
[41613.937466] fgfs[4408]: segfault at 8b58308 ip 0000000008b58308 sp 00000000ffd6d94c error 15
[42193.550755] fgfs[4481]: segfault at 8b58308 ip 0000000008b58308 sp 00000000ffbb17cc error 15
[42384.907384] perf: interrupt took too long (6334 > 6317), lowering kernel.perf_event_max_sample_rate to 31500
[48475.740696] PM: suspend entry (deep)
[48475.740719] PM: Syncing filesystems ... done.
[48476.168247] Freezing user space processes ... (elapsed 0.006 seconds) done.
[48476.174924] OOM killer disabled.
[48476.174934] Freezing remaining freezable tasks ... (elapsed 0.003 seconds) done.
[48476.178608] Suspending console(s) (use no_console_suspend to debug)
[48476.370423] sd 0:0:0:0: [sda] Synchronizing SCSI cache
[48476.370786] sd 0:0:0:0: [sda] Stopping disk
[48476.447951] e1000e: EEE TX LPI TIMER: 00000011
[48476.964211] PM: suspend devices took 0.784 seconds
[48477.039059] ACPI: Preparing to enter system sleep state S3
[48477.382503] ACPI: EC: event blocked
[48477.382508] ACPI: EC: EC stopped
[48477.382514] PM: Saving platform NVS memory
[48477.382544] Disabling non-boot CPUs ...
[48477.409779] smpboot: CPU 1 is now offline
[48477.441050] smpboot: CPU 2 is now offline
[48477.463906] IRQ 16: no longer affine to CPU3
[48477.463920] IRQ 19: no longer affine to CPU3
[48477.463932] IRQ 23: no longer affine to CPU3
[48477.464970] smpboot: CPU 3 is now offline
[48477.467940] ACPI: Low-level resume complete
[48477.468009] ACPI: EC: EC started
[48477.468011] PM: Restoring platform NVS memory
[48477.468322] Enabling non-boot CPUs ...
[48477.469185] x86: Booting SMP configuration:
[48477.469188] smpboot: Booting Node 0 Processor 1 APIC 0x1
[48477.469490] Disabled fast string operations
[48477.564239]  cache: parent cpu1 should not be sleeping
[48477.564679] CPU1 is up
[48477.565858] smpboot: Booting Node 0 Processor 2 APIC 0x2
[48477.566102] Disabled fast string operations
[48477.668238]  cache: parent cpu2 should not be sleeping
[48477.668732] CPU2 is up
[48477.670859] smpboot: Booting Node 0 Processor 3 APIC 0x3
[48477.671307] Disabled fast string operations
[48477.768234]  cache: parent cpu3 should not be sleeping
[48477.768868] CPU3 is up
[48477.773624] ACPI: Waking up from system sleep state S3
[48478.408549] sdhci-pci 0000:0d:00.0: MMC controller base frequency changed to 50Mhz.
[48478.446381] iwlwifi 0000:03:00.0: RF_KILL bit toggled to disable radio.
[48478.447194] ACPI: EC: event unblocked
[48478.452210] sd 0:0:0:0: [sda] Starting disk
[48478.692044] usb 1-1.3: reset full-speed USB device number 3 using ehci-pci
[48478.780170] ata2: SATA link down (SStatus 0 SControl 300)
[48478.784136] ata5: SATA link down (SStatus 0 SControl 300)
[48478.880148] usb 1-1.6: reset high-speed USB device number 4 using ehci-pci
[48479.393042] psmouse serio1: synaptics: queried max coordinates: x [..5472], y [..4448]
[48479.620148] ata1: SATA link up 1.5 Gbps (SStatus 113 SControl 300)
[48479.621704] ata1.00: ACPI cmd ef/02:00:00:00:00:a0 (SET FEATURES) succeeded
[48479.621713] ata1.00: ACPI cmd f5/00:00:00:00:00:a0 (SECURITY FREEZE LOCK) filtered out
[48479.621719] ata1.00: ACPI cmd ef/10:03:00:00:00:a0 (SET FEATURES) filtered out
[48479.624875] ata1.00: ACPI cmd ef/02:00:00:00:00:a0 (SET FEATURES) succeeded
[48479.624885] ata1.00: ACPI cmd f5/00:00:00:00:00:a0 (SECURITY FREEZE LOCK) filtered out
[48479.624890] ata1.00: ACPI cmd ef/10:03:00:00:00:a0 (SET FEATURES) filtered out
[48479.626097] ata1.00: configured for UDMA/133
[48479.657454] PM: resume devices took 1.212 seconds
[48479.658288] OOM killer enabled.
[48479.658299] Restarting tasks ... done.
[48479.687415] PM: suspend exit
[48479.849113] e1000e: eth2 NIC Link is Down
[48482.314266] e1000e: eth2 NIC Link is Up 100 Mbps Full Duplex, Flow Control: Rx/Tx
[58055.922837] PM: suspend entry (deep)
[58055.922855] PM: Syncing filesystems ... done.
[58056.289924] Freezing user space processes ... (elapsed 0.009 seconds) done.
[58056.299839] OOM killer disabled.
[58056.299842] Freezing remaining freezable tasks ... (elapsed 0.004 seconds) done.
[58056.303908] Suspending console(s) (use no_console_suspend to debug)
[58056.503782] sd 0:0:0:0: [sda] Synchronizing SCSI cache
[58056.504124] sd 0:0:0:0: [sda] Stopping disk
[58056.567727] e1000e: EEE TX LPI TIMER: 00000011
[58057.083170] PM: suspend devices took 0.776 seconds
[58057.164436] ACPI: Preparing to enter system sleep state S3
[58057.507766] ACPI: EC: event blocked
[58057.507772] ACPI: EC: EC stopped
[58057.507778] PM: Saving platform NVS memory
[58057.507803] Disabling non-boot CPUs ...
[58057.535191] smpboot: CPU 1 is now offline
[58057.558914] smpboot: CPU 2 is now offline
[58057.581172] IRQ 19: no longer affine to CPU3
[58057.582214] smpboot: CPU 3 is now offline
[58057.585348] ACPI: Low-level resume complete
[58057.585418] ACPI: EC: EC started
[58057.585420] PM: Restoring platform NVS memory
[58057.585731] Enabling non-boot CPUs ...
[58057.586566] x86: Booting SMP configuration:
[58057.586568] smpboot: Booting Node 0 Processor 1 APIC 0x1
[58057.586865] Disabled fast string operations
[58057.685505]  cache: parent cpu1 should not be sleeping
[58057.685961] CPU1 is up
