[    0.000000] Linux version 5.5.0+ (pavel@amd) (gcc version 4.9.2 (Debian 4.9.2-10+deb8u2)) #66 SMP PREEMPT Thu Jan 30 19:59:44 CET 2020
[    0.000000] Disabled fast string operations
[    0.000000] x86/fpu: x87 FPU will use FXSAVE
[    0.000000] BIOS-provided physical RAM map:
[    0.000000] BIOS-e820: [mem 0x0000000000000000-0x000000000009efff] usable
[    0.000000] BIOS-e820: [mem 0x000000000009f000-0x000000000009ffff] reserved
[    0.000000] BIOS-e820: [mem 0x00000000000dc000-0x00000000000fffff] reserved
[    0.000000] BIOS-e820: [mem 0x0000000000100000-0x00000000bf6cffff] usable
[    0.000000] BIOS-e820: [mem 0x00000000bf6d0000-0x00000000bf6defff] ACPI data
[    0.000000] BIOS-e820: [mem 0x00000000bf6df000-0x00000000bf6fffff] ACPI NVS
[    0.000000] BIOS-e820: [mem 0x00000000bf700000-0x00000000bfffffff] reserved
[    0.000000] BIOS-e820: [mem 0x00000000f0000000-0x00000000f3ffffff] reserved
[    0.000000] BIOS-e820: [mem 0x00000000fec00000-0x00000000fec0ffff] reserved
[    0.000000] BIOS-e820: [mem 0x00000000fed00000-0x00000000fed003ff] reserved
[    0.000000] BIOS-e820: [mem 0x00000000fed14000-0x00000000fed19fff] reserved
[    0.000000] BIOS-e820: [mem 0x00000000fed1c000-0x00000000fed8ffff] reserved
[    0.000000] BIOS-e820: [mem 0x00000000fee00000-0x00000000fee00fff] reserved
[    0.000000] BIOS-e820: [mem 0x00000000ff800000-0x00000000ffffffff] reserved
[    0.000000] NX (Execute Disable) protection: active
[    0.000000] SMBIOS 2.4 present.
[    0.000000] DMI: LENOVO 17097HU/17097HU, BIOS 7BETD8WW (2.19 ) 03/31/2011
[    0.000000] tsc: Fast TSC calibration using PIT
[    0.000000] tsc: Detected 1828.853 MHz processor
[    0.013585] e820: update [mem 0x00000000-0x00000fff] usable ==> reserved
[    0.013591] e820: remove [mem 0x000a0000-0x000fffff] usable
[    0.013604] last_pfn = 0xbf6d0 max_arch_pfn = 0x1000000
[    0.013617] MTRR default type: uncachable
[    0.013620] MTRR fixed ranges enabled:
[    0.013624]   00000-9FFFF write-back
[    0.013627]   A0000-BFFFF uncachable
[    0.013631]   C0000-CFFFF write-protect
[    0.013634]   D0000-DBFFF uncachable
[    0.013637]   DC000-DFFFF write-back
[    0.013640]   E0000-FFFFF write-protect
[    0.013642] MTRR variable ranges enabled:
[    0.013646]   0 base 000000000 mask F80000000 write-back
[    0.013650]   1 base 080000000 mask FC0000000 write-back
[    0.013653]   2 base 0BF700000 mask FFFF00000 uncachable
[    0.013656]   3 base 0BF800000 mask FFF800000 uncachable
[    0.013659]   4 disabled
[    0.013661]   5 disabled
[    0.013664]   6 disabled
[    0.013666]   7 disabled
[    0.014778] x86/PAT: PAT not supported by CPU.
[    0.016156] x86/PAT: Configuration [0-7]: WB  WT  UC- UC  WB  WT  UC- UC  
[    0.016177] initial memory mapped: [mem 0x00000000-0x05bfffff]
[    0.016273] BRK [0x05673000, 0x05673fff] PGTABLE
[    0.016298] BRK [0x05674000, 0x05674fff] PGTABLE
[    0.016310] ACPI: Early table checksum verification disabled
[    0.016320] ACPI: RSDP 0x00000000000F67C0 000024 (v02 LENOVO)
[    0.016330] ACPI: XSDT 0x00000000BF6D191C 000084 (v01 LENOVO TP-7B    00002190  LTP 00000000)
[    0.016343] ACPI: FACP 0x00000000BF6D1A00 0000F4 (v03 LENOVO TP-7B    00002190 LNVO 00000001)
[    0.016355] ACPI BIOS Warning (bug): 32/64X length mismatch in FADT/Gpe0Block: 64/32 (20191018/tbfadt-569)
[    0.016364] ACPI BIOS Warning (bug): Optional FADT field Gpe1Block has valid Address but zero Length: 0x000000000000102C/0x0 (20191018/tbfadt-624)
[    0.016375] ACPI: DSDT 0x00000000BF6D1D90 00CFB9 (v01 LENOVO TP-7B    00002190 MSFT 0100000E)
[    0.016384] ACPI: FACS 0x00000000BF6F4000 000040
[    0.016392] ACPI: FACS 0x00000000BF6F4000 000040
[    0.016400] ACPI: SSDT 0x00000000BF6D1BB4 0001DC (v01 LENOVO TP-7B    00002190 MSFT 0100000E)
[    0.016409] ACPI: ECDT 0x00000000BF6DED49 000052 (v01 LENOVO TP-7B    00002190 LNVO 00000001)
[    0.016418] ACPI: TCPA 0x00000000BF6DED9B 000032 (v02 LENOVO TP-7B    00002190 LNVO 00000001)
[    0.016428] ACPI: APIC 0x00000000BF6DEDCD 000068 (v01 LENOVO TP-7B    00002190 LNVO 00000001)
[    0.016437] ACPI: MCFG 0x00000000BF6DEE35 00003C (v01 LENOVO TP-7B    00002190 LNVO 00000001)
[    0.016446] ACPI: HPET 0x00000000BF6DEE71 000038 (v01 LENOVO TP-7B    00002190 LNVO 00000001)
[    0.016455] ACPI: BOOT 0x00000000BF6DEFD8 000028 (v01 LENOVO TP-7B    00002190  LTP 00000001)
[    0.016465] ACPI: SSDT 0x00000000BF6F2645 00025F (v01 LENOVO TP-7B    00002190 INTL 20050513)
[    0.016474] ACPI: SSDT 0x00000000BF6F28A4 0000A6 (v01 LENOVO TP-7B    00002190 INTL 20050513)
[    0.016483] ACPI: SSDT 0x00000000BF6F294A 0004F7 (v01 LENOVO TP-7B    00002190 INTL 20050513)
[    0.016492] ACPI: SSDT 0x00000000BF6F2E41 0001D8 (v01 LENOVO TP-7B    00002190 INTL 20050513)
[    0.016514] ACPI: Local APIC address 0xfee00000
[    0.016520] 2176MB HIGHMEM available.
[    0.016525] 885MB LOWMEM available.
[    0.016530]   mapped low ram: 0 - 375fe000
[    0.016534]   low ram: 0 - 375fe000
[    0.016545] BRK [0x05675000, 0x05675fff] PGTABLE
[    0.016550] Zone ranges:
[    0.016554]   DMA      [mem 0x0000000000001000-0x0000000000ffffff]
[    0.016560]   Normal   [mem 0x0000000001000000-0x00000000375fdfff]
[    0.016565]   HighMem  [mem 0x00000000375fe000-0x00000000bf6cffff]
[    0.016570] Movable zone start for each node
[    0.016574] Early memory node ranges
[    0.016579]   node   0: [mem 0x0000000000001000-0x000000000009efff]
[    0.016583]   node   0: [mem 0x0000000000100000-0x00000000bf6cffff]
[    0.016589] Initmem setup node 0 [mem 0x0000000000001000-0x00000000bf6cffff]
[    0.016594] On node 0 totalpages: 783982
[    0.027996]   DMA zone: 32 pages used for memmap
[    0.027999]   DMA zone: 0 pages reserved
[    0.028003]   DMA zone: 3998 pages, LIFO batch:0
[    0.028112]   Normal zone: 1740 pages used for memmap
[    0.028115]   Normal zone: 222718 pages, LIFO batch:63
[    0.033699]   HighMem zone: 557266 pages, LIFO batch:63
[    0.047793] Using APIC driver default
[    0.047811] Reserving Intel graphics memory at [mem 0xbf800000-0xbfffffff]
[    0.048295] ACPI: PM-Timer IO Port: 0x1008
[    0.048301] ACPI: Local APIC address 0xfee00000
[    0.048314] ACPI: LAPIC_NMI (acpi_id[0x00] high edge lint[0x1])
[    0.048320] ACPI: LAPIC_NMI (acpi_id[0x01] high edge lint[0x1])
[    0.048345] IOAPIC[0]: apic_id 1, version 32, address 0xfec00000, GSI 0-23
[    0.048353] ACPI: INT_SRC_OVR (bus 0 bus_irq 0 global_irq 2 dfl dfl)
[    0.048360] ACPI: INT_SRC_OVR (bus 0 bus_irq 9 global_irq 9 high level)
[    0.048366] ACPI: IRQ0 used by override.
[    0.048370] ACPI: IRQ9 used by override.
[    0.048378] Using ACPI (MADT) for SMP configuration information
[    0.048383] ACPI: HPET id: 0x8086a201 base: 0xfed00000
[    0.048396] smpboot: Allowing 2 CPUs, 0 hotplug CPUs
[    0.048439] PM: Registered nosave memory: [mem 0x00000000-0x00000fff]
[    0.048445] PM: Registered nosave memory: [mem 0x0009f000-0x0009ffff]
[    0.048449] PM: Registered nosave memory: [mem 0x000a0000-0x000dbfff]
[    0.048453] PM: Registered nosave memory: [mem 0x000dc000-0x000fffff]
[    0.048463] [mem 0xc0000000-0xefffffff] available for PCI devices
[    0.048472] clocksource: refined-jiffies: mask: 0xffffffff max_cycles: 0xffffffff, max_idle_ns: 7645519600211568 ns
[    0.048487] setup_percpu: NR_CPUS:8 nr_cpumask_bits:8 nr_cpu_ids:2 nr_node_ids:1
[    0.048770] percpu: Embedded 39 pages/cpu s128040 r0 d31704 u159744
[    0.048785] pcpu-alloc: s128040 r0 d31704 u159744 alloc=39*4096
[    0.048788] pcpu-alloc: [0] 0 [0] 1 
[    0.048823] Built 1 zonelists, mobility grouping on.  Total pages: 782210
[    0.048832] Kernel command line: BOOT_IMAGE=(hd0,2)/fast/l/k/o/32/arch/x86/boot/bzImage root=/dev/sda4 resume=/dev/sda1
[    0.049252] Dentry cache hash table entries: 131072 (order: 7, 524288 bytes, linear)
[    0.049369] Inode-cache hash table entries: 65536 (order: 6, 262144 bytes, linear)
[    0.049411] mem auto-init: stack:off, heap alloc:off, heap free:off
[    0.081658] Initializing HighMem for node 0 (000375fe:000bf6d0)
[    0.461762] Initializing Movable for node 0 (00000000:00000000)
[    0.539742] Memory: 3021320K/3135928K available (13033K kernel code, 725K rwdata, 5232K rodata, 656K init, 2952K bss, 114608K reserved, 0K cma-reserved, 2229064K highmem)
[    0.539754] virtual kernel memory layout:
    fixmap  : 0xffe72000 - 0xfffff000   (1588 kB)
  cpu_entry : 0xffa00000 - 0xffb59000   (1380 kB)
    pkmap   : 0xff600000 - 0xff800000   (2048 kB)
    vmalloc : 0xf7dfe000 - 0xff5fe000   ( 120 MB)
    lowmem  : 0xc0000000 - 0xf75fe000   ( 885 MB)
      .init : 0xc52b1000 - 0xc5355000   ( 656 kB)
      .data : 0xc4cba78c - 0xc528d440   (5963 kB)
      .text : 0xc4000000 - 0xc4cba78c   (13033 kB)
[    0.539760] Checking if this processor honours the WP bit even in supervisor mode...Ok.
[    0.539828] random: get_random_u32 called from cache_alloc_refill+0x6aa/0xb20 with crng_init=0
[    0.541148] Kernel/User page tables isolation: enabled
[    0.541451] rcu: Preemptible hierarchical RCU implementation.
[    0.541457] rcu: 	RCU restricting CPUs from NR_CPUS=8 to nr_cpu_ids=2.
[    0.541461] 	Tasks RCU enabled.
[    0.541466] rcu: RCU calculated value of scheduler-enlistment delay is 25 jiffies.
[    0.541471] rcu: Adjusting geometry for rcu_fanout_leaf=16, nr_cpu_ids=2
[    0.541517] NR_IRQS: 2304, nr_irqs: 56, preallocated irqs: 16
[    0.544545] Console: colour VGA+ 80x25
[    0.553397] printk: console [tty0] enabled
[    0.553473] Lock dependency validator: Copyright (c) 2006 Red Hat, Inc., Ingo Molnar
[    0.553569] ... MAX_LOCKDEP_SUBCLASSES:  8
[    0.553645] ... MAX_LOCK_DEPTH:          48
[    0.553721] ... MAX_LOCKDEP_KEYS:        8192
[    0.553797] ... CLASSHASH_SIZE:          4096
[    0.553874] ... MAX_LOCKDEP_ENTRIES:     32768
[    0.553951] ... MAX_LOCKDEP_CHAINS:      65536
[    0.554029] ... CHAINHASH_SIZE:          32768
[    0.554106]  memory used by lock dependency info: 1797 kB
[    0.554189]  per task-struct memory footprint: 1344 bytes
[    0.554283] ACPI: Core revision 20191018
[    0.554737] clocksource: hpet: mask: 0xffffffff max_cycles: 0xffffffff, max_idle_ns: 133484882848 ns
[    0.554885] APIC: Switch to symmetric I/O mode setup
[    0.554967] Enabling APIC mode:  Flat.  Using 1 I/O APICs
[    0.555611] ..TIMER: vector=0x30 apic1=0 pin1=2 apic2=-1 pin2=-1
[    0.574884] clocksource: tsc-early: mask: 0xffffffffffffffff max_cycles: 0x1a5ca21e1f6, max_idle_ns: 440795296485 ns
[    0.575020] Calibrating delay loop (skipped), value calculated using timer frequency.. 3657.70 BogoMIPS (lpj=7315412)
[    0.575151] pid_max: default: 32768 minimum: 301
[    0.575506] Mount-cache hash table entries: 2048 (order: 1, 8192 bytes, linear)
[    0.575611] Mountpoint-cache hash table entries: 2048 (order: 1, 8192 bytes, linear)
[    0.575806] *** VALIDATE tmpfs ***
[    0.576443] *** VALIDATE proc ***
[    0.576621] *** VALIDATE cgroup1 ***
[    0.576700] *** VALIDATE cgroup2 ***
[    0.576855] Disabled fast string operations
[    0.576947] process: using mwait in idle threads
[    0.577037] Last level iTLB entries: 4KB 128, 2MB 0, 4MB 2
[    0.577123] Last level dTLB entries: 4KB 128, 2MB 0, 4MB 8, 1GB 0
[    0.577215] Spectre V1 : Mitigation: usercopy/swapgs barriers and __user pointer sanitization
[    0.577333] Spectre V2 : Mitigation: Full generic retpoline
[    0.577420] Spectre V2 : Spectre v2 / SpectreRSB mitigation: Filling RSB on context switch
[    0.577523] L1TF: System has more than MAX_PA/2 memory. L1TF mitigation not effective.
[    0.577623] L1TF: You may make it effective by booting the kernel with mem=2147483648 parameter.
[    0.577742] L1TF: However, doing so will make a part of your RAM unusable.
[    0.577836] L1TF: Reading https://www.kernel.org/doc/html/latest/admin-guide/hw-vuln/l1tf.html might help you decide.
[    0.577965] MDS: Vulnerable: Clear CPU buffers attempted, no microcode
[    0.578332] Freeing SMP alternatives memory: 48K
[    0.691211] smpboot: CPU0: Genuine Intel(R) CPU           T2400  @ 1.83GHz (family: 0x6, model: 0xe, stepping: 0x8)
[    0.715055] Performance Events: Core events, core PMU driver.
[    0.715157] ... version:                1
[    0.715236] ... bit width:              40
[    0.715315] ... generic registers:      2
[    0.715393] ... value mask:             000000ffffffffff
[    0.715479] ... max period:             000000007fffffff
[    0.715565] ... fixed-purpose events:   0
[    0.715643] ... event mask:             0000000000000003
[    0.723033] rcu: Hierarchical SRCU implementation.
[    0.735103] NMI watchdog: Enabled. Permanently consumes one hw-PMU counter.
[    0.743051] smp: Bringing up secondary CPUs ...
[    0.775586] x86: Booting SMP configuration:
[    0.775676] .... node  #0, CPUs:      #1
[    0.017172] Disabled fast string operations
[    0.778119] TSC synchronization [CPU#0 -> CPU#1]:
[    0.778381] Measured 579755 cycles TSC warp between CPUs, turning off TSC clock.
[    0.778495] tsc: Marking TSC unstable due to check_tsc_sync_source failed
[    0.778687] smp: Brought up 1 node, 2 CPUs
[    0.778687] smpboot: Max logical packages: 1
[    0.779052] smpboot: Total of 2 processors activated (7315.41 BogoMIPS)
[    0.780773] devtmpfs: initialized
[    0.780773] PM: Registering ACPI NVS region [mem 0xbf6df000-0xbf6fffff] (135168 bytes)
[    0.783466] clocksource: jiffies: mask: 0xffffffff max_cycles: 0xffffffff, max_idle_ns: 7645041785100000 ns
[    0.783466] futex hash table entries: 512 (order: 3, 32768 bytes, linear)
[    0.783540] thermal_sys: Registered thermal governor 'step_wise'
[    0.784012] NET: Registered protocol family 16
[    0.785490] cpuidle: using governor ladder
[    0.785603] cpuidle: using governor menu
[    0.785843] Simple Boot Flag at 0x35 set to 0x1
[    0.785981] ACPI FADT declares the system doesn't support PCIe ASPM, so disable it
[    0.786081] ACPI: bus type PCI registered
[    0.787267] PCI: MMCONFIG for domain 0000 [bus 00-3f] at [mem 0xf0000000-0xf3ffffff] (base 0xf0000000)
[    0.787395] PCI: MMCONFIG at [mem 0xf0000000-0xf3ffffff] reserved in E820
[    0.787490] PCI: Using MMCONFIG for extended config space
[    0.787577] PCI: Using configuration type 1 for base access
[    0.788075] mtrr: your CPUs had inconsistent variable MTRR settings
[    0.788167] mtrr: probably your BIOS does not setup all CPUs.
[    0.788256] mtrr: corrected configuration.
[    0.867390] ACPI: Added _OSI(Module Device)
[    0.871030] ACPI: Added _OSI(Processor Device)
[    0.871030] ACPI: Added _OSI(3.0 _SCP Extensions)
[    0.871030] ACPI: Added _OSI(Processor Aggregator Device)
[    0.871030] ACPI: Added _OSI(Linux-Dell-Video)
[    0.871030] ACPI: Added _OSI(Linux-Lenovo-NV-HDMI-Audio)
[    0.871030] ACPI: Added _OSI(Linux-HPI-Hybrid-Graphics)
[    0.936971] ACPI: 6 ACPI AML tables successfully acquired and loaded
[    0.941593] ACPI: EC: EC started
[    0.941670] ACPI: EC: interrupt blocked
[    0.947310] ACPI: \: Used as first EC
[    0.947391] ACPI: \: GPE=0x1c, IRQ=-1, EC_CMD/EC_SC=0x66, EC_DATA=0x62
[    0.947484] ACPI: EC: Boot ECDT EC used to handle transactions
[    0.967491] ACPI: Dynamic OEM Table Load:
[    0.967589] ACPI: SSDT 0x00000000F196DC00 000240 (v01 PmRef  Cpu0Ist  00000100 INTL 20050513)
[    0.972046] ACPI: Dynamic OEM Table Load:
[    0.972142] ACPI: SSDT 0x00000000F193F800 00065A (v01 PmRef  Cpu0Cst  00000100 INTL 20050513)
[    0.979170] ACPI: Dynamic OEM Table Load:
[    0.979264] ACPI: SSDT 0x00000000F19B4300 0000C8 (v01 PmRef  Cpu1Ist  00000100 INTL 20050513)
[    0.983048] ACPI: Dynamic OEM Table Load:
[    0.983142] ACPI: SSDT 0x00000000F18BEA80 000085 (v01 PmRef  Cpu1Cst  00000100 INTL 20050513)
[    0.987519] ACPI: Interpreter enabled
[    0.987674] ACPI: (supports S0 S3 S4 S5)
[    0.987760] ACPI: Using IOAPIC for interrupt routing
[    0.991023] PCI: Using host bridge windows from ACPI; if necessary, use "pci=nocrs" and report a bug
[    0.991023] ACPI: Enabled 4 GPEs in block 00 to 1F
[    1.015159] ACPI: Power Resource [PUBS] (on)
[    1.019158] acpi PNP0C0A:01: ACPI dock station (docks/bays count: 1)
[    1.027526] acpi LNXIOBAY:00: ACPI dock station (docks/bays count: 2)
[    1.043133] acpi IBM0079:00: ACPI dock station (docks/bays count: 3)
[    1.043297] ACPI: PCI Interrupt Link [LNKA] (IRQs 3 4 5 6 7 9 10 *11)
[    1.043593] ACPI: PCI Interrupt Link [LNKB] (IRQs 3 4 5 6 7 9 10 *11)
[    1.044524] ACPI: PCI Interrupt Link [LNKC] (IRQs 3 4 5 6 7 9 10 *11)
[    1.045455] ACPI: PCI Interrupt Link [LNKD] (IRQs 3 4 5 6 7 9 10 *11)
[    1.046383] ACPI: PCI Interrupt Link [LNKE] (IRQs 3 4 5 6 7 9 10 *11)
[    1.047326] ACPI: PCI Interrupt Link [LNKF] (IRQs 3 4 5 6 7 9 10 *11)
[    1.048252] ACPI: PCI Interrupt Link [LNKG] (IRQs 3 4 5 6 7 9 10 *11)
[    1.049182] ACPI: PCI Interrupt Link [LNKH] (IRQs 3 4 5 6 7 9 10 *11)
[    1.051158] ACPI: PCI Root Bridge [PCI0] (domain 0000 [bus 00-ff])
[    1.051158] acpi PNP0A08:00: _OSC: OS supports [ExtendedConfig ASPM ClockPM Segments HPX-Type3]
[    1.051158] acpi PNP0A08:00: _OSC: not requesting OS control; OS requires [ExtendedConfig ASPM ClockPM MSI]
[    1.051249] acpi PNP0A08:00: [Firmware Info]: MMCONFIG for domain 0000 [bus 00-3f] only partially covers this bridge
[    1.055044] PCI host bridge to bus 0000:00
[    1.055044] pci_bus 0000:00: root bus resource [io  0x0000-0x0cf7 window]
[    1.055044] pci_bus 0000:00: root bus resource [io  0x0d00-0xffff window]
[    1.055044] pci_bus 0000:00: root bus resource [mem 0x000a0000-0x000bffff window]
[    1.055044] pci_bus 0000:00: root bus resource [mem 0x000d0000-0x000d3fff window]
[    1.055044] pci_bus 0000:00: root bus resource [mem 0x000d4000-0x000d7fff window]
[    1.055044] pci_bus 0000:00: root bus resource [mem 0x000d8000-0x000dbfff window]
[    1.055044] pci_bus 0000:00: root bus resource [mem 0xc0000000-0xfebfffff window]
[    1.055044] pci_bus 0000:00: root bus resource [mem 0xfed40000-0xfed40fff window]
[    1.055044] pci_bus 0000:00: root bus resource [bus 00-ff]
[    1.055044] pci 0000:00:00.0: [8086:27a0] type 00 class 0x060000
[    1.055157] pci 0000:00:02.0: [8086:27a2] type 00 class 0x030000
[    1.055157] pci 0000:00:02.0: reg 0x10: [mem 0xee100000-0xee17ffff]
[    1.055157] pci 0000:00:02.0: reg 0x14: [io  0x1800-0x1807]
[    1.055157] pci 0000:00:02.0: reg 0x18: [mem 0xd0000000-0xdfffffff pref]
[    1.055157] pci 0000:00:02.0: reg 0x1c: [mem 0xee200000-0xee23ffff]
[    1.055157] pci 0000:00:02.1: [8086:27a6] type 00 class 0x038000
[    1.055157] pci 0000:00:02.1: reg 0x10: [mem 0xee180000-0xee1fffff]
[    1.055288] pci 0000:00:1b.0: [8086:27d8] type 00 class 0x040300
[    1.055426] pci 0000:00:1b.0: reg 0x10: [mem 0xee240000-0xee243fff 64bit]
[    1.055701] pci 0000:00:1b.0: PME# supported from D0 D3hot D3cold
[    1.059231] pci 0000:00:1c.0: [8086:27d0] type 01 class 0x060400
[    1.059231] pci 0000:00:1c.0: PME# supported from D0 D3hot D3cold
[    1.059231] pci 0000:00:1c.1: [8086:27d2] type 01 class 0x060400
[    1.059231] pci 0000:00:1c.1: PME# supported from D0 D3hot D3cold
[    1.059231] pci 0000:00:1c.2: [8086:27d4] type 01 class 0x060400
[    1.059231] pci 0000:00:1c.2: PME# supported from D0 D3hot D3cold
[    1.063024] pci 0000:00:1c.3: [8086:27d6] type 01 class 0x060400
[    1.063024] pci 0000:00:1c.3: PME# supported from D0 D3hot D3cold
[    1.063315] pci 0000:00:1d.0: [8086:27c8] type 00 class 0x0c0300
[    1.063315] pci 0000:00:1d.0: reg 0x20: [io  0x1820-0x183f]
[    1.063315] pci 0000:00:1d.1: [8086:27c9] type 00 class 0x0c0300
[    1.063315] pci 0000:00:1d.1: reg 0x20: [io  0x1840-0x185f]
[    1.063315] pci 0000:00:1d.2: [8086:27ca] type 00 class 0x0c0300
[    1.063315] pci 0000:00:1d.2: reg 0x20: [io  0x1860-0x187f]
[    1.063315] pci 0000:00:1d.3: [8086:27cb] type 00 class 0x0c0300
[    1.063480] pci 0000:00:1d.3: reg 0x20: [io  0x1880-0x189f]
[    1.067155] pci 0000:00:1d.7: [8086:27cc] type 00 class 0x0c0320
[    1.067155] pci 0000:00:1d.7: reg 0x10: [mem 0xee444000-0xee4443ff]
[    1.067155] pci 0000:00:1d.7: PME# supported from D0 D3hot D3cold
[    1.067155] pci 0000:00:1e.0: [8086:2448] type 01 class 0x060401
[    1.067155] pci 0000:00:1f.0: [8086:27b9] type 00 class 0x060100
[    1.067155] pci 0000:00:1f.0: quirk: [io  0x1000-0x107f] claimed by ICH6 ACPI/GPIO/TCO
[    1.067155] pci 0000:00:1f.0: quirk: [io  0x1180-0x11bf] claimed by ICH6 GPIO
[    1.067155] pci 0000:00:1f.0: ICH7 LPC Generic IO decode 1 PIO at 1600 (mask 007f)
[    1.067155] pci 0000:00:1f.0: ICH7 LPC Generic IO decode 2 PIO at 15e0 (mask 000f)
[    1.067155] pci 0000:00:1f.0: ICH7 LPC Generic IO decode 3 PIO at 1680 (mask 001f)
[    1.071024] pci 0000:00:1f.1: [8086:27df] type 00 class 0x01018a
[    1.071024] pci 0000:00:1f.1: reg 0x10: [io  0x0000-0x0007]
[    1.071024] pci 0000:00:1f.1: reg 0x14: [io  0x0000-0x0003]
[    1.071024] pci 0000:00:1f.1: reg 0x18: [io  0x0000-0x0007]
[    1.071024] pci 0000:00:1f.1: reg 0x1c: [io  0x0000-0x0003]
[    1.071024] pci 0000:00:1f.1: reg 0x20: [io  0x1810-0x181f]
[    1.071024] pci 0000:00:1f.1: legacy IDE quirk: reg 0x10: [io  0x01f0-0x01f7]
[    1.071024] pci 0000:00:1f.1: legacy IDE quirk: reg 0x14: [io  0x03f6]
[    1.071024] pci 0000:00:1f.1: legacy IDE quirk: reg 0x18: [io  0x0170-0x0177]
[    1.071024] pci 0000:00:1f.1: legacy IDE quirk: reg 0x1c: [io  0x0376]
[    1.071369] pci 0000:00:1f.2: [8086:27c5] type 00 class 0x010601
[    1.071369] pci 0000:00:1f.2: reg 0x10: [io  0x18d0-0x18d7]
[    1.071369] pci 0000:00:1f.2: reg 0x14: [io  0x18c4-0x18c7]
[    1.071369] pci 0000:00:1f.2: reg 0x18: [io  0x18c8-0x18cf]
[    1.071369] pci 0000:00:1f.2: reg 0x1c: [io  0x18c0-0x18c3]
[    1.071369] pci 0000:00:1f.2: reg 0x20: [io  0x18b0-0x18bf]
[    1.071369] pci 0000:00:1f.2: reg 0x24: [mem 0xee444400-0xee4447ff]
[    1.071369] pci 0000:00:1f.2: PME# supported from D3hot
[    1.071369] pci 0000:00:1f.3: [8086:27da] type 00 class 0x0c0500
[    1.071369] pci 0000:00:1f.3: reg 0x20: [io  0x18e0-0x18ff]
[    1.075155] pci 0000:02:00.0: [8086:109a] type 00 class 0x020000
[    1.075155] pci 0000:02:00.0: reg 0x10: [mem 0xee000000-0xee01ffff]
[    1.075155] pci 0000:02:00.0: reg 0x18: [io  0x2000-0x201f]
[    1.075155] pci 0000:02:00.0: PME# supported from D0 D3hot D3cold
[    1.075155] pci 0000:02:00.0: disabling ASPM on pre-1.1 PCIe device.  You can enable it with 'pcie_aspm=force'
[    1.075155] pci 0000:00:1c.0: PCI bridge to [bus 02]
[    1.075155] pci 0000:00:1c.0:   bridge window [io  0x2000-0x2fff]
[    1.075155] pci 0000:00:1c.0:   bridge window [mem 0xee000000-0xee0fffff]
[    1.075155] pci 0000:03:00.0: [8086:4227] type 00 class 0x028000
[    1.075155] pci 0000:03:00.0: reg 0x10: [mem 0xedf00000-0xedf00fff]
[    1.075155] pci 0000:03:00.0: PME# supported from D0 D3hot D3cold
[    1.079026] pci 0000:03:00.0: disabling ASPM on pre-1.1 PCIe device.  You can enable it with 'pcie_aspm=force'
[    1.079026] pci 0000:00:1c.1: PCI bridge to [bus 03]
[    1.079026] pci 0000:00:1c.1:   bridge window [io  0x3000-0x4fff]
[    1.079026] pci 0000:00:1c.1:   bridge window [mem 0xec000000-0xedffffff]
[    1.079026] pci 0000:00:1c.1:   bridge window [mem 0xe4000000-0xe40fffff 64bit pref]
[    1.079157] pci 0000:00:1c.2: PCI bridge to [bus 04-0b]
[    1.079157] pci 0000:00:1c.2:   bridge window [io  0x5000-0x6fff]
[    1.079157] pci 0000:00:1c.2:   bridge window [mem 0xe8000000-0xe9ffffff]
[    1.079157] pci 0000:00:1c.2:   bridge window [mem 0xe4100000-0xe41fffff 64bit pref]
[    1.079157] pci 0000:00:1c.3: PCI bridge to [bus 0c-13]
[    1.079157] pci 0000:00:1c.3:   bridge window [io  0x7000-0x8fff]
[    1.079157] pci 0000:00:1c.3:   bridge window [mem 0xea000000-0xebffffff]
[    1.079157] pci 0000:00:1c.3:   bridge window [mem 0xe4200000-0xe42fffff 64bit pref]
[    1.079157] pci_bus 0000:15: extended config space not accessible
[    1.079157] pci 0000:15:00.0: [1180:0476] type 02 class 0x060700
[    1.079157] pci 0000:15:00.0: reg 0x10: [mem 0xe4300000-0xe4300fff]
[    1.079157] pci 0000:15:00.0: supports D1 D2
[    1.079157] pci 0000:15:00.0: PME# supported from D0 D1 D2 D3hot D3cold
[    1.079157] pci 0000:15:00.1: [1180:0552] type 00 class 0x0c0010
[    1.079157] pci 0000:15:00.1: reg 0x10: [mem 0xe4301000-0xe43017ff]
[    1.079157] pci 0000:15:00.1: PME# supported from D0 D3hot D3cold
[    1.079281] pci 0000:15:00.2: [1180:0822] type 00 class 0x080500
[    1.079404] pci 0000:15:00.2: reg 0x10: [mem 0xe4301800-0xe43018ff]
[    1.079653] pci 0000:15:00.2: supports D1 D2
[    1.079738] pci 0000:15:00.2: PME# supported from D0 D1 D2 D3hot D3cold
[    1.083059] pci 0000:00:1e.0: PCI bridge to [bus 15-18] (subtractive decode)
[    1.083059] pci 0000:00:1e.0:   bridge window [io  0x9000-0xcfff]
[    1.083059] pci 0000:00:1e.0:   bridge window [mem 0xe4300000-0xe7ffffff]
[    1.083059] pci 0000:00:1e.0:   bridge window [mem 0xe0000000-0xe3ffffff 64bit pref]
[    1.083059] pci 0000:00:1e.0:   bridge window [io  0x0000-0x0cf7 window] (subtractive decode)
[    1.083059] pci 0000:00:1e.0:   bridge window [io  0x0d00-0xffff window] (subtractive decode)
[    1.083059] pci 0000:00:1e.0:   bridge window [mem 0x000a0000-0x000bffff window] (subtractive decode)
[    1.083059] pci 0000:00:1e.0:   bridge window [mem 0x000d0000-0x000d3fff window] (subtractive decode)
[    1.083059] pci 0000:00:1e.0:   bridge window [mem 0x000d4000-0x000d7fff window] (subtractive decode)
[    1.083059] pci 0000:00:1e.0:   bridge window [mem 0x000d8000-0x000dbfff window] (subtractive decode)
[    1.083059] pci 0000:00:1e.0:   bridge window [mem 0xc0000000-0xfebfffff window] (subtractive decode)
[    1.083059] pci 0000:00:1e.0:   bridge window [mem 0xfed40000-0xfed40fff window] (subtractive decode)
[    1.083059] pci_bus 0000:16: extended config space not accessible
[    1.083166] pci_bus 0000:16: busn_res: [bus 16-18] end is updated to 17
[    1.083166] pci_bus 0000:00: on NUMA node 0
[    1.091152] ACPI: EC: interrupt unblocked
[    1.091152] ACPI: EC: event unblocked
[    1.091152] ACPI: \_SB_.PCI0.LPC_.EC__: GPE=0x1c, IRQ=-1, EC_CMD/EC_SC=0x66, EC_DATA=0x62
[    1.091152] ACPI: \_SB_.PCI0.LPC_.EC__: Boot DSDT EC used to handle transactions and events
[    1.091700] pci 0000:00:02.0: vgaarb: setting as boot VGA device
[    1.091700] pci 0000:00:02.0: vgaarb: VGA device added: decodes=io+mem,owns=io+mem,locks=none
[    1.091700] pci 0000:00:02.0: vgaarb: bridge control possible
[    1.091700] vgaarb: loaded
[    1.095315] SCSI subsystem initialized
[    1.095431] libata version 3.00 loaded.
[    1.095431] ACPI: bus type USB registered
[    1.095584] usbcore: registered new interface driver usbfs
[    1.095752] usbcore: registered new interface driver hub
[    1.096029] usbcore: registered new device driver usb
[    1.096251] mc: Linux media interface: v0.10
[    1.096395] videodev: Linux video capture interface: v2.00
[    1.096558] pps_core: LinuxPPS API ver. 1 registered
[    1.096643] pps_core: Software ver. 5.3.6 - Copyright 2005-2007 Rodolfo Giometti <giometti@linux.it>
[    1.096803] PTP clock support registered
[    1.097721] EDAC MC: Ver: 3.0.0
[    1.099649] Advanced Linux Sound Architecture Driver Initialized.
[    1.100144] PCI: Using ACPI for IRQ routing
[    1.103026] PCI: pci_cache_line_size set to 64 bytes
[    1.103026] e820: reserve RAM buffer [mem 0x0009f000-0x0009ffff]
[    1.103026] e820: reserve RAM buffer [mem 0xbf6d0000-0xbfffffff]
[    1.103278] Bluetooth: Core ver 2.22
[    1.103432] NET: Registered protocol family 31
[    1.103432] Bluetooth: HCI device and connection manager initialized
[    1.103432] Bluetooth: HCI socket layer initialized
[    1.103432] Bluetooth: L2CAP socket layer initialized
[    1.103432] Bluetooth: SCO socket layer initialized
[    1.103432] clocksource: Switched to clocksource hpet
[    1.103432] *** VALIDATE ramfs ***
[    1.103432] pnp: PnP ACPI init
[    1.107439] system 00:00: [mem 0x00000000-0x0009ffff] could not be reserved
[    1.107547] system 00:00: [mem 0x000c0000-0x000c3fff] could not be reserved
[    1.107652] system 00:00: [mem 0x000c4000-0x000c7fff] could not be reserved
[    1.107756] system 00:00: [mem 0x000c8000-0x000cbfff] has been reserved
[    1.107858] system 00:00: [mem 0x000cc000-0x000cffff] has been reserved
[    1.107962] system 00:00: [mem 0x000dc000-0x000dffff] could not be reserved
[    1.108067] system 00:00: [mem 0x000e0000-0x000e3fff] could not be reserved
[    1.108172] system 00:00: [mem 0x000e4000-0x000e7fff] could not be reserved
[    1.108278] system 00:00: [mem 0x000e8000-0x000ebfff] could not be reserved
[    1.108383] system 00:00: [mem 0x000ec000-0x000effff] could not be reserved
[    1.108489] system 00:00: [mem 0x000f0000-0x000fffff] could not be reserved
[    1.108594] system 00:00: [mem 0x00100000-0xbfffffff] could not be reserved
[    1.108700] system 00:00: [mem 0xfec00000-0xfed3ffff] could not be reserved
[    1.108805] system 00:00: [mem 0xfed41000-0xffffffff] could not be reserved
[    1.108954] system 00:00: Plug and Play ACPI device, IDs PNP0c01 (active)
[    1.109483] system 00:01: [io  0x164e-0x164f] has been reserved
[    1.109583] system 00:01: [io  0x1000-0x107f] has been reserved
[    1.109680] system 00:01: [io  0x1180-0x11bf] has been reserved
[    1.109778] system 00:01: [io  0x0800-0x080f] has been reserved
[    1.109875] system 00:01: [io  0x15e0-0x15ef] has been reserved
[    1.109974] system 00:01: [io  0x1600-0x165f] could not be reserved
[    1.110074] system 00:01: [mem 0xf0000000-0xf3ffffff] has been reserved
[    1.110176] system 00:01: [mem 0xfed1c000-0xfed1ffff] has been reserved
[    1.110278] system 00:01: [mem 0xfed14000-0xfed17fff] has been reserved
[    1.110380] system 00:01: [mem 0xfed18000-0xfed18fff] has been reserved
[    1.110482] system 00:01: [mem 0xfed19000-0xfed19fff] has been reserved
[    1.110621] system 00:01: Plug and Play ACPI device, IDs PNP0c02 (active)
[    1.110958] pnp 00:02: Plug and Play ACPI device, IDs PNP0b00 (active)
[    1.111163] pnp 00:03: Plug and Play ACPI device, IDs PNP0303 (active)
[    1.111312] pnp 00:04: Plug and Play ACPI device, IDs IBM3780 PNP0f13 (active)
[    1.112106] pnp 00:05: [dma 3]
[    1.112323] pnp 00:05: Plug and Play ACPI device, IDs IBM0071 PNP0511 (active)
[    1.112592] pnp 00:06: Plug and Play ACPI device, IDs ATM1200 PNP0c31 (active)
[    1.115120] pnp: PnP ACPI: found 7 devices
[    1.161995] clocksource: acpi_pm: mask: 0xffffff max_cycles: 0xffffff, max_idle_ns: 2085701024 ns
[    1.162137] pci 0000:00:1c.0: bridge window [mem 0x00100000-0x000fffff 64bit pref] to [bus 02] add_size 200000 add_align 100000
[    1.162314] pci 0000:00:1c.0: BAR 9: assigned [mem 0xc0000000-0xc01fffff 64bit pref]
[    1.162420] pci 0000:00:1c.0: PCI bridge to [bus 02]
[    1.162507] pci 0000:00:1c.0:   bridge window [io  0x2000-0x2fff]
[    1.162605] pci 0000:00:1c.0:   bridge window [mem 0xee000000-0xee0fffff]
[    1.162705] pci 0000:00:1c.0:   bridge window [mem 0xc0000000-0xc01fffff 64bit pref]
[    1.162814] pci 0000:00:1c.1: PCI bridge to [bus 03]
[    1.162901] pci 0000:00:1c.1:   bridge window [io  0x3000-0x4fff]
[    1.162998] pci 0000:00:1c.1:   bridge window [mem 0xec000000-0xedffffff]
[    1.163115] pci 0000:00:1c.1:   bridge window [mem 0xe4000000-0xe40fffff 64bit pref]
[    1.163224] pci 0000:00:1c.2: PCI bridge to [bus 04-0b]
[    1.163312] pci 0000:00:1c.2:   bridge window [io  0x5000-0x6fff]
[    1.163409] pci 0000:00:1c.2:   bridge window [mem 0xe8000000-0xe9ffffff]
[    1.163508] pci 0000:00:1c.2:   bridge window [mem 0xe4100000-0xe41fffff 64bit pref]
[    1.163615] pci 0000:00:1c.3: PCI bridge to [bus 0c-13]
[    1.163704] pci 0000:00:1c.3:   bridge window [io  0x7000-0x8fff]
[    1.163801] pci 0000:00:1c.3:   bridge window [mem 0xea000000-0xebffffff]
[    1.163900] pci 0000:00:1c.3:   bridge window [mem 0xe4200000-0xe42fffff 64bit pref]
[    1.164020] pci 0000:15:00.0: BAR 9: assigned [mem 0xe0000000-0xe3ffffff pref]
[    1.164123] pci 0000:15:00.0: BAR 10: assigned [mem 0xc4000000-0xc7ffffff]
[    1.164220] pci 0000:15:00.0: BAR 7: assigned [io  0x9000-0x90ff]
[    1.164313] pci 0000:15:00.0: BAR 8: assigned [io  0x9400-0x94ff]
[    1.164413] pci 0000:15:00.0: CardBus bridge to [bus 16-17]
[    1.164502] pci 0000:15:00.0:   bridge window [io  0x9000-0x90ff]
[    1.164597] pci 0000:15:00.0:   bridge window [io  0x9400-0x94ff]
[    1.164692] pci 0000:15:00.0:   bridge window [mem 0xe0000000-0xe3ffffff pref]
[    1.164793] pci 0000:15:00.0:   bridge window [mem 0xc4000000-0xc7ffffff]
[    1.164892] pci 0000:00:1e.0: PCI bridge to [bus 15-18]
[    1.164981] pci 0000:00:1e.0:   bridge window [io  0x9000-0xcfff]
[    1.165077] pci 0000:00:1e.0:   bridge window [mem 0xe4300000-0xe7ffffff]
[    1.165176] pci 0000:00:1e.0:   bridge window [mem 0xe0000000-0xe3ffffff 64bit pref]
[    1.165286] pci_bus 0000:00: resource 4 [io  0x0000-0x0cf7 window]
[    1.165378] pci_bus 0000:00: resource 5 [io  0x0d00-0xffff window]
[    1.165470] pci_bus 0000:00: resource 6 [mem 0x000a0000-0x000bffff window]
[    1.165566] pci_bus 0000:00: resource 7 [mem 0x000d0000-0x000d3fff window]
[    1.165662] pci_bus 0000:00: resource 8 [mem 0x000d4000-0x000d7fff window]
[    1.165759] pci_bus 0000:00: resource 9 [mem 0x000d8000-0x000dbfff window]
[    1.165856] pci_bus 0000:00: resource 10 [mem 0xc0000000-0xfebfffff window]
[    1.165953] pci_bus 0000:00: resource 11 [mem 0xfed40000-0xfed40fff window]
[    1.166049] pci_bus 0000:02: resource 0 [io  0x2000-0x2fff]
[    1.166138] pci_bus 0000:02: resource 1 [mem 0xee000000-0xee0fffff]
[    1.166231] pci_bus 0000:02: resource 2 [mem 0xc0000000-0xc01fffff 64bit pref]
[    1.166330] pci_bus 0000:03: resource 0 [io  0x3000-0x4fff]
[    1.166418] pci_bus 0000:03: resource 1 [mem 0xec000000-0xedffffff]
[    1.166511] pci_bus 0000:03: resource 2 [mem 0xe4000000-0xe40fffff 64bit pref]
[    1.166609] pci_bus 0000:04: resource 0 [io  0x5000-0x6fff]
[    1.166697] pci_bus 0000:04: resource 1 [mem 0xe8000000-0xe9ffffff]
[    1.166790] pci_bus 0000:04: resource 2 [mem 0xe4100000-0xe41fffff 64bit pref]
[    1.166888] pci_bus 0000:0c: resource 0 [io  0x7000-0x8fff]
[    1.166977] pci_bus 0000:0c: resource 1 [mem 0xea000000-0xebffffff]
[    1.167088] pci_bus 0000:0c: resource 2 [mem 0xe4200000-0xe42fffff 64bit pref]
[    1.167186] pci_bus 0000:15: resource 0 [io  0x9000-0xcfff]
[    1.167275] pci_bus 0000:15: resource 1 [mem 0xe4300000-0xe7ffffff]
[    1.167367] pci_bus 0000:15: resource 2 [mem 0xe0000000-0xe3ffffff 64bit pref]
[    1.167467] pci_bus 0000:15: resource 4 [io  0x0000-0x0cf7 window]
[    1.167559] pci_bus 0000:15: resource 5 [io  0x0d00-0xffff window]
[    1.167651] pci_bus 0000:15: resource 6 [mem 0x000a0000-0x000bffff window]
[    1.167747] pci_bus 0000:15: resource 7 [mem 0x000d0000-0x000d3fff window]
[    1.167843] pci_bus 0000:15: resource 8 [mem 0x000d4000-0x000d7fff window]
[    1.167939] pci_bus 0000:15: resource 9 [mem 0x000d8000-0x000dbfff window]
[    1.168035] pci_bus 0000:15: resource 10 [mem 0xc0000000-0xfebfffff window]
[    1.168131] pci_bus 0000:15: resource 11 [mem 0xfed40000-0xfed40fff window]
[    1.168228] pci_bus 0000:16: resource 0 [io  0x9000-0x90ff]
[    1.168316] pci_bus 0000:16: resource 1 [io  0x9400-0x94ff]
[    1.168405] pci_bus 0000:16: resource 2 [mem 0xe0000000-0xe3ffffff pref]
[    1.168500] pci_bus 0000:16: resource 3 [mem 0xc4000000-0xc7ffffff]
[    1.169074] NET: Registered protocol family 2
[    1.169717] tcp_listen_portaddr_hash hash table entries: 512 (order: 2, 20480 bytes, linear)
[    1.169875] TCP established hash table entries: 8192 (order: 3, 32768 bytes, linear)
[    1.170043] TCP bind hash table entries: 8192 (order: 6, 294912 bytes, linear)
[    1.170598] TCP: Hash tables configured (established 8192 bind 8192)
[    1.171020] UDP hash table entries: 512 (order: 3, 40960 bytes, linear)
[    1.171210] UDP-Lite hash table entries: 512 (order: 3, 40960 bytes, linear)
[    1.171529] NET: Registered protocol family 1
[    1.172296] RPC: Registered named UNIX socket transport module.
[    1.172392] RPC: Registered udp transport module.
[    1.172478] RPC: Registered tcp transport module.
[    1.172564] RPC: Registered tcp NFSv4.1 backchannel transport module.
[    1.173229] pci 0000:00:02.0: Video device with shadowed ROM at [mem 0x000c0000-0x000dffff]
[    1.176961] pci 0000:15:00.0: CLS mismatch (64 != 32), using 64 bytes
[    1.177192] PCI-DMA: Using software bounce buffering for IO (SWIOTLB)
[    1.177286] software IO TLB: mapped [mem 0x31cfc000-0x35cfc000] (64MB)
[    1.180408] Initialise system trusted keyrings
[    1.181110] workingset: timestamp_bits=30 max_order=20 bucket_order=0
[    1.183693] Installing knfsd (copyright (C) 1996 okir@monad.swb.de).
[    1.184484] ntfs: driver 2.1.32 [Flags: R/W].
[    1.184812] fuse: init (API version 7.31)
[    1.184907] *** VALIDATE fuse ***
[    1.184985] *** VALIDATE fuse ***
[    1.194571] Key type asymmetric registered
[    1.194663] Asymmetric key parser 'x509' registered
[    1.194885] bounce: pool size: 64 pages
[    1.195098] Block layer SCSI generic (bsg) driver version 0.4 loaded (major 249)
[    1.195208] io scheduler mq-deadline registered
[    1.195334] io scheduler bfq registered
[    1.198765] intel_idle: does not run on family 6 model 14
[    1.199785] ACPI: Deprecated procfs I/F for AC is loaded, please retry with CONFIG_ACPI_PROCFS_POWER cleared
[    1.200355] ACPI: AC Adapter [AC] (on-line)
[    1.200800] input: Lid Switch as /devices/LNXSYSTM:00/LNXSYBUS:00/PNP0C0D:00/input/input0
[    1.211319] ACPI: Lid Switch [LID]
[    1.211644] input: Sleep Button as /devices/LNXSYSTM:00/LNXSYBUS:00/PNP0C0E:00/input/input1
[    1.215392] ACPI: Sleep Button [SLPB]
[    1.215924] input: Power Button as /devices/LNXSYSTM:00/LNXPWRBN:00/input/input2
[    1.216275] ACPI: Power Button [PWRF]
[    1.217669] ACPI: Video Device [VID] (multi-head: yes  rom: no  post: no)
[    1.226097] acpi device:01: registered as cooling_device0
[    1.226645] input: Video Bus as /devices/LNXSYSTM:00/LNXSYBUS:00/PNP0A08:00/LNXVIDEO:00/input/input3
[    1.245173] thermal LNXTHERM:00: registered as thermal_zone0
[    1.245269] ACPI: Thermal Zone [THM0] (81 C)
[    1.249295] thermal LNXTHERM:01: registered as thermal_zone1
[    1.249390] ACPI: Thermal Zone [THM1] (83 C)
[    1.250188] Serial: 8250/16550 driver, 4 ports, IRQ sharing disabled
[    1.251892] serial8250: ttyS1 at I/O 0x2f8 (irq = 3, base_baud = 921600) is a NS16550A
[    1.256112] lp: driver loaded but no devices found
[    1.256716] Non-volatile memory driver v1.3
[    1.257338] intel_rng: FWH not detected
[    1.257654] Linux agpgart interface v0.103
[    1.258590] [drm] radeon kernel modesetting enabled.
[    1.263296] pci 0000:00:00.0: Intel 945GM Chipset
[    1.263687] pci 0000:00:00.0: detected gtt size: 262144K total, 262144K mappable
[    1.264487] pci 0000:00:00.0: detected 8192K stolen memory
[    1.265513] i915 0000:00:02.0: vgaarb: deactivate vga console
[    1.268681] Console: switching to colour dummy device 80x25
[    1.271675] [drm] Supports vblank timestamp caching Rev 2 (21.10.2013).
[    1.271721] [drm] Driver supports precise vblank timestamp query.
[    1.271777] resource sanity check: requesting [mem 0x000c0000-0x000dffff], which spans more than pnp 00:00 [mem 0x000c8000-0x000cbfff]
[    1.271864] caller pci_map_rom+0x75/0x1d0 mapping multiple BARs
[    1.278102] i915 0000:00:02.0: vgaarb: changed VGA decodes: olddecodes=io+mem,decodes=io+mem:owns=io+mem
[    1.279710] battery: ACPI: Deprecated procfs I/F for battery is loaded, please retry with CONFIG_ACPI_PROCFS_POWER cleared
[    1.279808] battery: ACPI: Battery Slot [BAT0] (battery present)
[    1.323103] random: fast init done
[    1.365326] [drm] Initialized overlay support.
[    1.367280] [drm] Initialized i915 1.6.0 20191101 for 0000:00:02.0 on minor 0
[    1.368476] usbcore: registered new interface driver udl
[    1.384231] loop: module loaded
[    1.389588] fbcon: i915drmfb (fb0) is primary device
[    1.460886] ahci 0000:00:1f.2: version 3.0
[    1.461674] ahci 0000:00:1f.2: AHCI 0001.0100 32 slots 4 ports 1.5 Gbps 0x1 impl SATA mode
[    1.461680] ahci 0000:00:1f.2: flags: 64bit ncq pm led clo pio slum part 
[    1.464568] scsi host0: ahci
[    1.465306] scsi host1: ahci
[    1.465930] scsi host2: ahci
[    1.466584] scsi host3: ahci
[    1.466978] ata1: SATA max UDMA/133 abar m1024@0xee444400 port 0xee444500 irq 16
[    1.466981] ata2: DUMMY
[    1.466983] ata3: DUMMY
[    1.466985] ata4: DUMMY
[    1.467282] ata_piix 0000:00:1f.1: version 2.13
[    1.470568] scsi host4: ata_piix
[    1.471156] scsi host5: ata_piix
[    1.471451] ata5: PATA max UDMA/100 cmd 0x1f0 ctl 0x3f6 bmdma 0x1810 irq 14
[    1.471454] ata6: PATA max UDMA/100 cmd 0x170 ctl 0x376 bmdma 0x1818 irq 15
[    1.472959] tun: Universal TUN/TAP device driver, 1.6
[    1.473473] e1000: Intel(R) PRO/1000 Network Driver - version 7.3.21-k8-NAPI
[    1.473475] e1000: Copyright (c) 1999-2006 Intel Corporation.
[    1.473555] e1000e: Intel(R) PRO/1000 Network Driver - 3.2.6-k
[    1.473557] e1000e: Copyright(c) 1999 - 2015 Intel Corporation.
[    1.474030] e1000e 0000:02:00.0: Interrupt Throttling Rate (ints/sec) set to dynamic conservative mode
[    1.483285] ata6: port disabled--ignoring
[    1.600199] e1000e 0000:02:00.0 eth0: (PCI Express:2.5GT/s:Width x1) 00:16:d3:25:19:04
[    1.600231] e1000e 0000:02:00.0 eth0: Intel(R) PRO/1000 Network Connection
[    1.600310] e1000e 0000:02:00.0 eth0: MAC: 2, PHY: 2, PBA No: 005302-003
[    1.600609] PPP generic driver version 2.4.2
[    1.600858] PPP BSD Compression module registered
[    1.600862] PPP Deflate Compression module registered
[    1.600864] SLIP: version 0.8.4-NET3.019-NEWTTY (dynamic channels, max=256).
[    1.600866] CSLIP: code copyright 1989 Regents of the University of California.
[    1.600962] iwl3945: Intel(R) PRO/Wireless 3945ABG/BG Network Connection driver for Linux, in-tree:ds
[    1.600964] iwl3945: Copyright(c) 2003-2011 Intel Corporation
[    1.600965] iwl3945: hw_scan is disabled
[    1.656009] iwl3945 0000:03:00.0: Tunable channels: 11 802.11bg, 13 802.11a channels
[    1.656013] iwl3945 0000:03:00.0: Detected Intel Wireless WiFi Link 3945ABG
[    1.657029] ieee80211 phy0: Selected rate control algorithm 'iwl-3945-rs'
[    1.658120] Intel(R) Wireless WiFi driver for Linux
[    1.658122] Copyright(c) 2003- 2015 Intel Corporation
[    1.658378] usbcore: registered new interface driver ax88179_178a
[    1.658430] usbcore: registered new interface driver cdc_ether
[    1.658478] usbcore: registered new interface driver net1080
[    1.658524] usbcore: registered new interface driver cdc_subset
[    1.658570] usbcore: registered new interface driver zaurus
[    1.658642] usbcore: registered new interface driver cdc_ncm
[    1.658731] pci 0000:00:1e.0: enabling device (0005 -> 0007)
[    1.658985] yenta_cardbus 0000:15:00.0: CardBus bridge found [17aa:201c]
[    1.789292] ata1: SATA link up 1.5 Gbps (SStatus 113 SControl 300)
[    1.833896] ata1.00: ACPI cmd ef/02:00:00:00:00:a0 (SET FEATURES) succeeded
[    1.833901] ata1.00: ACPI cmd f5/00:00:00:00:00:a0 (SECURITY FREEZE LOCK) filtered out
[    1.833905] ata1.00: ACPI cmd ef/10:03:00:00:00:a0 (SET FEATURES) filtered out
[    1.877840] ata1.00: ATA-9: ST1000LM014-1EJ164, SM11, max UDMA/133
[    1.877844] ata1.00: 1953525168 sectors, multi 16: LBA48 NCQ (depth 32), AA
[    1.922597] ata1.00: ACPI cmd ef/02:00:00:00:00:a0 (SET FEATURES) succeeded
[    1.922601] ata1.00: ACPI cmd f5/00:00:00:00:00:a0 (SECURITY FREEZE LOCK) filtered out
[    1.922605] ata1.00: ACPI cmd ef/10:03:00:00:00:a0 (SET FEATURES) filtered out
[    1.966598] ata1.00: configured for UDMA/133
[    2.074408] Console: switching to colour frame buffer device 102x42
[    2.196741] i915 0000:00:02.0: fb0: i915drmfb frame buffer device
[    2.199981] scsi 0:0:0:0: Direct-Access     ATA      ST1000LM014-1EJ1 SM11 PQ: 0 ANSI: 5
[    2.203968] sd 0:0:0:0: [sda] 1953525168 512-byte logical blocks: (1.00 TB/932 GiB)
[    2.204159] sd 0:0:0:0: Attached scsi generic sg0 type 0
[    2.206625] sd 0:0:0:0: [sda] 4096-byte physical blocks
[    2.211839] sd 0:0:0:0: [sda] Write Protect is off
[    2.214341] sd 0:0:0:0: [sda] Mode Sense: 00 3a 00 00
[    2.214416] sd 0:0:0:0: [sda] Write cache: enabled, read cache: enabled, doesn't support DPO or FUA
[    2.218888]  sda: sda1 sda2 sda3 sda4
[    2.224016] sd 0:0:0:0: [sda] Attached SCSI disk
[    2.359906] yenta_cardbus 0000:15:00.0: ISA IRQ mask 0x0cb8, PCI irq 16
[    2.362529] yenta_cardbus 0000:15:00.0: Socket status: 30000006
[    2.365166] yenta_cardbus 0000:15:00.0: pcmcia: parent PCI bridge window: [io  0x9000-0xcfff]
[    2.367816] yenta_cardbus 0000:15:00.0: pcmcia: parent PCI bridge window: [mem 0xe4300000-0xe7ffffff]
[    2.370375] pcmcia_socket pcmcia_socket0: cs: memory probe 0xe4300000-0xe7ffffff:
[    2.372941]  excluding 0xe4300000-0xe46cffff
[    2.375707] yenta_cardbus 0000:15:00.0: pcmcia: parent PCI bridge window: [mem 0xe0000000-0xe3ffffff 64bit pref]
[    2.378382] pcmcia_socket pcmcia_socket0: cs: memory probe 0xe0000000-0xe3ffffff:
[    2.381155]  excluding 0xe0000000-0xe3ffffff
[    2.384931] ehci_hcd: USB 2.0 'Enhanced' Host Controller (EHCI) Driver
[    2.387659] ehci-pci: EHCI PCI platform driver
[    2.390883] ehci-pci 0000:00:1d.7: EHCI Host Controller
[    2.393974] ehci-pci 0000:00:1d.7: new USB bus registered, assigned bus number 1
[    2.396858] ehci-pci 0000:00:1d.7: debug port 1
[    2.403683] ehci-pci 0000:00:1d.7: cache line size of 64 is not supported
[    2.406635] ehci-pci 0000:00:1d.7: irq 19, io mem 0xee444000
[    2.423106] ehci-pci 0000:00:1d.7: USB 2.0 started, EHCI 1.00
[    2.426391] usb usb1: New USB device found, idVendor=1d6b, idProduct=0002, bcdDevice= 5.05
[    2.429414] usb usb1: New USB device strings: Mfr=3, Product=2, SerialNumber=1
[    2.432394] usb usb1: Product: EHCI Host Controller
[    2.435311] usb usb1: Manufacturer: Linux 5.5.0+ ehci_hcd
[    2.438198] usb usb1: SerialNumber: 0000:00:1d.7
[    2.441882] hub 1-0:1.0: USB hub found
[    2.444799] hub 1-0:1.0: 8 ports detected
[    2.449823] ohci_hcd: USB 1.1 'Open' Host Controller (OHCI) Driver
[    2.452626] ohci-pci: OHCI PCI platform driver
[    2.455431] uhci_hcd: USB Universal Host Controller Interface driver
[    2.458716] uhci_hcd 0000:00:1d.0: UHCI Host Controller
[    2.461800] uhci_hcd 0000:00:1d.0: new USB bus registered, assigned bus number 2
[    2.464604] uhci_hcd 0000:00:1d.0: detected 2 ports
[    2.467343] uhci_hcd 0000:00:1d.0: irq 16, io base 0x00001820
[    2.470286] usb usb2: New USB device found, idVendor=1d6b, idProduct=0001, bcdDevice= 5.05
[    2.473090] usb usb2: New USB device strings: Mfr=3, Product=2, SerialNumber=1
[    2.475910] usb usb2: Product: UHCI Host Controller
[    2.478628] usb usb2: Manufacturer: Linux 5.5.0+ uhci_hcd
[    2.481301] usb usb2: SerialNumber: 0000:00:1d.0
[    2.484664] hub 2-0:1.0: USB hub found
[    2.487348] hub 2-0:1.0: 2 ports detected
[    2.491234] uhci_hcd 0000:00:1d.1: UHCI Host Controller
[    2.494087] uhci_hcd 0000:00:1d.1: new USB bus registered, assigned bus number 3
[    2.496769] uhci_hcd 0000:00:1d.1: detected 2 ports
[    2.499362] uhci_hcd 0000:00:1d.1: irq 17, io base 0x00001840
[    2.502121] usb usb3: New USB device found, idVendor=1d6b, idProduct=0001, bcdDevice= 5.05
[    2.504672] usb usb3: New USB device strings: Mfr=3, Product=2, SerialNumber=1
[    2.507143] usb usb3: Product: UHCI Host Controller
[    2.509516] usb usb3: Manufacturer: Linux 5.5.0+ uhci_hcd
[    2.511892] usb usb3: SerialNumber: 0000:00:1d.1
[    2.514931] hub 3-0:1.0: USB hub found
[    2.517347] hub 3-0:1.0: 2 ports detected
[    2.520990] uhci_hcd 0000:00:1d.2: UHCI Host Controller
[    2.523576] uhci_hcd 0000:00:1d.2: new USB bus registered, assigned bus number 4
[    2.525899] uhci_hcd 0000:00:1d.2: detected 2 ports
[    2.528250] uhci_hcd 0000:00:1d.2: irq 18, io base 0x00001860
[    2.530788] usb usb4: New USB device found, idVendor=1d6b, idProduct=0001, bcdDevice= 5.05
[    2.533159] usb usb4: New USB device strings: Mfr=3, Product=2, SerialNumber=1
[    2.535495] usb usb4: Product: UHCI Host Controller
[    2.537765] usb usb4: Manufacturer: Linux 5.5.0+ uhci_hcd
[    2.540068] usb usb4: SerialNumber: 0000:00:1d.2
[    2.543082] hub 4-0:1.0: USB hub found
[    2.545406] hub 4-0:1.0: 2 ports detected
[    2.548999] uhci_hcd 0000:00:1d.3: UHCI Host Controller
[    2.551547] uhci_hcd 0000:00:1d.3: new USB bus registered, assigned bus number 5
[    2.553846] uhci_hcd 0000:00:1d.3: detected 2 ports
[    2.556220] uhci_hcd 0000:00:1d.3: irq 19, io base 0x00001880
[    2.558701] usb usb5: New USB device found, idVendor=1d6b, idProduct=0001, bcdDevice= 5.05
[    2.561040] usb usb5: New USB device strings: Mfr=3, Product=2, SerialNumber=1
[    2.563365] usb usb5: Product: UHCI Host Controller
[    2.565652] usb usb5: Manufacturer: Linux 5.5.0+ uhci_hcd
[    2.567915] usb usb5: SerialNumber: 0000:00:1d.3
[    2.570815] hub 5-0:1.0: USB hub found
[    2.573083] hub 5-0:1.0: 2 ports detected
[    2.576320] usbcore: registered new interface driver cdc_acm
[    2.578474] cdc_acm: USB Abstract Control Model driver for USB modems and ISDN adapters
[    2.580826] usbcore: registered new interface driver usblp
[    2.583212] usbcore: registered new interface driver usb-storage
[    2.585498] usbcore: registered new interface driver ums-sddr09
[    2.587877] usbcore: registered new interface driver usbserial_generic
[    2.590107] usbserial: USB Serial support registered for generic
[    2.592386] usbcore: registered new interface driver ch341
[    2.594579] usbserial: USB Serial support registered for ch341-uart
[    2.596846] usbcore: registered new interface driver cp210x
[    2.599052] usbserial: USB Serial support registered for cp210x
[    2.601302] usbcore: registered new interface driver ftdi_sio
[    2.603539] usbserial: USB Serial support registered for FTDI USB Serial Device
[    2.605902] usbcore: registered new interface driver option
[    2.608241] usbserial: USB Serial support registered for GSM modem (1-port)
[    2.610728] usbcore: registered new interface driver pl2303
[    2.613122] usbserial: USB Serial support registered for pl2303
[    2.615554] usbcore: registered new interface driver ti_usb_3410_5052
[    2.617981] usbserial: USB Serial support registered for TI USB 3410 1 port adapter
[    2.620445] usbserial: USB Serial support registered for TI USB 5052 2 port adapter
[    2.622797] ftdi_elan: driver ftdi-elan
[    2.625153] usbcore: registered new interface driver ftdi-elan
[    2.627720] i8042: PNP: PS/2 Controller [PNP0303:KBD,PNP0f13:MOU] at 0x60,0x64 irq 1,12
[    2.640107] serio: i8042 KBD port at 0x60,0x64 irq 1
[    2.642829] serio: i8042 AUX port at 0x60,0x64 irq 12
[    2.646019] mousedev: PS/2 mouse device common for all mice
[    2.649910] input: PC Speaker as /devices/platform/pcspkr/input/input5
[    2.653013] rtc_cmos 00:02: RTC can wake from S4
[    2.656246] rtc_cmos 00:02: registered as rtc0
[    2.658863] rtc_cmos 00:02: alarms up to one month, y3k, 114 bytes nvram, hpet irqs
[    2.661558] usbcore: registered new interface driver uvcvideo
[    2.664046] USB Video Class driver (1.1.1)
[    2.666517] gspca_main: v2.14.0 registered
[    2.669185] input: AT Translated Set 2 keyboard as /devices/platform/i8042/serio0/input/input4
[    2.672210] usbcore: registered new interface driver sq930x
[    2.676403] device-mapper: ioctl: 4.41.0-ioctl (2019-09-16) initialised: dm-devel@redhat.com
[    2.679154] Bluetooth: HCI UART driver ver 2.3
[    2.681791] Bluetooth: HCI UART protocol H4 registered
[    2.684423] Bluetooth: HCI UART protocol BCSP registered
[    2.687086] usbcore: registered new interface driver btusb
[    2.689684] intel_pstate: CPU model not supported
[    2.692454] sdhci: Secure Digital Host Controller Interface driver
[    2.695165] sdhci: Copyright(c) Pierre Ossman
[    2.697858] sdhci-pci 0000:15:00.2: SDHCI controller found [1180:0822] (rev 18)
[    2.700964] sdhci-pci 0000:15:00.2: Will use DMA mode even though HW doesn't fully claim to support it.
[    2.704267] mmc0 bounce up to 128 segments into one, max segment size 65536 bytes
[    2.707284] sdhci-pci 0000:15:00.2: Will use DMA mode even though HW doesn't fully claim to support it.
[    2.710738] mmc0: SDHCI controller on PCI [0000:15:00.2] using DMA
[    2.714408] hid: raw HID events driver (C) Jiri Kosina
[    2.719013] usbcore: registered new interface driver usbhid
[    2.721971] usbhid: USB HID core driver
[    2.725897] thinkpad_acpi: ThinkPad ACPI Extras v0.26
[    2.729335] thinkpad_acpi: http://ibm-acpi.sf.net/
[    2.732078] thinkpad_acpi: ThinkPad BIOS 7BETD8WW (2.19 ), EC 7BHT40WW-1.13
[    2.734837] thinkpad_acpi: Lenovo ThinkPad X60, model 17097HU
[    2.744127] thinkpad_acpi: ACPI backlight control delay disabled
[    2.747390] thinkpad_acpi: radio switch found; radios are enabled
[    2.750419] thinkpad_acpi: This ThinkPad has standard ACPI backlight brightness control, supported by the ACPI video driver
[    2.756132] thinkpad_acpi: Disabling thinkpad-acpi brightness events by default...
[    2.766940] sdhci-pci 0000:15:00.2: Will use DMA mode even though HW doesn't fully claim to support it.
[    2.771230] thinkpad_acpi: rfkill switch tpacpi_bluetooth_sw: radio is unblocked
[    2.777762] thinkpad_acpi: warning: userspace override of important firmware LEDs is enabled
[    2.785997] thinkpad_acpi: Standard ACPI backlight interface available, not loading native one
[    2.789141] thinkpad_acpi: volume: disabled as there is no ALSA support in this kernel
[    2.792952] thinkpad_acpi: battery 1 registered (start 0, stop 0)
[    2.792970] battery: new extension: ThinkPad Battery Extension
[    2.799459] input: ThinkPad Extra Buttons as /devices/platform/thinkpad_acpi/input/input8
[    2.810509] snd_hda_intel 0000:00:1b.0: probe_mask set to 0x1 for device 17aa:2010
[    2.814104] usbcore: registered new interface driver snd-usb-audio
[    2.819764] NET: Registered protocol family 17
[    2.823123] Bluetooth: RFCOMM TTY layer initialized
[    2.826237] Bluetooth: RFCOMM socket layer initialized
[    2.833022] sdhci-pci 0000:15:00.2: Will use DMA mode even though HW doesn't fully claim to support it.
[    2.834648] snd_hda_codec_analog hdaudioC0D0: autoconfig for AD1981: line_outs=1 (0x5/0x0/0x0/0x0/0x0) type:speaker
[    2.842685] Bluetooth: RFCOMM ver 1.11
[    2.845867] Bluetooth: BNEP (Ethernet Emulation) ver 1.3
[    2.849037] snd_hda_codec_analog hdaudioC0D0:    speaker_outs=0 (0x0/0x0/0x0/0x0/0x0)
[    2.852340] snd_hda_codec_analog hdaudioC0D0:    hp_outs=0 (0x0/0x0/0x0/0x0/0x0)
[    2.855063] Bluetooth: BNEP filters: protocol multicast
[    2.855590] snd_hda_codec_analog hdaudioC0D0:    mono: mono_out=0x0
[    2.859159] Bluetooth: BNEP socket layer initialized
[    2.861908] snd_hda_codec_analog hdaudioC0D0:    inputs:
[    2.865181] Bluetooth: HIDP (Human Interface Emulation) ver 1.2
[    2.868118] snd_hda_codec_analog hdaudioC0D0:      Mic=0x8
[    2.871265] Bluetooth: HIDP socket layer initialized
[    2.874178] snd_hda_codec_analog hdaudioC0D0:      CD=0x19
[    2.877462] microcode: sig=0x6e8, pf=0x20, revision=0x39
[    2.883463] microcode: Microcode Update Driver: v2.2.
[    2.883469] IPI shorthand broadcast: enabled
[    2.890401] Loading compiled-in X.509 certificates
[    2.894573] Key type ._fscrypt registered
[    2.897869] Key type .fscrypt registered
[    2.902492] Key type encrypted registered
[    2.906351] rtc_cmos 00:02: setting system clock to 2020-01-30T19:08:25 UTC (1580411305)
[    2.913917] cfg80211: Loading compiled-in X.509 certificates for regulatory database
[    2.922164] cfg80211: Loaded X.509 cert 'sforshee: 00b28ddf47aef9cea7'
[    2.925333] platform regulatory.0: Direct firmware load for regulatory.db failed with error -2
[    2.927589] PM: Image not found (code -22)
[    2.928187] ALSA device list:
[    2.928359] cfg80211: failed to load regulatory.db
[    2.931599]   #0: HDA Intel at 0xee240000 irq 17
[    2.937543] sdhci-pci 0000:15:00.2: Will use DMA mode even though HW doesn't fully claim to support it.
[    3.015486] sdhci-pci 0000:15:00.2: Will use DMA mode even though HW doesn't fully claim to support it.
[    3.055123] usb 5-1: new full-speed USB device number 2 using uhci_hcd
[    3.244595] usb 5-1: New USB device found, idVendor=0a5c, idProduct=2110, bcdDevice= 1.00
[    3.249561] usb 5-1: New USB device strings: Mfr=1, Product=2, SerialNumber=0
[    3.254474] usb 5-1: Product: BCM2045B
[    3.259326] usb 5-1: Manufacturer: Broadcom Corp
[    3.264331] psmouse serio1: trackpoint: IBM TrackPoint firmware: 0x0e, buttons: 3/3
[    3.288751] input: TPPS/2 IBM TrackPoint as /devices/platform/i8042/serio1/input/input7
[    3.297335] md: Waiting for all devices to be available before autodetect
[    3.300895] md: If you don't use raid, use raid=noautodetect
[    3.305702] md: Autodetecting RAID arrays.
[    3.309322] md: autorun ...
[    3.312784] md: ... autorun DONE.
[    3.322643] EXT4-fs (sda4): mounted filesystem with ordered data mode. Opts: (null)
[    3.325402] VFS: Mounted root (ext4 filesystem) readonly on device 8:4.
[    3.328974] devtmpfs: mounted
[    3.333330] Freeing unused kernel image (initmem) memory: 656K
[    3.339489] Write protecting kernel text and read-only data: 18268k
[    3.342195] NX-protecting the kernel data: 7444k
[    3.345739] x86/mm: Checked W+X mappings: passed, no W+X pages found.
[    3.348483] rodata_test: all tests were successful
[    3.351309] x86/mm: Checking user space page tables
[    3.354049] x86/mm: Checked W+X mappings: passed, no W+X pages found.
[    3.356781] Run /sbin/init as init process
[    3.457574] random: systemd: uninitialized urandom read (16 bytes read)
[    3.463170] systemd[1]: systemd 215 running in system mode. (+PAM +AUDIT +SELINUX +IMA +SYSVINIT +LIBCRYPTSETUP +GCRYPT +ACL +XZ -SECCOMP -APPARMOR)
[    3.491351] systemd[1]: Detected architecture 'x86'.
[    3.539789] systemd[1]: Failed to insert module 'ipv6'
[    3.544368] systemd[1]: Set hostname to <amd>.
[    3.591593] random: systemd-sysv-ge: uninitialized urandom read (16 bytes read)
[    3.706376] random: systemd: uninitialized urandom read (16 bytes read)
[    3.752055] systemd[1]: [/lib/systemd/system/anacron.timer:6] Unknown lvalue 'RandomizedDelaySec' in section 'Timer'
[    3.788036] systemd[1]: Binding to IPv6 address not available since kernel does not support IPv6.
[    3.792065] systemd[1]: [/lib/systemd/system/gpsd.socket:6] Failed to parse address value, ignoring: [::1]:2947
[    3.850682] systemd[1]: Starting User and Group Name Lookups.
[    3.862198] systemd[1]: Reached target User and Group Name Lookups.
[    3.865275] systemd[1]: Starting Forward Password Requests to Wall Directory Watch.
[    3.967091] usb 5-2: new full-speed USB device number 3 using uhci_hcd
[    4.166556] usb 5-2: New USB device found, idVendor=0483, idProduct=2016, bcdDevice= 0.01
[    4.168945] usb 5-2: New USB device strings: Mfr=1, Product=2, SerialNumber=0
[    4.171326] usb 5-2: Product: Biometric Coprocessor
[    4.173629] usb 5-2: Manufacturer: STMicroelectronics
[    4.252771] systemd-udevd[1993]: starting version 215
[    4.349272] EXT4-fs (sda4): re-mounted. Opts: errors=remount-ro
[    5.093177] e1000e 0000:02:00.0 eth1: renamed from eth0
[    5.143458] systemd-udevd[2538]: renamed network interface eth0 to eth1
[    5.863159] Adding 2097148k swap on /dev/sda1.  Priority:-2 extents:1 across:2097148k 
[    6.042152] EXT4-fs (sda2): mounted filesystem with ordered data mode. Opts: errors=remount-ro
[    6.457507] random: crng init done
[    6.459755] random: 7 urandom warning(s) missed due to ratelimiting
[    6.463753] systemd-journald[1996]: Received request to flush runtime journal from PID 1
[   12.740672] iwl3945 0000:03:00.0: loaded firmware version 15.32.2.9
[   36.056545] traps: clock-applet[3633] trap int3 ip:b71f6fc0 sp:bf94fd90 error:0 in libglib-2.0.so.0.5000.3[b71aa000+12a000]
[   38.195991] wlan0: authenticate with 5c:f4:ab:10:d2:bb
[   38.196378] wlan0: send auth to 5c:f4:ab:10:d2:bb (try 1/3)
[   38.198340] wlan0: authenticated
[   38.207263] wlan0: associate with 5c:f4:ab:10:d2:bb (try 1/3)
[   38.210005] wlan0: RX AssocResp from 5c:f4:ab:10:d2:bb (capab=0x411 status=0 aid=1)
[   38.211833] wlan0: associated
