[    0.000000] Linux version 5.1.0-rc6-next-20190426autobisect1556312680+ (pavel@duo) (gcc version 4.9.2 (Debian 4.9.2-10+deb8u2)) #265 SMP Fri Apr 26 23:22:37 CEST 2019
[    0.000000] Disabled fast string operations
[    0.000000] x86/fpu: x87 FPU will use FXSAVE
[    0.000000] BIOS-provided physical RAM map:
[    0.000000] BIOS-e820: [mem 0x0000000000000000-0x000000000009efff] usable
[    0.000000] BIOS-e820: [mem 0x000000000009f000-0x000000000009ffff] reserved
[    0.000000] BIOS-e820: [mem 0x00000000000dc000-0x00000000000fffff] reserved
[    0.000000] BIOS-e820: [mem 0x0000000000100000-0x00000000bf6cffff] usable
[    0.000000] BIOS-e820: [mem 0x00000000bf6d0000-0x00000000bf6defff] ACPI data
[    0.000000] BIOS-e820: [mem 0x00000000bf6df000-0x00000000bf6fffff] ACPI NVS
[    0.000000] BIOS-e820: [mem 0x00000000bf700000-0x00000000bfffffff] reserved
[    0.000000] BIOS-e820: [mem 0x00000000f0000000-0x00000000f3ffffff] reserved
[    0.000000] BIOS-e820: [mem 0x00000000fec00000-0x00000000fec0ffff] reserved
[    0.000000] BIOS-e820: [mem 0x00000000fed00000-0x00000000fed003ff] reserved
[    0.000000] BIOS-e820: [mem 0x00000000fed14000-0x00000000fed19fff] reserved
[    0.000000] BIOS-e820: [mem 0x00000000fed1c000-0x00000000fed8ffff] reserved
[    0.000000] BIOS-e820: [mem 0x00000000fee00000-0x00000000fee00fff] reserved
[    0.000000] BIOS-e820: [mem 0x00000000ff800000-0x00000000ffffffff] reserved
[    0.000000] NX (Execute Disable) protection: active
[    0.000000] SMBIOS 2.4 present.
[    0.000000] DMI: LENOVO 17097HU/17097HU, BIOS 7BETD8WW (2.19 ) 03/31/2011
[    0.000000] tsc: Fast TSC calibration using PIT
[    0.000000] tsc: Detected 1828.858 MHz processor
[    0.013888] e820: update [mem 0x00000000-0x00000fff] usable ==> reserved
[    0.013894] e820: remove [mem 0x000a0000-0x000fffff] usable
[    0.013907] last_pfn = 0xbf6d0 max_arch_pfn = 0x1000000
[    0.013920] MTRR default type: uncachable
[    0.013923] MTRR fixed ranges enabled:
[    0.013927]   00000-9FFFF write-back
[    0.013930]   A0000-BFFFF uncachable
[    0.013933]   C0000-CFFFF write-protect
[    0.013936]   D0000-DBFFF uncachable
[    0.013939]   DC000-DFFFF write-back
[    0.013942]   E0000-FFFFF write-protect
[    0.013945] MTRR variable ranges enabled:
[    0.013949]   0 base 000000000 mask F80000000 write-back
[    0.013952]   1 base 080000000 mask FC0000000 write-back
[    0.013956]   2 base 0BF700000 mask FFFF00000 uncachable
[    0.013959]   3 base 0BF800000 mask FFF800000 uncachable
[    0.013961]   4 disabled
[    0.013964]   5 disabled
[    0.013966]   6 disabled
[    0.013969]   7 disabled
[    0.015004] x86/PAT: PAT not supported by CPU.
[    0.016200] x86/PAT: Configuration [0-7]: WB  WT  UC- UC  WB  WT  UC- UC  
[    0.016220] initial memory mapped: [mem 0x00000000-0x05dfffff]
[    0.016305] BRK [0x058b0000, 0x058b0fff] PGTABLE
[    0.016323] BRK [0x058b1000, 0x058b1fff] PGTABLE
[    0.016334] ACPI: Early table checksum verification disabled
[    0.016516] ACPI: RSDP 0x00000000000F67C0 000024 (v02 LENOVO)
[    0.016525] ACPI: XSDT 0x00000000BF6D191C 000084 (v01 LENOVO TP-7B    00002190  LTP 00000000)
[    0.016538] ACPI: FACP 0x00000000BF6D1A00 0000F4 (v03 LENOVO TP-7B    00002190 LNVO 00000001)
[    0.016549] ACPI BIOS Warning (bug): 32/64X length mismatch in FADT/Gpe0Block: 64/32 (20190405/tbfadt-569)
[    0.016557] ACPI BIOS Warning (bug): Optional FADT field Gpe1Block has valid Address but zero Length: 0x000000000000102C/0x0 (20190405/tbfadt-624)
[    0.016567] ACPI: DSDT 0x00000000BF6D1D90 00CFB9 (v01 LENOVO TP-7B    00002190 MSFT 0100000E)
[    0.016577] ACPI: FACS 0x00000000BF6F4000 000040
[    0.016584] ACPI: FACS 0x00000000BF6F4000 000040
[    0.016592] ACPI: SSDT 0x00000000BF6D1BB4 0001DC (v01 LENOVO TP-7B    00002190 MSFT 0100000E)
[    0.016601] ACPI: ECDT 0x00000000BF6DED49 000052 (v01 LENOVO TP-7B    00002190 LNVO 00000001)
[    0.016610] ACPI: TCPA 0x00000000BF6DED9B 000032 (v02 LENOVO TP-7B    00002190 LNVO 00000001)
[    0.016619] ACPI: APIC 0x00000000BF6DEDCD 000068 (v01 LENOVO TP-7B    00002190 LNVO 00000001)
[    0.016628] ACPI: MCFG 0x00000000BF6DEE35 00003C (v01 LENOVO TP-7B    00002190 LNVO 00000001)
[    0.016638] ACPI: HPET 0x00000000BF6DEE71 000038 (v01 LENOVO TP-7B    00002190 LNVO 00000001)
[    0.016647] ACPI: BOOT 0x00000000BF6DEFD8 000028 (v01 LENOVO TP-7B    00002190  LTP 00000001)
[    0.016656] ACPI: SSDT 0x00000000BF6F2645 00025F (v01 LENOVO TP-7B    00002190 INTL 20050513)
[    0.016665] ACPI: SSDT 0x00000000BF6F28A4 0000A6 (v01 LENOVO TP-7B    00002190 INTL 20050513)
[    0.016674] ACPI: SSDT 0x00000000BF6F294A 0004F7 (v01 LENOVO TP-7B    00002190 INTL 20050513)
[    0.016683] ACPI: SSDT 0x00000000BF6F2E41 0001D8 (v01 LENOVO TP-7B    00002190 INTL 20050513)
[    0.016704] ACPI: Local APIC address 0xfee00000
[    0.016710] 2176MB HIGHMEM available.
[    0.016715] 885MB LOWMEM available.
[    0.016718]   mapped low ram: 0 - 375fe000
[    0.016722]   low ram: 0 - 375fe000
[    0.016733] BRK [0x058b2000, 0x058b2fff] PGTABLE
[    0.016738] Zone ranges:
[    0.016742]   DMA      [mem 0x0000000000001000-0x0000000000ffffff]
[    0.016747]   Normal   [mem 0x0000000001000000-0x00000000375fdfff]
[    0.016752]   HighMem  [mem 0x00000000375fe000-0x00000000bf6cffff]
[    0.016756] Movable zone start for each node
[    0.016760] Early memory node ranges
[    0.016764]   node   0: [mem 0x0000000000001000-0x000000000009efff]
[    0.016768]   node   0: [mem 0x0000000000100000-0x00000000bf6cffff]
[    0.016773] Initmem setup node 0 [mem 0x0000000000001000-0x00000000bf6cffff]
[    0.016778] On node 0 totalpages: 783982
[    0.028142]   DMA zone: 32 pages used for memmap
[    0.028146]   DMA zone: 0 pages reserved
[    0.028149]   DMA zone: 3998 pages, LIFO batch:0
[    0.028261]   Normal zone: 1740 pages used for memmap
[    0.028264]   Normal zone: 222718 pages, LIFO batch:63
[    0.033873]   HighMem zone: 557266 pages, LIFO batch:63
[    0.047937] Using APIC driver default
[    0.047954] Reserving Intel graphics memory at [mem 0xbf800000-0xbfffffff]
[    0.048436] ACPI: PM-Timer IO Port: 0x1008
[    0.048441] ACPI: Local APIC address 0xfee00000
[    0.048455] ACPI: LAPIC_NMI (acpi_id[0x00] high edge lint[0x1])
[    0.048460] ACPI: LAPIC_NMI (acpi_id[0x01] high edge lint[0x1])
[    0.048491] IOAPIC[0]: apic_id 1, version 32, address 0xfec00000, GSI 0-23
[    0.048498] ACPI: INT_SRC_OVR (bus 0 bus_irq 0 global_irq 2 dfl dfl)
[    0.048506] ACPI: INT_SRC_OVR (bus 0 bus_irq 9 global_irq 9 high level)
[    0.048511] ACPI: IRQ0 used by override.
[    0.048515] ACPI: IRQ9 used by override.
[    0.048522] Using ACPI (MADT) for SMP configuration information
[    0.048527] ACPI: HPET id: 0x8086a201 base: 0xfed00000
[    0.048539] smpboot: Allowing 2 CPUs, 0 hotplug CPUs
[    0.048581] PM: Registered nosave memory: [mem 0x00000000-0x00000fff]
[    0.048587] PM: Registered nosave memory: [mem 0x0009f000-0x0009ffff]
[    0.048591] PM: Registered nosave memory: [mem 0x000a0000-0x000dbfff]
[    0.048595] PM: Registered nosave memory: [mem 0x000dc000-0x000fffff]
[    0.048605] [mem 0xc0000000-0xefffffff] available for PCI devices
[    0.048612] clocksource: refined-jiffies: mask: 0xffffffff max_cycles: 0xffffffff, max_idle_ns: 7645519600211568 ns
[    0.048629] setup_percpu: NR_CPUS:8 nr_cpumask_bits:8 nr_cpu_ids:2 nr_node_ids:1
[    0.048892] percpu: Embedded 37 pages/cpu s119272 r0 d32280 u151552
[    0.048906] pcpu-alloc: s119272 r0 d32280 u151552 alloc=37*4096
[    0.048910] pcpu-alloc: [0] 0 [0] 1 
[    0.048944] Built 1 zonelists, mobility grouping on.  Total pages: 782210
[    0.048955] Kernel command line: BOOT_IMAGE=(hd0,2)/fast/l/linux-next-32/arch/x86/boot/bzImage root=/dev/sda4 resume=/dev/sda1
[    0.049377] Dentry cache hash table entries: 131072 (order: 7, 524288 bytes)
[    0.049494] Inode-cache hash table entries: 65536 (order: 6, 262144 bytes)
[    0.049519] Initializing CPU#0
[    0.081764] Initializing HighMem for node 0 (000375fe:000bf6d0)
[    0.438955] Initializing Movable for node 0 (00000000:00000000)
[    0.512565] Memory: 3019044K/3135928K available (12474K kernel code, 703K rwdata, 4800K rodata, 644K init, 6248K bss, 116884K reserved, 0K cma-reserved, 2229064K highmem)
[    0.512576] virtual kernel memory layout:
    fixmap  : 0xffe70000 - 0xfffff000   (1596 kB)
  cpu_entry : 0xffa00000 - 0xffb31000   (1220 kB)
    pkmap   : 0xff600000 - 0xff800000   (2048 kB)
    vmalloc : 0xf7dfe000 - 0xff5fe000   ( 120 MB)
    lowmem  : 0xc0000000 - 0xf75fe000   ( 885 MB)
      .init : 0xc51ba000 - 0xc525b000   ( 644 kB)
      .data : 0xc4c2e998 - 0xc5197d80   (5540 kB)
      .text : 0xc4000000 - 0xc4c2e998   (12474 kB)
[    0.512581] Checking if this processor honours the WP bit even in supervisor mode...Ok.
[    0.512661] random: get_random_u32 called from cache_alloc_refill+0x7a3/0xb40 with crng_init=0
[    0.513995] Kernel/User page tables isolation: enabled
[    0.514293] rcu: Hierarchical RCU implementation.
[    0.514298] rcu: 	RCU restricting CPUs from NR_CPUS=8 to nr_cpu_ids=2.
[    0.514303] rcu: RCU calculated value of scheduler-enlistment delay is 25 jiffies.
[    0.514307] rcu: Adjusting geometry for rcu_fanout_leaf=16, nr_cpu_ids=2
[    0.514356] NR_IRQS: 2304, nr_irqs: 56, preallocated irqs: 16
[    0.517938] Console: colour VGA+ 80x25
[    0.526037] printk: console [tty0] enabled
[    0.526109] Lock dependency validator: Copyright (c) 2006 Red Hat, Inc., Ingo Molnar
[    0.526197] ... MAX_LOCKDEP_SUBCLASSES:  8
[    0.526268] ... MAX_LOCK_DEPTH:          48
[    0.526340] ... MAX_LOCKDEP_KEYS:        8191
[    0.526413] ... CLASSHASH_SIZE:          4096
[    0.526485] ... MAX_LOCKDEP_ENTRIES:     32768
[    0.526558] ... MAX_LOCKDEP_CHAINS:      65536
[    0.526631] ... CHAINHASH_SIZE:          32768
[    0.526704]  memory used by lock dependency info: 3043 kB
[    0.526781]  per task-struct memory footprint: 1344 bytes
[    0.526869] ACPI: Core revision 20190405
[    0.527423] clocksource: hpet: mask: 0xffffffff max_cycles: 0xffffffff, max_idle_ns: 133484882848 ns
[    0.527552] hpet clockevent registered
[    0.527566] APIC: Switch to symmetric I/O mode setup
[    0.527642] Enabling APIC mode:  Flat.  Using 1 I/O APICs
[    0.528285] ..TIMER: vector=0x30 apic1=0 pin1=2 apic2=-1 pin2=-1
[    0.547561] clocksource: tsc-early: mask: 0xffffffffffffffff max_cycles: 0x1a5ca6b2d95, max_idle_ns: 440795223527 ns
[    0.547685] Calibrating delay loop (skipped), value calculated using timer frequency.. 3657.71 BogoMIPS (lpj=7315432)
[    0.547805] pid_max: default: 32768 minimum: 301
[    0.548139] Mount-cache hash table entries: 2048 (order: 1, 8192 bytes)
[    0.548232] Mountpoint-cache hash table entries: 2048 (order: 1, 8192 bytes)
[    0.548921] *** VALIDATE proc ***
[    0.549091] *** VALIDATE cgroup1 ***
[    0.549164] *** VALIDATE cgroup2 ***
[    0.549248] Disabled fast string operations
[    0.549334] process: using mwait in idle threads
[    0.549417] Last level iTLB entries: 4KB 128, 2MB 0, 4MB 2
[    0.549496] Last level dTLB entries: 4KB 128, 2MB 0, 4MB 8, 1GB 0
[    0.549582] Spectre V2 : Mitigation: Full generic retpoline
[    0.549661] Spectre V2 : Spectre v2 / SpectreRSB mitigation: Filling RSB on context switch
[    0.549759] L1TF: System has more than MAX_PA/2 memory. L1TF mitigation not effective.
[    0.549849] L1TF: You may make it effective by booting the kernel with mem=2147483648 parameter.
[    0.549957] L1TF: However, doing so will make a part of your RAM unusable.
[    0.550042] L1TF: Reading https://www.kernel.org/doc/html/latest/admin-guide/l1tf.html might help you decide.
[    0.550365] Freeing SMP alternatives memory: 44K
[    0.555683] smpboot: CPU0: Genuine Intel(R) CPU           T2400  @ 1.83GHz (family: 0x6, model: 0xe, stepping: 0x8)
[    0.555683] Performance Events: Core events, core PMU driver.
[    0.555683] ... version:                1
[    0.555683] ... bit width:              40
[    0.555683] ... generic registers:      2
[    0.555683] ... value mask:             000000ffffffffff
[    0.555683] ... max period:             000000007fffffff
[    0.555683] ... fixed-purpose events:   0
[    0.555683] ... event mask:             0000000000000003
[    0.555683] rcu: Hierarchical SRCU implementation.
[    0.555683] NMI watchdog: Enabled. Permanently consumes one hw-PMU counter.
[    0.555683] smp: Bringing up secondary CPUs ...
[    0.556632] x86: Booting SMP configuration:
[    0.556714] .... node  #0, CPUs:      #1
[    0.017002] Initializing CPU#1
[    0.017002] Disabled fast string operations
[    0.559176] TSC synchronization [CPU#0 -> CPU#1]:
[    0.559487] Measured 579755 cycles TSC warp between CPUs, turning off TSC clock.
[    0.559588] tsc: Marking TSC unstable due to check_tsc_sync_source failed
[    0.559875] smp: Brought up 1 node, 2 CPUs
[    0.559875] smpboot: Max logical packages: 1
[    0.559875] smpboot: Total of 2 processors activated (7315.43 BogoMIPS)
[    0.561572] devtmpfs: initialized
[    0.561572] PM: Registering ACPI NVS region [mem 0xbf6df000-0xbf6fffff] (135168 bytes)
[    0.563729] clocksource: jiffies: mask: 0xffffffff max_cycles: 0xffffffff, max_idle_ns: 7645041785100000 ns
[    0.563849] futex hash table entries: 512 (order: 3, 32768 bytes)
[    0.564650] NET: Registered protocol family 16
[    0.566190] cpuidle: using governor ladder
[    0.567066] cpuidle: using governor menu
[    0.567066] Simple Boot Flag at 0x35 set to 0x1
[    0.567066] ACPI FADT declares the system doesn't support PCIe ASPM, so disable it
[    0.567066] ACPI: bus type PCI registered
[    0.567878] PCI: MMCONFIG for domain 0000 [bus 00-3f] at [mem 0xf0000000-0xf3ffffff] (base 0xf0000000)
[    0.567994] PCI: MMCONFIG at [mem 0xf0000000-0xf3ffffff] reserved in E820
[    0.568080] PCI: Using MMCONFIG for extended config space
[    0.568161] PCI: Using configuration type 1 for base access
[    0.568626] mtrr: your CPUs had inconsistent variable MTRR settings
[    0.568710] mtrr: probably your BIOS does not setup all CPUs.
[    0.568791] mtrr: corrected configuration.
[    0.640725] ACPI: Added _OSI(Module Device)
[    0.640725] ACPI: Added _OSI(Processor Device)
[    0.640725] ACPI: Added _OSI(3.0 _SCP Extensions)
[    0.640725] ACPI: Added _OSI(Processor Aggregator Device)
[    0.640725] ACPI: Added _OSI(Linux-Dell-Video)
[    0.640731] ACPI: Added _OSI(Linux-Lenovo-NV-HDMI-Audio)
[    0.640812] ACPI: Added _OSI(Linux-HPI-Hybrid-Graphics)
[    0.706960] ACPI: 6 ACPI AML tables successfully acquired and loaded
[    0.711320] ACPI: EC: EC started
[    0.711392] ACPI: EC: interrupt blocked
[    0.716651] ACPI: \: Used as first EC
[    0.716727] ACPI: \: GPE=0x1c, EC_CMD/EC_SC=0x66, EC_DATA=0x62
[    0.716809] ACPI: EC: Boot ECDT EC used to handle transactions
[    0.738526] ACPI: Dynamic OEM Table Load:
[    0.738618] ACPI: SSDT 0x00000000F19B3800 000240 (v01 PmRef  Cpu0Ist  00000100 INTL 20050513)
[    0.740343] ACPI: Dynamic OEM Table Load:
[    0.740434] ACPI: SSDT 0x00000000F129C000 00065A (v01 PmRef  Cpu0Cst  00000100 INTL 20050513)
[    0.744719] ACPI: Dynamic OEM Table Load:
[    0.744808] ACPI: SSDT 0x00000000F18BB400 0000C8 (v01 PmRef  Cpu1Ist  00000100 INTL 20050513)
[    0.745811] ACPI: Dynamic OEM Table Load:
[    0.745899] ACPI: SSDT 0x00000000F18BF540 000085 (v01 PmRef  Cpu1Cst  00000100 INTL 20050513)
[    0.746446] ACPI: Interpreter enabled
[    0.746446] ACPI: (supports S0 S3 S4 S5)
[    0.747701] ACPI: Using IOAPIC for interrupt routing
[    0.747903] PCI: Using host bridge windows from ACPI; if necessary, use "pci=nocrs" and report a bug
[    0.749016] ACPI: Enabled 4 GPEs in block 00 to 1F
[    0.773619] ACPI: Power Resource [PUBS] (on)
[    0.774772] acpi PNP0C0A:01: ACPI dock station (docks/bays count: 1)
[    0.782572] acpi LNXIOBAY:00: ACPI dock station (docks/bays count: 2)
[    0.797105] acpi IBM0079:00: ACPI dock station (docks/bays count: 3)
[    0.799557] ACPI: PCI Interrupt Link [LNKA] (IRQs 3 4 5 6 7 9 10 *11)
[    0.800412] ACPI: PCI Interrupt Link [LNKB] (IRQs 3 4 5 6 7 9 10 *11)
[    0.801254] ACPI: PCI Interrupt Link [LNKC] (IRQs 3 4 5 6 7 9 10 *11)
[    0.802094] ACPI: PCI Interrupt Link [LNKD] (IRQs 3 4 5 6 7 9 10 *11)
[    0.802935] ACPI: PCI Interrupt Link [LNKE] (IRQs 3 4 5 6 7 9 10 *11)
[    0.803788] ACPI: PCI Interrupt Link [LNKF] (IRQs 3 4 5 6 7 9 10 *11)
[    0.804632] ACPI: PCI Interrupt Link [LNKG] (IRQs 3 4 5 6 7 9 10 *11)
[    0.805473] ACPI: PCI Interrupt Link [LNKH] (IRQs 3 4 5 6 7 9 10 *11)
[    0.806004] ACPI: PCI Root Bridge [PCI0] (domain 0000 [bus 00-ff])
[    0.806103] acpi PNP0A08:00: _OSC: OS supports [ExtendedConfig ASPM ClockPM Segments HPX-Type3]
[    0.807153] acpi PNP0A08:00: _OSC: not requesting OS control; OS requires [ExtendedConfig ASPM ClockPM MSI]
[    0.807286] acpi PNP0A08:00: [Firmware Info]: MMCONFIG for domain 0000 [bus 00-3f] only partially covers this bridge
[    0.807652] PCI host bridge to bus 0000:00
[    0.807694] pci_bus 0000:00: root bus resource [io  0x0000-0x0cf7 window]
[    0.807787] pci_bus 0000:00: root bus resource [io  0x0d00-0xffff window]
[    0.807879] pci_bus 0000:00: root bus resource [mem 0x000a0000-0x000bffff window]
[    0.807974] pci_bus 0000:00: root bus resource [mem 0x000d0000-0x000d3fff window]
[    0.808069] pci_bus 0000:00: root bus resource [mem 0x000d4000-0x000d7fff window]
[    0.808164] pci_bus 0000:00: root bus resource [mem 0x000d8000-0x000dbfff window]
[    0.808259] pci_bus 0000:00: root bus resource [mem 0xc0000000-0xfebfffff window]
[    0.808354] pci_bus 0000:00: root bus resource [mem 0xfed40000-0xfed40fff window]
[    0.808450] pci_bus 0000:00: root bus resource [bus 00-ff]
[    0.808564] pci 0000:00:00.0: [8086:27a0] type 00 class 0x060000
[    0.809031] pci 0000:00:02.0: [8086:27a2] type 00 class 0x030000
[    0.809054] pci 0000:00:02.0: reg 0x10: [mem 0xee100000-0xee17ffff]
[    0.809065] pci 0000:00:02.0: reg 0x14: [io  0x1800-0x1807]
[    0.809077] pci 0000:00:02.0: reg 0x18: [mem 0xd0000000-0xdfffffff pref]
[    0.809088] pci 0000:00:02.0: reg 0x1c: [mem 0xee200000-0xee23ffff]
[    0.809546] pci 0000:00:02.1: [8086:27a6] type 00 class 0x038000
[    0.809566] pci 0000:00:02.1: reg 0x10: [mem 0xee180000-0xee1fffff]
[    0.810060] pci 0000:00:1b.0: [8086:27d8] type 00 class 0x040300
[    0.810105] pci 0000:00:1b.0: reg 0x10: [mem 0xee240000-0xee243fff 64bit]
[    0.810270] pci 0000:00:1b.0: PME# supported from D0 D3hot D3cold
[    0.810720] pci 0000:00:1c.0: [8086:27d0] type 01 class 0x060400
[    0.810916] pci 0000:00:1c.0: PME# supported from D0 D3hot D3cold
[    0.811367] pci 0000:00:1c.1: [8086:27d2] type 01 class 0x060400
[    0.811561] pci 0000:00:1c.1: PME# supported from D0 D3hot D3cold
[    0.812069] pci 0000:00:1c.2: [8086:27d4] type 01 class 0x060400
[    0.812264] pci 0000:00:1c.2: PME# supported from D0 D3hot D3cold
[    0.812710] pci 0000:00:1c.3: [8086:27d6] type 01 class 0x060400
[    0.812904] pci 0000:00:1c.3: PME# supported from D0 D3hot D3cold
[    0.813348] pci 0000:00:1d.0: [8086:27c8] type 00 class 0x0c0300
[    0.813426] pci 0000:00:1d.0: reg 0x20: [io  0x1820-0x183f]
[    0.813877] pci 0000:00:1d.1: [8086:27c9] type 00 class 0x0c0300
[    0.813955] pci 0000:00:1d.1: reg 0x20: [io  0x1840-0x185f]
[    0.814406] pci 0000:00:1d.2: [8086:27ca] type 00 class 0x0c0300
[    0.814484] pci 0000:00:1d.2: reg 0x20: [io  0x1860-0x187f]
[    0.814938] pci 0000:00:1d.3: [8086:27cb] type 00 class 0x0c0300
[    0.815016] pci 0000:00:1d.3: reg 0x20: [io  0x1880-0x189f]
[    0.815451] pci 0000:00:1d.7: [8086:27cc] type 00 class 0x0c0320
[    0.815487] pci 0000:00:1d.7: reg 0x10: [mem 0xee444000-0xee4443ff]
[    0.815630] pci 0000:00:1d.7: PME# supported from D0 D3hot D3cold
[    0.816070] pci 0000:00:1e.0: [8086:2448] type 01 class 0x060401
[    0.816604] pci 0000:00:1f.0: [8086:27b9] type 00 class 0x060100
[    0.816764] pci 0000:00:1f.0: quirk: [io  0x1000-0x107f] claimed by ICH6 ACPI/GPIO/TCO
[    0.816867] pci 0000:00:1f.0: quirk: [io  0x1180-0x11bf] claimed by ICH6 GPIO
[    0.816963] pci 0000:00:1f.0: ICH7 LPC Generic IO decode 1 PIO at 1600 (mask 007f)
[    0.817062] pci 0000:00:1f.0: ICH7 LPC Generic IO decode 2 PIO at 15e0 (mask 000f)
[    0.817159] pci 0000:00:1f.0: ICH7 LPC Generic IO decode 3 PIO at 1680 (mask 001f)
[    0.817687] pci 0000:00:1f.1: [8086:27df] type 00 class 0x01018a
[    0.817718] pci 0000:00:1f.1: reg 0x10: [io  0x0000-0x0007]
[    0.817735] pci 0000:00:1f.1: reg 0x14: [io  0x0000-0x0003]
[    0.817751] pci 0000:00:1f.1: reg 0x18: [io  0x0000-0x0007]
[    0.817767] pci 0000:00:1f.1: reg 0x1c: [io  0x0000-0x0003]
[    0.817784] pci 0000:00:1f.1: reg 0x20: [io  0x1810-0x181f]
[    0.817817] pci 0000:00:1f.1: legacy IDE quirk: reg 0x10: [io  0x01f0-0x01f7]
[    0.817910] pci 0000:00:1f.1: legacy IDE quirk: reg 0x14: [io  0x03f6]
[    0.818000] pci 0000:00:1f.1: legacy IDE quirk: reg 0x18: [io  0x0170-0x0177]
[    0.818092] pci 0000:00:1f.1: legacy IDE quirk: reg 0x1c: [io  0x0376]
[    0.818588] pci 0000:00:1f.2: [8086:27c5] type 00 class 0x010601
[    0.818623] pci 0000:00:1f.2: reg 0x10: [io  0x18d0-0x18d7]
[    0.818639] pci 0000:00:1f.2: reg 0x14: [io  0x18c4-0x18c7]
[    0.818656] pci 0000:00:1f.2: reg 0x18: [io  0x18c8-0x18cf]
[    0.818672] pci 0000:00:1f.2: reg 0x1c: [io  0x18c0-0x18c3]
[    0.818689] pci 0000:00:1f.2: reg 0x20: [io  0x18b0-0x18bf]
[    0.818705] pci 0000:00:1f.2: reg 0x24: [mem 0xee444400-0xee4447ff]
[    0.818791] pci 0000:00:1f.2: PME# supported from D3hot
[    0.819209] pci 0000:00:1f.3: [8086:27da] type 00 class 0x0c0500
[    0.819306] pci 0000:00:1f.3: reg 0x20: [io  0x18e0-0x18ff]
[    0.819987] pci 0000:02:00.0: [8086:109a] type 00 class 0x020000
[    0.820051] pci 0000:02:00.0: reg 0x10: [mem 0xee000000-0xee01ffff]
[    0.820100] pci 0000:02:00.0: reg 0x18: [io  0x2000-0x201f]
[    0.820360] pci 0000:02:00.0: PME# supported from D0 D3hot D3cold
[    0.820759] pci 0000:00:1c.0: PCI bridge to [bus 02]
[    0.820846] pci 0000:00:1c.0:   bridge window [io  0x2000-0x2fff]
[    0.820854] pci 0000:00:1c.0:   bridge window [mem 0xee000000-0xee0fffff]
[    0.821119] pci 0000:03:00.0: [8086:4227] type 00 class 0x028000
[    0.821227] pci 0000:03:00.0: reg 0x10: [mem 0xedf00000-0xedf00fff]
[    0.821742] pci 0000:03:00.0: PME# supported from D0 D3hot D3cold
[    0.822183] pci 0000:00:1c.1: PCI bridge to [bus 03]
[    0.822269] pci 0000:00:1c.1:   bridge window [io  0x3000-0x4fff]
[    0.822277] pci 0000:00:1c.1:   bridge window [mem 0xec000000-0xedffffff]
[    0.822289] pci 0000:00:1c.1:   bridge window [mem 0xe4000000-0xe40fffff 64bit pref]
[    0.822437] pci 0000:00:1c.2: PCI bridge to [bus 04-0b]
[    0.822525] pci 0000:00:1c.2:   bridge window [io  0x5000-0x6fff]
[    0.822533] pci 0000:00:1c.2:   bridge window [mem 0xe8000000-0xe9ffffff]
[    0.822544] pci 0000:00:1c.2:   bridge window [mem 0xe4100000-0xe41fffff 64bit pref]
[    0.822692] pci 0000:00:1c.3: PCI bridge to [bus 0c-13]
[    0.822779] pci 0000:00:1c.3:   bridge window [io  0x7000-0x8fff]
[    0.822787] pci 0000:00:1c.3:   bridge window [mem 0xea000000-0xebffffff]
[    0.822799] pci 0000:00:1c.3:   bridge window [mem 0xe4200000-0xe42fffff 64bit pref]
[    0.822838] pci_bus 0000:15: extended config space not accessible
[    0.823038] pci 0000:15:00.0: [1180:0476] type 02 class 0x060700
[    0.823070] pci 0000:15:00.0: reg 0x10: [mem 0xe4300000-0xe4300fff]
[    0.823145] pci 0000:15:00.0: supports D1 D2
[    0.823150] pci 0000:15:00.0: PME# supported from D0 D1 D2 D3hot D3cold
[    0.823396] pci 0000:15:00.1: [1180:0552] type 00 class 0x0c0010
[    0.823427] pci 0000:15:00.1: reg 0x10: [mem 0xe4301000-0xe43017ff]
[    0.823577] pci 0000:15:00.1: PME# supported from D0 D3hot D3cold
[    0.823797] pci 0000:15:00.2: [1180:0822] type 00 class 0x080500
[    0.823828] pci 0000:15:00.2: reg 0x10: [mem 0xe4301800-0xe43018ff]
[    0.823977] pci 0000:15:00.2: supports D1 D2
[    0.823982] pci 0000:15:00.2: PME# supported from D0 D1 D2 D3hot D3cold
[    0.824250] pci 0000:00:1e.0: PCI bridge to [bus 15-18] (subtractive decode)
[    0.824347] pci 0000:00:1e.0:   bridge window [io  0x9000-0xcfff]
[    0.824355] pci 0000:00:1e.0:   bridge window [mem 0xe4300000-0xe7ffffff]
[    0.824366] pci 0000:00:1e.0:   bridge window [mem 0xe0000000-0xe3ffffff 64bit pref]
[    0.824373] pci 0000:00:1e.0:   bridge window [io  0x0000-0x0cf7 window] (subtractive decode)
[    0.824378] pci 0000:00:1e.0:   bridge window [io  0x0d00-0xffff window] (subtractive decode)
[    0.824383] pci 0000:00:1e.0:   bridge window [mem 0x000a0000-0x000bffff window] (subtractive decode)
[    0.824388] pci 0000:00:1e.0:   bridge window [mem 0x000d0000-0x000d3fff window] (subtractive decode)
[    0.824393] pci 0000:00:1e.0:   bridge window [mem 0x000d4000-0x000d7fff window] (subtractive decode)
[    0.824398] pci 0000:00:1e.0:   bridge window [mem 0x000d8000-0x000dbfff window] (subtractive decode)
[    0.824403] pci 0000:00:1e.0:   bridge window [mem 0xc0000000-0xfebfffff window] (subtractive decode)
[    0.824408] pci 0000:00:1e.0:   bridge window [mem 0xfed40000-0xfed40fff window] (subtractive decode)
[    0.824454] pci_bus 0000:16: extended config space not accessible
[    0.824639] pci_bus 0000:16: busn_res: [bus 16-18] end is updated to 17
[    0.824695] pci_bus 0000:00: on NUMA node 0
[    0.830766] ACPI: EC: interrupt unblocked
[    0.830861] ACPI: EC: event unblocked
[    0.830946] ACPI: \_SB_.PCI0.LPC_.EC__: GPE=0x1c, EC_CMD/EC_SC=0x66, EC_DATA=0x62
[    0.831044] ACPI: \_SB_.PCI0.LPC_.EC__: Boot DSDT EC used to handle transactions and events
[    0.831784] pci 0000:00:02.0: vgaarb: setting as boot VGA device
[    0.831874] pci 0000:00:02.0: vgaarb: VGA device added: decodes=io+mem,owns=io+mem,locks=none
[    0.832009] pci 0000:00:02.0: vgaarb: bridge control possible
[    0.832090] vgaarb: loaded
[    0.832751] SCSI subsystem initialized
[    0.833113] libata version 3.00 loaded.
[    0.833308] ACPI: bus type USB registered
[    0.833510] usbcore: registered new interface driver usbfs
[    0.833660] usbcore: registered new interface driver hub
[    0.833809] usbcore: registered new device driver usb
[    0.834013] media: Linux media interface: v0.10
[    0.834144] videodev: Linux video capture interface: v2.00
[    0.834296] pps_core: LinuxPPS API ver. 1 registered
[    0.834375] pps_core: Software ver. 5.3.6 - Copyright 2005-2007 Rodolfo Giometti <giometti@linux.it>
[    0.834522] PTP clock support registered
[    0.835179] EDAC MC: Ver: 3.0.0
[    0.836278] Advanced Linux Sound Architecture Driver Initialized.
[    0.836515] PCI: Using ACPI for IRQ routing
[    0.839574] PCI: pci_cache_line_size set to 64 bytes
[    0.839949] e820: reserve RAM buffer [mem 0x0009f000-0x0009ffff]
[    0.839949] e820: reserve RAM buffer [mem 0xbf6d0000-0xbfffffff]
[    0.840595] Bluetooth: Core ver 2.22
[    0.840737] NET: Registered protocol family 31
[    0.840814] Bluetooth: HCI device and connection manager initialized
[    0.840910] Bluetooth: HCI socket layer initialized
[    0.840991] Bluetooth: L2CAP socket layer initialized
[    0.841091] Bluetooth: SCO socket layer initialized
[    0.842905] clocksource: Switched to clocksource hpet
[    0.842905] pnp: PnP ACPI init
[    0.843429] system 00:00: [mem 0x00000000-0x0009ffff] could not be reserved
[    0.843526] system 00:00: [mem 0x000c0000-0x000c3fff] could not be reserved
[    0.843622] system 00:00: [mem 0x000c4000-0x000c7fff] could not be reserved
[    0.843734] system 00:00: [mem 0x000c8000-0x000cbfff] has been reserved
[    0.843829] system 00:00: [mem 0x000cc000-0x000cffff] has been reserved
[    0.843924] system 00:00: [mem 0x000dc000-0x000dffff] could not be reserved
[    0.844020] system 00:00: [mem 0x000e0000-0x000e3fff] could not be reserved
[    0.844117] system 00:00: [mem 0x000e4000-0x000e7fff] could not be reserved
[    0.844213] system 00:00: [mem 0x000e8000-0x000ebfff] could not be reserved
[    0.844308] system 00:00: [mem 0x000ec000-0x000effff] could not be reserved
[    0.844404] system 00:00: [mem 0x000f0000-0x000fffff] could not be reserved
[    0.844500] system 00:00: [mem 0x00100000-0xbfffffff] could not be reserved
[    0.844596] system 00:00: [mem 0xfec00000-0xfed3ffff] could not be reserved
[    0.844693] system 00:00: [mem 0xfed41000-0xffffffff] could not be reserved
[    0.844837] system 00:00: Plug and Play ACPI device, IDs PNP0c01 (active)
[    0.845349] system 00:01: [io  0x164e-0x164f] has been reserved
[    0.845441] system 00:01: [io  0x1000-0x107f] has been reserved
[    0.845530] system 00:01: [io  0x1180-0x11bf] has been reserved
[    0.845620] system 00:01: [io  0x0800-0x080f] has been reserved
[    0.845709] system 00:01: [io  0x15e0-0x15ef] has been reserved
[    0.845800] system 00:01: [io  0x1600-0x165f] could not be reserved
[    0.845892] system 00:01: [mem 0xf0000000-0xf3ffffff] has been reserved
[    0.845985] system 00:01: [mem 0xfed1c000-0xfed1ffff] has been reserved
[    0.846078] system 00:01: [mem 0xfed14000-0xfed17fff] has been reserved
[    0.846170] system 00:01: [mem 0xfed18000-0xfed18fff] has been reserved
[    0.846264] system 00:01: [mem 0xfed19000-0xfed19fff] has been reserved
[    0.846391] system 00:01: Plug and Play ACPI device, IDs PNP0c02 (active)
[    0.846695] pnp 00:02: Plug and Play ACPI device, IDs PNP0b00 (active)
[    0.846833] pnp 00:03: Plug and Play ACPI device, IDs PNP0303 (active)
[    0.846966] pnp 00:04: Plug and Play ACPI device, IDs IBM3780 PNP0f13 (active)
[    0.847746] pnp 00:05: [dma 3]
[    0.847955] pnp 00:05: Plug and Play ACPI device, IDs IBM0071 PNP0511 (active)
[    0.848188] pnp 00:06: Plug and Play ACPI device, IDs ATM1200 PNP0c31 (active)
[    0.850946] pnp: PnP ACPI: found 7 devices
[    0.896958] clocksource: acpi_pm: mask: 0xffffff max_cycles: 0xffffff, max_idle_ns: 2085701024 ns
[    0.897089] pci 0000:00:1c.0: bridge window [mem 0x00100000-0x000fffff 64bit pref] to [bus 02] add_size 200000 add_align 100000
[    0.897136] pci 0000:00:1c.0: BAR 9: assigned [mem 0xc0000000-0xc01fffff 64bit pref]
[    0.897233] pci 0000:00:1c.0: PCI bridge to [bus 02]
[    0.897315] pci 0000:00:1c.0:   bridge window [io  0x2000-0x2fff]
[    0.897405] pci 0000:00:1c.0:   bridge window [mem 0xee000000-0xee0fffff]
[    0.897497] pci 0000:00:1c.0:   bridge window [mem 0xc0000000-0xc01fffff 64bit pref]
[    0.897596] pci 0000:00:1c.1: PCI bridge to [bus 03]
[    0.897677] pci 0000:00:1c.1:   bridge window [io  0x3000-0x4fff]
[    0.897767] pci 0000:00:1c.1:   bridge window [mem 0xec000000-0xedffffff]
[    0.897858] pci 0000:00:1c.1:   bridge window [mem 0xe4000000-0xe40fffff 64bit pref]
[    0.897957] pci 0000:00:1c.2: PCI bridge to [bus 04-0b]
[    0.898039] pci 0000:00:1c.2:   bridge window [io  0x5000-0x6fff]
[    0.898129] pci 0000:00:1c.2:   bridge window [mem 0xe8000000-0xe9ffffff]
[    0.898221] pci 0000:00:1c.2:   bridge window [mem 0xe4100000-0xe41fffff 64bit pref]
[    0.898320] pci 0000:00:1c.3: PCI bridge to [bus 0c-13]
[    0.898402] pci 0000:00:1c.3:   bridge window [io  0x7000-0x8fff]
[    0.898491] pci 0000:00:1c.3:   bridge window [mem 0xea000000-0xebffffff]
[    0.898582] pci 0000:00:1c.3:   bridge window [mem 0xe4200000-0xe42fffff 64bit pref]
[    0.898692] pci 0000:15:00.0: BAR 9: assigned [mem 0xe0000000-0xe3ffffff pref]
[    0.898786] pci 0000:15:00.0: BAR 10: assigned [mem 0xc4000000-0xc7ffffff]
[    0.898875] pci 0000:15:00.0: BAR 7: assigned [io  0x9000-0x90ff]
[    0.898960] pci 0000:15:00.0: BAR 8: assigned [io  0x9400-0x94ff]
[    0.899054] pci 0000:15:00.0: CardBus bridge to [bus 16-17]
[    0.899136] pci 0000:15:00.0:   bridge window [io  0x9000-0x90ff]
[    0.899224] pci 0000:15:00.0:   bridge window [io  0x9400-0x94ff]
[    0.899313] pci 0000:15:00.0:   bridge window [mem 0xe0000000-0xe3ffffff pref]
[    0.899406] pci 0000:15:00.0:   bridge window [mem 0xc4000000-0xc7ffffff]
[    0.899497] pci 0000:00:1e.0: PCI bridge to [bus 15-18]
[    0.899579] pci 0000:00:1e.0:   bridge window [io  0x9000-0xcfff]
[    0.899669] pci 0000:00:1e.0:   bridge window [mem 0xe4300000-0xe7ffffff]
[    0.899776] pci 0000:00:1e.0:   bridge window [mem 0xe0000000-0xe3ffffff 64bit pref]
[    0.899876] pci_bus 0000:00: resource 4 [io  0x0000-0x0cf7 window]
[    0.899881] pci_bus 0000:00: resource 5 [io  0x0d00-0xffff window]
[    0.899885] pci_bus 0000:00: resource 6 [mem 0x000a0000-0x000bffff window]
[    0.899889] pci_bus 0000:00: resource 7 [mem 0x000d0000-0x000d3fff window]
[    0.899894] pci_bus 0000:00: resource 8 [mem 0x000d4000-0x000d7fff window]
[    0.899898] pci_bus 0000:00: resource 9 [mem 0x000d8000-0x000dbfff window]
[    0.899903] pci_bus 0000:00: resource 10 [mem 0xc0000000-0xfebfffff window]
[    0.899907] pci_bus 0000:00: resource 11 [mem 0xfed40000-0xfed40fff window]
[    0.899912] pci_bus 0000:02: resource 0 [io  0x2000-0x2fff]
[    0.899916] pci_bus 0000:02: resource 1 [mem 0xee000000-0xee0fffff]
[    0.899920] pci_bus 0000:02: resource 2 [mem 0xc0000000-0xc01fffff 64bit pref]
[    0.899925] pci_bus 0000:03: resource 0 [io  0x3000-0x4fff]
[    0.899929] pci_bus 0000:03: resource 1 [mem 0xec000000-0xedffffff]
[    0.899934] pci_bus 0000:03: resource 2 [mem 0xe4000000-0xe40fffff 64bit pref]
[    0.899938] pci_bus 0000:04: resource 0 [io  0x5000-0x6fff]
[    0.899942] pci_bus 0000:04: resource 1 [mem 0xe8000000-0xe9ffffff]
[    0.899947] pci_bus 0000:04: resource 2 [mem 0xe4100000-0xe41fffff 64bit pref]
[    0.899951] pci_bus 0000:0c: resource 0 [io  0x7000-0x8fff]
[    0.899956] pci_bus 0000:0c: resource 1 [mem 0xea000000-0xebffffff]
[    0.899960] pci_bus 0000:0c: resource 2 [mem 0xe4200000-0xe42fffff 64bit pref]
[    0.899964] pci_bus 0000:15: resource 0 [io  0x9000-0xcfff]
[    0.899969] pci_bus 0000:15: resource 1 [mem 0xe4300000-0xe7ffffff]
[    0.899973] pci_bus 0000:15: resource 2 [mem 0xe0000000-0xe3ffffff 64bit pref]
[    0.899977] pci_bus 0000:15: resource 4 [io  0x0000-0x0cf7 window]
[    0.899982] pci_bus 0000:15: resource 5 [io  0x0d00-0xffff window]
[    0.899986] pci_bus 0000:15: resource 6 [mem 0x000a0000-0x000bffff window]
[    0.899991] pci_bus 0000:15: resource 7 [mem 0x000d0000-0x000d3fff window]
[    0.899995] pci_bus 0000:15: resource 8 [mem 0x000d4000-0x000d7fff window]
[    0.899999] pci_bus 0000:15: resource 9 [mem 0x000d8000-0x000dbfff window]
[    0.900004] pci_bus 0000:15: resource 10 [mem 0xc0000000-0xfebfffff window]
[    0.900008] pci_bus 0000:15: resource 11 [mem 0xfed40000-0xfed40fff window]
[    0.900013] pci_bus 0000:16: resource 0 [io  0x9000-0x90ff]
[    0.900017] pci_bus 0000:16: resource 1 [io  0x9400-0x94ff]
[    0.900021] pci_bus 0000:16: resource 2 [mem 0xe0000000-0xe3ffffff pref]
[    0.900026] pci_bus 0000:16: resource 3 [mem 0xc4000000-0xc7ffffff]
[    0.900485] NET: Registered protocol family 2
[    0.901084] tcp_listen_portaddr_hash hash table entries: 512 (order: 2, 20480 bytes)
[    0.901227] TCP established hash table entries: 8192 (order: 3, 32768 bytes)
[    0.902146] TCP bind hash table entries: 8192 (order: 6, 294912 bytes)
[    0.902688] TCP: Hash tables configured (established 8192 bind 8192)
[    0.903099] UDP hash table entries: 512 (order: 3, 40960 bytes)
[    0.903255] UDP-Lite hash table entries: 512 (order: 3, 40960 bytes)
[    0.903550] NET: Registered protocol family 1
[    0.904309] RPC: Registered named UNIX socket transport module.
[    0.904396] RPC: Registered udp transport module.
[    0.904475] RPC: Registered tcp transport module.
[    0.904554] RPC: Registered tcp NFSv4.1 backchannel transport module.
[    0.905172] pci 0000:00:02.0: Video device with shadowed ROM at [mem 0x000c0000-0x000dffff]
[    0.909477] PCI: CLS mismatch (64 != 32), using 64 bytes
[    0.909614] PCI-DMA: Using software bounce buffering for IO (SWIOTLB)
[    0.909701] software IO TLB: mapped [mem 0x31d00000-0x35d00000] (64MB)
[    0.912373] Initialise system trusted keyrings
[    0.912957] workingset: timestamp_bits=30 max_order=20 bucket_order=0
[    0.915006] Installing knfsd (copyright (C) 1996 okir@monad.swb.de).
[    0.915499] ntfs: driver 2.1.32 [Flags: R/W].
[    0.916177] fuse: init (API version 7.30)
[    0.916960] NET: Registered protocol family 38
[    0.917062] Key type asymmetric registered
[    0.917146] Asymmetric key parser 'x509' registered
[    0.917358] bounce: pool size: 64 pages
[    0.917512] Block layer SCSI generic (bsg) driver version 0.4 loaded (major 249)
[    0.917615] io scheduler mq-deadline registered
[    0.917730] io scheduler bfq registered
[    0.920991] intel_idle: does not run on family 6 model 14
[    0.921457] ACPI: Deprecated procfs I/F for AC is loaded, please retry with CONFIG_ACPI_PROCFS_POWER cleared
[    0.921732] ACPI: AC Adapter [AC] (on-line)
[    0.922129] input: Lid Switch as /devices/LNXSYSTM:00/LNXSYBUS:00/PNP0C0D:00/input/input0
[    0.922418] ACPI: Lid Switch [LID]
[    0.922697] input: Sleep Button as /devices/LNXSYSTM:00/LNXSYBUS:00/PNP0C0E:00/input/input1
[    0.922865] ACPI: Sleep Button [SLPB]
[    0.923177] input: Power Button as /devices/LNXSYSTM:00/LNXPWRBN:00/input/input2
[    0.923326] ACPI: Power Button [PWRF]
[    0.923869] ACPI: Video Device [VID] (multi-head: yes  rom: no  post: no)
[    0.931552] acpi device:01: registered as cooling_device0
[    0.932042] input: Video Bus as /devices/LNXSYSTM:00/LNXSYBUS:00/PNP0A08:00/LNXVIDEO:00/input/input3
[    0.948411] thermal LNXTHERM:00: registered as thermal_zone0
[    0.948499] ACPI: Thermal Zone [THM0] (69 C)
[    0.952354] thermal LNXTHERM:01: registered as thermal_zone1
[    0.952442] ACPI: Thermal Zone [THM1] (67 C)
[    0.953077] Serial: 8250/16550 driver, 4 ports, IRQ sharing disabled
[    0.953913] serial8250: ttyS1 at I/O 0x2f8 (irq = 3, base_baud = 921600) is a NS16550A
[    0.956038] lp: driver loaded but no devices found
[    0.956333] Non-volatile memory driver v1.3
[    0.956833] intel_rng: FWH not detected
[    0.957021] Linux agpgart interface v0.103
[    0.957787] [drm] radeon kernel modesetting enabled.
[    0.959089] pci 0000:00:00.0: Intel 945GM Chipset
[    0.959196] pci 0000:00:00.0: detected gtt size: 262144K total, 262144K mappable
[    0.959947] pci 0000:00:00.0: detected 8192K stolen memory
[    0.960305] i915 0000:00:02.0: vgaarb: deactivate vga console
[    0.961566] Console: switching to colour dummy device 80x25
[    0.963184] [drm] Supports vblank timestamp caching Rev 2 (21.10.2013).
[    0.963221] [drm] Driver supports precise vblank timestamp query.
[    0.963268] resource sanity check: requesting [mem 0x000c0000-0x000dffff], which spans more than pnp 00:00 [mem 0x000c8000-0x000cbfff]
[    0.963337] caller pci_map_rom+0x75/0x1d0 mapping multiple BARs
[    0.967494] i915 0000:00:02.0: vgaarb: changed VGA decodes: olddecodes=io+mem,decodes=io+mem:owns=io+mem
[    0.986717] battery: ACPI: Deprecated procfs I/F for battery is loaded, please retry with CONFIG_ACPI_PROCFS_POWER cleared
[    0.986797] battery: ACPI: Battery Slot [BAT0] (battery present)
[    1.023785] random: fast init done
[    1.064474] [drm] RC6 disabled, disabling runtime PM support
[    1.064775] [drm] Initialized overlay support.
[    1.066437] [drm] Initialized i915 1.6.0 20190417 for 0000:00:02.0 on minor 0
[    1.067480] usbcore: registered new interface driver udl
[    1.080736] loop: module loaded
[    1.090383] fbcon: i915drmfb (fb0) is primary device
[    1.104527] ahci 0000:00:1f.2: version 3.0
[    1.105308] ahci 0000:00:1f.2: AHCI 0001.0100 32 slots 4 ports 1.5 Gbps 0x1 impl SATA mode
[    1.105316] ahci 0000:00:1f.2: flags: 64bit ncq pm led clo pio slum part 
[    1.107909] scsi host0: ahci
[    1.108617] scsi host1: ahci
[    1.109256] scsi host2: ahci
[    1.109865] scsi host3: ahci
[    1.110227] ata1: SATA max UDMA/133 abar m1024@0xee444400 port 0xee444500 irq 16
[    1.110230] ata2: DUMMY
[    1.110232] ata3: DUMMY
[    1.110234] ata4: DUMMY
[    1.110421] ata_piix 0000:00:1f.1: version 2.13
[    1.113459] scsi host4: ata_piix
[    1.113963] scsi host5: ata_piix
[    1.114190] ata5: PATA max UDMA/100 cmd 0x1f0 ctl 0x3f6 bmdma 0x1810 irq 14
[    1.114193] ata6: PATA max UDMA/100 cmd 0x170 ctl 0x376 bmdma 0x1818 irq 15
[    1.115501] tun: Universal TUN/TAP device driver, 1.6
[    1.116454] e1000e: Intel(R) PRO/1000 Network Driver - 3.2.6-k
[    1.116456] e1000e: Copyright(c) 1999 - 2015 Intel Corporation.
[    1.116580] e1000e 0000:02:00.0: Disabling ASPM  L1
[    1.116584] e1000e 0000:02:00.0: can't disable ASPM; OS doesn't have ASPM control
[    1.117065] e1000e 0000:02:00.0: Interrupt Throttling Rate (ints/sec) set to dynamic conservative mode
[    1.117308] ata6: port disabled--ignoring
[    1.248572] e1000e 0000:02:00.0 eth0: (PCI Express:2.5GT/s:Width x1) 00:16:d3:25:19:04
[    1.248576] e1000e 0000:02:00.0 eth0: Intel(R) PRO/1000 Network Connection
[    1.248656] e1000e 0000:02:00.0 eth0: MAC: 2, PHY: 2, PBA No: 005302-003
[    1.248926] PPP generic driver version 2.4.2
[    1.249178] PPP BSD Compression module registered
[    1.249180] PPP Deflate Compression module registered
[    1.249183] SLIP: version 0.8.4-NET3.019-NEWTTY (dynamic channels, max=256).
[    1.249185] CSLIP: code copyright 1989 Regents of the University of California.
[    1.249272] iwl3945: Intel(R) PRO/Wireless 3945ABG/BG Network Connection driver for Linux, in-tree:ds
[    1.249274] iwl3945: Copyright(c) 2003-2011 Intel Corporation
[    1.249275] iwl3945: hw_scan is disabled
[    1.249488] iwl3945 0000:03:00.0: can't disable ASPM; OS doesn't have ASPM control
[    1.304488] iwl3945 0000:03:00.0: Tunable channels: 11 802.11bg, 13 802.11a channels
[    1.304492] iwl3945 0000:03:00.0: Detected Intel Wireless WiFi Link 3945ABG
[    1.305423] ieee80211 phy0: Selected rate control algorithm 'iwl-3945-rs'
[    1.306365] Intel(R) Wireless WiFi driver for Linux
[    1.306367] Copyright(c) 2003- 2015 Intel Corporation
[    1.306626] usbcore: registered new interface driver ax88179_178a
[    1.306672] usbcore: registered new interface driver cdc_ether
[    1.306714] usbcore: registered new interface driver net1080
[    1.306757] usbcore: registered new interface driver cdc_subset
[    1.306798] usbcore: registered new interface driver zaurus
[    1.306857] usbcore: registered new interface driver cdc_ncm
[    1.306939] pci 0000:00:1e.0: enabling device (0005 -> 0007)
[    1.307176] yenta_cardbus 0000:15:00.0: CardBus bridge found [17aa:201c]
[    1.435784] ata1: SATA link up 1.5 Gbps (SStatus 113 SControl 300)
[    1.491822] ata1.00: ACPI cmd ef/02:00:00:00:00:a0 (SET FEATURES) succeeded
[    1.491827] ata1.00: ACPI cmd f5/00:00:00:00:00:a0 (SECURITY FREEZE LOCK) filtered out
[    1.491831] ata1.00: ACPI cmd ef/10:03:00:00:00:a0 (SET FEATURES) filtered out
[    1.535702] ata1.00: ATA-9: ST1000LM014-1EJ164, SM11, max UDMA/133
[    1.535706] ata1.00: 1953525168 sectors, multi 16: LBA48 NCQ (depth 32), AA
[    1.580388] ata1.00: ACPI cmd ef/02:00:00:00:00:a0 (SET FEATURES) succeeded
[    1.580393] ata1.00: ACPI cmd f5/00:00:00:00:00:a0 (SECURITY FREEZE LOCK) filtered out
[    1.580396] ata1.00: ACPI cmd ef/10:03:00:00:00:a0 (SET FEATURES) filtered out
[    1.624455] ata1.00: configured for UDMA/133
[    1.811330] Console: switching to colour frame buffer device 102x42
[    1.933132] i915 0000:00:02.0: fb0: i915drmfb frame buffer device
[    1.936630] scsi 0:0:0:0: Direct-Access     ATA      ST1000LM014-1EJ1 SM11 PQ: 0 ANSI: 5
[    1.940280] sd 0:0:0:0: Attached scsi generic sg0 type 0
[    1.940290] sd 0:0:0:0: [sda] 1953525168 512-byte logical blocks: (1.00 TB/932 GiB)
[    1.945441] sd 0:0:0:0: [sda] 4096-byte physical blocks
[    1.948095] sd 0:0:0:0: [sda] Write Protect is off
[    1.950619] sd 0:0:0:0: [sda] Mode Sense: 00 3a 00 00
[    1.950758] sd 0:0:0:0: [sda] Write cache: enabled, read cache: enabled, doesn't support DPO or FUA
[    1.955344]  sda: sda1 sda2 sda3 sda4
[    1.961365] sd 0:0:0:0: [sda] Attached SCSI disk
[    2.100606] yenta_cardbus 0000:15:00.0: ISA IRQ mask 0x0cb8, PCI irq 16
[    2.103233] yenta_cardbus 0000:15:00.0: Socket status: 30000006
[    2.105854] yenta_cardbus 0000:15:00.0: pcmcia: parent PCI bridge window: [io  0x9000-0xcfff]
[    2.108445] yenta_cardbus 0000:15:00.0: pcmcia: parent PCI bridge window: [mem 0xe4300000-0xe7ffffff]
[    2.110957] pcmcia_socket pcmcia_socket0: cs: memory probe 0xe4300000-0xe7ffffff:
[    2.113524]  excluding 0xe4300000-0xe46cffff
[    2.116096] yenta_cardbus 0000:15:00.0: pcmcia: parent PCI bridge window: [mem 0xe0000000-0xe3ffffff 64bit pref]
[    2.118756] pcmcia_socket pcmcia_socket0: cs: memory probe 0xe0000000-0xe3ffffff:
[    2.121495]  excluding 0xe0000000-0xe3ffffff
[    2.125181] ehci_hcd: USB 2.0 'Enhanced' Host Controller (EHCI) Driver
[    2.127882] ehci-pci: EHCI PCI platform driver
[    2.131058] ehci-pci 0000:00:1d.7: EHCI Host Controller
[    2.134073] ehci-pci 0000:00:1d.7: new USB bus registered, assigned bus number 1
[    2.136941] ehci-pci 0000:00:1d.7: debug port 1
[    2.143736] ehci-pci 0000:00:1d.7: cache line size of 64 is not supported
[    2.143786] ehci-pci 0000:00:1d.7: irq 19, io mem 0xee444000
[    2.159863] ehci-pci 0000:00:1d.7: USB 2.0 started, EHCI 1.00
[    2.163289] usb usb1: New USB device found, idVendor=1d6b, idProduct=0002, bcdDevice= 5.01
[    2.166283] usb usb1: New USB device strings: Mfr=3, Product=2, SerialNumber=1
[    2.169237] usb usb1: Product: EHCI Host Controller
[    2.172146] usb usb1: Manufacturer: Linux 5.1.0-rc6-next-20190426autobisect1556312680+ ehci_hcd
[    2.175104] usb usb1: SerialNumber: 0000:00:1d.7
[    2.178768] hub 1-0:1.0: USB hub found
[    2.181788] hub 1-0:1.0: 8 ports detected
[    2.186699] ohci_hcd: USB 1.1 'Open' Host Controller (OHCI) Driver
[    2.189556] ohci-pci: OHCI PCI platform driver
[    2.192446] uhci_hcd: USB Universal Host Controller Interface driver
[    2.195805] uhci_hcd 0000:00:1d.0: UHCI Host Controller
[    2.198898] uhci_hcd 0000:00:1d.0: new USB bus registered, assigned bus number 2
[    2.201801] uhci_hcd 0000:00:1d.0: detected 2 ports
[    2.204619] uhci_hcd 0000:00:1d.0: irq 16, io base 0x00001820
[    2.207846] usb usb2: New USB device found, idVendor=1d6b, idProduct=0001, bcdDevice= 5.01
[    2.210658] usb usb2: New USB device strings: Mfr=3, Product=2, SerialNumber=1
[    2.213481] usb usb2: Product: UHCI Host Controller
[    2.216270] usb usb2: Manufacturer: Linux 5.1.0-rc6-next-20190426autobisect1556312680+ uhci_hcd
[    2.219114] usb usb2: SerialNumber: 0000:00:1d.0
[    2.222453] hub 2-0:1.0: USB hub found
[    2.225309] hub 2-0:1.0: 2 ports detected
[    2.229149] uhci_hcd 0000:00:1d.1: UHCI Host Controller
[    2.232112] uhci_hcd 0000:00:1d.1: new USB bus registered, assigned bus number 3
[    2.234859] uhci_hcd 0000:00:1d.1: detected 2 ports
[    2.237618] uhci_hcd 0000:00:1d.1: irq 17, io base 0x00001840
[    2.240741] usb usb3: New USB device found, idVendor=1d6b, idProduct=0001, bcdDevice= 5.01
[    2.243457] usb usb3: New USB device strings: Mfr=3, Product=2, SerialNumber=1
[    2.246119] usb usb3: Product: UHCI Host Controller
[    2.248657] usb usb3: Manufacturer: Linux 5.1.0-rc6-next-20190426autobisect1556312680+ uhci_hcd
[    2.251248] usb usb3: SerialNumber: 0000:00:1d.1
[    2.254720] hub 3-0:1.0: USB hub found
[    2.257338] hub 3-0:1.0: 2 ports detected
[    2.261064] uhci_hcd 0000:00:1d.2: UHCI Host Controller
[    2.263821] uhci_hcd 0000:00:1d.2: new USB bus registered, assigned bus number 4
[    2.266356] uhci_hcd 0000:00:1d.2: detected 2 ports
[    2.268941] uhci_hcd 0000:00:1d.2: irq 18, io base 0x00001860
[    2.271899] usb usb4: New USB device found, idVendor=1d6b, idProduct=0001, bcdDevice= 5.01
[    2.274472] usb usb4: New USB device strings: Mfr=3, Product=2, SerialNumber=1
[    2.277039] usb usb4: Product: UHCI Host Controller
[    2.279536] usb usb4: Manufacturer: Linux 5.1.0-rc6-next-20190426autobisect1556312680+ uhci_hcd
[    2.282124] usb usb4: SerialNumber: 0000:00:1d.2
[    2.285237] hub 4-0:1.0: USB hub found
[    2.287890] hub 4-0:1.0: 2 ports detected
[    2.291527] uhci_hcd 0000:00:1d.3: UHCI Host Controller
[    2.294278] uhci_hcd 0000:00:1d.3: new USB bus registered, assigned bus number 5
[    2.296845] uhci_hcd 0000:00:1d.3: detected 2 ports
[    2.299353] uhci_hcd 0000:00:1d.3: irq 19, io base 0x00001880
[    2.302263] usb usb5: New USB device found, idVendor=1d6b, idProduct=0001, bcdDevice= 5.01
[    2.304836] usb usb5: New USB device strings: Mfr=3, Product=2, SerialNumber=1
[    2.307363] usb usb5: Product: UHCI Host Controller
[    2.309926] usb usb5: Manufacturer: Linux 5.1.0-rc6-next-20190426autobisect1556312680+ uhci_hcd
[    2.312528] usb usb5: SerialNumber: 0000:00:1d.3
[    2.315658] hub 5-0:1.0: USB hub found
[    2.318271] hub 5-0:1.0: 2 ports detected
[    2.321676] usbcore: registered new interface driver cdc_acm
[    2.324095] cdc_acm: USB Abstract Control Model driver for USB modems and ISDN adapters
[    2.326641] usbcore: registered new interface driver usblp
[    2.329259] usbcore: registered new interface driver usb-storage
[    2.331815] usbcore: registered new interface driver ums-sddr09
[    2.334401] usbcore: registered new interface driver usbserial_generic
[    2.336893] usbserial: USB Serial support registered for generic
[    2.339388] usbcore: registered new interface driver ch341
[    2.341824] usbserial: USB Serial support registered for ch341-uart
[    2.344297] usbcore: registered new interface driver ftdi_sio
[    2.346718] usbserial: USB Serial support registered for FTDI USB Serial Device
[    2.349253] usbcore: registered new interface driver option
[    2.351673] usbserial: USB Serial support registered for GSM modem (1-port)
[    2.354309] usbcore: registered new interface driver pl2303
[    2.356832] usbserial: USB Serial support registered for pl2303
[    2.359375] usbcore: registered new interface driver ti_usb_3410_5052
[    2.361922] usbserial: USB Serial support registered for TI USB 3410 1 port adapter
[    2.364540] usbserial: USB Serial support registered for TI USB 5052 2 port adapter
[    2.367071] ftdi_elan: driver ftdi-elan
[    2.369573] usbcore: registered new interface driver ftdi-elan
[    2.372248] i8042: PNP: PS/2 Controller [PNP0303:KBD,PNP0f13:MOU] at 0x60,0x64 irq 1,12
[    2.385935] serio: i8042 KBD port at 0x60,0x64 irq 1
[    2.388476] serio: i8042 AUX port at 0x60,0x64 irq 12
[    2.391737] mousedev: PS/2 mouse device common for all mice
[    2.395303] input: PC Speaker as /devices/platform/pcspkr/input/input4
[    2.398482] rtc_cmos 00:02: RTC can wake from S4
[    2.401499] rtc_cmos 00:02: registered as rtc0
[    2.404153] rtc_cmos 00:02: alarms up to one month, y3k, 114 bytes nvram, hpet irqs
[    2.406852] usbcore: registered new interface driver uvcvideo
[    2.409402] USB Video Class driver (1.1.1)
[    2.411885] gspca_main: v2.14.0 registered
[    2.414388] usbcore: registered new interface driver sq930x
[    2.418039] device-mapper: ioctl: 4.40.0-ioctl (2019-01-18) initialised: dm-devel@redhat.com
[    2.420587] Bluetooth: HCI UART driver ver 2.3
[    2.421556] input: AT Translated Set 2 keyboard as /devices/platform/i8042/serio0/input/input5
[    2.423056] Bluetooth: HCI UART protocol H4 registered
[    2.428400] Bluetooth: HCI UART protocol BCSP registered
[    2.431095] usbcore: registered new interface driver btusb
[    2.433694] intel_pstate: CPU model not supported
[    2.436321] sdhci: Secure Digital Host Controller Interface driver
[    2.438919] sdhci: Copyright(c) Pierre Ossman
[    2.441596] sdhci-pci 0000:15:00.2: SDHCI controller found [1180:0822] (rev 18)
[    2.444685] sdhci-pci 0000:15:00.2: Will use DMA mode even though HW doesn't fully claim to support it.
[    2.447978] mmc0 bounce up to 128 segments into one, max segment size 65536 bytes
[    2.450987] sdhci-pci 0000:15:00.2: Will use DMA mode even though HW doesn't fully claim to support it.
[    2.454394] mmc0: SDHCI controller on PCI [0000:15:00.2] using DMA
[    2.457522] hidraw: raw HID events driver (C) Jiri Kosina
[    2.461698] usbcore: registered new interface driver usbhid
[    2.464557] usbhid: USB HID core driver
[    2.468125] thinkpad_acpi: ThinkPad ACPI Extras v0.26
[    2.470893] thinkpad_acpi: http://ibm-acpi.sf.net/
[    2.473659] thinkpad_acpi: ThinkPad BIOS 7BETD8WW (2.19 ), EC 7BHT40WW-1.13
[    2.476429] thinkpad_acpi: Lenovo ThinkPad X60, model 17097HU
[    2.484853] thinkpad_acpi: ACPI backlight control delay disabled
[    2.488046] thinkpad_acpi: radio switch found; radios are enabled
[    2.490807] thinkpad_acpi: This ThinkPad has standard ACPI backlight brightness control, supported by the ACPI video driver
[    2.496431] thinkpad_acpi: Disabling thinkpad-acpi brightness events by default...
[    2.510910] thinkpad_acpi: rfkill switch tpacpi_bluetooth_sw: radio is unblocked
[    2.514590] leds mmc0::: Cannot set LED brightness from hard irq context!
[    2.517652] WARNING: CPU: 1 PID: 17 at drivers/leds/led-core.c:254 led_set_brightness+0x72/0x80
[    2.519810] Modules linked in:
[    2.519810] CPU: 1 PID: 17 Comm: kworker/1:0 Not tainted 5.1.0-rc6-next-20190426autobisect1556312680+ #265
[    2.519810] Hardware name: LENOVO 17097HU/17097HU, BIOS 7BETD8WW (2.19 ) 03/31/2011
[    2.519810] Workqueue: events_long serio_handle_event
[    2.519810] EIP: led_set_brightness+0x72/0x80
[    2.519810] Code: 20 e6 15 c5 e8 bf b5 2d 00 8d 65 f8 5b 5e 5d c3 90 8d b4 26 00 00 00 00 89 73 6c eb e2 68 40 29 06 c5 ff 73 2c e8 d5 28 d4 ff <0f> 0b 58 5a eb d9 90 8d b4 26 00 00 00 00 55 c7 40 40 00 00 00 00
[    2.519810] EAX: 00000000 EBX: f10c4508 ECX: 8ff4b2c1 EDX: 00000000
[    2.519810] ESI: 00000000 EDI: f10c4508 EBP: f18a1ed0 ESP: f18a1ec0
[    2.519810] DS: 007b ES: 007b FS: 00d8 GS: 00e0 SS: 0068 EFLAGS: 00010046
[    2.519810] CR0: 80050033 CR2: 00000000 CR3: 0526a000 CR4: 000006b0
[    2.519810] Call Trace:
[    2.519810]  <IRQ>
[    2.519810]  led_trigger_event+0x39/0x60
[    2.519810]  mmc_request_done+0x300/0x340
[    2.519810]  ? sdhci_irq+0x1ee/0xc91
[    2.519810]  sdhci_irq+0x1fd/0xc91
[    2.519810]  ? sdhci_irq+0x1fd/0xc91
[    2.519810]  __handle_irq_event_percpu+0x5c/0xd0
[    2.519810]  ? __handle_irq_event_percpu+0x5c/0xd0
[    2.519810]  handle_irq_event_percpu+0x26/0x60
[    2.519810]  handle_irq_event+0x29/0x50
[    2.519810]  handle_fasteoi_irq+0x70/0x140
[    2.519810]  ? unmask_irq.part.38+0x30/0x30
[    2.519810]  handle_irq+0x7a/0xb0
[    2.519810]  </IRQ>
[    2.519810]  do_IRQ+0x37/0xd0
[    2.519810]  common_interrupt+0xe4/0xec
[    2.519810] EIP: _raw_spin_unlock_irqrestore+0x22/0x30
[    2.519810] Code: e8 d3 1f 47 ff 5b 5d c3 55 89 e5 56 53 8b 4d 04 89 c3 8d 40 10 89 d6 ba 01 00 00 00 e8 77 e5 46 ff 89 d8 e8 b0 1f 47 ff 56 9d <5b> 5e 5d c3 8d 76 00 8d bc 27 00 00 00 00 55 ba 01 00 00 00 89 e5
[    2.519810] EAX: 00000001 EBX: c5155f20 ECX: 72d486b4 EDX: 00000000
[    2.519810] ESI: 00000246 EDI: 000010d4 EBP: f189dc50 ESP: f189dc48
[    2.519810] DS: 007b ES: 007b FS: 00d8 GS: 00e0 SS: 0068 EFLAGS: 00000246
[    2.519810]  i8042_command+0x2d/0x40
[    2.519810]  i8042_aux_write+0x35/0x40
[    2.519810]  ps2_do_sendbyte+0x7c/0x250
[    2.519810]  ? __ps2_command+0xa4/0x560
[    2.519810]  __ps2_command+0x139/0x560
[    2.519810]  ? __ps2_command+0xa4/0x560
[    2.519810]  ? __ps2_command+0x139/0x560
[    2.519810]  ? __mutex_lock+0x36/0x700
[    2.519810]  ? ps2_command+0x27/0x60
[    2.519810]  ? wait_for_common_io.constprop.5+0xf4/0x140
[    2.519810]  ? ___cache_free+0x17f/0x420
[    2.519810]  ps2_command+0x33/0x60
[    2.519810]  ? ps2_command+0x27/0x60
[    2.519810]  ? ps2_command+0x33/0x60
[    2.519810]  thinking_detect+0x64/0xe0
[    2.519810]  ? genius_detect+0xf0/0xf0
[    2.519810]  psmouse_do_detect+0x2e/0x50
[    2.519810]  psmouse_try_protocol+0x77/0xc0
[    2.519810]  psmouse_extensions+0x317/0x3a0
[    2.519810]  ? ps2_command+0x47/0x60
[    2.519810]  psmouse_switch_protocol+0x135/0x150
[    2.519810]  psmouse_connect+0x182/0x350
[    2.519810]  serio_connect_driver+0x25/0x40
[    2.519810]  serio_driver_probe+0x13/0x20
[    2.519810]  really_probe+0x1b5/0x3e0
[    2.519810]  driver_probe_device+0x129/0x1b0
[    2.519810]  ? driver_probe_device+0x129/0x1b0
[    2.519810]  device_driver_attach+0x49/0x50
[    2.519810]  ? device_driver_attach+0x49/0x50
[    2.519810]  __driver_attach+0xc0/0x160
[    2.519810]  ? klist_next+0x6c/0xe0
[    2.519810]  ? device_driver_attach+0x50/0x50
[    2.519810]  bus_for_each_dev+0x4e/0x90
[    2.519810]  ? bus_for_each_dev+0x4e/0x90
[    2.519810]  driver_attach+0x14/0x20
[    2.519810]  ? device_driver_attach+0x50/0x50
[    2.519810]  serio_handle_event+0xcb/0x240
[    2.519810]  ? process_one_work+0x123/0x370
[    2.519810]  process_one_work+0x17e/0x370
[    2.519810]  ? process_one_work+0x123/0x370
[    2.519810]  worker_thread+0x39/0x3b0
[    2.519810]  kthread+0xe7/0x120
[    2.519810]  ? process_one_work+0x370/0x370
[    2.519810]  ? kthread_park+0xa0/0xa0
[    2.519810]  ret_from_fork+0x2e/0x38
[    2.519810] ---[ end trace 6145d7e7b3a7732d ]---
[    2.711922] thinkpad_acpi: warning: userspace override of important firmware LEDs is enabled
[    2.719270] thinkpad_acpi: Standard ACPI backlight interface available, not loading native one
[    2.721126] thinkpad_acpi: volume: disabled as there is no ALSA support in this kernel
[    2.723634] thinkpad_acpi: battery 1 registered (start 0, stop 0)
[    2.723643] battery: new extension: ThinkPad Battery Extension
[    2.727314] input: ThinkPad Extra Buttons as /devices/platform/thinkpad_acpi/input/input8
[    2.734972] snd_hda_intel 0000:00:1b.0: probe_mask set to 0x1 for device 17aa:2010
[    2.737351] usbcore: registered new interface driver snd-usb-audio
[    2.741398] NET: Registered protocol family 17
[    2.743515] sdhci-pci 0000:15:00.2: Will use DMA mode even though HW doesn't fully claim to support it.
[    2.744106] Bluetooth: RFCOMM TTY layer initialized
[    2.747863] Bluetooth: RFCOMM socket layer initialized
[    2.750008] Bluetooth: RFCOMM ver 1.11
[    2.752133] Bluetooth: BNEP (Ethernet Emulation) ver 1.3
[    2.754272] Bluetooth: BNEP filters: protocol multicast
[    2.756426] Bluetooth: BNEP socket layer initialized
[    2.758561] Bluetooth: HIDP (Human Interface Emulation) ver 1.2
[    2.760740] Bluetooth: HIDP socket layer initialized
[    2.763238] microcode: sig=0x6e8, pf=0x20, revision=0x39
[    2.765700] microcode: Microcode Update Driver: v2.2.
[    2.765706] Using IPI No-Shortcut mode
[    2.770940] Loading compiled-in X.509 certificates
[    2.774479] Key type encrypted registered
[    2.780098] leds mmc0::: Cannot set LED brightness from hard irq context!
[    2.782484] WARNING: CPU: 1 PID: 1098 at drivers/leds/led-core.c:254 led_set_brightness+0x72/0x80
[    2.783710] Modules linked in:
[    2.783710] CPU: 1 PID: 1098 Comm: kworker/1:2 Tainted: G        W         5.1.0-rc6-next-20190426autobisect1556312680+ #265
[    2.783710] Hardware name: LENOVO 17097HU/17097HU, BIOS 7BETD8WW (2.19 ) 03/31/2011
[    2.783710] Workqueue: events azx_probe_work
[    2.783710] EIP: led_set_brightness+0x72/0x80
[    2.783710] Code: 20 e6 15 c5 e8 bf b5 2d 00 8d 65 f8 5b 5e 5d c3 90 8d b4 26 00 00 00 00 89 73 6c eb e2 68 40 29 06 c5 ff 73 2c e8 d5 28 d4 ff <0f> 0b 58 5a eb d9 90 8d b4 26 00 00 00 00 55 c7 40 40 00 00 00 00
[    2.783710] EAX: 00000000 EBX: f10c4508 ECX: a71bb9fd EDX: 00000000
[    2.783710] ESI: 00000000 EDI: f10c4508 EBP: f18a1ed0 ESP: f18a1ec0
[    2.783710] DS: 007b ES: 007b FS: 00d8 GS: 00e0 SS: 0068 EFLAGS: 00010046
[    2.783710] CR0: 80050033 CR2: 00000000 CR3: 0526a000 CR4: 000006b0
[    2.783710] Call Trace:
[    2.783710]  <IRQ>
[    2.783710]  led_trigger_event+0x39/0x60
[    2.783710]  mmc_request_done+0x300/0x340
[    2.783710]  ? sdhci_irq+0x1ee/0xc91
[    2.783710]  sdhci_irq+0x1fd/0xc91
[    2.783710]  ? sdhci_irq+0x1fd/0xc91
[    2.783710]  __handle_irq_event_percpu+0x5c/0xd0
[    2.783710]  ? __handle_irq_event_percpu+0x5c/0xd0
[    2.783710]  handle_irq_event_percpu+0x26/0x60
[    2.783710]  handle_irq_event+0x29/0x50
[    2.783710]  handle_fasteoi_irq+0x70/0x140
[    2.783710]  ? unmask_irq.part.38+0x30/0x30
[    2.783710]  handle_irq+0x7a/0xb0
[    2.783710]  </IRQ>
[    2.783710]  do_IRQ+0x37/0xd0
[    2.783710]  common_interrupt+0xe4/0xec
[    2.783710] EIP: delay_tsc+0x2d/0x90
[    2.783710] Code: 57 56 53 83 ec 10 89 45 ec c7 45 f0 00 00 00 00 64 8b 35 34 31 24 c5 0f ae e8 0f 31 89 45 e4 89 55 e8 8d 76 00 0f ae e8 0f 31 <89> c1 2b 4d e4 89 d3 1b 5d e8 39 5d f0 73 0c 83 c4 10 5b 5e 5f 5d
[    2.783710] EAX: 25e09cfb EBX: 00000001 ECX: 00003527 EDX: 00000007
[    2.783710] ESI: 00000001 EDI: f093e000 EBP: f1a17ca8 ESP: f1a17c8c
[    2.783710] DS: 007b ES: 007b FS: 00d8 GS: 00e0 SS: 0068 EFLAGS: 00000246
[    2.783710]  __const_udelay+0x29/0x30
[    2.783710]  azx_rirb_get_response+0xad/0x290
[    2.783710]  ? azx_get_sync_time+0x290/0x290
[    2.783710]  azx_get_response+0x38/0x40
[    2.783710]  ? azx_get_response+0x38/0x40
[    2.783710]  snd_hdac_bus_exec_verb_unlocked+0x87/0xc0
[    2.783710]  codec_exec_verb+0x87/0x120
[    2.783710]  ? hda_jackpoll_work+0x40/0x40
[    2.783710]  snd_hdac_exec_verb+0x16/0x40
[    2.783710]  ? snd_hdac_exec_verb+0x16/0x40
[    2.783710]  hda_reg_read+0x9a/0x230
[    2.783710]  __snd_hdac_regmap_read_raw+0x47/0xa0
[    2.783710]  snd_hdac_regmap_read_raw_uncached+0xa/0x10
[    2.783710]  snd_hdac_read_parm_uncached+0x26/0x50
[    2.783710]  read_widget_caps+0x7a/0xb0
[    2.783710]  snd_hda_codec_device_new+0x22a/0x360
[    2.783710]  ? kasprintf+0x11/0x20
[    2.783710]  ? snd_hdac_device_init+0x2a1/0x390
[    2.783710]  snd_hda_codec_new+0x9f/0x130
[    2.783710]  ? snd_hda_codec_new+0x9f/0x130
[    2.783710]  azx_probe_codecs+0x111/0x270
[    2.783710]  azx_probe_continue+0x456/0x840
[    2.783710]  ? azx_probe_continue+0x456/0x840
[    2.783710]  azx_probe_work+0xd/0x10
[    2.783710]  ? azx_probe_work+0xd/0x10
[    2.783710]  process_one_work+0x17e/0x370
[    2.783710]  ? process_one_work+0x123/0x370
[    2.783710]  worker_thread+0x39/0x3b0
[    2.783710]  kthread+0xe7/0x120
[    2.783710]  ? process_one_work+0x370/0x370
[    2.783710]  ? kthread_park+0xa0/0xa0
[    2.783710]  ret_from_fork+0x2e/0x38
[    2.783710] ---[ end trace 6145d7e7b3a7732f ]---
[    2.951808] usb 2-2: new full-speed USB device number 2 using uhci_hcd
[    2.951994] snd_hda_codec_analog hdaudioC0D0: autoconfig for AD1981: line_outs=1 (0x5/0x0/0x0/0x0/0x0) type:speaker
[    2.957358] snd_hda_codec_analog hdaudioC0D0:    speaker_outs=0 (0x0/0x0/0x0/0x0/0x0)
[    2.959290] snd_hda_codec_analog hdaudioC0D0:    hp_outs=0 (0x0/0x0/0x0/0x0/0x0)
[    2.961228] snd_hda_codec_analog hdaudioC0D0:    mono: mono_out=0x0
[    2.963129] snd_hda_codec_analog hdaudioC0D0:    inputs:
[    2.965014] snd_hda_codec_analog hdaudioC0D0:      Mic=0x8
[    2.966869] snd_hda_codec_analog hdaudioC0D0:      CD=0x19
[    2.979074] sdhci-pci 0000:15:00.2: Will use DMA mode even though HW doesn't fully claim to support it.
[    2.981607] rtc_cmos 00:02: setting system clock to 2019-04-26T21:23:26 UTC (1556313806)
[    2.987093] cfg80211: Loading compiled-in X.509 certificates for regulatory database
[    2.992605] cfg80211: Loaded X.509 cert 'sforshee: 00b28ddf47aef9cea7'
[    2.995222] PM: Image not found (code -22)
[    2.995263] ALSA device list:
[    2.995402] platform regulatory.0: Direct firmware load for regulatory.db failed with error -2
[    2.997321]   #0: HDA Intel at 0xee240000 irq 17
[    2.999561] cfg80211: failed to load regulatory.db
[    3.022051] leds mmc0::: Cannot set LED brightness from hard irq context!
[    3.026033] WARNING: CPU: 1 PID: 0 at drivers/leds/led-core.c:254 led_set_brightness+0x72/0x80
[    3.026033] Modules linked in:
[    3.026033] CPU: 1 PID: 0 Comm: swapper/1 Tainted: G        W         5.1.0-rc6-next-20190426autobisect1556312680+ #265
[    3.026033] Hardware name: LENOVO 17097HU/17097HU, BIOS 7BETD8WW (2.19 ) 03/31/2011
[    3.026033] EIP: led_set_brightness+0x72/0x80
[    3.026033] Code: 20 e6 15 c5 e8 bf b5 2d 00 8d 65 f8 5b 5e 5d c3 90 8d b4 26 00 00 00 00 89 73 6c eb e2 68 40 29 06 c5 ff 73 2c e8 d5 28 d4 ff <0f> 0b 58 5a eb d9 90 8d b4 26 00 00 00 00 55 c7 40 40 00 00 00 00
[    3.026033] EAX: 00000000 EBX: f10c4508 ECX: e5fae40b EDX: 00000000
[    3.026033] ESI: 00000000 EDI: f10c4508 EBP: f18a1ed0 ESP: f18a1ec0
[    3.026033] DS: 007b ES: 007b FS: 00d8 GS: 00e0 SS: 0068 EFLAGS: 00210046
[    3.026033] CR0: 80050033 CR2: 00000000 CR3: 0526a000 CR4: 000006b0
[    3.026033] Call Trace:
[    3.026033]  <IRQ>
[    3.026033]  led_trigger_event+0x39/0x60
[    3.026033]  mmc_request_done+0x300/0x340
[    3.026033]  ? sdhci_irq+0x1ee/0xc91
[    3.026033]  sdhci_irq+0x1fd/0xc91
[    3.026033]  ? sdhci_irq+0x1fd/0xc91
[    3.026033]  __handle_irq_event_percpu+0x5c/0xd0
[    3.026033]  ? __handle_irq_event_percpu+0x5c/0xd0
[    3.026033]  handle_irq_event_percpu+0x26/0x60
[    3.026033]  handle_irq_event+0x29/0x50
[    3.026033]  handle_fasteoi_irq+0x70/0x140
[    3.026033]  ? unmask_irq.part.38+0x30/0x30
[    3.026033]  handle_irq+0x7a/0xb0
[    3.026033]  </IRQ>
[    3.026033]  do_IRQ+0x37/0xd0
[    3.026033]  ? acpi_idle_enter_s2idle+0x60/0x60
[    3.026033]  common_interrupt+0xe4/0xec
[    3.026033] EIP: cpuidle_enter_state+0xcc/0x3a0
[    3.026033] Code: 5b 74 ff 89 45 e0 31 c0 89 55 e4 e8 7e 68 74 ff 84 db 74 12 9c 58 f6 c4 02 0f 85 bf 02 00 00 31 c0 e8 48 22 7a ff fb 8b 45 f0 <85> c0 0f 88 4c 02 00 00 8b 7d ec 8d 04 80 8b 55 e4 c1 e0 04 8b 44
[    3.026033] EAX: 00000002 EBX: 00000000 ECX: b4207cb7 EDX: f5e025c0
[    3.026033] ESI: c4418150 EDI: 00000003 EBP: f1891f14 ESP: f1891ee8
[    3.026033] DS: 007b ES: 007b FS: 00d8 GS: 00e0 SS: 0068 EFLAGS: 00200246
[    3.026033]  ? acpi_idle_enter_s2idle+0x60/0x60
[    3.026033]  cpuidle_enter+0x22/0x40
[    3.026033]  call_cpuidle+0x23/0x40
[    3.026033]  do_idle+0x1c7/0x230
[    3.026033]  cpu_startup_entry+0x1d/0x20
[    3.026033]  start_secondary+0x1a9/0x200
[    3.026033]  startup_32_smp+0x164/0x168
[    3.026033]  ? startup_32_smp+0x164/0x168
[    3.026033] ---[ end trace 6145d7e7b3a77330 ]---
[    3.263195] sdhci-pci 0000:15:00.2: Will use DMA mode even though HW doesn't fully claim to support it.
[    3.300463] leds mmc0::: Cannot set LED brightness from hard irq context!
[    3.304155] WARNING: CPU: 1 PID: 17 at drivers/leds/led-core.c:254 led_set_brightness+0x72/0x80
[    3.304155] Modules linked in:
[    3.304155] CPU: 1 PID: 17 Comm: kworker/1:0 Tainted: G        W         5.1.0-rc6-next-20190426autobisect1556312680+ #265
[    3.304155] Hardware name: LENOVO 17097HU/17097HU, BIOS 7BETD8WW (2.19 ) 03/31/2011
[    3.323805] Workqueue: events_long serio_handle_event
[    3.323805] EIP: led_set_brightness+0x72/0x80
[    3.323805] Code: 20 e6 15 c5 e8 bf b5 2d 00 8d 65 f8 5b 5e 5d c3 90 8d b4 26 00 00 00 00 89 73 6c eb e2 68 40 29 06 c5 ff 73 2c e8 d5 28 d4 ff <0f> 0b 58 5a eb d9 90 8d b4 26 00 00 00 00 55 c7 40 40 00 00 00 00
[    3.337698] EAX: 00000000 EBX: f10c4508 ECX: 8ff4b2c1 EDX: 00000000
[    3.337698] ESI: 00000000 EDI: f10c4508 EBP: f18a1ed0 ESP: f18a1ec0
[    3.352677] usb 2-2: New USB device found, idVendor=0a12, idProduct=0001, bcdDevice=88.91
[    3.337698] DS: 007b ES: 007b FS: 00d8 GS: 00e0 SS: 0068 EFLAGS: 00010046
[    3.358790] usb 2-2: New USB device strings: Mfr=0, Product=2, SerialNumber=0
[    3.337698] CR0: 80050033 CR2: 00000000 CR3: 0526a000 CR4: 000006b0
[    3.337698] Call Trace:
[    3.337698]  <IRQ>
[    3.337698]  led_trigger_event+0x39/0x60
[    3.337698]  mmc_request_done+0x300/0x340
[    3.337698]  ? sdhci_irq+0x1ee/0xc91
[    3.337698]  sdhci_irq+0x1fd/0xc91
[    3.369373] usb 2-2: Product: CSR8510 A10
[    3.337698]  ? sdhci_irq+0x1fd/0xc91
[    3.337698]  __handle_irq_event_percpu+0x5c/0xd0
[    3.337698]  ? __handle_irq_event_percpu+0x5c/0xd0
[    3.391762]  handle_irq_event_percpu+0x26/0x60
[    3.415775]  handle_irq_event+0x29/0x50
[    3.415775]  handle_fasteoi_irq+0x70/0x140
[    3.415775]  ? unmask_irq.part.38+0x30/0x30
[    3.415775]  handle_irq+0x7a/0xb0
[    3.415775]  </IRQ>
[    3.439774]  do_IRQ+0x37/0xd0
[    3.439774]  common_interrupt+0xe4/0xec
[    3.448227] EIP: _raw_spin_unlock_irqrestore+0x22/0x30
[    3.448227] Code: e8 d3 1f 47 ff 5b 5d c3 55 89 e5 56 53 8b 4d 04 89 c3 8d 40 10 89 d6 ba 01 00 00 00 e8 77 e5 46 ff 89 d8 e8 b0 1f 47 ff 56 9d <5b> 5e 5d c3 8d 76 00 8d bc 27 00 00 00 00 55 ba 01 00 00 00 89 e5
[    3.463775] EAX: 00000001 EBX: c5155f20 ECX: 72d486b4 EDX: 00000000
[    3.463775] ESI: 00000246 EDI: 000010d4 EBP: f189dbd0 ESP: f189dbc8
[    3.471776] DS: 007b ES: 007b FS: 00d8 GS: 00e0 SS: 0068 EFLAGS: 00000246
[    3.471776]  i8042_command+0x2d/0x40
[    3.471776]  i8042_aux_write+0x35/0x40
[    3.487774]  ps2_do_sendbyte+0x7c/0x250
[    3.487774]  ? __ps2_command+0xa4/0x560
[    3.487774]  __ps2_command+0x139/0x560
[    3.487774]  ? __ps2_command+0xa4/0x560
[    3.504717]  ? __ps2_command+0x139/0x560
[    3.508876]  ? __mutex_unlock_slowpath+0x39/0x290
[    3.511782]  ps2_command+0x33/0x60
[    3.516233]  ? ps2_command+0x33/0x60
[    3.516233]  alps_rpt_cmd+0x41/0xe0
[    3.516233]  alps_identify+0x96/0x960
[    3.516233]  ? __ps2_command+0x313/0x560
[    3.516233]  ? alps_identify+0x96/0x960
[    3.516233]  ? _raw_spin_unlock_irq+0x1d/0x30
[    3.535777]  alps_detect+0x14/0xc0
[    3.535777]  ? alps_detect+0x14/0xc0
[    3.535777]  ? psmouse_apply_defaults+0x9a/0x130
[    3.543969]  ? alps_init+0x310/0x310
[    3.547773]  psmouse_do_detect+0x2e/0x50
[    3.551780]  psmouse_try_protocol+0x77/0xc0
[    3.555747]  psmouse_extensions+0x14e/0x3a0
[    3.555747]  psmouse_switch_protocol+0x135/0x150
[    3.555747]  psmouse_connect+0x182/0x350
[    3.555747]  serio_connect_driver+0x25/0x40
[    3.567866]  serio_driver_probe+0x13/0x20
[    3.571764]  really_probe+0x1b5/0x3e0
[    3.571764]  driver_probe_device+0x129/0x1b0
[    3.575852]  ? driver_probe_device+0x129/0x1b0
[    3.579771]  device_driver_attach+0x49/0x50
[    3.583779]  ? device_driver_attach+0x49/0x50
[    3.588801]  __driver_attach+0xc0/0x160
[    3.591786]  ? klist_next+0x6c/0xe0
[    3.591786]  ? device_driver_attach+0x50/0x50
[    3.591786]  bus_for_each_dev+0x4e/0x90
[    3.591786]  ? bus_for_each_dev+0x4e/0x90
[    3.591786]  driver_attach+0x14/0x20
[    3.591786]  ? device_driver_attach+0x50/0x50
[    3.591786]  serio_handle_event+0xcb/0x240
[    3.591786]  ? process_one_work+0x123/0x370
[    3.591786]  process_one_work+0x17e/0x370
[    3.591786]  ? process_one_work+0x123/0x370
[    3.591786]  worker_thread+0x39/0x3b0
[    3.615774]  kthread+0xe7/0x120
[    3.615774]  ? process_one_work+0x370/0x370
[    3.615774]  ? kthread_park+0xa0/0xa0
[    3.615774]  ret_from_fork+0x2e/0x38
[    3.615774] ---[ end trace 6145d7e7b3a77331 ]---
[    3.660800] sdhci-pci 0000:15:00.2: Will use DMA mode even though HW doesn't fully claim to support it.
[    3.779769] usb 5-1: new full-speed USB device number 2 using uhci_hcd
[    3.969828] usb 5-1: New USB device found, idVendor=0a5c, idProduct=2110, bcdDevice= 1.00
[    3.973073] usb 5-1: New USB device strings: Mfr=1, Product=2, SerialNumber=0
[    3.976311] usb 5-1: Product: BCM2045B
[    3.979465] usb 5-1: Manufacturer: Broadcom Corp
[    3.993630] psmouse serio1: trackpoint: IBM TrackPoint firmware: 0x0e, buttons: 3/3
[    4.013709] input: TPPS/2 IBM TrackPoint as /devices/platform/i8042/serio1/input/input7
[    4.021872] md: Waiting for all devices to be available before autodetect
[    4.024556] md: If you don't use raid, use raid=noautodetect
[    4.028321] md: Autodetecting RAID arrays.
[    4.031030] md: autorun ...
[    4.033700] md: ... autorun DONE.
[    4.042754] EXT4-fs (sda4): mounted filesystem with ordered data mode. Opts: (null)
[    4.044984] VFS: Mounted root (ext4 filesystem) readonly on device 8:4.
[    4.047762] devtmpfs: mounted
[    4.050734] Freeing unused kernel image memory: 644K
[    4.063970] Write protecting kernel text and read-only data: 17308k
[    4.066930] NX-protecting the kernel data: 8004k
[    4.071075] x86/mm: Checked W+X mappings: passed, no W+X pages found.
[    4.074123] rodata_test: all tests were successful
[    4.077242] x86/mm: Checking user space page tables
[    4.080421] x86/mm: Checked W+X mappings: passed, no W+X pages found.
[    4.082814] Run /sbin/init as init process
[    4.249876] random: systemd: uninitialized urandom read (16 bytes read)
[    4.254941] systemd[1]: systemd 215 running in system mode. (+PAM +AUDIT +SELINUX +IMA +SYSVINIT +LIBCRYPTSETUP +GCRYPT +ACL +XZ -SECCOMP -APPARMOR)
[    4.284006] systemd[1]: Detected architecture 'x86'.
[    4.329989] systemd[1]: Failed to insert module 'ipv6'
[    4.333553] systemd[1]: Set hostname to <amd>.
[    4.370515] random: systemd-sysv-ge: uninitialized urandom read (16 bytes read)
[    4.464007] random: systemd-sysv-ge: uninitialized urandom read (16 bytes read)
[    4.595503] systemd[1]: Binding to IPv6 address not available since kernel does not support IPv6.
[    4.599392] systemd[1]: [/lib/systemd/system/gpsd.socket:6] Failed to parse address value, ignoring: [::1]:2947
[    4.610570] systemd[1]: Starting Forward Password Requests to Wall Directory Watch.
[    4.614950] systemd[1]: Started Forward Password Requests to Wall Directory Watch.
[    4.617770] systemd[1]: Starting Remote File Systems (Pre).
[    4.626601] systemd[1]: Reached target Remote File Systems (Pre).
[    4.927746] usb 5-2: new full-speed USB device number 3 using uhci_hcd
[    4.959374] systemd-udevd[1905]: starting version 215
[    5.124808] usb 5-2: New USB device found, idVendor=0483, idProduct=2016, bcdDevice= 0.01
[    5.124813] usb 5-2: New USB device strings: Mfr=1, Product=2, SerialNumber=0
[    5.124817] usb 5-2: Product: Biometric Coprocessor
[    5.124821] usb 5-2: Manufacturer: STMicroelectronics
[    5.578792] EXT4-fs (sda4): re-mounted. Opts: errors=remount-ro
[    5.737730] e1000e 0000:02:00.0 eth1: renamed from eth0
[    5.754528] systemd-udevd[2410]: renamed network interface eth0 to eth1
[    5.866787] Bluetooth: hci1: urb (ptrval) failed to resubmit (2)
[    6.648865] Adding 2097148k swap on /dev/sda1.  Priority:-2 extents:1 across:2097148k 
[    6.774148] EXT4-fs (sda2): mounted filesystem with ordered data mode. Opts: errors=remount-ro
[    6.850580] systemd-journald[1943]: Received request to flush runtime journal from PID 1
[    7.275475] random: crng init done
[    7.277661] random: 7 urandom warning(s) missed due to ratelimiting
[   13.031609] iwl3945 0000:03:00.0: loaded firmware version 15.32.2.9
[   14.650354] e1000e: eth1 NIC Link is Up 100 Mbps Full Duplex, Flow Control: Rx/Tx
[   14.650547] e1000e 0000:02:00.0 eth1: 10/100 speed: disabling TSO
