[    0.000000] Linux version 5.8.0-rc1+ (pavel@duo) (gcc (Debian 8.3.0-6) 8.3.0, GNU ld (GNU Binutils for Debian) 2.31.1) #116 SMP PREEMPT Mon Jun 15 09:15:31 CEST 2020
[    0.000000] Command line: BOOT_IMAGE=(hd1,2)/l/k/o/64/arch/x86/boot/bzImage root=/dev/sdb3 resume=/dev/sda1
[    0.000000] Disabled fast string operations
[    0.000000] x86/fpu: Supporting XSAVE feature 0x001: 'x87 floating point registers'
[    0.000000] x86/fpu: Supporting XSAVE feature 0x002: 'SSE registers'
[    0.000000] x86/fpu: Supporting XSAVE feature 0x004: 'AVX registers'
[    0.000000] x86/fpu: xstate_offset[2]:  576, xstate_sizes[2]:  256
[    0.000000] x86/fpu: Enabled xstate features 0x7, context size is 832 bytes, using 'standard' format.
[    0.000000] BIOS-provided physical RAM map:
[    0.000000] BIOS-e820: [mem 0x0000000000000000-0x000000000009d7ff] usable
[    0.000000] BIOS-e820: [mem 0x000000000009d800-0x000000000009ffff] reserved
[    0.000000] BIOS-e820: [mem 0x00000000000e0000-0x00000000000fffff] reserved
[    0.000000] BIOS-e820: [mem 0x0000000000100000-0x000000001fffffff] usable
[    0.000000] BIOS-e820: [mem 0x0000000020000000-0x00000000201fffff] reserved
[    0.000000] BIOS-e820: [mem 0x0000000020200000-0x000000003fffffff] usable
[    0.000000] BIOS-e820: [mem 0x0000000040000000-0x00000000401fffff] reserved
[    0.000000] BIOS-e820: [mem 0x0000000040200000-0x00000000da99efff] usable
[    0.000000] BIOS-e820: [mem 0x00000000da99f000-0x00000000dae9efff] reserved
[    0.000000] BIOS-e820: [mem 0x00000000dae9f000-0x00000000daf9efff] ACPI NVS
[    0.000000] BIOS-e820: [mem 0x00000000daf9f000-0x00000000daffefff] ACPI data
[    0.000000] BIOS-e820: [mem 0x00000000dafff000-0x00000000daffffff] usable
[    0.000000] BIOS-e820: [mem 0x00000000db000000-0x00000000df9fffff] reserved
[    0.000000] BIOS-e820: [mem 0x00000000f8000000-0x00000000fbffffff] reserved
[    0.000000] BIOS-e820: [mem 0x00000000fec00000-0x00000000fec00fff] reserved
[    0.000000] BIOS-e820: [mem 0x00000000fed08000-0x00000000fed08fff] reserved
[    0.000000] BIOS-e820: [mem 0x00000000fed10000-0x00000000fed19fff] reserved
[    0.000000] BIOS-e820: [mem 0x00000000fed1c000-0x00000000fed1ffff] reserved
[    0.000000] BIOS-e820: [mem 0x00000000fee00000-0x00000000fee00fff] reserved
[    0.000000] BIOS-e820: [mem 0x00000000ffd20000-0x00000000ffffffff] reserved
[    0.000000] BIOS-e820: [mem 0x0000000100000000-0x000000019e5fffff] usable
[    0.000000] BIOS-e820: [mem 0x000000019e600000-0x000000019e7fffff] reserved
[    0.000000] NX (Execute Disable) protection: active
[    0.000000] SMBIOS 2.6 present.
[    0.000000] DMI: LENOVO 42872WU/42872WU, BIOS 8DET74WW (1.44 ) 03/13/2018
[    0.000000] tsc: Fast TSC calibration using PIT
[    0.000000] tsc: Detected 2491.660 MHz processor
[    0.000617] e820: update [mem 0x00000000-0x00000fff] usable ==> reserved
[    0.000620] e820: remove [mem 0x000a0000-0x000fffff] usable
[    0.000627] last_pfn = 0x19e600 max_arch_pfn = 0x400000000
[    0.000633] MTRR default type: uncachable
[    0.000634] MTRR fixed ranges enabled:
[    0.000636]   00000-9FFFF write-back
[    0.000638]   A0000-BFFFF uncachable
[    0.000639]   C0000-FFFFF write-protect
[    0.000641] MTRR variable ranges enabled:
[    0.000643]   0 base 0FFC00000 mask FFFC00000 write-protect
[    0.000645]   1 base 000000000 mask F80000000 write-back
[    0.000646]   2 base 080000000 mask FC0000000 write-back
[    0.000648]   3 base 0C0000000 mask FE0000000 write-back
[    0.000649]   4 base 0DC000000 mask FFC000000 uncachable
[    0.000651]   5 base 0DB000000 mask FFF000000 uncachable
[    0.000652]   6 base 100000000 mask F80000000 write-back
[    0.000653]   7 base 180000000 mask FE0000000 write-back
[    0.000655]   8 base 19F000000 mask FFF000000 uncachable
[    0.000656]   9 base 19E800000 mask FFF800000 uncachable
[    0.001449] x86/PAT: Configuration [0-7]: WB  WC  UC- UC  WB  WP  UC- WT  
[    0.002784] last_pfn = 0xdb000 max_arch_pfn = 0x400000000
[    0.002805] reserving inaccessible SNB gfx pages
[    0.003777] ACPI: Early table checksum verification disabled
[    0.003783] ACPI: RSDP 0x00000000000F00E0 000024 (v02 LENOVO)
[    0.003788] ACPI: XSDT 0x00000000DAFFE120 0000AC (v01 LENOVO TP-8D    00001440 PTEC 00000002)
[    0.003796] ACPI: FACP 0x00000000DAFE7000 0000F4 (v04 LENOVO TP-8D    00001440 PTL  00000002)
[    0.003803] ACPI: DSDT 0x00000000DAFEA000 00FA89 (v01 LENOVO TP-8D    00001440 INTL 20061109)
[    0.003808] ACPI: FACS 0x00000000DAF2D000 000040
[    0.003812] ACPI: FACS 0x00000000DAF2D000 000040
[    0.003816] ACPI: SLIC 0x00000000DAFFD000 000176 (v01 LENOVO TP-8D    00001440 PTEC 00000001)
[    0.003820] ACPI: SSDT 0x00000000DAFFC000 000249 (v01 LENOVO TP-SSDT2 00000200 INTL 20061109)
[    0.003825] ACPI: SSDT 0x00000000DAFFB000 000033 (v01 LENOVO TP-SSDT1 00000100 INTL 20061109)
[    0.003829] ACPI: SSDT 0x00000000DAFFA000 0007D1 (v01 LENOVO SataAhci 00001000 INTL 20061109)
[    0.003833] ACPI: HPET 0x00000000DAFE6000 000038 (v01 LENOVO TP-8D    00001440 PTL  00000002)
[    0.003838] ACPI: APIC 0x00000000DAFE5000 000098 (v01 LENOVO TP-8D    00001440 PTL  00000002)
[    0.003842] ACPI: MCFG 0x00000000DAFE4000 00003C (v01 LENOVO TP-8D    00001440 PTL  00000002)
[    0.003846] ACPI: ECDT 0x00000000DAFE3000 000052 (v01 LENOVO TP-8D    00001440 PTL  00000002)
[    0.003850] ACPI: ASF! 0x00000000DAFE9000 0000A5 (v32 LENOVO TP-8D    00001440 PTL  00000002)
[    0.003855] ACPI: TCPA 0x00000000DAFE2000 000032 (v02 PTL    LENOVO   06040000 LNVO 00000001)
[    0.003859] ACPI: SSDT 0x00000000DAFE1000 000A27 (v01 PmRef  Cpu0Ist  00003000 INTL 20061109)
[    0.003864] ACPI: SSDT 0x00000000DAFE0000 000996 (v01 PmRef  CpuPm    00003000 INTL 20061109)
[    0.003868] ACPI: DMAR 0x00000000DAFDF000 0000E8 (v01 INTEL  SNB      00000001 INTL 00000001)
[    0.003873] ACPI: UEFI 0x00000000DAFDE000 00003E (v01 LENOVO TP-8D    00001440 PTL  00000002)
[    0.003877] ACPI: UEFI 0x00000000DAFDD000 000042 (v01 PTL    COMBUF   00000001 PTL  00000001)
[    0.003881] ACPI: UEFI 0x00000000DAFDC000 000292 (v01 LENOVO TP-8D    00001440 PTL  00000002)
[    0.003890] ACPI: Local APIC address 0xfee00000
[    0.003930] Zone ranges:
[    0.003932]   DMA      [mem 0x0000000000001000-0x0000000000ffffff]
[    0.003935]   DMA32    [mem 0x0000000001000000-0x00000000ffffffff]
[    0.003938]   Normal   [mem 0x0000000100000000-0x000000019e5fffff]
[    0.003940] Movable zone start for each node
[    0.003942] Early memory node ranges
[    0.003944]   node   0: [mem 0x0000000000001000-0x000000000009cfff]
[    0.003947]   node   0: [mem 0x0000000000100000-0x000000001fffffff]
[    0.003949]   node   0: [mem 0x0000000020200000-0x000000003fffffff]
[    0.003951]   node   0: [mem 0x0000000040200000-0x00000000da99efff]
[    0.003953]   node   0: [mem 0x00000000dafff000-0x00000000daffffff]
[    0.003955]   node   0: [mem 0x0000000100000000-0x000000019e5fffff]
[    0.004217] Zeroed struct page in unavailable ranges: 29892 pages
[    0.004218] Initmem setup node 0 [mem 0x0000000000001000-0x000000019e5fffff]
[    0.004222] On node 0 totalpages: 1542972
[    0.004224]   DMA zone: 56 pages used for memmap
[    0.004225]   DMA zone: 156 pages reserved
[    0.004227]   DMA zone: 3996 pages, LIFO batch:0
[    0.004266]   DMA32 zone: 12172 pages used for memmap
[    0.004267]   DMA32 zone: 890272 pages, LIFO batch:63
[    0.012395]   Normal zone: 8869 pages used for memmap
[    0.012398]   Normal zone: 648704 pages, LIFO batch:63
[    0.018305] Reserving Intel graphics memory at [mem 0xdba00000-0xdf9fffff]
[    0.018484] ACPI: PM-Timer IO Port: 0x408
[    0.018487] ACPI: Local APIC address 0xfee00000
[    0.018495] ACPI: LAPIC_NMI (acpi_id[0x00] high edge lint[0x1])
[    0.018497] ACPI: LAPIC_NMI (acpi_id[0x01] high edge lint[0x1])
[    0.018513] IOAPIC[0]: apic_id 2, version 32, address 0xfec00000, GSI 0-23
[    0.018517] ACPI: INT_SRC_OVR (bus 0 bus_irq 0 global_irq 2 dfl dfl)
[    0.018520] ACPI: INT_SRC_OVR (bus 0 bus_irq 9 global_irq 9 high level)
[    0.018523] ACPI: IRQ0 used by override.
[    0.018525] ACPI: IRQ9 used by override.
[    0.018528] Using ACPI (MADT) for SMP configuration information
[    0.018531] ACPI: HPET id: 0x8086a301 base: 0xfed00000
[    0.018537] TSC deadline timer available
[    0.018539] smpboot: Allowing 8 CPUs, 4 hotplug CPUs
[    0.018566] PM: hibernation: Registered nosave memory: [mem 0x00000000-0x00000fff]
[    0.018569] PM: hibernation: Registered nosave memory: [mem 0x0009d000-0x0009dfff]
[    0.018571] PM: hibernation: Registered nosave memory: [mem 0x0009e000-0x0009ffff]
[    0.018573] PM: hibernation: Registered nosave memory: [mem 0x000a0000-0x000dffff]
[    0.018575] PM: hibernation: Registered nosave memory: [mem 0x000e0000-0x000fffff]
[    0.018578] PM: hibernation: Registered nosave memory: [mem 0x20000000-0x201fffff]
[    0.018581] PM: hibernation: Registered nosave memory: [mem 0x40000000-0x401fffff]
[    0.018583] PM: hibernation: Registered nosave memory: [mem 0xda99f000-0xdae9efff]
[    0.018585] PM: hibernation: Registered nosave memory: [mem 0xdae9f000-0xdaf9efff]
[    0.018587] PM: hibernation: Registered nosave memory: [mem 0xdaf9f000-0xdaffefff]
[    0.018590] PM: hibernation: Registered nosave memory: [mem 0xdb000000-0xdf9fffff]
[    0.018592] PM: hibernation: Registered nosave memory: [mem 0xdfa00000-0xf7ffffff]
[    0.018594] PM: hibernation: Registered nosave memory: [mem 0xf8000000-0xfbffffff]
[    0.018596] PM: hibernation: Registered nosave memory: [mem 0xfc000000-0xfebfffff]
[    0.018598] PM: hibernation: Registered nosave memory: [mem 0xfec00000-0xfec00fff]
[    0.018600] PM: hibernation: Registered nosave memory: [mem 0xfec01000-0xfed07fff]
[    0.018601] PM: hibernation: Registered nosave memory: [mem 0xfed08000-0xfed08fff]
[    0.018603] PM: hibernation: Registered nosave memory: [mem 0xfed09000-0xfed0ffff]
[    0.018605] PM: hibernation: Registered nosave memory: [mem 0xfed10000-0xfed19fff]
[    0.018607] PM: hibernation: Registered nosave memory: [mem 0xfed1a000-0xfed1bfff]
[    0.018609] PM: hibernation: Registered nosave memory: [mem 0xfed1c000-0xfed1ffff]
[    0.018611] PM: hibernation: Registered nosave memory: [mem 0xfed20000-0xfedfffff]
[    0.018613] PM: hibernation: Registered nosave memory: [mem 0xfee00000-0xfee00fff]
[    0.018615] PM: hibernation: Registered nosave memory: [mem 0xfee01000-0xffd1ffff]
[    0.018617] PM: hibernation: Registered nosave memory: [mem 0xffd20000-0xffffffff]
[    0.018621] [mem 0xdfa00000-0xf7ffffff] available for PCI devices
[    0.018624] clocksource: refined-jiffies: mask: 0xffffffff max_cycles: 0xffffffff, max_idle_ns: 7645519600211568 ns
[    0.018632] setup_percpu: NR_CPUS:8 nr_cpumask_bits:8 nr_cpu_ids:8 nr_node_ids:1
[    0.020414] percpu: Embedded 60 pages/cpu s208528 r8192 d29040 u262144
[    0.020422] pcpu-alloc: s208528 r8192 d29040 u262144 alloc=1*2097152
[    0.020423] pcpu-alloc: [0] 0 1 2 3 4 5 6 7 
[    0.020448] Built 1 zonelists, mobility grouping on.  Total pages: 1521719
[    0.020452] Kernel command line: BOOT_IMAGE=(hd1,2)/l/k/o/64/arch/x86/boot/bzImage root=/dev/sdb3 resume=/dev/sda1
[    0.024323] Dentry cache hash table entries: 1048576 (order: 11, 8388608 bytes, linear)
[    0.026230] Inode-cache hash table entries: 524288 (order: 10, 4194304 bytes, linear)
[    0.026325] mem auto-init: stack:off, heap alloc:off, heap free:off
[    0.298957] Memory: 5970188K/6171888K available (16387K kernel code, 1103K rwdata, 5804K rodata, 1084K init, 5804K bss, 201700K reserved, 0K cma-reserved)
[    0.298983] random: get_random_u32 called from cache_grow_begin.constprop.84+0x2d8/0xe50 with crng_init=0
[    0.299609] Kernel/User page tables isolation: enabled
[    0.299808] rcu: Preemptible hierarchical RCU implementation.
[    0.299811] 	Trampoline variant of Tasks RCU enabled.
[    0.299813] rcu: RCU calculated value of scheduler-enlistment delay is 25 jiffies.
[    0.299844] NR_IRQS: 4352, nr_irqs: 104, preallocated irqs: 16
[    0.301819] Console: colour VGA+ 80x25
[    0.310856] printk: console [tty0] enabled
[    0.310916] Lock dependency validator: Copyright (c) 2006 Red Hat, Inc., Ingo Molnar
[    0.310989] ... MAX_LOCKDEP_SUBCLASSES:  8
[    0.311048] ... MAX_LOCK_DEPTH:          48
[    0.311108] ... MAX_LOCKDEP_KEYS:        8192
[    0.311168] ... CLASSHASH_SIZE:          4096
[    0.311228] ... MAX_LOCKDEP_ENTRIES:     32768
[    0.311288] ... MAX_LOCKDEP_CHAINS:      65536
[    0.311349] ... CHAINHASH_SIZE:          32768
[    0.311409]  memory used by lock dependency info: 3573 kB
[    0.311473]  per task-struct memory footprint: 1920 bytes
[    0.311543] ACPI: Core revision 20200528
[    0.311891] clocksource: hpet: mask: 0xffffffff max_cycles: 0xffffffff, max_idle_ns: 133484882848 ns
[    0.312001] APIC: Switch to symmetric I/O mode setup
[    0.312523] ..TIMER: vector=0x30 apic1=0 pin1=2 apic2=-1 pin2=-1
[    0.332004] clocksource: tsc-early: mask: 0xffffffffffffffff max_cycles: 0x23ea733d1c8, max_idle_ns: 440795253814 ns
[    0.332102] Calibrating delay loop (skipped), value calculated using timer frequency.. 4983.32 BogoMIPS (lpj=9966640)
[    0.332199] pid_max: default: 32768 minimum: 301
[    0.332412] Mount-cache hash table entries: 16384 (order: 5, 131072 bytes, linear)
[    0.332501] Mountpoint-cache hash table entries: 16384 (order: 5, 131072 bytes, linear)
[    0.333023] Disabled fast string operations
[    0.333094] process: using mwait in idle threads
[    0.333158] Last level iTLB entries: 4KB 512, 2MB 8, 4MB 8
[    0.333223] Last level dTLB entries: 4KB 512, 2MB 32, 4MB 32, 1GB 0
[    0.333292] Spectre V1 : Mitigation: usercopy/swapgs barriers and __user pointer sanitization
[    0.333381] Spectre V2 : Mitigation: Full generic retpoline
[    0.333446] Spectre V2 : Spectre v2 / SpectreRSB mitigation: Filling RSB on context switch
[    0.333521] Spectre V2 : Enabling Restricted Speculation for firmware calls
[    0.333591] Spectre V2 : mitigation: Enabling conditional Indirect Branch Prediction Barrier
[    0.333668] Spectre V2 : User space: Mitigation: STIBP via prctl
[    0.333735] Speculative Store Bypass: Vulnerable
[    0.333797] MDS: Vulnerable: Clear CPU buffers attempted, no microcode
[    0.333995] Freeing SMP alternatives memory: 48K
[    0.335101] smpboot: CPU0: Intel(R) Core(TM) i5-2520M CPU @ 2.50GHz (family: 0x6, model: 0x2a, stepping: 0x7)
[    0.336011] Performance Events: PEBS fmt1+, SandyBridge events, 16-deep LBR, full-width counters, Intel PMU driver.
[    0.336101] ... version:                3
[    0.336101] ... bit width:              48
[    0.336101] ... generic registers:      4
[    0.336101] ... value mask:             0000ffffffffffff
[    0.336101] ... max period:             00007fffffffffff
[    0.336101] ... fixed-purpose events:   3
[    0.336101] ... event mask:             000000070000000f
[    0.336101] rcu: Hierarchical SRCU implementation.
[    0.336101] NMI watchdog: Enabled. Permanently consumes one hw-PMU counter.
[    0.336101] smp: Bringing up secondary CPUs ...
[    0.336580] x86: Booting SMP configuration:
[    0.336646] .... node  #0, CPUs:      #1
[    0.016003] Disabled fast string operations
[    0.339003] MDS CPU bug present and SMT on, data leak possible. See https://www.kernel.org/doc/html/latest/admin-guide/hw-vuln/mds.html for more details.
[    0.339003]  #2
[    0.016003] Disabled fast string operations
[    0.342248]  #3
[    0.016003] Disabled fast string operations
[    0.344230] smp: Brought up 1 node, 4 CPUs
[    0.344392] smpboot: Max logical packages: 2
[    0.344454] smpboot: Total of 4 processors activated (19933.28 BogoMIPS)
[    0.347458] devtmpfs: initialized
[    0.348342] PM: Registering ACPI NVS region [mem 0xdae9f000-0xdaf9efff] (1048576 bytes)
[    0.348789] clocksource: jiffies: mask: 0xffffffff max_cycles: 0xffffffff, max_idle_ns: 7645041785100000 ns
[    0.348789] futex hash table entries: 2048 (order: 6, 262144 bytes, linear)
[    0.348789] thermal_sys: Registered thermal governor 'step_wise'
[    0.348861] NET: Registered protocol family 16
[    0.350015] cpuidle: using governor ladder
[    0.350125] cpuidle: using governor menu
[    0.350125] ACPI FADT declares the system doesn't support PCIe ASPM, so disable it
[    0.350125] ACPI: bus type PCI registered
[    0.350125] PCI: MMCONFIG for domain 0000 [bus 00-3f] at [mem 0xf8000000-0xfbffffff] (base 0xf8000000)
[    0.350125] PCI: MMCONFIG at [mem 0xf8000000-0xfbffffff] reserved in E820
[    0.350125] PCI: Using configuration type 1 for base access
[    0.350125] core: PMU erratum BJ122, BV98, HSD29 worked around, HT is on
[    0.352170] ENERGY_PERF_BIAS: Set to 'normal', was 'performance'
[    0.381250] ACPI: Added _OSI(Module Device)
[    0.381250] ACPI: Added _OSI(Processor Device)
[    0.381250] ACPI: Added _OSI(3.0 _SCP Extensions)
[    0.381250] ACPI: Added _OSI(Processor Aggregator Device)
[    0.381250] ACPI: Added _OSI(Linux-Dell-Video)
[    0.381250] ACPI: Added _OSI(Linux-Lenovo-NV-HDMI-Audio)
[    0.381250] ACPI: Added _OSI(Linux-HPI-Hybrid-Graphics)
[    0.420956] ACPI: 6 ACPI AML tables successfully acquired and loaded
[    0.423615] ACPI: EC: EC started
[    0.423675] ACPI: EC: interrupt blocked
[    0.426398] ACPI: EC: EC_CMD/EC_SC=0x66, EC_DATA=0x62
[    0.426463] ACPI: EC: Boot ECDT EC used to handle transactions
[    0.427156] ACPI: [Firmware Bug]: BIOS _OSI(Linux) query ignored
[    0.437670] ACPI: Dynamic OEM Table Load:
[    0.437744] ACPI: SSDT 0xFFFF888197FBA000 0008C0 (v01 PmRef  Cpu0Cst  00003001 INTL 20061109)
[    0.440585] ACPI: Dynamic OEM Table Load:
[    0.440657] ACPI: SSDT 0xFFFF8881971ED000 000303 (v01 PmRef  ApIst    00003000 INTL 20061109)
[    0.442974] ACPI: Dynamic OEM Table Load:
[    0.443045] ACPI: SSDT 0xFFFF88819750BA00 000119 (v01 PmRef  ApCst    00003000 INTL 20061109)
[    0.447012] ACPI: Interpreter enabled
[    0.447117] ACPI: (supports S0 S3 S4 S5)
[    0.447181] ACPI: Using IOAPIC for interrupt routing
[    0.448108] PCI: Using host bridge windows from ACPI; if necessary, use "pci=nocrs" and report a bug
[    0.448177] ACPI: Enabled 6 GPEs in block 00 to 3F
[    0.461484] ACPI: Power Resource [PUBS] (on)
[    0.464172] acpi PNP0C0A:01: ACPI dock station (docks/bays count: 1)
[    0.468170] acpi LNXIOBAY:00: ACPI dock station (docks/bays count: 2)
[    0.476170] acpi IBM0079:00: ACPI dock station (docks/bays count: 3)
[    0.476634] ACPI: PCI Interrupt Link [LNKA] (IRQs 3 4 5 6 7 9 10 *11)
[    0.477088] ACPI: PCI Interrupt Link [LNKB] (IRQs 3 4 5 6 7 9 10 *11)
[    0.477527] ACPI: PCI Interrupt Link [LNKC] (IRQs 3 4 5 6 7 9 10 *11)
[    0.477961] ACPI: PCI Interrupt Link [LNKD] (IRQs 3 4 5 6 7 9 *10 11)
[    0.478394] ACPI: PCI Interrupt Link [LNKE] (IRQs 3 4 5 6 *7 9 10 11)
[    0.478731] ACPI: PCI Interrupt Link [LNKF] (IRQs 3 4 5 6 7 9 10 11) *0, disabled.
[    0.479169] ACPI: PCI Interrupt Link [LNKG] (IRQs 3 4 5 6 *7 9 10 11)
[    0.479603] ACPI: PCI Interrupt Link [LNKH] (IRQs 3 4 5 6 7 9 *10 11)
[    0.480173] ACPI: PCI Root Bridge [PCI0] (domain 0000 [bus 00-fe])
[    0.480173] acpi PNP0A08:00: _OSC: OS supports [ExtendedConfig ASPM ClockPM Segments HPX-Type3]
[    0.480523] acpi PNP0A08:00: _OSC: not requesting OS control; OS requires [ExtendedConfig ASPM ClockPM MSI]
[    0.480627] acpi PNP0A08:00: [Firmware Info]: MMCONFIG for domain 0000 [bus 00-3f] only partially covers this bridge
[    0.480880] PCI host bridge to bus 0000:00
[    0.480952] pci_bus 0000:00: root bus resource [io  0x0000-0x0cf7 window]
[    0.481027] pci_bus 0000:00: root bus resource [io  0x0d00-0xffff window]
[    0.481100] pci_bus 0000:00: root bus resource [mem 0x000a0000-0x000bffff window]
[    0.481176] pci_bus 0000:00: root bus resource [mem 0xdfa00000-0xfebfffff window]
[    0.481251] pci_bus 0000:00: root bus resource [mem 0xfed40000-0xfed4bfff window]
[    0.481327] pci_bus 0000:00: root bus resource [bus 00-fe]
[    0.481423] pci 0000:00:00.0: [8086:0104] type 00 class 0x060000
[    0.484106] pci 0000:00:02.0: [8086:0126] type 00 class 0x030000
[    0.484106] pci 0000:00:02.0: reg 0x10: [mem 0xf0000000-0xf03fffff 64bit]
[    0.484106] pci 0000:00:02.0: reg 0x18: [mem 0xe0000000-0xefffffff 64bit pref]
[    0.484106] pci 0000:00:02.0: reg 0x20: [io  0x5000-0x503f]
[    0.484171] pci 0000:00:16.0: [8086:1c3a] type 00 class 0x078000
[    0.484171] pci 0000:00:16.0: reg 0x10: [mem 0xf2525000-0xf252500f 64bit]
[    0.484171] pci 0000:00:16.0: PME# supported from D0 D3hot D3cold
[    0.484171] pci 0000:00:19.0: [8086:1502] type 00 class 0x020000
[    0.484171] pci 0000:00:19.0: reg 0x10: [mem 0xf2500000-0xf251ffff]
[    0.484171] pci 0000:00:19.0: reg 0x14: [mem 0xf252b000-0xf252bfff]
[    0.484171] pci 0000:00:19.0: reg 0x18: [io  0x5080-0x509f]
[    0.484171] pci 0000:00:19.0: PME# supported from D0 D3hot D3cold
[    0.484171] pci 0000:00:1a.0: [8086:1c2d] type 00 class 0x0c0320
[    0.484171] pci 0000:00:1a.0: reg 0x10: [mem 0xf252a000-0xf252a3ff]
[    0.484171] pci 0000:00:1a.0: PME# supported from D0 D3hot D3cold
[    0.484529] pci 0000:00:1b.0: [8086:1c20] type 00 class 0x040300
[    0.484632] pci 0000:00:1b.0: reg 0x10: [mem 0xf2520000-0xf2523fff 64bit]
[    0.484818] pci 0000:00:1b.0: PME# supported from D0 D3hot D3cold
[    0.488168] pci 0000:00:1c.0: [8086:1c10] type 01 class 0x060400
[    0.488168] pci 0000:00:1c.0: PME# supported from D0 D3hot D3cold
[    0.488169] pci 0000:00:1c.1: [8086:1c12] type 01 class 0x060400
[    0.488169] pci 0000:00:1c.1: PME# supported from D0 D3hot D3cold
[    0.488169] pci 0000:00:1c.3: [8086:1c16] type 01 class 0x060400
[    0.488169] pci 0000:00:1c.3: PME# supported from D0 D3hot D3cold
[    0.488173] pci 0000:00:1c.4: [8086:1c18] type 01 class 0x060400
[    0.488173] pci 0000:00:1c.4: PME# supported from D0 D3hot D3cold
[    0.488173] pci 0000:00:1d.0: [8086:1c26] type 00 class 0x0c0320
[    0.488173] pci 0000:00:1d.0: reg 0x10: [mem 0xf2529000-0xf25293ff]
[    0.488173] pci 0000:00:1d.0: PME# supported from D0 D3hot D3cold
[    0.488566] pci 0000:00:1f.0: [8086:1c4f] type 00 class 0x060100
[    0.492164] pci 0000:00:1f.2: [8086:1c03] type 00 class 0x010601
[    0.492164] pci 0000:00:1f.2: reg 0x10: [io  0x50a8-0x50af]
[    0.492164] pci 0000:00:1f.2: reg 0x14: [io  0x50bc-0x50bf]
[    0.492164] pci 0000:00:1f.2: reg 0x18: [io  0x50a0-0x50a7]
[    0.492164] pci 0000:00:1f.2: reg 0x1c: [io  0x50b8-0x50bb]
[    0.492164] pci 0000:00:1f.2: reg 0x20: [io  0x5060-0x507f]
[    0.492164] pci 0000:00:1f.2: reg 0x24: [mem 0xf2528000-0xf25287ff]
[    0.492164] pci 0000:00:1f.2: PME# supported from D3hot
[    0.492169] pci 0000:00:1f.3: [8086:1c22] type 00 class 0x0c0500
[    0.492169] pci 0000:00:1f.3: reg 0x10: [mem 0xf2524000-0xf25240ff 64bit]
[    0.492169] pci 0000:00:1f.3: reg 0x20: [io  0xefa0-0xefbf]
[    0.492169] pci 0000:00:1c.0: PCI bridge to [bus 02]
[    0.492169] pci 0000:03:00.0: [8086:0084] type 00 class 0x028000
[    0.492169] pci 0000:03:00.0: reg 0x10: [mem 0xf2400000-0xf2401fff 64bit]
[    0.492620] pci 0000:03:00.0: PME# supported from D0 D3hot D3cold
[    0.496122] pci 0000:00:1c.1: PCI bridge to [bus 03]
[    0.496122] pci 0000:00:1c.1:   bridge window [mem 0xf2400000-0xf24fffff]
[    0.496430] pci 0000:00:1c.3: PCI bridge to [bus 05-0c]
[    0.496430] pci 0000:00:1c.3:   bridge window [io  0x4000-0x4fff]
[    0.496430] pci 0000:00:1c.3:   bridge window [mem 0xf1c00000-0xf23fffff]
[    0.496430] pci 0000:00:1c.3:   bridge window [mem 0xf0400000-0xf0bfffff 64bit pref]
[    0.496430] pci 0000:0d:00.0: [1180:e822] type 00 class 0x088001
[    0.496430] pci 0000:0d:00.0: MMC controller base frequency changed to 50Mhz.
[    0.496430] pci 0000:0d:00.0: reg 0x10: [mem 0xf1400000-0xf14000ff]
[    0.496430] pci 0000:0d:00.0: supports D1 D2
[    0.496430] pci 0000:0d:00.0: PME# supported from D0 D1 D2 D3hot D3cold
[    0.496430] pci 0000:00:1c.4: PCI bridge to [bus 0d]
[    0.496430] pci 0000:00:1c.4:   bridge window [io  0x3000-0x3fff]
[    0.496430] pci 0000:00:1c.4:   bridge window [mem 0xf1400000-0xf1bfffff]
[    0.496430] pci 0000:00:1c.4:   bridge window [mem 0xf0c00000-0xf13fffff 64bit pref]
[    0.496453] pci_bus 0000:00: on NUMA node 0
[    0.500168] ACPI: EC: interrupt unblocked
[    0.500168] ACPI: EC: event unblocked
[    0.500168] ACPI: EC: EC_CMD/EC_SC=0x66, EC_DATA=0x62
[    0.500168] ACPI: EC: GPE=0x11
[    0.500168] ACPI: \_SB_.PCI0.LPC_.EC__: Boot ECDT EC initialization complete
[    0.500168] ACPI: \_SB_.PCI0.LPC_.EC__: EC: Used to handle transactions and events
[    0.500562] pci 0000:00:02.0: vgaarb: setting as boot VGA device
[    0.500562] pci 0000:00:02.0: vgaarb: VGA device added: decodes=io+mem,owns=io+mem,locks=none
[    0.500562] pci 0000:00:02.0: vgaarb: bridge control possible
[    0.500562] vgaarb: loaded
[    0.504151] SCSI subsystem initialized
[    0.504237] libata version 3.00 loaded.
[    0.504373] ACPI: bus type USB registered
[    0.504531] usbcore: registered new interface driver usbfs
[    0.504644] usbcore: registered new interface driver hub
[    0.504777] usbcore: registered new device driver usb
[    0.504938] mc: Linux media interface: v0.10
[    0.505036] videodev: Linux video capture interface: v2.00
[    0.505154] pps_core: LinuxPPS API ver. 1 registered
[    0.505224] pps_core: Software ver. 5.3.6 - Copyright 2005-2007 Rodolfo Giometti <giometti@linux.it>
[    0.505332] PTP clock support registered
[    0.505521] EDAC MC: Ver: 3.0.0
[    0.505521] Advanced Linux Sound Architecture Driver Initialized.
[    0.505521] Bluetooth: Core ver 2.22
[    0.505521] NET: Registered protocol family 31
[    0.505521] Bluetooth: HCI device and connection manager initialized
[    0.505521] Bluetooth: HCI socket layer initialized
[    0.505521] Bluetooth: L2CAP socket layer initialized
[    0.505521] Bluetooth: SCO socket layer initialized
[    0.508163] PCI: Using ACPI for IRQ routing
[    0.510164] PCI: pci_cache_line_size set to 64 bytes
[    0.510543] e820: reserve RAM buffer [mem 0x0009d800-0x0009ffff]
[    0.510547] e820: reserve RAM buffer [mem 0xda99f000-0xdbffffff]
[    0.510549] e820: reserve RAM buffer [mem 0xdb000000-0xdbffffff]
[    0.510551] e820: reserve RAM buffer [mem 0x19e600000-0x19fffffff]
[    0.510659] clocksource: Switched to clocksource tsc-early
[    0.510659] pnp: PnP ACPI init
[    0.510659] system 00:00: [mem 0x00000000-0x0009ffff] could not be reserved
[    0.510659] system 00:00: [mem 0x000c0000-0x000c3fff] could not be reserved
[    0.510720] system 00:00: [mem 0x000c4000-0x000c7fff] could not be reserved
[    0.510794] system 00:00: [mem 0x000c8000-0x000cbfff] has been reserved
[    0.510867] system 00:00: [mem 0x000cc000-0x000cffff] has been reserved
[    0.510940] system 00:00: [mem 0x000d0000-0x000d3fff] has been reserved
[    0.511013] system 00:00: [mem 0x000d4000-0x000d7fff] has been reserved
[    0.511087] system 00:00: [mem 0x000d8000-0x000dbfff] has been reserved
[    0.511159] system 00:00: [mem 0x000dc000-0x000dffff] has been reserved
[    0.511232] system 00:00: [mem 0x000e0000-0x000e3fff] could not be reserved
[    0.511308] system 00:00: [mem 0x000e4000-0x000e7fff] could not be reserved
[    0.511382] system 00:00: [mem 0x000e8000-0x000ebfff] could not be reserved
[    0.511457] system 00:00: [mem 0x000ec000-0x000effff] could not be reserved
[    0.511532] system 00:00: [mem 0x000f0000-0x000fffff] could not be reserved
[    0.511607] system 00:00: [mem 0x00100000-0xdf9fffff] could not be reserved
[    0.511682] system 00:00: [mem 0xfec00000-0xfed3ffff] could not be reserved
[    0.511757] system 00:00: [mem 0xfed4c000-0xffffffff] could not be reserved
[    0.511854] system 00:00: Plug and Play ACPI device, IDs PNP0c01 (active)
[    0.512163] system 00:01: [io  0x0400-0x047f] has been reserved
[    0.512235] system 00:01: [io  0x0500-0x057f] has been reserved
[    0.512305] system 00:01: [io  0x0800-0x080f] has been reserved
[    0.512375] system 00:01: [io  0x15e0-0x15ef] has been reserved
[    0.512445] system 00:01: [io  0x1600-0x167f] has been reserved
[    0.512515] system 00:01: [mem 0xf8000000-0xfbffffff] has been reserved
[    0.512589] system 00:01: [mem 0x00000000-0x00000fff] could not be reserved
[    0.512663] system 00:01: [mem 0xfed1c000-0xfed1ffff] has been reserved
[    0.512736] system 00:01: [mem 0xfed10000-0xfed13fff] has been reserved
[    0.512809] system 00:01: [mem 0xfed18000-0xfed18fff] has been reserved
[    0.512881] system 00:01: [mem 0xfed19000-0xfed19fff] has been reserved
[    0.512954] system 00:01: [mem 0xfed45000-0xfed4bfff] has been reserved
[    0.513042] system 00:01: Plug and Play ACPI device, IDs PNP0c02 (active)
[    0.513202] pnp 00:02: Plug and Play ACPI device, IDs PNP0b00 (active)
[    0.513274] pnp 00:03: Plug and Play ACPI device, IDs PNP0303 (active)
[    0.513346] pnp 00:04: Plug and Play ACPI device, IDs LEN0020 PNP0f13 (active)
[    0.513498] pnp 00:05: Plug and Play ACPI device, IDs SMO1200 PNP0c31 (active)
[    0.514699] pnp: PnP ACPI: found 6 devices
[    0.525782] clocksource: acpi_pm: mask: 0xffffff max_cycles: 0xffffff, max_idle_ns: 2085701024 ns
[    0.525960] NET: Registered protocol family 2
[    0.526387] tcp_listen_portaddr_hash hash table entries: 4096 (order: 6, 327680 bytes, linear)
[    0.526626] TCP established hash table entries: 65536 (order: 7, 524288 bytes, linear)
[    0.526937] TCP bind hash table entries: 65536 (order: 10, 4718592 bytes, vmalloc)
[    0.529184] TCP: Hash tables configured (established 65536 bind 65536)
[    0.529602] UDP hash table entries: 4096 (order: 7, 655360 bytes, linear)
[    0.529999] UDP-Lite hash table entries: 4096 (order: 7, 655360 bytes, linear)
[    0.530482] NET: Registered protocol family 1
[    0.530926] RPC: Registered named UNIX socket transport module.
[    0.530997] RPC: Registered udp transport module.
[    0.531061] RPC: Registered tcp transport module.
[    0.531125] RPC: Registered tcp NFSv4.1 backchannel transport module.
[    0.531458] pci 0000:00:1c.0: bridge window [io  0x1000-0x0fff] to [bus 02] add_size 1000
[    0.531538] pci 0000:00:1c.0: bridge window [mem 0x00100000-0x000fffff 64bit pref] to [bus 02] add_size 200000 add_align 100000
[    0.531639] pci 0000:00:1c.0: bridge window [mem 0x00100000-0x000fffff] to [bus 02] add_size 200000 add_align 100000
[    0.531745] pci 0000:00:1c.0: BAR 8: assigned [mem 0xdfa00000-0xdfbfffff]
[    0.531820] pci 0000:00:1c.0: BAR 9: assigned [mem 0xdfc00000-0xdfdfffff 64bit pref]
[    0.531897] pci 0000:00:1c.0: BAR 7: assigned [io  0x2000-0x2fff]
[    0.531968] pci 0000:00:1c.0: PCI bridge to [bus 02]
[    0.532036] pci 0000:00:1c.0:   bridge window [io  0x2000-0x2fff]
[    0.532150] pci 0000:00:1c.0:   bridge window [mem 0xdfa00000-0xdfbfffff]
[    0.532225] pci 0000:00:1c.0:   bridge window [mem 0xdfc00000-0xdfdfffff 64bit pref]
[    0.532307] pci 0000:00:1c.1: PCI bridge to [bus 03]
[    0.532376] pci 0000:00:1c.1:   bridge window [mem 0xf2400000-0xf24fffff]
[    0.532458] pci 0000:00:1c.3: PCI bridge to [bus 05-0c]
[    0.532524] pci 0000:00:1c.3:   bridge window [io  0x4000-0x4fff]
[    0.532598] pci 0000:00:1c.3:   bridge window [mem 0xf1c00000-0xf23fffff]
[    0.532672] pci 0000:00:1c.3:   bridge window [mem 0xf0400000-0xf0bfffff 64bit pref]
[    0.532753] pci 0000:00:1c.4: PCI bridge to [bus 0d]
[    0.532819] pci 0000:00:1c.4:   bridge window [io  0x3000-0x3fff]
[    0.532892] pci 0000:00:1c.4:   bridge window [mem 0xf1400000-0xf1bfffff]
[    0.532967] pci 0000:00:1c.4:   bridge window [mem 0xf0c00000-0xf13fffff 64bit pref]
[    0.533049] pci_bus 0000:00: resource 4 [io  0x0000-0x0cf7 window]
[    0.533117] pci_bus 0000:00: resource 5 [io  0x0d00-0xffff window]
[    0.533186] pci_bus 0000:00: resource 6 [mem 0x000a0000-0x000bffff window]
[    0.533256] pci_bus 0000:00: resource 7 [mem 0xdfa00000-0xfebfffff window]
[    0.533327] pci_bus 0000:00: resource 8 [mem 0xfed40000-0xfed4bfff window]
[    0.533398] pci_bus 0000:02: resource 0 [io  0x2000-0x2fff]
[    0.533464] pci_bus 0000:02: resource 1 [mem 0xdfa00000-0xdfbfffff]
[    0.533532] pci_bus 0000:02: resource 2 [mem 0xdfc00000-0xdfdfffff 64bit pref]
[    0.533604] pci_bus 0000:03: resource 1 [mem 0xf2400000-0xf24fffff]
[    0.533673] pci_bus 0000:05: resource 0 [io  0x4000-0x4fff]
[    0.533739] pci_bus 0000:05: resource 1 [mem 0xf1c00000-0xf23fffff]
[    0.533807] pci_bus 0000:05: resource 2 [mem 0xf0400000-0xf0bfffff 64bit pref]
[    0.533879] pci_bus 0000:0d: resource 0 [io  0x3000-0x3fff]
[    0.533945] pci_bus 0000:0d: resource 1 [mem 0xf1400000-0xf1bfffff]
[    0.534014] pci_bus 0000:0d: resource 2 [mem 0xf0c00000-0xf13fffff 64bit pref]
[    0.534289] pci 0000:00:02.0: Video device with shadowed ROM at [mem 0x000c0000-0x000dffff]
[    0.535392] PCI: CLS 64 bytes, default 64
[    0.535514] PCI-DMA: Using software bounce buffering for IO (SWIOTLB)
[    0.535584] software IO TLB: mapped [mem 0xd699f000-0xda99f000] (64MB)
[    0.538518] Initialise system trusted keyrings
[    0.538687] workingset: timestamp_bits=62 max_order=21 bucket_order=0
[    0.539991] Installing knfsd (copyright (C) 1996 okir@monad.swb.de).
[    0.540819] ntfs: driver 2.1.32 [Flags: R/W].
[    0.541015] fuse: init (API version 7.31)
[    0.553052] Key type asymmetric registered
[    0.553121] Asymmetric key parser 'x509' registered
[    0.553216] Block layer SCSI generic (bsg) driver version 0.4 loaded (major 249)
[    0.553294] io scheduler mq-deadline registered
[    0.553386] io scheduler bfq registered
[    0.553662] pcieport 0000:00:1c.0: enabling device (0000 -> 0003)
[    0.555330] intel_idle: MWAIT substates: 0x21120
[    0.555332] intel_idle: v0.5.1 model 0x2A
[    0.556086] intel_idle: Local APIC timer is reliable in all C-states
[    0.556498] ACPI: Deprecated procfs I/F for AC is loaded, please retry with CONFIG_ACPI_PROCFS_POWER cleared
[    0.556839] ACPI: AC Adapter [AC] (on-line)
[    0.557144] input: Lid Switch as /devices/LNXSYSTM:00/LNXSYBUS:00/PNP0C0D:00/input/input0
[    0.557442] ACPI: Lid Switch [LID]
[    0.557635] input: Sleep Button as /devices/LNXSYSTM:00/LNXSYBUS:00/PNP0C0E:00/input/input1
[    0.557837] ACPI: Sleep Button [SLPB]
[    0.558065] input: Power Button as /devices/LNXSYSTM:00/LNXPWRBN:00/input/input2
[    0.558250] ACPI: Power Button [PWRF]
[    0.561794] thermal LNXTHERM:00: registered as thermal_zone0
[    0.561865] ACPI: Thermal Zone [THM0] (62 C)
[    0.562293] Serial: 8250/16550 driver, 4 ports, IRQ sharing disabled
[    0.562447] battery: ACPI: Deprecated procfs I/F for battery is loaded, please retry with CONFIG_ACPI_PROCFS_POWER cleared
[    0.562594] battery: ACPI: Battery Slot [BAT0] (battery absent)
[    0.563829] lp: driver loaded but no devices found
[    0.563987] Non-volatile memory driver v1.3
[    0.564266] Linux agpgart interface v0.103
[    0.564593] [drm] radeon kernel modesetting enabled.
[    0.565596] i915 0000:00:02.0: vgaarb: deactivate vga console
[    0.566148] Console: switching to colour dummy device 80x25
[    0.576295] [drm] Supports vblank timestamp caching Rev 2 (21.10.2013).
[    0.577438] i915 0000:00:02.0: vgaarb: changed VGA decodes: olddecodes=io+mem,decodes=io+mem:owns=io+mem
[    0.674209] [drm] Initialized i915 1.6.0 20200515 for 0000:00:02.0 on minor 0
[    0.676447] ACPI: Video Device [VID] (multi-head: yes  rom: no  post: no)
[    0.677070] input: Video Bus as /devices/LNXSYSTM:00/LNXSYBUS:00/PNP0A08:00/LNXVIDEO:00/input/input3
[    0.677569] usbcore: registered new interface driver udl
[    0.687892] loop: module loaded
[    0.740470] ahci 0000:00:1f.2: version 3.0
[    0.741095] ahci 0000:00:1f.2: SSS flag set, parallel bus scan disabled
[    0.752276] ahci 0000:00:1f.2: AHCI 0001.0300 32 slots 6 ports 6 Gbps 0x17 impl SATA mode
[    0.752302] ahci 0000:00:1f.2: flags: 64bit ncq sntf ilck stag pm led clo pio slum part ems sxs apst 
[    0.790966] scsi host0: ahci
[    0.791397] scsi host1: ahci
[    0.791762] scsi host2: ahci
[    0.792086] scsi host3: ahci
[    0.792474] scsi host4: ahci
[    0.792840] scsi host5: ahci
[    0.793021] ata1: SATA max UDMA/133 abar m2048@0xf2528000 port 0xf2528100 irq 19
[    0.793042] ata2: SATA max UDMA/133 abar m2048@0xf2528000 port 0xf2528180 irq 19
[    0.793062] ata3: SATA max UDMA/133 abar m2048@0xf2528000 port 0xf2528200 irq 19
[    0.793080] ata4: DUMMY
[    0.793088] ata5: SATA max UDMA/133 abar m2048@0xf2528000 port 0xf2528300 irq 19
[    0.793106] ata6: DUMMY
[    0.794038] tun: Universal TUN/TAP device driver, 1.6
[    0.794440] e1000e: Intel(R) PRO/1000 Network Driver - 3.2.6-k
[    0.794454] e1000e: Copyright(c) 1999 - 2015 Intel Corporation.
[    0.794856] e1000e 0000:00:19.0: Interrupt Throttling Rate (ints/sec) set to dynamic conservative mode
[    0.891435] e1000e 0000:00:19.0 0000:00:19.0 (uninitialized): registered PHC clock
[    0.961518] fbcon: i915drmfb (fb0) is primary device
[    0.985048] e1000e 0000:00:19.0 eth0: (PCI Express:2.5GT/s:Width x1) f0:de:f1:e3:99:75
[    0.985072] e1000e 0000:00:19.0 eth0: Intel(R) PRO/1000 Network Connection
[    0.985124] e1000e 0000:00:19.0 eth0: MAC: 10, PHY: 11, PBA No: 1000FF-0FF
[    0.985314] PPP generic driver version 2.4.2
[    0.985491] PPP BSD Compression module registered
[    0.985494] PPP Deflate Compression module registered
[    0.985496] SLIP: version 0.8.4-NET3.019-NEWTTY (dynamic channels, max=256).
[    0.985497] CSLIP: code copyright 1989 Regents of the University of California.
[    0.985560] iwl3945: Intel(R) PRO/Wireless 3945ABG/BG Network Connection driver for Linux, in-tree:ds
[    0.985561] iwl3945: Copyright(c) 2003-2011 Intel Corporation
[    0.985562] iwl3945: hw_scan is disabled
[    0.985619] Intel(R) Wireless WiFi driver for Linux
[    0.986071] iwlwifi 0000:03:00.0: pci_enable_msi failed - -38
[    0.986354] iwlwifi 0000:03:00.0: loaded firmware version 39.31.5.1 build 35138 1000-5.ucode op_mode iwldvm
[    0.986438] iwlwifi 0000:03:00.0: Direct firmware load for iwl-debug-yoyo.bin failed with error -2
[    0.986686] iwlwifi 0000:03:00.0: CONFIG_IWLWIFI_DEBUG disabled
[    0.986687] iwlwifi 0000:03:00.0: CONFIG_IWLWIFI_DEBUGFS disabled
[    0.986689] iwlwifi 0000:03:00.0: CONFIG_IWLWIFI_DEVICE_TRACING disabled
[    0.986690] iwlwifi 0000:03:00.0: Detected Intel(R) Centrino(R) Wireless-N 1000 BGN, REV=0x6C
[    1.028548] ieee80211 phy0: Selected rate control algorithm 'iwl-agn-rs'
[    1.029424] usbcore: registered new interface driver ax88179_178a
[    1.029461] usbcore: registered new interface driver cdc_ether
[    1.029502] usbcore: registered new interface driver cdc_eem
[    1.029544] usbcore: registered new interface driver net1080
[    1.029641] usbcore: registered new interface driver cdc_subset
[    1.029680] usbcore: registered new interface driver zaurus
[    1.029732] usbcore: registered new interface driver cdc_ncm
[    1.029769] usbcore: registered new interface driver cdc_mbim
[    1.030082] ehci_hcd: USB 2.0 'Enhanced' Host Controller (EHCI) Driver
[    1.030095] ehci-pci: EHCI PCI platform driver
[    1.030425] ehci-pci 0000:00:1a.0: EHCI Host Controller
[    1.030590] ehci-pci 0000:00:1a.0: new USB bus registered, assigned bus number 1
[    1.030624] ehci-pci 0000:00:1a.0: debug port 2
[    1.034591] ehci-pci 0000:00:1a.0: cache line size of 64 is not supported
[    1.034602] ehci-pci 0000:00:1a.0: irq 16, io mem 0xf252a000
[    1.048283] ehci-pci 0000:00:1a.0: USB 2.0 started, EHCI 1.00
[    1.048518] usb usb1: New USB device found, idVendor=1d6b, idProduct=0002, bcdDevice= 5.08
[    1.048520] usb usb1: New USB device strings: Mfr=3, Product=2, SerialNumber=1
[    1.048522] usb usb1: Product: EHCI Host Controller
[    1.048523] usb usb1: Manufacturer: Linux 5.8.0-rc1+ ehci_hcd
[    1.048525] usb usb1: SerialNumber: 0000:00:1a.0
[    1.049024] hub 1-0:1.0: USB hub found
[    1.049061] hub 1-0:1.0: 3 ports detected
[    1.050079] ehci-pci 0000:00:1d.0: EHCI Host Controller
[    1.050222] ehci-pci 0000:00:1d.0: new USB bus registered, assigned bus number 2
[    1.050251] ehci-pci 0000:00:1d.0: debug port 2
[    1.054184] ehci-pci 0000:00:1d.0: cache line size of 64 is not supported
[    1.054214] ehci-pci 0000:00:1d.0: irq 23, io mem 0xf2529000
[    1.068260] ehci-pci 0000:00:1d.0: USB 2.0 started, EHCI 1.00
[    1.068434] usb usb2: New USB device found, idVendor=1d6b, idProduct=0002, bcdDevice= 5.08
[    1.068436] usb usb2: New USB device strings: Mfr=3, Product=2, SerialNumber=1
[    1.068437] usb usb2: Product: EHCI Host Controller
[    1.068439] usb usb2: Manufacturer: Linux 5.8.0-rc1+ ehci_hcd
[    1.068441] usb usb2: SerialNumber: 0000:00:1d.0
[    1.068916] hub 2-0:1.0: USB hub found
[    1.068954] hub 2-0:1.0: 3 ports detected
[    1.069664] ohci_hcd: USB 1.1 'Open' Host Controller (OHCI) Driver
[    1.069678] ohci-pci: OHCI PCI platform driver
[    1.069734] uhci_hcd: USB Universal Host Controller Interface driver
[    1.069926] usbcore: registered new interface driver cdc_acm
[    1.069927] cdc_acm: USB Abstract Control Model driver for USB modems and ISDN adapters
[    1.069979] usbcore: registered new interface driver usblp
[    1.070028] usbcore: registered new interface driver cdc_wdm
[    1.070090] usbcore: registered new interface driver usb-storage
[    1.070130] usbcore: registered new interface driver ums-sddr09
[    1.070244] usbcore: registered new interface driver usbserial_generic
[    1.070308] usbserial: USB Serial support registered for generic
[    1.070347] usbcore: registered new interface driver ch341
[    1.070377] usbserial: USB Serial support registered for ch341-uart
[    1.070419] usbcore: registered new interface driver cp210x
[    1.070509] usbserial: USB Serial support registered for cp210x
[    1.070554] usbcore: registered new interface driver ftdi_sio
[    1.070580] usbserial: USB Serial support registered for FTDI USB Serial Device
[    1.070633] usbcore: registered new interface driver option
[    1.070670] usbserial: USB Serial support registered for GSM modem (1-port)
[    1.070731] usbcore: registered new interface driver pl2303
[    1.070769] usbserial: USB Serial support registered for pl2303
[    1.070808] usbcore: registered new interface driver ti_usb_3410_5052
[    1.070841] usbserial: USB Serial support registered for TI USB 3410 1 port adapter
[    1.070932] usbserial: USB Serial support registered for TI USB 5052 2 port adapter
[    1.070936] ftdi_elan: driver ftdi-elan
[    1.070985] usbcore: registered new interface driver ftdi-elan
[    1.071166] i8042: PNP: PS/2 Controller [PNP0303:KBD,PNP0f13:MOU] at 0x60,0x64 irq 1,12
[    1.074724] serio: i8042 KBD port at 0x60,0x64 irq 1
[    1.074881] serio: i8042 AUX port at 0x60,0x64 irq 12
[    1.075301] mousedev: PS/2 mouse device common for all mice
[    1.076249] input: PC Speaker as /devices/platform/pcspkr/input/input5
[    1.076555] rtc_cmos 00:02: RTC can wake from S4
[    1.077097] rtc_cmos 00:02: registered as rtc0
[    1.077128] rtc_cmos 00:02: setting system clock to 2020-06-15T07:27:07 UTC (1592206027)
[    1.077245] rtc_cmos 00:02: alarms up to one month, y3k, 114 bytes nvram, hpet irqs
[    1.077303] i2c /dev entries driver
[    1.078298] usbcore: registered new interface driver uvcvideo
[    1.078300] USB Video Class driver (1.1.1)
[    1.079044] device-mapper: ioctl: 4.42.0-ioctl (2020-02-27) initialised: dm-devel@redhat.com
[    1.079047] Bluetooth: HCI UART driver ver 2.3
[    1.079050] Bluetooth: HCI UART protocol H4 registered
[    1.079051] Bluetooth: HCI UART protocol BCSP registered
[    1.079131] usbcore: registered new interface driver btusb
[    1.079138] intel_pstate: Intel P-state driver initializing
[    1.079459] input: AT Translated Set 2 keyboard as /devices/platform/i8042/serio0/input/input4
[    1.079893] sdhci: Secure Digital Host Controller Interface driver
[    1.079898] sdhci: Copyright(c) Pierre Ossman
[    1.080024] sdhci-pci 0000:0d:00.0: SDHCI controller found [1180:e822] (rev 7)
[    1.081332] mmc0 bounce up to 128 segments into one, max segment size 65536 bytes
[    1.081891] mmc0: SDHCI controller on PCI [0000:0d:00.0] using DMA
[    1.082057] hid: raw HID events driver (C) Jiri Kosina
[    1.083063] usbcore: registered new interface driver usbhid
[    1.083065] usbhid: USB HID core driver
[    1.083614] thinkpad_acpi: ThinkPad ACPI Extras v0.26
[    1.083615] thinkpad_acpi: http://ibm-acpi.sf.net/
[    1.083616] thinkpad_acpi: ThinkPad BIOS 8DET74WW (1.44 ), EC unknown
[    1.083617] thinkpad_acpi: Lenovo ThinkPad X220, model 42872WU
[    1.085021] thinkpad_acpi: radio switch found; radios are enabled
[    1.085228] thinkpad_acpi: Tablet mode switch found (type: MHKG), currently in laptop mode
[    1.085249] thinkpad_acpi: This ThinkPad has standard ACPI backlight brightness control, supported by the ACPI video driver
[    1.085250] thinkpad_acpi: Disabling thinkpad-acpi brightness events by default...
[    1.089575] thinkpad_acpi: rfkill switch tpacpi_bluetooth_sw: radio is unblocked
[    1.091202] thinkpad_acpi: warning: userspace override of important firmware LEDs is enabled
[    1.091221] thinkpad_acpi: Standard ACPI backlight interface available, not loading native one
[    1.091222] thinkpad_acpi: volume: disabled as there is no ALSA support in this kernel
[    1.092433] battery: new extension: ThinkPad Battery Extension
[    1.092596] input: ThinkPad Extra Buttons as /devices/platform/thinkpad_acpi/input/input7
[    1.093051] random: fast init done
[    1.095633] usbcore: registered new interface driver snd-usb-audio
[    1.103272] NET: Registered protocol family 17
[    1.103514] Bluetooth: RFCOMM TTY layer initialized
[    1.103573] Bluetooth: RFCOMM socket layer initialized
[    1.103594] Bluetooth: RFCOMM ver 1.11
[    1.103609] Bluetooth: BNEP (Ethernet Emulation) ver 1.3
[    1.103611] Bluetooth: BNEP filters: protocol multicast
[    1.103618] Bluetooth: BNEP socket layer initialized
[    1.103620] Bluetooth: HIDP (Human Interface Emulation) ver 1.2
[    1.103626] Bluetooth: HIDP socket layer initialized
[    1.103921] microcode: sig=0x206a7, pf=0x10, revision=0x2d
[    1.104142] microcode: Microcode Update Driver: v2.2.
[    1.104243] IPI shorthand broadcast: enabled
[    1.104280] sched_clock: Marking stable (1092105258, 12003689)->(1111687552, -7578605)
[    1.104497] Loading compiled-in X.509 certificates
[    1.104562] Key type ._fscrypt registered
[    1.104564] Key type .fscrypt registered
[    1.104566] Key type fscrypt-provisioning registered
[    1.105597] Key type encrypted registered
[    1.106377] cfg80211: Loading compiled-in X.509 certificates for regulatory database
[    1.107433] cfg80211: Loaded X.509 cert 'sforshee: 00b28ddf47aef9cea7'
[    1.107657] platform regulatory.0: Direct firmware load for regulatory.db failed with error -2
[    1.107662] cfg80211: failed to load regulatory.db
[    1.108147] ata1: SATA link up 1.5 Gbps (SStatus 113 SControl 300)
[    1.109141] ata1.00: ACPI cmd ef/02:00:00:00:00:a0 (SET FEATURES) succeeded
[    1.109143] ata1.00: ACPI cmd f5/00:00:00:00:00:a0 (SECURITY FREEZE LOCK) filtered out
[    1.109145] ata1.00: ACPI cmd ef/10:03:00:00:00:a0 (SET FEATURES) filtered out
[    1.109977] ata1.00: ATA-8: Hitachi HTS545050A7E380, GG2OA7J0, max UDMA/133
[    1.109979] ata1.00: 976773168 sectors, multi 16: LBA48 NCQ (depth 32), AA
[    1.109979] Console: switching to colour frame buffer device 102x42
[    1.111304] ata1.00: ACPI cmd ef/02:00:00:00:00:a0 (SET FEATURES) succeeded
[    1.111310] ata1.00: ACPI cmd f5/00:00:00:00:00:a0 (SECURITY FREEZE LOCK) filtered out
[    1.111315] ata1.00: ACPI cmd ef/10:03:00:00:00:a0 (SET FEATURES) filtered out
[    1.112210] ata1.00: configured for UDMA/133
[    1.128322] snd_hda_intel 0000:00:1b.0: bound 0000:00:02.0 (ops i915_audio_component_bind_ops)
[    1.153841] snd_hda_codec_generic hdaudioC0D0: autoconfig for Generic: line_outs=1 (0x1f/0x0/0x0/0x0/0x0) type:speaker
[    1.155004] i915 0000:00:02.0: fb0: i915drmfb frame buffer device
[    1.320084] snd_hda_codec_generic hdaudioC0D0:    speaker_outs=0 (0x0/0x0/0x0/0x0/0x0)
[    1.320390] scsi 0:0:0:0: Direct-Access     ATA      Hitachi HTS54505 A7J0 PQ: 0 ANSI: 5
[    1.322278] snd_hda_codec_generic hdaudioC0D0:    hp_outs=1 (0x19/0x0/0x0/0x0/0x0)
[    1.325535] sd 0:0:0:0: [sda] 976773168 512-byte logical blocks: (500 GB/466 GiB)
[    1.325825] sd 0:0:0:0: Attached scsi generic sg0 type 0
[    1.326602] snd_hda_codec_generic hdaudioC0D0:    mono: mono_out=0x0
[    1.327901] sd 0:0:0:0: [sda] 4096-byte physical blocks
[    1.329327] snd_hda_codec_generic hdaudioC0D0:    inputs:
[    1.330782] sd 0:0:0:0: [sda] Write Protect is off
[    1.332360] snd_hda_codec_generic hdaudioC0D0:      Internal Mic=0x23
[    1.333635] sd 0:0:0:0: [sda] Mode Sense: 00 3a 00 00
[    1.333697] sd 0:0:0:0: [sda] Write cache: enabled, read cache: enabled, doesn't support DPO or FUA
[    1.335126] snd_hda_codec_generic hdaudioC0D0:      Mic=0x1b
[    1.345278] snd_hda_codec_generic hdaudioC0D3: ignore pin 0x7, too many assigned pins
[    1.346313] snd_hda_codec_generic hdaudioC0D3: autoconfig for Generic: line_outs=0 (0x0/0x0/0x0/0x0/0x0) type:line
[    1.347439] snd_hda_codec_generic hdaudioC0D3:    speaker_outs=0 (0x0/0x0/0x0/0x0/0x0)
[    1.348495] snd_hda_codec_generic hdaudioC0D3:    hp_outs=0 (0x0/0x0/0x0/0x0/0x0)
[    1.349539] snd_hda_codec_generic hdaudioC0D3:    mono: mono_out=0x0
[    1.350561] snd_hda_codec_generic hdaudioC0D3:    dig-out=0x5/0x6
[    1.351652] snd_hda_codec_generic hdaudioC0D3:    inputs:
[    1.355116] input: HDA Intel PCH Mic as /devices/pci0000:00/0000:00:1b.0/sound/card0/input9
[    1.356411] input: HDA Intel PCH Headphone as /devices/pci0000:00/0000:00:1b.0/sound/card0/input10
[    1.357640] input: HDA Intel PCH HDMI as /devices/pci0000:00/0000:00:1b.0/sound/card0/input11
[    1.359006] input: HDA Intel PCH HDMI as /devices/pci0000:00/0000:00:1b.0/sound/card0/input12
[    1.384143] usb 1-1: new high-speed USB device number 2 using ehci-pci
[    1.404296] usb 2-1: new high-speed USB device number 2 using ehci-pci
[    1.540668] usb 1-1: New USB device found, idVendor=8087, idProduct=0024, bcdDevice= 0.00
[    1.542277] usb 1-1: New USB device strings: Mfr=0, Product=0, SerialNumber=0
[    1.544373] hub 1-1:1.0: USB hub found
[    1.546290] hub 1-1:1.0: 6 ports detected
[    1.560168] tsc: Refined TSC clocksource calibration: 2491.909 MHz
[    1.562091] clocksource: tsc: mask: 0xffffffffffffffff max_cycles: 0x23eb5e837e7, max_idle_ns: 440795249842 ns
[    1.564181] clocksource: Switched to clocksource tsc
[    1.566103] usb 2-1: New USB device found, idVendor=8087, idProduct=0024, bcdDevice= 0.00
[    1.567709] usb 2-1: New USB device strings: Mfr=0, Product=0, SerialNumber=0
[    1.569703] hub 2-1:1.0: USB hub found
[    1.571321] hub 2-1:1.0: 8 ports detected
[    1.644284] ata2: SATA link down (SStatus 0 SControl 300)
[    1.663776]  sda: sda1 sda2 sda3 sda4
[    1.668363] sd 0:0:0:0: [sda] Attached SCSI disk
[    1.836211] usb 1-1.3: new full-speed USB device number 3 using ehci-pci
[    1.860170] usb 2-1.2: new high-speed USB device number 3 using ehci-pci
[    1.950965] usb 1-1.3: New USB device found, idVendor=147e, idProduct=2016, bcdDevice= 0.02
[    1.953694] usb 1-1.3: New USB device strings: Mfr=1, Product=2, SerialNumber=0
[    1.956336] usb 1-1.3: Product: Biometric Coprocessor
[    1.958884] usb 1-1.3: Manufacturer: UPEK
[    1.964219] ata3: SATA link up 3.0 Gbps (SStatus 123 SControl 300)
[    1.973597] usb 2-1.2: New USB device found, idVendor=1a40, idProduct=0101, bcdDevice= 1.11
[    1.975918] usb 2-1.2: New USB device strings: Mfr=0, Product=1, SerialNumber=0
[    1.978089] usb 2-1.2: Product: USB 2.0 Hub
[    1.981721] ata3.00: ACPI cmd ef/02:00:00:00:00:a0 (SET FEATURES) succeeded
[    1.981726] ata3.00: ACPI cmd f5/00:00:00:00:00:a0 (SECURITY FREEZE LOCK) filtered out
[    1.981943] hub 2-1.2:1.0: USB hub found
[    1.983703] ata3.00: ACPI cmd ef/10:03:00:00:00:a0 (SET FEATURES) filtered out
[    1.985774] hub 2-1.2:1.0: 4 ports detected
[    1.993182] ata3.00: ATA-8: KINGSTON SMS200S3240G, 60AABBF0, max UDMA/133
[    1.995406] ata3.00: 468862128 sectors, multi 1: LBA48 NCQ (depth 32), AA
[    2.002968] ata3.00: ACPI cmd ef/02:00:00:00:00:a0 (SET FEATURES) succeeded
[    2.002977] ata3.00: ACPI cmd f5/00:00:00:00:00:a0 (SECURITY FREEZE LOCK) filtered out
[    2.004272] ata3.00: ACPI cmd ef/10:03:00:00:00:a0 (SET FEATURES) filtered out
[    2.010965] ata3.00: configured for UDMA/133
[    2.014261] scsi 2:0:0:0: Direct-Access     ATA      KINGSTON SMS200S BBF0 PQ: 0 ANSI: 5
[    2.017222] sd 2:0:0:0: Attached scsi generic sg1 type 0
[    2.017450] sd 2:0:0:0: [sdb] 468862128 512-byte logical blocks: (240 GB/224 GiB)
[    2.021711] sd 2:0:0:0: [sdb] Write Protect is off
[    2.023282] sd 2:0:0:0: [sdb] Mode Sense: 00 3a 00 00
[    2.023326] sd 2:0:0:0: [sdb] Write cache: enabled, read cache: enabled, doesn't support DPO or FUA
[    2.026072]  sdb: sdb2 sdb3 sdb4
[    2.028416] sd 2:0:0:0: [sdb] Attached SCSI disk
[    2.044212] usb 1-1.4: new full-speed USB device number 4 using ehci-pci
[    2.156163] psmouse serio1: synaptics: queried max coordinates: x [..5472], y [..4448]
[    2.161350] usb 1-1.4: New USB device found, idVendor=0a5c, idProduct=217f, bcdDevice= 7.48
[    2.162557] usb 1-1.4: New USB device strings: Mfr=1, Product=2, SerialNumber=3
[    2.163724] usb 1-1.4: Product: Broadcom Bluetooth Device
[    2.164886] usb 1-1.4: Manufacturer: Broadcom Corp
[    2.166021] usb 1-1.4: SerialNumber: 7CE9D3B855AA
[    2.243053] psmouse serio1: synaptics: Touchpad model: 1, fw: 8.0, id: 0x1e2b1, caps: 0xd001a3/0x940300/0x120c00/0x0, board id: 1611, fw id: 774180
[    2.247424] psmouse serio1: synaptics: serio: Synaptics pass-through port at isa0060/serio1/input0
[    2.249920] usb 1-1.6: new high-speed USB device number 5 using ehci-pci
[    2.302428] input: SynPS/2 Synaptics TouchPad as /devices/platform/i8042/serio1/input/input8
[    2.332267] ata5: SATA link down (SStatus 0 SControl 300)
[    2.356573] PM: Image not found (code -22)
[    2.356633] ALSA device list:
[    2.360575]   #0: HDA Intel PCH at 0xf2520000 irq 22
[    2.377021] usb 1-1.6: New USB device found, idVendor=04f2, idProduct=b217, bcdDevice= 8.54
[    2.379533] usb 1-1.6: New USB device strings: Mfr=1, Product=2, SerialNumber=0
[    2.382048] usb 1-1.6: Product: Integrated Camera
[    2.384465] usb 1-1.6: Manufacturer: Chicony Electronics Co., Ltd.
[    2.389436] uvcvideo: Found UVC 1.00 device Integrated Camera (04f2:b217)
[    2.396277] usb 2-1.2.2: new low-speed USB device number 4 using ehci-pci
[    2.401166] uvcvideo 1-1.6:1.0: Entity type for entity Extension 3 was not initialized!
[    2.402907] uvcvideo 1-1.6:1.0: Entity type for entity Processing 2 was not initialized!
[    2.404505] uvcvideo 1-1.6:1.0: Entity type for entity Camera 1 was not initialized!
[    2.633300] usb 2-1.2.2: New USB device found, idVendor=046d, idProduct=c05a, bcdDevice=63.00
[    2.637217] usb 2-1.2.2: New USB device strings: Mfr=1, Product=2, SerialNumber=0
[    2.641114] usb 2-1.2.2: Product: USB Optical Mouse
[    2.644867] usb 2-1.2.2: Manufacturer: Logitech
[    2.652533] input: Logitech USB Optical Mouse as /devices/pci0000:00/0000:00:1d.0/usb2/2-1/2-1.2/2-1.2.2/2-1.2.2:1.0/0003:046D:C05A.0001/input/input14
[    2.656569] hid-generic 0003:046D:C05A.0001: input,hidraw0: USB HID v1.11 Mouse [Logitech USB Optical Mouse] on usb-0000:00:1d.0-1.2.2/input0
[    2.840324] usb 2-1.2.3: new low-speed USB device number 5 using ehci-pci
[    3.068064] psmouse serio2: trackpoint: IBM TrackPoint firmware: 0x0e, buttons: 3/3
[    3.080829] usb 2-1.2.3: New USB device found, idVendor=04f2, idProduct=0111, bcdDevice= 1.02
[    3.084731] usb 2-1.2.3: New USB device strings: Mfr=1, Product=2, SerialNumber=0
[    3.088790] usb 2-1.2.3: Product: USB Keyboard
[    3.092787] usb 2-1.2.3: Manufacturer: Chicony
[    3.102613] input: Chicony USB Keyboard as /devices/pci0000:00/0000:00:1d.0/usb2/2-1/2-1.2/2-1.2.3/2-1.2.3:1.0/0003:04F2:0111.0002/input/input15
[    3.165621] hid-generic 0003:04F2:0111.0002: input,hidraw1: USB HID v1.10 Keyboard [Chicony USB Keyboard] on usb-0000:00:1d.0-1.2.3/input0
[    3.178479] input: Chicony USB Keyboard System Control as /devices/pci0000:00/0000:00:1d.0/usb2/2-1/2-1.2/2-1.2.3/2-1.2.3:1.1/0003:04F2:0111.0003/input/input16
[    3.241243] input: Chicony USB Keyboard Consumer Control as /devices/pci0000:00/0000:00:1d.0/usb2/2-1/2-1.2/2-1.2.3/2-1.2.3:1.1/0003:04F2:0111.0003/input/input17
[    3.250960] hid-generic 0003:04F2:0111.0003: input,hiddev96,hidraw2: USB HID v1.10 Device [Chicony USB Keyboard] on usb-0000:00:1d.0-1.2.3/input1
[    3.332628] input: TPPS/2 IBM TrackPoint as /devices/platform/i8042/serio1/serio2/input/input13
[    3.443373] md: Waiting for all devices to be available before autodetect
[    3.447772] md: If you don't use raid, use raid=noautodetect
[    3.453544] md: Autodetecting RAID arrays.
[    3.456466] md: autorun ...
[    3.457664] md: ... autorun DONE.
[    3.464008] EXT4-fs (sdb3): INFO: recovery required on readonly filesystem
[    3.465165] EXT4-fs (sdb3): write access will be enabled during recovery
[    3.689514] EXT4-fs (sdb3): orphan cleanup on readonly fs
[    3.691113] EXT4-fs (sdb3): 1 orphan inode deleted
[    3.693080] EXT4-fs (sdb3): recovery complete
[    3.698720] EXT4-fs (sdb3): mounted filesystem with ordered data mode. Opts: (null)
[    3.699922] VFS: Mounted root (ext4 filesystem) readonly on device 8:19.
[    3.702441] devtmpfs: mounted
[    3.705033] Freeing unused kernel image (initmem) memory: 1084K
[    3.708256] Write protecting the kernel read-only data: 24576k
[    3.710646] Freeing unused kernel image (text/rodata gap) memory: 2044K
[    3.712195] Freeing unused kernel image (rodata/data gap) memory: 340K
[    3.760685] x86/mm: Checked W+X mappings: passed, no W+X pages found.
[    3.761703] rodata_test: all tests were successful
[    3.762687] x86/mm: Checking user space page tables
[    3.807995] x86/mm: Checked W+X mappings: passed, no W+X pages found.
[    3.808982] Run /sbin/init as init process
[    3.809941]   with arguments:
[    3.809942]     /sbin/init
[    3.809943]   with environment:
[    3.809944]     HOME=/
[    3.809944]     TERM=linux
[    3.809945]     BOOT_IMAGE=(hd1,2)/l/k/o/64/arch/x86/boot/bzImage
[    3.962085] systemd[1]: systemd 241 running in system mode. (+PAM +AUDIT +SELINUX +IMA +APPARMOR +SMACK +SYSVINIT +UTMP +LIBCRYPTSETUP +GCRYPT +GNUTLS +ACL +XZ +LZ4 +SECCOMP +BLKID +ELFUTILS +KMOD -IDN2 +IDN -PCRE2 default-hierarchy=hybrid)
[    3.984912] systemd[1]: Detected architecture x86-64.
[    4.000472] systemd[1]: Set hostname to <duo>.
[    4.090432] systemd[1]: File /lib/systemd/system/systemd-journald.service:12 configures an IP firewall (IPAddressDeny=any), but the local system does not support BPF/cgroup based firewalling.
[    4.095806] systemd[1]: Proceeding WITHOUT firewalling in effect! (This warning is only shown for the first loaded unit using IP firewalling.)
[    4.158651] systemd[1]: Binding to IPv6 address not available since kernel does not support IPv6.
[    4.159620] systemd[1]: Binding to IPv6 address not available since kernel does not support IPv6.
[    4.165844] systemd[1]: /lib/systemd/system/rpc-statd.service:13: PIDFile= references path below legacy directory /var/run/, updating /var/run/rpc.statd.pid  /run/rpc.statd.pid; please update the unit file accordingly.
[    4.188454] systemd[1]: Binding to IPv6 address not available since kernel does not support IPv6.
[    4.191068] random: systemd: uninitialized urandom read (16 bytes read)
[    4.194867] random: systemd: uninitialized urandom read (16 bytes read)
[    4.196024] systemd[1]: Started Forward Password Requests to Wall Directory Watch.
[    4.199597] random: systemd: uninitialized urandom read (16 bytes read)
[    4.856259] EXT4-fs (sdb3): re-mounted. Opts: errors=remount-ro
[    4.883530] systemd-journald[1683]: Received request to flush runtime journal from PID 1
[    5.149898] e1000e 0000:00:19.0 enp0s25: renamed from eth0
[    5.200629] iwlwifi 0000:03:00.0 wlp3s0: renamed from wlan0
[    5.303850] BUG: using smp_processor_id() in preemptible [00000000] code: alsactl/2689
[    5.305308] caller is debug_smp_processor_id+0x17/0x20
[    5.306687] CPU: 3 PID: 2689 Comm: alsactl Not tainted 5.8.0-rc1+ #116
[    5.308088] Hardware name: LENOVO 42872WU/42872WU, BIOS 8DET74WW (1.44 ) 03/13/2018
[    5.309535] Call Trace:
[    5.310968]  dump_stack+0x60/0x7a
[    5.312376]  check_preemption_disabled+0xb1/0xc0
[    5.313774]  debug_smp_processor_id+0x17/0x20
[    5.315181]  ext4_mb_new_blocks+0x1f2/0x13e0
[    5.316585]  ? kfree_debugcheck+0xd/0x20
[    5.317972]  ? ___cache_free+0x300/0x520
[    5.319347]  ext4_ext_map_blocks+0x6f6/0xd90
[    5.320743]  ext4_map_blocks+0x100/0x650
[    5.322118]  ? __ext4_new_inode+0xa8c/0x16b0
[    5.323460]  ext4_getblk+0x4c/0x1a0
[    5.324776]  ext4_bread+0x1c/0xb0
[    5.326074]  ext4_append+0x48/0xe0
[    5.327352]  ext4_mkdir+0x11e/0x400
[    5.328652]  vfs_mkdir+0x96/0x120
[    5.329896]  do_mkdirat+0x7b/0xf0
[    5.331088]  __x64_sys_mkdir+0x16/0x20
[    5.332291]  do_syscall_64+0x42/0x70
[    5.333468]  entry_SYSCALL_64_after_hwframe+0x44/0xa9
[    5.334641] RIP: 0033:0x7f7dcc62e0d7
[    5.335811] Code: Bad RIP value.
[    5.336954] RSP: 002b:00007ffd5319bdb8 EFLAGS: 00000246 ORIG_RAX: 0000000000000053
[    5.338168] RAX: ffffffffffffffda RBX: 000055bcdd82cd80 RCX: 00007f7dcc62e0d7
[    5.339397] RDX: 0000000001a90537 RSI: 00000000000001c0 RDI: 000055bcdd82cd80
[    5.340632] RBP: 00007f7dcc5356b8 R08: 00007f7dcc6ff230 R09: 00007f7dcc6ff240
[    5.341858] R10: 0000000000000000 R11: 0000000000000246 R12: 00007f7dcc49e0a0
[    5.343094] R13: 0000000000000001 R14: 0000000000000011 R15: 000055bcdd82cd97
[    5.497842] random: crng init done
[    5.499135] random: 7 urandom warning(s) missed due to ratelimiting
[    6.468335] Adding 1681428k swap on /dev/sda1.  Priority:-2 extents:1 across:1681428k 
[    7.034301] EXT4-fs (sda2): mounted filesystem with ordered data mode. Opts: errors=remount-ro
[    7.089941] EXT4-fs (sdb2): mounted filesystem with ordered data mode. Opts: errors=remount-ro
[    7.343231] BUG: using smp_processor_id() in preemptible [00000000] code: systemd-tmpfile/2788
[    7.344052] caller is debug_smp_processor_id+0x17/0x20
[    7.344897] CPU: 3 PID: 2788 Comm: systemd-tmpfile Not tainted 5.8.0-rc1+ #116
[    7.345745] Hardware name: LENOVO 42872WU/42872WU, BIOS 8DET74WW (1.44 ) 03/13/2018
[    7.346561] Call Trace:
[    7.347355]  dump_stack+0x60/0x7a
[    7.348170]  check_preemption_disabled+0xb1/0xc0
[    7.348951]  debug_smp_processor_id+0x17/0x20
[    7.349728]  ext4_mb_new_blocks+0x1f2/0x13e0
[    7.350502]  ? kfree_debugcheck+0xd/0x20
[    7.351262]  ? ___cache_free+0x300/0x520
[    7.352006]  ext4_ext_map_blocks+0x6f6/0xd90
[    7.352770]  ext4_map_blocks+0x100/0x650
[    7.353499]  ? __ext4_new_inode+0xa8c/0x16b0
[    7.354218]  ext4_getblk+0x4c/0x1a0
[    7.354927]  ext4_bread+0x1c/0xb0
[    7.355629]  ext4_append+0x48/0xe0
[    7.356349]  ext4_mkdir+0x11e/0x400
[    7.357024]  vfs_mkdir+0x96/0x120
[    7.357688]  do_mkdirat+0x7b/0xf0
[    7.358339]  __x64_sys_mkdirat+0x15/0x20
[    7.358986]  do_syscall_64+0x42/0x70
[    7.359626]  entry_SYSCALL_64_after_hwframe+0x44/0xa9
[    7.360280] RIP: 0033:0x7f83fa050107
[    7.360899] Code: Bad RIP value.
[    7.361498] RSP: 002b:00007ffd7a6afe18 EFLAGS: 00000202 ORIG_RAX: 0000000000000102
[    7.362121] RAX: ffffffffffffffda RBX: 00005652465088c5 RCX: 00007f83fa050107
[    7.362749] RDX: 00000000000003ff RSI: 00005652465088c5 RDI: 0000000000000005
[    7.363375] RBP: 0000000000000000 R08: 000000000000000f R09: 0000565246507c20
[    7.363996] R10: 0000000000000006 R11: 0000000000000202 R12: 0000000000000005
[    7.364637] R13: 00000000000003ff R14: 00000000000003ff R15: 0000000000000012
[    7.366445] BUG: using smp_processor_id() in preemptible [00000000] code: systemd-tmpfile/2788
[    7.367106] caller is debug_smp_processor_id+0x17/0x20
[    7.367697] CPU: 3 PID: 2788 Comm: systemd-tmpfile Not tainted 5.8.0-rc1+ #116
[    7.368328] Hardware name: LENOVO 42872WU/42872WU, BIOS 8DET74WW (1.44 ) 03/13/2018
[    7.368941] Call Trace:
[    7.369543]  dump_stack+0x60/0x7a
[    7.370142]  check_preemption_disabled+0xb1/0xc0
[    7.370747]  debug_smp_processor_id+0x17/0x20
[    7.371352]  ext4_mb_new_blocks+0x1f2/0x13e0
[    7.371947]  ? kfree_debugcheck+0xd/0x20
[    7.372555]  ? ___cache_free+0x300/0x520
[    7.373143]  ext4_ext_map_blocks+0x6f6/0xd90
[    7.373730]  ext4_map_blocks+0x100/0x650
[    7.374302]  ? __ext4_new_inode+0xa8c/0x16b0
[    7.374873]  ext4_getblk+0x4c/0x1a0
[    7.375433]  ext4_bread+0x1c/0xb0
[    7.375986]  ext4_append+0x48/0xe0
[    7.376541]  ext4_mkdir+0x11e/0x400
[    7.377067]  vfs_mkdir+0x96/0x120
[    7.377579]  do_mkdirat+0x7b/0xf0
[    7.378080]  __x64_sys_mkdirat+0x15/0x20
[    7.378566]  do_syscall_64+0x42/0x70
[    7.379052]  entry_SYSCALL_64_after_hwframe+0x44/0xa9
[    7.379547] RIP: 0033:0x7f83fa050107
[    7.380035] Code: Bad RIP value.
[    7.380536] RSP: 002b:00007ffd7a6afe18 EFLAGS: 00000202 ORIG_RAX: 0000000000000102
[    7.381054] RAX: ffffffffffffffda RBX: 00005652465089e5 RCX: 00007f83fa050107
[    7.381581] RDX: 00000000000003ff RSI: 00005652465089e5 RDI: 0000000000000005
[    7.382114] RBP: 0000000000000000 R08: 000000000000000f R09: 0000565246507c20
[    7.382657] R10: 0000000000000006 R11: 0000000000000202 R12: 0000000000000005
[    7.383204] R13: 00000000000003ff R14: 00000000000003ff R15: 0000000000000012
[    7.384080] BUG: using smp_processor_id() in preemptible [00000000] code: systemd-tmpfile/2788
[    7.384710] caller is debug_smp_processor_id+0x17/0x20
[    7.385319] CPU: 3 PID: 2788 Comm: systemd-tmpfile Not tainted 5.8.0-rc1+ #116
[    7.385934] Hardware name: LENOVO 42872WU/42872WU, BIOS 8DET74WW (1.44 ) 03/13/2018
[    7.386536] Call Trace:
[    7.387129]  dump_stack+0x60/0x7a
[    7.387724]  check_preemption_disabled+0xb1/0xc0
[    7.388349]  debug_smp_processor_id+0x17/0x20
[    7.388953]  ext4_mb_new_blocks+0x1f2/0x13e0
[    7.389554]  ? kfree_debugcheck+0xd/0x20
[    7.390154]  ? ___cache_free+0x300/0x520
[    7.390745]  ext4_ext_map_blocks+0x6f6/0xd90
[    7.391327]  ext4_map_blocks+0x100/0x650
[    7.391898]  ? __ext4_new_inode+0xa8c/0x16b0
[    7.392483]  ext4_getblk+0x4c/0x1a0
[    7.393039]  ext4_bread+0x1c/0xb0
[    7.393592]  ext4_append+0x48/0xe0
[    7.394131]  ext4_mkdir+0x11e/0x400
[    7.394653]  vfs_mkdir+0x96/0x120
[    7.395166]  do_mkdirat+0x7b/0xf0
[    7.395665]  __x64_sys_mkdirat+0x15/0x20
[    7.396169]  do_syscall_64+0x42/0x70
[    7.396655]  entry_SYSCALL_64_after_hwframe+0x44/0xa9
[    7.397150] RIP: 0033:0x7f83fa050107
[    7.397639] Code: Bad RIP value.
[    7.398124] RSP: 002b:00007ffd7a6afe18 EFLAGS: 00000202 ORIG_RAX: 0000000000000102
[    7.398640] RAX: ffffffffffffffda RBX: 0000565246508b05 RCX: 00007f83fa050107
[    7.399167] RDX: 00000000000003ff RSI: 0000565246508b05 RDI: 0000000000000005
[    7.399701] RBP: 0000000000000000 R08: 000000000000000f R09: 0000565246507c20
[    7.400262] R10: 0000000000000006 R11: 0000000000000202 R12: 0000000000000005
[    7.400809] R13: 00000000000003ff R14: 00000000000003ff R15: 0000000000000012
[    7.401519] BUG: using smp_processor_id() in preemptible [00000000] code: systemd-tmpfile/2788
[    7.402132] caller is debug_smp_processor_id+0x17/0x20
[    7.402738] CPU: 3 PID: 2788 Comm: systemd-tmpfile Not tainted 5.8.0-rc1+ #116
[    7.403356] Hardware name: LENOVO 42872WU/42872WU, BIOS 8DET74WW (1.44 ) 03/13/2018
[    7.403958] Call Trace:
[    7.404571]  dump_stack+0x60/0x7a
[    7.405171]  check_preemption_disabled+0xb1/0xc0
[    7.405777]  debug_smp_processor_id+0x17/0x20
[    7.406381]  ext4_mb_new_blocks+0x1f2/0x13e0
[    7.406983]  ? kfree_debugcheck+0xd/0x20
[    7.407586]  ? ___cache_free+0x300/0x520
[    7.408195]  ext4_ext_map_blocks+0x6f6/0xd90
[    7.408776]  ext4_map_blocks+0x100/0x650
[    7.409349]  ? __ext4_new_inode+0xa8c/0x16b0
[    7.409917]  ext4_getblk+0x4c/0x1a0
[    7.410474]  ext4_bread+0x1c/0xb0
[    7.411027]  ext4_append+0x48/0xe0
[    7.411565]  ext4_mkdir+0x11e/0x400
[    7.412097]  vfs_mkdir+0x96/0x120
[    7.412620]  do_mkdirat+0x7b/0xf0
[    7.413121]  __x64_sys_mkdirat+0x15/0x20
[    7.413608]  do_syscall_64+0x42/0x70
[    7.414096]  entry_SYSCALL_64_after_hwframe+0x44/0xa9
[    7.414594] RIP: 0033:0x7f83fa050107
[    7.415086] Code: Bad RIP value.
[    7.415572] RSP: 002b:00007ffd7a6afe18 EFLAGS: 00000202 ORIG_RAX: 0000000000000102
[    7.416098] RAX: ffffffffffffffda RBX: 0000565246508c25 RCX: 00007f83fa050107
[    7.416637] RDX: 00000000000003ff RSI: 0000565246508c25 RDI: 0000000000000005
[    7.417170] RBP: 0000000000000000 R08: 000000000000000f R09: 0000565246507c20
[    7.417711] R10: 0000000000000006 R11: 0000000000000202 R12: 0000000000000005
[    7.418257] R13: 00000000000003ff R14: 00000000000003ff R15: 0000000000000012
[    7.418969] BUG: using smp_processor_id() in preemptible [00000000] code: systemd-tmpfile/2788
[    7.419580] caller is debug_smp_processor_id+0x17/0x20
[    7.420197] CPU: 3 PID: 2788 Comm: systemd-tmpfile Not tainted 5.8.0-rc1+ #116
[    7.420819] Hardware name: LENOVO 42872WU/42872WU, BIOS 8DET74WW (1.44 ) 03/13/2018
[    7.421423] Call Trace:
[    7.422020]  dump_stack+0x60/0x7a
[    7.422618]  check_preemption_disabled+0xb1/0xc0
[    7.423224]  debug_smp_processor_id+0x17/0x20
[    7.423826]  ext4_mb_new_blocks+0x1f2/0x13e0
[    7.424456]  ? kfree_debugcheck+0xd/0x20
[    7.425096]  ? ___cache_free+0x300/0x520
[    7.425696]  ext4_ext_map_blocks+0x6f6/0xd90
[    7.426281]  ext4_map_blocks+0x100/0x650
[    7.426854]  ? __ext4_new_inode+0xa8c/0x16b0
[    7.427420]  ext4_getblk+0x4c/0x1a0
[    7.427978]  ext4_bread+0x1c/0xb0
[    7.428546]  ext4_append+0x48/0xe0
[    7.429084]  ext4_mkdir+0x11e/0x400
[    7.429607]  vfs_mkdir+0x96/0x120
[    7.430119]  do_mkdirat+0x7b/0xf0
[    7.430616]  __x64_sys_mkdirat+0x15/0x20
[    7.431101]  do_syscall_64+0x42/0x70
[    7.431589]  entry_SYSCALL_64_after_hwframe+0x44/0xa9
[    7.432094] RIP: 0033:0x7f83fa050107
[    7.432593] Code: Bad RIP value.
[    7.433076] RSP: 002b:00007ffd7a6afe18 EFLAGS: 00000202 ORIG_RAX: 0000000000000102
[    7.433594] RAX: ffffffffffffffda RBX: 0000565246508d45 RCX: 00007f83fa050107
[    7.434122] RDX: 00000000000003ff RSI: 0000565246508d45 RDI: 0000000000000005
[    7.434656] RBP: 0000000000000000 R08: 000000000000000f R09: 0000565246507c20
[    7.435200] R10: 0000000000000006 R11: 0000000000000202 R12: 0000000000000005
[    7.435744] R13: 00000000000003ff R14: 00000000000003ff R15: 0000000000000012
[    7.447961] BUG: using smp_processor_id() in preemptible [00000000] code: systemd/1
[    7.447971] caller is debug_smp_processor_id+0x17/0x20
[    7.447975] CPU: 0 PID: 1 Comm: systemd Not tainted 5.8.0-rc1+ #116
[    7.447978] Hardware name: LENOVO 42872WU/42872WU, BIOS 8DET74WW (1.44 ) 03/13/2018
[    7.447980] Call Trace:
[    7.447988]  dump_stack+0x60/0x7a
[    7.447992]  check_preemption_disabled+0xb1/0xc0
[    7.447996]  debug_smp_processor_id+0x17/0x20
[    7.448002]  ext4_mb_new_blocks+0x1f2/0x13e0
[    7.448006]  ? kfree_debugcheck+0xd/0x20
[    7.448010]  ? ___cache_free+0x300/0x520
[    7.448016]  ext4_ext_map_blocks+0x6f6/0xd90
[    7.448022]  ext4_map_blocks+0x100/0x650
[    7.448026]  ? __ext4_new_inode+0xa8c/0x16b0
[    7.448029]  ext4_getblk+0x4c/0x1a0
[    7.448033]  ext4_bread+0x1c/0xb0
[    7.448037]  ext4_append+0x48/0xe0
[    7.448041]  ext4_mkdir+0x11e/0x400
[    7.448046]  vfs_mkdir+0x96/0x120
[    7.448050]  do_mkdirat+0x7b/0xf0
[    7.448054]  __x64_sys_mkdir+0x16/0x20
[    7.448057]  do_syscall_64+0x42/0x70
[    7.448061]  entry_SYSCALL_64_after_hwframe+0x44/0xa9
[    7.448065] RIP: 0033:0x7ff33710a0d7
[    7.448067] Code: Bad RIP value.
[    7.448070] RSP: 002b:00007ffe1b6c2a08 EFLAGS: 00000246 ORIG_RAX: 0000000000000053
[    7.448075] RAX: ffffffffffffffda RBX: 000000000003a2f8 RCX: 00007ff33710a0d7
[    7.448078] RDX: 0000000000000001 RSI: 00000000000001c0 RDI: 00005559210fe0d0
[    7.448080] RBP: 0000000000000001 R08: 00007ffe1b746080 R09: 0000000000000c5e
[    7.448083] R10: 0000000000000006 R11: 0000000000000246 R12: 00007ff3371a9560
[    7.448086] R13: 00000000000000c2 R14: 00005559210fe120 R15: 8421084210842109
[    7.448298] BUG: using smp_processor_id() in preemptible [00000000] code: systemd/1
[    7.448303] caller is debug_smp_processor_id+0x17/0x20
[    7.448308] CPU: 0 PID: 1 Comm: systemd Not tainted 5.8.0-rc1+ #116
[    7.448310] Hardware name: LENOVO 42872WU/42872WU, BIOS 8DET74WW (1.44 ) 03/13/2018
[    7.448312] Call Trace:
[    7.448317]  dump_stack+0x60/0x7a
[    7.448321]  check_preemption_disabled+0xb1/0xc0
[    7.448324]  debug_smp_processor_id+0x17/0x20
[    7.448328]  ext4_mb_new_blocks+0x1f2/0x13e0
[    7.448331]  ? kfree_debugcheck+0xd/0x20
[    7.448335]  ? ___cache_free+0x300/0x520
[    7.448340]  ext4_ext_map_blocks+0x6f6/0xd90
[    7.448345]  ext4_map_blocks+0x100/0x650
[    7.448349]  ? __ext4_new_inode+0xa8c/0x16b0
[    7.448352]  ext4_getblk+0x4c/0x1a0
[    7.448355]  ext4_bread+0x1c/0xb0
[    7.448358]  ext4_append+0x48/0xe0
[    7.448362]  ext4_mkdir+0x11e/0x400
[    7.448366]  vfs_mkdir+0x96/0x120
[    7.448369]  do_mkdirat+0x7b/0xf0
[    7.448373]  __x64_sys_mkdir+0x16/0x20
[    7.448376]  do_syscall_64+0x42/0x70
[    7.448380]  entry_SYSCALL_64_after_hwframe+0x44/0xa9
[    7.448384] RIP: 0033:0x7ff33710a0d7
[    7.448386] Code: Bad RIP value.
[    7.448388] RSP: 002b:00007ffe1b6c2aa8 EFLAGS: 00000206 ORIG_RAX: 0000000000000053
[    7.448392] RAX: ffffffffffffffda RBX: 00005559210fe0d0 RCX: 00007ff33710a0d7
[    7.448394] RDX: 0000000000376d6e RSI: 00000000000003ff RDI: 00007ffe1b6c2ab0
[    7.448396] RBP: 00007ffe1b6c2b80 R08: 000000000000fec0 R09: 0000000000000c5e
[    7.448399] R10: 0000000000000006 R11: 0000000000000206 R12: 00007ffe1b6c2ba0
[    7.448401] R13: 0000000000000000 R14: 00007ffe1b6c2ab0 R15: 00007ffe1b6c2f00
[    7.448562] BUG: using smp_processor_id() in preemptible [00000000] code: systemd/1
[    7.448567] caller is debug_smp_processor_id+0x17/0x20
[    7.448571] CPU: 0 PID: 1 Comm: systemd Not tainted 5.8.0-rc1+ #116
[    7.448573] Hardware name: LENOVO 42872WU/42872WU, BIOS 8DET74WW (1.44 ) 03/13/2018
[    7.448575] Call Trace:
[    7.448579]  dump_stack+0x60/0x7a
[    7.448583]  check_preemption_disabled+0xb1/0xc0
[    7.448587]  debug_smp_processor_id+0x17/0x20
[    7.448591]  ext4_mb_new_blocks+0x1f2/0x13e0
[    7.448594]  ? kfree_debugcheck+0xd/0x20
[    7.448598]  ? ___cache_free+0x300/0x520
[    7.448602]  ext4_ext_map_blocks+0x6f6/0xd90
[    7.448608]  ext4_map_blocks+0x100/0x650
[    7.448612]  ? __ext4_new_inode+0xa8c/0x16b0
[    7.448616]  ext4_getblk+0x4c/0x1a0
[    7.448620]  ext4_bread+0x1c/0xb0
[    7.448624]  ext4_append+0x48/0xe0
[    7.448628]  ext4_mkdir+0x11e/0x400
[    7.448632]  vfs_mkdir+0x96/0x120
[    7.448636]  do_mkdirat+0x7b/0xf0
[    7.448641]  __x64_sys_mkdir+0x16/0x20
[    7.448644]  do_syscall_64+0x42/0x70
[    7.448649]  entry_SYSCALL_64_after_hwframe+0x44/0xa9
[    7.448652] RIP: 0033:0x7ff33710a0d7
[    7.448654] Code: Bad RIP value.
[    7.448657] RSP: 002b:00007ffe1b6c2a08 EFLAGS: 00000246 ORIG_RAX: 0000000000000053
[    7.448661] RAX: ffffffffffffffda RBX: 000000000003a2f8 RCX: 00007ff33710a0d7
[    7.448663] RDX: 0000000000000002 RSI: 00000000000001c0 RDI: 00005559210ff530
[    7.448666] RBP: 0000000000000001 R08: 0000000000000054 R09: 0000555920f93c92
[    7.448668] R10: 0000555921008010 R11: 0000000000000246 R12: 00007ff3371a9560
[    7.448671] R13: 00000000000000c2 R14: 00005559210ff584 R15: 8421084210842109
[    7.448822] BUG: using smp_processor_id() in preemptible [00000000] code: systemd/1
[    7.448827] caller is debug_smp_processor_id+0x17/0x20
[    7.448831] CPU: 0 PID: 1 Comm: systemd Not tainted 5.8.0-rc1+ #116
[    7.448833] Hardware name: LENOVO 42872WU/42872WU, BIOS 8DET74WW (1.44 ) 03/13/2018
[    7.448835] Call Trace:
[    7.448839]  dump_stack+0x60/0x7a
[    7.448844]  check_preemption_disabled+0xb1/0xc0
[    7.448848]  debug_smp_processor_id+0x17/0x20
[    7.448852]  ext4_mb_new_blocks+0x1f2/0x13e0
[    7.448856]  ? kfree_debugcheck+0xd/0x20
[    7.448859]  ? ___cache_free+0x300/0x520
[    7.448864]  ext4_ext_map_blocks+0x6f6/0xd90
[    7.448870]  ext4_map_blocks+0x100/0x650
[    7.448874]  ? __ext4_new_inode+0xa8c/0x16b0
[    7.448878]  ext4_getblk+0x4c/0x1a0
[    7.448881]  ext4_bread+0x1c/0xb0
[    7.448885]  ext4_append+0x48/0xe0
[    7.448889]  ext4_mkdir+0x11e/0x400
[    7.448894]  vfs_mkdir+0x96/0x120
[    7.448898]  do_mkdirat+0x7b/0xf0
[    7.448902]  __x64_sys_mkdir+0x16/0x20
[    7.448906]  do_syscall_64+0x42/0x70
[    7.448910]  entry_SYSCALL_64_after_hwframe+0x44/0xa9
[    7.448913] RIP: 0033:0x7ff33710a0d7
[    7.448915] Code: Bad RIP value.
[    7.448918] RSP: 002b:00007ffe1b6c2aa8 EFLAGS: 00000206 ORIG_RAX: 0000000000000053
[    7.448922] RAX: ffffffffffffffda RBX: 00005559210ff530 RCX: 00007ff33710a0d7
[    7.448924] RDX: 0000000000356263 RSI: 00000000000003ff RDI: 00007ffe1b6c2ab0
[    7.448927] RBP: 00007ffe1b6c2b80 R08: 000000000000fcfe R09: 0000555920f93c92
[    7.448929] R10: 0000555921008010 R11: 0000000000000206 R12: 00007ffe1b6c2b98
[    7.448932] R13: 0000000000000000 R14: 00007ffe1b6c2ab0 R15: 00007ffe1b6c2f00
[    8.127784] iwlwifi 0000:03:00.0: Radio type=0x0-0x0-0x3
[    8.199640] iwlwifi 0000:03:00.0: Radio type=0x0-0x0-0x3
[    8.271735] iwlwifi 0000:03:00.0: Radio type=0x0-0x0-0x3
[    8.343702] iwlwifi 0000:03:00.0: Radio type=0x0-0x0-0x3
[    9.075866] NFSD: Using /var/lib/nfs/v4recovery as the NFSv4 state recovery directory
[    9.077216] NFSD: Using legacy client tracking operations.
[    9.078048] NFSD: starting 90-second grace period (net f0000098)
[    9.378171] broken atomic modeset userspace detected, disabling atomic
[    9.810664] e1000e 0000:00:19.0 enp0s25: NIC Link is Up 100 Mbps Full Duplex, Flow Control: Rx/Tx
[    9.810673] e1000e 0000:00:19.0 enp0s25: 10/100 speed: disabling TSO
[   10.937578] check_preemption_disabled: 22 callbacks suppressed
[   10.937582] BUG: using smp_processor_id() in preemptible [00000000] code: lightdm/3015
[   10.937600] caller is debug_smp_processor_id+0x17/0x20
[   10.937608] CPU: 0 PID: 3015 Comm: lightdm Not tainted 5.8.0-rc1+ #116
[   10.937613] Hardware name: LENOVO 42872WU/42872WU, BIOS 8DET74WW (1.44 ) 03/13/2018
[   10.937619] Call Trace:
[   10.937631]  dump_stack+0x60/0x7a
[   10.937638]  check_preemption_disabled+0xb1/0xc0
[   10.937646]  debug_smp_processor_id+0x17/0x20
[   10.937655]  ext4_mb_new_blocks+0x1f2/0x13e0
[   10.937663]  ? kfree_debugcheck+0xd/0x20
[   10.937671]  ? ___cache_free+0x300/0x520
[   10.937679]  ext4_ext_map_blocks+0x6f6/0xd90
[   10.937688]  ext4_map_blocks+0x100/0x650
[   10.937695]  ? __ext4_new_inode+0xa8c/0x16b0
[   10.937701]  ext4_getblk+0x4c/0x1a0
[   10.937708]  ext4_bread+0x1c/0xb0
[   10.937715]  ext4_append+0x48/0xe0
[   10.937722]  ext4_mkdir+0x11e/0x400
[   10.937730]  vfs_mkdir+0x96/0x120
[   10.937737]  do_mkdirat+0x7b/0xf0
[   10.937744]  __x64_sys_mkdir+0x16/0x20
[   10.937751]  do_syscall_64+0x42/0x70
[   10.937759]  entry_SYSCALL_64_after_hwframe+0x44/0xa9
[   10.937766] RIP: 0033:0x7f58580110d7
[   10.937772] Code: Bad RIP value.
[   10.937778] RSP: 002b:00007ffeaac43f78 EFLAGS: 00000246 ORIG_RAX: 0000000000000053
[   10.937785] RAX: ffffffffffffffda RBX: 0000560ff5560460 RCX: 00007f58580110d7
[   10.937791] RDX: 0000560ff55610f0 RSI: 00000000000001ff RDI: 0000560ff55927d0
[   10.937796] RBP: 00007ffeaac43fb0 R08: 0000560ff554b558 R09: 0000560ff55610f0
[   10.937802] R10: 0000560ff55613a8 R11: 0000000000000246 R12: 00007ffeaac43fb0
[   10.937807] R13: 00007f58580e4ee0 R14: 0000000000000000 R15: 0000000000000000
[   11.022073] BUG: using smp_processor_id() in preemptible [00000000] code: mv/3334
[   11.022090] caller is debug_smp_processor_id+0x17/0x20
[   11.022100] CPU: 2 PID: 3334 Comm: mv Not tainted 5.8.0-rc1+ #116
[   11.022108] Hardware name: LENOVO 42872WU/42872WU, BIOS 8DET74WW (1.44 ) 03/13/2018
[   11.022116] Call Trace:
[   11.022130]  dump_stack+0x60/0x7a
[   11.022140]  check_preemption_disabled+0xb1/0xc0
[   11.022149]  debug_smp_processor_id+0x17/0x20
[   11.022161]  ext4_mb_new_blocks+0x1f2/0x13e0
[   11.022173]  ext4_ext_map_blocks+0x6f6/0xd90
[   11.022185]  ext4_map_blocks+0x100/0x650
[   11.022194]  ext4_writepages+0x706/0xcb0
[   11.022207]  do_writepages+0x3c/0xd0
[   11.022216]  ? __ext4_mark_inode_dirty+0x190/0x190
[   11.022224]  ? do_writepages+0x3c/0xd0
[   11.022235]  __filemap_fdatawrite_range+0x97/0xb0
[   11.022245]  filemap_flush+0x17/0x20
[   11.022254]  ext4_alloc_da_blocks+0x1a/0x20
[   11.022263]  ext4_rename+0x695/0x8e0
[   11.022275]  ext4_rename2+0x70/0xc0
[   11.022285]  vfs_rename+0x48c/0x910
[   11.022295]  ? __lookup_hash+0x1f/0xa0
[   11.022305]  do_renameat2+0x39c/0x520
[   11.022315]  __x64_sys_rename+0x1b/0x20
[   11.022325]  do_syscall_64+0x42/0x70
[   11.022335]  entry_SYSCALL_64_after_hwframe+0x44/0xa9
[   11.022344] RIP: 0033:0x7f480eb656d7
[   11.022352] Code: Bad RIP value.
[   11.022360] RSP: 002b:00007ffe2fccdea8 EFLAGS: 00000202 ORIG_RAX: 0000000000000052
[   11.022371] RAX: ffffffffffffffda RBX: 00007ffe2fcce350 RCX: 00007f480eb656d7
[   11.022379] RDX: 0000000000000000 RSI: 00007ffe2fccff21 RDI: 00007ffe2fccfef9
[   11.022387] RBP: 00007ffe2fcce270 R08: 0000000000000000 R09: 00007ffe2fcce350
[   11.022395] R10: fffffffffffffb1a R11: 0000000000000202 R12: 0000000000008000
[   11.022403] R13: 0000000000000001 R14: 0000000000000011 R15: 0000000000000000
[   12.104418] BUG: using smp_processor_id() in preemptible [00000000] code: lightdm-gtk-gre/3371
[   12.104429] caller is debug_smp_processor_id+0x17/0x20
[   12.104434] CPU: 3 PID: 3371 Comm: lightdm-gtk-gre Not tainted 5.8.0-rc1+ #116
[   12.104437] Hardware name: LENOVO 42872WU/42872WU, BIOS 8DET74WW (1.44 ) 03/13/2018
[   12.104440] Call Trace:
[   12.104446]  dump_stack+0x60/0x7a
[   12.104451]  check_preemption_disabled+0xb1/0xc0
[   12.104454]  debug_smp_processor_id+0x17/0x20
[   12.104460]  ext4_mb_new_blocks+0x1f2/0x13e0
[   12.104465]  ? kfree_debugcheck+0xd/0x20
[   12.104468]  ? ___cache_free+0x300/0x520
[   12.104473]  ext4_ext_map_blocks+0x6f6/0xd90
[   12.104478]  ext4_map_blocks+0x100/0x650
[   12.104481]  ext4_alloc_file_blocks+0x162/0x320
[   12.104485]  ext4_fallocate+0x141/0xe30
[   12.104489]  ? lock_acquire+0x40/0x80
[   12.104493]  ? __sb_start_write+0x15c/0x1e0
[   12.104497]  vfs_fallocate+0x128/0x250
[   12.104501]  ksys_fallocate+0x3c/0x80
[   12.104505]  ? __prepare_exit_to_usermode+0x43/0x110
[   12.104509]  __x64_sys_fallocate+0x19/0x20
[   12.104512]  do_syscall_64+0x42/0x70
[   12.104516]  entry_SYSCALL_64_after_hwframe+0x44/0xa9
[   12.104520] RIP: 0033:0x7fac6f8c146d
[   12.104523] Code: Bad RIP value.
[   12.104526] RSP: 002b:00007ffd2912ca70 EFLAGS: 00000293 ORIG_RAX: 000000000000011d
[   12.104530] RAX: ffffffffffffffda RBX: 000000000000000e RCX: 00007fac6f8c146d
[   12.104532] RDX: 0000000000000000 RSI: 0000000000000000 RDI: 000000000000000e
[   12.104535] RBP: 0000000000000000 R08: 0000000000000000 R09: 000000000000153e
[   12.104538] R10: 0000000000000039 R11: 0000000000000293 R12: 0000000000000000
[   12.104541] R13: 0000000000000039 R14: 000056003c3344e0 R15: 0000000000000039
[   17.276481] BUG: using smp_processor_id() in preemptible [00000000] code: lightdm-gtk-gre/3371
[   17.276507] caller is debug_smp_processor_id+0x17/0x20
[   17.276521] CPU: 1 PID: 3371 Comm: lightdm-gtk-gre Not tainted 5.8.0-rc1+ #116
[   17.276531] Hardware name: LENOVO 42872WU/42872WU, BIOS 8DET74WW (1.44 ) 03/13/2018
[   17.276541] Call Trace:
[   17.276560]  dump_stack+0x60/0x7a
[   17.276574]  check_preemption_disabled+0xb1/0xc0
[   17.276587]  debug_smp_processor_id+0x17/0x20
[   17.276603]  ext4_mb_new_blocks+0x1f2/0x13e0
[   17.276616]  ? kfree_debugcheck+0xd/0x20
[   17.276628]  ? ___cache_free+0x300/0x520
[   17.276643]  ext4_ext_map_blocks+0x6f6/0xd90
[   17.276658]  ext4_map_blocks+0x100/0x650
[   17.276671]  ext4_alloc_file_blocks+0x162/0x320
[   17.276684]  ext4_fallocate+0x141/0xe30
[   17.276698]  ? lock_acquire+0x40/0x80
[   17.276711]  ? __sb_start_write+0x15c/0x1e0
[   17.276724]  vfs_fallocate+0x128/0x250
[   17.276737]  ksys_fallocate+0x3c/0x80
[   17.276749]  ? __prepare_exit_to_usermode+0x43/0x110
[   17.276762]  __x64_sys_fallocate+0x19/0x20
[   17.276774]  do_syscall_64+0x42/0x70
[   17.276788]  entry_SYSCALL_64_after_hwframe+0x44/0xa9
[   17.276800] RIP: 0033:0x7fac6f8c146d
[   17.276810] Code: Bad RIP value.
[   17.276820] RSP: 002b:00007ffd2912b210 EFLAGS: 00000293 ORIG_RAX: 000000000000011d
[   17.276834] RAX: ffffffffffffffda RBX: 000000000000000e RCX: 00007fac6f8c146d
[   17.276843] RDX: 0000000000000000 RSI: 0000000000000000 RDI: 000000000000000e
[   17.276853] RBP: 0000000000000000 R08: 0000000000000000 R09: 000000000000199c
[   17.276863] R10: 0000000000000038 R11: 0000000000000293 R12: 0000000000000000
[   17.276873] R13: 0000000000000038 R14: 000056003c3344e0 R15: 0000000000000038
[   20.554959] BUG: using smp_processor_id() in preemptible [00000000] code: lightdm-gtk-gre/3371
[   20.554976] caller is debug_smp_processor_id+0x17/0x20
[   20.554985] CPU: 2 PID: 3371 Comm: lightdm-gtk-gre Not tainted 5.8.0-rc1+ #116
[   20.554991] Hardware name: LENOVO 42872WU/42872WU, BIOS 8DET74WW (1.44 ) 03/13/2018
[   20.554997] Call Trace:
[   20.555009]  dump_stack+0x60/0x7a
[   20.555017]  check_preemption_disabled+0xb1/0xc0
[   20.555024]  debug_smp_processor_id+0x17/0x20
[   20.555034]  ext4_mb_new_blocks+0x1f2/0x13e0
[   20.555043]  ? kfree_debugcheck+0xd/0x20
[   20.555050]  ? ___cache_free+0x300/0x520
[   20.555059]  ext4_ext_map_blocks+0x6f6/0xd90
[   20.555068]  ext4_map_blocks+0x100/0x650
[   20.555076]  ext4_alloc_file_blocks+0x162/0x320
[   20.555084]  ext4_fallocate+0x141/0xe30
[   20.555093]  ? lock_acquire+0x40/0x80
[   20.555101]  ? __sb_start_write+0x15c/0x1e0
[   20.555109]  vfs_fallocate+0x128/0x250
[   20.555117]  ksys_fallocate+0x3c/0x80
[   20.555124]  ? __prepare_exit_to_usermode+0x43/0x110
[   20.555132]  __x64_sys_fallocate+0x19/0x20
[   20.555139]  do_syscall_64+0x42/0x70
[   20.555147]  entry_SYSCALL_64_after_hwframe+0x44/0xa9
[   20.555155] RIP: 0033:0x7fac6f8c146d
[   20.555161] Code: Bad RIP value.
[   20.555167] RSP: 002b:00007ffd2912c590 EFLAGS: 00000293 ORIG_RAX: 000000000000011d
[   20.555176] RAX: ffffffffffffffda RBX: 0000000000000010 RCX: 00007fac6f8c146d
[   20.555182] RDX: 0000000000000000 RSI: 0000000000000000 RDI: 0000000000000010
[   20.555188] RBP: 0000000000000000 R08: 0000000000000000 R09: 0000000000001c3a
[   20.555194] R10: 0000000000000038 R11: 0000000000000293 R12: 0000000000000000
[   20.555200] R13: 0000000000000038 R14: 000056003c3344e0 R15: 0000000000000038
[   20.692372] iwlwifi 0000:03:00.0: Radio type=0x0-0x0-0x3
[   20.763741] iwlwifi 0000:03:00.0: Radio type=0x0-0x0-0x3
[   21.153552] BUG: using smp_processor_id() in preemptible [00000000] code: ssh-agent/3435
[   21.153569] caller is debug_smp_processor_id+0x17/0x20
[   21.153578] CPU: 3 PID: 3435 Comm: ssh-agent Not tainted 5.8.0-rc1+ #116
[   21.153584] Hardware name: LENOVO 42872WU/42872WU, BIOS 8DET74WW (1.44 ) 03/13/2018
[   21.153590] Call Trace:
[   21.153602]  dump_stack+0x60/0x7a
[   21.153610]  check_preemption_disabled+0xb1/0xc0
[   21.153618]  debug_smp_processor_id+0x17/0x20
[   21.153628]  ext4_mb_new_blocks+0x1f2/0x13e0
[   21.153637]  ? kfree_debugcheck+0xd/0x20
[   21.153644]  ? ___cache_free+0x300/0x520
[   21.153654]  ext4_ext_map_blocks+0x6f6/0xd90
[   21.153663]  ext4_map_blocks+0x100/0x650
[   21.153671]  ? __ext4_new_inode+0xa8c/0x16b0
[   21.153678]  ext4_getblk+0x4c/0x1a0
[   21.153685]  ext4_bread+0x1c/0xb0
[   21.153692]  ext4_append+0x48/0xe0
[   21.153700]  ext4_mkdir+0x11e/0x400
[   21.153708]  ? generic_permission+0x151/0x1d0
[   21.153715]  vfs_mkdir+0x96/0x120
[   21.153723]  do_mkdirat+0x7b/0xf0
[   21.153731]  __x64_sys_mkdir+0x16/0x20
[   21.153738]  do_syscall_64+0x42/0x70
[   21.153747]  entry_SYSCALL_64_after_hwframe+0x44/0xa9
[   21.153754] RIP: 0033:0x7f582dfc50d7
[   21.153760] Code: Bad RIP value.
[   21.153766] RSP: 002b:00007ffc53380138 EFLAGS: 00000246 ORIG_RAX: 0000000000000053
[   21.153775] RAX: ffffffffffffffda RBX: 0000561492ac2835 RCX: 00007f582dfc50d7
[   21.153780] RDX: 0000000000000011 RSI: 00000000000001c0 RDI: 0000561492ac2820
[   21.153787] RBP: 0000561492ab79a8 R08: 00000000076ff9a4 R09: 0000000040c3567e
[   21.153792] R10: 0000000027d37a89 R11: 0000000000000246 R12: 000000006d3627c0
[   21.153798] R13: 0000561492ac2829 R14: 0000000000000002 R15: 0000561492ac2835
[   21.351665] BUG: using smp_processor_id() in preemptible [00000000] code: dconf-service/3545
[   21.351680] caller is debug_smp_processor_id+0x17/0x20
[   21.351686] CPU: 1 PID: 3545 Comm: dconf-service Not tainted 5.8.0-rc1+ #116
[   21.351691] Hardware name: LENOVO 42872WU/42872WU, BIOS 8DET74WW (1.44 ) 03/13/2018
[   21.351696] Call Trace:
[   21.351706]  dump_stack+0x60/0x7a
[   21.351712]  check_preemption_disabled+0xb1/0xc0
[   21.351718]  debug_smp_processor_id+0x17/0x20
[   21.351726]  ext4_mb_new_blocks+0x1f2/0x13e0
[   21.351733]  ? kfree_debugcheck+0xd/0x20
[   21.351739]  ? ___cache_free+0x300/0x520
[   21.351746]  ext4_ext_map_blocks+0x6f6/0xd90
[   21.351754]  ext4_map_blocks+0x100/0x650
[   21.351761]  ext4_alloc_file_blocks+0x162/0x320
[   21.351767]  ext4_fallocate+0x141/0xe30
[   21.351774]  ? lock_acquire+0x40/0x80
[   21.351781]  ? __sb_start_write+0x15c/0x1e0
[   21.351788]  vfs_fallocate+0x128/0x250
[   21.351795]  ksys_fallocate+0x3c/0x80
[   21.351801]  ? __prepare_exit_to_usermode+0x43/0x110
[   21.351807]  __x64_sys_fallocate+0x19/0x20
[   21.351812]  do_syscall_64+0x42/0x70
[   21.351819]  entry_SYSCALL_64_after_hwframe+0x44/0xa9
[   21.351825] RIP: 0033:0x7f0de64d346d
[   21.351830] Code: Bad RIP value.
[   21.351835] RSP: 002b:00007ffd16f485b0 EFLAGS: 00000293 ORIG_RAX: 000000000000011d
[   21.351841] RAX: ffffffffffffffda RBX: 0000000000000007 RCX: 00007f0de64d346d
[   21.351846] RDX: 0000000000000000 RSI: 0000000000000000 RDI: 0000000000000007
[   21.351850] RBP: 0000000000000000 R08: 0000000000000000 R09: 0000000000001dc8
[   21.351855] R10: 000000000000d404 R11: 0000000000000293 R12: 0000000000000000
[   21.351860] R13: 000000000000d404 R14: 000055a87118ed80 R15: 000000000000d404
[   22.864671] BUG: using smp_processor_id() in preemptible [00000000] code: systemd/1
[   22.864685] caller is debug_smp_processor_id+0x17/0x20
[   22.864691] CPU: 0 PID: 1 Comm: systemd Not tainted 5.8.0-rc1+ #116
[   22.864695] Hardware name: LENOVO 42872WU/42872WU, BIOS 8DET74WW (1.44 ) 03/13/2018
[   22.864699] Call Trace:
[   22.864709]  dump_stack+0x60/0x7a
[   22.864714]  check_preemption_disabled+0xb1/0xc0
[   22.864719]  debug_smp_processor_id+0x17/0x20
[   22.864726]  ext4_mb_new_blocks+0x1f2/0x13e0
[   22.864732]  ? kfree_debugcheck+0xd/0x20
[   22.864738]  ? ___cache_free+0x300/0x520
[   22.864745]  ext4_ext_map_blocks+0x6f6/0xd90
[   22.864751]  ext4_map_blocks+0x100/0x650
[   22.864757]  ? __ext4_new_inode+0xa8c/0x16b0
[   22.864763]  ext4_getblk+0x4c/0x1a0
[   22.864768]  ext4_bread+0x1c/0xb0
[   22.864773]  ext4_append+0x48/0xe0
[   22.864779]  ext4_mkdir+0x11e/0x400
[   22.864785]  vfs_mkdir+0x96/0x120
[   22.864790]  do_mkdirat+0x7b/0xf0
[   22.864796]  __x64_sys_mkdir+0x16/0x20
[   22.864801]  do_syscall_64+0x42/0x70
[   22.864807]  entry_SYSCALL_64_after_hwframe+0x44/0xa9
[   22.864812] RIP: 0033:0x7ff33710a0d7
[   22.864816] Code: Bad RIP value.
[   22.864820] RSP: 002b:00007ffe1b6c2a08 EFLAGS: 00000246 ORIG_RAX: 0000000000000053
[   22.864826] RAX: ffffffffffffffda RBX: 000000000003a2f8 RCX: 00007ff33710a0d7
[   22.864830] RDX: 000000000000000a RSI: 00000000000001c0 RDI: 0000555921039ed0
[   22.864834] RBP: 0000000000000001 R08: 000000000000004b R09: 0000555920f93c92
[   22.864839] R10: 0000000000000004 R11: 0000000000000246 R12: 00007ff3371a9560
[   22.864843] R13: 00000000000000c2 R14: 0000555921039f1b R15: 8421084210842109
[   22.864965] BUG: using smp_processor_id() in preemptible [00000000] code: systemd/1
[   22.864971] caller is debug_smp_processor_id+0x17/0x20
[   22.864976] CPU: 0 PID: 1 Comm: systemd Not tainted 5.8.0-rc1+ #116
[   22.864980] Hardware name: LENOVO 42872WU/42872WU, BIOS 8DET74WW (1.44 ) 03/13/2018
[   22.864984] Call Trace:
[   22.864990]  dump_stack+0x60/0x7a
[   22.864996]  check_preemption_disabled+0xb1/0xc0
[   22.865001]  debug_smp_processor_id+0x17/0x20
[   22.865006]  ext4_mb_new_blocks+0x1f2/0x13e0
[   22.865011]  ? kfree_debugcheck+0xd/0x20
[   22.865016]  ? ___cache_free+0x300/0x520
[   22.865021]  ext4_ext_map_blocks+0x6f6/0xd90
[   22.865028]  ext4_map_blocks+0x100/0x650
[   22.865033]  ? __ext4_new_inode+0xa8c/0x16b0
[   22.865038]  ext4_getblk+0x4c/0x1a0
[   22.865044]  ext4_bread+0x1c/0xb0
[   22.865048]  ext4_append+0x48/0xe0
[   22.865053]  ext4_mkdir+0x11e/0x400
[   22.865058]  vfs_mkdir+0x96/0x120
[   22.865063]  do_mkdirat+0x7b/0xf0
[   22.865069]  __x64_sys_mkdir+0x16/0x20
[   22.865074]  do_syscall_64+0x42/0x70
[   22.865079]  entry_SYSCALL_64_after_hwframe+0x44/0xa9
[   22.865084] RIP: 0033:0x7ff33710a0d7
[   22.865088] Code: Bad RIP value.
[   22.865093] RSP: 002b:00007ffe1b6c2ab8 EFLAGS: 00000202 ORIG_RAX: 0000000000000053
[   22.865098] RAX: ffffffffffffffda RBX: 0000555921039ed0 RCX: 00007ff33710a0d7
[   22.865102] RDX: 000000000000007a RSI: 00000000000003ff RDI: 00007ffe1b6c2ac0
[   22.865106] RBP: 00007ffe1b6c2b80 R08: 000000000000fefe R09: 0000555920f93c92
[   22.865111] R10: 0000000000000004 R11: 0000000000000202 R12: 00007ffe1b6c2ba0
[   22.865115] R13: 0000000000000000 R14: 00007ffe1b6c2ac0 R15: 00007ffe1b6c2f00
[   22.865238] BUG: using smp_processor_id() in preemptible [00000000] code: systemd/1
[   22.865244] caller is debug_smp_processor_id+0x17/0x20
[   22.865249] CPU: 0 PID: 1 Comm: systemd Not tainted 5.8.0-rc1+ #116
[   22.865253] Hardware name: LENOVO 42872WU/42872WU, BIOS 8DET74WW (1.44 ) 03/13/2018
[   22.865257] Call Trace:
[   22.865263]  dump_stack+0x60/0x7a
[   22.865268]  check_preemption_disabled+0xb1/0xc0
[   22.865274]  debug_smp_processor_id+0x17/0x20
[   22.865279]  ext4_mb_new_blocks+0x1f2/0x13e0
[   22.865284]  ? kfree_debugcheck+0xd/0x20
[   22.865289]  ? ___cache_free+0x300/0x520
[   22.865295]  ext4_ext_map_blocks+0x6f6/0xd90
[   22.865301]  ext4_map_blocks+0x100/0x650
[   22.865306]  ? __ext4_new_inode+0xa8c/0x16b0
[   22.865311]  ext4_getblk+0x4c/0x1a0
[   22.865316]  ext4_bread+0x1c/0xb0
[   22.865321]  ext4_append+0x48/0xe0
[   22.865326]  ext4_mkdir+0x11e/0x400
[   22.865332]  vfs_mkdir+0x96/0x120
[   22.865337]  do_mkdirat+0x7b/0xf0
[   22.865342]  __x64_sys_mkdir+0x16/0x20
[   22.865347]  do_syscall_64+0x42/0x70
[   22.865353]  entry_SYSCALL_64_after_hwframe+0x44/0xa9
[   22.865357] RIP: 0033:0x7ff33710a0d7
[   22.865361] Code: Bad RIP value.
[   22.865365] RSP: 002b:00007ffe1b6c2a08 EFLAGS: 00000246 ORIG_RAX: 0000000000000053
[   22.865371] RAX: ffffffffffffffda RBX: 000000000003a2f8 RCX: 00007ff33710a0d7
[   22.865375] RDX: 000000000000000c RSI: 00000000000001c0 RDI: 00005559211399d0
[   22.865379] RBP: 0000000000000001 R08: 000000000000004f R09: 0000555920f93c92
[   22.865383] R10: 0000000000000004 R11: 0000000000000246 R12: 00007ff3371a9560
[   22.865387] R13: 00000000000000c2 R14: 0000555921139a1f R15: 8421084210842109
[   22.865496] BUG: using smp_processor_id() in preemptible [00000000] code: systemd/1
[   22.865501] caller is debug_smp_processor_id+0x17/0x20
[   22.865506] CPU: 0 PID: 1 Comm: systemd Not tainted 5.8.0-rc1+ #116
[   22.865510] Hardware name: LENOVO 42872WU/42872WU, BIOS 8DET74WW (1.44 ) 03/13/2018
[   22.865514] Call Trace:
[   22.865519]  dump_stack+0x60/0x7a
[   22.865525]  check_preemption_disabled+0xb1/0xc0
[   22.865530]  debug_smp_processor_id+0x17/0x20
[   22.865536]  ext4_mb_new_blocks+0x1f2/0x13e0
[   22.865541]  ? kfree_debugcheck+0xd/0x20
[   22.865546]  ? ___cache_free+0x300/0x520
[   22.865553]  ext4_ext_map_blocks+0x6f6/0xd90
[   22.865559]  ext4_map_blocks+0x100/0x650
[   22.865564]  ? __ext4_new_inode+0xa8c/0x16b0
[   22.865569]  ext4_getblk+0x4c/0x1a0
[   22.865574]  ext4_bread+0x1c/0xb0
[   22.865578]  ext4_append+0x48/0xe0
[   22.865584]  ext4_mkdir+0x11e/0x400
[   22.865589]  vfs_mkdir+0x96/0x120
[   22.865594]  do_mkdirat+0x7b/0xf0
[   22.865599]  __x64_sys_mkdir+0x16/0x20
[   22.865605]  do_syscall_64+0x42/0x70
[   22.865610]  entry_SYSCALL_64_after_hwframe+0x44/0xa9
[   22.865614] RIP: 0033:0x7ff33710a0d7
[   22.865618] Code: Bad RIP value.
[   22.865622] RSP: 002b:00007ffe1b6c2aa8 EFLAGS: 00000206 ORIG_RAX: 0000000000000053
[   22.865628] RAX: ffffffffffffffda RBX: 00005559211399d0 RCX: 00007ff33710a0d7
[   22.865632] RDX: 0000000000000064 RSI: 00000000000003ff RDI: 00007ffe1b6c2ab0
[   22.865636] RBP: 00007ffe1b6c2b80 R08: 000000000000fce0 R09: 0000555920f93c92
[   22.865640] R10: 0000000000000004 R11: 0000000000000206 R12: 00007ffe1b6c2b98
[   22.865644] R13: 0000000000000000 R14: 00007ffe1b6c2ab0 R15: 00007ffe1b6c2f00
[   23.525144] BUG: using smp_processor_id() in preemptible [00000000] code: dconf-service/3545
[   23.525156] caller is debug_smp_processor_id+0x17/0x20
[   23.525163] CPU: 2 PID: 3545 Comm: dconf-service Not tainted 5.8.0-rc1+ #116
[   23.525168] Hardware name: LENOVO 42872WU/42872WU, BIOS 8DET74WW (1.44 ) 03/13/2018
[   23.525173] Call Trace:
[   23.525182]  dump_stack+0x60/0x7a
[   23.525188]  check_preemption_disabled+0xb1/0xc0
[   23.525193]  debug_smp_processor_id+0x17/0x20
[   23.525200]  ext4_mb_new_blocks+0x1f2/0x13e0
[   23.525207]  ? kfree_debugcheck+0xd/0x20
[   23.525212]  ? ___cache_free+0x300/0x520
[   23.525219]  ext4_ext_map_blocks+0x6f6/0xd90
[   23.525226]  ext4_map_blocks+0x100/0x650
[   23.525232]  ext4_alloc_file_blocks+0x162/0x320
[   23.525237]  ext4_fallocate+0x141/0xe30
[   23.525243]  ? lock_acquire+0x40/0x80
[   23.525249]  ? __sb_start_write+0x15c/0x1e0
[   23.525255]  vfs_fallocate+0x128/0x250
[   23.525261]  ksys_fallocate+0x3c/0x80
[   23.525266]  ? __prepare_exit_to_usermode+0x43/0x110
[   23.525272]  __x64_sys_fallocate+0x19/0x20
[   23.525277]  do_syscall_64+0x42/0x70
[   23.525283]  entry_SYSCALL_64_after_hwframe+0x44/0xa9
[   23.525289] RIP: 0033:0x7f0de64d346d
[   23.525294] Code: Bad RIP value.
[   23.525298] RSP: 002b:00007ffd16f48540 EFLAGS: 00000293 ORIG_RAX: 000000000000011d
[   23.525304] RAX: ffffffffffffffda RBX: 0000000000000007 RCX: 00007f0de64d346d
[   23.525309] RDX: 0000000000000000 RSI: 0000000000000000 RDI: 0000000000000007
[   23.525313] RBP: 0000000000000000 R08: 0000000000000000 R09: 00000000000021f8
[   23.525317] R10: 000000000000d404 R11: 0000000000000293 R12: 0000000000000000
[   23.525322] R13: 000000000000d404 R14: 000055a87118ed80 R15: 000000000000d404
[   23.556201] BUG: using smp_processor_id() in preemptible [00000000] code: systemd/1
[   23.556213] caller is debug_smp_processor_id+0x17/0x20
[   23.556221] CPU: 0 PID: 1 Comm: systemd Not tainted 5.8.0-rc1+ #116
[   23.556225] Hardware name: LENOVO 42872WU/42872WU, BIOS 8DET74WW (1.44 ) 03/13/2018
[   23.556230] Call Trace:
[   23.556238]  dump_stack+0x60/0x7a
[   23.556244]  check_preemption_disabled+0xb1/0xc0
[   23.556250]  debug_smp_processor_id+0x17/0x20
[   23.556257]  ext4_mb_new_blocks+0x1f2/0x13e0
[   23.556265]  ? kfree_debugcheck+0xd/0x20
[   23.556270]  ? ___cache_free+0x300/0x520
[   23.556277]  ext4_ext_map_blocks+0x6f6/0xd90
[   23.556284]  ext4_map_blocks+0x100/0x650
[   23.556289]  ? __ext4_new_inode+0xa8c/0x16b0
[   23.556294]  ext4_getblk+0x4c/0x1a0
[   23.556300]  ext4_bread+0x1c/0xb0
[   23.556305]  ext4_append+0x48/0xe0
[   23.556311]  ext4_mkdir+0x11e/0x400
[   23.556317]  vfs_mkdir+0x96/0x120
