[    0.000000] Linux version 4.19.0-next-20181101 (pavel@amd) (gcc version 4.9.2 (Debian 4.9.2-10+deb8u1)) #192 SMP Fri Nov 2 09:01:20 CET 2018
[    0.000000] Disabled fast string operations
[    0.000000] x86/fpu: x87 FPU will use FXSAVE
[    0.000000] BIOS-provided physical RAM map:
[    0.000000] BIOS-e820: [mem 0x0000000000000000-0x000000000009efff] usable
[    0.000000] BIOS-e820: [mem 0x000000000009f000-0x000000000009ffff] reserved
[    0.000000] BIOS-e820: [mem 0x00000000000dc000-0x00000000000fffff] reserved
[    0.000000] BIOS-e820: [mem 0x0000000000100000-0x00000000bf6cffff] usable
[    0.000000] BIOS-e820: [mem 0x00000000bf6d0000-0x00000000bf6defff] ACPI data
[    0.000000] BIOS-e820: [mem 0x00000000bf6df000-0x00000000bf6fffff] ACPI NVS
[    0.000000] BIOS-e820: [mem 0x00000000bf700000-0x00000000bfffffff] reserved
[    0.000000] BIOS-e820: [mem 0x00000000f0000000-0x00000000f3ffffff] reserved
[    0.000000] BIOS-e820: [mem 0x00000000fec00000-0x00000000fec0ffff] reserved
[    0.000000] BIOS-e820: [mem 0x00000000fed00000-0x00000000fed003ff] reserved
[    0.000000] BIOS-e820: [mem 0x00000000fed14000-0x00000000fed19fff] reserved
[    0.000000] BIOS-e820: [mem 0x00000000fed1c000-0x00000000fed8ffff] reserved
[    0.000000] BIOS-e820: [mem 0x00000000fee00000-0x00000000fee00fff] reserved
[    0.000000] BIOS-e820: [mem 0x00000000ff800000-0x00000000ffffffff] reserved
[    0.000000] NX (Execute Disable) protection: active
[    0.000000] SMBIOS 2.4 present.
[    0.000000] DMI: LENOVO 17097HU/17097HU, BIOS 7BETD8WW (2.19 ) 03/31/2011
[    0.000000] tsc: Fast TSC calibration failed
[    0.000000] e820: update [mem 0x00000000-0x00000fff] usable ==> reserved
[    0.000000] e820: remove [mem 0x000a0000-0x000fffff] usable
[    0.000000] last_pfn = 0xbf6d0 max_arch_pfn = 0x1000000
[    0.000000] MTRR default type: uncachable
[    0.000000] MTRR fixed ranges enabled:
[    0.000000]   00000-9FFFF write-back
[    0.000000]   A0000-BFFFF uncachable
[    0.000000]   C0000-CFFFF write-protect
[    0.000000]   D0000-DBFFF uncachable
[    0.000000]   DC000-DFFFF write-back
[    0.000000]   E0000-FFFFF write-protect
[    0.000000] MTRR variable ranges enabled:
[    0.000000]   0 base 000000000 mask F80000000 write-back
[    0.000000]   1 base 080000000 mask FC0000000 write-back
[    0.000000]   2 base 0BF700000 mask FFFF00000 uncachable
[    0.000000]   3 base 0BF800000 mask FFF800000 uncachable
[    0.000000]   4 disabled
[    0.000000]   5 disabled
[    0.000000]   6 disabled
[    0.000000]   7 disabled
[    0.000000] x86/PAT: PAT not supported by CPU.
[    0.000000] x86/PAT: Configuration [0-7]: WB  WT  UC- UC  WB  WT  UC- UC  
[    0.000000] initial memory mapped: [mem 0x00000000-0x05bfffff]
[    0.000000] Base memory trampoline at [(ptrval)] 9b000 size 16384
[    0.000000] BRK [0x05614000, 0x05614fff] PGTABLE
[    0.000000] BRK [0x05615000, 0x05615fff] PGTABLE
[    0.000000] ACPI: Early table checksum verification disabled
[    0.000000] ACPI: RSDP 0x00000000000F67C0 000024 (v02 LENOVO)
[    0.000000] ACPI: XSDT 0x00000000BF6D191C 000084 (v01 LENOVO TP-7B    00002190  LTP 00000000)
[    0.000000] ACPI: FACP 0x00000000BF6D1A00 0000F4 (v03 LENOVO TP-7B    00002190 LNVO 00000001)
[    0.000000] ACPI BIOS Warning (bug): 32/64X length mismatch in FADT/Gpe0Block: 64/32 (20181003/tbfadt-569)
[    0.000000] ACPI BIOS Warning (bug): Optional FADT field Gpe1Block has valid Address but zero Length: 0x000000000000102C/0x0 (20181003/tbfadt-624)
[    0.000000] ACPI: DSDT 0x00000000BF6D1D90 00CFB9 (v01 LENOVO TP-7B    00002190 MSFT 0100000E)
[    0.000000] ACPI: FACS 0x00000000BF6F4000 000040
[    0.000000] ACPI: FACS 0x00000000BF6F4000 000040
[    0.000000] ACPI: SSDT 0x00000000BF6D1BB4 0001DC (v01 LENOVO TP-7B    00002190 MSFT 0100000E)
[    0.000000] ACPI: ECDT 0x00000000BF6DED49 000052 (v01 LENOVO TP-7B    00002190 LNVO 00000001)
[    0.000000] ACPI: TCPA 0x00000000BF6DED9B 000032 (v02 LENOVO TP-7B    00002190 LNVO 00000001)
[    0.000000] ACPI: APIC 0x00000000BF6DEDCD 000068 (v01 LENOVO TP-7B    00002190 LNVO 00000001)
[    0.000000] ACPI: MCFG 0x00000000BF6DEE35 00003C (v01 LENOVO TP-7B    00002190 LNVO 00000001)
[    0.000000] ACPI: HPET 0x00000000BF6DEE71 000038 (v01 LENOVO TP-7B    00002190 LNVO 00000001)
[    0.000000] ACPI: BOOT 0x00000000BF6DEFD8 000028 (v01 LENOVO TP-7B    00002190  LTP 00000001)
[    0.000000] ACPI: SSDT 0x00000000BF6F2645 00025F (v01 LENOVO TP-7B    00002190 INTL 20050513)
[    0.000000] ACPI: SSDT 0x00000000BF6F28A4 0000A6 (v01 LENOVO TP-7B    00002190 INTL 20050513)
[    0.000000] ACPI: SSDT 0x00000000BF6F294A 0004F7 (v01 LENOVO TP-7B    00002190 INTL 20050513)
[    0.000000] ACPI: SSDT 0x00000000BF6F2E41 0001D8 (v01 LENOVO TP-7B    00002190 INTL 20050513)
[    0.000000] ACPI: Local APIC address 0xfee00000
[    0.000000] 2176MB HIGHMEM available.
[    0.000000] 885MB LOWMEM available.
[    0.000000]   mapped low ram: 0 - 375fe000
[    0.000000]   low ram: 0 - 375fe000
[    0.000000] BRK [0x05616000, 0x05616fff] PGTABLE
[    0.000000] Zone ranges:
[    0.000000]   DMA      [mem 0x0000000000001000-0x0000000000ffffff]
[    0.000000]   Normal   [mem 0x0000000001000000-0x00000000375fdfff]
[    0.000000]   HighMem  [mem 0x00000000375fe000-0x00000000bf6cffff]
[    0.000000] Movable zone start for each node
[    0.000000] Early memory node ranges
[    0.000000]   node   0: [mem 0x0000000000001000-0x000000000009efff]
[    0.000000]   node   0: [mem 0x0000000000100000-0x00000000bf6cffff]
[    0.000000] Initmem setup node 0 [mem 0x0000000000001000-0x00000000bf6cffff]
[    0.000000] On node 0 totalpages: 783982
[    0.000000]   DMA zone: 32 pages used for memmap
[    0.000000]   DMA zone: 0 pages reserved
[    0.000000]   DMA zone: 3998 pages, LIFO batch:0
[    0.000000]   Normal zone: 1740 pages used for memmap
[    0.000000]   Normal zone: 222718 pages, LIFO batch:63
[    0.000000]   HighMem zone: 557266 pages, LIFO batch:63
[    0.000000] Using APIC driver default
[    0.000000] Reserving Intel graphics memory at [mem 0xbf800000-0xbfffffff]
[    0.000000] ACPI: PM-Timer IO Port: 0x1008
[    0.000000] ACPI: Local APIC address 0xfee00000
[    0.000000] ACPI: LAPIC_NMI (acpi_id[0x00] high edge lint[0x1])
[    0.000000] ACPI: LAPIC_NMI (acpi_id[0x01] high edge lint[0x1])
[    0.000000] IOAPIC[0]: apic_id 1, version 32, address 0xfec00000, GSI 0-23
[    0.000000] ACPI: INT_SRC_OVR (bus 0 bus_irq 0 global_irq 2 dfl dfl)
[    0.000000] ACPI: INT_SRC_OVR (bus 0 bus_irq 9 global_irq 9 high level)
[    0.000000] ACPI: IRQ0 used by override.
[    0.000000] ACPI: IRQ9 used by override.
[    0.000000] Using ACPI (MADT) for SMP configuration information
[    0.000000] ACPI: HPET id: 0x8086a201 base: 0xfed00000
[    0.000000] smpboot: Allowing 2 CPUs, 0 hotplug CPUs
[    0.000000] PM: Registered nosave memory: [mem 0x00000000-0x00000fff]
[    0.000000] PM: Registered nosave memory: [mem 0x0009f000-0x0009ffff]
[    0.000000] PM: Registered nosave memory: [mem 0x000a0000-0x000dbfff]
[    0.000000] PM: Registered nosave memory: [mem 0x000dc000-0x000fffff]
[    0.000000] [mem 0xc0000000-0xefffffff] available for PCI devices
[    0.000000] clocksource: refined-jiffies: mask: 0xffffffff max_cycles: 0xffffffff, max_idle_ns: 7645519600211568 ns
[    0.000000] random: get_random_bytes called from start_kernel+0x74/0x351 with crng_init=0
[    0.000000] setup_percpu: NR_CPUS:8 nr_cpumask_bits:8 nr_cpu_ids:2 nr_node_ids:1
[    0.000000] percpu: Embedded 36 pages/cpu @(ptrval) s118696 r0 d28760 u147456
[    0.000000] pcpu-alloc: s118696 r0 d28760 u147456 alloc=36*4096
[    0.000000] pcpu-alloc: [0] 0 [0] 1 
[    0.000000] Built 1 zonelists, mobility grouping on.  Total pages: 782210
[    0.000000] Kernel command line: BOOT_IMAGE=(hd0,2)/fast/l/linux-next-32/arch/x86/boot/bzImage root=/dev/sda4 resume=/dev/sda1
[    0.000000] Dentry cache hash table entries: 131072 (order: 7, 524288 bytes)
[    0.000000] Inode-cache hash table entries: 65536 (order: 6, 262144 bytes)
[    0.000000] Initializing CPU#0
[    0.000000] Initializing HighMem for node 0 (000375fe:000bf6d0)
[    0.000000] Initializing Movable for node 0 (00000000:00000000)
[    0.000000] Memory: 3021724K/3135928K available (10037K kernel code, 691K rwdata, 4720K rodata, 632K init, 6116K bss, 114204K reserved, 0K cma-reserved, 2229064K highmem)
[    0.000000] virtual kernel memory layout:
    fixmap  : 0xffe70000 - 0xfffff000   (1596 kB)
  cpu_entry : 0xffa00000 - 0xffb31000   (1220 kB)
    pkmap   : 0xff600000 - 0xff800000   (2048 kB)
    vmalloc : 0xf7dfe000 - 0xff5fe000   ( 120 MB)
    lowmem  : 0xc0000000 - 0xf75fe000   ( 885 MB)
      .init : 0xc4f42000 - 0xc4fe0000   ( 632 kB)
      .data : 0xc49cd644 - 0xc4f1ef00   (5446 kB)
      .text : 0xc4000000 - 0xc49cd644   (10037 kB)
[    0.000000] Checking if this processor honours the WP bit even in supervisor mode...Ok.
[    0.000000] Kernel/User page tables isolation: enabled
[    0.000000] rcu: Hierarchical RCU implementation.
[    0.000000] rcu: 	RCU restricting CPUs from NR_CPUS=8 to nr_cpu_ids=2.
[    0.000000] rcu: RCU calculated value of scheduler-enlistment delay is 25 jiffies.
[    0.000000] rcu: Adjusting geometry for rcu_fanout_leaf=16, nr_cpu_ids=2
[    0.000000] NR_IRQS: 2304, nr_irqs: 56, preallocated irqs: 16
[    0.000000] CPU 0 irqstacks, hard=(ptrval) soft=(ptrval)
[    0.000000] Console: colour VGA+ 80x25
[    0.000000] printk: console [tty0] enabled
[    0.000000] Lock dependency validator: Copyright (c) 2006 Red Hat, Inc., Ingo Molnar
[    0.000000] ... MAX_LOCKDEP_SUBCLASSES:  8
[    0.000000] ... MAX_LOCK_DEPTH:          48
[    0.000000] ... MAX_LOCKDEP_KEYS:        8191
[    0.000000] ... CLASSHASH_SIZE:          4096
[    0.000000] ... MAX_LOCKDEP_ENTRIES:     32768
[    0.000000] ... MAX_LOCKDEP_CHAINS:      65536
[    0.000000] ... CHAINHASH_SIZE:          32768
[    0.000000]  memory used by lock dependency info: 4351 kB
[    0.000000]  per task-struct memory footprint: 1344 bytes
[    0.000000] ACPI: Core revision 20181003
[    0.000000] ACPI: EC: EC started
[    0.000000] ACPI: EC: interrupt blocked
[    0.000000] ACPI: \: Used as first EC
[    0.000000] ACPI: \: GPE=0x1c, EC_CMD/EC_SC=0x66, EC_DATA=0x62
[    0.000000] ACPI: \: Used as boot ECDT EC to handle transactions
[    0.000000] clocksource: hpet: mask: 0xffffffff max_cycles: 0xffffffff, max_idle_ns: 133484882848 ns
[    0.000000] hpet clockevent registered
[    0.000000] APIC: Switch to symmetric I/O mode setup
[    0.000000] Enabling APIC mode:  Flat.  Using 1 I/O APICs
[    0.000000] ..TIMER: vector=0x30 apic1=0 pin1=2 apic2=-1 pin2=-1
[    0.024000] tsc: PIT calibration matches HPET. 1 loops
[    0.024000] tsc: Detected 1828.780 MHz processor
[    0.000004] clocksource: tsc-early: mask: 0xffffffffffffffff max_cycles: 0x1a5c5ce5aeb, max_idle_ns: 440795235199 ns
[    0.000095] Calibrating delay loop (skipped), value calculated using timer frequency.. 3657.56 BogoMIPS (lpj=7315120)
[    0.000182] pid_max: default: 32768 minimum: 301
[    0.000587] Mount-cache hash table entries: 2048 (order: 1, 8192 bytes)
[    0.000679] Mountpoint-cache hash table entries: 2048 (order: 1, 8192 bytes)
[    0.001470] *** VALIDATE proc ***
[    0.001659] *** VALIDATE cgroup1 ***
[    0.001732] *** VALIDATE cgroup2 ***
[    0.001816] Disabled fast string operations
[    0.004110] process: using mwait in idle threads
[    0.004194] Last level iTLB entries: 4KB 128, 2MB 0, 4MB 2
[    0.004274] Last level dTLB entries: 4KB 128, 2MB 0, 4MB 8, 1GB 0
[    0.004360] Spectre V2 : Mitigation: Full generic retpoline
[    0.004440] Spectre V2 : Spectre v2 / SpectreRSB mitigation: Filling RSB on context switch
[    0.004534] L1TF: System has more than MAX_PA/2 memory. L1TF mitigation not effective.
[    0.004626] L1TF: You may make it effective by booting the kernel with mem=2147483648 parameter.
[    0.004734] L1TF: However, doing so will make a part of your RAM unusable.
[    0.004821] L1TF: Reading https://www.kernel.org/doc/html/latest/admin-guide/l1tf.html might help you decide.
[    0.005159] Freeing SMP alternatives memory: 44K
[    0.012093] smpboot: CPU0: Genuine Intel(R) CPU           T2400  @ 1.83GHz (family: 0x6, model: 0xe, stepping: 0x8)
[    0.012093] Performance Events: Core events, core PMU driver.
[    0.012093] ... version:                1
[    0.012093] ... bit width:              40
[    0.012093] ... generic registers:      2
[    0.012093] ... value mask:             000000ffffffffff
[    0.012093] ... max period:             000000007fffffff
[    0.012093] ... fixed-purpose events:   0
[    0.012093] ... event mask:             0000000000000003
[    0.012093] rcu: Hierarchical SRCU implementation.
[    0.012093] NMI watchdog: Enabled. Permanently consumes one hw-PMU counter.
[    0.012309] smp: Bringing up secondary CPUs ...
[    0.013504] CPU 1 irqstacks, hard=(ptrval) soft=(ptrval)
[    0.013507] x86: Booting SMP configuration:
[    0.013589] .... node  #0, CPUs:      #1
[    0.000000] Initializing CPU#1
[    0.000000] Disabled fast string operations
[    0.016047] TSC synchronization [CPU#0 -> CPU#1]:
[    0.016093] Measured 580305 cycles TSC warp between CPUs, turning off TSC clock.
[    0.016093] tsc: Marking TSC unstable due to check_tsc_sync_source failed
[    0.016295] smp: Brought up 1 node, 2 CPUs
[    0.016295] smpboot: Max logical packages: 1
[    0.016295] smpboot: Total of 2 processors activated (7315.12 BogoMIPS)
[    0.017999] devtmpfs: initialized
[    0.017999] PM: Registering ACPI NVS region [mem 0xbf6df000-0xbf6fffff] (135168 bytes)
[    0.020394] clocksource: jiffies: mask: 0xffffffff max_cycles: 0xffffffff, max_idle_ns: 7645041785100000 ns
[    0.020516] futex hash table entries: 512 (order: 3, 32768 bytes)
[    0.021723] NET: Registered protocol family 16
[    0.025856] cpuidle: using governor ladder
[    0.026020] cpuidle: using governor menu
[    0.026275] Simple Boot Flag at 0x35 set to 0x1
[    0.026401] ACPI FADT declares the system doesn't support PCIe ASPM, so disable it
[    0.026499] ACPI: bus type PCI registered
[    0.026822] PCI: MMCONFIG for domain 0000 [bus 00-3f] at [mem 0xf0000000-0xf3ffffff] (base 0xf0000000)
[    0.026940] PCI: MMCONFIG at [mem 0xf0000000-0xf3ffffff] reserved in E820
[    0.027027] PCI: Using MMCONFIG for extended config space
[    0.027107] PCI: Using configuration type 1 for base access
[    0.028165] mtrr: your CPUs had inconsistent variable MTRR settings
[    0.028165] mtrr: probably your BIOS does not setup all CPUs.
[    0.028165] mtrr: corrected configuration.
[    0.104180] ACPI: Added _OSI(Module Device)
[    0.104263] ACPI: Added _OSI(Processor Device)
[    0.104341] ACPI: Added _OSI(3.0 _SCP Extensions)
[    0.104418] ACPI: Added _OSI(Processor Aggregator Device)
[    0.104501] ACPI: Added _OSI(Linux-Dell-Video)
[    0.104578] ACPI: Added _OSI(Linux-Lenovo-NV-HDMI-Audio)
[    0.173026] ACPI: 6 ACPI AML tables successfully acquired and loaded
[    0.200072] ACPI: Dynamic OEM Table Load:
[    0.200115] ACPI: SSDT 0x00000000F1B2E000 000240 (v01 PmRef  Cpu0Ist  00000100 INTL 20050513)
[    0.201793] ACPI: Dynamic OEM Table Load:
[    0.201885] ACPI: SSDT 0x00000000F1B41800 00065A (v01 PmRef  Cpu0Cst  00000100 INTL 20050513)
[    0.205483] ACPI: Dynamic OEM Table Load:
[    0.205574] ACPI: SSDT 0x00000000F1B62000 0000C8 (v01 PmRef  Cpu1Ist  00000100 INTL 20050513)
[    0.206540] ACPI: Dynamic OEM Table Load:
[    0.206629] ACPI: SSDT 0x00000000F0C1A180 000085 (v01 PmRef  Cpu1Cst  00000100 INTL 20050513)
[    0.208861] ACPI: Interpreter enabled
[    0.209016] ACPI: (supports S0 S3 S4 S5)
[    0.209099] ACPI: Using IOAPIC for interrupt routing
[    0.209325] PCI: Using host bridge windows from ACPI; if necessary, use "pci=nocrs" and report a bug
[    0.210421] ACPI: Enabled 4 GPEs in block 00 to 1F
[    0.235208] ACPI: Power Resource [PUBS] (on)
[    0.236442] acpi PNP0C0A:01: ACPI dock station (docks/bays count: 1)
[    0.244630] acpi LNXIOBAY:00: ACPI dock station (docks/bays count: 2)
[    0.260661] acpi IBM0079:00: ACPI dock station (docks/bays count: 3)
[    0.263144] ACPI: PCI Interrupt Link [LNKA] (IRQs 3 4 5 6 7 9 10 *11)
[    0.264010] ACPI: PCI Interrupt Link [LNKB] (IRQs 3 4 5 6 7 9 10 *11)
[    0.264866] ACPI: PCI Interrupt Link [LNKC] (IRQs 3 4 5 6 7 9 10 *11)
[    0.265729] ACPI: PCI Interrupt Link [LNKD] (IRQs 3 4 5 6 7 9 10 *11)
[    0.266593] ACPI: PCI Interrupt Link [LNKE] (IRQs 3 4 5 6 7 9 10 *11)
[    0.267455] ACPI: PCI Interrupt Link [LNKF] (IRQs 3 4 5 6 7 9 10 *11)
[    0.268350] ACPI: PCI Interrupt Link [LNKG] (IRQs 3 4 5 6 7 9 10 *11)
[    0.269213] ACPI: PCI Interrupt Link [LNKH] (IRQs 3 4 5 6 7 9 10 *11)
[    0.269790] ACPI: PCI Root Bridge [PCI0] (domain 0000 [bus 00-ff])
[    0.269889] acpi PNP0A08:00: _OSC: OS supports [ExtendedConfig ASPM ClockPM Segments]
[    0.270942] acpi PNP0A08:00: _OSC: not requesting OS control; OS requires [ExtendedConfig ASPM ClockPM MSI]
[    0.271077] acpi PNP0A08:00: [Firmware Info]: MMCONFIG for domain 0000 [bus 00-3f] only partially covers this bridge
[    0.271476] PCI host bridge to bus 0000:00
[    0.271557] pci_bus 0000:00: root bus resource [io  0x0000-0x0cf7 window]
[    0.271649] pci_bus 0000:00: root bus resource [io  0x0d00-0xffff window]
[    0.271742] pci_bus 0000:00: root bus resource [mem 0x000a0000-0x000bffff window]
[    0.271839] pci_bus 0000:00: root bus resource [mem 0x000d0000-0x000d3fff window]
[    0.271935] pci_bus 0000:00: root bus resource [mem 0x000d4000-0x000d7fff window]
[    0.272031] pci_bus 0000:00: root bus resource [mem 0x000d8000-0x000dbfff window]
[    0.272102] pci_bus 0000:00: root bus resource [mem 0xc0000000-0xfebfffff window]
[    0.272199] pci_bus 0000:00: root bus resource [mem 0xfed40000-0xfed40fff window]
[    0.272297] pci_bus 0000:00: root bus resource [bus 00-ff]
[    0.272417] pci 0000:00:00.0: [8086:27a0] type 00 class 0x060000
[    0.272892] pci 0000:00:02.0: [8086:27a2] type 00 class 0x030000
[    0.272913] pci 0000:00:02.0: reg 0x10: [mem 0xee100000-0xee17ffff]
[    0.272924] pci 0000:00:02.0: reg 0x14: [io  0x1800-0x1807]
[    0.272934] pci 0000:00:02.0: reg 0x18: [mem 0xd0000000-0xdfffffff pref]
[    0.272945] pci 0000:00:02.0: reg 0x1c: [mem 0xee200000-0xee23ffff]
[    0.273417] pci 0000:00:02.1: [8086:27a6] type 00 class 0x038000
[    0.273436] pci 0000:00:02.1: reg 0x10: [mem 0xee180000-0xee1fffff]
[    0.273951] pci 0000:00:1b.0: [8086:27d8] type 00 class 0x040300
[    0.273994] pci 0000:00:1b.0: reg 0x10: [mem 0xee240000-0xee243fff 64bit]
[    0.274151] pci 0000:00:1b.0: PME# supported from D0 D3hot D3cold
[    0.274627] pci 0000:00:1c.0: [8086:27d0] type 01 class 0x060400
[    0.274799] pci 0000:00:1c.0: PME# supported from D0 D3hot D3cold
[    0.275272] pci 0000:00:1c.1: [8086:27d2] type 01 class 0x060400
[    0.275442] pci 0000:00:1c.1: PME# supported from D0 D3hot D3cold
[    0.275909] pci 0000:00:1c.2: [8086:27d4] type 01 class 0x060400
[    0.276123] pci 0000:00:1c.2: PME# supported from D0 D3hot D3cold
[    0.276597] pci 0000:00:1c.3: [8086:27d6] type 01 class 0x060400
[    0.276768] pci 0000:00:1c.3: PME# supported from D0 D3hot D3cold
[    0.277233] pci 0000:00:1d.0: [8086:27c8] type 00 class 0x0c0300
[    0.277309] pci 0000:00:1d.0: reg 0x20: [io  0x1820-0x183f]
[    0.277786] pci 0000:00:1d.1: [8086:27c9] type 00 class 0x0c0300
[    0.277862] pci 0000:00:1d.1: reg 0x20: [io  0x1840-0x185f]
[    0.278329] pci 0000:00:1d.2: [8086:27ca] type 00 class 0x0c0300
[    0.278405] pci 0000:00:1d.2: reg 0x20: [io  0x1860-0x187f]
[    0.278881] pci 0000:00:1d.3: [8086:27cb] type 00 class 0x0c0300
[    0.278957] pci 0000:00:1d.3: reg 0x20: [io  0x1880-0x189f]
[    0.279414] pci 0000:00:1d.7: [8086:27cc] type 00 class 0x0c0320
[    0.279449] pci 0000:00:1d.7: reg 0x10: [mem 0xee444000-0xee4443ff]
[    0.279587] pci 0000:00:1d.7: PME# supported from D0 D3hot D3cold
[    0.280024] pci 0000:00:1e.0: [8086:2448] type 01 class 0x060401
[    0.280578] pci 0000:00:1f.0: [8086:27b9] type 00 class 0x060100
[    0.280733] pci 0000:00:1f.0: quirk: [io  0x1000-0x107f] claimed by ICH6 ACPI/GPIO/TCO
[    0.280838] pci 0000:00:1f.0: quirk: [io  0x1180-0x11bf] claimed by ICH6 GPIO
[    0.280935] pci 0000:00:1f.0: ICH7 LPC Generic IO decode 1 PIO at 1600 (mask 007f)
[    0.281034] pci 0000:00:1f.0: ICH7 LPC Generic IO decode 2 PIO at 15e0 (mask 000f)
[    0.281134] pci 0000:00:1f.0: ICH7 LPC Generic IO decode 3 PIO at 1680 (mask 001f)
[    0.281695] pci 0000:00:1f.1: [8086:27df] type 00 class 0x01018a
[    0.281724] pci 0000:00:1f.1: reg 0x10: [io  0x0000-0x0007]
[    0.281740] pci 0000:00:1f.1: reg 0x14: [io  0x0000-0x0003]
[    0.281756] pci 0000:00:1f.1: reg 0x18: [io  0x0000-0x0007]
[    0.281772] pci 0000:00:1f.1: reg 0x1c: [io  0x0000-0x0003]
[    0.281787] pci 0000:00:1f.1: reg 0x20: [io  0x1810-0x181f]
[    0.281820] pci 0000:00:1f.1: legacy IDE quirk: reg 0x10: [io  0x01f0-0x01f7]
[    0.281914] pci 0000:00:1f.1: legacy IDE quirk: reg 0x14: [io  0x03f6]
[    0.282005] pci 0000:00:1f.1: legacy IDE quirk: reg 0x18: [io  0x0170-0x0177]
[    0.282098] pci 0000:00:1f.1: legacy IDE quirk: reg 0x1c: [io  0x0376]
[    0.282609] pci 0000:00:1f.2: [8086:27c5] type 00 class 0x010601
[    0.282643] pci 0000:00:1f.2: reg 0x10: [io  0x18d0-0x18d7]
[    0.282659] pci 0000:00:1f.2: reg 0x14: [io  0x18c4-0x18c7]
[    0.282675] pci 0000:00:1f.2: reg 0x18: [io  0x18c8-0x18cf]
[    0.282691] pci 0000:00:1f.2: reg 0x1c: [io  0x18c0-0x18c3]
[    0.282706] pci 0000:00:1f.2: reg 0x20: [io  0x18b0-0x18bf]
[    0.282723] pci 0000:00:1f.2: reg 0x24: [mem 0xee444400-0xee4447ff]
[    0.282805] pci 0000:00:1f.2: PME# supported from D3hot
[    0.283251] pci 0000:00:1f.3: [8086:27da] type 00 class 0x0c0500
[    0.283346] pci 0000:00:1f.3: reg 0x20: [io  0x18e0-0x18ff]
[    0.284056] pci 0000:02:00.0: [8086:109a] type 00 class 0x020000
[    0.284128] pci 0000:02:00.0: reg 0x10: [mem 0xee000000-0xee01ffff]
[    0.284175] pci 0000:02:00.0: reg 0x18: [io  0x2000-0x201f]
[    0.284423] pci 0000:02:00.0: PME# supported from D0 D3hot D3cold
[    0.284488] pci 0000:02:00.0: 2.000 Gb/s available PCIe bandwidth, limited by 2.5 GT/s x1 link at 0000:00:1c.0 (capable of 7.876 Gb/s with 8 GT/s x1 link)
[    0.284899] pci 0000:00:1c.0: PCI bridge to [bus 02]
[    0.284987] pci 0000:00:1c.0:   bridge window [io  0x2000-0x2fff]
[    0.284995] pci 0000:00:1c.0:   bridge window [mem 0xee000000-0xee0fffff]
[    0.285273] pci 0000:03:00.0: [8086:4227] type 00 class 0x028000
[    0.285381] pci 0000:03:00.0: reg 0x10: [mem 0xedf00000-0xedf00fff]
[    0.285881] pci 0000:03:00.0: PME# supported from D0 D3hot D3cold
[    0.285990] pci 0000:03:00.0: 2.000 Gb/s available PCIe bandwidth, limited by 2.5 GT/s x1 link at 0000:00:1c.1 (capable of 7.876 Gb/s with 8 GT/s x1 link)
[    0.286396] pci 0000:00:1c.1: PCI bridge to [bus 03]
[    0.286482] pci 0000:00:1c.1:   bridge window [io  0x3000-0x4fff]
[    0.286490] pci 0000:00:1c.1:   bridge window [mem 0xec000000-0xedffffff]
[    0.286501] pci 0000:00:1c.1:   bridge window [mem 0xe4000000-0xe40fffff 64bit pref]
[    0.286658] pci 0000:00:1c.2: PCI bridge to [bus 04-0b]
[    0.286746] pci 0000:00:1c.2:   bridge window [io  0x5000-0x6fff]
[    0.286753] pci 0000:00:1c.2:   bridge window [mem 0xe8000000-0xe9ffffff]
[    0.286764] pci 0000:00:1c.2:   bridge window [mem 0xe4100000-0xe41fffff 64bit pref]
[    0.286925] pci 0000:00:1c.3: PCI bridge to [bus 0c-13]
[    0.287013] pci 0000:00:1c.3:   bridge window [io  0x7000-0x8fff]
[    0.287021] pci 0000:00:1c.3:   bridge window [mem 0xea000000-0xebffffff]
[    0.287031] pci 0000:00:1c.3:   bridge window [mem 0xe4200000-0xe42fffff 64bit pref]
[    0.287073] pci_bus 0000:15: extended config space not accessible
[    0.287293] pci 0000:15:00.0: [1180:0476] type 02 class 0x060700
[    0.287324] pci 0000:15:00.0: reg 0x10: [mem 0xe4300000-0xe4300fff]
[    0.287395] pci 0000:15:00.0: supports D1 D2
[    0.287399] pci 0000:15:00.0: PME# supported from D0 D1 D2 D3hot D3cold
[    0.287671] pci 0000:15:00.1: [1180:0552] type 00 class 0x0c0010
[    0.287700] pci 0000:15:00.1: reg 0x10: [mem 0xe4301000-0xe43017ff]
[    0.287843] pci 0000:15:00.1: PME# supported from D0 D3hot D3cold
[    0.288069] pci 0000:15:00.2: [1180:0822] type 00 class 0x080500
[    0.288107] pci 0000:15:00.2: reg 0x10: [mem 0xe4301800-0xe43018ff]
[    0.288249] pci 0000:15:00.2: supports D1 D2
[    0.288254] pci 0000:15:00.2: PME# supported from D0 D1 D2 D3hot D3cold
[    0.288543] pci 0000:00:1e.0: PCI bridge to [bus 15-18] (subtractive decode)
[    0.288641] pci 0000:00:1e.0:   bridge window [io  0x9000-0xcfff]
[    0.288649] pci 0000:00:1e.0:   bridge window [mem 0xe4300000-0xe7ffffff]
[    0.288660] pci 0000:00:1e.0:   bridge window [mem 0xe0000000-0xe3ffffff 64bit pref]
[    0.288665] pci 0000:00:1e.0:   bridge window [io  0x0000-0x0cf7 window] (subtractive decode)
[    0.288671] pci 0000:00:1e.0:   bridge window [io  0x0d00-0xffff window] (subtractive decode)
[    0.288676] pci 0000:00:1e.0:   bridge window [mem 0x000a0000-0x000bffff window] (subtractive decode)
[    0.288681] pci 0000:00:1e.0:   bridge window [mem 0x000d0000-0x000d3fff window] (subtractive decode)
[    0.288686] pci 0000:00:1e.0:   bridge window [mem 0x000d4000-0x000d7fff window] (subtractive decode)
[    0.288691] pci 0000:00:1e.0:   bridge window [mem 0x000d8000-0x000dbfff window] (subtractive decode)
[    0.288696] pci 0000:00:1e.0:   bridge window [mem 0xc0000000-0xfebfffff window] (subtractive decode)
[    0.288701] pci 0000:00:1e.0:   bridge window [mem 0xfed40000-0xfed40fff window] (subtractive decode)
[    0.288751] pci_bus 0000:16: extended config space not accessible
[    0.288943] pci_bus 0000:16: busn_res: [bus 16-18] end is updated to 17
[    0.288997] pci_bus 0000:00: on NUMA node 0
[    0.295416] ACPI: EC: interrupt unblocked
[    0.295528] ACPI: EC: event unblocked
[    0.295636] ACPI: \_SB_.PCI0.LPC_.EC__: GPE=0x1c, EC_CMD/EC_SC=0x66, EC_DATA=0x62
[    0.295735] ACPI: \_SB_.PCI0.LPC_.EC__: Used as boot DSDT EC to handle transactions and events
[    0.297318] pci 0000:00:02.0: vgaarb: setting as boot VGA device
[    0.297413] pci 0000:00:02.0: vgaarb: VGA device added: decodes=io+mem,owns=io+mem,locks=none
[    0.297552] pci 0000:00:02.0: vgaarb: bridge control possible
[    0.297636] vgaarb: loaded
[    0.298403] SCSI subsystem initialized
[    0.298758] libata version 3.00 loaded.
[    0.299033] ACPI: bus type USB registered
[    0.299257] usbcore: registered new interface driver usbfs
[    0.299413] usbcore: registered new interface driver hub
[    0.299571] usbcore: registered new device driver usb
[    0.299811] media: Linux media interface: v0.10
[    0.299955] videodev: Linux video capture interface: v2.00
[    0.300233] pps_core: LinuxPPS API ver. 1 registered
[    0.300314] pps_core: Software ver. 5.3.6 - Copyright 2005-2007 Rodolfo Giometti <giometti@linux.it>
[    0.300472] PTP clock support registered
[    0.301339] EDAC MC: Ver: 3.0.0
[    0.302546] Advanced Linux Sound Architecture Driver Initialized.
[    0.302670] PCI: Using ACPI for IRQ routing
[    0.305795] PCI: pci_cache_line_size set to 64 bytes
[    0.306123] e820: reserve RAM buffer [mem 0x0009f000-0x0009ffff]
[    0.306129] e820: reserve RAM buffer [mem 0xbf6d0000-0xbfffffff]
[    0.306875] Bluetooth: Core ver 2.22
[    0.307026] NET: Registered protocol family 31
[    0.307103] Bluetooth: HCI device and connection manager initialized
[    0.307200] Bluetooth: HCI socket layer initialized
[    0.307282] Bluetooth: L2CAP socket layer initialized
[    0.307386] Bluetooth: SCO socket layer initialized
[    0.308388] clocksource: Switched to clocksource hpet
[    0.308702] pnp: PnP ACPI init
[    0.311933] system 00:00: [mem 0x00000000-0x0009ffff] could not be reserved
[    0.312032] system 00:00: [mem 0x000c0000-0x000c3fff] could not be reserved
[    0.312328] system 00:00: [mem 0x000c4000-0x000c7fff] could not be reserved
[    0.312425] system 00:00: [mem 0x000c8000-0x000cbfff] has been reserved
[    0.312519] system 00:00: [mem 0x000cc000-0x000cffff] has been reserved
[    0.312614] system 00:00: [mem 0x000dc000-0x000dffff] could not be reserved
[    0.312711] system 00:00: [mem 0x000e0000-0x000e3fff] could not be reserved
[    0.312808] system 00:00: [mem 0x000e4000-0x000e7fff] could not be reserved
[    0.312904] system 00:00: [mem 0x000e8000-0x000ebfff] could not be reserved
[    0.313001] system 00:00: [mem 0x000ec000-0x000effff] could not be reserved
[    0.313099] system 00:00: [mem 0x000f0000-0x000fffff] could not be reserved
[    0.313196] system 00:00: [mem 0x00100000-0xbfffffff] could not be reserved
[    0.313293] system 00:00: [mem 0xfec00000-0xfed3ffff] could not be reserved
[    0.313391] system 00:00: [mem 0xfed41000-0xffffffff] could not be reserved
[    0.313547] system 00:00: Plug and Play ACPI device, IDs PNP0c01 (active)
[    0.314081] system 00:01: [io  0x164e-0x164f] has been reserved
[    0.314172] system 00:01: [io  0x1000-0x107f] has been reserved
[    0.314262] system 00:01: [io  0x1180-0x11bf] has been reserved
[    0.314353] system 00:01: [io  0x0800-0x080f] has been reserved
[    0.314443] system 00:01: [io  0x15e0-0x15ef] has been reserved
[    0.314535] system 00:01: [io  0x1600-0x165f] could not be reserved
[    0.314627] system 00:01: [mem 0xf0000000-0xf3ffffff] has been reserved
[    0.314721] system 00:01: [mem 0xfed1c000-0xfed1ffff] has been reserved
[    0.314816] system 00:01: [mem 0xfed14000-0xfed17fff] has been reserved
[    0.314911] system 00:01: [mem 0xfed18000-0xfed18fff] has been reserved
[    0.315004] system 00:01: [mem 0xfed19000-0xfed19fff] has been reserved
[    0.315142] system 00:01: Plug and Play ACPI device, IDs PNP0c02 (active)
[    0.315470] pnp 00:02: Plug and Play ACPI device, IDs PNP0b00 (active)
[    0.315624] pnp 00:03: Plug and Play ACPI device, IDs PNP0303 (active)
[    0.315776] pnp 00:04: Plug and Play ACPI device, IDs IBM3780 PNP0f13 (active)
[    0.316568] pnp 00:05: [dma 3]
[    0.316799] pnp 00:05: Plug and Play ACPI device, IDs IBM0071 PNP0511 (active)
[    0.317048] pnp 00:06: Plug and Play ACPI device, IDs ATM1200 PNP0c31 (active)
[    0.319655] pnp: PnP ACPI: found 7 devices
[    0.367912] clocksource: acpi_pm: mask: 0xffffff max_cycles: 0xffffff, max_idle_ns: 2085701024 ns
[    0.368054] pci 0000:00:1c.0: bridge window [mem 0x00100000-0x000fffff 64bit pref] to [bus 02] add_size 200000 add_align 100000
[    0.368155] pci 0000:00:1c.0: BAR 9: assigned [mem 0xc0000000-0xc01fffff 64bit pref]
[    0.368251] pci 0000:00:1c.0: PCI bridge to [bus 02]
[    0.368333] pci 0000:00:1c.0:   bridge window [io  0x2000-0x2fff]
[    0.368423] pci 0000:00:1c.0:   bridge window [mem 0xee000000-0xee0fffff]
[    0.368515] pci 0000:00:1c.0:   bridge window [mem 0xc0000000-0xc01fffff 64bit pref]
[    0.368614] pci 0000:00:1c.1: PCI bridge to [bus 03]
[    0.368695] pci 0000:00:1c.1:   bridge window [io  0x3000-0x4fff]
[    0.368785] pci 0000:00:1c.1:   bridge window [mem 0xec000000-0xedffffff]
[    0.368876] pci 0000:00:1c.1:   bridge window [mem 0xe4000000-0xe40fffff 64bit pref]
[    0.368975] pci 0000:00:1c.2: PCI bridge to [bus 04-0b]
[    0.369057] pci 0000:00:1c.2:   bridge window [io  0x5000-0x6fff]
[    0.369146] pci 0000:00:1c.2:   bridge window [mem 0xe8000000-0xe9ffffff]
[    0.369238] pci 0000:00:1c.2:   bridge window [mem 0xe4100000-0xe41fffff 64bit pref]
[    0.369337] pci 0000:00:1c.3: PCI bridge to [bus 0c-13]
[    0.369420] pci 0000:00:1c.3:   bridge window [io  0x7000-0x8fff]
[    0.369509] pci 0000:00:1c.3:   bridge window [mem 0xea000000-0xebffffff]
[    0.369600] pci 0000:00:1c.3:   bridge window [mem 0xe4200000-0xe42fffff 64bit pref]
[    0.369711] pci 0000:15:00.0: BAR 9: assigned [mem 0xe0000000-0xe3ffffff pref]
[    0.369806] pci 0000:15:00.0: BAR 10: assigned [mem 0xc4000000-0xc7ffffff]
[    0.369895] pci 0000:15:00.0: BAR 7: assigned [io  0x9000-0x90ff]
[    0.369980] pci 0000:15:00.0: BAR 8: assigned [io  0x9400-0x94ff]
[    0.370072] pci 0000:15:00.0: CardBus bridge to [bus 16-17]
[    0.370154] pci 0000:15:00.0:   bridge window [io  0x9000-0x90ff]
[    0.370241] pci 0000:15:00.0:   bridge window [io  0x9400-0x94ff]
[    0.370329] pci 0000:15:00.0:   bridge window [mem 0xe0000000-0xe3ffffff pref]
[    0.370422] pci 0000:15:00.0:   bridge window [mem 0xc4000000-0xc7ffffff]
[    0.370513] pci 0000:00:1e.0: PCI bridge to [bus 15-18]
[    0.370595] pci 0000:00:1e.0:   bridge window [io  0x9000-0xcfff]
[    0.370685] pci 0000:00:1e.0:   bridge window [mem 0xe4300000-0xe7ffffff]
[    0.370776] pci 0000:00:1e.0:   bridge window [mem 0xe0000000-0xe3ffffff 64bit pref]
[    0.373082] pci_bus 0000:00: resource 4 [io  0x0000-0x0cf7 window]
[    0.373086] pci_bus 0000:00: resource 5 [io  0x0d00-0xffff window]
[    0.373091] pci_bus 0000:00: resource 6 [mem 0x000a0000-0x000bffff window]
[    0.373095] pci_bus 0000:00: resource 7 [mem 0x000d0000-0x000d3fff window]
[    0.373099] pci_bus 0000:00: resource 8 [mem 0x000d4000-0x000d7fff window]
[    0.373103] pci_bus 0000:00: resource 9 [mem 0x000d8000-0x000dbfff window]
[    0.373107] pci_bus 0000:00: resource 10 [mem 0xc0000000-0xfebfffff window]
[    0.373111] pci_bus 0000:00: resource 11 [mem 0xfed40000-0xfed40fff window]
[    0.373116] pci_bus 0000:02: resource 0 [io  0x2000-0x2fff]
[    0.373120] pci_bus 0000:02: resource 1 [mem 0xee000000-0xee0fffff]
[    0.373124] pci_bus 0000:02: resource 2 [mem 0xc0000000-0xc01fffff 64bit pref]
[    0.373128] pci_bus 0000:03: resource 0 [io  0x3000-0x4fff]
[    0.373132] pci_bus 0000:03: resource 1 [mem 0xec000000-0xedffffff]
[    0.373136] pci_bus 0000:03: resource 2 [mem 0xe4000000-0xe40fffff 64bit pref]
[    0.373140] pci_bus 0000:04: resource 0 [io  0x5000-0x6fff]
[    0.373144] pci_bus 0000:04: resource 1 [mem 0xe8000000-0xe9ffffff]
[    0.373149] pci_bus 0000:04: resource 2 [mem 0xe4100000-0xe41fffff 64bit pref]
[    0.373153] pci_bus 0000:0c: resource 0 [io  0x7000-0x8fff]
[    0.373157] pci_bus 0000:0c: resource 1 [mem 0xea000000-0xebffffff]
[    0.373161] pci_bus 0000:0c: resource 2 [mem 0xe4200000-0xe42fffff 64bit pref]
[    0.373165] pci_bus 0000:15: resource 0 [io  0x9000-0xcfff]
[    0.373169] pci_bus 0000:15: resource 1 [mem 0xe4300000-0xe7ffffff]
[    0.373173] pci_bus 0000:15: resource 2 [mem 0xe0000000-0xe3ffffff 64bit pref]
[    0.373177] pci_bus 0000:15: resource 4 [io  0x0000-0x0cf7 window]
[    0.373181] pci_bus 0000:15: resource 5 [io  0x0d00-0xffff window]
[    0.373185] pci_bus 0000:15: resource 6 [mem 0x000a0000-0x000bffff window]
[    0.373190] pci_bus 0000:15: resource 7 [mem 0x000d0000-0x000d3fff window]
[    0.373194] pci_bus 0000:15: resource 8 [mem 0x000d4000-0x000d7fff window]
[    0.373198] pci_bus 0000:15: resource 9 [mem 0x000d8000-0x000dbfff window]
[    0.373202] pci_bus 0000:15: resource 10 [mem 0xc0000000-0xfebfffff window]
[    0.373206] pci_bus 0000:15: resource 11 [mem 0xfed40000-0xfed40fff window]
[    0.373210] pci_bus 0000:16: resource 0 [io  0x9000-0x90ff]
[    0.373214] pci_bus 0000:16: resource 1 [io  0x9400-0x94ff]
[    0.373218] pci_bus 0000:16: resource 2 [mem 0xe0000000-0xe3ffffff pref]
[    0.373222] pci_bus 0000:16: resource 3 [mem 0xc4000000-0xc7ffffff]
[    0.373694] NET: Registered protocol family 2
[    0.374758] tcp_listen_portaddr_hash hash table entries: 512 (order: 2, 20480 bytes)
[    0.374910] TCP established hash table entries: 8192 (order: 3, 32768 bytes)
[    0.375076] TCP bind hash table entries: 8192 (order: 6, 294912 bytes)
[    0.375665] TCP: Hash tables configured (established 8192 bind 8192)
[    0.376500] UDP hash table entries: 512 (order: 3, 40960 bytes)
[    0.376665] UDP-Lite hash table entries: 512 (order: 3, 40960 bytes)
[    0.377018] NET: Registered protocol family 1
[    0.378042] RPC: Registered named UNIX socket transport module.
[    0.378129] RPC: Registered udp transport module.
[    0.378209] RPC: Registered tcp transport module.
[    0.378289] RPC: Registered tcp NFSv4.1 backchannel transport module.
[    0.379040] pci 0000:00:02.0: Video device with shadowed ROM at [mem 0x000c0000-0x000dffff]
[    0.383310] PCI: CLS mismatch (64 != 32), using 64 bytes
[    0.383470] PCI-DMA: Using software bounce buffering for IO (SWIOTLB)
[    0.383557] software IO TLB: mapped [mem 0x31d02000-0x35d02000] (64MB)
[    0.386822] Initialise system trusted keyrings
[    0.387092] workingset: timestamp_bits=30 max_order=20 bucket_order=0
[    0.389788] Installing knfsd (copyright (C) 1996 okir@monad.swb.de).
[    0.390438] ntfs: driver 2.1.32 [Flags: R/W].
[    0.390783] fuse init (API version 7.28)
[    0.400933] Key type asymmetric registered
[    0.401020] Asymmetric key parser 'x509' registered
[    0.401233] bounce: pool size: 64 pages
[    0.401414] Block layer SCSI generic (bsg) driver version 0.4 loaded (major 249)
[    0.401515] io scheduler noop registered
[    0.401590] io scheduler deadline registered
[    0.401721] io scheduler cfq registered (default)
[    0.401798] io scheduler mq-deadline registered
[    0.401912] io scheduler bfq registered
[    0.404900] intel_idle: does not run on family 6 model 14
[    0.405353] ACPI: Deprecated procfs I/F for AC is loaded, please retry with CONFIG_ACPI_PROCFS_POWER cleared
[    0.405654] ACPI: AC Adapter [AC] (on-line)
[    0.406088] input: Lid Switch as /devices/LNXSYSTM:00/LNXSYBUS:00/PNP0C0D:00/input/input0
[    0.406357] ACPI: Lid Switch [LID]
[    0.406680] input: Sleep Button as /devices/LNXSYSTM:00/LNXSYBUS:00/PNP0C0E:00/input/input1
[    0.406849] ACPI: Sleep Button [SLPB]
[    0.407202] input: Power Button as /devices/LNXSYSTM:00/LNXPWRBN:00/input/input2
[    0.407346] ACPI: Power Button [PWRF]
[    0.407888] ACPI: Video Device [VID] (multi-head: yes  rom: no  post: no)
[    0.415647] acpi device:01: registered as cooling_device0
[    0.416161] input: Video Bus as /devices/LNXSYSTM:00/LNXSYBUS:00/PNP0A08:00/LNXVIDEO:00/input/input3
[    0.433762] thermal LNXTHERM:00: registered as thermal_zone0
[    0.433852] ACPI: Thermal Zone [THM0] (81 C)
[    0.437780] thermal LNXTHERM:01: registered as thermal_zone1
[    0.437868] ACPI: Thermal Zone [THM1] (80 C)
[    0.438468] Serial: 8250/16550 driver, 4 ports, IRQ sharing disabled
[    0.439325] serial8250: ttyS1 at I/O 0x2f8 (irq = 3, base_baud = 921600) is a NS16550A
[    0.441691] lp: driver loaded but no devices found
[    0.441975] Non-volatile memory driver v1.3
[    0.442435] intel_rng: FWH not detected
[    0.442636] Linux agpgart interface v0.103
[    0.443511] [drm] radeon kernel modesetting enabled.
[    0.445133] pci 0000:00:00.0: Intel 945GM Chipset
[    0.445273] pci 0000:00:00.0: detected gtt size: 262144K total, 262144K mappable
[    0.446023] pci 0000:00:00.0: detected 8192K stolen memory
[    0.446223] [drm] Replacing VGA console driver
[    0.449061] Console: switching to colour dummy device 80x25
[    0.450830] [drm] Supports vblank timestamp caching Rev 2 (21.10.2013).
[    0.450869] [drm] Driver supports precise vblank timestamp query.
[    0.450916] resource sanity check: requesting [mem 0x000c0000-0x000dffff], which spans more than pnp 00:00 [mem 0x000c8000-0x000cbfff]
[    0.450985] caller pci_map_rom+0x7e/0x15c mapping multiple BARs
[    0.452833] i915 0000:00:02.0: vgaarb: changed VGA decodes: olddecodes=io+mem,decodes=io+mem:owns=io+mem
[    0.472807] battery: ACPI: Deprecated procfs I/F for battery is loaded, please retry with CONFIG_ACPI_PROCFS_POWER cleared
[    0.472891] battery: ACPI: Battery Slot [BAT0] (battery present)
[    0.504170] random: fast init done
[    0.544337] [drm] RC6 disabled, disabling runtime PM support
[    0.544568] [drm] Initialized overlay support.
[    0.546407] [drm] Initialized i915 1.6.0 20180921 for 0000:00:02.0 on minor 0
[    0.547655] usbcore: registered new interface driver udl
[    0.562285] loop: module loaded
[    0.570700] fbcon: inteldrmfb (fb0) is primary device
[    0.589679] ahci 0000:00:1f.2: version 3.0
[    0.590610] ahci 0000:00:1f.2: AHCI 0001.0100 32 slots 4 ports 1.5 Gbps 0x1 impl SATA mode
[    0.590615] ahci 0000:00:1f.2: flags: 64bit ncq pm led clo pio slum part 
[    0.593223] scsi host0: ahci
[    0.593831] scsi host1: ahci
[    0.594414] scsi host2: ahci
[    0.594933] scsi host3: ahci
[    0.595189] ata1: SATA max UDMA/133 abar m1024@0xee444400 port 0xee444500 irq 16
[    0.595192] ata2: DUMMY
[    0.595194] ata3: DUMMY
[    0.595196] ata4: DUMMY
[    0.595391] ata_piix 0000:00:1f.1: version 2.13
[    0.598796] scsi host4: ata_piix
[    0.600187] scsi host5: ata_piix
[    0.600410] ata5: PATA max UDMA/100 cmd 0x1f0 ctl 0x3f6 bmdma 0x1810 irq 14
[    0.600412] ata6: PATA max UDMA/100 cmd 0x170 ctl 0x376 bmdma 0x1818 irq 15
[    0.601944] tun: Universal TUN/TAP device driver, 1.6
[    0.602568] e1000: Intel(R) PRO/1000 Network Driver - version 7.3.21-k8-NAPI
[    0.602570] e1000: Copyright (c) 1999-2006 Intel Corporation.
[    0.602657] e1000e: Intel(R) PRO/1000 Network Driver - 3.2.6-k
[    0.602658] e1000e: Copyright(c) 1999 - 2015 Intel Corporation.
[    0.602773] e1000e 0000:02:00.0: Disabling ASPM  L1
[    0.603237] e1000e 0000:02:00.0: Interrupt Throttling Rate (ints/sec) set to dynamic conservative mode
[    0.603534] ata6: port disabled--ignoring
[    0.737056] e1000e 0000:02:00.0 eth0: (PCI Express:2.5GT/s:Width x1) 00:16:d3:25:19:04
[    0.737060] e1000e 0000:02:00.0 eth0: Intel(R) PRO/1000 Network Connection
[    0.737139] e1000e 0000:02:00.0 eth0: MAC: 2, PHY: 2, PBA No: 005302-003
[    0.737454] PPP generic driver version 2.4.2
[    0.737765] PPP BSD Compression module registered
[    0.737768] PPP Deflate Compression module registered
[    0.737771] SLIP: version 0.8.4-NET3.019-NEWTTY (dynamic channels, max=256).
[    0.737773] CSLIP: code copyright 1989 Regents of the University of California.
[    0.737872] iwl3945: Intel(R) PRO/Wireless 3945ABG/BG Network Connection driver for Linux, in-tree:ds
[    0.737873] iwl3945: Copyright(c) 2003-2011 Intel Corporation
[    0.737875] iwl3945: hw_scan is disabled
[    0.793172] iwl3945 0000:03:00.0: Tunable channels: 11 802.11bg, 13 802.11a channels
[    0.793176] iwl3945 0000:03:00.0: Detected Intel Wireless WiFi Link 3945ABG
[    0.794196] ieee80211 phy0: Selected rate control algorithm 'iwl-3945-rs'
[    0.795269] Intel(R) Wireless WiFi driver for Linux
[    0.795271] Copyright(c) 2003- 2015 Intel Corporation
[    0.795526] usbcore: registered new interface driver ax88179_178a
[    0.795585] usbcore: registered new interface driver cdc_ether
[    0.795638] usbcore: registered new interface driver net1080
[    0.795692] usbcore: registered new interface driver cdc_subset
[    0.795744] usbcore: registered new interface driver zaurus
[    0.795810] usbcore: registered new interface driver cdc_ncm
[    0.795917] pci 0000:00:1e.0: enabling device (0005 -> 0007)
[    0.796183] yenta_cardbus 0000:15:00.0: CardBus bridge found [17aa:201c]
[    0.916198] ata1: SATA link up 1.5 Gbps (SStatus 113 SControl 300)
[    0.995544] ata1.00: ACPI cmd ef/02:00:00:00:00:a0 (SET FEATURES) succeeded
[    0.995549] ata1.00: ACPI cmd f5/00:00:00:00:00:a0 (SECURITY FREEZE LOCK) filtered out
[    0.995553] ata1.00: ACPI cmd ef/10:03:00:00:00:a0 (SET FEATURES) filtered out
[    1.039623] ata1.00: ATA-9: ST1000LM014-1EJ164, SM11, max UDMA/133
[    1.039627] ata1.00: 1953525168 sectors, multi 16: LBA48 NCQ (depth 32), AA
[    1.084239] ata1.00: ACPI cmd ef/02:00:00:00:00:a0 (SET FEATURES) succeeded
[    1.084243] ata1.00: ACPI cmd f5/00:00:00:00:00:a0 (SECURITY FREEZE LOCK) filtered out
[    1.084247] ata1.00: ACPI cmd ef/10:03:00:00:00:a0 (SET FEATURES) filtered out
[    1.128369] ata1.00: configured for UDMA/133
[    1.271363] Console: switching to colour frame buffer device 102x42
[    1.393503] i915 0000:00:02.0: fb0: inteldrmfb frame buffer device
[    1.396818] scsi 0:0:0:0: Direct-Access     ATA      ST1000LM014-1EJ1 SM11 PQ: 0 ANSI: 5
[    1.400678] sd 0:0:0:0: [sda] 1953525168 512-byte logical blocks: (1.00 TB/932 GiB)
[    1.400712] sd 0:0:0:0: Attached scsi generic sg0 type 0
[    1.403266] sd 0:0:0:0: [sda] 4096-byte physical blocks
[    1.408446] sd 0:0:0:0: [sda] Write Protect is off
[    1.410893] sd 0:0:0:0: [sda] Mode Sense: 00 3a 00 00
[    1.411050] sd 0:0:0:0: [sda] Write cache: enabled, read cache: enabled, doesn't support DPO or FUA
[    1.415718]  sda: sda1 sda2 sda3 sda4
[    1.421252] sd 0:0:0:0: [sda] Attached SCSI disk
[    1.557277] yenta_cardbus 0000:15:00.0: ISA IRQ mask 0x0cb8, PCI irq 16
[    1.559871] yenta_cardbus 0000:15:00.0: Socket status: 30000006
[    1.562466] yenta_cardbus 0000:15:00.0: pcmcia: parent PCI bridge window: [io  0x9000-0xcfff]
[    1.565063] yenta_cardbus 0000:15:00.0: pcmcia: parent PCI bridge window: [mem 0xe4300000-0xe7ffffff]
[    1.567573] pcmcia_socket pcmcia_socket0: cs: memory probe 0xe4300000-0xe7ffffff:
[    1.570924]  excluding 0xe4300000-0xe46cffff
[    1.573473] yenta_cardbus 0000:15:00.0: pcmcia: parent PCI bridge window: [mem 0xe0000000-0xe3ffffff 64bit pref]
[    1.576110] pcmcia_socket pcmcia_socket0: cs: memory probe 0xe0000000-0xe3ffffff:
[    1.579700]  excluding 0xe0000000-0xe3ffffff
[    1.583466] ehci_hcd: USB 2.0 'Enhanced' Host Controller (EHCI) Driver
[    1.586137] ehci-pci: EHCI PCI platform driver
[    1.589292] ehci-pci 0000:00:1d.7: EHCI Host Controller
[    1.592289] ehci-pci 0000:00:1d.7: new USB bus registered, assigned bus number 1
[    1.595094] ehci-pci 0000:00:1d.7: debug port 1
[    1.601864] ehci-pci 0000:00:1d.7: cache line size of 64 is not supported
[    1.601920] ehci-pci 0000:00:1d.7: irq 19, io mem 0xee444000
[    1.620270] ehci-pci 0000:00:1d.7: USB 2.0 started, EHCI 1.00
[    1.623688] usb usb1: New USB device found, idVendor=1d6b, idProduct=0002, bcdDevice= 4.19
[    1.626648] usb usb1: New USB device strings: Mfr=3, Product=2, SerialNumber=1
[    1.629569] usb usb1: Product: EHCI Host Controller
[    1.632438] usb usb1: Manufacturer: Linux 4.19.0-next-20181101 ehci_hcd
[    1.635288] usb usb1: SerialNumber: 0000:00:1d.7
[    1.638950] hub 1-0:1.0: USB hub found
[    1.641871] hub 1-0:1.0: 8 ports detected
[    1.646731] ohci_hcd: USB 1.1 'Open' Host Controller (OHCI) Driver
[    1.649496] ohci-pci: OHCI PCI platform driver
[    1.652308] uhci_hcd: USB Universal Host Controller Interface driver
[    1.655647] uhci_hcd 0000:00:1d.0: UHCI Host Controller
[    1.658678] uhci_hcd 0000:00:1d.0: new USB bus registered, assigned bus number 2
[    1.661484] uhci_hcd 0000:00:1d.0: detected 2 ports
[    1.664503] uhci_hcd 0000:00:1d.0: irq 16, io base 0x00001820
[    1.667650] usb usb2: New USB device found, idVendor=1d6b, idProduct=0001, bcdDevice= 4.19
[    1.670410] usb usb2: New USB device strings: Mfr=3, Product=2, SerialNumber=1
[    1.673182] usb usb2: Product: UHCI Host Controller
[    1.675903] usb usb2: Manufacturer: Linux 4.19.0-next-20181101 uhci_hcd
[    1.678641] usb usb2: SerialNumber: 0000:00:1d.0
[    1.681953] hub 2-0:1.0: USB hub found
[    1.684686] hub 2-0:1.0: 2 ports detected
[    1.688428] uhci_hcd 0000:00:1d.1: UHCI Host Controller
[    1.691275] uhci_hcd 0000:00:1d.1: new USB bus registered, assigned bus number 3
[    1.693924] uhci_hcd 0000:00:1d.1: detected 2 ports
[    1.696559] uhci_hcd 0000:00:1d.1: irq 17, io base 0x00001840
[    1.699534] usb usb3: New USB device found, idVendor=1d6b, idProduct=0001, bcdDevice= 4.19
[    1.702175] usb usb3: New USB device strings: Mfr=3, Product=2, SerialNumber=1
[    1.704722] usb usb3: Product: UHCI Host Controller
[    1.707129] usb usb3: Manufacturer: Linux 4.19.0-next-20181101 uhci_hcd
[    1.709557] usb usb3: SerialNumber: 0000:00:1d.1
[    1.712638] hub 3-0:1.0: USB hub found
[    1.715057] hub 3-0:1.0: 2 ports detected
[    1.718620] uhci_hcd 0000:00:1d.2: UHCI Host Controller
[    1.721252] uhci_hcd 0000:00:1d.2: new USB bus registered, assigned bus number 4
[    1.723618] uhci_hcd 0000:00:1d.2: detected 2 ports
[    1.726022] uhci_hcd 0000:00:1d.2: irq 18, io base 0x00001860
[    1.728847] usb usb4: New USB device found, idVendor=1d6b, idProduct=0001, bcdDevice= 4.19
[    1.731808] usb usb4: New USB device strings: Mfr=3, Product=2, SerialNumber=1
[    1.734217] usb usb4: Product: UHCI Host Controller
[    1.736592] usb usb4: Manufacturer: Linux 4.19.0-next-20181101 uhci_hcd
[    1.738957] usb usb4: SerialNumber: 0000:00:1d.2
[    1.742013] hub 4-0:1.0: USB hub found
[    1.744457] hub 4-0:1.0: 2 ports detected
[    1.747959] uhci_hcd 0000:00:1d.3: UHCI Host Controller
[    1.750628] uhci_hcd 0000:00:1d.3: new USB bus registered, assigned bus number 5
[    1.753023] uhci_hcd 0000:00:1d.3: detected 2 ports
[    1.755371] uhci_hcd 0000:00:1d.3: irq 19, io base 0x00001880
[    1.758138] usb usb5: New USB device found, idVendor=1d6b, idProduct=0001, bcdDevice= 4.19
[    1.761008] usb usb5: New USB device strings: Mfr=3, Product=2, SerialNumber=1
[    1.763817] usb usb5: Product: UHCI Host Controller
[    1.766662] usb usb5: Manufacturer: Linux 4.19.0-next-20181101 uhci_hcd
[    1.769479] usb usb5: SerialNumber: 0000:00:1d.3
[    1.772909] hub 5-0:1.0: USB hub found
[    1.775270] hub 5-0:1.0: 2 ports detected
[    1.778544] usbcore: registered new interface driver cdc_acm
[    1.780804] cdc_acm: USB Abstract Control Model driver for USB modems and ISDN adapters
[    1.783198] usbcore: registered new interface driver usblp
[    1.785670] usbcore: registered new interface driver usb-storage
[    1.788043] usbcore: registered new interface driver ums-sddr09
[    1.790514] usbcore: registered new interface driver usbserial_generic
[    1.792850] usbserial: USB Serial support registered for generic
[    1.795184] usbcore: registered new interface driver ch341
[    1.797467] usbserial: USB Serial support registered for ch341-uart
[    1.799772] usbcore: registered new interface driver ftdi_sio
[    1.802111] usbserial: USB Serial support registered for FTDI USB Serial Device
[    1.804550] usbcore: registered new interface driver option
[    1.806860] usbserial: USB Serial support registered for GSM modem (1-port)
[    1.809376] usbcore: registered new interface driver pl2303
[    1.811773] usbserial: USB Serial support registered for pl2303
[    1.814239] usbcore: registered new interface driver ti_usb_3410_5052
[    1.816681] usbserial: USB Serial support registered for TI USB 3410 1 port adapter
[    1.819172] usbserial: USB Serial support registered for TI USB 5052 2 port adapter
[    1.821606] ftdi_elan: driver ftdi-elan
[    1.823993] usbcore: registered new interface driver ftdi-elan
[    1.826591] i8042: PNP: PS/2 Controller [PNP0303:KBD,PNP0f13:MOU] at 0x60,0x64 irq 1,12
[    1.839235] serio: i8042 KBD port at 0x60,0x64 irq 1
[    1.841687] serio: i8042 AUX port at 0x60,0x64 irq 12
[    1.844981] mousedev: PS/2 mouse device common for all mice
[    1.848811] input: PC Speaker as /devices/platform/pcspkr/input/input4
[    1.851931] rtc_cmos 00:02: RTC can wake from S4
[    1.854944] rtc_cmos 00:02: registered as rtc0
[    1.857487] input: AT Translated Set 2 keyboard as /devices/platform/i8042/serio0/input/input5
[    1.857572] rtc_cmos 00:02: alarms up to one month, y3k, 114 bytes nvram, hpet irqs
[    1.862846] usbcore: registered new interface driver uvcvideo
[    1.865367] USB Video Class driver (1.1.1)
[    1.867839] gspca_main: v2.14.0 registered
[    1.870384] usbcore: registered new interface driver sq930x
[    1.874324] device-mapper: ioctl: 4.39.0-ioctl (2018-04-03) initialised: dm-devel@redhat.com
[    1.876938] Bluetooth: HCI UART driver ver 2.3
[    1.879483] Bluetooth: HCI UART protocol H4 registered
[    1.882073] Bluetooth: HCI UART protocol BCSP registered
[    1.884764] usbcore: registered new interface driver btusb
[    1.887407] sdhci: Secure Digital Host Controller Interface driver
[    1.889903] sdhci: Copyright(c) Pierre Ossman
[    1.892473] sdhci-pci 0000:15:00.2: SDHCI controller found [1180:0822] (rev 18)
[    1.895457] sdhci-pci 0000:15:00.2: Will use DMA mode even though HW doesn't fully claim to support it.
[    1.899022] mmc0 bounce up to 128 segments into one, max segment size 65536 bytes
[    1.901798] sdhci-pci 0000:15:00.2: Will use DMA mode even though HW doesn't fully claim to support it.
[    1.905159] mmc0: SDHCI controller on PCI [0000:15:00.2] using DMA
[    1.908260] hidraw: raw HID events driver (C) Jiri Kosina
[    1.912721] usbcore: registered new interface driver usbhid
[    1.915545] usbhid: USB HID core driver
[    1.918534] sdhci-pci 0000:15:00.2: Will use DMA mode even though HW doesn't fully claim to support it.
[    1.922210] thinkpad_acpi: ThinkPad ACPI Extras v0.26
[    1.925085] thinkpad_acpi: http://ibm-acpi.sf.net/
[    1.927918] thinkpad_acpi: ThinkPad BIOS 7BETD8WW (2.19 ), EC 7BHT40WW-1.13
[    1.930793] thinkpad_acpi: Lenovo ThinkPad X60, model 17097HU
[    1.939460] thinkpad_acpi: ACPI backlight control delay disabled
[    1.942741] thinkpad_acpi: radio switch found; radios are enabled
[    1.945641] thinkpad_acpi: This ThinkPad has standard ACPI backlight brightness control, supported by the ACPI video driver
[    1.951423] thinkpad_acpi: Disabling thinkpad-acpi brightness events by default...
[    1.966165] thinkpad_acpi: rfkill switch tpacpi_bluetooth_sw: radio is unblocked
[    1.972280] thinkpad_acpi: warning: userspace override of important firmware LEDs is enabled
[    1.980714] thinkpad_acpi: Standard ACPI backlight interface available, not loading native one
[    1.983863] thinkpad_acpi: volume: disabled as there is no ALSA support in this kernel
[    1.987913] thinkpad_acpi: battery 1 registered (start 0, stop 0)
[    1.987922] battery: new extension: ThinkPad Battery Extension
[    1.994294] input: ThinkPad Extra Buttons as /devices/platform/thinkpad_acpi/input/input8
[    1.997954] gnss: GNSS driver registered with major 245
[    2.006451] snd_hda_intel 0000:00:1b.0: probe_mask set to 0x1 for device 17aa:2010
[    2.010044] usbcore: registered new interface driver snd-usb-audio
[    2.016254] NET: Registered protocol family 17
[    2.019629] Bluetooth: RFCOMM TTY layer initialized
[    2.022731] Bluetooth: RFCOMM socket layer initialized
[    2.025766] Bluetooth: RFCOMM ver 1.11
[    2.028773] Bluetooth: BNEP (Ethernet Emulation) ver 1.3
[    2.031789] Bluetooth: BNEP filters: protocol multicast
[    2.034788] Bluetooth: BNEP socket layer initialized
[    2.037772] Bluetooth: HIDP (Human Interface Emulation) ver 1.2
[    2.039809] snd_hda_codec_analog hdaudioC0D0: autoconfig for AD1981: line_outs=1 (0x5/0x0/0x0/0x0/0x0) type:speaker
[    2.040772] Bluetooth: HIDP socket layer initialized
[    2.046897] snd_hda_codec_analog hdaudioC0D0:    speaker_outs=0 (0x0/0x0/0x0/0x0/0x0)
[    2.050241] microcode: sig=0x6e8, pf=0x20, revision=0x39
[    2.052926] snd_hda_codec_analog hdaudioC0D0:    hp_outs=0 (0x0/0x0/0x0/0x0/0x0)
[    2.058900] snd_hda_codec_analog hdaudioC0D0:    mono: mono_out=0x0
[    2.059445] microcode: Microcode Update Driver: v2.2.
[    2.059450] Using IPI No-Shortcut mode
[    2.061902] snd_hda_codec_analog hdaudioC0D0:    inputs:
[    2.066006] Loading compiled-in X.509 certificates
[    2.067699] snd_hda_codec_analog hdaudioC0D0:      Mic=0x8
[    2.071966] Key type encrypted registered
[    2.073351] snd_hda_codec_analog hdaudioC0D0:      CD=0x19
[    2.083067] rtc_cmos 00:02: setting system clock to 2018-11-02 08:13:09 UTC (1541146389)
[    2.089571] cfg80211: Loading compiled-in X.509 certificates for regulatory database
[    2.096024] cfg80211: Loaded X.509 cert 'sforshee: 00b28ddf47aef9cea7'
[    2.099527] platform regulatory.0: Direct firmware load for regulatory.db failed with error -2
[    2.103167] cfg80211: failed to load regulatory.db
[    2.124897] PM: Image not found (code -22)
[    2.124935] ALSA device list:
[    2.129725]   #0: HDA Intel at 0xee240000 irq 17
[    2.196192] usb 2-2: new full-speed USB device number 2 using uhci_hcd
[    2.396841] usb 2-2: New USB device found, idVendor=0a12, idProduct=0001, bcdDevice=88.91
[    2.402820] usb 2-2: New USB device strings: Mfr=0, Product=2, SerialNumber=0
[    2.408743] usb 2-2: Product: CSR8510 A10
[    2.559098] psmouse serio1: trackpoint: IBM TrackPoint firmware: 0x0e, buttons: 3/3
[    2.582141] input: TPPS/2 IBM TrackPoint as /devices/platform/i8042/serio1/input/input7
[    2.590592] md: Waiting for all devices to be available before autodetect
[    2.594238] md: If you don't use raid, use raid=noautodetect
[    2.599009] md: Autodetecting RAID arrays.
[    2.602680] md: autorun ...
[    2.606334] md: ... autorun DONE.
[    2.623445] EXT4-fs (sda4): mounted filesystem with ordered data mode. Opts: (null)
[    2.627290] VFS: Mounted root (ext4 filesystem) readonly on device 8:4.
[    2.632747] devtmpfs: mounted
[    2.638597] Freeing unused kernel image memory: 632K
[    2.656334] Write protecting kernel text and read-only data: 14788k
[    2.660042] NX-protecting the kernel data: 6344k
[    2.664416] x86/mm: Checked W+X mappings: passed, no W+X pages found.
[    2.668066] rodata_test: all tests were successful
[    2.671948] x86/mm: Checking user space page tables
[    2.675605] x86/mm: Checked W+X mappings: passed, no W+X pages found.
[    2.678332] Run /sbin/init as init process
[    3.096181] usb 5-1: new full-speed USB device number 2 using uhci_hcd
[    3.290258] usb 5-1: New USB device found, idVendor=0a5c, idProduct=2110, bcdDevice= 1.00
[    3.295318] usb 5-1: New USB device strings: Mfr=1, Product=2, SerialNumber=0
[    3.300281] usb 5-1: Product: BCM2045B
[    3.305122] usb 5-1: Manufacturer: Broadcom Corp
[    3.349941] random: systemd: uninitialized urandom read (16 bytes read)
[    3.355907] systemd[1]: systemd 215 running in system mode. (+PAM +AUDIT +SELINUX +IMA +SYSVINIT +LIBCRYPTSETUP +GCRYPT +ACL +XZ -SECCOMP -APPARMOR)
[    3.384564] systemd[1]: Detected architecture 'x86'.
[    3.527400] systemd[1]: Failed to insert module 'ipv6'
[    3.538121] systemd[1]: Set hostname to <amd>.
[    3.671607] random: systemd-sysv-ge: uninitialized urandom read (16 bytes read)
[    4.124192] usb 5-2: new full-speed USB device number 3 using uhci_hcd
[    4.323248] usb 5-2: New USB device found, idVendor=0483, idProduct=2016, bcdDevice= 0.01
[    4.328289] usb 5-2: New USB device strings: Mfr=1, Product=2, SerialNumber=0
[    4.333181] usb 5-2: Product: Biometric Coprocessor
[    4.338000] usb 5-2: Manufacturer: STMicroelectronics
[    4.977516] random: systemd-sysv-ge: uninitialized urandom read (16 bytes read)
[    5.009249] random: systemd: uninitialized urandom read (16 bytes read)
[    5.012845] random: systemd: uninitialized urandom read (16 bytes read)
[    6.238616] systemd[1]: Binding to IPv6 address not available since kernel does not support IPv6.
[    6.242306] systemd[1]: [/lib/systemd/system/gpsd.socket:6] Failed to parse address value, ignoring: [::1]:2947
[    6.267466] systemd[1]: Starting Forward Password Requests to Wall Directory Watch.
[    6.272175] systemd[1]: Started Forward Password Requests to Wall Directory Watch.
[    6.275945] systemd[1]: Starting Remote File Systems (Pre).
[    6.284715] systemd[1]: Reached target Remote File Systems (Pre).
[    6.707054] random: crng init done
[    6.709503] random: 5 urandom warning(s) missed due to ratelimiting
[    7.199982] systemd-udevd[2379]: starting version 215
[    8.853602] EXT4-fs (sda4): re-mounted. Opts: errors=remount-ro
[    9.292011] e1000e 0000:02:00.0 eth1: renamed from eth0
[    9.309911] systemd-udevd[2444]: renamed network interface eth0 to eth1
[   11.092952] Adding 2097148k swap on /dev/sda1.  Priority:-2 extents:1 across:2097148k 
[   11.301431] EXT4-fs (sda2): mounted filesystem with ordered data mode. Opts: errors=remount-ro
[   11.434196] systemd-journald[2201]: Received request to flush runtime journal from PID 1
[   22.803024] iwl3945 0000:03:00.0: loaded firmware version 15.32.2.9
[   26.568899] wlan0: authenticate with 00:00:00:00:00:01
[   26.570969] wlan0: send auth to 00:00:00:00:00:01 (try 1/3)
[   26.572861] wlan0: authenticated
[   26.576446] wlan0: associate with 00:00:00:00:00:01 (try 1/3)
[   26.579364] wlan0: RX AssocResp from 00:00:00:00:00:01 (capab=0x401 status=0 aid=5)
[   26.581611] wlan0: associated
