[    0.000000] Linux version 5.8.0-rc2+ (pavel@duo) (gcc (Debian 8.3.0-6) 8.3.0, GNU ld (GNU Binutils for Debian) 2.31.1) #78 SMP PREEMPT Mon Jun 22 11:48:15 CEST 2020
[    0.000000] Disabled fast string operations
[    0.000000] x86/fpu: x87 FPU will use FXSAVE
[    0.000000] BIOS-provided physical RAM map:
[    0.000000] BIOS-e820: [mem 0x0000000000000000-0x000000000009efff] usable
[    0.000000] BIOS-e820: [mem 0x000000000009f000-0x000000000009ffff] reserved
[    0.000000] BIOS-e820: [mem 0x00000000000dc000-0x00000000000fffff] reserved
[    0.000000] BIOS-e820: [mem 0x0000000000100000-0x00000000bf6cffff] usable
[    0.000000] BIOS-e820: [mem 0x00000000bf6d0000-0x00000000bf6defff] ACPI data
[    0.000000] BIOS-e820: [mem 0x00000000bf6df000-0x00000000bf6fffff] ACPI NVS
[    0.000000] BIOS-e820: [mem 0x00000000bf700000-0x00000000bfffffff] reserved
[    0.000000] BIOS-e820: [mem 0x00000000f0000000-0x00000000f3ffffff] reserved
[    0.000000] BIOS-e820: [mem 0x00000000fec00000-0x00000000fec0ffff] reserved
[    0.000000] BIOS-e820: [mem 0x00000000fed00000-0x00000000fed003ff] reserved
[    0.000000] BIOS-e820: [mem 0x00000000fed14000-0x00000000fed19fff] reserved
[    0.000000] BIOS-e820: [mem 0x00000000fed1c000-0x00000000fed8ffff] reserved
[    0.000000] BIOS-e820: [mem 0x00000000fee00000-0x00000000fee00fff] reserved
[    0.000000] BIOS-e820: [mem 0x00000000ff800000-0x00000000ffffffff] reserved
[    0.000000] NX (Execute Disable) protection: active
[    0.000000] SMBIOS 2.4 present.
[    0.000000] DMI: LENOVO 17097HU/17097HU, BIOS 7BETD8WW (2.19 ) 03/31/2011
[    0.000000] tsc: Fast TSC calibration using PIT
[    0.000000] tsc: Detected 1828.832 MHz processor
[    0.003702] e820: update [mem 0x00000000-0x00000fff] usable ==> reserved
[    0.003707] e820: remove [mem 0x000a0000-0x000fffff] usable
[    0.003718] last_pfn = 0xbf6d0 max_arch_pfn = 0x1000000
[    0.003730] MTRR default type: uncachable
[    0.003733] MTRR fixed ranges enabled:
[    0.003737]   00000-9FFFF write-back
[    0.003740]   A0000-BFFFF uncachable
[    0.003743]   C0000-CFFFF write-protect
[    0.003745]   D0000-DBFFF uncachable
[    0.003748]   DC000-DFFFF write-back
[    0.003751]   E0000-FFFFF write-protect
[    0.003754] MTRR variable ranges enabled:
[    0.003758]   0 base 000000000 mask F80000000 write-back
[    0.003761]   1 base 080000000 mask FC0000000 write-back
[    0.003764]   2 base 0BF700000 mask FFFF00000 uncachable
[    0.003768]   3 base 0BF800000 mask FFF800000 uncachable
[    0.003770]   4 disabled
[    0.003773]   5 disabled
[    0.003775]   6 disabled
[    0.003778]   7 disabled
[    0.004861] x86/PAT: PAT not supported by the CPU.
[    0.006198] x86/PAT: Configuration [0-7]: WB  WT  UC- UC  WB  WT  UC- UC  
[    0.006218] initial memory mapped: [mem 0x00000000-0x05bfffff]
[    0.006328] ACPI: Early table checksum verification disabled
[    0.006338] ACPI: RSDP 0x00000000000F67C0 000024 (v02 LENOVO)
[    0.006347] ACPI: XSDT 0x00000000BF6D191C 000084 (v01 LENOVO TP-7B    00002190  LTP 00000000)
[    0.006361] ACPI: FACP 0x00000000BF6D1A00 0000F4 (v03 LENOVO TP-7B    00002190 LNVO 00000001)
[    0.006374] ACPI BIOS Warning (bug): 32/64X length mismatch in FADT/Gpe0Block: 64/32 (20200528/tbfadt-569)
[    0.006381] ACPI BIOS Warning (bug): Optional FADT field Gpe1Block has valid Address but zero Length: 0x000000000000102C/0x0 (20200528/tbfadt-624)
[    0.006392] ACPI: DSDT 0x00000000BF6D1D90 00CFB9 (v01 LENOVO TP-7B    00002190 MSFT 0100000E)
[    0.006401] ACPI: FACS 0x00000000BF6F4000 000040
[    0.006409] ACPI: FACS 0x00000000BF6F4000 000040
[    0.006416] ACPI: SSDT 0x00000000BF6D1BB4 0001DC (v01 LENOVO TP-7B    00002190 MSFT 0100000E)
[    0.006426] ACPI: ECDT 0x00000000BF6DED49 000052 (v01 LENOVO TP-7B    00002190 LNVO 00000001)
[    0.006435] ACPI: TCPA 0x00000000BF6DED9B 000032 (v02 LENOVO TP-7B    00002190 LNVO 00000001)
[    0.006444] ACPI: APIC 0x00000000BF6DEDCD 000068 (v01 LENOVO TP-7B    00002190 LNVO 00000001)
[    0.006453] ACPI: MCFG 0x00000000BF6DEE35 00003C (v01 LENOVO TP-7B    00002190 LNVO 00000001)
[    0.006462] ACPI: HPET 0x00000000BF6DEE71 000038 (v01 LENOVO TP-7B    00002190 LNVO 00000001)
[    0.006471] ACPI: BOOT 0x00000000BF6DEFD8 000028 (v01 LENOVO TP-7B    00002190  LTP 00000001)
[    0.006481] ACPI: SSDT 0x00000000BF6F2645 00025F (v01 LENOVO TP-7B    00002190 INTL 20050513)
[    0.006490] ACPI: SSDT 0x00000000BF6F28A4 0000A6 (v01 LENOVO TP-7B    00002190 INTL 20050513)
[    0.006499] ACPI: SSDT 0x00000000BF6F294A 0004F7 (v01 LENOVO TP-7B    00002190 INTL 20050513)
[    0.006508] ACPI: SSDT 0x00000000BF6F2E41 0001D8 (v01 LENOVO TP-7B    00002190 INTL 20050513)
[    0.006529] ACPI: Local APIC address 0xfee00000
[    0.006536] 2176MB HIGHMEM available.
[    0.006540] 885MB LOWMEM available.
[    0.006544]   mapped low ram: 0 - 375fe000
[    0.006548]   low ram: 0 - 375fe000
[    0.006561] Zone ranges:
[    0.006566]   DMA      [mem 0x0000000000001000-0x0000000000ffffff]
[    0.006571]   Normal   [mem 0x0000000001000000-0x00000000375fdfff]
[    0.006576]   HighMem  [mem 0x00000000375fe000-0x00000000bf6cffff]
[    0.006581] Movable zone start for each node
[    0.006585] Early memory node ranges
[    0.006590]   node   0: [mem 0x0000000000001000-0x000000000009efff]
[    0.006594]   node   0: [mem 0x0000000000100000-0x00000000bf6cffff]
[    0.006600] Initmem setup node 0 [mem 0x0000000000001000-0x00000000bf6cffff]
[    0.006605] On node 0 totalpages: 783982
[    0.017980]   DMA zone: 32 pages used for memmap
[    0.017983]   DMA zone: 0 pages reserved
[    0.017986]   DMA zone: 3998 pages, LIFO batch:0
[    0.018097]   Normal zone: 1740 pages used for memmap
[    0.018100]   Normal zone: 222718 pages, LIFO batch:63
[    0.023824]   HighMem zone: 557266 pages, LIFO batch:63
[    0.038174] Using APIC driver default
[    0.038192] Reserving Intel graphics memory at [mem 0xbf800000-0xbfffffff]
[    0.038675] ACPI: PM-Timer IO Port: 0x1008
[    0.038682] ACPI: Local APIC address 0xfee00000
[    0.038695] ACPI: LAPIC_NMI (acpi_id[0x00] high edge lint[0x1])
[    0.038700] ACPI: LAPIC_NMI (acpi_id[0x01] high edge lint[0x1])
[    0.038726] IOAPIC[0]: apic_id 1, version 32, address 0xfec00000, GSI 0-23
[    0.038734] ACPI: INT_SRC_OVR (bus 0 bus_irq 0 global_irq 2 dfl dfl)
[    0.038741] ACPI: INT_SRC_OVR (bus 0 bus_irq 9 global_irq 9 high level)
[    0.038747] ACPI: IRQ0 used by override.
[    0.038750] ACPI: IRQ9 used by override.
[    0.038756] Using ACPI (MADT) for SMP configuration information
[    0.038761] ACPI: HPET id: 0x8086a201 base: 0xfed00000
[    0.038773] smpboot: Allowing 2 CPUs, 0 hotplug CPUs
[    0.038813] PM: hibernation: Registered nosave memory: [mem 0x00000000-0x00000fff]
[    0.038819] PM: hibernation: Registered nosave memory: [mem 0x0009f000-0x0009ffff]
[    0.038824] PM: hibernation: Registered nosave memory: [mem 0x000a0000-0x000dbfff]
[    0.038828] PM: hibernation: Registered nosave memory: [mem 0x000dc000-0x000fffff]
[    0.038837] [mem 0xc0000000-0xefffffff] available for PCI devices
[    0.038845] clocksource: refined-jiffies: mask: 0xffffffff max_cycles: 0xffffffff, max_idle_ns: 7645519600211568 ns
[    0.038860] setup_percpu: NR_CPUS:8 nr_cpumask_bits:8 nr_cpu_ids:2 nr_node_ids:1
[    0.039141] percpu: Embedded 39 pages/cpu s127980 r0 d31764 u159744
[    0.039155] pcpu-alloc: s127980 r0 d31764 u159744 alloc=39*4096
[    0.039159] pcpu-alloc: [0] 0 [0] 1 
[    0.039192] Built 1 zonelists, mobility grouping on.  Total pages: 782210
[    0.039201] Kernel command line: BOOT_IMAGE=(hd0,2)/fast/l/k/o/32/arch/x86/boot/bzImage root=/dev/sda4 resume=/dev/sda1
[    0.039633] Dentry cache hash table entries: 131072 (order: 7, 524288 bytes, linear)
[    0.039749] Inode-cache hash table entries: 65536 (order: 6, 262144 bytes, linear)
[    0.039791] mem auto-init: stack:off, heap alloc:off, heap free:off
[    0.039800] Initializing HighMem for node 0 (000375fe:000bf6d0)
[    0.431880] Initializing Movable for node 0 (00000000:00000000)
[    0.518327] Memory: 3086752K/3135928K available (13324K kernel code, 691K rwdata, 5356K rodata, 664K init, 3048K bss, 49176K reserved, 0K cma-reserved, 2229064K highmem)
[    0.518333] Checking if this processor honours the WP bit even in supervisor mode...Ok.
[    0.518405] random: get_random_u32 called from cache_grow_begin.constprop.76+0x2a4/0x5b0 with crng_init=0
[    0.519708] Kernel/User page tables isolation: enabled
[    0.520021] rcu: Preemptible hierarchical RCU implementation.
[    0.520026] rcu: 	RCU restricting CPUs from NR_CPUS=8 to nr_cpu_ids=2.
[    0.520031] 	Trampoline variant of Tasks RCU enabled.
[    0.520036] rcu: RCU calculated value of scheduler-enlistment delay is 25 jiffies.
[    0.520040] rcu: Adjusting geometry for rcu_fanout_leaf=16, nr_cpu_ids=2
[    0.520087] NR_IRQS: 2304, nr_irqs: 56, preallocated irqs: 16
[    0.523073] Console: colour VGA+ 80x25
[    0.531588] printk: console [tty0] enabled
[    0.531664] Lock dependency validator: Copyright (c) 2006 Red Hat, Inc., Ingo Molnar
[    0.531761] ... MAX_LOCKDEP_SUBCLASSES:  8
[    0.531836] ... MAX_LOCK_DEPTH:          48
[    0.531912] ... MAX_LOCKDEP_KEYS:        8192
[    0.531990] ... CLASSHASH_SIZE:          4096
[    0.532067] ... MAX_LOCKDEP_ENTRIES:     32768
[    0.532145] ... MAX_LOCKDEP_CHAINS:      65536
[    0.532223] ... CHAINHASH_SIZE:          32768
[    0.532301]  memory used by lock dependency info: 1829 kB
[    0.532385]  per task-struct memory footprint: 1344 bytes
[    0.532479] ACPI: Core revision 20200528
[    0.532961] clocksource: hpet: mask: 0xffffffff max_cycles: 0xffffffff, max_idle_ns: 133484882848 ns
[    0.533110] APIC: Switch to symmetric I/O mode setup
[    0.533191] Enabling APIC mode:  Flat.  Using 1 I/O APICs
[    0.533836] ..TIMER: vector=0x30 apic1=0 pin1=2 apic2=-1 pin2=-1
[    0.553109] clocksource: tsc-early: mask: 0xffffffffffffffff max_cycles: 0x1a5c8e18f28, max_idle_ns: 440795263410 ns
[    0.553246] Calibrating delay loop (skipped), value calculated using timer frequency.. 3657.66 BogoMIPS (lpj=7315328)
[    0.553380] pid_max: default: 32768 minimum: 301
[    0.553726] Mount-cache hash table entries: 2048 (order: 1, 8192 bytes, linear)
[    0.553832] Mountpoint-cache hash table entries: 2048 (order: 1, 8192 bytes, linear)
[    0.554790] Disabled fast string operations
[    0.554884] process: using mwait in idle threads
[    0.554975] Last level iTLB entries: 4KB 128, 2MB 0, 4MB 2
[    0.555063] Last level dTLB entries: 4KB 128, 2MB 0, 4MB 8, 1GB 0
[    0.555156] Spectre V1 : Mitigation: usercopy/swapgs barriers and __user pointer sanitization
[    0.555277] Spectre V2 : Mitigation: Full generic retpoline
[    0.555364] Spectre V2 : Spectre v2 / SpectreRSB mitigation: Filling RSB on context switch
[    0.555469] L1TF: System has more than MAX_PA/2 memory. L1TF mitigation not effective.
[    0.555570] L1TF: You may make it effective by booting the kernel with mem=2147483648 parameter.
[    0.555689] L1TF: However, doing so will make a part of your RAM unusable.
[    0.555785] L1TF: Reading https://www.kernel.org/doc/html/latest/admin-guide/hw-vuln/l1tf.html might help you decide.
[    0.555916] MDS: Vulnerable: Clear CPU buffers attempted, no microcode
[    0.556212] Freeing SMP alternatives memory: 48K
[    0.666289] smpboot: CPU0: Genuine Intel(R) CPU           T2400  @ 1.83GHz (family: 0x6, model: 0xe, stepping: 0x8)
[    0.667020] Performance Events: Core events, core PMU driver.
[    0.667120] ... version:                1
[    0.667198] ... bit width:              40
[    0.667277] ... generic registers:      2
[    0.667355] ... value mask:             000000ffffffffff
[    0.667441] ... max period:             000000007fffffff
[    0.667527] ... fixed-purpose events:   0
[    0.667604] ... event mask:             0000000000000003
[    0.667859] rcu: Hierarchical SRCU implementation.
[    0.669272] NMI watchdog: Enabled. Permanently consumes one hw-PMU counter.
[    0.669588] smp: Bringing up secondary CPUs ...
[    0.670712] x86: Booting SMP configuration:
[    0.670800] .... node  #0, CPUs:      #1
[    0.016812] Disabled fast string operations
[    0.673244] TSC synchronization [CPU#0 -> CPU#1]:
[    0.673244] Measured 579788 cycles TSC warp between CPUs, turning off TSC clock.
[    0.673244] tsc: Marking TSC unstable due to check_tsc_sync_source failed
[    0.673449] smp: Brought up 1 node, 2 CPUs
[    0.673449] smpboot: Max logical packages: 1
[    0.673449] smpboot: Total of 2 processors activated (7315.32 BogoMIPS)
[    0.675145] devtmpfs: initialized
[    0.675145] PM: Registering ACPI NVS region [mem 0xbf6df000-0xbf6fffff] (135168 bytes)
[    0.677690] clocksource: jiffies: mask: 0xffffffff max_cycles: 0xffffffff, max_idle_ns: 7645041785100000 ns
[    0.677690] futex hash table entries: 512 (order: 3, 32768 bytes, linear)
[    0.677766] thermal_sys: Registered thermal governor 'step_wise'
[    0.678241] NET: Registered protocol family 16
[    0.679957] cpuidle: using governor ladder
[    0.680099] cpuidle: using governor menu
[    0.681380] Simple Boot Flag at 0x35 set to 0x1
[    0.681515] ACPI FADT declares the system doesn't support PCIe ASPM, so disable it
[    0.681615] ACPI: bus type PCI registered
[    0.681966] PCI: MMCONFIG for domain 0000 [bus 00-3f] at [mem 0xf0000000-0xf3ffffff] (base 0xf0000000)
[    0.682094] PCI: MMCONFIG at [mem 0xf0000000-0xf3ffffff] reserved in E820
[    0.682964] PCI: Using MMCONFIG for extended config space
[    0.683050] PCI: Using configuration type 1 for base access
[    0.683579] mtrr: your CPUs had inconsistent variable MTRR settings
[    0.683671] mtrr: probably your BIOS does not setup all CPUs.
[    0.683759] mtrr: corrected configuration.
[    0.753582] ACPI: Added _OSI(Module Device)
[    0.753670] ACPI: Added _OSI(Processor Device)
[    0.753751] ACPI: Added _OSI(3.0 _SCP Extensions)
[    0.753835] ACPI: Added _OSI(Processor Aggregator Device)
[    0.753923] ACPI: Added _OSI(Linux-Dell-Video)
[    0.754006] ACPI: Added _OSI(Linux-Lenovo-NV-HDMI-Audio)
[    0.754094] ACPI: Added _OSI(Linux-HPI-Hybrid-Graphics)
[    0.823934] ACPI: 6 ACPI AML tables successfully acquired and loaded
[    0.828374] ACPI: EC: EC started
[    0.828451] ACPI: EC: interrupt blocked
[    0.833734] ACPI: EC: EC_CMD/EC_SC=0x66, EC_DATA=0x62
[    0.833820] ACPI: EC: Boot ECDT EC used to handle transactions
[    0.853026] ACPI: Dynamic OEM Table Load:
[    0.853123] ACPI: SSDT 0x00000000F5B0C800 000240 (v01 PmRef  Cpu0Ist  00000100 INTL 20050513)
[    0.857417] ACPI: Dynamic OEM Table Load:
[    0.857512] ACPI: SSDT 0x00000000F59DE800 00065A (v01 PmRef  Cpu0Cst  00000100 INTL 20050513)
[    0.864371] ACPI: Dynamic OEM Table Load:
[    0.864466] ACPI: SSDT 0x00000000F5B34300 0000C8 (v01 PmRef  Cpu1Ist  00000100 INTL 20050513)
[    0.868065] ACPI: Dynamic OEM Table Load:
[    0.868158] ACPI: SSDT 0x00000000F5AD9D80 000085 (v01 PmRef  Cpu1Cst  00000100 INTL 20050513)
[    0.872339] ACPI: Interpreter enabled
[    0.872493] ACPI: (supports S0 S3 S4 S5)
[    0.872579] ACPI: Using IOAPIC for interrupt routing
[    0.872795] PCI: Using host bridge windows from ACPI; if necessary, use "pci=nocrs" and report a bug
[    0.873956] ACPI: Enabled 4 GPEs in block 00 to 1F
[    0.899438] ACPI: Power Resource [PUBS] (on)
[    0.900738] acpi PNP0C0A:01: ACPI dock station (docks/bays count: 1)
[    0.909447] acpi LNXIOBAY:00: ACPI dock station (docks/bays count: 2)
[    0.925893] acpi IBM0079:00: ACPI dock station (docks/bays count: 3)
[    0.928534] ACPI: PCI Interrupt Link [LNKA] (IRQs 3 4 5 6 7 9 10 *11)
[    0.929466] ACPI: PCI Interrupt Link [LNKB] (IRQs 3 4 5 6 7 9 10 *11)
[    0.930380] ACPI: PCI Interrupt Link [LNKC] (IRQs 3 4 5 6 7 9 10 *11)
[    0.931293] ACPI: PCI Interrupt Link [LNKD] (IRQs 3 4 5 6 7 9 10 *11)
[    0.932206] ACPI: PCI Interrupt Link [LNKE] (IRQs 3 4 5 6 7 9 10 *11)
[    0.933117] ACPI: PCI Interrupt Link [LNKF] (IRQs 3 4 5 6 7 9 10 *11)
[    0.934054] ACPI: PCI Interrupt Link [LNKG] (IRQs 3 4 5 6 7 9 10 *11)
[    0.934969] ACPI: PCI Interrupt Link [LNKH] (IRQs 3 4 5 6 7 9 10 *11)
[    0.935600] ACPI: PCI Root Bridge [PCI0] (domain 0000 [bus 00-ff])
[    0.935706] acpi PNP0A08:00: _OSC: OS supports [ExtendedConfig ASPM ClockPM Segments HPX-Type3]
[    0.936887] acpi PNP0A08:00: _OSC: not requesting OS control; OS requires [ExtendedConfig ASPM ClockPM MSI]
[    0.937032] acpi PNP0A08:00: [Firmware Info]: MMCONFIG for domain 0000 [bus 00-3f] only partially covers this bridge
[    0.937468] PCI host bridge to bus 0000:00
[    0.937553] pci_bus 0000:00: root bus resource [io  0x0000-0x0cf7 window]
[    0.937653] pci_bus 0000:00: root bus resource [io  0x0d00-0xffff window]
[    0.937753] pci_bus 0000:00: root bus resource [mem 0x000a0000-0x000bffff window]
[    0.937857] pci_bus 0000:00: root bus resource [mem 0x000d0000-0x000d3fff window]
[    0.937961] pci_bus 0000:00: root bus resource [mem 0x000d4000-0x000d7fff window]
[    0.938065] pci_bus 0000:00: root bus resource [mem 0x000d8000-0x000dbfff window]
[    0.938170] pci_bus 0000:00: root bus resource [mem 0xc0000000-0xfebfffff window]
[    0.938274] pci_bus 0000:00: root bus resource [mem 0xfed40000-0xfed40fff window]
[    0.938379] pci_bus 0000:00: root bus resource [bus 00-ff]
[    0.938516] pci 0000:00:00.0: [8086:27a0] type 00 class 0x060000
[    0.939131] pci 0000:00:02.0: [8086:27a2] type 00 class 0x030000
[    0.939244] pci 0000:00:02.0: reg 0x10: [mem 0xee100000-0xee17ffff]
[    0.939347] pci 0000:00:02.0: reg 0x14: [io  0x1800-0x1807]
[    0.939446] pci 0000:00:02.0: reg 0x18: [mem 0xd0000000-0xdfffffff pref]
[    0.939551] pci 0000:00:02.0: reg 0x1c: [mem 0xee200000-0xee23ffff]
[    0.940293] pci 0000:00:02.1: [8086:27a6] type 00 class 0x038000
[    0.940404] pci 0000:00:02.1: reg 0x10: [mem 0xee180000-0xee1fffff]
[    0.941049] pci 0000:00:1b.0: [8086:27d8] type 00 class 0x040300
[    0.941183] pci 0000:00:1b.0: reg 0x10: [mem 0xee240000-0xee243fff 64bit]
[    0.941417] pci 0000:00:1b.0: PME# supported from D0 D3hot D3cold
[    0.942172] pci 0000:00:1c.0: [8086:27d0] type 01 class 0x060400
[    0.942457] pci 0000:00:1c.0: PME# supported from D0 D3hot D3cold
[    0.943219] pci 0000:00:1c.1: [8086:27d2] type 01 class 0x060400
[    0.943503] pci 0000:00:1c.1: PME# supported from D0 D3hot D3cold
[    0.944250] pci 0000:00:1c.2: [8086:27d4] type 01 class 0x060400
[    0.944533] pci 0000:00:1c.2: PME# supported from D0 D3hot D3cold
[    0.945335] pci 0000:00:1c.3: [8086:27d6] type 01 class 0x060400
[    0.945618] pci 0000:00:1c.3: PME# supported from D0 D3hot D3cold
[    0.946378] pci 0000:00:1d.0: [8086:27c8] type 00 class 0x0c0300
[    0.946546] pci 0000:00:1d.0: reg 0x20: [io  0x1820-0x183f]
[    0.947290] pci 0000:00:1d.1: [8086:27c9] type 00 class 0x0c0300
[    0.947457] pci 0000:00:1d.1: reg 0x20: [io  0x1840-0x185f]
[    0.948189] pci 0000:00:1d.2: [8086:27ca] type 00 class 0x0c0300
[    0.948356] pci 0000:00:1d.2: reg 0x20: [io  0x1860-0x187f]
[    0.949098] pci 0000:00:1d.3: [8086:27cb] type 00 class 0x0c0300
[    0.949275] pci 0000:00:1d.3: reg 0x20: [io  0x1880-0x189f]
[    0.950004] pci 0000:00:1d.7: [8086:27cc] type 00 class 0x0c0320
[    0.950130] pci 0000:00:1d.7: reg 0x10: [mem 0xee444000-0xee4443ff]
[    0.950362] pci 0000:00:1d.7: PME# supported from D0 D3hot D3cold
[    0.951087] pci 0000:00:1e.0: [8086:2448] type 01 class 0x060401
[    0.951915] pci 0000:00:1f.0: [8086:27b9] type 00 class 0x060100
[    0.952163] pci 0000:00:1f.0: quirk: [io  0x1000-0x107f] claimed by ICH6 ACPI/GPIO/TCO
[    0.952274] pci 0000:00:1f.0: quirk: [io  0x1180-0x11bf] claimed by ICH6 GPIO
[    0.952379] pci 0000:00:1f.0: ICH7 LPC Generic IO decode 1 PIO at 1600 (mask 007f)
[    0.952485] pci 0000:00:1f.0: ICH7 LPC Generic IO decode 2 PIO at 15e0 (mask 000f)
[    0.952592] pci 0000:00:1f.0: ICH7 LPC Generic IO decode 3 PIO at 1680 (mask 001f)
[    0.953334] pci 0000:00:1f.1: [8086:27df] type 00 class 0x01018a
[    0.953455] pci 0000:00:1f.1: reg 0x10: [io  0x0000-0x0007]
[    0.953558] pci 0000:00:1f.1: reg 0x14: [io  0x0000-0x0003]
[    0.953661] pci 0000:00:1f.1: reg 0x18: [io  0x0000-0x0007]
[    0.953765] pci 0000:00:1f.1: reg 0x1c: [io  0x0000-0x0003]
[    0.953868] pci 0000:00:1f.1: reg 0x20: [io  0x1810-0x181f]
[    0.953988] pci 0000:00:1f.1: legacy IDE quirk: reg 0x10: [io  0x01f0-0x01f7]
[    0.954089] pci 0000:00:1f.1: legacy IDE quirk: reg 0x14: [io  0x03f6]
[    0.954187] pci 0000:00:1f.1: legacy IDE quirk: reg 0x18: [io  0x0170-0x0177]
[    0.954288] pci 0000:00:1f.1: legacy IDE quirk: reg 0x1c: [io  0x0376]
[    0.954989] pci 0000:00:1f.2: [8086:27c5] type 00 class 0x010601
[    0.955116] pci 0000:00:1f.2: reg 0x10: [io  0x18d0-0x18d7]
[    0.955219] pci 0000:00:1f.2: reg 0x14: [io  0x18c4-0x18c7]
[    0.955322] pci 0000:00:1f.2: reg 0x18: [io  0x18c8-0x18cf]
[    0.955425] pci 0000:00:1f.2: reg 0x1c: [io  0x18c0-0x18c3]
[    0.955528] pci 0000:00:1f.2: reg 0x20: [io  0x18b0-0x18bf]
[    0.955632] pci 0000:00:1f.2: reg 0x24: [mem 0xee444400-0xee4447ff]
[    0.955809] pci 0000:00:1f.2: PME# supported from D3hot
[    0.956520] pci 0000:00:1f.3: [8086:27da] type 00 class 0x0c0500
[    0.956706] pci 0000:00:1f.3: reg 0x20: [io  0x18e0-0x18ff]
[    0.957694] pci 0000:02:00.0: [8086:109a] type 00 class 0x020000
[    0.957911] pci 0000:02:00.0: reg 0x10: [mem 0xee000000-0xee01ffff]
[    0.958112] pci 0000:02:00.0: reg 0x18: [io  0x2000-0x201f]
[    0.958519] pci 0000:02:00.0: PME# supported from D0 D3hot D3cold
[    0.959052] pci 0000:02:00.0: disabling ASPM on pre-1.1 PCIe device.  You can enable it with 'pcie_aspm=force'
[    0.959299] pci 0000:00:1c.0: PCI bridge to [bus 02]
[    0.959391] pci 0000:00:1c.0:   bridge window [io  0x2000-0x2fff]
[    0.959490] pci 0000:00:1c.0:   bridge window [mem 0xee000000-0xee0fffff]
[    0.959869] pci 0000:03:00.0: [8086:4227] type 00 class 0x028000
[    0.960108] pci 0000:03:00.0: reg 0x10: [mem 0xedf00000-0xedf00fff]
[    0.960757] pci 0000:03:00.0: PME# supported from D0 D3hot D3cold
[    0.961304] pci 0000:03:00.0: disabling ASPM on pre-1.1 PCIe device.  You can enable it with 'pcie_aspm=force'
[    0.961531] pci 0000:00:1c.1: PCI bridge to [bus 03]
[    0.961622] pci 0000:00:1c.1:   bridge window [io  0x3000-0x4fff]
[    0.961721] pci 0000:00:1c.1:   bridge window [mem 0xec000000-0xedffffff]
[    0.961827] pci 0000:00:1c.1:   bridge window [mem 0xe4000000-0xe40fffff 64bit pref]
[    0.962096] pci 0000:00:1c.2: PCI bridge to [bus 04-0b]
[    0.962189] pci 0000:00:1c.2:   bridge window [io  0x5000-0x6fff]
[    0.962287] pci 0000:00:1c.2:   bridge window [mem 0xe8000000-0xe9ffffff]
[    0.962393] pci 0000:00:1c.2:   bridge window [mem 0xe4100000-0xe41fffff 64bit pref]
[    0.962672] pci 0000:00:1c.3: PCI bridge to [bus 0c-13]
[    0.962766] pci 0000:00:1c.3:   bridge window [io  0x7000-0x8fff]
[    0.962864] pci 0000:00:1c.3:   bridge window [mem 0xea000000-0xebffffff]
[    0.962970] pci 0000:00:1c.3:   bridge window [mem 0xe4200000-0xe42fffff 64bit pref]
[    0.963110] pci_bus 0000:15: extended config space not accessible
[    0.963336] pci 0000:15:00.0: [1180:0476] type 02 class 0x060700
[    0.963458] pci 0000:15:00.0: reg 0x10: [mem 0xe4300000-0xe4300fff]
[    0.963625] pci 0000:15:00.0: supports D1 D2
[    0.963709] pci 0000:15:00.0: PME# supported from D0 D1 D2 D3hot D3cold
[    0.964256] pci 0000:15:00.1: [1180:0552] type 00 class 0x0c0010
[    0.964376] pci 0000:15:00.1: reg 0x10: [mem 0xe4301000-0xe43017ff]
[    0.964615] pci 0000:15:00.1: PME# supported from D0 D3hot D3cold
[    0.964983] pci 0000:15:00.2: [1180:0822] type 00 class 0x080500
[    0.965104] pci 0000:15:00.2: reg 0x10: [mem 0xe4301800-0xe43018ff]
[    0.965380] pci 0000:15:00.2: supports D1 D2
[    0.965464] pci 0000:15:00.2: PME# supported from D0 D1 D2 D3hot D3cold
[    0.965897] pci 0000:00:1e.0: PCI bridge to [bus 15-18] (subtractive decode)
[    0.966002] pci 0000:00:1e.0:   bridge window [io  0x9000-0xcfff]
[    0.966101] pci 0000:00:1e.0:   bridge window [mem 0xe4300000-0xe7ffffff]
[    0.966206] pci 0000:00:1e.0:   bridge window [mem 0xe0000000-0xe3ffffff 64bit pref]
[    0.966313] pci 0000:00:1e.0:   bridge window [io  0x0000-0x0cf7 window] (subtractive decode)
[    0.966437] pci 0000:00:1e.0:   bridge window [io  0x0d00-0xffff window] (subtractive decode)
[    0.966562] pci 0000:00:1e.0:   bridge window [mem 0x000a0000-0x000bffff window] (subtractive decode)
[    0.966690] pci 0000:00:1e.0:   bridge window [mem 0x000d0000-0x000d3fff window] (subtractive decode)
[    0.966819] pci 0000:00:1e.0:   bridge window [mem 0x000d4000-0x000d7fff window] (subtractive decode)
[    0.966948] pci 0000:00:1e.0:   bridge window [mem 0x000d8000-0x000dbfff window] (subtractive decode)
[    0.967077] pci 0000:00:1e.0:   bridge window [mem 0xc0000000-0xfebfffff window] (subtractive decode)
[    0.967207] pci 0000:00:1e.0:   bridge window [mem 0xfed40000-0xfed40fff window] (subtractive decode)
[    0.967375] pci_bus 0000:16: extended config space not accessible
[    0.968372] pci_bus 0000:16: busn_res: [bus 16-18] end is updated to 17
[    0.968521] pci_bus 0000:00: on NUMA node 0
[    0.975832] ACPI: EC: interrupt unblocked
[    0.975919] ACPI: EC: event unblocked
[    0.976008] ACPI: EC: EC_CMD/EC_SC=0x66, EC_DATA=0x62
[    0.976095] ACPI: EC: GPE=0x1c
[    0.976172] ACPI: \_SB_.PCI0.LPC_.EC__: Boot ECDT EC initialization complete
[    0.976275] ACPI: \_SB_.PCI0.LPC_.EC__: EC: Used to handle transactions and events
[    0.977209] pci 0000:00:02.0: vgaarb: setting as boot VGA device
[    0.977244] pci 0000:00:02.0: vgaarb: VGA device added: decodes=io+mem,owns=io+mem,locks=none
[    0.977285] pci 0000:00:02.0: vgaarb: bridge control possible
[    0.977374] vgaarb: loaded
[    0.978205] SCSI subsystem initialized
[    0.978724] libata version 3.00 loaded.
[    0.979304] ACPI: bus type USB registered
[    0.979605] usbcore: registered new interface driver usbfs
[    0.979774] usbcore: registered new interface driver hub
[    0.980038] usbcore: registered new device driver usb
[    0.980463] mc: Linux media interface: v0.10
[    0.980600] videodev: Linux video capture interface: v2.00
[    0.980765] pps_core: LinuxPPS API ver. 1 registered
[    0.980849] pps_core: Software ver. 5.3.6 - Copyright 2005-2007 Rodolfo Giometti <giometti@linux.it>
[    0.981006] PTP clock support registered
[    0.981638] EDAC MC: Ver: 3.0.0
[    0.982853] Advanced Linux Sound Architecture Driver Initialized.
[    0.983988] Bluetooth: Core ver 2.22
[    0.984129] NET: Registered protocol family 31
[    0.984210] Bluetooth: HCI device and connection manager initialized
[    0.984314] Bluetooth: HCI socket layer initialized
[    0.984401] Bluetooth: L2CAP socket layer initialized
[    0.984513] Bluetooth: SCO socket layer initialized
[    0.984919] PCI: Using ACPI for IRQ routing
[    0.987958] PCI: pci_cache_line_size set to 64 bytes
[    0.988087] e820: reserve RAM buffer [mem 0x0009f000-0x0009ffff]
[    0.988094] e820: reserve RAM buffer [mem 0xbf6d0000-0xbfffffff]
[    0.988326] clocksource: Switched to clocksource hpet
[    0.989244] pnp: PnP ACPI init
[    0.989536] system 00:00: [mem 0x00000000-0x0009ffff] could not be reserved
[    0.989644] system 00:00: [mem 0x000c0000-0x000c3fff] could not be reserved
[    0.989748] system 00:00: [mem 0x000c4000-0x000c7fff] could not be reserved
[    0.989851] system 00:00: [mem 0x000c8000-0x000cbfff] has been reserved
[    0.989951] system 00:00: [mem 0x000cc000-0x000cffff] has been reserved
[    0.990054] system 00:00: [mem 0x000dc000-0x000dffff] could not be reserved
[    0.990158] system 00:00: [mem 0x000e0000-0x000e3fff] could not be reserved
[    0.990262] system 00:00: [mem 0x000e4000-0x000e7fff] could not be reserved
[    0.990367] system 00:00: [mem 0x000e8000-0x000ebfff] could not be reserved
[    0.990471] system 00:00: [mem 0x000ec000-0x000effff] could not be reserved
[    0.990575] system 00:00: [mem 0x000f0000-0x000fffff] could not be reserved
[    0.990679] system 00:00: [mem 0x00100000-0xbfffffff] could not be reserved
[    0.990784] system 00:00: [mem 0xfec00000-0xfed3ffff] could not be reserved
[    0.990888] system 00:00: [mem 0xfed41000-0xffffffff] could not be reserved
[    0.991038] system 00:00: Plug and Play ACPI device, IDs PNP0c01 (active)
[    0.991586] system 00:01: [io  0x164e-0x164f] has been reserved
[    0.991686] system 00:01: [io  0x1000-0x107f] has been reserved
[    0.991783] system 00:01: [io  0x1180-0x11bf] has been reserved
[    0.991879] system 00:01: [io  0x0800-0x080f] has been reserved
[    0.991976] system 00:01: [io  0x15e0-0x15ef] has been reserved
[    0.992074] system 00:01: [io  0x1600-0x165f] could not be reserved
[    0.992173] system 00:01: [mem 0xf0000000-0xf3ffffff] has been reserved
[    0.992273] system 00:01: [mem 0xfed1c000-0xfed1ffff] has been reserved
[    0.992383] system 00:01: [mem 0xfed14000-0xfed17fff] has been reserved
[    0.992484] system 00:01: [mem 0xfed18000-0xfed18fff] has been reserved
[    0.992585] system 00:01: [mem 0xfed19000-0xfed19fff] has been reserved
[    0.992723] system 00:01: Plug and Play ACPI device, IDs PNP0c02 (active)
[    0.993066] pnp 00:02: Plug and Play ACPI device, IDs PNP0b00 (active)
[    0.993220] pnp 00:03: Plug and Play ACPI device, IDs PNP0303 (active)
[    0.993542] pnp 00:04: Plug and Play ACPI device, IDs IBM3780 PNP0f13 (active)
[    0.994328] pnp 00:05: [dma 3]
[    0.994556] pnp 00:05: Plug and Play ACPI device, IDs IBM0071 PNP0511 (active)
[    0.994812] pnp 00:06: Plug and Play ACPI device, IDs ATM1200 PNP0c31 (active)
[    0.997237] pnp: PnP ACPI: found 7 devices
[    1.044824] clocksource: acpi_pm: mask: 0xffffff max_cycles: 0xffffff, max_idle_ns: 2085701024 ns
[    1.045111] NET: Registered protocol family 2
[    1.045771] tcp_listen_portaddr_hash hash table entries: 512 (order: 2, 22528 bytes, linear)
[    1.045938] TCP established hash table entries: 8192 (order: 3, 32768 bytes, linear)
[    1.046106] TCP bind hash table entries: 8192 (order: 6, 327680 bytes, linear)
[    1.046712] TCP: Hash tables configured (established 8192 bind 8192)
[    1.047138] UDP hash table entries: 512 (order: 3, 49152 bytes, linear)
[    1.047312] UDP-Lite hash table entries: 512 (order: 3, 49152 bytes, linear)
[    1.047621] NET: Registered protocol family 1
[    1.048385] RPC: Registered named UNIX socket transport module.
[    1.048480] RPC: Registered udp transport module.
[    1.048565] RPC: Registered tcp transport module.
[    1.048650] RPC: Registered tcp NFSv4.1 backchannel transport module.
[    1.049335] pci 0000:00:1c.0: bridge window [mem 0x00100000-0x000fffff 64bit pref] to [bus 02] add_size 200000 add_align 100000
[    1.049514] pci 0000:00:1c.0: BAR 9: assigned [mem 0xc0000000-0xc01fffff 64bit pref]
[    1.049620] pci 0000:00:1c.0: PCI bridge to [bus 02]
[    1.049707] pci 0000:00:1c.0:   bridge window [io  0x2000-0x2fff]
[    1.049804] pci 0000:00:1c.0:   bridge window [mem 0xee000000-0xee0fffff]
[    1.049903] pci 0000:00:1c.0:   bridge window [mem 0xc0000000-0xc01fffff 64bit pref]
[    1.050011] pci 0000:00:1c.1: PCI bridge to [bus 03]
[    1.050097] pci 0000:00:1c.1:   bridge window [io  0x3000-0x4fff]
[    1.050194] pci 0000:00:1c.1:   bridge window [mem 0xec000000-0xedffffff]
[    1.050294] pci 0000:00:1c.1:   bridge window [mem 0xe4000000-0xe40fffff 64bit pref]
[    1.050401] pci 0000:00:1c.2: PCI bridge to [bus 04-0b]
[    1.050490] pci 0000:00:1c.2:   bridge window [io  0x5000-0x6fff]
[    1.050586] pci 0000:00:1c.2:   bridge window [mem 0xe8000000-0xe9ffffff]
[    1.050685] pci 0000:00:1c.2:   bridge window [mem 0xe4100000-0xe41fffff 64bit pref]
[    1.050792] pci 0000:00:1c.3: PCI bridge to [bus 0c-13]
[    1.050880] pci 0000:00:1c.3:   bridge window [io  0x7000-0x8fff]
[    1.050976] pci 0000:00:1c.3:   bridge window [mem 0xea000000-0xebffffff]
[    1.051075] pci 0000:00:1c.3:   bridge window [mem 0xe4200000-0xe42fffff 64bit pref]
[    1.051194] pci 0000:15:00.0: BAR 9: assigned [mem 0xe0000000-0xe3ffffff pref]
[    1.051297] pci 0000:15:00.0: BAR 10: assigned [mem 0xc4000000-0xc7ffffff]
[    1.051394] pci 0000:15:00.0: BAR 7: assigned [io  0x9000-0x90ff]
[    1.051487] pci 0000:15:00.0: BAR 8: assigned [io  0x9400-0x94ff]
[    1.051588] pci 0000:15:00.0: CardBus bridge to [bus 16-17]
[    1.051676] pci 0000:15:00.0:   bridge window [io  0x9000-0x90ff]
[    1.051771] pci 0000:15:00.0:   bridge window [io  0x9400-0x94ff]
[    1.051866] pci 0000:15:00.0:   bridge window [mem 0xe0000000-0xe3ffffff pref]
[    1.051967] pci 0000:15:00.0:   bridge window [mem 0xc4000000-0xc7ffffff]
[    1.052067] pci 0000:00:1e.0: PCI bridge to [bus 15-18]
[    1.052155] pci 0000:00:1e.0:   bridge window [io  0x9000-0xcfff]
[    1.052251] pci 0000:00:1e.0:   bridge window [mem 0xe4300000-0xe7ffffff]
[    1.052350] pci 0000:00:1e.0:   bridge window [mem 0xe0000000-0xe3ffffff 64bit pref]
[    1.052459] pci_bus 0000:00: resource 4 [io  0x0000-0x0cf7 window]
[    1.052552] pci_bus 0000:00: resource 5 [io  0x0d00-0xffff window]
[    1.052644] pci_bus 0000:00: resource 6 [mem 0x000a0000-0x000bffff window]
[    1.052740] pci_bus 0000:00: resource 7 [mem 0x000d0000-0x000d3fff window]
[    1.052836] pci_bus 0000:00: resource 8 [mem 0x000d4000-0x000d7fff window]
[    1.052932] pci_bus 0000:00: resource 9 [mem 0x000d8000-0x000dbfff window]
[    1.053029] pci_bus 0000:00: resource 10 [mem 0xc0000000-0xfebfffff window]
[    1.053126] pci_bus 0000:00: resource 11 [mem 0xfed40000-0xfed40fff window]
[    1.053224] pci_bus 0000:02: resource 0 [io  0x2000-0x2fff]
[    1.053355] pci_bus 0000:02: resource 1 [mem 0xee000000-0xee0fffff]
[    1.053449] pci_bus 0000:02: resource 2 [mem 0xc0000000-0xc01fffff 64bit pref]
[    1.053547] pci_bus 0000:03: resource 0 [io  0x3000-0x4fff]
[    1.053636] pci_bus 0000:03: resource 1 [mem 0xec000000-0xedffffff]
[    1.053728] pci_bus 0000:03: resource 2 [mem 0xe4000000-0xe40fffff 64bit pref]
[    1.053827] pci_bus 0000:04: resource 0 [io  0x5000-0x6fff]
[    1.053915] pci_bus 0000:04: resource 1 [mem 0xe8000000-0xe9ffffff]
[    1.054008] pci_bus 0000:04: resource 2 [mem 0xe4100000-0xe41fffff 64bit pref]
[    1.054106] pci_bus 0000:0c: resource 0 [io  0x7000-0x8fff]
[    1.054194] pci_bus 0000:0c: resource 1 [mem 0xea000000-0xebffffff]
[    1.054287] pci_bus 0000:0c: resource 2 [mem 0xe4200000-0xe42fffff 64bit pref]
[    1.054385] pci_bus 0000:15: resource 0 [io  0x9000-0xcfff]
[    1.054473] pci_bus 0000:15: resource 1 [mem 0xe4300000-0xe7ffffff]
[    1.054566] pci_bus 0000:15: resource 2 [mem 0xe0000000-0xe3ffffff 64bit pref]
[    1.054664] pci_bus 0000:15: resource 4 [io  0x0000-0x0cf7 window]
[    1.054756] pci_bus 0000:15: resource 5 [io  0x0d00-0xffff window]
[    1.054849] pci_bus 0000:15: resource 6 [mem 0x000a0000-0x000bffff window]
[    1.054945] pci_bus 0000:15: resource 7 [mem 0x000d0000-0x000d3fff window]
[    1.055042] pci_bus 0000:15: resource 8 [mem 0x000d4000-0x000d7fff window]
[    1.055138] pci_bus 0000:15: resource 9 [mem 0x000d8000-0x000dbfff window]
[    1.055235] pci_bus 0000:15: resource 10 [mem 0xc0000000-0xfebfffff window]
[    1.055331] pci_bus 0000:15: resource 11 [mem 0xfed40000-0xfed40fff window]
[    1.055428] pci_bus 0000:16: resource 0 [io  0x9000-0x90ff]
[    1.055517] pci_bus 0000:16: resource 1 [io  0x9400-0x94ff]
[    1.055605] pci_bus 0000:16: resource 2 [mem 0xe0000000-0xe3ffffff pref]
[    1.055700] pci_bus 0000:16: resource 3 [mem 0xc4000000-0xc7ffffff]
[    1.056142] pci 0000:00:02.0: Video device with shadowed ROM at [mem 0x000c0000-0x000dffff]
[    1.059747] pci 0000:15:00.0: CLS mismatch (64 != 32), using 64 bytes
[    1.063261] Initialise system trusted keyrings
[    1.063524] workingset: timestamp_bits=30 max_order=20 bucket_order=0
[    1.066128] Installing knfsd (copyright (C) 1996 okir@monad.swb.de).
[    1.066902] ntfs: driver 2.1.32 [Flags: R/W].
[    1.067234] fuse: init (API version 7.31)
[    1.094130] Key type asymmetric registered
[    1.094221] Asymmetric key parser 'x509' registered
[    1.094438] bounce: pool size: 64 pages
[    1.094600] Block layer SCSI generic (bsg) driver version 0.4 loaded (major 249)
[    1.094711] io scheduler mq-deadline registered
[    1.094836] io scheduler bfq registered
[    1.098243] intel_idle: MWAIT substates: 0x22220
[    1.099039] ACPI: \_PR_.CPU0: Found 3 idle states
[    1.099956] ACPI: \_PR_.CPU1: Found 3 idle states
[    1.100041] intel_idle: ACPI _CST not found or not usable
[    1.100561] ACPI: Deprecated procfs I/F for AC is loaded, please retry with CONFIG_ACPI_PROCFS_POWER cleared
[    1.101209] ACPI: AC Adapter [AC] (on-line)
[    1.101724] input: Lid Switch as /devices/LNXSYSTM:00/LNXSYBUS:00/PNP0C0D:00/input/input0
[    1.109688] ACPI: Lid Switch [LID]
[    1.110027] input: Sleep Button as /devices/LNXSYSTM:00/LNXSYBUS:00/PNP0C0E:00/input/input1
[    1.110471] ACPI: Sleep Button [SLPB]
[    1.110838] input: Power Button as /devices/LNXSYSTM:00/LNXPWRBN:00/input/input2
[    1.111261] ACPI: Power Button [PWRF]
[    1.111967] ACPI: Video Device [VID] (multi-head: yes  rom: no  post: no)
[    1.120606] acpi device:01: registered as cooling_device0
[    1.121152] input: Video Bus as /devices/LNXSYSTM:00/LNXSYBUS:00/PNP0A08:00/LNXVIDEO:00/input/input3
[    1.122592] ACPI: \_PR_.CPU0: Found 3 idle states
[    1.132657] ACPI: \_PR_.CPU1: Found 3 idle states
[    1.139135] thermal LNXTHERM:00: registered as thermal_zone0
[    1.139229] ACPI: Thermal Zone [THM0] (48 C)
[    1.143335] thermal LNXTHERM:01: registered as thermal_zone1
[    1.143429] ACPI: Thermal Zone [THM1] (50 C)
[    1.144013] Serial: 8250/16550 driver, 4 ports, IRQ sharing disabled
[    1.144802] serial8250: ttyS1 at I/O 0x2f8 (irq = 3, base_baud = 115200) is a 16550A
[    1.147881] lp: driver loaded but no devices found
[    1.148167] Non-volatile memory driver v1.3
[    1.148724] intel_rng: FWH not detected
[    1.149834] Linux agpgart interface v0.103
[    1.150610] [drm] radeon kernel modesetting enabled.
[    1.152130] pci 0000:00:00.0: Intel 945GM Chipset
[    1.152275] pci 0000:00:00.0: detected gtt size: 262144K total, 262144K mappable
[    1.153079] pci 0000:00:00.0: detected 8192K stolen memory
[    1.153354] i915 0000:00:02.0: vgaarb: deactivate vga console
[    1.154673] Console: switching to colour dummy device 80x25
[    1.156306] [drm] Supports vblank timestamp caching Rev 2 (21.10.2013).
[    1.156368] resource sanity check: requesting [mem 0x000c0000-0x000dffff], which spans more than pnp 00:00 [mem 0x000c8000-0x000cbfff]
[    1.156454] caller pci_map_rom+0x6f/0x174 mapping multiple BARs
[    1.158147] i915 0000:00:02.0: vgaarb: changed VGA decodes: olddecodes=io+mem,decodes=io+mem:owns=io+mem
[    1.180152] battery: ACPI: Deprecated procfs I/F for battery is loaded, please retry with CONFIG_ACPI_PROCFS_POWER cleared
[    1.180258] battery: ACPI: Battery Slot [BAT0] (battery present)
[    1.213313] random: fast init done
[    1.246708] i915 0000:00:02.0: [drm] Initialized overlay support.
[    1.248760] [drm] Initialized i915 1.6.0 20200515 for 0000:00:02.0 on minor 0
[    1.250380] usbcore: registered new interface driver udl
[    1.266394] loop: module loaded
[    1.271894] fbcon: i915drmfb (fb0) is primary device
[    1.335240] ahci 0000:00:1f.2: version 3.0
[    1.335999] ahci 0000:00:1f.2: AHCI 0001.0100 32 slots 4 ports 1.5 Gbps 0x1 impl SATA mode
[    1.336005] ahci 0000:00:1f.2: flags: 64bit ncq pm led clo pio slum part 
[    1.339051] scsi host0: ahci
[    1.339820] scsi host1: ahci
[    1.340468] scsi host2: ahci
[    1.341120] scsi host3: ahci
[    1.341854] ata1: SATA max UDMA/133 abar m1024@0xee444400 port 0xee444500 irq 16
[    1.341857] ata2: DUMMY
[    1.341859] ata3: DUMMY
[    1.341861] ata4: DUMMY
[    1.342064] ata_piix 0000:00:1f.1: version 2.13
[    1.345628] scsi host4: ata_piix
[    1.346875] scsi host5: ata_piix
[    1.347167] ata5: PATA max UDMA/100 cmd 0x1f0 ctl 0x3f6 bmdma 0x1810 irq 14
[    1.347170] ata6: PATA max UDMA/100 cmd 0x170 ctl 0x376 bmdma 0x1818 irq 15
[    1.348742] tun: Universal TUN/TAP device driver, 1.6
[    1.349235] e1000: Intel(R) PRO/1000 Network Driver - version 7.3.21-k8-NAPI
[    1.349237] e1000: Copyright (c) 1999-2006 Intel Corporation.
[    1.349348] e1000e: Intel(R) PRO/1000 Network Driver - 3.2.6-k
[    1.349350] e1000e: Copyright(c) 1999 - 2015 Intel Corporation.
[    1.349832] e1000e 0000:02:00.0: Interrupt Throttling Rate (ints/sec) set to dynamic conservative mode
[    1.350181] ata6: port disabled--ignoring
[    1.474294] e1000e 0000:02:00.0 eth0: (PCI Express:2.5GT/s:Width x1) 00:16:d3:25:19:04
[    1.474328] e1000e 0000:02:00.0 eth0: Intel(R) PRO/1000 Network Connection
[    1.474408] e1000e 0000:02:00.0 eth0: MAC: 2, PHY: 2, PBA No: 005302-003
[    1.474711] PPP generic driver version 2.4.2
[    1.474957] PPP BSD Compression module registered
[    1.474960] PPP Deflate Compression module registered
[    1.474963] SLIP: version 0.8.4-NET3.019-NEWTTY (dynamic channels, max=256).
[    1.474964] CSLIP: code copyright 1989 Regents of the University of California.
[    1.475070] iwl3945: Intel(R) PRO/Wireless 3945ABG/BG Network Connection driver for Linux, in-tree:ds
[    1.475071] iwl3945: Copyright(c) 2003-2011 Intel Corporation
[    1.475073] iwl3945: hw_scan is disabled
[    1.530271] iwl3945 0000:03:00.0: Tunable channels: 11 802.11bg, 13 802.11a channels
[    1.530274] iwl3945 0000:03:00.0: Detected Intel Wireless WiFi Link 3945ABG
[    1.530851] ieee80211 phy0: Selected rate control algorithm 'iwl-3945-rs'
[    1.532460] Intel(R) Wireless WiFi driver for Linux
[    1.532684] usbcore: registered new interface driver ax88179_178a
[    1.532739] usbcore: registered new interface driver cdc_ether
[    1.532787] usbcore: registered new interface driver net1080
[    1.532835] usbcore: registered new interface driver cdc_subset
[    1.532882] usbcore: registered new interface driver zaurus
[    1.532953] usbcore: registered new interface driver cdc_ncm
[    1.533049] pci 0000:00:1e.0: enabling device (0005 -> 0007)
[    1.533329] yenta_cardbus 0000:15:00.0: CardBus bridge found [17aa:201c]
[    1.664932] ata1: SATA link up 1.5 Gbps (SStatus 113 SControl 300)
[    1.715981] ata1.00: ACPI cmd ef/02:00:00:00:00:a0 (SET FEATURES) succeeded
[    1.715985] ata1.00: ACPI cmd f5/00:00:00:00:00:a0 (SECURITY FREEZE LOCK) filtered out
[    1.715989] ata1.00: ACPI cmd ef/10:03:00:00:00:a0 (SET FEATURES) filtered out
[    1.760011] ata1.00: ATA-9: ST1000LM014-1EJ164, SM11, max UDMA/133
[    1.760014] ata1.00: 1953525168 sectors, multi 16: LBA48 NCQ (depth 32), AA
[    1.804678] ata1.00: ACPI cmd ef/02:00:00:00:00:a0 (SET FEATURES) succeeded
[    1.804683] ata1.00: ACPI cmd f5/00:00:00:00:00:a0 (SECURITY FREEZE LOCK) filtered out
[    1.804687] ata1.00: ACPI cmd ef/10:03:00:00:00:a0 (SET FEATURES) filtered out
[    1.848782] ata1.00: configured for UDMA/133
[    1.952884] Console: switching to colour frame buffer device 102x42
[    2.073924] i915 0000:00:02.0: fb0: i915drmfb frame buffer device
[    2.076967] scsi 0:0:0:0: Direct-Access     ATA      ST1000LM014-1EJ1 SM11 PQ: 0 ANSI: 5
[    2.080879] sd 0:0:0:0: [sda] 1953525168 512-byte logical blocks: (1.00 TB/932 GiB)
[    2.081302] sd 0:0:0:0: Attached scsi generic sg0 type 0
[    2.083653] sd 0:0:0:0: [sda] 4096-byte physical blocks
[    2.088958] sd 0:0:0:0: [sda] Write Protect is off
[    2.091561] sd 0:0:0:0: [sda] Mode Sense: 00 3a 00 00
[    2.091634] sd 0:0:0:0: [sda] Write cache: enabled, read cache: enabled, doesn't support DPO or FUA
[    2.096974]  sda: sda1 sda2 sda3 sda4
[    2.102229] sd 0:0:0:0: [sda] Attached SCSI disk
[    2.238363] yenta_cardbus 0000:15:00.0: ISA IRQ mask 0x0cb8, PCI irq 16
[    2.241011] yenta_cardbus 0000:15:00.0: Socket status: 30000006
[    2.243699] yenta_cardbus 0000:15:00.0: pcmcia: parent PCI bridge window: [io  0x9000-0xcfff]
[    2.246412] yenta_cardbus 0000:15:00.0: pcmcia: parent PCI bridge window: [mem 0xe4300000-0xe7ffffff]
[    2.249067] pcmcia_socket pcmcia_socket0: cs: memory probe 0xe4300000-0xe7ffffff:
[    2.251707]  excluding 0xe4300000-0xe46cffff
[    2.254328] yenta_cardbus 0000:15:00.0: pcmcia: parent PCI bridge window: [mem 0xe0000000-0xe3ffffff 64bit pref]
[    2.257060] pcmcia_socket pcmcia_socket0: cs: memory probe 0xe0000000-0xe3ffffff:
[    2.259859]  excluding 0xe0000000-0xe3ffffff
[    2.263702] ehci_hcd: USB 2.0 'Enhanced' Host Controller (EHCI) Driver
[    2.266429] ehci-pci: EHCI PCI platform driver
[    2.269709] ehci-pci 0000:00:1d.7: EHCI Host Controller
[    2.272789] ehci-pci 0000:00:1d.7: new USB bus registered, assigned bus number 1
[    2.275692] ehci-pci 0000:00:1d.7: debug port 1
[    2.282543] ehci-pci 0000:00:1d.7: cache line size of 64 is not supported
[    2.285576] ehci-pci 0000:00:1d.7: irq 19, io mem 0xee444000
[    2.301433] ehci-pci 0000:00:1d.7: USB 2.0 started, EHCI 1.00
[    2.304713] usb usb1: New USB device found, idVendor=1d6b, idProduct=0002, bcdDevice= 5.08
[    2.307739] usb usb1: New USB device strings: Mfr=3, Product=2, SerialNumber=1
[    2.310730] usb usb1: Product: EHCI Host Controller
[    2.313661] usb usb1: Manufacturer: Linux 5.8.0-rc2+ ehci_hcd
[    2.316582] usb usb1: SerialNumber: 0000:00:1d.7
[    2.320381] hub 1-0:1.0: USB hub found
[    2.323307] hub 1-0:1.0: 8 ports detected
[    2.328534] ohci_hcd: USB 1.1 'Open' Host Controller (OHCI) Driver
[    2.331362] ohci-pci: OHCI PCI platform driver
[    2.334196] uhci_hcd: USB Universal Host Controller Interface driver
[    2.337552] uhci_hcd 0000:00:1d.0: UHCI Host Controller
[    2.340632] uhci_hcd 0000:00:1d.0: new USB bus registered, assigned bus number 2
[    2.343445] uhci_hcd 0000:00:1d.0: detected 2 ports
[    2.346195] uhci_hcd 0000:00:1d.0: irq 16, io base 0x00001820
[    2.349163] usb usb2: New USB device found, idVendor=1d6b, idProduct=0001, bcdDevice= 5.08
[    2.351999] usb usb2: New USB device strings: Mfr=3, Product=2, SerialNumber=1
[    2.354835] usb usb2: Product: UHCI Host Controller
[    2.357611] usb usb2: Manufacturer: Linux 5.8.0-rc2+ uhci_hcd
[    2.360304] usb usb2: SerialNumber: 0000:00:1d.0
[    2.363875] hub 2-0:1.0: USB hub found
[    2.366592] hub 2-0:1.0: 2 ports detected
[    2.370495] uhci_hcd 0000:00:1d.1: UHCI Host Controller
[    2.373407] uhci_hcd 0000:00:1d.1: new USB bus registered, assigned bus number 3
[    2.376401] uhci_hcd 0000:00:1d.1: detected 2 ports
[    2.379015] uhci_hcd 0000:00:1d.1: irq 17, io base 0x00001840
[    2.381811] usb usb3: New USB device found, idVendor=1d6b, idProduct=0001, bcdDevice= 5.08
[    2.384375] usb usb3: New USB device strings: Mfr=3, Product=2, SerialNumber=1
[    2.386879] usb usb3: Product: UHCI Host Controller
[    2.389307] usb usb3: Manufacturer: Linux 5.8.0-rc2+ uhci_hcd
[    2.391706] usb usb3: SerialNumber: 0000:00:1d.1
[    2.394869] hub 3-0:1.0: USB hub found
[    2.397289] hub 3-0:1.0: 2 ports detected
[    2.400964] uhci_hcd 0000:00:1d.2: UHCI Host Controller
[    2.403623] uhci_hcd 0000:00:1d.2: new USB bus registered, assigned bus number 4
[    2.406021] uhci_hcd 0000:00:1d.2: detected 2 ports
[    2.408391] uhci_hcd 0000:00:1d.2: irq 18, io base 0x00001860
[    2.411001] usb usb4: New USB device found, idVendor=1d6b, idProduct=0001, bcdDevice= 5.08
[    2.413407] usb usb4: New USB device strings: Mfr=3, Product=2, SerialNumber=1
[    2.415772] usb usb4: Product: UHCI Host Controller
[    2.418116] usb usb4: Manufacturer: Linux 5.8.0-rc2+ uhci_hcd
[    2.420445] usb usb4: SerialNumber: 0000:00:1d.2
[    2.423552] hub 4-0:1.0: USB hub found
[    2.425939] hub 4-0:1.0: 2 ports detected
[    2.429658] uhci_hcd 0000:00:1d.3: UHCI Host Controller
[    2.432230] uhci_hcd 0000:00:1d.3: new USB bus registered, assigned bus number 5
[    2.434609] uhci_hcd 0000:00:1d.3: detected 2 ports
[    2.436956] uhci_hcd 0000:00:1d.3: irq 19, io base 0x00001880
[    2.439499] usb usb5: New USB device found, idVendor=1d6b, idProduct=0001, bcdDevice= 5.08
[    2.441892] usb usb5: New USB device strings: Mfr=3, Product=2, SerialNumber=1
[    2.444242] usb usb5: Product: UHCI Host Controller
[    2.446595] usb usb5: Manufacturer: Linux 5.8.0-rc2+ uhci_hcd
[    2.448899] usb usb5: SerialNumber: 0000:00:1d.3
[    2.451903] hub 5-0:1.0: USB hub found
[    2.454214] hub 5-0:1.0: 2 ports detected
[    2.457525] usbcore: registered new interface driver cdc_acm
[    2.459733] cdc_acm: USB Abstract Control Model driver for USB modems and ISDN adapters
[    2.462131] usbcore: registered new interface driver usblp
[    2.464569] usbcore: registered new interface driver usb-storage
[    2.466937] usbcore: registered new interface driver ums-sddr09
[    2.469353] usbcore: registered new interface driver usbserial_generic
[    2.471640] usbserial: USB Serial support registered for generic
[    2.473979] usbcore: registered new interface driver ch341
[    2.476221] usbserial: USB Serial support registered for ch341-uart
[    2.478536] usbcore: registered new interface driver cp210x
[    2.480779] usbserial: USB Serial support registered for cp210x
[    2.483095] usbcore: registered new interface driver ftdi_sio
[    2.485378] usbserial: USB Serial support registered for FTDI USB Serial Device
[    2.487801] usbcore: registered new interface driver option
[    2.490189] usbserial: USB Serial support registered for GSM modem (1-port)
[    2.492720] usbcore: registered new interface driver pl2303
[    2.495142] usbserial: USB Serial support registered for pl2303
[    2.497620] usbcore: registered new interface driver ti_usb_3410_5052
[    2.500080] usbserial: USB Serial support registered for TI USB 3410 1 port adapter
[    2.502592] usbserial: USB Serial support registered for TI USB 5052 2 port adapter
[    2.504978] ftdi_elan: driver ftdi-elan
[    2.507383] usbcore: registered new interface driver ftdi-elan
[    2.509960] i8042: PNP: PS/2 Controller [PNP0303:KBD,PNP0f13:MOU] at 0x60,0x64 irq 1,12
[    2.523409] serio: i8042 KBD port at 0x60,0x64 irq 1
[    2.526198] serio: i8042 AUX port at 0x60,0x64 irq 12
[    2.529461] mousedev: PS/2 mouse device common for all mice
[    2.533355] input: PC Speaker as /devices/platform/pcspkr/input/input5
[    2.536436] rtc_cmos 00:02: RTC can wake from S4
[    2.539975] rtc_cmos 00:02: registered as rtc0
[    2.542544] rtc_cmos 00:02: setting system clock to 2020-06-23T20:45:52 UTC (1592945152)
[    2.545277] rtc_cmos 00:02: alarms up to one month, y3k, 114 bytes nvram, hpet irqs
[    2.548032] usbcore: registered new interface driver uvcvideo
[    2.550789] input: AT Translated Set 2 keyboard as /devices/platform/i8042/serio0/input/input4
[    2.554490] USB Video Class driver (1.1.1)
[    2.557681] gspca_main: v2.14.0 registered
[    2.560310] usbcore: registered new interface driver sq930x
[    2.654415] device-mapper: ioctl: 4.42.0-ioctl (2020-02-27) initialised: dm-devel@redhat.com
[    2.657171] Bluetooth: HCI UART driver ver 2.3
[    2.660410] Bluetooth: HCI UART protocol H4 registered
[    2.663034] Bluetooth: HCI UART protocol BCSP registered
[    2.666012] usbcore: registered new interface driver btusb
[    2.669008] intel_pstate: CPU model not supported
[    2.671825] sdhci: Secure Digital Host Controller Interface driver
[    2.674797] sdhci: Copyright(c) Pierre Ossman
[    2.677819] sdhci-pci 0000:15:00.2: SDHCI controller found [1180:0822] (rev 18)
[    2.680929] sdhci-pci 0000:15:00.2: Will use DMA mode even though HW doesn't fully claim to support it.
[    2.684304] mmc0 bounce up to 128 segments into one, max segment size 65536 bytes
[    2.687385] sdhci-pci 0000:15:00.2: Will use DMA mode even though HW doesn't fully claim to support it.
[    2.690918] mmc0: SDHCI controller on PCI [0000:15:00.2] using DMA
[    2.694354] hid: raw HID events driver (C) Jiri Kosina
[    2.699204] usbcore: registered new interface driver usbhid
[    2.702146] usbhid: USB HID core driver
[    2.705639] thinkpad_acpi: ThinkPad ACPI Extras v0.26
[    2.708470] thinkpad_acpi: http://ibm-acpi.sf.net/
[    2.711572] thinkpad_acpi: ThinkPad BIOS 7BETD8WW (2.19 ), EC 7BHT40WW-1.13
[    2.714390] thinkpad_acpi: Lenovo ThinkPad X60, model 17097HU
[    2.723718] thinkpad_acpi: ACPI backlight control delay disabled
[    2.727019] thinkpad_acpi: radio switch found; radios are enabled
[    2.730187] thinkpad_acpi: This ThinkPad has standard ACPI backlight brightness control, supported by the ACPI video driver
[    2.735956] thinkpad_acpi: Disabling thinkpad-acpi brightness events by default...
[    2.746347] sdhci-pci 0000:15:00.2: Will use DMA mode even though HW doesn't fully claim to support it.
[    2.751343] thinkpad_acpi: rfkill switch tpacpi_bluetooth_sw: radio is unblocked
[    2.757952] thinkpad_acpi: warning: userspace override of important firmware LEDs is enabled
[    2.766113] thinkpad_acpi: Standard ACPI backlight interface available, not loading native one
[    2.769626] thinkpad_acpi: volume: disabled as there is no ALSA support in this kernel
[    2.773338] thinkpad_acpi: battery 1 registered (start 0, stop 0)
[    2.773350] battery: new extension: ThinkPad Battery Extension
[    2.780040] input: ThinkPad Extra Buttons as /devices/platform/thinkpad_acpi/input/input8
[    2.788757] snd_hda_intel 0000:00:1b.0: probe_mask set to 0x1 for device 17aa:2010
[    2.793260] usbcore: registered new interface driver snd-usb-audio
[    2.798892] NET: Registered protocol family 17
[    2.802290] Bluetooth: RFCOMM TTY layer initialized
[    2.805785] Bluetooth: RFCOMM socket layer initialized
[    2.808810] Bluetooth: RFCOMM ver 1.11
[    2.812242] Bluetooth: BNEP (Ethernet Emulation) ver 1.3
[    2.815327] Bluetooth: BNEP filters: protocol multicast
[    2.818445] snd_hda_codec_analog hdaudioC0D0: autoconfig for AD1981: line_outs=1 (0x5/0x0/0x0/0x0/0x0) type:speaker
[    2.818959] Bluetooth: BNEP socket layer initialized
[    2.824815] snd_hda_codec_analog hdaudioC0D0:    speaker_outs=0 (0x0/0x0/0x0/0x0/0x0)
[    2.827900] sdhci-pci 0000:15:00.2: Will use DMA mode even though HW doesn't fully claim to support it.
[    2.831161] snd_hda_codec_analog hdaudioC0D0:    hp_outs=0 (0x0/0x0/0x0/0x0/0x0)
[    2.834575] Bluetooth: HIDP (Human Interface Emulation) ver 1.2
[    2.837644] snd_hda_codec_analog hdaudioC0D0:    mono: mono_out=0x0
[    2.840746] Bluetooth: HIDP socket layer initialized
[    2.843852] snd_hda_codec_analog hdaudioC0D0:    inputs:
[    2.843857] snd_hda_codec_analog hdaudioC0D0:      Mic=0x8
[    2.843862] snd_hda_codec_analog hdaudioC0D0:      CD=0x19
[    2.847665] microcode: sig=0x6e8, pf=0x20, revision=0x39
[    2.859516] microcode: Microcode Update Driver: v2.2.
[    2.859522] IPI shorthand broadcast: enabled
[    2.866230] Loading compiled-in X.509 certificates
[    2.869664] Key type ._fscrypt registered
[    2.872650] Key type .fscrypt registered
[    2.875660] Key type fscrypt-provisioning registered
[    2.879602] Key type encrypted registered
[    2.888202] cfg80211: Loading compiled-in X.509 certificates for regulatory database
[    2.893698] cfg80211: Loaded X.509 cert 'sforshee: 00b28ddf47aef9cea7'
[    2.896829] platform regulatory.0: Direct firmware load for regulatory.db failed with error -2
[    2.900451] cfg80211: failed to load regulatory.db
[    2.908519] sdhci-pci 0000:15:00.2: Will use DMA mode even though HW doesn't fully claim to support it.
[    2.911862] PM: Image not found (code -22)
[    2.911901] ALSA device list:
[    2.915875]   #0: HDA Intel at 0xee240000 irq 17
[    2.933378] usb 5-1: new full-speed USB device number 2 using uhci_hcd
[    2.977868] sdhci-pci 0000:15:00.2: Will use DMA mode even though HW doesn't fully claim to support it.
[    3.127400] usb 5-1: New USB device found, idVendor=0a5c, idProduct=2110, bcdDevice= 1.00
[    3.131287] usb 5-1: New USB device strings: Mfr=1, Product=2, SerialNumber=0
[    3.135102] usb 5-1: Product: BCM2045B
[    3.138847] usb 5-1: Manufacturer: Broadcom Corp
[    3.207388] psmouse serio1: trackpoint: IBM TrackPoint firmware: 0x0e, buttons: 3/3
[    3.230911] input: TPPS/2 IBM TrackPoint as /devices/platform/i8042/serio1/input/input7
[    3.241038] md: Waiting for all devices to be available before autodetect
[    3.245078] md: If you don't use raid, use raid=noautodetect
[    3.250300] md: Autodetecting RAID arrays.
[    3.254144] md: autorun ...
[    3.256995] md: ... autorun DONE.
[    3.261941] EXT4-fs (sda4): INFO: recovery required on readonly filesystem
[    3.264737] EXT4-fs (sda4): write access will be enabled during recovery
[    3.937377] usb 5-2: new full-speed USB device number 3 using uhci_hcd
[    4.135383] usb 5-2: New USB device found, idVendor=0483, idProduct=2016, bcdDevice= 0.01
[    4.138277] usb 5-2: New USB device strings: Mfr=1, Product=2, SerialNumber=0
[    4.141064] usb 5-2: Product: Biometric Coprocessor
[    4.143834] usb 5-2: Manufacturer: STMicroelectronics
[    6.181110] EXT4-fs (sda4): orphan cleanup on readonly fs
[    6.187588] EXT4-fs (sda4): 10 orphan inodes deleted
[    6.191315] EXT4-fs (sda4): recovery complete
[    6.211520] EXT4-fs (sda4): mounted filesystem with ordered data mode. Opts: (null)
[    6.216631] VFS: Mounted root (ext4 filesystem) readonly on device 8:4.
[    6.222245] devtmpfs: mounted
[    6.226012] Freeing unused kernel image (initmem) memory: 664K
[    6.229027] Write protecting kernel text and read-only data: 18684k
[    6.231971] NX-protecting the kernel data: 7152k
[    6.235811] x86/mm: Checked W+X mappings: passed, no W+X pages found.
[    6.238745] rodata_test: all tests were successful
[    6.241767] x86/mm: Checking user space page tables
[    6.244739] x86/mm: Checked W+X mappings: passed, no W+X pages found.
[    6.247562] Run /sbin/init as init process
[    6.250291]   with arguments:
[    6.250294]     /sbin/init
[    6.250297]   with environment:
[    6.250299]     HOME=/
[    6.250302]     TERM=linux
[    6.250305]     BOOT_IMAGE=(hd0,2)/fast/l/k/o/32/arch/x86/boot/bzImage
[    6.932979] random: systemd: uninitialized urandom read (16 bytes read)
[    6.940146] systemd[1]: systemd 215 running in system mode. (+PAM +AUDIT +SELINUX +IMA +SYSVINIT +LIBCRYPTSETUP +GCRYPT +ACL +XZ -SECCOMP -APPARMOR)
[    6.969570] systemd[1]: Detected architecture 'x86'.
[    7.181517] systemd[1]: Failed to insert module 'ipv6'
[    7.198501] systemd[1]: Set hostname to <amd>.
[    7.428520] random: systemd-sysv-ge: uninitialized urandom read (16 bytes read)
[    7.690817] random: crng init done
[    9.400324] systemd[1]: [/lib/systemd/system/anacron.timer:6] Unknown lvalue 'RandomizedDelaySec' in section 'Timer'
[    9.526543] systemd[1]: Binding to IPv6 address not available since kernel does not support IPv6.
[    9.531740] systemd[1]: [/lib/systemd/system/gpsd.socket:6] Failed to parse address value, ignoring: [::1]:2947
[    9.903473] systemd[1]: Starting User and Group Name Lookups.
[    9.915493] systemd[1]: Reached target User and Group Name Lookups.
[    9.918509] systemd[1]: Starting Forward Password Requests to Wall Directory Watch.
[   11.147713] systemd-udevd[2476]: starting version 215
[   11.792674] EXT4-fs (sda4): re-mounted. Opts: errors=remount-ro
[   12.877883] e1000e 0000:02:00.0 eth1: renamed from eth0
[   12.897599] systemd-udevd[2494]: renamed network interface eth0 to eth1
[   14.681490] Adding 2097148k swap on /dev/sda1.  Priority:-2 extents:1 across:2097148k 
[   23.643627] EXT4-fs (sda2): mounted filesystem with ordered data mode. Opts: errors=remount-ro
[   24.216880] systemd-journald[1943]: Received request to flush runtime journal from PID 1
[   34.639440] iwl3945 0000:03:00.0: loaded firmware version 15.32.2.9
[   52.855601] traps: clock-applet[3588] trap int3 ip:b721ffc0 sp:bfec7560 error:0 in libglib-2.0.so.0.5000.3[b71d3000+12a000]
[   52.930818] traps: mateweather-app[3585] trap int3 ip:b7296fc0 sp:bf85c420 error:0 in libglib-2.0.so.0.5000.3[b724a000+12a000]
[   54.624016] wlan0: authenticate with 5c:f4:ab:10:d2:bb
[   54.624265] wlan0: send auth to 5c:f4:ab:10:d2:bb (try 1/3)
[   54.626224] wlan0: authenticated
[   54.629437] wlan0: associate with 5c:f4:ab:10:d2:bb (try 1/3)
[   54.632214] wlan0: RX AssocResp from 5c:f4:ab:10:d2:bb (capab=0x411 status=0 aid=1)
[   54.635482] wlan0: associated
