[    0.000000] Linux version 4.17.0-rc1-next-20180423+ (pavel@amd) (gcc version 4.9.2 (Debian 4.9.2-10+deb8u1)) #125 SMP Mon Apr 23 21:23:19 CEST 2018
[    0.000000] Disabled fast string operations
[    0.000000] x86/fpu: x87 FPU will use FXSAVE
[    0.000000] e820: BIOS-provided physical RAM map:
[    0.000000] BIOS-e820: [mem 0x0000000000000000-0x000000000009efff] usable
[    0.000000] BIOS-e820: [mem 0x000000000009f000-0x000000000009ffff] reserved
[    0.000000] BIOS-e820: [mem 0x00000000000dc000-0x00000000000fffff] reserved
[    0.000000] BIOS-e820: [mem 0x0000000000100000-0x00000000bf6cffff] usable
[    0.000000] BIOS-e820: [mem 0x00000000bf6d0000-0x00000000bf6defff] ACPI data
[    0.000000] BIOS-e820: [mem 0x00000000bf6df000-0x00000000bf6fffff] ACPI NVS
[    0.000000] BIOS-e820: [mem 0x00000000bf700000-0x00000000bfffffff] reserved
[    0.000000] BIOS-e820: [mem 0x00000000f0000000-0x00000000f3ffffff] reserved
[    0.000000] BIOS-e820: [mem 0x00000000fec00000-0x00000000fec0ffff] reserved
[    0.000000] BIOS-e820: [mem 0x00000000fed00000-0x00000000fed003ff] reserved
[    0.000000] BIOS-e820: [mem 0x00000000fed14000-0x00000000fed19fff] reserved
[    0.000000] BIOS-e820: [mem 0x00000000fed1c000-0x00000000fed8ffff] reserved
[    0.000000] BIOS-e820: [mem 0x00000000fee00000-0x00000000fee00fff] reserved
[    0.000000] BIOS-e820: [mem 0x00000000ff800000-0x00000000ffffffff] reserved
[    0.000000] NX (Execute Disable) protection: active
[    0.000000] SMBIOS 2.4 present.
[    0.000000] DMI: LENOVO 17097HU/17097HU, BIOS 7BETD8WW (2.19 ) 03/31/2011
[    0.000000] e820: update [mem 0x00000000-0x00000fff] usable ==> reserved
[    0.000000] e820: remove [mem 0x000a0000-0x000fffff] usable
[    0.000000] e820: last_pfn = 0xbf6d0 max_arch_pfn = 0x1000000
[    0.000000] MTRR default type: uncachable
[    0.000000] MTRR fixed ranges enabled:
[    0.000000]   00000-9FFFF write-back
[    0.000000]   A0000-BFFFF uncachable
[    0.000000]   C0000-CFFFF write-protect
[    0.000000]   D0000-DBFFF uncachable
[    0.000000]   DC000-DFFFF write-back
[    0.000000]   E0000-FFFFF write-protect
[    0.000000] MTRR variable ranges enabled:
[    0.000000]   0 base 000000000 mask F80000000 write-back
[    0.000000]   1 base 080000000 mask FC0000000 write-back
[    0.000000]   2 base 0BF700000 mask FFFF00000 uncachable
[    0.000000]   3 base 0BF800000 mask FFF800000 uncachable
[    0.000000]   4 disabled
[    0.000000]   5 disabled
[    0.000000]   6 disabled
[    0.000000]   7 disabled
[    0.000000] x86/PAT: PAT not supported by CPU.
[    0.000000] x86/PAT: Configuration [0-7]: WB  WT  UC- UC  WB  WT  UC- UC  
[    0.000000] initial memory mapped: [mem 0x00000000-0x05dfffff]
[    0.000000] Base memory trampoline at [(ptrval)] 9b000 size 16384
[    0.000000] BRK [0x05813000, 0x05813fff] PGTABLE
[    0.000000] BRK [0x05814000, 0x05814fff] PGTABLE
[    0.000000] ACPI: Early table checksum verification disabled
[    0.000000] ACPI: RSDP 0x00000000000F67C0 000024 (v02 LENOVO)
[    0.000000] ACPI: XSDT 0x00000000BF6D191C 000084 (v01 LENOVO TP-7B    00002190  LTP 00000000)
[    0.000000] ACPI: FACP 0x00000000BF6D1A00 0000F4 (v03 LENOVO TP-7B    00002190 LNVO 00000001)
[    0.000000] ACPI BIOS Warning (bug): 32/64X length mismatch in FADT/Gpe0Block: 64/32 (20180313/tbfadt-569)
[    0.000000] ACPI BIOS Warning (bug): Optional FADT field Gpe1Block has valid Address but zero Length: 0x000000000000102C/0x0 (20180313/tbfadt-624)
[    0.000000] ACPI: DSDT 0x00000000BF6D1D90 00CFB9 (v01 LENOVO TP-7B    00002190 MSFT 0100000E)
[    0.000000] ACPI: FACS 0x00000000BF6F4000 000040
[    0.000000] ACPI: FACS 0x00000000BF6F4000 000040
[    0.000000] ACPI: SSDT 0x00000000BF6D1BB4 0001DC (v01 LENOVO TP-7B    00002190 MSFT 0100000E)
[    0.000000] ACPI: ECDT 0x00000000BF6DED49 000052 (v01 LENOVO TP-7B    00002190 LNVO 00000001)
[    0.000000] ACPI: TCPA 0x00000000BF6DED9B 000032 (v02 LENOVO TP-7B    00002190 LNVO 00000001)
[    0.000000] ACPI: APIC 0x00000000BF6DEDCD 000068 (v01 LENOVO TP-7B    00002190 LNVO 00000001)
[    0.000000] ACPI: MCFG 0x00000000BF6DEE35 00003C (v01 LENOVO TP-7B    00002190 LNVO 00000001)
[    0.000000] ACPI: HPET 0x00000000BF6DEE71 000038 (v01 LENOVO TP-7B    00002190 LNVO 00000001)
[    0.000000] ACPI: BOOT 0x00000000BF6DEFD8 000028 (v01 LENOVO TP-7B    00002190  LTP 00000001)
[    0.000000] ACPI: SSDT 0x00000000BF6F2645 00025F (v01 LENOVO TP-7B    00002190 INTL 20050513)
[    0.000000] ACPI: SSDT 0x00000000BF6F28A4 0000A6 (v01 LENOVO TP-7B    00002190 INTL 20050513)
[    0.000000] ACPI: SSDT 0x00000000BF6F294A 0004F7 (v01 LENOVO TP-7B    00002190 INTL 20050513)
[    0.000000] ACPI: SSDT 0x00000000BF6F2E41 0001D8 (v01 LENOVO TP-7B    00002190 INTL 20050513)
[    0.000000] ACPI: Local APIC address 0xfee00000
[    0.000000] 2176MB HIGHMEM available.
[    0.000000] 885MB LOWMEM available.
[    0.000000]   mapped low ram: 0 - 375fe000
[    0.000000]   low ram: 0 - 375fe000
[    0.000000] tsc: Fast TSC calibration using PIT
[    0.000000] BRK [0x05815000, 0x05815fff] PGTABLE
[    0.000000] Zone ranges:
[    0.000000]   DMA      [mem 0x0000000000001000-0x0000000000ffffff]
[    0.000000]   Normal   [mem 0x0000000001000000-0x00000000375fdfff]
[    0.000000]   HighMem  [mem 0x00000000375fe000-0x00000000bf6cffff]
[    0.000000] Movable zone start for each node
[    0.000000] Early memory node ranges
[    0.000000]   node   0: [mem 0x0000000000001000-0x000000000009efff]
[    0.000000]   node   0: [mem 0x0000000000100000-0x00000000bf6cffff]
[    0.000000] Initmem setup node 0 [mem 0x0000000000001000-0x00000000bf6cffff]
[    0.000000] On node 0 totalpages: 783982
[    0.000000]   DMA zone: 32 pages used for memmap
[    0.000000]   DMA zone: 0 pages reserved
[    0.000000]   DMA zone: 3998 pages, LIFO batch:0
[    0.000000]   Normal zone: 1740 pages used for memmap
[    0.000000]   Normal zone: 222718 pages, LIFO batch:31
[    0.000000]   HighMem zone: 557266 pages, LIFO batch:31
[    0.000000] Reserved but unavailable: 98 pages
[    0.000000] Using APIC driver default
[    0.000000] Reserving Intel graphics memory at [mem 0xbf800000-0xbfffffff]
[    0.000000] ACPI: PM-Timer IO Port: 0x1008
[    0.000000] ACPI: Local APIC address 0xfee00000
[    0.000000] ACPI: LAPIC_NMI (acpi_id[0x00] high edge lint[0x1])
[    0.000000] ACPI: LAPIC_NMI (acpi_id[0x01] high edge lint[0x1])
[    0.000000] IOAPIC[0]: apic_id 1, version 32, address 0xfec00000, GSI 0-23
[    0.000000] ACPI: INT_SRC_OVR (bus 0 bus_irq 0 global_irq 2 dfl dfl)
[    0.000000] ACPI: INT_SRC_OVR (bus 0 bus_irq 9 global_irq 9 high level)
[    0.000000] ACPI: IRQ0 used by override.
[    0.000000] ACPI: IRQ9 used by override.
[    0.000000] Using ACPI (MADT) for SMP configuration information
[    0.000000] ACPI: HPET id: 0x8086a201 base: 0xfed00000
[    0.000000] smpboot: Allowing 2 CPUs, 0 hotplug CPUs
[    0.000000] PM: Registered nosave memory: [mem 0x00000000-0x00000fff]
[    0.000000] PM: Registered nosave memory: [mem 0x0009f000-0x0009ffff]
[    0.000000] PM: Registered nosave memory: [mem 0x000a0000-0x000dbfff]
[    0.000000] PM: Registered nosave memory: [mem 0x000dc000-0x000fffff]
[    0.000000] e820: [mem 0xc0000000-0xefffffff] available for PCI devices
[    0.000000] clocksource: refined-jiffies: mask: 0xffffffff max_cycles: 0xffffffff, max_idle_ns: 7645519600211568 ns
[    0.000000] random: get_random_bytes called from start_kernel+0x74/0x34c with crng_init=0
[    0.000000] setup_percpu: NR_CPUS:8 nr_cpumask_bits:8 nr_cpu_ids:2 nr_node_ids:1
[    0.000000] percpu: Embedded 28 pages/cpu @(ptrval) s85544 r0 d29144 u114688
[    0.000000] pcpu-alloc: s85544 r0 d29144 u114688 alloc=28*4096
[    0.000000] pcpu-alloc: [0] 0 [0] 1 
[    0.000000] Built 1 zonelists, mobility grouping on.  Total pages: 782210
[    0.000000] Kernel command line: BOOT_IMAGE=(hd0,2)/fast/l/linux-next-32/arch/x86/boot/bzImage root=/dev/sda4 resume=/dev/sda1
[    0.000000] Dentry cache hash table entries: 131072 (order: 7, 524288 bytes)
[    0.000000] Inode-cache hash table entries: 65536 (order: 6, 262144 bytes)
[    0.000000] Initializing CPU#0
[    0.000000] Initializing HighMem for node 0 (000375fe:000bf6d0)
[    0.000000] Initializing Movable for node 0 (00000000:00000000)
[    0.000000] Memory: 3085664K/3135928K available (12062K kernel code, 704K rwdata, 4740K rodata, 596K init, 6148K bss, 50264K reserved, 0K cma-reserved, 2229064K highmem)
[    0.000000] virtual kernel memory layout:
    fixmap  : 0xffe70000 - 0xfffff000   (1596 kB)
  cpu_entry : 0xffa00000 - 0xffb39000   (1252 kB)
    pkmap   : 0xff600000 - 0xff800000   (2048 kB)
    vmalloc : 0xf7dfe000 - 0xff5fe000   ( 120 MB)
    lowmem  : 0xc0000000 - 0xf75fe000   ( 885 MB)
      .init : 0xc5142000 - 0xc51d7000   ( 596 kB)
      .data : 0xc4bc7890 - 0xc51203c0   (5474 kB)
      .text : 0xc4000000 - 0xc4bc7890   (12062 kB)
[    0.000000] Checking if this processor honours the WP bit even in supervisor mode...Ok.
[    0.000000] Kernel/User page tables isolation: enabled
[    0.000000] Hierarchical RCU implementation.
[    0.000000] 	RCU restricting CPUs from NR_CPUS=8 to nr_cpu_ids=2.
[    0.000000] RCU: Adjusting geometry for rcu_fanout_leaf=16, nr_cpu_ids=2
[    0.000000] NR_IRQS: 2304, nr_irqs: 56, preallocated irqs: 16
[    0.000000] CPU 0 irqstacks, hard=(ptrval) soft=(ptrval)
[    0.000000] Console: colour VGA+ 80x25
[    0.000000] console [tty0] enabled
[    0.000000] Lock dependency validator: Copyright (c) 2006 Red Hat, Inc., Ingo Molnar
[    0.000000] ... MAX_LOCKDEP_SUBCLASSES:  8
[    0.000000] ... MAX_LOCK_DEPTH:          48
[    0.000000] ... MAX_LOCKDEP_KEYS:        8191
[    0.000000] ... CLASSHASH_SIZE:          4096
[    0.000000] ... MAX_LOCKDEP_ENTRIES:     32768
[    0.000000] ... MAX_LOCKDEP_CHAINS:      65536
[    0.000000] ... CHAINHASH_SIZE:          32768
[    0.000000]  memory used by lock dependency info: 4383 kB
[    0.000000]  per task-struct memory footprint: 1344 bytes
[    0.000000] ACPI: Core revision 20180313
[    0.000000] clocksource: hpet: mask: 0xffffffff max_cycles: 0xffffffff, max_idle_ns: 133484882848 ns
[    0.000000] hpet clockevent registered
[    0.000000] APIC: Switch to symmetric I/O mode setup
[    0.000000] Enabling APIC mode:  Flat.  Using 1 I/O APICs
[    0.000000] ..TIMER: vector=0x30 apic1=0 pin1=2 apic2=-1 pin2=-1
[    0.020000] tsc: Fast TSC calibration using PIT
[    0.024000] tsc: Detected 1828.839 MHz processor
[    0.024000] clocksource: tsc-early: mask: 0xffffffffffffffff max_cycles: 0x1a5c94b6d91, max_idle_ns: 440795278002 ns
[    0.024000] Calibrating delay loop (skipped), value calculated using timer frequency.. 3657.67 BogoMIPS (lpj=7315356)
[    0.024000] pid_max: default: 32768 minimum: 301
[    0.024000] Mount-cache hash table entries: 2048 (order: 1, 8192 bytes)
[    0.024000] Mountpoint-cache hash table entries: 2048 (order: 1, 8192 bytes)
[    0.024000] Disabled fast string operations
[    0.024000] CPU: Physical Processor ID: 0
[    0.024000] CPU: Processor Core ID: 0
[    0.024000] process: using mwait in idle threads
[    0.024000] Last level iTLB entries: 4KB 128, 2MB 0, 4MB 2
[    0.024000] Last level dTLB entries: 4KB 128, 2MB 0, 4MB 8, 1GB 0
[    0.024000] Spectre V2 : Mitigation: Full generic retpoline
[    0.024000] Freeing SMP alternatives memory: 44K
[    0.032000] smpboot: CPU0: Genuine Intel(R) CPU           T2400  @ 1.83GHz (family: 0x6, model: 0xe, stepping: 0x8)
[    0.032000] Performance Events: Core events, core PMU driver.
[    0.032000] ... version:                1
[    0.032000] ... bit width:              40
[    0.032000] ... generic registers:      2
[    0.032000] ... value mask:             000000ffffffffff
[    0.032000] ... max period:             000000007fffffff
[    0.032000] ... fixed-purpose events:   0
[    0.032000] ... event mask:             0000000000000003
[    0.032000] Hierarchical SRCU implementation.
[    0.032000] smp: Bringing up secondary CPUs ...
[    0.032141] NMI watchdog: Enabled. Permanently consumes one hw-PMU counter.
[    0.033121] CPU 1 irqstacks, hard=(ptrval) soft=(ptrval)
[    0.033125] x86: Booting SMP configuration:
[    0.033207] .... node  #0, CPUs:      #1
[    0.004000] Initializing CPU#1
[    0.004000] Disabled fast string operations
[    0.035676] TSC synchronization [CPU#0 -> CPU#1]:
[    0.035990] Measured 580129 cycles TSC warp between CPUs, turning off TSC clock.
[    0.036000] tsc: Marking TSC unstable due to check_tsc_sync_source failed
[    0.036124] smp: Brought up 1 node, 2 CPUs
[    0.036124] smpboot: Max logical packages: 1
[    0.036166] smpboot: Total of 2 processors activated (7315.35 BogoMIPS)
[    0.037858] devtmpfs: initialized
[    0.037858] PM: Registering ACPI NVS region [mem 0xbf6df000-0xbf6fffff] (135168 bytes)
[    0.040073] clocksource: jiffies: mask: 0xffffffff max_cycles: 0xffffffff, max_idle_ns: 7645041785100000 ns
[    0.040184] futex hash table entries: 512 (order: 3, 32768 bytes)
[    0.040996] NET: Registered protocol family 16
[    0.042830] cpuidle: using governor ladder
[    0.042830] cpuidle: using governor menu
[    0.042830] Simple Boot Flag at 0x35 set to 0x1
[    0.042830] ACPI FADT declares the system doesn't support PCIe ASPM, so disable it
[    0.042830] ACPI: bus type PCI registered
[    0.044063] PCI: MMCONFIG for domain 0000 [bus 00-3f] at [mem 0xf0000000-0xf3ffffff] (base 0xf0000000)
[    0.044127] PCI: MMCONFIG at [mem 0xf0000000-0xf3ffffff] reserved in E820
[    0.044127] PCI: Using MMCONFIG for extended config space
[    0.044955] PCI: Using configuration type 1 for base access
[    0.045425] mtrr: your CPUs had inconsistent variable MTRR settings
[    0.045513] mtrr: probably your BIOS does not setup all CPUs.
[    0.045597] mtrr: corrected configuration.
[    0.112742] ACPI: Added _OSI(Module Device)
[    0.112758] ACPI: Added _OSI(Processor Device)
[    0.112836] ACPI: Added _OSI(3.0 _SCP Extensions)
[    0.112916] ACPI: Added _OSI(Processor Aggregator Device)
[    0.113000] ACPI: Added _OSI(Linux-Dell-Video)
[    0.113100] ACPI: EC: EC started
[    0.113173] ACPI: EC: interrupt blocked
[    0.113302] ACPI: \: Used as first EC
[    0.113378] ACPI: \: GPE=0x1c, EC_CMD/EC_SC=0x66, EC_DATA=0x62
[    0.113466] ACPI: \: Used as boot ECDT EC to handle transactions
[    0.180606] ACPI: 6 ACPI AML tables successfully acquired and loaded
[    0.213730] ACPI: Dynamic OEM Table Load:
[    0.213828] ACPI: SSDT 0x00000000F59FE800 000240 (v01 PmRef  Cpu0Ist  00000100 INTL 20050513)
[    0.215354] ACPI: Dynamic OEM Table Load:
[    0.215448] ACPI: SSDT 0x00000000F4CD1000 00065A (v01 PmRef  Cpu0Cst  00000100 INTL 20050513)
[    0.217901] ACPI: Dynamic OEM Table Load:
[    0.217901] ACPI: SSDT 0x00000000F5816A00 0000C8 (v01 PmRef  Cpu1Ist  00000100 INTL 20050513)
[    0.220502] ACPI: Dynamic OEM Table Load:
[    0.220594] ACPI: SSDT 0x00000000F5871480 000085 (v01 PmRef  Cpu1Cst  00000100 INTL 20050513)
[    0.221080] ACPI: Interpreter enabled
[    0.221172] ACPI: (supports S0 S3 S4 S5)
[    0.221254] ACPI: Using IOAPIC for interrupt routing
[    0.221455] PCI: Using host bridge windows from ACPI; if necessary, use "pci=nocrs" and report a bug
[    0.222526] ACPI: Enabled 4 GPEs in block 00 to 1F
[    0.247648] ACPI: Power Resource [PUBS] (on)
[    0.248824] acpi PNP0C0A:01: ACPI dock station (docks/bays count: 1)
[    0.256741] acpi LNXIOBAY:00: ACPI dock station (docks/bays count: 2)
[    0.272004] acpi IBM0079:00: ACPI dock station (docks/bays count: 3)
[    0.274271] ACPI: PCI Interrupt Link [LNKA] (IRQs 3 4 5 6 7 9 10 *11)
[    0.275135] ACPI: PCI Interrupt Link [LNKB] (IRQs 3 4 5 6 7 9 10 *11)
[    0.276024] ACPI: PCI Interrupt Link [LNKC] (IRQs 3 4 5 6 7 9 10 *11)
[    0.276870] ACPI: PCI Interrupt Link [LNKD] (IRQs 3 4 5 6 7 9 10 *11)
[    0.277732] ACPI: PCI Interrupt Link [LNKE] (IRQs 3 4 5 6 7 9 10 *11)
[    0.278594] ACPI: PCI Interrupt Link [LNKF] (IRQs 3 4 5 6 7 9 10 *11)
[    0.279457] ACPI: PCI Interrupt Link [LNKG] (IRQs 3 4 5 6 7 9 10 *11)
[    0.280330] ACPI: PCI Interrupt Link [LNKH] (IRQs 3 4 5 6 7 9 10 *11)
[    0.280895] ACPI: PCI Root Bridge [PCI0] (domain 0000 [bus 00-ff])
[    0.280996] acpi PNP0A08:00: _OSC: OS supports [ExtendedConfig ASPM ClockPM Segments]
[    0.282040] acpi PNP0A08:00: _OSC: not requesting OS control; OS requires [ExtendedConfig ASPM ClockPM MSI]
[    0.282175] acpi PNP0A08:00: [Firmware Info]: MMCONFIG for domain 0000 [bus 00-3f] only partially covers this bridge
[    0.282546] PCI host bridge to bus 0000:00
[    0.282627] pci_bus 0000:00: root bus resource [io  0x0000-0x0cf7 window]
[    0.282720] pci_bus 0000:00: root bus resource [io  0x0d00-0xffff window]
[    0.282813] pci_bus 0000:00: root bus resource [mem 0x000a0000-0x000bffff window]
[    0.282910] pci_bus 0000:00: root bus resource [mem 0x000d0000-0x000d3fff window]
[    0.283006] pci_bus 0000:00: root bus resource [mem 0x000d4000-0x000d7fff window]
[    0.283103] pci_bus 0000:00: root bus resource [mem 0x000d8000-0x000dbfff window]
[    0.283199] pci_bus 0000:00: root bus resource [mem 0xc0000000-0xfebfffff window]
[    0.283296] pci_bus 0000:00: root bus resource [mem 0xfed40000-0xfed40fff window]
[    0.283394] pci_bus 0000:00: root bus resource [bus 00-ff]
[    0.283514] pci 0000:00:00.0: [8086:27a0] type 00 class 0x060000
[    0.284025] pci 0000:00:02.0: [8086:27a2] type 00 class 0x030000
[    0.284025] pci 0000:00:02.0: reg 0x10: [mem 0xee100000-0xee17ffff]
[    0.284025] pci 0000:00:02.0: reg 0x14: [io  0x1800-0x1807]
[    0.284028] pci 0000:00:02.0: reg 0x18: [mem 0xd0000000-0xdfffffff pref]
[    0.284039] pci 0000:00:02.0: reg 0x1c: [mem 0xee200000-0xee23ffff]
[    0.284518] pci 0000:00:02.1: [8086:27a6] type 00 class 0x038000
[    0.284538] pci 0000:00:02.1: reg 0x10: [mem 0xee180000-0xee1fffff]
[    0.285032] pci 0000:00:1b.0: [8086:27d8] type 00 class 0x040300
[    0.285078] pci 0000:00:1b.0: reg 0x10: [mem 0xee240000-0xee243fff 64bit]
[    0.285240] pci 0000:00:1b.0: PME# supported from D0 D3hot D3cold
[    0.285719] pci 0000:00:1c.0: [8086:27d0] type 01 class 0x060400
[    0.285897] pci 0000:00:1c.0: PME# supported from D0 D3hot D3cold
[    0.286350] pci 0000:00:1c.1: [8086:27d2] type 01 class 0x060400
[    0.286526] pci 0000:00:1c.1: PME# supported from D0 D3hot D3cold
[    0.286977] pci 0000:00:1c.2: [8086:27d4] type 01 class 0x060400
[    0.287155] pci 0000:00:1c.2: PME# supported from D0 D3hot D3cold
[    0.287606] pci 0000:00:1c.3: [8086:27d6] type 01 class 0x060400
[    0.288005] pci 0000:00:1c.3: PME# supported from D0 D3hot D3cold
[    0.288247] pci 0000:00:1d.0: [8086:27c8] type 00 class 0x0c0300
[    0.288326] pci 0000:00:1d.0: reg 0x20: [io  0x1820-0x183f]
[    0.288786] pci 0000:00:1d.1: [8086:27c9] type 00 class 0x0c0300
[    0.288866] pci 0000:00:1d.1: reg 0x20: [io  0x1840-0x185f]
[    0.289326] pci 0000:00:1d.2: [8086:27ca] type 00 class 0x0c0300
[    0.289405] pci 0000:00:1d.2: reg 0x20: [io  0x1860-0x187f]
[    0.289864] pci 0000:00:1d.3: [8086:27cb] type 00 class 0x0c0300
[    0.289943] pci 0000:00:1d.3: reg 0x20: [io  0x1880-0x189f]
[    0.290395] pci 0000:00:1d.7: [8086:27cc] type 00 class 0x0c0320
[    0.290431] pci 0000:00:1d.7: reg 0x10: [mem 0xee444000-0xee4443ff]
[    0.290574] pci 0000:00:1d.7: PME# supported from D0 D3hot D3cold
[    0.290994] pci 0000:00:1e.0: [8086:2448] type 01 class 0x060401
[    0.291530] pci 0000:00:1f.0: [8086:27b9] type 00 class 0x060100
[    0.291689] pci 0000:00:1f.0: quirk: [io  0x1000-0x107f] claimed by ICH6 ACPI/GPIO/TCO
[    0.292010] pci 0000:00:1f.0: quirk: [io  0x1180-0x11bf] claimed by ICH6 GPIO
[    0.292024] pci 0000:00:1f.0: ICH7 LPC Generic IO decode 1 PIO at 1600 (mask 007f)
[    0.292024] pci 0000:00:1f.0: ICH7 LPC Generic IO decode 2 PIO at 15e0 (mask 000f)
[    0.292024] pci 0000:00:1f.0: ICH7 LPC Generic IO decode 3 PIO at 1680 (mask 001f)
[    0.292543] pci 0000:00:1f.1: [8086:27df] type 00 class 0x01018a
[    0.292574] pci 0000:00:1f.1: reg 0x10: [io  0x0000-0x0007]
[    0.292590] pci 0000:00:1f.1: reg 0x14: [io  0x0000-0x0003]
[    0.292608] pci 0000:00:1f.1: reg 0x18: [io  0x0000-0x0007]
[    0.292624] pci 0000:00:1f.1: reg 0x1c: [io  0x0000-0x0003]
[    0.292641] pci 0000:00:1f.1: reg 0x20: [io  0x1810-0x181f]
[    0.292675] pci 0000:00:1f.1: legacy IDE quirk: reg 0x10: [io  0x01f0-0x01f7]
[    0.292769] pci 0000:00:1f.1: legacy IDE quirk: reg 0x14: [io  0x03f6]
[    0.292860] pci 0000:00:1f.1: legacy IDE quirk: reg 0x18: [io  0x0170-0x0177]
[    0.292954] pci 0000:00:1f.1: legacy IDE quirk: reg 0x1c: [io  0x0376]
[    0.293459] pci 0000:00:1f.2: [8086:27c5] type 00 class 0x010601
[    0.293494] pci 0000:00:1f.2: reg 0x10: [io  0x18d0-0x18d7]
[    0.293510] pci 0000:00:1f.2: reg 0x14: [io  0x18c4-0x18c7]
[    0.293527] pci 0000:00:1f.2: reg 0x18: [io  0x18c8-0x18cf]
[    0.293543] pci 0000:00:1f.2: reg 0x1c: [io  0x18c0-0x18c3]
[    0.293560] pci 0000:00:1f.2: reg 0x20: [io  0x18b0-0x18bf]
[    0.293577] pci 0000:00:1f.2: reg 0x24: [mem 0xee444400-0xee4447ff]
[    0.293661] pci 0000:00:1f.2: PME# supported from D3hot
[    0.294078] pci 0000:00:1f.3: [8086:27da] type 00 class 0x0c0500
[    0.294177] pci 0000:00:1f.3: reg 0x20: [io  0x18e0-0x18ff]
[    0.294871] pci 0000:02:00.0: [8086:109a] type 00 class 0x020000
[    0.294936] pci 0000:02:00.0: reg 0x10: [mem 0xee000000-0xee01ffff]
[    0.294985] pci 0000:02:00.0: reg 0x18: [io  0x2000-0x201f]
[    0.295239] pci 0000:02:00.0: PME# supported from D0 D3hot D3cold
[    0.295619] pci 0000:00:1c.0: PCI bridge to [bus 02]
[    0.296005] pci 0000:00:1c.0:   bridge window [io  0x2000-0x2fff]
[    0.296005] pci 0000:00:1c.0:   bridge window [mem 0xee000000-0xee0fffff]
[    0.296068] pci 0000:03:00.0: [8086:4227] type 00 class 0x028000
[    0.296177] pci 0000:03:00.0: reg 0x10: [mem 0xedf00000-0xedf00fff]
[    0.296681] pci 0000:03:00.0: PME# supported from D0 D3hot D3cold
[    0.297097] pci 0000:00:1c.1: PCI bridge to [bus 03]
[    0.297185] pci 0000:00:1c.1:   bridge window [io  0x3000-0x4fff]
[    0.297193] pci 0000:00:1c.1:   bridge window [mem 0xec000000-0xedffffff]
[    0.297204] pci 0000:00:1c.1:   bridge window [mem 0xe4000000-0xe40fffff 64bit pref]
[    0.297349] pci 0000:00:1c.2: PCI bridge to [bus 04-0b]
[    0.297439] pci 0000:00:1c.2:   bridge window [io  0x5000-0x6fff]
[    0.297447] pci 0000:00:1c.2:   bridge window [mem 0xe8000000-0xe9ffffff]
[    0.297458] pci 0000:00:1c.2:   bridge window [mem 0xe4100000-0xe41fffff 64bit pref]
[    0.297610] pci 0000:00:1c.3: PCI bridge to [bus 0c-13]
[    0.297699] pci 0000:00:1c.3:   bridge window [io  0x7000-0x8fff]
[    0.297707] pci 0000:00:1c.3:   bridge window [mem 0xea000000-0xebffffff]
[    0.297719] pci 0000:00:1c.3:   bridge window [mem 0xe4200000-0xe42fffff 64bit pref]
[    0.297871] pci 0000:15:00.0: [1180:0476] type 02 class 0x060700
[    0.297909] pci 0000:15:00.0: reg 0x10: [mem 0xe4300000-0xe4300fff]
[    0.297984] pci 0000:15:00.0: supports D1 D2
[    0.297988] pci 0000:15:00.0: PME# supported from D0 D1 D2 D3hot D3cold
[    0.298254] pci 0000:15:00.1: [1180:0552] type 00 class 0x0c0010
[    0.298290] pci 0000:15:00.1: reg 0x10: [mem 0xe4301000-0xe43017ff]
[    0.298440] pci 0000:15:00.1: PME# supported from D0 D3hot D3cold
[    0.298651] pci 0000:15:00.2: [1180:0822] type 00 class 0x080500
[    0.298687] pci 0000:15:00.2: reg 0x10: [mem 0xe4301800-0xe43018ff]
[    0.298832] pci 0000:15:00.2: supports D1 D2
[    0.298836] pci 0000:15:00.2: PME# supported from D0 D1 D2 D3hot D3cold
[    0.299116] pci 0000:00:1e.0: PCI bridge to [bus 15-18] (subtractive decode)
[    0.299215] pci 0000:00:1e.0:   bridge window [io  0x9000-0xcfff]
[    0.299223] pci 0000:00:1e.0:   bridge window [mem 0xe4300000-0xe7ffffff]
[    0.299234] pci 0000:00:1e.0:   bridge window [mem 0xe0000000-0xe3ffffff 64bit pref]
[    0.299240] pci 0000:00:1e.0:   bridge window [io  0x0000-0x0cf7 window] (subtractive decode)
[    0.299244] pci 0000:00:1e.0:   bridge window [io  0x0d00-0xffff window] (subtractive decode)
[    0.299249] pci 0000:00:1e.0:   bridge window [mem 0x000a0000-0x000bffff window] (subtractive decode)
[    0.299254] pci 0000:00:1e.0:   bridge window [mem 0x000d0000-0x000d3fff window] (subtractive decode)
[    0.299259] pci 0000:00:1e.0:   bridge window [mem 0x000d4000-0x000d7fff window] (subtractive decode)
[    0.299264] pci 0000:00:1e.0:   bridge window [mem 0x000d8000-0x000dbfff window] (subtractive decode)
[    0.299269] pci 0000:00:1e.0:   bridge window [mem 0xc0000000-0xfebfffff window] (subtractive decode)
[    0.299274] pci 0000:00:1e.0:   bridge window [mem 0xfed40000-0xfed40fff window] (subtractive decode)
[    0.299412] pci_bus 0000:16: busn_res: [bus 16-18] end is updated to 17
[    0.299469] pci_bus 0000:00: on NUMA node 0
[    0.305691] ACPI: EC: interrupt unblocked
[    0.305875] ACPI: EC: event unblocked
[    0.305964] ACPI: \_SB_.PCI0.LPC_.EC__: GPE=0x1c, EC_CMD/EC_SC=0x66, EC_DATA=0x62
[    0.306066] ACPI: \_SB_.PCI0.LPC_.EC__: Used as boot DSDT EC to handle transactions and events
[    0.306991] pci 0000:00:02.0: vgaarb: setting as boot VGA device
[    0.307083] pci 0000:00:02.0: vgaarb: VGA device added: decodes=io+mem,owns=io+mem,locks=none
[    0.307220] pci 0000:00:02.0: vgaarb: bridge control possible
[    0.307303] vgaarb: loaded
[    0.308049] SCSI subsystem initialized
[    0.308326] libata version 3.00 loaded.
[    0.308517] ACPI: bus type USB registered
[    0.308717] usbcore: registered new interface driver usbfs
[    0.308868] usbcore: registered new interface driver hub
[    0.309019] usbcore: registered new device driver usb
[    0.309235] media: Linux media interface: v0.10
[    0.309364] Linux video capture interface: v2.00
[    0.309516] pps_core: LinuxPPS API ver. 1 registered
[    0.309599] pps_core: Software ver. 5.3.6 - Copyright 2005-2007 Rodolfo Giometti <giometti@linux.it>
[    0.309749] PTP clock support registered
[    0.310380] EDAC MC: Ver: 3.0.0
[    0.310929] Advanced Linux Sound Architecture Driver Initialized.
[    0.310929] PCI: Using ACPI for IRQ routing
[    0.314897] PCI: pci_cache_line_size set to 64 bytes
[    0.315228] e820: reserve RAM buffer [mem 0x0009f000-0x0009ffff]
[    0.315234] e820: reserve RAM buffer [mem 0xbf6d0000-0xbfffffff]
[    0.315883] Bluetooth: Core ver 2.22
[    0.316038] NET: Registered protocol family 31
[    0.316116] Bluetooth: HCI device and connection manager initialized
[    0.316216] Bluetooth: HCI socket layer initialized
[    0.316299] Bluetooth: L2CAP socket layer initialized
[    0.316427] Bluetooth: SCO socket layer initialized
[    0.317130] clocksource: Switched to clocksource tsc-early
[    0.317130] pnp: PnP ACPI init
[    0.319597] system 00:00: [mem 0x00000000-0x0009ffff] could not be reserved
[    0.319698] system 00:00: [mem 0x000c0000-0x000c3fff] could not be reserved
[    0.319795] system 00:00: [mem 0x000c4000-0x000c7fff] could not be reserved
[    0.319891] system 00:00: [mem 0x000c8000-0x000cbfff] has been reserved
[    0.319985] system 00:00: [mem 0x000cc000-0x000cffff] has been reserved
[    0.320080] system 00:00: [mem 0x000dc000-0x000dffff] could not be reserved
[    0.320177] system 00:00: [mem 0x000e0000-0x000e3fff] could not be reserved
[    0.320273] system 00:00: [mem 0x000e4000-0x000e7fff] could not be reserved
[    0.320370] system 00:00: [mem 0x000e8000-0x000ebfff] could not be reserved
[    0.320468] system 00:00: [mem 0x000ec000-0x000effff] could not be reserved
[    0.320565] system 00:00: [mem 0x000f0000-0x000fffff] could not be reserved
[    0.320662] system 00:00: [mem 0x00100000-0xbfffffff] could not be reserved
[    0.320759] system 00:00: [mem 0xfec00000-0xfed3ffff] could not be reserved
[    0.320856] system 00:00: [mem 0xfed41000-0xffffffff] could not be reserved
[    0.320998] system 00:00: Plug and Play ACPI device, IDs PNP0c01 (active)
[    0.321486] system 00:01: [io  0x164e-0x164f] has been reserved
[    0.321578] system 00:01: [io  0x1000-0x107f] has been reserved
[    0.321668] system 00:01: [io  0x1180-0x11bf] has been reserved
[    0.321760] system 00:01: [io  0x0800-0x080f] has been reserved
[    0.321850] system 00:01: [io  0x15e0-0x15ef] has been reserved
[    0.321941] system 00:01: [io  0x1600-0x165f] could not be reserved
[    0.322034] system 00:01: [mem 0xf0000000-0xf3ffffff] has been reserved
[    0.322128] system 00:01: [mem 0xfed1c000-0xfed1ffff] has been reserved
[    0.322222] system 00:01: [mem 0xfed14000-0xfed17fff] has been reserved
[    0.322316] system 00:01: [mem 0xfed18000-0xfed18fff] has been reserved
[    0.322409] system 00:01: [mem 0xfed19000-0xfed19fff] has been reserved
[    0.322537] system 00:01: Plug and Play ACPI device, IDs PNP0c02 (active)
[    0.322971] pnp 00:02: Plug and Play ACPI device, IDs PNP0b00 (active)
[    0.323427] pnp 00:03: Plug and Play ACPI device, IDs PNP0303 (active)
[    0.323582] pnp 00:04: Plug and Play ACPI device, IDs IBM3780 PNP0f13 (active)
[    0.324125] pnp 00:05: [dma 3]
[    0.324335] pnp 00:05: Plug and Play ACPI device, IDs IBM0071 PNP0511 (active)
[    0.324767] pnp 00:06: Plug and Play ACPI device, IDs ATM1200 PNP0c31 (active)
[    0.327375] pnp: PnP ACPI: found 7 devices
[    0.374730] clocksource: acpi_pm: mask: 0xffffff max_cycles: 0xffffff, max_idle_ns: 2085701024 ns
[    0.374879] pci 0000:00:1c.0: bridge window [mem 0x00100000-0x000fffff 64bit pref] to [bus 02] add_size 200000 add_align 100000
[    0.374966] pci 0000:00:1c.0: BAR 9: assigned [mem 0xc0000000-0xc01fffff 64bit pref]
[    0.375065] pci 0000:00:1c.0: PCI bridge to [bus 02]
[    0.375147] pci 0000:00:1c.0:   bridge window [io  0x2000-0x2fff]
[    0.375238] pci 0000:00:1c.0:   bridge window [mem 0xee000000-0xee0fffff]
[    0.375331] pci 0000:00:1c.0:   bridge window [mem 0xc0000000-0xc01fffff 64bit pref]
[    0.375439] pci 0000:00:1c.1: PCI bridge to [bus 03]
[    0.375522] pci 0000:00:1c.1:   bridge window [io  0x3000-0x4fff]
[    0.375612] pci 0000:00:1c.1:   bridge window [mem 0xec000000-0xedffffff]
[    0.375705] pci 0000:00:1c.1:   bridge window [mem 0xe4000000-0xe40fffff 64bit pref]
[    0.375806] pci 0000:00:1c.2: PCI bridge to [bus 04-0b]
[    0.375889] pci 0000:00:1c.2:   bridge window [io  0x5000-0x6fff]
[    0.375980] pci 0000:00:1c.2:   bridge window [mem 0xe8000000-0xe9ffffff]
[    0.376073] pci 0000:00:1c.2:   bridge window [mem 0xe4100000-0xe41fffff 64bit pref]
[    0.376174] pci 0000:00:1c.3: PCI bridge to [bus 0c-13]
[    0.376257] pci 0000:00:1c.3:   bridge window [io  0x7000-0x8fff]
[    0.376347] pci 0000:00:1c.3:   bridge window [mem 0xea000000-0xebffffff]
[    0.376439] pci 0000:00:1c.3:   bridge window [mem 0xe4200000-0xe42fffff 64bit pref]
[    0.376551] pci 0000:15:00.0: BAR 9: assigned [mem 0xe0000000-0xe3ffffff pref]
[    0.376647] pci 0000:15:00.0: BAR 10: assigned [mem 0xc4000000-0xc7ffffff]
[    0.376738] pci 0000:15:00.0: BAR 7: assigned [io  0x9000-0x90ff]
[    0.376824] pci 0000:15:00.0: BAR 8: assigned [io  0x9400-0x94ff]
[    0.376918] pci 0000:15:00.0: CardBus bridge to [bus 16-17]
[    0.377001] pci 0000:15:00.0:   bridge window [io  0x9000-0x90ff]
[    0.377090] pci 0000:15:00.0:   bridge window [io  0x9400-0x94ff]
[    0.377179] pci 0000:15:00.0:   bridge window [mem 0xe0000000-0xe3ffffff pref]
[    0.377273] pci 0000:15:00.0:   bridge window [mem 0xc4000000-0xc7ffffff]
[    0.377366] pci 0000:00:1e.0: PCI bridge to [bus 15-18]
[    0.377449] pci 0000:00:1e.0:   bridge window [io  0x9000-0xcfff]
[    0.377539] pci 0000:00:1e.0:   bridge window [mem 0xe4300000-0xe7ffffff]
[    0.377632] pci 0000:00:1e.0:   bridge window [mem 0xe0000000-0xe3ffffff 64bit pref]
[    0.377734] pci_bus 0000:00: resource 4 [io  0x0000-0x0cf7 window]
[    0.377739] pci_bus 0000:00: resource 5 [io  0x0d00-0xffff window]
[    0.377743] pci_bus 0000:00: resource 6 [mem 0x000a0000-0x000bffff window]
[    0.377747] pci_bus 0000:00: resource 7 [mem 0x000d0000-0x000d3fff window]
[    0.377751] pci_bus 0000:00: resource 8 [mem 0x000d4000-0x000d7fff window]
[    0.377755] pci_bus 0000:00: resource 9 [mem 0x000d8000-0x000dbfff window]
[    0.377760] pci_bus 0000:00: resource 10 [mem 0xc0000000-0xfebfffff window]
[    0.377764] pci_bus 0000:00: resource 11 [mem 0xfed40000-0xfed40fff window]
[    0.377768] pci_bus 0000:02: resource 0 [io  0x2000-0x2fff]
[    0.377772] pci_bus 0000:02: resource 1 [mem 0xee000000-0xee0fffff]
[    0.377777] pci_bus 0000:02: resource 2 [mem 0xc0000000-0xc01fffff 64bit pref]
[    0.377781] pci_bus 0000:03: resource 0 [io  0x3000-0x4fff]
[    0.377786] pci_bus 0000:03: resource 1 [mem 0xec000000-0xedffffff]
[    0.377790] pci_bus 0000:03: resource 2 [mem 0xe4000000-0xe40fffff 64bit pref]
[    0.377794] pci_bus 0000:04: resource 0 [io  0x5000-0x6fff]
[    0.377798] pci_bus 0000:04: resource 1 [mem 0xe8000000-0xe9ffffff]
[    0.377802] pci_bus 0000:04: resource 2 [mem 0xe4100000-0xe41fffff 64bit pref]
[    0.377807] pci_bus 0000:0c: resource 0 [io  0x7000-0x8fff]
[    0.377811] pci_bus 0000:0c: resource 1 [mem 0xea000000-0xebffffff]
[    0.377815] pci_bus 0000:0c: resource 2 [mem 0xe4200000-0xe42fffff 64bit pref]
[    0.377819] pci_bus 0000:15: resource 0 [io  0x9000-0xcfff]
[    0.377823] pci_bus 0000:15: resource 1 [mem 0xe4300000-0xe7ffffff]
[    0.377827] pci_bus 0000:15: resource 2 [mem 0xe0000000-0xe3ffffff 64bit pref]
[    0.377831] pci_bus 0000:15: resource 4 [io  0x0000-0x0cf7 window]
[    0.377836] pci_bus 0000:15: resource 5 [io  0x0d00-0xffff window]
[    0.377840] pci_bus 0000:15: resource 6 [mem 0x000a0000-0x000bffff window]
[    0.377844] pci_bus 0000:15: resource 7 [mem 0x000d0000-0x000d3fff window]
[    0.377848] pci_bus 0000:15: resource 8 [mem 0x000d4000-0x000d7fff window]
[    0.377852] pci_bus 0000:15: resource 9 [mem 0x000d8000-0x000dbfff window]
[    0.377856] pci_bus 0000:15: resource 10 [mem 0xc0000000-0xfebfffff window]
[    0.377860] pci_bus 0000:15: resource 11 [mem 0xfed40000-0xfed40fff window]
[    0.377865] pci_bus 0000:16: resource 0 [io  0x9000-0x90ff]
[    0.377869] pci_bus 0000:16: resource 1 [io  0x9400-0x94ff]
[    0.377873] pci_bus 0000:16: resource 2 [mem 0xe0000000-0xe3ffffff pref]
[    0.377877] pci_bus 0000:16: resource 3 [mem 0xc4000000-0xc7ffffff]
[    0.378341] NET: Registered protocol family 2
[    0.379068] tcp_listen_portaddr_hash hash table entries: 512 (order: 2, 20480 bytes)
[    0.379215] TCP established hash table entries: 8192 (order: 3, 32768 bytes)
[    0.379372] TCP bind hash table entries: 8192 (order: 6, 294912 bytes)
[    0.379964] TCP: Hash tables configured (established 8192 bind 8192)
[    0.380383] UDP hash table entries: 512 (order: 3, 40960 bytes)
[    0.380544] UDP-Lite hash table entries: 512 (order: 3, 40960 bytes)
[    0.380857] NET: Registered protocol family 1
[    0.381317] RPC: Registered named UNIX socket transport module.
[    0.381317] RPC: Registered udp transport module.
[    0.381397] RPC: Registered tcp transport module.
[    0.381477] RPC: Registered tcp NFSv4.1 backchannel transport module.
[    0.382361] pci 0000:00:02.0: Video device with shadowed ROM at [mem 0x000c0000-0x000dffff]
[    0.386537] PCI: CLS mismatch (64 != 32), using 64 bytes
[    0.389583] Initialise system trusted keyrings
[    0.389965] workingset: timestamp_bits=30 max_order=20 bucket_order=0
[    0.392892] Installing knfsd (copyright (C) 1996 okir@monad.swb.de).
[    0.393396] ntfs: driver 2.1.32 [Flags: R/W].
[    0.393702] fuse init (API version 7.27)
[    0.394379] pstore: using deflate compression
[    0.397643] Key type asymmetric registered
[    0.397731] Asymmetric key parser 'x509' registered
[    0.397950] bounce: pool size: 64 pages
[    0.398130] Block layer SCSI generic (bsg) driver version 0.4 loaded (major 249)
[    0.398235] io scheduler noop registered
[    0.398310] io scheduler deadline registered
[    0.398429] io scheduler cfq registered (default)
[    0.398508] io scheduler mq-deadline registered
[    0.398615] io scheduler bfq registered
[    0.401373] intel_idle: does not run on family 6 model 14
[    0.401876] ACPI: Deprecated procfs I/F for AC is loaded, please retry with CONFIG_ACPI_PROCFS_POWER cleared
[    0.401907] ACPI: AC Adapter [AC] (on-line)
[    0.402536] input: Lid Switch as /devices/LNXSYSTM:00/LNXSYBUS:00/PNP0C0D:00/input/input0
[    0.402912] ACPI: Lid Switch [LID]
[    0.403217] input: Sleep Button as /devices/LNXSYSTM:00/LNXSYBUS:00/PNP0C0E:00/input/input1
[    0.403374] ACPI: Sleep Button [SLPB]
[    0.403630] input: Power Button as /devices/LNXSYSTM:00/LNXPWRBN:00/input/input2
[    0.403876] ACPI: Power Button [PWRF]
[    0.404418] ACPI: Video Device [VID] (multi-head: yes  rom: no  post: no)
[    0.412285] acpi device:01: registered as cooling_device0
[    0.412782] input: Video Bus as /devices/LNXSYSTM:00/LNXSYBUS:00/PNP0A08:00/LNXVIDEO:00/input/input3
[    0.414606] ACPI Error: No pointer back to namespace node in package (ptrval) (20180313/dsargs-303)
[    0.414765] ACPI Error: Method parse/execution failed \_PR.CPU0._TSS, AE_AML_INTERNAL (20180313/psparse-516)
[    0.414963] ACPI Error: AE_AML_INTERNAL, Evaluating _TSS (20180313/processor_throttling-520)
[    0.417409] ACPI Error: No pointer back to namespace node in package (ptrval) (20180313/dsargs-303)
[    0.417564] ACPI Error: Method parse/execution failed \_PR.CPU0._TSS, AE_AML_INTERNAL (20180313/psparse-516)
[    0.417742] ACPI Error: Method parse/execution failed \_PR.CPU1._TSS, AE_AML_INTERNAL (20180313/psparse-516)
[    0.417893] ACPI Error: AE_AML_INTERNAL, Evaluating _TSS (20180313/processor_throttling-520)
[    0.423431] thermal LNXTHERM:00: registered as thermal_zone0
[    0.423559] ACPI: Thermal Zone [THM0] (82 C)
[    0.427454] thermal LNXTHERM:01: registered as thermal_zone1
[    0.427544] ACPI: Thermal Zone [THM1] (82 C)
[    0.428281] Serial: 8250/16550 driver, 4 ports, IRQ sharing disabled
[    0.429878] serial8250: ttyS1 at I/O 0x2f8 (irq = 3, base_baud = 921600) is a NS16550A
[    0.433295] lp: driver loaded but no devices found
[    0.433540] Non-volatile memory driver v1.3
[    0.434400] intel_rng: FWH not detected
[    0.434918] Linux agpgart interface v0.103
[    0.435961] [drm] radeon kernel modesetting enabled.
[    0.439909] pci 0000:00:00.0: Intel 945GM Chipset
[    0.440200] pci 0000:00:00.0: detected gtt size: 262144K total, 262144K mappable
[    0.441063] pci 0000:00:00.0: detected 8192K stolen memory
[    0.441763] [drm] Replacing VGA console driver
[    0.443977] Console: switching to colour dummy device 80x25
[    0.445540] [drm] Supports vblank timestamp caching Rev 2 (21.10.2013).
[    0.445540] [drm] Driver supports precise vblank timestamp query.
[    0.445540] resource sanity check: requesting [mem 0x000c0000-0x000dffff], which spans more than pnp 00:00 [mem 0x000c8000-0x000cbfff]
[    0.445540] caller pci_map_rom+0x58/0xf0 mapping multiple BARs
[    0.447324] i915 0000:00:02.0: vgaarb: changed VGA decodes: olddecodes=io+mem,decodes=io+mem:owns=io+mem
[    0.458949] ACPI: Deprecated procfs I/F for battery is loaded, please retry with CONFIG_ACPI_PROCFS_POWER cleared
[    0.459034] ACPI: Battery Slot [BAT0] (battery present)
[    0.503938] [drm] RC6 disabled, disabling runtime PM support
[    0.504085] [drm] initialized overlay support
[    0.505922] [drm] Initialized i915 1.6.0 20180308 for 0000:00:02.0 on minor 0
[    0.506894] usbcore: registered new interface driver udl
[    0.508652] random: fast init done
[    0.521503] loop: module loaded
[    0.527690] fbcon: inteldrmfb (fb0) is primary device
[    0.545229] ahci 0000:00:1f.2: version 3.0
[    0.546032] ahci 0000:00:1f.2: AHCI 0001.0100 32 slots 4 ports 1.5 Gbps 0x1 impl SATA mode
[    0.546038] ahci 0000:00:1f.2: flags: 64bit ncq pm led clo pio slum part 
[    0.548496] scsi host0: ahci
[    0.549572] scsi host1: ahci
[    0.550013] scsi host2: ahci
[    0.550519] scsi host3: ahci
[    0.550767] ata1: SATA max UDMA/133 abar m1024@0xee444400 port 0xee444500 irq 16
[    0.550769] ata2: DUMMY
[    0.550771] ata3: DUMMY
[    0.550773] ata4: DUMMY
[    0.550960] ata_piix 0000:00:1f.1: version 2.13
[    0.554124] scsi host4: ata_piix
[    0.555374] scsi host5: ata_piix
[    0.555543] ata5: PATA max UDMA/100 cmd 0x1f0 ctl 0x3f6 bmdma 0x1810 irq 14
[    0.555543] ata6: PATA max UDMA/100 cmd 0x170 ctl 0x376 bmdma 0x1818 irq 15
[    0.556293] tun: Universal TUN/TAP device driver, 1.6
[    0.556925] ata6: port disabled--ignoring
[    0.557209] e1000: Intel(R) PRO/1000 Network Driver - version 7.3.21-k8-NAPI
[    0.557211] e1000: Copyright (c) 1999-2006 Intel Corporation.
[    0.557561] e1000e: Intel(R) PRO/1000 Network Driver - 3.2.6-k
[    0.557561] e1000e: Copyright(c) 1999 - 2015 Intel Corporation.
[    0.557667] e1000e 0000:02:00.0: Disabling ASPM  L1
[    0.557667] e1000e 0000:02:00.0: can't disable ASPM; OS doesn't have ASPM control
[    0.558105] e1000e 0000:02:00.0: Interrupt Throttling Rate (ints/sec) set to dynamic conservative mode
[    0.654122] e1000e 0000:02:00.0 eth0: (PCI Express:2.5GT/s:Width x1) 00:16:d3:25:19:04
[    0.654126] e1000e 0000:02:00.0 eth0: Intel(R) PRO/1000 Network Connection
[    0.654207] e1000e 0000:02:00.0 eth0: MAC: 2, PHY: 2, PBA No: 005302-003
[    0.654444] PPP generic driver version 2.4.2
[    0.655380] PPP BSD Compression module registered
[    0.655382] PPP Deflate Compression module registered
[    0.655386] SLIP: version 0.8.4-NET3.019-NEWTTY (dynamic channels, max=256).
[    0.655388] CSLIP: code copyright 1989 Regents of the University of California.
[    0.655471] iwl3945: Intel(R) PRO/Wireless 3945ABG/BG Network Connection driver for Linux, in-tree:ds
[    0.655473] iwl3945: Copyright(c) 2003-2011 Intel Corporation
[    0.655475] iwl3945: hw_scan is disabled
[    0.655706] iwl3945 0000:03:00.0: can't disable ASPM; OS doesn't have ASPM control
[    0.710072] iwl3945 0000:03:00.0: Tunable channels: 11 802.11bg, 13 802.11a channels
[    0.710076] iwl3945 0000:03:00.0: Detected Intel Wireless WiFi Link 3945ABG
[    0.711255] ieee80211 phy0: Selected rate control algorithm 'iwl-3945-rs'
[    0.712201] Intel(R) Wireless WiFi driver for Linux
[    0.712201] Copyright(c) 2003- 2015 Intel Corporation
[    0.712437] usbcore: registered new interface driver ax88179_178a
[    0.712437] usbcore: registered new interface driver cdc_ether
[    0.712437] usbcore: registered new interface driver net1080
[    0.712437] usbcore: registered new interface driver cdc_subset
[    0.712437] usbcore: registered new interface driver zaurus
[    0.712647] usbcore: registered new interface driver cdc_ncm
[    0.712758] pci 0000:00:1e.0: enabling device (0005 -> 0007)
[    0.712758] yenta_cardbus 0000:15:00.0: CardBus bridge found [17aa:201c]
[    0.771445] ata1: SATA link up 1.5 Gbps (SStatus 113 SControl 300)
[    0.878460] ata1.00: ACPI cmd ef/02:00:00:00:00:a0 (SET FEATURES) succeeded
[    0.878465] ata1.00: ACPI cmd f5/00:00:00:00:00:a0 (SECURITY FREEZE LOCK) filtered out
[    0.878469] ata1.00: ACPI cmd ef/10:03:00:00:00:a0 (SET FEATURES) filtered out
[    0.922595] ata1.00: ATA-9: ST1000LM014-1EJ164, SM11, max UDMA/133
[    0.922598] ata1.00: 1953525168 sectors, multi 16: LBA48 NCQ (depth 31/32), AA
[    0.927401] clocksource: timekeeping watchdog on CPU1: Marking clocksource 'tsc-early' as unstable because the skew is too large:
[    0.927404] clocksource:                       'hpet' wd_now: 11324ea wd_last: a34c49 mask: ffffffff
[    0.927406] clocksource:                       'tsc-early' cs_now: 744800271 cs_last: 7182b64bc mask: ffffffffffffffff
[    0.927585] clocksource: Switched to clocksource hpet
[    0.966888] ata1.00: ACPI cmd ef/02:00:00:00:00:a0 (SET FEATURES) succeeded
[    0.966893] ata1.00: ACPI cmd f5/00:00:00:00:00:a0 (SECURITY FREEZE LOCK) filtered out
[    0.966897] ata1.00: ACPI cmd ef/10:03:00:00:00:a0 (SET FEATURES) filtered out
[    1.011043] ata1.00: configured for UDMA/133
[    1.166372] Console: switching to colour frame buffer device 102x42
[    1.309848] i915 0000:00:02.0: fb0: inteldrmfb frame buffer device
[    1.313182] scsi 0:0:0:0: Direct-Access     ATA      ST1000LM014-1EJ1 SM11 PQ: 0 ANSI: 5
[    1.317159] sd 0:0:0:0: [sda] 1953525168 512-byte logical blocks: (1.00 TB/932 GiB)
[    1.317223] sd 0:0:0:0: Attached scsi generic sg0 type 0
[    1.319992] sd 0:0:0:0: [sda] 4096-byte physical blocks
[    1.325692] sd 0:0:0:0: [sda] Write Protect is off
[    1.328363] sd 0:0:0:0: [sda] Mode Sense: 00 3a 00 00
[    1.328496] sd 0:0:0:0: [sda] Write cache: enabled, read cache: enabled, doesn't support DPO or FUA
[    1.334001]  sda: sda1 sda2 sda3 sda4
[    1.338826] sd 0:0:0:0: [sda] Attached SCSI disk
[    1.477192] yenta_cardbus 0000:15:00.0: ISA IRQ mask 0x0cb8, PCI irq 16
[    1.479903] yenta_cardbus 0000:15:00.0: Socket status: 30000006
[    1.482629] yenta_cardbus 0000:15:00.0: pcmcia: parent PCI bridge window: [io  0x9000-0xcfff]
[    1.485370] yenta_cardbus 0000:15:00.0: pcmcia: parent PCI bridge window: [mem 0xe4300000-0xe7ffffff]
[    1.488108] pcmcia_socket pcmcia_socket0: cs: memory probe 0xe4300000-0xe7ffffff:
[    1.490847]  excluding 0xe4300000-0xe46cffff
[    1.493685] yenta_cardbus 0000:15:00.0: pcmcia: parent PCI bridge window: [mem 0xe0000000-0xe3ffffff 64bit pref]
[    1.496682] pcmcia_socket pcmcia_socket0: cs: memory probe 0xe0000000-0xe3ffffff:
[    1.499771]  excluding 0xe0000000-0xe3ffffff
[    1.503920] ehci_hcd: USB 2.0 'Enhanced' Host Controller (EHCI) Driver
[    1.507086] ehci-pci: EHCI PCI platform driver
[    1.510771] ehci-pci 0000:00:1d.7: EHCI Host Controller
[    1.514216] ehci-pci 0000:00:1d.7: new USB bus registered, assigned bus number 1
[    1.517443] ehci-pci 0000:00:1d.7: debug port 1
[    1.524508] ehci-pci 0000:00:1d.7: cache line size of 64 is not supported
[    1.524560] ehci-pci 0000:00:1d.7: irq 19, io mem 0xee444000
[    1.540131] ehci-pci 0000:00:1d.7: USB 2.0 started, EHCI 1.00
[    1.543723] usb usb1: New USB device found, idVendor=1d6b, idProduct=0002, bcdDevice= 4.17
[    1.546897] usb usb1: New USB device strings: Mfr=3, Product=2, SerialNumber=1
[    1.549970] usb usb1: Product: EHCI Host Controller
[    1.552924] usb usb1: Manufacturer: Linux 4.17.0-rc1-next-20180423+ ehci_hcd
[    1.555866] usb usb1: SerialNumber: 0000:00:1d.7
[    1.559513] hub 1-0:1.0: USB hub found
[    1.562751] hub 1-0:1.0: 8 ports detected
[    1.567583] ohci_hcd: USB 1.1 'Open' Host Controller (OHCI) Driver
[    1.570374] ohci-pci: OHCI PCI platform driver
[    1.570449] uhci_hcd: USB Universal Host Controller Interface driver
[    1.576457] uhci_hcd 0000:00:1d.0: UHCI Host Controller
[    1.579476] uhci_hcd 0000:00:1d.0: new USB bus registered, assigned bus number 2
[    1.582310] uhci_hcd 0000:00:1d.0: detected 2 ports
[    1.585056] uhci_hcd 0000:00:1d.0: irq 16, io base 0x00001820
[    1.588219] usb usb2: New USB device found, idVendor=1d6b, idProduct=0001, bcdDevice= 4.17
[    1.590973] usb usb2: New USB device strings: Mfr=3, Product=2, SerialNumber=1
[    1.593747] usb usb2: Product: UHCI Host Controller
[    1.596509] usb usb2: Manufacturer: Linux 4.17.0-rc1-next-20180423+ uhci_hcd
[    1.599261] usb usb2: SerialNumber: 0000:00:1d.0
[    1.602539] hub 2-0:1.0: USB hub found
[    1.605308] hub 2-0:1.0: 2 ports detected
[    1.609080] uhci_hcd 0000:00:1d.1: UHCI Host Controller
[    1.611947] uhci_hcd 0000:00:1d.1: new USB bus registered, assigned bus number 3
[    1.614656] uhci_hcd 0000:00:1d.1: detected 2 ports
[    1.617321] uhci_hcd 0000:00:1d.1: irq 17, io base 0x00001840
[    1.620382] usb usb3: New USB device found, idVendor=1d6b, idProduct=0001, bcdDevice= 4.17
[    1.623020] usb usb3: New USB device strings: Mfr=3, Product=2, SerialNumber=1
[    1.625582] usb usb3: Product: UHCI Host Controller
[    1.628054] usb usb3: Manufacturer: Linux 4.17.0-rc1-next-20180423+ uhci_hcd
[    1.630505] usb usb3: SerialNumber: 0000:00:1d.1
[    1.633569] hub 3-0:1.0: USB hub found
[    1.636045] hub 3-0:1.0: 2 ports detected
[    1.639615] uhci_hcd 0000:00:1d.2: UHCI Host Controller
[    1.642229] uhci_hcd 0000:00:1d.2: new USB bus registered, assigned bus number 4
[    1.644650] uhci_hcd 0000:00:1d.2: detected 2 ports
[    1.647071] uhci_hcd 0000:00:1d.2: irq 18, io base 0x00001860
[    1.649966] usb usb4: New USB device found, idVendor=1d6b, idProduct=0001, bcdDevice= 4.17
[    1.652457] usb usb4: New USB device strings: Mfr=3, Product=2, SerialNumber=1
[    1.654865] usb usb4: Product: UHCI Host Controller
[    1.657246] usb usb4: Manufacturer: Linux 4.17.0-rc1-next-20180423+ uhci_hcd
[    1.659650] usb usb4: SerialNumber: 0000:00:1d.2
[    1.662676] hub 4-0:1.0: USB hub found
[    1.665153] hub 4-0:1.0: 2 ports detected
[    1.668717] uhci_hcd 0000:00:1d.3: UHCI Host Controller
[    1.671323] uhci_hcd 0000:00:1d.3: new USB bus registered, assigned bus number 5
[    1.673748] uhci_hcd 0000:00:1d.3: detected 2 ports
[    1.676147] uhci_hcd 0000:00:1d.3: irq 19, io base 0x00001880
[    1.678906] usb usb5: New USB device found, idVendor=1d6b, idProduct=0001, bcdDevice= 4.17
[    1.681351] usb usb5: New USB device strings: Mfr=3, Product=2, SerialNumber=1
[    1.683743] usb usb5: Product: UHCI Host Controller
[    1.686144] usb usb5: Manufacturer: Linux 4.17.0-rc1-next-20180423+ uhci_hcd
[    1.688557] usb usb5: SerialNumber: 0000:00:1d.3
[    1.691523] hub 5-0:1.0: USB hub found
[    1.693968] hub 5-0:1.0: 2 ports detected
[    1.697225] usbcore: registered new interface driver cdc_acm
[    1.699479] cdc_acm: USB Abstract Control Model driver for USB modems and ISDN adapters
[    1.701914] usbcore: registered new interface driver usblp
[    1.704383] usbcore: registered new interface driver usb-storage
[    1.706773] usbcore: registered new interface driver ums-sddr09
[    1.709213] usbcore: registered new interface driver usbserial_generic
[    1.711545] usbserial: USB Serial support registered for generic
[    1.713906] usbcore: registered new interface driver ch341
[    1.716204] usbserial: USB Serial support registered for ch341-uart
[    1.718519] usbcore: registered new interface driver ftdi_sio
[    1.720819] usbserial: USB Serial support registered for FTDI USB Serial Device
[    1.723225] usbcore: registered new interface driver option
[    1.725560] usbserial: USB Serial support registered for GSM modem (1-port)
[    1.728056] usbcore: registered new interface driver pl2303
[    1.730462] usbserial: USB Serial support registered for pl2303
[    1.732926] usbcore: registered new interface driver ti_usb_3410_5052
[    1.735366] usbserial: USB Serial support registered for TI USB 3410 1 port adapter
[    1.737881] usbserial: USB Serial support registered for TI USB 5052 2 port adapter
[    1.740328] ftdi_elan: driver ftdi-elan
[    1.742730] usbcore: registered new interface driver ftdi-elan
[    1.745321] i8042: PNP: PS/2 Controller [PNP0303:KBD,PNP0f13:MOU] at 0x60,0x64 irq 1,12
[    1.759001] serio: i8042 KBD port at 0x60,0x64 irq 1
[    1.761498] serio: i8042 AUX port at 0x60,0x64 irq 12
[    1.764692] mousedev: PS/2 mouse device common for all mice
[    1.768245] input: PC Speaker as /devices/platform/pcspkr/input/input4
[    1.771343] rtc_cmos 00:02: RTC can wake from S4
[    1.774405] rtc_cmos 00:02: registered as rtc0
[    1.777017] rtc_cmos 00:02: alarms up to one month, y3k, 114 bytes nvram, hpet irqs
[    1.779682] usbcore: registered new interface driver uvcvideo
[    1.782218] USB Video Class driver (1.1.1)
[    1.784660] gspca_main: v2.14.0 registered
[    1.787118] usbcore: registered new interface driver sq930x
[    1.790713] device-mapper: ioctl: 4.39.0-ioctl (2018-04-03) initialised: dm-devel@redhat.com
[    1.793261] Bluetooth: HCI UART driver ver 2.3
[    1.795733] Bluetooth: HCI UART protocol H4 registered
[    1.798225] Bluetooth: HCI UART protocol BCSP registered
[    1.800844] usbcore: registered new interface driver btusb
[    1.803446] sdhci: Secure Digital Host Controller Interface driver
[    1.805918] sdhci: Copyright(c) Pierre Ossman
[    1.808380] sdhci-pci 0000:15:00.2: SDHCI controller found [1180:0822] (rev 18)
[    1.811263] sdhci-pci 0000:15:00.2: Will use DMA mode even though HW doesn't fully claim to support it.
[    1.814413] mmc0 bounce up to 128 segments into one, max segment size 65536 bytes
[    1.817149] sdhci-pci 0000:15:00.2: Will use DMA mode even though HW doesn't fully claim to support it.
[    1.820459] mmc0: SDHCI controller on PCI [0000:15:00.2] using DMA
[    1.823444] hidraw: raw HID events driver (C) Jiri Kosina
[    1.827625] usbcore: registered new interface driver usbhid
[    1.830436] usbhid: USB HID core driver
[    1.834072] thinkpad_acpi: ThinkPad ACPI Extras v0.26
[    1.836778] thinkpad_acpi: http://ibm-acpi.sf.net/
[    1.839404] thinkpad_acpi: ThinkPad BIOS 7BETD8WW (2.19 ), EC 7BHT40WW-1.13
[    1.842072] thinkpad_acpi: Lenovo ThinkPad X60, model 17097HU
[    1.846373] input: AT Translated Set 2 keyboard as /devices/platform/i8042/serio0/input/input5
[    1.851818] thinkpad_acpi: ACPI backlight control delay disabled
[    1.855269] thinkpad_acpi: radio switch found; radios are enabled
[    1.858070] thinkpad_acpi: This ThinkPad has standard ACPI backlight brightness control, supported by the ACPI video driver
[    1.863709] thinkpad_acpi: Disabling thinkpad-acpi brightness events by default...
[    1.877623] thinkpad_acpi: rfkill switch tpacpi_bluetooth_sw: radio is unblocked
[    1.880075] sdhci-pci 0000:15:00.2: Will use DMA mode even though HW doesn't fully claim to support it.
[    1.885991] thinkpad_acpi: warning: userspace override of important firmware LEDs is enabled
[    1.894301] thinkpad_acpi: Standard ACPI backlight interface available, not loading native one
[    1.897376] thinkpad_acpi: volume: disabled as there is no ALSA support in this kernel
[    1.900473] usb 1-1: new high-speed USB device number 2 using ehci-pci
[    1.903979] thinkpad_acpi: battery 1 registered (start 0, stop 0)
[    1.903989] battery: new extension: ThinkPad Battery Extension
[    1.910389] input: ThinkPad Extra Buttons as /devices/platform/thinkpad_acpi/input/input6
[    1.918593] snd_hda_intel 0000:00:1b.0: probe_mask set to 0x1 for device 17aa:2010
[    1.922059] usbcore: registered new interface driver snd-usb-audio
[    1.927030] NET: Registered protocol family 17
[    1.931253] Bluetooth: RFCOMM TTY layer initialized
[    1.934370] Bluetooth: RFCOMM socket layer initialized
[    1.937478] Bluetooth: RFCOMM ver 1.11
[    1.940559] Bluetooth: BNEP (Ethernet Emulation) ver 1.3
[    1.943626] Bluetooth: BNEP filters: protocol multicast
[    1.946710] Bluetooth: BNEP socket layer initialized
[    1.949750] Bluetooth: HIDP (Human Interface Emulation) ver 1.2
[    1.952782] Bluetooth: HIDP socket layer initialized
[    1.956379] microcode: sig=0x6e8, pf=0x20, revision=0x39
[    1.960430] microcode: Microcode Update Driver: v2.2.
[    1.960437] Using IPI No-Shortcut mode
[    1.967984] Loading compiled-in X.509 certificates
[    1.972547] snd_hda_codec_analog hdaudioC0D0: autoconfig for AD1981: line_outs=1 (0x5/0x0/0x0/0x0/0x0) type:speaker
[    1.973128] Key type encrypted registered
[    1.978330] snd_hda_codec_analog hdaudioC0D0:    speaker_outs=0 (0x0/0x0/0x0/0x0/0x0)
[    1.978334] snd_hda_codec_analog hdaudioC0D0:    hp_outs=0 (0x0/0x0/0x0/0x0/0x0)
[    1.978338] snd_hda_codec_analog hdaudioC0D0:    mono: mono_out=0x0
[    1.978341] snd_hda_codec_analog hdaudioC0D0:    inputs:
[    1.978345] snd_hda_codec_analog hdaudioC0D0:      Mic=0x8
[    1.978349] snd_hda_codec_analog hdaudioC0D0:      CD=0x19
[    2.000275] rtc_cmos 00:02: setting system clock to 2018-04-23 19:35:40 UTC (1524512140)
[    2.005653] sdhci-pci 0000:15:00.2: Will use DMA mode even though HW doesn't fully claim to support it.
[    2.012185] cfg80211: Loading compiled-in X.509 certificates for regulatory database
[    2.018191] cfg80211: Loaded X.509 cert 'sforshee: 00b28ddf47aef9cea7'
[    2.021627] platform regulatory.0: Direct firmware load for regulatory.db failed with error -2
[    2.024410] cfg80211: failed to load regulatory.db
[    2.076605] sdhci-pci 0000:15:00.2: Will use DMA mode even though HW doesn't fully claim to support it.
[    2.084100] usb 1-1: New USB device found, idVendor=0525, idProduct=a4a2, bcdDevice= 4.17
[    2.087862] usb 1-1: New USB device strings: Mfr=1, Product=2, SerialNumber=0
[    2.091524] usb 1-1: Product: RNDIS/Ethernet Gadget
[    2.095099] usb 1-1: Manufacturer: Linux 4.17.0-rc1-73419-g5ea25ae-dirty with musb-hdrc
[    2.107400] PM: Image not found (code -22)
[    2.107445] ALSA device list:
[    2.110428] cdc_ether 1-1:1.0 usb0: register 'cdc_ether' at usb-0000:00:1d.7-1, CDC Ethernet Device, f2:fa:bf:a2:66:b4
[    2.112107]   #0: HDA Intel at 0xee240000 irq 17
[    2.162651] sdhci-pci 0000:15:00.2: Will use DMA mode even though HW doesn't fully claim to support it.
[    2.452079] usb 5-1: new full-speed USB device number 2 using uhci_hcd
[    2.548939] psmouse serio1: trackpoint: IBM TrackPoint firmware: 0x0e, buttons: 3/3
[    2.572284] input: TPPS/2 IBM TrackPoint as /devices/platform/i8042/serio1/input/input8
[    2.580994] md: Waiting for all devices to be available before autodetect
[    2.585133] md: If you don't use raid, use raid=noautodetect
[    2.590120] md: Autodetecting RAID arrays.
[    2.593289] md: autorun ...
[    2.596384] md: ... autorun DONE.
[    2.611310] EXT4-fs (sda4): mounted filesystem with ordered data mode. Opts: (null)
[    2.615620] VFS: Mounted root (ext4 filesystem) readonly on device 8:4.
[    2.620407] devtmpfs: mounted
[    2.624183] Freeing unused kernel memory: 596K
[    2.627502] Write protecting the kernel text: 12064k
[    2.630607] Write protecting the kernel read-only data: 4768k
[    2.633619] NX-protecting the kernel data: 6368k
[    2.637101] x86/mm: Checked W+X mappings: passed, no W+X pages found.
[    2.640143] x86/mm: Checking user space page tables
[    2.643206] x86/mm: Checked W+X mappings: passed, no W+X pages found.
[    2.646304] rodata_test: all tests were successful
[    2.854193] usb 5-1: New USB device found, idVendor=0a5c, idProduct=2110, bcdDevice= 1.00
[    2.860150] usb 5-1: New USB device strings: Mfr=1, Product=2, SerialNumber=0
[    2.865840] usb 5-1: Product: BCM2045B
[    2.871298] usb 5-1: Manufacturer: Broadcom Corp
[    3.176857] random: systemd: uninitialized urandom read (16 bytes read)
[    3.183141] systemd[1]: systemd 215 running in system mode. (+PAM +AUDIT +SELINUX +IMA +SYSVINIT +LIBCRYPTSETUP +GCRYPT +ACL +XZ -SECCOMP -APPARMOR)
[    3.212364] systemd[1]: Detected architecture 'x86'.
[    3.310842] systemd[1]: Failed to insert module 'ipv6'
[    3.320902] systemd[1]: Set hostname to <amd>.
[    3.412099] usb 5-2: new full-speed USB device number 3 using uhci_hcd
[    3.491363] random: systemd-sysv-ge: uninitialized urandom read (16 bytes read)
[    3.617184] usb 5-2: New USB device found, idVendor=0483, idProduct=2016, bcdDevice= 0.01
[    3.622384] usb 5-2: New USB device strings: Mfr=1, Product=2, SerialNumber=0
[    3.627357] usb 5-2: Product: Biometric Coprocessor
[    3.632243] usb 5-2: Manufacturer: STMicroelectronics
[    3.949089] random: systemd-sysv-ge: uninitialized urandom read (16 bytes read)
[    3.980581] random: systemd: uninitialized urandom read (16 bytes read)
[    3.983967] random: systemd: uninitialized urandom read (16 bytes read)
[    3.986882] random: systemd: uninitialized urandom read (16 bytes read)
[    4.052378] random: systemd: uninitialized urandom read (16 bytes read)
[    4.057020] random: systemd: uninitialized urandom read (16 bytes read)
[    4.061557] random: systemd: uninitialized urandom read (16 bytes read)
[    4.141319] random: systemd: uninitialized urandom read (16 bytes read)
[    4.501454] systemd[1]: Binding to IPv6 address not available since kernel does not support IPv6.
[    4.504630] systemd[1]: [/lib/systemd/system/gpsd.socket:6] Failed to parse address value, ignoring: [::1]:2947
[    4.541611] systemd[1]: Starting Forward Password Requests to Wall Directory Watch.
[    4.546679] systemd[1]: Started Forward Password Requests to Wall Directory Watch.
[    4.549289] systemd[1]: Starting Remote File Systems (Pre).
[    4.556757] systemd[1]: Reached target Remote File Systems (Pre).
[    5.052386] random: crng init done
[    5.229022] systemd-udevd[2321]: starting version 215
[    6.350846] EXT4-fs (sda4): re-mounted. Opts: errors=remount-ro
[    6.874879] e1000e 0000:02:00.0 eth1: renamed from eth0
[    6.892329] systemd-udevd[2379]: renamed network interface eth0 to eth1
[    8.680184] Adding 2097148k swap on /dev/sda1.  Priority:-2 extents:1 across:2097148k 
[    8.796599] EXT4-fs (sda2): mounted filesystem with ordered data mode. Opts: errors=remount-ro
[    8.989919] systemd-journald[1937]: Received request to flush runtime journal from PID 1
[   11.017731] NFSD: Using /var/lib/nfs/v4recovery as the NFSv4 state recovery directory
[   11.116451] NFSD: starting 90-second grace period (net f0000098)
[   14.451038] iwl3945 0000:03:00.0: loaded firmware version 15.32.2.9
[   16.054733] e1000e: eth1 NIC Link is Up 100 Mbps Full Duplex, Flow Control: None
[   16.054918] e1000e 0000:02:00.0 eth1: 10/100 speed: disabling TSO
[   17.438642] wlan0: authenticate with 00:00:00:00:00:01
[   17.440833] wlan0: send auth to 00:00:00:00:00:01 (try 1/3)
[   17.443020] wlan0: authenticated
[   17.444155] wlan0: associate with 00:00:00:00:00:01 (try 1/3)
[   17.447341] wlan0: RX AssocResp from 00:00:00:00:00:01 (capab=0x401 status=0 aid=6)
[   17.449436] wlan0: associated
