[    0.000000] Linux version 5.8.0-rc2+ (pavel@duo) (gcc (Debian 8.3.0-6) 8.3.0, GNU ld (GNU Binutils for Debian) 2.31.1) #118 SMP PREEMPT Mon Jun 22 11:10:39 CEST 2020
[    0.000000] Command line: BOOT_IMAGE=(hd1,2)/l/k/o/64/arch/x86/boot/bzImage root=/dev/sdb3 resume=/dev/sda1
[    0.000000] Disabled fast string operations
[    0.000000] x86/fpu: Supporting XSAVE feature 0x001: 'x87 floating point registers'
[    0.000000] x86/fpu: Supporting XSAVE feature 0x002: 'SSE registers'
[    0.000000] x86/fpu: Supporting XSAVE feature 0x004: 'AVX registers'
[    0.000000] x86/fpu: xstate_offset[2]:  576, xstate_sizes[2]:  256
[    0.000000] x86/fpu: Enabled xstate features 0x7, context size is 832 bytes, using 'standard' format.
[    0.000000] BIOS-provided physical RAM map:
[    0.000000] BIOS-e820: [mem 0x0000000000000000-0x000000000009d7ff] usable
[    0.000000] BIOS-e820: [mem 0x000000000009d800-0x000000000009ffff] reserved
[    0.000000] BIOS-e820: [mem 0x00000000000e0000-0x00000000000fffff] reserved
[    0.000000] BIOS-e820: [mem 0x0000000000100000-0x000000001fffffff] usable
[    0.000000] BIOS-e820: [mem 0x0000000020000000-0x00000000201fffff] reserved
[    0.000000] BIOS-e820: [mem 0x0000000020200000-0x000000003fffffff] usable
[    0.000000] BIOS-e820: [mem 0x0000000040000000-0x00000000401fffff] reserved
[    0.000000] BIOS-e820: [mem 0x0000000040200000-0x00000000da99efff] usable
[    0.000000] BIOS-e820: [mem 0x00000000da99f000-0x00000000dae9efff] reserved
[    0.000000] BIOS-e820: [mem 0x00000000dae9f000-0x00000000daf9efff] ACPI NVS
[    0.000000] BIOS-e820: [mem 0x00000000daf9f000-0x00000000daffefff] ACPI data
[    0.000000] BIOS-e820: [mem 0x00000000dafff000-0x00000000daffffff] usable
[    0.000000] BIOS-e820: [mem 0x00000000db000000-0x00000000df9fffff] reserved
[    0.000000] BIOS-e820: [mem 0x00000000f8000000-0x00000000fbffffff] reserved
[    0.000000] BIOS-e820: [mem 0x00000000fec00000-0x00000000fec00fff] reserved
[    0.000000] BIOS-e820: [mem 0x00000000fed08000-0x00000000fed08fff] reserved
[    0.000000] BIOS-e820: [mem 0x00000000fed10000-0x00000000fed19fff] reserved
[    0.000000] BIOS-e820: [mem 0x00000000fed1c000-0x00000000fed1ffff] reserved
[    0.000000] BIOS-e820: [mem 0x00000000fee00000-0x00000000fee00fff] reserved
[    0.000000] BIOS-e820: [mem 0x00000000ffd20000-0x00000000ffffffff] reserved
[    0.000000] BIOS-e820: [mem 0x0000000100000000-0x000000019e5fffff] usable
[    0.000000] BIOS-e820: [mem 0x000000019e600000-0x000000019e7fffff] reserved
[    0.000000] NX (Execute Disable) protection: active
[    0.000000] SMBIOS 2.6 present.
[    0.000000] DMI: LENOVO 42872WU/42872WU, BIOS 8DET74WW (1.44 ) 03/13/2018
[    0.000000] tsc: Fast TSC calibration using PIT
[    0.000000] tsc: Detected 2491.805 MHz processor
[    0.000642] e820: update [mem 0x00000000-0x00000fff] usable ==> reserved
[    0.000645] e820: remove [mem 0x000a0000-0x000fffff] usable
[    0.000653] last_pfn = 0x19e600 max_arch_pfn = 0x400000000
[    0.000658] MTRR default type: uncachable
[    0.000659] MTRR fixed ranges enabled:
[    0.000661]   00000-9FFFF write-back
[    0.000663]   A0000-BFFFF uncachable
[    0.000664]   C0000-FFFFF write-protect
[    0.000666] MTRR variable ranges enabled:
[    0.000668]   0 base 0FFC00000 mask FFFC00000 write-protect
[    0.000670]   1 base 000000000 mask F80000000 write-back
[    0.000671]   2 base 080000000 mask FC0000000 write-back
[    0.000673]   3 base 0C0000000 mask FE0000000 write-back
[    0.000674]   4 base 0DC000000 mask FFC000000 uncachable
[    0.000676]   5 base 0DB000000 mask FFF000000 uncachable
[    0.000677]   6 base 100000000 mask F80000000 write-back
[    0.000678]   7 base 180000000 mask FE0000000 write-back
[    0.000680]   8 base 19F000000 mask FFF000000 uncachable
[    0.000681]   9 base 19E800000 mask FFF800000 uncachable
[    0.001465] x86/PAT: Configuration [0-7]: WB  WC  UC- UC  WB  WP  UC- WT  
[    0.002808] last_pfn = 0xdb000 max_arch_pfn = 0x400000000
[    0.002829] reserving inaccessible SNB gfx pages
[    0.003801] ACPI: Early table checksum verification disabled
[    0.003807] ACPI: RSDP 0x00000000000F00E0 000024 (v02 LENOVO)
[    0.003813] ACPI: XSDT 0x00000000DAFFE120 0000AC (v01 LENOVO TP-8D    00001440 PTEC 00000002)
[    0.003820] ACPI: FACP 0x00000000DAFE7000 0000F4 (v04 LENOVO TP-8D    00001440 PTL  00000002)
[    0.003827] ACPI: DSDT 0x00000000DAFEA000 00FA89 (v01 LENOVO TP-8D    00001440 INTL 20061109)
[    0.003832] ACPI: FACS 0x00000000DAF2D000 000040
[    0.003836] ACPI: FACS 0x00000000DAF2D000 000040
[    0.003840] ACPI: SLIC 0x00000000DAFFD000 000176 (v01 LENOVO TP-8D    00001440 PTEC 00000001)
[    0.003845] ACPI: SSDT 0x00000000DAFFC000 000249 (v01 LENOVO TP-SSDT2 00000200 INTL 20061109)
[    0.003850] ACPI: SSDT 0x00000000DAFFB000 000033 (v01 LENOVO TP-SSDT1 00000100 INTL 20061109)
[    0.003854] ACPI: SSDT 0x00000000DAFFA000 0007D1 (v01 LENOVO SataAhci 00001000 INTL 20061109)
[    0.003859] ACPI: HPET 0x00000000DAFE6000 000038 (v01 LENOVO TP-8D    00001440 PTL  00000002)
[    0.003863] ACPI: APIC 0x00000000DAFE5000 000098 (v01 LENOVO TP-8D    00001440 PTL  00000002)
[    0.003868] ACPI: MCFG 0x00000000DAFE4000 00003C (v01 LENOVO TP-8D    00001440 PTL  00000002)
[    0.003872] ACPI: ECDT 0x00000000DAFE3000 000052 (v01 LENOVO TP-8D    00001440 PTL  00000002)
[    0.003877] ACPI: ASF! 0x00000000DAFE9000 0000A5 (v32 LENOVO TP-8D    00001440 PTL  00000002)
[    0.003882] ACPI: TCPA 0x00000000DAFE2000 000032 (v02 PTL    LENOVO   06040000 LNVO 00000001)
[    0.003887] ACPI: SSDT 0x00000000DAFE1000 000A27 (v01 PmRef  Cpu0Ist  00003000 INTL 20061109)
[    0.003891] ACPI: SSDT 0x00000000DAFE0000 000996 (v01 PmRef  CpuPm    00003000 INTL 20061109)
[    0.003896] ACPI: DMAR 0x00000000DAFDF000 0000E8 (v01 INTEL  SNB      00000001 INTL 00000001)
[    0.003900] ACPI: UEFI 0x00000000DAFDE000 00003E (v01 LENOVO TP-8D    00001440 PTL  00000002)
[    0.003905] ACPI: UEFI 0x00000000DAFDD000 000042 (v01 PTL    COMBUF   00000001 PTL  00000001)
[    0.003909] ACPI: UEFI 0x00000000DAFDC000 000292 (v01 LENOVO TP-8D    00001440 PTL  00000002)
[    0.003918] ACPI: Local APIC address 0xfee00000
[    0.003958] Zone ranges:
[    0.003960]   DMA      [mem 0x0000000000001000-0x0000000000ffffff]
[    0.003963]   DMA32    [mem 0x0000000001000000-0x00000000ffffffff]
[    0.003966]   Normal   [mem 0x0000000100000000-0x000000019e5fffff]
[    0.003968] Movable zone start for each node
[    0.003970] Early memory node ranges
[    0.003972]   node   0: [mem 0x0000000000001000-0x000000000009cfff]
[    0.003974]   node   0: [mem 0x0000000000100000-0x000000001fffffff]
[    0.003976]   node   0: [mem 0x0000000020200000-0x000000003fffffff]
[    0.003978]   node   0: [mem 0x0000000040200000-0x00000000da99efff]
[    0.003981]   node   0: [mem 0x00000000dafff000-0x00000000daffffff]
[    0.003983]   node   0: [mem 0x0000000100000000-0x000000019e5fffff]
[    0.004240] Zeroed struct page in unavailable ranges: 29892 pages
[    0.004241] Initmem setup node 0 [mem 0x0000000000001000-0x000000019e5fffff]
[    0.004245] On node 0 totalpages: 1542972
[    0.004247]   DMA zone: 56 pages used for memmap
[    0.004248]   DMA zone: 156 pages reserved
[    0.004250]   DMA zone: 3996 pages, LIFO batch:0
[    0.004289]   DMA32 zone: 12172 pages used for memmap
[    0.004290]   DMA32 zone: 890272 pages, LIFO batch:63
[    0.012410]   Normal zone: 8869 pages used for memmap
[    0.012413]   Normal zone: 648704 pages, LIFO batch:63
[    0.018315] Reserving Intel graphics memory at [mem 0xdba00000-0xdf9fffff]
[    0.018486] ACPI: PM-Timer IO Port: 0x408
[    0.018490] ACPI: Local APIC address 0xfee00000
[    0.018497] ACPI: LAPIC_NMI (acpi_id[0x00] high edge lint[0x1])
[    0.018500] ACPI: LAPIC_NMI (acpi_id[0x01] high edge lint[0x1])
[    0.018516] IOAPIC[0]: apic_id 2, version 32, address 0xfec00000, GSI 0-23
[    0.018520] ACPI: INT_SRC_OVR (bus 0 bus_irq 0 global_irq 2 dfl dfl)
[    0.018523] ACPI: INT_SRC_OVR (bus 0 bus_irq 9 global_irq 9 high level)
[    0.018526] ACPI: IRQ0 used by override.
[    0.018528] ACPI: IRQ9 used by override.
[    0.018531] Using ACPI (MADT) for SMP configuration information
[    0.018534] ACPI: HPET id: 0x8086a301 base: 0xfed00000
[    0.018539] TSC deadline timer available
[    0.018542] smpboot: Allowing 8 CPUs, 4 hotplug CPUs
[    0.018569] PM: hibernation: Registered nosave memory: [mem 0x00000000-0x00000fff]
[    0.018572] PM: hibernation: Registered nosave memory: [mem 0x0009d000-0x0009dfff]
[    0.018574] PM: hibernation: Registered nosave memory: [mem 0x0009e000-0x0009ffff]
[    0.018576] PM: hibernation: Registered nosave memory: [mem 0x000a0000-0x000dffff]
[    0.018578] PM: hibernation: Registered nosave memory: [mem 0x000e0000-0x000fffff]
[    0.018581] PM: hibernation: Registered nosave memory: [mem 0x20000000-0x201fffff]
[    0.018583] PM: hibernation: Registered nosave memory: [mem 0x40000000-0x401fffff]
[    0.018586] PM: hibernation: Registered nosave memory: [mem 0xda99f000-0xdae9efff]
[    0.018588] PM: hibernation: Registered nosave memory: [mem 0xdae9f000-0xdaf9efff]
[    0.018590] PM: hibernation: Registered nosave memory: [mem 0xdaf9f000-0xdaffefff]
[    0.018593] PM: hibernation: Registered nosave memory: [mem 0xdb000000-0xdf9fffff]
[    0.018595] PM: hibernation: Registered nosave memory: [mem 0xdfa00000-0xf7ffffff]
[    0.018597] PM: hibernation: Registered nosave memory: [mem 0xf8000000-0xfbffffff]
[    0.018599] PM: hibernation: Registered nosave memory: [mem 0xfc000000-0xfebfffff]
[    0.018601] PM: hibernation: Registered nosave memory: [mem 0xfec00000-0xfec00fff]
[    0.018602] PM: hibernation: Registered nosave memory: [mem 0xfec01000-0xfed07fff]
[    0.018604] PM: hibernation: Registered nosave memory: [mem 0xfed08000-0xfed08fff]
[    0.018606] PM: hibernation: Registered nosave memory: [mem 0xfed09000-0xfed0ffff]
[    0.018608] PM: hibernation: Registered nosave memory: [mem 0xfed10000-0xfed19fff]
[    0.018610] PM: hibernation: Registered nosave memory: [mem 0xfed1a000-0xfed1bfff]
[    0.018612] PM: hibernation: Registered nosave memory: [mem 0xfed1c000-0xfed1ffff]
[    0.018614] PM: hibernation: Registered nosave memory: [mem 0xfed20000-0xfedfffff]
[    0.018616] PM: hibernation: Registered nosave memory: [mem 0xfee00000-0xfee00fff]
[    0.018618] PM: hibernation: Registered nosave memory: [mem 0xfee01000-0xffd1ffff]
[    0.018620] PM: hibernation: Registered nosave memory: [mem 0xffd20000-0xffffffff]
[    0.018624] [mem 0xdfa00000-0xf7ffffff] available for PCI devices
[    0.018628] clocksource: refined-jiffies: mask: 0xffffffff max_cycles: 0xffffffff, max_idle_ns: 7645519600211568 ns
[    0.018635] setup_percpu: NR_CPUS:8 nr_cpumask_bits:8 nr_cpu_ids:8 nr_node_ids:1
[    0.020417] percpu: Embedded 60 pages/cpu s208528 r8192 d29040 u262144
[    0.020425] pcpu-alloc: s208528 r8192 d29040 u262144 alloc=1*2097152
[    0.020426] pcpu-alloc: [0] 0 1 2 3 4 5 6 7 
[    0.020451] Built 1 zonelists, mobility grouping on.  Total pages: 1521719
[    0.020455] Kernel command line: BOOT_IMAGE=(hd1,2)/l/k/o/64/arch/x86/boot/bzImage root=/dev/sdb3 resume=/dev/sda1
[    0.024327] Dentry cache hash table entries: 1048576 (order: 11, 8388608 bytes, linear)
[    0.026234] Inode-cache hash table entries: 524288 (order: 10, 4194304 bytes, linear)
[    0.026330] mem auto-init: stack:off, heap alloc:off, heap free:off
[    0.299411] Memory: 5970188K/6171888K available (16387K kernel code, 1103K rwdata, 5804K rodata, 1084K init, 5804K bss, 201700K reserved, 0K cma-reserved)
[    0.299437] random: get_random_u32 called from cache_grow_begin.constprop.84+0x2d8/0xe50 with crng_init=0
[    0.300085] Kernel/User page tables isolation: enabled
[    0.300287] rcu: Preemptible hierarchical RCU implementation.
[    0.300289] 	Trampoline variant of Tasks RCU enabled.
[    0.300292] rcu: RCU calculated value of scheduler-enlistment delay is 25 jiffies.
[    0.300322] NR_IRQS: 4352, nr_irqs: 104, preallocated irqs: 16
[    0.302305] Console: colour VGA+ 80x25
[    0.311390] printk: console [tty0] enabled
[    0.311449] Lock dependency validator: Copyright (c) 2006 Red Hat, Inc., Ingo Molnar
[    0.311523] ... MAX_LOCKDEP_SUBCLASSES:  8
[    0.311582] ... MAX_LOCK_DEPTH:          48
[    0.311641] ... MAX_LOCKDEP_KEYS:        8192
[    0.311702] ... CLASSHASH_SIZE:          4096
[    0.311762] ... MAX_LOCKDEP_ENTRIES:     32768
[    0.311823] ... MAX_LOCKDEP_CHAINS:      65536
[    0.311883] ... CHAINHASH_SIZE:          32768
[    0.311944]  memory used by lock dependency info: 3573 kB
[    0.312008]  per task-struct memory footprint: 1920 bytes
[    0.312078] ACPI: Core revision 20200528
[    0.312423] clocksource: hpet: mask: 0xffffffff max_cycles: 0xffffffff, max_idle_ns: 133484882848 ns
[    0.312534] APIC: Switch to symmetric I/O mode setup
[    0.313056] ..TIMER: vector=0x30 apic1=0 pin1=2 apic2=-1 pin2=-1
[    0.332535] clocksource: tsc-early: mask: 0xffffffffffffffff max_cycles: 0x23eafc3d909, max_idle_ns: 440795237912 ns
[    0.332635] Calibrating delay loop (skipped), value calculated using timer frequency.. 4983.61 BogoMIPS (lpj=9967220)
[    0.332732] pid_max: default: 32768 minimum: 301
[    0.332946] Mount-cache hash table entries: 16384 (order: 5, 131072 bytes, linear)
[    0.333035] Mountpoint-cache hash table entries: 16384 (order: 5, 131072 bytes, linear)
[    0.333557] Disabled fast string operations
[    0.333628] process: using mwait in idle threads
[    0.333692] Last level iTLB entries: 4KB 512, 2MB 8, 4MB 8
[    0.333758] Last level dTLB entries: 4KB 512, 2MB 32, 4MB 32, 1GB 0
[    0.333827] Spectre V1 : Mitigation: usercopy/swapgs barriers and __user pointer sanitization
[    0.333916] Spectre V2 : Mitigation: Full generic retpoline
[    0.333981] Spectre V2 : Spectre v2 / SpectreRSB mitigation: Filling RSB on context switch
[    0.334056] Spectre V2 : Enabling Restricted Speculation for firmware calls
[    0.334127] Spectre V2 : mitigation: Enabling conditional Indirect Branch Prediction Barrier
[    0.334203] Spectre V2 : User space: Mitigation: STIBP via prctl
[    0.334271] Speculative Store Bypass: Vulnerable
[    0.334333] MDS: Vulnerable: Clear CPU buffers attempted, no microcode
[    0.334531] Freeing SMP alternatives memory: 48K
[    0.335634] smpboot: CPU0: Intel(R) Core(TM) i5-2520M CPU @ 2.50GHz (family: 0x6, model: 0x2a, stepping: 0x7)
[    0.336544] Performance Events: PEBS fmt1+, SandyBridge events, 16-deep LBR, full-width counters, Intel PMU driver.
[    0.336634] ... version:                3
[    0.336634] ... bit width:              48
[    0.336634] ... generic registers:      4
[    0.336634] ... value mask:             0000ffffffffffff
[    0.336634] ... max period:             00007fffffffffff
[    0.336634] ... fixed-purpose events:   3
[    0.336634] ... event mask:             000000070000000f
[    0.336634] rcu: Hierarchical SRCU implementation.
[    0.336634] NMI watchdog: Enabled. Permanently consumes one hw-PMU counter.
[    0.336634] smp: Bringing up secondary CPUs ...
[    0.337117] x86: Booting SMP configuration:
[    0.337183] .... node  #0, CPUs:      #1
[    0.016057] Disabled fast string operations
[    0.339523] MDS CPU bug present and SMT on, data leak possible. See https://www.kernel.org/doc/html/latest/admin-guide/hw-vuln/mds.html for more details.
[    0.339523]  #2
[    0.016057] Disabled fast string operations
[    0.342764]  #3
[    0.016057] Disabled fast string operations
[    0.344762] smp: Brought up 1 node, 4 CPUs
[    0.344925] smpboot: Max logical packages: 2
[    0.344987] smpboot: Total of 4 processors activated (19934.44 BogoMIPS)
[    0.347990] devtmpfs: initialized
[    0.348878] PM: Registering ACPI NVS region [mem 0xdae9f000-0xdaf9efff] (1048576 bytes)
[    0.349303] clocksource: jiffies: mask: 0xffffffff max_cycles: 0xffffffff, max_idle_ns: 7645041785100000 ns
[    0.349303] futex hash table entries: 2048 (order: 6, 262144 bytes, linear)
[    0.349303] thermal_sys: Registered thermal governor 'step_wise'
[    0.349359] NET: Registered protocol family 16
[    0.350290] cpuidle: using governor ladder
[    0.350387] cpuidle: using governor menu
[    0.350387] ACPI FADT declares the system doesn't support PCIe ASPM, so disable it
[    0.350387] ACPI: bus type PCI registered
[    0.350387] PCI: MMCONFIG for domain 0000 [bus 00-3f] at [mem 0xf8000000-0xfbffffff] (base 0xf8000000)
[    0.350387] PCI: MMCONFIG at [mem 0xf8000000-0xfbffffff] reserved in E820
[    0.350387] PCI: Using configuration type 1 for base access
[    0.350387] core: PMU erratum BJ122, BV98, HSD29 worked around, HT is on
[    0.350387] ENERGY_PERF_BIAS: Set to 'normal', was 'performance'
[    0.380881] ACPI: Added _OSI(Module Device)
[    0.380947] ACPI: Added _OSI(Processor Device)
[    0.381010] ACPI: Added _OSI(3.0 _SCP Extensions)
[    0.381073] ACPI: Added _OSI(Processor Aggregator Device)
[    0.381140] ACPI: Added _OSI(Linux-Dell-Video)
[    0.381202] ACPI: Added _OSI(Linux-Lenovo-NV-HDMI-Audio)
[    0.381268] ACPI: Added _OSI(Linux-HPI-Hybrid-Graphics)
[    0.422261] ACPI: 6 ACPI AML tables successfully acquired and loaded
[    0.425108] ACPI: EC: EC started
[    0.425168] ACPI: EC: interrupt blocked
[    0.428059] ACPI: EC: EC_CMD/EC_SC=0x66, EC_DATA=0x62
[    0.428124] ACPI: EC: Boot ECDT EC used to handle transactions
[    0.428830] ACPI: [Firmware Bug]: BIOS _OSI(Linux) query ignored
[    0.439460] ACPI: Dynamic OEM Table Load:
[    0.439535] ACPI: SSDT 0xFFFF8881974CA000 0008C0 (v01 PmRef  Cpu0Cst  00003001 INTL 20061109)
[    0.442440] ACPI: Dynamic OEM Table Load:
[    0.442512] ACPI: SSDT 0xFFFF888197647C00 000303 (v01 PmRef  ApIst    00003000 INTL 20061109)
[    0.444886] ACPI: Dynamic OEM Table Load:
[    0.444957] ACPI: SSDT 0xFFFF888197F80400 000119 (v01 PmRef  ApCst    00003000 INTL 20061109)
[    0.448998] ACPI: Interpreter enabled
[    0.449105] ACPI: (supports S0 S3 S4 S5)
[    0.449168] ACPI: Using IOAPIC for interrupt routing
[    0.449314] PCI: Using host bridge windows from ACPI; if necessary, use "pci=nocrs" and report a bug
[    0.450171] ACPI: Enabled 6 GPEs in block 00 to 3F
[    0.464707] ACPI: Power Resource [PUBS] (on)
[    0.464707] acpi PNP0C0A:01: ACPI dock station (docks/bays count: 1)
[    0.472703] acpi LNXIOBAY:00: ACPI dock station (docks/bays count: 2)
[    0.480708] acpi IBM0079:00: ACPI dock station (docks/bays count: 3)
[    0.480708] ACPI: PCI Interrupt Link [LNKA] (IRQs 3 4 5 6 7 9 10 *11)
[    0.480708] ACPI: PCI Interrupt Link [LNKB] (IRQs 3 4 5 6 7 9 10 *11)
[    0.480708] ACPI: PCI Interrupt Link [LNKC] (IRQs 3 4 5 6 7 9 10 *11)
[    0.480708] ACPI: PCI Interrupt Link [LNKD] (IRQs 3 4 5 6 7 9 *10 11)
[    0.480851] ACPI: PCI Interrupt Link [LNKE] (IRQs 3 4 5 6 *7 9 10 11)
[    0.481191] ACPI: PCI Interrupt Link [LNKF] (IRQs 3 4 5 6 7 9 10 11) *0, disabled.
[    0.481632] ACPI: PCI Interrupt Link [LNKG] (IRQs 3 4 5 6 *7 9 10 11)
[    0.482067] ACPI: PCI Interrupt Link [LNKH] (IRQs 3 4 5 6 7 9 *10 11)
[    0.484952] ACPI: PCI Root Bridge [PCI0] (domain 0000 [bus 00-fe])
[    0.484952] acpi PNP0A08:00: _OSC: OS supports [ExtendedConfig ASPM ClockPM Segments HPX-Type3]
[    0.484952] acpi PNP0A08:00: _OSC: not requesting OS control; OS requires [ExtendedConfig ASPM ClockPM MSI]
[    0.484952] acpi PNP0A08:00: [Firmware Info]: MMCONFIG for domain 0000 [bus 00-3f] only partially covers this bridge
[    0.484952] PCI host bridge to bus 0000:00
[    0.484952] pci_bus 0000:00: root bus resource [io  0x0000-0x0cf7 window]
[    0.484952] pci_bus 0000:00: root bus resource [io  0x0d00-0xffff window]
[    0.484952] pci_bus 0000:00: root bus resource [mem 0x000a0000-0x000bffff window]
[    0.484952] pci_bus 0000:00: root bus resource [mem 0xdfa00000-0xfebfffff window]
[    0.484952] pci_bus 0000:00: root bus resource [mem 0xfed40000-0xfed4bfff window]
[    0.484952] pci_bus 0000:00: root bus resource [bus 00-fe]
[    0.484952] pci 0000:00:00.0: [8086:0104] type 00 class 0x060000
[    0.484952] pci 0000:00:02.0: [8086:0126] type 00 class 0x030000
[    0.484952] pci 0000:00:02.0: reg 0x10: [mem 0xf0000000-0xf03fffff 64bit]
[    0.484952] pci 0000:00:02.0: reg 0x18: [mem 0xe0000000-0xefffffff 64bit pref]
[    0.484952] pci 0000:00:02.0: reg 0x20: [io  0x5000-0x503f]
[    0.488704] pci 0000:00:16.0: [8086:1c3a] type 00 class 0x078000
[    0.488704] pci 0000:00:16.0: reg 0x10: [mem 0xf2525000-0xf252500f 64bit]
[    0.488704] pci 0000:00:16.0: PME# supported from D0 D3hot D3cold
[    0.488704] pci 0000:00:19.0: [8086:1502] type 00 class 0x020000
[    0.488704] pci 0000:00:19.0: reg 0x10: [mem 0xf2500000-0xf251ffff]
[    0.488704] pci 0000:00:19.0: reg 0x14: [mem 0xf252b000-0xf252bfff]
[    0.488704] pci 0000:00:19.0: reg 0x18: [io  0x5080-0x509f]
[    0.488704] pci 0000:00:19.0: PME# supported from D0 D3hot D3cold
[    0.488704] pci 0000:00:1a.0: [8086:1c2d] type 00 class 0x0c0320
[    0.488704] pci 0000:00:1a.0: reg 0x10: [mem 0xf252a000-0xf252a3ff]
[    0.488704] pci 0000:00:1a.0: PME# supported from D0 D3hot D3cold
[    0.488704] pci 0000:00:1b.0: [8086:1c20] type 00 class 0x040300
[    0.488704] pci 0000:00:1b.0: reg 0x10: [mem 0xf2520000-0xf2523fff 64bit]
[    0.488704] pci 0000:00:1b.0: PME# supported from D0 D3hot D3cold
[    0.488704] pci 0000:00:1c.0: [8086:1c10] type 01 class 0x060400
[    0.488704] pci 0000:00:1c.0: PME# supported from D0 D3hot D3cold
[    0.488704] pci 0000:00:1c.1: [8086:1c12] type 01 class 0x060400
[    0.488704] pci 0000:00:1c.1: PME# supported from D0 D3hot D3cold
[    0.492700] pci 0000:00:1c.3: [8086:1c16] type 01 class 0x060400
[    0.492700] pci 0000:00:1c.3: PME# supported from D0 D3hot D3cold
[    0.492700] pci 0000:00:1c.4: [8086:1c18] type 01 class 0x060400
[    0.492700] pci 0000:00:1c.4: PME# supported from D0 D3hot D3cold
[    0.492700] pci 0000:00:1d.0: [8086:1c26] type 00 class 0x0c0320
[    0.492700] pci 0000:00:1d.0: reg 0x10: [mem 0xf2529000-0xf25293ff]
[    0.492700] pci 0000:00:1d.0: PME# supported from D0 D3hot D3cold
[    0.492700] pci 0000:00:1f.0: [8086:1c4f] type 00 class 0x060100
[    0.492701] pci 0000:00:1f.2: [8086:1c03] type 00 class 0x010601
[    0.492701] pci 0000:00:1f.2: reg 0x10: [io  0x50a8-0x50af]
[    0.492701] pci 0000:00:1f.2: reg 0x14: [io  0x50bc-0x50bf]
[    0.492701] pci 0000:00:1f.2: reg 0x18: [io  0x50a0-0x50a7]
[    0.492701] pci 0000:00:1f.2: reg 0x1c: [io  0x50b8-0x50bb]
[    0.492701] pci 0000:00:1f.2: reg 0x20: [io  0x5060-0x507f]
[    0.492701] pci 0000:00:1f.2: reg 0x24: [mem 0xf2528000-0xf25287ff]
[    0.492701] pci 0000:00:1f.2: PME# supported from D3hot
[    0.492708] pci 0000:00:1f.3: [8086:1c22] type 00 class 0x0c0500
[    0.496666] pci 0000:00:1f.3: reg 0x10: [mem 0xf2524000-0xf25240ff 64bit]
[    0.496762] pci 0000:00:1f.3: reg 0x20: [io  0xefa0-0xefbf]
[    0.497269] pci 0000:00:1c.0: PCI bridge to [bus 02]
[    0.497733] pci 0000:03:00.0: [8086:0084] type 00 class 0x028000
[    0.498089] pci 0000:03:00.0: reg 0x10: [mem 0xf2400000-0xf2401fff 64bit]
[    0.499160] pci 0000:03:00.0: PME# supported from D0 D3hot D3cold
[    0.500012] pci 0000:00:1c.1: PCI bridge to [bus 03]
[    0.500086] pci 0000:00:1c.1:   bridge window [mem 0xf2400000-0xf24fffff]
[    0.500274] pci 0000:00:1c.3: PCI bridge to [bus 05-0c]
[    0.500353] pci 0000:00:1c.3:   bridge window [io  0x4000-0x4fff]
[    0.500427] pci 0000:00:1c.3:   bridge window [mem 0xf1c00000-0xf23fffff]
[    0.500506] pci 0000:00:1c.3:   bridge window [mem 0xf0400000-0xf0bfffff 64bit pref]
[    0.500844] pci 0000:0d:00.0: [1180:e822] type 00 class 0x088001
[    0.501125] pci 0000:0d:00.0: MMC controller base frequency changed to 50Mhz.
[    0.501411] pci 0000:0d:00.0: reg 0x10: [mem 0xf1400000-0xf14000ff]
[    0.501952] pci 0000:0d:00.0: supports D1 D2
[    0.502015] pci 0000:0d:00.0: PME# supported from D0 D1 D2 D3hot D3cold
[    0.502663] pci 0000:00:1c.4: PCI bridge to [bus 0d]
[    0.502734] pci 0000:00:1c.4:   bridge window [io  0x3000-0x3fff]
[    0.502807] pci 0000:00:1c.4:   bridge window [mem 0xf1400000-0xf1bfffff]
[    0.502887] pci 0000:00:1c.4:   bridge window [mem 0xf0c00000-0xf13fffff 64bit pref]
[    0.503003] pci_bus 0000:00: on NUMA node 0
[    0.506366] ACPI: EC: interrupt unblocked
[    0.506431] ACPI: EC: event unblocked
[    0.506497] ACPI: EC: EC_CMD/EC_SC=0x66, EC_DATA=0x62
[    0.506563] ACPI: EC: GPE=0x11
[    0.506623] ACPI: \_SB_.PCI0.LPC_.EC__: Boot ECDT EC initialization complete
[    0.506698] ACPI: \_SB_.PCI0.LPC_.EC__: EC: Used to handle transactions and events
[    0.507187] pci 0000:00:02.0: vgaarb: setting as boot VGA device
[    0.507187] pci 0000:00:02.0: vgaarb: VGA device added: decodes=io+mem,owns=io+mem,locks=none
[    0.507187] pci 0000:00:02.0: vgaarb: bridge control possible
[    0.507187] vgaarb: loaded
[    0.507187] SCSI subsystem initialized
[    0.507187] libata version 3.00 loaded.
[    0.507187] ACPI: bus type USB registered
[    0.507187] usbcore: registered new interface driver usbfs
[    0.507187] usbcore: registered new interface driver hub
[    0.508706] usbcore: registered new device driver usb
[    0.508846] mc: Linux media interface: v0.10
[    0.508942] videodev: Linux video capture interface: v2.00
[    0.509061] pps_core: LinuxPPS API ver. 1 registered
[    0.509130] pps_core: Software ver. 5.3.6 - Copyright 2005-2007 Rodolfo Giometti <giometti@linux.it>
[    0.509237] PTP clock support registered
[    0.509449] EDAC MC: Ver: 3.0.0
[    0.509588] Advanced Linux Sound Architecture Driver Initialized.
[    0.509588] Bluetooth: Core ver 2.22
[    0.509627] NET: Registered protocol family 31
[    0.509689] Bluetooth: HCI device and connection manager initialized
[    0.509763] Bluetooth: HCI socket layer initialized
[    0.509829] Bluetooth: L2CAP socket layer initialized
[    0.509904] Bluetooth: SCO socket layer initialized
[    0.509904] PCI: Using ACPI for IRQ routing
[    0.512639] PCI: pci_cache_line_size set to 64 bytes
[    0.512639] e820: reserve RAM buffer [mem 0x0009d800-0x0009ffff]
[    0.512639] e820: reserve RAM buffer [mem 0xda99f000-0xdbffffff]
[    0.512639] e820: reserve RAM buffer [mem 0xdb000000-0xdbffffff]
[    0.512639] e820: reserve RAM buffer [mem 0x19e600000-0x19fffffff]
[    0.512836] clocksource: Switched to clocksource tsc-early
[    0.512836] pnp: PnP ACPI init
[    0.514810] system 00:00: [mem 0x00000000-0x0009ffff] could not be reserved
[    0.514888] system 00:00: [mem 0x000c0000-0x000c3fff] could not be reserved
[    0.514963] system 00:00: [mem 0x000c4000-0x000c7fff] could not be reserved
[    0.515037] system 00:00: [mem 0x000c8000-0x000cbfff] has been reserved
[    0.515110] system 00:00: [mem 0x000cc000-0x000cffff] has been reserved
[    0.515183] system 00:00: [mem 0x000d0000-0x000d3fff] has been reserved
[    0.515257] system 00:00: [mem 0x000d4000-0x000d7fff] has been reserved
[    0.515330] system 00:00: [mem 0x000d8000-0x000dbfff] has been reserved
[    0.515403] system 00:00: [mem 0x000dc000-0x000dffff] has been reserved
[    0.515477] system 00:00: [mem 0x000e0000-0x000e3fff] could not be reserved
[    0.515552] system 00:00: [mem 0x000e4000-0x000e7fff] could not be reserved
[    0.515626] system 00:00: [mem 0x000e8000-0x000ebfff] could not be reserved
[    0.515701] system 00:00: [mem 0x000ec000-0x000effff] could not be reserved
[    0.515776] system 00:00: [mem 0x000f0000-0x000fffff] could not be reserved
[    0.515851] system 00:00: [mem 0x00100000-0xdf9fffff] could not be reserved
[    0.515926] system 00:00: [mem 0xfec00000-0xfed3ffff] could not be reserved
[    0.516002] system 00:00: [mem 0xfed4c000-0xffffffff] could not be reserved
[    0.516099] system 00:00: Plug and Play ACPI device, IDs PNP0c01 (active)
[    0.516401] system 00:01: [io  0x0400-0x047f] has been reserved
[    0.516473] system 00:01: [io  0x0500-0x057f] has been reserved
[    0.516544] system 00:01: [io  0x0800-0x080f] has been reserved
[    0.516615] system 00:01: [io  0x15e0-0x15ef] has been reserved
[    0.516714] system 00:01: [io  0x1600-0x167f] has been reserved
[    0.516786] system 00:01: [mem 0xf8000000-0xfbffffff] has been reserved
[    0.516860] system 00:01: [mem 0x00000000-0x00000fff] could not be reserved
[    0.516935] system 00:01: [mem 0xfed1c000-0xfed1ffff] has been reserved
[    0.517008] system 00:01: [mem 0xfed10000-0xfed13fff] has been reserved
[    0.517081] system 00:01: [mem 0xfed18000-0xfed18fff] has been reserved
[    0.517155] system 00:01: [mem 0xfed19000-0xfed19fff] has been reserved
[    0.517228] system 00:01: [mem 0xfed45000-0xfed4bfff] has been reserved
[    0.517318] system 00:01: Plug and Play ACPI device, IDs PNP0c02 (active)
[    0.517479] pnp 00:02: Plug and Play ACPI device, IDs PNP0b00 (active)
[    0.517553] pnp 00:03: Plug and Play ACPI device, IDs PNP0303 (active)
[    0.517626] pnp 00:04: Plug and Play ACPI device, IDs LEN0020 PNP0f13 (active)
[    0.517781] pnp 00:05: Plug and Play ACPI device, IDs SMO1200 PNP0c31 (active)
[    0.519017] pnp: PnP ACPI: found 6 devices
[    0.530818] clocksource: acpi_pm: mask: 0xffffff max_cycles: 0xffffff, max_idle_ns: 2085701024 ns
[    0.531000] NET: Registered protocol family 2
[    0.531382] tcp_listen_portaddr_hash hash table entries: 4096 (order: 6, 327680 bytes, linear)
[    0.531621] TCP established hash table entries: 65536 (order: 7, 524288 bytes, linear)
[    0.531935] TCP bind hash table entries: 65536 (order: 10, 4718592 bytes, vmalloc)
[    0.534455] TCP: Hash tables configured (established 65536 bind 65536)
[    0.534876] UDP hash table entries: 4096 (order: 7, 655360 bytes, linear)
[    0.535273] UDP-Lite hash table entries: 4096 (order: 7, 655360 bytes, linear)
[    0.535754] NET: Registered protocol family 1
[    0.536190] RPC: Registered named UNIX socket transport module.
[    0.536261] RPC: Registered udp transport module.
[    0.536326] RPC: Registered tcp transport module.
[    0.536390] RPC: Registered tcp NFSv4.1 backchannel transport module.
[    0.536779] pci 0000:00:1c.0: bridge window [io  0x1000-0x0fff] to [bus 02] add_size 1000
[    0.536859] pci 0000:00:1c.0: bridge window [mem 0x00100000-0x000fffff 64bit pref] to [bus 02] add_size 200000 add_align 100000
[    0.536960] pci 0000:00:1c.0: bridge window [mem 0x00100000-0x000fffff] to [bus 02] add_size 200000 add_align 100000
[    0.537067] pci 0000:00:1c.0: BAR 8: assigned [mem 0xdfa00000-0xdfbfffff]
[    0.537142] pci 0000:00:1c.0: BAR 9: assigned [mem 0xdfc00000-0xdfdfffff 64bit pref]
[    0.537219] pci 0000:00:1c.0: BAR 7: assigned [io  0x2000-0x2fff]
[    0.537291] pci 0000:00:1c.0: PCI bridge to [bus 02]
[    0.537358] pci 0000:00:1c.0:   bridge window [io  0x2000-0x2fff]
[    0.537432] pci 0000:00:1c.0:   bridge window [mem 0xdfa00000-0xdfbfffff]
[    0.537507] pci 0000:00:1c.0:   bridge window [mem 0xdfc00000-0xdfdfffff 64bit pref]
[    0.537588] pci 0000:00:1c.1: PCI bridge to [bus 03]
[    0.537658] pci 0000:00:1c.1:   bridge window [mem 0xf2400000-0xf24fffff]
[    0.537740] pci 0000:00:1c.3: PCI bridge to [bus 05-0c]
[    0.537808] pci 0000:00:1c.3:   bridge window [io  0x4000-0x4fff]
[    0.537881] pci 0000:00:1c.3:   bridge window [mem 0xf1c00000-0xf23fffff]
[    0.537956] pci 0000:00:1c.3:   bridge window [mem 0xf0400000-0xf0bfffff 64bit pref]
[    0.538037] pci 0000:00:1c.4: PCI bridge to [bus 0d]
[    0.538103] pci 0000:00:1c.4:   bridge window [io  0x3000-0x3fff]
[    0.538176] pci 0000:00:1c.4:   bridge window [mem 0xf1400000-0xf1bfffff]
[    0.538251] pci 0000:00:1c.4:   bridge window [mem 0xf0c00000-0xf13fffff 64bit pref]
[    0.538333] pci_bus 0000:00: resource 4 [io  0x0000-0x0cf7 window]
[    0.538402] pci_bus 0000:00: resource 5 [io  0x0d00-0xffff window]
[    0.538471] pci_bus 0000:00: resource 6 [mem 0x000a0000-0x000bffff window]
[    0.538542] pci_bus 0000:00: resource 7 [mem 0xdfa00000-0xfebfffff window]
[    0.538613] pci_bus 0000:00: resource 8 [mem 0xfed40000-0xfed4bfff window]
[    0.538684] pci_bus 0000:02: resource 0 [io  0x2000-0x2fff]
[    0.538750] pci_bus 0000:02: resource 1 [mem 0xdfa00000-0xdfbfffff]
[    0.538819] pci_bus 0000:02: resource 2 [mem 0xdfc00000-0xdfdfffff 64bit pref]
[    0.538892] pci_bus 0000:03: resource 1 [mem 0xf2400000-0xf24fffff]
[    0.538961] pci_bus 0000:05: resource 0 [io  0x4000-0x4fff]
[    0.539027] pci_bus 0000:05: resource 1 [mem 0xf1c00000-0xf23fffff]
[    0.539096] pci_bus 0000:05: resource 2 [mem 0xf0400000-0xf0bfffff 64bit pref]
[    0.539168] pci_bus 0000:0d: resource 0 [io  0x3000-0x3fff]
[    0.539234] pci_bus 0000:0d: resource 1 [mem 0xf1400000-0xf1bfffff]
[    0.539303] pci_bus 0000:0d: resource 2 [mem 0xf0c00000-0xf13fffff 64bit pref]
[    0.539581] pci 0000:00:02.0: Video device with shadowed ROM at [mem 0x000c0000-0x000dffff]
[    0.540751] PCI: CLS 64 bytes, default 64
[    0.540872] PCI-DMA: Using software bounce buffering for IO (SWIOTLB)
[    0.540943] software IO TLB: mapped [mem 0xd699f000-0xda99f000] (64MB)
[    0.543807] Initialise system trusted keyrings
[    0.543973] workingset: timestamp_bits=62 max_order=21 bucket_order=0
[    0.545275] Installing knfsd (copyright (C) 1996 okir@monad.swb.de).
[    0.546083] ntfs: driver 2.1.32 [Flags: R/W].
[    0.546279] fuse: init (API version 7.31)
[    0.558061] Key type asymmetric registered
[    0.558128] Asymmetric key parser 'x509' registered
[    0.558223] Block layer SCSI generic (bsg) driver version 0.4 loaded (major 249)
[    0.558300] io scheduler mq-deadline registered
[    0.558385] io scheduler bfq registered
[    0.558657] pcieport 0000:00:1c.0: enabling device (0000 -> 0003)
[    0.560305] intel_idle: MWAIT substates: 0x21120
[    0.560307] intel_idle: v0.5.1 model 0x2A
[    0.561084] intel_idle: Local APIC timer is reliable in all C-states
[    0.561458] ACPI: Deprecated procfs I/F for AC is loaded, please retry with CONFIG_ACPI_PROCFS_POWER cleared
[    0.561800] ACPI: AC Adapter [AC] (on-line)
[    0.562091] input: Lid Switch as /devices/LNXSYSTM:00/LNXSYBUS:00/PNP0C0D:00/input/input0
[    0.562425] ACPI: Lid Switch [LID]
[    0.562630] input: Sleep Button as /devices/LNXSYSTM:00/LNXSYBUS:00/PNP0C0E:00/input/input1
[    0.562869] ACPI: Sleep Button [SLPB]
[    0.563092] input: Power Button as /devices/LNXSYSTM:00/LNXPWRBN:00/input/input2
[    0.563320] ACPI: Power Button [PWRF]
[    0.567288] thermal LNXTHERM:00: registered as thermal_zone0
[    0.567360] ACPI: Thermal Zone [THM0] (70 C)
[    0.567906] Serial: 8250/16550 driver, 4 ports, IRQ sharing disabled
[    0.567938] battery: ACPI: Deprecated procfs I/F for battery is loaded, please retry with CONFIG_ACPI_PROCFS_POWER cleared
[    0.568115] battery: ACPI: Battery Slot [BAT0] (battery absent)
[    0.569265] lp: driver loaded but no devices found
[    0.569424] Non-volatile memory driver v1.3
[    0.569682] Linux agpgart interface v0.103
[    0.570026] [drm] radeon kernel modesetting enabled.
[    0.571020] i915 0000:00:02.0: vgaarb: deactivate vga console
[    0.571577] Console: switching to colour dummy device 80x25
[    0.580661] [drm] Supports vblank timestamp caching Rev 2 (21.10.2013).
[    0.581798] i915 0000:00:02.0: vgaarb: changed VGA decodes: olddecodes=io+mem,decodes=io+mem:owns=io+mem
[    0.675580] [drm] Initialized i915 1.6.0 20200515 for 0000:00:02.0 on minor 0
[    0.677835] ACPI: Video Device [VID] (multi-head: yes  rom: no  post: no)
[    0.678463] input: Video Bus as /devices/LNXSYSTM:00/LNXSYBUS:00/PNP0A08:00/LNXVIDEO:00/input/input3
[    0.678951] usbcore: registered new interface driver udl
[    0.689364] loop: module loaded
[    0.753989] ahci 0000:00:1f.2: version 3.0
[    0.754609] ahci 0000:00:1f.2: SSS flag set, parallel bus scan disabled
[    0.764815] ahci 0000:00:1f.2: AHCI 0001.0300 32 slots 6 ports 6 Gbps 0x17 impl SATA mode
[    0.764846] ahci 0000:00:1f.2: flags: 64bit ncq sntf ilck stag pm led clo pio slum part ems sxs apst 
[    0.803526] scsi host0: ahci
[    0.803921] scsi host1: ahci
[    0.804226] scsi host2: ahci
[    0.804548] scsi host3: ahci
[    0.804881] scsi host4: ahci
[    0.805213] scsi host5: ahci
[    0.805389] ata1: SATA max UDMA/133 abar m2048@0xf2528000 port 0xf2528100 irq 19
[    0.805409] ata2: SATA max UDMA/133 abar m2048@0xf2528000 port 0xf2528180 irq 19
[    0.805428] ata3: SATA max UDMA/133 abar m2048@0xf2528000 port 0xf2528200 irq 19
[    0.805446] ata4: DUMMY
[    0.805453] ata5: SATA max UDMA/133 abar m2048@0xf2528000 port 0xf2528300 irq 19
[    0.805471] ata6: DUMMY
[    0.806261] tun: Universal TUN/TAP device driver, 1.6
[    0.806519] e1000e: Intel(R) PRO/1000 Network Driver - 3.2.6-k
[    0.806539] e1000e: Copyright(c) 1999 - 2015 Intel Corporation.
[    0.807041] e1000e 0000:00:19.0: Interrupt Throttling Rate (ints/sec) set to dynamic conservative mode
[    0.904146] e1000e 0000:00:19.0 0000:00:19.0 (uninitialized): registered PHC clock
[    0.962262] fbcon: i915drmfb (fb0) is primary device
[    0.997595] e1000e 0000:00:19.0 eth0: (PCI Express:2.5GT/s:Width x1) f0:de:f1:e3:99:75
[    0.997619] e1000e 0000:00:19.0 eth0: Intel(R) PRO/1000 Network Connection
[    0.997669] e1000e 0000:00:19.0 eth0: MAC: 10, PHY: 11, PBA No: 1000FF-0FF
[    0.997856] PPP generic driver version 2.4.2
[    0.998072] PPP BSD Compression module registered
[    0.998074] PPP Deflate Compression module registered
[    0.998076] SLIP: version 0.8.4-NET3.019-NEWTTY (dynamic channels, max=256).
[    0.998077] CSLIP: code copyright 1989 Regents of the University of California.
[    0.998131] iwl3945: Intel(R) PRO/Wireless 3945ABG/BG Network Connection driver for Linux, in-tree:ds
[    0.998132] iwl3945: Copyright(c) 2003-2011 Intel Corporation
[    0.998133] iwl3945: hw_scan is disabled
[    0.998175] Intel(R) Wireless WiFi driver for Linux
[    0.998625] iwlwifi 0000:03:00.0: pci_enable_msi failed - -38
[    0.998936] iwlwifi 0000:03:00.0: loaded firmware version 39.31.5.1 build 35138 1000-5.ucode op_mode iwldvm
[    0.999020] iwlwifi 0000:03:00.0: Direct firmware load for iwl-debug-yoyo.bin failed with error -2
[    0.999274] iwlwifi 0000:03:00.0: CONFIG_IWLWIFI_DEBUG disabled
[    0.999276] iwlwifi 0000:03:00.0: CONFIG_IWLWIFI_DEBUGFS disabled
[    0.999279] iwlwifi 0000:03:00.0: CONFIG_IWLWIFI_DEVICE_TRACING disabled
[    0.999281] iwlwifi 0000:03:00.0: Detected Intel(R) Centrino(R) Wireless-N 1000 BGN, REV=0x6C
[    1.040978] ieee80211 phy0: Selected rate control algorithm 'iwl-agn-rs'
[    1.042022] usbcore: registered new interface driver ax88179_178a
[    1.042062] usbcore: registered new interface driver cdc_ether
[    1.042171] usbcore: registered new interface driver cdc_eem
[    1.042211] usbcore: registered new interface driver net1080
[    1.042248] usbcore: registered new interface driver cdc_subset
[    1.042358] usbcore: registered new interface driver zaurus
[    1.042395] usbcore: registered new interface driver cdc_ncm
[    1.042432] usbcore: registered new interface driver cdc_mbim
[    1.042736] ehci_hcd: USB 2.0 'Enhanced' Host Controller (EHCI) Driver
[    1.042749] ehci-pci: EHCI PCI platform driver
[    1.043087] ehci-pci 0000:00:1a.0: EHCI Host Controller
[    1.043251] ehci-pci 0000:00:1a.0: new USB bus registered, assigned bus number 1
[    1.043288] ehci-pci 0000:00:1a.0: debug port 2
[    1.047251] ehci-pci 0000:00:1a.0: cache line size of 64 is not supported
[    1.047261] ehci-pci 0000:00:1a.0: irq 16, io mem 0xf252a000
[    1.060796] ehci-pci 0000:00:1a.0: USB 2.0 started, EHCI 1.00
[    1.061009] usb usb1: New USB device found, idVendor=1d6b, idProduct=0002, bcdDevice= 5.08
[    1.061011] usb usb1: New USB device strings: Mfr=3, Product=2, SerialNumber=1
[    1.061013] usb usb1: Product: EHCI Host Controller
[    1.061014] usb usb1: Manufacturer: Linux 5.8.0-rc2+ ehci_hcd
[    1.061016] usb usb1: SerialNumber: 0000:00:1a.0
[    1.061523] hub 1-0:1.0: USB hub found
[    1.061565] hub 1-0:1.0: 3 ports detected
[    1.062589] ehci-pci 0000:00:1d.0: EHCI Host Controller
[    1.062737] ehci-pci 0000:00:1d.0: new USB bus registered, assigned bus number 2
[    1.062763] ehci-pci 0000:00:1d.0: debug port 2
[    1.066692] ehci-pci 0000:00:1d.0: cache line size of 64 is not supported
[    1.066724] ehci-pci 0000:00:1d.0: irq 23, io mem 0xf2529000
[    1.080794] ehci-pci 0000:00:1d.0: USB 2.0 started, EHCI 1.00
[    1.080971] usb usb2: New USB device found, idVendor=1d6b, idProduct=0002, bcdDevice= 5.08
[    1.080973] usb usb2: New USB device strings: Mfr=3, Product=2, SerialNumber=1
[    1.080975] usb usb2: Product: EHCI Host Controller
[    1.080976] usb usb2: Manufacturer: Linux 5.8.0-rc2+ ehci_hcd
[    1.080978] usb usb2: SerialNumber: 0000:00:1d.0
[    1.081448] hub 2-0:1.0: USB hub found
[    1.081482] hub 2-0:1.0: 3 ports detected
[    1.082189] ohci_hcd: USB 1.1 'Open' Host Controller (OHCI) Driver
[    1.082203] ohci-pci: OHCI PCI platform driver
[    1.082262] uhci_hcd: USB Universal Host Controller Interface driver
[    1.082444] usbcore: registered new interface driver cdc_acm
[    1.082445] cdc_acm: USB Abstract Control Model driver for USB modems and ISDN adapters
[    1.082497] usbcore: registered new interface driver usblp
[    1.082595] usbcore: registered new interface driver cdc_wdm
[    1.082660] usbcore: registered new interface driver usb-storage
[    1.082682] usbcore: registered new interface driver ums-sddr09
[    1.082810] usbcore: registered new interface driver usbserial_generic
[    1.082868] usbserial: USB Serial support registered for generic
[    1.082916] usbcore: registered new interface driver ch341
[    1.082943] usbserial: USB Serial support registered for ch341-uart
[    1.083050] usbcore: registered new interface driver cp210x
[    1.083077] usbserial: USB Serial support registered for cp210x
[    1.083121] usbcore: registered new interface driver ftdi_sio
[    1.083149] usbserial: USB Serial support registered for FTDI USB Serial Device
[    1.083213] usbcore: registered new interface driver option
[    1.083247] usbserial: USB Serial support registered for GSM modem (1-port)
[    1.083305] usbcore: registered new interface driver pl2303
[    1.083338] usbserial: USB Serial support registered for pl2303
[    1.083381] usbcore: registered new interface driver ti_usb_3410_5052
[    1.083468] usbserial: USB Serial support registered for TI USB 3410 1 port adapter
[    1.083509] usbserial: USB Serial support registered for TI USB 5052 2 port adapter
[    1.083514] ftdi_elan: driver ftdi-elan
[    1.083548] usbcore: registered new interface driver ftdi-elan
[    1.083682] i8042: PNP: PS/2 Controller [PNP0303:KBD,PNP0f13:MOU] at 0x60,0x64 irq 1,12
[    1.087442] serio: i8042 KBD port at 0x60,0x64 irq 1
[    1.087595] serio: i8042 AUX port at 0x60,0x64 irq 12
[    1.087985] mousedev: PS/2 mouse device common for all mice
[    1.088774] input: PC Speaker as /devices/platform/pcspkr/input/input5
[    1.089113] rtc_cmos 00:02: RTC can wake from S4
[    1.089656] rtc_cmos 00:02: registered as rtc0
[    1.089686] rtc_cmos 00:02: setting system clock to 2020-06-22T09:58:40 UTC (1592819920)
[    1.089800] rtc_cmos 00:02: alarms up to one month, y3k, 114 bytes nvram, hpet irqs
[    1.089860] i2c /dev entries driver
[    1.091100] usbcore: registered new interface driver uvcvideo
[    1.091101] USB Video Class driver (1.1.1)
[    1.091964] device-mapper: ioctl: 4.42.0-ioctl (2020-02-27) initialised: dm-devel@redhat.com
[    1.091965] input: AT Translated Set 2 keyboard as /devices/platform/i8042/serio0/input/input4
[    1.091968] Bluetooth: HCI UART driver ver 2.3
[    1.091970] Bluetooth: HCI UART protocol H4 registered
[    1.091971] Bluetooth: HCI UART protocol BCSP registered
[    1.092125] usbcore: registered new interface driver btusb
[    1.092131] intel_pstate: Intel P-state driver initializing
[    1.093240] sdhci: Secure Digital Host Controller Interface driver
[    1.093245] sdhci: Copyright(c) Pierre Ossman
[    1.093370] sdhci-pci 0000:0d:00.0: SDHCI controller found [1180:e822] (rev 7)
[    1.094840] mmc0 bounce up to 128 segments into one, max segment size 65536 bytes
[    1.096162] mmc0: SDHCI controller on PCI [0000:0d:00.0] using DMA
[    1.096807] hid: raw HID events driver (C) Jiri Kosina
[    1.100363] usbcore: registered new interface driver usbhid
[    1.100368] usbhid: USB HID core driver
[    1.101572] thinkpad_acpi: ThinkPad ACPI Extras v0.26
[    1.101573] thinkpad_acpi: http://ibm-acpi.sf.net/
[    1.101575] thinkpad_acpi: ThinkPad BIOS 8DET74WW (1.44 ), EC unknown
[    1.101576] thinkpad_acpi: Lenovo ThinkPad X220, model 42872WU
[    1.103394] thinkpad_acpi: radio switch found; radios are enabled
[    1.103597] thinkpad_acpi: Tablet mode switch found (type: MHKG), currently in laptop mode
[    1.103618] thinkpad_acpi: This ThinkPad has standard ACPI backlight brightness control, supported by the ACPI video driver
[    1.103619] thinkpad_acpi: Disabling thinkpad-acpi brightness events by default...
[    1.108986] thinkpad_acpi: rfkill switch tpacpi_bluetooth_sw: radio is unblocked
[    1.110836] thinkpad_acpi: warning: userspace override of important firmware LEDs is enabled
[    1.110857] thinkpad_acpi: Standard ACPI backlight interface available, not loading native one
[    1.110858] thinkpad_acpi: volume: disabled as there is no ALSA support in this kernel
[    1.111370] battery: new extension: ThinkPad Battery Extension
[    1.111472] input: ThinkPad Extra Buttons as /devices/platform/thinkpad_acpi/input/input8
[    1.112044] random: fast init done
[    1.113282] usbcore: registered new interface driver snd-usb-audio
[    1.114391] Console: switching to colour frame buffer device 102x42
[    1.118769] NET: Registered protocol family 17
[    1.119057] Bluetooth: RFCOMM TTY layer initialized
[    1.119068] Bluetooth: RFCOMM socket layer initialized
[    1.119080] Bluetooth: RFCOMM ver 1.11
[    1.119091] Bluetooth: BNEP (Ethernet Emulation) ver 1.3
[    1.119092] Bluetooth: BNEP filters: protocol multicast
[    1.119096] Bluetooth: BNEP socket layer initialized
[    1.119097] Bluetooth: HIDP (Human Interface Emulation) ver 1.2
[    1.119101] Bluetooth: HIDP socket layer initialized
[    1.119281] microcode: sig=0x206a7, pf=0x10, revision=0x2d
[    1.119399] microcode: Microcode Update Driver: v2.2.
[    1.119403] IPI shorthand broadcast: enabled
[    1.119422] sched_clock: Marking stable (1107321761, 12057974)->(1125735162, -6355427)
[    1.119539] Loading compiled-in X.509 certificates
[    1.119580] Key type ._fscrypt registered
[    1.119581] Key type .fscrypt registered
[    1.119582] Key type fscrypt-provisioning registered
[    1.120085] Key type encrypted registered
[    1.120523] cfg80211: Loading compiled-in X.509 certificates for regulatory database
[    1.120936] ata1: SATA link up 1.5 Gbps (SStatus 113 SControl 300)
[    1.122046] ata1.00: ACPI cmd ef/02:00:00:00:00:a0 (SET FEATURES) succeeded
[    1.122050] ata1.00: ACPI cmd f5/00:00:00:00:00:a0 (SECURITY FREEZE LOCK) filtered out
[    1.122052] ata1.00: ACPI cmd ef/10:03:00:00:00:a0 (SET FEATURES) filtered out
[    1.122124] cfg80211: Loaded X.509 cert 'sforshee: 00b28ddf47aef9cea7'
[    1.122291] platform regulatory.0: Direct firmware load for regulatory.db failed with error -2
[    1.122294] cfg80211: failed to load regulatory.db
[    1.122903] ata1.00: ATA-8: Hitachi HTS545050A7E380, GG2OA7J0, max UDMA/133
[    1.122908] ata1.00: 976773168 sectors, multi 16: LBA48 NCQ (depth 32), AA
[    1.124300] ata1.00: ACPI cmd ef/02:00:00:00:00:a0 (SET FEATURES) succeeded
[    1.124305] ata1.00: ACPI cmd f5/00:00:00:00:00:a0 (SECURITY FREEZE LOCK) filtered out
[    1.124311] ata1.00: ACPI cmd ef/10:03:00:00:00:a0 (SET FEATURES) filtered out
[    1.125280] ata1.00: configured for UDMA/133
[    1.125514] snd_hda_intel 0000:00:1b.0: bound 0000:00:02.0 (ops i915_audio_component_bind_ops)
[    1.147531] snd_hda_codec_generic hdaudioC0D0: autoconfig for Generic: line_outs=1 (0x1f/0x0/0x0/0x0/0x0) type:speaker
[    1.147890] i915 0000:00:02.0: fb0: i915drmfb frame buffer device
[    1.392741] usb 1-1: new high-speed USB device number 2 using ehci-pci
[    1.394610] snd_hda_codec_generic hdaudioC0D0:    speaker_outs=0 (0x0/0x0/0x0/0x0/0x0)
[    1.395180] scsi 0:0:0:0: Direct-Access     ATA      Hitachi HTS54505 A7J0 PQ: 0 ANSI: 5
[    1.397337] sd 0:0:0:0: Attached scsi generic sg0 type 0
[    1.397395] sd 0:0:0:0: [sda] 976773168 512-byte logical blocks: (500 GB/466 GiB)
[    1.397407] sd 0:0:0:0: [sda] 4096-byte physical blocks
[    1.397489] sd 0:0:0:0: [sda] Write Protect is off
[    1.397500] sd 0:0:0:0: [sda] Mode Sense: 00 3a 00 00
[    1.397640] sd 0:0:0:0: [sda] Write cache: enabled, read cache: enabled, doesn't support DPO or FUA
[    1.412736] usb 2-1: new high-speed USB device number 2 using ehci-pci
[    1.414053] snd_hda_codec_generic hdaudioC0D0:    hp_outs=1 (0x19/0x0/0x0/0x0/0x0)
[    1.556751] tsc: Refined TSC clocksource calibration: 2491.905 MHz
[    1.559603] snd_hda_codec_generic hdaudioC0D0:    mono: mono_out=0x0
[    1.565312] clocksource: tsc: mask: 0xffffffffffffffff max_cycles: 0x23eb5abbd7b, max_idle_ns: 440795277677 ns
[    1.568374] snd_hda_codec_generic hdaudioC0D0:    inputs:
[    1.593280] clocksource: Switched to clocksource tsc
[    1.593351] snd_hda_codec_generic hdaudioC0D0:      Internal Mic=0x23
[    1.597176] usb 2-1: New USB device found, idVendor=8087, idProduct=0024, bcdDevice= 0.00
[    1.598276] snd_hda_codec_generic hdaudioC0D0:      Mic=0x1b
[    1.599207] usb 2-1: New USB device strings: Mfr=0, Product=0, SerialNumber=0
[    1.599310] usb 1-1: New USB device found, idVendor=8087, idProduct=0024, bcdDevice= 0.00
[    1.602565] usb 1-1: New USB device strings: Mfr=0, Product=0, SerialNumber=0
[    1.604108] hub 2-1:1.0: USB hub found
[    1.605402] hub 1-1:1.0: USB hub found
[    1.606504] hub 2-1:1.0: 8 ports detected
[    1.607916] hub 1-1:1.0: 6 ports detected
[    1.614343] snd_hda_codec_generic hdaudioC0D3: ignore pin 0x7, too many assigned pins
[    1.617365] snd_hda_codec_generic hdaudioC0D3: autoconfig for Generic: line_outs=0 (0x0/0x0/0x0/0x0/0x0) type:line
[    1.619967] snd_hda_codec_generic hdaudioC0D3:    speaker_outs=0 (0x0/0x0/0x0/0x0/0x0)
[    1.623032] snd_hda_codec_generic hdaudioC0D3:    hp_outs=0 (0x0/0x0/0x0/0x0/0x0)
[    1.625650] snd_hda_codec_generic hdaudioC0D3:    mono: mono_out=0x0
[    1.628280] snd_hda_codec_generic hdaudioC0D3:    dig-out=0x5/0x6
[    1.630779] snd_hda_codec_generic hdaudioC0D3:    inputs:
[    1.638155] input: HDA Intel PCH Mic as /devices/pci0000:00/0000:00:1b.0/sound/card0/input9
[    1.639330] input: HDA Intel PCH Headphone as /devices/pci0000:00/0000:00:1b.0/sound/card0/input10
[    1.640480] input: HDA Intel PCH HDMI as /devices/pci0000:00/0000:00:1b.0/sound/card0/input11
[    1.642476] input: HDA Intel PCH HDMI as /devices/pci0000:00/0000:00:1b.0/sound/card0/input12
[    1.716729] ata2: SATA link down (SStatus 0 SControl 300)
[    1.741340]  sda: sda1 sda2 sda3 sda4
[    1.744687] sd 0:0:0:0: [sda] Attached SCSI disk
[    1.896810] usb 1-1.3: new full-speed USB device number 3 using ehci-pci
[    1.896843] usb 2-1.2: new high-speed USB device number 3 using ehci-pci
[    2.014066] usb 2-1.2: New USB device found, idVendor=1a40, idProduct=0101, bcdDevice= 1.11
[    2.015500] usb 1-1.3: New USB device found, idVendor=147e, idProduct=2016, bcdDevice= 0.02
[    2.018185] usb 2-1.2: New USB device strings: Mfr=0, Product=1, SerialNumber=0
[    2.021290] usb 1-1.3: New USB device strings: Mfr=1, Product=2, SerialNumber=0
[    2.024345] usb 2-1.2: Product: USB 2.0 Hub
[    2.027244] usb 1-1.3: Product: Biometric Coprocessor
[    2.031535] usb 1-1.3: Manufacturer: UPEK
[    2.032662] ata3: SATA link up 3.0 Gbps (SStatus 123 SControl 300)
[    2.036951] hub 2-1.2:1.0: USB hub found
[    2.038323] hub 2-1.2:1.0: 4 ports detected
[    2.047994] ata3.00: ACPI cmd ef/02:00:00:00:00:a0 (SET FEATURES) succeeded
[    2.047998] ata3.00: ACPI cmd f5/00:00:00:00:00:a0 (SECURITY FREEZE LOCK) filtered out
[    2.050407] ata3.00: ACPI cmd ef/10:03:00:00:00:a0 (SET FEATURES) filtered out
[    2.058662] ata3.00: ATA-8: KINGSTON SMS200S3240G, 60AABBF0, max UDMA/133
[    2.061373] ata3.00: 468862128 sectors, multi 1: LBA48 NCQ (depth 32), AA
[    2.069107] ata3.00: ACPI cmd ef/02:00:00:00:00:a0 (SET FEATURES) succeeded
[    2.069112] ata3.00: ACPI cmd f5/00:00:00:00:00:a0 (SECURITY FREEZE LOCK) filtered out
[    2.071121] ata3.00: ACPI cmd ef/10:03:00:00:00:a0 (SET FEATURES) filtered out
[    2.078060] ata3.00: configured for UDMA/133
[    2.080759] scsi 2:0:0:0: Direct-Access     ATA      KINGSTON SMS200S BBF0 PQ: 0 ANSI: 5
[    2.083730] sd 2:0:0:0: Attached scsi generic sg1 type 0
[    2.083908] sd 2:0:0:0: [sdb] 468862128 512-byte logical blocks: (240 GB/224 GiB)
[    2.087756] sd 2:0:0:0: [sdb] Write Protect is off
[    2.089658] sd 2:0:0:0: [sdb] Mode Sense: 00 3a 00 00
[    2.089712] sd 2:0:0:0: [sdb] Write cache: enabled, read cache: enabled, doesn't support DPO or FUA
[    2.092730]  sdb: sdb2 sdb3 sdb4
[    2.097075] sd 2:0:0:0: [sdb] Attached SCSI disk
[    2.112671] usb 1-1.4: new full-speed USB device number 4 using ehci-pci
[    2.231569] usb 1-1.4: New USB device found, idVendor=0a5c, idProduct=217f, bcdDevice= 7.48
[    2.234919] usb 1-1.4: New USB device strings: Mfr=1, Product=2, SerialNumber=3
[    2.238102] usb 1-1.4: Product: Broadcom Bluetooth Device
[    2.241084] usb 1-1.4: Manufacturer: Broadcom Corp
[    2.244139] usb 1-1.4: SerialNumber: 7CE9D3B855AA
[    2.328805] usb 1-1.6: new high-speed USB device number 5 using ehci-pci
[    2.408273] ata5: SATA link down (SStatus 0 SControl 300)
[    2.418822] psmouse serio1: synaptics: queried max coordinates: x [..5472], y [..4448]
[    2.428720] usb 2-1.2.2: new low-speed USB device number 4 using ehci-pci
[    2.449416] usb 1-1.6: New USB device found, idVendor=04f2, idProduct=b217, bcdDevice= 8.54
[    2.452378] usb 1-1.6: New USB device strings: Mfr=1, Product=2, SerialNumber=0
[    2.455449] usb 1-1.6: Product: Integrated Camera
[    2.458341] usb 1-1.6: Manufacturer: Chicony Electronics Co., Ltd.
[    2.464582] uvcvideo: Found UVC 1.00 device Integrated Camera (04f2:b217)
[    2.478158] uvcvideo 1-1.6:1.0: Entity type for entity Extension 3 was not initialized!
[    2.480483] uvcvideo 1-1.6:1.0: Entity type for entity Processing 2 was not initialized!
[    2.482784] uvcvideo 1-1.6:1.0: Entity type for entity Camera 1 was not initialized!
[    2.500255] psmouse serio1: synaptics: Touchpad model: 1, fw: 8.0, id: 0x1e2b1, caps: 0xd001a3/0x940300/0x120c00/0x0, board id: 1611, fw id: 774180
[    2.506297] psmouse serio1: synaptics: serio: Synaptics pass-through port at isa0060/serio1/input0
[    2.560277] input: SynPS/2 Synaptics TouchPad as /devices/platform/i8042/serio1/input/input7
[    2.612225] PM: Image not found (code -22)
[    2.612290] ALSA device list:
[    2.613299]   #0: HDA Intel PCH at 0xf2520000 irq 22
[    2.649831] usb 2-1.2.2: New USB device found, idVendor=046d, idProduct=c05a, bcdDevice=63.00
[    2.653309] usb 2-1.2.2: New USB device strings: Mfr=1, Product=2, SerialNumber=0
[    2.656750] usb 2-1.2.2: Product: USB Optical Mouse
[    2.660042] usb 2-1.2.2: Manufacturer: Logitech
[    2.667247] input: Logitech USB Optical Mouse as /devices/pci0000:00/0000:00:1d.0/usb2/2-1/2-1.2/2-1.2.2/2-1.2.2:1.0/0003:046D:C05A.0001/input/input14
[    2.670129] hid-generic 0003:046D:C05A.0001: input,hidraw0: USB HID v1.11 Mouse [Logitech USB Optical Mouse] on usb-0000:00:1d.0-1.2.2/input0
[    2.852829] usb 2-1.2.3: new low-speed USB device number 5 using ehci-pci
[    3.093572] usb 2-1.2.3: New USB device found, idVendor=04f2, idProduct=0111, bcdDevice= 1.02
[    3.097249] usb 2-1.2.3: New USB device strings: Mfr=1, Product=2, SerialNumber=0
[    3.100731] usb 2-1.2.3: Product: USB Keyboard
[    3.104181] usb 2-1.2.3: Manufacturer: Chicony
[    3.113279] input: Chicony USB Keyboard as /devices/pci0000:00/0000:00:1d.0/usb2/2-1/2-1.2/2-1.2.3/2-1.2.3:1.0/0003:04F2:0111.0002/input/input15
[    3.175263] hid-generic 0003:04F2:0111.0002: input,hidraw1: USB HID v1.10 Keyboard [Chicony USB Keyboard] on usb-0000:00:1d.0-1.2.3/input0
[    3.192669] input: Chicony USB Keyboard System Control as /devices/pci0000:00/0000:00:1d.0/usb2/2-1/2-1.2/2-1.2.3/2-1.2.3:1.1/0003:04F2:0111.0003/input/input16
[    3.253341] input: Chicony USB Keyboard Consumer Control as /devices/pci0000:00/0000:00:1d.0/usb2/2-1/2-1.2/2-1.2.3/2-1.2.3:1.1/0003:04F2:0111.0003/input/input17
[    3.258878] hid-generic 0003:04F2:0111.0003: input,hiddev96,hidraw2: USB HID v1.10 Device [Chicony USB Keyboard] on usb-0000:00:1d.0-1.2.3/input1
[    3.315777] psmouse serio2: trackpoint: IBM TrackPoint firmware: 0x0e, buttons: 3/3
[    3.579135] input: TPPS/2 IBM TrackPoint as /devices/platform/i8042/serio1/serio2/input/input13
[    3.689913] md: Waiting for all devices to be available before autodetect
[    3.694556] md: If you don't use raid, use raid=noautodetect
[    3.700443] md: Autodetecting RAID arrays.
[    3.704123] md: autorun ...
[    3.705347] md: ... autorun DONE.
[    3.714247] EXT4-fs (sdb3): mounted filesystem with ordered data mode. Opts: (null)
[    3.715515] VFS: Mounted root (ext4 filesystem) readonly on device 8:19.
[    3.718194] devtmpfs: mounted
[    3.720787] Freeing unused kernel image (initmem) memory: 1084K
[    3.740835] Write protecting the kernel read-only data: 24576k
[    3.747358] Freeing unused kernel image (text/rodata gap) memory: 2044K
[    3.751578] Freeing unused kernel image (rodata/data gap) memory: 340K
[    3.799240] x86/mm: Checked W+X mappings: passed, no W+X pages found.
[    3.800326] rodata_test: all tests were successful
[    3.801399] x86/mm: Checking user space page tables
[    3.846419] x86/mm: Checked W+X mappings: passed, no W+X pages found.
[    3.847490] Run /sbin/init as init process
[    3.848526]   with arguments:
[    3.848527]     /sbin/init
[    3.848528]   with environment:
[    3.848529]     HOME=/
[    3.848530]     TERM=linux
[    3.848531]     BOOT_IMAGE=(hd1,2)/l/k/o/64/arch/x86/boot/bzImage
[    3.997737] systemd[1]: systemd 241 running in system mode. (+PAM +AUDIT +SELINUX +IMA +APPARMOR +SMACK +SYSVINIT +UTMP +LIBCRYPTSETUP +GCRYPT +GNUTLS +ACL +XZ +LZ4 +SECCOMP +BLKID +ELFUTILS +KMOD -IDN2 +IDN -PCRE2 default-hierarchy=hybrid)
[    4.021044] systemd[1]: Detected architecture x86-64.
[    4.037806] systemd[1]: Set hostname to <duo>.
[    4.136689] systemd[1]: File /lib/systemd/system/systemd-journald.service:12 configures an IP firewall (IPAddressDeny=any), but the local system does not support BPF/cgroup based firewalling.
[    4.140161] systemd[1]: Proceeding WITHOUT firewalling in effect! (This warning is only shown for the first loaded unit using IP firewalling.)
[    4.198761] systemd[1]: Binding to IPv6 address not available since kernel does not support IPv6.
[    4.199841] systemd[1]: Binding to IPv6 address not available since kernel does not support IPv6.
[    4.205794] systemd[1]: /lib/systemd/system/rpc-statd.service:13: PIDFile= references path below legacy directory /var/run/, updating /var/run/rpc.statd.pid  /run/rpc.statd.pid; please update the unit file accordingly.
[    4.225179] systemd[1]: Binding to IPv6 address not available since kernel does not support IPv6.
[    4.227301] random: systemd: uninitialized urandom read (16 bytes read)
[    4.239403] systemd[1]: Condition check resulted in Journal Audit Socket being skipped.
[    4.241189] random: systemd: uninitialized urandom read (16 bytes read)
[    4.247372] random: systemd: uninitialized urandom read (16 bytes read)
[    5.228742] EXT4-fs (sdb3): re-mounted. Opts: errors=remount-ro
[    5.254731] systemd-journald[1684]: Received request to flush runtime journal from PID 1
[    5.518501] e1000e 0000:00:19.0 enp0s25: renamed from eth0
[    5.577837] iwlwifi 0000:03:00.0 wlp3s0: renamed from wlan0
[    6.776908] Adding 1681428k swap on /dev/sda1.  Priority:-2 extents:1 across:1681428k 
[    6.865589] random: crng init done
[    6.867901] random: 7 urandom warning(s) missed due to ratelimiting
[    7.218637] EXT4-fs (sda2): mounted filesystem with ordered data mode. Opts: errors=remount-ro
[    7.377682] EXT4-fs (sdb2): mounted filesystem with ordered data mode. Opts: errors=remount-ro
[    8.056403] iwlwifi 0000:03:00.0: Radio type=0x0-0x0-0x3
[    8.127776] iwlwifi 0000:03:00.0: Radio type=0x0-0x0-0x3
[    8.200301] iwlwifi 0000:03:00.0: Radio type=0x0-0x0-0x3
[    8.272257] iwlwifi 0000:03:00.0: Radio type=0x0-0x0-0x3
[    9.002565] NFSD: Using /var/lib/nfs/v4recovery as the NFSv4 state recovery directory
[    9.003629] NFSD: Using legacy client tracking operations.
[    9.004310] NFSD: starting 90-second grace period (net f0000098)
[    9.302808] broken atomic modeset userspace detected, disabling atomic
[    9.775376] e1000e 0000:00:19.0 enp0s25: NIC Link is Up 100 Mbps Full Duplex, Flow Control: Rx/Tx
[    9.775385] e1000e 0000:00:19.0 enp0s25: 10/100 speed: disabling TSO
[   38.959919] iwlwifi 0000:03:00.0: Radio type=0x0-0x0-0x3
[   39.031060] iwlwifi 0000:03:00.0: Radio type=0x0-0x0-0x3
[   68.959327] iwlwifi 0000:03:00.0: Radio type=0x0-0x0-0x3
[   69.030678] iwlwifi 0000:03:00.0: Radio type=0x0-0x0-0x3
[   69.583136] iwlwifi 0000:03:00.0: Radio type=0x0-0x0-0x3
[   69.658531] iwlwifi 0000:03:00.0: Radio type=0x0-0x0-0x3
[   75.656761] wlp3s0: authenticate with 5c:f4:ab:10:d2:bb
[   75.659956] wlp3s0: send auth to 5c:f4:ab:10:d2:bb (try 1/3)
[   75.663252] wlp3s0: authenticated
[   75.663490] wlp3s0: waiting for beacon from 5c:f4:ab:10:d2:bb
[   75.678691] wlp3s0: associate with 5c:f4:ab:10:d2:bb (try 1/3)
[   75.682296] wlp3s0: RX AssocResp from 5c:f4:ab:10:d2:bb (capab=0x411 status=0 aid=1)
[   75.688637] wlp3s0: associated
