[    0.000000] Linux version 4.17.0-rc1+ (pavel@duo) (gcc version 4.9.2 (Debian 4.9.2-10+deb8u1)) #518 SMP Mon Apr 16 08:41:54 CEST 2018
[    0.000000] Disabled fast string operations
[    0.000000] x86/fpu: x87 FPU will use FXSAVE
[    0.000000] e820: BIOS-provided physical RAM map:
[    0.000000] BIOS-e820: [mem 0x0000000000000000-0x000000000009efff] usable
[    0.000000] BIOS-e820: [mem 0x000000000009f000-0x000000000009ffff] reserved
[    0.000000] BIOS-e820: [mem 0x00000000000dc000-0x00000000000fffff] reserved
[    0.000000] BIOS-e820: [mem 0x0000000000100000-0x00000000bf6cffff] usable
[    0.000000] BIOS-e820: [mem 0x00000000bf6d0000-0x00000000bf6defff] ACPI data
[    0.000000] BIOS-e820: [mem 0x00000000bf6df000-0x00000000bf6fffff] ACPI NVS
[    0.000000] BIOS-e820: [mem 0x00000000bf700000-0x00000000bfffffff] reserved
[    0.000000] BIOS-e820: [mem 0x00000000f0000000-0x00000000f3ffffff] reserved
[    0.000000] BIOS-e820: [mem 0x00000000fec00000-0x00000000fec0ffff] reserved
[    0.000000] BIOS-e820: [mem 0x00000000fed00000-0x00000000fed003ff] reserved
[    0.000000] BIOS-e820: [mem 0x00000000fed14000-0x00000000fed19fff] reserved
[    0.000000] BIOS-e820: [mem 0x00000000fed1c000-0x00000000fed8ffff] reserved
[    0.000000] BIOS-e820: [mem 0x00000000fee00000-0x00000000fee00fff] reserved
[    0.000000] BIOS-e820: [mem 0x00000000ff800000-0x00000000ffffffff] reserved
[    0.000000] NX (Execute Disable) protection: active
[    0.000000] random: fast init done
[    0.000000] SMBIOS 2.4 present.
[    0.000000] DMI: LENOVO 17097HU/17097HU, BIOS 7BETD8WW (2.19 ) 03/31/2011
[    0.000000] e820: update [mem 0x00000000-0x00000fff] usable ==> reserved
[    0.000000] e820: remove [mem 0x000a0000-0x000fffff] usable
[    0.000000] e820: last_pfn = 0xbf6d0 max_arch_pfn = 0x1000000
[    0.000000] MTRR default type: uncachable
[    0.000000] MTRR fixed ranges enabled:
[    0.000000]   00000-9FFFF write-back
[    0.000000]   A0000-BFFFF uncachable
[    0.000000]   C0000-CFFFF write-protect
[    0.000000]   D0000-DBFFF uncachable
[    0.000000]   DC000-DFFFF write-back
[    0.000000]   E0000-FFFFF write-protect
[    0.000000] MTRR variable ranges enabled:
[    0.000000]   0 base 000000000 mask F80000000 write-back
[    0.000000]   1 base 080000000 mask FC0000000 write-back
[    0.000000]   2 base 0BF700000 mask FFFF00000 uncachable
[    0.000000]   3 base 0BF800000 mask FFF800000 uncachable
[    0.000000]   4 disabled
[    0.000000]   5 disabled
[    0.000000]   6 disabled
[    0.000000]   7 disabled
[    0.000000] x86/PAT: PAT not supported by CPU.
[    0.000000] x86/PAT: Configuration [0-7]: WB  WT  UC- UC  WB  WT  UC- UC  
[    0.000000] initial memory mapped: [mem 0x00000000-0x055fffff]
[    0.000000] Base memory trampoline at [(ptrval)] 9b000 size 16384
[    0.000000] BRK [0x05111000, 0x05111fff] PGTABLE
[    0.000000] BRK [0x05112000, 0x05112fff] PGTABLE
[    0.000000] ACPI: Early table checksum verification disabled
[    0.000000] ACPI: RSDP 0x00000000000F67C0 000024 (v02 LENOVO)
[    0.000000] ACPI: XSDT 0x00000000BF6D191C 000084 (v01 LENOVO TP-7B    00002190  LTP 00000000)
[    0.000000] ACPI: FACP 0x00000000BF6D1A00 0000F4 (v03 LENOVO TP-7B    00002190 LNVO 00000001)
[    0.000000] ACPI BIOS Warning (bug): 32/64X length mismatch in FADT/Gpe0Block: 64/32 (20180313/tbfadt-569)
[    0.000000] ACPI BIOS Warning (bug): Optional FADT field Gpe1Block has valid Address but zero Length: 0x000000000000102C/0x0 (20180313/tbfadt-624)
[    0.000000] ACPI: DSDT 0x00000000BF6D1D90 00CFB9 (v01 LENOVO TP-7B    00002190 MSFT 0100000E)
[    0.000000] ACPI: FACS 0x00000000BF6F4000 000040
[    0.000000] ACPI: FACS 0x00000000BF6F4000 000040
[    0.000000] ACPI: SSDT 0x00000000BF6D1BB4 0001DC (v01 LENOVO TP-7B    00002190 MSFT 0100000E)
[    0.000000] ACPI: ECDT 0x00000000BF6DED49 000052 (v01 LENOVO TP-7B    00002190 LNVO 00000001)
[    0.000000] ACPI: TCPA 0x00000000BF6DED9B 000032 (v02 LENOVO TP-7B    00002190 LNVO 00000001)
[    0.000000] ACPI: APIC 0x00000000BF6DEDCD 000068 (v01 LENOVO TP-7B    00002190 LNVO 00000001)
[    0.000000] ACPI: MCFG 0x00000000BF6DEE35 00003C (v01 LENOVO TP-7B    00002190 LNVO 00000001)
[    0.000000] ACPI: HPET 0x00000000BF6DEE71 000038 (v01 LENOVO TP-7B    00002190 LNVO 00000001)
[    0.000000] ACPI: BOOT 0x00000000BF6DEFD8 000028 (v01 LENOVO TP-7B    00002190  LTP 00000001)
[    0.000000] ACPI: SSDT 0x00000000BF6F2645 00025F (v01 LENOVO TP-7B    00002190 INTL 20050513)
[    0.000000] ACPI: SSDT 0x00000000BF6F28A4 0000A6 (v01 LENOVO TP-7B    00002190 INTL 20050513)
[    0.000000] ACPI: SSDT 0x00000000BF6F294A 0004F7 (v01 LENOVO TP-7B    00002190 INTL 20050513)
[    0.000000] ACPI: SSDT 0x00000000BF6F2E41 0001D8 (v01 LENOVO TP-7B    00002190 INTL 20050513)
[    0.000000] ACPI: Local APIC address 0xfee00000
[    0.000000] 2174MB HIGHMEM available.
[    0.000000] 887MB LOWMEM available.
[    0.000000]   mapped low ram: 0 - 377fe000
[    0.000000]   low ram: 0 - 377fe000
[    0.000000] tsc: Fast TSC calibration using PIT
[    0.000000] BRK [0x05113000, 0x05113fff] PGTABLE
[    0.000000] Zone ranges:
[    0.000000]   DMA      [mem 0x0000000000001000-0x0000000000ffffff]
[    0.000000]   Normal   [mem 0x0000000001000000-0x00000000377fdfff]
[    0.000000]   HighMem  [mem 0x00000000377fe000-0x00000000bf6cffff]
[    0.000000] Movable zone start for each node
[    0.000000] Early memory node ranges
[    0.000000]   node   0: [mem 0x0000000000001000-0x000000000009efff]
[    0.000000]   node   0: [mem 0x0000000000100000-0x00000000bf6cffff]
[    0.000000] Initmem setup node 0 [mem 0x0000000000001000-0x00000000bf6cffff]
[    0.000000] On node 0 totalpages: 783982
[    0.000000]   DMA zone: 32 pages used for memmap
[    0.000000]   DMA zone: 0 pages reserved
[    0.000000]   DMA zone: 3998 pages, LIFO batch:0
[    0.000000]   Normal zone: 1744 pages used for memmap
[    0.000000]   Normal zone: 223230 pages, LIFO batch:31
[    0.000000]   HighMem zone: 556754 pages, LIFO batch:31
[    0.000000] Reserved but unavailable: 98 pages
[    0.000000] Using APIC driver default
[    0.000000] Reserving Intel graphics memory at [mem 0xbf800000-0xbfffffff]
[    0.000000] ACPI: PM-Timer IO Port: 0x1008
[    0.000000] ACPI: Local APIC address 0xfee00000
[    0.000000] ACPI: LAPIC_NMI (acpi_id[0x00] high edge lint[0x1])
[    0.000000] ACPI: LAPIC_NMI (acpi_id[0x01] high edge lint[0x1])
[    0.000000] IOAPIC[0]: apic_id 1, version 32, address 0xfec00000, GSI 0-23
[    0.000000] ACPI: INT_SRC_OVR (bus 0 bus_irq 0 global_irq 2 dfl dfl)
[    0.000000] ACPI: INT_SRC_OVR (bus 0 bus_irq 9 global_irq 9 high level)
[    0.000000] ACPI: IRQ0 used by override.
[    0.000000] ACPI: IRQ9 used by override.
[    0.000000] Using ACPI (MADT) for SMP configuration information
[    0.000000] ACPI: HPET id: 0x8086a201 base: 0xfed00000
[    0.000000] smpboot: Allowing 2 CPUs, 0 hotplug CPUs
[    0.000000] PM: Registered nosave memory: [mem 0x00000000-0x00000fff]
[    0.000000] PM: Registered nosave memory: [mem 0x0009f000-0x0009ffff]
[    0.000000] PM: Registered nosave memory: [mem 0x000a0000-0x000dbfff]
[    0.000000] PM: Registered nosave memory: [mem 0x000dc000-0x000fffff]
[    0.000000] e820: [mem 0xc0000000-0xefffffff] available for PCI devices
[    0.000000] clocksource: refined-jiffies: mask: 0xffffffff max_cycles: 0xffffffff, max_idle_ns: 7645519600211568 ns
[    0.000000] setup_percpu: NR_CPUS:8 nr_cpumask_bits:8 nr_cpu_ids:2 nr_node_ids:1
[    0.000000] percpu: Embedded 28 pages/cpu @(ptrval) s83212 r0 d31476 u114688
[    0.000000] pcpu-alloc: s83212 r0 d31476 u114688 alloc=28*4096
[    0.000000] pcpu-alloc: [0] 0 [0] 1 
[    0.000000] Built 1 zonelists, mobility grouping on.  Total pages: 782206
[    0.000000] Kernel command line: BOOT_IMAGE=(hd0,2)/fast/l/linux/arch/x86/boot/bzImage root=/dev/sda4 resume=/dev/sda1
[    0.000000] Dentry cache hash table entries: 131072 (order: 7, 524288 bytes)
[    0.000000] Inode-cache hash table entries: 65536 (order: 6, 262144 bytes)
[    0.000000] Initializing CPU#0
[    0.000000] Initializing HighMem for node 0 (000377fe:000bf6d0)
[    0.000000] Initializing Movable for node 0 (00000000:00000000)
[    0.000000] Memory: 3092840K/3135928K available (11664K kernel code, 563K rwdata, 3824K rodata, 572K init, 488K bss, 43088K reserved, 0K cma-reserved, 2227016K highmem)
[    0.000000] virtual kernel memory layout:
    fixmap  : 0xfff18000 - 0xfffff000   ( 924 kB)
  cpu_entry : 0xffa00000 - 0xffb39000   (1252 kB)
    pkmap   : 0xff800000 - 0xffa00000   (2048 kB)
    vmalloc : 0xf7ffe000 - 0xff7fe000   ( 120 MB)
    lowmem  : 0xc0000000 - 0xf77fe000   ( 887 MB)
      .init : 0xc4fd1000 - 0xc5060000   ( 572 kB)
      .data : 0xc4b643b4 - 0xc4fb3f00   (4414 kB)
      .text : 0xc4000000 - 0xc4b643b4   (11664 kB)
[    0.000000] Checking if this processor honours the WP bit even in supervisor mode...Ok.
[    0.000000] Hierarchical RCU implementation.
[    0.000000] 	RCU restricting CPUs from NR_CPUS=8 to nr_cpu_ids=2.
[    0.000000] RCU: Adjusting geometry for rcu_fanout_leaf=16, nr_cpu_ids=2
[    0.000000] NR_IRQS: 2304, nr_irqs: 56, preallocated irqs: 16
[    0.000000] CPU 0 irqstacks, hard=(ptrval) soft=(ptrval)
[    0.000000] Console: colour VGA+ 80x25
[    0.000000] console [tty0] enabled
[    0.000000] ACPI: Core revision 20180313
[    0.000000] clocksource: hpet: mask: 0xffffffff max_cycles: 0xffffffff, max_idle_ns: 133484882848 ns
[    0.000000] hpet clockevent registered
[    0.000000] APIC: Switch to symmetric I/O mode setup
[    0.000000] Enabling APIC mode:  Flat.  Using 1 I/O APICs
[    0.000000] ..TIMER: vector=0x30 apic1=0 pin1=2 apic2=-1 pin2=-1
[    0.020000] tsc: Fast TSC calibration using PIT
[    0.024000] tsc: Detected 1828.911 MHz processor
[    0.024000] clocksource: tsc-early: mask: 0xffffffffffffffff max_cycles: 0x1a5cd8ebcfc, max_idle_ns: 440795295515 ns
[    0.024000] Calibrating delay loop (skipped), value calculated using timer frequency.. 3657.82 BogoMIPS (lpj=7315644)
[    0.024000] pid_max: default: 32768 minimum: 301
[    0.024000] Mount-cache hash table entries: 2048 (order: 1, 8192 bytes)
[    0.024000] Mountpoint-cache hash table entries: 2048 (order: 1, 8192 bytes)
[    0.024000] Disabled fast string operations
[    0.024000] CPU: Physical Processor ID: 0
[    0.024000] CPU: Processor Core ID: 0
[    0.024000] process: using mwait in idle threads
[    0.024000] Last level iTLB entries: 4KB 128, 2MB 0, 4MB 2
[    0.024000] Last level dTLB entries: 4KB 128, 2MB 0, 4MB 8, 1GB 0
[    0.024000] Spectre V2 : Mitigation: Full generic retpoline
[    0.024000] Spectre V2 : Spectre v2 mitigation: Filling RSB on context switch
[    0.024000] Freeing SMP alternatives memory: 44K
[    0.032000] smpboot: CPU0: Genuine Intel(R) CPU           T2400  @ 1.83GHz (family: 0x6, model: 0xe, stepping: 0x8)
[    0.032000] Performance Events: Core events, core PMU driver.
[    0.032000] ... version:                1
[    0.032000] ... bit width:              40
[    0.032000] ... generic registers:      2
[    0.032000] ... value mask:             000000ffffffffff
[    0.032000] ... max period:             000000007fffffff
[    0.032000] ... fixed-purpose events:   0
[    0.032000] ... event mask:             0000000000000003
[    0.032000] Hierarchical SRCU implementation.
[    0.032000] smp: Bringing up secondary CPUs ...
[    0.032000] CPU 1 irqstacks, hard=b13baa9d soft=43de5d98
[    0.032000] x86: Booting SMP configuration:
[    0.032000] .... node  #0, CPUs:      #1
[    0.004000] Initializing CPU#1
[    0.004000] Disabled fast string operations
[    0.032000] TSC synchronization [CPU#0 -> CPU#1]:
[    0.032000] Measured 580074 cycles TSC warp between CPUs, turning off TSC clock.
[    0.032000] tsc: Marking TSC unstable due to check_tsc_sync_source failed
[    0.032053] smp: Brought up 1 node, 2 CPUs
[    0.032072] smpboot: Max logical packages: 1
[    0.032134] smpboot: Total of 2 processors activated (7315.64 BogoMIPS)
[    0.033561] devtmpfs: initialized
[    0.033561] PM: Registering ACPI NVS region [mem 0xbf6df000-0xbf6fffff] (135168 bytes)
[    0.036066] clocksource: jiffies: mask: 0xffffffff max_cycles: 0xffffffff, max_idle_ns: 7645041785100000 ns
[    0.036103] futex hash table entries: 512 (order: 3, 32768 bytes)
[    0.036106] NET: Registered protocol family 16
[    0.036251] cpuidle: using governor ladder
[    0.036302] cpuidle: using governor menu
[    0.036302] Simple Boot Flag at 0x35 set to 0x1
[    0.036302] ACPI FADT declares the system doesn't support PCIe ASPM, so disable it
[    0.036338] ACPI: bus type PCI registered
[    0.036479] PCI: MMCONFIG for domain 0000 [bus 00-3f] at [mem 0xf0000000-0xf3ffffff] (base 0xf0000000)
[    0.036565] PCI: MMCONFIG at [mem 0xf0000000-0xf3ffffff] reserved in E820
[    0.036631] PCI: Using MMCONFIG for extended config space
[    0.036693] PCI: Using configuration type 1 for base access
[    0.036971] mtrr: your CPUs had inconsistent variable MTRR settings
[    0.037035] mtrr: probably your BIOS does not setup all CPUs.
[    0.037098] mtrr: corrected configuration.
[    0.052375] ACPI: Added _OSI(Module Device)
[    0.052441] ACPI: Added _OSI(Processor Device)
[    0.052503] ACPI: Added _OSI(3.0 _SCP Extensions)
[    0.052565] ACPI: Added _OSI(Processor Aggregator Device)
[    0.052628] ACPI: Added _OSI(Linux-Dell-Video)
[    0.052699] ACPI: EC: EC started
[    0.052758] ACPI: EC: interrupt blocked
[    0.052758] ACPI: \: Used as first EC
[    0.052758] ACPI: \: GPE=0x1c, EC_CMD/EC_SC=0x66, EC_DATA=0x62
[    0.052758] ACPI: \: Used as boot ECDT EC to handle transactions
[    0.077242] ACPI: 6 ACPI AML tables successfully acquired and loaded
[    0.093477] ACPI: Dynamic OEM Table Load:
[    0.093547] ACPI: SSDT 0x00000000F593F000 000240 (v01 PmRef  Cpu0Ist  00000100 INTL 20050513)
[    0.096009] ACPI: Dynamic OEM Table Load:
[    0.096009] ACPI: SSDT 0x00000000F5938000 00065A (v01 PmRef  Cpu0Cst  00000100 INTL 20050513)
[    0.096549] ACPI: Dynamic OEM Table Load:
[    0.096621] ACPI: SSDT 0x00000000F59FCE00 0000C8 (v01 PmRef  Cpu1Ist  00000100 INTL 20050513)
[    0.097083] ACPI: Dynamic OEM Table Load:
[    0.097150] ACPI: SSDT 0x00000000F59B8B40 000085 (v01 PmRef  Cpu1Cst  00000100 INTL 20050513)
[    0.097426] ACPI: Interpreter enabled
[    0.097426] ACPI: (supports S0 S3 S4 S5)
[    0.097426] ACPI: Using IOAPIC for interrupt routing
[    0.097434] PCI: Using host bridge windows from ACPI; if necessary, use "pci=nocrs" and report a bug
[    0.097434] ACPI: Enabled 4 GPEs in block 00 to 1F
[    0.109944] ACPI: Power Resource [PUBS] (on)
[    0.112005] acpi PNP0C0A:01: ACPI dock station (docks/bays count: 1)
[    0.112960] acpi LNXIOBAY:00: ACPI dock station (docks/bays count: 2)
[    0.124028] acpi IBM0079:00: ACPI dock station (docks/bays count: 3)
[    0.124225] ACPI: PCI Interrupt Link [LNKA] (IRQs 3 4 5 6 7 9 10 *11)
[    0.124567] ACPI: PCI Interrupt Link [LNKB] (IRQs 3 4 5 6 7 9 10 *11)
[    0.124908] ACPI: PCI Interrupt Link [LNKC] (IRQs 3 4 5 6 7 9 10 *11)
[    0.125248] ACPI: PCI Interrupt Link [LNKD] (IRQs 3 4 5 6 7 9 10 *11)
[    0.125588] ACPI: PCI Interrupt Link [LNKE] (IRQs 3 4 5 6 7 9 10 *11)
[    0.125929] ACPI: PCI Interrupt Link [LNKF] (IRQs 3 4 5 6 7 9 10 *11)
[    0.126270] ACPI: PCI Interrupt Link [LNKG] (IRQs 3 4 5 6 7 9 10 *11)
[    0.128003] ACPI: PCI Interrupt Link [LNKH] (IRQs 3 4 5 6 7 9 10 *11)
[    0.128028] ACPI: PCI Root Bridge [PCI0] (domain 0000 [bus 00-ff])
[    0.128028] acpi PNP0A08:00: _OSC: OS supports [ExtendedConfig ASPM ClockPM Segments]
[    0.128028] acpi PNP0A08:00: _OSC: not requesting OS control; OS requires [ExtendedConfig ASPM ClockPM MSI]
[    0.128028] acpi PNP0A08:00: [Firmware Info]: MMCONFIG for domain 0000 [bus 00-3f] only partially covers this bridge
[    0.128028] PCI host bridge to bus 0000:00
[    0.128028] pci_bus 0000:00: root bus resource [io  0x0000-0x0cf7 window]
[    0.128028] pci_bus 0000:00: root bus resource [io  0x0d00-0xffff window]
[    0.128028] pci_bus 0000:00: root bus resource [mem 0x000a0000-0x000bffff window]
[    0.128028] pci_bus 0000:00: root bus resource [mem 0x000d0000-0x000d3fff window]
[    0.128028] pci_bus 0000:00: root bus resource [mem 0x000d4000-0x000d7fff window]
[    0.128028] pci_bus 0000:00: root bus resource [mem 0x000d8000-0x000dbfff window]
[    0.128073] pci_bus 0000:00: root bus resource [mem 0xc0000000-0xfebfffff window]
[    0.128140] pci_bus 0000:00: root bus resource [mem 0xfed40000-0xfed40fff window]
[    0.128209] pci_bus 0000:00: root bus resource [bus 00-ff]
[    0.128287] pci 0000:00:00.0: [8086:27a0] type 00 class 0x060000
[    0.128467] pci 0000:00:02.0: [8086:27a2] type 00 class 0x030000
[    0.128483] pci 0000:00:02.0: reg 0x10: [mem 0xee100000-0xee17ffff]
[    0.128490] pci 0000:00:02.0: reg 0x14: [io  0x1800-0x1807]
[    0.128497] pci 0000:00:02.0: reg 0x18: [mem 0xd0000000-0xdfffffff pref]
[    0.128504] pci 0000:00:02.0: reg 0x1c: [mem 0xee200000-0xee23ffff]
[    0.128677] pci 0000:00:02.1: [8086:27a6] type 00 class 0x038000
[    0.128691] pci 0000:00:02.1: reg 0x10: [mem 0xee180000-0xee1fffff]
[    0.128915] pci 0000:00:1b.0: [8086:27d8] type 00 class 0x040300
[    0.128950] pci 0000:00:1b.0: reg 0x10: [mem 0xee240000-0xee243fff 64bit]
[    0.129070] pci 0000:00:1b.0: PME# supported from D0 D3hot D3cold
[    0.129242] pci 0000:00:1c.0: [8086:27d0] type 01 class 0x060400
[    0.129371] pci 0000:00:1c.0: PME# supported from D0 D3hot D3cold
[    0.129545] pci 0000:00:1c.1: [8086:27d2] type 01 class 0x060400
[    0.129673] pci 0000:00:1c.1: PME# supported from D0 D3hot D3cold
[    0.129848] pci 0000:00:1c.2: [8086:27d4] type 01 class 0x060400
[    0.129976] pci 0000:00:1c.2: PME# supported from D0 D3hot D3cold
[    0.130152] pci 0000:00:1c.3: [8086:27d6] type 01 class 0x060400
[    0.130281] pci 0000:00:1c.3: PME# supported from D0 D3hot D3cold
[    0.132010] pci 0000:00:1d.0: [8086:27c8] type 00 class 0x0c0300
[    0.132010] pci 0000:00:1d.0: reg 0x20: [io  0x1820-0x183f]
[    0.132027] pci 0000:00:1d.1: [8086:27c9] type 00 class 0x0c0300
[    0.132027] pci 0000:00:1d.1: reg 0x20: [io  0x1840-0x185f]
[    0.132027] pci 0000:00:1d.2: [8086:27ca] type 00 class 0x0c0300
[    0.132027] pci 0000:00:1d.2: reg 0x20: [io  0x1860-0x187f]
[    0.132027] pci 0000:00:1d.3: [8086:27cb] type 00 class 0x0c0300
[    0.132027] pci 0000:00:1d.3: reg 0x20: [io  0x1880-0x189f]
[    0.132027] pci 0000:00:1d.7: [8086:27cc] type 00 class 0x0c0320
[    0.132027] pci 0000:00:1d.7: reg 0x10: [mem 0xee444000-0xee4443ff]
[    0.132027] pci 0000:00:1d.7: PME# supported from D0 D3hot D3cold
[    0.132027] pci 0000:00:1e.0: [8086:2448] type 01 class 0x060401
[    0.132027] pci 0000:00:1f.0: [8086:27b9] type 00 class 0x060100
[    0.132096] pci 0000:00:1f.0: quirk: [io  0x1000-0x107f] claimed by ICH6 ACPI/GPIO/TCO
[    0.132169] pci 0000:00:1f.0: quirk: [io  0x1180-0x11bf] claimed by ICH6 GPIO
[    0.132238] pci 0000:00:1f.0: ICH7 LPC Generic IO decode 1 PIO at 1600 (mask 007f)
[    0.132308] pci 0000:00:1f.0: ICH7 LPC Generic IO decode 2 PIO at 15e0 (mask 000f)
[    0.132378] pci 0000:00:1f.0: ICH7 LPC Generic IO decode 3 PIO at 1680 (mask 001f)
[    0.132626] pci 0000:00:1f.1: [8086:27df] type 00 class 0x01018a
[    0.132650] pci 0000:00:1f.1: reg 0x10: [io  0x0000-0x0007]
[    0.132663] pci 0000:00:1f.1: reg 0x14: [io  0x0000-0x0003]
[    0.132675] pci 0000:00:1f.1: reg 0x18: [io  0x0000-0x0007]
[    0.132687] pci 0000:00:1f.1: reg 0x1c: [io  0x0000-0x0003]
[    0.132700] pci 0000:00:1f.1: reg 0x20: [io  0x1810-0x181f]
[    0.132726] pci 0000:00:1f.1: legacy IDE quirk: reg 0x10: [io  0x01f0-0x01f7]
[    0.132793] pci 0000:00:1f.1: legacy IDE quirk: reg 0x14: [io  0x03f6]
[    0.132859] pci 0000:00:1f.1: legacy IDE quirk: reg 0x18: [io  0x0170-0x0177]
[    0.132926] pci 0000:00:1f.1: legacy IDE quirk: reg 0x1c: [io  0x0376]
[    0.133145] pci 0000:00:1f.2: [8086:27c5] type 00 class 0x010601
[    0.133173] pci 0000:00:1f.2: reg 0x10: [io  0x18d0-0x18d7]
[    0.133185] pci 0000:00:1f.2: reg 0x14: [io  0x18c4-0x18c7]
[    0.133198] pci 0000:00:1f.2: reg 0x18: [io  0x18c8-0x18cf]
[    0.133210] pci 0000:00:1f.2: reg 0x1c: [io  0x18c0-0x18c3]
[    0.133223] pci 0000:00:1f.2: reg 0x20: [io  0x18b0-0x18bf]
[    0.133235] pci 0000:00:1f.2: reg 0x24: [mem 0xee444400-0xee4447ff]
[    0.133295] pci 0000:00:1f.2: PME# supported from D3hot
[    0.133454] pci 0000:00:1f.3: [8086:27da] type 00 class 0x0c0500
[    0.133536] pci 0000:00:1f.3: reg 0x20: [io  0x18e0-0x18ff]
[    0.133873] pci 0000:02:00.0: [8086:109a] type 00 class 0x020000
[    0.133929] pci 0000:02:00.0: reg 0x10: [mem 0xee000000-0xee01ffff]
[    0.133971] pci 0000:02:00.0: reg 0x18: [io  0x2000-0x201f]
[    0.134180] pci 0000:02:00.0: PME# supported from D0 D3hot D3cold
[    0.136003] pci 0000:02:00.0: disabling ASPM on pre-1.1 PCIe device.  You can enable it with 'pcie_aspm=force'
[    0.136003] pci 0000:00:1c.0: PCI bridge to [bus 02]
[    0.136003] pci 0000:00:1c.0:   bridge window [io  0x2000-0x2fff]
[    0.136003] pci 0000:00:1c.0:   bridge window [mem 0xee000000-0xee0fffff]
[    0.136004] pci 0000:03:00.0: [8086:4227] type 00 class 0x028000
[    0.136004] pci 0000:03:00.0: reg 0x10: [mem 0xedf00000-0xedf00fff]
[    0.136004] pci 0000:03:00.0: PME# supported from D0 D3hot D3cold
[    0.136026] pci 0000:03:00.0: disabling ASPM on pre-1.1 PCIe device.  You can enable it with 'pcie_aspm=force'
[    0.136026] pci 0000:00:1c.1: PCI bridge to [bus 03]
[    0.136026] pci 0000:00:1c.1:   bridge window [io  0x3000-0x4fff]
[    0.136026] pci 0000:00:1c.1:   bridge window [mem 0xec000000-0xedffffff]
[    0.136026] pci 0000:00:1c.1:   bridge window [mem 0xe4000000-0xe40fffff 64bit pref]
[    0.136026] pci 0000:00:1c.2: PCI bridge to [bus 04-0b]
[    0.136026] pci 0000:00:1c.2:   bridge window [io  0x5000-0x6fff]
[    0.136026] pci 0000:00:1c.2:   bridge window [mem 0xe8000000-0xe9ffffff]
[    0.136026] pci 0000:00:1c.2:   bridge window [mem 0xe4100000-0xe41fffff 64bit pref]
[    0.136026] pci 0000:00:1c.3: PCI bridge to [bus 0c-13]
[    0.136026] pci 0000:00:1c.3:   bridge window [io  0x7000-0x8fff]
[    0.136026] pci 0000:00:1c.3:   bridge window [mem 0xea000000-0xebffffff]
[    0.136026] pci 0000:00:1c.3:   bridge window [mem 0xe4200000-0xe42fffff 64bit pref]
[    0.136088] pci 0000:15:00.0: [1180:0476] type 02 class 0x060700
[    0.136117] pci 0000:15:00.0: reg 0x10: [mem 0xe4300000-0xe4300fff]
[    0.136162] pci 0000:15:00.0: supports D1 D2
[    0.136165] pci 0000:15:00.0: PME# supported from D0 D1 D2 D3hot D3cold
[    0.136268] pci 0000:15:00.1: [1180:0552] type 00 class 0x0c0010
[    0.136296] pci 0000:15:00.1: reg 0x10: [mem 0xe4301000-0xe43017ff]
[    0.136404] pci 0000:15:00.1: PME# supported from D0 D3hot D3cold
[    0.136497] pci 0000:15:00.2: [1180:0822] type 00 class 0x080500
[    0.136526] pci 0000:15:00.2: reg 0x10: [mem 0xe4301800-0xe43018ff]
[    0.136631] pci 0000:15:00.2: supports D1 D2
[    0.136634] pci 0000:15:00.2: PME# supported from D0 D1 D2 D3hot D3cold
[    0.136777] pci 0000:00:1e.0: PCI bridge to [bus 15-18] (subtractive decode)
[    0.136848] pci 0000:00:1e.0:   bridge window [io  0x9000-0xcfff]
[    0.136853] pci 0000:00:1e.0:   bridge window [mem 0xe4300000-0xe7ffffff]
[    0.136862] pci 0000:00:1e.0:   bridge window [mem 0xe0000000-0xe3ffffff 64bit pref]
[    0.136865] pci 0000:00:1e.0:   bridge window [io  0x0000-0x0cf7 window] (subtractive decode)
[    0.136867] pci 0000:00:1e.0:   bridge window [io  0x0d00-0xffff window] (subtractive decode)
[    0.136870] pci 0000:00:1e.0:   bridge window [mem 0x000a0000-0x000bffff window] (subtractive decode)
[    0.136873] pci 0000:00:1e.0:   bridge window [mem 0x000d0000-0x000d3fff window] (subtractive decode)
[    0.136876] pci 0000:00:1e.0:   bridge window [mem 0x000d4000-0x000d7fff window] (subtractive decode)
[    0.136878] pci 0000:00:1e.0:   bridge window [mem 0x000d8000-0x000dbfff window] (subtractive decode)
[    0.136881] pci 0000:00:1e.0:   bridge window [mem 0xc0000000-0xfebfffff window] (subtractive decode)
[    0.136884] pci 0000:00:1e.0:   bridge window [mem 0xfed40000-0xfed40fff window] (subtractive decode)
[    0.136950] pci_bus 0000:16: busn_res: [bus 16-18] end is updated to 17
[    0.136994] pci_bus 0000:00: on NUMA node 0
[    0.141023] ACPI: EC: interrupt unblocked
[    0.141175] ACPI: EC: event unblocked
[    0.141243] ACPI: \_SB_.PCI0.LPC_.EC__: GPE=0x1c, EC_CMD/EC_SC=0x66, EC_DATA=0x62
[    0.141311] ACPI: \_SB_.PCI0.LPC_.EC__: Used as boot DSDT EC to handle transactions and events
[    0.141564] pci 0000:00:02.0: vgaarb: setting as boot VGA device
[    0.141631] pci 0000:00:02.0: vgaarb: VGA device added: decodes=io+mem,owns=io+mem,locks=none
[    0.141723] pci 0000:00:02.0: vgaarb: bridge control possible
[    0.141788] vgaarb: loaded
[    0.142009] SCSI subsystem initialized
[    0.142143] libata version 3.00 loaded.
[    0.142192] ACPI: bus type USB registered
[    0.142298] usbcore: registered new interface driver usbfs
[    0.144014] usbcore: registered new interface driver hub
[    0.144132] usbcore: registered new device driver usb
[    0.144185] media: Linux media interface: v0.10
[    0.144185] Linux video capture interface: v2.00
[    0.144185] pps_core: LinuxPPS API ver. 1 registered
[    0.144185] pps_core: Software ver. 5.3.6 - Copyright 2005-2007 Rodolfo Giometti <giometti@linux.it>
[    0.144185] PTP clock support registered
[    0.144185] EDAC MC: Ver: 3.0.0
[    0.144185] Advanced Linux Sound Architecture Driver Initialized.
[    0.144219] PCI: Using ACPI for IRQ routing
[    0.146076] PCI: pci_cache_line_size set to 64 bytes
[    0.146176] e820: reserve RAM buffer [mem 0x0009f000-0x0009ffff]
[    0.146179] e820: reserve RAM buffer [mem 0xbf6d0000-0xbfffffff]
[    0.148002] Bluetooth: Core ver 2.22
[    0.148055] NET: Registered protocol family 31
[    0.148055] Bluetooth: HCI device and connection manager initialized
[    0.148055] Bluetooth: HCI socket layer initialized
[    0.148055] Bluetooth: L2CAP socket layer initialized
[    0.148055] Bluetooth: SCO socket layer initialized
[    0.148245] clocksource: Switched to clocksource tsc-early
[    0.148393] pnp: PnP ACPI init
[    0.149665] system 00:00: [mem 0x00000000-0x0009ffff] could not be reserved
[    0.149734] system 00:00: [mem 0x000c0000-0x000c3fff] could not be reserved
[    0.149801] system 00:00: [mem 0x000c4000-0x000c7fff] could not be reserved
[    0.149868] system 00:00: [mem 0x000c8000-0x000cbfff] has been reserved
[    0.149935] system 00:00: [mem 0x000cc000-0x000cffff] has been reserved
[    0.150002] system 00:00: [mem 0x000dc000-0x000dffff] could not be reserved
[    0.150070] system 00:00: [mem 0x000e0000-0x000e3fff] could not be reserved
[    0.150137] system 00:00: [mem 0x000e4000-0x000e7fff] could not be reserved
[    0.150204] system 00:00: [mem 0x000e8000-0x000ebfff] could not be reserved
[    0.150271] system 00:00: [mem 0x000ec000-0x000effff] could not be reserved
[    0.150339] system 00:00: [mem 0x000f0000-0x000fffff] could not be reserved
[    0.150406] system 00:00: [mem 0x00100000-0xbfffffff] could not be reserved
[    0.150475] system 00:00: [mem 0xfec00000-0xfed3ffff] could not be reserved
[    0.150542] system 00:00: [mem 0xfed41000-0xffffffff] could not be reserved
[    0.150620] system 00:00: Plug and Play ACPI device, IDs PNP0c01 (active)
[    0.150851] system 00:01: [io  0x164e-0x164f] has been reserved
[    0.150917] system 00:01: [io  0x1000-0x107f] has been reserved
[    0.150983] system 00:01: [io  0x1180-0x11bf] has been reserved
[    0.151049] system 00:01: [io  0x0800-0x080f] has been reserved
[    0.151114] system 00:01: [io  0x15e0-0x15ef] has been reserved
[    0.151180] system 00:01: [io  0x1600-0x165f] could not be reserved
[    0.151247] system 00:01: [mem 0xf0000000-0xf3ffffff] has been reserved
[    0.151314] system 00:01: [mem 0xfed1c000-0xfed1ffff] has been reserved
[    0.151381] system 00:01: [mem 0xfed14000-0xfed17fff] has been reserved
[    0.151448] system 00:01: [mem 0xfed18000-0xfed18fff] has been reserved
[    0.151515] system 00:01: [mem 0xfed19000-0xfed19fff] has been reserved
[    0.151687] system 00:01: Plug and Play ACPI device, IDs PNP0c02 (active)
[    0.151757] pnp 00:02: Plug and Play ACPI device, IDs PNP0b00 (active)
[    0.151885] pnp 00:03: Plug and Play ACPI device, IDs PNP0303 (active)
[    0.151942] pnp 00:04: Plug and Play ACPI device, IDs IBM3780 PNP0f13 (active)
[    0.151991] pnp 00:05: [dma 3]
[    0.152110] pnp 00:05: Plug and Play ACPI device, IDs IBM0071 PNP0511 (active)
[    0.152450] pnp 00:06: Plug and Play ACPI device, IDs ATM1200 PNP0c31 (active)
[    0.153934] pnp: PnP ACPI: found 7 devices
[    0.192193] clocksource: acpi_pm: mask: 0xffffff max_cycles: 0xffffff, max_idle_ns: 2085701024 ns
[    0.192302] pci 0000:00:1c.0: bridge window [mem 0x00100000-0x000fffff 64bit pref] to [bus 02] add_size 200000 add_align 100000
[    0.192368] pci 0000:00:1c.0: BAR 9: assigned [mem 0xc0000000-0xc01fffff 64bit pref]
[    0.192438] pci 0000:00:1c.0: PCI bridge to [bus 02]
[    0.192504] pci 0000:00:1c.0:   bridge window [io  0x2000-0x2fff]
[    0.192573] pci 0000:00:1c.0:   bridge window [mem 0xee000000-0xee0fffff]
[    0.192643] pci 0000:00:1c.0:   bridge window [mem 0xc0000000-0xc01fffff 64bit pref]
[    0.192717] pci 0000:00:1c.1: PCI bridge to [bus 03]
[    0.192782] pci 0000:00:1c.1:   bridge window [io  0x3000-0x4fff]
[    0.192851] pci 0000:00:1c.1:   bridge window [mem 0xec000000-0xedffffff]
[    0.192920] pci 0000:00:1c.1:   bridge window [mem 0xe4000000-0xe40fffff 64bit pref]
[    0.192994] pci 0000:00:1c.2: PCI bridge to [bus 04-0b]
[    0.193059] pci 0000:00:1c.2:   bridge window [io  0x5000-0x6fff]
[    0.193129] pci 0000:00:1c.2:   bridge window [mem 0xe8000000-0xe9ffffff]
[    0.193198] pci 0000:00:1c.2:   bridge window [mem 0xe4100000-0xe41fffff 64bit pref]
[    0.193273] pci 0000:00:1c.3: PCI bridge to [bus 0c-13]
[    0.193342] pci 0000:00:1c.3:   bridge window [io  0x7000-0x8fff]
[    0.193412] pci 0000:00:1c.3:   bridge window [mem 0xea000000-0xebffffff]
[    0.193481] pci 0000:00:1c.3:   bridge window [mem 0xe4200000-0xe42fffff 64bit pref]
[    0.193561] pci 0000:15:00.0: BAR 9: assigned [mem 0xe0000000-0xe3ffffff pref]
[    0.193632] pci 0000:15:00.0: BAR 10: assigned [mem 0xc4000000-0xc7ffffff]
[    0.193699] pci 0000:15:00.0: BAR 7: assigned [io  0x9000-0x90ff]
[    0.193765] pci 0000:15:00.0: BAR 8: assigned [io  0x9400-0x94ff]
[    0.193831] pci 0000:15:00.0: CardBus bridge to [bus 16-17]
[    0.193895] pci 0000:15:00.0:   bridge window [io  0x9000-0x90ff]
[    0.193963] pci 0000:15:00.0:   bridge window [io  0x9400-0x94ff]
[    0.194032] pci 0000:15:00.0:   bridge window [mem 0xe0000000-0xe3ffffff pref]
[    0.194101] pci 0000:15:00.0:   bridge window [mem 0xc4000000-0xc7ffffff]
[    0.194171] pci 0000:00:1e.0: PCI bridge to [bus 15-18]
[    0.194236] pci 0000:00:1e.0:   bridge window [io  0x9000-0xcfff]
[    0.194305] pci 0000:00:1e.0:   bridge window [mem 0xe4300000-0xe7ffffff]
[    0.194375] pci 0000:00:1e.0:   bridge window [mem 0xe0000000-0xe3ffffff 64bit pref]
[    0.194449] pci_bus 0000:00: resource 4 [io  0x0000-0x0cf7 window]
[    0.194452] pci_bus 0000:00: resource 5 [io  0x0d00-0xffff window]
[    0.194455] pci_bus 0000:00: resource 6 [mem 0x000a0000-0x000bffff window]
[    0.194458] pci_bus 0000:00: resource 7 [mem 0x000d0000-0x000d3fff window]
[    0.194460] pci_bus 0000:00: resource 8 [mem 0x000d4000-0x000d7fff window]
[    0.194463] pci_bus 0000:00: resource 9 [mem 0x000d8000-0x000dbfff window]
[    0.194466] pci_bus 0000:00: resource 10 [mem 0xc0000000-0xfebfffff window]
[    0.194468] pci_bus 0000:00: resource 11 [mem 0xfed40000-0xfed40fff window]
[    0.194471] pci_bus 0000:02: resource 0 [io  0x2000-0x2fff]
[    0.194474] pci_bus 0000:02: resource 1 [mem 0xee000000-0xee0fffff]
[    0.194477] pci_bus 0000:02: resource 2 [mem 0xc0000000-0xc01fffff 64bit pref]
[    0.194479] pci_bus 0000:03: resource 0 [io  0x3000-0x4fff]
[    0.194482] pci_bus 0000:03: resource 1 [mem 0xec000000-0xedffffff]
[    0.194485] pci_bus 0000:03: resource 2 [mem 0xe4000000-0xe40fffff 64bit pref]
[    0.194487] pci_bus 0000:04: resource 0 [io  0x5000-0x6fff]
[    0.194490] pci_bus 0000:04: resource 1 [mem 0xe8000000-0xe9ffffff]
[    0.194493] pci_bus 0000:04: resource 2 [mem 0xe4100000-0xe41fffff 64bit pref]
[    0.194495] pci_bus 0000:0c: resource 0 [io  0x7000-0x8fff]
[    0.194498] pci_bus 0000:0c: resource 1 [mem 0xea000000-0xebffffff]
[    0.194501] pci_bus 0000:0c: resource 2 [mem 0xe4200000-0xe42fffff 64bit pref]
[    0.194504] pci_bus 0000:15: resource 0 [io  0x9000-0xcfff]
[    0.194506] pci_bus 0000:15: resource 1 [mem 0xe4300000-0xe7ffffff]
[    0.194509] pci_bus 0000:15: resource 2 [mem 0xe0000000-0xe3ffffff 64bit pref]
[    0.194511] pci_bus 0000:15: resource 4 [io  0x0000-0x0cf7 window]
[    0.194514] pci_bus 0000:15: resource 5 [io  0x0d00-0xffff window]
[    0.194518] pci_bus 0000:15: resource 6 [mem 0x000a0000-0x000bffff window]
[    0.194520] pci_bus 0000:15: resource 7 [mem 0x000d0000-0x000d3fff window]
[    0.194523] pci_bus 0000:15: resource 8 [mem 0x000d4000-0x000d7fff window]
[    0.194526] pci_bus 0000:15: resource 9 [mem 0x000d8000-0x000dbfff window]
[    0.194528] pci_bus 0000:15: resource 10 [mem 0xc0000000-0xfebfffff window]
[    0.194531] pci_bus 0000:15: resource 11 [mem 0xfed40000-0xfed40fff window]
[    0.194534] pci_bus 0000:16: resource 0 [io  0x9000-0x90ff]
[    0.194536] pci_bus 0000:16: resource 1 [io  0x9400-0x94ff]
[    0.194539] pci_bus 0000:16: resource 2 [mem 0xe0000000-0xe3ffffff pref]
[    0.194542] pci_bus 0000:16: resource 3 [mem 0xc4000000-0xc7ffffff]
[    0.194725] NET: Registered protocol family 2
[    0.195008] tcp_listen_portaddr_hash hash table entries: 512 (order: 0, 6144 bytes)
[    0.195081] TCP established hash table entries: 8192 (order: 3, 32768 bytes)
[    0.195171] TCP bind hash table entries: 8192 (order: 4, 65536 bytes)
[    0.195280] TCP: Hash tables configured (established 8192 bind 8192)
[    0.195382] UDP hash table entries: 512 (order: 2, 16384 bytes)
[    0.195455] UDP-Lite hash table entries: 512 (order: 2, 16384 bytes)
[    0.195577] NET: Registered protocol family 1
[    0.195795] RPC: Registered named UNIX socket transport module.
[    0.195859] RPC: Registered udp transport module.
[    0.195920] RPC: Registered tcp transport module.
[    0.195982] RPC: Registered tcp NFSv4.1 backchannel transport module.
[    0.196210] pci 0000:00:02.0: Video device with shadowed ROM at [mem 0x000c0000-0x000dffff]
[    0.197830] PCI: CLS mismatch (64 != 32), using 64 bytes
[    0.198722] Initialise system trusted keyrings
[    0.198831] workingset: timestamp_bits=30 max_order=20 bucket_order=0
[    0.199371] Installing knfsd (copyright (C) 1996 okir@monad.swb.de).
[    0.199371] ntfs: driver 2.1.32 [Flags: R/W].
[    0.199697] fuse init (API version 7.26)
[    0.201168] Key type asymmetric registered
[    0.201168] Asymmetric key parser 'x509' registered
[    0.201168] bounce: pool size: 64 pages
[    0.201319] Block layer SCSI generic (bsg) driver version 0.4 loaded (major 249)
[    0.201909] io scheduler noop registered
[    0.201969] io scheduler deadline registered
[    0.202039] io scheduler cfq registered (default)
[    0.202101] io scheduler mq-deadline registered
[    0.202173] io scheduler bfq registered
[    0.203391] intel_idle: does not run on family 6 model 14
[    0.203681] ACPI: Deprecated procfs I/F for AC is loaded, please retry with CONFIG_ACPI_PROCFS_POWER cleared
[    0.203710] ACPI: AC Adapter [AC] (on-line)
[    0.203885] input: Lid Switch as /devices/LNXSYSTM:00/LNXSYBUS:00/PNP0C0D:00/input/input0
[    0.204300] ACPI: Lid Switch [LID]
[    0.204407] input: Sleep Button as /devices/LNXSYSTM:00/LNXSYBUS:00/PNP0C0E:00/input/input1
[    0.204532] ACPI: Sleep Button [SLPB]
[    0.204686] input: Power Button as /devices/LNXSYSTM:00/LNXPWRBN:00/input/input2
[    0.204767] ACPI: Power Button [PWRF]
[    0.204885] ACPI: Video Device [VID] (multi-head: yes  rom: no  post: no)
[    0.208811] acpi device:01: registered as cooling_device0
[    0.209306] input: Video Bus as /devices/LNXSYSTM:00/LNXSYBUS:00/PNP0A08:00/LNXVIDEO:00/input/input3
[    0.210097] ACPI Error: No pointer back to namespace node in package 64f7d6ae (20180313/dsargs-303)
[    0.210138] ACPI Error: Method parse/execution failed \_PR.CPU0._TSS, AE_AML_INTERNAL (20180313/psparse-516)
[    0.210236] ACPI Error: AE_AML_INTERNAL, Evaluating _TSS (20180313/processor_throttling-520)
[    0.211409] ACPI Error: No pointer back to namespace node in package 59f7e51a (20180313/dsargs-303)
[    0.211503] ACPI Error: Method parse/execution failed \_PR.CPU0._TSS, AE_AML_INTERNAL (20180313/psparse-516)
[    0.211600] ACPI Error: Method parse/execution failed \_PR.CPU1._TSS, AE_AML_INTERNAL (20180313/psparse-516)
[    0.211692] ACPI Error: AE_AML_INTERNAL, Evaluating _TSS (20180313/processor_throttling-520)
[    0.214777] thermal LNXTHERM:00: registered as thermal_zone0
[    0.214777] ACPI: Thermal Zone [THM0] (62 C)
[    0.216832] thermal LNXTHERM:01: registered as thermal_zone1
[    0.216896] ACPI: Thermal Zone [THM1] (63 C)
[    0.217623] Serial: 8250/16550 driver, 4 ports, IRQ sharing disabled
[    0.218014] serial8250: ttyS1 at I/O 0x2f8 (irq = 3, base_baud = 921600) is a NS16550A
[    0.218961] lp: driver loaded but no devices found
[    0.219346] Non-volatile memory driver v1.3
[    0.219813] intel_rng: FWH not detected
[    0.219918] Linux agpgart interface v0.103
[    0.220186] [drm] radeon kernel modesetting enabled.
[    0.221304] pci 0000:00:00.0: Intel 945GM Chipset
[    0.221383] pci 0000:00:00.0: detected gtt size: 262144K total, 262144K mappable
[    0.222101] pci 0000:00:00.0: detected 8192K stolen memory
[    0.222567] [drm] Replacing VGA console driver
[    0.223795] Console: switching to colour dummy device 80x25
[    0.225333] [drm] Supports vblank timestamp caching Rev 2 (21.10.2013).
[    0.225342] [drm] Driver supports precise vblank timestamp query.
[    0.225435] resource sanity check: requesting [mem 0x000c0000-0x000dffff], which spans more than pnp 00:00 [mem 0x000c8000-0x000cbfff]
[    0.225447] caller pci_map_rom+0x58/0xf0 mapping multiple BARs
[    0.227540] i915 0000:00:02.0: vgaarb: changed VGA decodes: olddecodes=io+mem,decodes=io+mem:owns=io+mem
[    0.241689] ACPI: Deprecated procfs I/F for battery is loaded, please retry with CONFIG_ACPI_PROCFS_POWER cleared
[    0.241711] ACPI: Battery Slot [BAT0] (battery present)
[    0.285329] [drm] RC6 disabled, disabling runtime PM support
[    0.285359] [drm] initialized overlay support
[    0.285832] [drm] Initialized i915 1.6.0 20180308 for 0000:00:02.0 on minor 0
[    0.286006] usbcore: registered new interface driver udl
[    0.290172] loop: module loaded
[    0.296221] ahci 0000:00:1f.2: version 3.0
[    0.296478] ahci 0000:00:1f.2: AHCI 0001.0100 32 slots 4 ports 1.5 Gbps 0x1 impl SATA mode
[    0.296492] ahci 0000:00:1f.2: flags: 64bit ncq pm led clo pio slum part 
[    0.297247] scsi host0: ahci
[    0.297412] scsi host1: ahci
[    0.297574] scsi host2: ahci
[    0.297722] scsi host3: ahci
[    0.297791] ata1: SATA max UDMA/133 abar m1024@0xee444400 port 0xee444500 irq 16
[    0.297791] ata2: DUMMY
[    0.297791] ata3: DUMMY
[    0.297791] ata4: DUMMY
[    0.297888] ata_piix 0000:00:1f.1: version 2.13
[    0.298936] scsi host4: ata_piix
[    0.299072] scsi host5: ata_piix
[    0.299121] ata5: PATA max UDMA/100 cmd 0x1f0 ctl 0x3f6 bmdma 0x1810 irq 14
[    0.299121] ata6: PATA max UDMA/100 cmd 0x170 ctl 0x376 bmdma 0x1818 irq 15
[    0.299450] tun: Universal TUN/TAP device driver, 1.6
[    0.299643] e1000: Intel(R) PRO/1000 Network Driver - version 7.3.21-k8-NAPI
[    0.299643] e1000: Copyright (c) 1999-2006 Intel Corporation.
[    0.299683] e1000e: Intel(R) PRO/1000 Network Driver - 3.2.6-k
[    0.299683] e1000e: Copyright(c) 1999 - 2015 Intel Corporation.
[    0.299683] e1000e 0000:02:00.0: Interrupt Throttling Rate (ints/sec) set to dynamic conservative mode
[    0.299913] ata6: port disabled--ignoring
[    0.304727] fbcon: inteldrmfb (fb0) is primary device
[    0.395129] e1000e 0000:02:00.0 eth0: (PCI Express:2.5GT/s:Width x1) 00:16:d3:25:19:04
[    0.395132] e1000e 0000:02:00.0 eth0: Intel(R) PRO/1000 Network Connection
[    0.395211] e1000e 0000:02:00.0 eth0: MAC: 2, PHY: 2, PBA No: 005302-003
[    0.395287] PPP generic driver version 2.4.2
[    0.395435] PPP BSD Compression module registered
[    0.395436] PPP Deflate Compression module registered
[    0.395437] SLIP: version 0.8.4-NET3.019-NEWTTY (dynamic channels, max=256).
[    0.395438] CSLIP: code copyright 1989 Regents of the University of California.
[    0.395467] iwl3945: Intel(R) PRO/Wireless 3945ABG/BG Network Connection driver for Linux, in-tree:ds
[    0.395468] iwl3945: Copyright(c) 2003-2011 Intel Corporation
[    0.395469] iwl3945: hw_scan is disabled
[    0.449475] iwl3945 0000:03:00.0: Tunable channels: 11 802.11bg, 13 802.11a channels
[    0.449478] iwl3945 0000:03:00.0: Detected Intel Wireless WiFi Link 3945ABG
[    0.450076] ieee80211 phy0: Selected rate control algorithm 'iwl-3945-rs'
[    0.450318] Intel(R) Wireless WiFi driver for Linux
[    0.450318] Copyright(c) 2003- 2015 Intel Corporation
[    0.450453] usbcore: registered new interface driver ax88179_178a
[    0.450467] usbcore: registered new interface driver cdc_ether
[    0.450481] usbcore: registered new interface driver cdc_eem
[    0.450494] usbcore: registered new interface driver net1080
[    0.450511] usbcore: registered new interface driver cdc_subset
[    0.450526] usbcore: registered new interface driver zaurus
[    0.450548] usbcore: registered new interface driver cdc_ncm
[    0.450561] usbcore: registered new interface driver cdc_mbim
[    0.450597] pci 0000:00:1e.0: enabling device (0005 -> 0007)
[    0.450688] yenta_cardbus 0000:15:00.0: CardBus bridge found [17aa:201c]
[    0.519539] ata1: SATA link up 1.5 Gbps (SStatus 113 SControl 300)
[    0.577199] ata1.00: ACPI cmd ef/02:00:00:00:00:a0 (SET FEATURES) succeeded
[    0.577203] ata1.00: ACPI cmd f5/00:00:00:00:00:a0 (SECURITY FREEZE LOCK) filtered out
[    0.577206] ata1.00: ACPI cmd ef/10:03:00:00:00:a0 (SET FEATURES) filtered out
[    0.621520] ata1.00: ATA-9: ST1000LM014-1EJ164, SM11, max UDMA/133
[    0.621523] ata1.00: 1953525168 sectors, multi 16: LBA48 NCQ (depth 31/32), AA
[    0.665918] ata1.00: ACPI cmd ef/02:00:00:00:00:a0 (SET FEATURES) succeeded
[    0.665921] ata1.00: ACPI cmd f5/00:00:00:00:00:a0 (SECURITY FREEZE LOCK) filtered out
[    0.665925] ata1.00: ACPI cmd ef/10:03:00:00:00:a0 (SET FEATURES) filtered out
[    0.710273] ata1.00: configured for UDMA/133
[    0.814304] Console: switching to colour frame buffer device 102x42
[    0.847562] clocksource: timekeeping watchdog on CPU1: Marking clocksource 'tsc-early' as unstable because the skew is too large:
[    0.849337] i915 0000:00:02.0: fb0: inteldrmfb frame buffer device
[    0.851558] clocksource:                       'hpet' wd_now: 107c93c wd_last: 97c9be mask: ffffffff
[    0.851814] clocksource:                       'tsc-early' cs_now: 54362454a cs_last: 5181d71fa mask: ffffffffffffffff
[    0.889338] clocksource: Switched to clocksource hpet
[    0.891755] scsi 0:0:0:0: Direct-Access     ATA      ST1000LM014-1EJ1 SM11 PQ: 0 ANSI: 5
[    0.894800] sd 0:0:0:0: Attached scsi generic sg0 type 0
[    0.894813] sd 0:0:0:0: [sda] 1953525168 512-byte logical blocks: (1.00 TB/932 GiB)
[    0.898801] sd 0:0:0:0: [sda] 4096-byte physical blocks
[    0.902492] sd 0:0:0:0: [sda] Write Protect is off
[    0.904922] sd 0:0:0:0: [sda] Mode Sense: 00 3a 00 00
[    0.904993] sd 0:0:0:0: [sda] Write cache: enabled, read cache: enabled, doesn't support DPO or FUA
[    0.908482]  sda: sda1 sda2 sda3 sda4
[    0.911841] sd 0:0:0:0: [sda] Attached SCSI disk
[    1.232836] yenta_cardbus 0000:15:00.0: ISA IRQ mask 0x0cb8, PCI irq 16
[    1.235350] yenta_cardbus 0000:15:00.0: Socket status: 30000006
[    1.237854] yenta_cardbus 0000:15:00.0: pcmcia: parent PCI bridge window: [io  0x9000-0xcfff]
[    1.240395] yenta_cardbus 0000:15:00.0: pcmcia: parent PCI bridge window: [mem 0xe4300000-0xe7ffffff]
[    1.243246] pcmcia_socket pcmcia_socket0: cs: memory probe 0xe4300000-0xe7ffffff:
[    1.245894]  excluding 0xe4300000-0xe46cffff
[    1.248589] yenta_cardbus 0000:15:00.0: pcmcia: parent PCI bridge window: [mem 0xe0000000-0xe3ffffff 64bit pref]
[    1.251460] pcmcia_socket pcmcia_socket0: cs: memory probe 0xe0000000-0xe3ffffff:
[    1.254416]  excluding 0xe0000000-0xe3ffffff
[    1.257850] ehci_hcd: USB 2.0 'Enhanced' Host Controller (EHCI) Driver
[    1.260939] ehci-pci: EHCI PCI platform driver
[    1.264184] ehci-pci 0000:00:1d.7: EHCI Host Controller
[    1.267314] ehci-pci 0000:00:1d.7: new USB bus registered, assigned bus number 1
[    1.270406] ehci-pci 0000:00:1d.7: debug port 1
[    1.277329] ehci-pci 0000:00:1d.7: cache line size of 64 is not supported
[    1.277348] ehci-pci 0000:00:1d.7: irq 19, io mem 0xee444000
[    1.296065] ehci-pci 0000:00:1d.7: USB 2.0 started, EHCI 1.00
[    1.299250] usb usb1: New USB device found, idVendor=1d6b, idProduct=0002, bcdDevice= 4.17
[    1.302274] usb usb1: New USB device strings: Mfr=3, Product=2, SerialNumber=1
[    1.305257] usb usb1: Product: EHCI Host Controller
[    1.308222] usb usb1: Manufacturer: Linux 4.17.0-rc1+ ehci_hcd
[    1.311171] usb usb1: SerialNumber: 0000:00:1d.7
[    1.314292] hub 1-0:1.0: USB hub found
[    1.317147] hub 1-0:1.0: 8 ports detected
[    1.320451] ohci_hcd: USB 1.1 'Open' Host Controller (OHCI) Driver
[    1.323189] ohci-pci: OHCI PCI platform driver
[    1.325889] uhci_hcd: USB Universal Host Controller Interface driver
[    1.328684] uhci_hcd 0000:00:1d.0: UHCI Host Controller
[    1.331391] uhci_hcd 0000:00:1d.0: new USB bus registered, assigned bus number 2
[    1.334068] uhci_hcd 0000:00:1d.0: detected 2 ports
[    1.336689] uhci_hcd 0000:00:1d.0: irq 16, io base 0x00001820
[    1.339422] usb usb2: New USB device found, idVendor=1d6b, idProduct=0001, bcdDevice= 4.17
[    1.342033] usb usb2: New USB device strings: Mfr=3, Product=2, SerialNumber=1
[    1.344624] usb usb2: Product: UHCI Host Controller
[    1.347203] usb usb2: Manufacturer: Linux 4.17.0-rc1+ uhci_hcd
[    1.349768] usb usb2: SerialNumber: 0000:00:1d.0
[    1.352406] hub 2-0:1.0: USB hub found
[    1.354902] hub 2-0:1.0: 2 ports detected
[    1.357679] uhci_hcd 0000:00:1d.1: UHCI Host Controller
[    1.360209] uhci_hcd 0000:00:1d.1: new USB bus registered, assigned bus number 3
[    1.362674] uhci_hcd 0000:00:1d.1: detected 2 ports
[    1.365163] uhci_hcd 0000:00:1d.1: irq 17, io base 0x00001840
[    1.367744] usb usb3: New USB device found, idVendor=1d6b, idProduct=0001, bcdDevice= 4.17
[    1.370194] usb usb3: New USB device strings: Mfr=3, Product=2, SerialNumber=1
[    1.372553] usb usb3: Product: UHCI Host Controller
[    1.374819] usb usb3: Manufacturer: Linux 4.17.0-rc1+ uhci_hcd
[    1.377066] usb usb3: SerialNumber: 0000:00:1d.1
[    1.379438] hub 3-0:1.0: USB hub found
[    1.381630] hub 3-0:1.0: 2 ports detected
[    1.384156] uhci_hcd 0000:00:1d.2: UHCI Host Controller
[    1.386399] uhci_hcd 0000:00:1d.2: new USB bus registered, assigned bus number 4
[    1.388601] uhci_hcd 0000:00:1d.2: detected 2 ports
[    1.390803] uhci_hcd 0000:00:1d.2: irq 18, io base 0x00001860
[    1.393195] usb usb4: New USB device found, idVendor=1d6b, idProduct=0001, bcdDevice= 4.17
[    1.395417] usb usb4: New USB device strings: Mfr=3, Product=2, SerialNumber=1
[    1.397643] usb usb4: Product: UHCI Host Controller
[    1.399810] usb usb4: Manufacturer: Linux 4.17.0-rc1+ uhci_hcd
[    1.402000] usb usb4: SerialNumber: 0000:00:1d.2
[    1.404356] hub 4-0:1.0: USB hub found
[    1.406548] hub 4-0:1.0: 2 ports detected
[    1.409083] uhci_hcd 0000:00:1d.3: UHCI Host Controller
[    1.411326] uhci_hcd 0000:00:1d.3: new USB bus registered, assigned bus number 5
[    1.413534] uhci_hcd 0000:00:1d.3: detected 2 ports
[    1.415700] uhci_hcd 0000:00:1d.3: irq 19, io base 0x00001880
[    1.418032] usb usb5: New USB device found, idVendor=1d6b, idProduct=0001, bcdDevice= 4.17
[    1.420249] usb usb5: New USB device strings: Mfr=3, Product=2, SerialNumber=1
[    1.422437] usb usb5: Product: UHCI Host Controller
[    1.424639] usb usb5: Manufacturer: Linux 4.17.0-rc1+ uhci_hcd
[    1.426800] usb usb5: SerialNumber: 0000:00:1d.3
[    1.429120] hub 5-0:1.0: USB hub found
[    1.431243] hub 5-0:1.0: 2 ports detected
[    1.433633] usbcore: registered new interface driver cdc_acm
[    1.435721] cdc_acm: USB Abstract Control Model driver for USB modems and ISDN adapters
[    1.437925] usbcore: registered new interface driver usblp
[    1.440157] usbcore: registered new interface driver cdc_wdm
[    1.442358] usbcore: registered new interface driver usb-storage
[    1.444507] usbcore: registered new interface driver ums-sddr09
[    1.446624] usbcore: registered new interface driver usbserial_generic
[    1.448722] usbserial: USB Serial support registered for generic
[    1.450777] usbcore: registered new interface driver ch341
[    1.452824] usbserial: USB Serial support registered for ch341-uart
[    1.454872] usbcore: registered new interface driver ftdi_sio
[    1.456932] usbserial: USB Serial support registered for FTDI USB Serial Device
[    1.459100] usbcore: registered new interface driver option
[    1.461236] usbserial: USB Serial support registered for GSM modem (1-port)
[    1.463517] usbcore: registered new interface driver pl2303
[    1.465725] usbserial: USB Serial support registered for pl2303
[    1.467943] usbcore: registered new interface driver ti_usb_3410_5052
[    1.470173] usbserial: USB Serial support registered for TI USB 3410 1 port adapter
[    1.472470] usbserial: USB Serial support registered for TI USB 5052 2 port adapter
[    1.474661] ftdi_elan: driver ftdi-elan
[    1.476846] usbcore: registered new interface driver ftdi-elan
[    1.479099] i8042: PNP: PS/2 Controller [PNP0303:KBD,PNP0f13:MOU] at 0x60,0x64 irq 1,12
[    1.490474] serio: i8042 KBD port at 0x60,0x64 irq 1
[    1.492745] serio: i8042 AUX port at 0x60,0x64 irq 12
[    1.495174] mousedev: PS/2 mouse device common for all mice
[    1.497853] input: PC Speaker as /devices/platform/pcspkr/input/input4
[    1.500337] rtc_cmos 00:02: RTC can wake from S4
[    1.502865] rtc_cmos 00:02: registered as rtc0
[    1.505180] rtc_cmos 00:02: alarms up to one month, y3k, 114 bytes nvram, hpet irqs
[    1.507571] usbcore: registered new interface driver uvcvideo
[    1.510179] USB Video Class driver (1.1.1)
[    1.512450] gspca_main: v2.14.0 registered
[    1.514701] usbcore: registered new interface driver sq930x
[    1.517336] device-mapper: ioctl: 4.39.0-ioctl (2018-04-03) initialised: dm-devel@redhat.com
[    1.519703] Bluetooth: HCI UART driver ver 2.3
[    1.522073] Bluetooth: HCI UART protocol H4 registered
[    1.524448] Bluetooth: HCI UART protocol BCSP registered
[    1.526818] usbcore: registered new interface driver btusb
[    1.529181] sdhci: Secure Digital Host Controller Interface driver
[    1.531467] sdhci: Copyright(c) Pierre Ossman
[    1.533820] sdhci-pci 0000:15:00.2: SDHCI controller found [1180:0822] (rev 18)
[    1.536378] sdhci-pci 0000:15:00.2: Will use DMA mode even though HW doesn't fully claim to support it.
[    1.538922] mmc0 bounce up to 128 segments into one, max segment size 65536 bytes
[    1.541529] sdhci-pci 0000:15:00.2: Will use DMA mode even though HW doesn't fully claim to support it.
[    1.544407] mmc0: SDHCI controller on PCI [0000:15:00.2] using DMA
[    1.547133] hidraw: raw HID events driver (C) Jiri Kosina
[    1.547880] input: AT Translated Set 2 keyboard as /devices/platform/i8042/serio0/input/input5
[    1.550211] usbcore: registered new interface driver usbhid
[    1.555316] usbhid: USB HID core driver
[    1.558486] thinkpad_acpi: ThinkPad ACPI Extras v0.26
[    1.561172] thinkpad_acpi: http://ibm-acpi.sf.net/
[    1.563783] thinkpad_acpi: ThinkPad BIOS 7BETD8WW (2.19 ), EC 7BHT40WW-1.13
[    1.566449] thinkpad_acpi: Lenovo ThinkPad X60, model 17097HU
[    1.572275] thinkpad_acpi: ACPI backlight control delay disabled
[    1.575342] thinkpad_acpi: radio switch found; radios are enabled
[    1.578303] thinkpad_acpi: This ThinkPad has standard ACPI backlight brightness control, supported by the ACPI video driver
[    1.583703] thinkpad_acpi: Disabling thinkpad-acpi brightness events by default...
[    1.592235] thinkpad_acpi: rfkill switch tpacpi_bluetooth_sw: radio is unblocked
[    1.597018] thinkpad_acpi: warning: userspace override of important firmware LEDs is enabled
[    1.604193] thinkpad_acpi: Standard ACPI backlight interface available, not loading native one
[    1.607044] thinkpad_acpi: volume: disabled as there is no ALSA support in this kernel
[    1.610587] thinkpad_acpi: battery 1 registered (start 0, stop 0)
[    1.610592] battery: new extension: ThinkPad Battery Extension
[    1.616374] input: ThinkPad Extra Buttons as /devices/platform/thinkpad_acpi/input/input8
[    1.621111] snd_hda_intel 0000:00:1b.0: probe_mask set to 0x1 for device 17aa:2010
[    1.624589] usbcore: registered new interface driver snd-usb-audio
[    1.628805] NET: Registered protocol family 17
[    1.631789] Bluetooth: RFCOMM TTY layer initialized
[    1.634742] Bluetooth: RFCOMM socket layer initialized
[    1.637625] Bluetooth: RFCOMM ver 1.11
[    1.640408] Bluetooth: BNEP (Ethernet Emulation) ver 1.3
[    1.643227] Bluetooth: BNEP filters: protocol multicast
[    1.646060] Bluetooth: BNEP socket layer initialized
[    1.648869] Bluetooth: HIDP (Human Interface Emulation) ver 1.2
[    1.651661] Bluetooth: HIDP socket layer initialized
[    1.653371] snd_hda_codec_analog hdaudioC0D0: autoconfig for AD1981: line_outs=1 (0x5/0x0/0x0/0x0/0x0) type:speaker
[    1.654637] microcode: sig=0x6e8, pf=0x20, revision=0x39
[    1.660150] snd_hda_codec_analog hdaudioC0D0:    speaker_outs=0 (0x0/0x0/0x0/0x0/0x0)
[    1.665775] snd_hda_codec_analog hdaudioC0D0:    hp_outs=0 (0x0/0x0/0x0/0x0/0x0)
[    1.666024] microcode: Microcode Update Driver: v2.2.
[    1.668550] snd_hda_codec_analog hdaudioC0D0:    mono: mono_out=0x0
[    1.668551] Using IPI No-Shortcut mode
[    1.668792] Loading compiled-in X.509 certificates
[    1.671284] snd_hda_codec_analog hdaudioC0D0:    inputs:
[    1.674294] Key type encrypted registered
[    1.676675] snd_hda_codec_analog hdaudioC0D0:      Mic=0x8
[    1.676678] snd_hda_codec_analog hdaudioC0D0:      CD=0x19
[    1.679634] rtc_cmos 00:02: setting system clock to 2018-04-16 09:50:21 UTC (1523872221)
[    1.695241] cfg80211: Loading compiled-in X.509 certificates for regulatory database
[    1.698113] sdhci-pci 0000:15:00.2: Will use DMA mode even though HW doesn't fully claim to support it.
[    1.703149] cfg80211: Loaded X.509 cert 'sforshee: 00b28ddf47aef9cea7'
[    1.706290] platform regulatory.0: Direct firmware load for regulatory.db failed with error -2
[    1.706357] PM: Image not found (code -22)
[    1.709057] cfg80211: failed to load regulatory.db
[    1.711806] ALSA device list:
[    1.714502]   #0: HDA Intel at 0xee240000 irq 17
[    1.749384] sdhci-pci 0000:15:00.2: Will use DMA mode even though HW doesn't fully claim to support it.
[    1.816498] sdhci-pci 0000:15:00.2: Will use DMA mode even though HW doesn't fully claim to support it.
[    1.881604] sdhci-pci 0000:15:00.2: Will use DMA mode even though HW doesn't fully claim to support it.
[    1.928060] usb 5-1: new full-speed USB device number 2 using uhci_hcd
[    2.117480] usb 5-1: New USB device found, idVendor=0a5c, idProduct=2110, bcdDevice= 1.00
[    2.122084] usb 5-1: New USB device strings: Mfr=1, Product=2, SerialNumber=0
[    2.126604] usb 5-1: Product: BCM2045B
[    2.131031] usb 5-1: Manufacturer: Broadcom Corp
[    2.416624] psmouse serio1: trackpoint: IBM TrackPoint firmware: 0x0e, buttons: 3/3
[    2.437590] input: TPPS/2 IBM TrackPoint as /devices/platform/i8042/serio1/input/input7
[    2.445834] md: Waiting for all devices to be available before autodetect
[    2.449480] md: If you don't use raid, use raid=noautodetect
[    2.453400] md: Autodetecting RAID arrays.
[    2.456164] md: autorun ...
[    2.458872] md: ... autorun DONE.
[    2.480155] EXT4-fs (sda4): mounted filesystem with ordered data mode. Opts: (null)
[    2.484937] VFS: Mounted root (ext4 filesystem) readonly on device 8:4.
[    2.489958] devtmpfs: mounted
[    2.493834] Freeing unused kernel memory: 572K
[    2.497409] Write protecting the kernel text: 11668k
[    2.500953] Write protecting the kernel read-only data: 3848k
[    2.504326] NX-protecting the kernel data: 6764k
[    2.508197] x86/mm: Checked W+X mappings: passed, no W+X pages found.
[    2.510761] rodata_test: all tests were successful
[    2.683176] systemd[1]: systemd 215 running in system mode. (+PAM +AUDIT +SELINUX +IMA +SYSVINIT +LIBCRYPTSETUP +GCRYPT +ACL +XZ -SECCOMP -APPARMOR)
[    2.708267] systemd[1]: Detected architecture 'x86'.
[    2.798085] systemd[1]: Failed to insert module 'ipv6'
[    2.803171] systemd[1]: Set hostname to <amd>.
[    2.912088] usb 5-2: new full-speed USB device number 3 using uhci_hcd
[    3.121475] usb 5-2: New USB device found, idVendor=0483, idProduct=2016, bcdDevice= 0.01
[    3.125937] usb 5-2: New USB device strings: Mfr=1, Product=2, SerialNumber=0
[    3.130364] usb 5-2: Product: Biometric Coprocessor
[    3.134758] usb 5-2: Manufacturer: STMicroelectronics
[    3.609517] systemd[1]: Binding to IPv6 address not available since kernel does not support IPv6.
[    3.614134] systemd[1]: [/lib/systemd/system/gpsd.socket:6] Failed to parse address value, ignoring: [::1]:2947
[    3.635827] systemd[1]: Starting Forward Password Requests to Wall Directory Watch.
[    3.639548] systemd[1]: Started Forward Password Requests to Wall Directory Watch.
[    3.643122] systemd[1]: Starting Remote File Systems (Pre).
[    3.650966] systemd[1]: Reached target Remote File Systems (Pre).
[    4.320529] systemd-udevd[2306]: starting version 215
[    4.912106] random: crng init done
[    5.713778] e1000e 0000:02:00.0 eth1: renamed from eth0
[    5.728227] systemd-udevd[2360]: renamed network interface eth0 to eth1
[    6.127948] EXT4-fs (sda4): re-mounted. Opts: errors=remount-ro
[    7.530096] Adding 2097148k swap on /dev/sda1.  Priority:-2 extents:1 across:2097148k 
[    7.931889] EXT4-fs (sda2): mounted filesystem with ordered data mode. Opts: errors=remount-ro
[    8.008293] systemd-journald[2302]: Received request to flush runtime journal from PID 1
[   13.031439] NFSD: Using /var/lib/nfs/v4recovery as the NFSv4 state recovery directory
[   13.051709] NFSD: starting 90-second grace period (net f0000098)
[   15.452432] iwl3945 0000:03:00.0: loaded firmware version 15.32.2.9
[   17.066593] e1000e: eth1 NIC Link is Up 100 Mbps Full Duplex, Flow Control: None
[   17.066773] e1000e 0000:02:00.0 eth1: 10/100 speed: disabling TSO
[   19.794178] wlan0: authenticate with 00:00:00:00:00:01
[   19.795739] wlan0: send auth to 00:00:00:00:00:01 (try 1/3)
[   19.797487] wlan0: authenticated
[   19.800382] wlan0: associate with 00:00:00:00:00:01 (try 1/3)
[   19.803317] wlan0: RX AssocResp from 00:00:00:00:00:01 (capab=0x401 status=0 aid=7)
[   19.804150] wlan0: AP has invalid WMM params (CWmin/max=15/1023 for ACI 0), using defaults
[   19.807780] wlan0: associated
