[    0.000000] Booting Linux on physical CPU 0x0000000000 [0x410fd034]
[    0.000000] Linux version 4.18.11-00427-g35cf56cbf9cb (purism@pureos) (gcc version 8.3.0 (Debian 8.3.0-6)) #40 SMP PREEMPT Tue Aug 27 21:23:02 CEST 2019
[    0.000000] Machine model: Purism Librem 5 devkit
[    0.000000] cma: early_cma(256M)
[    0.000000] efi: Getting EFI parameters from FDT:
[    0.000000] efi: UEFI not found.
[    0.000000] cma: dma_contiguous_reserve(limit 100000000)
[    0.000000] cma: dma_contiguous_reserve: reserving 256 MiB for global area
[    0.000000] cma: cma_declare_contiguous(size 0x0000000010000000, base 0x0000000000000000, limit 0x0000000100000000 alignment 0x0000000000000000)
[    0.000000] cma: Reserved 256 MiB at 0x00000000eec00000
[    0.000000] On node 0 totalpages: 786432
[    0.000000]   DMA32 zone: 12288 pages used for memmap
[    0.000000]   DMA32 zone: 0 pages reserved
[    0.000000]   DMA32 zone: 786432 pages, LIFO batch:31
[    0.000000] psci: probing for conduit method from DT.
[    0.000000] psci: PSCIv1.1 detected in firmware.
[    0.000000] psci: Using standard PSCI v0.2 function IDs
[    0.000000] psci: MIGRATE_INFO_TYPE not supported.
[    0.000000] psci: SMC Calling Convention v1.1
[    0.000000] random: get_random_bytes called from start_kernel+0xa0/0x478 with crng_init=0
[    0.000000] percpu: Embedded 26 pages/cpu @(____ptrval____) s69016 r8192 d29288 u106496
[    0.000000] pcpu-alloc: s69016 r8192 d29288 u106496 alloc=26*4096
[    0.000000] pcpu-alloc: [0] 0 [0] 1 [0] 2 [0] 3 
[    0.000000] Detected VIPT I-cache on CPU0
[    0.000000] CPU features: enabling workaround for ARM erratum 845719
[    0.000000] Speculative Store Bypass Disable mitigation not required
[    0.000000] CPU features: detected: Kernel page table isolation (KPTI)
[    0.000000] Built 1 zonelists, mobility grouping on.  Total pages: 774144
[    0.000000] Kernel command line:  console=ttymxc0,115200 root=/dev/mmcblk0p2 cma=256M
[    0.000000] log_buf_len individual max cpu contribution: 4096 bytes
[    0.000000] log_buf_len total cpu_extra contributions: 12288 bytes
[    0.000000] log_buf_len min size: 16384 bytes
[    0.000000] log_buf_len: 32768 bytes
[    0.000000] early log buf free: 14184(86%)
[    0.000000] Dentry cache hash table entries: 524288 (order: 10, 4194304 bytes)
[    0.000000] Inode-cache hash table entries: 262144 (order: 9, 2097152 bytes)
[    0.000000] Memory: 2801456K/3145728K available (9852K kernel code, 1092K rwdata, 5540K rodata, 1280K init, 535K bss, 82128K reserved, 262144K cma-reserved)
[    0.000000] SLUB: HWalign=64, Order=0-3, MinObjects=0, CPUs=4, Nodes=1
[    0.000000] ftrace: allocating 35491 entries in 139 pages
[    0.000000] Preemptible hierarchical RCU implementation.
[    0.000000] 	RCU restricting CPUs from NR_CPUS=64 to nr_cpu_ids=4.
[    0.000000] 	Tasks RCU enabled.
[    0.000000] RCU: Adjusting geometry for rcu_fanout_leaf=16, nr_cpu_ids=4
[    0.000000] kmemleak: Kernel memory leak detector disabled
[    0.000000] NR_IRQS: 64, nr_irqs: 64, preallocated irqs: 0
[    0.000000] GICv3: GIC: Using split EOI/Deactivate mode
[    0.000000] GICv3: Distributor has no Range Selector support
[    0.000000] GICv3: no VLPI support, no direct LPI support
[    0.000000] ITS: No ITS available, not enabling LPIs
[    0.000000] GICv3: CPU0: found redistributor 0 region 0:0x0000000038880000
[    0.000000] i.MX8MQ clock driver init done
[    0.000000] arch_timer: cp15 timer(s) running at 8.33MHz (phys).
[    0.000000] clocksource: arch_sys_counter: mask: 0xffffffffffffff max_cycles: 0x1ec0311ec, max_idle_ns: 440795202152 ns
[    0.000004] sched_clock: 56 bits at 8MHz, resolution 120ns, wraps every 2199023255541ns
[    0.000468] Console: colour dummy device 80x25
[    0.000494] kmemleak: Early log buffer exceeded (3632), please increase DEBUG_KMEMLEAK_EARLY_LOG_SIZE
[    0.000921] Calibrating delay loop (skipped), value calculated using timer frequency.. 16.66 BogoMIPS (lpj=33333)
[    0.000932] pid_max: default: 32768 minimum: 301
[    0.001010] Security Framework initialized
[    0.001069] Mount-cache hash table entries: 8192 (order: 4, 65536 bytes)
[    0.001086] Mountpoint-cache hash table entries: 8192 (order: 4, 65536 bytes)
[    0.023990] ASID allocator initialised with 32768 entries
[    0.031989] Hierarchical SRCU implementation.
[    0.040315] Cannot find MU entry in device tree
[    0.040397] CPU identified as i.MX8MQ, silicon rev 2.0
[    0.040490] EFI services will not be available.
[    0.048023] smp: Bringing up secondary CPUs ...
[    0.080188] Detected VIPT I-cache on CPU1
[    0.080218] GICv3: CPU1: found redistributor 1 region 0:0x00000000388a0000
[    0.080254] CPU1: Booted secondary processor 0x0000000001 [0x410fd034]
[    0.112240] Detected VIPT I-cache on CPU2
[    0.112262] GICv3: CPU2: found redistributor 2 region 0:0x00000000388c0000
[    0.112288] CPU2: Booted secondary processor 0x0000000002 [0x410fd034]
[    0.144310] Detected VIPT I-cache on CPU3
[    0.144333] GICv3: CPU3: found redistributor 3 region 0:0x00000000388e0000
[    0.144359] CPU3: Booted secondary processor 0x0000000003 [0x410fd034]
[    0.144567] smp: Brought up 1 node, 4 CPUs
[    0.144594] SMP: Total of 4 processors activated.
[    0.144600] CPU features: detected: GIC system register CPU interface
[    0.144607] CPU features: detected: 32-bit EL0 Support
[    0.164503] CPU: All CPU(s) started at EL2
[    0.164671] alternatives: patching kernel code
[    0.166340] devtmpfs: initialized
[    0.173559] clocksource: jiffies: mask: 0xffffffff max_cycles: 0xffffffff, max_idle_ns: 7645041785100000 ns
[    0.173578] futex hash table entries: 1024 (order: 4, 65536 bytes)
[    0.180844] pinctrl core: initialized pinctrl subsystem
[    0.181886] DMI not present or invalid.
[    0.182154] NET: Registered protocol family 16
[    0.182720] audit: initializing netlink subsys (disabled)
[    0.183053] audit: type=2000 audit(0.180:1): state=initialized audit_enabled=0 res=1
[    0.184405] cpuidle: using governor menu
[    0.184506] vdso: 2 pages (1 code @ (____ptrval____), 1 data @ (____ptrval____))
[    0.184520] hw-breakpoint: found 6 breakpoint and 4 watchpoint registers.
[    0.184917] cma: cma_alloc(cma (____ptrval____), count 64, align 6)
[    0.186188] cma: cma_alloc(): returned (____ptrval____)
[    0.186257] DMA: preallocated 256 KiB pool for atomic allocations
[    0.186519] Serial: AMBA PL011 UART driver
[    0.194849] imx8mq-pinctrl 30330000.iomuxc: initialized IMX pinctrl driver
[    0.213526] HugeTLB registered 2.00 MiB page size, pre-allocated 0 pages
[    0.214707] cryptd: max_cpu_qlen set to 1000
[    0.222523] ACPI: Interpreter disabled.
[    0.224361] mxs-dma 33000000.dma-apbh: initialized
[    0.226336] vgaarb: loaded
[    0.226871] SCSI subsystem initialized
[    0.227076] libata version 3.00 loaded.
[    0.227872] media: Linux media interface: v0.10
[    0.227957] videodev: Linux video capture interface: v2.00
[    0.228238] pps_core: LinuxPPS API ver. 1 registered
[    0.228244] pps_core: Software ver. 5.3.6 - Copyright 2005-2007 Rodolfo Giometti <giometti@linux.it>
[    0.228315] PTP clock support registered
[    0.230847] clocksource: Switched to clocksource arch_sys_counter
[    0.290018] pnp: PnP ACPI: disabled
[    0.306853] NET: Registered protocol family 2
[    0.307268] tcp_listen_portaddr_hash hash table entries: 2048 (order: 3, 32768 bytes)
[    0.307327] TCP established hash table entries: 32768 (order: 6, 262144 bytes)
[    0.307571] TCP bind hash table entries: 32768 (order: 7, 524288 bytes)
[    0.308019] TCP: Hash tables configured (established 32768 bind 32768)
[    0.308095] UDP hash table entries: 2048 (order: 4, 65536 bytes)
[    0.308184] UDP-Lite hash table entries: 2048 (order: 4, 65536 bytes)
[    0.308360] NET: Registered protocol family 1
[    0.309349] RPC: Registered named UNIX socket transport module.
[    0.309356] RPC: Registered udp transport module.
[    0.309361] RPC: Registered tcp transport module.
[    0.309366] RPC: Registered tcp NFSv4.1 backchannel transport module.
[    0.310025] PCI: CLS 0 bytes, default 64
[    0.310159] Unpacking initramfs...
[    0.670794] Freeing initrd memory: 7592K
[    0.676407] Initialise system trusted keyrings
[    0.676655] workingset: timestamp_bits=46 max_order=20 bucket_order=0
[    0.687735] squashfs: version 4.0 (2009/01/31) Phillip Lougher
[    0.702063] Key type asymmetric registered
[    0.702072] Asymmetric key parser 'x509' registered
[    0.702317] Block layer SCSI generic (bsg) driver version 0.4 loaded (major 245)
[    0.702326] io scheduler noop registered
[    0.702611] io scheduler cfq registered (default)
[    0.709298] Bus freq driver module loaded
[    0.718748] Serial: 8250/16550 driver, 4 ports, IRQ sharing disabled
[    0.722397] 30860000.serial: ttymxc0 at MMIO 0x30860000 (irq = 38, base_baud = 1562500) is a IMX
[    1.434416] console [ttymxc0] enabled
[    1.438970] 30880000.serial: ttymxc2 at MMIO 0x30880000 (irq = 39, base_baud = 1562500) is a IMX
[    1.448638] 30a60000.serial: ttymxc3 at MMIO 0x30a60000 (irq = 44, base_baud = 1562500) is a IMX
[    1.462537] etnaviv etnaviv: bound 38000000.gpu (ops gpu_ops)
[    1.468416] etnaviv-gpu 38000000.gpu: model: GC7000, revision: 6214
[    1.474801] cma: cma_alloc(cma (____ptrval____), count 1, align 0)
[    1.475216] cma: cma_alloc(): returned (____ptrval____)
[    1.475235] cma: cma_alloc(cma (____ptrval____), count 1, align 0)
[    1.475296] cma: cma_alloc(): returned (____ptrval____)
[    1.475305] cma: cma_alloc(cma (____ptrval____), count 1, align 0)
[    1.475336] cma: cma_alloc(): returned (____ptrval____)
[    1.475349] cma: cma_alloc(cma (____ptrval____), count 64, align 6)
[    1.475432] cma: cma_alloc(): returned (____ptrval____)
[    1.475505] cma: cma_alloc(cma (____ptrval____), count 1, align 0)
[    1.475544] cma: cma_alloc(): returned (____ptrval____)
[    1.476179] [drm] Initialized etnaviv 1.2.0 20151214 for etnaviv on minor 0
[    1.483867] cma: cma_alloc(cma (____ptrval____), count 2, align 1)
[    1.483942] cma: cma_alloc(): returned (____ptrval____)
[    1.483953] cma: cma_alloc(cma (____ptrval____), count 60, align 6)
[    1.484002] cma: cma_alloc(): returned (____ptrval____)
[    1.484065] cma: cma_alloc(cma (____ptrval____), count 2, align 1)
[    1.484114] cma: cma_alloc(): returned (____ptrval____)
[    1.484124] cma: cma_alloc(cma (____ptrval____), count 60, align 6)
[    1.484314] cma: cma_alloc(): returned (____ptrval____)
[    1.484547] dcss-core 32e00000.dcss: Direct firmware load for dcss.fw failed with error -2
[    1.493132] dcss-core 32e00000.dcss: Falling back to syfs fallback for: dcss.fw
[    1.499486] loop: module loaded
[    1.506292] spi_imx 30820000.ecspi: can't get the TX DMA channel, error -19!
[    1.506298] spi_imx 30820000.ecspi: dma setup error -19, use pio
[    1.512617] spi_imx 30820000.ecspi: registered master spi0
[    1.512844] spi spi0.0: spi_imx_setup: mode 0, 8 bpw, 20000000 hz
[    1.512856] spi spi0.0: setup mode 0, 8 bits/w, 20000000 Hz max --> 0
[    1.513027] spi_imx 30820000.ecspi: registered child spi0.0
[    1.513036] spi_imx 30820000.ecspi: probed
[    1.517960] libphy: Fixed MDIO Bus: probed
[    1.524295] Atheros(R) L2 Ethernet Driver - version 2.2.3
[    1.529815] Copyright (c) 2007 Atheros Corporation.
[    1.536431] pps pps0: new PPS source ptp0
[    1.540524] cma: cma_alloc(cma (____ptrval____), count 16, align 4)
[    1.541092] cma: cma_alloc(): returned (____ptrval____)
[    1.541130] cma: cma_alloc(cma (____ptrval____), count 16, align 4)
[    1.541201] cma: cma_alloc(): returned (____ptrval____)
[    1.541227] cma: cma_alloc(cma (____ptrval____), count 16, align 4)
[    1.541287] cma: cma_alloc(): returned (____ptrval____)
[    1.541314] cma: cma_alloc(cma (____ptrval____), count 24, align 5)
[    1.541406] cma: cma_alloc(): returned (____ptrval____)
[    1.542642] libphy: fec_enet_mii_bus: probed
[    1.555594] fec 30be0000.ethernet eth0: registered PHC device 0
[    1.563584] mousedev: PS/2 mouse device common for all mice
[    1.570830] snvs_rtc 30370000.snvs:snvs-rtc-lp: rtc core: registered 30370000.snvs:snvs-rtc-lp as rtc0
[    1.580392] i2c /dev entries driver
[    1.585428] mxc-mipi-csi2_yav 30a70000.mipi_csi1: mipi_csi2_probe
[    1.591567] mxc-mipi-csi2_yav: probe of 30a70000.mipi_csi1 failed with error -22
[    1.601223] imx2-wdt 30280000.wdog: timeout 60 sec (nowayout=0)
[    1.609162] sdhci: Secure Digital Host Controller Interface driver
[    1.615414] sdhci: Copyright(c) Pierre Ossman
[    1.619974] sdhci-pltfm: SDHCI platform and OF driver helper
[    1.626658] cma: cma_alloc(cma (____ptrval____), count 1, align 0)
[    1.626964] cma: cma_alloc(): returned (____ptrval____)
[    1.660398] mmc0: SDHCI controller on 30b40000.usdhc [30b40000.usdhc] using ADMA
[    1.669629] cma: cma_alloc(cma (____ptrval____), count 1, align 0)
[    1.669805] cma: cma_alloc(): returned (____ptrval____)
[    1.703126] mmc1: SDHCI controller on 30b50000.usdhc [30b50000.usdhc] using ADMA
[    1.716220] ledtrig-cpu: registered to indicate activity on CPUs
[    1.723054] caam 30900000.caam: can't identify CAAM ipg clk: -2
[    1.729138] caam: probe of 30900000.caam failed with error -2
[    1.738507] NET: Registered protocol family 26
[    1.743212] NET: Registered protocol family 17
[    1.749069] 9pnet: Installing 9P2000 support
[    1.755610] Key type dns_resolver registered
[    1.762263] registered taskstats version 1
[    1.766391] Loading compiled-in X.509 certificates
[    1.769866] mmc0: new HS400 MMC card at address 0001
[    1.776781] mmcblk0: mmc0:0001 M52532 28.5 GiB 
[    1.782993] mmcblk0boot0: mmc0:0001 M52532 partition 1 4.00 MiB
[    1.790652] mmcblk0boot1: mmc0:0001 M52532 partition 2 4.00 MiB
[    1.796685] mmc1: new high speed SDIO card at address fffd
[    1.797055] mmcblk0rpmb: mmc0:0001 M52532 partition 3 4.00 MiB, chardev (243:0)
[    1.799370] cpu cpu0: _opp_is_duplicate: duplicate OPPs detected. Existing: freq: 1500000000, volt: 1000000, enabled: 1. New: freq: 1500000000, volt: 1000000, enabled: 1
[    1.799379] cpu cpu0: _opp_is_duplicate: duplicate OPPs detected. Existing: freq: 1000000000, volt: 900000, enabled: 1. New: freq: 1000000000, volt: 900000, enabled: 1
[    1.799518] failed to disable 800MHz OPP!
[    1.799521] failed to disable 1.3GHz OPP!
[    1.799522] Configuring consumer grade
[    1.800814] input: gpio-keys as /devices/platform/gpio-keys/input/input0
[    1.802202] snvs_rtc 30370000.snvs:snvs-rtc-lp: setting system clock to 1970-01-01 00:00:00 UTC (0)
[    1.810827]  mmcblk0: p1 p2
[    1.824903] cfg80211: Loading compiled-in X.509 certificates for regulatory database
[    1.893207] cfg80211: Loaded X.509 cert 'sforshee: 00b28ddf47aef9cea7'
[    1.899919] platform regulatory.0: Direct firmware load for regulatory.db failed with error -2
[    1.908761] platform regulatory.0: Falling back to syfs fallback for: regulatory.db
[    1.919073] Freeing unused kernel memory: 1280K
[    2.178607] dcss-core 32e00000.dcss: hdr10: DCSS FW load failed.
[    2.214599] cfg80211: failed to load regulatory.db
[    2.253890] random: fast init done
[    2.367070] EXT4-fs (mmcblk0p2): mounted filesystem with ordered data mode. Opts: (null)
[    2.697399] systemd[1]: System time before build time, advancing clock.
[    2.722787] systemd[1]: systemd 241 running in system mode. (+PAM +AUDIT +SELINUX +IMA +APPARMOR +SMACK +SYSVINIT +UTMP +LIBCRYPTSETUP +GCRYPT +GNUTLS +ACL +XZ +LZ4 +SECCOMP +BLKID +ELFUTILS +KMOD -IDN2 +IDN -PCRE2 default-hierarchy=hybrid)
[    2.744756] systemd[1]: Detected architecture arm64.
[    2.775278] systemd[1]: Set hostname to <pureos>.
[    2.962135] random: lvmconfig: uninitialized urandom read (4 bytes read)
[    2.996018] systemd[1]: File /lib/systemd/system/systemd-journald.service:12 configures an IP firewall (IPAddressDeny=any), but the local system does not support BPF/cgroup based firewalling.
[    3.013389] systemd[1]: Proceeding WITHOUT firewalling in effect! (This warning is only shown for the first loaded unit using IP firewalling.)
[    3.221337] systemd[1]: Binding to IPv6 address not available since kernel does not support IPv6.
[    3.235010] random: systemd: uninitialized urandom read (16 bytes read)
[    3.246327] random: systemd: uninitialized urandom read (16 bytes read)
[    3.253377] systemd[1]: Listening on udev Control Socket.
[    3.278168] systemd[1]: Created slice User and Session Slice.
[    3.299209] systemd[1]: Listening on Device-mapper event daemon FIFOs.
[    3.323177] systemd[1]: Listening on udev Kernel Socket.
[    4.063301] EXT4-fs (mmcblk0p2): re-mounted. Opts: errors=remount-ro
[    4.279753] systemd-journald[1232]: Received request to flush runtime journal from PID 1
[    4.290286] systemd-journald[1232]: File /var/log/journal/a10eb4ab9eba403abb076bbd4f865a4b/system.journal corrupted or uncleanly shut down, renaming and replacing.
[    4.831849] Atheros 8031 ethernet 30be0000.ethernet-1:01: attached PHY driver [Atheros 8031 ethernet] (mii_bus:phy_addr=30be0000.ethernet-1:01, irq=POLL)
[    5.992310] random: crng init done
[    5.995740] random: 7 urandom warning(s) missed due to ratelimiting
[    6.880371] fec 30be0000.ethernet eth0: Link is Up - 100Mbps/Full - flow control rx/tx
