[    0.000000] Linux version 5.2.0-rc3-next-20190607+ (pavel@amd) (gcc version 4.9.2 (Debian 4.9.2-10+deb8u2)) #316 SMP Mon Jun 10 23:20:20 CEST 2019
[    0.000000] Disabled fast string operations
[    0.000000] x86/fpu: x87 FPU will use FXSAVE
[    0.000000] BIOS-provided physical RAM map:
[    0.000000] BIOS-e820: [mem 0x0000000000000000-0x000000000009efff] usable
[    0.000000] BIOS-e820: [mem 0x000000000009f000-0x000000000009ffff] reserved
[    0.000000] BIOS-e820: [mem 0x00000000000dc000-0x00000000000fffff] reserved
[    0.000000] BIOS-e820: [mem 0x0000000000100000-0x00000000bf6cffff] usable
[    0.000000] BIOS-e820: [mem 0x00000000bf6d0000-0x00000000bf6defff] ACPI data
[    0.000000] BIOS-e820: [mem 0x00000000bf6df000-0x00000000bf6fffff] ACPI NVS
[    0.000000] BIOS-e820: [mem 0x00000000bf700000-0x00000000bfffffff] reserved
[    0.000000] BIOS-e820: [mem 0x00000000f0000000-0x00000000f3ffffff] reserved
[    0.000000] BIOS-e820: [mem 0x00000000fec00000-0x00000000fec0ffff] reserved
[    0.000000] BIOS-e820: [mem 0x00000000fed00000-0x00000000fed003ff] reserved
[    0.000000] BIOS-e820: [mem 0x00000000fed14000-0x00000000fed19fff] reserved
[    0.000000] BIOS-e820: [mem 0x00000000fed1c000-0x00000000fed8ffff] reserved
[    0.000000] BIOS-e820: [mem 0x00000000fee00000-0x00000000fee00fff] reserved
[    0.000000] BIOS-e820: [mem 0x00000000ff800000-0x00000000ffffffff] reserved
[    0.000000] NX (Execute Disable) protection: active
[    0.000000] SMBIOS 2.4 present.
[    0.000000] DMI: LENOVO 17097HU/17097HU, BIOS 7BETD8WW (2.19 ) 03/31/2011
[    0.000000] tsc: Fast TSC calibration using PIT
[    0.000000] tsc: Detected 1828.865 MHz processor
[    0.013579] e820: update [mem 0x00000000-0x00000fff] usable ==> reserved
[    0.013584] e820: remove [mem 0x000a0000-0x000fffff] usable
[    0.013596] last_pfn = 0xbf6d0 max_arch_pfn = 0x1000000
[    0.013609] MTRR default type: uncachable
[    0.013612] MTRR fixed ranges enabled:
[    0.013616]   00000-9FFFF write-back
[    0.013619]   A0000-BFFFF uncachable
[    0.013622]   C0000-CFFFF write-protect
[    0.013625]   D0000-DBFFF uncachable
[    0.013628]   DC000-DFFFF write-back
[    0.013631]   E0000-FFFFF write-protect
[    0.013634] MTRR variable ranges enabled:
[    0.013638]   0 base 000000000 mask F80000000 write-back
[    0.013641]   1 base 080000000 mask FC0000000 write-back
[    0.013644]   2 base 0BF700000 mask FFFF00000 uncachable
[    0.013647]   3 base 0BF800000 mask FFF800000 uncachable
[    0.013650]   4 disabled
[    0.013652]   5 disabled
[    0.013655]   6 disabled
[    0.013657]   7 disabled
[    0.014692] x86/PAT: PAT not supported by CPU.
[    0.016006] x86/PAT: Configuration [0-7]: WB  WT  UC- UC  WB  WT  UC- UC  
[    0.016028] initial memory mapped: [mem 0x00000000-0x059fffff]
[    0.016109] BRK [0x055f2000, 0x055f2fff] PGTABLE
[    0.016128] BRK [0x055f3000, 0x055f3fff] PGTABLE
[    0.016139] ACPI: Early table checksum verification disabled
[    0.016322] ACPI: RSDP 0x00000000000F67C0 000024 (v02 LENOVO)
[    0.016331] ACPI: XSDT 0x00000000BF6D191C 000084 (v01 LENOVO TP-7B    00002190  LTP 00000000)
[    0.016344] ACPI: FACP 0x00000000BF6D1A00 0000F4 (v03 LENOVO TP-7B    00002190 LNVO 00000001)
[    0.016355] ACPI BIOS Warning (bug): 32/64X length mismatch in FADT/Gpe0Block: 64/32 (20190509/tbfadt-569)
[    0.016363] ACPI BIOS Warning (bug): Optional FADT field Gpe1Block has valid Address but zero Length: 0x000000000000102C/0x0 (20190509/tbfadt-624)
[    0.016373] ACPI: DSDT 0x00000000BF6D1D90 00CFB9 (v01 LENOVO TP-7B    00002190 MSFT 0100000E)
[    0.016382] ACPI: FACS 0x00000000BF6F4000 000040
[    0.016390] ACPI: FACS 0x00000000BF6F4000 000040
[    0.016398] ACPI: SSDT 0x00000000BF6D1BB4 0001DC (v01 LENOVO TP-7B    00002190 MSFT 0100000E)
[    0.016407] ACPI: ECDT 0x00000000BF6DED49 000052 (v01 LENOVO TP-7B    00002190 LNVO 00000001)
[    0.016416] ACPI: TCPA 0x00000000BF6DED9B 000032 (v02 LENOVO TP-7B    00002190 LNVO 00000001)
[    0.016425] ACPI: APIC 0x00000000BF6DEDCD 000068 (v01 LENOVO TP-7B    00002190 LNVO 00000001)
[    0.016434] ACPI: MCFG 0x00000000BF6DEE35 00003C (v01 LENOVO TP-7B    00002190 LNVO 00000001)
[    0.016443] ACPI: HPET 0x00000000BF6DEE71 000038 (v01 LENOVO TP-7B    00002190 LNVO 00000001)
[    0.016452] ACPI: BOOT 0x00000000BF6DEFD8 000028 (v01 LENOVO TP-7B    00002190  LTP 00000001)
[    0.016461] ACPI: SSDT 0x00000000BF6F2645 00025F (v01 LENOVO TP-7B    00002190 INTL 20050513)
[    0.016470] ACPI: SSDT 0x00000000BF6F28A4 0000A6 (v01 LENOVO TP-7B    00002190 INTL 20050513)
[    0.016479] ACPI: SSDT 0x00000000BF6F294A 0004F7 (v01 LENOVO TP-7B    00002190 INTL 20050513)
[    0.016488] ACPI: SSDT 0x00000000BF6F2E41 0001D8 (v01 LENOVO TP-7B    00002190 INTL 20050513)
[    0.016509] ACPI: Local APIC address 0xfee00000
[    0.016515] 2176MB HIGHMEM available.
[    0.016520] 885MB LOWMEM available.
[    0.016524]   mapped low ram: 0 - 375fe000
[    0.016528]   low ram: 0 - 375fe000
[    0.016539] BRK [0x055f4000, 0x055f4fff] PGTABLE
[    0.016545] Zone ranges:
[    0.016549]   DMA      [mem 0x0000000000001000-0x0000000000ffffff]
[    0.016554]   Normal   [mem 0x0000000001000000-0x00000000375fdfff]
[    0.016559]   HighMem  [mem 0x00000000375fe000-0x00000000bf6cffff]
[    0.016564] Movable zone start for each node
[    0.016567] Early memory node ranges
[    0.016572]   node   0: [mem 0x0000000000001000-0x000000000009efff]
[    0.016576]   node   0: [mem 0x0000000000100000-0x00000000bf6cffff]
[    0.016582] Initmem setup node 0 [mem 0x0000000000001000-0x00000000bf6cffff]
[    0.016587] On node 0 totalpages: 783982
[    0.027958]   DMA zone: 32 pages used for memmap
[    0.027962]   DMA zone: 0 pages reserved
[    0.027965]   DMA zone: 3998 pages, LIFO batch:0
[    0.028076]   Normal zone: 1740 pages used for memmap
[    0.028078]   Normal zone: 222718 pages, LIFO batch:63
[    0.033703]   HighMem zone: 557266 pages, LIFO batch:63
[    0.047820] Using APIC driver default
[    0.047838] Reserving Intel graphics memory at [mem 0xbf800000-0xbfffffff]
[    0.048317] ACPI: PM-Timer IO Port: 0x1008
[    0.048323] ACPI: Local APIC address 0xfee00000
[    0.048338] ACPI: LAPIC_NMI (acpi_id[0x00] high edge lint[0x1])
[    0.048343] ACPI: LAPIC_NMI (acpi_id[0x01] high edge lint[0x1])
[    0.048368] IOAPIC[0]: apic_id 1, version 32, address 0xfec00000, GSI 0-23
[    0.048375] ACPI: INT_SRC_OVR (bus 0 bus_irq 0 global_irq 2 dfl dfl)
[    0.048382] ACPI: INT_SRC_OVR (bus 0 bus_irq 9 global_irq 9 high level)
[    0.048389] ACPI: IRQ0 used by override.
[    0.048393] ACPI: IRQ9 used by override.
[    0.048400] Using ACPI (MADT) for SMP configuration information
[    0.048406] ACPI: HPET id: 0x8086a201 base: 0xfed00000
[    0.048419] smpboot: Allowing 2 CPUs, 0 hotplug CPUs
[    0.048460] PM: Registered nosave memory: [mem 0x00000000-0x00000fff]
[    0.048467] PM: Registered nosave memory: [mem 0x0009f000-0x0009ffff]
[    0.048471] PM: Registered nosave memory: [mem 0x000a0000-0x000dbfff]
[    0.048475] PM: Registered nosave memory: [mem 0x000dc000-0x000fffff]
[    0.048485] [mem 0xc0000000-0xefffffff] available for PCI devices
[    0.048493] clocksource: refined-jiffies: mask: 0xffffffff max_cycles: 0xffffffff, max_idle_ns: 7645519600211568 ns
[    0.048507] setup_percpu: NR_CPUS:8 nr_cpumask_bits:8 nr_cpu_ids:2 nr_node_ids:1
[    0.048772] percpu: Embedded 37 pages/cpu s119336 r0 d32216 u151552
[    0.048787] pcpu-alloc: s119336 r0 d32216 u151552 alloc=37*4096
[    0.048790] pcpu-alloc: [0] 0 [0] 1 
[    0.048825] Built 1 zonelists, mobility grouping on.  Total pages: 782210
[    0.048834] Kernel command line: BOOT_IMAGE=(hd0,2)/fast/l/linux-next-32/arch/x86/boot/bzImage root=/dev/sda4 resume=/dev/sda1
[    0.049253] Dentry cache hash table entries: 131072 (order: 7, 524288 bytes)
[    0.049371] Inode-cache hash table entries: 65536 (order: 6, 262144 bytes)
[    0.049396] Initializing CPU#0
[    0.081652] Initializing HighMem for node 0 (000375fe:000bf6d0)
[    0.443686] Initializing Movable for node 0 (00000000:00000000)
[    0.518710] Memory: 3021852K/3135928K available (12539K kernel code, 703K rwdata, 4820K rodata, 644K init, 3368K bss, 114076K reserved, 0K cma-reserved, 2229064K highmem)
[    0.518723] virtual kernel memory layout:
    fixmap  : 0xffe72000 - 0xfffff000   (1588 kB)
  cpu_entry : 0xffa00000 - 0xffb31000   (1220 kB)
    pkmap   : 0xff600000 - 0xff800000   (2048 kB)
    vmalloc : 0xf7dfe000 - 0xff5fe000   ( 120 MB)
    lowmem  : 0xc0000000 - 0xf75fe000   ( 885 MB)
      .init : 0xc51ce000 - 0xc526f000   ( 644 kB)
      .data : 0xc4c3ed24 - 0xc51abf00   (5556 kB)
      .text : 0xc4000000 - 0xc4c3ed24   (12539 kB)
[    0.518728] Checking if this processor honours the WP bit even in supervisor mode...Ok.
[    0.518799] random: get_random_u32 called from cache_alloc_refill+0x7b5/0xb60 with crng_init=0
[    0.520115] Kernel/User page tables isolation: enabled
[    0.520405] rcu: Hierarchical RCU implementation.
[    0.520410] rcu: 	RCU restricting CPUs from NR_CPUS=8 to nr_cpu_ids=2.
[    0.520416] rcu: RCU calculated value of scheduler-enlistment delay is 25 jiffies.
[    0.520420] rcu: Adjusting geometry for rcu_fanout_leaf=16, nr_cpu_ids=2
[    0.520467] NR_IRQS: 2304, nr_irqs: 56, preallocated irqs: 16
[    0.523515] Console: colour VGA+ 80x25
[    0.532150] printk: console [tty0] enabled
[    0.532226] Lock dependency validator: Copyright (c) 2006 Red Hat, Inc., Ingo Molnar
[    0.532322] ... MAX_LOCKDEP_SUBCLASSES:  8
[    0.532396] ... MAX_LOCK_DEPTH:          48
[    0.532472] ... MAX_LOCKDEP_KEYS:        8192
[    0.532549] ... CLASSHASH_SIZE:          4096
[    0.532625] ... MAX_LOCKDEP_ENTRIES:     32768
[    0.532702] ... MAX_LOCKDEP_CHAINS:      65536
[    0.532778] ... CHAINHASH_SIZE:          32768
[    0.532855]  memory used by lock dependency info: 2213 kB
[    0.532937]  per task-struct memory footprint: 1344 bytes
[    0.533030] ACPI: Core revision 20190509
[    0.533584] clocksource: hpet: mask: 0xffffffff max_cycles: 0xffffffff, max_idle_ns: 133484882848 ns
[    0.533719] hpet clockevent registered
[    0.533731] APIC: Switch to symmetric I/O mode setup
[    0.533812] Enabling APIC mode:  Flat.  Using 1 I/O APICs
[    0.534458] ..TIMER: vector=0x30 apic1=0 pin1=2 apic2=-1 pin2=-1
[    0.553727] clocksource: tsc-early: mask: 0xffffffffffffffff max_cycles: 0x1a5cad50cc4, max_idle_ns: 440795238119 ns
[    0.553858] Calibrating delay loop (skipped), value calculated using timer frequency.. 3657.73 BogoMIPS (lpj=7315460)
[    0.553988] pid_max: default: 32768 minimum: 301
[    0.554333] Mount-cache hash table entries: 2048 (order: 1, 8192 bytes)
[    0.554431] Mountpoint-cache hash table entries: 2048 (order: 1, 8192 bytes)
[    0.555106] *** VALIDATE proc ***
[    0.555277] *** VALIDATE cgroup1 ***
[    0.555353] *** VALIDATE cgroup2 ***
[    0.555502] Disabled fast string operations
[    0.555591] process: using mwait in idle threads
[    0.555678] Last level iTLB entries: 4KB 128, 2MB 0, 4MB 2
[    0.555763] Last level dTLB entries: 4KB 128, 2MB 0, 4MB 8, 1GB 0
[    0.555854] Spectre V2 : Mitigation: Full generic retpoline
[    0.555939] Spectre V2 : Spectre v2 / SpectreRSB mitigation: Filling RSB on context switch
[    0.556040] L1TF: System has more than MAX_PA/2 memory. L1TF mitigation not effective.
[    0.556138] L1TF: You may make it effective by booting the kernel with mem=2147483648 parameter.
[    0.556254] L1TF: However, doing so will make a part of your RAM unusable.
[    0.556347] L1TF: Reading https://www.kernel.org/doc/html/latest/admin-guide/hw-vuln/l1tf.html might help you decide.
[    0.556474] MDS: Vulnerable: Clear CPU buffers attempted, no microcode
[    0.556781] Freeing SMP alternatives memory: 44K
[    0.561857] smpboot: CPU0: Genuine Intel(R) CPU           T2400  @ 1.83GHz (family: 0x6, model: 0xe, stepping: 0x8)
[    0.561857] Performance Events: Core events, core PMU driver.
[    0.561857] ... version:                1
[    0.561857] ... bit width:              40
[    0.561857] ... generic registers:      2
[    0.561857] ... value mask:             000000ffffffffff
[    0.561857] ... max period:             000000007fffffff
[    0.561857] ... fixed-purpose events:   0
[    0.561857] ... event mask:             0000000000000003
[    0.561857] rcu: Hierarchical SRCU implementation.
[    0.561857] NMI watchdog: Enabled. Permanently consumes one hw-PMU counter.
[    0.561857] smp: Bringing up secondary CPUs ...
[    0.562868] x86: Booting SMP configuration:
[    0.562955] .... node  #0, CPUs:      #1
[    0.017065] Initializing CPU#1
[    0.017065] Disabled fast string operations
[    0.565405] TSC synchronization [CPU#0 -> CPU#1]:
[    0.565733] Measured 579942 cycles TSC warp between CPUs, turning off TSC clock.
[    0.565843] tsc: Marking TSC unstable due to check_tsc_sync_source failed
[    0.566071] smp: Brought up 1 node, 2 CPUs
[    0.566071] smpboot: Max logical packages: 1
[    0.566071] smpboot: Total of 2 processors activated (7315.46 BogoMIPS)
[    0.567801] devtmpfs: initialized
[    0.567801] PM: Registering ACPI NVS region [mem 0xbf6df000-0xbf6fffff] (135168 bytes)
[    0.570023] clocksource: jiffies: mask: 0xffffffff max_cycles: 0xffffffff, max_idle_ns: 7645041785100000 ns
[    0.570152] futex hash table entries: 512 (order: 3, 32768 bytes)
[    0.570912] NET: Registered protocol family 16
[    0.572978] cpuidle: using governor ladder
[    0.573151] cpuidle: using governor menu
[    0.573378] Simple Boot Flag at 0x35 set to 0x1
[    0.573506] ACPI FADT declares the system doesn't support PCIe ASPM, so disable it
[    0.573603] ACPI: bus type PCI registered
[    0.573923] PCI: MMCONFIG for domain 0000 [bus 00-3f] at [mem 0xf0000000-0xf3ffffff] (base 0xf0000000)
[    0.574048] PCI: MMCONFIG at [mem 0xf0000000-0xf3ffffff] reserved in E820
[    0.574141] PCI: Using MMCONFIG for extended config space
[    0.574225] PCI: Using configuration type 1 for base access
[    0.574688] mtrr: your CPUs had inconsistent variable MTRR settings
[    0.574778] mtrr: probably your BIOS does not setup all CPUs.
[    0.574864] mtrr: corrected configuration.
[    0.647117] ACPI: Added _OSI(Module Device)
[    0.649880] ACPI: Added _OSI(Processor Device)
[    0.649897] ACPI: Added _OSI(3.0 _SCP Extensions)
[    0.649979] ACPI: Added _OSI(Processor Aggregator Device)
[    0.650067] ACPI: Added _OSI(Linux-Dell-Video)
[    0.650149] ACPI: Added _OSI(Linux-Lenovo-NV-HDMI-Audio)
[    0.650235] ACPI: Added _OSI(Linux-HPI-Hybrid-Graphics)
[    0.716170] ACPI: 6 ACPI AML tables successfully acquired and loaded
[    0.720599] ACPI: EC: EC started
[    0.720674] ACPI: EC: interrupt blocked
[    0.726038] ACPI: \: Used as first EC
[    0.726117] ACPI: \: GPE=0x1c, EC_CMD/EC_SC=0x66, EC_DATA=0x62
[    0.726204] ACPI: EC: Boot ECDT EC used to handle transactions
[    0.747671] ACPI: Dynamic OEM Table Load:
[    0.747767] ACPI: SSDT 0x00000000F199CC00 000240 (v01 PmRef  Cpu0Ist  00000100 INTL 20050513)
[    0.749518] ACPI: Dynamic OEM Table Load:
[    0.749611] ACPI: SSDT 0x00000000F1B81000 00065A (v01 PmRef  Cpu0Cst  00000100 INTL 20050513)
[    0.754029] ACPI: Dynamic OEM Table Load:
[    0.754122] ACPI: SSDT 0x00000000F1A0D400 0000C8 (v01 PmRef  Cpu1Ist  00000100 INTL 20050513)
[    0.755130] ACPI: Dynamic OEM Table Load:
[    0.755222] ACPI: SSDT 0x00000000F1338840 000085 (v01 PmRef  Cpu1Cst  00000100 INTL 20050513)
[    0.757386] ACPI: Interpreter enabled
[    0.757540] ACPI: (supports S0 S3 S4 S5)
[    0.757623] ACPI: Using IOAPIC for interrupt routing
[    0.757833] PCI: Using host bridge windows from ACPI; if necessary, use "pci=nocrs" and report a bug
[    0.758881] ACPI: Enabled 4 GPEs in block 00 to 1F
[    0.782901] ACPI: Power Resource [PUBS] (on)
[    0.784074] acpi PNP0C0A:01: ACPI dock station (docks/bays count: 1)
[    0.792149] acpi LNXIOBAY:00: ACPI dock station (docks/bays count: 2)
[    0.806555] acpi IBM0079:00: ACPI dock station (docks/bays count: 3)
[    0.809106] ACPI: PCI Interrupt Link [LNKA] (IRQs 3 4 5 6 7 9 10 *11)
[    0.810018] ACPI: PCI Interrupt Link [LNKB] (IRQs 3 4 5 6 7 9 10 *11)
[    0.810915] ACPI: PCI Interrupt Link [LNKC] (IRQs 3 4 5 6 7 9 10 *11)
[    0.811810] ACPI: PCI Interrupt Link [LNKD] (IRQs 3 4 5 6 7 9 10 *11)
[    0.812707] ACPI: PCI Interrupt Link [LNKE] (IRQs 3 4 5 6 7 9 10 *11)
[    0.813602] ACPI: PCI Interrupt Link [LNKF] (IRQs 3 4 5 6 7 9 10 *11)
[    0.814513] ACPI: PCI Interrupt Link [LNKG] (IRQs 3 4 5 6 7 9 10 *11)
[    0.815408] ACPI: PCI Interrupt Link [LNKH] (IRQs 3 4 5 6 7 9 10 *11)
[    0.815957] ACPI: PCI Root Bridge [PCI0] (domain 0000 [bus 00-ff])
[    0.816062] acpi PNP0A08:00: _OSC: OS supports [ExtendedConfig ASPM ClockPM Segments HPX-Type3]
[    0.817194] acpi PNP0A08:00: _OSC: not requesting OS control; OS requires [ExtendedConfig ASPM ClockPM MSI]
[    0.817336] acpi PNP0A08:00: [Firmware Info]: MMCONFIG for domain 0000 [bus 00-3f] only partially covers this bridge
[    0.817715] PCI host bridge to bus 0000:00
[    0.817799] pci_bus 0000:00: root bus resource [io  0x0000-0x0cf7 window]
[    0.817866] pci_bus 0000:00: root bus resource [io  0x0d00-0xffff window]
[    0.817965] pci_bus 0000:00: root bus resource [mem 0x000a0000-0x000bffff window]
[    0.818068] pci_bus 0000:00: root bus resource [mem 0x000d0000-0x000d3fff window]
[    0.818171] pci_bus 0000:00: root bus resource [mem 0x000d4000-0x000d7fff window]
[    0.818274] pci_bus 0000:00: root bus resource [mem 0x000d8000-0x000dbfff window]
[    0.818376] pci_bus 0000:00: root bus resource [mem 0xc0000000-0xfebfffff window]
[    0.818479] pci_bus 0000:00: root bus resource [mem 0xfed40000-0xfed40fff window]
[    0.818583] pci_bus 0000:00: root bus resource [bus 00-ff]
[    0.818706] pci 0000:00:00.0: [8086:27a0] type 00 class 0x060000
[    0.819271] pci 0000:00:02.0: [8086:27a2] type 00 class 0x030000
[    0.819383] pci 0000:00:02.0: reg 0x10: [mem 0xee100000-0xee17ffff]
[    0.819484] pci 0000:00:02.0: reg 0x14: [io  0x1800-0x1807]
[    0.819582] pci 0000:00:02.0: reg 0x18: [mem 0xd0000000-0xdfffffff pref]
[    0.819686] pci 0000:00:02.0: reg 0x1c: [mem 0xee200000-0xee23ffff]
[    0.820255] pci 0000:00:02.1: [8086:27a6] type 00 class 0x038000
[    0.820364] pci 0000:00:02.1: reg 0x10: [mem 0xee180000-0xee1fffff]
[    0.820968] pci 0000:00:1b.0: [8086:27d8] type 00 class 0x040300
[    0.821103] pci 0000:00:1b.0: reg 0x10: [mem 0xee240000-0xee243fff 64bit]
[    0.821365] pci 0000:00:1b.0: PME# supported from D0 D3hot D3cold
[    0.821978] pci 0000:00:1c.0: [8086:27d0] type 01 class 0x060400
[    0.822266] pci 0000:00:1c.0: PME# supported from D0 D3hot D3cold
[    0.822822] pci 0000:00:1c.1: [8086:27d2] type 01 class 0x060400
[    0.823111] pci 0000:00:1c.1: PME# supported from D0 D3hot D3cold
[    0.823664] pci 0000:00:1c.2: [8086:27d4] type 01 class 0x060400
[    0.823951] pci 0000:00:1c.2: PME# supported from D0 D3hot D3cold
[    0.824510] pci 0000:00:1c.3: [8086:27d6] type 01 class 0x060400
[    0.824798] pci 0000:00:1c.3: PME# supported from D0 D3hot D3cold
[    0.825354] pci 0000:00:1d.0: [8086:27c8] type 00 class 0x0c0300
[    0.825522] pci 0000:00:1d.0: reg 0x20: [io  0x1820-0x183f]
[    0.826092] pci 0000:00:1d.1: [8086:27c9] type 00 class 0x0c0300
[    0.826261] pci 0000:00:1d.1: reg 0x20: [io  0x1840-0x185f]
[    0.826819] pci 0000:00:1d.2: [8086:27ca] type 00 class 0x0c0300
[    0.826987] pci 0000:00:1d.2: reg 0x20: [io  0x1860-0x187f]
[    0.827544] pci 0000:00:1d.3: [8086:27cb] type 00 class 0x0c0300
[    0.827712] pci 0000:00:1d.3: reg 0x20: [io  0x1880-0x189f]
[    0.828259] pci 0000:00:1d.7: [8086:27cc] type 00 class 0x0c0320
[    0.828384] pci 0000:00:1d.7: reg 0x10: [mem 0xee444000-0xee4443ff]
[    0.828621] pci 0000:00:1d.7: PME# supported from D0 D3hot D3cold
[    0.829139] pci 0000:00:1e.0: [8086:2448] type 01 class 0x060401
[    0.829797] pci 0000:00:1f.0: [8086:27b9] type 00 class 0x060100
[    0.830020] pci 0000:00:1f.0: quirk: [io  0x1000-0x107f] claimed by ICH6 ACPI/GPIO/TCO
[    0.830130] pci 0000:00:1f.0: quirk: [io  0x1180-0x11bf] claimed by ICH6 GPIO
[    0.830233] pci 0000:00:1f.0: ICH7 LPC Generic IO decode 1 PIO at 1600 (mask 007f)
[    0.830338] pci 0000:00:1f.0: ICH7 LPC Generic IO decode 2 PIO at 15e0 (mask 000f)
[    0.830442] pci 0000:00:1f.0: ICH7 LPC Generic IO decode 3 PIO at 1680 (mask 001f)
[    0.830988] pci 0000:00:1f.1: [8086:27df] type 00 class 0x01018a
[    0.831107] pci 0000:00:1f.1: reg 0x10: [io  0x0000-0x0007]
[    0.831210] pci 0000:00:1f.1: reg 0x14: [io  0x0000-0x0003]
[    0.831312] pci 0000:00:1f.1: reg 0x18: [io  0x0000-0x0007]
[    0.831414] pci 0000:00:1f.1: reg 0x1c: [io  0x0000-0x0003]
[    0.831517] pci 0000:00:1f.1: reg 0x20: [io  0x1810-0x181f]
[    0.831637] pci 0000:00:1f.1: legacy IDE quirk: reg 0x10: [io  0x01f0-0x01f7]
[    0.831737] pci 0000:00:1f.1: legacy IDE quirk: reg 0x14: [io  0x03f6]
[    0.831833] pci 0000:00:1f.1: legacy IDE quirk: reg 0x18: [io  0x0170-0x0177]
[    0.831933] pci 0000:00:1f.1: legacy IDE quirk: reg 0x1c: [io  0x0376]
[    0.832453] pci 0000:00:1f.2: [8086:27c5] type 00 class 0x010601
[    0.832578] pci 0000:00:1f.2: reg 0x10: [io  0x18d0-0x18d7]
[    0.832681] pci 0000:00:1f.2: reg 0x14: [io  0x18c4-0x18c7]
[    0.832783] pci 0000:00:1f.2: reg 0x18: [io  0x18c8-0x18cf]
[    0.832885] pci 0000:00:1f.2: reg 0x1c: [io  0x18c0-0x18c3]
[    0.832987] pci 0000:00:1f.2: reg 0x20: [io  0x18b0-0x18bf]
[    0.833090] pci 0000:00:1f.2: reg 0x24: [mem 0xee444400-0xee4447ff]
[    0.833267] pci 0000:00:1f.2: PME# supported from D3hot
[    0.833783] pci 0000:00:1f.3: [8086:27da] type 00 class 0x0c0500
[    0.833959] pci 0000:00:1f.3: reg 0x20: [io  0x18e0-0x18ff]
[    0.834749] pci 0000:02:00.0: [8086:109a] type 00 class 0x020000
[    0.834965] pci 0000:02:00.0: reg 0x10: [mem 0xee000000-0xee01ffff]
[    0.835164] pci 0000:02:00.0: reg 0x18: [io  0x2000-0x201f]
[    0.835576] pci 0000:02:00.0: PME# supported from D0 D3hot D3cold
[    0.836123] pci 0000:00:1c.0: PCI bridge to [bus 02]
[    0.836214] pci 0000:00:1c.0:   bridge window [io  0x2000-0x2fff]
[    0.836311] pci 0000:00:1c.0:   bridge window [mem 0xee000000-0xee0fffff]
[    0.836662] pci 0000:03:00.0: [8086:4227] type 00 class 0x028000
[    0.836901] pci 0000:03:00.0: reg 0x10: [mem 0xedf00000-0xedf00fff]
[    0.837552] pci 0000:03:00.0: PME# supported from D0 D3hot D3cold
[    0.838203] pci 0000:00:1c.1: PCI bridge to [bus 03]
[    0.838294] pci 0000:00:1c.1:   bridge window [io  0x3000-0x4fff]
[    0.838392] pci 0000:00:1c.1:   bridge window [mem 0xec000000-0xedffffff]
[    0.838497] pci 0000:00:1c.1:   bridge window [mem 0xe4000000-0xe40fffff 64bit pref]
[    0.838745] pci 0000:00:1c.2: PCI bridge to [bus 04-0b]
[    0.838837] pci 0000:00:1c.2:   bridge window [io  0x5000-0x6fff]
[    0.838934] pci 0000:00:1c.2:   bridge window [mem 0xe8000000-0xe9ffffff]
[    0.839039] pci 0000:00:1c.2:   bridge window [mem 0xe4100000-0xe41fffff 64bit pref]
[    0.839288] pci 0000:00:1c.3: PCI bridge to [bus 0c-13]
[    0.839380] pci 0000:00:1c.3:   bridge window [io  0x7000-0x8fff]
[    0.839477] pci 0000:00:1c.3:   bridge window [mem 0xea000000-0xebffffff]
[    0.839582] pci 0000:00:1c.3:   bridge window [mem 0xe4200000-0xe42fffff 64bit pref]
[    0.839722] pci_bus 0000:15: extended config space not accessible
[    0.839932] pci 0000:15:00.0: [1180:0476] type 02 class 0x060700
[    0.840054] pci 0000:15:00.0: reg 0x10: [mem 0xe4300000-0xe4300fff]
[    0.840221] pci 0000:15:00.0: supports D1 D2
[    0.840304] pci 0000:15:00.0: PME# supported from D0 D1 D2 D3hot D3cold
[    0.840649] pci 0000:15:00.1: [1180:0552] type 00 class 0x0c0010
[    0.840767] pci 0000:15:00.1: reg 0x10: [mem 0xe4301000-0xe43017ff]
[    0.841008] pci 0000:15:00.1: PME# supported from D0 D3hot D3cold
[    0.841310] pci 0000:15:00.2: [1180:0822] type 00 class 0x080500
[    0.841429] pci 0000:15:00.2: reg 0x10: [mem 0xe4301800-0xe43018ff]
[    0.841670] pci 0000:15:00.2: supports D1 D2
[    0.841752] pci 0000:15:00.2: PME# supported from D0 D1 D2 D3hot D3cold
[    0.842135] pci 0000:00:1e.0: PCI bridge to [bus 15-18] (subtractive decode)
[    0.842239] pci 0000:00:1e.0:   bridge window [io  0x9000-0xcfff]
[    0.842336] pci 0000:00:1e.0:   bridge window [mem 0xe4300000-0xe7ffffff]
[    0.842440] pci 0000:00:1e.0:   bridge window [mem 0xe0000000-0xe3ffffff 64bit pref]
[    0.842546] pci 0000:00:1e.0:   bridge window [io  0x0000-0x0cf7 window] (subtractive decode)
[    0.842669] pci 0000:00:1e.0:   bridge window [io  0x0d00-0xffff window] (subtractive decode)
[    0.842792] pci 0000:00:1e.0:   bridge window [mem 0x000a0000-0x000bffff window] (subtractive decode)
[    0.842919] pci 0000:00:1e.0:   bridge window [mem 0x000d0000-0x000d3fff window] (subtractive decode)
[    0.843046] pci 0000:00:1e.0:   bridge window [mem 0x000d4000-0x000d7fff window] (subtractive decode)
[    0.843174] pci 0000:00:1e.0:   bridge window [mem 0x000d8000-0x000dbfff window] (subtractive decode)
[    0.844067] pci 0000:00:1e.0:   bridge window [mem 0xc0000000-0xfebfffff window] (subtractive decode)
[    0.844194] pci 0000:00:1e.0:   bridge window [mem 0xfed40000-0xfed40fff window] (subtractive decode)
[    0.844361] pci_bus 0000:16: extended config space not accessible
[    0.844550] pci_bus 0000:16: busn_res: [bus 16-18] end is updated to 17
[    0.844699] pci_bus 0000:00: on NUMA node 0
[    0.851424] ACPI: EC: interrupt unblocked
[    0.851541] ACPI: EC: event unblocked
[    0.851651] ACPI: \_SB_.PCI0.LPC_.EC__: GPE=0x1c, EC_CMD/EC_SC=0x66, EC_DATA=0x62
[    0.851756] ACPI: \_SB_.PCI0.LPC_.EC__: Boot DSDT EC used to handle transactions and events
[    0.852427] pci 0000:00:02.0: vgaarb: setting as boot VGA device
[    0.852522] pci 0000:00:02.0: vgaarb: VGA device added: decodes=io+mem,owns=io+mem,locks=none
[    0.852667] pci 0000:00:02.0: vgaarb: bridge control possible
[    0.852754] vgaarb: loaded
[    0.853400] SCSI subsystem initialized
[    0.853990] libata version 3.00 loaded.
[    0.854182] ACPI: bus type USB registered
[    0.854379] usbcore: registered new interface driver usbfs
[    0.854521] usbcore: registered new interface driver hub
[    0.854662] usbcore: registered new device driver usb
[    0.854865] mc: Linux media interface: v0.10
[    0.854987] videodev: Linux video capture interface: v2.00
[    0.855134] pps_core: LinuxPPS API ver. 1 registered
[    0.855217] pps_core: Software ver. 5.3.6 - Copyright 2005-2007 Rodolfo Giometti <giometti@linux.it>
[    0.855368] PTP clock support registered
[    0.856122] EDAC MC: Ver: 3.0.0
[    0.857075] Advanced Linux Sound Architecture Driver Initialized.
[    0.857302] PCI: Using ACPI for IRQ routing
[    0.860391] PCI: pci_cache_line_size set to 64 bytes
[    0.860719] e820: reserve RAM buffer [mem 0x0009f000-0x0009ffff]
[    0.860725] e820: reserve RAM buffer [mem 0xbf6d0000-0xbfffffff]
[    0.861419] Bluetooth: Core ver 2.22
[    0.861555] NET: Registered protocol family 31
[    0.861634] Bluetooth: HCI device and connection manager initialized
[    0.861736] Bluetooth: HCI socket layer initialized
[    0.861822] Bluetooth: L2CAP socket layer initialized
[    0.861885] Bluetooth: SCO socket layer initialized
[    0.862468] clocksource: Switched to clocksource hpet
[    0.862941] pnp: PnP ACPI init
[    0.865814] system 00:00: [mem 0x00000000-0x0009ffff] could not be reserved
[    0.865814] system 00:00: [mem 0x000c0000-0x000c3fff] could not be reserved
[    0.865814] system 00:00: [mem 0x000c4000-0x000c7fff] could not be reserved
[    0.865899] system 00:00: [mem 0x000c8000-0x000cbfff] has been reserved
[    0.865999] system 00:00: [mem 0x000cc000-0x000cffff] has been reserved
[    0.866102] system 00:00: [mem 0x000dc000-0x000dffff] could not be reserved
[    0.866206] system 00:00: [mem 0x000e0000-0x000e3fff] could not be reserved
[    0.866310] system 00:00: [mem 0x000e4000-0x000e7fff] could not be reserved
[    0.866413] system 00:00: [mem 0x000e8000-0x000ebfff] could not be reserved
[    0.866517] system 00:00: [mem 0x000ec000-0x000effff] could not be reserved
[    0.866621] system 00:00: [mem 0x000f0000-0x000fffff] could not be reserved
[    0.866725] system 00:00: [mem 0x00100000-0xbfffffff] could not be reserved
[    0.866829] system 00:00: [mem 0xfec00000-0xfed3ffff] could not be reserved
[    0.866933] system 00:00: [mem 0xfed41000-0xffffffff] could not be reserved
[    0.867100] system 00:00: Plug and Play ACPI device, IDs PNP0c01 (active)
[    0.867664] system 00:01: [io  0x164e-0x164f] has been reserved
[    0.867762] system 00:01: [io  0x1000-0x107f] has been reserved
[    0.867857] system 00:01: [io  0x1180-0x11bf] has been reserved
[    0.867952] system 00:01: [io  0x0800-0x080f] has been reserved
[    0.868046] system 00:01: [io  0x15e0-0x15ef] has been reserved
[    0.868143] system 00:01: [io  0x1600-0x165f] could not be reserved
[    0.868242] system 00:01: [mem 0xf0000000-0xf3ffffff] has been reserved
[    0.868341] system 00:01: [mem 0xfed1c000-0xfed1ffff] has been reserved
[    0.868442] system 00:01: [mem 0xfed14000-0xfed17fff] has been reserved
[    0.868541] system 00:01: [mem 0xfed18000-0xfed18fff] has been reserved
[    0.868641] system 00:01: [mem 0xfed19000-0xfed19fff] has been reserved
[    0.868771] system 00:01: Plug and Play ACPI device, IDs PNP0c02 (active)
[    0.869082] pnp 00:02: Plug and Play ACPI device, IDs PNP0b00 (active)
[    0.869218] pnp 00:03: Plug and Play ACPI device, IDs PNP0303 (active)
[    0.869354] pnp 00:04: Plug and Play ACPI device, IDs IBM3780 PNP0f13 (active)
[    0.870142] pnp 00:05: [dma 3]
[    0.870347] pnp 00:05: Plug and Play ACPI device, IDs IBM0071 PNP0511 (active)
[    0.870582] pnp 00:06: Plug and Play ACPI device, IDs ATM1200 PNP0c31 (active)
[    0.872990] pnp: PnP ACPI: found 7 devices
[    0.922224] clocksource: acpi_pm: mask: 0xffffff max_cycles: 0xffffff, max_idle_ns: 2085701024 ns
[    0.922363] pci 0000:00:1c.0: bridge window [mem 0x00100000-0x000fffff 64bit pref] to [bus 02] add_size 200000 add_align 100000
[    0.922540] pci 0000:00:1c.0: BAR 9: assigned [mem 0xc0000000-0xc01fffff 64bit pref]
[    0.922644] pci 0000:00:1c.0: PCI bridge to [bus 02]
[    0.922729] pci 0000:00:1c.0:   bridge window [io  0x2000-0x2fff]
[    0.922824] pci 0000:00:1c.0:   bridge window [mem 0xee000000-0xee0fffff]
[    0.922921] pci 0000:00:1c.0:   bridge window [mem 0xc0000000-0xc01fffff 64bit pref]
[    0.923028] pci 0000:00:1c.1: PCI bridge to [bus 03]
[    0.923113] pci 0000:00:1c.1:   bridge window [io  0x3000-0x4fff]
[    0.923207] pci 0000:00:1c.1:   bridge window [mem 0xec000000-0xedffffff]
[    0.923304] pci 0000:00:1c.1:   bridge window [mem 0xe4000000-0xe40fffff 64bit pref]
[    0.923411] pci 0000:00:1c.2: PCI bridge to [bus 04-0b]
[    0.923497] pci 0000:00:1c.2:   bridge window [io  0x5000-0x6fff]
[    0.923591] pci 0000:00:1c.2:   bridge window [mem 0xe8000000-0xe9ffffff]
[    0.923689] pci 0000:00:1c.2:   bridge window [mem 0xe4100000-0xe41fffff 64bit pref]
[    0.923795] pci 0000:00:1c.3: PCI bridge to [bus 0c-13]
[    0.923882] pci 0000:00:1c.3:   bridge window [io  0x7000-0x8fff]
[    0.923976] pci 0000:00:1c.3:   bridge window [mem 0xea000000-0xebffffff]
[    0.924073] pci 0000:00:1c.3:   bridge window [mem 0xe4200000-0xe42fffff 64bit pref]
[    0.924189] pci 0000:15:00.0: BAR 9: assigned [mem 0xe0000000-0xe3ffffff pref]
[    0.924291] pci 0000:15:00.0: BAR 10: assigned [mem 0xc4000000-0xc7ffffff]
[    0.924385] pci 0000:15:00.0: BAR 7: assigned [io  0x9000-0x90ff]
[    0.924475] pci 0000:15:00.0: BAR 8: assigned [io  0x9400-0x94ff]
[    0.924573] pci 0000:15:00.0: CardBus bridge to [bus 16-17]
[    0.924662] pci 0000:15:00.0:   bridge window [io  0x9000-0x90ff]
[    0.924754] pci 0000:15:00.0:   bridge window [io  0x9400-0x94ff]
[    0.924847] pci 0000:15:00.0:   bridge window [mem 0xe0000000-0xe3ffffff pref]
[    0.924946] pci 0000:15:00.0:   bridge window [mem 0xc4000000-0xc7ffffff]
[    0.925043] pci 0000:00:1e.0: PCI bridge to [bus 15-18]
[    0.925130] pci 0000:00:1e.0:   bridge window [io  0x9000-0xcfff]
[    0.925225] pci 0000:00:1e.0:   bridge window [mem 0xe4300000-0xe7ffffff]
[    0.925322] pci 0000:00:1e.0:   bridge window [mem 0xe0000000-0xe3ffffff 64bit pref]
[    0.925429] pci_bus 0000:00: resource 4 [io  0x0000-0x0cf7 window]
[    0.925519] pci_bus 0000:00: resource 5 [io  0x0d00-0xffff window]
[    0.925609] pci_bus 0000:00: resource 6 [mem 0x000a0000-0x000bffff window]
[    0.925704] pci_bus 0000:00: resource 7 [mem 0x000d0000-0x000d3fff window]
[    0.925798] pci_bus 0000:00: resource 8 [mem 0x000d4000-0x000d7fff window]
[    0.925910] pci_bus 0000:00: resource 9 [mem 0x000d8000-0x000dbfff window]
[    0.926004] pci_bus 0000:00: resource 10 [mem 0xc0000000-0xfebfffff window]
[    0.926099] pci_bus 0000:00: resource 11 [mem 0xfed40000-0xfed40fff window]
[    0.926194] pci_bus 0000:02: resource 0 [io  0x2000-0x2fff]
[    0.926280] pci_bus 0000:02: resource 1 [mem 0xee000000-0xee0fffff]
[    0.926371] pci_bus 0000:02: resource 2 [mem 0xc0000000-0xc01fffff 64bit pref]
[    0.926468] pci_bus 0000:03: resource 0 [io  0x3000-0x4fff]
[    0.926554] pci_bus 0000:03: resource 1 [mem 0xec000000-0xedffffff]
[    0.926645] pci_bus 0000:03: resource 2 [mem 0xe4000000-0xe40fffff 64bit pref]
[    0.926741] pci_bus 0000:04: resource 0 [io  0x5000-0x6fff]
[    0.926828] pci_bus 0000:04: resource 1 [mem 0xe8000000-0xe9ffffff]
[    0.926919] pci_bus 0000:04: resource 2 [mem 0xe4100000-0xe41fffff 64bit pref]
[    0.927015] pci_bus 0000:0c: resource 0 [io  0x7000-0x8fff]
[    0.927102] pci_bus 0000:0c: resource 1 [mem 0xea000000-0xebffffff]
[    0.927193] pci_bus 0000:0c: resource 2 [mem 0xe4200000-0xe42fffff 64bit pref]
[    0.927289] pci_bus 0000:15: resource 0 [io  0x9000-0xcfff]
[    0.927376] pci_bus 0000:15: resource 1 [mem 0xe4300000-0xe7ffffff]
[    0.927467] pci_bus 0000:15: resource 2 [mem 0xe0000000-0xe3ffffff 64bit pref]
[    0.927563] pci_bus 0000:15: resource 4 [io  0x0000-0x0cf7 window]
[    0.927653] pci_bus 0000:15: resource 5 [io  0x0d00-0xffff window]
[    0.927744] pci_bus 0000:15: resource 6 [mem 0x000a0000-0x000bffff window]
[    0.927838] pci_bus 0000:15: resource 7 [mem 0x000d0000-0x000d3fff window]
[    0.927932] pci_bus 0000:15: resource 8 [mem 0x000d4000-0x000d7fff window]
[    0.928027] pci_bus 0000:15: resource 9 [mem 0x000d8000-0x000dbfff window]
[    0.928121] pci_bus 0000:15: resource 10 [mem 0xc0000000-0xfebfffff window]
[    0.928216] pci_bus 0000:15: resource 11 [mem 0xfed40000-0xfed40fff window]
[    0.928311] pci_bus 0000:16: resource 0 [io  0x9000-0x90ff]
[    0.928397] pci_bus 0000:16: resource 1 [io  0x9400-0x94ff]
[    0.928484] pci_bus 0000:16: resource 2 [mem 0xe0000000-0xe3ffffff pref]
[    0.928577] pci_bus 0000:16: resource 3 [mem 0xc4000000-0xc7ffffff]
[    0.929133] NET: Registered protocol family 2
[    0.929735] tcp_listen_portaddr_hash hash table entries: 512 (order: 2, 20480 bytes)
[    0.929907] TCP established hash table entries: 8192 (order: 3, 32768 bytes)
[    0.930067] TCP bind hash table entries: 8192 (order: 6, 294912 bytes)
[    0.930616] TCP: Hash tables configured (established 8192 bind 8192)
[    0.931030] UDP hash table entries: 512 (order: 3, 40960 bytes)
[    0.931190] UDP-Lite hash table entries: 512 (order: 3, 40960 bytes)
[    0.931501] NET: Registered protocol family 1
[    0.932855] RPC: Registered named UNIX socket transport module.
[    0.932948] RPC: Registered udp transport module.
[    0.933033] RPC: Registered tcp transport module.
[    0.933117] RPC: Registered tcp NFSv4.1 backchannel transport module.
[    0.933768] pci 0000:00:02.0: Video device with shadowed ROM at [mem 0x000c0000-0x000dffff]
[    0.938176] pci 0000:15:00.0: CLS mismatch (64 != 32), using 64 bytes
[    0.938395] PCI-DMA: Using software bounce buffering for IO (SWIOTLB)
[    0.938487] software IO TLB: mapped [mem 0x31d00000-0x35d00000] (64MB)
[    0.941166] Initialise system trusted keyrings
[    0.941719] workingset: timestamp_bits=30 max_order=20 bucket_order=0
[    0.943910] Installing knfsd (copyright (C) 1996 okir@monad.swb.de).
[    0.944433] ntfs: driver 2.1.32 [Flags: R/W].
[    0.944737] fuse: init (API version 7.31)
[    0.954526] NET: Registered protocol family 38
[    0.954625] Key type asymmetric registered
[    0.954713] Asymmetric key parser 'x509' registered
[    0.954933] bounce: pool size: 64 pages
[    0.955085] Block layer SCSI generic (bsg) driver version 0.4 loaded (major 249)
[    0.955193] io scheduler mq-deadline registered
[    0.955316] io scheduler bfq registered
[    0.958433] intel_idle: does not run on family 6 model 14
[    0.958874] ACPI: Deprecated procfs I/F for AC is loaded, please retry with CONFIG_ACPI_PROCFS_POWER cleared
[    0.959165] ACPI: AC Adapter [AC] (on-line)
[    0.959558] input: Lid Switch as /devices/LNXSYSTM:00/LNXSYBUS:00/PNP0C0D:00/input/input0
[    0.959834] ACPI: Lid Switch [LID]
[    0.960116] input: Sleep Button as /devices/LNXSYSTM:00/LNXSYBUS:00/PNP0C0E:00/input/input1
[    0.960285] ACPI: Sleep Button [SLPB]
[    0.960595] input: Power Button as /devices/LNXSYSTM:00/LNXPWRBN:00/input/input2
[    0.960747] ACPI: Power Button [PWRF]
[    0.961285] ACPI: Video Device [VID] (multi-head: yes  rom: no  post: no)
[    0.969428] acpi device:01: registered as cooling_device0
[    0.969950] input: Video Bus as /devices/LNXSYSTM:00/LNXSYBUS:00/PNP0A08:00/LNXVIDEO:00/input/input3
[    0.987095] thermal LNXTHERM:00: registered as thermal_zone0
[    0.987189] ACPI: Thermal Zone [THM0] (59 C)
[    0.991160] thermal LNXTHERM:01: registered as thermal_zone1
[    0.991252] ACPI: Thermal Zone [THM1] (59 C)
[    0.992095] Serial: 8250/16550 driver, 4 ports, IRQ sharing disabled
[    0.992936] serial8250: ttyS1 at I/O 0x2f8 (irq = 3, base_baud = 921600) is a NS16550A
[    0.996734] lp: driver loaded but no devices found
[    0.998267] Non-volatile memory driver v1.3
[    0.998708] intel_rng: FWH not detected
[    0.998948] Linux agpgart interface v0.103
[    0.999778] [drm] radeon kernel modesetting enabled.
[    1.001989] pci 0000:00:00.0: Intel 945GM Chipset
[    1.002103] pci 0000:00:00.0: detected gtt size: 262144K total, 262144K mappable
[    1.002787] pci 0000:00:00.0: detected 8192K stolen memory
[    1.003040] i915 0000:00:02.0: vgaarb: deactivate vga console
[    1.004512] Console: switching to colour dummy device 80x25
[    1.006037] [drm] Supports vblank timestamp caching Rev 2 (21.10.2013).
[    1.006080] [drm] Driver supports precise vblank timestamp query.
[    1.006133] resource sanity check: requesting [mem 0x000c0000-0x000dffff], which spans more than pnp 00:00 [mem 0x000c8000-0x000cbfff]
[    1.006217] caller pci_map_rom+0x75/0x1d0 mapping multiple BARs
[    1.007981] i915 0000:00:02.0: vgaarb: changed VGA decodes: olddecodes=io+mem,decodes=io+mem:owns=io+mem
[    1.026315] battery: ACPI: Deprecated procfs I/F for battery is loaded, please retry with CONFIG_ACPI_PROCFS_POWER cleared
[    1.026418] battery: ACPI: Battery Slot [BAT0] (battery present)
[    1.081944] random: fast init done
[    1.089581] [drm] RC6 disabled, disabling runtime PM support
[    1.089993] [drm] Initialized overlay support.
[    1.091788] [drm] Initialized i915 1.6.0 20190524 for 0000:00:02.0 on minor 0
[    1.092878] usbcore: registered new interface driver udl
[    1.107264] loop: module loaded
[    1.116206] fbcon: i915drmfb (fb0) is primary device
[    1.133520] ahci 0000:00:1f.2: version 3.0
[    1.134366] ahci 0000:00:1f.2: AHCI 0001.0100 32 slots 4 ports 1.5 Gbps 0x1 impl SATA mode
[    1.134372] ahci 0000:00:1f.2: flags: 64bit ncq pm led clo pio slum part 
[    1.136864] scsi host0: ahci
[    1.137529] scsi host1: ahci
[    1.138213] scsi host2: ahci
[    1.138786] scsi host3: ahci
[    1.139092] ata1: SATA max UDMA/133 abar m1024@0xee444400 port 0xee444500 irq 16
[    1.139094] ata2: DUMMY
[    1.139096] ata3: DUMMY
[    1.139098] ata4: DUMMY
[    1.139285] ata_piix 0000:00:1f.1: version 2.13
[    1.143089] scsi host4: ata_piix
[    1.143604] scsi host5: ata_piix
[    1.143829] ata5: PATA max UDMA/100 cmd 0x1f0 ctl 0x3f6 bmdma 0x1810 irq 14
[    1.143832] ata6: PATA max UDMA/100 cmd 0x170 ctl 0x376 bmdma 0x1818 irq 15
[    1.143997] ata6: port disabled--ignoring
[    1.145125] tun: Universal TUN/TAP device driver, 1.6
[    1.146751] e1000e: Intel(R) PRO/1000 Network Driver - 3.2.6-k
[    1.146753] e1000e: Copyright(c) 1999 - 2015 Intel Corporation.
[    1.146871] e1000e 0000:02:00.0: Disabling ASPM  L1
[    1.146875] e1000e 0000:02:00.0: can't disable ASPM; OS doesn't have ASPM control
[    1.147349] e1000e 0000:02:00.0: Interrupt Throttling Rate (ints/sec) set to dynamic conservative mode
[    1.274787] e1000e 0000:02:00.0 eth0: (PCI Express:2.5GT/s:Width x1) 00:16:d3:25:19:04
[    1.274790] e1000e 0000:02:00.0 eth0: Intel(R) PRO/1000 Network Connection
[    1.274869] e1000e 0000:02:00.0 eth0: MAC: 2, PHY: 2, PBA No: 005302-003
[    1.275102] PPP generic driver version 2.4.2
[    1.275618] PPP BSD Compression module registered
[    1.275622] PPP Deflate Compression module registered
[    1.275624] SLIP: version 0.8.4-NET3.019-NEWTTY (dynamic channels, max=256).
[    1.275626] CSLIP: code copyright 1989 Regents of the University of California.
[    1.275705] iwl3945: Intel(R) PRO/Wireless 3945ABG/BG Network Connection driver for Linux, in-tree:ds
[    1.275707] iwl3945: Copyright(c) 2003-2011 Intel Corporation
[    1.275708] iwl3945: hw_scan is disabled
[    1.275926] iwl3945 0000:03:00.0: can't disable ASPM; OS doesn't have ASPM control
[    1.330884] iwl3945 0000:03:00.0: Tunable channels: 11 802.11bg, 13 802.11a channels
[    1.330888] iwl3945 0000:03:00.0: Detected Intel Wireless WiFi Link 3945ABG
[    1.331792] ieee80211 phy0: Selected rate control algorithm 'iwl-3945-rs'
[    1.332730] Intel(R) Wireless WiFi driver for Linux
[    1.332732] Copyright(c) 2003- 2015 Intel Corporation
[    1.332973] usbcore: registered new interface driver ax88179_178a
[    1.333016] usbcore: registered new interface driver cdc_ether
[    1.333058] usbcore: registered new interface driver net1080
[    1.333106] usbcore: registered new interface driver cdc_subset
[    1.333148] usbcore: registered new interface driver zaurus
[    1.333202] usbcore: registered new interface driver cdc_ncm
[    1.333286] pci 0000:00:1e.0: enabling device (0005 -> 0007)
[    1.333533] yenta_cardbus 0000:15:00.0: CardBus bridge found [17aa:201c]
[    1.454002] ata1: SATA link up 1.5 Gbps (SStatus 113 SControl 300)
[    1.570727] ata1.00: ACPI cmd ef/02:00:00:00:00:a0 (SET FEATURES) succeeded
[    1.570732] ata1.00: ACPI cmd f5/00:00:00:00:00:a0 (SECURITY FREEZE LOCK) filtered out
[    1.570736] ata1.00: ACPI cmd ef/10:03:00:00:00:a0 (SET FEATURES) filtered out
[    1.614776] ata1.00: ATA-9: ST1000LM014-1EJ164, SM11, max UDMA/133
[    1.614780] ata1.00: 1953525168 sectors, multi 16: LBA48 NCQ (depth 32), AA
[    1.659430] ata1.00: ACPI cmd ef/02:00:00:00:00:a0 (SET FEATURES) succeeded
[    1.659434] ata1.00: ACPI cmd f5/00:00:00:00:00:a0 (SECURITY FREEZE LOCK) filtered out
[    1.659438] ata1.00: ACPI cmd ef/10:03:00:00:00:a0 (SET FEATURES) filtered out
[    1.703558] ata1.00: configured for UDMA/133
[    1.837257] Console: switching to colour frame buffer device 102x42
[    1.960104] i915 0000:00:02.0: fb0: i915drmfb frame buffer device
[    1.963412] scsi 0:0:0:0: Direct-Access     ATA      ST1000LM014-1EJ1 SM11 PQ: 0 ANSI: 5
[    1.967090] sd 0:0:0:0: Attached scsi generic sg0 type 0
[    1.967127] sd 0:0:0:0: [sda] 1953525168 512-byte logical blocks: (1.00 TB/932 GiB)
[    1.972605] sd 0:0:0:0: [sda] 4096-byte physical blocks
[    1.975244] sd 0:0:0:0: [sda] Write Protect is off
[    1.977792] sd 0:0:0:0: [sda] Mode Sense: 00 3a 00 00
[    1.977931] sd 0:0:0:0: [sda] Write cache: enabled, read cache: enabled, doesn't support DPO or FUA
[    1.982292]  sda: sda1 sda2 sda3 sda4
[    1.987389] sd 0:0:0:0: [sda] Attached SCSI disk
[    2.127030] yenta_cardbus 0000:15:00.0: ISA IRQ mask 0x0cb8, PCI irq 16
[    2.129681] yenta_cardbus 0000:15:00.0: Socket status: 30000006
[    2.132318] yenta_cardbus 0000:15:00.0: pcmcia: parent PCI bridge window: [io  0x9000-0xcfff]
[    2.134945] yenta_cardbus 0000:15:00.0: pcmcia: parent PCI bridge window: [mem 0xe4300000-0xe7ffffff]
[    2.137486] pcmcia_socket pcmcia_socket0: cs: memory probe 0xe4300000-0xe7ffffff:
[    2.140080]  excluding 0xe4300000-0xe46cffff
[    2.142670] yenta_cardbus 0000:15:00.0: pcmcia: parent PCI bridge window: [mem 0xe0000000-0xe3ffffff 64bit pref]
[    2.145358] pcmcia_socket pcmcia_socket0: cs: memory probe 0xe0000000-0xe3ffffff:
[    2.148131]  excluding 0xe0000000-0xe3ffffff
[    2.151955] ehci_hcd: USB 2.0 'Enhanced' Host Controller (EHCI) Driver
[    2.154682] ehci-pci: EHCI PCI platform driver
[    2.157920] ehci-pci 0000:00:1d.7: EHCI Host Controller
[    2.160927] ehci-pci 0000:00:1d.7: new USB bus registered, assigned bus number 1
[    2.163814] ehci-pci 0000:00:1d.7: debug port 1
[    2.170630] ehci-pci 0000:00:1d.7: cache line size of 64 is not supported
[    2.173583] ehci-pci 0000:00:1d.7: irq 19, io mem 0xee444000
[    2.189987] ehci-pci 0000:00:1d.7: USB 2.0 started, EHCI 1.00
[    2.193305] usb usb1: New USB device found, idVendor=1d6b, idProduct=0002, bcdDevice= 5.02
[    2.196335] usb usb1: New USB device strings: Mfr=3, Product=2, SerialNumber=1
[    2.199315] usb usb1: Product: EHCI Host Controller
[    2.202233] usb usb1: Manufacturer: Linux 5.2.0-rc3-next-20190607+ ehci_hcd
[    2.205187] usb usb1: SerialNumber: 0000:00:1d.7
[    2.208824] hub 1-0:1.0: USB hub found
[    2.211814] hub 1-0:1.0: 8 ports detected
[    2.216644] ohci_hcd: USB 1.1 'Open' Host Controller (OHCI) Driver
[    2.219489] ohci-pci: OHCI PCI platform driver
[    2.222335] uhci_hcd: USB Universal Host Controller Interface driver
[    2.225678] uhci_hcd 0000:00:1d.0: UHCI Host Controller
[    2.228743] uhci_hcd 0000:00:1d.0: new USB bus registered, assigned bus number 2
[    2.231601] uhci_hcd 0000:00:1d.0: detected 2 ports
[    2.234381] uhci_hcd 0000:00:1d.0: irq 16, io base 0x00001820
[    2.237442] usb usb2: New USB device found, idVendor=1d6b, idProduct=0001, bcdDevice= 5.02
[    2.240272] usb usb2: New USB device strings: Mfr=3, Product=2, SerialNumber=1
[    2.243101] usb usb2: Product: UHCI Host Controller
[    2.245841] usb usb2: Manufacturer: Linux 5.2.0-rc3-next-20190607+ uhci_hcd
[    2.248584] usb usb2: SerialNumber: 0000:00:1d.0
[    2.251949] hub 2-0:1.0: USB hub found
[    2.254725] hub 2-0:1.0: 2 ports detected
[    2.258807] uhci_hcd 0000:00:1d.1: UHCI Host Controller
[    2.261708] uhci_hcd 0000:00:1d.1: new USB bus registered, assigned bus number 3
[    2.264448] uhci_hcd 0000:00:1d.1: detected 2 ports
[    2.267089] uhci_hcd 0000:00:1d.1: irq 17, io base 0x00001840
[    2.269984] usb usb3: New USB device found, idVendor=1d6b, idProduct=0001, bcdDevice= 5.02
[    2.272585] usb usb3: New USB device strings: Mfr=3, Product=2, SerialNumber=1
[    2.275110] usb usb3: Product: UHCI Host Controller
[    2.277547] usb usb3: Manufacturer: Linux 5.2.0-rc3-next-20190607+ uhci_hcd
[    2.280031] usb usb3: SerialNumber: 0000:00:1d.1
[    2.283124] hub 3-0:1.0: USB hub found
[    2.285623] hub 3-0:1.0: 2 ports detected
[    2.289213] uhci_hcd 0000:00:1d.2: UHCI Host Controller
[    2.291865] uhci_hcd 0000:00:1d.2: new USB bus registered, assigned bus number 4
[    2.294323] uhci_hcd 0000:00:1d.2: detected 2 ports
[    2.296763] uhci_hcd 0000:00:1d.2: irq 18, io base 0x00001860
[    2.299497] usb usb4: New USB device found, idVendor=1d6b, idProduct=0001, bcdDevice= 5.02
[    2.301977] usb usb4: New USB device strings: Mfr=3, Product=2, SerialNumber=1
[    2.304406] usb usb4: Product: UHCI Host Controller
[    2.306803] usb usb4: Manufacturer: Linux 5.2.0-rc3-next-20190607+ uhci_hcd
[    2.309227] usb usb4: SerialNumber: 0000:00:1d.2
[    2.312262] hub 4-0:1.0: USB hub found
[    2.314747] hub 4-0:1.0: 2 ports detected
[    2.318320] uhci_hcd 0000:00:1d.3: UHCI Host Controller
[    2.320955] uhci_hcd 0000:00:1d.3: new USB bus registered, assigned bus number 5
[    2.323398] uhci_hcd 0000:00:1d.3: detected 2 ports
[    2.325787] uhci_hcd 0000:00:1d.3: irq 19, io base 0x00001880
[    2.328468] usb usb5: New USB device found, idVendor=1d6b, idProduct=0001, bcdDevice= 5.02
[    2.330926] usb usb5: New USB device strings: Mfr=3, Product=2, SerialNumber=1
[    2.333337] usb usb5: Product: UHCI Host Controller
[    2.335752] usb usb5: Manufacturer: Linux 5.2.0-rc3-next-20190607+ uhci_hcd
[    2.338188] usb usb5: SerialNumber: 0000:00:1d.3
[    2.341180] hub 5-0:1.0: USB hub found
[    2.343627] hub 5-0:1.0: 2 ports detected
[    2.346842] usbcore: registered new interface driver cdc_acm
[    2.349113] cdc_acm: USB Abstract Control Model driver for USB modems and ISDN adapters
[    2.351558] usbcore: registered new interface driver usblp
[    2.354042] usbcore: registered new interface driver usb-storage
[    2.356436] usbcore: registered new interface driver ums-sddr09
[    2.358921] usbcore: registered new interface driver usbserial_generic
[    2.361259] usbserial: USB Serial support registered for generic
[    2.363640] usbcore: registered new interface driver ch341
[    2.365953] usbserial: USB Serial support registered for ch341-uart
[    2.368293] usbcore: registered new interface driver ftdi_sio
[    2.370600] usbserial: USB Serial support registered for FTDI USB Serial Device
[    2.373022] usbcore: registered new interface driver option
[    2.375378] usbserial: USB Serial support registered for GSM modem (1-port)
[    2.377887] usbcore: registered new interface driver pl2303
[    2.380309] usbserial: USB Serial support registered for pl2303
[    2.382791] usbcore: registered new interface driver ti_usb_3410_5052
[    2.385250] usbserial: USB Serial support registered for TI USB 3410 1 port adapter
[    2.387779] usbserial: USB Serial support registered for TI USB 5052 2 port adapter
[    2.390256] ftdi_elan: driver ftdi-elan
[    2.392667] usbcore: registered new interface driver ftdi-elan
[    2.395259] i8042: PNP: PS/2 Controller [PNP0303:KBD,PNP0f13:MOU] at 0x60,0x64 irq 1,12
[    2.408229] serio: i8042 KBD port at 0x60,0x64 irq 1
[    2.410715] serio: i8042 AUX port at 0x60,0x64 irq 12
[    2.413960] mousedev: PS/2 mouse device common for all mice
[    2.417700] input: PC Speaker as /devices/platform/pcspkr/input/input4
[    2.421310] rtc_cmos 00:02: RTC can wake from S4
[    2.424276] rtc_cmos 00:02: registered as rtc0
[    2.426944] rtc_cmos 00:02: alarms up to one month, y3k, 114 bytes nvram, hpet irqs
[    2.429626] usbcore: registered new interface driver uvcvideo
[    2.432154] USB Video Class driver (1.1.1)
[    2.434614] gspca_main: v2.14.0 registered
[    2.437094] usbcore: registered new interface driver sq930x
[    2.440637] input: AT Translated Set 2 keyboard as /devices/platform/i8042/serio0/input/input5
[    2.440797] device-mapper: ioctl: 4.40.0-ioctl (2019-01-18) initialised: dm-devel@redhat.com
[    2.445840] Bluetooth: HCI UART driver ver 2.3
[    2.448425] Bluetooth: HCI UART protocol H4 registered
[    2.450990] Bluetooth: HCI UART protocol BCSP registered
[    2.453619] usbcore: registered new interface driver btusb
[    2.456240] sdhci: Secure Digital Host Controller Interface driver
[    2.458726] sdhci: Copyright(c) Pierre Ossman
[    2.461272] sdhci-pci 0000:15:00.2: SDHCI controller found [1180:0822] (rev 18)
[    2.464263] sdhci-pci 0000:15:00.2: Will use DMA mode even though HW doesn't fully claim to support it.
[    2.467493] mmc0 bounce up to 128 segments into one, max segment size 65536 bytes
[    2.470464] sdhci-pci 0000:15:00.2: Will use DMA mode even though HW doesn't fully claim to support it.
[    2.474047] mmc0: SDHCI controller on PCI [0000:15:00.2] using DMA
[    2.477087] hidraw: raw HID events driver (C) Jiri Kosina
[    2.481207] usbcore: registered new interface driver usbhid
[    2.484020] usbhid: USB HID core driver
[    2.487685] thinkpad_acpi: ThinkPad ACPI Extras v0.26
[    2.490453] thinkpad_acpi: http://ibm-acpi.sf.net/
[    2.493112] thinkpad_acpi: ThinkPad BIOS 7BETD8WW (2.19 ), EC 7BHT40WW-1.13
[    2.495825] thinkpad_acpi: Lenovo ThinkPad X60, model 17097HU
[    2.504740] thinkpad_acpi: ACPI backlight control delay disabled
[    2.507908] thinkpad_acpi: radio switch found; radios are enabled
[    2.510887] thinkpad_acpi: This ThinkPad has standard ACPI backlight brightness control, supported by the ACPI video driver
[    2.516381] thinkpad_acpi: Disabling thinkpad-acpi brightness events by default...
[    2.531463] thinkpad_acpi: rfkill switch tpacpi_bluetooth_sw: radio is unblocked
[    2.537003] thinkpad_acpi: warning: userspace override of important firmware LEDs is enabled
[    2.545149] thinkpad_acpi: Standard ACPI backlight interface available, not loading native one
[    2.548132] thinkpad_acpi: volume: disabled as there is no ALSA support in this kernel
[    2.551727] thinkpad_acpi: battery 1 registered (start 0, stop 0)
[    2.551741] battery: new extension: ThinkPad Battery Extension
[    2.557980] input: ThinkPad Extra Buttons as /devices/platform/thinkpad_acpi/input/input8
[    2.567409] sdhci-pci 0000:15:00.2: Will use DMA mode even though HW doesn't fully claim to support it.
[    2.571085] snd_hda_intel 0000:00:1b.0: probe_mask set to 0x1 for device 17aa:2010
[    2.574444] usbcore: registered new interface driver snd-usb-audio
[    2.579681] NET: Registered protocol family 17
[    2.583373] Bluetooth: RFCOMM TTY layer initialized
[    2.586418] Bluetooth: RFCOMM socket layer initialized
[    2.589398] Bluetooth: RFCOMM ver 1.11
[    2.592279] Bluetooth: BNEP (Ethernet Emulation) ver 1.3
[    2.595194] Bluetooth: BNEP filters: protocol multicast
[    2.598123] Bluetooth: BNEP socket layer initialized
[    2.601000] Bluetooth: HIDP (Human Interface Emulation) ver 1.2
[    2.603905] Bluetooth: HIDP socket layer initialized
[    2.607114] microcode: sig=0x6e8, pf=0x20, revision=0x39
[    2.610407] microcode: Microcode Update Driver: v2.2.
[    2.610412] Using IPI No-Shortcut mode
[    2.616681] Loading compiled-in X.509 certificates
[    2.619648] sdhci-pci 0000:15:00.2: Will use DMA mode even though HW doesn't fully claim to support it.
[    2.623282] Key type encrypted registered
[    2.627658] rtc_cmos 00:02: setting system clock to 2019-06-11T08:45:00 UTC (1560242700)
[    2.632816] snd_hda_codec_analog hdaudioC0D0: autoconfig for AD1981: line_outs=1 (0x5/0x0/0x0/0x0/0x0) type:speaker
[    2.639010] snd_hda_codec_analog hdaudioC0D0:    speaker_outs=0 (0x0/0x0/0x0/0x0/0x0)
[    2.642106] snd_hda_codec_analog hdaudioC0D0:    hp_outs=0 (0x0/0x0/0x0/0x0/0x0)
[    2.643536] cfg80211: Loading compiled-in X.509 certificates for regulatory database
[    2.645154] snd_hda_codec_analog hdaudioC0D0:    mono: mono_out=0x0
[    2.650947] cfg80211: Loaded X.509 cert 'sforshee: 00b28ddf47aef9cea7'
[    2.651350] snd_hda_codec_analog hdaudioC0D0:    inputs:
[    2.654911] platform regulatory.0: Direct firmware load for regulatory.db failed with error -2
[    2.657496] snd_hda_codec_analog hdaudioC0D0:      Mic=0x8
[    2.657501] snd_hda_codec_analog hdaudioC0D0:      CD=0x19
[    2.666688] cfg80211: failed to load regulatory.db
[    2.706965] sdhci-pci 0000:15:00.2: Will use DMA mode even though HW doesn't fully claim to support it.
[    2.755516] PM: Image not found (code -22)
[    2.755552] ALSA device list:
[    2.760684]   #0: HDA Intel at 0xee240000 irq 17
[    2.794197] sdhci-pci 0000:15:00.2: Will use DMA mode even though HW doesn't fully claim to support it.
[    2.837979] usb 5-1: new full-speed USB device number 2 using uhci_hcd
[    3.030057] usb 5-1: New USB device found, idVendor=0a5c, idProduct=2110, bcdDevice= 1.00
[    3.035518] usb 5-1: New USB device strings: Mfr=1, Product=2, SerialNumber=0
[    3.040816] usb 5-1: Product: BCM2045B
[    3.045967] usb 5-1: Manufacturer: Broadcom Corp
[    3.069396] psmouse serio1: trackpoint: IBM TrackPoint firmware: 0x0e, buttons: 3/3
[    3.091510] input: TPPS/2 IBM TrackPoint as /devices/platform/i8042/serio1/input/input7
[    3.102028] md: Waiting for all devices to be available before autodetect
[    3.106161] md: If you don't use raid, use raid=noautodetect
[    3.111411] md: Autodetecting RAID arrays.
[    3.115601] md: autorun ...
[    3.119723] md: ... autorun DONE.
[    3.210189] EXT4-fs (sda4): mounted filesystem with ordered data mode. Opts: (null)
[    3.215882] VFS: Mounted root (ext4 filesystem) readonly on device 8:4.
[    3.222106] devtmpfs: mounted
[    3.226002] Freeing unused kernel image memory: 644K
[    3.229376] Write protecting kernel text and read-only data: 17392k
[    3.232616] NX-protecting the kernel data: 7940k
[    3.236653] x86/mm: Checked W+X mappings: passed, no W+X pages found.
[    3.239781] rodata_test: all tests were successful
[    3.243214] x86/mm: Checking user space page tables
[    3.246285] x86/mm: Checked W+X mappings: passed, no W+X pages found.
[    3.249219] Run /sbin/init as init process
[    3.440966] random: systemd: uninitialized urandom read (16 bytes read)
[    3.448558] systemd[1]: systemd 215 running in system mode. (+PAM +AUDIT +SELINUX +IMA +SYSVINIT +LIBCRYPTSETUP +GCRYPT +ACL +XZ -SECCOMP -APPARMOR)
[    3.478221] systemd[1]: Detected architecture 'x86'.
[    3.559093] systemd[1]: Failed to insert module 'ipv6'
[    3.563847] systemd[1]: Set hostname to <amd>.
[    3.632436] random: systemd-sysv-ge: uninitialized urandom read (16 bytes read)
[    3.693942] usb 5-2: new full-speed USB device number 3 using uhci_hcd
[    3.771234] random: systemd-sysv-ge: uninitialized urandom read (16 bytes read)
[    3.901037] usb 5-2: New USB device found, idVendor=0483, idProduct=2016, bcdDevice= 0.01
[    3.906218] usb 5-2: New USB device strings: Mfr=1, Product=2, SerialNumber=0
[    3.911212] usb 5-2: Product: Biometric Coprocessor
[    3.916194] usb 5-2: Manufacturer: STMicroelectronics
[    3.982028] systemd[1]: Binding to IPv6 address not available since kernel does not support IPv6.
[    3.985841] systemd[1]: [/lib/systemd/system/gpsd.socket:6] Failed to parse address value, ignoring: [::1]:2947
[    3.997113] systemd[1]: Starting Forward Password Requests to Wall Directory Watch.
[    4.000643] systemd[1]: Started Forward Password Requests to Wall Directory Watch.
[    4.003569] systemd[1]: Starting Remote File Systems (Pre).
[    4.012864] systemd[1]: Reached target Remote File Systems (Pre).
[    4.363837] systemd-udevd[1898]: starting version 215
[    4.995895] EXT4-fs (sda4): re-mounted. Opts: errors=remount-ro
[    5.255639] e1000e 0000:02:00.0 eth1: renamed from eth0
[    5.262886] systemd-udevd[2399]: renamed network interface eth0 to eth1
[    6.118805] random: crng init done
[    6.122596] random: 7 urandom warning(s) missed due to ratelimiting
[    6.453983] Adding 2097148k swap on /dev/sda1.  Priority:-2 extents:1 across:2097148k 
[    6.489147] EXT4-fs (sda2): mounted filesystem with ordered data mode. Opts: errors=remount-ro
[    6.578821] systemd-journald[1933]: Received request to flush runtime journal from PID 1
[   12.802684] iwl3945 0000:03:00.0: loaded firmware version 15.32.2.9
[   27.183679] wlan0: authenticate with 5c:f4:ab:10:d2:bb
[   27.186717] wlan0: send auth to 5c:f4:ab:10:d2:bb (try 1/3)
[   27.188665] wlan0: authenticated
[   27.190185] wlan0: associate with 5c:f4:ab:10:d2:bb (try 1/3)
[   27.193976] wlan0: RX AssocResp from 5c:f4:ab:10:d2:bb (capab=0x411 status=0 aid=1)
[   27.195761] wlan0: associated
