[    0.000000] Linux version 4.20.0-rc1+ (pavel@duo) (gcc version 4.9.2 (Debian 4.9.2-10+deb8u1)) #3 SMP Mon Nov 5 11:14:13 CET 2018
[    0.000000] Command line: BOOT_IMAGE=(hd1,2)/l/k/o/64/arch/x86/boot/bzImage root=/dev/sdb4 resume=/dev/sda1
[    0.000000] Disabled fast string operations
[    0.000000] x86/fpu: Supporting XSAVE feature 0x001: 'x87 floating point registers'
[    0.000000] x86/fpu: Supporting XSAVE feature 0x002: 'SSE registers'
[    0.000000] x86/fpu: Supporting XSAVE feature 0x004: 'AVX registers'
[    0.000000] x86/fpu: xstate_offset[2]:  576, xstate_sizes[2]:  256
[    0.000000] x86/fpu: Enabled xstate features 0x7, context size is 832 bytes, using 'standard' format.
[    0.000000] BIOS-provided physical RAM map:
[    0.000000] BIOS-e820: [mem 0x0000000000000000-0x000000000009d7ff] usable
[    0.000000] BIOS-e820: [mem 0x000000000009d800-0x000000000009ffff] reserved
[    0.000000] BIOS-e820: [mem 0x00000000000e0000-0x00000000000fffff] reserved
[    0.000000] BIOS-e820: [mem 0x0000000000100000-0x000000001fffffff] usable
[    0.000000] BIOS-e820: [mem 0x0000000020000000-0x00000000201fffff] reserved
[    0.000000] BIOS-e820: [mem 0x0000000020200000-0x000000003fffffff] usable
[    0.000000] BIOS-e820: [mem 0x0000000040000000-0x00000000401fffff] reserved
[    0.000000] BIOS-e820: [mem 0x0000000040200000-0x00000000da99efff] usable
[    0.000000] BIOS-e820: [mem 0x00000000da99f000-0x00000000dae9efff] reserved
[    0.000000] BIOS-e820: [mem 0x00000000dae9f000-0x00000000daf9efff] ACPI NVS
[    0.000000] BIOS-e820: [mem 0x00000000daf9f000-0x00000000daffefff] ACPI data
[    0.000000] BIOS-e820: [mem 0x00000000dafff000-0x00000000daffffff] usable
[    0.000000] BIOS-e820: [mem 0x00000000db000000-0x00000000df9fffff] reserved
[    0.000000] BIOS-e820: [mem 0x00000000f8000000-0x00000000fbffffff] reserved
[    0.000000] BIOS-e820: [mem 0x00000000fec00000-0x00000000fec00fff] reserved
[    0.000000] BIOS-e820: [mem 0x00000000fed08000-0x00000000fed08fff] reserved
[    0.000000] BIOS-e820: [mem 0x00000000fed10000-0x00000000fed19fff] reserved
[    0.000000] BIOS-e820: [mem 0x00000000fed1c000-0x00000000fed1ffff] reserved
[    0.000000] BIOS-e820: [mem 0x00000000fee00000-0x00000000fee00fff] reserved
[    0.000000] BIOS-e820: [mem 0x00000000ffd20000-0x00000000ffffffff] reserved
[    0.000000] BIOS-e820: [mem 0x0000000100000000-0x000000019e5fffff] usable
[    0.000000] BIOS-e820: [mem 0x000000019e600000-0x000000019e7fffff] reserved
[    0.000000] NX (Execute Disable) protection: active
[    0.000000] SMBIOS 2.6 present.
[    0.000000] DMI: LENOVO 42872WU/42872WU, BIOS 8DET74WW (1.44 ) 03/13/2018
[    0.000000] tsc: Fast TSC calibration using PIT
[    0.000000] tsc: Detected 2491.752 MHz processor
[    0.001590] e820: update [mem 0x00000000-0x00000fff] usable ==> reserved
[    0.001592] e820: remove [mem 0x000a0000-0x000fffff] usable
[    0.001601] last_pfn = 0x19e600 max_arch_pfn = 0x400000000
[    0.001606] MTRR default type: uncachable
[    0.001607] MTRR fixed ranges enabled:
[    0.001609]   00000-9FFFF write-back
[    0.001610]   A0000-BFFFF uncachable
[    0.001612]   C0000-FFFFF write-protect
[    0.001613] MTRR variable ranges enabled:
[    0.001615]   0 base 0FFC00000 mask FFFC00000 write-protect
[    0.001617]   1 base 000000000 mask F80000000 write-back
[    0.001618]   2 base 080000000 mask FC0000000 write-back
[    0.001619]   3 base 0C0000000 mask FE0000000 write-back
[    0.001621]   4 base 0DC000000 mask FFC000000 uncachable
[    0.001622]   5 base 0DB000000 mask FFF000000 uncachable
[    0.001623]   6 base 100000000 mask F80000000 write-back
[    0.001625]   7 base 180000000 mask FE0000000 write-back
[    0.001626]   8 base 19F000000 mask FFF000000 uncachable
[    0.001627]   9 base 19E800000 mask FFF800000 uncachable
[    0.002384] x86/PAT: Configuration [0-7]: WB  WC  UC- UC  WB  WP  UC- WT  
[    0.003565] last_pfn = 0xdb000 max_arch_pfn = 0x400000000
[    0.003586] Base memory trampoline at [(____ptrval____)] 97000 size 24576
[    0.003588] reserving inaccessible SNB gfx pages
[    0.003594] BRK [0x06601000, 0x06601fff] PGTABLE
[    0.003597] BRK [0x06602000, 0x06602fff] PGTABLE
[    0.003598] BRK [0x06603000, 0x06603fff] PGTABLE
[    0.003663] BRK [0x06604000, 0x06604fff] PGTABLE
[    0.003813] BRK [0x06605000, 0x06605fff] PGTABLE
[    0.004075] BRK [0x06606000, 0x06606fff] PGTABLE
[    0.004556] ACPI: Early table checksum verification disabled
[    0.004604] ACPI: RSDP 0x00000000000F00E0 000024 (v02 LENOVO)
[    0.004609] ACPI: XSDT 0x00000000DAFFE120 0000AC (v01 LENOVO TP-8D    00001440 PTEC 00000002)
[    0.004616] ACPI: FACP 0x00000000DAFE7000 0000F4 (v04 LENOVO TP-8D    00001440 PTL  00000002)
[    0.004623] ACPI: DSDT 0x00000000DAFEA000 00FA89 (v01 LENOVO TP-8D    00001440 INTL 20061109)
[    0.004627] ACPI: FACS 0x00000000DAF2D000 000040
[    0.004630] ACPI: FACS 0x00000000DAF2D000 000040
[    0.004634] ACPI: SLIC 0x00000000DAFFD000 000176 (v01 LENOVO TP-8D    00001440 PTEC 00000001)
[    0.004638] ACPI: SSDT 0x00000000DAFFC000 000249 (v01 LENOVO TP-SSDT2 00000200 INTL 20061109)
[    0.004642] ACPI: SSDT 0x00000000DAFFB000 000033 (v01 LENOVO TP-SSDT1 00000100 INTL 20061109)
[    0.004646] ACPI: SSDT 0x00000000DAFFA000 0007D1 (v01 LENOVO SataAhci 00001000 INTL 20061109)
[    0.004650] ACPI: HPET 0x00000000DAFE6000 000038 (v01 LENOVO TP-8D    00001440 PTL  00000002)
[    0.004654] ACPI: APIC 0x00000000DAFE5000 000098 (v01 LENOVO TP-8D    00001440 PTL  00000002)
[    0.004658] ACPI: MCFG 0x00000000DAFE4000 00003C (v01 LENOVO TP-8D    00001440 PTL  00000002)
[    0.004662] ACPI: ECDT 0x00000000DAFE3000 000052 (v01 LENOVO TP-8D    00001440 PTL  00000002)
[    0.004666] ACPI: ASF! 0x00000000DAFE9000 0000A5 (v32 LENOVO TP-8D    00001440 PTL  00000002)
[    0.004670] ACPI: TCPA 0x00000000DAFE2000 000032 (v02 PTL    LENOVO   06040000 LNVO 00000001)
[    0.004674] ACPI: SSDT 0x00000000DAFE1000 000A27 (v01 PmRef  Cpu0Ist  00003000 INTL 20061109)
[    0.004678] ACPI: SSDT 0x00000000DAFE0000 000996 (v01 PmRef  CpuPm    00003000 INTL 20061109)
[    0.004682] ACPI: DMAR 0x00000000DAFDF000 0000E8 (v01 INTEL  SNB      00000001 INTL 00000001)
[    0.004686] ACPI: UEFI 0x00000000DAFDE000 00003E (v01 LENOVO TP-8D    00001440 PTL  00000002)
[    0.004690] ACPI: UEFI 0x00000000DAFDD000 000042 (v01 PTL    COMBUF   00000001 PTL  00000001)
[    0.004694] ACPI: UEFI 0x00000000DAFDC000 000292 (v01 LENOVO TP-8D    00001440 PTL  00000002)
[    0.004703] ACPI: Local APIC address 0xfee00000
[    0.004748] Zone ranges:
[    0.004750]   DMA      [mem 0x0000000000001000-0x0000000000ffffff]
[    0.004753]   DMA32    [mem 0x0000000001000000-0x00000000ffffffff]
[    0.004755]   Normal   [mem 0x0000000100000000-0x000000019e5fffff]
[    0.004758] Movable zone start for each node
[    0.004759] Early memory node ranges
[    0.004761]   node   0: [mem 0x0000000000001000-0x000000000009cfff]
[    0.004763]   node   0: [mem 0x0000000000100000-0x000000001fffffff]
[    0.004765]   node   0: [mem 0x0000000020200000-0x000000003fffffff]
[    0.004767]   node   0: [mem 0x0000000040200000-0x00000000da99efff]
[    0.004768]   node   0: [mem 0x00000000dafff000-0x00000000daffffff]
[    0.004770]   node   0: [mem 0x0000000100000000-0x000000019e5fffff]
[    0.005156] Zeroed struct page in unavailable ranges: 23236 pages
[    0.005158] Initmem setup node 0 [mem 0x0000000000001000-0x000000019e5fffff]
[    0.005161] On node 0 totalpages: 1542972
[    0.005163]   DMA zone: 56 pages used for memmap
[    0.005164]   DMA zone: 156 pages reserved
[    0.005165]   DMA zone: 3996 pages, LIFO batch:0
[    0.005244]   DMA32 zone: 12172 pages used for memmap
[    0.005245]   DMA32 zone: 890272 pages, LIFO batch:63
[    0.022801]   Normal zone: 8869 pages used for memmap
[    0.022804]   Normal zone: 648704 pages, LIFO batch:63
[    0.034976] Reserving Intel graphics memory at [mem 0xdba00000-0xdf9fffff]
[    0.035154] ACPI: PM-Timer IO Port: 0x408
[    0.035158] ACPI: Local APIC address 0xfee00000
[    0.035165] ACPI: LAPIC_NMI (acpi_id[0x00] high edge lint[0x1])
[    0.035167] ACPI: LAPIC_NMI (acpi_id[0x01] high edge lint[0x1])
[    0.035185] IOAPIC[0]: apic_id 2, version 32, address 0xfec00000, GSI 0-23
[    0.035189] ACPI: INT_SRC_OVR (bus 0 bus_irq 0 global_irq 2 dfl dfl)
[    0.035192] ACPI: INT_SRC_OVR (bus 0 bus_irq 9 global_irq 9 high level)
[    0.035194] ACPI: IRQ0 used by override.
[    0.035197] ACPI: IRQ9 used by override.
[    0.035200] Using ACPI (MADT) for SMP configuration information
[    0.035203] ACPI: HPET id: 0x8086a301 base: 0xfed00000
[    0.035208] smpboot: Allowing 8 CPUs, 4 hotplug CPUs
[    0.035236] PM: Registered nosave memory: [mem 0x00000000-0x00000fff]
[    0.035239] PM: Registered nosave memory: [mem 0x0009d000-0x0009dfff]
[    0.035240] PM: Registered nosave memory: [mem 0x0009e000-0x0009ffff]
[    0.035242] PM: Registered nosave memory: [mem 0x000a0000-0x000dffff]
[    0.035244] PM: Registered nosave memory: [mem 0x000e0000-0x000fffff]
[    0.035246] PM: Registered nosave memory: [mem 0x20000000-0x201fffff]
[    0.035249] PM: Registered nosave memory: [mem 0x40000000-0x401fffff]
[    0.035252] PM: Registered nosave memory: [mem 0xda99f000-0xdae9efff]
[    0.035253] PM: Registered nosave memory: [mem 0xdae9f000-0xdaf9efff]
[    0.035255] PM: Registered nosave memory: [mem 0xdaf9f000-0xdaffefff]
[    0.035258] PM: Registered nosave memory: [mem 0xdb000000-0xdf9fffff]
[    0.035259] PM: Registered nosave memory: [mem 0xdfa00000-0xf7ffffff]
[    0.035261] PM: Registered nosave memory: [mem 0xf8000000-0xfbffffff]
[    0.035263] PM: Registered nosave memory: [mem 0xfc000000-0xfebfffff]
[    0.035264] PM: Registered nosave memory: [mem 0xfec00000-0xfec00fff]
[    0.035266] PM: Registered nosave memory: [mem 0xfec01000-0xfed07fff]
[    0.035268] PM: Registered nosave memory: [mem 0xfed08000-0xfed08fff]
[    0.035270] PM: Registered nosave memory: [mem 0xfed09000-0xfed0ffff]
[    0.035271] PM: Registered nosave memory: [mem 0xfed10000-0xfed19fff]
[    0.035273] PM: Registered nosave memory: [mem 0xfed1a000-0xfed1bfff]
[    0.035275] PM: Registered nosave memory: [mem 0xfed1c000-0xfed1ffff]
[    0.035276] PM: Registered nosave memory: [mem 0xfed20000-0xfedfffff]
[    0.035278] PM: Registered nosave memory: [mem 0xfee00000-0xfee00fff]
[    0.035280] PM: Registered nosave memory: [mem 0xfee01000-0xffd1ffff]
[    0.035281] PM: Registered nosave memory: [mem 0xffd20000-0xffffffff]
[    0.035286] [mem 0xdfa00000-0xf7ffffff] available for PCI devices
[    0.035289] clocksource: refined-jiffies: mask: 0xffffffff max_cycles: 0xffffffff, max_idle_ns: 7645519600211568 ns
[    0.035303] random: get_random_bytes called from start_kernel+0x97/0x3cf with crng_init=0
[    0.035310] setup_percpu: NR_CPUS:8 nr_cpumask_bits:8 nr_cpu_ids:8 nr_node_ids:1
[    0.037069] percpu: Embedded 59 pages/cpu @(____ptrval____) s202824 r8192 d30648 u262144
[    0.037078] pcpu-alloc: s202824 r8192 d30648 u262144 alloc=1*2097152
[    0.037079] pcpu-alloc: [0] 0 1 2 3 4 5 6 7 
[    0.037106] Built 1 zonelists, mobility grouping on.  Total pages: 1521719
[    0.037111] Kernel command line: BOOT_IMAGE=(hd1,2)/l/k/o/64/arch/x86/boot/bzImage root=/dev/sdb4 resume=/dev/sda1
[    0.040978] Dentry cache hash table entries: 1048576 (order: 11, 8388608 bytes)
[    0.042884] Inode-cache hash table entries: 524288 (order: 10, 4194304 bytes)
[    0.299479] Memory: 5964016K/6171888K available (16389K kernel code, 1113K rwdata, 5304K rodata, 1068K init, 11968K bss, 207872K reserved, 0K cma-reserved)
[    0.299678] Kernel/User page tables isolation: enabled
[    0.299854] rcu: Hierarchical RCU implementation.
[    0.299857] rcu: RCU calculated value of scheduler-enlistment delay is 25 jiffies.
[    0.299887] NR_IRQS: 4352, nr_irqs: 104, preallocated irqs: 16
[    0.301814] Console: colour VGA+ 80x25
[    0.310185] printk: console [tty0] enabled
[    0.310243] Lock dependency validator: Copyright (c) 2006 Red Hat, Inc., Ingo Molnar
[    0.310313] ... MAX_LOCKDEP_SUBCLASSES:  8
[    0.310371] ... MAX_LOCK_DEPTH:          48
[    0.310429] ... MAX_LOCKDEP_KEYS:        8191
[    0.310487] ... CLASSHASH_SIZE:          4096
[    0.310546] ... MAX_LOCKDEP_ENTRIES:     32768
[    0.310605] ... MAX_LOCKDEP_CHAINS:      65536
[    0.310664] ... CHAINHASH_SIZE:          32768
[    0.310723]  memory used by lock dependency info: 7231 kB
[    0.310785]  per task-struct memory footprint: 1920 bytes
[    0.311174] ACPI: Core revision 20181003
[    0.311497] ACPI: EC: EC started
[    0.311554] ACPI: EC: interrupt blocked
[    0.311631] ACPI: \: Used as first EC
[    0.311689] ACPI: \: GPE=0x11, EC_CMD/EC_SC=0x66, EC_DATA=0x62
[    0.311754] ACPI: \: Used as boot ECDT EC to handle transactions
[    0.311917] clocksource: hpet: mask: 0xffffffff max_cycles: 0xffffffff, max_idle_ns: 133484882848 ns
[    0.312017] hpet clockevent registered
[    0.312024] APIC: Switch to symmetric I/O mode setup
[    0.312540] ..TIMER: vector=0x30 apic1=0 pin1=2 apic2=-1 pin2=-1
[    0.332023] clocksource: tsc-early: mask: 0xffffffffffffffff max_cycles: 0x23eaca29814, max_idle_ns: 440795202126 ns
[    0.332117] Calibrating delay loop (skipped), value calculated using timer frequency.. 4983.50 BogoMIPS (lpj=9967008)
[    0.332209] pid_max: default: 32768 minimum: 301
[    0.332418] Mount-cache hash table entries: 16384 (order: 5, 131072 bytes)
[    0.332501] Mountpoint-cache hash table entries: 16384 (order: 5, 131072 bytes)
[    0.332946] Disabled fast string operations
[    0.333012] ENERGY_PERF_BIAS: Set to 'normal', was 'performance'
[    0.333076] ENERGY_PERF_BIAS: View and update with x86_energy_perf_policy(8)
[    0.333147] process: using mwait in idle threads
[    0.333208] Last level iTLB entries: 4KB 512, 2MB 8, 4MB 8
[    0.333271] Last level dTLB entries: 4KB 512, 2MB 32, 4MB 32, 1GB 0
[    0.333337] Spectre V2 : Mitigation: Full generic retpoline
[    0.333400] Spectre V2 : Spectre v2 / SpectreRSB mitigation: Filling RSB on context switch
[    0.333471] Spectre V2 : Spectre v2 mitigation: Enabling Indirect Branch Prediction Barrier
[    0.333543] Spectre V2 : Enabling Restricted Speculation for firmware calls
[    0.333612] Spectre V2 : Spectre v2 cross-process SMT mitigation: Enabling STIBP
[    0.333683] Speculative Store Bypass: Vulnerable
[    0.333900] Freeing SMP alternatives memory: 44K
[    0.335026] TSC deadline timer enabled
[    0.335030] smpboot: CPU0: Intel(R) Core(TM) i5-2520M CPU @ 2.50GHz (family: 0x6, model: 0x2a, stepping: 0x7)
[    0.335911] Performance Events: PEBS fmt1+, SandyBridge events, 16-deep LBR, full-width counters, Intel PMU driver.
[    0.336028] ... version:                3
[    0.336087] ... bit width:              48
[    0.336116] ... generic registers:      4
[    0.336116] ... value mask:             0000ffffffffffff
[    0.336116] ... max period:             00007fffffffffff
[    0.336116] ... fixed-purpose events:   3
[    0.336116] ... event mask:             000000070000000f
[    0.336116] rcu: Hierarchical SRCU implementation.
[    0.336116] NMI watchdog: Enabled. Permanently consumes one hw-PMU counter.
[    0.336116] smp: Bringing up secondary CPUs ...
[    0.336338] x86: Booting SMP configuration:
[    0.336401] .... node  #0, CPUs:      #1
[    0.016000] Disabled fast string operations
[    0.338753]  #2
[    0.016000] Disabled fast string operations
[    0.340635]  #3
[    0.016000] Disabled fast string operations
[    0.342933] smp: Brought up 1 node, 4 CPUs
[    0.342933] smpboot: Max logical packages: 2
[    0.342933] smpboot: Total of 4 processors activated (19934.01 BogoMIPS)
[    0.344393] devtmpfs: initialized
[    0.344602] PM: Registering ACPI NVS region [mem 0xdae9f000-0xdaf9efff] (1048576 bytes)
[    0.344927] clocksource: jiffies: mask: 0xffffffff max_cycles: 0xffffffff, max_idle_ns: 7645041785100000 ns
[    0.345023] futex hash table entries: 2048 (order: 6, 262144 bytes)
[    0.345696] NET: Registered protocol family 16
[    0.346494] cpuidle: using governor ladder
[    0.346529] cpuidle: using governor menu
[    0.346529] ACPI FADT declares the system doesn't support PCIe ASPM, so disable it
[    0.346529] ACPI: bus type PCI registered
[    0.346529] PCI: MMCONFIG for domain 0000 [bus 00-3f] at [mem 0xf8000000-0xfbffffff] (base 0xf8000000)
[    0.346529] PCI: MMCONFIG at [mem 0xf8000000-0xfbffffff] reserved in E820
[    0.346529] PCI: Using configuration type 1 for base access
[    0.346529] core: PMU erratum BJ122, BV98, HSD29 worked around, HT is on
[    0.369852] ACPI: Added _OSI(Module Device)
[    0.369852] ACPI: Added _OSI(Processor Device)
[    0.369852] ACPI: Added _OSI(3.0 _SCP Extensions)
[    0.369852] ACPI: Added _OSI(Processor Aggregator Device)
[    0.369852] ACPI: Added _OSI(Linux-Dell-Video)
[    0.369852] ACPI: Added _OSI(Linux-Lenovo-NV-HDMI-Audio)
[    0.408118] ACPI: 6 ACPI AML tables successfully acquired and loaded
[    0.412118] ACPI: [Firmware Bug]: BIOS _OSI(Linux) query ignored
[    0.423109] ACPI: Dynamic OEM Table Load:
[    0.423109] ACPI: SSDT 0xFFFF8801970D2000 0008C0 (v01 PmRef  Cpu0Cst  00003001 INTL 20061109)
[    0.424928] ACPI: Dynamic OEM Table Load:
[    0.424999] ACPI: SSDT 0xFFFF88019702AC00 000303 (v01 PmRef  ApIst    00003000 INTL 20061109)
[    0.426450] ACPI: Dynamic OEM Table Load:
[    0.426450] ACPI: SSDT 0xFFFF880197B17200 000119 (v01 PmRef  ApCst    00003000 INTL 20061109)
[    0.432837] ACPI: Interpreter enabled
[    0.432950] ACPI: (supports S0 S3 S4 S5)
[    0.433013] ACPI: Using IOAPIC for interrupt routing
[    0.433148] PCI: Using host bridge windows from ACPI; if necessary, use "pci=nocrs" and report a bug
[    0.433947] ACPI: Enabled 6 GPEs in block 00 to 3F
[    0.444176] ACPI: Power Resource [PUBS] (on)
[    0.444176] acpi PNP0C0A:01: ACPI dock station (docks/bays count: 1)
[    0.448176] acpi LNXIOBAY:00: ACPI dock station (docks/bays count: 2)
[    0.456176] acpi IBM0079:00: ACPI dock station (docks/bays count: 3)
[    0.456176] ACPI: PCI Interrupt Link [LNKA] (IRQs 3 4 5 6 7 9 10 *11)
[    0.456176] ACPI: PCI Interrupt Link [LNKB] (IRQs 3 4 5 6 7 9 10 *11)
[    0.456176] ACPI: PCI Interrupt Link [LNKC] (IRQs 3 4 5 6 7 9 10 *11)
[    0.460451] ACPI: PCI Interrupt Link [LNKD] (IRQs 3 4 5 6 7 9 *10 11)
[    0.460851] ACPI: PCI Interrupt Link [LNKE] (IRQs 3 4 5 6 *7 9 10 11)
[    0.461163] ACPI: PCI Interrupt Link [LNKF] (IRQs 3 4 5 6 7 9 10 11) *0, disabled.
[    0.461568] ACPI: PCI Interrupt Link [LNKG] (IRQs 3 4 5 6 *7 9 10 11)
[    0.461968] ACPI: PCI Interrupt Link [LNKH] (IRQs 3 4 5 6 7 9 *10 11)
[    0.462296] ACPI: PCI Root Bridge [PCI0] (domain 0000 [bus 00-fe])
[    0.462371] acpi PNP0A08:00: _OSC: OS supports [ExtendedConfig ASPM ClockPM Segments]
[    0.462834] acpi PNP0A08:00: _OSC: not requesting OS control; OS requires [ExtendedConfig ASPM ClockPM MSI]
[    0.462934] acpi PNP0A08:00: [Firmware Info]: MMCONFIG for domain 0000 [bus 00-3f] only partially covers this bridge
[    0.463157] PCI host bridge to bus 0000:00
[    0.463225] pci_bus 0000:00: root bus resource [io  0x0000-0x0cf7 window]
[    0.463295] pci_bus 0000:00: root bus resource [io  0x0d00-0xffff window]
[    0.463365] pci_bus 0000:00: root bus resource [mem 0x000a0000-0x000bffff window]
[    0.463437] pci_bus 0000:00: root bus resource [mem 0xdfa00000-0xfebfffff window]
[    0.463509] pci_bus 0000:00: root bus resource [mem 0xfed40000-0xfed4bfff window]
[    0.463582] pci_bus 0000:00: root bus resource [bus 00-fe]
[    0.463666] pci 0000:00:00.0: [8086:0104] type 00 class 0x060000
[    0.463889] pci 0000:00:02.0: [8086:0126] type 00 class 0x030000
[    0.463908] pci 0000:00:02.0: reg 0x10: [mem 0xf0000000-0xf03fffff 64bit]
[    0.463917] pci 0000:00:02.0: reg 0x18: [mem 0xe0000000-0xefffffff 64bit pref]
[    0.463923] pci 0000:00:02.0: reg 0x20: [io  0x5000-0x503f]
[    0.464186] pci 0000:00:16.0: [8086:1c3a] type 00 class 0x078000
[    0.464216] pci 0000:00:16.0: reg 0x10: [mem 0xf2525000-0xf252500f 64bit]
[    0.464306] pci 0000:00:16.0: PME# supported from D0 D3hot D3cold
[    0.464518] pci 0000:00:19.0: [8086:1502] type 00 class 0x020000
[    0.464542] pci 0000:00:19.0: reg 0x10: [mem 0xf2500000-0xf251ffff]
[    0.464552] pci 0000:00:19.0: reg 0x14: [mem 0xf252b000-0xf252bfff]
[    0.464562] pci 0000:00:19.0: reg 0x18: [io  0x5080-0x509f]
[    0.464638] pci 0000:00:19.0: PME# supported from D0 D3hot D3cold
[    0.464848] pci 0000:00:1a.0: [8086:1c2d] type 00 class 0x0c0320
[    0.464886] pci 0000:00:1a.0: reg 0x10: [mem 0xf252a000-0xf252a3ff]
[    0.464989] pci 0000:00:1a.0: PME# supported from D0 D3hot D3cold
[    0.465201] pci 0000:00:1b.0: [8086:1c20] type 00 class 0x040300
[    0.465235] pci 0000:00:1b.0: reg 0x10: [mem 0xf2520000-0xf2523fff 64bit]
[    0.465332] pci 0000:00:1b.0: PME# supported from D0 D3hot D3cold
[    0.465538] pci 0000:00:1c.0: [8086:1c10] type 01 class 0x060400
[    0.465678] pci 0000:00:1c.0: PME# supported from D0 D3hot D3cold
[    0.465903] pci 0000:00:1c.1: [8086:1c12] type 01 class 0x060400
[    0.466057] pci 0000:00:1c.1: PME# supported from D0 D3hot D3cold
[    0.466284] pci 0000:00:1c.3: [8086:1c16] type 01 class 0x060400
[    0.466437] pci 0000:00:1c.3: PME# supported from D0 D3hot D3cold
[    0.466663] pci 0000:00:1c.4: [8086:1c18] type 01 class 0x060400
[    0.466817] pci 0000:00:1c.4: PME# supported from D0 D3hot D3cold
[    0.467048] pci 0000:00:1d.0: [8086:1c26] type 00 class 0x0c0320
[    0.467078] pci 0000:00:1d.0: reg 0x10: [mem 0xf2529000-0xf25293ff]
[    0.467180] pci 0000:00:1d.0: PME# supported from D0 D3hot D3cold
[    0.467387] pci 0000:00:1f.0: [8086:1c4f] type 00 class 0x060100
[    0.467709] pci 0000:00:1f.2: [8086:1c03] type 00 class 0x010601
[    0.467741] pci 0000:00:1f.2: reg 0x10: [io  0x50a8-0x50af]
[    0.467750] pci 0000:00:1f.2: reg 0x14: [io  0x50bc-0x50bf]
[    0.467759] pci 0000:00:1f.2: reg 0x18: [io  0x50a0-0x50a7]
[    0.467769] pci 0000:00:1f.2: reg 0x1c: [io  0x50b8-0x50bb]
[    0.467778] pci 0000:00:1f.2: reg 0x20: [io  0x5060-0x507f]
[    0.467788] pci 0000:00:1f.2: reg 0x24: [mem 0xf2528000-0xf25287ff]
[    0.467843] pci 0000:00:1f.2: PME# supported from D3hot
[    0.468042] pci 0000:00:1f.3: [8086:1c22] type 00 class 0x0c0500
[    0.468081] pci 0000:00:1f.3: reg 0x10: [mem 0xf2524000-0xf25240ff 64bit]
[    0.468105] pci 0000:00:1f.3: reg 0x20: [io  0xefa0-0xefbf]
[    0.468400] pci 0000:00:1c.0: PCI bridge to [bus 02]
[    0.468847] pci 0000:03:00.0: [8086:0084] type 00 class 0x028000
[    0.469168] pci 0000:03:00.0: reg 0x10: [mem 0xf2400000-0xf2401fff 64bit]
[    0.470018] pci 0000:03:00.0: PME# supported from D0 D3hot D3cold
[    0.470257] pci 0000:03:00.0: 2.000 Gb/s available PCIe bandwidth, limited by 2.5 GT/s x1 link at 0000:00:1c.1 (capable of 7.876 Gb/s with 8 GT/s x1 link)
[    0.470791] pci 0000:00:1c.1: PCI bridge to [bus 03]
[    0.470863] pci 0000:00:1c.1:   bridge window [mem 0xf2400000-0xf24fffff]
[    0.470966] pci 0000:00:1c.3: PCI bridge to [bus 05-0c]
[    0.471041] pci 0000:00:1c.3:   bridge window [io  0x4000-0x4fff]
[    0.471047] pci 0000:00:1c.3:   bridge window [mem 0xf1c00000-0xf23fffff]
[    0.471056] pci 0000:00:1c.3:   bridge window [mem 0xf0400000-0xf0bfffff 64bit pref]
[    0.471361] pci 0000:0d:00.0: [1180:e822] type 00 class 0x088001
[    0.471392] pci 0000:0d:00.0: MMC controller base frequency changed to 50Mhz.
[    0.471680] pci 0000:0d:00.0: reg 0x10: [mem 0xf1400000-0xf14000ff]
[    0.471968] pci 0000:0d:00.0: supports D1 D2
[    0.471970] pci 0000:0d:00.0: PME# supported from D0 D1 D2 D3hot D3cold
[    0.472027] pci 0000:0d:00.0: 2.000 Gb/s available PCIe bandwidth, limited by 2.5 GT/s x1 link at 0000:00:1c.4 (capable of 7.876 Gb/s with 8 GT/s x1 link)
[    0.472652] pci 0000:00:1c.4: PCI bridge to [bus 0d]
[    0.472721] pci 0000:00:1c.4:   bridge window [io  0x3000-0x3fff]
[    0.472726] pci 0000:00:1c.4:   bridge window [mem 0xf1400000-0xf1bfffff]
[    0.472735] pci 0000:00:1c.4:   bridge window [mem 0xf0c00000-0xf13fffff 64bit pref]
[    0.472777] pci_bus 0000:00: on NUMA node 0
[    0.475966] ACPI: EC: interrupt unblocked
[    0.476047] ACPI: EC: event unblocked
[    0.476214] ACPI: \_SB_.PCI0.LPC_.EC__: GPE=0x11, EC_CMD/EC_SC=0x66, EC_DATA=0x62
[    0.476214] ACPI: \_SB_.PCI0.LPC_.EC__: Used as boot DSDT EC to handle transactions and events
[    0.476540] pci 0000:00:02.0: vgaarb: setting as boot VGA device
[    0.476540] pci 0000:00:02.0: vgaarb: VGA device added: decodes=io+mem,owns=io+mem,locks=none
[    0.476540] pci 0000:00:02.0: vgaarb: bridge control possible
[    0.476540] vgaarb: loaded
[    0.476693] SCSI subsystem initialized
[    0.476787] libata version 3.00 loaded.
[    0.476787] ACPI: bus type USB registered
[    0.476787] usbcore: registered new interface driver usbfs
[    0.476787] usbcore: registered new interface driver hub
[    0.476787] usbcore: registered new device driver usb
[    0.476845] media: Linux media interface: v0.10
[    0.476947] videodev: Linux video capture interface: v2.00
[    0.477053] pps_core: LinuxPPS API ver. 1 registered
[    0.477120] pps_core: Software ver. 5.3.6 - Copyright 2005-2007 Rodolfo Giometti <giometti@linux.it>
[    0.477225] PTP clock support registered
[    0.477415] EDAC MC: Ver: 3.0.0
[    0.477415] Advanced Linux Sound Architecture Driver Initialized.
[    0.477415] PCI: Using ACPI for IRQ routing
[    0.481492] PCI: pci_cache_line_size set to 64 bytes
[    0.481971] e820: reserve RAM buffer [mem 0x0009d800-0x0009ffff]
[    0.481974] e820: reserve RAM buffer [mem 0xda99f000-0xdbffffff]
[    0.481977] e820: reserve RAM buffer [mem 0xdb000000-0xdbffffff]
[    0.481979] e820: reserve RAM buffer [mem 0x19e600000-0x19fffffff]
[    0.482357] Bluetooth: Core ver 2.22
[    0.482448] NET: Registered protocol family 31
[    0.482513] Bluetooth: HCI device and connection manager initialized
[    0.482586] Bluetooth: HCI socket layer initialized
[    0.482649] Bluetooth: L2CAP socket layer initialized
[    0.482723] Bluetooth: SCO socket layer initialized
[    0.482879] clocksource: Switched to clocksource tsc-early
[    0.482879] pnp: PnP ACPI init
[    0.482879] system 00:00: [mem 0x00000000-0x0009ffff] could not be reserved
[    0.482879] system 00:00: [mem 0x000c0000-0x000c3fff] could not be reserved
[    0.482879] system 00:00: [mem 0x000c4000-0x000c7fff] could not be reserved
[    0.482879] system 00:00: [mem 0x000c8000-0x000cbfff] has been reserved
[    0.482879] system 00:00: [mem 0x000cc000-0x000cffff] has been reserved
[    0.482879] system 00:00: [mem 0x000d0000-0x000d3fff] has been reserved
[    0.482879] system 00:00: [mem 0x000d4000-0x000d7fff] has been reserved
[    0.482879] system 00:00: [mem 0x000d8000-0x000dbfff] has been reserved
[    0.482879] system 00:00: [mem 0x000dc000-0x000dffff] has been reserved
[    0.482879] system 00:00: [mem 0x000e0000-0x000e3fff] could not be reserved
[    0.482879] system 00:00: [mem 0x000e4000-0x000e7fff] could not be reserved
[    0.482879] system 00:00: [mem 0x000e8000-0x000ebfff] could not be reserved
[    0.482879] system 00:00: [mem 0x000ec000-0x000effff] could not be reserved
[    0.482879] system 00:00: [mem 0x000f0000-0x000fffff] could not be reserved
[    0.482906] system 00:00: [mem 0x00100000-0xdf9fffff] could not be reserved
[    0.482977] system 00:00: [mem 0xfec00000-0xfed3ffff] could not be reserved
[    0.483048] system 00:00: [mem 0xfed4c000-0xffffffff] could not be reserved
[    0.483146] system 00:00: Plug and Play ACPI device, IDs PNP0c01 (active)
[    0.483440] system 00:01: [io  0x0400-0x047f] has been reserved
[    0.483515] system 00:01: [io  0x0500-0x057f] has been reserved
[    0.483583] system 00:01: [io  0x0800-0x080f] has been reserved
[    0.483650] system 00:01: [io  0x15e0-0x15ef] has been reserved
[    0.483717] system 00:01: [io  0x1600-0x167f] has been reserved
[    0.483785] system 00:01: [mem 0xf8000000-0xfbffffff] has been reserved
[    0.483856] system 00:01: [mem 0x00000000-0x00000fff] could not be reserved
[    0.483926] system 00:01: [mem 0xfed1c000-0xfed1ffff] has been reserved
[    0.483996] system 00:01: [mem 0xfed10000-0xfed13fff] has been reserved
[    0.484066] system 00:01: [mem 0xfed18000-0xfed18fff] has been reserved
[    0.484135] system 00:01: [mem 0xfed19000-0xfed19fff] has been reserved
[    0.484205] system 00:01: [mem 0xfed45000-0xfed4bfff] has been reserved
[    0.484292] system 00:01: Plug and Play ACPI device, IDs PNP0c02 (active)
[    0.484455] pnp 00:02: Plug and Play ACPI device, IDs PNP0b00 (active)
[    0.484538] pnp 00:03: Plug and Play ACPI device, IDs PNP0303 (active)
[    0.484621] pnp 00:04: Plug and Play ACPI device, IDs LEN0020 PNP0f13 (active)
[    0.484778] pnp 00:05: Plug and Play ACPI device, IDs SMO1200 PNP0c31 (active)
[    0.485822] pnp: PnP ACPI: found 6 devices
[    0.497004] clocksource: acpi_pm: mask: 0xffffff max_cycles: 0xffffff, max_idle_ns: 2085701024 ns
[    0.497115] pci 0000:00:1c.0: bridge window [io  0x1000-0x0fff] to [bus 02] add_size 1000
[    0.497119] pci 0000:00:1c.0: bridge window [mem 0x00100000-0x000fffff 64bit pref] to [bus 02] add_size 200000 add_align 100000
[    0.497122] pci 0000:00:1c.0: bridge window [mem 0x00100000-0x000fffff] to [bus 02] add_size 200000 add_align 100000
[    0.497166] pci 0000:00:1c.0: BAR 8: assigned [mem 0xdfa00000-0xdfbfffff]
[    0.497238] pci 0000:00:1c.0: BAR 9: assigned [mem 0xdfc00000-0xdfdfffff 64bit pref]
[    0.497311] pci 0000:00:1c.0: BAR 7: assigned [io  0x2000-0x2fff]
[    0.497380] pci 0000:00:1c.0: PCI bridge to [bus 02]
[    0.497444] pci 0000:00:1c.0:   bridge window [io  0x2000-0x2fff]
[    0.497515] pci 0000:00:1c.0:   bridge window [mem 0xdfa00000-0xdfbfffff]
[    0.497587] pci 0000:00:1c.0:   bridge window [mem 0xdfc00000-0xdfdfffff 64bit pref]
[    0.497665] pci 0000:00:1c.1: PCI bridge to [bus 03]
[    0.497733] pci 0000:00:1c.1:   bridge window [mem 0xf2400000-0xf24fffff]
[    0.497811] pci 0000:00:1c.3: PCI bridge to [bus 05-0c]
[    0.497876] pci 0000:00:1c.3:   bridge window [io  0x4000-0x4fff]
[    0.497947] pci 0000:00:1c.3:   bridge window [mem 0xf1c00000-0xf23fffff]
[    0.498018] pci 0000:00:1c.3:   bridge window [mem 0xf0400000-0xf0bfffff 64bit pref]
[    0.498096] pci 0000:00:1c.4: PCI bridge to [bus 0d]
[    0.498160] pci 0000:00:1c.4:   bridge window [io  0x3000-0x3fff]
[    0.498231] pci 0000:00:1c.4:   bridge window [mem 0xf1400000-0xf1bfffff]
[    0.498302] pci 0000:00:1c.4:   bridge window [mem 0xf0c00000-0xf13fffff 64bit pref]
[    0.498381] pci_bus 0000:00: resource 4 [io  0x0000-0x0cf7 window]
[    0.498383] pci_bus 0000:00: resource 5 [io  0x0d00-0xffff window]
[    0.498385] pci_bus 0000:00: resource 6 [mem 0x000a0000-0x000bffff window]
[    0.498387] pci_bus 0000:00: resource 7 [mem 0xdfa00000-0xfebfffff window]
[    0.498389] pci_bus 0000:00: resource 8 [mem 0xfed40000-0xfed4bfff window]
[    0.498391] pci_bus 0000:02: resource 0 [io  0x2000-0x2fff]
[    0.498393] pci_bus 0000:02: resource 1 [mem 0xdfa00000-0xdfbfffff]
[    0.498395] pci_bus 0000:02: resource 2 [mem 0xdfc00000-0xdfdfffff 64bit pref]
[    0.498397] pci_bus 0000:03: resource 1 [mem 0xf2400000-0xf24fffff]
[    0.498400] pci_bus 0000:05: resource 0 [io  0x4000-0x4fff]
[    0.498401] pci_bus 0000:05: resource 1 [mem 0xf1c00000-0xf23fffff]
[    0.498403] pci_bus 0000:05: resource 2 [mem 0xf0400000-0xf0bfffff 64bit pref]
[    0.498405] pci_bus 0000:0d: resource 0 [io  0x3000-0x3fff]
[    0.498407] pci_bus 0000:0d: resource 1 [mem 0xf1400000-0xf1bfffff]
[    0.498409] pci_bus 0000:0d: resource 2 [mem 0xf0c00000-0xf13fffff 64bit pref]
[    0.498682] NET: Registered protocol family 2
[    0.499157] tcp_listen_portaddr_hash hash table entries: 4096 (order: 6, 294912 bytes)
[    0.499378] TCP established hash table entries: 65536 (order: 7, 524288 bytes)
[    0.499548] TCP bind hash table entries: 65536 (order: 10, 4194304 bytes)
[    0.501947] TCP: Hash tables configured (established 65536 bind 65536)
[    0.502859] UDP hash table entries: 4096 (order: 7, 655360 bytes)
[    0.503249] UDP-Lite hash table entries: 4096 (order: 7, 655360 bytes)
[    0.503731] NET: Registered protocol family 1
[    0.505557] RPC: Registered named UNIX socket transport module.
[    0.505626] RPC: Registered udp transport module.
[    0.505687] RPC: Registered tcp transport module.
[    0.505748] RPC: Registered tcp NFSv4.1 backchannel transport module.
[    0.506110] pci 0000:00:02.0: Video device with shadowed ROM at [mem 0x000c0000-0x000dffff]
[    0.507253] PCI: CLS 64 bytes, default 64
[    0.507315] PCI-DMA: Using software bounce buffering for IO (SWIOTLB)
[    0.507383] software IO TLB: mapped [mem 0xd699f000-0xda99f000] (64MB)
[    0.511196] Initialise system trusted keyrings
[    0.511358] workingset: timestamp_bits=62 max_order=21 bucket_order=0
[    0.512681] Installing knfsd (copyright (C) 1996 okir@monad.swb.de).
[    0.513351] ntfs: driver 2.1.32 [Flags: R/W].
[    0.513528] fuse init (API version 7.28)
[    0.517761] Key type asymmetric registered
[    0.517828] Asymmetric key parser 'x509' registered
[    0.517922] Block layer SCSI generic (bsg) driver version 0.4 loaded (major 249)
[    0.518006] io scheduler noop registered
[    0.518064] io scheduler deadline registered
[    0.518154] io scheduler cfq registered (default)
[    0.518216] io scheduler mq-deadline registered
[    0.518294] io scheduler bfq registered
[    0.518586] pcieport 0000:00:1c.0: enabling device (0000 -> 0003)
[    0.519913] intel_idle: MWAIT substates: 0x21120
[    0.519916] intel_idle: v0.4.1 model 0x2A
[    0.520409] intel_idle: lapic_timer_reliable_states 0xffffffff
[    0.520718] ACPI: Deprecated procfs I/F for AC is loaded, please retry with CONFIG_ACPI_PROCFS_POWER cleared
[    0.520893] ACPI: AC Adapter [AC] (on-line)
[    0.521144] input: Lid Switch as /devices/LNXSYSTM:00/LNXSYBUS:00/PNP0C0D:00/input/input0
[    0.521324] ACPI: Lid Switch [LID]
[    0.521485] input: Sleep Button as /devices/LNXSYSTM:00/LNXSYBUS:00/PNP0C0E:00/input/input1
[    0.521641] ACPI: Sleep Button [SLPB]
[    0.521850] input: Power Button as /devices/LNXSYSTM:00/LNXPWRBN:00/input/input2
[    0.521961] ACPI: Power Button [PWRF]
[    0.525437] thermal LNXTHERM:00: registered as thermal_zone0
[    0.525506] ACPI: Thermal Zone [THM0] (58 C)
[    0.525904] Serial: 8250/16550 driver, 4 ports, IRQ sharing disabled
[    0.526029] battery: ACPI: Deprecated procfs I/F for battery is loaded, please retry with CONFIG_ACPI_PROCFS_POWER cleared
[    0.526145] battery: ACPI: Battery Slot [BAT0] (battery absent)
[    0.527149] lp: driver loaded but no devices found
[    0.527288] Non-volatile memory driver v1.3
[    0.527537] Linux agpgart interface v0.103
[    0.527904] [drm] radeon kernel modesetting enabled.
[    0.528918] [drm] Replacing VGA console driver
[    0.529448] Console: switching to colour dummy device 80x25
[    0.540221] [drm] Supports vblank timestamp caching Rev 2 (21.10.2013).
[    0.540257] [drm] Driver supports precise vblank timestamp query.
[    0.541214] i915 0000:00:02.0: vgaarb: changed VGA decodes: olddecodes=io+mem,decodes=io+mem:owns=io+mem
[    0.634598] [drm] Initialized i915 1.6.0 20180921 for 0000:00:02.0 on minor 0
[    0.636516] ACPI: Video Device [VID] (multi-head: yes  rom: no  post: no)
[    0.637076] input: Video Bus as /devices/LNXSYSTM:00/LNXSYBUS:00/PNP0A08:00/LNXVIDEO:00/input/input3
[    0.637408] usbcore: registered new interface driver udl
[    0.645913] loop: module loaded
[    0.658836] ahci 0000:00:1f.2: version 3.0
[    0.659435] ahci 0000:00:1f.2: SSS flag set, parallel bus scan disabled
[    0.672220] ahci 0000:00:1f.2: AHCI 0001.0300 32 slots 6 ports 6 Gbps 0x17 impl SATA mode
[    0.672274] ahci 0000:00:1f.2: flags: 64bit ncq sntf ilck stag pm led clo pio slum part ems sxs apst 
[    0.710320] scsi host0: ahci
[    0.710678] scsi host1: ahci
[    0.710985] scsi host2: ahci
[    0.711263] scsi host3: ahci
[    0.711545] scsi host4: ahci
[    0.711826] scsi host5: ahci
[    0.712003] ata1: SATA max UDMA/133 abar m2048@0xf2528000 port 0xf2528100 irq 19
[    0.712028] ata2: SATA max UDMA/133 abar m2048@0xf2528000 port 0xf2528180 irq 19
[    0.712055] ata3: SATA max UDMA/133 abar m2048@0xf2528000 port 0xf2528200 irq 19
[    0.712071] ata4: DUMMY
[    0.712078] ata5: SATA max UDMA/133 abar m2048@0xf2528000 port 0xf2528300 irq 19
[    0.712093] ata6: DUMMY
[    0.712900] tun: Universal TUN/TAP device driver, 1.6
[    0.713292] e1000e: Intel(R) PRO/1000 Network Driver - 3.2.6-k
[    0.713310] e1000e: Copyright(c) 1999 - 2015 Intel Corporation.
[    0.713694] e1000e 0000:00:19.0: Interrupt Throttling Rate (ints/sec) set to dynamic conservative mode
[    0.811151] e1000e 0000:00:19.0 0000:00:19.0 (uninitialized): registered PHC clock
[    0.904845] e1000e 0000:00:19.0 eth0: (PCI Express:2.5GT/s:Width x1) f0:de:f1:e3:99:75
[    0.904863] e1000e 0000:00:19.0 eth0: Intel(R) PRO/1000 Network Connection
[    0.904925] e1000e 0000:00:19.0 eth0: MAC: 10, PHY: 11, PBA No: 1000FF-0FF
[    0.905105] PPP generic driver version 2.4.2
[    0.905299] PPP BSD Compression module registered
[    0.905314] PPP Deflate Compression module registered
[    0.905330] SLIP: version 0.8.4-NET3.019-NEWTTY (dynamic channels, max=256).
[    0.905350] CSLIP: code copyright 1989 Regents of the University of California.
[    0.905416] iwl3945: Intel(R) PRO/Wireless 3945ABG/BG Network Connection driver for Linux, in-tree:ds
[    0.905443] iwl3945: Copyright(c) 2003-2011 Intel Corporation
[    0.905459] iwl3945: hw_scan is disabled
[    0.905520] Intel(R) Wireless WiFi driver for Linux
[    0.905534] Copyright(c) 2003- 2015 Intel Corporation
[    0.906038] iwlwifi 0000:03:00.0: pci_enable_msi failed - -38
[    0.906318] usbcore: registered new interface driver ax88179_178a
[    0.906360] usbcore: registered new interface driver cdc_ether
[    0.906410] usbcore: registered new interface driver cdc_eem
[    0.906464] usbcore: registered new interface driver net1080
[    0.906516] usbcore: registered new interface driver cdc_subset
[    0.906564] usbcore: registered new interface driver zaurus
[    0.906620] usbcore: registered new interface driver cdc_ncm
[    0.906673] usbcore: registered new interface driver cdc_mbim
[    0.906939] ehci_hcd: USB 2.0 'Enhanced' Host Controller (EHCI) Driver
[    0.906960] ehci-pci: EHCI PCI platform driver
[    0.907033] iwlwifi 0000:03:00.0: loaded firmware version 39.31.5.1 build 35138 op_mode iwldvm
[    0.907140] iwlwifi 0000:03:00.0: CONFIG_IWLWIFI_DEBUG disabled
[    0.907155] iwlwifi 0000:03:00.0: CONFIG_IWLWIFI_DEBUGFS disabled
[    0.907171] iwlwifi 0000:03:00.0: CONFIG_IWLWIFI_DEVICE_TRACING disabled
[    0.907188] iwlwifi 0000:03:00.0: Detected Intel(R) Centrino(R) Wireless-N 1000 BGN, REV=0x6C
[    0.907317] ehci-pci 0000:00:1a.0: EHCI Host Controller
[    0.907479] ehci-pci 0000:00:1a.0: new USB bus registered, assigned bus number 1
[    0.907523] ehci-pci 0000:00:1a.0: debug port 2
[    0.911494] ehci-pci 0000:00:1a.0: cache line size of 64 is not supported
[    0.911504] ehci-pci 0000:00:1a.0: irq 16, io mem 0xf252a000
[    0.921724] fbcon: inteldrmfb (fb0) is primary device
[    0.924188] ehci-pci 0000:00:1a.0: USB 2.0 started, EHCI 1.00
[    0.924625] usb usb1: New USB device found, idVendor=1d6b, idProduct=0002, bcdDevice= 4.20
[    0.924627] usb usb1: New USB device strings: Mfr=3, Product=2, SerialNumber=1
[    0.924632] usb usb1: Product: EHCI Host Controller
[    0.924636] usb usb1: Manufacturer: Linux 4.20.0-rc1+ ehci_hcd
[    0.924640] usb usb1: SerialNumber: 0000:00:1a.0
[    0.925262] hub 1-0:1.0: USB hub found
[    0.925315] hub 1-0:1.0: 3 ports detected
[    0.926576] ehci-pci 0000:00:1d.0: EHCI Host Controller
[    0.926698] ehci-pci 0000:00:1d.0: new USB bus registered, assigned bus number 2
[    0.926735] ehci-pci 0000:00:1d.0: debug port 2
[    0.930700] ehci-pci 0000:00:1d.0: cache line size of 64 is not supported
[    0.930729] ehci-pci 0000:00:1d.0: irq 23, io mem 0xf2529000
[    0.944272] ehci-pci 0000:00:1d.0: USB 2.0 started, EHCI 1.00
[    0.944521] usb usb2: New USB device found, idVendor=1d6b, idProduct=0002, bcdDevice= 4.20
[    0.944523] usb usb2: New USB device strings: Mfr=3, Product=2, SerialNumber=1
[    0.944525] usb usb2: Product: EHCI Host Controller
[    0.944527] usb usb2: Manufacturer: Linux 4.20.0-rc1+ ehci_hcd
[    0.944529] usb usb2: SerialNumber: 0000:00:1d.0
[    0.944924] hub 2-0:1.0: USB hub found
[    0.944964] hub 2-0:1.0: 3 ports detected
[    0.945521] ohci_hcd: USB 1.1 'Open' Host Controller (OHCI) Driver
[    0.945533] ohci-pci: OHCI PCI platform driver
[    0.945582] uhci_hcd: USB Universal Host Controller Interface driver
[    0.945804] usbcore: registered new interface driver cdc_acm
[    0.945806] cdc_acm: USB Abstract Control Model driver for USB modems and ISDN adapters
[    0.945848] usbcore: registered new interface driver usblp
[    0.945873] usbcore: registered new interface driver cdc_wdm
[    0.945924] usbcore: registered new interface driver usb-storage
[    0.945959] usbcore: registered new interface driver ums-sddr09
[    0.946082] usbcore: registered new interface driver usbserial_generic
[    0.946135] usbserial: USB Serial support registered for generic
[    0.946172] usbcore: registered new interface driver ch341
[    0.946208] usbserial: USB Serial support registered for ch341-uart
[    0.946248] usbcore: registered new interface driver ftdi_sio
[    0.946280] usbserial: USB Serial support registered for FTDI USB Serial Device
[    0.946335] usbcore: registered new interface driver option
[    0.946367] usbserial: USB Serial support registered for GSM modem (1-port)
[    0.946430] usbcore: registered new interface driver pl2303
[    0.946461] usbserial: USB Serial support registered for pl2303
[    0.946500] usbcore: registered new interface driver ti_usb_3410_5052
[    0.946535] usbserial: USB Serial support registered for TI USB 3410 1 port adapter
[    0.946568] usbserial: USB Serial support registered for TI USB 5052 2 port adapter
[    0.946572] ftdi_elan: driver ftdi-elan
[    0.946612] usbcore: registered new interface driver ftdi-elan
[    0.946753] i8042: PNP: PS/2 Controller [PNP0303:KBD,PNP0f13:MOU] at 0x60,0x64 irq 1,12
[    0.950193] serio: i8042 KBD port at 0x60,0x64 irq 1
[    0.950214] serio: i8042 AUX port at 0x60,0x64 irq 12
[    0.950572] mousedev: PS/2 mouse device common for all mice
[    0.951167] input: PC Speaker as /devices/platform/pcspkr/input/input4
[    0.951456] rtc_cmos 00:02: RTC can wake from S4
[    0.951732] rtc_cmos 00:02: registered as rtc0
[    0.951823] rtc_cmos 00:02: alarms up to one month, y3k, 114 bytes nvram, hpet irqs
[    0.951929] usbcore: registered new interface driver uvcvideo
[    0.951931] USB Video Class driver (1.1.1)
[    0.951932] gspca_main: v2.14.0 registered
[    0.951959] usbcore: registered new interface driver sq930x
[    0.952628] ieee80211 phy0: Selected rate control algorithm 'iwl-agn-rs'
[    0.953582] device-mapper: ioctl: 4.39.0-ioctl (2018-04-03) initialised: dm-devel@redhat.com
[    0.953584] Bluetooth: HCI UART driver ver 2.3
[    0.953586] Bluetooth: HCI UART protocol H4 registered
[    0.953587] Bluetooth: HCI UART protocol BCSP registered
[    0.953644] usbcore: registered new interface driver btusb
[    0.953650] intel_pstate: Intel P-state driver initializing
[    0.953961] sdhci: Secure Digital Host Controller Interface driver
[    0.953963] sdhci: Copyright(c) Pierre Ossman
[    0.954037] sdhci-pci 0000:0d:00.0: SDHCI controller found [1180:e822] (rev 7)
[    0.955527] mmc0 bounce up to 128 segments into one, max segment size 65536 bytes
[    0.956600] mmc0: SDHCI controller on PCI [0000:0d:00.0] using DMA
[    0.957098] hidraw: raw HID events driver (C) Jiri Kosina
[    0.957516] input: AT Translated Set 2 keyboard as /devices/platform/i8042/serio0/input/input5
[    0.960241] usbcore: registered new interface driver usbhid
[    0.960245] usbhid: USB HID core driver
[    0.962428] thinkpad_acpi: ThinkPad ACPI Extras v0.26
[    0.962432] thinkpad_acpi: http://ibm-acpi.sf.net/
[    0.962435] thinkpad_acpi: ThinkPad BIOS 8DET74WW (1.44 ), EC unknown
[    0.962438] thinkpad_acpi: Lenovo ThinkPad X220, model 42872WU
[    0.966826] thinkpad_acpi: radio switch found; radios are enabled
[    0.967066] thinkpad_acpi: Tablet mode switch found (type: MHKG), currently in laptop mode
[    0.967082] thinkpad_acpi: This ThinkPad has standard ACPI backlight brightness control, supported by the ACPI video driver
[    0.967082] thinkpad_acpi: Disabling thinkpad-acpi brightness events by default...
[    0.971492] thinkpad_acpi: rfkill switch tpacpi_bluetooth_sw: radio is unblocked
[    0.972917] thinkpad_acpi: warning: userspace override of important firmware LEDs is enabled
[    0.972941] thinkpad_acpi: Standard ACPI backlight interface available, not loading native one
[    0.972942] thinkpad_acpi: volume: disabled as there is no ALSA support in this kernel
[    0.974020] random: fast init done
[    0.974082] battery: new extension: ThinkPad Battery Extension
[    0.974146] input: ThinkPad Extra Buttons as /devices/platform/thinkpad_acpi/input/input7
[    0.975449] usbcore: registered new interface driver snd-usb-audio
[    0.977904] NET: Registered protocol family 17
[    0.978153] Bluetooth: RFCOMM TTY layer initialized
[    0.978165] Bluetooth: RFCOMM socket layer initialized
[    0.978175] Bluetooth: RFCOMM ver 1.11
[    0.978186] Bluetooth: BNEP (Ethernet Emulation) ver 1.3
[    0.978187] Bluetooth: BNEP filters: protocol multicast
[    0.978191] Bluetooth: BNEP socket layer initialized
[    0.978192] Bluetooth: HIDP (Human Interface Emulation) ver 1.2
[    0.978195] Bluetooth: HIDP socket layer initialized
[    0.978350] microcode: sig=0x206a7, pf=0x10, revision=0x2d
[    0.978469] microcode: Microcode Update Driver: v2.2.
[    0.978492] sched_clock: Marking stable (966449542, 12000964)->(988183376, -9732870)
[    0.978856] Loading compiled-in X.509 certificates
[    0.979408] Key type encrypted registered
[    0.979757] rtc_cmos 00:02: setting system clock to 2018-11-05 13:45:11 UTC (1541425511)
[    0.979909] cfg80211: Loading compiled-in X.509 certificates for regulatory database
[    0.980913] cfg80211: Loaded X.509 cert 'sforshee: 00b28ddf47aef9cea7'
[    0.981098] platform regulatory.0: Direct firmware load for regulatory.db failed with error -2
[    0.981116] cfg80211: failed to load regulatory.db
[    1.028213] ata1: SATA link up 1.5 Gbps (SStatus 113 SControl 300)
[    1.029711] ata1.00: ACPI cmd ef/02:00:00:00:00:a0 (SET FEATURES) succeeded
[    1.029720] ata1.00: ACPI cmd f5/00:00:00:00:00:a0 (SECURITY FREEZE LOCK) filtered out
[    1.029727] ata1.00: ACPI cmd ef/10:03:00:00:00:a0 (SET FEATURES) filtered out
[    1.030862] ata1.00: ATA-8: Hitachi HTS545050A7E380, GG2OA7J0, max UDMA/133
[    1.030869] ata1.00: 976773168 sectors, multi 16: LBA48 NCQ (depth 32), AA
[    1.032465] ata1.00: ACPI cmd ef/02:00:00:00:00:a0 (SET FEATURES) succeeded
[    1.032474] ata1.00: ACPI cmd f5/00:00:00:00:00:a0 (SECURITY FREEZE LOCK) filtered out
[    1.032481] ata1.00: ACPI cmd ef/10:03:00:00:00:a0 (SET FEATURES) filtered out
[    1.033616] ata1.00: configured for UDMA/133
[    1.035805] snd_hda_intel 0000:00:1b.0: bound 0000:00:02.0 (ops i915_audio_component_bind_ops)
[    1.059062] snd_hda_codec_generic hdaudioC0D0: autoconfig for Generic: line_outs=1 (0x1f/0x0/0x0/0x0/0x0) type:speaker
[    1.059070] snd_hda_codec_generic hdaudioC0D0:    speaker_outs=0 (0x0/0x0/0x0/0x0/0x0)
[    1.059077] snd_hda_codec_generic hdaudioC0D0:    hp_outs=1 (0x19/0x0/0x0/0x0/0x0)
[    1.059082] snd_hda_codec_generic hdaudioC0D0:    mono: mono_out=0x0
[    1.059086] snd_hda_codec_generic hdaudioC0D0:    inputs:
[    1.059093] snd_hda_codec_generic hdaudioC0D0:      Internal Mic=0x23
[    1.059100] snd_hda_codec_generic hdaudioC0D0:      Mic=0x1b
[    1.060030] Console: switching to colour frame buffer device 102x42
[    1.063145] snd_hda_codec_generic hdaudioC0D3: ignore pin 0x7, too many assigned pins
[    1.063148] snd_hda_codec_generic hdaudioC0D3: autoconfig for Generic: line_outs=0 (0x0/0x0/0x0/0x0/0x0) type:line
[    1.063150] snd_hda_codec_generic hdaudioC0D3:    speaker_outs=0 (0x0/0x0/0x0/0x0/0x0)
[    1.063152] snd_hda_codec_generic hdaudioC0D3:    hp_outs=0 (0x0/0x0/0x0/0x0/0x0)
[    1.063154] snd_hda_codec_generic hdaudioC0D3:    mono: mono_out=0x0
[    1.063155] snd_hda_codec_generic hdaudioC0D3:    dig-out=0x5/0x6
[    1.063156] snd_hda_codec_generic hdaudioC0D3:    inputs:
[    1.065597] input: HDA Intel PCH Mic as /devices/pci0000:00/0000:00:1b.0/sound/card0/input9
[    1.065816] input: HDA Intel PCH Headphone as /devices/pci0000:00/0000:00:1b.0/sound/card0/input10
[    1.065984] input: HDA Intel PCH HDMI as /devices/pci0000:00/0000:00:1b.0/sound/card0/input11
[    1.066142] input: HDA Intel PCH HDMI as /devices/pci0000:00/0000:00:1b.0/sound/card0/input12
[    1.189533] i915 0000:00:02.0: fb0: inteldrmfb frame buffer device
[    1.190931] scsi 0:0:0:0: Direct-Access     ATA      Hitachi HTS54505 A7J0 PQ: 0 ANSI: 5
[    1.193058] sd 0:0:0:0: [sda] 976773168 512-byte logical blocks: (500 GB/466 GiB)
[    1.193136] sd 0:0:0:0: Attached scsi generic sg0 type 0
[    1.194016] sd 0:0:0:0: [sda] 4096-byte physical blocks
[    1.196454] sd 0:0:0:0: [sda] Write Protect is off
[    1.197330] sd 0:0:0:0: [sda] Mode Sense: 00 3a 00 00
[    1.197492] sd 0:0:0:0: [sda] Write cache: enabled, read cache: enabled, doesn't support DPO or FUA
[    1.264247] usb 1-1: new high-speed USB device number 2 using ehci-pci
[    1.280244] usb 2-1: new high-speed USB device number 2 using ehci-pci
[    1.424849] usb 1-1: New USB device found, idVendor=8087, idProduct=0024, bcdDevice= 0.00
[    1.426360] usb 1-1: New USB device strings: Mfr=0, Product=0, SerialNumber=0
[    1.428451] hub 1-1:1.0: USB hub found
[    1.430075] hub 1-1:1.0: 6 ports detected
[    1.440591] usb 2-1: New USB device found, idVendor=8087, idProduct=0024, bcdDevice= 0.00
[    1.442081] usb 2-1: New USB device strings: Mfr=0, Product=0, SerialNumber=0
[    1.443928] hub 2-1:1.0: USB hub found
[    1.445534] hub 2-1:1.0: 8 ports detected
[    1.516266] ata2: SATA link down (SStatus 0 SControl 300)
[    1.524330]  sda: sda1 sda2 sda3 sda4
[    1.531748] sd 0:0:0:0: [sda] Attached SCSI disk
[    1.534879] tsc: Refined TSC clocksource calibration: 2491.909 MHz
[    1.535710] clocksource: tsc: mask: 0xffffffffffffffff max_cycles: 0x23eb5e837e7, max_idle_ns: 440795249842 ns
[    1.536746] clocksource: Switched to clocksource tsc
[    1.724132] usb 1-1.3: new full-speed USB device number 3 using ehci-pci
[    1.736128] usb 2-1.1: new high-speed USB device number 3 using ehci-pci
[    1.834932] usb 1-1.3: New USB device found, idVendor=147e, idProduct=2016, bcdDevice= 0.02
[    1.838270] usb 1-1.3: New USB device strings: Mfr=1, Product=2, SerialNumber=0
[    1.838312] ata3: SATA link up 3.0 Gbps (SStatus 123 SControl 300)
[    1.840009] usb 1-1.3: Product: Biometric Coprocessor
[    1.843405] usb 1-1.3: Manufacturer: UPEK
[    1.847604] usb 2-1.1: New USB device found, idVendor=05e3, idProduct=0608, bcdDevice=77.64
[    1.849460] usb 2-1.1: New USB device strings: Mfr=0, Product=1, SerialNumber=0
[    1.850426] usb 2-1.1: Product: USB2.0 Hub
[    1.851957] hub 2-1.1:1.0: USB hub found
[    1.853224] hub 2-1.1:1.0: 4 ports detected
[    1.854431] psmouse serio1: synaptics: queried max coordinates: x [..5472], y [..4448]
[    1.855104] ata3.00: ACPI cmd ef/02:00:00:00:00:a0 (SET FEATURES) succeeded
[    1.856894] ata3.00: ACPI cmd f5/00:00:00:00:00:a0 (SECURITY FREEZE LOCK) filtered out
[    1.859471] ata3.00: ACPI cmd ef/10:03:00:00:00:a0 (SET FEATURES) filtered out
[    1.867407] ata3.00: ATA-8: KINGSTON SMS200S3240G, 60AABBF0, max UDMA/133
[    1.868921] ata3.00: 468862128 sectors, multi 1: LBA48 NCQ (depth 32), AA
[    1.875293] ata3.00: ACPI cmd ef/02:00:00:00:00:a0 (SET FEATURES) succeeded
[    1.875310] ata3.00: ACPI cmd f5/00:00:00:00:00:a0 (SECURITY FREEZE LOCK) filtered out
[    1.876801] ata3.00: ACPI cmd ef/10:03:00:00:00:a0 (SET FEATURES) filtered out
[    1.883493] ata3.00: configured for UDMA/133
[    1.885907] scsi 2:0:0:0: Direct-Access     ATA      KINGSTON SMS200S BBF0 PQ: 0 ANSI: 5
[    1.888828] sd 2:0:0:0: Attached scsi generic sg1 type 0
[    1.888840] sd 2:0:0:0: [sdb] 468862128 512-byte logical blocks: (240 GB/224 GiB)
[    1.893040] sd 2:0:0:0: [sdb] Write Protect is off
[    1.893950] sd 2:0:0:0: [sdb] Mode Sense: 00 3a 00 00
[    1.894006] sd 2:0:0:0: [sdb] Write cache: enabled, read cache: enabled, doesn't support DPO or FUA
[    1.896169]  sdb: sdb2 sdb4
[    1.898302] sd 2:0:0:0: [sdb] Attached SCSI disk
[    1.932288] usb 1-1.4: new full-speed USB device number 4 using ehci-pci
[    1.936352] usb 2-1.2: new high-speed USB device number 4 using ehci-pci
[    1.943697] psmouse serio1: synaptics: Touchpad model: 1, fw: 8.0, id: 0x1e2b1, caps: 0xd001a3/0x940300/0x120c00/0x0, board id: 1611, fw id: 774180
[    1.951068] psmouse serio1: synaptics: serio: Synaptics pass-through port at isa0060/serio1/input0
[    2.004262] input: SynPS/2 Synaptics TouchPad as /devices/platform/i8042/serio1/input/input8
[    2.050655] usb 2-1.2: New USB device found, idVendor=1a40, idProduct=0101, bcdDevice= 1.11
[    2.054773] usb 2-1.2: New USB device strings: Mfr=0, Product=1, SerialNumber=0
[    2.056647] usb 2-1.2: Product: USB 2.0 Hub
[    2.059191] hub 2-1.2:1.0: USB hub found
[    2.061467] hub 2-1.2:1.0: 4 ports detected
[    2.065479] usb 1-1.4: New USB device found, idVendor=0a5c, idProduct=217f, bcdDevice= 7.48
[    2.067310] usb 1-1.4: New USB device strings: Mfr=1, Product=2, SerialNumber=3
[    2.069131] usb 1-1.4: Product: Broadcom Bluetooth Device
[    2.070106] usb 1-1.4: Manufacturer: Broadcom Corp
[    2.071011] usb 1-1.4: SerialNumber: 7CE9D3B855AA
[    2.144225] usb 2-1.1.3: new low-speed USB device number 5 using ehci-pci
[    2.152274] usb 1-1.6: new high-speed USB device number 5 using ehci-pci
[    2.212155] ata5: SATA link down (SStatus 0 SControl 300)
[    2.250782] PM: Image not found (code -22)
[    2.250873] ALSA device list:
[    2.254449]   #0: HDA Intel PCH at 0xf2520000 irq 22
[    2.262874] usb 2-1.1.3: New USB device found, idVendor=046d, idProduct=c050, bcdDevice=27.20
[    2.266994] usb 2-1.1.3: New USB device strings: Mfr=1, Product=2, SerialNumber=0
[    2.269242] usb 2-1.1.3: Product: USB-PS/2 Optical Mouse
[    2.271908] usb 2-1.1.3: Manufacturer: Logitech
[    2.272446] usb 1-1.6: New USB device found, idVendor=04f2, idProduct=b217, bcdDevice= 8.54
[    2.278766] usb 1-1.6: New USB device strings: Mfr=1, Product=2, SerialNumber=0
[    2.280287] input: Logitech USB-PS/2 Optical Mouse as /devices/pci0000:00/0000:00:1d.0/usb2/2-1/2-1.1/2-1.1.3/2-1.1.3:1.0/0003:046D:C050.0001/input/input14
[    2.280544] usb 1-1.6: Product: Integrated Camera
[    2.284164] hid-generic 0003:046D:C050.0001: input,hidraw0: USB HID v1.10 Mouse [Logitech USB-PS/2 Optical Mouse] on usb-0000:00:1d.0-1.1.3/input0
[    2.285461] usb 1-1.6: Manufacturer: Chicony Electronics Co., Ltd.
[    2.292023] uvcvideo: Found UVC 1.00 device Integrated Camera (04f2:b217)
[    2.303317] uvcvideo 1-1.6:1.0: Entity type for entity Extension 3 was not initialized!
[    2.305142] uvcvideo 1-1.6:1.0: Entity type for entity Processing 2 was not initialized!
[    2.306909] uvcvideo 1-1.6:1.0: Entity type for entity Camera 1 was not initialized!
[    2.364274] usb 2-1.2.1: new low-speed USB device number 6 using ehci-pci
[    2.514614] usb 2-1.2.1: New USB device found, idVendor=06a3, idProduct=053f, bcdDevice= 0.02
[    2.518389] usb 2-1.2.1: New USB device strings: Mfr=1, Product=2, SerialNumber=3
[    2.521997] usb 2-1.2.1: Product: Saitek X36
[    2.525514] usb 2-1.2.1: Manufacturer: Saitek
[    2.528898] usb 2-1.2.1: SerialNumber: 00103464
[    2.569673] input: Saitek Saitek X36 as /devices/pci0000:00/0000:00:1d.0/usb2/2-1/2-1.2/2-1.2.1/2-1.2.1:1.0/0003:06A3:053F.0002/input/input15
[    2.572075] hid-generic 0003:06A3:053F.0002: input,hidraw1: USB HID v1.00 Joystick [Saitek Saitek X36] on usb-0000:00:1d.0-1.2.1/input0
[    2.576217] usb 2-1.1.4: new full-speed USB device number 7 using ehci-pci
[    2.707855] usb 2-1.1.4: New USB device found, idVendor=0a12, idProduct=0001, bcdDevice=88.91
[    2.711695] usb 2-1.1.4: New USB device strings: Mfr=0, Product=2, SerialNumber=0
[    2.713616] usb 2-1.1.4: Product: CSR8510 A10
[    2.784239] usb 2-1.2.2: new low-speed USB device number 8 using ehci-pci
[    2.787157] psmouse serio2: trackpoint: IBM TrackPoint firmware: 0x0e, buttons: 3/3
[    2.925335] usb 2-1.2.2: New USB device found, idVendor=046d, idProduct=c05a, bcdDevice=63.00
[    2.929391] usb 2-1.2.2: New USB device strings: Mfr=1, Product=2, SerialNumber=0
[    2.933362] usb 2-1.2.2: Product: USB Optical Mouse
[    2.937248] usb 2-1.2.2: Manufacturer: Logitech
[    2.941578] input: Logitech USB Optical Mouse as /devices/pci0000:00/0000:00:1d.0/usb2/2-1/2-1.2/2-1.2.2/2-1.2.2:1.0/0003:046D:C05A.0003/input/input16
[    2.944102] hid-generic 0003:046D:C05A.0003: input,hidraw2: USB HID v1.11 Mouse [Logitech USB Optical Mouse] on usb-0000:00:1d.0-1.2.2/input0
[    3.044250] usb 2-1.2.3: new low-speed USB device number 9 using ehci-pci
[    3.050858] input: TPPS/2 IBM TrackPoint as /devices/platform/i8042/serio1/serio2/input/input13
[    3.161666] md: Waiting for all devices to be available before autodetect
[    3.166255] md: If you don't use raid, use raid=noautodetect
[    3.171682] md: Autodetecting RAID arrays.
[    3.175738] md: autorun ...
[    3.176813] md: ... autorun DONE.
[    3.186086] EXT4-fs (sdb4): mounted filesystem with ordered data mode. Opts: (null)
[    3.187171] VFS: Mounted root (ext4 filesystem) readonly on device 8:20.
[    3.188257] usb 2-1.2.3: New USB device found, idVendor=04f2, idProduct=0111, bcdDevice= 1.02
[    3.188678] devtmpfs: mounted
[    3.189580] usb 2-1.2.3: New USB device strings: Mfr=1, Product=2, SerialNumber=0
[    3.191728] usb 2-1.2.3: Product: USB Keyboard
[    3.192814] usb 2-1.2.3: Manufacturer: Chicony
[    3.194162] Freeing unused kernel image memory: 1068K
[    3.198534] input: Chicony USB Keyboard as /devices/pci0000:00/0000:00:1d.0/usb2/2-1/2-1.2/2-1.2.3/2-1.2.3:1.0/0003:04F2:0111.0004/input/input17
[    3.216246] Write protecting the kernel read-only data: 24576k
[    3.221546] Freeing unused kernel image memory: 2012K
[    3.225306] Freeing unused kernel image memory: 840K
[    3.236076] x86/mm: Checked W+X mappings: passed, no W+X pages found.
[    3.237083] rodata_test: all tests were successful
[    3.238046] x86/mm: Checking user space page tables
[    3.246485] x86/mm: Checked W+X mappings: passed, no W+X pages found.
[    3.247423] Run /sbin/init as init process
[    3.261777] hid-generic 0003:04F2:0111.0004: input,hidraw3: USB HID v1.10 Keyboard [Chicony USB Keyboard] on usb-0000:00:1d.0-1.2.3/input0
[    3.278175] input: Chicony USB Keyboard System Control as /devices/pci0000:00/0000:00:1d.0/usb2/2-1/2-1.2/2-1.2.3/2-1.2.3:1.1/0003:04F2:0111.0005/input/input18
[    3.305530] random: systemd: uninitialized urandom read (16 bytes read)
[    3.307128] systemd[1]: systemd 215 running in system mode. (+PAM +AUDIT +SELINUX +IMA +SYSVINIT +LIBCRYPTSETUP +GCRYPT +ACL +XZ -SECCOMP -APPARMOR)
[    3.328924] systemd[1]: Detected architecture 'x86-64'.
[    3.340382] input: Chicony USB Keyboard Consumer Control as /devices/pci0000:00/0000:00:1d.0/usb2/2-1/2-1.2/2-1.2.3/2-1.2.3:1.1/0003:04F2:0111.0005/input/input19
[    3.340792] hid-generic 0003:04F2:0111.0005: input,hiddev96,hidraw4: USB HID v1.10 Device [Chicony USB Keyboard] on usb-0000:00:1d.0-1.2.3/input1
[    3.357332] systemd[1]: Failed to insert module 'ipv6'
[    3.358807] systemd[1]: Set hostname to <duo>.
[    3.371602] random: systemd-sysv-ge: uninitialized urandom read (16 bytes read)
[    3.417488] random: systemd-sysv-ge: uninitialized urandom read (16 bytes read)
[    3.486364] systemd[1]: Binding to IPv6 address not available since kernel does not support IPv6.
[    3.487422] systemd[1]: [/lib/systemd/system/gpsd.socket:6] Failed to parse address value, ignoring: [::1]:2947
[    3.491598] systemd[1]: Starting Forward Password Requests to Wall Directory Watch.
[    3.492918] systemd[1]: Started Forward Password Requests to Wall Directory Watch.
[    3.493947] systemd[1]: Starting Remote File Systems (Pre).
[    3.497134] systemd[1]: Reached target Remote File Systems (Pre).
[    3.613291] systemd-udevd[2027]: starting version 215
[    3.870372] e1000e 0000:00:19.0 eth2: renamed from eth0
[    3.892400] systemd-udevd[2617]: renamed network interface eth0 to eth2
[    3.892582] iwlwifi 0000:03:00.0 wlan1: renamed from wlan0
[    3.912426] systemd-udevd[2647]: renamed network interface wlan0 to wlan1
[    3.920327] Bluetooth: hci0: urb (____ptrval____) failed to resubmit (2)
[    5.475751] Adding 1681428k swap on /dev/sda1.  Priority:-2 extents:1 across:1681428k 
[    5.596450] random: crng init done
[    5.599852] random: 7 urandom warning(s) missed due to ratelimiting
[    5.986753] EXT4-fs (sdb4): re-mounted. Opts: errors=remount-ro
[    6.318564] EXT4-fs (sda2): mounted filesystem with ordered data mode. Opts: errors=remount-ro
[    6.379167] EXT4-fs (sdb2): mounted filesystem with ordered data mode. Opts: errors=remount-ro
[    6.421642] systemd-journald[2029]: Received request to flush runtime journal from PID 1
[    7.074626] device-mapper: table: 251:0: thin-pool: unknown target type
[    7.075545] device-mapper: ioctl: error adding target to table
[    8.087628] iwlwifi 0000:03:00.0: Radio type=0x0-0x0-0x3
[    8.159597] iwlwifi 0000:03:00.0: Radio type=0x0-0x0-0x3
[    9.750239] e1000e: eth2 NIC Link is Up 100 Mbps Full Duplex, Flow Control: Rx/Tx
[    9.750246] e1000e 0000:00:19.0 eth2: 10/100 speed: disabling TSO
[   12.448256] wlan1: authenticate with 00:00:00:00:00:01
[   12.454089] wlan1: send auth to 00:00:00:00:00:01 (try 1/3)
[   12.456380] wlan1: authenticated
[   12.456590] wlan1: waiting for beacon from 00:00:00:00:00:01
[   12.524340] wlan1: associate with 00:00:00:00:00:01 (try 1/3)
[   12.528460] wlan1: RX AssocResp from 00:00:00:00:00:01 (capab=0x401 status=0 aid=4)
[   12.532639] wlan1: associated
