[    0.000000] Linux version 4.18.0-rc2-next-20180629 (pavel@amd) (gcc version 4.9.2 (Debian 4.9.2-10+deb8u1)) #135 SMP Sun Jul 1 08:36:35 CEST 2018
[    0.000000] Disabled fast string operations
[    0.000000] x86/fpu: x87 FPU will use FXSAVE
[    0.000000] BIOS-provided physical RAM map:
[    0.000000] BIOS-e820: [mem 0x0000000000000000-0x000000000009efff] usable
[    0.000000] BIOS-e820: [mem 0x000000000009f000-0x000000000009ffff] reserved
[    0.000000] BIOS-e820: [mem 0x00000000000dc000-0x00000000000fffff] reserved
[    0.000000] BIOS-e820: [mem 0x0000000000100000-0x00000000bf6cffff] usable
[    0.000000] BIOS-e820: [mem 0x00000000bf6d0000-0x00000000bf6defff] ACPI data
[    0.000000] BIOS-e820: [mem 0x00000000bf6df000-0x00000000bf6fffff] ACPI NVS
[    0.000000] BIOS-e820: [mem 0x00000000bf700000-0x00000000bfffffff] reserved
[    0.000000] BIOS-e820: [mem 0x00000000f0000000-0x00000000f3ffffff] reserved
[    0.000000] BIOS-e820: [mem 0x00000000fec00000-0x00000000fec0ffff] reserved
[    0.000000] BIOS-e820: [mem 0x00000000fed00000-0x00000000fed003ff] reserved
[    0.000000] BIOS-e820: [mem 0x00000000fed14000-0x00000000fed19fff] reserved
[    0.000000] BIOS-e820: [mem 0x00000000fed1c000-0x00000000fed8ffff] reserved
[    0.000000] BIOS-e820: [mem 0x00000000fee00000-0x00000000fee00fff] reserved
[    0.000000] BIOS-e820: [mem 0x00000000ff800000-0x00000000ffffffff] reserved
[    0.000000] NX (Execute Disable) protection: active
[    0.000000] SMBIOS 2.4 present.
[    0.000000] DMI: LENOVO 17097HU/17097HU, BIOS 7BETD8WW (2.19 ) 03/31/2011
[    0.000000] e820: update [mem 0x00000000-0x00000fff] usable ==> reserved
[    0.000000] e820: remove [mem 0x000a0000-0x000fffff] usable
[    0.000000] last_pfn = 0xbf6d0 max_arch_pfn = 0x1000000
[    0.000000] MTRR default type: uncachable
[    0.000000] MTRR fixed ranges enabled:
[    0.000000]   00000-9FFFF write-back
[    0.000000]   A0000-BFFFF uncachable
[    0.000000]   C0000-CFFFF write-protect
[    0.000000]   D0000-DBFFF uncachable
[    0.000000]   DC000-DFFFF write-back
[    0.000000]   E0000-FFFFF write-protect
[    0.000000] MTRR variable ranges enabled:
[    0.000000]   0 base 000000000 mask F80000000 write-back
[    0.000000]   1 base 080000000 mask FC0000000 write-back
[    0.000000]   2 base 0BF700000 mask FFFF00000 uncachable
[    0.000000]   3 base 0BF800000 mask FFF800000 uncachable
[    0.000000]   4 disabled
[    0.000000]   5 disabled
[    0.000000]   6 disabled
[    0.000000]   7 disabled
[    0.000000] x86/PAT: PAT not supported by CPU.
[    0.000000] x86/PAT: Configuration [0-7]: WB  WT  UC- UC  WB  WT  UC- UC  
[    0.000000] initial memory mapped: [mem 0x00000000-0x05dfffff]
[    0.000000] Base memory trampoline at [(ptrval)] 9b000 size 16384
[    0.000000] BRK [0x05834000, 0x05834fff] PGTABLE
[    0.000000] BRK [0x05835000, 0x05835fff] PGTABLE
[    0.000000] ACPI: Early table checksum verification disabled
[    0.000000] ACPI: RSDP 0x00000000000F67C0 000024 (v02 LENOVO)
[    0.000000] ACPI: XSDT 0x00000000BF6D191C 000084 (v01 LENOVO TP-7B    00002190  LTP 00000000)
[    0.000000] ACPI: FACP 0x00000000BF6D1A00 0000F4 (v03 LENOVO TP-7B    00002190 LNVO 00000001)
[    0.000000] ACPI BIOS Warning (bug): 32/64X length mismatch in FADT/Gpe0Block: 64/32 (20180531/tbfadt-569)
[    0.000000] ACPI BIOS Warning (bug): Optional FADT field Gpe1Block has valid Address but zero Length: 0x000000000000102C/0x0 (20180531/tbfadt-624)
[    0.000000] ACPI: DSDT 0x00000000BF6D1D90 00CFB9 (v01 LENOVO TP-7B    00002190 MSFT 0100000E)
[    0.000000] ACPI: FACS 0x00000000BF6F4000 000040
[    0.000000] ACPI: FACS 0x00000000BF6F4000 000040
[    0.000000] ACPI: SSDT 0x00000000BF6D1BB4 0001DC (v01 LENOVO TP-7B    00002190 MSFT 0100000E)
[    0.000000] ACPI: ECDT 0x00000000BF6DED49 000052 (v01 LENOVO TP-7B    00002190 LNVO 00000001)
[    0.000000] ACPI: TCPA 0x00000000BF6DED9B 000032 (v02 LENOVO TP-7B    00002190 LNVO 00000001)
[    0.000000] ACPI: APIC 0x00000000BF6DEDCD 000068 (v01 LENOVO TP-7B    00002190 LNVO 00000001)
[    0.000000] ACPI: MCFG 0x00000000BF6DEE35 00003C (v01 LENOVO TP-7B    00002190 LNVO 00000001)
[    0.000000] ACPI: HPET 0x00000000BF6DEE71 000038 (v01 LENOVO TP-7B    00002190 LNVO 00000001)
[    0.000000] ACPI: BOOT 0x00000000BF6DEFD8 000028 (v01 LENOVO TP-7B    00002190  LTP 00000001)
[    0.000000] ACPI: SSDT 0x00000000BF6F2645 00025F (v01 LENOVO TP-7B    00002190 INTL 20050513)
[    0.000000] ACPI: SSDT 0x00000000BF6F28A4 0000A6 (v01 LENOVO TP-7B    00002190 INTL 20050513)
[    0.000000] ACPI: SSDT 0x00000000BF6F294A 0004F7 (v01 LENOVO TP-7B    00002190 INTL 20050513)
[    0.000000] ACPI: SSDT 0x00000000BF6F2E41 0001D8 (v01 LENOVO TP-7B    00002190 INTL 20050513)
[    0.000000] ACPI: Local APIC address 0xfee00000
[    0.000000] 2174MB HIGHMEM available.
[    0.000000] 887MB LOWMEM available.
[    0.000000]   mapped low ram: 0 - 377fe000
[    0.000000]   low ram: 0 - 377fe000
[    0.000000] tsc: Fast TSC calibration using PIT
[    0.000000] BRK [0x05836000, 0x05836fff] PGTABLE
[    0.000000] Zone ranges:
[    0.000000]   DMA      [mem 0x0000000000001000-0x0000000000ffffff]
[    0.000000]   Normal   [mem 0x0000000001000000-0x00000000377fdfff]
[    0.000000]   HighMem  [mem 0x00000000377fe000-0x00000000bf6cffff]
[    0.000000] Movable zone start for each node
[    0.000000] Early memory node ranges
[    0.000000]   node   0: [mem 0x0000000000001000-0x000000000009efff]
[    0.000000]   node   0: [mem 0x0000000000100000-0x00000000bf6cffff]
[    0.000000] Initmem setup node 0 [mem 0x0000000000001000-0x00000000bf6cffff]
[    0.000000] On node 0 totalpages: 783982
[    0.000000]   DMA zone: 32 pages used for memmap
[    0.000000]   DMA zone: 0 pages reserved
[    0.000000]   DMA zone: 3998 pages, LIFO batch:0
[    0.000000]   Normal zone: 1744 pages used for memmap
[    0.000000]   Normal zone: 223230 pages, LIFO batch:31
[    0.000000]   HighMem zone: 556754 pages, LIFO batch:31
[    0.000000] Reserved but unavailable: 402 pages
[    0.000000] Using APIC driver default
[    0.000000] Reserving Intel graphics memory at [mem 0xbf800000-0xbfffffff]
[    0.000000] ACPI: PM-Timer IO Port: 0x1008
[    0.000000] ACPI: Local APIC address 0xfee00000
[    0.000000] ACPI: LAPIC_NMI (acpi_id[0x00] high edge lint[0x1])
[    0.000000] ACPI: LAPIC_NMI (acpi_id[0x01] high edge lint[0x1])
[    0.000000] IOAPIC[0]: apic_id 1, version 32, address 0xfec00000, GSI 0-23
[    0.000000] ACPI: INT_SRC_OVR (bus 0 bus_irq 0 global_irq 2 dfl dfl)
[    0.000000] ACPI: INT_SRC_OVR (bus 0 bus_irq 9 global_irq 9 high level)
[    0.000000] ACPI: IRQ0 used by override.
[    0.000000] ACPI: IRQ9 used by override.
[    0.000000] Using ACPI (MADT) for SMP configuration information
[    0.000000] ACPI: HPET id: 0x8086a201 base: 0xfed00000
[    0.000000] smpboot: Allowing 2 CPUs, 0 hotplug CPUs
[    0.000000] PM: Registered nosave memory: [mem 0x00000000-0x00000fff]
[    0.000000] PM: Registered nosave memory: [mem 0x0009f000-0x0009ffff]
[    0.000000] PM: Registered nosave memory: [mem 0x000a0000-0x000dbfff]
[    0.000000] PM: Registered nosave memory: [mem 0x000dc000-0x000fffff]
[    0.000000] [mem 0xc0000000-0xefffffff] available for PCI devices
[    0.000000] clocksource: refined-jiffies: mask: 0xffffffff max_cycles: 0xffffffff, max_idle_ns: 7645519600211568 ns
[    0.000000] random: get_random_bytes called from start_kernel+0x74/0x347 with crng_init=0
[    0.000000] setup_percpu: NR_CPUS:8 nr_cpumask_bits:8 nr_cpu_ids:2 nr_node_ids:1
[    0.000000] percpu: Embedded 29 pages/cpu @(ptrval) s86312 r0 d32472 u118784
[    0.000000] pcpu-alloc: s86312 r0 d32472 u118784 alloc=29*4096
[    0.000000] pcpu-alloc: [0] 0 [0] 1 
[    0.000000] Built 1 zonelists, mobility grouping on.  Total pages: 782206
[    0.000000] Kernel command line: BOOT_IMAGE=(hd0,2)/fast/l/linux-next-32/arch/x86/boot/bzImage root=/dev/sda4 resume=/dev/sda1
[    0.000000] Dentry cache hash table entries: 131072 (order: 7, 524288 bytes)
[    0.000000] Inode-cache hash table entries: 65536 (order: 6, 262144 bytes)
[    0.000000] Initializing CPU#0
[    0.000000] Initializing HighMem for node 0 (000377fe:000bf6d0)
[    0.000000] Initializing Movable for node 0 (00000000:00000000)
[    0.000000] Memory: 3085524K/3135928K available (12177K kernel code, 710K rwdata, 4760K rodata, 600K init, 6136K bss, 50404K reserved, 0K cma-reserved, 2227016K highmem)
[    0.000000] virtual kernel memory layout:
    fixmap  : 0xffe70000 - 0xfffff000   (1596 kB)
  cpu_entry : 0xffa00000 - 0xffb39000   (1252 kB)
    pkmap   : 0xff800000 - 0xffa00000   (2048 kB)
    vmalloc : 0xf7ffe000 - 0xff7fe000   ( 120 MB)
    lowmem  : 0xc0000000 - 0xf77fe000   ( 887 MB)
      .init : 0xc5165000 - 0xc51fb000   ( 600 kB)
      .data : 0xc4be4458 - 0xc5142940   (5497 kB)
      .text : 0xc4000000 - 0xc4be4458   (12177 kB)
[    0.000000] Checking if this processor honours the WP bit even in supervisor mode...Ok.
[    0.000000] rcu: Hierarchical RCU implementation.
[    0.000000] rcu: 	RCU restricting CPUs from NR_CPUS=8 to nr_cpu_ids=2.
[    0.000000] rcu: Adjusting geometry for rcu_fanout_leaf=16, nr_cpu_ids=2
[    0.000000] NR_IRQS: 2304, nr_irqs: 56, preallocated irqs: 16
[    0.000000] CPU 0 irqstacks, hard=(ptrval) soft=(ptrval)
[    0.000000] Console: colour VGA+ 80x25
[    0.000000] console [tty0] enabled
[    0.000000] Lock dependency validator: Copyright (c) 2006 Red Hat, Inc., Ingo Molnar
[    0.000000] ... MAX_LOCKDEP_SUBCLASSES:  8
[    0.000000] ... MAX_LOCK_DEPTH:          48
[    0.000000] ... MAX_LOCKDEP_KEYS:        8191
[    0.000000] ... CLASSHASH_SIZE:          4096
[    0.000000] ... MAX_LOCKDEP_ENTRIES:     32768
[    0.000000] ... MAX_LOCKDEP_CHAINS:      65536
[    0.000000] ... CHAINHASH_SIZE:          32768
[    0.000000]  memory used by lock dependency info: 4383 kB
[    0.000000]  per task-struct memory footprint: 1344 bytes
[    0.000000] ACPI: Core revision 20180531
[    0.000000] clocksource: hpet: mask: 0xffffffff max_cycles: 0xffffffff, max_idle_ns: 133484882848 ns
[    0.000000] hpet clockevent registered
[    0.000000] APIC: Switch to symmetric I/O mode setup
[    0.000000] Enabling APIC mode:  Flat.  Using 1 I/O APICs
[    0.000000] ..TIMER: vector=0x30 apic1=0 pin1=2 apic2=-1 pin2=-1
[    0.020000] tsc: Fast TSC calibration using PIT
[    0.024000] tsc: Detected 1828.849 MHz processor
[    0.024000] clocksource: tsc-early: mask: 0xffffffffffffffff max_cycles: 0x1a5c9e37237, max_idle_ns: 440795218663 ns
[    0.024000] Calibrating delay loop (skipped), value calculated using timer frequency.. 3657.69 BogoMIPS (lpj=7315396)
[    0.024000] pid_max: default: 32768 minimum: 301
[    0.024000] Mount-cache hash table entries: 2048 (order: 1, 8192 bytes)
[    0.024000] Mountpoint-cache hash table entries: 2048 (order: 1, 8192 bytes)
[    0.024000] Disabled fast string operations
[    0.024000] CPU: Physical Processor ID: 0
[    0.024000] CPU: Processor Core ID: 0
[    0.024000] process: using mwait in idle threads
[    0.024000] Last level iTLB entries: 4KB 128, 2MB 0, 4MB 2
[    0.024000] Last level dTLB entries: 4KB 128, 2MB 0, 4MB 8, 1GB 0
[    0.024000] Spectre V2 : Mitigation: Full generic retpoline
[    0.024000] Spectre V2 : Spectre v2 mitigation: Filling RSB on context switch
[    0.024000] Freeing SMP alternatives memory: 44K
[    0.032000] smpboot: CPU0: Genuine Intel(R) CPU           T2400  @ 1.83GHz (family: 0x6, model: 0xe, stepping: 0x8)
[    0.032000] Performance Events: Core events, core PMU driver.
[    0.032000] ... version:                1
[    0.032000] ... bit width:              40
[    0.032000] ... generic registers:      2
[    0.032000] ... value mask:             000000ffffffffff
[    0.032000] ... max period:             000000007fffffff
[    0.032000] ... fixed-purpose events:   0
[    0.032000] ... event mask:             0000000000000003
[    0.032000] rcu: Hierarchical SRCU implementation.
[    0.032000] NMI watchdog: Enabled. Permanently consumes one hw-PMU counter.
[    0.032058] smp: Bringing up secondary CPUs ...
[    0.033127] CPU 1 irqstacks, hard=(ptrval) soft=(ptrval)
[    0.033131] x86: Booting SMP configuration:
[    0.033215] .... node  #0, CPUs:      #1
[    0.004000] Initializing CPU#1
[    0.004000] Disabled fast string operations
[    0.035683] TSC synchronization [CPU#0 -> CPU#1]:
[    0.035996] Measured 579997 cycles TSC warp between CPUs, turning off TSC clock.
[    0.036000] tsc: Marking TSC unstable due to check_tsc_sync_source failed
[    0.036100] smp: Brought up 1 node, 2 CPUs
[    0.036100] smpboot: Max logical packages: 1
[    0.036169] smpboot: Total of 2 processors activated (7315.39 BogoMIPS)
[    0.037877] devtmpfs: initialized
[    0.037877] PM: Registering ACPI NVS region [mem 0xbf6df000-0xbf6fffff] (135168 bytes)
[    0.040179] clocksource: jiffies: mask: 0xffffffff max_cycles: 0xffffffff, max_idle_ns: 7645041785100000 ns
[    0.040325] futex hash table entries: 512 (order: 3, 32768 bytes)
[    0.041003] NET: Registered protocol family 16
[    0.042483] cpuidle: using governor ladder
[    0.042646] cpuidle: using governor menu
[    0.042872] Simple Boot Flag at 0x35 set to 0x1
[    0.042988] ACPI FADT declares the system doesn't support PCIe ASPM, so disable it
[    0.043090] ACPI: bus type PCI registered
[    0.043402] PCI: MMCONFIG for domain 0000 [bus 00-3f] at [mem 0xf0000000-0xf3ffffff] (base 0xf0000000)
[    0.043522] PCI: MMCONFIG at [mem 0xf0000000-0xf3ffffff] reserved in E820
[    0.043610] PCI: Using MMCONFIG for extended config space
[    0.044026] PCI: Using configuration type 1 for base access
[    0.044502] mtrr: your CPUs had inconsistent variable MTRR settings
[    0.044589] mtrr: probably your BIOS does not setup all CPUs.
[    0.044671] mtrr: corrected configuration.
[    0.109057] ACPI: Added _OSI(Module Device)
[    0.109143] ACPI: Added _OSI(Processor Device)
[    0.109220] ACPI: Added _OSI(3.0 _SCP Extensions)
[    0.109299] ACPI: Added _OSI(Processor Aggregator Device)
[    0.109383] ACPI: Added _OSI(Linux-Dell-Video)
[    0.109482] ACPI: EC: EC started
[    0.109555] ACPI: EC: interrupt blocked
[    0.109683] ACPI: \: Used as first EC
[    0.109760] ACPI: \: GPE=0x1c, EC_CMD/EC_SC=0x66, EC_DATA=0x62
[    0.109846] ACPI: \: Used as boot ECDT EC to handle transactions
[    0.176960] ACPI: 6 ACPI AML tables successfully acquired and loaded
[    0.210289] ACPI: Dynamic OEM Table Load:
[    0.210387] ACPI: SSDT 0x00000000F5B65800 000240 (v01 PmRef  Cpu0Ist  00000100 INTL 20050513)
[    0.212046] ACPI: Dynamic OEM Table Load:
[    0.212141] ACPI: SSDT 0x00000000F5AE5800 00065A (v01 PmRef  Cpu0Cst  00000100 INTL 20050513)
[    0.214834] ACPI: Dynamic OEM Table Load:
[    0.216055] ACPI: SSDT 0x00000000F539FE00 0000C8 (v01 PmRef  Cpu1Ist  00000100 INTL 20050513)
[    0.216999] ACPI: Dynamic OEM Table Load:
[    0.217092] ACPI: SSDT 0x00000000F59DBCC0 000085 (v01 PmRef  Cpu1Cst  00000100 INTL 20050513)
[    0.217587] ACPI: Interpreter enabled
[    0.217587] ACPI: (supports S0 S3 S4 S5)
[    0.217587] ACPI: Using IOAPIC for interrupt routing
[    0.217611] PCI: Using host bridge windows from ACPI; if necessary, use "pci=nocrs" and report a bug
[    0.220489] ACPI: Enabled 4 GPEs in block 00 to 1F
[    0.244545] ACPI: Power Resource [PUBS] (on)
[    0.245709] acpi PNP0C0A:01: ACPI dock station (docks/bays count: 1)
[    0.253579] acpi LNXIOBAY:00: ACPI dock station (docks/bays count: 2)
[    0.267496] acpi IBM0079:00: ACPI dock station (docks/bays count: 3)
[    0.269932] ACPI: PCI Interrupt Link [LNKA] (IRQs 3 4 5 6 7 9 10 *11)
[    0.270789] ACPI: PCI Interrupt Link [LNKB] (IRQs 3 4 5 6 7 9 10 *11)
[    0.271644] ACPI: PCI Interrupt Link [LNKC] (IRQs 3 4 5 6 7 9 10 *11)
[    0.272511] ACPI: PCI Interrupt Link [LNKD] (IRQs 3 4 5 6 7 9 10 *11)
[    0.273367] ACPI: PCI Interrupt Link [LNKE] (IRQs 3 4 5 6 7 9 10 *11)
[    0.274222] ACPI: PCI Interrupt Link [LNKF] (IRQs 3 4 5 6 7 9 10 *11)
[    0.275076] ACPI: PCI Interrupt Link [LNKG] (IRQs 3 4 5 6 7 9 10 *11)
[    0.275930] ACPI: PCI Interrupt Link [LNKH] (IRQs 3 4 5 6 7 9 10 *11)
[    0.276449] ACPI: PCI Root Bridge [PCI0] (domain 0000 [bus 00-ff])
[    0.276550] acpi PNP0A08:00: _OSC: OS supports [ExtendedConfig ASPM ClockPM Segments]
[    0.277580] acpi PNP0A08:00: _OSC: not requesting OS control; OS requires [ExtendedConfig ASPM ClockPM MSI]
[    0.277715] acpi PNP0A08:00: [Firmware Info]: MMCONFIG for domain 0000 [bus 00-3f] only partially covers this bridge
[    0.278088] PCI host bridge to bus 0000:00
[    0.278169] pci_bus 0000:00: root bus resource [io  0x0000-0x0cf7 window]
[    0.278263] pci_bus 0000:00: root bus resource [io  0x0d00-0xffff window]
[    0.278356] pci_bus 0000:00: root bus resource [mem 0x000a0000-0x000bffff window]
[    0.278453] pci_bus 0000:00: root bus resource [mem 0x000d0000-0x000d3fff window]
[    0.278550] pci_bus 0000:00: root bus resource [mem 0x000d4000-0x000d7fff window]
[    0.278646] pci_bus 0000:00: root bus resource [mem 0x000d8000-0x000dbfff window]
[    0.278743] pci_bus 0000:00: root bus resource [mem 0xc0000000-0xfebfffff window]
[    0.278839] pci_bus 0000:00: root bus resource [mem 0xfed40000-0xfed40fff window]
[    0.278937] pci_bus 0000:00: root bus resource [bus 00-ff]
[    0.279058] pci 0000:00:00.0: [8086:27a0] type 00 class 0x060000
[    0.279513] pci 0000:00:02.0: [8086:27a2] type 00 class 0x030000
[    0.279536] pci 0000:00:02.0: reg 0x10: [mem 0xee100000-0xee17ffff]
[    0.279547] pci 0000:00:02.0: reg 0x14: [io  0x1800-0x1807]
[    0.279558] pci 0000:00:02.0: reg 0x18: [mem 0xd0000000-0xdfffffff pref]
[    0.279569] pci 0000:00:02.0: reg 0x1c: [mem 0xee200000-0xee23ffff]
[    0.280096] pci 0000:00:02.1: [8086:27a6] type 00 class 0x038000
[    0.280116] pci 0000:00:02.1: reg 0x10: [mem 0xee180000-0xee1fffff]
[    0.280615] pci 0000:00:1b.0: [8086:27d8] type 00 class 0x040300
[    0.280660] pci 0000:00:1b.0: reg 0x10: [mem 0xee240000-0xee243fff 64bit]
[    0.280823] pci 0000:00:1b.0: PME# supported from D0 D3hot D3cold
[    0.281298] pci 0000:00:1c.0: [8086:27d0] type 01 class 0x060400
[    0.281476] pci 0000:00:1c.0: PME# supported from D0 D3hot D3cold
[    0.281923] pci 0000:00:1c.1: [8086:27d2] type 01 class 0x060400
[    0.282100] pci 0000:00:1c.1: PME# supported from D0 D3hot D3cold
[    0.282547] pci 0000:00:1c.2: [8086:27d4] type 01 class 0x060400
[    0.282723] pci 0000:00:1c.2: PME# supported from D0 D3hot D3cold
[    0.283169] pci 0000:00:1c.3: [8086:27d6] type 01 class 0x060400
[    0.283347] pci 0000:00:1c.3: PME# supported from D0 D3hot D3cold
[    0.283795] pci 0000:00:1d.0: [8086:27c8] type 00 class 0x0c0300
[    0.283874] pci 0000:00:1d.0: reg 0x20: [io  0x1820-0x183f]
[    0.284339] pci 0000:00:1d.1: [8086:27c9] type 00 class 0x0c0300
[    0.284419] pci 0000:00:1d.1: reg 0x20: [io  0x1840-0x185f]
[    0.284875] pci 0000:00:1d.2: [8086:27ca] type 00 class 0x0c0300
[    0.284954] pci 0000:00:1d.2: reg 0x20: [io  0x1860-0x187f]
[    0.285408] pci 0000:00:1d.3: [8086:27cb] type 00 class 0x0c0300
[    0.285487] pci 0000:00:1d.3: reg 0x20: [io  0x1880-0x189f]
[    0.285928] pci 0000:00:1d.7: [8086:27cc] type 00 class 0x0c0320
[    0.285964] pci 0000:00:1d.7: reg 0x10: [mem 0xee444000-0xee4443ff]
[    0.286107] pci 0000:00:1d.7: PME# supported from D0 D3hot D3cold
[    0.286522] pci 0000:00:1e.0: [8086:2448] type 01 class 0x060401
[    0.287055] pci 0000:00:1f.0: [8086:27b9] type 00 class 0x060100
[    0.287215] pci 0000:00:1f.0: quirk: [io  0x1000-0x107f] claimed by ICH6 ACPI/GPIO/TCO
[    0.287320] pci 0000:00:1f.0: quirk: [io  0x1180-0x11bf] claimed by ICH6 GPIO
[    0.287417] pci 0000:00:1f.0: ICH7 LPC Generic IO decode 1 PIO at 1600 (mask 007f)
[    0.287516] pci 0000:00:1f.0: ICH7 LPC Generic IO decode 2 PIO at 15e0 (mask 000f)
[    0.287614] pci 0000:00:1f.0: ICH7 LPC Generic IO decode 3 PIO at 1680 (mask 001f)
[    0.288150] pci 0000:00:1f.1: [8086:27df] type 00 class 0x01018a
[    0.288181] pci 0000:00:1f.1: reg 0x10: [io  0x0000-0x0007]
[    0.288197] pci 0000:00:1f.1: reg 0x14: [io  0x0000-0x0003]
[    0.288213] pci 0000:00:1f.1: reg 0x18: [io  0x0000-0x0007]
[    0.288230] pci 0000:00:1f.1: reg 0x1c: [io  0x0000-0x0003]
[    0.288246] pci 0000:00:1f.1: reg 0x20: [io  0x1810-0x181f]
[    0.288280] pci 0000:00:1f.1: legacy IDE quirk: reg 0x10: [io  0x01f0-0x01f7]
[    0.288375] pci 0000:00:1f.1: legacy IDE quirk: reg 0x14: [io  0x03f6]
[    0.288465] pci 0000:00:1f.1: legacy IDE quirk: reg 0x18: [io  0x0170-0x0177]
[    0.288559] pci 0000:00:1f.1: legacy IDE quirk: reg 0x1c: [io  0x0376]
[    0.289055] pci 0000:00:1f.2: [8086:27c5] type 00 class 0x010601
[    0.289091] pci 0000:00:1f.2: reg 0x10: [io  0x18d0-0x18d7]
[    0.289107] pci 0000:00:1f.2: reg 0x14: [io  0x18c4-0x18c7]
[    0.289123] pci 0000:00:1f.2: reg 0x18: [io  0x18c8-0x18cf]
[    0.289140] pci 0000:00:1f.2: reg 0x1c: [io  0x18c0-0x18c3]
[    0.289156] pci 0000:00:1f.2: reg 0x20: [io  0x18b0-0x18bf]
[    0.289173] pci 0000:00:1f.2: reg 0x24: [mem 0xee444400-0xee4447ff]
[    0.289258] pci 0000:00:1f.2: PME# supported from D3hot
[    0.289676] pci 0000:00:1f.3: [8086:27da] type 00 class 0x0c0500
[    0.289773] pci 0000:00:1f.3: reg 0x20: [io  0x18e0-0x18ff]
[    0.290463] pci 0000:02:00.0: [8086:109a] type 00 class 0x020000
[    0.290528] pci 0000:02:00.0: reg 0x10: [mem 0xee000000-0xee01ffff]
[    0.290576] pci 0000:02:00.0: reg 0x18: [io  0x2000-0x201f]
[    0.290831] pci 0000:02:00.0: PME# supported from D0 D3hot D3cold
[    0.291208] pci 0000:00:1c.0: PCI bridge to [bus 02]
[    0.291296] pci 0000:00:1c.0:   bridge window [io  0x2000-0x2fff]
[    0.291304] pci 0000:00:1c.0:   bridge window [mem 0xee000000-0xee0fffff]
[    0.291563] pci 0000:03:00.0: [8086:4227] type 00 class 0x028000
[    0.291671] pci 0000:03:00.0: reg 0x10: [mem 0xedf00000-0xedf00fff]
[    0.292185] pci 0000:03:00.0: PME# supported from D0 D3hot D3cold
[    0.292601] pci 0000:00:1c.1: PCI bridge to [bus 03]
[    0.292689] pci 0000:00:1c.1:   bridge window [io  0x3000-0x4fff]
[    0.292697] pci 0000:00:1c.1:   bridge window [mem 0xec000000-0xedffffff]
[    0.292708] pci 0000:00:1c.1:   bridge window [mem 0xe4000000-0xe40fffff 64bit pref]
[    0.292853] pci 0000:00:1c.2: PCI bridge to [bus 04-0b]
[    0.292944] pci 0000:00:1c.2:   bridge window [io  0x5000-0x6fff]
[    0.292952] pci 0000:00:1c.2:   bridge window [mem 0xe8000000-0xe9ffffff]
[    0.292963] pci 0000:00:1c.2:   bridge window [mem 0xe4100000-0xe41fffff 64bit pref]
[    0.293115] pci 0000:00:1c.3: PCI bridge to [bus 0c-13]
[    0.293206] pci 0000:00:1c.3:   bridge window [io  0x7000-0x8fff]
[    0.293213] pci 0000:00:1c.3:   bridge window [mem 0xea000000-0xebffffff]
[    0.293225] pci 0000:00:1c.3:   bridge window [mem 0xe4200000-0xe42fffff 64bit pref]
[    0.293269] pci_bus 0000:15: extended config space not accessible
[    0.293472] pci 0000:15:00.0: [1180:0476] type 02 class 0x060700
[    0.293504] pci 0000:15:00.0: reg 0x10: [mem 0xe4300000-0xe4300fff]
[    0.293579] pci 0000:15:00.0: supports D1 D2
[    0.293583] pci 0000:15:00.0: PME# supported from D0 D1 D2 D3hot D3cold
[    0.293848] pci 0000:15:00.1: [1180:0552] type 00 class 0x0c0010
[    0.293877] pci 0000:15:00.1: reg 0x10: [mem 0xe4301000-0xe43017ff]
[    0.294023] pci 0000:15:00.1: PME# supported from D0 D3hot D3cold
[    0.294234] pci 0000:15:00.2: [1180:0822] type 00 class 0x080500
[    0.294264] pci 0000:15:00.2: reg 0x10: [mem 0xe4301800-0xe43018ff]
[    0.294410] pci 0000:15:00.2: supports D1 D2
[    0.294415] pci 0000:15:00.2: PME# supported from D0 D1 D2 D3hot D3cold
[    0.294692] pci 0000:00:1e.0: PCI bridge to [bus 15-18] (subtractive decode)
[    0.294792] pci 0000:00:1e.0:   bridge window [io  0x9000-0xcfff]
[    0.294800] pci 0000:00:1e.0:   bridge window [mem 0xe4300000-0xe7ffffff]
[    0.294811] pci 0000:00:1e.0:   bridge window [mem 0xe0000000-0xe3ffffff 64bit pref]
[    0.294816] pci 0000:00:1e.0:   bridge window [io  0x0000-0x0cf7 window] (subtractive decode)
[    0.294821] pci 0000:00:1e.0:   bridge window [io  0x0d00-0xffff window] (subtractive decode)
[    0.294826] pci 0000:00:1e.0:   bridge window [mem 0x000a0000-0x000bffff window] (subtractive decode)
[    0.294831] pci 0000:00:1e.0:   bridge window [mem 0x000d0000-0x000d3fff window] (subtractive decode)
[    0.294836] pci 0000:00:1e.0:   bridge window [mem 0x000d4000-0x000d7fff window] (subtractive decode)
[    0.294841] pci 0000:00:1e.0:   bridge window [mem 0x000d8000-0x000dbfff window] (subtractive decode)
[    0.294846] pci 0000:00:1e.0:   bridge window [mem 0xc0000000-0xfebfffff window] (subtractive decode)
[    0.294850] pci 0000:00:1e.0:   bridge window [mem 0xfed40000-0xfed40fff window] (subtractive decode)
[    0.294895] pci_bus 0000:16: extended config space not accessible
[    0.295078] pci_bus 0000:16: busn_res: [bus 16-18] end is updated to 17
[    0.295134] pci_bus 0000:00: on NUMA node 0
[    0.301287] ACPI: EC: interrupt unblocked
[    0.301402] ACPI: EC: event unblocked
[    0.301510] ACPI: \_SB_.PCI0.LPC_.EC__: GPE=0x1c, EC_CMD/EC_SC=0x66, EC_DATA=0x62
[    0.301608] ACPI: \_SB_.PCI0.LPC_.EC__: Used as boot DSDT EC to handle transactions and events
[    0.302676] pci 0000:00:02.0: vgaarb: setting as boot VGA device
[    0.302769] pci 0000:00:02.0: vgaarb: VGA device added: decodes=io+mem,owns=io+mem,locks=none
[    0.302907] pci 0000:00:02.0: vgaarb: bridge control possible
[    0.302991] vgaarb: loaded
[    0.303621] SCSI subsystem initialized
[    0.303991] libata version 3.00 loaded.
[    0.304213] ACPI: bus type USB registered
[    0.304411] usbcore: registered new interface driver usbfs
[    0.304555] usbcore: registered new interface driver hub
[    0.304712] usbcore: registered new device driver usb
[    0.304911] media: Linux media interface: v0.10
[    0.305033] videodev: Linux video capture interface: v2.00
[    0.305178] pps_core: LinuxPPS API ver. 1 registered
[    0.305259] pps_core: Software ver. 5.3.6 - Copyright 2005-2007 Rodolfo Giometti <giometti@linux.it>
[    0.305405] PTP clock support registered
[    0.305937] EDAC MC: Ver: 3.0.0
[    0.307186] Advanced Linux Sound Architecture Driver Initialized.
[    0.307417] PCI: Using ACPI for IRQ routing
[    0.310539] PCI: pci_cache_line_size set to 64 bytes
[    0.310874] e820: reserve RAM buffer [mem 0x0009f000-0x0009ffff]
[    0.310882] e820: reserve RAM buffer [mem 0xbf6d0000-0xbfffffff]
[    0.311584] Bluetooth: Core ver 2.22
[    0.311730] NET: Registered protocol family 31
[    0.311807] Bluetooth: HCI device and connection manager initialized
[    0.311909] Bluetooth: HCI socket layer initialized
[    0.312010] Bluetooth: L2CAP socket layer initialized
[    0.312137] Bluetooth: SCO socket layer initialized
[    0.312845] clocksource: Switched to clocksource hpet
[    0.313304] pnp: PnP ACPI init
[    0.316000] system 00:00: [mem 0x00000000-0x0009ffff] could not be reserved
[    0.316000] system 00:00: [mem 0x000c0000-0x000c3fff] could not be reserved
[    0.316000] system 00:00: [mem 0x000c4000-0x000c7fff] could not be reserved
[    0.316000] system 00:00: [mem 0x000c8000-0x000cbfff] has been reserved
[    0.316116] system 00:00: [mem 0x000cc000-0x000cffff] has been reserved
[    0.316213] system 00:00: [mem 0x000dc000-0x000dffff] could not be reserved
[    0.316309] system 00:00: [mem 0x000e0000-0x000e3fff] could not be reserved
[    0.316406] system 00:00: [mem 0x000e4000-0x000e7fff] could not be reserved
[    0.316503] system 00:00: [mem 0x000e8000-0x000ebfff] could not be reserved
[    0.316600] system 00:00: [mem 0x000ec000-0x000effff] could not be reserved
[    0.316696] system 00:00: [mem 0x000f0000-0x000fffff] could not be reserved
[    0.316793] system 00:00: [mem 0x00100000-0xbfffffff] could not be reserved
[    0.316890] system 00:00: [mem 0xfec00000-0xfed3ffff] could not be reserved
[    0.316987] system 00:00: [mem 0xfed41000-0xffffffff] could not be reserved
[    0.317129] system 00:00: Plug and Play ACPI device, IDs PNP0c01 (active)
[    0.317627] system 00:01: [io  0x164e-0x164f] has been reserved
[    0.317720] system 00:01: [io  0x1000-0x107f] has been reserved
[    0.317810] system 00:01: [io  0x1180-0x11bf] has been reserved
[    0.317901] system 00:01: [io  0x0800-0x080f] has been reserved
[    0.317991] system 00:01: [io  0x15e0-0x15ef] has been reserved
[    0.318082] system 00:01: [io  0x1600-0x165f] could not be reserved
[    0.318175] system 00:01: [mem 0xf0000000-0xf3ffffff] has been reserved
[    0.318270] system 00:01: [mem 0xfed1c000-0xfed1ffff] has been reserved
[    0.318363] system 00:01: [mem 0xfed14000-0xfed17fff] has been reserved
[    0.318457] system 00:01: [mem 0xfed18000-0xfed18fff] has been reserved
[    0.318552] system 00:01: [mem 0xfed19000-0xfed19fff] has been reserved
[    0.318680] system 00:01: Plug and Play ACPI device, IDs PNP0c02 (active)
[    0.318994] pnp 00:02: Plug and Play ACPI device, IDs PNP0b00 (active)
[    0.319131] pnp 00:03: Plug and Play ACPI device, IDs PNP0303 (active)
[    0.319273] pnp 00:04: Plug and Play ACPI device, IDs IBM3780 PNP0f13 (active)
[    0.320062] pnp 00:05: [dma 3]
[    0.320273] pnp 00:05: Plug and Play ACPI device, IDs IBM0071 PNP0511 (active)
[    0.320524] pnp 00:06: Plug and Play ACPI device, IDs ATM1200 PNP0c31 (active)
[    0.322921] pnp: PnP ACPI: found 7 devices
[    0.369932] clocksource: acpi_pm: mask: 0xffffff max_cycles: 0xffffff, max_idle_ns: 2085701024 ns
[    0.370081] pci 0000:00:1c.0: bridge window [mem 0x00100000-0x000fffff 64bit pref] to [bus 02] add_size 200000 add_align 100000
[    0.370167] pci 0000:00:1c.0: BAR 9: assigned [mem 0xc0000000-0xc01fffff 64bit pref]
[    0.370266] pci 0000:00:1c.0: PCI bridge to [bus 02]
[    0.370349] pci 0000:00:1c.0:   bridge window [io  0x2000-0x2fff]
[    0.370440] pci 0000:00:1c.0:   bridge window [mem 0xee000000-0xee0fffff]
[    0.370533] pci 0000:00:1c.0:   bridge window [mem 0xc0000000-0xc01fffff 64bit pref]
[    0.370634] pci 0000:00:1c.1: PCI bridge to [bus 03]
[    0.370716] pci 0000:00:1c.1:   bridge window [io  0x3000-0x4fff]
[    0.370807] pci 0000:00:1c.1:   bridge window [mem 0xec000000-0xedffffff]
[    0.370900] pci 0000:00:1c.1:   bridge window [mem 0xe4000000-0xe40fffff 64bit pref]
[    0.371000] pci 0000:00:1c.2: PCI bridge to [bus 04-0b]
[    0.371084] pci 0000:00:1c.2:   bridge window [io  0x5000-0x6fff]
[    0.371176] pci 0000:00:1c.2:   bridge window [mem 0xe8000000-0xe9ffffff]
[    0.371268] pci 0000:00:1c.2:   bridge window [mem 0xe4100000-0xe41fffff 64bit pref]
[    0.371369] pci 0000:00:1c.3: PCI bridge to [bus 0c-13]
[    0.371452] pci 0000:00:1c.3:   bridge window [io  0x7000-0x8fff]
[    0.371543] pci 0000:00:1c.3:   bridge window [mem 0xea000000-0xebffffff]
[    0.371636] pci 0000:00:1c.3:   bridge window [mem 0xe4200000-0xe42fffff 64bit pref]
[    0.371747] pci 0000:15:00.0: BAR 9: assigned [mem 0xe0000000-0xe3ffffff pref]
[    0.371844] pci 0000:15:00.0: BAR 10: assigned [mem 0xc4000000-0xc7ffffff]
[    0.371934] pci 0000:15:00.0: BAR 7: assigned [io  0x9000-0x90ff]
[    0.372035] pci 0000:15:00.0: BAR 8: assigned [io  0x9400-0x94ff]
[    0.372130] pci 0000:15:00.0: CardBus bridge to [bus 16-17]
[    0.372213] pci 0000:15:00.0:   bridge window [io  0x9000-0x90ff]
[    0.372302] pci 0000:15:00.0:   bridge window [io  0x9400-0x94ff]
[    0.372392] pci 0000:15:00.0:   bridge window [mem 0xe0000000-0xe3ffffff pref]
[    0.372486] pci 0000:15:00.0:   bridge window [mem 0xc4000000-0xc7ffffff]
[    0.372580] pci 0000:00:1e.0: PCI bridge to [bus 15-18]
[    0.372663] pci 0000:00:1e.0:   bridge window [io  0x9000-0xcfff]
[    0.372754] pci 0000:00:1e.0:   bridge window [mem 0xe4300000-0xe7ffffff]
[    0.372847] pci 0000:00:1e.0:   bridge window [mem 0xe0000000-0xe3ffffff 64bit pref]
[    0.372950] pci_bus 0000:00: resource 4 [io  0x0000-0x0cf7 window]
[    0.372954] pci_bus 0000:00: resource 5 [io  0x0d00-0xffff window]
[    0.372958] pci_bus 0000:00: resource 6 [mem 0x000a0000-0x000bffff window]
[    0.372962] pci_bus 0000:00: resource 7 [mem 0x000d0000-0x000d3fff window]
[    0.372966] pci_bus 0000:00: resource 8 [mem 0x000d4000-0x000d7fff window]
[    0.372971] pci_bus 0000:00: resource 9 [mem 0x000d8000-0x000dbfff window]
[    0.372975] pci_bus 0000:00: resource 10 [mem 0xc0000000-0xfebfffff window]
[    0.372979] pci_bus 0000:00: resource 11 [mem 0xfed40000-0xfed40fff window]
[    0.372983] pci_bus 0000:02: resource 0 [io  0x2000-0x2fff]
[    0.372987] pci_bus 0000:02: resource 1 [mem 0xee000000-0xee0fffff]
[    0.372992] pci_bus 0000:02: resource 2 [mem 0xc0000000-0xc01fffff 64bit pref]
[    0.372996] pci_bus 0000:03: resource 0 [io  0x3000-0x4fff]
[    0.373000] pci_bus 0000:03: resource 1 [mem 0xec000000-0xedffffff]
[    0.373004] pci_bus 0000:03: resource 2 [mem 0xe4000000-0xe40fffff 64bit pref]
[    0.373008] pci_bus 0000:04: resource 0 [io  0x5000-0x6fff]
[    0.373012] pci_bus 0000:04: resource 1 [mem 0xe8000000-0xe9ffffff]
[    0.373017] pci_bus 0000:04: resource 2 [mem 0xe4100000-0xe41fffff 64bit pref]
[    0.373021] pci_bus 0000:0c: resource 0 [io  0x7000-0x8fff]
[    0.373025] pci_bus 0000:0c: resource 1 [mem 0xea000000-0xebffffff]
[    0.373029] pci_bus 0000:0c: resource 2 [mem 0xe4200000-0xe42fffff 64bit pref]
[    0.373033] pci_bus 0000:15: resource 0 [io  0x9000-0xcfff]
[    0.373037] pci_bus 0000:15: resource 1 [mem 0xe4300000-0xe7ffffff]
[    0.373041] pci_bus 0000:15: resource 2 [mem 0xe0000000-0xe3ffffff 64bit pref]
[    0.373045] pci_bus 0000:15: resource 4 [io  0x0000-0x0cf7 window]
[    0.373049] pci_bus 0000:15: resource 5 [io  0x0d00-0xffff window]
[    0.373054] pci_bus 0000:15: resource 6 [mem 0x000a0000-0x000bffff window]
[    0.373058] pci_bus 0000:15: resource 7 [mem 0x000d0000-0x000d3fff window]
[    0.373062] pci_bus 0000:15: resource 8 [mem 0x000d4000-0x000d7fff window]
[    0.373066] pci_bus 0000:15: resource 9 [mem 0x000d8000-0x000dbfff window]
[    0.373070] pci_bus 0000:15: resource 10 [mem 0xc0000000-0xfebfffff window]
[    0.373074] pci_bus 0000:15: resource 11 [mem 0xfed40000-0xfed40fff window]
[    0.373078] pci_bus 0000:16: resource 0 [io  0x9000-0x90ff]
[    0.373082] pci_bus 0000:16: resource 1 [io  0x9400-0x94ff]
[    0.373086] pci_bus 0000:16: resource 2 [mem 0xe0000000-0xe3ffffff pref]
[    0.373090] pci_bus 0000:16: resource 3 [mem 0xc4000000-0xc7ffffff]
[    0.373563] NET: Registered protocol family 2
[    0.375594] tcp_listen_portaddr_hash hash table entries: 512 (order: 2, 20480 bytes)
[    0.375749] TCP established hash table entries: 8192 (order: 3, 32768 bytes)
[    0.375906] TCP bind hash table entries: 8192 (order: 6, 294912 bytes)
[    0.376857] TCP: Hash tables configured (established 8192 bind 8192)
[    0.377281] UDP hash table entries: 512 (order: 3, 40960 bytes)
[    0.377441] UDP-Lite hash table entries: 512 (order: 3, 40960 bytes)
[    0.377751] NET: Registered protocol family 1
[    0.378865] RPC: Registered named UNIX socket transport module.
[    0.378953] RPC: Registered udp transport module.
[    0.379034] RPC: Registered tcp transport module.
[    0.379114] RPC: Registered tcp NFSv4.1 backchannel transport module.
[    0.379741] pci 0000:00:02.0: Video device with shadowed ROM at [mem 0x000c0000-0x000dffff]
[    0.384837] PCI: CLS mismatch (64 != 32), using 64 bytes
[    0.387620] Initialise system trusted keyrings
[    0.388045] workingset: timestamp_bits=31 max_order=20 bucket_order=0
[    0.390084] Installing knfsd (copyright (C) 1996 okir@monad.swb.de).
[    0.390588] ntfs: driver 2.1.32 [Flags: R/W].
[    0.390899] fuse init (API version 7.27)
[    0.391589] pstore: using deflate compression
[    0.395144] Key type asymmetric registered
[    0.395233] Asymmetric key parser 'x509' registered
[    0.395448] bounce: pool size: 64 pages
[    0.395623] Block layer SCSI generic (bsg) driver version 0.4 loaded (major 249)
[    0.395727] io scheduler noop registered
[    0.395802] io scheduler deadline registered
[    0.395912] io scheduler cfq registered (default)
[    0.395991] io scheduler mq-deadline registered
[    0.396286] io scheduler bfq registered
[    0.398859] intel_idle: does not run on family 6 model 14
[    0.399312] ACPI: Deprecated procfs I/F for AC is loaded, please retry with CONFIG_ACPI_PROCFS_POWER cleared
[    0.399593] ACPI: AC Adapter [AC] (on-line)
[    0.399991] input: Lid Switch as /devices/LNXSYSTM:00/LNXSYBUS:00/PNP0C0D:00/input/input0
[    0.400313] ACPI: Lid Switch [LID]
[    0.400597] input: Sleep Button as /devices/LNXSYSTM:00/LNXSYBUS:00/PNP0C0E:00/input/input1
[    0.400764] ACPI: Sleep Button [SLPB]
[    0.401085] input: Power Button as /devices/LNXSYSTM:00/LNXPWRBN:00/input/input2
[    0.401238] ACPI: Power Button [PWRF]
[    0.401757] ACPI: Video Device [VID] (multi-head: yes  rom: no  post: no)
[    0.409576] acpi device:01: registered as cooling_device0
[    0.410051] input: Video Bus as /devices/LNXSYSTM:00/LNXSYBUS:00/PNP0A08:00/LNXVIDEO:00/input/input3
[    0.426807] thermal LNXTHERM:00: registered as thermal_zone0
[    0.426896] ACPI: Thermal Zone [THM0] (73 C)
[    0.430734] thermal LNXTHERM:01: registered as thermal_zone1
[    0.430822] ACPI: Thermal Zone [THM1] (74 C)
[    0.431639] Serial: 8250/16550 driver, 4 ports, IRQ sharing disabled
[    0.432466] serial8250: ttyS1 at I/O 0x2f8 (irq = 3, base_baud = 921600) is a NS16550A
[    0.434321] lp: driver loaded but no devices found
[    0.434556] Non-volatile memory driver v1.3
[    0.435141] intel_rng: FWH not detected
[    0.435398] Linux agpgart interface v0.103
[    0.436232] [drm] radeon kernel modesetting enabled.
[    0.437423] pci 0000:00:00.0: Intel 945GM Chipset
[    0.437529] pci 0000:00:00.0: detected gtt size: 262144K total, 262144K mappable
[    0.438208] pci 0000:00:00.0: detected 8192K stolen memory
[    0.438454] [drm] Replacing VGA console driver
[    0.439412] Console: switching to colour dummy device 80x25
[    0.442225] [drm] Supports vblank timestamp caching Rev 2 (21.10.2013).
[    0.442264] [drm] Driver supports precise vblank timestamp query.
[    0.442311] resource sanity check: requesting [mem 0x000c0000-0x000dffff], which spans more than pnp 00:00 [mem 0x000c8000-0x000cbfff]
[    0.442383] caller pci_map_rom+0x58/0xf0 mapping multiple BARs
[    0.447603] i915 0000:00:02.0: vgaarb: changed VGA decodes: olddecodes=io+mem,decodes=io+mem:owns=io+mem
[    0.466645] ACPI: Deprecated procfs I/F for battery is loaded, please retry with CONFIG_ACPI_PROCFS_POWER cleared
[    0.466723] ACPI: Battery Slot [BAT0] (battery present)
[    0.500077] random: fast init done
[    0.526999] [drm] RC6 disabled, disabling runtime PM support
[    0.527296] [drm] initialized overlay support
[    0.528909] [drm] Initialized i915 1.6.0 20180620 for 0000:00:02.0 on minor 0
[    0.530076] usbcore: registered new interface driver udl
[    0.543000] loop: module loaded
[    0.554946] fbcon: inteldrmfb (fb0) is primary device
[    0.564919] ahci 0000:00:1f.2: version 3.0
[    0.565693] ahci 0000:00:1f.2: AHCI 0001.0100 32 slots 4 ports 1.5 Gbps 0x1 impl SATA mode
[    0.565699] ahci 0000:00:1f.2: flags: 64bit ncq pm led clo pio slum part 
[    0.568176] scsi host0: ahci
[    0.568761] scsi host1: ahci
[    0.569273] scsi host2: ahci
[    0.569778] scsi host3: ahci
[    0.570006] ata1: SATA max UDMA/133 abar m1024@0xee444400 port 0xee444500 irq 16
[    0.570008] ata2: DUMMY
[    0.570010] ata3: DUMMY
[    0.570012] ata4: DUMMY
[    0.570191] ata_piix 0000:00:1f.1: version 2.13
[    0.573183] scsi host4: ata_piix
[    0.573625] scsi host5: ata_piix
[    0.573825] ata5: PATA max UDMA/100 cmd 0x1f0 ctl 0x3f6 bmdma 0x1810 irq 14
[    0.573828] ata6: PATA max UDMA/100 cmd 0x170 ctl 0x376 bmdma 0x1818 irq 15
[    0.574802] tun: Universal TUN/TAP device driver, 1.6
[    0.575316] e1000: Intel(R) PRO/1000 Network Driver - version 7.3.21-k8-NAPI
[    0.575318] e1000: Copyright (c) 1999-2006 Intel Corporation.
[    0.575395] e1000e: Intel(R) PRO/1000 Network Driver - 3.2.6-k
[    0.575397] e1000e: Copyright(c) 1999 - 2015 Intel Corporation.
[    0.575513] e1000e 0000:02:00.0: Disabling ASPM  L1
[    0.575517] e1000e 0000:02:00.0: can't disable ASPM; OS doesn't have ASPM control
[    0.575962] e1000e 0000:02:00.0: Interrupt Throttling Rate (ints/sec) set to dynamic conservative mode
[    0.576458] ata6: port disabled--ignoring
[    0.704928] e1000e 0000:02:00.0 eth0: (PCI Express:2.5GT/s:Width x1) 00:16:d3:25:19:04
[    0.704932] e1000e 0000:02:00.0 eth0: Intel(R) PRO/1000 Network Connection
[    0.705011] e1000e 0000:02:00.0 eth0: MAC: 2, PHY: 2, PBA No: 005302-003
[    0.705281] PPP generic driver version 2.4.2
[    0.705542] PPP BSD Compression module registered
[    0.705544] PPP Deflate Compression module registered
[    0.705547] SLIP: version 0.8.4-NET3.019-NEWTTY (dynamic channels, max=256).
[    0.705549] CSLIP: code copyright 1989 Regents of the University of California.
[    0.705640] iwl3945: Intel(R) PRO/Wireless 3945ABG/BG Network Connection driver for Linux, in-tree:ds
[    0.705642] iwl3945: Copyright(c) 2003-2011 Intel Corporation
[    0.705643] iwl3945: hw_scan is disabled
[    0.705864] iwl3945 0000:03:00.0: can't disable ASPM; OS doesn't have ASPM control
[    0.760735] iwl3945 0000:03:00.0: Tunable channels: 11 802.11bg, 13 802.11a channels
[    0.760739] iwl3945 0000:03:00.0: Detected Intel Wireless WiFi Link 3945ABG
[    0.761676] ieee80211 phy0: Selected rate control algorithm 'iwl-3945-rs'
[    0.762605] Intel(R) Wireless WiFi driver for Linux
[    0.762607] Copyright(c) 2003- 2015 Intel Corporation
[    0.762856] usbcore: registered new interface driver ax88179_178a
[    0.762905] usbcore: registered new interface driver cdc_ether
[    0.762948] usbcore: registered new interface driver net1080
[    0.762991] usbcore: registered new interface driver cdc_subset
[    0.763038] usbcore: registered new interface driver zaurus
[    0.763094] usbcore: registered new interface driver cdc_ncm
[    0.763178] pci 0000:00:1e.0: enabling device (0005 -> 0007)
[    0.763415] yenta_cardbus 0000:15:00.0: CardBus bridge found [17aa:201c]
[    0.888106] ata1: SATA link up 1.5 Gbps (SStatus 113 SControl 300)
[    1.005007] ata1.00: ACPI cmd ef/02:00:00:00:00:a0 (SET FEATURES) succeeded
[    1.005012] ata1.00: ACPI cmd f5/00:00:00:00:00:a0 (SECURITY FREEZE LOCK) filtered out
[    1.005016] ata1.00: ACPI cmd ef/10:03:00:00:00:a0 (SET FEATURES) filtered out
[    1.049097] ata1.00: ATA-9: ST1000LM014-1EJ164, SM11, max UDMA/133
[    1.049101] ata1.00: 1953525168 sectors, multi 16: LBA48 NCQ (depth 32), AA
[    1.093716] ata1.00: ACPI cmd ef/02:00:00:00:00:a0 (SET FEATURES) succeeded
[    1.093721] ata1.00: ACPI cmd f5/00:00:00:00:00:a0 (SECURITY FREEZE LOCK) filtered out
[    1.093725] ata1.00: ACPI cmd ef/10:03:00:00:00:a0 (SET FEATURES) filtered out
[    1.137854] ata1.00: configured for UDMA/133
[    1.255242] Console: switching to colour frame buffer device 102x42
[    1.382043] i915 0000:00:02.0: fb0: inteldrmfb frame buffer device
[    1.385160] scsi 0:0:0:0: Direct-Access     ATA      ST1000LM014-1EJ1 SM11 PQ: 0 ANSI: 5
[    1.388957] sd 0:0:0:0: [sda] 1953525168 512-byte logical blocks: (1.00 TB/932 GiB)
[    1.388987] sd 0:0:0:0: Attached scsi generic sg0 type 0
[    1.391536] sd 0:0:0:0: [sda] 4096-byte physical blocks
[    1.396692] sd 0:0:0:0: [sda] Write Protect is off
[    1.399171] sd 0:0:0:0: [sda] Mode Sense: 00 3a 00 00
[    1.399323] sd 0:0:0:0: [sda] Write cache: enabled, read cache: enabled, doesn't support DPO or FUA
[    1.403938]  sda: sda1 sda2 sda3 sda4
[    1.409433] sd 0:0:0:0: [sda] Attached SCSI disk
[    1.548912] yenta_cardbus 0000:15:00.0: ISA IRQ mask 0x0cb8, PCI irq 16
[    1.551506] yenta_cardbus 0000:15:00.0: Socket status: 30000006
[    1.554095] yenta_cardbus 0000:15:00.0: pcmcia: parent PCI bridge window: [io  0x9000-0xcfff]
[    1.556659] yenta_cardbus 0000:15:00.0: pcmcia: parent PCI bridge window: [mem 0xe4300000-0xe7ffffff]
[    1.559146] pcmcia_socket pcmcia_socket0: cs: memory probe 0xe4300000-0xe7ffffff:
[    1.561684]  excluding 0xe4300000-0xe46cffff
[    1.564223] yenta_cardbus 0000:15:00.0: pcmcia: parent PCI bridge window: [mem 0xe0000000-0xe3ffffff 64bit pref]
[    1.566856] pcmcia_socket pcmcia_socket0: cs: memory probe 0xe0000000-0xe3ffffff:
[    1.569570]  excluding 0xe0000000-0xe3ffffff
[    1.573236] ehci_hcd: USB 2.0 'Enhanced' Host Controller (EHCI) Driver
[    1.575896] ehci-pci: EHCI PCI platform driver
[    1.579063] ehci-pci 0000:00:1d.7: EHCI Host Controller
[    1.582065] ehci-pci 0000:00:1d.7: new USB bus registered, assigned bus number 1
[    1.584912] ehci-pci 0000:00:1d.7: debug port 1
[    1.591636] ehci-pci 0000:00:1d.7: cache line size of 64 is not supported
[    1.591689] ehci-pci 0000:00:1d.7: irq 19, io mem 0xee444000
[    1.612114] ehci-pci 0000:00:1d.7: USB 2.0 started, EHCI 1.00
[    1.615546] usb usb1: New USB device found, idVendor=1d6b, idProduct=0002, bcdDevice= 4.18
[    1.618512] usb usb1: New USB device strings: Mfr=3, Product=2, SerialNumber=1
[    1.621432] usb usb1: Product: EHCI Host Controller
[    1.624301] usb usb1: Manufacturer: Linux 4.18.0-rc2-next-20180629 ehci_hcd
[    1.627174] usb usb1: SerialNumber: 0000:00:1d.7
[    1.630755] hub 1-0:1.0: USB hub found
[    1.633682] hub 1-0:1.0: 8 ports detected
[    1.638441] ohci_hcd: USB 1.1 'Open' Host Controller (OHCI) Driver
[    1.641230] ohci-pci: OHCI PCI platform driver
[    1.644050] uhci_hcd: USB Universal Host Controller Interface driver
[    1.647317] uhci_hcd 0000:00:1d.0: UHCI Host Controller
[    1.650336] uhci_hcd 0000:00:1d.0: new USB bus registered, assigned bus number 2
[    1.653159] uhci_hcd 0000:00:1d.0: detected 2 ports
[    1.655877] uhci_hcd 0000:00:1d.0: irq 16, io base 0x00001820
[    1.659031] usb usb2: New USB device found, idVendor=1d6b, idProduct=0001, bcdDevice= 4.18
[    1.661817] usb usb2: New USB device strings: Mfr=3, Product=2, SerialNumber=1
[    1.664565] usb usb2: Product: UHCI Host Controller
[    1.667296] usb usb2: Manufacturer: Linux 4.18.0-rc2-next-20180629 uhci_hcd
[    1.670055] usb usb2: SerialNumber: 0000:00:1d.0
[    1.673325] hub 2-0:1.0: USB hub found
[    1.676057] hub 2-0:1.0: 2 ports detected
[    1.679728] uhci_hcd 0000:00:1d.1: UHCI Host Controller
[    1.682631] uhci_hcd 0000:00:1d.1: new USB bus registered, assigned bus number 3
[    1.685310] uhci_hcd 0000:00:1d.1: detected 2 ports
[    1.687955] uhci_hcd 0000:00:1d.1: irq 17, io base 0x00001840
[    1.690970] usb usb3: New USB device found, idVendor=1d6b, idProduct=0001, bcdDevice= 4.18
[    1.693643] usb usb3: New USB device strings: Mfr=3, Product=2, SerialNumber=1
[    1.696183] usb usb3: Product: UHCI Host Controller
[    1.698611] usb usb3: Manufacturer: Linux 4.18.0-rc2-next-20180629 uhci_hcd
[    1.701066] usb usb3: SerialNumber: 0000:00:1d.1
[    1.704118] hub 3-0:1.0: USB hub found
[    1.706568] hub 3-0:1.0: 2 ports detected
[    1.710113] uhci_hcd 0000:00:1d.2: UHCI Host Controller
[    1.712724] uhci_hcd 0000:00:1d.2: new USB bus registered, assigned bus number 4
[    1.715120] uhci_hcd 0000:00:1d.2: detected 2 ports
[    1.717568] uhci_hcd 0000:00:1d.2: irq 18, io base 0x00001860
[    1.720428] usb usb4: New USB device found, idVendor=1d6b, idProduct=0001, bcdDevice= 4.18
[    1.722866] usb usb4: New USB device strings: Mfr=3, Product=2, SerialNumber=1
[    1.725310] usb usb4: Product: UHCI Host Controller
[    1.727670] usb usb4: Manufacturer: Linux 4.18.0-rc2-next-20180629 uhci_hcd
[    1.730081] usb usb4: SerialNumber: 0000:00:1d.2
[    1.733075] hub 4-0:1.0: USB hub found
[    1.735518] hub 4-0:1.0: 2 ports detected
[    1.739027] uhci_hcd 0000:00:1d.3: UHCI Host Controller
[    1.741692] uhci_hcd 0000:00:1d.3: new USB bus registered, assigned bus number 5
[    1.744115] uhci_hcd 0000:00:1d.3: detected 2 ports
[    1.746486] uhci_hcd 0000:00:1d.3: irq 19, io base 0x00001880
[    1.749268] usb usb5: New USB device found, idVendor=1d6b, idProduct=0001, bcdDevice= 4.18
[    1.751684] usb usb5: New USB device strings: Mfr=3, Product=2, SerialNumber=1
[    1.754115] usb usb5: Product: UHCI Host Controller
[    1.756510] usb usb5: Manufacturer: Linux 4.18.0-rc2-next-20180629 uhci_hcd
[    1.758900] usb usb5: SerialNumber: 0000:00:1d.3
[    1.761861] hub 5-0:1.0: USB hub found
[    1.764302] hub 5-0:1.0: 2 ports detected
[    1.767510] usbcore: registered new interface driver cdc_acm
[    1.769799] cdc_acm: USB Abstract Control Model driver for USB modems and ISDN adapters
[    1.772234] usbcore: registered new interface driver usblp
[    1.774693] usbcore: registered new interface driver usb-storage
[    1.777098] usbcore: registered new interface driver ums-sddr09
[    1.779532] usbcore: registered new interface driver usbserial_generic
[    1.781901] usbserial: USB Serial support registered for generic
[    1.784283] usbcore: registered new interface driver ch341
[    1.786571] usbserial: USB Serial support registered for ch341-uart
[    1.788912] usbcore: registered new interface driver ftdi_sio
[    1.791200] usbserial: USB Serial support registered for FTDI USB Serial Device
[    1.793631] usbcore: registered new interface driver option
[    1.795954] usbserial: USB Serial support registered for GSM modem (1-port)
[    1.798459] usbcore: registered new interface driver pl2303
[    1.800890] usbserial: USB Serial support registered for pl2303
[    1.803353] usbcore: registered new interface driver ti_usb_3410_5052
[    1.805819] usbserial: USB Serial support registered for TI USB 3410 1 port adapter
[    1.808340] usbserial: USB Serial support registered for TI USB 5052 2 port adapter
[    1.810778] ftdi_elan: driver ftdi-elan
[    1.813210] usbcore: registered new interface driver ftdi-elan
[    1.815777] i8042: PNP: PS/2 Controller [PNP0303:KBD,PNP0f13:MOU] at 0x60,0x64 irq 1,12
[    1.827696] serio: i8042 KBD port at 0x60,0x64 irq 1
[    1.830179] serio: i8042 AUX port at 0x60,0x64 irq 12
[    1.833412] mousedev: PS/2 mouse device common for all mice
[    1.836972] input: PC Speaker as /devices/platform/pcspkr/input/input4
[    1.840102] rtc_cmos 00:02: RTC can wake from S4
[    1.843016] rtc_cmos 00:02: registered as rtc0
[    1.845623] rtc_cmos 00:02: alarms up to one month, y3k, 114 bytes nvram, hpet irqs
[    1.848365] usbcore: registered new interface driver uvcvideo
[    1.850862] USB Video Class driver (1.1.1)
[    1.853305] gspca_main: v2.14.0 registered
[    1.855763] usbcore: registered new interface driver sq930x
[    1.859317] device-mapper: ioctl: 4.39.0-ioctl (2018-04-03) initialised: dm-devel@redhat.com
[    1.861880] Bluetooth: HCI UART driver ver 2.3
[    1.864393] Bluetooth: HCI UART protocol H4 registered
[    1.866856] Bluetooth: HCI UART protocol BCSP registered
[    1.869453] usbcore: registered new interface driver btusb
[    1.872068] sdhci: Secure Digital Host Controller Interface driver
[    1.874521] sdhci: Copyright(c) Pierre Ossman
[    1.876983] sdhci-pci 0000:15:00.2: SDHCI controller found [1180:0822] (rev 18)
[    1.879843] sdhci-pci 0000:15:00.2: Will use DMA mode even though HW doesn't fully claim to support it.
[    1.882982] mmc0 bounce up to 128 segments into one, max segment size 65536 bytes
[    1.885709] sdhci-pci 0000:15:00.2: Will use DMA mode even though HW doesn't fully claim to support it.
[    1.889060] mmc0: SDHCI controller on PCI [0000:15:00.2] using DMA
[    1.892096] hidraw: raw HID events driver (C) Jiri Kosina
[    1.896233] usbcore: registered new interface driver usbhid
[    1.899001] usbhid: USB HID core driver
[    1.902610] thinkpad_acpi: ThinkPad ACPI Extras v0.26
[    1.905323] thinkpad_acpi: http://ibm-acpi.sf.net/
[    1.907952] thinkpad_acpi: ThinkPad BIOS 7BETD8WW (2.19 ), EC 7BHT40WW-1.13
[    1.910627] thinkpad_acpi: Lenovo ThinkPad X60, model 17097HU
[    1.916591] input: AT Translated Set 2 keyboard as /devices/platform/i8042/serio0/input/input5
[    1.919023] thinkpad_acpi: ACPI backlight control delay disabled
[    1.923506] thinkpad_acpi: radio switch found; radios are enabled
[    1.926337] thinkpad_acpi: This ThinkPad has standard ACPI backlight brightness control, supported by the ACPI video driver
[    1.931955] thinkpad_acpi: Disabling thinkpad-acpi brightness events by default...
[    1.945762] thinkpad_acpi: rfkill switch tpacpi_bluetooth_sw: radio is blocked
[    1.951280] thinkpad_acpi: warning: userspace override of important firmware LEDs is enabled
[    1.959391] thinkpad_acpi: Standard ACPI backlight interface available, not loading native one
[    1.962428] thinkpad_acpi: volume: disabled as there is no ALSA support in this kernel
[    1.965983] thinkpad_acpi: battery 1 registered (start 0, stop 0)
[    1.965993] battery: new extension: ThinkPad Battery Extension
[    1.972133] input: ThinkPad Extra Buttons as /devices/platform/thinkpad_acpi/input/input6
[    1.975458] gnss: GNSS driver registered with major 245
[    1.981271] snd_hda_intel 0000:00:1b.0: probe_mask set to 0x1 for device 17aa:2010
[    1.984798] usbcore: registered new interface driver snd-usb-audio
[    1.990432] NET: Registered protocol family 17
[    1.993678] Bluetooth: RFCOMM TTY layer initialized
[    1.996718] Bluetooth: RFCOMM socket layer initialized
[    1.999683] Bluetooth: RFCOMM ver 1.11
[    2.002659] Bluetooth: BNEP (Ethernet Emulation) ver 1.3
[    2.005646] Bluetooth: BNEP filters: protocol multicast
[    2.008609] Bluetooth: BNEP socket layer initialized
[    2.011516] Bluetooth: HIDP (Human Interface Emulation) ver 1.2
[    2.014450] Bluetooth: HIDP socket layer initialized
[    2.017695] microcode: sig=0x6e8, pf=0x20, revision=0x39
[    2.020921] microcode: Microcode Update Driver: v2.2.
[    2.020928] Using IPI No-Shortcut mode
[    2.027738] Loading compiled-in X.509 certificates
[    2.031533] Key type encrypted registered
[    2.035321] rtc_cmos 00:02: setting system clock to 2018-07-01 06:48:26 UTC (1530427706)
[    2.041522] cfg80211: Loading compiled-in X.509 certificates for regulatory database
[    2.044764] snd_hda_codec_analog hdaudioC0D0: autoconfig for AD1981: line_outs=1 (0x5/0x0/0x0/0x0/0x0) type:speaker
[    2.047120] cfg80211: Loaded X.509 cert 'sforshee: 00b28ddf47aef9cea7'
[    2.050532] snd_hda_codec_analog hdaudioC0D0:    speaker_outs=0 (0x0/0x0/0x0/0x0/0x0)
[    2.054160] platform regulatory.0: Direct firmware load for regulatory.db failed with error -2
[    2.056480] snd_hda_codec_analog hdaudioC0D0:    hp_outs=0 (0x0/0x0/0x0/0x0/0x0)
[    2.056484] snd_hda_codec_analog hdaudioC0D0:    mono: mono_out=0x0
[    2.059525] cfg80211: failed to load regulatory.db
[    2.062495] snd_hda_codec_analog hdaudioC0D0:    inputs:
[    2.062500] snd_hda_codec_analog hdaudioC0D0:      Mic=0x8
[    2.062504] snd_hda_codec_analog hdaudioC0D0:      CD=0x19
[    2.074572] PM: Image not found (code -22)
[    2.076635] ALSA device list:
[    2.079214]   #0: HDA Intel at 0xee240000 irq 17
[    2.148145] usb 2-2: new low-speed USB device number 2 using uhci_hcd
[    2.199870] mmc0: new SDHC card at address 1234
[    2.210616] mmcblk0: mmc0:1234 SA16G 14.6 GiB 
[    2.218630] sdhci-pci 0000:15:00.2: Will use DMA mode even though HW doesn't fully claim to support it.
[    2.292141] usb 2-2: device descriptor read/64, error -71
[    2.432368] print_req_error: I/O error, dev mmcblk0, sector 0
[    2.437853] print_req_error: I/O error, dev mmcblk0, sector 1
[    2.443173] print_req_error: I/O error, dev mmcblk0, sector 2
[    2.447351] print_req_error: I/O error, dev mmcblk0, sector 3
[    2.451452] print_req_error: I/O error, dev mmcblk0, sector 4
[    2.455526] print_req_error: I/O error, dev mmcblk0, sector 5
[    2.458905] print_req_error: I/O error, dev mmcblk0, sector 6
[    2.462230] print_req_error: I/O error, dev mmcblk0, sector 7
[    2.464666] Buffer I/O error on dev mmcblk0, logical block 0, async page read
[    2.467023]  mmcblk0: unable to read partition table
[    2.540103] usb 2-2: device descriptor read/64, error -71
[    2.547128] psmouse serio1: trackpoint: IBM TrackPoint firmware: 0x0e, buttons: 3/3
[    2.568749] input: TPPS/2 IBM TrackPoint as /devices/platform/i8042/serio1/input/input8
[    2.576446] md: Waiting for all devices to be available before autodetect
[    2.579696] md: If you don't use raid, use raid=noautodetect
[    2.584029] md: Autodetecting RAID arrays.
[    2.587289] md: autorun ...
[    2.590431] md: ... autorun DONE.
[    2.687903] EXT4-fs (sda4): mounted filesystem with ordered data mode. Opts: (null)
[    2.692147] VFS: Mounted root (ext4 filesystem) readonly on device 8:4.
[    2.696817] devtmpfs: mounted
[    2.699622] Freeing unused kernel memory: 600K
[    2.712453] Write protecting the kernel text: 12180k
[    2.715372] Write protecting the kernel read-only data: 4784k
[    2.718118] NX-protecting the kernel data: 6252k
[    2.721525] x86/mm: Checked W+X mappings: passed, no W+X pages found.
[    2.723649] rodata_test: all tests were successful
[    2.780138] usb 2-2: new low-speed USB device number 3 using uhci_hcd
[    2.920070] usb 2-2: device descriptor read/64, error -71
[    2.930051] random: systemd: uninitialized urandom read (16 bytes read)
[    2.933646] systemd[1]: systemd 215 running in system mode. (+PAM +AUDIT +SELINUX +IMA +SYSVINIT +LIBCRYPTSETUP +GCRYPT +ACL +XZ -SECCOMP -APPARMOR)
[    2.960310] systemd[1]: Detected architecture 'x86'.
[    3.069375] systemd[1]: Failed to insert module 'ipv6'
[    3.073260] systemd[1]: Set hostname to <amd>.
[    3.158560] random: systemd-sysv-ge: uninitialized urandom read (16 bytes read)
[    3.372322] random: systemd-sysv-ge: uninitialized urandom read (16 bytes read)
[    3.496103] usb 5-1: new full-speed USB device number 2 using uhci_hcd
[    3.548668] systemd[1]: Binding to IPv6 address not available since kernel does not support IPv6.
[    3.552239] systemd[1]: [/lib/systemd/system/gpsd.socket:6] Failed to parse address value, ignoring: [::1]:2947
[    3.562262] systemd[1]: Starting Forward Password Requests to Wall Directory Watch.
[    3.565652] systemd[1]: Started Forward Password Requests to Wall Directory Watch.
[    3.568507] systemd[1]: Starting Remote File Systems (Pre).
[    3.577253] systemd[1]: Reached target Remote File Systems (Pre).
[    3.687182] usb 5-1: New USB device found, idVendor=0a5c, idProduct=2110, bcdDevice= 1.00
[    3.690124] usb 5-1: New USB device strings: Mfr=1, Product=2, SerialNumber=0
[    3.692762] usb 5-1: Product: BCM2045B
[    3.695264] usb 5-1: Manufacturer: Broadcom Corp
[    4.107790] systemd-udevd[2320]: starting version 215
[    4.644126] usb 5-2: new full-speed USB device number 3 using uhci_hcd
[    4.742436] print_req_error: I/O error, dev mmcblk0, sector 30678912
[    4.746003] print_req_error: I/O error, dev mmcblk0, sector 30678913
[    4.765250] Buffer I/O error on dev mmcblk0, logical block 3834864, async page read
[    4.780520] EXT4-fs (sda4): re-mounted. Opts: errors=remount-ro
[    4.839295] usb 5-2: New USB device found, idVendor=0483, idProduct=2016, bcdDevice= 0.01
[    4.839300] usb 5-2: New USB device strings: Mfr=1, Product=2, SerialNumber=0
[    4.839303] usb 5-2: Product: Biometric Coprocessor
[    4.839307] usb 5-2: Manufacturer: STMicroelectronics
[    4.969136] Buffer I/O error on dev mmcblk0, logical block 3834864, async page read
[    5.166769] e1000e 0000:02:00.0 eth1: renamed from eth0
[    5.188815] systemd-udevd[2347]: renamed network interface eth0 to eth1
[    5.313128] Buffer I/O error on dev mmcblk0, logical block 0, async page read
[    5.325064] Buffer I/O error on dev mmcblk0, logical block 0, async page read
[    5.364305] usb 5-1: USB disconnect, device number 2
[    5.536597] random: crng init done
[    5.536600] random: 7 urandom warning(s) missed due to ratelimiting
[    5.588068] usb 2-2: new low-speed USB device number 4 using uhci_hcd
[    5.732088] usb 2-2: device descriptor read/64, error -71
[    5.944334] Adding 2097148k swap on /dev/sda1.  Priority:-2 extents:1 across:2097148k 
[    6.158671] EXT4-fs (sda2): mounted filesystem with ordered data mode. Opts: errors=remount-ro
[    6.216059] usb 2-2: device descriptor read/64, error -71
[    6.314103] systemd-journald[1842]: Received request to flush runtime journal from PID 1
[    6.452056] usb 2-2: new low-speed USB device number 5 using uhci_hcd
[    6.592089] usb 2-2: device descriptor read/64, error -71
[    6.836203] usb 2-2: device descriptor read/64, error -71
[    6.948188] usb usb2-port2: attempt power cycle
[    7.404889] usb 2-2: new low-speed USB device number 6 using uhci_hcd
[    7.758914] NFSD: Using /var/lib/nfs/v4recovery as the NFSv4 state recovery directory
[    7.840110] usb 2-2: device not accepting address 6, error -71
[    7.968074] usb 2-2: new low-speed USB device number 7 using uhci_hcd
[    7.984500] NFSD: starting 45-second grace period (net f0000098)
[    8.388078] usb 2-2: device not accepting address 7, error -71
[    8.390162] usb usb2-port2: unable to enumerate USB device
[    8.664103] usb 2-2: new low-speed USB device number 8 using uhci_hcd
[    8.804151] usb 2-2: device descriptor read/64, error -71
[    9.052090] usb 2-2: device descriptor read/64, error -71
[    9.288111] usb 2-2: new low-speed USB device number 9 using uhci_hcd
[    9.428067] usb 2-2: device descriptor read/64, error -71
[    9.676077] usb 2-2: device descriptor read/64, error -71
[    9.784183] usb usb2-port2: attempt power cycle
[   10.560067] usb 1-2: new high-speed USB device number 6 using ehci-pci
[   10.718928] usb 1-2: New USB device found, idVendor=0525, idProduct=a4a1, bcdDevice= 4.17
[   10.718939] usb 1-2: New USB device strings: Mfr=1, Product=2, SerialNumber=0
[   10.718947] usb 1-2: Product: Ethernet Gadget
[   10.718954] usb 1-2: Manufacturer: Linux 4.17.0-75563-gf8d0d60-dirty with musb-hdrc
[   10.755593] cdc_ether 1-2:1.0 usb0: register 'cdc_ether' at usb-0000:00:1d.7-2, CDC Ethernet Device, f6:3e:50:ab:3e:22
[   12.033635] iwl3945 0000:03:00.0: loaded firmware version 15.32.2.9
