[    0.000000] Linux version 4.18.0-rc6-next-20180723 (pavel@amd) (gcc version 4.9.2 (Debian 4.9.2-10+deb8u1)) #139 SMP Mon Jul 23 16:42:07 CEST 2018
[    0.000000] Disabled fast string operations
[    0.000000] x86/fpu: x87 FPU will use FXSAVE
[    0.000000] BIOS-provided physical RAM map:
[    0.000000] BIOS-e820: [mem 0x0000000000000000-0x000000000009efff] usable
[    0.000000] BIOS-e820: [mem 0x000000000009f000-0x000000000009ffff] reserved
[    0.000000] BIOS-e820: [mem 0x00000000000dc000-0x00000000000fffff] reserved
[    0.000000] BIOS-e820: [mem 0x0000000000100000-0x00000000bf6cffff] usable
[    0.000000] BIOS-e820: [mem 0x00000000bf6d0000-0x00000000bf6defff] ACPI data
[    0.000000] BIOS-e820: [mem 0x00000000bf6df000-0x00000000bf6fffff] ACPI NVS
[    0.000000] BIOS-e820: [mem 0x00000000bf700000-0x00000000bfffffff] reserved
[    0.000000] BIOS-e820: [mem 0x00000000f0000000-0x00000000f3ffffff] reserved
[    0.000000] BIOS-e820: [mem 0x00000000fec00000-0x00000000fec0ffff] reserved
[    0.000000] BIOS-e820: [mem 0x00000000fed00000-0x00000000fed003ff] reserved
[    0.000000] BIOS-e820: [mem 0x00000000fed14000-0x00000000fed19fff] reserved
[    0.000000] BIOS-e820: [mem 0x00000000fed1c000-0x00000000fed8ffff] reserved
[    0.000000] BIOS-e820: [mem 0x00000000fee00000-0x00000000fee00fff] reserved
[    0.000000] BIOS-e820: [mem 0x00000000ff800000-0x00000000ffffffff] reserved
[    0.000000] NX (Execute Disable) protection: active
[    0.000000] SMBIOS 2.4 present.
[    0.000000] DMI: LENOVO 17097HU/17097HU, BIOS 7BETD8WW (2.19 ) 03/31/2011
[    0.000000] tsc: Fast TSC calibration using PIT
[    0.000000] tsc: Detected 1828.737 MHz processor
[    0.013620] e820: update [mem 0x00000000-0x00000fff] usable ==> reserved
[    0.013631] e820: remove [mem 0x000a0000-0x000fffff] usable
[    0.013647] last_pfn = 0xbf6d0 max_arch_pfn = 0x1000000
[    0.013660] MTRR default type: uncachable
[    0.013663] MTRR fixed ranges enabled:
[    0.013666]   00000-9FFFF write-back
[    0.013669]   A0000-BFFFF uncachable
[    0.013672]   C0000-CFFFF write-protect
[    0.013675]   D0000-DBFFF uncachable
[    0.013678]   DC000-DFFFF write-back
[    0.013681]   E0000-FFFFF write-protect
[    0.013684] MTRR variable ranges enabled:
[    0.013687]   0 base 000000000 mask F80000000 write-back
[    0.013691]   1 base 080000000 mask FC0000000 write-back
[    0.013694]   2 base 0BF700000 mask FFFF00000 uncachable
[    0.013697]   3 base 0BF800000 mask FFF800000 uncachable
[    0.013700]   4 disabled
[    0.013702]   5 disabled
[    0.013705]   6 disabled
[    0.013707]   7 disabled
[    0.014794] x86/PAT: PAT not supported by CPU.
[    0.016027] x86/PAT: Configuration [0-7]: WB  WT  UC- UC  WB  WT  UC- UC  
[    0.016055] initial memory mapped: [mem 0x00000000-0x05dfffff]
[    0.016062] Base memory trampoline at [(ptrval)] 9b000 size 16384
[    0.016138] BRK [0x05841000, 0x05841fff] PGTABLE
[    0.016155] BRK [0x05842000, 0x05842fff] PGTABLE
[    0.016165] ACPI: Early table checksum verification disabled
[    0.016347] ACPI: RSDP 0x00000000000F67C0 000024 (v02 LENOVO)
[    0.016359] ACPI: XSDT 0x00000000BF6D191C 000084 (v01 LENOVO TP-7B    00002190  LTP 00000000)
[    0.016375] ACPI: FACP 0x00000000BF6D1A00 0000F4 (v03 LENOVO TP-7B    00002190 LNVO 00000001)
[    0.016389] ACPI BIOS Warning (bug): 32/64X length mismatch in FADT/Gpe0Block: 64/32 (20180629/tbfadt-569)
[    0.016399] ACPI BIOS Warning (bug): Optional FADT field Gpe1Block has valid Address but zero Length: 0x000000000000102C/0x0 (20180629/tbfadt-624)
[    0.016412] ACPI: DSDT 0x00000000BF6D1D90 00CFB9 (v01 LENOVO TP-7B    00002190 MSFT 0100000E)
[    0.016424] ACPI: FACS 0x00000000BF6F4000 000040
[    0.016435] ACPI: FACS 0x00000000BF6F4000 000040
[    0.016445] ACPI: SSDT 0x00000000BF6D1BB4 0001DC (v01 LENOVO TP-7B    00002190 MSFT 0100000E)
[    0.016457] ACPI: ECDT 0x00000000BF6DED49 000052 (v01 LENOVO TP-7B    00002190 LNVO 00000001)
[    0.016469] ACPI: TCPA 0x00000000BF6DED9B 000032 (v02 LENOVO TP-7B    00002190 LNVO 00000001)
[    0.016481] ACPI: APIC 0x00000000BF6DEDCD 000068 (v01 LENOVO TP-7B    00002190 LNVO 00000001)
[    0.016493] ACPI: MCFG 0x00000000BF6DEE35 00003C (v01 LENOVO TP-7B    00002190 LNVO 00000001)
[    0.016504] ACPI: HPET 0x00000000BF6DEE71 000038 (v01 LENOVO TP-7B    00002190 LNVO 00000001)
[    0.016516] ACPI: BOOT 0x00000000BF6DEFD8 000028 (v01 LENOVO TP-7B    00002190  LTP 00000001)
[    0.016528] ACPI: SSDT 0x00000000BF6F2645 00025F (v01 LENOVO TP-7B    00002190 INTL 20050513)
[    0.016540] ACPI: SSDT 0x00000000BF6F28A4 0000A6 (v01 LENOVO TP-7B    00002190 INTL 20050513)
[    0.016552] ACPI: SSDT 0x00000000BF6F294A 0004F7 (v01 LENOVO TP-7B    00002190 INTL 20050513)
[    0.016564] ACPI: SSDT 0x00000000BF6F2E41 0001D8 (v01 LENOVO TP-7B    00002190 INTL 20050513)
[    0.016587] ACPI: Local APIC address 0xfee00000
[    0.016593] 2176MB HIGHMEM available.
[    0.016598] 885MB LOWMEM available.
[    0.016602]   mapped low ram: 0 - 375fe000
[    0.016606]   low ram: 0 - 375fe000
[    0.016617] BRK [0x05843000, 0x05843fff] PGTABLE
[    0.016622] Zone ranges:
[    0.016626]   DMA      [mem 0x0000000000001000-0x0000000000ffffff]
[    0.016633]   Normal   [mem 0x0000000001000000-0x00000000375fdfff]
[    0.016640]   HighMem  [mem 0x00000000375fe000-0x00000000bf6cffff]
[    0.016646] Movable zone start for each node
[    0.016650] Early memory node ranges
[    0.016654]   node   0: [mem 0x0000000000001000-0x000000000009efff]
[    0.016659]   node   0: [mem 0x0000000000100000-0x00000000bf6cffff]
[    0.016664] Initmem setup node 0 [mem 0x0000000000001000-0x00000000bf6cffff]
[    0.016669] On node 0 totalpages: 783982
[    0.028047]   DMA zone: 32 pages used for memmap
[    0.028051]   DMA zone: 0 pages reserved
[    0.028054]   DMA zone: 3998 pages, LIFO batch:0
[    0.028161]   Normal zone: 1740 pages used for memmap
[    0.028164]   Normal zone: 222718 pages, LIFO batch:63
[    0.033727]   HighMem zone: 557266 pages, LIFO batch:63
[    0.047717] Using APIC driver default
[    0.047735] Reserving Intel graphics memory at [mem 0xbf800000-0xbfffffff]
[    0.048220] ACPI: PM-Timer IO Port: 0x1008
[    0.048226] ACPI: Local APIC address 0xfee00000
[    0.048238] ACPI: LAPIC_NMI (acpi_id[0x00] high edge lint[0x1])
[    0.048243] ACPI: LAPIC_NMI (acpi_id[0x01] high edge lint[0x1])
[    0.048274] IOAPIC[0]: apic_id 1, version 32, address 0xfec00000, GSI 0-23
[    0.048281] ACPI: INT_SRC_OVR (bus 0 bus_irq 0 global_irq 2 dfl dfl)
[    0.048287] ACPI: INT_SRC_OVR (bus 0 bus_irq 9 global_irq 9 high level)
[    0.048293] ACPI: IRQ0 used by override.
[    0.048297] ACPI: IRQ9 used by override.
[    0.048304] Using ACPI (MADT) for SMP configuration information
[    0.048310] ACPI: HPET id: 0x8086a201 base: 0xfed00000
[    0.048322] smpboot: Allowing 2 CPUs, 0 hotplug CPUs
[    0.048364] PM: Registered nosave memory: [mem 0x00000000-0x00000fff]
[    0.048370] PM: Registered nosave memory: [mem 0x0009f000-0x0009ffff]
[    0.048374] PM: Registered nosave memory: [mem 0x000a0000-0x000dbfff]
[    0.048378] PM: Registered nosave memory: [mem 0x000dc000-0x000fffff]
[    0.048388] [mem 0xc0000000-0xefffffff] available for PCI devices
[    0.048395] clocksource: refined-jiffies: mask: 0xffffffff max_cycles: 0xffffffff, max_idle_ns: 7645519600211568 ns
[    0.048421] random: get_random_bytes called from start_kernel+0x74/0x351 with crng_init=0
[    0.048435] setup_percpu: NR_CPUS:8 nr_cpumask_bits:8 nr_cpu_ids:2 nr_node_ids:1
[    0.048644] percpu: Embedded 29 pages/cpu @(ptrval) s86568 r0 d32216 u118784
[    0.048658] pcpu-alloc: s86568 r0 d32216 u118784 alloc=29*4096
[    0.048663] pcpu-alloc: [0] 0 [0] 1 
[    0.048704] Built 1 zonelists, mobility grouping on.  Total pages: 782210
[    0.048716] Kernel command line: BOOT_IMAGE=(hd0,2)/fast/l/linux-next-32/arch/x86/boot/bzImage root=/dev/sda4 resume=/dev/sda1
[    0.049134] Dentry cache hash table entries: 131072 (order: 7, 524288 bytes)
[    0.049251] Inode-cache hash table entries: 65536 (order: 6, 262144 bytes)
[    0.049276] Initializing CPU#0
[    0.049291] Initializing HighMem for node 0 (000375fe:000bf6d0)
[    0.388546] Initializing Movable for node 0 (00000000:00000000)
[    0.472410] Memory: 3085472K/3135928K available (12205K kernel code, 711K rwdata, 4756K rodata, 608K init, 6148K bss, 50456K reserved, 0K cma-reserved, 2229064K highmem)
[    0.472421] virtual kernel memory layout:
    fixmap  : 0xffe70000 - 0xfffff000   (1596 kB)
  cpu_entry : 0xffa00000 - 0xffb39000   (1252 kB)
    pkmap   : 0xff600000 - 0xff800000   (2048 kB)
    vmalloc : 0xf7dfe000 - 0xff5fe000   ( 120 MB)
    lowmem  : 0xc0000000 - 0xf75fe000   ( 885 MB)
      .init : 0xc516c000 - 0xc5204000   ( 608 kB)
      .data : 0xc4beb6ac - 0xc5149d80   (5497 kB)
      .text : 0xc4000000 - 0xc4beb6ac   (12205 kB)
[    0.472427] Checking if this processor honours the WP bit even in supervisor mode...Ok.
[    0.472750] Kernel/User page tables isolation: enabled

[    0.472760] ************************************************************
[    0.472764] ** WARNING! WARNING! WARNING! WARNING! WARNING! WARNING!  **
[    0.472768] **                                                        **
[    0.472771] ** You are using 32-bit PTI on a 64-bit PCID-capable CPU. **
[    0.472775] ** Your performance will increase dramatically if you     **
[    0.472779] ** switch to a 64-bit kernel!                             **
[    0.472783] **                                                        **
[    0.472786] ** WARNING! WARNING! WARNING! WARNING! WARNING! WARNING!  **
[    0.472790] ************************************************************
[    0.473032] rcu: Hierarchical RCU implementation.
[    0.473037] rcu: 	RCU restricting CPUs from NR_CPUS=8 to nr_cpu_ids=2.
[    0.473043] rcu: Adjusting geometry for rcu_fanout_leaf=16, nr_cpu_ids=2
[    0.473092] NR_IRQS: 2304, nr_irqs: 56, preallocated irqs: 16
[    0.473385] CPU 0 irqstacks, hard=(ptrval) soft=(ptrval)
[    0.475873] Console: colour VGA+ 80x25
[    0.485366] console [tty0] enabled
[    0.485436] Lock dependency validator: Copyright (c) 2006 Red Hat, Inc., Ingo Molnar
[    0.485526] ... MAX_LOCKDEP_SUBCLASSES:  8
[    0.485598] ... MAX_LOCK_DEPTH:          48
[    0.485672] ... MAX_LOCKDEP_KEYS:        8191
[    0.485746] ... CLASSHASH_SIZE:          4096
[    0.485820] ... MAX_LOCKDEP_ENTRIES:     32768
[    0.485894] ... MAX_LOCKDEP_CHAINS:      65536
[    0.485969] ... CHAINHASH_SIZE:          32768
[    0.486043]  memory used by lock dependency info: 4383 kB
[    0.486122]  per task-struct memory footprint: 1344 bytes
[    0.486836] ACPI: Core revision 20180629
[    0.487399] clocksource: hpet: mask: 0xffffffff max_cycles: 0xffffffff, max_idle_ns: 133484882848 ns
[    0.487531] hpet clockevent registered
[    0.487544] APIC: Switch to symmetric I/O mode setup
[    0.487621] Enabling APIC mode:  Flat.  Using 1 I/O APICs
[    0.488260] ..TIMER: vector=0x30 apic1=0 pin1=2 apic2=-1 pin2=-1
[    0.507540] clocksource: tsc-early: mask: 0xffffffffffffffff max_cycles: 0x1a5c34856a2, max_idle_ns: 440795298424 ns
[    0.507666] Calibrating delay loop (skipped), value calculated using timer frequency.. 72376.95 BogoMIPS (lpj=144753901)
[    0.507790] pid_max: default: 32768 minimum: 301
[    0.508128] Mount-cache hash table entries: 2048 (order: 1, 8192 bytes)
[    0.508218] Mountpoint-cache hash table entries: 2048 (order: 1, 8192 bytes)
[    0.509014] Disabled fast string operations
[    0.509088] CPU: Physical Processor ID: 0
[    0.509157] CPU: Processor Core ID: 0
[    0.509232] process: using mwait in idle threads
[    0.509312] Last level iTLB entries: 4KB 128, 2MB 0, 4MB 2
[    0.509389] Last level dTLB entries: 4KB 128, 2MB 0, 4MB 8, 1GB 0
[    0.509470] Spectre V2 : Mitigation: Full generic retpoline
[    0.509778] Freeing SMP alternatives memory: 44K
[    0.515664] smpboot: CPU0: Genuine Intel(R) CPU           T2400  @ 1.83GHz (family: 0x6, model: 0xe, stepping: 0x8)
[    0.515664] Performance Events: Core events, core PMU driver.
[    0.515664] ... version:                1
[    0.515664] ... bit width:              40
[    0.515664] ... generic registers:      2
[    0.515664] ... value mask:             000000ffffffffff
[    0.515664] ... max period:             000000007fffffff
[    0.515664] ... fixed-purpose events:   0
[    0.515664] ... event mask:             0000000000000003
[    0.515664] rcu: Hierarchical SRCU implementation.
[    0.515664] NMI watchdog: Enabled. Permanently consumes one hw-PMU counter.
[    0.515782] smp: Bringing up secondary CPUs ...
[    0.516738] CPU 1 irqstacks, hard=(ptrval) soft=(ptrval)
[    0.516742] x86: Booting SMP configuration:
[    0.516820] .... node  #0, CPUs:      #1
[    0.018243] Initializing CPU#1
[    0.018243] Disabled fast string operations
[    0.519273] TSC synchronization [CPU#0 -> CPU#1]:
[    0.519565] Measured 579865 cycles TSC warp between CPUs, turning off TSC clock.
[    0.519662] tsc: Marking TSC unstable due to check_tsc_sync_source failed
[    0.519840] smp: Brought up 1 node, 2 CPUs
[    0.519840] smpboot: Max logical packages: 1
[    0.519840] smpboot: Total of 2 processors activated (144753.90 BogoMIPS)
[    0.521510] devtmpfs: initialized
[    0.521510] PM: Registering ACPI NVS region [mem 0xbf6df000-0xbf6fffff] (135168 bytes)
[    0.523748] clocksource: jiffies: mask: 0xffffffff max_cycles: 0xffffffff, max_idle_ns: 7645041785100000 ns
[    0.523856] futex hash table entries: 512 (order: 3, 32768 bytes)
[    0.524820] NET: Registered protocol family 16
[    0.526403] cpuidle: using governor ladder
[    0.527270] cpuidle: using governor menu
[    0.527270] Simple Boot Flag at 0x35 set to 0x1
[    0.527723] ACPI FADT declares the system doesn't support PCIe ASPM, so disable it
[    0.527819] ACPI: bus type PCI registered
[    0.528120] PCI: MMCONFIG for domain 0000 [bus 00-3f] at [mem 0xf0000000-0xf3ffffff] (base 0xf0000000)
[    0.528235] PCI: MMCONFIG at [mem 0xf0000000-0xf3ffffff] reserved in E820
[    0.528317] PCI: Using MMCONFIG for extended config space
[    0.528393] PCI: Using configuration type 1 for base access
[    0.528868] mtrr: your CPUs had inconsistent variable MTRR settings
[    0.528951] mtrr: probably your BIOS does not setup all CPUs.
[    0.529029] mtrr: corrected configuration.
[    0.590152] ACPI: Added _OSI(Module Device)
[    0.590152] ACPI: Added _OSI(Processor Device)
[    0.590152] ACPI: Added _OSI(3.0 _SCP Extensions)
[    0.590152] ACPI: Added _OSI(Processor Aggregator Device)
[    0.590152] ACPI: Added _OSI(Linux-Dell-Video)
[    0.590152] ACPI: EC: EC started
[    0.590152] ACPI: EC: interrupt blocked
[    0.590152] ACPI: \: Used as first EC
[    0.590152] ACPI: \: GPE=0x1c, EC_CMD/EC_SC=0x66, EC_DATA=0x62
[    0.590152] ACPI: \: Used as boot ECDT EC to handle transactions
[    0.658351] ACPI: 6 ACPI AML tables successfully acquired and loaded
[    0.691688] ACPI: Dynamic OEM Table Load:
[    0.691688] ACPI: SSDT 0x00000000F5A18C00 000240 (v01 PmRef  Cpu0Ist  00000100 INTL 20050513)
[    0.693313] ACPI: Dynamic OEM Table Load:
[    0.693402] ACPI: SSDT 0x00000000F5BFE000 00065A (v01 PmRef  Cpu0Cst  00000100 INTL 20050513)
[    0.698024] ACPI: Dynamic OEM Table Load:
[    0.698024] ACPI: SSDT 0x00000000F5BCF700 0000C8 (v01 PmRef  Cpu1Ist  00000100 INTL 20050513)
[    0.700556] ACPI: Dynamic OEM Table Load:
[    0.700644] ACPI: SSDT 0x00000000F51A80C0 000085 (v01 PmRef  Cpu1Cst  00000100 INTL 20050513)
[    0.701144] ACPI: Interpreter enabled
[    0.701144] ACPI: (supports S0 S3 S4 S5)
[    0.701144] ACPI: Using IOAPIC for interrupt routing
[    0.701998] PCI: Using host bridge windows from ACPI; if necessary, use "pci=nocrs" and report a bug
[    0.702200] ACPI: Enabled 4 GPEs in block 00 to 1F
[    0.727183] ACPI: Power Resource [PUBS] (on)
[    0.728360] acpi PNP0C0A:01: ACPI dock station (docks/bays count: 1)
[    0.736248] acpi LNXIOBAY:00: ACPI dock station (docks/bays count: 2)
[    0.750626] acpi IBM0079:00: ACPI dock station (docks/bays count: 3)
[    0.753071] ACPI: PCI Interrupt Link [LNKA] (IRQs 3 4 5 6 7 9 10 *11)
[    0.753931] ACPI: PCI Interrupt Link [LNKB] (IRQs 3 4 5 6 7 9 10 *11)
[    0.754789] ACPI: PCI Interrupt Link [LNKC] (IRQs 3 4 5 6 7 9 10 *11)
[    0.755687] ACPI: PCI Interrupt Link [LNKD] (IRQs 3 4 5 6 7 9 10 *11)
[    0.756513] ACPI: PCI Interrupt Link [LNKE] (IRQs 3 4 5 6 7 9 10 *11)
[    0.757370] ACPI: PCI Interrupt Link [LNKF] (IRQs 3 4 5 6 7 9 10 *11)
[    0.758228] ACPI: PCI Interrupt Link [LNKG] (IRQs 3 4 5 6 7 9 10 *11)
[    0.759085] ACPI: PCI Interrupt Link [LNKH] (IRQs 3 4 5 6 7 9 10 *11)
[    0.759673] ACPI: PCI Root Bridge [PCI0] (domain 0000 [bus 00-ff])
[    0.759820] acpi PNP0A08:00: _OSC: OS supports [ExtendedConfig ASPM ClockPM Segments]
[    0.760722] acpi PNP0A08:00: _OSC: not requesting OS control; OS requires [ExtendedConfig ASPM ClockPM MSI]
[    0.760852] acpi PNP0A08:00: [Firmware Info]: MMCONFIG for domain 0000 [bus 00-3f] only partially covers this bridge
[    0.761222] PCI host bridge to bus 0000:00
[    0.761298] pci_bus 0000:00: root bus resource [io  0x0000-0x0cf7 window]
[    0.761386] pci_bus 0000:00: root bus resource [io  0x0d00-0xffff window]
[    0.761474] pci_bus 0000:00: root bus resource [mem 0x000a0000-0x000bffff window]
[    0.761565] pci_bus 0000:00: root bus resource [mem 0x000d0000-0x000d3fff window]
[    0.761657] pci_bus 0000:00: root bus resource [mem 0x000d4000-0x000d7fff window]
[    0.761749] pci_bus 0000:00: root bus resource [mem 0x000d8000-0x000dbfff window]
[    0.761840] pci_bus 0000:00: root bus resource [mem 0xc0000000-0xfebfffff window]
[    0.761931] pci_bus 0000:00: root bus resource [mem 0xfed40000-0xfed40fff window]
[    0.762024] pci_bus 0000:00: root bus resource [bus 00-ff]
[    0.762139] pci 0000:00:00.0: [8086:27a0] type 00 class 0x060000
[    0.762599] pci 0000:00:02.0: [8086:27a2] type 00 class 0x030000
[    0.762622] pci 0000:00:02.0: reg 0x10: [mem 0xee100000-0xee17ffff]
[    0.762633] pci 0000:00:02.0: reg 0x14: [io  0x1800-0x1807]
[    0.762645] pci 0000:00:02.0: reg 0x18: [mem 0xd0000000-0xdfffffff pref]
[    0.762656] pci 0000:00:02.0: reg 0x1c: [mem 0xee200000-0xee23ffff]
[    0.763126] pci 0000:00:02.1: [8086:27a6] type 00 class 0x038000
[    0.763145] pci 0000:00:02.1: reg 0x10: [mem 0xee180000-0xee1fffff]
[    0.763720] pci 0000:00:1b.0: [8086:27d8] type 00 class 0x040300
[    0.763792] pci 0000:00:1b.0: reg 0x10: [mem 0xee240000-0xee243fff 64bit]
[    0.763929] pci 0000:00:1b.0: PME# supported from D0 D3hot D3cold
[    0.764396] pci 0000:00:1c.0: [8086:27d0] type 01 class 0x060400
[    0.764574] pci 0000:00:1c.0: PME# supported from D0 D3hot D3cold
[    0.765034] pci 0000:00:1c.1: [8086:27d2] type 01 class 0x060400
[    0.765211] pci 0000:00:1c.1: PME# supported from D0 D3hot D3cold
[    0.765668] pci 0000:00:1c.2: [8086:27d4] type 01 class 0x060400
[    0.765845] pci 0000:00:1c.2: PME# supported from D0 D3hot D3cold
[    0.766297] pci 0000:00:1c.3: [8086:27d6] type 01 class 0x060400
[    0.766474] pci 0000:00:1c.3: PME# supported from D0 D3hot D3cold
[    0.766927] pci 0000:00:1d.0: [8086:27c8] type 00 class 0x0c0300
[    0.767007] pci 0000:00:1d.0: reg 0x20: [io  0x1820-0x183f]
[    0.767469] pci 0000:00:1d.1: [8086:27c9] type 00 class 0x0c0300
[    0.767549] pci 0000:00:1d.1: reg 0x20: [io  0x1840-0x185f]
[    0.768018] pci 0000:00:1d.2: [8086:27ca] type 00 class 0x0c0300
[    0.768097] pci 0000:00:1d.2: reg 0x20: [io  0x1860-0x187f]
[    0.768555] pci 0000:00:1d.3: [8086:27cb] type 00 class 0x0c0300
[    0.768635] pci 0000:00:1d.3: reg 0x20: [io  0x1880-0x189f]
[    0.769084] pci 0000:00:1d.7: [8086:27cc] type 00 class 0x0c0320
[    0.769121] pci 0000:00:1d.7: reg 0x10: [mem 0xee444000-0xee4443ff]
[    0.769265] pci 0000:00:1d.7: PME# supported from D0 D3hot D3cold
[    0.769686] pci 0000:00:1e.0: [8086:2448] type 01 class 0x060401
[    0.770233] pci 0000:00:1f.0: [8086:27b9] type 00 class 0x060100
[    0.770392] pci 0000:00:1f.0: quirk: [io  0x1000-0x107f] claimed by ICH6 ACPI/GPIO/TCO
[    0.770492] pci 0000:00:1f.0: quirk: [io  0x1180-0x11bf] claimed by ICH6 GPIO
[    0.770584] pci 0000:00:1f.0: ICH7 LPC Generic IO decode 1 PIO at 1600 (mask 007f)
[    0.770677] pci 0000:00:1f.0: ICH7 LPC Generic IO decode 2 PIO at 15e0 (mask 000f)
[    0.770770] pci 0000:00:1f.0: ICH7 LPC Generic IO decode 3 PIO at 1680 (mask 001f)
[    0.771295] pci 0000:00:1f.1: [8086:27df] type 00 class 0x01018a
[    0.771325] pci 0000:00:1f.1: reg 0x10: [io  0x0000-0x0007]
[    0.771342] pci 0000:00:1f.1: reg 0x14: [io  0x0000-0x0003]
[    0.771358] pci 0000:00:1f.1: reg 0x18: [io  0x0000-0x0007]
[    0.771374] pci 0000:00:1f.1: reg 0x1c: [io  0x0000-0x0003]
[    0.771391] pci 0000:00:1f.1: reg 0x20: [io  0x1810-0x181f]
[    0.771425] pci 0000:00:1f.1: legacy IDE quirk: reg 0x10: [io  0x01f0-0x01f7]
[    0.771514] pci 0000:00:1f.1: legacy IDE quirk: reg 0x14: [io  0x03f6]
[    0.771688] pci 0000:00:1f.1: legacy IDE quirk: reg 0x18: [io  0x0170-0x0177]
[    0.771688] pci 0000:00:1f.1: legacy IDE quirk: reg 0x1c: [io  0x0376]
[    0.772169] pci 0000:00:1f.2: [8086:27c5] type 00 class 0x010601
[    0.772206] pci 0000:00:1f.2: reg 0x10: [io  0x18d0-0x18d7]
[    0.772222] pci 0000:00:1f.2: reg 0x14: [io  0x18c4-0x18c7]
[    0.772239] pci 0000:00:1f.2: reg 0x18: [io  0x18c8-0x18cf]
[    0.772255] pci 0000:00:1f.2: reg 0x1c: [io  0x18c0-0x18c3]
[    0.772272] pci 0000:00:1f.2: reg 0x20: [io  0x18b0-0x18bf]
[    0.772289] pci 0000:00:1f.2: reg 0x24: [mem 0xee444400-0xee4447ff]
[    0.772374] pci 0000:00:1f.2: PME# supported from D3hot
[    0.772790] pci 0000:00:1f.3: [8086:27da] type 00 class 0x0c0500
[    0.772888] pci 0000:00:1f.3: reg 0x20: [io  0x18e0-0x18ff]
[    0.773579] pci 0000:02:00.0: [8086:109a] type 00 class 0x020000
[    0.773644] pci 0000:02:00.0: reg 0x10: [mem 0xee000000-0xee01ffff]
[    0.773692] pci 0000:02:00.0: reg 0x18: [io  0x2000-0x201f]
[    0.773948] pci 0000:02:00.0: PME# supported from D0 D3hot D3cold
[    0.774343] pci 0000:00:1c.0: PCI bridge to [bus 02]
[    0.774426] pci 0000:00:1c.0:   bridge window [io  0x2000-0x2fff]
[    0.774434] pci 0000:00:1c.0:   bridge window [mem 0xee000000-0xee0fffff]
[    0.774698] pci 0000:03:00.0: [8086:4227] type 00 class 0x028000
[    0.774807] pci 0000:03:00.0: reg 0x10: [mem 0xedf00000-0xedf00fff]
[    0.775312] pci 0000:03:00.0: PME# supported from D0 D3hot D3cold
[    0.775789] pci 0000:00:1c.1: PCI bridge to [bus 03]
[    0.775836] pci 0000:00:1c.1:   bridge window [io  0x3000-0x4fff]
[    0.775844] pci 0000:00:1c.1:   bridge window [mem 0xec000000-0xedffffff]
[    0.775856] pci 0000:00:1c.1:   bridge window [mem 0xe4000000-0xe40fffff 64bit pref]
[    0.776007] pci 0000:00:1c.2: PCI bridge to [bus 04-0b]
[    0.776091] pci 0000:00:1c.2:   bridge window [io  0x5000-0x6fff]
[    0.776099] pci 0000:00:1c.2:   bridge window [mem 0xe8000000-0xe9ffffff]
[    0.776110] pci 0000:00:1c.2:   bridge window [mem 0xe4100000-0xe41fffff 64bit pref]
[    0.776263] pci 0000:00:1c.3: PCI bridge to [bus 0c-13]
[    0.776347] pci 0000:00:1c.3:   bridge window [io  0x7000-0x8fff]
[    0.776355] pci 0000:00:1c.3:   bridge window [mem 0xea000000-0xebffffff]
[    0.776366] pci 0000:00:1c.3:   bridge window [mem 0xe4200000-0xe42fffff 64bit pref]
[    0.776407] pci_bus 0000:15: extended config space not accessible
[    0.776605] pci 0000:15:00.0: [1180:0476] type 02 class 0x060700
[    0.776637] pci 0000:15:00.0: reg 0x10: [mem 0xe4300000-0xe4300fff]
[    0.776713] pci 0000:15:00.0: supports D1 D2
[    0.776718] pci 0000:15:00.0: PME# supported from D0 D1 D2 D3hot D3cold
[    0.776972] pci 0000:15:00.1: [1180:0552] type 00 class 0x0c0010
[    0.777001] pci 0000:15:00.1: reg 0x10: [mem 0xe4301000-0xe43017ff]
[    0.777150] pci 0000:15:00.1: PME# supported from D0 D3hot D3cold
[    0.777365] pci 0000:15:00.2: [1180:0822] type 00 class 0x080500
[    0.777394] pci 0000:15:00.2: reg 0x10: [mem 0xe4301800-0xe43018ff]
[    0.777541] pci 0000:15:00.2: supports D1 D2
[    0.777546] pci 0000:15:00.2: PME# supported from D0 D1 D2 D3hot D3cold
[    0.777824] pci 0000:00:1e.0: PCI bridge to [bus 15-18] (subtractive decode)
[    0.777918] pci 0000:00:1e.0:   bridge window [io  0x9000-0xcfff]
[    0.777926] pci 0000:00:1e.0:   bridge window [mem 0xe4300000-0xe7ffffff]
[    0.777938] pci 0000:00:1e.0:   bridge window [mem 0xe0000000-0xe3ffffff 64bit pref]
[    0.777943] pci 0000:00:1e.0:   bridge window [io  0x0000-0x0cf7 window] (subtractive decode)
[    0.777960] pci 0000:00:1e.0:   bridge window [io  0x0d00-0xffff window] (subtractive decode)
[    0.777964] pci 0000:00:1e.0:   bridge window [mem 0x000a0000-0x000bffff window] (subtractive decode)
[    0.777969] pci 0000:00:1e.0:   bridge window [mem 0x000d0000-0x000d3fff window] (subtractive decode)
[    0.777974] pci 0000:00:1e.0:   bridge window [mem 0x000d4000-0x000d7fff window] (subtractive decode)
[    0.777979] pci 0000:00:1e.0:   bridge window [mem 0x000d8000-0x000dbfff window] (subtractive decode)
[    0.777984] pci 0000:00:1e.0:   bridge window [mem 0xc0000000-0xfebfffff window] (subtractive decode)
[    0.777989] pci 0000:00:1e.0:   bridge window [mem 0xfed40000-0xfed40fff window] (subtractive decode)
[    0.778033] pci_bus 0000:16: extended config space not accessible
[    0.778213] pci_bus 0000:16: busn_res: [bus 16-18] end is updated to 17
[    0.778269] pci_bus 0000:00: on NUMA node 0
[    0.784537] ACPI: EC: interrupt unblocked
[    0.784717] ACPI: EC: event unblocked
[    0.784799] ACPI: \_SB_.PCI0.LPC_.EC__: GPE=0x1c, EC_CMD/EC_SC=0x66, EC_DATA=0x62
[    0.784893] ACPI: \_SB_.PCI0.LPC_.EC__: Used as boot DSDT EC to handle transactions and events
[    0.785606] pci 0000:00:02.0: vgaarb: setting as boot VGA device
[    0.785692] pci 0000:00:02.0: vgaarb: VGA device added: decodes=io+mem,owns=io+mem,locks=none
[    0.785826] pci 0000:00:02.0: vgaarb: bridge control possible
[    0.785904] vgaarb: loaded
[    0.786536] SCSI subsystem initialized
[    0.786863] libata version 3.00 loaded.
[    0.787069] ACPI: bus type USB registered
[    0.787264] usbcore: registered new interface driver usbfs
[    0.787413] usbcore: registered new interface driver hub
[    0.787560] usbcore: registered new device driver usb
[    0.787837] media: Linux media interface: v0.10
[    0.787981] videodev: Linux video capture interface: v2.00
[    0.788125] pps_core: LinuxPPS API ver. 1 registered
[    0.788136] pps_core: Software ver. 5.3.6 - Copyright 2005-2007 Rodolfo Giometti <giometti@linux.it>
[    0.788376] PTP clock support registered
[    0.789106] EDAC MC: Ver: 3.0.0
[    0.789992] Advanced Linux Sound Architecture Driver Initialized.
[    0.790224] PCI: Using ACPI for IRQ routing
[    0.793319] PCI: pci_cache_line_size set to 64 bytes
[    0.793650] e820: reserve RAM buffer [mem 0x0009f000-0x0009ffff]
[    0.793657] e820: reserve RAM buffer [mem 0xbf6d0000-0xbfffffff]
[    0.794336] Bluetooth: Core ver 2.22
[    0.794471] NET: Registered protocol family 31
[    0.794544] Bluetooth: HCI device and connection manager initialized
[    0.794639] Bluetooth: HCI socket layer initialized
[    0.794717] Bluetooth: L2CAP socket layer initialized
[    0.794840] Bluetooth: SCO socket layer initialized
[    0.795444] clocksource: Switched to clocksource hpet
[    0.795651] pnp: PnP ACPI init
[    0.795651] system 00:00: [mem 0x00000000-0x0009ffff] could not be reserved
[    0.795651] system 00:00: [mem 0x000c0000-0x000c3fff] could not be reserved
[    0.795651] system 00:00: [mem 0x000c4000-0x000c7fff] could not be reserved
[    0.795651] system 00:00: [mem 0x000c8000-0x000cbfff] has been reserved
[    0.795746] system 00:00: [mem 0x000cc000-0x000cffff] has been reserved
[    0.795840] system 00:00: [mem 0x000dc000-0x000dffff] could not be reserved
[    0.795935] system 00:00: [mem 0x000e0000-0x000e3fff] could not be reserved
[    0.796029] system 00:00: [mem 0x000e4000-0x000e7fff] could not be reserved
[    0.796123] system 00:00: [mem 0x000e8000-0x000ebfff] could not be reserved
[    0.796218] system 00:00: [mem 0x000ec000-0x000effff] could not be reserved
[    0.796311] system 00:00: [mem 0x000f0000-0x000fffff] could not be reserved
[    0.796407] system 00:00: [mem 0x00100000-0xbfffffff] could not be reserved
[    0.796500] system 00:00: [mem 0xfec00000-0xfed3ffff] could not be reserved
[    0.796594] system 00:00: [mem 0xfed41000-0xffffffff] could not be reserved
[    0.796747] system 00:00: Plug and Play ACPI device, IDs PNP0c01 (active)
[    0.797302] system 00:01: [io  0x164e-0x164f] has been reserved
[    0.797392] system 00:01: [io  0x1000-0x107f] has been reserved
[    0.797478] system 00:01: [io  0x1180-0x11bf] has been reserved
[    0.797567] system 00:01: [io  0x0800-0x080f] has been reserved
[    0.797654] system 00:01: [io  0x15e0-0x15ef] has been reserved
[    0.797741] system 00:01: [io  0x1600-0x165f] could not be reserved
[    0.797829] system 00:01: [mem 0xf0000000-0xf3ffffff] has been reserved
[    0.797918] system 00:01: [mem 0xfed1c000-0xfed1ffff] has been reserved
[    0.798006] system 00:01: [mem 0xfed14000-0xfed17fff] has been reserved
[    0.798095] system 00:01: [mem 0xfed18000-0xfed18fff] has been reserved
[    0.798183] system 00:01: [mem 0xfed19000-0xfed19fff] has been reserved
[    0.798306] system 00:01: Plug and Play ACPI device, IDs PNP0c02 (active)
[    0.798631] pnp 00:02: Plug and Play ACPI device, IDs PNP0b00 (active)
[    0.798770] pnp 00:03: Plug and Play ACPI device, IDs PNP0303 (active)
[    0.798916] pnp 00:04: Plug and Play ACPI device, IDs IBM3780 PNP0f13 (active)
[    0.799705] pnp 00:05: [dma 3]
[    0.799923] pnp 00:05: Plug and Play ACPI device, IDs IBM0071 PNP0511 (active)
[    0.800165] pnp 00:06: Plug and Play ACPI device, IDs ATM1200 PNP0c31 (active)
[    0.802602] pnp: PnP ACPI: found 7 devices
[    0.850435] clocksource: acpi_pm: mask: 0xffffff max_cycles: 0xffffff, max_idle_ns: 2085701024 ns
[    0.850579] pci 0000:00:1c.0: bridge window [mem 0x00100000-0x000fffff 64bit pref] to [bus 02] add_size 200000 add_align 100000
[    0.850668] pci 0000:00:1c.0: BAR 9: assigned [mem 0xc0000000-0xc01fffff 64bit pref]
[    0.850761] pci 0000:00:1c.0: PCI bridge to [bus 02]
[    0.850839] pci 0000:00:1c.0:   bridge window [io  0x2000-0x2fff]
[    0.850925] pci 0000:00:1c.0:   bridge window [mem 0xee000000-0xee0fffff]
[    0.851013] pci 0000:00:1c.0:   bridge window [mem 0xc0000000-0xc01fffff 64bit pref]
[    0.851108] pci 0000:00:1c.1: PCI bridge to [bus 03]
[    0.851185] pci 0000:00:1c.1:   bridge window [io  0x3000-0x4fff]
[    0.851271] pci 0000:00:1c.1:   bridge window [mem 0xec000000-0xedffffff]
[    0.851358] pci 0000:00:1c.1:   bridge window [mem 0xe4000000-0xe40fffff 64bit pref]
[    0.851454] pci 0000:00:1c.2: PCI bridge to [bus 04-0b]
[    0.851532] pci 0000:00:1c.2:   bridge window [io  0x5000-0x6fff]
[    0.851618] pci 0000:00:1c.2:   bridge window [mem 0xe8000000-0xe9ffffff]
[    0.851721] pci 0000:00:1c.2:   bridge window [mem 0xe4100000-0xe41fffff 64bit pref]
[    0.851817] pci 0000:00:1c.3: PCI bridge to [bus 0c-13]
[    0.851895] pci 0000:00:1c.3:   bridge window [io  0x7000-0x8fff]
[    0.851980] pci 0000:00:1c.3:   bridge window [mem 0xea000000-0xebffffff]
[    0.852068] pci 0000:00:1c.3:   bridge window [mem 0xe4200000-0xe42fffff 64bit pref]
[    0.852175] pci 0000:15:00.0: BAR 9: assigned [mem 0xe0000000-0xe3ffffff pref]
[    0.852267] pci 0000:15:00.0: BAR 10: assigned [mem 0xc4000000-0xc7ffffff]
[    0.852352] pci 0000:15:00.0: BAR 7: assigned [io  0x9000-0x90ff]
[    0.852435] pci 0000:15:00.0: BAR 8: assigned [io  0x9400-0x94ff]
[    0.852524] pci 0000:15:00.0: CardBus bridge to [bus 16-17]
[    0.852602] pci 0000:15:00.0:   bridge window [io  0x9000-0x90ff]
[    0.852686] pci 0000:15:00.0:   bridge window [io  0x9400-0x94ff]
[    0.852770] pci 0000:15:00.0:   bridge window [mem 0xe0000000-0xe3ffffff pref]
[    0.852859] pci 0000:15:00.0:   bridge window [mem 0xc4000000-0xc7ffffff]
[    0.852947] pci 0000:00:1e.0: PCI bridge to [bus 15-18]
[    0.853025] pci 0000:00:1e.0:   bridge window [io  0x9000-0xcfff]
[    0.853111] pci 0000:00:1e.0:   bridge window [mem 0xe4300000-0xe7ffffff]
[    0.853198] pci 0000:00:1e.0:   bridge window [mem 0xe0000000-0xe3ffffff 64bit pref]
[    0.853294] pci_bus 0000:00: resource 4 [io  0x0000-0x0cf7 window]
[    0.853299] pci_bus 0000:00: resource 5 [io  0x0d00-0xffff window]
[    0.853303] pci_bus 0000:00: resource 6 [mem 0x000a0000-0x000bffff window]
[    0.853307] pci_bus 0000:00: resource 7 [mem 0x000d0000-0x000d3fff window]
[    0.853311] pci_bus 0000:00: resource 8 [mem 0x000d4000-0x000d7fff window]
[    0.853315] pci_bus 0000:00: resource 9 [mem 0x000d8000-0x000dbfff window]
[    0.853320] pci_bus 0000:00: resource 10 [mem 0xc0000000-0xfebfffff window]
[    0.853324] pci_bus 0000:00: resource 11 [mem 0xfed40000-0xfed40fff window]
[    0.853328] pci_bus 0000:02: resource 0 [io  0x2000-0x2fff]
[    0.853332] pci_bus 0000:02: resource 1 [mem 0xee000000-0xee0fffff]
[    0.853336] pci_bus 0000:02: resource 2 [mem 0xc0000000-0xc01fffff 64bit pref]
[    0.853341] pci_bus 0000:03: resource 0 [io  0x3000-0x4fff]
[    0.853345] pci_bus 0000:03: resource 1 [mem 0xec000000-0xedffffff]
[    0.853349] pci_bus 0000:03: resource 2 [mem 0xe4000000-0xe40fffff 64bit pref]
[    0.853353] pci_bus 0000:04: resource 0 [io  0x5000-0x6fff]
[    0.853357] pci_bus 0000:04: resource 1 [mem 0xe8000000-0xe9ffffff]
[    0.853361] pci_bus 0000:04: resource 2 [mem 0xe4100000-0xe41fffff 64bit pref]
[    0.853366] pci_bus 0000:0c: resource 0 [io  0x7000-0x8fff]
[    0.853370] pci_bus 0000:0c: resource 1 [mem 0xea000000-0xebffffff]
[    0.853374] pci_bus 0000:0c: resource 2 [mem 0xe4200000-0xe42fffff 64bit pref]
[    0.853378] pci_bus 0000:15: resource 0 [io  0x9000-0xcfff]
[    0.853382] pci_bus 0000:15: resource 1 [mem 0xe4300000-0xe7ffffff]
[    0.853386] pci_bus 0000:15: resource 2 [mem 0xe0000000-0xe3ffffff 64bit pref]
[    0.853390] pci_bus 0000:15: resource 4 [io  0x0000-0x0cf7 window]
[    0.853395] pci_bus 0000:15: resource 5 [io  0x0d00-0xffff window]
[    0.853399] pci_bus 0000:15: resource 6 [mem 0x000a0000-0x000bffff window]
[    0.853403] pci_bus 0000:15: resource 7 [mem 0x000d0000-0x000d3fff window]
[    0.853407] pci_bus 0000:15: resource 8 [mem 0x000d4000-0x000d7fff window]
[    0.853411] pci_bus 0000:15: resource 9 [mem 0x000d8000-0x000dbfff window]
[    0.853415] pci_bus 0000:15: resource 10 [mem 0xc0000000-0xfebfffff window]
[    0.853419] pci_bus 0000:15: resource 11 [mem 0xfed40000-0xfed40fff window]
[    0.853424] pci_bus 0000:16: resource 0 [io  0x9000-0x90ff]
[    0.853428] pci_bus 0000:16: resource 1 [io  0x9400-0x94ff]
[    0.853432] pci_bus 0000:16: resource 2 [mem 0xe0000000-0xe3ffffff pref]
[    0.853436] pci_bus 0000:16: resource 3 [mem 0xc4000000-0xc7ffffff]
[    0.853910] NET: Registered protocol family 2
[    0.854710] tcp_listen_portaddr_hash hash table entries: 512 (order: 2, 20480 bytes)
[    0.854852] TCP established hash table entries: 8192 (order: 3, 32768 bytes)
[    0.855005] TCP bind hash table entries: 8192 (order: 6, 294912 bytes)
[    0.855585] TCP: Hash tables configured (established 8192 bind 8192)
[    0.857372] UDP hash table entries: 512 (order: 3, 40960 bytes)
[    0.857527] UDP-Lite hash table entries: 512 (order: 3, 40960 bytes)
[    0.857832] NET: Registered protocol family 1
[    0.858533] RPC: Registered named UNIX socket transport module.
[    0.858616] RPC: Registered udp transport module.
[    0.858691] RPC: Registered tcp transport module.
[    0.858765] RPC: Registered tcp NFSv4.1 backchannel transport module.
[    0.859357] pci 0000:00:02.0: Video device with shadowed ROM at [mem 0x000c0000-0x000dffff]
[    0.863628] PCI: CLS mismatch (64 != 32), using 64 bytes
[    0.866486] Initialise system trusted keyrings
[    0.866908] workingset: timestamp_bits=30 max_order=20 bucket_order=0
[    0.868973] Installing knfsd (copyright (C) 1996 okir@monad.swb.de).
[    0.869479] ntfs: driver 2.1.32 [Flags: R/W].
[    0.869778] fuse init (API version 7.27)
[    0.870481] pstore: using deflate compression
[    0.874270] Key type asymmetric registered
[    0.874352] Asymmetric key parser 'x509' registered
[    0.874558] bounce: pool size: 64 pages
[    0.874710] Block layer SCSI generic (bsg) driver version 0.4 loaded (major 249)
[    0.874811] io scheduler noop registered
[    0.874883] io scheduler deadline registered
[    0.874998] io scheduler cfq registered (default)
[    0.875072] io scheduler mq-deadline registered
[    0.875174] io scheduler bfq registered
[    0.877768] intel_idle: does not run on family 6 model 14
[    0.878231] ACPI: Deprecated procfs I/F for AC is loaded, please retry with CONFIG_ACPI_PROCFS_POWER cleared
[    0.878509] ACPI: AC Adapter [AC] (on-line)
[    0.878913] input: Lid Switch as /devices/LNXSYSTM:00/LNXSYBUS:00/PNP0C0D:00/input/input0
[    0.879180] ACPI: Lid Switch [LID]
[    0.879466] input: Sleep Button as /devices/LNXSYSTM:00/LNXSYBUS:00/PNP0C0E:00/input/input1
[    0.879630] ACPI: Sleep Button [SLPB]
[    0.880088] input: Power Button as /devices/LNXSYSTM:00/LNXPWRBN:00/input/input2
[    0.880234] ACPI: Power Button [PWRF]
[    0.880765] ACPI: Video Device [VID] (multi-head: yes  rom: no  post: no)
[    0.888467] acpi device:01: registered as cooling_device0
[    0.888943] input: Video Bus as /devices/LNXSYSTM:00/LNXSYBUS:00/PNP0A08:00/LNXVIDEO:00/input/input3
[    0.905858] thermal LNXTHERM:00: registered as thermal_zone0
[    0.905942] ACPI: Thermal Zone [THM0] (50 C)
[    0.909916] thermal LNXTHERM:01: registered as thermal_zone1
[    0.909999] ACPI: Thermal Zone [THM1] (49 C)
[    0.910527] Serial: 8250/16550 driver, 4 ports, IRQ sharing disabled
[    0.911340] serial8250: ttyS1 at I/O 0x2f8 (irq = 3, base_baud = 921600) is a NS16550A
[    0.913498] lp: driver loaded but no devices found
[    0.913772] Non-volatile memory driver v1.3
[    0.914320] intel_rng: FWH not detected
[    0.914512] Linux agpgart interface v0.103
[    0.915344] [drm] radeon kernel modesetting enabled.
[    0.916611] pci 0000:00:00.0: Intel 945GM Chipset
[    0.916714] pci 0000:00:00.0: detected gtt size: 262144K total, 262144K mappable
[    0.917377] pci 0000:00:00.0: detected 8192K stolen memory
[    0.917594] [drm] Replacing VGA console driver
[    0.918847] Console: switching to colour dummy device 80x25
[    0.921585] [drm] Supports vblank timestamp caching Rev 2 (21.10.2013).
[    0.921623] [drm] Driver supports precise vblank timestamp query.
[    0.921669] resource sanity check: requesting [mem 0x000c0000-0x000dffff], which spans more than pnp 00:00 [mem 0x000c8000-0x000cbfff]
[    0.921740] caller pci_map_rom+0x67/0x1d0 mapping multiple BARs
[    0.926780] i915 0000:00:02.0: vgaarb: changed VGA decodes: olddecodes=io+mem,decodes=io+mem:owns=io+mem
[    0.938219] ACPI: Deprecated procfs I/F for battery is loaded, please retry with CONFIG_ACPI_PROCFS_POWER cleared
[    0.938297] ACPI: Battery Slot [BAT0] (battery present)
[    1.021205] [drm] RC6 disabled, disabling runtime PM support
[    1.021510] [drm] initialized overlay support
[    1.023101] [drm] Initialized i915 1.6.0 20180719 for 0000:00:02.0 on minor 0
[    1.024249] usbcore: registered new interface driver udl
[    1.037586] loop: module loaded
[    1.047284] fbcon: inteldrmfb (fb0) is primary device
[    1.061941] ahci 0000:00:1f.2: version 3.0
[    1.062727] ahci 0000:00:1f.2: AHCI 0001.0100 32 slots 4 ports 1.5 Gbps 0x1 impl SATA mode
[    1.062733] ahci 0000:00:1f.2: flags: 64bit ncq pm led clo pio slum part 
[    1.065260] scsi host0: ahci
[    1.065824] scsi host1: ahci
[    1.066312] scsi host2: ahci
[    1.066816] scsi host3: ahci
[    1.067046] ata1: SATA max UDMA/133 abar m1024@0xee444400 port 0xee444500 irq 16
[    1.067049] ata2: DUMMY
[    1.067051] ata3: DUMMY
[    1.067053] ata4: DUMMY
[    1.067238] ata_piix 0000:00:1f.1: version 2.13
[    1.070349] scsi host4: ata_piix
[    1.070853] scsi host5: ata_piix
[    1.071058] ata5: PATA max UDMA/100 cmd 0x1f0 ctl 0x3f6 bmdma 0x1810 irq 14
[    1.071061] ata6: PATA max UDMA/100 cmd 0x170 ctl 0x376 bmdma 0x1818 irq 15
[    1.072047] tun: Universal TUN/TAP device driver, 1.6
[    1.072666] e1000: Intel(R) PRO/1000 Network Driver - version 7.3.21-k8-NAPI
[    1.072668] e1000: Copyright (c) 1999-2006 Intel Corporation.
[    1.072745] e1000e: Intel(R) PRO/1000 Network Driver - 3.2.6-k
[    1.072746] e1000e: Copyright(c) 1999 - 2015 Intel Corporation.
[    1.072861] e1000e 0000:02:00.0: Disabling ASPM  L1
[    1.072865] e1000e 0000:02:00.0: can't disable ASPM; OS doesn't have ASPM control
[    1.073281] e1000e 0000:02:00.0: Interrupt Throttling Rate (ints/sec) set to dynamic conservative mode
[    1.073573] ata6: port disabled--ignoring
[    1.147780] random: fast init done
[    1.200535] e1000e 0000:02:00.0 eth0: (PCI Express:2.5GT/s:Width x1) 00:16:d3:25:19:04
[    1.200538] e1000e 0000:02:00.0 eth0: Intel(R) PRO/1000 Network Connection
[    1.200611] e1000e 0000:02:00.0 eth0: MAC: 2, PHY: 2, PBA No: 005302-003
[    1.200881] PPP generic driver version 2.4.2
[    1.201134] PPP BSD Compression module registered
[    1.201137] PPP Deflate Compression module registered
[    1.201140] SLIP: version 0.8.4-NET3.019-NEWTTY (dynamic channels, max=256).
[    1.201142] CSLIP: code copyright 1989 Regents of the University of California.
[    1.201226] iwl3945: Intel(R) PRO/Wireless 3945ABG/BG Network Connection driver for Linux, in-tree:ds
[    1.201228] iwl3945: Copyright(c) 2003-2011 Intel Corporation
[    1.201229] iwl3945: hw_scan is disabled
[    1.201448] iwl3945 0000:03:00.0: can't disable ASPM; OS doesn't have ASPM control
[    1.260517] iwl3945 0000:03:00.0: Tunable channels: 11 802.11bg, 13 802.11a channels
[    1.260520] iwl3945 0000:03:00.0: Detected Intel Wireless WiFi Link 3945ABG
[    1.261426] ieee80211 phy0: Selected rate control algorithm 'iwl-3945-rs'
[    1.262387] Intel(R) Wireless WiFi driver for Linux
[    1.262388] Copyright(c) 2003- 2015 Intel Corporation
[    1.262642] usbcore: registered new interface driver ax88179_178a
[    1.262691] usbcore: registered new interface driver cdc_ether
[    1.262740] usbcore: registered new interface driver net1080
[    1.262784] usbcore: registered new interface driver cdc_subset
[    1.262826] usbcore: registered new interface driver zaurus
[    1.262887] usbcore: registered new interface driver cdc_ncm
[    1.262974] pci 0000:00:1e.0: enabling device (0005 -> 0007)
[    1.263212] yenta_cardbus 0000:15:00.0: CardBus bridge found [17aa:201c]
[    1.383797] ata1: SATA link up 1.5 Gbps (SStatus 113 SControl 300)
[    1.447612] ata1.00: ACPI cmd ef/02:00:00:00:00:a0 (SET FEATURES) succeeded
[    1.447617] ata1.00: ACPI cmd f5/00:00:00:00:00:a0 (SECURITY FREEZE LOCK) filtered out
[    1.447622] ata1.00: ACPI cmd ef/10:03:00:00:00:a0 (SET FEATURES) filtered out
[    1.491666] ata1.00: ATA-9: ST1000LM014-1EJ164, SM11, max UDMA/133
[    1.491688] ata1.00: 1953525168 sectors, multi 16: LBA48 NCQ (depth 32), AA
[    1.536338] ata1.00: ACPI cmd ef/02:00:00:00:00:a0 (SET FEATURES) succeeded
[    1.536343] ata1.00: ACPI cmd f5/00:00:00:00:00:a0 (SECURITY FREEZE LOCK) filtered out
[    1.536347] ata1.00: ACPI cmd ef/10:03:00:00:00:a0 (SET FEATURES) filtered out
[    1.580418] ata1.00: configured for UDMA/133
[    1.746804] Console: switching to colour frame buffer device 102x42
[    1.878449] i915 0000:00:02.0: fb0: inteldrmfb frame buffer device
[    1.881609] scsi 0:0:0:0: Direct-Access     ATA      ST1000LM014-1EJ1 SM11 PQ: 0 ANSI: 5
[    1.885455] sd 0:0:0:0: [sda] 1953525168 512-byte logical blocks: (1.00 TB/932 GiB)
[    1.885640] sd 0:0:0:0: Attached scsi generic sg0 type 0
[    1.888072] sd 0:0:0:0: [sda] 4096-byte physical blocks
[    1.893182] sd 0:0:0:0: [sda] Write Protect is off
[    1.895662] sd 0:0:0:0: [sda] Mode Sense: 00 3a 00 00
[    1.895823] sd 0:0:0:0: [sda] Write cache: enabled, read cache: enabled, doesn't support DPO or FUA
[    1.900680]  sda: sda1 sda2 sda3 sda4
[    1.905732] sd 0:0:0:0: [sda] Attached SCSI disk
[    2.044473] yenta_cardbus 0000:15:00.0: ISA IRQ mask 0x0cb8, PCI irq 16
[    2.047064] yenta_cardbus 0000:15:00.0: Socket status: 30000006
[    2.049648] yenta_cardbus 0000:15:00.0: pcmcia: parent PCI bridge window: [io  0x9000-0xcfff]
[    2.052210] yenta_cardbus 0000:15:00.0: pcmcia: parent PCI bridge window: [mem 0xe4300000-0xe7ffffff]
[    2.054694] pcmcia_socket pcmcia_socket0: cs: memory probe 0xe4300000-0xe7ffffff:
[    2.057229]  excluding 0xe4300000-0xe46cffff
[    2.059768] yenta_cardbus 0000:15:00.0: pcmcia: parent PCI bridge window: [mem 0xe0000000-0xe3ffffff 64bit pref]
[    2.062399] pcmcia_socket pcmcia_socket0: cs: memory probe 0xe0000000-0xe3ffffff:
[    2.065107]  excluding 0xe0000000-0xe3ffffff
[    2.068789] ehci_hcd: USB 2.0 'Enhanced' Host Controller (EHCI) Driver
[    2.071448] ehci-pci: EHCI PCI platform driver
[    2.074617] ehci-pci 0000:00:1d.7: EHCI Host Controller
[    2.077621] ehci-pci 0000:00:1d.7: new USB bus registered, assigned bus number 1
[    2.080467] ehci-pci 0000:00:1d.7: debug port 1
[    2.087197] ehci-pci 0000:00:1d.7: cache line size of 64 is not supported
[    2.087256] ehci-pci 0000:00:1d.7: irq 19, io mem 0xee444000
[    2.103751] ehci-pci 0000:00:1d.7: USB 2.0 started, EHCI 1.00
[    2.107154] usb usb1: New USB device found, idVendor=1d6b, idProduct=0002, bcdDevice= 4.18
[    2.110120] usb usb1: New USB device strings: Mfr=3, Product=2, SerialNumber=1
[    2.113036] usb usb1: Product: EHCI Host Controller
[    2.115899] usb usb1: Manufacturer: Linux 4.18.0-rc6-next-20180723 ehci_hcd
[    2.118767] usb usb1: SerialNumber: 0000:00:1d.7
[    2.122342] hub 1-0:1.0: USB hub found
[    2.125279] hub 1-0:1.0: 8 ports detected
[    2.130049] ohci_hcd: USB 1.1 'Open' Host Controller (OHCI) Driver
[    2.132828] ohci-pci: OHCI PCI platform driver
[    2.135617] uhci_hcd: USB Universal Host Controller Interface driver
[    2.138922] uhci_hcd 0000:00:1d.0: UHCI Host Controller
[    2.141940] uhci_hcd 0000:00:1d.0: new USB bus registered, assigned bus number 2
[    2.144762] uhci_hcd 0000:00:1d.0: detected 2 ports
[    2.147479] uhci_hcd 0000:00:1d.0: irq 16, io base 0x00001820
[    2.150632] usb usb2: New USB device found, idVendor=1d6b, idProduct=0001, bcdDevice= 4.18
[    2.153417] usb usb2: New USB device strings: Mfr=3, Product=2, SerialNumber=1
[    2.156170] usb usb2: Product: UHCI Host Controller
[    2.158900] usb usb2: Manufacturer: Linux 4.18.0-rc6-next-20180723 uhci_hcd
[    2.161659] usb usb2: SerialNumber: 0000:00:1d.0
[    2.164930] hub 2-0:1.0: USB hub found
[    2.167665] hub 2-0:1.0: 2 ports detected
[    2.171392] uhci_hcd 0000:00:1d.1: UHCI Host Controller
[    2.174265] uhci_hcd 0000:00:1d.1: new USB bus registered, assigned bus number 3
[    2.176953] uhci_hcd 0000:00:1d.1: detected 2 ports
[    2.179591] uhci_hcd 0000:00:1d.1: irq 17, io base 0x00001840
[    2.182608] usb usb3: New USB device found, idVendor=1d6b, idProduct=0001, bcdDevice= 4.18
[    2.185285] usb usb3: New USB device strings: Mfr=3, Product=2, SerialNumber=1
[    2.187834] usb usb3: Product: UHCI Host Controller
[    2.190259] usb usb3: Manufacturer: Linux 4.18.0-rc6-next-20180723 uhci_hcd
[    2.192718] usb usb3: SerialNumber: 0000:00:1d.1
[    2.195760] hub 3-0:1.0: USB hub found
[    2.198216] hub 3-0:1.0: 2 ports detected
[    2.201795] uhci_hcd 0000:00:1d.2: UHCI Host Controller
[    2.204416] uhci_hcd 0000:00:1d.2: new USB bus registered, assigned bus number 4
[    2.206810] uhci_hcd 0000:00:1d.2: detected 2 ports
[    2.209251] uhci_hcd 0000:00:1d.2: irq 18, io base 0x00001860
[    2.212106] usb usb4: New USB device found, idVendor=1d6b, idProduct=0001, bcdDevice= 4.18
[    2.214544] usb usb4: New USB device strings: Mfr=3, Product=2, SerialNumber=1
[    2.217001] usb usb4: Product: UHCI Host Controller
[    2.219361] usb usb4: Manufacturer: Linux 4.18.0-rc6-next-20180723 uhci_hcd
[    2.221776] usb usb4: SerialNumber: 0000:00:1d.2
[    2.224769] hub 4-0:1.0: USB hub found
[    2.227217] hub 4-0:1.0: 2 ports detected
[    2.230746] uhci_hcd 0000:00:1d.3: UHCI Host Controller
[    2.233372] uhci_hcd 0000:00:1d.3: new USB bus registered, assigned bus number 5
[    2.235842] uhci_hcd 0000:00:1d.3: detected 2 ports
[    2.238221] uhci_hcd 0000:00:1d.3: irq 19, io base 0x00001880
[    2.240990] usb usb5: New USB device found, idVendor=1d6b, idProduct=0001, bcdDevice= 4.18
[    2.243406] usb usb5: New USB device strings: Mfr=3, Product=2, SerialNumber=1
[    2.245847] usb usb5: Product: UHCI Host Controller
[    2.248243] usb usb5: Manufacturer: Linux 4.18.0-rc6-next-20180723 uhci_hcd
[    2.250635] usb usb5: SerialNumber: 0000:00:1d.3
[    2.253594] hub 5-0:1.0: USB hub found
[    2.256041] hub 5-0:1.0: 2 ports detected
[    2.259260] usbcore: registered new interface driver cdc_acm
[    2.261550] cdc_acm: USB Abstract Control Model driver for USB modems and ISDN adapters
[    2.263988] usbcore: registered new interface driver usblp
[    2.266447] usbcore: registered new interface driver usb-storage
[    2.268850] usbcore: registered new interface driver ums-sddr09
[    2.271285] usbcore: registered new interface driver usbserial_generic
[    2.273635] usbserial: USB Serial support registered for generic
[    2.276017] usbcore: registered new interface driver ch341
[    2.278314] usbserial: USB Serial support registered for ch341-uart
[    2.280654] usbcore: registered new interface driver ftdi_sio
[    2.282944] usbserial: USB Serial support registered for FTDI USB Serial Device
[    2.285369] usbcore: registered new interface driver option
[    2.287717] usbserial: USB Serial support registered for GSM modem (1-port)
[    2.290201] usbcore: registered new interface driver pl2303
[    2.292639] usbserial: USB Serial support registered for pl2303
[    2.295091] usbcore: registered new interface driver ti_usb_3410_5052
[    2.297556] usbserial: USB Serial support registered for TI USB 3410 1 port adapter
[    2.300075] usbserial: USB Serial support registered for TI USB 5052 2 port adapter
[    2.302802] ftdi_elan: driver ftdi-elan
[    2.305220] usbcore: registered new interface driver ftdi-elan
[    2.307814] i8042: PNP: PS/2 Controller [PNP0303:KBD,PNP0f13:MOU] at 0x60,0x64 irq 1,12
[    2.320348] serio: i8042 KBD port at 0x60,0x64 irq 1
[    2.322806] serio: i8042 AUX port at 0x60,0x64 irq 12
[    2.326060] mousedev: PS/2 mouse device common for all mice
[    2.329631] input: PC Speaker as /devices/platform/pcspkr/input/input4
[    2.332798] rtc_cmos 00:02: RTC can wake from S4
[    2.335795] rtc_cmos 00:02: registered as rtc0
[    2.338361] rtc_cmos 00:02: alarms up to one month, y3k, 114 bytes nvram, hpet irqs
[    2.341034] usbcore: registered new interface driver uvcvideo
[    2.343532] USB Video Class driver (1.1.1)
[    2.345976] gspca_main: v2.14.0 registered
[    2.348463] usbcore: registered new interface driver sq930x
[    2.351983] device-mapper: ioctl: 4.39.0-ioctl (2018-04-03) initialised: dm-devel@redhat.com
[    2.354492] Bluetooth: HCI UART driver ver 2.3
[    2.356992] Bluetooth: HCI UART protocol H4 registered
[    2.359455] Bluetooth: HCI UART protocol BCSP registered
[    2.362057] usbcore: registered new interface driver btusb
[    2.364675] sdhci: Secure Digital Host Controller Interface driver
[    2.367129] sdhci: Copyright(c) Pierre Ossman
[    2.369591] sdhci-pci 0000:15:00.2: SDHCI controller found [1180:0822] (rev 18)
[    2.372465] sdhci-pci 0000:15:00.2: Will use DMA mode even though HW doesn't fully claim to support it.
[    2.375583] mmc0 bounce up to 128 segments into one, max segment size 65536 bytes
[    2.378306] sdhci-pci 0000:15:00.2: Will use DMA mode even though HW doesn't fully claim to support it.
[    2.381585] mmc0: SDHCI controller on PCI [0000:15:00.2] using DMA
[    2.384628] hidraw: raw HID events driver (C) Jiri Kosina
[    2.388790] usbcore: registered new interface driver usbhid
[    2.391581] usbhid: USB HID core driver
[    2.391830] input: AT Translated Set 2 keyboard as /devices/platform/i8042/serio0/input/input5
[    2.394494] sdhci-pci 0000:15:00.2: Will use DMA mode even though HW doesn't fully claim to support it.
[    2.399945] thinkpad_acpi: ThinkPad ACPI Extras v0.26
[    2.402888] thinkpad_acpi: http://ibm-acpi.sf.net/
[    2.405709] thinkpad_acpi: ThinkPad BIOS 7BETD8WW (2.19 ), EC 7BHT40WW-1.13
[    2.408533] thinkpad_acpi: Lenovo ThinkPad X60, model 17097HU
[    2.417176] thinkpad_acpi: ACPI backlight control delay disabled
[    2.420501] thinkpad_acpi: radio switch found; radios are enabled
[    2.423594] thinkpad_acpi: This ThinkPad has standard ACPI backlight brightness control, supported by the ACPI video driver
[    2.429295] thinkpad_acpi: Disabling thinkpad-acpi brightness events by default...
[    2.443728] thinkpad_acpi: rfkill switch tpacpi_bluetooth_sw: radio is blocked
[    2.449471] thinkpad_acpi: warning: userspace override of important firmware LEDs is enabled
[    2.458008] thinkpad_acpi: Standard ACPI backlight interface available, not loading native one
[    2.461141] thinkpad_acpi: volume: disabled as there is no ALSA support in this kernel
[    2.464719] thinkpad_acpi: battery 1 registered (start 0, stop 0)
[    2.464729] battery: new extension: ThinkPad Battery Extension
[    2.471022] input: ThinkPad Extra Buttons as /devices/platform/thinkpad_acpi/input/input7
[    2.474429] gnss: GNSS driver registered with major 245
[    2.480309] snd_hda_intel 0000:00:1b.0: probe_mask set to 0x1 for device 17aa:2010
[    2.484162] usbcore: registered new interface driver snd-usb-audio
[    2.489594] NET: Registered protocol family 17
[    2.492838] Bluetooth: RFCOMM TTY layer initialized
[    2.495908] Bluetooth: RFCOMM socket layer initialized
[    2.498971] Bluetooth: RFCOMM ver 1.11
[    2.502045] Bluetooth: BNEP (Ethernet Emulation) ver 1.3
[    2.505388] Bluetooth: BNEP filters: protocol multicast
[    2.508407] Bluetooth: BNEP socket layer initialized
[    2.511379] Bluetooth: HIDP (Human Interface Emulation) ver 1.2
[    2.514638] Bluetooth: HIDP socket layer initialized
[    2.517914] microcode: sig=0x6e8, pf=0x20, revision=0x39
[    2.521467] microcode: Microcode Update Driver: v2.2.
[    2.521474] Using IPI No-Shortcut mode
[    2.527956] Loading compiled-in X.509 certificates
[    2.531749] Key type encrypted registered
[    2.535649] rtc_cmos 00:02: setting system clock to 2018-07-23 18:42:11 UTC (1532371331)
[    2.542222] cfg80211: Loading compiled-in X.509 certificates for regulatory database
[    2.544226] snd_hda_codec_analog hdaudioC0D0: autoconfig for AD1981: line_outs=1 (0x5/0x0/0x0/0x0/0x0) type:speaker
[    2.547931] cfg80211: Loaded X.509 cert 'sforshee: 00b28ddf47aef9cea7'
[    2.550877] snd_hda_codec_analog hdaudioC0D0:    speaker_outs=0 (0x0/0x0/0x0/0x0/0x0)
[    2.554411] platform regulatory.0: Direct firmware load for regulatory.db failed with error -2
[    2.556634] snd_hda_codec_analog hdaudioC0D0:    hp_outs=0 (0x0/0x0/0x0/0x0/0x0)
[    2.556638] snd_hda_codec_analog hdaudioC0D0:    mono: mono_out=0x0
[    2.559623] cfg80211: failed to load regulatory.db
[    2.562597] snd_hda_codec_analog hdaudioC0D0:    inputs:
[    2.562602] snd_hda_codec_analog hdaudioC0D0:      Mic=0x8
[    2.562606] snd_hda_codec_analog hdaudioC0D0:      CD=0x19
[    2.574022] PM: Image not found (code -22)
[    2.576764] ALSA device list:
[    2.579322]   #0: HDA Intel at 0xee240000 irq 17
[    2.755771] usb 5-2: new full-speed USB device number 2 using uhci_hcd
[    2.956026] usb 5-2: New USB device found, idVendor=0483, idProduct=2016, bcdDevice= 0.01
[    2.960704] usb 5-2: New USB device strings: Mfr=1, Product=2, SerialNumber=0
[    2.965325] usb 5-2: Product: Biometric Coprocessor
[    2.969811] usb 5-2: Manufacturer: STMicroelectronics
[    3.018782] psmouse serio1: trackpoint: IBM TrackPoint firmware: 0x0e, buttons: 3/3
[    3.042267] input: TPPS/2 IBM TrackPoint as /devices/platform/i8042/serio1/input/input8
[    3.051750] md: Waiting for all devices to be available before autodetect
[    3.055118] md: If you don't use raid, use raid=noautodetect
[    3.059612] md: Autodetecting RAID arrays.
[    3.063047] md: autorun ...
[    3.066425] md: ... autorun DONE.
[    3.082366] EXT4-fs (sda4): mounted filesystem with ordered data mode. Opts: (null)
[    3.086004] VFS: Mounted root (ext4 filesystem) readonly on device 8:4.
[    3.090178] devtmpfs: mounted
[    3.095196] Freeing unused kernel memory: 608K
[    3.112143] Write protecting the kernel text: 12208k
[    3.115794] Write protecting the kernel read-only data: 4784k
[    3.119280] NX-protecting the kernel data: 8272k
[    3.123719] x86/mm: Checked W+X mappings: passed, no W+X pages found.
[    3.126407] x86/mm: Checking user space page tables
[    3.129126] x86/mm: Checked W+X mappings: passed, no W+X pages found.
[    3.131806] rodata_test: all tests were successful
[    3.469347] random: systemd: uninitialized urandom read (16 bytes read)
[    3.476810] systemd[1]: systemd 215 running in system mode. (+PAM +AUDIT +SELINUX +IMA +SYSVINIT +LIBCRYPTSETUP +GCRYPT +ACL +XZ -SECCOMP -APPARMOR)
[    3.504001] systemd[1]: Detected architecture 'x86'.
[    3.606933] systemd[1]: Failed to insert module 'ipv6'
[    3.624051] systemd[1]: Set hostname to <amd>.
[    3.764157] random: systemd-sysv-ge: uninitialized urandom read (16 bytes read)
[    3.895792] usb 5-1: new full-speed USB device number 3 using uhci_hcd
[    4.089017] usb 5-1: New USB device found, idVendor=0a5c, idProduct=2110, bcdDevice= 1.00
[    4.092776] usb 5-1: New USB device strings: Mfr=1, Product=2, SerialNumber=0
[    4.096416] usb 5-1: Product: BCM2045B
[    4.099956] usb 5-1: Manufacturer: Broadcom Corp
[    4.109630] random: systemd-sysv-ge: uninitialized urandom read (16 bytes read)
[    4.627055] systemd[1]: Binding to IPv6 address not available since kernel does not support IPv6.
[    4.630888] systemd[1]: [/lib/systemd/system/gpsd.socket:6] Failed to parse address value, ignoring: [::1]:2947
[    4.641974] systemd[1]: Starting Forward Password Requests to Wall Directory Watch.
[    4.645386] systemd[1]: Started Forward Password Requests to Wall Directory Watch.
[    4.648232] systemd[1]: Starting Remote File Systems (Pre).
[    4.656917] systemd[1]: Reached target Remote File Systems (Pre).
[    5.209160] systemd-udevd[2004]: starting version 215
[    5.657193] random: crng init done
[    5.659854] random: 7 urandom warning(s) missed due to ratelimiting
[    6.668212] EXT4-fs (sda4): re-mounted. Opts: errors=remount-ro
[    7.066609] e1000e 0000:02:00.0 eth1: renamed from eth0
[    7.080106] systemd-udevd[2377]: renamed network interface eth0 to eth1
[    7.340033] usb 5-1: USB disconnect, device number 3
[    8.889588] EXT4-fs (sda2): mounted filesystem with ordered data mode. Opts: errors=remount-ro
[    8.915394] Adding 2097148k swap on /dev/sda1.  Priority:-2 extents:1 across:2097148k 
[    8.999108] systemd-journald[2321]: Received request to flush runtime journal from PID 1
[   11.280876] NFSD: Using /var/lib/nfs/v4recovery as the NFSv4 state recovery directory
[   11.365020] NFSD: starting 45-second grace period (net f0000098)
[   16.332029] iwl3945 0000:03:00.0: loaded firmware version 15.32.2.9
[   18.916875] wlan0: authenticate with 00:00:00:00:00:01
[   18.918937] wlan0: send auth to 00:00:00:00:00:01 (try 1/3)
[   18.920799] wlan0: authenticated
[   18.923878] wlan0: associate with 00:00:00:00:00:01 (try 1/3)
[   18.926759] wlan0: RX AssocResp from 00:00:00:00:00:01 (capab=0x401 status=0 aid=7)
[   18.929157] wlan0: associated
[  431.728043] snd_hda_intel 0000:00:1b.0: IRQ timing workaround is activated for card #0. Suggest a bigger bdl_pos_adj.
