[    0.000000] Linux version 5.7.0-next-20200611+ (pavel@pollux.denx.de) (gcc (GCC) 9.2.1 20190827 (Red Hat 9.2.1-1), GNU ld version 2.32-31.fc31) #123 SMP PREEMPT Thu Jun 11 15:41:22 CEST 2020
[    0.000000] Disabled fast string operations
[    0.000000] x86/fpu: x87 FPU will use FXSAVE
[    0.000000] BIOS-provided physical RAM map:
[    0.000000] BIOS-e820: [mem 0x0000000000000000-0x000000000009efff] usable
[    0.000000] BIOS-e820: [mem 0x000000000009f000-0x000000000009ffff] reserved
[    0.000000] BIOS-e820: [mem 0x00000000000dc000-0x00000000000fffff] reserved
[    0.000000] BIOS-e820: [mem 0x0000000000100000-0x00000000bf6cffff] usable
[    0.000000] BIOS-e820: [mem 0x00000000bf6d0000-0x00000000bf6defff] ACPI data
[    0.000000] BIOS-e820: [mem 0x00000000bf6df000-0x00000000bf6fffff] ACPI NVS
[    0.000000] BIOS-e820: [mem 0x00000000bf700000-0x00000000bfffffff] reserved
[    0.000000] BIOS-e820: [mem 0x00000000f0000000-0x00000000f3ffffff] reserved
[    0.000000] BIOS-e820: [mem 0x00000000fec00000-0x00000000fec0ffff] reserved
[    0.000000] BIOS-e820: [mem 0x00000000fed00000-0x00000000fed003ff] reserved
[    0.000000] BIOS-e820: [mem 0x00000000fed14000-0x00000000fed19fff] reserved
[    0.000000] BIOS-e820: [mem 0x00000000fed1c000-0x00000000fed8ffff] reserved
[    0.000000] BIOS-e820: [mem 0x00000000fee00000-0x00000000fee00fff] reserved
[    0.000000] BIOS-e820: [mem 0x00000000ff800000-0x00000000ffffffff] reserved
[    0.000000] NX (Execute Disable) protection: active
[    0.000000] SMBIOS 2.4 present.
[    0.000000] DMI: LENOVO 17097HU/17097HU, BIOS 7BETD8WW (2.19 ) 03/31/2011
[    0.000000] tsc: Fast TSC calibration using PIT
[    0.000000] tsc: Detected 1828.748 MHz processor
[    0.003604] e820: update [mem 0x00000000-0x00000fff] usable ==> reserved
[    0.003609] e820: remove [mem 0x000a0000-0x000fffff] usable
[    0.003621] last_pfn = 0xbf6d0 max_arch_pfn = 0x1000000
[    0.003633] MTRR default type: uncachable
[    0.003636] MTRR fixed ranges enabled:
[    0.003639]   00000-9FFFF write-back
[    0.003642]   A0000-BFFFF uncachable
[    0.003645]   C0000-CFFFF write-protect
[    0.003648]   D0000-DBFFF uncachable
[    0.003651]   DC000-DFFFF write-back
[    0.003654]   E0000-FFFFF write-protect
[    0.003656] MTRR variable ranges enabled:
[    0.003660]   0 base 000000000 mask F80000000 write-back
[    0.003663]   1 base 080000000 mask FC0000000 write-back
[    0.003666]   2 base 0BF700000 mask FFFF00000 uncachable
[    0.003670]   3 base 0BF800000 mask FFF800000 uncachable
[    0.003672]   4 disabled
[    0.003674]   5 disabled
[    0.003677]   6 disabled
[    0.003679]   7 disabled
[    0.004743] x86/PAT: PAT not supported by the CPU.
[    0.005981] x86/PAT: Configuration [0-7]: WB  WT  UC- UC  WB  WT  UC- UC  
[    0.006001] initial memory mapped: [mem 0x00000000-0x05bfffff]
[    0.006111] ACPI: Early table checksum verification disabled
[    0.006122] ACPI: RSDP 0x00000000000F67C0 000024 (v02 LENOVO)
[    0.006131] ACPI: XSDT 0x00000000BF6D191C 000084 (v01 LENOVO TP-7B    00002190  LTP 00000000)
[    0.006144] ACPI: FACP 0x00000000BF6D1A00 0000F4 (v03 LENOVO TP-7B    00002190 LNVO 00000001)
[    0.006155] ACPI BIOS Warning (bug): 32/64X length mismatch in FADT/Gpe0Block: 64/32 (20200528/tbfadt-564)
[    0.006163] ACPI BIOS Warning (bug): Optional FADT field Gpe1Block has valid Address but zero Length: 0x000000000000102C/0x0 (20200528/tbfadt-615)
[    0.006173] ACPI: DSDT 0x00000000BF6D1D90 00CFB9 (v01 LENOVO TP-7B    00002190 MSFT 0100000E)
[    0.006182] ACPI: FACS 0x00000000BF6F4000 000040
[    0.006190] ACPI: FACS 0x00000000BF6F4000 000040
[    0.006197] ACPI: SSDT 0x00000000BF6D1BB4 0001DC (v01 LENOVO TP-7B    00002190 MSFT 0100000E)
[    0.006207] ACPI: ECDT 0x00000000BF6DED49 000052 (v01 LENOVO TP-7B    00002190 LNVO 00000001)
[    0.006216] ACPI: TCPA 0x00000000BF6DED9B 000032 (v02 LENOVO TP-7B    00002190 LNVO 00000001)
[    0.006224] ACPI: APIC 0x00000000BF6DEDCD 000068 (v01 LENOVO TP-7B    00002190 LNVO 00000001)
[    0.006233] ACPI: MCFG 0x00000000BF6DEE35 00003C (v01 LENOVO TP-7B    00002190 LNVO 00000001)
[    0.006242] ACPI: HPET 0x00000000BF6DEE71 000038 (v01 LENOVO TP-7B    00002190 LNVO 00000001)
[    0.006251] ACPI: BOOT 0x00000000BF6DEFD8 000028 (v01 LENOVO TP-7B    00002190  LTP 00000001)
[    0.006260] ACPI: SSDT 0x00000000BF6F2645 00025F (v01 LENOVO TP-7B    00002190 INTL 20050513)
[    0.006269] ACPI: SSDT 0x00000000BF6F28A4 0000A6 (v01 LENOVO TP-7B    00002190 INTL 20050513)
[    0.006278] ACPI: SSDT 0x00000000BF6F294A 0004F7 (v01 LENOVO TP-7B    00002190 INTL 20050513)
[    0.006287] ACPI: SSDT 0x00000000BF6F2E41 0001D8 (v01 LENOVO TP-7B    00002190 INTL 20050513)
[    0.006308] ACPI: Local APIC address 0xfee00000
[    0.006314] 2176MB HIGHMEM available.
[    0.006318] 885MB LOWMEM available.
[    0.006322]   mapped low ram: 0 - 375fe000
[    0.006326]   low ram: 0 - 375fe000
[    0.006341] Zone ranges:
[    0.006345]   DMA      [mem 0x0000000000001000-0x0000000000ffffff]
[    0.006350]   Normal   [mem 0x0000000001000000-0x00000000375fdfff]
[    0.006355]   HighMem  [mem 0x00000000375fe000-0x00000000bf6cffff]
[    0.006360] Movable zone start for each node
[    0.006364] Early memory node ranges
[    0.006368]   node   0: [mem 0x0000000000001000-0x000000000009efff]
[    0.006373]   node   0: [mem 0x0000000000100000-0x00000000bf6cffff]
[    0.006378] Initmem setup node 0 [mem 0x0000000000001000-0x00000000bf6cffff]
[    0.006384] On node 0 totalpages: 783982
[    0.017763]   DMA zone: 32 pages used for memmap
[    0.017766]   DMA zone: 0 pages reserved
[    0.017770]   DMA zone: 3998 pages, LIFO batch:0
[    0.017877]   Normal zone: 1740 pages used for memmap
[    0.017880]   Normal zone: 222718 pages, LIFO batch:63
[    0.023476]   HighMem zone: 557266 pages, LIFO batch:63
[    0.037537] Using APIC driver default
[    0.037554] Reserving Intel graphics memory at [mem 0xbf800000-0xbfffffff]
[    0.038036] ACPI: PM-Timer IO Port: 0x1008
[    0.038043] ACPI: Local APIC address 0xfee00000
[    0.038056] ACPI: LAPIC_NMI (acpi_id[0x00] high edge lint[0x1])
[    0.038060] ACPI: LAPIC_NMI (acpi_id[0x01] high edge lint[0x1])
[    0.038087] IOAPIC[0]: apic_id 1, version 32, address 0xfec00000, GSI 0-23
[    0.038094] ACPI: INT_SRC_OVR (bus 0 bus_irq 0 global_irq 2 dfl dfl)
[    0.038101] ACPI: INT_SRC_OVR (bus 0 bus_irq 9 global_irq 9 high level)
[    0.038106] ACPI: IRQ0 used by override.
[    0.038110] ACPI: IRQ9 used by override.
[    0.038115] Using ACPI (MADT) for SMP configuration information
[    0.038120] ACPI: HPET id: 0x8086a201 base: 0xfed00000
[    0.038132] smpboot: Allowing 2 CPUs, 0 hotplug CPUs
[    0.038172] PM: hibernation: Registered nosave memory: [mem 0x00000000-0x00000fff]
[    0.038178] PM: hibernation: Registered nosave memory: [mem 0x0009f000-0x0009ffff]
[    0.038182] PM: hibernation: Registered nosave memory: [mem 0x000a0000-0x000dbfff]
[    0.038186] PM: hibernation: Registered nosave memory: [mem 0x000dc000-0x000fffff]
[    0.038197] [mem 0xc0000000-0xefffffff] available for PCI devices
[    0.038204] clocksource: refined-jiffies: mask: 0xffffffff max_cycles: 0xffffffff, max_idle_ns: 7645519600211568 ns
[    0.038218] setup_percpu: NR_CPUS:8 nr_cpumask_bits:8 nr_cpu_ids:2 nr_node_ids:1
[    0.038501] percpu: Embedded 39 pages/cpu s128108 r0 d31636 u159744
[    0.038514] pcpu-alloc: s128108 r0 d31636 u159744 alloc=39*4096
[    0.038517] pcpu-alloc: [0] 0 [0] 1 
[    0.038551] Built 1 zonelists, mobility grouping on.  Total pages: 782210
[    0.038560] Kernel command line: BOOT_IMAGE=(hd0,2)/fast/l/linux-next-32/arch/x86/boot/bzImage resume=/dev/sda1 console=tty0 console=ttyUSB0 root=/dev/sda4
[    0.039091] Dentry cache hash table entries: 131072 (order: 7, 524288 bytes, linear)
[    0.039210] Inode-cache hash table entries: 65536 (order: 6, 262144 bytes, linear)
[    0.039252] mem auto-init: stack:off, heap alloc:off, heap free:off
[    0.039261] Initializing HighMem for node 0 (000375fe:000bf6d0)
[    0.410869] Initializing Movable for node 0 (00000000:00000000)
[    0.491957] Memory: 3086656K/3135928K available (13376K kernel code, 707K rwdata, 5376K rodata, 672K init, 3048K bss, 49272K reserved, 0K cma-reserved, 2229064K highmem)
[    0.491963] Checking if this processor honours the WP bit even in supervisor mode...Ok.
[    0.492027] random: get_random_u32 called from cache_alloc_refill+0x627/0xb00 with crng_init=0
[    0.493271] Kernel/User page tables isolation: enabled
[    0.493576] rcu: Preemptible hierarchical RCU implementation.
[    0.493581] rcu: 	RCU restricting CPUs from NR_CPUS=8 to nr_cpu_ids=2.
[    0.493586] 	Trampoline variant of Tasks RCU enabled.
[    0.493590] rcu: RCU calculated value of scheduler-enlistment delay is 25 jiffies.
[    0.493594] rcu: Adjusting geometry for rcu_fanout_leaf=16, nr_cpu_ids=2
[    0.493640] NR_IRQS: 2304, nr_irqs: 56, preallocated irqs: 16
[    0.496581] Console: colour VGA+ 80x25
[    0.504991] printk: console [tty0] enabled
[    0.505066] Lock dependency validator: Copyright (c) 2006 Red Hat, Inc., Ingo Molnar
[    0.505160] ... MAX_LOCKDEP_SUBCLASSES:  8
[    0.505234] ... MAX_LOCK_DEPTH:          48
[    0.505309] ... MAX_LOCKDEP_KEYS:        8192
[    0.505385] ... CLASSHASH_SIZE:          4096
[    0.505462] ... MAX_LOCKDEP_ENTRIES:     32768
[    0.505538] ... MAX_LOCKDEP_CHAINS:      65536
[    0.505615] ... CHAINHASH_SIZE:          32768
[    0.505691]  memory used by lock dependency info: 1829 kB
[    0.505772]  per task-struct memory footprint: 1344 bytes
[    0.505865] ACPI: Core revision 20200528
[    0.506333] clocksource: hpet: mask: 0xffffffff max_cycles: 0xffffffff, max_idle_ns: 133484882848 ns
[    0.506481] APIC: Switch to symmetric I/O mode setup
[    0.506561] Enabling APIC mode:  Flat.  Using 1 I/O APICs
[    0.507195] ..TIMER: vector=0x30 apic1=0 pin1=2 apic2=-1 pin2=-1
[    0.526479] clocksource: tsc-early: mask: 0xffffffffffffffff max_cycles: 0x1a5c3ede948, max_idle_ns: 440795293562 ns
[    0.526611] Calibrating delay loop (skipped), value calculated using timer frequency.. 3657.49 BogoMIPS (lpj=7314992)
[    0.526739] pid_max: default: 32768 minimum: 301
[    0.527070] Mount-cache hash table entries: 2048 (order: 1, 8192 bytes, linear)
[    0.527172] Mountpoint-cache hash table entries: 2048 (order: 1, 8192 bytes, linear)
[    0.528095] Disabled fast string operations
[    0.528186] process: using mwait in idle threads
[    0.528275] Last level iTLB entries: 4KB 128, 2MB 0, 4MB 2
[    0.528359] Last level dTLB entries: 4KB 128, 2MB 0, 4MB 8, 1GB 0
[    0.528448] Spectre V1 : Mitigation: usercopy/swapgs barriers and __user pointer sanitization
[    0.528563] Spectre V2 : Mitigation: Full generic retpoline
[    0.528647] Spectre V2 : Spectre v2 / SpectreRSB mitigation: Filling RSB on context switch
[    0.528748] L1TF: System has more than MAX_PA/2 memory. L1TF mitigation not effective.
[    0.528845] L1TF: You may make it effective by booting the kernel with mem=2147483648 parameter.
[    0.528960] L1TF: However, doing so will make a part of your RAM unusable.
[    0.529051] L1TF: Reading https://www.kernel.org/doc/html/latest/admin-guide/hw-vuln/l1tf.html might help you decide.
[    0.529177] MDS: Vulnerable: Clear CPU buffers attempted, no microcode
[    0.529460] Freeing SMP alternatives memory: 48K
[    0.640568] smpboot: CPU0: Genuine Intel(R) CPU           T2400  @ 1.83GHz (family: 0x6, model: 0xe, stepping: 0x8)
[    0.641254] Performance Events: Core events, core PMU driver.
[    0.641351] ... version:                1
[    0.641426] ... bit width:              40
[    0.641502] ... generic registers:      2
[    0.641578] ... value mask:             000000ffffffffff
[    0.641660] ... max period:             000000007fffffff
[    0.641743] ... fixed-purpose events:   0
[    0.641819] ... event mask:             0000000000000003
[    0.642063] rcu: Hierarchical SRCU implementation.
[    0.642609] NMI watchdog: Enabled. Permanently consumes one hw-PMU counter.
[    0.642805] smp: Bringing up secondary CPUs ...
[    0.643861] x86: Booting SMP configuration:
[    0.643946] .... node  #0, CPUs:      #1
[    0.016631] Disabled fast string operations
[    0.646411] TSC synchronization [CPU#0 -> CPU#1]:
[    0.646609] Measured 579810 cycles TSC warp between CPUs, turning off TSC clock.
[    0.646609] tsc: Marking TSC unstable due to check_tsc_sync_source failed
[    0.646798] smp: Brought up 1 node, 2 CPUs
[    0.646798] smpboot: Max logical packages: 1
[    0.646798] smpboot: Total of 2 processors activated (7314.99 BogoMIPS)
[    0.648474] devtmpfs: initialized
[    0.648474] PM: Registering ACPI NVS region [mem 0xbf6df000-0xbf6fffff] (135168 bytes)
[    0.651045] clocksource: jiffies: mask: 0xffffffff max_cycles: 0xffffffff, max_idle_ns: 7645041785100000 ns
[    0.651045] futex hash table entries: 512 (order: 3, 32768 bytes, linear)
[    0.651108] thermal_sys: Registered thermal governor 'step_wise'
[    0.651564] NET: Registered protocol family 16
[    0.653252] cpuidle: using governor ladder
[    0.653374] cpuidle: using governor menu
[    0.653665] Simple Boot Flag at 0x35 set to 0x1
[    0.653792] ACPI FADT declares the system doesn't support PCIe ASPM, so disable it
[    0.654642] ACPI: bus type PCI registered
[    0.654985] PCI: MMCONFIG for domain 0000 [bus 00-3f] at [mem 0xf0000000-0xf3ffffff] (base 0xf0000000)
[    0.655873] PCI: MMCONFIG at [mem 0xf0000000-0xf3ffffff] reserved in E820
[    0.655964] PCI: Using MMCONFIG for extended config space
[    0.656048] PCI: Using configuration type 1 for base access
[    0.656635] mtrr: your CPUs had inconsistent variable MTRR settings
[    0.656724] mtrr: probably your BIOS does not setup all CPUs.
[    0.656809] mtrr: corrected configuration.
[    0.724677] ACPI: Added _OSI(Module Device)
[    0.724764] ACPI: Added _OSI(Processor Device)
[    0.724843] ACPI: Added _OSI(3.0 _SCP Extensions)
[    0.724923] ACPI: Added _OSI(Processor Aggregator Device)
[    0.725009] ACPI: Added _OSI(Linux-Dell-Video)
[    0.725090] ACPI: Added _OSI(Linux-Lenovo-NV-HDMI-Audio)
[    0.725175] ACPI: Added _OSI(Linux-HPI-Hybrid-Graphics)
[    0.789140] ACPI: 6 ACPI AML tables successfully acquired and loaded
[    0.793237] ACPI: EC: EC started
[    0.793312] ACPI: EC: interrupt blocked
[    0.798184] ACPI: EC: EC_CMD/EC_SC=0x66, EC_DATA=0x62
[    0.798266] ACPI: EC: Boot ECDT EC used to handle transactions
[    0.817235] ACPI: Dynamic OEM Table Load:
[    0.817329] ACPI: SSDT 0x00000000F522C000 000240 (v01 PmRef  Cpu0Ist  00000100 INTL 20050513)
[    0.821340] ACPI: Dynamic OEM Table Load:
[    0.821432] ACPI: SSDT 0x00000000F58CC000 00065A (v01 PmRef  Cpu0Cst  00000100 INTL 20050513)
[    0.827814] ACPI: Dynamic OEM Table Load:
[    0.827904] ACPI: SSDT 0x00000000F5095A00 0000C8 (v01 PmRef  Cpu1Ist  00000100 INTL 20050513)
[    0.831255] ACPI: Dynamic OEM Table Load:
[    0.831345] ACPI: SSDT 0x00000000F58BF300 000085 (v01 PmRef  Cpu1Cst  00000100 INTL 20050513)
[    0.835241] ACPI: Interpreter enabled
[    0.835390] ACPI: (supports S0 S3 S4 S5)
[    0.835472] ACPI: Using IOAPIC for interrupt routing
[    0.835679] PCI: Using host bridge windows from ACPI; if necessary, use "pci=nocrs" and report a bug
[    0.836768] ACPI: Enabled 4 GPEs in block 00 to 1F
[    0.861021] ACPI: Power Resource [PUBS] (on)
[    0.862241] acpi PNP0C0A:01: ACPI dock station (docks/bays count: 1)
[    0.870326] acpi LNXIOBAY:00: ACPI dock station (docks/bays count: 2)
[    0.885618] acpi IBM0079:00: ACPI dock station (docks/bays count: 3)
[    0.888118] ACPI: PCI Interrupt Link [LNKA] (IRQs 3 4 5 6 7 9 10 *11)
[    0.888985] ACPI: PCI Interrupt Link [LNKB] (IRQs 3 4 5 6 7 9 10 *11)
[    0.889849] ACPI: PCI Interrupt Link [LNKC] (IRQs 3 4 5 6 7 9 10 *11)
[    0.890729] ACPI: PCI Interrupt Link [LNKD] (IRQs 3 4 5 6 7 9 10 *11)
[    0.891593] ACPI: PCI Interrupt Link [LNKE] (IRQs 3 4 5 6 7 9 10 *11)
[    0.892455] ACPI: PCI Interrupt Link [LNKF] (IRQs 3 4 5 6 7 9 10 *11)
[    0.893319] ACPI: PCI Interrupt Link [LNKG] (IRQs 3 4 5 6 7 9 10 *11)
[    0.894181] ACPI: PCI Interrupt Link [LNKH] (IRQs 3 4 5 6 7 9 10 *11)
[    0.894880] ACPI: PCI Root Bridge [PCI0] (domain 0000 [bus 00-ff])
[    0.895138] acpi PNP0A08:00: _OSC: OS supports [ExtendedConfig ASPM ClockPM Segments HPX-Type3]
[    0.895987] acpi PNP0A08:00: _OSC: not requesting OS control; OS requires [ExtendedConfig ASPM ClockPM MSI]
[    0.896126] acpi PNP0A08:00: [Firmware Info]: MMCONFIG for domain 0000 [bus 00-3f] only partially covers this bridge
[    0.896548] PCI host bridge to bus 0000:00
[    0.896630] pci_bus 0000:00: root bus resource [io  0x0000-0x0cf7 window]
[    0.896726] pci_bus 0000:00: root bus resource [io  0x0d00-0xffff window]
[    0.896823] pci_bus 0000:00: root bus resource [mem 0x000a0000-0x000bffff window]
[    0.896924] pci_bus 0000:00: root bus resource [mem 0x000d0000-0x000d3fff window]
[    0.897024] pci_bus 0000:00: root bus resource [mem 0x000d4000-0x000d7fff window]
[    0.897125] pci_bus 0000:00: root bus resource [mem 0x000d8000-0x000dbfff window]
[    0.897226] pci_bus 0000:00: root bus resource [mem 0xc0000000-0xfebfffff window]
[    0.897327] pci_bus 0000:00: root bus resource [mem 0xfed40000-0xfed40fff window]
[    0.897429] pci_bus 0000:00: root bus resource [bus 00-ff]
[    0.897566] pci 0000:00:00.0: [8086:27a0] type 00 class 0x060000
[    0.898148] pci 0000:00:02.0: [8086:27a2] type 00 class 0x030000
[    0.898257] pci 0000:00:02.0: reg 0x10: [mem 0xee100000-0xee17ffff]
[    0.898356] pci 0000:00:02.0: reg 0x14: [io  0x1800-0x1807]
[    0.898450] pci 0000:00:02.0: reg 0x18: [mem 0xd0000000-0xdfffffff pref]
[    0.898552] pci 0000:00:02.0: reg 0x1c: [mem 0xee200000-0xee23ffff]
[    0.899235] pci 0000:00:02.1: [8086:27a6] type 00 class 0x038000
[    0.899342] pci 0000:00:02.1: reg 0x10: [mem 0xee180000-0xee1fffff]
[    0.899950] pci 0000:00:1b.0: [8086:27d8] type 00 class 0x040300
[    0.900082] pci 0000:00:1b.0: reg 0x10: [mem 0xee240000-0xee243fff 64bit]
[    0.900337] pci 0000:00:1b.0: PME# supported from D0 D3hot D3cold
[    0.901044] pci 0000:00:1c.0: [8086:27d0] type 01 class 0x060400
[    0.901321] pci 0000:00:1c.0: PME# supported from D0 D3hot D3cold
[    0.902029] pci 0000:00:1c.1: [8086:27d2] type 01 class 0x060400
[    0.902306] pci 0000:00:1c.1: PME# supported from D0 D3hot D3cold
[    0.903068] pci 0000:00:1c.2: [8086:27d4] type 01 class 0x060400
[    0.903344] pci 0000:00:1c.2: PME# supported from D0 D3hot D3cold
[    0.904045] pci 0000:00:1c.3: [8086:27d6] type 01 class 0x060400
[    0.904321] pci 0000:00:1c.3: PME# supported from D0 D3hot D3cold
[    0.905028] pci 0000:00:1d.0: [8086:27c8] type 00 class 0x0c0300
[    0.905191] pci 0000:00:1d.0: reg 0x20: [io  0x1820-0x183f]
[    0.905887] pci 0000:00:1d.1: [8086:27c9] type 00 class 0x0c0300
[    0.906049] pci 0000:00:1d.1: reg 0x20: [io  0x1840-0x185f]
[    0.906974] pci 0000:00:1d.2: [8086:27ca] type 00 class 0x0c0300
[    0.906974] pci 0000:00:1d.2: reg 0x20: [io  0x1860-0x187f]
[    0.907623] pci 0000:00:1d.3: [8086:27cb] type 00 class 0x0c0300
[    0.907786] pci 0000:00:1d.3: reg 0x20: [io  0x1880-0x189f]
[    0.908466] pci 0000:00:1d.7: [8086:27cc] type 00 class 0x0c0320
[    0.908588] pci 0000:00:1d.7: reg 0x10: [mem 0xee444000-0xee4443ff]
[    0.908814] pci 0000:00:1d.7: PME# supported from D0 D3hot D3cold
[    0.909488] pci 0000:00:1e.0: [8086:2448] type 01 class 0x060401
[    0.910284] pci 0000:00:1f.0: [8086:27b9] type 00 class 0x060100
[    0.910526] pci 0000:00:1f.0: quirk: [io  0x1000-0x107f] claimed by ICH6 ACPI/GPIO/TCO
[    0.910627] pci 0000:00:1f.0: quirk: [io  0x1180-0x11bf] claimed by ICH6 GPIO
[    0.910728] pci 0000:00:1f.0: ICH7 LPC Generic IO decode 1 PIO at 1600 (mask 007f)
[    0.910830] pci 0000:00:1f.0: ICH7 LPC Generic IO decode 2 PIO at 15e0 (mask 000f)
[    0.910933] pci 0000:00:1f.0: ICH7 LPC Generic IO decode 3 PIO at 1680 (mask 001f)
[    0.911619] pci 0000:00:1f.1: [8086:27df] type 00 class 0x01018a
[    0.911736] pci 0000:00:1f.1: reg 0x10: [io  0x0000-0x0007]
[    0.911836] pci 0000:00:1f.1: reg 0x14: [io  0x0000-0x0003]
[    0.911936] pci 0000:00:1f.1: reg 0x18: [io  0x0000-0x0007]
[    0.912036] pci 0000:00:1f.1: reg 0x1c: [io  0x0000-0x0003]
[    0.912136] pci 0000:00:1f.1: reg 0x20: [io  0x1810-0x181f]
[    0.912252] pci 0000:00:1f.1: legacy IDE quirk: reg 0x10: [io  0x01f0-0x01f7]
[    0.912350] pci 0000:00:1f.1: legacy IDE quirk: reg 0x14: [io  0x03f6]
[    0.912444] pci 0000:00:1f.1: legacy IDE quirk: reg 0x18: [io  0x0170-0x0177]
[    0.912541] pci 0000:00:1f.1: legacy IDE quirk: reg 0x1c: [io  0x0376]
[    0.913187] pci 0000:00:1f.2: [8086:27c5] type 00 class 0x010601
[    0.913308] pci 0000:00:1f.2: reg 0x10: [io  0x18d0-0x18d7]
[    0.913408] pci 0000:00:1f.2: reg 0x14: [io  0x18c4-0x18c7]
[    0.913508] pci 0000:00:1f.2: reg 0x18: [io  0x18c8-0x18cf]
[    0.913608] pci 0000:00:1f.2: reg 0x1c: [io  0x18c0-0x18c3]
[    0.913708] pci 0000:00:1f.2: reg 0x20: [io  0x18b0-0x18bf]
[    0.913809] pci 0000:00:1f.2: reg 0x24: [mem 0xee444400-0xee4447ff]
[    0.913980] pci 0000:00:1f.2: PME# supported from D3hot
[    0.914736] pci 0000:00:1f.3: [8086:27da] type 00 class 0x0c0500
[    0.914856] pci 0000:00:1f.3: reg 0x20: [io  0x18e0-0x18ff]
[    0.915796] pci 0000:02:00.0: [8086:109a] type 00 class 0x020000
[    0.916009] pci 0000:02:00.0: reg 0x10: [mem 0xee000000-0xee01ffff]
[    0.916205] pci 0000:02:00.0: reg 0x18: [io  0x2000-0x201f]
[    0.916604] pci 0000:02:00.0: PME# supported from D0 D3hot D3cold
[    0.917138] pci 0000:00:1c.0: PCI bridge to [bus 02]
[    0.917229] pci 0000:00:1c.0:   bridge window [io  0x2000-0x2fff]
[    0.917325] pci 0000:00:1c.0:   bridge window [mem 0xee000000-0xee0fffff]
[    0.917696] pci 0000:03:00.0: [8086:4227] type 00 class 0x028000
[    0.917931] pci 0000:03:00.0: reg 0x10: [mem 0xedf00000-0xedf00fff]
[    0.918573] pci 0000:03:00.0: PME# supported from D0 D3hot D3cold
[    0.919141] pci 0000:00:1c.1: PCI bridge to [bus 03]
[    0.919230] pci 0000:00:1c.1:   bridge window [io  0x3000-0x4fff]
[    0.919325] pci 0000:00:1c.1:   bridge window [mem 0xec000000-0xedffffff]
[    0.919427] pci 0000:00:1c.1:   bridge window [mem 0xe4000000-0xe40fffff 64bit pref]
[    0.919693] pci 0000:00:1c.2: PCI bridge to [bus 04-0b]
[    0.919784] pci 0000:00:1c.2:   bridge window [io  0x5000-0x6fff]
[    0.919879] pci 0000:00:1c.2:   bridge window [mem 0xe8000000-0xe9ffffff]
[    0.919981] pci 0000:00:1c.2:   bridge window [mem 0xe4100000-0xe41fffff 64bit pref]
[    0.920237] pci 0000:00:1c.3: PCI bridge to [bus 0c-13]
[    0.920326] pci 0000:00:1c.3:   bridge window [io  0x7000-0x8fff]
[    0.920421] pci 0000:00:1c.3:   bridge window [mem 0xea000000-0xebffffff]
[    0.920524] pci 0000:00:1c.3:   bridge window [mem 0xe4200000-0xe42fffff 64bit pref]
[    0.920659] pci_bus 0000:15: extended config space not accessible
[    0.920885] pci 0000:15:00.0: [1180:0476] type 02 class 0x060700
[    0.921003] pci 0000:15:00.0: reg 0x10: [mem 0xe4300000-0xe4300fff]
[    0.921164] pci 0000:15:00.0: supports D1 D2
[    0.921245] pci 0000:15:00.0: PME# supported from D0 D1 D2 D3hot D3cold
[    0.921761] pci 0000:15:00.1: [1180:0552] type 00 class 0x0c0010
[    0.921877] pci 0000:15:00.1: reg 0x10: [mem 0xe4301000-0xe43017ff]
[    0.922110] pci 0000:15:00.1: PME# supported from D0 D3hot D3cold
[    0.922629] pci 0000:15:00.2: [1180:0822] type 00 class 0x080500
[    0.922736] pci 0000:15:00.2: reg 0x10: [mem 0xe4301800-0xe43018ff]
[    0.922911] pci 0000:15:00.2: supports D1 D2
[    0.922993] pci 0000:15:00.2: PME# supported from D0 D1 D2 D3hot D3cold
[    0.923407] pci 0000:00:1e.0: PCI bridge to [bus 15-18] (subtractive decode)
[    0.923510] pci 0000:00:1e.0:   bridge window [io  0x9000-0xcfff]
[    0.923605] pci 0000:00:1e.0:   bridge window [mem 0xe4300000-0xe7ffffff]
[    0.923707] pci 0000:00:1e.0:   bridge window [mem 0xe0000000-0xe3ffffff 64bit pref]
[    0.923809] pci 0000:00:1e.0:   bridge window [io  0x0000-0x0cf7 window] (subtractive decode)
[    0.923930] pci 0000:00:1e.0:   bridge window [io  0x0d00-0xffff window] (subtractive decode)
[    0.924050] pci 0000:00:1e.0:   bridge window [mem 0x000a0000-0x000bffff window] (subtractive decode)
[    0.924174] pci 0000:00:1e.0:   bridge window [mem 0x000d0000-0x000d3fff window] (subtractive decode)
[    0.924299] pci 0000:00:1e.0:   bridge window [mem 0x000d4000-0x000d7fff window] (subtractive decode)
[    0.924423] pci 0000:00:1e.0:   bridge window [mem 0x000d8000-0x000dbfff window] (subtractive decode)
[    0.924547] pci 0000:00:1e.0:   bridge window [mem 0xc0000000-0xfebfffff window] (subtractive decode)
[    0.924671] pci 0000:00:1e.0:   bridge window [mem 0xfed40000-0xfed40fff window] (subtractive decode)
[    0.924834] pci_bus 0000:16: extended config space not accessible
[    0.925035] pci_bus 0000:16: busn_res: [bus 16-18] end is updated to 17
[    0.925180] pci_bus 0000:00: on NUMA node 0
[    0.931875] ACPI: EC: interrupt unblocked
[    0.931959] ACPI: EC: event unblocked
[    0.932808] ACPI: EC: EC_CMD/EC_SC=0x66, EC_DATA=0x62
[    0.932892] ACPI: EC: GPE=0x1c
[    0.932967] ACPI: \_SB_.PCI0.LPC_.EC__: Boot ECDT EC initialization complete
[    0.933066] ACPI: \_SB_.PCI0.LPC_.EC__: EC: Used to handle transactions and events
[    0.933878] pci 0000:00:02.0: vgaarb: setting as boot VGA device
[    0.933973] pci 0000:00:02.0: vgaarb: VGA device added: decodes=io+mem,owns=io+mem,locks=none
[    0.934116] pci 0000:00:02.0: vgaarb: bridge control possible
[    0.934202] vgaarb: loaded
[    0.935051] SCSI subsystem initialized
[    0.935275] libata version 3.00 loaded.
[    0.935394] ACPI: bus type USB registered
[    0.935606] usbcore: registered new interface driver usbfs
[    0.935759] usbcore: registered new interface driver hub
[    0.936012] usbcore: registered new device driver usb
[    0.936225] mc: Linux media interface: v0.10
[    0.936353] videodev: Linux video capture interface: v2.00
[    0.936506] pps_core: LinuxPPS API ver. 1 registered
[    0.936589] pps_core: Software ver. 5.3.6 - Copyright 2005-2007 Rodolfo Giometti <giometti@linux.it>
[    0.936742] PTP clock support registered
[    0.937093] EDAC MC: Ver: 3.0.0
[    0.939006] Advanced Linux Sound Architecture Driver Initialized.
[    0.940086] Bluetooth: Core ver 2.22
[    0.940227] NET: Registered protocol family 31
[    0.940307] Bluetooth: HCI device and connection manager initialized
[    0.940407] Bluetooth: HCI socket layer initialized
[    0.940491] Bluetooth: L2CAP socket layer initialized
[    0.940596] Bluetooth: SCO socket layer initialized
[    0.940963] PCI: Using ACPI for IRQ routing
[    0.944268] PCI: pci_cache_line_size set to 64 bytes
[    0.944593] e820: reserve RAM buffer [mem 0x0009f000-0x0009ffff]
[    0.944599] e820: reserve RAM buffer [mem 0xbf6d0000-0xbfffffff]
[    0.944923] clocksource: Switched to clocksource hpet
[    0.945834] pnp: PnP ACPI init
[    0.946877] system 00:00: [mem 0x00000000-0x0009ffff] could not be reserved
[    0.946982] system 00:00: [mem 0x000c0000-0x000c3fff] could not be reserved
[    0.947083] system 00:00: [mem 0x000c4000-0x000c7fff] could not be reserved
[    0.947182] system 00:00: [mem 0x000c8000-0x000cbfff] has been reserved
[    0.947279] system 00:00: [mem 0x000cc000-0x000cffff] has been reserved
[    0.947378] system 00:00: [mem 0x000dc000-0x000dffff] could not be reserved
[    0.947478] system 00:00: [mem 0x000e0000-0x000e3fff] could not be reserved
[    0.947579] system 00:00: [mem 0x000e4000-0x000e7fff] could not be reserved
[    0.947679] system 00:00: [mem 0x000e8000-0x000ebfff] could not be reserved
[    0.947780] system 00:00: [mem 0x000ec000-0x000effff] could not be reserved
[    0.947880] system 00:00: [mem 0x000f0000-0x000fffff] could not be reserved
[    0.947981] system 00:00: [mem 0x00100000-0xbfffffff] could not be reserved
[    0.948082] system 00:00: [mem 0xfec00000-0xfed3ffff] could not be reserved
[    0.948183] system 00:00: [mem 0xfed41000-0xffffffff] could not be reserved
[    0.948328] system 00:00: Plug and Play ACPI device, IDs PNP0c01 (active)
[    0.948846] system 00:01: [io  0x164e-0x164f] has been reserved
[    0.948942] system 00:01: [io  0x1000-0x107f] has been reserved
[    0.949036] system 00:01: [io  0x1180-0x11bf] has been reserved
[    0.949129] system 00:01: [io  0x0800-0x080f] has been reserved
[    0.949221] system 00:01: [io  0x15e0-0x15ef] has been reserved
[    0.949316] system 00:01: [io  0x1600-0x165f] could not be reserved
[    0.949411] system 00:01: [mem 0xf0000000-0xf3ffffff] has been reserved
[    0.949508] system 00:01: [mem 0xfed1c000-0xfed1ffff] has been reserved
[    0.949606] system 00:01: [mem 0xfed14000-0xfed17fff] has been reserved
[    0.949703] system 00:01: [mem 0xfed18000-0xfed18fff] has been reserved
[    0.949800] system 00:01: [mem 0xfed19000-0xfed19fff] has been reserved
[    0.949931] system 00:01: Plug and Play ACPI device, IDs PNP0c02 (active)
[    0.950242] pnp 00:02: Plug and Play ACPI device, IDs PNP0b00 (active)
[    0.950403] pnp 00:03: Plug and Play ACPI device, IDs PNP0303 (active)
[    0.950554] pnp 00:04: Plug and Play ACPI device, IDs IBM3780 PNP0f13 (active)
[    0.951344] pnp 00:05: [dma 3]
[    0.951551] pnp 00:05: Plug and Play ACPI device, IDs IBM0071 PNP0511 (active)
[    0.951800] pnp 00:06: Plug and Play ACPI device, IDs ATM1200 PNP0c31 (active)
[    0.954171] pnp: PnP ACPI: found 7 devices
[    1.000735] clocksource: acpi_pm: mask: 0xffffff max_cycles: 0xffffff, max_idle_ns: 2085701024 ns
[    1.001009] NET: Registered protocol family 2
[    1.001628] tcp_listen_portaddr_hash hash table entries: 512 (order: 2, 22528 bytes, linear)
[    1.001789] TCP established hash table entries: 8192 (order: 3, 32768 bytes, linear)
[    1.001946] TCP bind hash table entries: 8192 (order: 6, 327680 bytes, linear)
[    1.002573] TCP: Hash tables configured (established 8192 bind 8192)
[    1.003006] UDP hash table entries: 512 (order: 3, 49152 bytes, linear)
[    1.003176] UDP-Lite hash table entries: 512 (order: 3, 49152 bytes, linear)
[    1.003484] NET: Registered protocol family 1
[    1.004212] RPC: Registered named UNIX socket transport module.
[    1.004303] RPC: Registered udp transport module.
[    1.004385] RPC: Registered tcp transport module.
[    1.004467] RPC: Registered tcp NFSv4.1 backchannel transport module.
[    1.005108] pci 0000:00:1c.0: bridge window [mem 0x00100000-0x000fffff 64bit pref] to [bus 02] add_size 200000 add_align 100000
[    1.005280] pci 0000:00:1c.0: BAR 9: assigned [mem 0xc0000000-0xc01fffff 64bit pref]
[    1.005382] pci 0000:00:1c.0: PCI bridge to [bus 02]
[    1.005467] pci 0000:00:1c.0:   bridge window [io  0x2000-0x2fff]
[    1.005561] pci 0000:00:1c.0:   bridge window [mem 0xee000000-0xee0fffff]
[    1.005657] pci 0000:00:1c.0:   bridge window [mem 0xc0000000-0xc01fffff 64bit pref]
[    1.005762] pci 0000:00:1c.1: PCI bridge to [bus 03]
[    1.005847] pci 0000:00:1c.1:   bridge window [io  0x3000-0x4fff]
[    1.005940] pci 0000:00:1c.1:   bridge window [mem 0xec000000-0xedffffff]
[    1.006035] pci 0000:00:1c.1:   bridge window [mem 0xe4000000-0xe40fffff 64bit pref]
[    1.006139] pci 0000:00:1c.2: PCI bridge to [bus 04-0b]
[    1.006224] pci 0000:00:1c.2:   bridge window [io  0x5000-0x6fff]
[    1.006318] pci 0000:00:1c.2:   bridge window [mem 0xe8000000-0xe9ffffff]
[    1.006414] pci 0000:00:1c.2:   bridge window [mem 0xe4100000-0xe41fffff 64bit pref]
[    1.006518] pci 0000:00:1c.3: PCI bridge to [bus 0c-13]
[    1.006603] pci 0000:00:1c.3:   bridge window [io  0x7000-0x8fff]
[    1.006717] pci 0000:00:1c.3:   bridge window [mem 0xea000000-0xebffffff]
[    1.006813] pci 0000:00:1c.3:   bridge window [mem 0xe4200000-0xe42fffff 64bit pref]
[    1.006927] pci 0000:15:00.0: BAR 9: assigned [mem 0xe0000000-0xe3ffffff pref]
[    1.007027] pci 0000:15:00.0: BAR 10: assigned [mem 0xc4000000-0xc7ffffff]
[    1.007121] pci 0000:15:00.0: BAR 7: assigned [io  0x9000-0x90ff]
[    1.007210] pci 0000:15:00.0: BAR 8: assigned [io  0x9400-0x94ff]
[    1.007307] pci 0000:15:00.0: CardBus bridge to [bus 16-17]
[    1.007392] pci 0000:15:00.0:   bridge window [io  0x9000-0x90ff]
[    1.007484] pci 0000:15:00.0:   bridge window [io  0x9400-0x94ff]
[    1.007575] pci 0000:15:00.0:   bridge window [mem 0xe0000000-0xe3ffffff pref]
[    1.007673] pci 0000:15:00.0:   bridge window [mem 0xc4000000-0xc7ffffff]
[    1.007769] pci 0000:00:1e.0: PCI bridge to [bus 15-18]
[    1.007854] pci 0000:00:1e.0:   bridge window [io  0x9000-0xcfff]
[    1.007947] pci 0000:00:1e.0:   bridge window [mem 0xe4300000-0xe7ffffff]
[    1.008042] pci 0000:00:1e.0:   bridge window [mem 0xe0000000-0xe3ffffff 64bit pref]
[    1.008149] pci_bus 0000:00: resource 4 [io  0x0000-0x0cf7 window]
[    1.008238] pci_bus 0000:00: resource 5 [io  0x0d00-0xffff window]
[    1.008327] pci_bus 0000:00: resource 6 [mem 0x000a0000-0x000bffff window]
[    1.008420] pci_bus 0000:00: resource 7 [mem 0x000d0000-0x000d3fff window]
[    1.008512] pci_bus 0000:00: resource 8 [mem 0x000d4000-0x000d7fff window]
[    1.008605] pci_bus 0000:00: resource 9 [mem 0x000d8000-0x000dbfff window]
[    1.008699] pci_bus 0000:00: resource 10 [mem 0xc0000000-0xfebfffff window]
[    1.008792] pci_bus 0000:00: resource 11 [mem 0xfed40000-0xfed40fff window]
[    1.008885] pci_bus 0000:02: resource 0 [io  0x2000-0x2fff]
[    1.008971] pci_bus 0000:02: resource 1 [mem 0xee000000-0xee0fffff]
[    1.009060] pci_bus 0000:02: resource 2 [mem 0xc0000000-0xc01fffff 64bit pref]
[    1.009155] pci_bus 0000:03: resource 0 [io  0x3000-0x4fff]
[    1.009240] pci_bus 0000:03: resource 1 [mem 0xec000000-0xedffffff]
[    1.009330] pci_bus 0000:03: resource 2 [mem 0xe4000000-0xe40fffff 64bit pref]
[    1.009424] pci_bus 0000:04: resource 0 [io  0x5000-0x6fff]
[    1.009510] pci_bus 0000:04: resource 1 [mem 0xe8000000-0xe9ffffff]
[    1.009599] pci_bus 0000:04: resource 2 [mem 0xe4100000-0xe41fffff 64bit pref]
[    1.009694] pci_bus 0000:0c: resource 0 [io  0x7000-0x8fff]
[    1.009779] pci_bus 0000:0c: resource 1 [mem 0xea000000-0xebffffff]
[    1.009868] pci_bus 0000:0c: resource 2 [mem 0xe4200000-0xe42fffff 64bit pref]
[    1.009963] pci_bus 0000:15: resource 0 [io  0x9000-0xcfff]
[    1.010048] pci_bus 0000:15: resource 1 [mem 0xe4300000-0xe7ffffff]
[    1.010138] pci_bus 0000:15: resource 2 [mem 0xe0000000-0xe3ffffff 64bit pref]
[    1.010232] pci_bus 0000:15: resource 4 [io  0x0000-0x0cf7 window]
[    1.010321] pci_bus 0000:15: resource 5 [io  0x0d00-0xffff window]
[    1.010410] pci_bus 0000:15: resource 6 [mem 0x000a0000-0x000bffff window]
[    1.010502] pci_bus 0000:15: resource 7 [mem 0x000d0000-0x000d3fff window]
[    1.010595] pci_bus 0000:15: resource 8 [mem 0x000d4000-0x000d7fff window]
[    1.010708] pci_bus 0000:15: resource 9 [mem 0x000d8000-0x000dbfff window]
[    1.010800] pci_bus 0000:15: resource 10 [mem 0xc0000000-0xfebfffff window]
[    1.010894] pci_bus 0000:15: resource 11 [mem 0xfed40000-0xfed40fff window]
[    1.010987] pci_bus 0000:16: resource 0 [io  0x9000-0x90ff]
[    1.011072] pci_bus 0000:16: resource 1 [io  0x9400-0x94ff]
[    1.011158] pci_bus 0000:16: resource 2 [mem 0xe0000000-0xe3ffffff pref]
[    1.011249] pci_bus 0000:16: resource 3 [mem 0xc4000000-0xc7ffffff]
[    1.011670] pci 0000:00:02.0: Video device with shadowed ROM at [mem 0x000c0000-0x000dffff]
[    1.015143] pci 0000:15:00.0: CLS mismatch (64 != 32), using 64 bytes
[    1.018162] Initialise system trusted keyrings
[    1.018462] workingset: timestamp_bits=30 max_order=20 bucket_order=0
[    1.020777] Installing knfsd (copyright (C) 1996 okir@monad.swb.de).
[    1.021519] ntfs: driver 2.1.32 [Flags: R/W].
[    1.021847] fuse: init (API version 7.31)
[    1.046019] Key type asymmetric registered
[    1.046109] Asymmetric key parser 'x509' registered
[    1.046321] bounce: pool size: 64 pages
[    1.046474] Block layer SCSI generic (bsg) driver version 0.4 loaded (major 249)
[    1.046580] io scheduler mq-deadline registered
[    1.046728] io scheduler bfq registered
[    1.047024] start plist test
[    1.050958] end plist test
[    1.053838] intel_idle: MWAIT substates: 0x22220
[    1.054589] ACPI: \_PR_.CPU0: Found 3 idle states
[    1.055493] ACPI: \_PR_.CPU1: Found 3 idle states
[    1.055575] intel_idle: ACPI _CST not found or not usable
[    1.056091] ACPI: Deprecated procfs I/F for AC is loaded, please retry with CONFIG_ACPI_PROCFS_POWER cleared
[    1.056632] ACPI: AC Adapter [AC] (on-line)
[    1.057083] input: Lid Switch as /devices/LNXSYSTM:00/LNXSYBUS:00/PNP0C0D:00/input/input0
[    1.066887] ACPI: Lid Switch [LID]
[    1.067192] input: Sleep Button as /devices/LNXSYSTM:00/LNXSYBUS:00/PNP0C0E:00/input/input1
[    1.067539] ACPI: Sleep Button [SLPB]
[    1.067892] input: Power Button as /devices/LNXSYSTM:00/LNXPWRBN:00/input/input2
[    1.068223] ACPI: Power Button [PWRF]
[    1.068747] ACPI: Video Device [VID] (multi-head: yes  rom: no  post: no)
[    1.077443] acpi device:01: registered as cooling_device0
[    1.077960] input: Video Bus as /devices/LNXSYSTM:00/LNXSYBUS:00/PNP0A08:00/LNXVIDEO:00/input/input3
[    1.079364] ACPI: \_PR_.CPU0: Found 3 idle states
[    1.088786] ACPI: \_PR_.CPU1: Found 3 idle states
[    1.095078] thermal LNXTHERM:00: registered as thermal_zone0
[    1.095169] ACPI: Thermal Zone [THM0] (82 C)
[    1.099040] thermal LNXTHERM:01: registered as thermal_zone1
[    1.099130] ACPI: Thermal Zone [THM1] (83 C)
[    1.100997] Serial: 8250/16550 driver, 4 ports, IRQ sharing disabled
[    1.102473] serial8250: ttyS1 at I/O 0x2f8 (irq = 3, base_baud = 921600) is a NS16550A
[    1.105806] lp: driver loaded but no devices found
[    1.106054] Non-volatile memory driver v1.3
[    1.106533] intel_rng: FWH not detected
[    1.106784] Linux agpgart interface v0.103
[    1.107506] [drm] radeon kernel modesetting enabled.
[    1.109448] pci 0000:00:00.0: Intel 945GM Chipset
[    1.111027] pci 0000:00:00.0: detected gtt size: 262144K total, 262144K mappable
[    1.111813] pci 0000:00:00.0: detected 8192K stolen memory
[    1.112177] i915 0000:00:02.0: vgaarb: deactivate vga console
[    1.113722] Console: switching to colour dummy device 80x25
[    1.115629] [drm] Supports vblank timestamp caching Rev 2 (21.10.2013).
[    1.115692] resource sanity check: requesting [mem 0x000c0000-0x000dffff], which spans more than pnp 00:00 [mem 0x000c8000-0x000cbfff]
[    1.115770] caller pci_map_rom+0x6f/0x174 mapping multiple BARs
[    1.117365] i915 0000:00:02.0: vgaarb: changed VGA decodes: olddecodes=io+mem,decodes=io+mem:owns=io+mem
[    1.127998] random: fast init done
[    1.133759] battery: ACPI: Deprecated procfs I/F for battery is loaded, please retry with CONFIG_ACPI_PROCFS_POWER cleared
[    1.133848] battery: ACPI: Battery Slot [BAT0] (battery present)
[    1.153049] i915 0000:00:02.0: [drm] Initialized overlay support.
[    1.154933] [drm] Initialized i915 1.6.0 20200515 for 0000:00:02.0 on minor 0
[    1.156418] usbcore: registered new interface driver udl
[    1.171715] loop: module loaded
[    1.172134] fbcon: i915drmfb (fb0) is primary device
[    1.239130] ahci 0000:00:1f.2: version 3.0
[    1.239848] ahci 0000:00:1f.2: AHCI 0001.0100 32 slots 4 ports 1.5 Gbps 0x1 impl SATA mode
[    1.239853] ahci 0000:00:1f.2: flags: 64bit ncq pm led clo pio slum part 
[    1.242564] scsi host0: ahci
[    1.243312] scsi host1: ahci
[    1.243935] scsi host2: ahci
[    1.244541] scsi host3: ahci
[    1.244911] ata1: SATA max UDMA/133 abar m1024@0xee444400 port 0xee444500 irq 16
[    1.244914] ata2: DUMMY
[    1.244916] ata3: DUMMY
[    1.244918] ata4: DUMMY
[    1.245108] ata_piix 0000:00:1f.1: version 2.13
[    1.248634] scsi host4: ata_piix
[    1.249185] scsi host5: ata_piix
[    1.249459] ata5: PATA max UDMA/100 cmd 0x1f0 ctl 0x3f6 bmdma 0x1810 irq 14
[    1.249462] ata6: PATA max UDMA/100 cmd 0x170 ctl 0x376 bmdma 0x1818 irq 15
[    1.250979] tun: Universal TUN/TAP device driver, 1.6
[    1.251485] e1000: Intel(R) PRO/1000 Network Driver - version 7.3.21-k8-NAPI
[    1.251487] e1000: Copyright (c) 1999-2006 Intel Corporation.
[    1.251568] e1000e: Intel(R) PRO/1000 Network Driver - 3.2.6-k
[    1.251569] e1000e: Copyright(c) 1999 - 2015 Intel Corporation.
[    1.251690] e1000e 0000:02:00.0: Disabling ASPM  L1
[    1.251694] e1000e 0000:02:00.0: can't disable ASPM; OS doesn't have ASPM control
[    1.252142] e1000e 0000:02:00.0: Interrupt Throttling Rate (ints/sec) set to dynamic conservative mode
[    1.252787] ata6: port disabled--ignoring
[    1.362054] e1000e 0000:02:00.0 eth0: (PCI Express:2.5GT/s:Width x1) 00:16:d3:25:19:04
[    1.362085] e1000e 0000:02:00.0 eth0: Intel(R) PRO/1000 Network Connection
[    1.362164] e1000e 0000:02:00.0 eth0: MAC: 2, PHY: 2, PBA No: 005302-003
[    1.362461] PPP generic driver version 2.4.2
[    1.362730] PPP BSD Compression module registered
[    1.362734] PPP Deflate Compression module registered
[    1.362737] SLIP: version 0.8.4-NET3.019-NEWTTY (dynamic channels, max=256).
[    1.362738] CSLIP: code copyright 1989 Regents of the University of California.
[    1.362830] iwl3945: Intel(R) PRO/Wireless 3945ABG/BG Network Connection driver for Linux, in-tree:ds
[    1.362831] iwl3945: Copyright(c) 2003-2011 Intel Corporation
[    1.362832] iwl3945: hw_scan is disabled
[    1.363132] iwl3945 0000:03:00.0: can't disable ASPM; OS doesn't have ASPM control
[    1.417917] iwl3945 0000:03:00.0: Tunable channels: 11 802.11bg, 13 802.11a channels
[    1.417921] iwl3945 0000:03:00.0: Detected Intel Wireless WiFi Link 3945ABG
[    1.421174] ieee80211 phy0: Selected rate control algorithm 'iwl-3945-rs'
[    1.423339] Intel(R) Wireless WiFi driver for Linux
[    1.423677] usbcore: registered new interface driver ax88179_178a
[    1.423789] usbcore: registered new interface driver cdc_ether
[    1.423904] usbcore: registered new interface driver net1080
[    1.424019] usbcore: registered new interface driver cdc_subset
[    1.424131] usbcore: registered new interface driver zaurus
[    1.424267] usbcore: registered new interface driver cdc_ncm
[    1.424354] pci 0000:00:1e.0: enabling device (0005 -> 0007)
[    1.424596] yenta_cardbus 0000:15:00.0: CardBus bridge found [17aa:201c]
[    1.562237] ata1: SATA link up 1.5 Gbps (SStatus 113 SControl 300)
[    1.622248] ata1.00: ACPI cmd ef/02:00:00:00:00:a0 (SET FEATURES) succeeded
[    1.622253] ata1.00: ACPI cmd f5/00:00:00:00:00:a0 (SECURITY FREEZE LOCK) filtered out
[    1.622257] ata1.00: ACPI cmd ef/10:03:00:00:00:a0 (SET FEATURES) filtered out
[    1.666244] ata1.00: ATA-9: ST1000LM014-1EJ164, SM11, max UDMA/133
[    1.666247] ata1.00: 1953525168 sectors, multi 16: LBA48 NCQ (depth 32), AA
[    1.711000] ata1.00: ACPI cmd ef/02:00:00:00:00:a0 (SET FEATURES) succeeded
[    1.711005] ata1.00: ACPI cmd f5/00:00:00:00:00:a0 (SECURITY FREEZE LOCK) filtered out
[    1.711009] ata1.00: ACPI cmd ef/10:03:00:00:00:a0 (SET FEATURES) filtered out
[    1.755008] ata1.00: configured for UDMA/133
[    1.895156] Console: switching to colour frame buffer device 102x42
[    2.029867] i915 0000:00:02.0: fb0: i915drmfb frame buffer device
[    2.033123] scsi 0:0:0:0: Direct-Access     ATA      ST1000LM014-1EJ1 SM11 PQ: 0 ANSI: 5
[    2.037166] sd 0:0:0:0: [sda] 1953525168 512-byte logical blocks: (1.00 TB/932 GiB)
[    2.037561] sd 0:0:0:0: Attached scsi generic sg0 type 0
[    2.040122] sd 0:0:0:0: [sda] 4096-byte physical blocks
[    2.045834] sd 0:0:0:0: [sda] Write Protect is off
[    2.048626] sd 0:0:0:0: [sda] Mode Sense: 00 3a 00 00
[    2.048744] sd 0:0:0:0: [sda] Write cache: enabled, read cache: enabled, doesn't support DPO or FUA
[    2.059745]  sda: sda1 sda2 sda3 sda4
[    2.064971] sd 0:0:0:0: [sda] Attached SCSI disk
[    2.207496] yenta_cardbus 0000:15:00.0: ISA IRQ mask 0x0cb8, PCI irq 16
[    2.210371] yenta_cardbus 0000:15:00.0: Socket status: 30000006
[    2.213249] yenta_cardbus 0000:15:00.0: pcmcia: parent PCI bridge window: [io  0x9000-0xcfff]
[    2.216140] yenta_cardbus 0000:15:00.0: pcmcia: parent PCI bridge window: [mem 0xe4300000-0xe7ffffff]
[    2.218950] pcmcia_socket pcmcia_socket0: cs: memory probe 0xe4300000-0xe7ffffff:
[    2.221722]  excluding 0xe4300000-0xe46cffff
[    2.224547] yenta_cardbus 0000:15:00.0: pcmcia: parent PCI bridge window: [mem 0xe0000000-0xe3ffffff 64bit pref]
[    2.227473] pcmcia_socket pcmcia_socket0: cs: memory probe 0xe0000000-0xe3ffffff:
[    2.230762]  excluding 0xe0000000-0xe3ffffff
[    2.234773] ehci_hcd: USB 2.0 'Enhanced' Host Controller (EHCI) Driver
[    2.237706] ehci-pci: EHCI PCI platform driver
[    2.241150] ehci-pci 0000:00:1d.7: EHCI Host Controller
[    2.244430] ehci-pci 0000:00:1d.7: new USB bus registered, assigned bus number 1
[    2.247534] ehci-pci 0000:00:1d.7: debug port 1
[    2.254572] ehci-pci 0000:00:1d.7: cache line size of 64 is not supported
[    2.257770] ehci-pci 0000:00:1d.7: irq 19, io mem 0xee444000
[    2.274728] ehci-pci 0000:00:1d.7: USB 2.0 started, EHCI 1.00
[    2.278182] usb usb1: New USB device found, idVendor=1d6b, idProduct=0002, bcdDevice= 5.07
[    2.281430] usb usb1: New USB device strings: Mfr=3, Product=2, SerialNumber=1
[    2.284635] usb usb1: Product: EHCI Host Controller
[    2.287770] usb usb1: Manufacturer: Linux 5.7.0-next-20200611+ ehci_hcd
[    2.290948] usb usb1: SerialNumber: 0000:00:1d.7
[    2.294892] hub 1-0:1.0: USB hub found
[    2.298010] hub 1-0:1.0: 8 ports detected
[    2.303179] ohci_hcd: USB 1.1 'Open' Host Controller (OHCI) Driver
[    2.306224] ohci-pci: OHCI PCI platform driver
[    2.309289] uhci_hcd: USB Universal Host Controller Interface driver
[    2.312832] uhci_hcd 0000:00:1d.0: UHCI Host Controller
[    2.316154] uhci_hcd 0000:00:1d.0: new USB bus registered, assigned bus number 2
[    2.319221] uhci_hcd 0000:00:1d.0: detected 2 ports
[    2.322180] uhci_hcd 0000:00:1d.0: irq 16, io base 0x00001820
[    2.325356] usb usb2: New USB device found, idVendor=1d6b, idProduct=0001, bcdDevice= 5.07
[    2.328415] usb usb2: New USB device strings: Mfr=3, Product=2, SerialNumber=1
[    2.331519] usb usb2: Product: UHCI Host Controller
[    2.334498] usb usb2: Manufacturer: Linux 5.7.0-next-20200611+ uhci_hcd
[    2.337475] usb usb2: SerialNumber: 0000:00:1d.0
[    2.341107] hub 2-0:1.0: USB hub found
[    2.344067] hub 2-0:1.0: 2 ports detected
[    2.348135] uhci_hcd 0000:00:1d.1: UHCI Host Controller
[    2.351304] uhci_hcd 0000:00:1d.1: new USB bus registered, assigned bus number 3
[    2.354254] uhci_hcd 0000:00:1d.1: detected 2 ports
[    2.357120] uhci_hcd 0000:00:1d.1: irq 17, io base 0x00001840
[    2.360154] usb usb3: New USB device found, idVendor=1d6b, idProduct=0001, bcdDevice= 5.07
[    2.362977] usb usb3: New USB device strings: Mfr=3, Product=2, SerialNumber=1
[    2.365694] usb usb3: Product: UHCI Host Controller
[    2.368358] usb usb3: Manufacturer: Linux 5.7.0-next-20200611+ uhci_hcd
[    2.371043] usb usb3: SerialNumber: 0000:00:1d.1
[    2.374396] hub 3-0:1.0: USB hub found
[    2.377072] hub 3-0:1.0: 2 ports detected
[    2.380948] uhci_hcd 0000:00:1d.2: UHCI Host Controller
[    2.383831] uhci_hcd 0000:00:1d.2: new USB bus registered, assigned bus number 4
[    2.386468] uhci_hcd 0000:00:1d.2: detected 2 ports
[    2.389121] uhci_hcd 0000:00:1d.2: irq 18, io base 0x00001860
[    2.391967] usb usb4: New USB device found, idVendor=1d6b, idProduct=0001, bcdDevice= 5.07
[    2.394637] usb usb4: New USB device strings: Mfr=3, Product=2, SerialNumber=1
[    2.397266] usb usb4: Product: UHCI Host Controller
[    2.399911] usb usb4: Manufacturer: Linux 5.7.0-next-20200611+ uhci_hcd
[    2.402506] usb usb4: SerialNumber: 0000:00:1d.2
[    2.405847] hub 4-0:1.0: USB hub found
[    2.408491] hub 4-0:1.0: 2 ports detected
[    2.412291] uhci_hcd 0000:00:1d.3: UHCI Host Controller
[    2.415159] uhci_hcd 0000:00:1d.3: new USB bus registered, assigned bus number 5
[    2.417778] uhci_hcd 0000:00:1d.3: detected 2 ports
[    2.420395] uhci_hcd 0000:00:1d.3: irq 19, io base 0x00001880
[    2.423196] usb usb5: New USB device found, idVendor=1d6b, idProduct=0001, bcdDevice= 5.07
[    2.425828] usb usb5: New USB device strings: Mfr=3, Product=2, SerialNumber=1
[    2.428459] usb usb5: Product: UHCI Host Controller
[    2.431088] usb usb5: Manufacturer: Linux 5.7.0-next-20200611+ uhci_hcd
[    2.433691] usb usb5: SerialNumber: 0000:00:1d.3
[    2.436951] hub 5-0:1.0: USB hub found
[    2.439539] hub 5-0:1.0: 2 ports detected
[    2.443032] usbcore: registered new interface driver cdc_acm
[    2.445512] cdc_acm: USB Abstract Control Model driver for USB modems and ISDN adapters
[    2.448180] usbcore: registered new interface driver usblp
[    2.450898] usbcore: registered new interface driver usb-storage
[    2.453518] usbcore: registered new interface driver ums-sddr09
[    2.456198] usbcore: registered new interface driver usbserial_generic
[    2.458764] usbserial: USB Serial support registered for generic
[    2.461346] usbcore: registered new interface driver ch341
[    2.463870] usbserial: USB Serial support registered for ch341-uart
[    2.466417] usbcore: registered new interface driver cp210x
[    2.468930] usbserial: USB Serial support registered for cp210x
[    2.471492] usbcore: registered new interface driver usb_debug
[    2.473998] usbserial: USB Serial support registered for debug
[    2.476534] usbserial: USB Serial support registered for xhci_dbc
[    2.479090] usbcore: registered new interface driver ftdi_sio
[    2.481599] usbserial: USB Serial support registered for FTDI USB Serial Device
[    2.484278] usbcore: registered new interface driver option
[    2.486858] usbserial: USB Serial support registered for GSM modem (1-port)
[    2.489595] usbcore: registered new interface driver pl2303
[    2.492191] usbserial: USB Serial support registered for pl2303
[    2.494827] usbcore: registered new interface driver usb_serial_simple
[    2.497422] usbserial: USB Serial support registered for carelink
[    2.500037] usbserial: USB Serial support registered for zio
[    2.502578] usbserial: USB Serial support registered for funsoft
[    2.505103] usbserial: USB Serial support registered for flashloader
[    2.507621] usbserial: USB Serial support registered for google
[    2.510079] usbserial: USB Serial support registered for libtransistor
[    2.512517] usbserial: USB Serial support registered for vivopay
[    2.514906] usbserial: USB Serial support registered for moto_modem
[    2.517252] usbserial: USB Serial support registered for motorola_tetra
[    2.519535] usbserial: USB Serial support registered for novatel_gps
[    2.521735] usbserial: USB Serial support registered for hp4x
[    2.523880] usbserial: USB Serial support registered for suunto
[    2.525954] usbserial: USB Serial support registered for siemens_mpi
[    2.528026] usbcore: registered new interface driver ti_usb_3410_5052
[    2.530082] usbserial: USB Serial support registered for TI USB 3410 1 port adapter
[    2.532254] usbserial: USB Serial support registered for TI USB 5052 2 port adapter
[    2.534320] ftdi_elan: driver ftdi-elan
[    2.536371] usbcore: registered new interface driver ftdi-elan
[    2.538530] i8042: PNP: PS/2 Controller [PNP0303:KBD,PNP0f13:MOU] at 0x60,0x64 irq 1,12
[    2.554855] serio: i8042 KBD port at 0x60,0x64 irq 1
[    2.557304] serio: i8042 AUX port at 0x60,0x64 irq 12
[    2.560143] mousedev: PS/2 mouse device common for all mice
[    2.563518] input: PC Speaker as /devices/platform/pcspkr/input/input4
[    2.566279] rtc_cmos 00:02: RTC can wake from S4
[    2.569403] rtc_cmos 00:02: registered as rtc0
[    2.571614] rtc_cmos 00:02: setting system clock to 2020-06-11T13:57:49 UTC (1591883869)
[    2.573992] rtc_cmos 00:02: alarms up to one month, y3k, 114 bytes nvram, hpet irqs
[    2.576541] usbcore: registered new interface driver uvcvideo
[    2.578927] USB Video Class driver (1.1.1)
[    2.581134] gspca_main: v2.14.0 registered
[    2.581582] input: AT Translated Set 2 keyboard as /devices/platform/i8042/serio0/input/input5
[    2.583414] usbcore: registered new interface driver sq930x
[    2.589189] device-mapper: ioctl: 4.42.0-ioctl (2020-02-27) initialised: dm-devel@redhat.com
[    2.591555] Bluetooth: HCI UART driver ver 2.3
[    2.593820] Bluetooth: HCI UART protocol H4 registered
[    2.596124] Bluetooth: HCI UART protocol BCSP registered
[    2.598476] usbcore: registered new interface driver btusb
[    2.600752] intel_pstate: CPU model not supported
[    2.603131] sdhci: Secure Digital Host Controller Interface driver
[    2.605471] sdhci: Copyright(c) Pierre Ossman
[    2.607968] sdhci-pci 0000:15:00.2: SDHCI controller found [1180:0822] (rev 18)
[    2.610823] sdhci-pci 0000:15:00.2: Will use DMA mode even though HW doesn't fully claim to support it.
[    2.613883] mmc0 bounce up to 128 segments into one, max segment size 65536 bytes
[    2.616760] sdhci-pci 0000:15:00.2: Will use DMA mode even though HW doesn't fully claim to support it.
[    2.620807] mmc0: SDHCI controller on PCI [0000:15:00.2] using DMA
[    2.624409] hid: raw HID events driver (C) Jiri Kosina
[    2.629127] usbcore: registered new interface driver usbhid
[    2.632525] usbhid: USB HID core driver
[    2.636122] thinkpad_acpi: ThinkPad ACPI Extras v0.26
[    2.639481] thinkpad_acpi: http://ibm-acpi.sf.net/
[    2.642492] thinkpad_acpi: ThinkPad BIOS 7BETD8WW (2.19 ), EC 7BHT40WW-1.13
[    2.645667] thinkpad_acpi: Lenovo ThinkPad X60, model 17097HU
[    2.655144] thinkpad_acpi: ACPI backlight control delay disabled
[    2.658684] thinkpad_acpi: radio switch found; radios are enabled
[    2.661743] thinkpad_acpi: This ThinkPad has standard ACPI backlight brightness control, supported by the ACPI video driver
[    2.664746] sdhci-pci 0000:15:00.2: Will use DMA mode even though HW doesn't fully claim to support it.
[    2.667867] thinkpad_acpi: Disabling thinkpad-acpi brightness events by default...
[    2.685686] thinkpad_acpi: rfkill switch tpacpi_bluetooth_sw: radio is unblocked
[    2.691987] thinkpad_acpi: warning: userspace override of important firmware LEDs is enabled
[    2.701130] thinkpad_acpi: Standard ACPI backlight interface available, not loading native one
[    2.704576] thinkpad_acpi: volume: disabled as there is no ALSA support in this kernel
[    2.708526] thinkpad_acpi: battery 1 registered (start 0, stop 0)
[    2.708537] battery: new extension: ThinkPad Battery Extension
[    2.715472] input: ThinkPad Extra Buttons as /devices/platform/thinkpad_acpi/input/input8
[    2.724360] sdhci-pci 0000:15:00.2: Will use DMA mode even though HW doesn't fully claim to support it.
[    2.725090] snd_hda_intel 0000:00:1b.0: probe_mask set to 0x1 for device 17aa:2010
[    2.732116] usbcore: registered new interface driver snd-usb-audio
[    2.737876] NET: Registered protocol family 17
[    2.741773] Bluetooth: RFCOMM TTY layer initialized
[    2.745163] Bluetooth: RFCOMM socket layer initialized
[    2.748583] Bluetooth: RFCOMM ver 1.11
[    2.751991] Bluetooth: BNEP (Ethernet Emulation) ver 1.3
[    2.755456] Bluetooth: BNEP filters: protocol multicast
[    2.758823] Bluetooth: BNEP socket layer initialized
[    2.762120] Bluetooth: HIDP (Human Interface Emulation) ver 1.2
[    2.765454] Bluetooth: HIDP socket layer initialized
[    2.769335] microcode: sig=0x6e8, pf=0x20, revision=0x39
[    2.772883] microcode: Microcode Update Driver: v2.2.
[    2.772888] IPI shorthand broadcast: enabled
[    2.779023] sdhci-pci 0000:15:00.2: Will use DMA mode even though HW doesn't fully claim to support it.
[    2.783046] Loading compiled-in X.509 certificates
[    2.786271] Key type ._fscrypt registered
[    2.789389] Key type .fscrypt registered
[    2.792602] Key type fscrypt-provisioning registered
[    2.796959] Key type encrypted registered
[    2.803227] snd_hda_codec_analog hdaudioC0D0: autoconfig for AD1981: line_outs=1 (0x5/0x0/0x0/0x0/0x0) type:speaker
[    2.809925] snd_hda_codec_analog hdaudioC0D0:    speaker_outs=0 (0x0/0x0/0x0/0x0/0x0)
[    2.813298] snd_hda_codec_analog hdaudioC0D0:    hp_outs=0 (0x0/0x0/0x0/0x0/0x0)
[    2.815004] cfg80211: Loading compiled-in X.509 certificates for regulatory database
[    2.816667] snd_hda_codec_analog hdaudioC0D0:    mono: mono_out=0x0
[    2.823205] snd_hda_codec_analog hdaudioC0D0:    inputs:
[    2.826320] snd_hda_codec_analog hdaudioC0D0:      Mic=0x8
[    2.829371] snd_hda_codec_analog hdaudioC0D0:      CD=0x19
[    2.836865] cfg80211: Loaded X.509 cert 'sforshee: 00b28ddf47aef9cea7'
[    2.841498] platform regulatory.0: Direct firmware load for regulatory.db failed with error -2
[    2.844926] cfg80211: failed to load regulatory.db
[    2.848736] PM: Image not found (code -22)
[    2.848757] ALSA device list:
[    2.851669]   No soundcards found.
[    2.854285] sdhci-pci 0000:15:00.2: Will use DMA mode even though HW doesn't fully claim to support it.
[    2.918707] usb 5-1: new full-speed USB device number 2 using uhci_hcd
[    3.112089] usb 5-1: New USB device found, idVendor=0a5c, idProduct=2110, bcdDevice= 1.00
[    3.117249] usb 5-1: New USB device strings: Mfr=1, Product=2, SerialNumber=0
[    3.122305] usb 5-1: Product: BCM2045B
[    3.127214] usb 5-1: Manufacturer: Broadcom Corp
[    3.244560] psmouse serio1: trackpoint: IBM TrackPoint firmware: 0x0e, buttons: 3/3
[    3.267975] input: TPPS/2 IBM TrackPoint as /devices/platform/i8042/serio1/input/input7
[    3.277593] md: Waiting for all devices to be available before autodetect
[    3.281610] md: If you don't use raid, use raid=noautodetect
[    3.286902] md: Autodetecting RAID arrays.
[    3.290980] md: autorun ...
[    3.294953] md: ... autorun DONE.
[    3.317723] EXT4-fs (sda4): mounted filesystem with ordered data mode. Opts: (null)
[    3.323334] VFS: Mounted root (ext4 filesystem) readonly on device 8:4.
[    3.329504] devtmpfs: mounted
[    3.333538] Freeing unused kernel image (initmem) memory: 672K
[    3.336751] Write protecting kernel text and read-only data: 18756k
[    3.339785] NX-protecting the kernel data: 7100k
[    3.343670] x86/mm: Checked W+X mappings: passed, no W+X pages found.
[    3.346767] rodata_test: all tests were successful
[    3.349984] x86/mm: Checking user space page tables
[    3.353237] x86/mm: Checked W+X mappings: passed, no W+X pages found.
[    3.356324] Run /sbin/init as init process
[    3.359275]   with arguments:
[    3.359278]     /sbin/init
[    3.359280]   with environment:
[    3.359283]     HOME=/
[    3.359285]     TERM=linux
[    3.359288]     BOOT_IMAGE=(hd0,2)/fast/l/linux-next-32/arch/x86/boot/bzImage
[    3.710742] random: systemd: uninitialized urandom read (16 bytes read)
[    3.718280] systemd[1]: systemd 215 running in system mode. (+PAM +AUDIT +SELINUX +IMA +SYSVINIT +LIBCRYPTSETUP +GCRYPT +ACL +XZ -SECCOMP -APPARMOR)
[    3.746937] systemd[1]: Detected architecture 'x86'.
[    3.844094] systemd[1]: Failed to insert module 'ipv6'
[    3.850606] systemd[1]: Set hostname to <amd>.
[    3.918738] usb 5-2: new full-speed USB device number 3 using uhci_hcd
[    3.939593] random: systemd-sysv-ge: uninitialized urandom read (16 bytes read)
[    4.129086] usb 5-2: New USB device found, idVendor=0483, idProduct=2016, bcdDevice= 0.01
[    4.134973] usb 5-2: New USB device strings: Mfr=1, Product=2, SerialNumber=0
[    4.140691] usb 5-2: Product: Biometric Coprocessor
[    4.146124] usb 5-2: Manufacturer: STMicroelectronics
[    4.376966] random: systemd: uninitialized urandom read (16 bytes read)
[    4.613723] systemd[1]: [/lib/systemd/system/anacron.timer:6] Unknown lvalue 'RandomizedDelaySec' in section 'Timer'
[    4.728851] systemd[1]: Binding to IPv6 address not available since kernel does not support IPv6.
[    4.734715] systemd[1]: [/lib/systemd/system/gpsd.socket:6] Failed to parse address value, ignoring: [::1]:2947
[    5.019408] systemd[1]: Starting User and Group Name Lookups.
[    5.032610] systemd[1]: Reached target User and Group Name Lookups.
[    5.035901] systemd[1]: Starting Forward Password Requests to Wall Directory Watch.
[    5.435299] systemd-udevd[1979]: starting version 215
[    6.189444] random: crng init done
[    6.193208] random: 7 urandom warning(s) missed due to ratelimiting
[    6.227803] EXT4-fs (sda4): re-mounted. Opts: errors=remount-ro
[    7.052760] e1000e 0000:02:00.0 eth1: renamed from eth0
[    7.083177] systemd-udevd[2517]: renamed network interface eth0 to eth1
[    8.078818] Adding 2097148k swap on /dev/sda1.  Priority:-2 extents:1 across:2097148k 
[    8.658169] EXT4-fs (sda2): mounted filesystem with ordered data mode. Opts: errors=remount-ro
[   10.074180] systemd-journald[1975]: Received request to flush runtime journal from PID 1
[   19.745830] iwl3945 0000:03:00.0: loaded firmware version 15.32.2.9
[   37.762790] traps: mateweather-app[3610] trap int3 ip:b7245fc0 sp:bfdf8410 error:0 in libglib-2.0.so.0.5000.3[b71f9000+12a000]
[   37.773201] traps: clock-applet[3608] trap int3 ip:b725bfc0 sp:bfd95be0 error:0 in libglib-2.0.so.0.5000.3[b720f000+12a000]
[   39.562405] wlan0: authenticate with 00:72:63:4a:d9:57
[   39.564538] wlan0: send auth to 00:72:63:4a:d9:57 (try 1/3)
[   39.566755] wlan0: authenticated
[   39.570836] wlan0: associate with 00:72:63:4a:d9:57 (try 1/3)
[   39.574056] wlan0: RX AssocResp from 00:72:63:4a:d9:57 (capab=0x411 status=0 aid=1)
[   39.582161] wlan0: associated
[   85.361673] wlan0: deauthenticating from 00:72:63:4a:d9:57 by local choice (Reason: 3=DEAUTH_LEAVING)
[   85.541186] PM: suspend entry (deep)
[   85.588285] Filesystems sync: 0.047 seconds
[   85.589347] Freezing user space processes ... (elapsed 0.006 seconds) done.
[   85.596217] OOM killer disabled.
[   85.596224] Freezing remaining freezable tasks ... (elapsed 0.001 seconds) done.
[   85.598063] printk: Suspending console(s) (use no_console_suspend to debug)
[   85.617447] e1000e: EEE TX LPI TIMER: 00000000
[   85.630766] sd 0:0:0:0: [sda] Synchronizing SCSI cache
[   85.631009] sd 0:0:0:0: [sda] Stopping disk
[   85.958231] PM: suspend devices took 0.360 seconds
[   85.980797] ACPI: EC: interrupt blocked
[   85.999299] ACPI: Preparing to enter system sleep state S3
[   86.014315] ACPI: EC: event blocked
[   86.014320] ACPI: EC: EC stopped
[   86.014324] PM: Saving platform NVS memory
[   86.014588] Disabling non-boot CPUs ...
[   86.016142] IRQ 1: no longer affine to CPU1
[   86.016151] IRQ 9: no longer affine to CPU1
[   86.016155] IRQ fixup: irq 12 move in progress, old vector 36
[   86.016163] IRQ 12: no longer affine to CPU1
[   86.016173] IRQ fixup: irq 16 move in progress, old vector 33
[   86.016181] IRQ 16: no longer affine to CPU1
[   86.016190] IRQ 17: no longer affine to CPU1
[   86.017239] smpboot: CPU 1 is now offline
[   86.019539] ACPI: Low-level resume complete
[   86.019539] ACPI: EC: EC started
[   86.019539] PM: Restoring platform NVS memory
[   86.019539] Enabling non-boot CPUs ...
[   86.019539] x86: Booting SMP configuration:
[   86.019539] smpboot: Booting Node 0 Processor 1 APIC 0x1
[   86.017206] Disabled fast string operations
[   86.024146] ACPI: \_PR_.CPU1: Found 3 idle states
[   86.026096] CPU1 is up
[   86.027547] ACPI: Waking up from system sleep state S3
[   86.041398] ACPI: \_PR_.CPU0: Found 3 idle states
[   86.042286] ACPI: \_PR_.CPU0: Found 3 idle states
[   86.045199] ACPI: \_PR_.CPU1: Found 3 idle states
[   86.062048] ACPI: EC: interrupt unblocked
[   86.088059] ACPI: EC: event unblocked
[   86.088096] usb usb5: root hub lost power or was reset
[   86.088327] sdhci-pci 0000:15:00.2: Will use DMA mode even though HW doesn't fully claim to support it.
[   86.088345] sdhci-pci 0000:15:00.2: Will use DMA mode even though HW doesn't fully claim to support it.
[   86.093770] usb usb2: root hub lost power or was reset
[   86.094214] ata6: port disabled--ignoring
[   86.094308] usb usb3: root hub lost power or was reset
[   86.094497] usb usb4: root hub lost power or was reset
[   86.099088] sd 0:0:0:0: [sda] Starting disk
[   86.266906] thinkpad_acpi: ACPI backlight control delay disabled
[   86.450714] usb 5-1: reset full-speed USB device number 2 using uhci_hcd
[   86.730778] usb 5-2: reset full-speed USB device number 3 using uhci_hcd
[   90.210702] ata1: SATA link up 1.5 Gbps (SStatus 113 SControl 300)
[   90.211656] ata1.00: ACPI cmd ef/02:00:00:00:00:a0 (SET FEATURES) succeeded
[   90.211665] ata1.00: ACPI cmd f5/00:00:00:00:00:a0 (SECURITY FREEZE LOCK) filtered out
[   90.211674] ata1.00: ACPI cmd ef/10:03:00:00:00:a0 (SET FEATURES) filtered out
[   90.213461] ata1.00: ACPI cmd ef/02:00:00:00:00:a0 (SET FEATURES) succeeded
[   90.213470] ata1.00: ACPI cmd f5/00:00:00:00:00:a0 (SECURITY FREEZE LOCK) filtered out
[   90.213478] ata1.00: ACPI cmd ef/10:03:00:00:00:a0 (SET FEATURES) filtered out
[   90.213994] ata1.00: configured for UDMA/133
[   94.800472] PM: resume devices took 8.716 seconds
[   94.801225] OOM killer enabled.
[   94.801238] Restarting tasks ... done.
[   94.829602] video LNXVIDEO:00: Restoring backlight state
[   94.862484] PM: suspend exit
[   94.901918] sdhci-pci 0000:15:00.2: Will use DMA mode even though HW doesn't fully claim to support it.
[   94.942586] sdhci-pci 0000:15:00.2: Will use DMA mode even though HW doesn't fully claim to support it.
[   94.995371] sdhci-pci 0000:15:00.2: Will use DMA mode even though HW doesn't fully claim to support it.
[   95.054862] sdhci-pci 0000:15:00.2: Will use DMA mode even though HW doesn't fully claim to support it.
[   95.184280] e1000e 0000:02:00.0 eth1: NIC Link is Down
[   97.728210] wlan0: authenticate with 00:72:63:4a:d9:57
[   97.728374] wlan0: send auth to 00:72:63:4a:d9:57 (try 1/3)
[   97.730268] wlan0: authenticated
[   97.734731] wlan0: associate with 00:72:63:4a:d9:57 (try 1/3)
[   97.740108] wlan0: RX AssocResp from 00:72:63:4a:d9:57 (capab=0x411 status=0 aid=1)
[   97.748435] wlan0: associated
