[    0.000000] Booting Linux on physical CPU 0x0000000000 [0x410fd034]
[    0.000000] Linux version 4.18.11-00431-g0c5735374ca5 (purism@pureos) (gcc version 8.3.0 (Debian 8.3.0-6)) #6 SMP PREEMPT Fri Aug 23 12:08:49 CEST 2019
[    0.000000] Machine model: Purism Librem 5 devkit
[    0.000000] efi: Getting EFI parameters from FDT:
[    0.000000] efi: UEFI not found.
[    0.000000] cma: dma_contiguous_reserve(limit 100000000)
[    0.000000] cma: dma_contiguous_reserve: reserving 320 MiB for global area
[    0.000000] cma: cma_declare_contiguous(size 0x0000000014000000, base 0x0000000000000000, limit 0x0000000100000000 alignment 0x0000000000000000)
[    0.000000] cma: Reserved 320 MiB at 0x00000000eac00000
[    0.000000] On node 0 totalpages: 786432
[    0.000000]   DMA32 zone: 12288 pages used for memmap
[    0.000000]   DMA32 zone: 0 pages reserved
[    0.000000]   DMA32 zone: 786432 pages, LIFO batch:31
[    0.000000] psci: probing for conduit method from DT.
[    0.000000] psci: PSCIv1.1 detected in firmware.
[    0.000000] psci: Using standard PSCI v0.2 function IDs
[    0.000000] psci: MIGRATE_INFO_TYPE not supported.
[    0.000000] psci: SMC Calling Convention v1.1
[    0.000000] random: get_random_bytes called from start_kernel+0xa0/0x478 with crng_init=0
[    0.000000] percpu: Embedded 26 pages/cpu @(____ptrval____) s69016 r8192 d29288 u106496
[    0.000000] pcpu-alloc: s69016 r8192 d29288 u106496 alloc=26*4096
[    0.000000] pcpu-alloc: [0] 0 [0] 1 [0] 2 [0] 3 
[    0.000000] Detected VIPT I-cache on CPU0
[    0.000000] CPU features: enabling workaround for ARM erratum 845719
[    0.000000] Speculative Store Bypass Disable mitigation not required
[    0.000000] CPU features: detected: Kernel page table isolation (KPTI)
[    0.000000] Built 1 zonelists, mobility grouping on.  Total pages: 774144
[    0.000000] Kernel command line:  console=ttymxc0,115200 root=/dev/mmcblk0p2
[    0.000000] log_buf_len individual max cpu contribution: 4096 bytes
[    0.000000] log_buf_len total cpu_extra contributions: 12288 bytes
[    0.000000] log_buf_len min size: 16384 bytes
[    0.000000] log_buf_len: 32768 bytes
[    0.000000] early log buf free: 14232(86%)
[    0.000000] Dentry cache hash table entries: 524288 (order: 10, 4194304 bytes)
[    0.000000] Inode-cache hash table entries: 262144 (order: 9, 2097152 bytes)
[    0.000000] Memory: 2735992K/3145728K available (9788K kernel code, 1090K rwdata, 5512K rodata, 1280K init, 533K bss, 82056K reserved, 327680K cma-reserved)
[    0.000000] SLUB: HWalign=64, Order=0-3, MinObjects=0, CPUs=4, Nodes=1
[    0.000000] ftrace: allocating 35311 entries in 138 pages
[    0.000000] Preemptible hierarchical RCU implementation.
[    0.000000] 	RCU restricting CPUs from NR_CPUS=64 to nr_cpu_ids=4.
[    0.000000] 	Tasks RCU enabled.
[    0.000000] RCU: Adjusting geometry for rcu_fanout_leaf=16, nr_cpu_ids=4
[    0.000000] kmemleak: Kernel memory leak detector disabled
[    0.000000] NR_IRQS: 64, nr_irqs: 64, preallocated irqs: 0
[    0.000000] GICv3: GIC: Using split EOI/Deactivate mode
[    0.000000] GICv3: Distributor has no Range Selector support
[    0.000000] GICv3: no VLPI support, no direct LPI support
[    0.000000] ITS: No ITS available, not enabling LPIs
[    0.000000] GICv3: CPU0: found redistributor 0 region 0:0x0000000038880000
[    0.000000] i.MX8MQ clock driver init done
[    0.000000] arch_timer: cp15 timer(s) running at 8.33MHz (phys).
[    0.000000] clocksource: arch_sys_counter: mask: 0xffffffffffffff max_cycles: 0x1ec0311ec, max_idle_ns: 440795202152 ns
[    0.000003] sched_clock: 56 bits at 8MHz, resolution 120ns, wraps every 2199023255541ns
[    0.000469] Console: colour dummy device 80x25
[    0.000496] kmemleak: Early log buffer exceeded (3633), please increase DEBUG_KMEMLEAK_EARLY_LOG_SIZE
[    0.000920] Calibrating delay loop (skipped), value calculated using timer frequency.. 16.66 BogoMIPS (lpj=33333)
[    0.000931] pid_max: default: 32768 minimum: 301
[    0.001005] Security Framework initialized
[    0.001065] Mount-cache hash table entries: 8192 (order: 4, 65536 bytes)
[    0.001082] Mountpoint-cache hash table entries: 8192 (order: 4, 65536 bytes)
[    0.023994] ASID allocator initialised with 32768 entries
[    0.031992] Hierarchical SRCU implementation.
[    0.040307] Cannot find MU entry in device tree
[    0.040390] CPU identified as i.MX8MQ, silicon rev 2.0
[    0.040483] EFI services will not be available.
[    0.048026] smp: Bringing up secondary CPUs ...
[    0.080190] Detected VIPT I-cache on CPU1
[    0.080221] GICv3: CPU1: found redistributor 1 region 0:0x00000000388a0000
[    0.080255] CPU1: Booted secondary processor 0x0000000001 [0x410fd034]
[    0.112240] Detected VIPT I-cache on CPU2
[    0.112262] GICv3: CPU2: found redistributor 2 region 0:0x00000000388c0000
[    0.112288] CPU2: Booted secondary processor 0x0000000002 [0x410fd034]
[    0.144310] Detected VIPT I-cache on CPU3
[    0.144333] GICv3: CPU3: found redistributor 3 region 0:0x00000000388e0000
[    0.144360] CPU3: Booted secondary processor 0x0000000003 [0x410fd034]
[    0.144568] smp: Brought up 1 node, 4 CPUs
[    0.144594] SMP: Total of 4 processors activated.
[    0.144601] CPU features: detected: GIC system register CPU interface
[    0.144608] CPU features: detected: 32-bit EL0 Support
[    0.164507] CPU: All CPU(s) started at EL2
[    0.164675] alternatives: patching kernel code
[    0.166342] devtmpfs: initialized
[    0.173208] clocksource: jiffies: mask: 0xffffffff max_cycles: 0xffffffff, max_idle_ns: 7645041785100000 ns
[    0.173222] futex hash table entries: 1024 (order: 4, 65536 bytes)
[    0.182133] pinctrl core: initialized pinctrl subsystem
[    0.183163] DMI not present or invalid.
[    0.183434] NET: Registered protocol family 16
[    0.183980] audit: initializing netlink subsys (disabled)
[    0.184333] audit: type=2000 audit(0.180:1): state=initialized audit_enabled=0 res=1
[    0.186686] cpuidle: using governor menu
[    0.186841] vdso: 2 pages (1 code @ (____ptrval____), 1 data @ (____ptrval____))
[    0.186855] hw-breakpoint: found 6 breakpoint and 4 watchpoint registers.
[    0.187246] cma: cma_alloc(cma (____ptrval____), count 64, align 6)
[    0.188507] cma: cma_alloc(): returned (____ptrval____)
[    0.188585] DMA: preallocated 256 KiB pool for atomic allocations
[    0.188843] Serial: AMBA PL011 UART driver
[    0.197119] imx8mq-pinctrl 30330000.iomuxc: initialized IMX pinctrl driver
[    0.220295] HugeTLB registered 2.00 MiB page size, pre-allocated 0 pages
[    0.221526] cryptd: max_cpu_qlen set to 1000
[    0.228824] ACPI: Interpreter disabled.
[    0.230664] mxs-dma 33000000.dma-apbh: initialized
[    0.232552] vgaarb: loaded
[    0.233158] SCSI subsystem initialized
[    0.233372] libata version 3.00 loaded.
[    0.234118] media: Linux media interface: v0.10
[    0.234202] videodev: Linux video capture interface: v2.00
[    0.234426] pps_core: LinuxPPS API ver. 1 registered
[    0.234433] pps_core: Software ver. 5.3.6 - Copyright 2005-2007 Rodolfo Giometti <giometti@linux.it>
[    0.234507] PTP clock support registered
[    0.236882] clocksource: Switched to clocksource arch_sys_counter
[    0.296126] pnp: PnP ACPI: disabled
[    0.313965] NET: Registered protocol family 2
[    0.314366] tcp_listen_portaddr_hash hash table entries: 2048 (order: 3, 32768 bytes)
[    0.314424] TCP established hash table entries: 32768 (order: 6, 262144 bytes)
[    0.314669] TCP bind hash table entries: 32768 (order: 7, 524288 bytes)
[    0.315117] TCP: Hash tables configured (established 32768 bind 32768)
[    0.315195] UDP hash table entries: 2048 (order: 4, 65536 bytes)
[    0.315294] UDP-Lite hash table entries: 2048 (order: 4, 65536 bytes)
[    0.315466] NET: Registered protocol family 1
[    0.316350] RPC: Registered named UNIX socket transport module.
[    0.316356] RPC: Registered udp transport module.
[    0.316362] RPC: Registered tcp transport module.
[    0.316367] RPC: Registered tcp NFSv4.1 backchannel transport module.
[    0.317049] PCI: CLS 0 bytes, default 64
[    0.317241] Unpacking initramfs...
[    0.677019] Freeing initrd memory: 7592K
[    0.682539] Initialise system trusted keyrings
[    0.682784] workingset: timestamp_bits=46 max_order=20 bucket_order=0
[    0.693676] squashfs: version 4.0 (2009/01/31) Phillip Lougher
[    0.708188] Key type asymmetric registered
[    0.708199] Asymmetric key parser 'x509' registered
[    0.708426] Block layer SCSI generic (bsg) driver version 0.4 loaded (major 245)
[    0.708435] io scheduler noop registered
[    0.708711] io scheduler cfq registered (default)
[    0.715214] Bus freq driver module loaded
[    0.724671] Serial: 8250/16550 driver, 4 ports, IRQ sharing disabled
[    0.728210] 30860000.serial: ttymxc0 at MMIO 0x30860000 (irq = 38, base_baud = 1562500) is a IMX
[    1.438583] console [ttymxc0] enabled
[    1.443094] 30880000.serial: ttymxc2 at MMIO 0x30880000 (irq = 39, base_baud = 1562500) is a IMX
[    1.452843] 30a60000.serial: ttymxc3 at MMIO 0x30a60000 (irq = 44, base_baud = 1562500) is a IMX
[    1.466579] etnaviv etnaviv: bound 38000000.gpu (ops gpu_ops)
[    1.472350] etnaviv-gpu 38000000.gpu: model: GC7000, revision: 6214
[    1.478736] cma: cma_alloc(cma (____ptrval____), count 1, align 0)
[    1.479134] cma: cma_alloc(): returned (____ptrval____)
[    1.479146] cma: cma_alloc(cma (____ptrval____), count 1, align 0)
[    1.479178] cma: cma_alloc(): returned (____ptrval____)
[    1.479186] cma: cma_alloc(cma (____ptrval____), count 1, align 0)
[    1.479217] cma: cma_alloc(): returned (____ptrval____)
[    1.479232] cma: cma_alloc(cma (____ptrval____), count 64, align 6)
[    1.479313] cma: cma_alloc(): returned (____ptrval____)
[    1.479386] cma: cma_alloc(cma (____ptrval____), count 1, align 0)
[    1.479426] cma: cma_alloc(): returned (____ptrval____)
[    1.480039] [drm] Initialized etnaviv 1.2.0 20151214 for etnaviv on minor 0
[    1.487652] cma: cma_alloc(cma (____ptrval____), count 2, align 1)
[    1.487742] cma: cma_alloc(): returned (____ptrval____)
[    1.487754] cma: cma_alloc(cma (____ptrval____), count 60, align 6)
[    1.487801] cma: cma_alloc(): returned (____ptrval____)
[    1.487872] cma: cma_alloc(cma (____ptrval____), count 2, align 1)
[    1.487947] cma: cma_alloc(): returned (____ptrval____)
[    1.487958] cma: cma_alloc(cma (____ptrval____), count 60, align 6)
[    1.488148] cma: cma_alloc(): returned (____ptrval____)
[    1.488369] dcss-core 32e00000.dcss: Direct firmware load for dcss.fw failed with error -2
[    1.496909] dcss-core 32e00000.dcss: Falling back to syfs fallback for: dcss.fw
[    1.503318] loop: module loaded
[    1.510149] spi_imx 30820000.ecspi: can't get the TX DMA channel, error -19!
[    1.510155] spi_imx 30820000.ecspi: dma setup error -19, use pio
[    1.516437] spi_imx 30820000.ecspi: registered master spi0
[    1.516713] spi spi0.0: spi_imx_setup: mode 0, 8 bpw, 20000000 hz
[    1.516842] spi spi0.0: setup mode 0, 8 bits/w, 20000000 Hz max --> 0
[    1.517007] spi_imx 30820000.ecspi: registered child spi0.0
[    1.517016] spi_imx 30820000.ecspi: probed
[    1.521951] libphy: Fixed MDIO Bus: probed
[    1.528518] Atheros(R) L2 Ethernet Driver - version 2.2.3
[    1.533983] Copyright (c) 2007 Atheros Corporation.
[    1.540508] pps pps0: new PPS source ptp0
[    1.544600] cma: cma_alloc(cma (____ptrval____), count 16, align 4)
[    1.545190] cma: cma_alloc(): returned (____ptrval____)
[    1.545229] cma: cma_alloc(cma (____ptrval____), count 16, align 4)
[    1.545300] cma: cma_alloc(): returned (____ptrval____)
[    1.545326] cma: cma_alloc(cma (____ptrval____), count 16, align 4)
[    1.545385] cma: cma_alloc(): returned (____ptrval____)
[    1.545412] cma: cma_alloc(cma (____ptrval____), count 24, align 5)
[    1.545503] cma: cma_alloc(): returned (____ptrval____)
[    1.546755] libphy: fec_enet_mii_bus: probed
[    1.560006] fec 30be0000.ethernet eth0: registered PHC device 0
[    1.567946] mousedev: PS/2 mouse device common for all mice
[    1.575238] snvs_rtc 30370000.snvs:snvs-rtc-lp: rtc core: registered 30370000.snvs:snvs-rtc-lp as rtc0
[    1.584907] i2c /dev entries driver
[    1.589553] mxc-mipi-csi2_yav 30a70000.mipi_csi1: mipi_csi2_probe
[    1.595774] mxc-mipi-csi2_yav 30a70000.mipi_csi: Remote device at endpoint1 XXX found
[    1.603630] mxc-mipi-csi2_yav 30a70000.mipi_csi1: lanes: 2, name: mxc-mipi-csi2.0
[    1.613133] imx2-wdt 30280000.wdog: timeout 60 sec (nowayout=0)
[    1.621105] sdhci: Secure Digital Host Controller Interface driver
[    1.627355] sdhci: Copyright(c) Pierre Ossman
[    1.631985] sdhci-pltfm: SDHCI platform and OF driver helper
[    1.638648] cma: cma_alloc(cma (____ptrval____), count 1, align 0)
[    1.638952] cma: cma_alloc(): returned (____ptrval____)
[    1.672166] mmc0: SDHCI controller on 30b40000.usdhc [30b40000.usdhc] using ADMA
[    1.680445] cma: cma_alloc(cma (____ptrval____), count 1, align 0)
[    1.681356] cma: cma_alloc(): returned (____ptrval____)
[    1.712749] mmc1: SDHCI controller on 30b50000.usdhc [30b50000.usdhc] using ADMA
[    1.724771] ledtrig-cpu: registered to indicate activity on CPUs
[    1.731415] caam 30900000.caam: can't identify CAAM ipg clk: -2
[    1.737427] caam: probe of 30900000.caam failed with error -2
[    1.746224] NET: Registered protocol family 26
[    1.747131] mmc1: new high speed SDIO card at address fffd
[    1.750880] NET: Registered protocol family 17
[    1.762019] 9pnet: Installing 9P2000 support
[    1.768614] Key type dns_resolver registered
[    1.777054] registered taskstats version 1
[    1.781222] Loading compiled-in X.509 certificates
[    1.783745] mmc0: new HS400 MMC card at address 0001
[    1.791448] mmcblk0: mmc0:0001 M52532 28.5 GiB 
[    1.796272] mmcblk0boot0: mmc0:0001 M52532 partition 1 4.00 MiB
[    1.802424] mmcblk0boot1: mmc0:0001 M52532 partition 2 4.00 MiB
[    1.806683] cpu cpu0: _opp_is_duplicate: duplicate OPPs detected. Existing: freq: 1500000000, volt: 1000000, enabled: 1. New: freq: 1500000000, volt: 1000000, enabled: 1
[    1.808784] mmcblk0rpmb: mmc0:0001 M52532 partition 3 4.00 MiB, chardev (243:0)
[    1.823548] cpu cpu0: _opp_is_duplicate: duplicate OPPs detected. Existing: freq: 1000000000, volt: 900000, enabled: 1. New: freq: 1000000000, volt: 900000, enabled: 1
[    1.823685] failed to disable 800MHz OPP!
[    1.836458]  mmcblk0: p1 p2
[    1.845926] failed to disable 1.3GHz OPP!
[    1.845928] Configuring consumer grade
[    1.847254] input: gpio-keys as /devices/platform/gpio-keys/input/input0
[    1.868231] snvs_rtc 30370000.snvs:snvs-rtc-lp: setting system clock to 1970-01-01 00:00:00 UTC (0)
[    1.877515] cfg80211: Loading compiled-in X.509 certificates for regulatory database
[    1.900393] cfg80211: Loaded X.509 cert 'sforshee: 00b28ddf47aef9cea7'
[    1.907229] platform regulatory.0: Direct firmware load for regulatory.db failed with error -2
[    1.916029] platform regulatory.0: Falling back to syfs fallback for: regulatory.db
[    1.926546] Freeing unused kernel memory: 1280K
[    2.175869] dcss-core 32e00000.dcss: hdr10: DCSS FW load failed.
[    2.212557] cfg80211: failed to load regulatory.db
[    2.254911] random: fast init done
[    2.401293] EXT4-fs (mmcblk0p2): mounted filesystem with ordered data mode. Opts: (null)
[    2.724237] systemd[1]: System time before build time, advancing clock.
[    2.749027] systemd[1]: systemd 241 running in system mode. (+PAM +AUDIT +SELINUX +IMA +APPARMOR +SMACK +SYSVINIT +UTMP +LIBCRYPTSETUP +GCRYPT +GNUTLS +ACL +XZ +LZ4 +SECCOMP +BLKID +ELFUTILS +KMOD -IDN2 +IDN -PCRE2 default-hierarchy=hybrid)
[    2.770941] systemd[1]: Detected architecture arm64.
[    2.801131] systemd[1]: Set hostname to <pureos>.
[    2.989723] random: lvmconfig: uninitialized urandom read (4 bytes read)
[    3.022692] systemd[1]: File /lib/systemd/system/systemd-journald.service:12 configures an IP firewall (IPAddressDeny=any), but the local system does not support BPF/cgroup based firewalling.
[    3.039831] systemd[1]: Proceeding WITHOUT firewalling in effect! (This warning is only shown for the first loaded unit using IP firewalling.)
[    3.248226] systemd[1]: Binding to IPv6 address not available since kernel does not support IPv6.
[    3.261792] random: systemd: uninitialized urandom read (16 bytes read)
[    3.273110] random: systemd: uninitialized urandom read (16 bytes read)
[    3.283939] systemd[1]: Created slice system-systemd\x2dfsck.slice.
[    3.304834] systemd[1]: Reached target User and Group Name Lookups.
[    3.328953] systemd[1]: Started Forward Password Requests to Wall Directory Watch.
[    3.353125] systemd[1]: Listening on udev Kernel Socket.
[    4.076097] EXT4-fs (mmcblk0p2): re-mounted. Opts: errors=remount-ro
[    4.321642] systemd-journald[1214]: Received request to flush runtime journal from PID 1
[    4.335985] systemd-journald[1214]: File /var/log/journal/a10eb4ab9eba403abb076bbd4f865a4b/system.journal corrupted or uncleanly shut down, renaming and replacing.
[    4.841722] Atheros 8031 ethernet 30be0000.ethernet-1:01: attached PHY driver [Atheros 8031 ethernet] (mii_bus:phy_addr=30be0000.ethernet-1:01, irq=POLL)
[    5.975150] random: crng init done
[    5.978580] random: 7 urandom warning(s) missed due to ratelimiting
[    6.909895] fec 30be0000.ethernet eth0: Link is Up - 100Mbps/Full - flow control rx/tx
