[    0.000000] Linux version 5.3.0-rc2-next-20190729+ (pavel@pollux.denx.de) (gcc version 9.1.1 20190503 (Red Hat 9.1.1-1) (GCC)) #71 SMP PREEMPT Mon Jul 29 14:43:25 CEST 2019
[    0.000000] Disabled fast string operations
[    0.000000] x86/fpu: x87 FPU will use FXSAVE
[    0.000000] BIOS-provided physical RAM map:
[    0.000000] BIOS-e820: [mem 0x0000000000000000-0x000000000009efff] usable
[    0.000000] BIOS-e820: [mem 0x000000000009f000-0x000000000009ffff] reserved
[    0.000000] BIOS-e820: [mem 0x00000000000dc000-0x00000000000fffff] reserved
[    0.000000] BIOS-e820: [mem 0x0000000000100000-0x00000000bf6cffff] usable
[    0.000000] BIOS-e820: [mem 0x00000000bf6d0000-0x00000000bf6defff] ACPI data
[    0.000000] BIOS-e820: [mem 0x00000000bf6df000-0x00000000bf6fffff] ACPI NVS
[    0.000000] BIOS-e820: [mem 0x00000000bf700000-0x00000000bfffffff] reserved
[    0.000000] BIOS-e820: [mem 0x00000000f0000000-0x00000000f3ffffff] reserved
[    0.000000] BIOS-e820: [mem 0x00000000fec00000-0x00000000fec0ffff] reserved
[    0.000000] BIOS-e820: [mem 0x00000000fed00000-0x00000000fed003ff] reserved
[    0.000000] BIOS-e820: [mem 0x00000000fed14000-0x00000000fed19fff] reserved
[    0.000000] BIOS-e820: [mem 0x00000000fed1c000-0x00000000fed8ffff] reserved
[    0.000000] BIOS-e820: [mem 0x00000000fee00000-0x00000000fee00fff] reserved
[    0.000000] BIOS-e820: [mem 0x00000000ff800000-0x00000000ffffffff] reserved
[    0.000000] NX (Execute Disable) protection: active
[    0.000000] SMBIOS 2.4 present.
[    0.000000] DMI: LENOVO 17097HU/17097HU, BIOS 7BETD8WW (2.19 ) 03/31/2011
[    0.000000] tsc: Fast TSC calibration using PIT
[    0.000000] tsc: Detected 1828.706 MHz processor
[    0.013414] e820: update [mem 0x00000000-0x00000fff] usable ==> reserved
[    0.013419] e820: remove [mem 0x000a0000-0x000fffff] usable
[    0.013430] last_pfn = 0xbf6d0 max_arch_pfn = 0x1000000
[    0.013443] MTRR default type: uncachable
[    0.013446] MTRR fixed ranges enabled:
[    0.013450]   00000-9FFFF write-back
[    0.013453]   A0000-BFFFF uncachable
[    0.013456]   C0000-CFFFF write-protect
[    0.013458]   D0000-DBFFF uncachable
[    0.013461]   DC000-DFFFF write-back
[    0.013464]   E0000-FFFFF write-protect
[    0.013467] MTRR variable ranges enabled:
[    0.013470]   0 base 000000000 mask F80000000 write-back
[    0.013473]   1 base 080000000 mask FC0000000 write-back
[    0.013476]   2 base 0BF700000 mask FFFF00000 uncachable
[    0.013480]   3 base 0BF800000 mask FFF800000 uncachable
[    0.013482]   4 disabled
[    0.013484]   5 disabled
[    0.013487]   6 disabled
[    0.013489]   7 disabled
[    0.014583] x86/PAT: PAT not supported by CPU.
[    0.015806] x86/PAT: Configuration [0-7]: WB  WT  UC- UC  WB  WT  UC- UC  
[    0.015826] initial memory mapped: [mem 0x00000000-0x059fffff]
[    0.015909] BRK [0x055cc000, 0x055ccfff] PGTABLE
[    0.015931] BRK [0x055cd000, 0x055cdfff] PGTABLE
[    0.015942] ACPI: Early table checksum verification disabled
[    0.015951] ACPI: RSDP 0x00000000000F67C0 000024 (v02 LENOVO)
[    0.015960] ACPI: XSDT 0x00000000BF6D191C 000084 (v01 LENOVO TP-7B    00002190  LTP 00000000)
[    0.015973] ACPI: FACP 0x00000000BF6D1A00 0000F4 (v03 LENOVO TP-7B    00002190 LNVO 00000001)
[    0.015985] ACPI BIOS Warning (bug): 32/64X length mismatch in FADT/Gpe0Block: 64/32 (20190703/tbfadt-564)
[    0.015992] ACPI BIOS Warning (bug): Optional FADT field Gpe1Block has valid Address but zero Length: 0x000000000000102C/0x0 (20190703/tbfadt-615)
[    0.016002] ACPI: DSDT 0x00000000BF6D1D90 00CFB9 (v01 LENOVO TP-7B    00002190 MSFT 0100000E)
[    0.016011] ACPI: FACS 0x00000000BF6F4000 000040
[    0.016018] ACPI: FACS 0x00000000BF6F4000 000040
[    0.016025] ACPI: SSDT 0x00000000BF6D1BB4 0001DC (v01 LENOVO TP-7B    00002190 MSFT 0100000E)
[    0.016034] ACPI: ECDT 0x00000000BF6DED49 000052 (v01 LENOVO TP-7B    00002190 LNVO 00000001)
[    0.016043] ACPI: TCPA 0x00000000BF6DED9B 000032 (v02 LENOVO TP-7B    00002190 LNVO 00000001)
[    0.016051] ACPI: APIC 0x00000000BF6DEDCD 000068 (v01 LENOVO TP-7B    00002190 LNVO 00000001)
[    0.016060] ACPI: MCFG 0x00000000BF6DEE35 00003C (v01 LENOVO TP-7B    00002190 LNVO 00000001)
[    0.016068] ACPI: HPET 0x00000000BF6DEE71 000038 (v01 LENOVO TP-7B    00002190 LNVO 00000001)
[    0.016077] ACPI: BOOT 0x00000000BF6DEFD8 000028 (v01 LENOVO TP-7B    00002190  LTP 00000001)
[    0.016085] ACPI: SSDT 0x00000000BF6F2645 00025F (v01 LENOVO TP-7B    00002190 INTL 20050513)
[    0.016094] ACPI: SSDT 0x00000000BF6F28A4 0000A6 (v01 LENOVO TP-7B    00002190 INTL 20050513)
[    0.016103] ACPI: SSDT 0x00000000BF6F294A 0004F7 (v01 LENOVO TP-7B    00002190 INTL 20050513)
[    0.016111] ACPI: SSDT 0x00000000BF6F2E41 0001D8 (v01 LENOVO TP-7B    00002190 INTL 20050513)
[    0.016132] ACPI: Local APIC address 0xfee00000
[    0.016138] 2176MB HIGHMEM available.
[    0.016142] 885MB LOWMEM available.
[    0.016146]   mapped low ram: 0 - 375fe000
[    0.016149]   low ram: 0 - 375fe000
[    0.016160] BRK [0x055ce000, 0x055cefff] PGTABLE
[    0.016165] Zone ranges:
[    0.016169]   DMA      [mem 0x0000000000001000-0x0000000000ffffff]
[    0.016174]   Normal   [mem 0x0000000001000000-0x00000000375fdfff]
[    0.016178]   HighMem  [mem 0x00000000375fe000-0x00000000bf6cffff]
[    0.016183] Movable zone start for each node
[    0.016187] Early memory node ranges
[    0.016191]   node   0: [mem 0x0000000000001000-0x000000000009efff]
[    0.016195]   node   0: [mem 0x0000000000100000-0x00000000bf6cffff]
[    0.016200] Initmem setup node 0 [mem 0x0000000000001000-0x00000000bf6cffff]
[    0.016205] On node 0 totalpages: 783982
[    0.027587]   DMA zone: 32 pages used for memmap
[    0.027590]   DMA zone: 0 pages reserved
[    0.027593]   DMA zone: 3998 pages, LIFO batch:0
[    0.027704]   Normal zone: 1740 pages used for memmap
[    0.027707]   Normal zone: 222718 pages, LIFO batch:63
[    0.033350]   HighMem zone: 557266 pages, LIFO batch:63
[    0.047532] Using APIC driver default
[    0.047551] Reserving Intel graphics memory at [mem 0xbf800000-0xbfffffff]
[    0.048027] ACPI: PM-Timer IO Port: 0x1008
[    0.048032] ACPI: Local APIC address 0xfee00000
[    0.048045] ACPI: LAPIC_NMI (acpi_id[0x00] high edge lint[0x1])
[    0.048050] ACPI: LAPIC_NMI (acpi_id[0x01] high edge lint[0x1])
[    0.048075] IOAPIC[0]: apic_id 1, version 32, address 0xfec00000, GSI 0-23
[    0.048082] ACPI: INT_SRC_OVR (bus 0 bus_irq 0 global_irq 2 dfl dfl)
[    0.048088] ACPI: INT_SRC_OVR (bus 0 bus_irq 9 global_irq 9 high level)
[    0.048094] ACPI: IRQ0 used by override.
[    0.048097] ACPI: IRQ9 used by override.
[    0.048103] Using ACPI (MADT) for SMP configuration information
[    0.048107] ACPI: HPET id: 0x8086a201 base: 0xfed00000
[    0.048119] smpboot: Allowing 2 CPUs, 0 hotplug CPUs
[    0.048159] PM: Registered nosave memory: [mem 0x00000000-0x00000fff]
[    0.048164] PM: Registered nosave memory: [mem 0x0009f000-0x0009ffff]
[    0.048168] PM: Registered nosave memory: [mem 0x000a0000-0x000dbfff]
[    0.048172] PM: Registered nosave memory: [mem 0x000dc000-0x000fffff]
[    0.048181] [mem 0xc0000000-0xefffffff] available for PCI devices
[    0.048188] clocksource: refined-jiffies: mask: 0xffffffff max_cycles: 0xffffffff, max_idle_ns: 7645519600211568 ns
[    0.048203] setup_percpu: NR_CPUS:8 nr_cpumask_bits:8 nr_cpu_ids:2 nr_node_ids:1
[    0.048469] percpu: Embedded 37 pages/cpu s119144 r0 d32408 u151552
[    0.048484] pcpu-alloc: s119144 r0 d32408 u151552 alloc=37*4096
[    0.048487] pcpu-alloc: [0] 0 [0] 1 
[    0.048520] Built 1 zonelists, mobility grouping on.  Total pages: 782210
[    0.048529] Kernel command line: BOOT_IMAGE=(hd0,2)/fast/l/linux-next-32/arch/x86/boot/bzImage root=/dev/sda4 resume=/dev/sda1
[    0.048956] Dentry cache hash table entries: 131072 (order: 7, 524288 bytes, linear)
[    0.049073] Inode-cache hash table entries: 65536 (order: 6, 262144 bytes, linear)
[    0.049097] Initializing CPU#0
[    0.049106] mem auto-init: stack:off, heap alloc:off, heap free:off
[    0.081906] Initializing HighMem for node 0 (000375fe:000bf6d0)
[    0.432543] Initializing Movable for node 0 (00000000:00000000)
[    0.504471] Memory: 3022004K/3135928K available (12686K kernel code, 690K rwdata, 4948K rodata, 644K init, 2944K bss, 113924K reserved, 0K cma-reserved, 2229064K highmem)
[    0.504482] virtual kernel memory layout:
    fixmap  : 0xffe72000 - 0xfffff000   (1588 kB)
  cpu_entry : 0xffa00000 - 0xffb31000   (1220 kB)
    pkmap   : 0xff600000 - 0xff800000   (2048 kB)
    vmalloc : 0xf7dfe000 - 0xff5fe000   ( 120 MB)
    lowmem  : 0xc0000000 - 0xf75fe000   ( 885 MB)
      .init : 0xc5211000 - 0xc52b2000   ( 644 kB)
      .data : 0xc4c63bf0 - 0xc51ee940   (5675 kB)
      .text : 0xc4000000 - 0xc4c63bf0   (12686 kB)
[    0.504488] Checking if this processor honours the WP bit even in supervisor mode...Ok.
[    0.504554] random: get_random_u32 called from cache_alloc_refill+0x646/0xae0 with crng_init=0
[    0.505815] Kernel/User page tables isolation: enabled
[    0.506092] rcu: Preemptible hierarchical RCU implementation.
[    0.506097] rcu: 	RCU restricting CPUs from NR_CPUS=8 to nr_cpu_ids=2.
[    0.506101] 	Tasks RCU enabled.
[    0.506106] rcu: RCU calculated value of scheduler-enlistment delay is 25 jiffies.
[    0.506110] rcu: Adjusting geometry for rcu_fanout_leaf=16, nr_cpu_ids=2
[    0.506153] NR_IRQS: 2304, nr_irqs: 56, preallocated irqs: 16
[    0.509145] Console: colour VGA+ 80x25
[    0.517531] printk: console [tty0] enabled
[    0.517604] Lock dependency validator: Copyright (c) 2006 Red Hat, Inc., Ingo Molnar
[    0.517694] ... MAX_LOCKDEP_SUBCLASSES:  8
[    0.517767] ... MAX_LOCK_DEPTH:          48
[    0.517839] ... MAX_LOCKDEP_KEYS:        8192
[    0.517913] ... CLASSHASH_SIZE:          4096
[    0.517987] ... MAX_LOCKDEP_ENTRIES:     32768
[    0.518060] ... MAX_LOCKDEP_CHAINS:      65536
[    0.518134] ... CHAINHASH_SIZE:          32768
[    0.518208]  memory used by lock dependency info: 1797 kB
[    0.518288]  per task-struct memory footprint: 1344 bytes
[    0.518377] ACPI: Core revision 20190703
[    0.518795] clocksource: hpet: mask: 0xffffffff max_cycles: 0xffffffff, max_idle_ns: 133484882848 ns
[    0.518936] APIC: Switch to symmetric I/O mode setup
[    0.519014] Enabling APIC mode:  Flat.  Using 1 I/O APICs
[    0.519649] ..TIMER: vector=0x30 apic1=0 pin1=2 apic2=-1 pin2=-1
[    0.538936] clocksource: tsc-early: mask: 0xffffffffffffffff max_cycles: 0x1a5c1700f40, max_idle_ns: 440795216716 ns
[    0.539061] Calibrating delay loop (skipped), value calculated using timer frequency.. 3657.41 BogoMIPS (lpj=7314824)
[    0.539185] pid_max: default: 32768 minimum: 301
[    0.539515] Mount-cache hash table entries: 2048 (order: 1, 8192 bytes, linear)
[    0.539613] Mountpoint-cache hash table entries: 2048 (order: 1, 8192 bytes, linear)
[    0.539790] *** VALIDATE shmem ***
[    0.540401] *** VALIDATE proc ***
[    0.540568] *** VALIDATE cgroup1 ***
[    0.540642] *** VALIDATE cgroup2 ***
[    0.540789] Disabled fast string operations
[    0.540877] process: using mwait in idle threads
[    0.540961] Last level iTLB entries: 4KB 128, 2MB 0, 4MB 2
[    0.541043] Last level dTLB entries: 4KB 128, 2MB 0, 4MB 8, 1GB 0
[    0.541129] Spectre V2 : Mitigation: Full generic retpoline
[    0.541210] Spectre V2 : Spectre v2 / SpectreRSB mitigation: Filling RSB on context switch
[    0.541306] L1TF: System has more than MAX_PA/2 memory. L1TF mitigation not effective.
[    0.541400] L1TF: You may make it effective by booting the kernel with mem=2147483648 parameter.
[    0.541511] L1TF: However, doing so will make a part of your RAM unusable.
[    0.541599] L1TF: Reading https://www.kernel.org/doc/html/latest/admin-guide/hw-vuln/l1tf.html might help you decide.
[    0.541718] MDS: Vulnerable: Clear CPU buffers attempted, no microcode
[    0.542057] Freeing SMP alternatives memory: 44K
[    0.551060] smpboot: CPU0: Genuine Intel(R) CPU           T2400  @ 1.83GHz (family: 0x6, model: 0xe, stepping: 0x8)
[    0.567092] Performance Events: Core events, core PMU driver.
[    0.567185] ... version:                1
[    0.567260] ... bit width:              40
[    0.567333] ... generic registers:      2
[    0.567407] ... value mask:             000000ffffffffff
[    0.567487] ... max period:             000000007fffffff
[    0.567567] ... fixed-purpose events:   0
[    0.567640] ... event mask:             0000000000000003
[    0.575072] rcu: Hierarchical SRCU implementation.
[    0.587140] NMI watchdog: Enabled. Permanently consumes one hw-PMU counter.
[    0.595088] smp: Bringing up secondary CPUs ...
[    0.627561] x86: Booting SMP configuration:
[    0.627644] .... node  #0, CPUs:      #1
[    0.016590] Initializing CPU#1
[    0.016590] Disabled fast string operations
[    0.630069] TSC synchronization [CPU#0 -> CPU#1]:
[    0.630381] Measured 580261 cycles TSC warp between CPUs, turning off TSC clock.
[    0.630483] tsc: Marking TSC unstable due to check_tsc_sync_source failed
[    0.630664] smp: Brought up 1 node, 2 CPUs
[    0.630664] smpboot: Max logical packages: 1
[    0.630664] smpboot: Total of 2 processors activated (7314.82 BogoMIPS)
[    0.632673] devtmpfs: initialized
[    0.632673] PM: Registering ACPI NVS region [mem 0xbf6df000-0xbf6fffff] (135168 bytes)
[    0.632673] clocksource: jiffies: mask: 0xffffffff max_cycles: 0xffffffff, max_idle_ns: 7645041785100000 ns
[    0.635087] futex hash table entries: 512 (order: 3, 32768 bytes, linear)
[    0.635343] *** VALIDATE debugfs ***
[    0.635886] NET: Registered protocol family 16
[    0.637182] cpuidle: using governor ladder
[    0.637300] cpuidle: using governor menu
[    0.637535] Simple Boot Flag at 0x35 set to 0x1
[    0.637666] ACPI FADT declares the system doesn't support PCIe ASPM, so disable it
[    0.637758] ACPI: bus type PCI registered
[    0.638050] PCI: MMCONFIG for domain 0000 [bus 00-3f] at [mem 0xf0000000-0xf3ffffff] (base 0xf0000000)
[    0.638168] PCI: MMCONFIG at [mem 0xf0000000-0xf3ffffff] reserved in E820
[    0.638257] PCI: Using MMCONFIG for extended config space
[    0.638338] PCI: Using configuration type 1 for base access
[    0.639223] mtrr: your CPUs had inconsistent variable MTRR settings
[    0.639309] mtrr: probably your BIOS does not setup all CPUs.
[    0.639391] mtrr: corrected configuration.
[    0.700167] ACPI: Added _OSI(Module Device)
[    0.700167] ACPI: Added _OSI(Processor Device)
[    0.700167] ACPI: Added _OSI(3.0 _SCP Extensions)
[    0.700167] ACPI: Added _OSI(Processor Aggregator Device)
[    0.700167] ACPI: Added _OSI(Linux-Dell-Video)
[    0.700167] ACPI: Added _OSI(Linux-Lenovo-NV-HDMI-Audio)
[    0.700167] ACPI: Added _OSI(Linux-HPI-Hybrid-Graphics)
[    0.762081] ACPI: 6 ACPI AML tables successfully acquired and loaded
[    0.766565] ACPI: EC: EC started
[    0.766638] ACPI: EC: interrupt blocked
[    0.771657] ACPI: \: Used as first EC
[    0.771733] ACPI: \: GPE=0x1c, EC_CMD/EC_SC=0x66, EC_DATA=0x62
[    0.771817] ACPI: EC: Boot ECDT EC used to handle transactions
[    0.791120] ACPI: Dynamic OEM Table Load:
[    0.791212] ACPI: SSDT 0x00000000F1BFC000 000240 (v01 PmRef  Cpu0Ist  00000100 INTL 20050513)
[    0.795354] ACPI: Dynamic OEM Table Load:
[    0.795443] ACPI: SSDT 0x00000000F1B61000 00065A (v01 PmRef  Cpu0Cst  00000100 INTL 20050513)
[    0.801863] ACPI: Dynamic OEM Table Load:
[    0.801951] ACPI: SSDT 0x00000000F1A8A900 0000C8 (v01 PmRef  Cpu1Ist  00000100 INTL 20050513)
[    0.805403] ACPI: Dynamic OEM Table Load:
[    0.805491] ACPI: SSDT 0x00000000F1AAA300 000085 (v01 PmRef  Cpu1Cst  00000100 INTL 20050513)
[    0.809482] ACPI: Interpreter enabled
[    0.809629] ACPI: (supports S0 S3 S4 S5)
[    0.809709] ACPI: Using IOAPIC for interrupt routing
[    0.811064] PCI: Using host bridge windows from ACPI; if necessary, use "pci=nocrs" and report a bug
[    0.811064] ACPI: Enabled 4 GPEs in block 00 to 1F
[    0.836224] ACPI: Power Resource [PUBS] (on)
[    0.839182] acpi PNP0C0A:01: ACPI dock station (docks/bays count: 1)
[    0.847177] acpi LNXIOBAY:00: ACPI dock station (docks/bays count: 2)
[    0.863179] acpi IBM0079:00: ACPI dock station (docks/bays count: 3)
[    0.863737] ACPI: PCI Interrupt Link [LNKA] (IRQs 3 4 5 6 7 9 10 *11)
[    0.864638] ACPI: PCI Interrupt Link [LNKB] (IRQs 3 4 5 6 7 9 10 *11)
[    0.865534] ACPI: PCI Interrupt Link [LNKC] (IRQs 3 4 5 6 7 9 10 *11)
[    0.866429] ACPI: PCI Interrupt Link [LNKD] (IRQs 3 4 5 6 7 9 10 *11)
[    0.867335] ACPI: PCI Interrupt Link [LNKE] (IRQs 3 4 5 6 7 9 10 *11)
[    0.868229] ACPI: PCI Interrupt Link [LNKF] (IRQs 3 4 5 6 7 9 10 *11)
[    0.869123] ACPI: PCI Interrupt Link [LNKG] (IRQs 3 4 5 6 7 9 10 *11)
[    0.870017] ACPI: PCI Interrupt Link [LNKH] (IRQs 3 4 5 6 7 9 10 *11)
[    0.871193] ACPI: PCI Root Bridge [PCI0] (domain 0000 [bus 00-ff])
[    0.871193] acpi PNP0A08:00: _OSC: OS supports [ExtendedConfig ASPM ClockPM Segments HPX-Type3]
[    0.871824] acpi PNP0A08:00: _OSC: not requesting OS control; OS requires [ExtendedConfig ASPM ClockPM MSI]
[    0.871964] acpi PNP0A08:00: [Firmware Info]: MMCONFIG for domain 0000 [bus 00-3f] only partially covers this bridge
[    0.875210] PCI host bridge to bus 0000:00
[    0.875210] pci_bus 0000:00: root bus resource [io  0x0000-0x0cf7 window]
[    0.875210] pci_bus 0000:00: root bus resource [io  0x0d00-0xffff window]
[    0.875210] pci_bus 0000:00: root bus resource [mem 0x000a0000-0x000bffff window]
[    0.875210] pci_bus 0000:00: root bus resource [mem 0x000d0000-0x000d3fff window]
[    0.875210] pci_bus 0000:00: root bus resource [mem 0x000d4000-0x000d7fff window]
[    0.875210] pci_bus 0000:00: root bus resource [mem 0x000d8000-0x000dbfff window]
[    0.875210] pci_bus 0000:00: root bus resource [mem 0xc0000000-0xfebfffff window]
[    0.875210] pci_bus 0000:00: root bus resource [mem 0xfed40000-0xfed40fff window]
[    0.875210] pci_bus 0000:00: root bus resource [bus 00-ff]
[    0.875210] pci 0000:00:00.0: [8086:27a0] type 00 class 0x060000
[    0.875210] pci 0000:00:02.0: [8086:27a2] type 00 class 0x030000
[    0.875210] pci 0000:00:02.0: reg 0x10: [mem 0xee100000-0xee17ffff]
[    0.875210] pci 0000:00:02.0: reg 0x14: [io  0x1800-0x1807]
[    0.875210] pci 0000:00:02.0: reg 0x18: [mem 0xd0000000-0xdfffffff pref]
[    0.875210] pci 0000:00:02.0: reg 0x1c: [mem 0xee200000-0xee23ffff]
[    0.875210] pci 0000:00:02.1: [8086:27a6] type 00 class 0x038000
[    0.875210] pci 0000:00:02.1: reg 0x10: [mem 0xee180000-0xee1fffff]
[    0.879093] pci 0000:00:1b.0: [8086:27d8] type 00 class 0x040300
[    0.879093] pci 0000:00:1b.0: reg 0x10: [mem 0xee240000-0xee243fff 64bit]
[    0.879093] pci 0000:00:1b.0: PME# supported from D0 D3hot D3cold
[    0.879182] pci 0000:00:1c.0: [8086:27d0] type 01 class 0x060400
[    0.879182] pci 0000:00:1c.0: PME# supported from D0 D3hot D3cold
[    0.879182] pci 0000:00:1c.1: [8086:27d2] type 01 class 0x060400
[    0.879182] pci 0000:00:1c.1: PME# supported from D0 D3hot D3cold
[    0.879182] pci 0000:00:1c.2: [8086:27d4] type 01 class 0x060400
[    0.879182] pci 0000:00:1c.2: PME# supported from D0 D3hot D3cold
[    0.879255] pci 0000:00:1c.3: [8086:27d6] type 01 class 0x060400
[    0.879547] pci 0000:00:1c.3: PME# supported from D0 D3hot D3cold
[    0.883165] pci 0000:00:1d.0: [8086:27c8] type 00 class 0x0c0300
[    0.883165] pci 0000:00:1d.0: reg 0x20: [io  0x1820-0x183f]
[    0.883179] pci 0000:00:1d.1: [8086:27c9] type 00 class 0x0c0300
[    0.883179] pci 0000:00:1d.1: reg 0x20: [io  0x1840-0x185f]
[    0.883179] pci 0000:00:1d.2: [8086:27ca] type 00 class 0x0c0300
[    0.883179] pci 0000:00:1d.2: reg 0x20: [io  0x1860-0x187f]
[    0.883180] pci 0000:00:1d.3: [8086:27cb] type 00 class 0x0c0300
[    0.883180] pci 0000:00:1d.3: reg 0x20: [io  0x1880-0x189f]
[    0.883180] pci 0000:00:1d.7: [8086:27cc] type 00 class 0x0c0320
[    0.883232] pci 0000:00:1d.7: reg 0x10: [mem 0xee444000-0xee4443ff]
[    0.883470] pci 0000:00:1d.7: PME# supported from D0 D3hot D3cold
[    0.887093] pci 0000:00:1e.0: [8086:2448] type 01 class 0x060401
[    0.887182] pci 0000:00:1f.0: [8086:27b9] type 00 class 0x060100
[    0.887182] pci 0000:00:1f.0: quirk: [io  0x1000-0x107f] claimed by ICH6 ACPI/GPIO/TCO
[    0.887182] pci 0000:00:1f.0: quirk: [io  0x1180-0x11bf] claimed by ICH6 GPIO
[    0.887182] pci 0000:00:1f.0: ICH7 LPC Generic IO decode 1 PIO at 1600 (mask 007f)
[    0.887182] pci 0000:00:1f.0: ICH7 LPC Generic IO decode 2 PIO at 15e0 (mask 000f)
[    0.887182] pci 0000:00:1f.0: ICH7 LPC Generic IO decode 3 PIO at 1680 (mask 001f)
[    0.887182] pci 0000:00:1f.1: [8086:27df] type 00 class 0x01018a
[    0.887182] pci 0000:00:1f.1: reg 0x10: [io  0x0000-0x0007]
[    0.887182] pci 0000:00:1f.1: reg 0x14: [io  0x0000-0x0003]
[    0.887182] pci 0000:00:1f.1: reg 0x18: [io  0x0000-0x0007]
[    0.887182] pci 0000:00:1f.1: reg 0x1c: [io  0x0000-0x0003]
[    0.887182] pci 0000:00:1f.1: reg 0x20: [io  0x1810-0x181f]
[    0.887182] pci 0000:00:1f.1: legacy IDE quirk: reg 0x10: [io  0x01f0-0x01f7]
[    0.887182] pci 0000:00:1f.1: legacy IDE quirk: reg 0x14: [io  0x03f6]
[    0.887182] pci 0000:00:1f.1: legacy IDE quirk: reg 0x18: [io  0x0170-0x0177]
[    0.887182] pci 0000:00:1f.1: legacy IDE quirk: reg 0x1c: [io  0x0376]
[    0.887384] pci 0000:00:1f.2: [8086:27c5] type 00 class 0x010601
[    0.887508] pci 0000:00:1f.2: reg 0x10: [io  0x18d0-0x18d7]
[    0.887609] pci 0000:00:1f.2: reg 0x14: [io  0x18c4-0x18c7]
[    0.887710] pci 0000:00:1f.2: reg 0x18: [io  0x18c8-0x18cf]
[    0.887811] pci 0000:00:1f.2: reg 0x1c: [io  0x18c0-0x18c3]
[    0.887912] pci 0000:00:1f.2: reg 0x20: [io  0x18b0-0x18bf]
[    0.888013] pci 0000:00:1f.2: reg 0x24: [mem 0xee444400-0xee4447ff]
[    0.888190] pci 0000:00:1f.2: PME# supported from D3hot
[    0.891065] pci 0000:00:1f.3: [8086:27da] type 00 class 0x0c0500
[    0.891065] pci 0000:00:1f.3: reg 0x20: [io  0x18e0-0x18ff]
[    0.891182] pci 0000:02:00.0: [8086:109a] type 00 class 0x020000
[    0.891182] pci 0000:02:00.0: reg 0x10: [mem 0xee000000-0xee01ffff]
[    0.891182] pci 0000:02:00.0: reg 0x18: [io  0x2000-0x201f]
[    0.891182] pci 0000:02:00.0: PME# supported from D0 D3hot D3cold
[    0.891182] pci 0000:00:1c.0: PCI bridge to [bus 02]
[    0.891187] pci 0000:00:1c.0:   bridge window [io  0x2000-0x2fff]
[    0.891282] pci 0000:00:1c.0:   bridge window [mem 0xee000000-0xee0fffff]
[    0.895070] pci 0000:03:00.0: [8086:4227] type 00 class 0x028000
[    0.895070] pci 0000:03:00.0: reg 0x10: [mem 0xedf00000-0xedf00fff]
[    0.895070] pci 0000:03:00.0: PME# supported from D0 D3hot D3cold
[    0.895215] pci 0000:00:1c.1: PCI bridge to [bus 03]
[    0.895215] pci 0000:00:1c.1:   bridge window [io  0x3000-0x4fff]
[    0.895215] pci 0000:00:1c.1:   bridge window [mem 0xec000000-0xedffffff]
[    0.895215] pci 0000:00:1c.1:   bridge window [mem 0xe4000000-0xe40fffff 64bit pref]
[    0.895215] pci 0000:00:1c.2: PCI bridge to [bus 04-0b]
[    0.895215] pci 0000:00:1c.2:   bridge window [io  0x5000-0x6fff]
[    0.895215] pci 0000:00:1c.2:   bridge window [mem 0xe8000000-0xe9ffffff]
[    0.895215] pci 0000:00:1c.2:   bridge window [mem 0xe4100000-0xe41fffff 64bit pref]
[    0.895215] pci 0000:00:1c.3: PCI bridge to [bus 0c-13]
[    0.895215] pci 0000:00:1c.3:   bridge window [io  0x7000-0x8fff]
[    0.895215] pci 0000:00:1c.3:   bridge window [mem 0xea000000-0xebffffff]
[    0.895215] pci 0000:00:1c.3:   bridge window [mem 0xe4200000-0xe42fffff 64bit pref]
[    0.895215] pci_bus 0000:15: extended config space not accessible
[    0.895215] pci 0000:15:00.0: [1180:0476] type 02 class 0x060700
[    0.895215] pci 0000:15:00.0: reg 0x10: [mem 0xe4300000-0xe4300fff]
[    0.895215] pci 0000:15:00.0: supports D1 D2
[    0.895221] pci 0000:15:00.0: PME# supported from D0 D1 D2 D3hot D3cold
[    0.899062] pci 0000:15:00.1: [1180:0552] type 00 class 0x0c0010
[    0.899062] pci 0000:15:00.1: reg 0x10: [mem 0xe4301000-0xe43017ff]
[    0.899062] pci 0000:15:00.1: PME# supported from D0 D3hot D3cold
[    0.899277] pci 0000:15:00.2: [1180:0822] type 00 class 0x080500
[    0.899277] pci 0000:15:00.2: reg 0x10: [mem 0xe4301800-0xe43018ff]
[    0.899277] pci 0000:15:00.2: supports D1 D2
[    0.899277] pci 0000:15:00.2: PME# supported from D0 D1 D2 D3hot D3cold
[    0.899277] pci 0000:00:1e.0: PCI bridge to [bus 15-18] (subtractive decode)
[    0.899277] pci 0000:00:1e.0:   bridge window [io  0x9000-0xcfff]
[    0.899277] pci 0000:00:1e.0:   bridge window [mem 0xe4300000-0xe7ffffff]
[    0.899277] pci 0000:00:1e.0:   bridge window [mem 0xe0000000-0xe3ffffff 64bit pref]
[    0.899277] pci 0000:00:1e.0:   bridge window [io  0x0000-0x0cf7 window] (subtractive decode)
[    0.899277] pci 0000:00:1e.0:   bridge window [io  0x0d00-0xffff window] (subtractive decode)
[    0.899277] pci 0000:00:1e.0:   bridge window [mem 0x000a0000-0x000bffff window] (subtractive decode)
[    0.899277] pci 0000:00:1e.0:   bridge window [mem 0x000d0000-0x000d3fff window] (subtractive decode)
[    0.899277] pci 0000:00:1e.0:   bridge window [mem 0x000d4000-0x000d7fff window] (subtractive decode)
[    0.899277] pci 0000:00:1e.0:   bridge window [mem 0x000d8000-0x000dbfff window] (subtractive decode)
[    0.899277] pci 0000:00:1e.0:   bridge window [mem 0xc0000000-0xfebfffff window] (subtractive decode)
[    0.899277] pci 0000:00:1e.0:   bridge window [mem 0xfed40000-0xfed40fff window] (subtractive decode)
[    0.899277] pci_bus 0000:16: extended config space not accessible
[    0.899430] pci_bus 0000:16: busn_res: [bus 16-18] end is updated to 17
[    0.899580] pci_bus 0000:00: on NUMA node 0
[    0.907252] ACPI: EC: interrupt unblocked
[    0.907252] ACPI: EC: event unblocked
[    0.907252] ACPI: \_SB_.PCI0.LPC_.EC__: GPE=0x1c, EC_CMD/EC_SC=0x66, EC_DATA=0x62
[    0.907252] ACPI: \_SB_.PCI0.LPC_.EC__: Boot DSDT EC used to handle transactions and events
[    0.907437] pci 0000:00:02.0: vgaarb: setting as boot VGA device
[    0.907520] pci 0000:00:02.0: vgaarb: VGA device added: decodes=io+mem,owns=io+mem,locks=none
[    0.907608] pci 0000:00:02.0: vgaarb: bridge control possible
[    0.907608] vgaarb: loaded
[    0.911259] SCSI subsystem initialized
[    0.911259] libata version 3.00 loaded.
[    0.911360] ACPI: bus type USB registered
[    0.911551] usbcore: registered new interface driver usbfs
[    0.911693] usbcore: registered new interface driver hub
[    0.911853] usbcore: registered new device driver usb
[    0.912045] mc: Linux media interface: v0.10
[    0.912170] videodev: Linux video capture interface: v2.00
[    0.912322] pps_core: LinuxPPS API ver. 1 registered
[    0.912402] pps_core: Software ver. 5.3.6 - Copyright 2005-2007 Rodolfo Giometti <giometti@linux.it>
[    0.912548] PTP clock support registered
[    0.913173] EDAC MC: Ver: 3.0.0
[    0.915710] Advanced Linux Sound Architecture Driver Initialized.
[    0.915928] PCI: Using ACPI for IRQ routing
[    0.918980] PCI: pci_cache_line_size set to 64 bytes
[    0.919323] e820: reserve RAM buffer [mem 0x0009f000-0x0009ffff]
[    0.919329] e820: reserve RAM buffer [mem 0xbf6d0000-0xbfffffff]
[    0.920011] Bluetooth: Core ver 2.22
[    0.920143] NET: Registered protocol family 31
[    0.920220] Bluetooth: HCI device and connection manager initialized
[    0.920316] Bluetooth: HCI socket layer initialized
[    0.920398] Bluetooth: L2CAP socket layer initialized
[    0.920497] Bluetooth: SCO socket layer initialized
[    0.921047] clocksource: Switched to clocksource hpet
[    0.921377] *** VALIDATE ramfs ***
[    0.921559] pnp: PnP ACPI init
[    0.922600] system 00:00: [mem 0x00000000-0x0009ffff] could not be reserved
[    0.922701] system 00:00: [mem 0x000c0000-0x000c3fff] could not be reserved
[    0.922798] system 00:00: [mem 0x000c4000-0x000c7fff] could not be reserved
[    0.922894] system 00:00: [mem 0x000c8000-0x000cbfff] has been reserved
[    0.922988] system 00:00: [mem 0x000cc000-0x000cffff] has been reserved
[    0.923471] system 00:00: [mem 0x000dc000-0x000dffff] could not be reserved
[    0.923569] system 00:00: [mem 0x000e0000-0x000e3fff] could not be reserved
[    0.923666] system 00:00: [mem 0x000e4000-0x000e7fff] could not be reserved
[    0.923763] system 00:00: [mem 0x000e8000-0x000ebfff] could not be reserved
[    0.923860] system 00:00: [mem 0x000ec000-0x000effff] could not be reserved
[    0.923957] system 00:00: [mem 0x000f0000-0x000fffff] could not be reserved
[    0.924054] system 00:00: [mem 0x00100000-0xbfffffff] could not be reserved
[    0.924151] system 00:00: [mem 0xfec00000-0xfed3ffff] could not be reserved
[    0.924248] system 00:00: [mem 0xfed41000-0xffffffff] could not be reserved
[    0.924390] system 00:00: Plug and Play ACPI device, IDs PNP0c01 (active)
[    0.924883] system 00:01: [io  0x164e-0x164f] has been reserved
[    0.924976] system 00:01: [io  0x1000-0x107f] has been reserved
[    0.925067] system 00:01: [io  0x1180-0x11bf] has been reserved
[    0.925157] system 00:01: [io  0x0800-0x080f] has been reserved
[    0.925246] system 00:01: [io  0x15e0-0x15ef] has been reserved
[    0.925339] system 00:01: [io  0x1600-0x165f] could not be reserved
[    0.925432] system 00:01: [mem 0xf0000000-0xf3ffffff] has been reserved
[    0.925526] system 00:01: [mem 0xfed1c000-0xfed1ffff] has been reserved
[    0.925620] system 00:01: [mem 0xfed14000-0xfed17fff] has been reserved
[    0.925714] system 00:01: [mem 0xfed18000-0xfed18fff] has been reserved
[    0.925808] system 00:01: [mem 0xfed19000-0xfed19fff] has been reserved
[    0.925934] system 00:01: Plug and Play ACPI device, IDs PNP0c02 (active)
[    0.926227] pnp 00:02: Plug and Play ACPI device, IDs PNP0b00 (active)
[    0.926353] pnp 00:03: Plug and Play ACPI device, IDs PNP0303 (active)
[    0.926479] pnp 00:04: Plug and Play ACPI device, IDs IBM3780 PNP0f13 (active)
[    0.927230] pnp 00:05: [dma 3]
[    0.927434] pnp 00:05: Plug and Play ACPI device, IDs IBM0071 PNP0511 (active)
[    0.927659] pnp 00:06: Plug and Play ACPI device, IDs ATM1200 PNP0c31 (active)
[    0.929984] pnp: PnP ACPI: found 7 devices
[    0.940688] thermal_sys: Registered thermal governor 'step_wise'
[    0.975297] clocksource: acpi_pm: mask: 0xffffff max_cycles: 0xffffff, max_idle_ns: 2085701024 ns
[    0.975513] pci 0000:00:1c.0: bridge window [mem 0x00100000-0x000fffff 64bit pref] to [bus 02] add_size 200000 add_align 100000
[    0.975680] pci 0000:00:1c.0: BAR 9: assigned [mem 0xc0000000-0xc01fffff 64bit pref]
[    0.975778] pci 0000:00:1c.0: PCI bridge to [bus 02]
[    0.975860] pci 0000:00:1c.0:   bridge window [io  0x2000-0x2fff]
[    0.975951] pci 0000:00:1c.0:   bridge window [mem 0xee000000-0xee0fffff]
[    0.976044] pci 0000:00:1c.0:   bridge window [mem 0xc0000000-0xc01fffff 64bit pref]
[    0.976144] pci 0000:00:1c.1: PCI bridge to [bus 03]
[    0.976226] pci 0000:00:1c.1:   bridge window [io  0x3000-0x4fff]
[    0.976316] pci 0000:00:1c.1:   bridge window [mem 0xec000000-0xedffffff]
[    0.976408] pci 0000:00:1c.1:   bridge window [mem 0xe4000000-0xe40fffff 64bit pref]
[    0.976508] pci 0000:00:1c.2: PCI bridge to [bus 04-0b]
[    0.976591] pci 0000:00:1c.2:   bridge window [io  0x5000-0x6fff]
[    0.976681] pci 0000:00:1c.2:   bridge window [mem 0xe8000000-0xe9ffffff]
[    0.976773] pci 0000:00:1c.2:   bridge window [mem 0xe4100000-0xe41fffff 64bit pref]
[    0.976874] pci 0000:00:1c.3: PCI bridge to [bus 0c-13]
[    0.976956] pci 0000:00:1c.3:   bridge window [io  0x7000-0x8fff]
[    0.977046] pci 0000:00:1c.3:   bridge window [mem 0xea000000-0xebffffff]
[    0.977139] pci 0000:00:1c.3:   bridge window [mem 0xe4200000-0xe42fffff 64bit pref]
[    0.977249] pci 0000:15:00.0: BAR 9: assigned [mem 0xe0000000-0xe3ffffff pref]
[    0.977346] pci 0000:15:00.0: BAR 10: assigned [mem 0xc4000000-0xc7ffffff]
[    0.977437] pci 0000:15:00.0: BAR 7: assigned [io  0x9000-0x90ff]
[    0.977523] pci 0000:15:00.0: BAR 8: assigned [io  0x9400-0x94ff]
[    0.977617] pci 0000:15:00.0: CardBus bridge to [bus 16-17]
[    0.977700] pci 0000:15:00.0:   bridge window [io  0x9000-0x90ff]
[    0.977788] pci 0000:15:00.0:   bridge window [io  0x9400-0x94ff]
[    0.977877] pci 0000:15:00.0:   bridge window [mem 0xe0000000-0xe3ffffff pref]
[    0.977971] pci 0000:15:00.0:   bridge window [mem 0xc4000000-0xc7ffffff]
[    0.978064] pci 0000:00:1e.0: PCI bridge to [bus 15-18]
[    0.978146] pci 0000:00:1e.0:   bridge window [io  0x9000-0xcfff]
[    0.978236] pci 0000:00:1e.0:   bridge window [mem 0xe4300000-0xe7ffffff]
[    0.978328] pci 0000:00:1e.0:   bridge window [mem 0xe0000000-0xe3ffffff 64bit pref]
[    0.978429] pci_bus 0000:00: resource 4 [io  0x0000-0x0cf7 window]
[    0.978515] pci_bus 0000:00: resource 5 [io  0x0d00-0xffff window]
[    0.978601] pci_bus 0000:00: resource 6 [mem 0x000a0000-0x000bffff window]
[    0.978691] pci_bus 0000:00: resource 7 [mem 0x000d0000-0x000d3fff window]
[    0.978780] pci_bus 0000:00: resource 8 [mem 0x000d4000-0x000d7fff window]
[    0.978870] pci_bus 0000:00: resource 9 [mem 0x000d8000-0x000dbfff window]
[    0.978960] pci_bus 0000:00: resource 10 [mem 0xc0000000-0xfebfffff window]
[    0.979050] pci_bus 0000:00: resource 11 [mem 0xfed40000-0xfed40fff window]
[    0.979158] pci_bus 0000:02: resource 0 [io  0x2000-0x2fff]
[    0.979241] pci_bus 0000:02: resource 1 [mem 0xee000000-0xee0fffff]
[    0.979327] pci_bus 0000:02: resource 2 [mem 0xc0000000-0xc01fffff 64bit pref]
[    0.979418] pci_bus 0000:03: resource 0 [io  0x3000-0x4fff]
[    0.979502] pci_bus 0000:03: resource 1 [mem 0xec000000-0xedffffff]
[    0.979588] pci_bus 0000:03: resource 2 [mem 0xe4000000-0xe40fffff 64bit pref]
[    0.979680] pci_bus 0000:04: resource 0 [io  0x5000-0x6fff]
[    0.979762] pci_bus 0000:04: resource 1 [mem 0xe8000000-0xe9ffffff]
[    0.979849] pci_bus 0000:04: resource 2 [mem 0xe4100000-0xe41fffff 64bit pref]
[    0.979940] pci_bus 0000:0c: resource 0 [io  0x7000-0x8fff]
[    0.980023] pci_bus 0000:0c: resource 1 [mem 0xea000000-0xebffffff]
[    0.980110] pci_bus 0000:0c: resource 2 [mem 0xe4200000-0xe42fffff 64bit pref]
[    0.980201] pci_bus 0000:15: resource 0 [io  0x9000-0xcfff]
[    0.980284] pci_bus 0000:15: resource 1 [mem 0xe4300000-0xe7ffffff]
[    0.980370] pci_bus 0000:15: resource 2 [mem 0xe0000000-0xe3ffffff 64bit pref]
[    0.980461] pci_bus 0000:15: resource 4 [io  0x0000-0x0cf7 window]
[    0.980548] pci_bus 0000:15: resource 5 [io  0x0d00-0xffff window]
[    0.980634] pci_bus 0000:15: resource 6 [mem 0x000a0000-0x000bffff window]
[    0.980723] pci_bus 0000:15: resource 7 [mem 0x000d0000-0x000d3fff window]
[    0.980812] pci_bus 0000:15: resource 8 [mem 0x000d4000-0x000d7fff window]
[    0.980902] pci_bus 0000:15: resource 9 [mem 0x000d8000-0x000dbfff window]
[    0.980991] pci_bus 0000:15: resource 10 [mem 0xc0000000-0xfebfffff window]
[    0.981081] pci_bus 0000:15: resource 11 [mem 0xfed40000-0xfed40fff window]
[    0.981171] pci_bus 0000:16: resource 0 [io  0x9000-0x90ff]
[    0.981254] pci_bus 0000:16: resource 1 [io  0x9400-0x94ff]
[    0.981336] pci_bus 0000:16: resource 2 [mem 0xe0000000-0xe3ffffff pref]
[    0.981425] pci_bus 0000:16: resource 3 [mem 0xc4000000-0xc7ffffff]
[    0.981962] NET: Registered protocol family 2
[    0.982542] tcp_listen_portaddr_hash hash table entries: 512 (order: 2, 20480 bytes, linear)
[    0.982693] TCP established hash table entries: 8192 (order: 3, 32768 bytes, linear)
[    0.982851] TCP bind hash table entries: 8192 (order: 6, 294912 bytes, linear)
[    0.983440] TCP: Hash tables configured (established 8192 bind 8192)
[    0.983836] UDP hash table entries: 512 (order: 3, 40960 bytes, linear)
[    0.983995] UDP-Lite hash table entries: 512 (order: 3, 40960 bytes, linear)
[    0.984288] NET: Registered protocol family 1
[    0.984980] RPC: Registered named UNIX socket transport module.
[    0.985068] RPC: Registered udp transport module.
[    0.985147] RPC: Registered tcp transport module.
[    0.985228] RPC: Registered tcp NFSv4.1 backchannel transport module.
[    0.989802] pci 0000:00:02.0: Video device with shadowed ROM at [mem 0x000c0000-0x000dffff]
[    0.993267] pci 0000:15:00.0: CLS mismatch (64 != 32), using 64 bytes
[    0.993474] PCI-DMA: Using software bounce buffering for IO (SWIOTLB)
[    0.993562] software IO TLB: mapped [mem 0x31d00000-0x35d00000] (64MB)
[    0.996166] Initialise system trusted keyrings
[    0.996564] workingset: timestamp_bits=30 max_order=20 bucket_order=0
[    0.997073] *** VALIDATE devpts ***
[    0.998161] *** VALIDATE coda ***
[    0.998723] Installing knfsd (copyright (C) 1996 okir@monad.swb.de).
[    0.999458] ntfs: driver 2.1.32 [Flags: R/W].
[    0.999769] *** VALIDATE autofs ***
[    0.999846] fuse: init (API version 7.31)
[    0.999933] *** VALIDATE fuse ***
[    1.000005] *** VALIDATE fuse ***
[    1.009736] Key type asymmetric registered
[    1.009820] Asymmetric key parser 'x509' registered
[    1.010025] bounce: pool size: 64 pages
[    1.010172] Block layer SCSI generic (bsg) driver version 0.4 loaded (major 249)
[    1.010274] io scheduler mq-deadline registered
[    1.010390] io scheduler bfq registered
[    1.013403] intel_idle: does not run on family 6 model 14
[    1.013842] ACPI: Deprecated procfs I/F for AC is loaded, please retry with CONFIG_ACPI_PROCFS_POWER cleared
[    1.014230] ACPI: AC Adapter [AC] (on-line)
[    1.014605] input: Lid Switch as /devices/LNXSYSTM:00/LNXSYBUS:00/PNP0C0D:00/input/input0
[    1.019180] ACPI: Lid Switch [LID]
[    1.019457] input: Sleep Button as /devices/LNXSYSTM:00/LNXSYBUS:00/PNP0C0E:00/input/input1
[    1.023137] ACPI: Sleep Button [SLPB]
[    1.023440] input: Power Button as /devices/LNXSYSTM:00/LNXPWRBN:00/input/input2
[    1.027362] ACPI: Power Button [PWRF]
[    1.028486] ACPI: Video Device [VID] (multi-head: yes  rom: no  post: no)
[    1.037120] acpi device:01: registered as cooling_device0
[    1.037592] input: Video Bus as /devices/LNXSYSTM:00/LNXSYBUS:00/PNP0A08:00/LNXVIDEO:00/input/input3
[    1.058754] thermal LNXTHERM:00: registered as thermal_zone0
[    1.058843] ACPI: Thermal Zone [THM0] (80 C)
[    1.062648] thermal LNXTHERM:01: registered as thermal_zone1
[    1.062736] ACPI: Thermal Zone [THM1] (80 C)
[    1.063567] Serial: 8250/16550 driver, 4 ports, IRQ sharing disabled
[    1.065421] serial8250: ttyS1 at I/O 0x2f8 (irq = 3, base_baud = 921600) is a NS16550A
[    1.068212] lp: driver loaded but no devices found
[    1.068686] Non-volatile memory driver v1.3
[    1.069688] intel_rng: FWH not detected
[    1.070001] Linux agpgart interface v0.103
[    1.071325] [drm] radeon kernel modesetting enabled.
[    1.074388] pci 0000:00:00.0: Intel 945GM Chipset
[    1.074681] pci 0000:00:00.0: detected gtt size: 262144K total, 262144K mappable
[    1.075574] pci 0000:00:00.0: detected 8192K stolen memory
[    1.076382] i915 0000:00:02.0: vgaarb: deactivate vga console
[    1.078078] Console: switching to colour dummy device 80x25
[    1.080484] [drm] Supports vblank timestamp caching Rev 2 (21.10.2013).
[    1.080523] [drm] Driver supports precise vblank timestamp query.
[    1.080573] resource sanity check: requesting [mem 0x000c0000-0x000dffff], which spans more than pnp 00:00 [mem 0x000c8000-0x000cbfff]
[    1.080736] caller pci_map_rom+0x6f/0x174 mapping multiple BARs
[    1.086294] i915 0000:00:02.0: vgaarb: changed VGA decodes: olddecodes=io+mem,decodes=io+mem:owns=io+mem
[    1.092012] random: fast init done
[    1.094823] battery: ACPI: Deprecated procfs I/F for battery is loaded, please retry with CONFIG_ACPI_PROCFS_POWER cleared
[    1.094906] battery: ACPI: Battery Slot [BAT0] (battery present)
[    1.109825] [drm] RC6 disabled, disabling runtime PM support
[    1.110150] [drm] Initialized overlay support.
[    1.111898] [drm] Initialized i915 1.6.0 20190708 for 0000:00:02.0 on minor 0
[    1.112905] usbcore: registered new interface driver udl
[    1.126196] loop: module loaded
[    1.128345] fbcon: i915drmfb (fb0) is primary device
[    1.153671] ahci 0000:00:1f.2: version 3.0
[    1.154415] ahci 0000:00:1f.2: AHCI 0001.0100 32 slots 4 ports 1.5 Gbps 0x1 impl SATA mode
[    1.154420] ahci 0000:00:1f.2: flags: 64bit ncq pm led clo pio slum part 
[    1.156767] scsi host0: ahci
[    1.157386] scsi host1: ahci
[    1.157911] scsi host2: ahci
[    1.158424] scsi host3: ahci
[    1.158727] ata1: SATA max UDMA/133 abar m1024@0xee444400 port 0xee444500 irq 16
[    1.158730] ata2: DUMMY
[    1.158732] ata3: DUMMY
[    1.158733] ata4: DUMMY
[    1.158906] ata_piix 0000:00:1f.1: version 2.13
[    1.161860] scsi host4: ata_piix
[    1.162316] scsi host5: ata_piix
[    1.162540] ata5: PATA max UDMA/100 cmd 0x1f0 ctl 0x3f6 bmdma 0x1810 irq 14
[    1.162542] ata6: PATA max UDMA/100 cmd 0x170 ctl 0x376 bmdma 0x1818 irq 15
[    1.163762] tun: Universal TUN/TAP device driver, 1.6
[    1.164276] e1000: Intel(R) PRO/1000 Network Driver - version 7.3.21-k8-NAPI
[    1.164277] e1000: Copyright (c) 1999-2006 Intel Corporation.
[    1.164345] e1000e: Intel(R) PRO/1000 Network Driver - 3.2.6-k
[    1.164346] e1000e: Copyright(c) 1999 - 2015 Intel Corporation.
[    1.164457] e1000e 0000:02:00.0: Disabling ASPM  L1
[    1.164461] e1000e 0000:02:00.0: can't disable ASPM; OS doesn't have ASPM control
[    1.164864] e1000e 0000:02:00.0: Interrupt Throttling Rate (ints/sec) set to dynamic conservative mode
[    1.170267] ata6: port disabled--ignoring
[    1.270476] e1000e 0000:02:00.0 eth0: (PCI Express:2.5GT/s:Width x1) 00:16:d3:25:19:04
[    1.270506] e1000e 0000:02:00.0 eth0: Intel(R) PRO/1000 Network Connection
[    1.270585] e1000e 0000:02:00.0 eth0: MAC: 2, PHY: 2, PBA No: 005302-003
[    1.270837] PPP generic driver version 2.4.2
[    1.271106] PPP BSD Compression module registered
[    1.271109] PPP Deflate Compression module registered
[    1.271111] SLIP: version 0.8.4-NET3.019-NEWTTY (dynamic channels, max=256).
[    1.271112] CSLIP: code copyright 1989 Regents of the University of California.
[    1.271196] iwl3945: Intel(R) PRO/Wireless 3945ABG/BG Network Connection driver for Linux, in-tree:ds
[    1.271197] iwl3945: Copyright(c) 2003-2011 Intel Corporation
[    1.271199] iwl3945: hw_scan is disabled
[    1.271396] iwl3945 0000:03:00.0: can't disable ASPM; OS doesn't have ASPM control
[    1.325916] iwl3945 0000:03:00.0: Tunable channels: 11 802.11bg, 13 802.11a channels
[    1.325920] iwl3945 0000:03:00.0: Detected Intel Wireless WiFi Link 3945ABG
[    1.331118] ieee80211 phy0: Selected rate control algorithm 'iwl-3945-rs'
[    1.332483] Intel(R) Wireless WiFi driver for Linux
[    1.332484] Copyright(c) 2003- 2015 Intel Corporation
[    1.332828] usbcore: registered new interface driver ax88179_178a
[    1.332946] usbcore: registered new interface driver cdc_ether
[    1.333050] usbcore: registered new interface driver net1080
[    1.333156] usbcore: registered new interface driver cdc_subset
[    1.333259] usbcore: registered new interface driver zaurus
[    1.333382] usbcore: registered new interface driver cdc_ncm
[    1.333463] pci 0000:00:1e.0: enabling device (0005 -> 0007)
[    1.333723] yenta_cardbus 0000:15:00.0: CardBus bridge found [17aa:201c]
[    1.475184] ata1: SATA link up 1.5 Gbps (SStatus 113 SControl 300)
[    1.530349] ata1.00: ACPI cmd ef/02:00:00:00:00:a0 (SET FEATURES) succeeded
[    1.530354] ata1.00: ACPI cmd f5/00:00:00:00:00:a0 (SECURITY FREEZE LOCK) filtered out
[    1.530357] ata1.00: ACPI cmd ef/10:03:00:00:00:a0 (SET FEATURES) filtered out
[    1.574433] ata1.00: ATA-9: ST1000LM014-1EJ164, SM11, max UDMA/133
[    1.574437] ata1.00: 1953525168 sectors, multi 16: LBA48 NCQ (depth 32), AA
[    1.619040] ata1.00: ACPI cmd ef/02:00:00:00:00:a0 (SET FEATURES) succeeded
[    1.619044] ata1.00: ACPI cmd f5/00:00:00:00:00:a0 (SECURITY FREEZE LOCK) filtered out
[    1.619048] ata1.00: ACPI cmd ef/10:03:00:00:00:a0 (SET FEATURES) filtered out
[    1.663156] ata1.00: configured for UDMA/133
[    1.823451] Console: switching to colour frame buffer device 102x42
[    1.960052] i915 0000:00:02.0: fb0: i915drmfb frame buffer device
[    1.963634] scsi 0:0:0:0: Direct-Access     ATA      ST1000LM014-1EJ1 SM11 PQ: 0 ANSI: 5
[    1.967569] sd 0:0:0:0: [sda] 1953525168 512-byte logical blocks: (1.00 TB/932 GiB)
[    1.967734] sd 0:0:0:0: Attached scsi generic sg0 type 0
[    1.970403] sd 0:0:0:0: [sda] 4096-byte physical blocks
[    1.970507] sd 0:0:0:0: [sda] Write Protect is off
[    1.978701] sd 0:0:0:0: [sda] Mode Sense: 00 3a 00 00
[    1.978778] sd 0:0:0:0: [sda] Write cache: enabled, read cache: enabled, doesn't support DPO or FUA
[    1.994385]  sda: sda1 sda2 sda3 sda4
[    1.999503] sd 0:0:0:0: [sda] Attached SCSI disk
[    2.139981] yenta_cardbus 0000:15:00.0: ISA IRQ mask 0x0cb8, PCI irq 16
[    2.142806] yenta_cardbus 0000:15:00.0: Socket status: 30000006
[    2.145633] yenta_cardbus 0000:15:00.0: pcmcia: parent PCI bridge window: [io  0x9000-0xcfff]
[    2.148438] yenta_cardbus 0000:15:00.0: pcmcia: parent PCI bridge window: [mem 0xe4300000-0xe7ffffff]
[    2.151175] pcmcia_socket pcmcia_socket0: cs: memory probe 0xe4300000-0xe7ffffff:
[    2.153927]  excluding 0xe4300000-0xe46cffff
[    2.156705] yenta_cardbus 0000:15:00.0: pcmcia: parent PCI bridge window: [mem 0xe0000000-0xe3ffffff 64bit pref]
[    2.156709] pcmcia_socket pcmcia_socket0: cs: memory probe 0xe0000000-0xe3ffffff:
[    2.156762]  excluding 0xe0000000-0xe3ffffff
[    2.166310] ehci_hcd: USB 2.0 'Enhanced' Host Controller (EHCI) Driver
[    2.169239] ehci-pci: EHCI PCI platform driver
[    2.172622] ehci-pci 0000:00:1d.7: EHCI Host Controller
[    2.175856] ehci-pci 0000:00:1d.7: new USB bus registered, assigned bus number 1
[    2.178921] ehci-pci 0000:00:1d.7: debug port 1
[    2.185960] ehci-pci 0000:00:1d.7: cache line size of 64 is not supported
[    2.189140] ehci-pci 0000:00:1d.7: irq 19, io mem 0xee444000
[    2.207145] ehci-pci 0000:00:1d.7: USB 2.0 started, EHCI 1.00
[    2.210609] usb usb1: New USB device found, idVendor=1d6b, idProduct=0002, bcdDevice= 5.03
[    2.213850] usb usb1: New USB device strings: Mfr=3, Product=2, SerialNumber=1
[    2.217049] usb usb1: Product: EHCI Host Controller
[    2.220181] usb usb1: Manufacturer: Linux 5.3.0-rc2-next-20190729+ ehci_hcd
[    2.223376] usb usb1: SerialNumber: 0000:00:1d.7
[    2.227191] hub 1-0:1.0: USB hub found
[    2.230321] hub 1-0:1.0: 8 ports detected
[    2.235135] ohci_hcd: USB 1.1 'Open' Host Controller (OHCI) Driver
[    2.238169] ohci-pci: OHCI PCI platform driver
[    2.241222] uhci_hcd: USB Universal Host Controller Interface driver
[    2.245089] uhci_hcd 0000:00:1d.0: UHCI Host Controller
[    2.248383] uhci_hcd 0000:00:1d.0: new USB bus registered, assigned bus number 2
[    2.251439] uhci_hcd 0000:00:1d.0: detected 2 ports
[    2.254399] uhci_hcd 0000:00:1d.0: irq 16, io base 0x00001820
[    2.257579] usb usb2: New USB device found, idVendor=1d6b, idProduct=0001, bcdDevice= 5.03
[    2.260636] usb usb2: New USB device strings: Mfr=3, Product=2, SerialNumber=1
[    2.263707] usb usb2: Product: UHCI Host Controller
[    2.266686] usb usb2: Manufacturer: Linux 5.3.0-rc2-next-20190729+ uhci_hcd
[    2.269677] usb usb2: SerialNumber: 0000:00:1d.0
[    2.273197] hub 2-0:1.0: USB hub found
[    2.276175] hub 2-0:1.0: 2 ports detected
[    2.280024] uhci_hcd 0000:00:1d.1: UHCI Host Controller
[    2.283158] uhci_hcd 0000:00:1d.1: new USB bus registered, assigned bus number 3
[    2.286106] uhci_hcd 0000:00:1d.1: detected 2 ports
[    2.288990] uhci_hcd 0000:00:1d.1: irq 17, io base 0x00001840
[    2.292027] usb usb3: New USB device found, idVendor=1d6b, idProduct=0001, bcdDevice= 5.03
[    2.294847] usb usb3: New USB device strings: Mfr=3, Product=2, SerialNumber=1
[    2.297599] usb usb3: Product: UHCI Host Controller
[    2.300273] usb usb3: Manufacturer: Linux 5.3.0-rc2-next-20190729+ uhci_hcd
[    2.302964] usb usb3: SerialNumber: 0000:00:1d.1
[    2.306204] hub 3-0:1.0: USB hub found
[    2.309212] hub 3-0:1.0: 2 ports detected
[    2.312865] uhci_hcd 0000:00:1d.2: UHCI Host Controller
[    2.315726] uhci_hcd 0000:00:1d.2: new USB bus registered, assigned bus number 4
[    2.318381] uhci_hcd 0000:00:1d.2: detected 2 ports
[    2.321069] uhci_hcd 0000:00:1d.2: irq 18, io base 0x00001860
[    2.323934] usb usb4: New USB device found, idVendor=1d6b, idProduct=0001, bcdDevice= 5.03
[    2.326607] usb usb4: New USB device strings: Mfr=3, Product=2, SerialNumber=1
[    2.329283] usb usb4: Product: UHCI Host Controller
[    2.331901] usb usb4: Manufacturer: Linux 5.3.0-rc2-next-20190729+ uhci_hcd
[    2.334545] usb usb4: SerialNumber: 0000:00:1d.2
[    2.337745] hub 4-0:1.0: USB hub found
[    2.340542] hub 4-0:1.0: 2 ports detected
[    2.344163] uhci_hcd 0000:00:1d.3: UHCI Host Controller
[    2.346993] uhci_hcd 0000:00:1d.3: new USB bus registered, assigned bus number 5
[    2.349665] uhci_hcd 0000:00:1d.3: detected 2 ports
[    2.352298] uhci_hcd 0000:00:1d.3: irq 19, io base 0x00001880
[    2.355096] usb usb5: New USB device found, idVendor=1d6b, idProduct=0001, bcdDevice= 5.03
[    2.357750] usb usb5: New USB device strings: Mfr=3, Product=2, SerialNumber=1
[    2.360398] usb usb5: Product: UHCI Host Controller
[    2.363008] usb usb5: Manufacturer: Linux 5.3.0-rc2-next-20190729+ uhci_hcd
[    2.365659] usb usb5: SerialNumber: 0000:00:1d.3
[    2.368831] hub 5-0:1.0: USB hub found
[    2.371445] hub 5-0:1.0: 2 ports detected
[    2.374726] usbcore: registered new interface driver cdc_acm
[    2.377245] cdc_acm: USB Abstract Control Model driver for USB modems and ISDN adapters
[    2.379922] usbcore: registered new interface driver usblp
[    2.382629] usbcore: registered new interface driver usb-storage
[    2.385287] usbcore: registered new interface driver ums-sddr09
[    2.387996] usbcore: registered new interface driver usbserial_generic
[    2.390570] usbserial: USB Serial support registered for generic
[    2.393190] usbcore: registered new interface driver ch341
[    2.395734] usbserial: USB Serial support registered for ch341-uart
[    2.398293] usbcore: registered new interface driver ftdi_sio
[    2.400842] usbserial: USB Serial support registered for FTDI USB Serial Device
[    2.403501] usbcore: registered new interface driver option
[    2.406057] usbserial: USB Serial support registered for GSM modem (1-port)
[    2.408795] usbcore: registered new interface driver pl2303
[    2.411530] usbserial: USB Serial support registered for pl2303
[    2.414223] usbcore: registered new interface driver ti_usb_3410_5052
[    2.416936] usbserial: USB Serial support registered for TI USB 3410 1 port adapter
[    2.419721] usbserial: USB Serial support registered for TI USB 5052 2 port adapter
[    2.422415] ftdi_elan: driver ftdi-elan
[    2.425075] usbcore: registered new interface driver ftdi-elan
[    2.427884] i8042: PNP: PS/2 Controller [PNP0303:KBD,PNP0f13:MOU] at 0x60,0x64 irq 1,12
[    2.440805] serio: i8042 KBD port at 0x60,0x64 irq 1
[    2.443751] serio: i8042 AUX port at 0x60,0x64 irq 12
[    2.446960] mousedev: PS/2 mouse device common for all mice
[    2.450656] input: PC Speaker as /devices/platform/pcspkr/input/input4
[    2.453959] rtc_cmos 00:02: RTC can wake from S4
[    2.457099] rtc_cmos 00:02: registered as rtc0
[    2.459942] rtc_cmos 00:02: alarms up to one month, y3k, 114 bytes nvram, hpet irqs
[    2.462846] usbcore: registered new interface driver uvcvideo
[    2.465681] USB Video Class driver (1.1.1)
[    2.468401] gspca_main: v2.14.0 registered
[    2.471193] usbcore: registered new interface driver sq930x
[    2.474065] input: AT Translated Set 2 keyboard as /devices/platform/i8042/serio0/input/input5
[    2.482445] device-mapper: ioctl: 4.40.0-ioctl (2019-01-18) initialised: dm-devel@redhat.com
[    2.485278] Bluetooth: HCI UART driver ver 2.3
[    2.488101] Bluetooth: HCI UART protocol H4 registered
[    2.491194] Bluetooth: HCI UART protocol BCSP registered
[    2.494084] usbcore: registered new interface driver btusb
[    2.496868] intel_pstate: CPU model not supported
[    2.499723] sdhci: Secure Digital Host Controller Interface driver
[    2.502492] sdhci: Copyright(c) Pierre Ossman
[    2.505355] sdhci-pci 0000:15:00.2: SDHCI controller found [1180:0822] (rev 18)
[    2.508977] sdhci-pci 0000:15:00.2: Will use DMA mode even though HW doesn't fully claim to support it.
[    2.512772] mmc0 bounce up to 128 segments into one, max segment size 65536 bytes
[    2.516235] sdhci-pci 0000:15:00.2: Will use DMA mode even though HW doesn't fully claim to support it.
[    2.520151] mmc0: SDHCI controller on PCI [0000:15:00.2] using DMA
[    2.524205] hidraw: raw HID events driver (C) Jiri Kosina
[    2.529002] usbcore: registered new interface driver usbhid
[    2.532270] usbhid: USB HID core driver
[    2.536368] thinkpad_acpi: ThinkPad ACPI Extras v0.26
[    2.539709] thinkpad_acpi: http://ibm-acpi.sf.net/
[    2.542638] thinkpad_acpi: ThinkPad BIOS 7BETD8WW (2.19 ), EC 7BHT40WW-1.13
[    2.545832] thinkpad_acpi: Lenovo ThinkPad X60, model 17097HU
[    2.555303] thinkpad_acpi: ACPI backlight control delay disabled
[    2.558980] thinkpad_acpi: radio switch found; radios are enabled
[    2.562349] thinkpad_acpi: This ThinkPad has standard ACPI backlight brightness control, supported by the ACPI video driver
[    2.568513] thinkpad_acpi: Disabling thinkpad-acpi brightness events by default...
[    2.576311] sdhci-pci 0000:15:00.2: Will use DMA mode even though HW doesn't fully claim to support it.
[    2.583447] thinkpad_acpi: rfkill switch tpacpi_bluetooth_sw: radio is unblocked
[    2.589482] thinkpad_acpi: warning: userspace override of important firmware LEDs is enabled
[    2.598020] thinkpad_acpi: Standard ACPI backlight interface available, not loading native one
[    2.601378] thinkpad_acpi: volume: disabled as there is no ALSA support in this kernel
[    2.605776] thinkpad_acpi: battery 1 registered (start 0, stop 0)
[    2.605789] battery: new extension: ThinkPad Battery Extension
[    2.612723] input: ThinkPad Extra Buttons as /devices/platform/thinkpad_acpi/input/input8
[    2.619716] snd_hda_intel 0000:00:1b.0: probe_mask set to 0x1 for device 17aa:2010
[    2.624634] usbcore: registered new interface driver snd-usb-audio
[    2.630457] NET: Registered protocol family 17
[    2.634884] Bluetooth: RFCOMM TTY layer initialized
[    2.638435] Bluetooth: RFCOMM socket layer initialized
[    2.638995] snd_hda_codec_analog hdaudioC0D0: autoconfig for AD1981: line_outs=1 (0x5/0x0/0x0/0x0/0x0) type:speaker
[    2.641725] sdhci-pci 0000:15:00.2: Will use DMA mode even though HW doesn't fully claim to support it.
[    2.648792] snd_hda_codec_analog hdaudioC0D0:    speaker_outs=0 (0x0/0x0/0x0/0x0/0x0)
[    2.652756] Bluetooth: RFCOMM ver 1.11
[    2.655942] snd_hda_codec_analog hdaudioC0D0:    hp_outs=0 (0x0/0x0/0x0/0x0/0x0)
[    2.655945] snd_hda_codec_analog hdaudioC0D0:    mono: mono_out=0x0
[    2.655948] snd_hda_codec_analog hdaudioC0D0:    inputs:
[    2.659582] Bluetooth: BNEP (Ethernet Emulation) ver 1.3
[    2.663299] snd_hda_codec_analog hdaudioC0D0:      Mic=0x8
[    2.666933] Bluetooth: BNEP filters: protocol multicast
[    2.670489] snd_hda_codec_analog hdaudioC0D0:      CD=0x19
[    2.674074] Bluetooth: BNEP socket layer initialized
[    2.687729] Bluetooth: HIDP (Human Interface Emulation) ver 1.2
[    2.691400] Bluetooth: HIDP socket layer initialized
[    2.695132] microcode: sig=0x6e8, pf=0x20, revision=0x39
[    2.699147] microcode: Microcode Update Driver: v2.2.
[    2.699153] IPI shorthand broadcast: enabled
[    2.706704] Loading compiled-in X.509 certificates
[    2.710203] *** VALIDATE pstore ***
[    2.714669] Key type encrypted registered
[    2.718763] rtc_cmos 00:02: setting system clock to 2019-07-29T12:45:15 UTC (1564404315)
[    2.726245] cfg80211: Loading compiled-in X.509 certificates for regulatory database
[    2.732292] cfg80211: Problem loading in-kernel X.509 certificate (-13)
[    2.735790] platform regulatory.0: Direct firmware load for regulatory.db failed with error -2
[    2.739165] cfg80211: failed to load regulatory.db
[    2.748488] PM: Image not found (code -22)
[    2.748523] ALSA device list:
[    2.753003]   #0: HDA Intel at 0xee240000 irq 17
[    2.759604] sdhci-pci 0000:15:00.2: Will use DMA mode even though HW doesn't fully claim to support it.
[    2.819744] sdhci-pci 0000:15:00.2: Will use DMA mode even though HW doesn't fully claim to support it.
[    2.855144] usb 5-1: new full-speed USB device number 2 using uhci_hcd
[    3.049230] usb 5-1: New USB device found, idVendor=0a5c, idProduct=2110, bcdDevice= 1.00
[    3.054801] usb 5-1: New USB device strings: Mfr=1, Product=2, SerialNumber=0
[    3.060271] usb 5-1: Product: BCM2045B
[    3.065600] usb 5-1: Manufacturer: Broadcom Corp
[    3.143305] psmouse serio1: trackpoint: IBM TrackPoint firmware: 0x0e, buttons: 3/3
[    3.165577] input: TPPS/2 IBM TrackPoint as /devices/platform/i8042/serio1/input/input7
[    3.176124] md: Waiting for all devices to be available before autodetect
[    3.180166] md: If you don't use raid, use raid=noautodetect
[    3.185047] md: Autodetecting RAID arrays.
[    3.188900] md: autorun ...
[    3.192594] md: ... autorun DONE.
[    3.214038] EXT4-fs (sda4): mounted filesystem with ordered data mode. Opts: (null)
[    3.219342] VFS: Mounted root (ext4 filesystem) readonly on device 8:4.
[    3.228063] devtmpfs: mounted
[    3.232744] Freeing unused kernel image memory: 644K
[    3.236872] Write protecting kernel text and read-only data: 17668k
[    3.240757] NX-protecting the kernel data: 7792k
[    3.245509] x86/mm: Checked W+X mappings: passed, no W+X pages found.
[    3.248458] rodata_test: all tests were successful
[    3.251466] x86/mm: Checking user space page tables
[    3.254453] x86/mm: Checked W+X mappings: passed, no W+X pages found.
[    3.257427] Run /sbin/init as init process
[    3.452762] random: systemd: uninitialized urandom read (16 bytes read)
[    3.458593] systemd[1]: systemd 215 running in system mode. (+PAM +AUDIT +SELINUX +IMA +SYSVINIT +LIBCRYPTSETUP +GCRYPT +ACL +XZ -SECCOMP -APPARMOR)
[    3.487387] systemd[1]: Detected architecture 'x86'.
[    3.555266] systemd[1]: Failed to insert module 'ipv6'
[    3.573647] systemd[1]: Set hostname to <amd>.
[    3.671492] random: systemd-sysv-ge: uninitialized urandom read (16 bytes read)
[    3.903587] random: systemd-sysv-ge: uninitialized urandom read (16 bytes read)
[    3.939142] usb 5-2: new full-speed USB device number 3 using uhci_hcd
[    4.146214] usb 5-2: New USB device found, idVendor=0483, idProduct=2016, bcdDevice= 0.01
[    4.150452] usb 5-2: New USB device strings: Mfr=1, Product=2, SerialNumber=0
[    4.155791] usb 5-2: Product: Biometric Coprocessor
[    4.161017] usb 5-2: Manufacturer: STMicroelectronics
[    4.470511] systemd[1]: Binding to IPv6 address not available since kernel does not support IPv6.
[    4.474566] systemd[1]: [/lib/systemd/system/gpsd.socket:6] Failed to parse address value, ignoring: [::1]:2947
[    4.485984] systemd[1]: Starting Forward Password Requests to Wall Directory Watch.
[    4.490747] systemd[1]: Started Forward Password Requests to Wall Directory Watch.
[    4.493836] systemd[1]: Starting Remote File Systems (Pre).
[    4.503216] systemd[1]: Reached target Remote File Systems (Pre).
[    5.006578] systemd-udevd[1950]: starting version 215
[    5.982354] EXT4-fs (sda4): re-mounted. Opts: errors=remount-ro
[    6.253679] e1000e 0000:02:00.0 eth1: renamed from eth0
[    6.303242] systemd-udevd[2455]: renamed network interface eth0 to eth1
[    6.305599] random: crng init done
[    6.308821] random: 7 urandom warning(s) missed due to ratelimiting
[    7.507274] Adding 2097148k swap on /dev/sda1.  Priority:-2 extents:1 across:2097148k 
[    7.808162] EXT4-fs (sda2): mounted filesystem with ordered data mode. Opts: errors=remount-ro
[    7.870595] systemd-journald[1562]: Received request to flush runtime journal from PID 1
[   16.547926] iwl3945 0000:03:00.0: loaded firmware version 15.32.2.9
[   31.184901] wlan0: authenticate with 5c:f4:ab:10:d2:bb
[   31.195764] wlan0: send auth to 5c:f4:ab:10:d2:bb (try 1/3)
[   31.197673] wlan0: authenticated
[   31.199264] wlan0: associate with 5c:f4:ab:10:d2:bb (try 1/3)
[   31.204855] wlan0: RX AssocResp from 5c:f4:ab:10:d2:bb (capab=0x411 status=0 aid=1)
[   31.206361] wlan0: associated
[ 1005.943561] perf: interrupt took too long (2506 > 2500), lowering kernel.perf_event_max_sample_rate to 79750
