[    0.000000] Linux version 4.19.50-cip3-rt1+ (pavel@duo) (gcc version 4.9.2 (Debian 4.9.2-10+deb8u2)) #2 SMP PREEMPT RT Fri Jun 21 16:30:50 CEST 2019
[    0.000000] Command line: BOOT_IMAGE=(hd1,2)/l/tmp/bzImage root=/dev/sdb4 resume=/dev/sda1
[    0.000000] Disabled fast string operations
[    0.000000] x86/fpu: Supporting XSAVE feature 0x001: 'x87 floating point registers'
[    0.000000] x86/fpu: Supporting XSAVE feature 0x002: 'SSE registers'
[    0.000000] x86/fpu: Supporting XSAVE feature 0x004: 'AVX registers'
[    0.000000] x86/fpu: xstate_offset[2]:  576, xstate_sizes[2]:  256
[    0.000000] x86/fpu: Enabled xstate features 0x7, context size is 832 bytes, using 'standard' format.
[    0.000000] BIOS-provided physical RAM map:
[    0.000000] BIOS-e820: [mem 0x0000000000000000-0x000000000009d7ff] usable
[    0.000000] BIOS-e820: [mem 0x000000000009d800-0x000000000009ffff] reserved
[    0.000000] BIOS-e820: [mem 0x00000000000e0000-0x00000000000fffff] reserved
[    0.000000] BIOS-e820: [mem 0x0000000000100000-0x000000001fffffff] usable
[    0.000000] BIOS-e820: [mem 0x0000000020000000-0x00000000201fffff] reserved
[    0.000000] BIOS-e820: [mem 0x0000000020200000-0x000000003fffffff] usable
[    0.000000] BIOS-e820: [mem 0x0000000040000000-0x00000000401fffff] reserved
[    0.000000] BIOS-e820: [mem 0x0000000040200000-0x00000000da99efff] usable
[    0.000000] BIOS-e820: [mem 0x00000000da99f000-0x00000000dae9efff] reserved
[    0.000000] BIOS-e820: [mem 0x00000000dae9f000-0x00000000daf9efff] ACPI NVS
[    0.000000] BIOS-e820: [mem 0x00000000daf9f000-0x00000000daffefff] ACPI data
[    0.000000] BIOS-e820: [mem 0x00000000dafff000-0x00000000daffffff] usable
[    0.000000] BIOS-e820: [mem 0x00000000db000000-0x00000000df9fffff] reserved
[    0.000000] BIOS-e820: [mem 0x00000000f8000000-0x00000000fbffffff] reserved
[    0.000000] BIOS-e820: [mem 0x00000000fec00000-0x00000000fec00fff] reserved
[    0.000000] BIOS-e820: [mem 0x00000000fed08000-0x00000000fed08fff] reserved
[    0.000000] BIOS-e820: [mem 0x00000000fed10000-0x00000000fed19fff] reserved
[    0.000000] BIOS-e820: [mem 0x00000000fed1c000-0x00000000fed1ffff] reserved
[    0.000000] BIOS-e820: [mem 0x00000000fee00000-0x00000000fee00fff] reserved
[    0.000000] BIOS-e820: [mem 0x00000000ffd20000-0x00000000ffffffff] reserved
[    0.000000] BIOS-e820: [mem 0x0000000100000000-0x000000019e5fffff] usable
[    0.000000] BIOS-e820: [mem 0x000000019e600000-0x000000019e7fffff] reserved
[    0.000000] NX (Execute Disable) protection: active
[    0.000000] SMBIOS 2.6 present.
[    0.000000] DMI: LENOVO 42872WU/42872WU, BIOS 8DET74WW (1.44 ) 03/13/2018
[    0.000000] tsc: Fast TSC calibration using PIT
[    0.000000] tsc: Detected 2491.894 MHz processor
[    0.006304] e820: update [mem 0x00000000-0x00000fff] usable ==> reserved
[    0.006310] e820: remove [mem 0x000a0000-0x000fffff] usable
[    0.006334] last_pfn = 0x19e600 max_arch_pfn = 0x400000000
[    0.006345] MTRR default type: uncachable
[    0.006347] MTRR fixed ranges enabled:
[    0.006351]   00000-9FFFF write-back
[    0.006353]   A0000-BFFFF uncachable
[    0.006355]   C0000-FFFFF write-protect
[    0.006357] MTRR variable ranges enabled:
[    0.006361]   0 base 0FFC00000 mask FFFC00000 write-protect
[    0.006365]   1 base 000000000 mask F80000000 write-back
[    0.006367]   2 base 080000000 mask FC0000000 write-back
[    0.006370]   3 base 0C0000000 mask FE0000000 write-back
[    0.006372]   4 base 0DC000000 mask FFC000000 uncachable
[    0.006374]   5 base 0DB000000 mask FFF000000 uncachable
[    0.006377]   6 base 100000000 mask F80000000 write-back
[    0.006379]   7 base 180000000 mask FE0000000 write-back
[    0.006381]   8 base 19F000000 mask FFF000000 uncachable
[    0.006383]   9 base 19E800000 mask FFF800000 uncachable
[    0.008413] x86/PAT: Configuration [0-7]: WB  WC  UC- UC  WB  WP  UC- WT  
[    0.008644] last_pfn = 0xdb000 max_arch_pfn = 0x400000000
[    0.008695] reserving inaccessible SNB gfx pages
[    0.008708] BRK [0x06601000, 0x06601fff] PGTABLE
[    0.008713] BRK [0x06602000, 0x06602fff] PGTABLE
[    0.008716] BRK [0x06603000, 0x06603fff] PGTABLE
[    0.008940] BRK [0x06604000, 0x06604fff] PGTABLE
[    0.009755] BRK [0x06605000, 0x06605fff] PGTABLE
[    0.011567] BRK [0x06606000, 0x06606fff] PGTABLE
[    0.015572] ACPI: Early table checksum verification disabled
[    0.015719] ACPI: RSDP 0x00000000000F00E0 000024 (v02 LENOVO)
[    0.015729] ACPI: XSDT 0x00000000DAFFE120 0000AC (v01 LENOVO TP-8D    00001440 PTEC 00000002)
[    0.015744] ACPI: FACP 0x00000000DAFE7000 0000F4 (v04 LENOVO TP-8D    00001440 PTL  00000002)
[    0.015760] ACPI: DSDT 0x00000000DAFEA000 00FA89 (v01 LENOVO TP-8D    00001440 INTL 20061109)
[    0.015770] ACPI: FACS 0x00000000DAF2D000 000040
[    0.015777] ACPI: FACS 0x00000000DAF2D000 000040
[    0.015784] ACPI: SLIC 0x00000000DAFFD000 000176 (v01 LENOVO TP-8D    00001440 PTEC 00000001)
[    0.015793] ACPI: SSDT 0x00000000DAFFC000 000249 (v01 LENOVO TP-SSDT2 00000200 INTL 20061109)
[    0.015802] ACPI: SSDT 0x00000000DAFFB000 000033 (v01 LENOVO TP-SSDT1 00000100 INTL 20061109)
[    0.015811] ACPI: SSDT 0x00000000DAFFA000 0007D1 (v01 LENOVO SataAhci 00001000 INTL 20061109)
[    0.015820] ACPI: HPET 0x00000000DAFE6000 000038 (v01 LENOVO TP-8D    00001440 PTL  00000002)
[    0.015828] ACPI: APIC 0x00000000DAFE5000 000098 (v01 LENOVO TP-8D    00001440 PTL  00000002)
[    0.015837] ACPI: MCFG 0x00000000DAFE4000 00003C (v01 LENOVO TP-8D    00001440 PTL  00000002)
[    0.015846] ACPI: ECDT 0x00000000DAFE3000 000052 (v01 LENOVO TP-8D    00001440 PTL  00000002)
[    0.015854] ACPI: ASF! 0x00000000DAFE9000 0000A5 (v32 LENOVO TP-8D    00001440 PTL  00000002)
[    0.015863] ACPI: TCPA 0x00000000DAFE2000 000032 (v02 PTL    LENOVO   06040000 LNVO 00000001)
[    0.015873] ACPI: SSDT 0x00000000DAFE1000 000A27 (v01 PmRef  Cpu0Ist  00003000 INTL 20061109)
[    0.015882] ACPI: SSDT 0x00000000DAFE0000 000996 (v01 PmRef  CpuPm    00003000 INTL 20061109)
[    0.015891] ACPI: DMAR 0x00000000DAFDF000 0000E8 (v01 INTEL  SNB      00000001 INTL 00000001)
[    0.015900] ACPI: UEFI 0x00000000DAFDE000 00003E (v01 LENOVO TP-8D    00001440 PTL  00000002)
[    0.015909] ACPI: UEFI 0x00000000DAFDD000 000042 (v01 PTL    COMBUF   00000001 PTL  00000001)
[    0.015918] ACPI: UEFI 0x00000000DAFDC000 000292 (v01 LENOVO TP-8D    00001440 PTL  00000002)
[    0.015938] ACPI: Local APIC address 0xfee00000
[    0.016109] Zone ranges:
[    0.016111]   DMA      [mem 0x0000000000001000-0x0000000000ffffff]
[    0.016115]   DMA32    [mem 0x0000000001000000-0x00000000ffffffff]
[    0.016118]   Normal   [mem 0x0000000100000000-0x000000019e5fffff]
[    0.016121] Movable zone start for each node
[    0.016123] Early memory node ranges
[    0.016125]   node   0: [mem 0x0000000000001000-0x000000000009cfff]
[    0.016128]   node   0: [mem 0x0000000000100000-0x000000001fffffff]
[    0.016130]   node   0: [mem 0x0000000020200000-0x000000003fffffff]
[    0.016131]   node   0: [mem 0x0000000040200000-0x00000000da99efff]
[    0.016133]   node   0: [mem 0x00000000dafff000-0x00000000daffffff]
[    0.016135]   node   0: [mem 0x0000000100000000-0x000000019e5fffff]
[    0.016145] Reserved but unavailable: 105 pages
[    0.016149] Initmem setup node 0 [mem 0x0000000000001000-0x000000019e5fffff]
[    0.016153] On node 0 totalpages: 1542972
[    0.016157]   DMA zone: 64 pages used for memmap
[    0.016159]   DMA zone: 156 pages reserved
[    0.016161]   DMA zone: 3996 pages, LIFO batch:0
[    0.016413]   DMA32 zone: 13911 pages used for memmap
[    0.016415]   DMA32 zone: 890272 pages, LIFO batch:63
[    0.073129]   Normal zone: 10136 pages used for memmap
[    0.073134]   Normal zone: 648704 pages, LIFO batch:63
[    0.112458] Reserving Intel graphics memory at [mem 0xdba00000-0xdf9fffff]
[    0.112819] ACPI: PM-Timer IO Port: 0x408
[    0.112825] ACPI: Local APIC address 0xfee00000
[    0.112843] ACPI: LAPIC_NMI (acpi_id[0x00] high edge lint[0x1])
[    0.112845] ACPI: LAPIC_NMI (acpi_id[0x01] high edge lint[0x1])
[    0.112881] IOAPIC[0]: apic_id 2, version 32, address 0xfec00000, GSI 0-23
[    0.112887] ACPI: INT_SRC_OVR (bus 0 bus_irq 0 global_irq 2 dfl dfl)
[    0.112890] ACPI: INT_SRC_OVR (bus 0 bus_irq 9 global_irq 9 high level)
[    0.112894] ACPI: IRQ0 used by override.
[    0.112899] ACPI: IRQ9 used by override.
[    0.112907] Using ACPI (MADT) for SMP configuration information
[    0.112911] ACPI: HPET id: 0x8086a301 base: 0xfed00000
[    0.112921] smpboot: Allowing 8 CPUs, 4 hotplug CPUs
[    0.113067] PM: Registered nosave memory: [mem 0x00000000-0x00000fff]
[    0.113071] PM: Registered nosave memory: [mem 0x0009d000-0x0009dfff]
[    0.113073] PM: Registered nosave memory: [mem 0x0009e000-0x0009ffff]
[    0.113075] PM: Registered nosave memory: [mem 0x000a0000-0x000dffff]
[    0.113076] PM: Registered nosave memory: [mem 0x000e0000-0x000fffff]
[    0.113081] PM: Registered nosave memory: [mem 0x20000000-0x201fffff]
[    0.113085] PM: Registered nosave memory: [mem 0x40000000-0x401fffff]
[    0.113090] PM: Registered nosave memory: [mem 0xda99f000-0xdae9efff]
[    0.113092] PM: Registered nosave memory: [mem 0xdae9f000-0xdaf9efff]
[    0.113093] PM: Registered nosave memory: [mem 0xdaf9f000-0xdaffefff]
[    0.113098] PM: Registered nosave memory: [mem 0xdb000000-0xdf9fffff]
[    0.113099] PM: Registered nosave memory: [mem 0xdfa00000-0xf7ffffff]
[    0.113101] PM: Registered nosave memory: [mem 0xf8000000-0xfbffffff]
[    0.113102] PM: Registered nosave memory: [mem 0xfc000000-0xfebfffff]
[    0.113104] PM: Registered nosave memory: [mem 0xfec00000-0xfec00fff]
[    0.113106] PM: Registered nosave memory: [mem 0xfec01000-0xfed07fff]
[    0.113107] PM: Registered nosave memory: [mem 0xfed08000-0xfed08fff]
[    0.113109] PM: Registered nosave memory: [mem 0xfed09000-0xfed0ffff]
[    0.113110] PM: Registered nosave memory: [mem 0xfed10000-0xfed19fff]
[    0.113112] PM: Registered nosave memory: [mem 0xfed1a000-0xfed1bfff]
[    0.113114] PM: Registered nosave memory: [mem 0xfed1c000-0xfed1ffff]
[    0.113115] PM: Registered nosave memory: [mem 0xfed20000-0xfedfffff]
[    0.113117] PM: Registered nosave memory: [mem 0xfee00000-0xfee00fff]
[    0.113118] PM: Registered nosave memory: [mem 0xfee01000-0xffd1ffff]
[    0.113120] PM: Registered nosave memory: [mem 0xffd20000-0xffffffff]
[    0.113161] [mem 0xdfa00000-0xf7ffffff] available for PCI devices
[    0.113165] clocksource: refined-jiffies: mask: 0xffffffff max_cycles: 0xffffffff, max_idle_ns: 7645519600211568 ns
[    0.113209] setup_percpu: NR_CPUS:8 nr_cpumask_bits:8 nr_cpu_ids:8 nr_node_ids:1
[    0.118035] percpu: Embedded 46 pages/cpu s149200 r8192 d31024 u262144
[    0.118056] pcpu-alloc: s149200 r8192 d31024 u262144 alloc=1*2097152
[    0.118058] pcpu-alloc: [0] 0 1 2 3 4 5 6 7 
[    0.118169] Built 1 zonelists, mobility grouping on.  Total pages: 1518705
[    0.118185] Kernel command line: BOOT_IMAGE=(hd1,2)/l/tmp/bzImage root=/dev/sdb4 resume=/dev/sda1
[    0.213014] Dentry cache hash table entries: 1048576 (order: 14, 67108864 bytes)
[    0.320100] Inode-cache hash table entries: 524288 (order: 10, 4194304 bytes)
[    1.174922] Memory: 5896816K/6171888K available (16396K kernel code, 1420K rwdata, 5140K rodata, 1028K init, 11700K bss, 275072K reserved, 0K cma-reserved)
[    1.175136] random: get_random_u64 called from cache_random_seq_create+0x75/0x120 with crng_init=0
[    1.175499] SLUB: HWalign=64, Order=0-3, MinObjects=0, CPUs=8, Nodes=1
[    1.175562] Kernel/User page tables isolation: enabled
[    1.176513] rcu: Preemptible hierarchical RCU implementation.
[    1.176515] 	No expedited grace period (rcu_normal_after_boot).
[    1.176516] 	Tasks RCU enabled.
[    1.176643] NR_IRQS: 4352, nr_irqs: 104, preallocated irqs: 16
[    1.179997] Console: colour VGA+ 80x25
[    1.202773] console [tty0] enabled
[    1.202775] Lock dependency validator: Copyright (c) 2006 Red Hat, Inc., Ingo Molnar
[    1.202777] ... MAX_LOCKDEP_SUBCLASSES:  8
[    1.202778] ... MAX_LOCK_DEPTH:          48
[    1.202780] ... MAX_LOCKDEP_KEYS:        8191
[    1.202781] ... CLASSHASH_SIZE:          4096
[    1.202782] ... MAX_LOCKDEP_ENTRIES:     32768
[    1.202784] ... MAX_LOCKDEP_CHAINS:      65536
[    1.202785] ... CHAINHASH_SIZE:          32768
[    1.202786]  memory used by lock dependency info: 7359 kB
[    1.202788]  per task-struct memory footprint: 1920 bytes
[    1.203286] ACPI: Core revision 20180810
[    1.204630] clocksource: hpet: mask: 0xffffffff max_cycles: 0xffffffff, max_idle_ns: 133484882848 ns
[    1.204666] hpet clockevent registered
[    1.204683] APIC: Switch to symmetric I/O mode setup
[    1.205621] ..TIMER: vector=0x30 apic1=0 pin1=2 apic2=-1 pin2=-1
[    1.224681] clocksource: tsc-early: mask: 0xffffffffffffffff max_cycles: 0x23eb5056d12, max_idle_ns: 440795317440 ns
[    1.224700] Calibrating delay loop (skipped), value calculated using timer frequency.. 4983.78 BogoMIPS (lpj=9967576)
[    1.224707] pid_max: default: 32768 minimum: 301
[    1.225042] Mount-cache hash table entries: 16384 (order: 5, 131072 bytes)
[    1.225078] Mountpoint-cache hash table entries: 16384 (order: 5, 131072 bytes)
[    1.226448] Disabled fast string operations
[    1.226468] ENERGY_PERF_BIAS: Set to 'normal', was 'performance'
[    1.226469] ENERGY_PERF_BIAS: View and update with x86_energy_perf_policy(8)
[    1.226477] process: using mwait in idle threads
[    1.226484] Last level iTLB entries: 4KB 512, 2MB 8, 4MB 8
[    1.226487] Last level dTLB entries: 4KB 512, 2MB 32, 4MB 32, 1GB 0
[    1.226491] Spectre V2 : Mitigation: Full generic retpoline
[    1.226492] Spectre V2 : Spectre v2 / SpectreRSB mitigation: Filling RSB on context switch
[    1.226493] Spectre V2 : Enabling Restricted Speculation for firmware calls
[    1.226496] Spectre V2 : mitigation: Enabling conditional Indirect Branch Prediction Barrier
[    1.226498] Spectre V2 : User space: Mitigation: STIBP via prctl
[    1.226499] Speculative Store Bypass: Vulnerable
[    1.226502] MDS: Vulnerable: Clear CPU buffers attempted, no microcode
[    1.227165] Freeing SMP alternatives memory: 44K
[    1.229034] TSC deadline timer enabled
[    1.229041] smpboot: CPU0: Intel(R) Core(TM) i5-2520M CPU @ 2.50GHz (family: 0x6, model: 0x2a, stepping: 0x7)
[    1.256838] Performance Events: PEBS fmt1+, SandyBridge events, 16-deep LBR, full-width counters, Intel PMU driver.
[    1.257671] ... version:                3
[    1.257769] ... bit width:              48
[    1.257865] ... generic registers:      4
[    1.257962] ... value mask:             0000ffffffffffff
[    1.258068] ... max period:             00007fffffffffff
[    1.258175] ... fixed-purpose events:   3
[    1.258271] ... event mask:             000000070000000f
[    1.272742] rcu: Hierarchical SRCU implementation.
[    1.306452] NMI watchdog: Enabled. Permanently consumes one hw-PMU counter.
[    1.312781] smp: Bringing up secondary CPUs ...
[    1.368839] x86: Booting SMP configuration:
[    1.368952] .... node  #0, CPUs:      #1
[    0.031455] Disabled fast string operations
[    1.371975] MDS CPU bug present and SMT on, data leak possible. See https://www.kernel.org/doc/html/latest/admin-guide/hw-vuln/mds.html for more details.
[    1.428788]  #2
[    0.031455] Disabled fast string operations
[    1.484788]  #3
[    0.031455] Disabled fast string operations
[    1.487866] smp: Brought up 1 node, 4 CPUs
[    1.487866] smpboot: Max logical packages: 2
[    1.487866] smpboot: Total of 4 processors activated (19935.15 BogoMIPS)
[    1.494141] devtmpfs: initialized
[    1.498970] PM: Registering ACPI NVS region [mem 0xdae9f000-0xdaf9efff] (1048576 bytes)
[    1.500858] clocksource: jiffies: mask: 0xffffffff max_cycles: 0xffffffff, max_idle_ns: 7645041785100000 ns
[    1.500944] futex hash table entries: 2048 (order: 7, 524288 bytes)
[    1.503965] NET: Registered protocol family 16
[    1.509294] cpuidle: using governor ladder
[    1.509545] cpuidle: using governor menu
[    1.509545] ACPI FADT declares the system doesn't support PCIe ASPM, so disable it
[    1.509545] ACPI: bus type PCI registered
[    1.510792] PCI: MMCONFIG for domain 0000 [bus 00-3f] at [mem 0xf8000000-0xfbffffff] (base 0xf8000000)
[    1.512841] PCI: MMCONFIG at [mem 0xf8000000-0xfbffffff] reserved in E820
[    1.512935] PCI: Using configuration type 1 for base access
[    1.513181] core: PMU erratum BJ122, BV98, HSD29 worked around, HT is on
[    1.674100] ACPI: Added _OSI(Module Device)
[    1.674210] ACPI: Added _OSI(Processor Device)
[    1.674312] ACPI: Added _OSI(3.0 _SCP Extensions)
[    1.674416] ACPI: Added _OSI(Processor Aggregator Device)
[    1.674526] ACPI: Added _OSI(Linux-Dell-Video)
[    1.674628] ACPI: Added _OSI(Linux-Lenovo-NV-HDMI-Audio)
[    1.674770] ACPI: EC: EC started
[    1.674866] ACPI: EC: interrupt blocked
[    1.675057] ACPI: \: Used as first EC
[    1.675158] ACPI: \: GPE=0x11, EC_CMD/EC_SC=0x66, EC_DATA=0x62
[    1.675272] ACPI: \: Used as boot ECDT EC to handle transactions
[    1.805300] ACPI: 6 ACPI AML tables successfully acquired and loaded
[    1.818796] ACPI: [Firmware Bug]: BIOS _OSI(Linux) query ignored
[    1.860951] ACPI: Dynamic OEM Table Load:
[    1.861145] ACPI: SSDT 0xFFFF8881933A3000 0008C0 (v01 PmRef  Cpu0Cst  00003001 INTL 20061109)
[    1.867304] ACPI: Dynamic OEM Table Load:
[    1.867490] ACPI: SSDT 0xFFFF888192A53000 000303 (v01 PmRef  ApIst    00003000 INTL 20061109)
[    1.871188] ACPI: Dynamic OEM Table Load:
[    1.871372] ACPI: SSDT 0xFFFF888192FAE800 000119 (v01 PmRef  ApCst    00003000 INTL 20061109)
[    1.881827] ACPI: Interpreter enabled
[    1.882176] ACPI: (supports S0 S3 S4 S5)
[    1.882305] ACPI: Using IOAPIC for interrupt routing
[    1.882720] PCI: Using host bridge windows from ACPI; if necessary, use "pci=nocrs" and report a bug
[    1.885616] ACPI: Enabled 6 GPEs in block 00 to 3F
[    1.932140] ACPI: Power Resource [PUBS] (on)
[    1.934879] acpi PNP0C0A:01: ACPI dock station (docks/bays count: 1)
[    1.951654] acpi LNXIOBAY:00: ACPI dock station (docks/bays count: 2)
[    1.975666] acpi IBM0079:00: ACPI dock station (docks/bays count: 3)
[    1.983438] ACPI: PCI Interrupt Link [LNKA] (IRQs 3 4 5 6 7 9 10 *11)
[    1.985282] ACPI: PCI Interrupt Link [LNKB] (IRQs 3 4 5 6 7 9 10 *11)
[    1.987002] ACPI: PCI Interrupt Link [LNKC] (IRQs 3 4 5 6 7 9 10 *11)
[    1.988844] ACPI: PCI Interrupt Link [LNKD] (IRQs 3 4 5 6 7 9 *10 11)
[    1.990564] ACPI: PCI Interrupt Link [LNKE] (IRQs 3 4 5 6 *7 9 10 11)
[    1.991780] ACPI: PCI Interrupt Link [LNKF] (IRQs 3 4 5 6 7 9 10 11) *0, disabled.
[    1.993651] ACPI: PCI Interrupt Link [LNKG] (IRQs 3 4 5 6 *7 9 10 11)
[    1.995361] ACPI: PCI Interrupt Link [LNKH] (IRQs 3 4 5 6 7 9 *10 11)
[    1.997231] ACPI: PCI Root Bridge [PCI0] (domain 0000 [bus 00-fe])
[    1.997398] acpi PNP0A08:00: _OSC: OS supports [ExtendedConfig ASPM ClockPM Segments]
[    1.999577] acpi PNP0A08:00: _OSC: not requesting OS control; OS requires [ExtendedConfig ASPM ClockPM MSI]
[    1.999778] acpi PNP0A08:00: [Firmware Info]: MMCONFIG for domain 0000 [bus 00-3f] only partially covers this bridge
[    2.000896] PCI host bridge to bus 0000:00
[    2.001024] pci_bus 0000:00: root bus resource [io  0x0000-0x0cf7 window]
[    2.001152] pci_bus 0000:00: root bus resource [io  0x0d00-0xffff window]
[    2.001278] pci_bus 0000:00: root bus resource [mem 0x000a0000-0x000bffff window]
[    2.001409] pci_bus 0000:00: root bus resource [mem 0xdfa00000-0xfebfffff window]
[    2.001540] pci_bus 0000:00: root bus resource [mem 0xfed40000-0xfed4bfff window]
[    2.001680] pci_bus 0000:00: root bus resource [bus 00-fe]
[    2.001870] pci 0000:00:00.0: [8086:0104] type 00 class 0x060000
[    2.003084] pci 0000:00:02.0: [8086:0126] type 00 class 0x030000
[    2.003148] pci 0000:00:02.0: reg 0x10: [mem 0xf0000000-0xf03fffff 64bit]
[    2.003188] pci 0000:00:02.0: reg 0x18: [mem 0xe0000000-0xefffffff 64bit pref]
[    2.003218] pci 0000:00:02.0: reg 0x20: [io  0x5000-0x503f]
[    2.004618] pci 0000:00:16.0: [8086:1c3a] type 00 class 0x078000
[    2.004690] pci 0000:00:16.0: reg 0x10: [mem 0xf2525000-0xf252500f 64bit]
[    2.004967] pci 0000:00:16.0: PME# supported from D0 D3hot D3cold
[    2.006103] pci 0000:00:19.0: [8086:1502] type 00 class 0x020000
[    2.006168] pci 0000:00:19.0: reg 0x10: [mem 0xf2500000-0xf251ffff]
[    2.006197] pci 0000:00:19.0: reg 0x14: [mem 0xf252b000-0xf252bfff]
[    2.006225] pci 0000:00:19.0: reg 0x18: [io  0x5080-0x509f]
[    2.006445] pci 0000:00:19.0: PME# supported from D0 D3hot D3cold
[    2.007663] pci 0000:00:1a.0: [8086:1c2d] type 00 class 0x0c0320
[    2.007725] pci 0000:00:1a.0: reg 0x10: [mem 0xf252a000-0xf252a3ff]
[    2.007982] pci 0000:00:1a.0: PME# supported from D0 D3hot D3cold
[    2.009280] pci 0000:00:1b.0: [8086:1c20] type 00 class 0x040300
[    2.009352] pci 0000:00:1b.0: reg 0x10: [mem 0xf2520000-0xf2523fff 64bit]
[    2.009620] pci 0000:00:1b.0: PME# supported from D0 D3hot D3cold
[    2.010851] pci 0000:00:1c.0: [8086:1c10] type 01 class 0x060400
[    2.011116] pci 0000:00:1c.0: PME# supported from D0 D3hot D3cold
[    2.012439] pci 0000:00:1c.1: [8086:1c12] type 01 class 0x060400
[    2.012786] pci 0000:00:1c.1: PME# supported from D0 D3hot D3cold
[    2.014059] pci 0000:00:1c.3: [8086:1c16] type 01 class 0x060400
[    2.014344] pci 0000:00:1c.3: PME# supported from D0 D3hot D3cold
[    2.015597] pci 0000:00:1c.4: [8086:1c18] type 01 class 0x060400
[    2.015879] pci 0000:00:1c.4: PME# supported from D0 D3hot D3cold
[    2.017234] pci 0000:00:1d.0: [8086:1c26] type 00 class 0x0c0320
[    2.017296] pci 0000:00:1d.0: reg 0x10: [mem 0xf2529000-0xf25293ff]
[    2.017555] pci 0000:00:1d.0: PME# supported from D0 D3hot D3cold
[    2.018733] pci 0000:00:1f.0: [8086:1c4f] type 00 class 0x060100
[    2.020087] pci 0000:00:1f.2: [8086:1c03] type 00 class 0x010601
[    2.020168] pci 0000:00:1f.2: reg 0x10: [io  0x50a8-0x50af]
[    2.020206] pci 0000:00:1f.2: reg 0x14: [io  0x50bc-0x50bf]
[    2.020245] pci 0000:00:1f.2: reg 0x18: [io  0x50a0-0x50a7]
[    2.020284] pci 0000:00:1f.2: reg 0x1c: [io  0x50b8-0x50bb]
[    2.020315] pci 0000:00:1f.2: reg 0x20: [io  0x5060-0x507f]
[    2.020343] pci 0000:00:1f.2: reg 0x24: [mem 0xf2528000-0xf25287ff]
[    2.020545] pci 0000:00:1f.2: PME# supported from D3hot
[    2.021809] pci 0000:00:1f.3: [8086:1c22] type 00 class 0x0c0500
[    2.021887] pci 0000:00:1f.3: reg 0x10: [mem 0xf2524000-0xf25240ff 64bit]
[    2.021972] pci 0000:00:1f.3: reg 0x20: [io  0xefa0-0xefbf]
[    2.023654] pci 0000:00:1c.0: PCI bridge to [bus 02]
[    2.024605] pci 0000:03:00.0: [8086:0084] type 00 class 0x028000
[    2.025257] pci 0000:03:00.0: reg 0x10: [mem 0xf2400000-0xf2401fff 64bit]
[    2.027247] pci 0000:03:00.0: PME# supported from D0 D3hot D3cold
[    2.028977] pci 0000:00:1c.1: PCI bridge to [bus 03]
[    2.029119] pci 0000:00:1c.1:   bridge window [mem 0xf2400000-0xf24fffff]
[    2.029627] pci 0000:00:1c.3: PCI bridge to [bus 05-0c]
[    2.029777] pci 0000:00:1c.3:   bridge window [io  0x4000-0x4fff]
[    2.029799] pci 0000:00:1c.3:   bridge window [mem 0xf1c00000-0xf23fffff]
[    2.029829] pci 0000:00:1c.3:   bridge window [mem 0xf0400000-0xf0bfffff 64bit pref]
[    2.030573] pci 0000:0d:00.0: [1180:e822] type 00 class 0x088001
[    2.030681] pci 0000:0d:00.0: MMC controller base frequency changed to 50Mhz.
[    2.030986] pci 0000:0d:00.0: reg 0x10: [mem 0xf1400000-0xf14000ff]
[    2.031667] pci 0000:0d:00.0: supports D1 D2
[    2.031675] pci 0000:0d:00.0: PME# supported from D0 D1 D2 D3hot D3cold
[    2.033141] pci 0000:00:1c.4: PCI bridge to [bus 0d]
[    2.033287] pci 0000:00:1c.4:   bridge window [io  0x3000-0x3fff]
[    2.033303] pci 0000:00:1c.4:   bridge window [mem 0xf1400000-0xf1bfffff]
[    2.033324] pci 0000:00:1c.4:   bridge window [mem 0xf0c00000-0xf13fffff 64bit pref]
[    2.033420] pci_bus 0000:00: on NUMA node 0
[    2.047638] ACPI: EC: interrupt unblocked
[    2.047784] ACPI: EC: event unblocked
[    2.047901] ACPI: \_SB_.PCI0.LPC_.EC__: GPE=0x11, EC_CMD/EC_SC=0x66, EC_DATA=0x62
[    2.048037] ACPI: \_SB_.PCI0.LPC_.EC__: Used as boot DSDT EC to handle transactions and events
[    2.049961] pci 0000:00:02.0: vgaarb: setting as boot VGA device
[    2.049961] pci 0000:00:02.0: vgaarb: VGA device added: decodes=io+mem,owns=io+mem,locks=none
[    2.049961] pci 0000:00:02.0: vgaarb: bridge control possible
[    2.049961] vgaarb: loaded
[    2.050788] SCSI subsystem initialized
[    2.053041] libata version 3.00 loaded.
[    2.053948] ACPI: bus type USB registered
[    2.054597] usbcore: registered new interface driver usbfs
[    2.055020] usbcore: registered new interface driver hub
[    2.055539] usbcore: registered new device driver usb
[    2.055744] media: Linux media interface: v0.10
[    2.055744] videodev: Linux video capture interface: v2.00
[    2.057012] pps_core: LinuxPPS API ver. 1 registered
[    2.057012] pps_core: Software ver. 5.3.6 - Copyright 2005-2007 Rodolfo Giometti <giometti@linux.it>
[    2.057143] PTP clock support registered
[    2.057597] EDAC MC: Ver: 3.0.0
[    2.062117] Advanced Linux Sound Architecture Driver Initialized.
[    2.062749] PCI: Using ACPI for IRQ routing
[    2.065069] PCI: pci_cache_line_size set to 64 bytes
[    2.065744] e820: reserve RAM buffer [mem 0x0009d800-0x0009ffff]
[    2.065762] e820: reserve RAM buffer [mem 0xda99f000-0xdbffffff]
[    2.065779] e820: reserve RAM buffer [mem 0xdb000000-0xdbffffff]
[    2.065795] e820: reserve RAM buffer [mem 0x19e600000-0x19fffffff]
[    2.068957] Bluetooth: Core ver 2.22
[    2.068957] NET: Registered protocol family 31
[    2.068957] Bluetooth: HCI device and connection manager initialized
[    2.068957] Bluetooth: HCI socket layer initialized
[    2.069018] Bluetooth: L2CAP socket layer initialized
[    2.069310] Bluetooth: SCO socket layer initialized
[    2.073444] clocksource: Switched to clocksource tsc-early
[    2.074529] pnp: PnP ACPI init
[    2.081312] system 00:00: [mem 0x00000000-0x0009ffff] could not be reserved
[    2.081480] system 00:00: [mem 0x000c0000-0x000c3fff] could not be reserved
[    2.081622] system 00:00: [mem 0x000c4000-0x000c7fff] could not be reserved
[    2.081761] system 00:00: [mem 0x000c8000-0x000cbfff] has been reserved
[    2.081896] system 00:00: [mem 0x000cc000-0x000cffff] has been reserved
[    2.082047] system 00:00: [mem 0x000d0000-0x000d3fff] has been reserved
[    2.082182] system 00:00: [mem 0x000d4000-0x000d7fff] has been reserved
[    2.082317] system 00:00: [mem 0x000d8000-0x000dbfff] has been reserved
[    2.082452] system 00:00: [mem 0x000dc000-0x000dffff] has been reserved
[    2.082588] system 00:00: [mem 0x000e0000-0x000e3fff] could not be reserved
[    2.082727] system 00:00: [mem 0x000e4000-0x000e7fff] could not be reserved
[    2.082867] system 00:00: [mem 0x000e8000-0x000ebfff] could not be reserved
[    2.083006] system 00:00: [mem 0x000ec000-0x000effff] could not be reserved
[    2.083146] system 00:00: [mem 0x000f0000-0x000fffff] could not be reserved
[    2.083286] system 00:00: [mem 0x00100000-0xdf9fffff] could not be reserved
[    2.083426] system 00:00: [mem 0xfec00000-0xfed3ffff] could not be reserved
[    2.083565] system 00:00: [mem 0xfed4c000-0xffffffff] could not be reserved
[    2.083840] system 00:00: Plug and Play ACPI device, IDs PNP0c01 (active)
[    2.085555] system 00:01: [io  0x0400-0x047f] has been reserved
[    2.085727] system 00:01: [io  0x0500-0x057f] has been reserved
[    2.085859] system 00:01: [io  0x0800-0x080f] has been reserved
[    2.085989] system 00:01: [io  0x15e0-0x15ef] has been reserved
[    2.086119] system 00:01: [io  0x1600-0x167f] has been reserved
[    2.086250] system 00:01: [mem 0xf8000000-0xfbffffff] has been reserved
[    2.086388] system 00:01: [mem 0x00000000-0x00000fff] could not be reserved
[    2.086527] system 00:01: [mem 0xfed1c000-0xfed1ffff] has been reserved
[    2.086661] system 00:01: [mem 0xfed10000-0xfed13fff] has been reserved
[    2.086796] system 00:01: [mem 0xfed18000-0xfed18fff] has been reserved
[    2.086932] system 00:01: [mem 0xfed19000-0xfed19fff] has been reserved
[    2.087067] system 00:01: [mem 0xfed45000-0xfed4bfff] has been reserved
[    2.087307] system 00:01: Plug and Play ACPI device, IDs PNP0c02 (active)
[    2.088123] pnp 00:02: Plug and Play ACPI device, IDs PNP0b00 (active)
[    2.088662] pnp 00:03: Plug and Play ACPI device, IDs PNP0303 (active)
[    2.089302] pnp 00:04: Plug and Play ACPI device, IDs LEN0020 PNP0f13 (active)
[    2.090108] pnp 00:05: Plug and Play ACPI device, IDs SMO1200 PNP0c31 (active)
[    2.107195] pnp: PnP ACPI: found 6 devices
[    2.156957] clocksource: acpi_pm: mask: 0xffffff max_cycles: 0xffffff, max_idle_ns: 2085701024 ns
[    2.157175] pci 0000:00:1c.0: bridge window [io  0x1000-0x0fff] to [bus 02] add_size 1000
[    2.157189] pci 0000:00:1c.0: bridge window [mem 0x00100000-0x000fffff 64bit pref] to [bus 02] add_size 200000 add_align 100000
[    2.157199] pci 0000:00:1c.0: bridge window [mem 0x00100000-0x000fffff] to [bus 02] add_size 200000 add_align 100000
[    2.157293] pci 0000:00:1c.0: BAR 8: assigned [mem 0xdfa00000-0xdfbfffff]
[    2.157454] pci 0000:00:1c.0: BAR 9: assigned [mem 0xdfc00000-0xdfdfffff 64bit pref]
[    2.157599] pci 0000:00:1c.0: BAR 7: assigned [io  0x2000-0x2fff]
[    2.157723] pci 0000:00:1c.0: PCI bridge to [bus 02]
[    2.157832] pci 0000:00:1c.0:   bridge window [io  0x2000-0x2fff]
[    2.157956] pci 0000:00:1c.0:   bridge window [mem 0xdfa00000-0xdfbfffff]
[    2.158081] pci 0000:00:1c.0:   bridge window [mem 0xdfc00000-0xdfdfffff 64bit pref]
[    2.158221] pci 0000:00:1c.1: PCI bridge to [bus 03]
[    2.158335] pci 0000:00:1c.1:   bridge window [mem 0xf2400000-0xf24fffff]
[    2.158472] pci 0000:00:1c.3: PCI bridge to [bus 05-0c]
[    2.158582] pci 0000:00:1c.3:   bridge window [io  0x4000-0x4fff]
[    2.158704] pci 0000:00:1c.3:   bridge window [mem 0xf1c00000-0xf23fffff]
[    2.158829] pci 0000:00:1c.3:   bridge window [mem 0xf0400000-0xf0bfffff 64bit pref]
[    2.158967] pci 0000:00:1c.4: PCI bridge to [bus 0d]
[    2.159075] pci 0000:00:1c.4:   bridge window [io  0x3000-0x3fff]
[    2.159197] pci 0000:00:1c.4:   bridge window [mem 0xf1400000-0xf1bfffff]
[    2.159322] pci 0000:00:1c.4:   bridge window [mem 0xf0c00000-0xf13fffff 64bit pref]
[    2.159464] pci_bus 0000:00: resource 4 [io  0x0000-0x0cf7 window]
[    2.159473] pci_bus 0000:00: resource 5 [io  0x0d00-0xffff window]
[    2.159482] pci_bus 0000:00: resource 6 [mem 0x000a0000-0x000bffff window]
[    2.159490] pci_bus 0000:00: resource 7 [mem 0xdfa00000-0xfebfffff window]
[    2.159498] pci_bus 0000:00: resource 8 [mem 0xfed40000-0xfed4bfff window]
[    2.159506] pci_bus 0000:02: resource 0 [io  0x2000-0x2fff]
[    2.159515] pci_bus 0000:02: resource 1 [mem 0xdfa00000-0xdfbfffff]
[    2.159523] pci_bus 0000:02: resource 2 [mem 0xdfc00000-0xdfdfffff 64bit pref]
[    2.159531] pci_bus 0000:03: resource 1 [mem 0xf2400000-0xf24fffff]
[    2.159540] pci_bus 0000:05: resource 0 [io  0x4000-0x4fff]
[    2.159547] pci_bus 0000:05: resource 1 [mem 0xf1c00000-0xf23fffff]
[    2.159555] pci_bus 0000:05: resource 2 [mem 0xf0400000-0xf0bfffff 64bit pref]
[    2.159563] pci_bus 0000:0d: resource 0 [io  0x3000-0x3fff]
[    2.159571] pci_bus 0000:0d: resource 1 [mem 0xf1400000-0xf1bfffff]
[    2.159579] pci_bus 0000:0d: resource 2 [mem 0xf0c00000-0xf13fffff 64bit pref]
[    2.160447] NET: Registered protocol family 2
[    2.162432] tcp_listen_portaddr_hash hash table entries: 4096 (order: 7, 851968 bytes)
[    2.163784] TCP established hash table entries: 65536 (order: 7, 524288 bytes)
[    2.165556] TCP bind hash table entries: 16384 (order: 9, 3276800 bytes)
[    2.171054] TCP: Hash tables configured (established 65536 bind 16384)
[    2.172281] UDP hash table entries: 4096 (order: 8, 1703936 bytes)
[    2.175514] UDP-Lite hash table entries: 4096 (order: 8, 1703936 bytes)
[    2.179411] NET: Registered protocol family 1
[    2.180917] RPC: Registered named UNIX socket transport module.
[    2.181040] RPC: Registered udp transport module.
[    2.181146] RPC: Registered tcp transport module.
[    2.181252] RPC: Registered tcp NFSv4.1 backchannel transport module.
[    2.182566] pci 0000:00:02.0: Video device with shadowed ROM at [mem 0x000c0000-0x000dffff]
[    2.192610] PCI: CLS 64 bytes, default 64
[    2.193041] PCI-DMA: Using software bounce buffering for IO (SWIOTLB)
[    2.193165] software IO TLB: mapped [mem 0xd699f000-0xda99f000] (64MB)
[    2.211629] Initialise system trusted keyrings
[    2.212437] workingset: timestamp_bits=62 max_order=21 bucket_order=0
[    2.280566] Installing knfsd (copyright (C) 1996 okir@monad.swb.de).
[    2.287048] ntfs: driver 2.1.32 [Flags: R/W].
[    2.289064] fuse init (API version 7.27)
[    2.303742] Key type asymmetric registered
[    2.303888] Asymmetric key parser 'x509' registered
[    2.304114] Block layer SCSI generic (bsg) driver version 0.4 loaded (major 249)
[    2.304328] io scheduler noop registered
[    2.304448] io scheduler deadline registered
[    2.305338] io scheduler cfq registered (default)
[    2.305475] io scheduler mq-deadline registered
[    2.306187] io scheduler bfq registered
[    2.307449] pcieport 0000:00:1c.0: enabling device (0000 -> 0003)
[    2.319224] intel_idle: MWAIT substates: 0x21120
[    2.319238] intel_idle: v0.4.1 model 0x2A
[    2.323567] intel_idle: lapic_timer_reliable_states 0xffffffff
[    2.325687] ACPI: Deprecated procfs I/F for AC is loaded, please retry with CONFIG_ACPI_PROCFS_POWER cleared
[    2.326423] ACPI: AC Adapter [AC] (off-line)
[    2.327844] input: Lid Switch as /devices/LNXSYSTM:00/LNXSYBUS:00/PNP0C0D:00/input/input0
[    2.328493] ACPI: Lid Switch [LID]
[    2.329490] input: Sleep Button as /devices/LNXSYSTM:00/LNXSYBUS:00/PNP0C0E:00/input/input1
[    2.329847] ACPI: Sleep Button [SLPB]
[    2.331019] input: Power Button as /devices/LNXSYSTM:00/LNXPWRBN:00/input/input2
[    2.331324] ACPI: Power Button [PWRF]
[    2.367054] thermal LNXTHERM:00: registered as thermal_zone0
[    2.367187] ACPI: Thermal Zone [THM0] (56 C)
[    2.371268] Serial: 8250/16550 driver, 4 ports, IRQ sharing disabled
[    2.379077] lp: driver loaded but no devices found
[    2.379666] Non-volatile memory driver v1.3
[    2.383198] Linux agpgart interface v0.103
[    2.385980] [drm] radeon kernel modesetting enabled.
[    2.391752] [drm] Replacing VGA console driver
[    2.393147] Console: switching to colour dummy device 80x25
[    2.405023] [drm] Supports vblank timestamp caching Rev 2 (21.10.2013).
[    2.405085] [drm] Driver supports precise vblank timestamp query.
[    2.410694] i915 0000:00:02.0: vgaarb: changed VGA decodes: olddecodes=io+mem,decodes=io+mem:owns=io+mem
[    2.554867] [drm] Initialized i915 1.6.0 20180719 for 0000:00:02.0 on minor 0
[    2.568181] ACPI: Video Device [VID] (multi-head: yes  rom: no  post: no)
[    2.571167] input: Video Bus as /devices/LNXSYSTM:00/LNXSYBUS:00/PNP0A08:00/LNXVIDEO:00/input/input3
[    2.573529] usbcore: registered new interface driver udl
[    2.645367] loop: module loaded
[    2.672171] battery: ACPI: Deprecated procfs I/F for battery is loaded, please retry with CONFIG_ACPI_PROCFS_POWER cleared
[    2.672359] battery: ACPI: Battery Slot [BAT0] (battery present)
[    2.756397] ahci 0000:00:1f.2: version 3.0
[    2.759430] ahci 0000:00:1f.2: SSS flag set, parallel bus scan disabled
[    2.772838] ahci 0000:00:1f.2: AHCI 0001.0300 32 slots 6 ports 6 Gbps 0x17 impl SATA mode
[    2.772943] ahci 0000:00:1f.2: flags: 64bit ncq sntf ilck stag pm led clo pio slum part ems sxs apst 
[    2.823942] scsi host0: ahci
[    2.827313] scsi host1: ahci
[    2.829788] scsi host2: ahci
[    2.831947] scsi host3: ahci
[    2.835858] scsi host4: ahci
[    2.836005] fbcon: inteldrmfb (fb0) is primary device
[    2.838705] scsi host5: ahci
[    2.839939] ata1: SATA max UDMA/133 abar m2048@0xf2528000 port 0xf2528100 irq 19
[    2.839948] ata2: SATA max UDMA/133 abar m2048@0xf2528000 port 0xf2528180 irq 19
[    2.839956] ata3: SATA max UDMA/133 abar m2048@0xf2528000 port 0xf2528200 irq 19
[    2.839962] ata4: DUMMY
[    2.839969] ata5: SATA max UDMA/133 abar m2048@0xf2528000 port 0xf2528300 irq 19
[    2.839975] ata6: DUMMY
[    2.846442] tun: Universal TUN/TAP device driver, 1.6
[    2.848852] e1000e: Intel(R) PRO/1000 Network Driver - 3.2.6-k
[    2.848861] e1000e: Copyright(c) 1999 - 2015 Intel Corporation.
[    2.852201] e1000e 0000:00:19.0: Interrupt Throttling Rate (ints/sec) set to dynamic conservative mode
[    2.957939] e1000e 0000:00:19.0 0000:00:19.0 (uninitialized): registered PHC clock
[    3.055654] e1000e 0000:00:19.0 eth0: (PCI Express:2.5GT/s:Width x1) f0:de:f1:e3:99:75
[    3.055663] e1000e 0000:00:19.0 eth0: Intel(R) PRO/1000 Network Connection
[    3.055731] e1000e 0000:00:19.0 eth0: MAC: 10, PHY: 11, PBA No: 1000FF-0FF
[    3.057231] PPP generic driver version 2.4.2
[    3.058085] PPP BSD Compression module registered
[    3.058100] PPP Deflate Compression module registered
[    3.058107] SLIP: version 0.8.4-NET3.019-NEWTTY (dynamic channels, max=256).
[    3.058112] CSLIP: code copyright 1989 Regents of the University of California.
[    3.058448] iwl3945: Intel(R) PRO/Wireless 3945ABG/BG Network Connection driver for Linux, in-tree:ds
[    3.058453] iwl3945: Copyright(c) 2003-2011 Intel Corporation
[    3.058457] iwl3945: hw_scan is disabled
[    3.058783] Intel(R) Wireless WiFi driver for Linux
[    3.058788] Copyright(c) 2003- 2015 Intel Corporation
[    3.059989] iwlwifi 0000:03:00.0: can't disable ASPM; OS doesn't have ASPM control
[    3.060272] iwlwifi 0000:03:00.0: pci_enable_msi failed - -38
[    3.062257] iwlwifi 0000:03:00.0: loaded firmware version 39.31.5.1 build 35138 op_mode iwldvm
[    3.062942] iwlwifi 0000:03:00.0: CONFIG_IWLWIFI_DEBUG disabled
[    3.062955] iwlwifi 0000:03:00.0: CONFIG_IWLWIFI_DEBUGFS disabled
[    3.062965] iwlwifi 0000:03:00.0: CONFIG_IWLWIFI_DEVICE_TRACING disabled
[    3.062979] iwlwifi 0000:03:00.0: Detected Intel(R) Centrino(R) Wireless-N 1000 BGN, REV=0x6C
[    3.107825] ieee80211 phy0: Selected rate control algorithm 'iwl-agn-rs'
[    3.111556] usbcore: registered new interface driver ax88179_178a
[    3.111787] usbcore: registered new interface driver cdc_ether
[    3.111959] usbcore: registered new interface driver cdc_eem
[    3.112163] usbcore: registered new interface driver net1080
[    3.112378] usbcore: registered new interface driver cdc_subset
[    3.113044] usbcore: registered new interface driver zaurus
[    3.113286] usbcore: registered new interface driver cdc_ncm
[    3.113439] usbcore: registered new interface driver cdc_mbim
[    3.115324] ehci_hcd: USB 2.0 'Enhanced' Host Controller (EHCI) Driver
[    3.115379] ehci-pci: EHCI PCI platform driver
[    3.118563] ehci-pci 0000:00:1a.0: EHCI Host Controller
[    3.119669] ehci-pci 0000:00:1a.0: new USB bus registered, assigned bus number 1
[    3.119772] ehci-pci 0000:00:1a.0: debug port 2
[    3.123855] ehci-pci 0000:00:1a.0: cache line size of 64 is not supported
[    3.124238] ehci-pci 0000:00:1a.0: irq 16, io mem 0xf252a000
[    3.136984] ehci-pci 0000:00:1a.0: USB 2.0 started, EHCI 1.00
[    3.138044] usb usb1: New USB device found, idVendor=1d6b, idProduct=0002, bcdDevice= 4.19
[    3.138053] usb usb1: New USB device strings: Mfr=3, Product=2, SerialNumber=1
[    3.138061] usb usb1: Product: EHCI Host Controller
[    3.138069] usb usb1: Manufacturer: Linux 4.19.50-cip3-rt1+ ehci_hcd
[    3.138075] usb usb1: SerialNumber: 0000:00:1a.0
[    3.141025] hub 1-0:1.0: USB hub found
[    3.141133] hub 1-0:1.0: 3 ports detected
[    3.147574] ehci-pci 0000:00:1d.0: EHCI Host Controller
[    3.148511] ehci-pci 0000:00:1d.0: new USB bus registered, assigned bus number 2
[    3.148564] ehci-pci 0000:00:1d.0: debug port 2
[    3.152573] ehci-pci 0000:00:1d.0: cache line size of 64 is not supported
[    3.153187] ehci-pci 0000:00:1d.0: irq 23, io mem 0xf2529000
[    3.156979] ata1: SATA link up 1.5 Gbps (SStatus 113 SControl 300)
[    3.158920] ata1.00: ACPI cmd ef/02:00:00:00:00:a0 (SET FEATURES) succeeded
[    3.158931] ata1.00: ACPI cmd f5/00:00:00:00:00:a0 (SECURITY FREEZE LOCK) filtered out
[    3.158939] ata1.00: ACPI cmd ef/10:03:00:00:00:a0 (SET FEATURES) filtered out
[    3.160385] ata1.00: ATA-8: Hitachi HTS545050A7E380, GG2OA7J0, max UDMA/133
[    3.160394] ata1.00: 976773168 sectors, multi 16: LBA48 NCQ (depth 32), AA
[    3.162469] ata1.00: ACPI cmd ef/02:00:00:00:00:a0 (SET FEATURES) succeeded
[    3.162481] ata1.00: ACPI cmd f5/00:00:00:00:00:a0 (SECURITY FREEZE LOCK) filtered out
[    3.162489] ata1.00: ACPI cmd ef/10:03:00:00:00:a0 (SET FEATURES) filtered out
[    3.163892] ata1.00: configured for UDMA/133
[    3.169042] ehci-pci 0000:00:1d.0: USB 2.0 started, EHCI 1.00
[    3.169862] usb usb2: New USB device found, idVendor=1d6b, idProduct=0002, bcdDevice= 4.19
[    3.169871] usb usb2: New USB device strings: Mfr=3, Product=2, SerialNumber=1
[    3.169879] usb usb2: Product: EHCI Host Controller
[    3.169887] usb usb2: Manufacturer: Linux 4.19.50-cip3-rt1+ ehci_hcd
[    3.169893] usb usb2: SerialNumber: 0000:00:1d.0
[    3.172431] hub 2-0:1.0: USB hub found
[    3.172531] hub 2-0:1.0: 3 ports detected
[    3.176156] ohci_hcd: USB 1.1 'Open' Host Controller (OHCI) Driver
[    3.176216] ohci-pci: OHCI PCI platform driver
[    3.176588] uhci_hcd: USB Universal Host Controller Interface driver
[    3.177383] usbcore: registered new interface driver cdc_acm
[    3.177391] cdc_acm: USB Abstract Control Model driver for USB modems and ISDN adapters
[    3.177727] usbcore: registered new interface driver usblp
[    3.177972] usbcore: registered new interface driver cdc_wdm
[    3.178221] usbcore: registered new interface driver usb-storage
[    3.178447] usbcore: registered new interface driver ums-sddr09
[    3.178942] usbcore: registered new interface driver usbserial_generic
[    3.179250] usbserial: USB Serial support registered for generic
[    3.179528] usbcore: registered new interface driver ch341
[    3.179673] usbserial: USB Serial support registered for ch341-uart
[    3.179941] usbcore: registered new interface driver ftdi_sio
[    3.180165] usbserial: USB Serial support registered for FTDI USB Serial Device
[    3.180491] usbcore: registered new interface driver option
[    3.180696] usbserial: USB Serial support registered for GSM modem (1-port)
[    3.181154] usbcore: registered new interface driver pl2303
[    3.181374] usbserial: USB Serial support registered for pl2303
[    3.181895] usbcore: registered new interface driver ti_usb_3410_5052
[    3.182101] usbserial: USB Serial support registered for TI USB 3410 1 port adapter
[    3.182271] usbserial: USB Serial support registered for TI USB 5052 2 port adapter
[    3.182332] ftdi_elan: driver ftdi-elan
[    3.182596] usbcore: registered new interface driver ftdi-elan
[    3.183590] i8042: PNP: PS/2 Controller [PNP0303:KBD,PNP0f13:MOU] at 0x60,0x64 irq 1,12
[    3.187539] serio: i8042 KBD port at 0x60,0x64 irq 1
[    3.188520] serio: i8042 AUX port at 0x60,0x64 irq 12
[    3.191147] mousedev: PS/2 mouse device common for all mice
[    3.196522] input: PC Speaker as /devices/platform/pcspkr/input/input5
[    3.199288] input: AT Translated Set 2 keyboard as /devices/platform/i8042/serio0/input/input4
[    3.201922] rtc_cmos 00:02: RTC can wake from S4
[    3.204985] rtc_cmos 00:02: registered as rtc0
[    3.205435] rtc_cmos 00:02: alarms up to one month, y3k, 114 bytes nvram, hpet irqs
[    3.206122] usbcore: registered new interface driver uvcvideo
[    3.206130] USB Video Class driver (1.1.1)
[    3.206138] gspca_main: v2.14.0 registered
[    3.206338] usbcore: registered new interface driver sq930x
[    3.211107] device-mapper: ioctl: 4.39.0-ioctl (2018-04-03) initialised: dm-devel@redhat.com
[    3.211119] Bluetooth: HCI UART driver ver 2.3
[    3.211126] Bluetooth: HCI UART protocol H4 registered
[    3.211132] Bluetooth: HCI UART protocol BCSP registered
[    3.211612] usbcore: registered new interface driver btusb
[    3.211639] intel_pstate: Intel P-state driver initializing
[    3.213706] sdhci: Secure Digital Host Controller Interface driver
[    3.213714] sdhci: Copyright(c) Pierre Ossman
[    3.214127] sdhci-pci 0000:0d:00.0: SDHCI controller found [1180:e822] (rev 7)
[    3.215587] mmc0 bounce up to 128 segments into one, max segment size 65536 bytes
[    3.218779] mmc0: SDHCI controller on PCI [0000:0d:00.0] using DMA
[    3.220017] hidraw: raw HID events driver (C) Jiri Kosina
[    3.220921] tsc: Refined TSC clocksource calibration: 2491.906 MHz
[    3.220959] clocksource: tsc: mask: 0xffffffffffffffff max_cycles: 0x23eb5badc15, max_idle_ns: 440795233937 ns
[    3.221059] clocksource: Switched to clocksource tsc
[    3.224789] usbcore: registered new interface driver usbhid
[    3.224791] usbhid: USB HID core driver
[    3.225466] thinkpad_acpi: ThinkPad ACPI Extras v0.26
[    3.225467] thinkpad_acpi: http://ibm-acpi.sf.net/
[    3.225469] thinkpad_acpi: ThinkPad BIOS 8DET74WW (1.44 ), EC unknown
[    3.225470] thinkpad_acpi: Lenovo ThinkPad X220, model 42872WU
[    3.233280] thinkpad_acpi: radio switch found; radios are enabled
[    3.241061] thinkpad_acpi: Tablet mode switch found (type: MHKG), currently in laptop mode
[    3.241135] thinkpad_acpi: This ThinkPad has standard ACPI backlight brightness control, supported by the ACPI video driver
[    3.241137] thinkpad_acpi: Disabling thinkpad-acpi brightness events by default...
[    3.293658] thinkpad_acpi: rfkill switch tpacpi_bluetooth_sw: radio is unblocked
[    3.328007] random: fast init done
[    3.331843] thinkpad_acpi: warning: userspace override of important firmware LEDs is enabled
[    3.331955] thinkpad_acpi: Standard ACPI backlight interface available, not loading native one
[    3.331964] thinkpad_acpi: volume: disabled as there is no ALSA support in this kernel
[    3.358091] thinkpad_acpi: battery 1 registered (start 0, stop 100)
[    3.358149] battery: new extension: ThinkPad Battery Extension
[    3.358570] input: ThinkPad Extra Buttons as /devices/platform/thinkpad_acpi/input/input8
[    3.363966] usbcore: registered new interface driver snd-usb-audio
[    3.366489] NET: Registered protocol family 17
[    3.366674] Bluetooth: RFCOMM TTY layer initialized
[    3.366746] Bluetooth: RFCOMM socket layer initialized
[    3.366777] Bluetooth: RFCOMM ver 1.11
[    3.366803] Bluetooth: BNEP (Ethernet Emulation) ver 1.3
[    3.366806] Bluetooth: BNEP filters: protocol multicast
[    3.366822] Bluetooth: BNEP socket layer initialized
[    3.366825] Bluetooth: HIDP (Human Interface Emulation) ver 1.2
[    3.366840] Bluetooth: HIDP socket layer initialized
[    3.367163] microcode: sig=0x206a7, pf=0x10, revision=0x2d
[    3.367584] microcode: Microcode Update Driver: v2.2.
[    3.367672] sched_clock: Marking stable (3340067273, 27455218)->(3377143606, -9621115)
[    3.369101] Loading compiled-in X.509 certificates
[    3.370259] Key type encrypted registered
[    3.371351] rtc_cmos 00:02: setting system clock to 2019-06-21 14:44:38 UTC (1561128278)
[    3.371986] cfg80211: Loading compiled-in X.509 certificates for regulatory database
[    3.373417] cfg80211: Loaded X.509 cert 'sforshee: 00b28ddf47aef9cea7'
[    3.373688] platform regulatory.0: Direct firmware load for regulatory.db failed with error -2
[    3.373711] cfg80211: failed to load regulatory.db
[    3.476930] usb 1-1: new high-speed USB device number 2 using ehci-pci
[    3.508949] usb 2-1: new high-speed USB device number 2 using ehci-pci
[    3.577174] snd_hda_intel 0000:00:1b.0: bound 0000:00:02.0 (ops i915_audio_component_bind_ops)
[    3.600862] Console: switching to colour frame buffer device 136x42
[    3.602562] snd_hda_codec_generic hdaudioC0D0: autoconfig for Generic: line_outs=1 (0x1f/0x0/0x0/0x0/0x0) type:speaker
[    3.602566] snd_hda_codec_generic hdaudioC0D0:    speaker_outs=0 (0x0/0x0/0x0/0x0/0x0)
[    3.602568] snd_hda_codec_generic hdaudioC0D0:    hp_outs=1 (0x19/0x0/0x0/0x0/0x0)
[    3.602570] snd_hda_codec_generic hdaudioC0D0:    mono: mono_out=0x0
[    3.602573] snd_hda_codec_generic hdaudioC0D0:    inputs:
[    3.602577] snd_hda_codec_generic hdaudioC0D0:      Internal Mic=0x23
[    3.602581] snd_hda_codec_generic hdaudioC0D0:      Mic=0x1b
[    3.608414] snd_hda_codec_generic hdaudioC0D3: ignore pin 0x7, too many assigned pins
[    3.608418] snd_hda_codec_generic hdaudioC0D3: autoconfig for Generic: line_outs=0 (0x0/0x0/0x0/0x0/0x0) type:line
[    3.608420] snd_hda_codec_generic hdaudioC0D3:    speaker_outs=0 (0x0/0x0/0x0/0x0/0x0)
[    3.608423] snd_hda_codec_generic hdaudioC0D3:    hp_outs=0 (0x0/0x0/0x0/0x0/0x0)
[    3.608425] snd_hda_codec_generic hdaudioC0D3:    mono: mono_out=0x0
[    3.608427] snd_hda_codec_generic hdaudioC0D3:    dig-out=0x5/0x6
[    3.608429] snd_hda_codec_generic hdaudioC0D3:    inputs:
[    3.612243] input: HDA Intel PCH Mic as /devices/pci0000:00/0000:00:1b.0/sound/card0/input9
[    3.612676] input: HDA Intel PCH Headphone as /devices/pci0000:00/0000:00:1b.0/sound/card0/input10
[    3.613144] input: HDA Intel PCH HDMI as /devices/pci0000:00/0000:00:1b.0/sound/card0/input11
[    3.613579] input: HDA Intel PCH HDMI as /devices/pci0000:00/0000:00:1b.0/sound/card0/input12
[    3.633691] usb 1-1: New USB device found, idVendor=8087, idProduct=0024, bcdDevice= 0.00
[    3.633695] usb 1-1: New USB device strings: Mfr=0, Product=0, SerialNumber=0
[    3.634835] hub 1-1:1.0: USB hub found
[    3.635162] hub 1-1:1.0: 6 ports detected
[    3.665085] usb 2-1: New USB device found, idVendor=8087, idProduct=0024, bcdDevice= 0.00
[    3.665089] usb 2-1: New USB device strings: Mfr=0, Product=0, SerialNumber=0
[    3.665942] hub 2-1:1.0: USB hub found
[    3.666051] hub 2-1:1.0: 8 ports detected
[    3.804305] i915 0000:00:02.0: fb0: inteldrmfb frame buffer device
[    3.806244] scsi 0:0:0:0: Direct-Access     ATA      Hitachi HTS54505 A7J0 PQ: 0 ANSI: 5
[    3.807564] sd 0:0:0:0: [sda] 976773168 512-byte logical blocks: (500 GB/466 GiB)
[    3.807568] sd 0:0:0:0: [sda] 4096-byte physical blocks
[    3.807612] sd 0:0:0:0: [sda] Write Protect is off
[    3.807615] sd 0:0:0:0: [sda] Mode Sense: 00 3a 00 00
[    3.807683] sd 0:0:0:0: [sda] Write cache: enabled, read cache: enabled, doesn't support DPO or FUA
[    3.808124] sd 0:0:0:0: Attached scsi generic sg0 type 0
[    3.924744] usb 1-1.3: new full-speed USB device number 3 using ehci-pci
[    4.043940] usb 1-1.3: New USB device found, idVendor=147e, idProduct=2016, bcdDevice= 0.02
[    4.047578] usb 1-1.3: New USB device strings: Mfr=1, Product=2, SerialNumber=0
[    4.051235] usb 1-1.3: Product: Biometric Coprocessor
[    4.053401] usb 1-1.3: Manufacturer: UPEK
[    4.093417] psmouse serio1: synaptics: queried max coordinates: x [..5472], y [..4448]
[    4.128838] ata2: SATA link down (SStatus 0 SControl 300)
[    4.132749]  sda: sda1 sda2 sda3 sda4
[    4.136780] usb 1-1.4: new full-speed USB device number 4 using ehci-pci
[    4.141929] sd 0:0:0:0: [sda] Attached SCSI disk
[    4.175118] psmouse serio1: synaptics: Touchpad model: 1, fw: 8.0, id: 0x1e2b1, caps: 0xd001a3/0x940300/0x120c00/0x0, board id: 1611, fw id: 774180
[    4.177910] psmouse serio1: synaptics: serio: Synaptics pass-through port at isa0060/serio1/input0
[    4.230437] input: SynPS/2 Synaptics TouchPad as /devices/platform/i8042/serio1/input/input7
[    4.255553] usb 1-1.4: New USB device found, idVendor=0a5c, idProduct=217f, bcdDevice= 7.48
[    4.257039] usb 1-1.4: New USB device strings: Mfr=1, Product=2, SerialNumber=3
[    4.258464] usb 1-1.4: Product: Broadcom Bluetooth Device
[    4.259891] usb 1-1.4: Manufacturer: Broadcom Corp
[    4.261295] usb 1-1.4: SerialNumber: 7CE9D3B855AA
[    4.344982] usb 1-1.6: new high-speed USB device number 5 using ehci-pci
[    4.444853] ata3: SATA link up 3.0 Gbps (SStatus 123 SControl 300)
[    4.466354] usb 1-1.6: New USB device found, idVendor=04f2, idProduct=b217, bcdDevice= 8.54
[    4.468076] ata3.00: ACPI cmd ef/02:00:00:00:00:a0 (SET FEATURES) succeeded
[    4.468083] ata3.00: ACPI cmd f5/00:00:00:00:00:a0 (SECURITY FREEZE LOCK) filtered out
[    4.468088] ata3.00: ACPI cmd ef/10:03:00:00:00:a0 (SET FEATURES) filtered out
[    4.473167] ata3.00: ATA-8: KINGSTON SMS200S3240G, 60AABBF0, max UDMA/133
[    4.473173] ata3.00: 468862128 sectors, multi 1: LBA48 NCQ (depth 32), AA
[    4.478351] ata3.00: ACPI cmd ef/02:00:00:00:00:a0 (SET FEATURES) succeeded
[    4.478354] ata3.00: ACPI cmd f5/00:00:00:00:00:a0 (SECURITY FREEZE LOCK) filtered out
[    4.478356] ata3.00: ACPI cmd ef/10:03:00:00:00:a0 (SET FEATURES) filtered out
[    4.482439] usb 1-1.6: New USB device strings: Mfr=1, Product=2, SerialNumber=0
[    4.483411] ata3.00: configured for UDMA/133
[    4.483771] scsi 2:0:0:0: Direct-Access     ATA      KINGSTON SMS200S BBF0 PQ: 0 ANSI: 5
[    4.484650] sd 2:0:0:0: [sdb] 468862128 512-byte logical blocks: (240 GB/224 GiB)
[    4.484678] sd 2:0:0:0: [sdb] Write Protect is off
[    4.484680] sd 2:0:0:0: [sdb] Mode Sense: 00 3a 00 00
[    4.484771] sd 2:0:0:0: [sdb] Write cache: enabled, read cache: enabled, doesn't support DPO or FUA
[    4.485445] sd 2:0:0:0: Attached scsi generic sg1 type 0
[    4.486604]  sdb: sdb2 sdb4
[    4.488647] sd 2:0:0:0: [sdb] Attached SCSI disk
[    4.494735] usb 1-1.6: Product: Integrated Camera
[    4.495917] usb 1-1.6: Manufacturer: Chicony Electronics Co., Ltd.
[    4.499776] uvcvideo: Found UVC 1.00 device Integrated Camera (04f2:b217)
[    4.514296] uvcvideo 1-1.6:1.0: Entity type for entity Extension 3 was not initialized!
[    4.516950] uvcvideo 1-1.6:1.0: Entity type for entity Processing 2 was not initialized!
[    4.519510] uvcvideo 1-1.6:1.0: Entity type for entity Camera 1 was not initialized!
[    4.807658] ata5: SATA link down (SStatus 0 SControl 300)
[    4.848143] PM: Image not found (code -22)
[    4.848287] ALSA device list:
[    4.852959]   #0: HDA Intel PCH at 0xf2520000 irq 22
[    4.983522] psmouse serio2: trackpoint: IBM TrackPoint firmware: 0x0e, buttons: 3/3
[    5.245027] input: TPPS/2 IBM TrackPoint as /devices/platform/i8042/serio1/serio2/input/input13
[    5.355654] md: Waiting for all devices to be available before autodetect
[    5.359912] md: If you don't use raid, use raid=noautodetect
[    5.365180] md: Autodetecting RAID arrays.
[    5.366252] md: autorun ...
[    5.367282] md: ... autorun DONE.
[    5.383401] EXT4-fs (sdb4): mounted filesystem with ordered data mode. Opts: (null)
[    5.384960] VFS: Mounted root (ext4 filesystem) readonly on device 8:20.
[    5.386888] devtmpfs: mounted
[    5.391545] Freeing unused kernel image memory: 1028K
[    5.393552] Write protecting the kernel read-only data: 24576k
[    5.400428] Freeing unused kernel image memory: 2008K
[    5.403096] Freeing unused kernel image memory: 1004K
[    5.413205] x86/mm: Checked W+X mappings: passed, no W+X pages found.
[    5.414220] rodata_test: all tests were successful
[    5.415226] x86/mm: Checking user space page tables
[    5.429715] x86/mm: Checked W+X mappings: passed, no W+X pages found.
[    5.430722] Run /sbin/init as init process
[    5.539113] random: systemd: uninitialized urandom read (16 bytes read)
[    5.542640] systemd[1]: systemd 215 running in system mode. (+PAM +AUDIT +SELINUX +IMA +SYSVINIT +LIBCRYPTSETUP +GCRYPT +ACL +XZ -SECCOMP -APPARMOR)
[    5.565435] systemd[1]: Detected architecture 'x86-64'.
[    5.632794] systemd[1]: Failed to insert module 'ipv6'
[    5.635020] systemd[1]: Set hostname to <duo>.
[    5.673754] random: systemd-sysv-ge: uninitialized urandom read (16 bytes read)
[    5.778877] random: systemd-sysv-ge: uninitialized urandom read (16 bytes read)
[    5.895763] systemd[1]: Binding to IPv6 address not available since kernel does not support IPv6.
[    5.897169] systemd[1]: [/lib/systemd/system/gpsd.socket:6] Failed to parse address value, ignoring: [::1]:2947
[    5.903494] systemd[1]: Starting Forward Password Requests to Wall Directory Watch.
[    5.905445] systemd[1]: Started Forward Password Requests to Wall Directory Watch.
[    5.906866] systemd[1]: Starting Remote File Systems (Pre).
[    5.912328] systemd[1]: Reached target Remote File Systems (Pre).
[    6.164055] systemd-udevd[2086]: starting version 215
[    7.122774] e1000e 0000:00:19.0 eth2: renamed from eth0
[    7.138845] EXT4-fs (sdb4): re-mounted. Opts: errors=remount-ro
[    7.148988] systemd-udevd[2140]: renamed network interface eth0 to eth2
[    7.293823] iwlwifi 0000:03:00.0 wlan1: renamed from wlan0
[    7.324985] systemd-udevd[2135]: renamed network interface wlan0 to wlan1
[    8.398235] random: crng init done
[    8.405496] random: 7 urandom warning(s) missed due to ratelimiting
[    8.901132] Adding 1681428k swap on /dev/sda1.  Priority:-2 extents:1 across:1681428k 
[    9.441943] EXT4-fs (sda2): mounted filesystem with ordered data mode. Opts: errors=remount-ro
[    9.515380] EXT4-fs (sdb2): mounted filesystem with ordered data mode. Opts: errors=remount-ro
[    9.614747] systemd-journald[2088]: Received request to flush runtime journal from PID 1
[   10.750496] device-mapper: table: 252:0: thin-pool: unknown target type
[   10.751320] device-mapper: ioctl: error adding target to table
[   12.192576] iwlwifi 0000:03:00.0: Radio type=0x0-0x0-0x3
[   12.268532] iwlwifi 0000:03:00.0: Radio type=0x0-0x0-0x3
