[    0.000000] Linux version 4.17.0-next-20180607 (pavel@amd) (gcc version 4.9.2 (Debian 4.9.2-10+deb8u1)) #131 SMP Thu Jun 7 11:18:21 CEST 2018
[    0.000000] Disabled fast string operations
[    0.000000] x86/fpu: x87 FPU will use FXSAVE
[    0.000000] BIOS-provided physical RAM map:
[    0.000000] BIOS-e820: [mem 0x0000000000000000-0x000000000009efff] usable
[    0.000000] BIOS-e820: [mem 0x000000000009f000-0x000000000009ffff] reserved
[    0.000000] BIOS-e820: [mem 0x00000000000dc000-0x00000000000fffff] reserved
[    0.000000] BIOS-e820: [mem 0x0000000000100000-0x00000000bf6cffff] usable
[    0.000000] BIOS-e820: [mem 0x00000000bf6d0000-0x00000000bf6defff] ACPI data
[    0.000000] BIOS-e820: [mem 0x00000000bf6df000-0x00000000bf6fffff] ACPI NVS
[    0.000000] BIOS-e820: [mem 0x00000000bf700000-0x00000000bfffffff] reserved
[    0.000000] BIOS-e820: [mem 0x00000000f0000000-0x00000000f3ffffff] reserved
[    0.000000] BIOS-e820: [mem 0x00000000fec00000-0x00000000fec0ffff] reserved
[    0.000000] BIOS-e820: [mem 0x00000000fed00000-0x00000000fed003ff] reserved
[    0.000000] BIOS-e820: [mem 0x00000000fed14000-0x00000000fed19fff] reserved
[    0.000000] BIOS-e820: [mem 0x00000000fed1c000-0x00000000fed8ffff] reserved
[    0.000000] BIOS-e820: [mem 0x00000000fee00000-0x00000000fee00fff] reserved
[    0.000000] BIOS-e820: [mem 0x00000000ff800000-0x00000000ffffffff] reserved
[    0.000000] NX (Execute Disable) protection: active
[    0.000000] SMBIOS 2.4 present.
[    0.000000] DMI: LENOVO 17097HU/17097HU, BIOS 7BETD8WW (2.19 ) 03/31/2011
[    0.000000] e820: update [mem 0x00000000-0x00000fff] usable ==> reserved
[    0.000000] e820: remove [mem 0x000a0000-0x000fffff] usable
[    0.000000] last_pfn = 0xbf6d0 max_arch_pfn = 0x1000000
[    0.000000] MTRR default type: uncachable
[    0.000000] MTRR fixed ranges enabled:
[    0.000000]   00000-9FFFF write-back
[    0.000000]   A0000-BFFFF uncachable
[    0.000000]   C0000-CFFFF write-protect
[    0.000000]   D0000-DBFFF uncachable
[    0.000000]   DC000-DFFFF write-back
[    0.000000]   E0000-FFFFF write-protect
[    0.000000] MTRR variable ranges enabled:
[    0.000000]   0 base 000000000 mask F80000000 write-back
[    0.000000]   1 base 080000000 mask FC0000000 write-back
[    0.000000]   2 base 0BF700000 mask FFFF00000 uncachable
[    0.000000]   3 base 0BF800000 mask FFF800000 uncachable
[    0.000000]   4 disabled
[    0.000000]   5 disabled
[    0.000000]   6 disabled
[    0.000000]   7 disabled
[    0.000000] x86/PAT: PAT not supported by CPU.
[    0.000000] x86/PAT: Configuration [0-7]: WB  WT  UC- UC  WB  WT  UC- UC  
[    0.000000] initial memory mapped: [mem 0x00000000-0x05bfffff]
[    0.000000] Base memory trampoline at [(ptrval)] 9b000 size 16384
[    0.000000] BRK [0x057f3000, 0x057f3fff] PGTABLE
[    0.000000] BRK [0x057f4000, 0x057f4fff] PGTABLE
[    0.000000] ACPI: Early table checksum verification disabled
[    0.000000] ACPI: RSDP 0x00000000000F67C0 000024 (v02 LENOVO)
[    0.000000] ACPI: XSDT 0x00000000BF6D191C 000084 (v01 LENOVO TP-7B    00002190  LTP 00000000)
[    0.000000] ACPI: FACP 0x00000000BF6D1A00 0000F4 (v03 LENOVO TP-7B    00002190 LNVO 00000001)
[    0.000000] ACPI BIOS Warning (bug): 32/64X length mismatch in FADT/Gpe0Block: 64/32 (20180508/tbfadt-569)
[    0.000000] ACPI BIOS Warning (bug): Optional FADT field Gpe1Block has valid Address but zero Length: 0x000000000000102C/0x0 (20180508/tbfadt-624)
[    0.000000] ACPI: DSDT 0x00000000BF6D1D90 00CFB9 (v01 LENOVO TP-7B    00002190 MSFT 0100000E)
[    0.000000] ACPI: FACS 0x00000000BF6F4000 000040
[    0.000000] ACPI: FACS 0x00000000BF6F4000 000040
[    0.000000] ACPI: SSDT 0x00000000BF6D1BB4 0001DC (v01 LENOVO TP-7B    00002190 MSFT 0100000E)
[    0.000000] ACPI: ECDT 0x00000000BF6DED49 000052 (v01 LENOVO TP-7B    00002190 LNVO 00000001)
[    0.000000] ACPI: TCPA 0x00000000BF6DED9B 000032 (v02 LENOVO TP-7B    00002190 LNVO 00000001)
[    0.000000] ACPI: APIC 0x00000000BF6DEDCD 000068 (v01 LENOVO TP-7B    00002190 LNVO 00000001)
[    0.000000] ACPI: MCFG 0x00000000BF6DEE35 00003C (v01 LENOVO TP-7B    00002190 LNVO 00000001)
[    0.000000] ACPI: HPET 0x00000000BF6DEE71 000038 (v01 LENOVO TP-7B    00002190 LNVO 00000001)
[    0.000000] ACPI: BOOT 0x00000000BF6DEFD8 000028 (v01 LENOVO TP-7B    00002190  LTP 00000001)
[    0.000000] ACPI: SSDT 0x00000000BF6F2645 00025F (v01 LENOVO TP-7B    00002190 INTL 20050513)
[    0.000000] ACPI: SSDT 0x00000000BF6F28A4 0000A6 (v01 LENOVO TP-7B    00002190 INTL 20050513)
[    0.000000] ACPI: SSDT 0x00000000BF6F294A 0004F7 (v01 LENOVO TP-7B    00002190 INTL 20050513)
[    0.000000] ACPI: SSDT 0x00000000BF6F2E41 0001D8 (v01 LENOVO TP-7B    00002190 INTL 20050513)
[    0.000000] ACPI: Local APIC address 0xfee00000
[    0.000000] 2174MB HIGHMEM available.
[    0.000000] 887MB LOWMEM available.
[    0.000000]   mapped low ram: 0 - 377fe000
[    0.000000]   low ram: 0 - 377fe000
[    0.000000] tsc: Fast TSC calibration failed
[    0.000000] tsc: Using PIT calibration value
[    0.000000] BRK [0x057f5000, 0x057f5fff] PGTABLE
[    0.000000] Zone ranges:
[    0.000000]   DMA      [mem 0x0000000000001000-0x0000000000ffffff]
[    0.000000]   Normal   [mem 0x0000000001000000-0x00000000377fdfff]
[    0.000000]   HighMem  [mem 0x00000000377fe000-0x00000000bf6cffff]
[    0.000000] Movable zone start for each node
[    0.000000] Early memory node ranges
[    0.000000]   node   0: [mem 0x0000000000001000-0x000000000009efff]
[    0.000000]   node   0: [mem 0x0000000000100000-0x00000000bf6cffff]
[    0.000000] Initmem setup node 0 [mem 0x0000000000001000-0x00000000bf6cffff]
[    0.000000] On node 0 totalpages: 783982
[    0.000000]   DMA zone: 32 pages used for memmap
[    0.000000]   DMA zone: 0 pages reserved
[    0.000000]   DMA zone: 3998 pages, LIFO batch:0
[    0.000000]   Normal zone: 1744 pages used for memmap
[    0.000000]   Normal zone: 223230 pages, LIFO batch:31
[    0.000000]   HighMem zone: 556754 pages, LIFO batch:31
[    0.000000] Reserved but unavailable: 98 pages
[    0.000000] Using APIC driver default
[    0.000000] Reserving Intel graphics memory at [mem 0xbf800000-0xbfffffff]
[    0.000000] ACPI: PM-Timer IO Port: 0x1008
[    0.000000] ACPI: Local APIC address 0xfee00000
[    0.000000] ACPI: LAPIC_NMI (acpi_id[0x00] high edge lint[0x1])
[    0.000000] ACPI: LAPIC_NMI (acpi_id[0x01] high edge lint[0x1])
[    0.000000] IOAPIC[0]: apic_id 1, version 32, address 0xfec00000, GSI 0-23
[    0.000000] ACPI: INT_SRC_OVR (bus 0 bus_irq 0 global_irq 2 dfl dfl)
[    0.000000] ACPI: INT_SRC_OVR (bus 0 bus_irq 9 global_irq 9 high level)
[    0.000000] ACPI: IRQ0 used by override.
[    0.000000] ACPI: IRQ9 used by override.
[    0.000000] Using ACPI (MADT) for SMP configuration information
[    0.000000] ACPI: HPET id: 0x8086a201 base: 0xfed00000
[    0.000000] smpboot: Allowing 2 CPUs, 0 hotplug CPUs
[    0.000000] PM: Registered nosave memory: [mem 0x00000000-0x00000fff]
[    0.000000] PM: Registered nosave memory: [mem 0x0009f000-0x0009ffff]
[    0.000000] PM: Registered nosave memory: [mem 0x000a0000-0x000dbfff]
[    0.000000] PM: Registered nosave memory: [mem 0x000dc000-0x000fffff]
[    0.000000] [mem 0xc0000000-0xefffffff] available for PCI devices
[    0.000000] clocksource: refined-jiffies: mask: 0xffffffff max_cycles: 0xffffffff, max_idle_ns: 7645519600211568 ns
[    0.000000] random: get_random_bytes called from start_kernel+0x69/0x32b with crng_init=0
[    0.000000] setup_percpu: NR_CPUS:8 nr_cpumask_bits:8 nr_cpu_ids:2 nr_node_ids:1
[    0.000000] percpu: Embedded 29 pages/cpu @(ptrval) s86248 r0 d32536 u118784
[    0.000000] pcpu-alloc: s86248 r0 d32536 u118784 alloc=29*4096
[    0.000000] pcpu-alloc: [0] 0 [0] 1 
[    0.000000] Built 1 zonelists, mobility grouping on.  Total pages: 782206
[    0.000000] Kernel command line: BOOT_IMAGE=(hd0,2)/fast/l/linux-next-32/arch/x86/boot/bzImage root=/dev/sda4 resume=/dev/sda1
[    0.000000] Dentry cache hash table entries: 131072 (order: 7, 524288 bytes)
[    0.000000] Inode-cache hash table entries: 65536 (order: 6, 262144 bytes)
[    0.000000] Initializing CPU#0
[    0.000000] Initializing HighMem for node 0 (000377fe:000bf6d0)
[    0.000000] Initializing Movable for node 0 (00000000:00000000)
[    0.000000] Memory: 3085784K/3135928K available (11918K kernel code, 709K rwdata, 4768K rodata, 596K init, 6136K bss, 50144K reserved, 0K cma-reserved, 2227016K highmem)
[    0.000000] virtual kernel memory layout:
    fixmap  : 0xffe70000 - 0xfffff000   (1596 kB)
  cpu_entry : 0xffa00000 - 0xffb39000   (1252 kB)
    pkmap   : 0xff800000 - 0xffa00000   (2048 kB)
    vmalloc : 0xf7ffe000 - 0xff7fe000   ( 120 MB)
    lowmem  : 0xc0000000 - 0xf77fe000   ( 887 MB)
      .init : 0xc5126000 - 0xc51bb000   ( 596 kB)
      .data : 0xc4ba3a58 - 0xc5104440   (5506 kB)
      .text : 0xc4000000 - 0xc4ba3a58   (11918 kB)
[    0.000000] Checking if this processor honours the WP bit even in supervisor mode...Ok.
[    0.000000] rcu: Hierarchical RCU implementation.
[    0.000000] rcu: 	RCU restricting CPUs from NR_CPUS=8 to nr_cpu_ids=2.
[    0.000000] rcu: Adjusting geometry for rcu_fanout_leaf=16, nr_cpu_ids=2
[    0.000000] NR_IRQS: 2304, nr_irqs: 56, preallocated irqs: 16
[    0.000000] CPU 0 irqstacks, hard=(ptrval) soft=(ptrval)
[    0.000000] Console: colour VGA+ 80x25
[    0.000000] console [tty0] enabled
[    0.000000] Lock dependency validator: Copyright (c) 2006 Red Hat, Inc., Ingo Molnar
[    0.000000] ... MAX_LOCKDEP_SUBCLASSES:  8
[    0.000000] ... MAX_LOCK_DEPTH:          48
[    0.000000] ... MAX_LOCKDEP_KEYS:        8191
[    0.000000] ... CLASSHASH_SIZE:          4096
[    0.000000] ... MAX_LOCKDEP_ENTRIES:     32768
[    0.000000] ... MAX_LOCKDEP_CHAINS:      65536
[    0.000000] ... CHAINHASH_SIZE:          32768
[    0.000000]  memory used by lock dependency info: 4383 kB
[    0.000000]  per task-struct memory footprint: 1344 bytes
[    0.000000] ACPI: Core revision 20180508
[    0.000000] clocksource: hpet: mask: 0xffffffff max_cycles: 0xffffffff, max_idle_ns: 133484882848 ns
[    0.000000] hpet clockevent registered
[    0.000000] APIC: Switch to symmetric I/O mode setup
[    0.000000] Enabling APIC mode:  Flat.  Using 1 I/O APICs
[    0.000000] ..TIMER: vector=0x30 apic1=0 pin1=2 apic2=-1 pin2=-1
[    0.020000] tsc: Fast TSC calibration using PIT
[    0.024000] tsc: Detected 1828.760 MHz processor
[    0.024000] clocksource: tsc-early: mask: 0xffffffffffffffff max_cycles: 0x1a5c4a10ed0, max_idle_ns: 440795235198 ns
[    0.024000] Calibrating delay loop (skipped), value calculated using timer frequency.. 3657.52 BogoMIPS (lpj=7315040)
[    0.024000] pid_max: default: 32768 minimum: 301
[    0.024000] Mount-cache hash table entries: 2048 (order: 1, 8192 bytes)
[    0.024000] Mountpoint-cache hash table entries: 2048 (order: 1, 8192 bytes)
[    0.024000] Disabled fast string operations
[    0.024000] CPU: Physical Processor ID: 0
[    0.024000] CPU: Processor Core ID: 0
[    0.024000] process: using mwait in idle threads
[    0.024000] Last level iTLB entries: 4KB 128, 2MB 0, 4MB 2
[    0.024000] Last level dTLB entries: 4KB 128, 2MB 0, 4MB 8, 1GB 0
[    0.024000] Spectre V2 : Mitigation: Full generic retpoline
[    0.024000] Spectre V2 : Spectre v2 mitigation: Filling RSB on context switch
[    0.024000] Freeing SMP alternatives memory: 44K
[    0.036000] smpboot: CPU0: Genuine Intel(R) CPU           T2400  @ 1.83GHz (family: 0x6, model: 0xe, stepping: 0x8)
[    0.036000] Performance Events: Core events, core PMU driver.
[    0.036000] ... version:                1
[    0.036000] ... bit width:              40
[    0.036000] ... generic registers:      2
[    0.036000] ... value mask:             000000ffffffffff
[    0.036000] ... max period:             000000007fffffff
[    0.036000] ... fixed-purpose events:   0
[    0.036000] ... event mask:             0000000000000003
[    0.036000] rcu: Hierarchical SRCU implementation.
[    0.036000] NMI watchdog: Enabled. Permanently consumes one hw-PMU counter.
[    0.036057] smp: Bringing up secondary CPUs ...
[    0.037113] CPU 1 irqstacks, hard=(ptrval) soft=(ptrval)
[    0.037117] x86: Booting SMP configuration:
[    0.037199] .... node  #0, CPUs:      #1
[    0.004000] Initializing CPU#1
[    0.004000] Disabled fast string operations
[    0.039653] TSC synchronization [CPU#0 -> CPU#1]:
[    0.039966] Measured 579865 cycles TSC warp between CPUs, turning off TSC clock.
[    0.040000] tsc: Marking TSC unstable due to check_tsc_sync_source failed
[    0.040101] smp: Brought up 1 node, 2 CPUs
[    0.040101] smpboot: Max logical packages: 1
[    0.040166] smpboot: Total of 2 processors activated (7315.04 BogoMIPS)
[    0.041849] devtmpfs: initialized
[    0.041849] PM: Registering ACPI NVS region [mem 0xbf6df000-0xbf6fffff] (135168 bytes)
[    0.044074] clocksource: jiffies: mask: 0xffffffff max_cycles: 0xffffffff, max_idle_ns: 7645041785100000 ns
[    0.044186] futex hash table entries: 512 (order: 3, 32768 bytes)
[    0.044995] NET: Registered protocol family 16
[    0.046714] cpuidle: using governor ladder
[    0.046714] cpuidle: using governor menu
[    0.046714] Simple Boot Flag at 0x35 set to 0x1
[    0.046714] ACPI FADT declares the system doesn't support PCIe ASPM, so disable it
[    0.046714] ACPI: bus type PCI registered
[    0.046714] PCI: MMCONFIG for domain 0000 [bus 00-3f] at [mem 0xf0000000-0xf3ffffff] (base 0xf0000000)
[    0.048023] PCI: MMCONFIG at [mem 0xf0000000-0xf3ffffff] reserved in E820
[    0.048877] PCI: Using MMCONFIG for extended config space
[    0.048958] PCI: Using configuration type 1 for base access
[    0.049432] mtrr: your CPUs had inconsistent variable MTRR settings
[    0.049518] mtrr: probably your BIOS does not setup all CPUs.
[    0.049600] mtrr: corrected configuration.
[    0.110854] ACPI: Added _OSI(Module Device)
[    0.110939] ACPI: Added _OSI(Processor Device)
[    0.111017] ACPI: Added _OSI(3.0 _SCP Extensions)
[    0.111096] ACPI: Added _OSI(Processor Aggregator Device)
[    0.111180] ACPI: Added _OSI(Linux-Dell-Video)
[    0.111282] ACPI: EC: EC started
[    0.111357] ACPI: EC: interrupt blocked
[    0.111483] ACPI: \: Used as first EC
[    0.111559] ACPI: \: GPE=0x1c, EC_CMD/EC_SC=0x66, EC_DATA=0x62
[    0.111645] ACPI: \: Used as boot ECDT EC to handle transactions
[    0.176117] ACPI: 6 ACPI AML tables successfully acquired and loaded
[    0.209790] ACPI: Dynamic OEM Table Load:
[    0.209886] ACPI: SSDT 0x00000000F5AB6800 000240 (v01 PmRef  Cpu0Ist  00000100 INTL 20050513)
[    0.211457] ACPI: Dynamic OEM Table Load:
[    0.211551] ACPI: SSDT 0x00000000F512F800 00065A (v01 PmRef  Cpu0Cst  00000100 INTL 20050513)
[    0.214283] ACPI: Dynamic OEM Table Load:
[    0.214283] ACPI: SSDT 0x00000000F58B5F00 0000C8 (v01 PmRef  Cpu1Ist  00000100 INTL 20050513)
[    0.216483] ACPI: Dynamic OEM Table Load:
[    0.216575] ACPI: SSDT 0x00000000F58BCB40 000085 (v01 PmRef  Cpu1Cst  00000100 INTL 20050513)
[    0.217064] ACPI: Interpreter enabled
[    0.217152] ACPI: (supports S0 S3 S4 S5)
[    0.217233] ACPI: Using IOAPIC for interrupt routing
[    0.217445] PCI: Using host bridge windows from ACPI; if necessary, use "pci=nocrs" and report a bug
[    0.218492] ACPI: Enabled 4 GPEs in block 00 to 1F
[    0.243732] ACPI: Power Resource [PUBS] (on)
[    0.244892] acpi PNP0C0A:01: ACPI dock station (docks/bays count: 1)
[    0.252606] acpi LNXIOBAY:00: ACPI dock station (docks/bays count: 2)
[    0.266915] acpi IBM0079:00: ACPI dock station (docks/bays count: 3)
[    0.269314] ACPI: PCI Interrupt Link [LNKA] (IRQs 3 4 5 6 7 9 10 *11)
[    0.270156] ACPI: PCI Interrupt Link [LNKB] (IRQs 3 4 5 6 7 9 10 *11)
[    0.270995] ACPI: PCI Interrupt Link [LNKC] (IRQs 3 4 5 6 7 9 10 *11)
[    0.271833] ACPI: PCI Interrupt Link [LNKD] (IRQs 3 4 5 6 7 9 10 *11)
[    0.272685] ACPI: PCI Interrupt Link [LNKE] (IRQs 3 4 5 6 7 9 10 *11)
[    0.273525] ACPI: PCI Interrupt Link [LNKF] (IRQs 3 4 5 6 7 9 10 *11)
[    0.274364] ACPI: PCI Interrupt Link [LNKG] (IRQs 3 4 5 6 7 9 10 *11)
[    0.275203] ACPI: PCI Interrupt Link [LNKH] (IRQs 3 4 5 6 7 9 10 *11)
[    0.275762] ACPI: PCI Root Bridge [PCI0] (domain 0000 [bus 00-ff])
[    0.275861] acpi PNP0A08:00: _OSC: OS supports [ExtendedConfig ASPM ClockPM Segments]
[    0.276882] acpi PNP0A08:00: _OSC: not requesting OS control; OS requires [ExtendedConfig ASPM ClockPM MSI]
[    0.277017] acpi PNP0A08:00: [Firmware Info]: MMCONFIG for domain 0000 [bus 00-3f] only partially covers this bridge
[    0.277386] PCI host bridge to bus 0000:00
[    0.277466] pci_bus 0000:00: root bus resource [io  0x0000-0x0cf7 window]
[    0.277559] pci_bus 0000:00: root bus resource [io  0x0d00-0xffff window]
[    0.277652] pci_bus 0000:00: root bus resource [mem 0x000a0000-0x000bffff window]
[    0.277749] pci_bus 0000:00: root bus resource [mem 0x000d0000-0x000d3fff window]
[    0.277845] pci_bus 0000:00: root bus resource [mem 0x000d4000-0x000d7fff window]
[    0.277941] pci_bus 0000:00: root bus resource [mem 0x000d8000-0x000dbfff window]
[    0.278037] pci_bus 0000:00: root bus resource [mem 0xc0000000-0xfebfffff window]
[    0.278133] pci_bus 0000:00: root bus resource [mem 0xfed40000-0xfed40fff window]
[    0.278230] pci_bus 0000:00: root bus resource [bus 00-ff]
[    0.278346] pci 0000:00:00.0: [8086:27a0] type 00 class 0x060000
[    0.278801] pci 0000:00:02.0: [8086:27a2] type 00 class 0x030000
[    0.278824] pci 0000:00:02.0: reg 0x10: [mem 0xee100000-0xee17ffff]
[    0.278834] pci 0000:00:02.0: reg 0x14: [io  0x1800-0x1807]
[    0.278845] pci 0000:00:02.0: reg 0x18: [mem 0xd0000000-0xdfffffff pref]
[    0.278856] pci 0000:00:02.0: reg 0x1c: [mem 0xee200000-0xee23ffff]
[    0.279309] pci 0000:00:02.1: [8086:27a6] type 00 class 0x038000
[    0.279329] pci 0000:00:02.1: reg 0x10: [mem 0xee180000-0xee1fffff]
[    0.279816] pci 0000:00:1b.0: [8086:27d8] type 00 class 0x040300
[    0.279861] pci 0000:00:1b.0: reg 0x10: [mem 0xee240000-0xee243fff 64bit]
[    0.280033] pci 0000:00:1b.0: PME# supported from D0 D3hot D3cold
[    0.280496] pci 0000:00:1c.0: [8086:27d0] type 01 class 0x060400
[    0.280671] pci 0000:00:1c.0: PME# supported from D0 D3hot D3cold
[    0.281114] pci 0000:00:1c.1: [8086:27d2] type 01 class 0x060400
[    0.281290] pci 0000:00:1c.1: PME# supported from D0 D3hot D3cold
[    0.281734] pci 0000:00:1c.2: [8086:27d4] type 01 class 0x060400
[    0.281910] pci 0000:00:1c.2: PME# supported from D0 D3hot D3cold
[    0.282354] pci 0000:00:1c.3: [8086:27d6] type 01 class 0x060400
[    0.282530] pci 0000:00:1c.3: PME# supported from D0 D3hot D3cold
[    0.282976] pci 0000:00:1d.0: [8086:27c8] type 00 class 0x0c0300
[    0.283054] pci 0000:00:1d.0: reg 0x20: [io  0x1820-0x183f]
[    0.283508] pci 0000:00:1d.1: [8086:27c9] type 00 class 0x0c0300
[    0.283588] pci 0000:00:1d.1: reg 0x20: [io  0x1840-0x185f]
[    0.284043] pci 0000:00:1d.2: [8086:27ca] type 00 class 0x0c0300
[    0.284121] pci 0000:00:1d.2: reg 0x20: [io  0x1860-0x187f]
[    0.284570] pci 0000:00:1d.3: [8086:27cb] type 00 class 0x0c0300
[    0.284648] pci 0000:00:1d.3: reg 0x20: [io  0x1880-0x189f]
[    0.285088] pci 0000:00:1d.7: [8086:27cc] type 00 class 0x0c0320
[    0.285124] pci 0000:00:1d.7: reg 0x10: [mem 0xee444000-0xee4443ff]
[    0.285266] pci 0000:00:1d.7: PME# supported from D0 D3hot D3cold
[    0.285686] pci 0000:00:1e.0: [8086:2448] type 01 class 0x060401
[    0.286210] pci 0000:00:1f.0: [8086:27b9] type 00 class 0x060100
[    0.286368] pci 0000:00:1f.0: quirk: [io  0x1000-0x107f] claimed by ICH6 ACPI/GPIO/TCO
[    0.286472] pci 0000:00:1f.0: quirk: [io  0x1180-0x11bf] claimed by ICH6 GPIO
[    0.286568] pci 0000:00:1f.0: ICH7 LPC Generic IO decode 1 PIO at 1600 (mask 007f)
[    0.286666] pci 0000:00:1f.0: ICH7 LPC Generic IO decode 2 PIO at 15e0 (mask 000f)
[    0.286764] pci 0000:00:1f.0: ICH7 LPC Generic IO decode 3 PIO at 1680 (mask 001f)
[    0.287284] pci 0000:00:1f.1: [8086:27df] type 00 class 0x01018a
[    0.287315] pci 0000:00:1f.1: reg 0x10: [io  0x0000-0x0007]
[    0.287331] pci 0000:00:1f.1: reg 0x14: [io  0x0000-0x0003]
[    0.287347] pci 0000:00:1f.1: reg 0x18: [io  0x0000-0x0007]
[    0.287364] pci 0000:00:1f.1: reg 0x1c: [io  0x0000-0x0003]
[    0.287380] pci 0000:00:1f.1: reg 0x20: [io  0x1810-0x181f]
[    0.287414] pci 0000:00:1f.1: legacy IDE quirk: reg 0x10: [io  0x01f0-0x01f7]
[    0.287509] pci 0000:00:1f.1: legacy IDE quirk: reg 0x14: [io  0x03f6]
[    0.287599] pci 0000:00:1f.1: legacy IDE quirk: reg 0x18: [io  0x0170-0x0177]
[    0.287693] pci 0000:00:1f.1: legacy IDE quirk: reg 0x1c: [io  0x0376]
[    0.288194] pci 0000:00:1f.2: [8086:27c5] type 00 class 0x010601
[    0.288229] pci 0000:00:1f.2: reg 0x10: [io  0x18d0-0x18d7]
[    0.288246] pci 0000:00:1f.2: reg 0x14: [io  0x18c4-0x18c7]
[    0.288262] pci 0000:00:1f.2: reg 0x18: [io  0x18c8-0x18cf]
[    0.288278] pci 0000:00:1f.2: reg 0x1c: [io  0x18c0-0x18c3]
[    0.288295] pci 0000:00:1f.2: reg 0x20: [io  0x18b0-0x18bf]
[    0.288311] pci 0000:00:1f.2: reg 0x24: [mem 0xee444400-0xee4447ff]
[    0.288395] pci 0000:00:1f.2: PME# supported from D3hot
[    0.288810] pci 0000:00:1f.3: [8086:27da] type 00 class 0x0c0500
[    0.288908] pci 0000:00:1f.3: reg 0x20: [io  0x18e0-0x18ff]
[    0.289580] pci 0000:02:00.0: [8086:109a] type 00 class 0x020000
[    0.289645] pci 0000:02:00.0: reg 0x10: [mem 0xee000000-0xee01ffff]
[    0.289693] pci 0000:02:00.0: reg 0x18: [io  0x2000-0x201f]
[    0.289945] pci 0000:02:00.0: PME# supported from D0 D3hot D3cold
[    0.290311] pci 0000:00:1c.0: PCI bridge to [bus 02]
[    0.290398] pci 0000:00:1c.0:   bridge window [io  0x2000-0x2fff]
[    0.290406] pci 0000:00:1c.0:   bridge window [mem 0xee000000-0xee0fffff]
[    0.290674] pci 0000:03:00.0: [8086:4227] type 00 class 0x028000
[    0.290783] pci 0000:03:00.0: reg 0x10: [mem 0xedf00000-0xedf00fff]
[    0.291287] pci 0000:03:00.0: PME# supported from D0 D3hot D3cold
[    0.291699] pci 0000:00:1c.1: PCI bridge to [bus 03]
[    0.291786] pci 0000:00:1c.1:   bridge window [io  0x3000-0x4fff]
[    0.291794] pci 0000:00:1c.1:   bridge window [mem 0xec000000-0xedffffff]
[    0.291805] pci 0000:00:1c.1:   bridge window [mem 0xe4000000-0xe40fffff 64bit pref]
[    0.291959] pci 0000:00:1c.2: PCI bridge to [bus 04-0b]
[    0.292011] pci 0000:00:1c.2:   bridge window [io  0x5000-0x6fff]
[    0.292019] pci 0000:00:1c.2:   bridge window [mem 0xe8000000-0xe9ffffff]
[    0.292030] pci 0000:00:1c.2:   bridge window [mem 0xe4100000-0xe41fffff 64bit pref]
[    0.292183] pci 0000:00:1c.3: PCI bridge to [bus 0c-13]
[    0.292273] pci 0000:00:1c.3:   bridge window [io  0x7000-0x8fff]
[    0.292280] pci 0000:00:1c.3:   bridge window [mem 0xea000000-0xebffffff]
[    0.292292] pci 0000:00:1c.3:   bridge window [mem 0xe4200000-0xe42fffff 64bit pref]
[    0.292334] pci_bus 0000:15: extended config space not accessible
[    0.292531] pci 0000:15:00.0: [1180:0476] type 02 class 0x060700
[    0.292563] pci 0000:15:00.0: reg 0x10: [mem 0xe4300000-0xe4300fff]
[    0.292636] pci 0000:15:00.0: supports D1 D2
[    0.292640] pci 0000:15:00.0: PME# supported from D0 D1 D2 D3hot D3cold
[    0.292895] pci 0000:15:00.1: [1180:0552] type 00 class 0x0c0010
[    0.292924] pci 0000:15:00.1: reg 0x10: [mem 0xe4301000-0xe43017ff]
[    0.293071] pci 0000:15:00.1: PME# supported from D0 D3hot D3cold
[    0.293287] pci 0000:15:00.2: [1180:0822] type 00 class 0x080500
[    0.293316] pci 0000:15:00.2: reg 0x10: [mem 0xe4301800-0xe43018ff]
[    0.293463] pci 0000:15:00.2: supports D1 D2
[    0.293467] pci 0000:15:00.2: PME# supported from D0 D1 D2 D3hot D3cold
[    0.293735] pci 0000:00:1e.0: PCI bridge to [bus 15-18] (subtractive decode)
[    0.293833] pci 0000:00:1e.0:   bridge window [io  0x9000-0xcfff]
[    0.293841] pci 0000:00:1e.0:   bridge window [mem 0xe4300000-0xe7ffffff]
[    0.293852] pci 0000:00:1e.0:   bridge window [mem 0xe0000000-0xe3ffffff 64bit pref]
[    0.293858] pci 0000:00:1e.0:   bridge window [io  0x0000-0x0cf7 window] (subtractive decode)
[    0.293862] pci 0000:00:1e.0:   bridge window [io  0x0d00-0xffff window] (subtractive decode)
[    0.293867] pci 0000:00:1e.0:   bridge window [mem 0x000a0000-0x000bffff window] (subtractive decode)
[    0.293872] pci 0000:00:1e.0:   bridge window [mem 0x000d0000-0x000d3fff window] (subtractive decode)
[    0.293877] pci 0000:00:1e.0:   bridge window [mem 0x000d4000-0x000d7fff window] (subtractive decode)
[    0.293881] pci 0000:00:1e.0:   bridge window [mem 0x000d8000-0x000dbfff window] (subtractive decode)
[    0.293886] pci 0000:00:1e.0:   bridge window [mem 0xc0000000-0xfebfffff window] (subtractive decode)
[    0.293891] pci 0000:00:1e.0:   bridge window [mem 0xfed40000-0xfed40fff window] (subtractive decode)
[    0.293937] pci_bus 0000:16: extended config space not accessible
[    0.294124] pci_bus 0000:16: busn_res: [bus 16-18] end is updated to 17
[    0.294180] pci_bus 0000:00: on NUMA node 0
[    0.301085] ACPI: EC: interrupt unblocked
[    0.301198] ACPI: EC: event unblocked
[    0.301307] ACPI: \_SB_.PCI0.LPC_.EC__: GPE=0x1c, EC_CMD/EC_SC=0x66, EC_DATA=0x62
[    0.301404] ACPI: \_SB_.PCI0.LPC_.EC__: Used as boot DSDT EC to handle transactions and events
[    0.302101] pci 0000:00:02.0: vgaarb: setting as boot VGA device
[    0.302192] pci 0000:00:02.0: vgaarb: VGA device added: decodes=io+mem,owns=io+mem,locks=none
[    0.302329] pci 0000:00:02.0: vgaarb: bridge control possible
[    0.302411] vgaarb: loaded
[    0.303017] SCSI subsystem initialized
[    0.303382] libata version 3.00 loaded.
[    0.303596] ACPI: bus type USB registered
[    0.303805] usbcore: registered new interface driver usbfs
[    0.303956] usbcore: registered new interface driver hub
[    0.304204] usbcore: registered new device driver usb
[    0.304412] media: Linux media interface: v0.10
[    0.304537] videodev: Linux video capture interface: v2.00
[    0.304698] pps_core: LinuxPPS API ver. 1 registered
[    0.304780] pps_core: Software ver. 5.3.6 - Copyright 2005-2007 Rodolfo Giometti <giometti@linux.it>
[    0.304930] PTP clock support registered
[    0.305463] EDAC MC: Ver: 3.0.0
[    0.306240] Advanced Linux Sound Architecture Driver Initialized.
[    0.306240] PCI: Using ACPI for IRQ routing
[    0.309564] PCI: pci_cache_line_size set to 64 bytes
[    0.309894] e820: reserve RAM buffer [mem 0x0009f000-0x0009ffff]
[    0.309900] e820: reserve RAM buffer [mem 0xbf6d0000-0xbfffffff]
[    0.310566] Bluetooth: Core ver 2.22
[    0.310714] NET: Registered protocol family 31
[    0.310791] Bluetooth: HCI device and connection manager initialized
[    0.310891] Bluetooth: HCI socket layer initialized
[    0.310972] Bluetooth: L2CAP socket layer initialized
[    0.311093] Bluetooth: SCO socket layer initialized
[    0.311683] clocksource: Switched to clocksource hpet
[    0.311683] pnp: PnP ACPI init
[    0.311784] system 00:00: [mem 0x00000000-0x0009ffff] could not be reserved
[    0.311885] system 00:00: [mem 0x000c0000-0x000c3fff] could not be reserved
[    0.311982] system 00:00: [mem 0x000c4000-0x000c7fff] could not be reserved
[    0.312094] system 00:00: [mem 0x000c8000-0x000cbfff] has been reserved
[    0.312187] system 00:00: [mem 0x000cc000-0x000cffff] has been reserved
[    0.312282] system 00:00: [mem 0x000dc000-0x000dffff] could not be reserved
[    0.312378] system 00:00: [mem 0x000e0000-0x000e3fff] could not be reserved
[    0.312475] system 00:00: [mem 0x000e4000-0x000e7fff] could not be reserved
[    0.312571] system 00:00: [mem 0x000e8000-0x000ebfff] could not be reserved
[    0.312668] system 00:00: [mem 0x000ec000-0x000effff] could not be reserved
[    0.312764] system 00:00: [mem 0x000f0000-0x000fffff] could not be reserved
[    0.312861] system 00:00: [mem 0x00100000-0xbfffffff] could not be reserved
[    0.312957] system 00:00: [mem 0xfec00000-0xfed3ffff] could not be reserved
[    0.313054] system 00:00: [mem 0xfed41000-0xffffffff] could not be reserved
[    0.313196] system 00:00: Plug and Play ACPI device, IDs PNP0c01 (active)
[    0.313685] system 00:01: [io  0x164e-0x164f] has been reserved
[    0.313779] system 00:01: [io  0x1000-0x107f] has been reserved
[    0.313870] system 00:01: [io  0x1180-0x11bf] has been reserved
[    0.313960] system 00:01: [io  0x0800-0x080f] has been reserved
[    0.314049] system 00:01: [io  0x15e0-0x15ef] has been reserved
[    0.314141] system 00:01: [io  0x1600-0x165f] could not be reserved
[    0.314233] system 00:01: [mem 0xf0000000-0xf3ffffff] has been reserved
[    0.314327] system 00:01: [mem 0xfed1c000-0xfed1ffff] has been reserved
[    0.314420] system 00:01: [mem 0xfed14000-0xfed17fff] has been reserved
[    0.314514] system 00:01: [mem 0xfed18000-0xfed18fff] has been reserved
[    0.314608] system 00:01: [mem 0xfed19000-0xfed19fff] has been reserved
[    0.314735] system 00:01: Plug and Play ACPI device, IDs PNP0c02 (active)
[    0.315045] pnp 00:02: Plug and Play ACPI device, IDs PNP0b00 (active)
[    0.315182] pnp 00:03: Plug and Play ACPI device, IDs PNP0303 (active)
[    0.315322] pnp 00:04: Plug and Play ACPI device, IDs IBM3780 PNP0f13 (active)
[    0.316086] pnp 00:05: [dma 3]
[    0.316293] pnp 00:05: Plug and Play ACPI device, IDs IBM0071 PNP0511 (active)
[    0.316532] pnp 00:06: Plug and Play ACPI device, IDs ATM1200 PNP0c31 (active)
[    0.318942] pnp: PnP ACPI: found 7 devices
[    0.366379] clocksource: acpi_pm: mask: 0xffffff max_cycles: 0xffffff, max_idle_ns: 2085701024 ns
[    0.366527] pci 0000:00:1c.0: bridge window [mem 0x00100000-0x000fffff 64bit pref] to [bus 02] add_size 200000 add_align 100000
[    0.366611] pci 0000:00:1c.0: BAR 9: assigned [mem 0xc0000000-0xc01fffff 64bit pref]
[    0.366709] pci 0000:00:1c.0: PCI bridge to [bus 02]
[    0.366792] pci 0000:00:1c.0:   bridge window [io  0x2000-0x2fff]
[    0.366883] pci 0000:00:1c.0:   bridge window [mem 0xee000000-0xee0fffff]
[    0.366974] pci 0000:00:1c.0:   bridge window [mem 0xc0000000-0xc01fffff 64bit pref]
[    0.367075] pci 0000:00:1c.1: PCI bridge to [bus 03]
[    0.367156] pci 0000:00:1c.1:   bridge window [io  0x3000-0x4fff]
[    0.367247] pci 0000:00:1c.1:   bridge window [mem 0xec000000-0xedffffff]
[    0.367339] pci 0000:00:1c.1:   bridge window [mem 0xe4000000-0xe40fffff 64bit pref]
[    0.367440] pci 0000:00:1c.2: PCI bridge to [bus 04-0b]
[    0.367523] pci 0000:00:1c.2:   bridge window [io  0x5000-0x6fff]
[    0.367613] pci 0000:00:1c.2:   bridge window [mem 0xe8000000-0xe9ffffff]
[    0.367705] pci 0000:00:1c.2:   bridge window [mem 0xe4100000-0xe41fffff 64bit pref]
[    0.367804] pci 0000:00:1c.3: PCI bridge to [bus 0c-13]
[    0.367887] pci 0000:00:1c.3:   bridge window [io  0x7000-0x8fff]
[    0.367978] pci 0000:00:1c.3:   bridge window [mem 0xea000000-0xebffffff]
[    0.368089] pci 0000:00:1c.3:   bridge window [mem 0xe4200000-0xe42fffff 64bit pref]
[    0.368200] pci 0000:15:00.0: BAR 9: assigned [mem 0xe0000000-0xe3ffffff pref]
[    0.368296] pci 0000:15:00.0: BAR 10: assigned [mem 0xc4000000-0xc7ffffff]
[    0.368386] pci 0000:15:00.0: BAR 7: assigned [io  0x9000-0x90ff]
[    0.368472] pci 0000:15:00.0: BAR 8: assigned [io  0x9400-0x94ff]
[    0.368565] pci 0000:15:00.0: CardBus bridge to [bus 16-17]
[    0.368648] pci 0000:15:00.0:   bridge window [io  0x9000-0x90ff]
[    0.368737] pci 0000:15:00.0:   bridge window [io  0x9400-0x94ff]
[    0.368825] pci 0000:15:00.0:   bridge window [mem 0xe0000000-0xe3ffffff pref]
[    0.368920] pci 0000:15:00.0:   bridge window [mem 0xc4000000-0xc7ffffff]
[    0.369013] pci 0000:00:1e.0: PCI bridge to [bus 15-18]
[    0.369095] pci 0000:00:1e.0:   bridge window [io  0x9000-0xcfff]
[    0.369186] pci 0000:00:1e.0:   bridge window [mem 0xe4300000-0xe7ffffff]
[    0.369277] pci 0000:00:1e.0:   bridge window [mem 0xe0000000-0xe3ffffff 64bit pref]
[    0.369378] pci_bus 0000:00: resource 4 [io  0x0000-0x0cf7 window]
[    0.369383] pci_bus 0000:00: resource 5 [io  0x0d00-0xffff window]
[    0.369387] pci_bus 0000:00: resource 6 [mem 0x000a0000-0x000bffff window]
[    0.369391] pci_bus 0000:00: resource 7 [mem 0x000d0000-0x000d3fff window]
[    0.369395] pci_bus 0000:00: resource 8 [mem 0x000d4000-0x000d7fff window]
[    0.369399] pci_bus 0000:00: resource 9 [mem 0x000d8000-0x000dbfff window]
[    0.369403] pci_bus 0000:00: resource 10 [mem 0xc0000000-0xfebfffff window]
[    0.369407] pci_bus 0000:00: resource 11 [mem 0xfed40000-0xfed40fff window]
[    0.369412] pci_bus 0000:02: resource 0 [io  0x2000-0x2fff]
[    0.369416] pci_bus 0000:02: resource 1 [mem 0xee000000-0xee0fffff]
[    0.369420] pci_bus 0000:02: resource 2 [mem 0xc0000000-0xc01fffff 64bit pref]
[    0.369424] pci_bus 0000:03: resource 0 [io  0x3000-0x4fff]
[    0.369428] pci_bus 0000:03: resource 1 [mem 0xec000000-0xedffffff]
[    0.369432] pci_bus 0000:03: resource 2 [mem 0xe4000000-0xe40fffff 64bit pref]
[    0.369437] pci_bus 0000:04: resource 0 [io  0x5000-0x6fff]
[    0.369441] pci_bus 0000:04: resource 1 [mem 0xe8000000-0xe9ffffff]
[    0.369445] pci_bus 0000:04: resource 2 [mem 0xe4100000-0xe41fffff 64bit pref]
[    0.369449] pci_bus 0000:0c: resource 0 [io  0x7000-0x8fff]
[    0.369453] pci_bus 0000:0c: resource 1 [mem 0xea000000-0xebffffff]
[    0.369457] pci_bus 0000:0c: resource 2 [mem 0xe4200000-0xe42fffff 64bit pref]
[    0.369461] pci_bus 0000:15: resource 0 [io  0x9000-0xcfff]
[    0.369465] pci_bus 0000:15: resource 1 [mem 0xe4300000-0xe7ffffff]
[    0.369469] pci_bus 0000:15: resource 2 [mem 0xe0000000-0xe3ffffff 64bit pref]
[    0.369473] pci_bus 0000:15: resource 4 [io  0x0000-0x0cf7 window]
[    0.369478] pci_bus 0000:15: resource 5 [io  0x0d00-0xffff window]
[    0.369482] pci_bus 0000:15: resource 6 [mem 0x000a0000-0x000bffff window]
[    0.369486] pci_bus 0000:15: resource 7 [mem 0x000d0000-0x000d3fff window]
[    0.369490] pci_bus 0000:15: resource 8 [mem 0x000d4000-0x000d7fff window]
[    0.369494] pci_bus 0000:15: resource 9 [mem 0x000d8000-0x000dbfff window]
[    0.369498] pci_bus 0000:15: resource 10 [mem 0xc0000000-0xfebfffff window]
[    0.369502] pci_bus 0000:15: resource 11 [mem 0xfed40000-0xfed40fff window]
[    0.369506] pci_bus 0000:16: resource 0 [io  0x9000-0x90ff]
[    0.369510] pci_bus 0000:16: resource 1 [io  0x9400-0x94ff]
[    0.369514] pci_bus 0000:16: resource 2 [mem 0xe0000000-0xe3ffffff pref]
[    0.369519] pci_bus 0000:16: resource 3 [mem 0xc4000000-0xc7ffffff]
[    0.369987] NET: Registered protocol family 2
[    0.370700] tcp_listen_portaddr_hash hash table entries: 512 (order: 2, 20480 bytes)
[    0.370845] TCP established hash table entries: 8192 (order: 3, 32768 bytes)
[    0.371001] TCP bind hash table entries: 8192 (order: 6, 294912 bytes)
[    0.371585] TCP: Hash tables configured (established 8192 bind 8192)
[    0.372000] UDP hash table entries: 512 (order: 3, 40960 bytes)
[    0.372178] UDP-Lite hash table entries: 512 (order: 3, 40960 bytes)
[    0.372473] NET: Registered protocol family 1
[    0.373205] RPC: Registered named UNIX socket transport module.
[    0.373293] RPC: Registered udp transport module.
[    0.373372] RPC: Registered tcp transport module.
[    0.373452] RPC: Registered tcp NFSv4.1 backchannel transport module.
[    0.374856] pci 0000:00:02.0: Video device with shadowed ROM at [mem 0x000c0000-0x000dffff]
[    0.379265] PCI: CLS mismatch (64 != 32), using 64 bytes
[    0.382012] Initialise system trusted keyrings
[    0.382469] workingset: timestamp_bits=30 max_order=20 bucket_order=0
[    0.385133] Installing knfsd (copyright (C) 1996 okir@monad.swb.de).
[    0.385634] ntfs: driver 2.1.32 [Flags: R/W].
[    0.385950] fuse init (API version 7.27)
[    0.386639] pstore: using deflate compression
[    0.390086] Key type asymmetric registered
[    0.390174] Asymmetric key parser 'x509' registered
[    0.390388] bounce: pool size: 64 pages
[    0.390567] Block layer SCSI generic (bsg) driver version 0.4 loaded (major 249)
[    0.390672] io scheduler noop registered
[    0.390747] io scheduler deadline registered
[    0.390856] io scheduler cfq registered (default)
[    0.390934] io scheduler mq-deadline registered
[    0.391046] io scheduler bfq registered
[    0.393714] intel_idle: does not run on family 6 model 14
[    0.394166] ACPI: Deprecated procfs I/F for AC is loaded, please retry with CONFIG_ACPI_PROCFS_POWER cleared
[    0.394445] ACPI: AC Adapter [AC] (on-line)
[    0.394844] input: Lid Switch as /devices/LNXSYSTM:00/LNXSYBUS:00/PNP0C0D:00/input/input0
[    0.395112] ACPI: Lid Switch [LID]
[    0.395397] input: Sleep Button as /devices/LNXSYSTM:00/LNXSYBUS:00/PNP0C0E:00/input/input1
[    0.395566] ACPI: Sleep Button [SLPB]
[    0.395879] input: Power Button as /devices/LNXSYSTM:00/LNXPWRBN:00/input/input2
[    0.396052] ACPI: Power Button [PWRF]
[    0.396564] ACPI: Video Device [VID] (multi-head: yes  rom: no  post: no)
[    0.404344] acpi device:01: registered as cooling_device0
[    0.404818] input: Video Bus as /devices/LNXSYSTM:00/LNXSYBUS:00/PNP0A08:00/LNXVIDEO:00/input/input3
[    0.422122] thermal LNXTHERM:00: registered as thermal_zone0
[    0.422213] ACPI: Thermal Zone [THM0] (82 C)
[    0.426016] thermal LNXTHERM:01: registered as thermal_zone1
[    0.426104] ACPI: Thermal Zone [THM1] (79 C)
[    0.426928] Serial: 8250/16550 driver, 4 ports, IRQ sharing disabled
[    0.428550] serial8250: ttyS1 at I/O 0x2f8 (irq = 3, base_baud = 921600) is a NS16550A
[    0.432354] lp: driver loaded but no devices found
[    0.432895] Non-volatile memory driver v1.3
[    0.433373] intel_rng: FWH not detected
[    0.433609] Linux agpgart interface v0.103
[    0.434422] [drm] radeon kernel modesetting enabled.
[    0.435927] pci 0000:00:00.0: Intel 945GM Chipset
[    0.436119] pci 0000:00:00.0: detected gtt size: 262144K total, 262144K mappable
[    0.436853] pci 0000:00:00.0: detected 8192K stolen memory
[    0.437130] [drm] Replacing VGA console driver
[    0.438584] Console: switching to colour dummy device 80x25
[    0.440415] [drm] Supports vblank timestamp caching Rev 2 (21.10.2013).
[    0.440452] [drm] Driver supports precise vblank timestamp query.
[    0.440496] resource sanity check: requesting [mem 0x000c0000-0x000dffff], which spans more than pnp 00:00 [mem 0x000c8000-0x000cbfff]
[    0.440568] caller pci_map_rom+0x58/0xf0 mapping multiple BARs
[    0.442371] i915 0000:00:02.0: vgaarb: changed VGA decodes: olddecodes=io+mem,decodes=io+mem:owns=io+mem
[    0.459048] ACPI: Deprecated procfs I/F for battery is loaded, please retry with CONFIG_ACPI_PROCFS_POWER cleared
[    0.459124] ACPI: Battery Slot [BAT0] (battery present)
[    0.492076] random: fast init done
[    0.518992] [drm] RC6 disabled, disabling runtime PM support
[    0.519288] [drm] initialized overlay support
[    0.520880] [drm] Initialized i915 1.6.0 20180514 for 0000:00:02.0 on minor 0
[    0.522015] usbcore: registered new interface driver udl
[    0.535118] loop: module loaded
[    0.547387] fbcon: inteldrmfb (fb0) is primary device
[    0.558365] ahci 0000:00:1f.2: version 3.0
[    0.559129] ahci 0000:00:1f.2: AHCI 0001.0100 32 slots 4 ports 1.5 Gbps 0x1 impl SATA mode
[    0.559135] ahci 0000:00:1f.2: flags: 64bit ncq pm led clo pio slum part 
[    0.561526] scsi host0: ahci
[    0.562081] scsi host1: ahci
[    0.562570] scsi host2: ahci
[    0.563086] scsi host3: ahci
[    0.563332] ata1: SATA max UDMA/133 abar m1024@0xee444400 port 0xee444500 irq 16
[    0.563334] ata2: DUMMY
[    0.563336] ata3: DUMMY
[    0.563338] ata4: DUMMY
[    0.563514] ata_piix 0000:00:1f.1: version 2.13
[    0.566420] scsi host4: ata_piix
[    0.567559] scsi host5: ata_piix
[    0.567768] ata5: PATA max UDMA/100 cmd 0x1f0 ctl 0x3f6 bmdma 0x1810 irq 14
[    0.567770] ata6: PATA max UDMA/100 cmd 0x170 ctl 0x376 bmdma 0x1818 irq 15
[    0.568907] tun: Universal TUN/TAP device driver, 1.6
[    0.569441] e1000: Intel(R) PRO/1000 Network Driver - version 7.3.21-k8-NAPI
[    0.569443] e1000: Copyright (c) 1999-2006 Intel Corporation.
[    0.569517] e1000e: Intel(R) PRO/1000 Network Driver - 3.2.6-k
[    0.569518] e1000e: Copyright(c) 1999 - 2015 Intel Corporation.
[    0.569635] e1000e 0000:02:00.0: Disabling ASPM  L1
[    0.569638] e1000e 0000:02:00.0: can't disable ASPM; OS doesn't have ASPM control
[    0.570054] e1000e 0000:02:00.0: Interrupt Throttling Rate (ints/sec) set to dynamic conservative mode
[    0.570377] ata6: port disabled--ignoring
[    0.696918] e1000e 0000:02:00.0 eth0: (PCI Express:2.5GT/s:Width x1) 00:16:d3:25:19:04
[    0.696922] e1000e 0000:02:00.0 eth0: Intel(R) PRO/1000 Network Connection
[    0.697001] e1000e 0000:02:00.0 eth0: MAC: 2, PHY: 2, PBA No: 005302-003
[    0.697265] PPP generic driver version 2.4.2
[    0.697545] PPP BSD Compression module registered
[    0.697548] PPP Deflate Compression module registered
[    0.697552] SLIP: version 0.8.4-NET3.019-NEWTTY (dynamic channels, max=256).
[    0.697553] CSLIP: code copyright 1989 Regents of the University of California.
[    0.697641] iwl3945: Intel(R) PRO/Wireless 3945ABG/BG Network Connection driver for Linux, in-tree:ds
[    0.697643] iwl3945: Copyright(c) 2003-2011 Intel Corporation
[    0.697644] iwl3945: hw_scan is disabled
[    0.697862] iwl3945 0000:03:00.0: can't disable ASPM; OS doesn't have ASPM control
[    0.752667] iwl3945 0000:03:00.0: Tunable channels: 11 802.11bg, 13 802.11a channels
[    0.752670] iwl3945 0000:03:00.0: Detected Intel Wireless WiFi Link 3945ABG
[    0.753571] ieee80211 phy0: Selected rate control algorithm 'iwl-3945-rs'
[    0.754517] Intel(R) Wireless WiFi driver for Linux
[    0.754518] Copyright(c) 2003- 2015 Intel Corporation
[    0.754755] usbcore: registered new interface driver ax88179_178a
[    0.754800] usbcore: registered new interface driver cdc_ether
[    0.754842] usbcore: registered new interface driver net1080
[    0.754895] usbcore: registered new interface driver cdc_subset
[    0.754938] usbcore: registered new interface driver zaurus
[    0.754995] usbcore: registered new interface driver cdc_ncm
[    0.755079] pci 0000:00:1e.0: enabling device (0005 -> 0007)
[    0.755314] yenta_cardbus 0000:15:00.0: CardBus bridge found [17aa:201c]
[    0.880106] ata1: SATA link up 1.5 Gbps (SStatus 113 SControl 300)
[    0.937014] ata1.00: ACPI cmd ef/02:00:00:00:00:a0 (SET FEATURES) succeeded
[    0.937019] ata1.00: ACPI cmd f5/00:00:00:00:00:a0 (SECURITY FREEZE LOCK) filtered out
[    0.937023] ata1.00: ACPI cmd ef/10:03:00:00:00:a0 (SET FEATURES) filtered out
[    0.981007] ata1.00: ATA-9: ST1000LM014-1EJ164, SM11, max UDMA/133
[    0.981011] ata1.00: 1953525168 sectors, multi 16: LBA48 NCQ (depth 32), AA
[    1.025712] ata1.00: ACPI cmd ef/02:00:00:00:00:a0 (SET FEATURES) succeeded
[    1.025717] ata1.00: ACPI cmd f5/00:00:00:00:00:a0 (SECURITY FREEZE LOCK) filtered out
[    1.025721] ata1.00: ACPI cmd ef/10:03:00:00:00:a0 (SET FEATURES) filtered out
[    1.069759] ata1.00: configured for UDMA/133
[    1.271319] Console: switching to colour frame buffer device 102x42
[    1.398094] i915 0000:00:02.0: fb0: inteldrmfb frame buffer device
[    1.401365] scsi 0:0:0:0: Direct-Access     ATA      ST1000LM014-1EJ1 SM11 PQ: 0 ANSI: 5
[    1.405157] sd 0:0:0:0: Attached scsi generic sg0 type 0
[    1.405212] sd 0:0:0:0: [sda] 1953525168 512-byte logical blocks: (1.00 TB/932 GiB)
[    1.410312] sd 0:0:0:0: [sda] 4096-byte physical blocks
[    1.412968] sd 0:0:0:0: [sda] Write Protect is off
[    1.415483] sd 0:0:0:0: [sda] Mode Sense: 00 3a 00 00
[    1.415633] sd 0:0:0:0: [sda] Write cache: enabled, read cache: enabled, doesn't support DPO or FUA
[    1.420215]  sda: sda1 sda2 sda3 sda4
[    1.425046] sd 0:0:0:0: [sda] Attached SCSI disk
[    1.565185] yenta_cardbus 0000:15:00.0: ISA IRQ mask 0x0cb8, PCI irq 16
[    1.567815] yenta_cardbus 0000:15:00.0: Socket status: 30000006
[    1.571336] yenta_cardbus 0000:15:00.0: pcmcia: parent PCI bridge window: [io  0x9000-0xcfff]
[    1.573931] yenta_cardbus 0000:15:00.0: pcmcia: parent PCI bridge window: [mem 0xe4300000-0xe7ffffff]
[    1.576466] pcmcia_socket pcmcia_socket0: cs: memory probe 0xe4300000-0xe7ffffff:
[    1.579021]  excluding 0xe4300000-0xe46cffff
[    1.581588] yenta_cardbus 0000:15:00.0: pcmcia: parent PCI bridge window: [mem 0xe0000000-0xe3ffffff 64bit pref]
[    1.584271] pcmcia_socket pcmcia_socket0: cs: memory probe 0xe0000000-0xe3ffffff:
[    1.587002]  excluding 0xe0000000-0xe3ffffff
[    1.590680] ehci_hcd: USB 2.0 'Enhanced' Host Controller (EHCI) Driver
[    1.593391] ehci-pci: EHCI PCI platform driver
[    1.596597] ehci-pci 0000:00:1d.7: EHCI Host Controller
[    1.599604] ehci-pci 0000:00:1d.7: new USB bus registered, assigned bus number 1
[    1.602472] ehci-pci 0000:00:1d.7: debug port 1
[    1.609257] ehci-pci 0000:00:1d.7: cache line size of 64 is not supported
[    1.609307] ehci-pci 0000:00:1d.7: irq 19, io mem 0xee444000
[    1.628130] ehci-pci 0000:00:1d.7: USB 2.0 started, EHCI 1.00
[    1.631517] usb usb1: New USB device found, idVendor=1d6b, idProduct=0002, bcdDevice= 4.17
[    1.634525] usb usb1: New USB device strings: Mfr=3, Product=2, SerialNumber=1
[    1.637489] usb usb1: Product: EHCI Host Controller
[    1.640401] usb usb1: Manufacturer: Linux 4.17.0-next-20180607 ehci_hcd
[    1.643299] usb usb1: SerialNumber: 0000:00:1d.7
[    1.646891] hub 1-0:1.0: USB hub found
[    1.649860] hub 1-0:1.0: 8 ports detected
[    1.654618] ohci_hcd: USB 1.1 'Open' Host Controller (OHCI) Driver
[    1.657426] ohci-pci: OHCI PCI platform driver
[    1.660277] uhci_hcd: USB Universal Host Controller Interface driver
[    1.663559] uhci_hcd 0000:00:1d.0: UHCI Host Controller
[    1.666603] uhci_hcd 0000:00:1d.0: new USB bus registered, assigned bus number 2
[    1.669452] uhci_hcd 0000:00:1d.0: detected 2 ports
[    1.672216] uhci_hcd 0000:00:1d.0: irq 16, io base 0x00001820
[    1.675364] usb usb2: New USB device found, idVendor=1d6b, idProduct=0001, bcdDevice= 4.17
[    1.678149] usb usb2: New USB device strings: Mfr=3, Product=2, SerialNumber=1
[    1.680908] usb usb2: Product: UHCI Host Controller
[    1.683626] usb usb2: Manufacturer: Linux 4.17.0-next-20180607 uhci_hcd
[    1.686364] usb usb2: SerialNumber: 0000:00:1d.0
[    1.689599] hub 2-0:1.0: USB hub found
[    1.692345] hub 2-0:1.0: 2 ports detected
[    1.696001] uhci_hcd 0000:00:1d.1: UHCI Host Controller
[    1.698846] uhci_hcd 0000:00:1d.1: new USB bus registered, assigned bus number 3
[    1.701518] uhci_hcd 0000:00:1d.1: detected 2 ports
[    1.704456] uhci_hcd 0000:00:1d.1: irq 17, io base 0x00001840
[    1.707415] usb usb3: New USB device found, idVendor=1d6b, idProduct=0001, bcdDevice= 4.17
[    1.710062] usb usb3: New USB device strings: Mfr=3, Product=2, SerialNumber=1
[    1.712581] usb usb3: Product: UHCI Host Controller
[    1.714983] usb usb3: Manufacturer: Linux 4.17.0-next-20180607 uhci_hcd
[    1.717404] usb usb3: SerialNumber: 0000:00:1d.1
[    1.720399] hub 3-0:1.0: USB hub found
[    1.722824] hub 3-0:1.0: 2 ports detected
[    1.726328] uhci_hcd 0000:00:1d.2: UHCI Host Controller
[    1.728920] uhci_hcd 0000:00:1d.2: new USB bus registered, assigned bus number 4
[    1.731282] uhci_hcd 0000:00:1d.2: detected 2 ports
[    1.733681] uhci_hcd 0000:00:1d.2: irq 18, io base 0x00001860
[    1.736491] usb usb4: New USB device found, idVendor=1d6b, idProduct=0001, bcdDevice= 4.17
[    1.738894] usb usb4: New USB device strings: Mfr=3, Product=2, SerialNumber=1
[    1.741275] usb usb4: Product: UHCI Host Controller
[    1.743598] usb usb4: Manufacturer: Linux 4.17.0-next-20180607 uhci_hcd
[    1.745999] usb usb4: SerialNumber: 0000:00:1d.2
[    1.748969] hub 4-0:1.0: USB hub found
[    1.751672] hub 4-0:1.0: 2 ports detected
[    1.755146] uhci_hcd 0000:00:1d.3: UHCI Host Controller
[    1.757768] uhci_hcd 0000:00:1d.3: new USB bus registered, assigned bus number 5
[    1.760151] uhci_hcd 0000:00:1d.3: detected 2 ports
[    1.762486] uhci_hcd 0000:00:1d.3: irq 19, io base 0x00001880
[    1.765208] usb usb5: New USB device found, idVendor=1d6b, idProduct=0001, bcdDevice= 4.17
[    1.767592] usb usb5: New USB device strings: Mfr=3, Product=2, SerialNumber=1
[    1.769969] usb usb5: Product: UHCI Host Controller
[    1.772358] usb usb5: Manufacturer: Linux 4.17.0-next-20180607 uhci_hcd
[    1.774700] usb usb5: SerialNumber: 0000:00:1d.3
[    1.777602] hub 5-0:1.0: USB hub found
[    1.779972] hub 5-0:1.0: 2 ports detected
[    1.783153] usbcore: registered new interface driver cdc_acm
[    1.785408] cdc_acm: USB Abstract Control Model driver for USB modems and ISDN adapters
[    1.787787] usbcore: registered new interface driver usblp
[    1.790230] usbcore: registered new interface driver usb-storage
[    1.792596] usbcore: registered new interface driver ums-sddr09
[    1.794997] usbcore: registered new interface driver usbserial_generic
[    1.797334] usbserial: USB Serial support registered for generic
[    1.799657] usbcore: registered new interface driver ch341
[    1.801936] usbserial: USB Serial support registered for ch341-uart
[    1.804242] usbcore: registered new interface driver ftdi_sio
[    1.806497] usbserial: USB Serial support registered for FTDI USB Serial Device
[    1.808893] usbcore: registered new interface driver option
[    1.811195] usbserial: USB Serial support registered for GSM modem (1-port)
[    1.813680] usbcore: registered new interface driver pl2303
[    1.816088] usbserial: USB Serial support registered for pl2303
[    1.818517] usbcore: registered new interface driver ti_usb_3410_5052
[    1.820958] usbserial: USB Serial support registered for TI USB 3410 1 port adapter
[    1.823437] usbserial: USB Serial support registered for TI USB 5052 2 port adapter
[    1.825913] ftdi_elan: driver ftdi-elan
[    1.828328] usbcore: registered new interface driver ftdi-elan
[    1.830881] i8042: PNP: PS/2 Controller [PNP0303:KBD,PNP0f13:MOU] at 0x60,0x64 irq 1,12
[    1.844164] serio: i8042 KBD port at 0x60,0x64 irq 1
[    1.846605] serio: i8042 AUX port at 0x60,0x64 irq 12
[    1.849801] mousedev: PS/2 mouse device common for all mice
[    1.853323] input: PC Speaker as /devices/platform/pcspkr/input/input4
[    1.856533] rtc_cmos 00:02: RTC can wake from S4
[    1.859450] rtc_cmos 00:02: registered as rtc0
[    1.862032] rtc_cmos 00:02: alarms up to one month, y3k, 114 bytes nvram, hpet irqs
[    1.864729] usbcore: registered new interface driver uvcvideo
[    1.867216] USB Video Class driver (1.1.1)
[    1.869649] gspca_main: v2.14.0 registered
[    1.872111] usbcore: registered new interface driver sq930x
[    1.875575] device-mapper: ioctl: 4.39.0-ioctl (2018-04-03) initialised: dm-devel@redhat.com
[    1.878115] Bluetooth: HCI UART driver ver 2.3
[    1.880623] Bluetooth: HCI UART protocol H4 registered
[    1.883084] Bluetooth: HCI UART protocol BCSP registered
[    1.885678] usbcore: registered new interface driver btusb
[    1.888281] sdhci: Secure Digital Host Controller Interface driver
[    1.890737] sdhci: Copyright(c) Pierre Ossman
[    1.893198] sdhci-pci 0000:15:00.2: SDHCI controller found [1180:0822] (rev 18)
[    1.896053] sdhci-pci 0000:15:00.2: Will use DMA mode even though HW doesn't fully claim to support it.
[    1.899167] mmc0 bounce up to 128 segments into one, max segment size 65536 bytes
[    1.901882] sdhci-pci 0000:15:00.2: Will use DMA mode even though HW doesn't fully claim to support it.
[    1.905238] mmc0: SDHCI controller on PCI [0000:15:00.2] using DMA
[    1.907512] input: AT Translated Set 2 keyboard as /devices/platform/i8042/serio0/input/input5
[    1.908225] hidraw: raw HID events driver (C) Jiri Kosina
[    1.915164] usbcore: registered new interface driver usbhid
[    1.918006] usbhid: USB HID core driver
[    1.922130] thinkpad_acpi: ThinkPad ACPI Extras v0.26
[    1.924893] thinkpad_acpi: http://ibm-acpi.sf.net/
[    1.927587] thinkpad_acpi: ThinkPad BIOS 7BETD8WW (2.19 ), EC 7BHT40WW-1.13
[    1.930343] thinkpad_acpi: Lenovo ThinkPad X60, model 17097HU
[    1.939143] thinkpad_acpi: ACPI backlight control delay disabled
[    1.942297] thinkpad_acpi: radio switch found; radios are enabled
[    1.945068] thinkpad_acpi: This ThinkPad has standard ACPI backlight brightness control, supported by the ACPI video driver
[    1.950623] thinkpad_acpi: Disabling thinkpad-acpi brightness events by default...
[    1.964543] thinkpad_acpi: rfkill switch tpacpi_bluetooth_sw: radio is unblocked
[    1.970155] thinkpad_acpi: warning: userspace override of important firmware LEDs is enabled
[    1.978400] thinkpad_acpi: Standard ACPI backlight interface available, not loading native one
[    1.981502] thinkpad_acpi: volume: disabled as there is no ALSA support in this kernel
[    1.985105] thinkpad_acpi: battery 1 registered (start 0, stop 0)
[    1.985123] battery: new extension: ThinkPad Battery Extension
[    1.991418] input: ThinkPad Extra Buttons as /devices/platform/thinkpad_acpi/input/input8
[    1.999396] snd_hda_intel 0000:00:1b.0: probe_mask set to 0x1 for device 17aa:2010
[    2.002681] usbcore: registered new interface driver snd-usb-audio
[    2.007438] NET: Registered protocol family 17
[    2.010799] Bluetooth: RFCOMM TTY layer initialized
[    2.013832] Bluetooth: RFCOMM socket layer initialized
[    2.016781] Bluetooth: RFCOMM ver 1.11
[    2.019617] Bluetooth: BNEP (Ethernet Emulation) ver 1.3
[    2.022501] Bluetooth: BNEP filters: protocol multicast
[    2.025398] Bluetooth: BNEP socket layer initialized
[    2.028264] Bluetooth: HIDP (Human Interface Emulation) ver 1.2
[    2.031119] Bluetooth: HIDP socket layer initialized
[    2.034305] microcode: sig=0x6e8, pf=0x20, revision=0x39
[    2.037383] sdhci-pci 0000:15:00.2: Will use DMA mode even though HW doesn't fully claim to support it.
[    2.037876] microcode: Microcode Update Driver: v2.2.
[    2.040359] Using IPI No-Shortcut mode
[    2.047490] Loading compiled-in X.509 certificates
[    2.051438] Key type encrypted registered
[    2.054963] rtc_cmos 00:02: setting system clock to 2018-06-07 09:28:37 UTC (1528363717)
[    2.061111] cfg80211: Loading compiled-in X.509 certificates for regulatory database
[    2.064362] snd_hda_codec_analog hdaudioC0D0: autoconfig for AD1981: line_outs=1 (0x5/0x0/0x0/0x0/0x0) type:speaker
[    2.066358] cfg80211: Loaded X.509 cert 'sforshee: 00b28ddf47aef9cea7'
[    2.070102] snd_hda_codec_analog hdaudioC0D0:    speaker_outs=0 (0x0/0x0/0x0/0x0/0x0)
[    2.070106] snd_hda_codec_analog hdaudioC0D0:    hp_outs=0 (0x0/0x0/0x0/0x0/0x0)
[    2.070109] snd_hda_codec_analog hdaudioC0D0:    mono: mono_out=0x0
[    2.070112] snd_hda_codec_analog hdaudioC0D0:    inputs:
[    2.070117] snd_hda_codec_analog hdaudioC0D0:      Mic=0x8
[    2.073692] platform regulatory.0: Direct firmware load for regulatory.db failed with error -2
[    2.076103] snd_hda_codec_analog hdaudioC0D0:      CD=0x19
[    2.079078] cfg80211: failed to load regulatory.db
[    2.094103] PM: Image not found (code -22)
[    2.096234] ALSA device list:
[    2.098990]   #0: HDA Intel at 0xee240000 irq 17
[    2.117609] sdhci-pci 0000:15:00.2: Will use DMA mode even though HW doesn't fully claim to support it.
[    2.188579] sdhci-pci 0000:15:00.2: Will use DMA mode even though HW doesn't fully claim to support it.
[    2.272456] sdhci-pci 0000:15:00.2: Will use DMA mode even though HW doesn't fully claim to support it.
[    2.277201] usb 5-1: new full-speed USB device number 2 using uhci_hcd
[    2.469306] usb 5-1: New USB device found, idVendor=0a5c, idProduct=2110, bcdDevice= 1.00
[    2.474014] usb 5-1: New USB device strings: Mfr=1, Product=2, SerialNumber=0
[    2.478613] usb 5-1: Product: BCM2045B
[    2.483089] usb 5-1: Manufacturer: Broadcom Corp
[    2.569865] psmouse serio1: trackpoint: IBM TrackPoint firmware: 0x0e, buttons: 3/3
[    2.593168] input: TPPS/2 IBM TrackPoint as /devices/platform/i8042/serio1/input/input7
[    2.603706] md: Waiting for all devices to be available before autodetect
[    2.607353] md: If you don't use raid, use raid=noautodetect
[    2.612043] md: Autodetecting RAID arrays.
[    2.615711] md: autorun ...
[    2.619342] md: ... autorun DONE.
[    2.631260] EXT4-fs (sda4): mounted filesystem with ordered data mode. Opts: (null)
[    2.634155] VFS: Mounted root (ext4 filesystem) readonly on device 8:4.
[    2.637831] devtmpfs: mounted
[    2.642062] Freeing unused kernel memory: 596K
[    2.660524] Write protecting the kernel text: 11920k
[    2.665335] Write protecting the kernel read-only data: 4796k
[    2.669965] NX-protecting the kernel data: 6512k
[    2.675404] x86/mm: Checked W+X mappings: passed, no W+X pages found.
[    2.678041] rodata_test: all tests were successful
[    2.980706] random: systemd: uninitialized urandom read (16 bytes read)
[    2.986220] systemd[1]: systemd 215 running in system mode. (+PAM +AUDIT +SELINUX +IMA +SYSVINIT +LIBCRYPTSETUP +GCRYPT +ACL +XZ -SECCOMP -APPARMOR)
[    3.012306] systemd[1]: Detected architecture 'x86'.
[    3.134479] systemd[1]: Failed to insert module 'ipv6'
[    3.146797] systemd[1]: Set hostname to <amd>.
[    3.156100] usb 5-2: new full-speed USB device number 3 using uhci_hcd
[    3.302755] random: systemd-sysv-ge: uninitialized urandom read (16 bytes read)
[    3.362293] usb 5-2: New USB device found, idVendor=0483, idProduct=2016, bcdDevice= 0.01
[    3.367153] usb 5-2: New USB device strings: Mfr=1, Product=2, SerialNumber=0
[    3.371812] usb 5-2: Product: Biometric Coprocessor
[    3.375433] usb 5-2: Manufacturer: STMicroelectronics
[    3.748962] random: systemd-sysv-ge: uninitialized urandom read (16 bytes read)
[    4.282946] systemd[1]: Binding to IPv6 address not available since kernel does not support IPv6.
[    4.286697] systemd[1]: [/lib/systemd/system/gpsd.socket:6] Failed to parse address value, ignoring: [::1]:2947
[    4.311019] systemd[1]: Starting Forward Password Requests to Wall Directory Watch.
[    4.315520] systemd[1]: Started Forward Password Requests to Wall Directory Watch.
[    4.319386] systemd[1]: Starting Remote File Systems (Pre).
[    4.328136] systemd[1]: Reached target Remote File Systems (Pre).
[    5.061360] random: crng init done
[    5.064222] random: 7 urandom warning(s) missed due to ratelimiting
[    5.183295] systemd-udevd[2313]: starting version 215
[    6.226938] EXT4-fs (sda4): re-mounted. Opts: errors=remount-ro
[    6.516500] e1000e 0000:02:00.0 eth1: renamed from eth0
[    6.532372] systemd-udevd[2367]: renamed network interface eth0 to eth1
[    8.196219] Adding 2097148k swap on /dev/sda1.  Priority:-2 extents:1 across:2097148k 
[  153.014350] EXT4-fs (sda2): mounted filesystem with ordered data mode. Opts: errors=remount-ro
[  153.160550] systemd-journald[2309]: Received request to flush runtime journal from PID 1
[  156.830108] NFSD: Using /var/lib/nfs/v4recovery as the NFSv4 state recovery directory
[  156.844061] NFSD: starting 90-second grace period (net f0000098)
[  159.822138] iwl3945 0000:03:00.0: loaded firmware version 15.32.2.9
[  162.862676] wlan0: authenticate with 00:00:00:00:00:01
[  162.867550] wlan0: send auth to 00:00:00:00:00:01 (try 1/3)
[  162.869441] wlan0: authenticated
[  162.872176] wlan0: associate with 00:00:00:00:00:01 (try 1/3)
[  162.874981] wlan0: RX AssocResp from 00:00:00:00:00:01 (capab=0x401 status=0 aid=11)
[  162.877337] wlan0: associated
[  685.456669] snd_hda_intel 0000:00:1b.0: IRQ timing workaround is activated for card #0. Suggest a bigger bdl_pos_adj.
