[    0.000000] Linux version 4.18.0+ (pavel@half) (gcc version 4.9.2 (Debian 4.9.2-10+deb8u1)) #546 SMP Tue Aug 14 20:06:13 CEST 2018
[    0.000000] Disabled fast string operations
[    0.000000] x86/fpu: x87 FPU will use FXSAVE
[    0.000000] BIOS-provided physical RAM map:
[    0.000000] BIOS-e820: [mem 0x0000000000000000-0x000000000009efff] usable
[    0.000000] BIOS-e820: [mem 0x000000000009f000-0x000000000009ffff] reserved
[    0.000000] BIOS-e820: [mem 0x00000000000dc000-0x00000000000fffff] reserved
[    0.000000] BIOS-e820: [mem 0x0000000000100000-0x00000000bf6cffff] usable
[    0.000000] BIOS-e820: [mem 0x00000000bf6d0000-0x00000000bf6defff] ACPI data
[    0.000000] BIOS-e820: [mem 0x00000000bf6df000-0x00000000bf6fffff] ACPI NVS
[    0.000000] BIOS-e820: [mem 0x00000000bf700000-0x00000000bfffffff] reserved
[    0.000000] BIOS-e820: [mem 0x00000000f0000000-0x00000000f3ffffff] reserved
[    0.000000] BIOS-e820: [mem 0x00000000fec00000-0x00000000fec0ffff] reserved
[    0.000000] BIOS-e820: [mem 0x00000000fed00000-0x00000000fed003ff] reserved
[    0.000000] BIOS-e820: [mem 0x00000000fed14000-0x00000000fed19fff] reserved
[    0.000000] BIOS-e820: [mem 0x00000000fed1c000-0x00000000fed8ffff] reserved
[    0.000000] BIOS-e820: [mem 0x00000000fee00000-0x00000000fee00fff] reserved
[    0.000000] BIOS-e820: [mem 0x00000000ff800000-0x00000000ffffffff] reserved
[    0.000000] NX (Execute Disable) protection: active
[    0.000000] SMBIOS 2.4 present.
[    0.000000] DMI: LENOVO 17097HU/17097HU, BIOS 7BETD8WW (2.19 ) 03/31/2011
[    0.000000] e820: update [mem 0x00000000-0x00000fff] usable ==> reserved
[    0.000000] e820: remove [mem 0x000a0000-0x000fffff] usable
[    0.000000] last_pfn = 0xbf6d0 max_arch_pfn = 0x1000000
[    0.000000] MTRR default type: uncachable
[    0.000000] MTRR fixed ranges enabled:
[    0.000000]   00000-9FFFF write-back
[    0.000000]   A0000-BFFFF uncachable
[    0.000000]   C0000-CFFFF write-protect
[    0.000000]   D0000-DBFFF uncachable
[    0.000000]   DC000-DFFFF write-back
[    0.000000]   E0000-FFFFF write-protect
[    0.000000] MTRR variable ranges enabled:
[    0.000000]   0 base 000000000 mask F80000000 write-back
[    0.000000]   1 base 080000000 mask FC0000000 write-back
[    0.000000]   2 base 0BF700000 mask FFFF00000 uncachable
[    0.000000]   3 base 0BF800000 mask FFF800000 uncachable
[    0.000000]   4 disabled
[    0.000000]   5 disabled
[    0.000000]   6 disabled
[    0.000000]   7 disabled
[    0.000000] x86/PAT: PAT not supported by CPU.
[    0.000000] x86/PAT: Configuration [0-7]: WB  WT  UC- UC  WB  WT  UC- UC  
[    0.000000] initial memory mapped: [mem 0x00000000-0x055fffff]
[    0.000000] Base memory trampoline at [(ptrval)] 9b000 size 16384
[    0.000000] BRK [0x0512a000, 0x0512afff] PGTABLE
[    0.000000] BRK [0x0512b000, 0x0512bfff] PGTABLE
[    0.000000] ACPI: Early table checksum verification disabled
[    0.000000] ACPI: RSDP 0x00000000000F67C0 000024 (v02 LENOVO)
[    0.000000] ACPI: XSDT 0x00000000BF6D191C 000084 (v01 LENOVO TP-7B    00002190  LTP 00000000)
[    0.000000] ACPI: FACP 0x00000000BF6D1A00 0000F4 (v03 LENOVO TP-7B    00002190 LNVO 00000001)
[    0.000000] ACPI BIOS Warning (bug): 32/64X length mismatch in FADT/Gpe0Block: 64/32 (20180531/tbfadt-569)
[    0.000000] ACPI BIOS Warning (bug): Optional FADT field Gpe1Block has valid Address but zero Length: 0x000000000000102C/0x0 (20180531/tbfadt-624)
[    0.000000] ACPI: DSDT 0x00000000BF6D1D90 00CFB9 (v01 LENOVO TP-7B    00002190 MSFT 0100000E)
[    0.000000] ACPI: FACS 0x00000000BF6F4000 000040
[    0.000000] ACPI: FACS 0x00000000BF6F4000 000040
[    0.000000] ACPI: SSDT 0x00000000BF6D1BB4 0001DC (v01 LENOVO TP-7B    00002190 MSFT 0100000E)
[    0.000000] ACPI: ECDT 0x00000000BF6DED49 000052 (v01 LENOVO TP-7B    00002190 LNVO 00000001)
[    0.000000] ACPI: TCPA 0x00000000BF6DED9B 000032 (v02 LENOVO TP-7B    00002190 LNVO 00000001)
[    0.000000] ACPI: APIC 0x00000000BF6DEDCD 000068 (v01 LENOVO TP-7B    00002190 LNVO 00000001)
[    0.000000] ACPI: MCFG 0x00000000BF6DEE35 00003C (v01 LENOVO TP-7B    00002190 LNVO 00000001)
[    0.000000] ACPI: HPET 0x00000000BF6DEE71 000038 (v01 LENOVO TP-7B    00002190 LNVO 00000001)
[    0.000000] ACPI: BOOT 0x00000000BF6DEFD8 000028 (v01 LENOVO TP-7B    00002190  LTP 00000001)
[    0.000000] ACPI: SSDT 0x00000000BF6F2645 00025F (v01 LENOVO TP-7B    00002190 INTL 20050513)
[    0.000000] ACPI: SSDT 0x00000000BF6F28A4 0000A6 (v01 LENOVO TP-7B    00002190 INTL 20050513)
[    0.000000] ACPI: SSDT 0x00000000BF6F294A 0004F7 (v01 LENOVO TP-7B    00002190 INTL 20050513)
[    0.000000] ACPI: SSDT 0x00000000BF6F2E41 0001D8 (v01 LENOVO TP-7B    00002190 INTL 20050513)
[    0.000000] ACPI: Local APIC address 0xfee00000
[    0.000000] 2174MB HIGHMEM available.
[    0.000000] 887MB LOWMEM available.
[    0.000000]   mapped low ram: 0 - 377fe000
[    0.000000]   low ram: 0 - 377fe000
[    0.000000] tsc: Fast TSC calibration using PIT
[    0.000000] BRK [0x0512c000, 0x0512cfff] PGTABLE
[    0.000000] Zone ranges:
[    0.000000]   DMA      [mem 0x0000000000001000-0x0000000000ffffff]
[    0.000000]   Normal   [mem 0x0000000001000000-0x00000000377fdfff]
[    0.000000]   HighMem  [mem 0x00000000377fe000-0x00000000bf6cffff]
[    0.000000] Movable zone start for each node
[    0.000000] Early memory node ranges
[    0.000000]   node   0: [mem 0x0000000000001000-0x000000000009efff]
[    0.000000]   node   0: [mem 0x0000000000100000-0x00000000bf6cffff]
[    0.000000] Initmem setup node 0 [mem 0x0000000000001000-0x00000000bf6cffff]
[    0.000000] On node 0 totalpages: 783982
[    0.000000]   DMA zone: 32 pages used for memmap
[    0.000000]   DMA zone: 0 pages reserved
[    0.000000]   DMA zone: 3998 pages, LIFO batch:0
[    0.000000]   Normal zone: 1744 pages used for memmap
[    0.000000]   Normal zone: 223230 pages, LIFO batch:31
[    0.000000]   HighMem zone: 556754 pages, LIFO batch:31
[    0.000000] Using APIC driver default
[    0.000000] Reserving Intel graphics memory at [mem 0xbf800000-0xbfffffff]
[    0.000000] ACPI: PM-Timer IO Port: 0x1008
[    0.000000] ACPI: Local APIC address 0xfee00000
[    0.000000] ACPI: LAPIC_NMI (acpi_id[0x00] high edge lint[0x1])
[    0.000000] ACPI: LAPIC_NMI (acpi_id[0x01] high edge lint[0x1])
[    0.000000] IOAPIC[0]: apic_id 1, version 32, address 0xfec00000, GSI 0-23
[    0.000000] ACPI: INT_SRC_OVR (bus 0 bus_irq 0 global_irq 2 dfl dfl)
[    0.000000] ACPI: INT_SRC_OVR (bus 0 bus_irq 9 global_irq 9 high level)
[    0.000000] ACPI: IRQ0 used by override.
[    0.000000] ACPI: IRQ9 used by override.
[    0.000000] Using ACPI (MADT) for SMP configuration information
[    0.000000] ACPI: HPET id: 0x8086a201 base: 0xfed00000
[    0.000000] smpboot: Allowing 2 CPUs, 0 hotplug CPUs
[    0.000000] PM: Registered nosave memory: [mem 0x00000000-0x00000fff]
[    0.000000] PM: Registered nosave memory: [mem 0x0009f000-0x0009ffff]
[    0.000000] PM: Registered nosave memory: [mem 0x000a0000-0x000dbfff]
[    0.000000] PM: Registered nosave memory: [mem 0x000dc000-0x000fffff]
[    0.000000] [mem 0xc0000000-0xefffffff] available for PCI devices
[    0.000000] clocksource: refined-jiffies: mask: 0xffffffff max_cycles: 0xffffffff, max_idle_ns: 7645519600211568 ns
[    0.000000] random: get_random_bytes called from start_kernel+0x6f/0x333 with crng_init=0
[    0.000000] setup_percpu: NR_CPUS:8 nr_cpumask_bits:8 nr_cpu_ids:2 nr_node_ids:1
[    0.000000] percpu: Embedded 28 pages/cpu @(ptrval) s83788 r0 d30900 u114688
[    0.000000] pcpu-alloc: s83788 r0 d30900 u114688 alloc=28*4096
[    0.000000] pcpu-alloc: [0] 0 [0] 1 
[    0.000000] Built 1 zonelists, mobility grouping on.  Total pages: 782206
[    0.000000] Kernel command line: BOOT_IMAGE=(hd0,2)/fast/l/linux/arch/x86/boot/bzImage root=/dev/sda4 resume=/dev/sda1
[    0.000000] Dentry cache hash table entries: 131072 (order: 7, 524288 bytes)
[    0.000000] Inode-cache hash table entries: 65536 (order: 6, 262144 bytes)
[    0.000000] Initializing CPU#0
[    0.000000] Initializing HighMem for node 0 (000377fe:000bf6d0)
[    0.000000] Initializing Movable for node 0 (00000000:00000000)
[    0.000000] Memory: 3092740K/3135928K available (11750K kernel code, 563K rwdata, 3836K rodata, 572K init, 488K bss, 43188K reserved, 0K cma-reserved, 2227016K highmem)
[    0.000000] virtual kernel memory layout:
    fixmap  : 0xfff18000 - 0xfffff000   ( 924 kB)
  cpu_entry : 0xffa00000 - 0xffb39000   (1252 kB)
    pkmap   : 0xff800000 - 0xffa00000   (2048 kB)
    vmalloc : 0xf7ffe000 - 0xff7fe000   ( 120 MB)
    lowmem  : 0xc0000000 - 0xf77fe000   ( 887 MB)
      .init : 0xc4fea000 - 0xc5079000   ( 572 kB)
      .data : 0xc4b79a1c - 0xc4fcce40   (4429 kB)
      .text : 0xc4000000 - 0xc4b79a1c   (11750 kB)
[    0.000000] Checking if this processor honours the WP bit even in supervisor mode...Ok.
[    0.000000] Hierarchical RCU implementation.
[    0.000000] 	RCU restricting CPUs from NR_CPUS=8 to nr_cpu_ids=2.
[    0.000000] RCU: Adjusting geometry for rcu_fanout_leaf=16, nr_cpu_ids=2
[    0.000000] NR_IRQS: 2304, nr_irqs: 56, preallocated irqs: 16
[    0.000000] CPU 0 irqstacks, hard=(ptrval) soft=(ptrval)
[    0.000000] Console: colour VGA+ 80x25
[    0.000000] console [tty0] enabled
[    0.000000] ACPI: Core revision 20180531
[    0.000000] clocksource: hpet: mask: 0xffffffff max_cycles: 0xffffffff, max_idle_ns: 133484882848 ns
[    0.000000] hpet clockevent registered
[    0.000000] APIC: Switch to symmetric I/O mode setup
[    0.000000] Enabling APIC mode:  Flat.  Using 1 I/O APICs
[    0.000000] ..TIMER: vector=0x30 apic1=0 pin1=2 apic2=-1 pin2=-1
[    0.020000] tsc: Fast TSC calibration using PIT
[    0.024000] tsc: Detected 1828.646 MHz processor
[    0.024000] clocksource: tsc-early: mask: 0xffffffffffffffff max_cycles: 0x1a5bde58bec, max_idle_ns: 440795227415 ns
[    0.024000] Calibrating delay loop (skipped), value calculated using timer frequency.. 3657.29 BogoMIPS (lpj=7314584)
[    0.024000] pid_max: default: 32768 minimum: 301
[    0.024000] Mount-cache hash table entries: 2048 (order: 1, 8192 bytes)
[    0.024000] Mountpoint-cache hash table entries: 2048 (order: 1, 8192 bytes)
[    0.024000] Disabled fast string operations
[    0.024000] CPU: Physical Processor ID: 0
[    0.024000] CPU: Processor Core ID: 0
[    0.024000] process: using mwait in idle threads
[    0.024000] Last level iTLB entries: 4KB 128, 2MB 0, 4MB 2
[    0.024000] Last level dTLB entries: 4KB 128, 2MB 0, 4MB 8, 1GB 0
[    0.024000] Spectre V2 : Mitigation: Full generic retpoline
[    0.024000] Spectre V2 : Spectre v2 mitigation: Filling RSB on context switch
[    0.024000] Freeing SMP alternatives memory: 44K
[    0.032000] smpboot: CPU0: Genuine Intel(R) CPU           T2400  @ 1.83GHz (family: 0x6, model: 0xe, stepping: 0x8)
[    0.032000] Performance Events: Core events, core PMU driver.
[    0.032000] ... version:                1
[    0.032000] ... bit width:              40
[    0.032000] ... generic registers:      2
[    0.032000] ... value mask:             000000ffffffffff
[    0.032000] ... max period:             000000007fffffff
[    0.032000] ... fixed-purpose events:   0
[    0.032000] ... event mask:             0000000000000003
[    0.032000] Hierarchical SRCU implementation.
[    0.032000] smp: Bringing up secondary CPUs ...
[    0.032000] CPU 1 irqstacks, hard=(ptrval) soft=(ptrval)
[    0.032000] x86: Booting SMP configuration:
[    0.032000] .... node  #0, CPUs:      #1
[    0.004000] Initializing CPU#1
[    0.004000] Disabled fast string operations
[    0.032000] TSC synchronization [CPU#0 -> CPU#1]:
[    0.032000] Measured 580008 cycles TSC warp between CPUs, turning off TSC clock.
[    0.032000] tsc: Marking TSC unstable due to check_tsc_sync_source failed
[    0.032064] smp: Brought up 1 node, 2 CPUs
[    0.032071] smpboot: Max logical packages: 1
[    0.032133] smpboot: Total of 2 processors activated (7314.58 BogoMIPS)
[    0.033570] devtmpfs: initialized
[    0.033570] PM: Registering ACPI NVS region [mem 0xbf6df000-0xbf6fffff] (135168 bytes)
[    0.036067] clocksource: jiffies: mask: 0xffffffff max_cycles: 0xffffffff, max_idle_ns: 7645041785100000 ns
[    0.036112] futex hash table entries: 512 (order: 3, 32768 bytes)
[    0.036115] NET: Registered protocol family 16
[    0.036331] cpuidle: using governor ladder
[    0.036339] cpuidle: using governor menu
[    0.036339] Simple Boot Flag at 0x35 set to 0x1
[    0.036339] ACPI FADT declares the system doesn't support PCIe ASPM, so disable it
[    0.036339] ACPI: bus type PCI registered
[    0.036480] PCI: MMCONFIG for domain 0000 [bus 00-3f] at [mem 0xf0000000-0xf3ffffff] (base 0xf0000000)
[    0.036565] PCI: MMCONFIG at [mem 0xf0000000-0xf3ffffff] reserved in E820
[    0.036630] PCI: Using MMCONFIG for extended config space
[    0.036693] PCI: Using configuration type 1 for base access
[    0.036968] mtrr: your CPUs had inconsistent variable MTRR settings
[    0.037032] mtrr: probably your BIOS does not setup all CPUs.
[    0.037095] mtrr: corrected configuration.
[    0.056210] ACPI: Added _OSI(Module Device)
[    0.056277] ACPI: Added _OSI(Processor Device)
[    0.056339] ACPI: Added _OSI(3.0 _SCP Extensions)
[    0.056400] ACPI: Added _OSI(Processor Aggregator Device)
[    0.056464] ACPI: Added _OSI(Linux-Dell-Video)
[    0.056534] ACPI: EC: EC started
[    0.056593] ACPI: EC: interrupt blocked
[    0.056683] ACPI: \: Used as first EC
[    0.057522] ACPI: \: GPE=0x1c, EC_CMD/EC_SC=0x66, EC_DATA=0x62
[    0.057587] ACPI: \: Used as boot ECDT EC to handle transactions
[    0.082442] ACPI: 6 ACPI AML tables successfully acquired and loaded
[    0.098852] ACPI: Dynamic OEM Table Load:
[    0.098923] ACPI: SSDT 0x00000000F5BD1400 000240 (v01 PmRef  Cpu0Ist  00000100 INTL 20050513)
[    0.099796] ACPI: Dynamic OEM Table Load:
[    0.099864] ACPI: SSDT 0x00000000F5A00800 00065A (v01 PmRef  Cpu0Cst  00000100 INTL 20050513)
[    0.100988] ACPI: Dynamic OEM Table Load:
[    0.100988] ACPI: SSDT 0x00000000F58C4E00 0000C8 (v01 PmRef  Cpu1Ist  00000100 INTL 20050513)
[    0.100988] ACPI: Dynamic OEM Table Load:
[    0.100988] ACPI: SSDT 0x00000000F58A1D80 000085 (v01 PmRef  Cpu1Cst  00000100 INTL 20050513)
[    0.100992] ACPI: Interpreter enabled
[    0.100992] ACPI: (supports S0 S3 S4 S5)
[    0.100992] ACPI: Using IOAPIC for interrupt routing
[    0.100992] PCI: Using host bridge windows from ACPI; if necessary, use "pci=nocrs" and report a bug
[    0.101132] ACPI: Enabled 4 GPEs in block 00 to 1F
[    0.114378] ACPI: Power Resource [PUBS] (on)
[    0.114793] acpi PNP0C0A:01: ACPI dock station (docks/bays count: 1)
[    0.117409] acpi LNXIOBAY:00: ACPI dock station (docks/bays count: 2)
[    0.127035] acpi IBM0079:00: ACPI dock station (docks/bays count: 3)
[    0.127886] ACPI: PCI Interrupt Link [LNKA] (IRQs 3 4 5 6 7 9 10 *11)
[    0.128235] ACPI: PCI Interrupt Link [LNKB] (IRQs 3 4 5 6 7 9 10 *11)
[    0.128575] ACPI: PCI Interrupt Link [LNKC] (IRQs 3 4 5 6 7 9 10 *11)
[    0.128912] ACPI: PCI Interrupt Link [LNKD] (IRQs 3 4 5 6 7 9 10 *11)
[    0.129250] ACPI: PCI Interrupt Link [LNKE] (IRQs 3 4 5 6 7 9 10 *11)
[    0.129587] ACPI: PCI Interrupt Link [LNKF] (IRQs 3 4 5 6 7 9 10 *11)
[    0.129925] ACPI: PCI Interrupt Link [LNKG] (IRQs 3 4 5 6 7 9 10 *11)
[    0.130264] ACPI: PCI Interrupt Link [LNKH] (IRQs 3 4 5 6 7 9 10 *11)
[    0.130522] ACPI: PCI Root Bridge [PCI0] (domain 0000 [bus 00-ff])
[    0.130593] acpi PNP0A08:00: _OSC: OS supports [ExtendedConfig ASPM ClockPM Segments]
[    0.130991] acpi PNP0A08:00: _OSC: not requesting OS control; OS requires [ExtendedConfig ASPM ClockPM MSI]
[    0.131078] acpi PNP0A08:00: [Firmware Info]: MMCONFIG for domain 0000 [bus 00-3f] only partially covers this bridge
[    0.131261] PCI host bridge to bus 0000:00
[    0.131325] pci_bus 0000:00: root bus resource [io  0x0000-0x0cf7 window]
[    0.131391] pci_bus 0000:00: root bus resource [io  0x0d00-0xffff window]
[    0.131458] pci_bus 0000:00: root bus resource [mem 0x000a0000-0x000bffff window]
[    0.131526] pci_bus 0000:00: root bus resource [mem 0x000d0000-0x000d3fff window]
[    0.131594] pci_bus 0000:00: root bus resource [mem 0x000d4000-0x000d7fff window]
[    0.131662] pci_bus 0000:00: root bus resource [mem 0x000d8000-0x000dbfff window]
[    0.131730] pci_bus 0000:00: root bus resource [mem 0xc0000000-0xfebfffff window]
[    0.131797] pci_bus 0000:00: root bus resource [mem 0xfed40000-0xfed40fff window]
[    0.131865] pci_bus 0000:00: root bus resource [bus 00-ff]
[    0.131943] pci 0000:00:00.0: [8086:27a0] type 00 class 0x060000
[    0.132131] pci 0000:00:02.0: [8086:27a2] type 00 class 0x030000
[    0.132147] pci 0000:00:02.0: reg 0x10: [mem 0xee100000-0xee17ffff]
[    0.132154] pci 0000:00:02.0: reg 0x14: [io  0x1800-0x1807]
[    0.132161] pci 0000:00:02.0: reg 0x18: [mem 0xd0000000-0xdfffffff pref]
[    0.132168] pci 0000:00:02.0: reg 0x1c: [mem 0xee200000-0xee23ffff]
[    0.132342] pci 0000:00:02.1: [8086:27a6] type 00 class 0x038000
[    0.132355] pci 0000:00:02.1: reg 0x10: [mem 0xee180000-0xee1fffff]
[    0.132579] pci 0000:00:1b.0: [8086:27d8] type 00 class 0x040300
[    0.132614] pci 0000:00:1b.0: reg 0x10: [mem 0xee240000-0xee243fff 64bit]
[    0.132733] pci 0000:00:1b.0: PME# supported from D0 D3hot D3cold
[    0.132906] pci 0000:00:1c.0: [8086:27d0] type 01 class 0x060400
[    0.133036] pci 0000:00:1c.0: PME# supported from D0 D3hot D3cold
[    0.133211] pci 0000:00:1c.1: [8086:27d2] type 01 class 0x060400
[    0.133340] pci 0000:00:1c.1: PME# supported from D0 D3hot D3cold
[    0.133518] pci 0000:00:1c.2: [8086:27d4] type 01 class 0x060400
[    0.133646] pci 0000:00:1c.2: PME# supported from D0 D3hot D3cold
[    0.133821] pci 0000:00:1c.3: [8086:27d6] type 01 class 0x060400
[    0.133950] pci 0000:00:1c.3: PME# supported from D0 D3hot D3cold
[    0.134125] pci 0000:00:1d.0: [8086:27c8] type 00 class 0x0c0300
[    0.134189] pci 0000:00:1d.0: reg 0x20: [io  0x1820-0x183f]
[    0.134367] pci 0000:00:1d.1: [8086:27c9] type 00 class 0x0c0300
[    0.134431] pci 0000:00:1d.1: reg 0x20: [io  0x1840-0x185f]
[    0.134609] pci 0000:00:1d.2: [8086:27ca] type 00 class 0x0c0300
[    0.134673] pci 0000:00:1d.2: reg 0x20: [io  0x1860-0x187f]
[    0.134851] pci 0000:00:1d.3: [8086:27cb] type 00 class 0x0c0300
[    0.134914] pci 0000:00:1d.3: reg 0x20: [io  0x1880-0x189f]
[    0.135092] pci 0000:00:1d.7: [8086:27cc] type 00 class 0x0c0320
[    0.135121] pci 0000:00:1d.7: reg 0x10: [mem 0xee444000-0xee4443ff]
[    0.135229] pci 0000:00:1d.7: PME# supported from D0 D3hot D3cold
[    0.135388] pci 0000:00:1e.0: [8086:2448] type 01 class 0x060401
[    0.135625] pci 0000:00:1f.0: [8086:27b9] type 00 class 0x060100
[    0.135752] pci 0000:00:1f.0: quirk: [io  0x1000-0x107f] claimed by ICH6 ACPI/GPIO/TCO
[    0.135826] pci 0000:00:1f.0: quirk: [io  0x1180-0x11bf] claimed by ICH6 GPIO
[    0.135895] pci 0000:00:1f.0: ICH7 LPC Generic IO decode 1 PIO at 1600 (mask 007f)
[    0.135965] pci 0000:00:1f.0: ICH7 LPC Generic IO decode 2 PIO at 15e0 (mask 000f)
[    0.136006] pci 0000:00:1f.0: ICH7 LPC Generic IO decode 3 PIO at 1680 (mask 001f)
[    0.136252] pci 0000:00:1f.1: [8086:27df] type 00 class 0x01018a
[    0.136276] pci 0000:00:1f.1: reg 0x10: [io  0x0000-0x0007]
[    0.136289] pci 0000:00:1f.1: reg 0x14: [io  0x0000-0x0003]
[    0.136302] pci 0000:00:1f.1: reg 0x18: [io  0x0000-0x0007]
[    0.136314] pci 0000:00:1f.1: reg 0x1c: [io  0x0000-0x0003]
[    0.136327] pci 0000:00:1f.1: reg 0x20: [io  0x1810-0x181f]
[    0.136353] pci 0000:00:1f.1: legacy IDE quirk: reg 0x10: [io  0x01f0-0x01f7]
[    0.136420] pci 0000:00:1f.1: legacy IDE quirk: reg 0x14: [io  0x03f6]
[    0.136486] pci 0000:00:1f.1: legacy IDE quirk: reg 0x18: [io  0x0170-0x0177]
[    0.136553] pci 0000:00:1f.1: legacy IDE quirk: reg 0x1c: [io  0x0376]
[    0.136770] pci 0000:00:1f.2: [8086:27c5] type 00 class 0x010601
[    0.136798] pci 0000:00:1f.2: reg 0x10: [io  0x18d0-0x18d7]
[    0.136811] pci 0000:00:1f.2: reg 0x14: [io  0x18c4-0x18c7]
[    0.136823] pci 0000:00:1f.2: reg 0x18: [io  0x18c8-0x18cf]
[    0.136836] pci 0000:00:1f.2: reg 0x1c: [io  0x18c0-0x18c3]
[    0.136848] pci 0000:00:1f.2: reg 0x20: [io  0x18b0-0x18bf]
[    0.136861] pci 0000:00:1f.2: reg 0x24: [mem 0xee444400-0xee4447ff]
[    0.136921] pci 0000:00:1f.2: PME# supported from D3hot
[    0.137080] pci 0000:00:1f.3: [8086:27da] type 00 class 0x0c0500
[    0.137162] pci 0000:00:1f.3: reg 0x20: [io  0x18e0-0x18ff]
[    0.137501] pci 0000:02:00.0: [8086:109a] type 00 class 0x020000
[    0.137556] pci 0000:02:00.0: reg 0x10: [mem 0xee000000-0xee01ffff]
[    0.137598] pci 0000:02:00.0: reg 0x18: [io  0x2000-0x201f]
[    0.137809] pci 0000:02:00.0: PME# supported from D0 D3hot D3cold
[    0.137983] pci 0000:02:00.0: disabling ASPM on pre-1.1 PCIe device.  You can enable it with 'pcie_aspm=force'
[    0.138152] pci 0000:00:1c.0: PCI bridge to [bus 02]
[    0.138219] pci 0000:00:1c.0:   bridge window [io  0x2000-0x2fff]
[    0.138225] pci 0000:00:1c.0:   bridge window [mem 0xee000000-0xee0fffff]
[    0.138398] pci 0000:03:00.0: [8086:4227] type 00 class 0x028000
[    0.138497] pci 0000:03:00.0: reg 0x10: [mem 0xedf00000-0xedf00fff]
[    0.138954] pci 0000:03:00.0: PME# supported from D0 D3hot D3cold
[    0.139120] pci 0000:03:00.0: disabling ASPM on pre-1.1 PCIe device.  You can enable it with 'pcie_aspm=force'
[    0.139281] pci 0000:00:1c.1: PCI bridge to [bus 03]
[    0.139347] pci 0000:00:1c.1:   bridge window [io  0x3000-0x4fff]
[    0.139353] pci 0000:00:1c.1:   bridge window [mem 0xec000000-0xedffffff]
[    0.139361] pci 0000:00:1c.1:   bridge window [mem 0xe4000000-0xe40fffff 64bit pref]
[    0.139435] pci 0000:00:1c.2: PCI bridge to [bus 04-0b]
[    0.139502] pci 0000:00:1c.2:   bridge window [io  0x5000-0x6fff]
[    0.139507] pci 0000:00:1c.2:   bridge window [mem 0xe8000000-0xe9ffffff]
[    0.139516] pci 0000:00:1c.2:   bridge window [mem 0xe4100000-0xe41fffff 64bit pref]
[    0.139586] pci 0000:00:1c.3: PCI bridge to [bus 0c-13]
[    0.139653] pci 0000:00:1c.3:   bridge window [io  0x7000-0x8fff]
[    0.139659] pci 0000:00:1c.3:   bridge window [mem 0xea000000-0xebffffff]
[    0.139667] pci 0000:00:1c.3:   bridge window [mem 0xe4200000-0xe42fffff 64bit pref]
[    0.139696] pci_bus 0000:15: extended config space not accessible
[    0.139803] pci 0000:15:00.0: [1180:0476] type 02 class 0x060700
[    0.139829] pci 0000:15:00.0: reg 0x10: [mem 0xe4300000-0xe4300fff]
[    0.139875] pci 0000:15:00.0: supports D1 D2
[    0.139878] pci 0000:15:00.0: PME# supported from D0 D1 D2 D3hot D3cold
[    0.140017] pci 0000:15:00.1: [1180:0552] type 00 class 0x0c0010
[    0.140040] pci 0000:15:00.1: reg 0x10: [mem 0xe4301000-0xe43017ff]
[    0.140147] pci 0000:15:00.1: PME# supported from D0 D3hot D3cold
[    0.140236] pci 0000:15:00.2: [1180:0822] type 00 class 0x080500
[    0.140260] pci 0000:15:00.2: reg 0x10: [mem 0xe4301800-0xe43018ff]
[    0.140366] pci 0000:15:00.2: supports D1 D2
[    0.140368] pci 0000:15:00.2: PME# supported from D0 D1 D2 D3hot D3cold
[    0.140513] pci 0000:00:1e.0: PCI bridge to [bus 15-18] (subtractive decode)
[    0.140583] pci 0000:00:1e.0:   bridge window [io  0x9000-0xcfff]
[    0.140588] pci 0000:00:1e.0:   bridge window [mem 0xe4300000-0xe7ffffff]
[    0.140597] pci 0000:00:1e.0:   bridge window [mem 0xe0000000-0xe3ffffff 64bit pref]
[    0.140600] pci 0000:00:1e.0:   bridge window [io  0x0000-0x0cf7 window] (subtractive decode)
[    0.140603] pci 0000:00:1e.0:   bridge window [io  0x0d00-0xffff window] (subtractive decode)
[    0.140606] pci 0000:00:1e.0:   bridge window [mem 0x000a0000-0x000bffff window] (subtractive decode)
[    0.140608] pci 0000:00:1e.0:   bridge window [mem 0x000d0000-0x000d3fff window] (subtractive decode)
[    0.140611] pci 0000:00:1e.0:   bridge window [mem 0x000d4000-0x000d7fff window] (subtractive decode)
[    0.140614] pci 0000:00:1e.0:   bridge window [mem 0x000d8000-0x000dbfff window] (subtractive decode)
[    0.140617] pci 0000:00:1e.0:   bridge window [mem 0xc0000000-0xfebfffff window] (subtractive decode)
[    0.140619] pci 0000:00:1e.0:   bridge window [mem 0xfed40000-0xfed40fff window] (subtractive decode)
[    0.140653] pci_bus 0000:16: extended config space not accessible
[    0.140751] pci_bus 0000:16: busn_res: [bus 16-18] end is updated to 17
[    0.140795] pci_bus 0000:00: on NUMA node 0
[    0.145079] ACPI: EC: interrupt unblocked
[    0.145166] ACPI: EC: event unblocked
[    0.145258] ACPI: \_SB_.PCI0.LPC_.EC__: GPE=0x1c, EC_CMD/EC_SC=0x66, EC_DATA=0x62
[    0.145327] ACPI: \_SB_.PCI0.LPC_.EC__: Used as boot DSDT EC to handle transactions and events
[    0.146091] pci 0000:00:02.0: vgaarb: setting as boot VGA device
[    0.146160] pci 0000:00:02.0: vgaarb: VGA device added: decodes=io+mem,owns=io+mem,locks=none
[    0.146252] pci 0000:00:02.0: vgaarb: bridge control possible
[    0.146315] vgaarb: loaded
[    0.146532] SCSI subsystem initialized
[    0.146668] libata version 3.00 loaded.
[    0.146718] ACPI: bus type USB registered
[    0.146831] usbcore: registered new interface driver usbfs
[    0.146912] usbcore: registered new interface driver hub
[    0.146998] usbcore: registered new device driver usb
[    0.147093] media: Linux media interface: v0.10
[    0.147168] videodev: Linux video capture interface: v2.00
[    0.147247] pps_core: LinuxPPS API ver. 1 registered
[    0.147310] pps_core: Software ver. 5.3.6 - Copyright 2005-2007 Rodolfo Giometti <giometti@linux.it>
[    0.147400] PTP clock support registered
[    0.147525] EDAC MC: Ver: 3.0.0
[    0.147568] Advanced Linux Sound Architecture Driver Initialized.
[    0.147568] PCI: Using ACPI for IRQ routing
[    0.148740] PCI: pci_cache_line_size set to 64 bytes
[    0.148839] e820: reserve RAM buffer [mem 0x0009f000-0x0009ffff]
[    0.148842] e820: reserve RAM buffer [mem 0xbf6d0000-0xbfffffff]
[    0.149032] Bluetooth: Core ver 2.22
[    0.149109] NET: Registered protocol family 31
[    0.149171] Bluetooth: HCI device and connection manager initialized
[    0.149237] Bluetooth: HCI socket layer initialized
[    0.149301] Bluetooth: L2CAP socket layer initialized
[    0.149370] Bluetooth: SCO socket layer initialized
[    0.149563] clocksource: Switched to clocksource hpet
[    0.149563] pnp: PnP ACPI init
[    0.149563] system 00:00: [mem 0x00000000-0x0009ffff] could not be reserved
[    0.149604] system 00:00: [mem 0x000c0000-0x000c3fff] could not be reserved
[    0.149672] system 00:00: [mem 0x000c4000-0x000c7fff] could not be reserved
[    0.149739] system 00:00: [mem 0x000c8000-0x000cbfff] has been reserved
[    0.149806] system 00:00: [mem 0x000cc000-0x000cffff] has been reserved
[    0.149872] system 00:00: [mem 0x000dc000-0x000dffff] could not be reserved
[    0.149940] system 00:00: [mem 0x000e0000-0x000e3fff] could not be reserved
[    0.150007] system 00:00: [mem 0x000e4000-0x000e7fff] could not be reserved
[    0.150075] system 00:00: [mem 0x000e8000-0x000ebfff] could not be reserved
[    0.150143] system 00:00: [mem 0x000ec000-0x000effff] could not be reserved
[    0.150211] system 00:00: [mem 0x000f0000-0x000fffff] could not be reserved
[    0.150278] system 00:00: [mem 0x00100000-0xbfffffff] could not be reserved
[    0.150352] system 00:00: [mem 0xfec00000-0xfed3ffff] could not be reserved
[    0.150422] system 00:00: [mem 0xfed41000-0xffffffff] could not be reserved
[    0.150502] system 00:00: Plug and Play ACPI device, IDs PNP0c01 (active)
[    0.150745] system 00:01: [io  0x164e-0x164f] has been reserved
[    0.150813] system 00:01: [io  0x1000-0x107f] has been reserved
[    0.150879] system 00:01: [io  0x1180-0x11bf] has been reserved
[    0.150945] system 00:01: [io  0x0800-0x080f] has been reserved
[    0.151010] system 00:01: [io  0x15e0-0x15ef] has been reserved
[    0.151076] system 00:01: [io  0x1600-0x165f] could not be reserved
[    0.151143] system 00:01: [mem 0xf0000000-0xf3ffffff] has been reserved
[    0.151210] system 00:01: [mem 0xfed1c000-0xfed1ffff] has been reserved
[    0.151277] system 00:01: [mem 0xfed14000-0xfed17fff] has been reserved
[    0.151344] system 00:01: [mem 0xfed18000-0xfed18fff] has been reserved
[    0.151411] system 00:01: [mem 0xfed19000-0xfed19fff] has been reserved
[    0.151487] system 00:01: Plug and Play ACPI device, IDs PNP0c02 (active)
[    0.151614] pnp 00:02: Plug and Play ACPI device, IDs PNP0b00 (active)
[    0.151669] pnp 00:03: Plug and Play ACPI device, IDs PNP0303 (active)
[    0.151719] pnp 00:04: Plug and Play ACPI device, IDs IBM3780 PNP0f13 (active)
[    0.152076] pnp 00:05: [dma 3]
[    0.152194] pnp 00:05: Plug and Play ACPI device, IDs IBM0071 PNP0511 (active)
[    0.152287] pnp 00:06: Plug and Play ACPI device, IDs ATM1200 PNP0c31 (active)
[    0.153661] pnp: PnP ACPI: found 7 devices
[    0.191642] clocksource: acpi_pm: mask: 0xffffff max_cycles: 0xffffff, max_idle_ns: 2085701024 ns
[    0.191750] pci 0000:00:1c.0: bridge window [mem 0x00100000-0x000fffff 64bit pref] to [bus 02] add_size 200000 add_align 100000
[    0.191819] pci 0000:00:1c.0: BAR 9: assigned [mem 0xc0000000-0xc01fffff 64bit pref]
[    0.191890] pci 0000:00:1c.0: PCI bridge to [bus 02]
[    0.191955] pci 0000:00:1c.0:   bridge window [io  0x2000-0x2fff]
[    0.192036] pci 0000:00:1c.0:   bridge window [mem 0xee000000-0xee0fffff]
[    0.192105] pci 0000:00:1c.0:   bridge window [mem 0xc0000000-0xc01fffff 64bit pref]
[    0.192180] pci 0000:00:1c.1: PCI bridge to [bus 03]
[    0.192244] pci 0000:00:1c.1:   bridge window [io  0x3000-0x4fff]
[    0.192314] pci 0000:00:1c.1:   bridge window [mem 0xec000000-0xedffffff]
[    0.192383] pci 0000:00:1c.1:   bridge window [mem 0xe4000000-0xe40fffff 64bit pref]
[    0.192457] pci 0000:00:1c.2: PCI bridge to [bus 04-0b]
[    0.192522] pci 0000:00:1c.2:   bridge window [io  0x5000-0x6fff]
[    0.192591] pci 0000:00:1c.2:   bridge window [mem 0xe8000000-0xe9ffffff]
[    0.192661] pci 0000:00:1c.2:   bridge window [mem 0xe4100000-0xe41fffff 64bit pref]
[    0.192735] pci 0000:00:1c.3: PCI bridge to [bus 0c-13]
[    0.192800] pci 0000:00:1c.3:   bridge window [io  0x7000-0x8fff]
[    0.192869] pci 0000:00:1c.3:   bridge window [mem 0xea000000-0xebffffff]
[    0.192939] pci 0000:00:1c.3:   bridge window [mem 0xe4200000-0xe42fffff 64bit pref]
[    0.193018] pci 0000:15:00.0: BAR 9: assigned [mem 0xe0000000-0xe3ffffff pref]
[    0.193089] pci 0000:15:00.0: BAR 10: assigned [mem 0xc4000000-0xc7ffffff]
[    0.193156] pci 0000:15:00.0: BAR 7: assigned [io  0x9000-0x90ff]
[    0.193221] pci 0000:15:00.0: BAR 8: assigned [io  0x9400-0x94ff]
[    0.193288] pci 0000:15:00.0: CardBus bridge to [bus 16-17]
[    0.193352] pci 0000:15:00.0:   bridge window [io  0x9000-0x90ff]
[    0.193421] pci 0000:15:00.0:   bridge window [io  0x9400-0x94ff]
[    0.193488] pci 0000:15:00.0:   bridge window [mem 0xe0000000-0xe3ffffff pref]
[    0.193558] pci 0000:15:00.0:   bridge window [mem 0xc4000000-0xc7ffffff]
[    0.193628] pci 0000:00:1e.0: PCI bridge to [bus 15-18]
[    0.193693] pci 0000:00:1e.0:   bridge window [io  0x9000-0xcfff]
[    0.193763] pci 0000:00:1e.0:   bridge window [mem 0xe4300000-0xe7ffffff]
[    0.193832] pci 0000:00:1e.0:   bridge window [mem 0xe0000000-0xe3ffffff 64bit pref]
[    0.193906] pci_bus 0000:00: resource 4 [io  0x0000-0x0cf7 window]
[    0.193909] pci_bus 0000:00: resource 5 [io  0x0d00-0xffff window]
[    0.193912] pci_bus 0000:00: resource 6 [mem 0x000a0000-0x000bffff window]
[    0.193915] pci_bus 0000:00: resource 7 [mem 0x000d0000-0x000d3fff window]
[    0.193917] pci_bus 0000:00: resource 8 [mem 0x000d4000-0x000d7fff window]
[    0.193920] pci_bus 0000:00: resource 9 [mem 0x000d8000-0x000dbfff window]
[    0.193923] pci_bus 0000:00: resource 10 [mem 0xc0000000-0xfebfffff window]
[    0.193925] pci_bus 0000:00: resource 11 [mem 0xfed40000-0xfed40fff window]
[    0.193928] pci_bus 0000:02: resource 0 [io  0x2000-0x2fff]
[    0.193931] pci_bus 0000:02: resource 1 [mem 0xee000000-0xee0fffff]
[    0.193934] pci_bus 0000:02: resource 2 [mem 0xc0000000-0xc01fffff 64bit pref]
[    0.193937] pci_bus 0000:03: resource 0 [io  0x3000-0x4fff]
[    0.193939] pci_bus 0000:03: resource 1 [mem 0xec000000-0xedffffff]
[    0.193942] pci_bus 0000:03: resource 2 [mem 0xe4000000-0xe40fffff 64bit pref]
[    0.193945] pci_bus 0000:04: resource 0 [io  0x5000-0x6fff]
[    0.193947] pci_bus 0000:04: resource 1 [mem 0xe8000000-0xe9ffffff]
[    0.193950] pci_bus 0000:04: resource 2 [mem 0xe4100000-0xe41fffff 64bit pref]
[    0.193953] pci_bus 0000:0c: resource 0 [io  0x7000-0x8fff]
[    0.193956] pci_bus 0000:0c: resource 1 [mem 0xea000000-0xebffffff]
[    0.193958] pci_bus 0000:0c: resource 2 [mem 0xe4200000-0xe42fffff 64bit pref]
[    0.193961] pci_bus 0000:15: resource 0 [io  0x9000-0xcfff]
[    0.193964] pci_bus 0000:15: resource 1 [mem 0xe4300000-0xe7ffffff]
[    0.193967] pci_bus 0000:15: resource 2 [mem 0xe0000000-0xe3ffffff 64bit pref]
[    0.193969] pci_bus 0000:15: resource 4 [io  0x0000-0x0cf7 window]
[    0.193972] pci_bus 0000:15: resource 5 [io  0x0d00-0xffff window]
[    0.193975] pci_bus 0000:15: resource 6 [mem 0x000a0000-0x000bffff window]
[    0.193977] pci_bus 0000:15: resource 7 [mem 0x000d0000-0x000d3fff window]
[    0.193980] pci_bus 0000:15: resource 8 [mem 0x000d4000-0x000d7fff window]
[    0.193982] pci_bus 0000:15: resource 9 [mem 0x000d8000-0x000dbfff window]
[    0.193985] pci_bus 0000:15: resource 10 [mem 0xc0000000-0xfebfffff window]
[    0.193988] pci_bus 0000:15: resource 11 [mem 0xfed40000-0xfed40fff window]
[    0.193991] pci_bus 0000:16: resource 0 [io  0x9000-0x90ff]
[    0.193993] pci_bus 0000:16: resource 1 [io  0x9400-0x94ff]
[    0.193996] pci_bus 0000:16: resource 2 [mem 0xe0000000-0xe3ffffff pref]
[    0.193999] pci_bus 0000:16: resource 3 [mem 0xc4000000-0xc7ffffff]
[    0.194190] NET: Registered protocol family 2
[    0.194464] tcp_listen_portaddr_hash hash table entries: 512 (order: 0, 6144 bytes)
[    0.194538] TCP established hash table entries: 8192 (order: 3, 32768 bytes)
[    0.194630] TCP bind hash table entries: 8192 (order: 4, 65536 bytes)
[    0.194738] TCP: Hash tables configured (established 8192 bind 8192)
[    0.194843] UDP hash table entries: 512 (order: 2, 16384 bytes)
[    0.194917] UDP-Lite hash table entries: 512 (order: 2, 16384 bytes)
[    0.195037] NET: Registered protocol family 1
[    0.195275] RPC: Registered named UNIX socket transport module.
[    0.195341] RPC: Registered udp transport module.
[    0.195403] RPC: Registered tcp transport module.
[    0.195464] RPC: Registered tcp NFSv4.1 backchannel transport module.
[    0.195717] pci 0000:00:02.0: Video device with shadowed ROM at [mem 0x000c0000-0x000dffff]
[    0.197330] PCI: CLS mismatch (64 != 32), using 64 bytes
[    0.198238] Initialise system trusted keyrings
[    0.198366] workingset: timestamp_bits=30 max_order=20 bucket_order=0
[    0.198916] Installing knfsd (copyright (C) 1996 okir@monad.swb.de).
[    0.199049] ntfs: driver 2.1.32 [Flags: R/W].
[    0.199170] fuse init (API version 7.27)
[    0.200992] Key type asymmetric registered
[    0.201055] Asymmetric key parser 'x509' registered
[    0.201136] bounce: pool size: 64 pages
[    0.201997] Block layer SCSI generic (bsg) driver version 0.4 loaded (major 249)
[    0.202067] io scheduler noop registered
[    0.202127] io scheduler deadline registered
[    0.202202] io scheduler cfq registered (default)
[    0.202265] io scheduler mq-deadline registered
[    0.202336] io scheduler bfq registered
[    0.203268] intel_idle: does not run on family 6 model 14
[    0.203567] ACPI: Deprecated procfs I/F for AC is loaded, please retry with CONFIG_ACPI_PROCFS_POWER cleared
[    0.203706] ACPI: AC Adapter [AC] (on-line)
[    0.203878] input: Lid Switch as /devices/LNXSYSTM:00/LNXSYBUS:00/PNP0C0D:00/input/input0
[    0.203976] ACPI: Lid Switch [LID]
[    0.204163] input: Sleep Button as /devices/LNXSYSTM:00/LNXSYBUS:00/PNP0C0E:00/input/input1
[    0.204312] ACPI: Sleep Button [SLPB]
[    0.204461] input: Power Button as /devices/LNXSYSTM:00/LNXPWRBN:00/input/input2
[    0.204550] ACPI: Power Button [PWRF]
[    0.204774] ACPI: Video Device [VID] (multi-head: yes  rom: no  post: no)
[    0.208927] acpi device:01: registered as cooling_device0
[    0.209133] input: Video Bus as /devices/LNXSYSTM:00/LNXSYBUS:00/PNP0A08:00/LNXVIDEO:00/input/input3
[    0.216544] thermal LNXTHERM:00: registered as thermal_zone0
[    0.216623] ACPI: Thermal Zone [THM0] (75 C)
[    0.218805] thermal LNXTHERM:01: registered as thermal_zone1
[    0.218869] ACPI: Thermal Zone [THM1] (75 C)
[    0.219291] Serial: 8250/16550 driver, 4 ports, IRQ sharing disabled
[    0.219815] serial8250: ttyS1 at I/O 0x2f8 (irq = 3, base_baud = 921600) is a NS16550A
[    0.220912] lp: driver loaded but no devices found
[    0.221152] Non-volatile memory driver v1.3
[    0.221367] intel_rng: FWH not detected
[    0.221459] Linux agpgart interface v0.103
[    0.221741] [drm] radeon kernel modesetting enabled.
[    0.222122] pci 0000:00:00.0: Intel 945GM Chipset
[    0.222230] pci 0000:00:00.0: detected gtt size: 262144K total, 262144K mappable
[    0.222909] pci 0000:00:00.0: detected 8192K stolen memory
[    0.223138] [drm] Replacing VGA console driver
[    0.224360] Console: switching to colour dummy device 80x25
[    0.225540] [drm] Supports vblank timestamp caching Rev 2 (21.10.2013).
[    0.225549] [drm] Driver supports precise vblank timestamp query.
[    0.225566] resource sanity check: requesting [mem 0x000c0000-0x000dffff], which spans more than pnp 00:00 [mem 0x000c8000-0x000cbfff]
[    0.225579] caller pci_map_rom+0x58/0xf0 mapping multiple BARs
[    0.226435] i915 0000:00:02.0: vgaarb: changed VGA decodes: olddecodes=io+mem,decodes=io+mem:owns=io+mem
[    0.245404] ACPI: Deprecated procfs I/F for battery is loaded, please retry with CONFIG_ACPI_PROCFS_POWER cleared
[    0.245417] ACPI: Battery Slot [BAT0] (battery present)
[    0.288055] random: fast init done
[    0.302639] [drm] RC6 disabled, disabling runtime PM support
[    0.302715] [drm] initialized overlay support
[    0.303137] [drm] Initialized i915 1.6.0 20180514 for 0000:00:02.0 on minor 0
[    0.303380] usbcore: registered new interface driver udl
[    0.307304] loop: module loaded
[    0.313559] ahci 0000:00:1f.2: version 3.0
[    0.313824] ahci 0000:00:1f.2: AHCI 0001.0100 32 slots 4 ports 1.5 Gbps 0x1 impl SATA mode
[    0.313838] ahci 0000:00:1f.2: flags: 64bit ncq pm led clo pio slum part 
[    0.314602] scsi host0: ahci
[    0.314796] scsi host1: ahci
[    0.314970] scsi host2: ahci
[    0.315143] scsi host3: ahci
[    0.315226] ata1: SATA max UDMA/133 abar m1024@0xee444400 port 0xee444500 irq 16
[    0.315231] ata2: DUMMY
[    0.315234] ata3: DUMMY
[    0.315237] ata4: DUMMY
[    0.315315] ata_piix 0000:00:1f.1: version 2.13
[    0.316361] scsi host4: ata_piix
[    0.316536] scsi host5: ata_piix
[    0.316605] ata5: PATA max UDMA/100 cmd 0x1f0 ctl 0x3f6 bmdma 0x1810 irq 14
[    0.316611] ata6: PATA max UDMA/100 cmd 0x170 ctl 0x376 bmdma 0x1818 irq 15
[    0.316918] tun: Universal TUN/TAP device driver, 1.6
[    0.317095] e1000: Intel(R) PRO/1000 Network Driver - version 7.3.21-k8-NAPI
[    0.317100] e1000: Copyright (c) 1999-2006 Intel Corporation.
[    0.317131] e1000e: Intel(R) PRO/1000 Network Driver - 3.2.6-k
[    0.317135] e1000e: Copyright(c) 1999 - 2015 Intel Corporation.
[    0.317415] e1000e 0000:02:00.0: Interrupt Throttling Rate (ints/sec) set to dynamic conservative mode
[    0.317693] ata6: port disabled--ignoring
[    0.325916] fbcon: inteldrmfb (fb0) is primary device
[    0.456534] e1000e 0000:02:00.0 eth0: (PCI Express:2.5GT/s:Width x1) 00:16:d3:25:19:04
[    0.456537] e1000e 0000:02:00.0 eth0: Intel(R) PRO/1000 Network Connection
[    0.456614] e1000e 0000:02:00.0 eth0: MAC: 2, PHY: 2, PBA No: 005302-003
[    0.456715] PPP generic driver version 2.4.2
[    0.456781] PPP BSD Compression module registered
[    0.456782] PPP Deflate Compression module registered
[    0.456784] SLIP: version 0.8.4-NET3.019-NEWTTY (dynamic channels, max=256).
[    0.456784] CSLIP: code copyright 1989 Regents of the University of California.
[    0.456824] iwl3945: Intel(R) PRO/Wireless 3945ABG/BG Network Connection driver for Linux, in-tree:ds
[    0.456824] iwl3945: Copyright(c) 2003-2011 Intel Corporation
[    0.456825] iwl3945: hw_scan is disabled
[    0.511178] iwl3945 0000:03:00.0: Tunable channels: 11 802.11bg, 13 802.11a channels
[    0.511181] iwl3945 0000:03:00.0: Detected Intel Wireless WiFi Link 3945ABG
[    0.511478] ieee80211 phy0: Selected rate control algorithm 'iwl-3945-rs'
[    0.511735] Intel(R) Wireless WiFi driver for Linux
[    0.511735] Copyright(c) 2003- 2015 Intel Corporation
[    0.511874] usbcore: registered new interface driver ax88179_178a
[    0.511887] usbcore: registered new interface driver cdc_ether
[    0.511900] usbcore: registered new interface driver cdc_eem
[    0.511914] usbcore: registered new interface driver net1080
[    0.511926] usbcore: registered new interface driver cdc_subset
[    0.511939] usbcore: registered new interface driver zaurus
[    0.511964] usbcore: registered new interface driver cdc_ncm
[    0.511980] usbcore: registered new interface driver cdc_mbim
[    0.512032] pci 0000:00:1e.0: enabling device (0005 -> 0007)
[    0.512124] yenta_cardbus 0000:15:00.0: CardBus bridge found [17aa:201c]
[    0.632081] ata1: SATA link up 1.5 Gbps (SStatus 113 SControl 300)
[    0.694802] ata1.00: ACPI cmd ef/02:00:00:00:00:a0 (SET FEATURES) succeeded
[    0.694806] ata1.00: ACPI cmd f5/00:00:00:00:00:a0 (SECURITY FREEZE LOCK) filtered out
[    0.694809] ata1.00: ACPI cmd ef/10:03:00:00:00:a0 (SET FEATURES) filtered out
[    0.739229] ata1.00: ATA-9: ST1000LM014-1EJ164, SM11, max UDMA/133
[    0.739232] ata1.00: 1953525168 sectors, multi 16: LBA48 NCQ (depth 32), AA
[    0.783510] ata1.00: ACPI cmd ef/02:00:00:00:00:a0 (SET FEATURES) succeeded
[    0.783513] ata1.00: ACPI cmd f5/00:00:00:00:00:a0 (SECURITY FREEZE LOCK) filtered out
[    0.783517] ata1.00: ACPI cmd ef/10:03:00:00:00:a0 (SET FEATURES) filtered out
[    0.827986] ata1.00: configured for UDMA/133
[    1.027080] Console: switching to colour frame buffer device 102x42
[    1.099595] i915 0000:00:02.0: fb0: inteldrmfb frame buffer device
[    1.102111] scsi 0:0:0:0: Direct-Access     ATA      ST1000LM014-1EJ1 SM11 PQ: 0 ANSI: 5
[    1.104837] sd 0:0:0:0: Attached scsi generic sg0 type 0
[    1.104895] sd 0:0:0:0: [sda] 1953525168 512-byte logical blocks: (1.00 TB/932 GiB)
[    1.109484] sd 0:0:0:0: [sda] 4096-byte physical blocks
[    1.111857] sd 0:0:0:0: [sda] Write Protect is off
[    1.114143] sd 0:0:0:0: [sda] Mode Sense: 00 3a 00 00
[    1.114221] sd 0:0:0:0: [sda] Write cache: enabled, read cache: enabled, doesn't support DPO or FUA
[    1.125926]  sda: sda1 sda2 sda3 sda4
[    1.129032] sd 0:0:0:0: [sda] Attached SCSI disk
[    1.264835] yenta_cardbus 0000:15:00.0: ISA IRQ mask 0x0cb8, PCI irq 16
[    1.267215] yenta_cardbus 0000:15:00.0: Socket status: 30000006
[    1.269520] yenta_cardbus 0000:15:00.0: pcmcia: parent PCI bridge window: [io  0x9000-0xcfff]
[    1.271814] yenta_cardbus 0000:15:00.0: pcmcia: parent PCI bridge window: [mem 0xe4300000-0xe7ffffff]
[    1.274108] pcmcia_socket pcmcia_socket0: cs: memory probe 0xe4300000-0xe7ffffff:
[    1.276411]  excluding 0xe4300000-0xe46cffff
[    1.278698] yenta_cardbus 0000:15:00.0: pcmcia: parent PCI bridge window: [mem 0xe0000000-0xe3ffffff 64bit pref]
[    1.281116] pcmcia_socket pcmcia_socket0: cs: memory probe 0xe0000000-0xe3ffffff:
[    1.283567]  excluding 0xe0000000-0xe3ffffff
[    1.286444] ehci_hcd: USB 2.0 'Enhanced' Host Controller (EHCI) Driver
[    1.288978] ehci-pci: EHCI PCI platform driver
[    1.291715] ehci-pci 0000:00:1d.7: EHCI Host Controller
[    1.294416] ehci-pci 0000:00:1d.7: new USB bus registered, assigned bus number 1
[    1.297124] ehci-pci 0000:00:1d.7: debug port 1
[    1.303722] ehci-pci 0000:00:1d.7: cache line size of 64 is not supported
[    1.303744] ehci-pci 0000:00:1d.7: irq 19, io mem 0xee444000
[    1.320070] ehci-pci 0000:00:1d.7: USB 2.0 started, EHCI 1.00
[    1.323054] usb usb1: New USB device found, idVendor=1d6b, idProduct=0002, bcdDevice= 4.18
[    1.325886] usb usb1: New USB device strings: Mfr=3, Product=2, SerialNumber=1
[    1.328688] usb usb1: Product: EHCI Host Controller
[    1.331443] usb usb1: Manufacturer: Linux 4.18.0+ ehci_hcd
[    1.334174] usb usb1: SerialNumber: 0000:00:1d.7
[    1.337084] hub 1-0:1.0: USB hub found
[    1.339790] hub 1-0:1.0: 8 ports detected
[    1.343024] ohci_hcd: USB 1.1 'Open' Host Controller (OHCI) Driver
[    1.345667] ohci-pci: OHCI PCI platform driver
[    1.348313] uhci_hcd: USB Universal Host Controller Interface driver
[    1.351064] uhci_hcd 0000:00:1d.0: UHCI Host Controller
[    1.353783] uhci_hcd 0000:00:1d.0: new USB bus registered, assigned bus number 2
[    1.356449] uhci_hcd 0000:00:1d.0: detected 2 ports
[    1.359040] uhci_hcd 0000:00:1d.0: irq 16, io base 0x00001820
[    1.361769] usb usb2: New USB device found, idVendor=1d6b, idProduct=0001, bcdDevice= 4.18
[    1.364373] usb usb2: New USB device strings: Mfr=3, Product=2, SerialNumber=1
[    1.366939] usb usb2: Product: UHCI Host Controller
[    1.369525] usb usb2: Manufacturer: Linux 4.18.0+ uhci_hcd
[    1.372072] usb usb2: SerialNumber: 0000:00:1d.0
[    1.374695] hub 2-0:1.0: USB hub found
[    1.377174] hub 2-0:1.0: 2 ports detected
[    1.379917] uhci_hcd 0000:00:1d.1: UHCI Host Controller
[    1.382426] uhci_hcd 0000:00:1d.1: new USB bus registered, assigned bus number 3
[    1.384886] uhci_hcd 0000:00:1d.1: detected 2 ports
[    1.387334] uhci_hcd 0000:00:1d.1: irq 17, io base 0x00001840
[    1.389903] usb usb3: New USB device found, idVendor=1d6b, idProduct=0001, bcdDevice= 4.18
[    1.392333] usb usb3: New USB device strings: Mfr=3, Product=2, SerialNumber=1
[    1.394660] usb usb3: Product: UHCI Host Controller
[    1.396911] usb usb3: Manufacturer: Linux 4.18.0+ uhci_hcd
[    1.399117] usb usb3: SerialNumber: 0000:00:1d.1
[    1.401476] hub 3-0:1.0: USB hub found
[    1.403643] hub 3-0:1.0: 2 ports detected
[    1.406147] uhci_hcd 0000:00:1d.2: UHCI Host Controller
[    1.408368] uhci_hcd 0000:00:1d.2: new USB bus registered, assigned bus number 4
[    1.410523] uhci_hcd 0000:00:1d.2: detected 2 ports
[    1.412701] uhci_hcd 0000:00:1d.2: irq 18, io base 0x00001860
[    1.415048] usb usb4: New USB device found, idVendor=1d6b, idProduct=0001, bcdDevice= 4.18
[    1.417256] usb usb4: New USB device strings: Mfr=3, Product=2, SerialNumber=1
[    1.419425] usb usb4: Product: UHCI Host Controller
[    1.421578] usb usb4: Manufacturer: Linux 4.18.0+ uhci_hcd
[    1.423723] usb usb4: SerialNumber: 0000:00:1d.2
[    1.426052] hub 4-0:1.0: USB hub found
[    1.428218] hub 4-0:1.0: 2 ports detected
[    1.430711] uhci_hcd 0000:00:1d.3: UHCI Host Controller
[    1.432933] uhci_hcd 0000:00:1d.3: new USB bus registered, assigned bus number 5
[    1.435094] uhci_hcd 0000:00:1d.3: detected 2 ports
[    1.437242] uhci_hcd 0000:00:1d.3: irq 19, io base 0x00001880
[    1.439529] usb usb5: New USB device found, idVendor=1d6b, idProduct=0001, bcdDevice= 4.18
[    1.441720] usb usb5: New USB device strings: Mfr=3, Product=2, SerialNumber=1
[    1.443878] usb usb5: Product: UHCI Host Controller
[    1.446049] usb usb5: Manufacturer: Linux 4.18.0+ uhci_hcd
[    1.448180] usb usb5: SerialNumber: 0000:00:1d.3
[    1.450431] hub 5-0:1.0: USB hub found
[    1.452512] hub 5-0:1.0: 2 ports detected
[    1.454850] usbcore: registered new interface driver cdc_acm
[    1.456924] cdc_acm: USB Abstract Control Model driver for USB modems and ISDN adapters
[    1.459086] usbcore: registered new interface driver usblp
[    1.461290] usbcore: registered new interface driver cdc_wdm
[    1.463463] usbcore: registered new interface driver usb-storage
[    1.465583] usbcore: registered new interface driver ums-sddr09
[    1.467669] usbcore: registered new interface driver usbserial_generic
[    1.469741] usbserial: USB Serial support registered for generic
[    1.471769] usbcore: registered new interface driver ch341
[    1.473792] usbserial: USB Serial support registered for ch341-uart
[    1.475812] usbcore: registered new interface driver ftdi_sio
[    1.477850] usbserial: USB Serial support registered for FTDI USB Serial Device
[    1.479999] usbcore: registered new interface driver option
[    1.482116] usbserial: USB Serial support registered for GSM modem (1-port)
[    1.484389] usbcore: registered new interface driver pl2303
[    1.486566] usbserial: USB Serial support registered for pl2303
[    1.488777] usbcore: registered new interface driver ti_usb_3410_5052
[    1.490980] usbserial: USB Serial support registered for TI USB 3410 1 port adapter
[    1.493263] usbserial: USB Serial support registered for TI USB 5052 2 port adapter
[    1.495431] ftdi_elan: driver ftdi-elan
[    1.497598] usbcore: registered new interface driver ftdi-elan
[    1.499827] i8042: PNP: PS/2 Controller [PNP0303:KBD,PNP0f13:MOU] at 0x60,0x64 irq 1,12
[    1.513074] serio: i8042 KBD port at 0x60,0x64 irq 1
[    1.515326] serio: i8042 AUX port at 0x60,0x64 irq 12
[    1.517759] mousedev: PS/2 mouse device common for all mice
[    1.520427] input: PC Speaker as /devices/platform/pcspkr/input/input4
[    1.522893] rtc_cmos 00:02: RTC can wake from S4
[    1.525420] rtc_cmos 00:02: registered as rtc0
[    1.527709] rtc_cmos 00:02: alarms up to one month, y3k, 114 bytes nvram, hpet irqs
[    1.530104] usbcore: registered new interface driver uvcvideo
[    1.532398] USB Video Class driver (1.1.1)
[    1.534652] gspca_main: v2.14.0 registered
[    1.536895] usbcore: registered new interface driver sq930x
[    1.539528] device-mapper: ioctl: 4.39.0-ioctl (2018-04-03) initialised: dm-devel@redhat.com
[    1.541903] Bluetooth: HCI UART driver ver 2.3
[    1.544265] Bluetooth: HCI UART protocol H4 registered
[    1.546632] Bluetooth: HCI UART protocol BCSP registered
[    1.549013] usbcore: registered new interface driver btusb
[    1.551362] sdhci: Secure Digital Host Controller Interface driver
[    1.553651] sdhci: Copyright(c) Pierre Ossman
[    1.555994] sdhci-pci 0000:15:00.2: SDHCI controller found [1180:0822] (rev 18)
[    1.558553] sdhci-pci 0000:15:00.2: Will use DMA mode even though HW doesn't fully claim to support it.
[    1.561106] mmc0 bounce up to 128 segments into one, max segment size 65536 bytes
[    1.563698] sdhci-pci 0000:15:00.2: Will use DMA mode even though HW doesn't fully claim to support it.
[    1.566541] mmc0: SDHCI controller on PCI [0000:15:00.2] using DMA
[    1.569291] hidraw: raw HID events driver (C) Jiri Kosina
[    1.569561] input: AT Translated Set 2 keyboard as /devices/platform/i8042/serio0/input/input5
[    1.572350] usbcore: registered new interface driver usbhid
[    1.577475] usbhid: USB HID core driver
[    1.580202] sdhci-pci 0000:15:00.2: Will use DMA mode even though HW doesn't fully claim to support it.
[    1.583320] thinkpad_acpi: ThinkPad ACPI Extras v0.26
[    1.586114] thinkpad_acpi: http://ibm-acpi.sf.net/
[    1.588862] thinkpad_acpi: ThinkPad BIOS 7BETD8WW (2.19 ), EC 7BHT40WW-1.13
[    1.591634] thinkpad_acpi: Lenovo ThinkPad X60, model 17097HU
[    1.597554] thinkpad_acpi: ACPI backlight control delay disabled
[    1.600899] thinkpad_acpi: radio switch found; radios are enabled
[    1.603646] thinkpad_acpi: This ThinkPad has standard ACPI backlight brightness control, supported by the ACPI video driver
[    1.609257] thinkpad_acpi: Disabling thinkpad-acpi brightness events by default...
[    1.618089] thinkpad_acpi: rfkill switch tpacpi_bluetooth_sw: radio is blocked
[    1.622859] thinkpad_acpi: warning: userspace override of important firmware LEDs is enabled
[    1.630506] thinkpad_acpi: Standard ACPI backlight interface available, not loading native one
[    1.633629] thinkpad_acpi: volume: disabled as there is no ALSA support in this kernel
[    1.637121] thinkpad_acpi: battery 1 registered (start 0, stop 0)
[    1.637129] battery: new extension: ThinkPad Battery Extension
[    1.643321] input: ThinkPad Extra Buttons as /devices/platform/thinkpad_acpi/input/input8
[    1.649375] snd_hda_intel 0000:00:1b.0: probe_mask set to 0x1 for device 17aa:2010
[    1.652681] usbcore: registered new interface driver snd-usb-audio
[    1.656207] NET: Registered protocol family 17
[    1.659317] Bluetooth: RFCOMM TTY layer initialized
[    1.662364] Bluetooth: RFCOMM socket layer initialized
[    1.665366] Bluetooth: RFCOMM ver 1.11
[    1.668310] Bluetooth: BNEP (Ethernet Emulation) ver 1.3
[    1.671285] Bluetooth: BNEP filters: protocol multicast
[    1.674239] Bluetooth: BNEP socket layer initialized
[    1.677188] Bluetooth: HIDP (Human Interface Emulation) ver 1.2
[    1.678561] snd_hda_codec_analog hdaudioC0D0: autoconfig for AD1981: line_outs=1 (0x5/0x0/0x0/0x0/0x0) type:speaker
[    1.680134] Bluetooth: HIDP socket layer initialized
[    1.686109] snd_hda_codec_analog hdaudioC0D0:    speaker_outs=0 (0x0/0x0/0x0/0x0/0x0)
[    1.689258] microcode: sig=0x6e8, pf=0x20, revision=0x39
[    1.692019] snd_hda_codec_analog hdaudioC0D0:    hp_outs=0 (0x0/0x0/0x0/0x0/0x0)
[    1.698149] snd_hda_codec_analog hdaudioC0D0:    mono: mono_out=0x0
[    1.698266] microcode: Microcode Update Driver: v2.2.
[    1.701025] snd_hda_codec_analog hdaudioC0D0:    inputs:
[    1.701028] snd_hda_codec_analog hdaudioC0D0:      Mic=0x8
[    1.701031] snd_hda_codec_analog hdaudioC0D0:      CD=0x19
[    1.703847] Using IPI No-Shortcut mode
[    1.715265] Loading compiled-in X.509 certificates
[    1.718302] Key type encrypted registered
[    1.721203] rtc_cmos 00:02: setting system clock to 2018-08-14 19:55:09 UTC (1534276509)
[    1.726550] cfg80211: Loading compiled-in X.509 certificates for regulatory database
[    1.732541] cfg80211: Loaded X.509 cert 'sforshee: 00b28ddf47aef9cea7'
[    1.735710] PM: Image not found (code -22)
[    1.735713] ALSA device list:
[    1.735907] platform regulatory.0: Direct firmware load for regulatory.db failed with error -2
[    1.738278]   #0: HDA Intel at 0xee240000 irq 17
[    1.740927] cfg80211: failed to load regulatory.db
[    1.940076] usb 5-2: new full-speed USB device number 2 using uhci_hcd
[    2.136756] usb 5-2: New USB device found, idVendor=0483, idProduct=2016, bcdDevice= 0.01
[    2.141370] usb 5-2: New USB device strings: Mfr=1, Product=2, SerialNumber=0
[    2.145929] usb 5-2: Product: Biometric Coprocessor
[    2.150421] usb 5-2: Manufacturer: STMicroelectronics
[    2.466903] psmouse serio1: trackpoint: IBM TrackPoint firmware: 0x0e, buttons: 3/3
[    2.489644] input: TPPS/2 IBM TrackPoint as /devices/platform/i8042/serio1/input/input7
[    2.497961] md: Waiting for all devices to be available before autodetect
[    2.502461] md: If you don't use raid, use raid=noautodetect
[    2.506188] md: Autodetecting RAID arrays.
[    2.508824] md: autorun ...
[    2.511384] md: ... autorun DONE.
[    2.523656] EXT4-fs (sda4): mounted filesystem with ordered data mode. Opts: (null)
[    2.526348] VFS: Mounted root (ext4 filesystem) readonly on device 8:4.
[    2.530186] devtmpfs: mounted
[    2.534129] Freeing unused kernel memory: 572K
[    2.548270] Write protecting the kernel text: 11752k
[    2.552822] Write protecting the kernel read-only data: 3864k
[    2.557200] NX-protecting the kernel data: 6680k
[    2.562243] x86/mm: Checked W+X mappings: passed, no W+X pages found.
[    2.565523] rodata_test: all tests were successful
[    3.060115] random: systemd: uninitialized urandom read (16 bytes read)
[    3.065366] systemd[1]: systemd 215 running in system mode. (+PAM +AUDIT +SELINUX +IMA +SYSVINIT +LIBCRYPTSETUP +GCRYPT +ACL +XZ -SECCOMP -APPARMOR)
[    3.092238] systemd[1]: Detected architecture 'x86'.
[    3.156072] usb 5-1: new full-speed USB device number 3 using uhci_hcd
[    3.345758] usb 5-1: New USB device found, idVendor=0a5c, idProduct=2110, bcdDevice= 1.00
[    3.350564] usb 5-1: New USB device strings: Mfr=1, Product=2, SerialNumber=0
[    3.355300] usb 5-1: Product: BCM2045B
[    3.359934] usb 5-1: Manufacturer: Broadcom Corp
[    3.381410] systemd[1]: Failed to insert module 'ipv6'
[    3.385342] systemd[1]: Set hostname to <amd>.
[    3.684323] random: systemd-sysv-ge: uninitialized urandom read (16 bytes read)
[    4.155040] random: systemd-sysv-ge: uninitialized urandom read (16 bytes read)
[    4.185406] random: systemd: uninitialized urandom read (16 bytes read)
[    4.189222] random: systemd: uninitialized urandom read (16 bytes read)
[    5.050592] systemd[1]: Binding to IPv6 address not available since kernel does not support IPv6.
[    5.055028] systemd[1]: [/lib/systemd/system/gpsd.socket:6] Failed to parse address value, ignoring: [::1]:2947
[    5.065132] systemd[1]: Starting Forward Password Requests to Wall Directory Watch.
[    5.067804] systemd[1]: Started Forward Password Requests to Wall Directory Watch.
[    5.070375] systemd[1]: Starting Remote File Systems (Pre).
[    5.076124] systemd[1]: Reached target Remote File Systems (Pre).
[    5.662271] systemd-udevd[2309]: starting version 215
[    5.837747] random: crng init done
[    5.840336] random: 5 urandom warning(s) missed due to ratelimiting
[    7.134322] EXT4-fs (sda4): re-mounted. Opts: errors=remount-ro
[    7.340668] e1000e 0000:02:00.0 eth1: renamed from eth0
[    7.352192] systemd-udevd[2369]: renamed network interface eth0 to eth1
[    7.596163] usb 5-1: USB disconnect, device number 3
[    9.004426] Adding 2097148k swap on /dev/sda1.  Priority:-2 extents:1 across:2097148k 
[  149.644331] EXT4-fs (sda2): mounted filesystem with ordered data mode. Opts: errors=remount-ro
[  149.720664] systemd-journald[2319]: Received request to flush runtime journal from PID 1
[  154.392363] NFSD: Using /var/lib/nfs/v4recovery as the NFSv4 state recovery directory
[  154.394547] NFSD: starting 90-second grace period (net f0000098)
[  158.554104] iwl3945 0000:03:00.0: loaded firmware version 15.32.2.9
[  162.346841] wlan0: authenticate with 00:00:00:00:00:01
[  162.348890] wlan0: send auth to 00:00:00:00:00:01 (try 1/3)
[  162.350657] wlan0: authenticated
[  162.352067] wlan0: associate with 00:00:00:00:00:01 (try 1/3)
[  162.354872] wlan0: RX AssocResp from 00:00:00:00:00:01 (capab=0x401 status=0 aid=3)
[  162.356511] wlan0: associated
