[    0.000000] Linux version 5.0.0-rc4+ (pavel@duo) (gcc version 4.9.2 (Debian 4.9.2-10+deb8u2)) #11 SMP Thu Jan 31 10:31:24 CET 2019
[    0.000000] Command line: BOOT_IMAGE=(hd1,2)/l/k/o/64/arch/x86/boot/bzImage root=/dev/sdb4 resume=/dev/sda1
[    0.000000] Disabled fast string operations
[    0.000000] x86/fpu: Supporting XSAVE feature 0x001: 'x87 floating point registers'
[    0.000000] x86/fpu: Supporting XSAVE feature 0x002: 'SSE registers'
[    0.000000] x86/fpu: Supporting XSAVE feature 0x004: 'AVX registers'
[    0.000000] x86/fpu: xstate_offset[2]:  576, xstate_sizes[2]:  256
[    0.000000] x86/fpu: Enabled xstate features 0x7, context size is 832 bytes, using 'standard' format.
[    0.000000] BIOS-provided physical RAM map:
[    0.000000] BIOS-e820: [mem 0x0000000000000000-0x000000000009d7ff] usable
[    0.000000] BIOS-e820: [mem 0x000000000009d800-0x000000000009ffff] reserved
[    0.000000] BIOS-e820: [mem 0x00000000000e0000-0x00000000000fffff] reserved
[    0.000000] BIOS-e820: [mem 0x0000000000100000-0x000000001fffffff] usable
[    0.000000] BIOS-e820: [mem 0x0000000020000000-0x00000000201fffff] reserved
[    0.000000] BIOS-e820: [mem 0x0000000020200000-0x000000003fffffff] usable
[    0.000000] BIOS-e820: [mem 0x0000000040000000-0x00000000401fffff] reserved
[    0.000000] BIOS-e820: [mem 0x0000000040200000-0x00000000da99efff] usable
[    0.000000] BIOS-e820: [mem 0x00000000da99f000-0x00000000dae9efff] reserved
[    0.000000] BIOS-e820: [mem 0x00000000dae9f000-0x00000000daf9efff] ACPI NVS
[    0.000000] BIOS-e820: [mem 0x00000000daf9f000-0x00000000daffefff] ACPI data
[    0.000000] BIOS-e820: [mem 0x00000000dafff000-0x00000000daffffff] usable
[    0.000000] BIOS-e820: [mem 0x00000000db000000-0x00000000df9fffff] reserved
[    0.000000] BIOS-e820: [mem 0x00000000f8000000-0x00000000fbffffff] reserved
[    0.000000] BIOS-e820: [mem 0x00000000fec00000-0x00000000fec00fff] reserved
[    0.000000] BIOS-e820: [mem 0x00000000fed08000-0x00000000fed08fff] reserved
[    0.000000] BIOS-e820: [mem 0x00000000fed10000-0x00000000fed19fff] reserved
[    0.000000] BIOS-e820: [mem 0x00000000fed1c000-0x00000000fed1ffff] reserved
[    0.000000] BIOS-e820: [mem 0x00000000fee00000-0x00000000fee00fff] reserved
[    0.000000] BIOS-e820: [mem 0x00000000ffd20000-0x00000000ffffffff] reserved
[    0.000000] BIOS-e820: [mem 0x0000000100000000-0x000000019e5fffff] usable
[    0.000000] BIOS-e820: [mem 0x000000019e600000-0x000000019e7fffff] reserved
[    0.000000] NX (Execute Disable) protection: active
[    0.000000] SMBIOS 2.6 present.
[    0.000000] DMI: LENOVO 42872WU/42872WU, BIOS 8DET74WW (1.44 ) 03/13/2018
[    0.000000] tsc: Fast TSC calibration using PIT
[    0.000000] tsc: Detected 2492.075 MHz processor
[    0.001589] e820: update [mem 0x00000000-0x00000fff] usable ==> reserved
[    0.001592] e820: remove [mem 0x000a0000-0x000fffff] usable
[    0.001600] last_pfn = 0x19e600 max_arch_pfn = 0x400000000
[    0.001605] MTRR default type: uncachable
[    0.001607] MTRR fixed ranges enabled:
[    0.001609]   00000-9FFFF write-back
[    0.001610]   A0000-BFFFF uncachable
[    0.001611]   C0000-FFFFF write-protect
[    0.001613] MTRR variable ranges enabled:
[    0.001615]   0 base 0FFC00000 mask FFFC00000 write-protect
[    0.001616]   1 base 000000000 mask F80000000 write-back
[    0.001618]   2 base 080000000 mask FC0000000 write-back
[    0.001619]   3 base 0C0000000 mask FE0000000 write-back
[    0.001620]   4 base 0DC000000 mask FFC000000 uncachable
[    0.001622]   5 base 0DB000000 mask FFF000000 uncachable
[    0.001623]   6 base 100000000 mask F80000000 write-back
[    0.001624]   7 base 180000000 mask FE0000000 write-back
[    0.001626]   8 base 19F000000 mask FFF000000 uncachable
[    0.001627]   9 base 19E800000 mask FFF800000 uncachable
[    0.002383] x86/PAT: Configuration [0-7]: WB  WC  UC- UC  WB  WP  UC- WT  
[    0.003553] last_pfn = 0xdb000 max_arch_pfn = 0x400000000
[    0.003574] Base memory trampoline at [(____ptrval____)] 97000 size 24576
[    0.003576] reserving inaccessible SNB gfx pages
[    0.003582] BRK [0x06601000, 0x06601fff] PGTABLE
[    0.003584] BRK [0x06602000, 0x06602fff] PGTABLE
[    0.003586] BRK [0x06603000, 0x06603fff] PGTABLE
[    0.003649] BRK [0x06604000, 0x06604fff] PGTABLE
[    0.003798] BRK [0x06605000, 0x06605fff] PGTABLE
[    0.004055] BRK [0x06606000, 0x06606fff] PGTABLE
[    0.004530] ACPI: Early table checksum verification disabled
[    0.004579] ACPI: RSDP 0x00000000000F00E0 000024 (v02 LENOVO)
[    0.004584] ACPI: XSDT 0x00000000DAFFE120 0000AC (v01 LENOVO TP-8D    00001440 PTEC 00000002)
[    0.004591] ACPI: FACP 0x00000000DAFE7000 0000F4 (v04 LENOVO TP-8D    00001440 PTL  00000002)
[    0.004598] ACPI: DSDT 0x00000000DAFEA000 00FA89 (v01 LENOVO TP-8D    00001440 INTL 20061109)
[    0.004602] ACPI: FACS 0x00000000DAF2D000 000040
[    0.004606] ACPI: FACS 0x00000000DAF2D000 000040
[    0.004609] ACPI: SLIC 0x00000000DAFFD000 000176 (v01 LENOVO TP-8D    00001440 PTEC 00000001)
[    0.004614] ACPI: SSDT 0x00000000DAFFC000 000249 (v01 LENOVO TP-SSDT2 00000200 INTL 20061109)
[    0.004618] ACPI: SSDT 0x00000000DAFFB000 000033 (v01 LENOVO TP-SSDT1 00000100 INTL 20061109)
[    0.004622] ACPI: SSDT 0x00000000DAFFA000 0007D1 (v01 LENOVO SataAhci 00001000 INTL 20061109)
[    0.004626] ACPI: HPET 0x00000000DAFE6000 000038 (v01 LENOVO TP-8D    00001440 PTL  00000002)
[    0.004630] ACPI: APIC 0x00000000DAFE5000 000098 (v01 LENOVO TP-8D    00001440 PTL  00000002)
[    0.004634] ACPI: MCFG 0x00000000DAFE4000 00003C (v01 LENOVO TP-8D    00001440 PTL  00000002)
[    0.004638] ACPI: ECDT 0x00000000DAFE3000 000052 (v01 LENOVO TP-8D    00001440 PTL  00000002)
[    0.004642] ACPI: ASF! 0x00000000DAFE9000 0000A5 (v32 LENOVO TP-8D    00001440 PTL  00000002)
[    0.004646] ACPI: TCPA 0x00000000DAFE2000 000032 (v02 PTL    LENOVO   06040000 LNVO 00000001)
[    0.004650] ACPI: SSDT 0x00000000DAFE1000 000A27 (v01 PmRef  Cpu0Ist  00003000 INTL 20061109)
[    0.004654] ACPI: SSDT 0x00000000DAFE0000 000996 (v01 PmRef  CpuPm    00003000 INTL 20061109)
[    0.004658] ACPI: DMAR 0x00000000DAFDF000 0000E8 (v01 INTEL  SNB      00000001 INTL 00000001)
[    0.004662] ACPI: UEFI 0x00000000DAFDE000 00003E (v01 LENOVO TP-8D    00001440 PTL  00000002)
[    0.004666] ACPI: UEFI 0x00000000DAFDD000 000042 (v01 PTL    COMBUF   00000001 PTL  00000001)
[    0.004670] ACPI: UEFI 0x00000000DAFDC000 000292 (v01 LENOVO TP-8D    00001440 PTL  00000002)
[    0.004678] ACPI: Local APIC address 0xfee00000
[    0.004724] Zone ranges:
[    0.004726]   DMA      [mem 0x0000000000001000-0x0000000000ffffff]
[    0.004728]   DMA32    [mem 0x0000000001000000-0x00000000ffffffff]
[    0.004730]   Normal   [mem 0x0000000100000000-0x000000019e5fffff]
[    0.004733] Movable zone start for each node
[    0.004734] Early memory node ranges
[    0.004736]   node   0: [mem 0x0000000000001000-0x000000000009cfff]
[    0.004738]   node   0: [mem 0x0000000000100000-0x000000001fffffff]
[    0.004740]   node   0: [mem 0x0000000020200000-0x000000003fffffff]
[    0.004742]   node   0: [mem 0x0000000040200000-0x00000000da99efff]
[    0.004744]   node   0: [mem 0x00000000dafff000-0x00000000daffffff]
[    0.004745]   node   0: [mem 0x0000000100000000-0x000000019e5fffff]
[    0.005148] Zeroed struct page in unavailable ranges: 23236 pages
[    0.005150] Initmem setup node 0 [mem 0x0000000000001000-0x000000019e5fffff]
[    0.005153] On node 0 totalpages: 1542972
[    0.005155]   DMA zone: 56 pages used for memmap
[    0.005156]   DMA zone: 156 pages reserved
[    0.005158]   DMA zone: 3996 pages, LIFO batch:0
[    0.005237]   DMA32 zone: 12172 pages used for memmap
[    0.005238]   DMA32 zone: 890272 pages, LIFO batch:63
[    0.022787]   Normal zone: 8869 pages used for memmap
[    0.022791]   Normal zone: 648704 pages, LIFO batch:63
[    0.034960] Reserving Intel graphics memory at [mem 0xdba00000-0xdf9fffff]
[    0.035142] ACPI: PM-Timer IO Port: 0x408
[    0.035145] ACPI: Local APIC address 0xfee00000
[    0.035152] ACPI: LAPIC_NMI (acpi_id[0x00] high edge lint[0x1])
[    0.035154] ACPI: LAPIC_NMI (acpi_id[0x01] high edge lint[0x1])
[    0.035171] IOAPIC[0]: apic_id 2, version 32, address 0xfec00000, GSI 0-23
[    0.035175] ACPI: INT_SRC_OVR (bus 0 bus_irq 0 global_irq 2 dfl dfl)
[    0.035178] ACPI: INT_SRC_OVR (bus 0 bus_irq 9 global_irq 9 high level)
[    0.035180] ACPI: IRQ0 used by override.
[    0.035183] ACPI: IRQ9 used by override.
[    0.035186] Using ACPI (MADT) for SMP configuration information
[    0.035188] ACPI: HPET id: 0x8086a301 base: 0xfed00000
[    0.035194] smpboot: Allowing 8 CPUs, 4 hotplug CPUs
[    0.035220] PM: Registered nosave memory: [mem 0x00000000-0x00000fff]
[    0.035223] PM: Registered nosave memory: [mem 0x0009d000-0x0009dfff]
[    0.035225] PM: Registered nosave memory: [mem 0x0009e000-0x0009ffff]
[    0.035227] PM: Registered nosave memory: [mem 0x000a0000-0x000dffff]
[    0.035228] PM: Registered nosave memory: [mem 0x000e0000-0x000fffff]
[    0.035231] PM: Registered nosave memory: [mem 0x20000000-0x201fffff]
[    0.035234] PM: Registered nosave memory: [mem 0x40000000-0x401fffff]
[    0.035236] PM: Registered nosave memory: [mem 0xda99f000-0xdae9efff]
[    0.035238] PM: Registered nosave memory: [mem 0xdae9f000-0xdaf9efff]
[    0.035240] PM: Registered nosave memory: [mem 0xdaf9f000-0xdaffefff]
[    0.035243] PM: Registered nosave memory: [mem 0xdb000000-0xdf9fffff]
[    0.035244] PM: Registered nosave memory: [mem 0xdfa00000-0xf7ffffff]
[    0.035246] PM: Registered nosave memory: [mem 0xf8000000-0xfbffffff]
[    0.035248] PM: Registered nosave memory: [mem 0xfc000000-0xfebfffff]
[    0.035249] PM: Registered nosave memory: [mem 0xfec00000-0xfec00fff]
[    0.035251] PM: Registered nosave memory: [mem 0xfec01000-0xfed07fff]
[    0.035253] PM: Registered nosave memory: [mem 0xfed08000-0xfed08fff]
[    0.035255] PM: Registered nosave memory: [mem 0xfed09000-0xfed0ffff]
[    0.035256] PM: Registered nosave memory: [mem 0xfed10000-0xfed19fff]
[    0.035258] PM: Registered nosave memory: [mem 0xfed1a000-0xfed1bfff]
[    0.035260] PM: Registered nosave memory: [mem 0xfed1c000-0xfed1ffff]
[    0.035261] PM: Registered nosave memory: [mem 0xfed20000-0xfedfffff]
[    0.035263] PM: Registered nosave memory: [mem 0xfee00000-0xfee00fff]
[    0.035265] PM: Registered nosave memory: [mem 0xfee01000-0xffd1ffff]
[    0.035266] PM: Registered nosave memory: [mem 0xffd20000-0xffffffff]
[    0.035271] [mem 0xdfa00000-0xf7ffffff] available for PCI devices
[    0.035274] clocksource: refined-jiffies: mask: 0xffffffff max_cycles: 0xffffffff, max_idle_ns: 7645519600211568 ns
[    0.035288] random: get_random_bytes called from start_kernel+0x97/0x3cf with crng_init=0
[    0.035295] setup_percpu: NR_CPUS:8 nr_cpumask_bits:8 nr_cpu_ids:8 nr_node_ids:1
[    0.037051] percpu: Embedded 59 pages/cpu @(____ptrval____) s202952 r8192 d30520 u262144
[    0.037060] pcpu-alloc: s202952 r8192 d30520 u262144 alloc=1*2097152
[    0.037062] pcpu-alloc: [0] 0 1 2 3 4 5 6 7 
[    0.037088] Built 1 zonelists, mobility grouping on.  Total pages: 1521719
[    0.037093] Kernel command line: BOOT_IMAGE=(hd1,2)/l/k/o/64/arch/x86/boot/bzImage root=/dev/sdb4 resume=/dev/sda1
[    0.040961] Dentry cache hash table entries: 1048576 (order: 11, 8388608 bytes)
[    0.042865] Inode-cache hash table entries: 524288 (order: 10, 4194304 bytes)
[    0.295783] Memory: 5964016K/6171888K available (16387K kernel code, 1125K rwdata, 5320K rodata, 1072K init, 11956K bss, 207872K reserved, 0K cma-reserved)
[    0.296420] Kernel/User page tables isolation: enabled
[    0.296597] rcu: Hierarchical RCU implementation.
[    0.296600] rcu: RCU calculated value of scheduler-enlistment delay is 25 jiffies.
[    0.296630] NR_IRQS: 4352, nr_irqs: 104, preallocated irqs: 16
[    0.298555] Console: colour VGA+ 80x25
[    0.306928] printk: console [tty0] enabled
[    0.306986] Lock dependency validator: Copyright (c) 2006 Red Hat, Inc., Ingo Molnar
[    0.307056] ... MAX_LOCKDEP_SUBCLASSES:  8
[    0.307113] ... MAX_LOCK_DEPTH:          48
[    0.307171] ... MAX_LOCKDEP_KEYS:        8191
[    0.307230] ... CLASSHASH_SIZE:          4096
[    0.307289] ... MAX_LOCKDEP_ENTRIES:     32768
[    0.307348] ... MAX_LOCKDEP_CHAINS:      65536
[    0.307407] ... CHAINHASH_SIZE:          32768
[    0.307466]  memory used by lock dependency info: 7231 kB
[    0.307528]  per task-struct memory footprint: 1920 bytes
[    0.307596] ACPI: Core revision 20181213
[    0.308013] clocksource: hpet: mask: 0xffffffff max_cycles: 0xffffffff, max_idle_ns: 133484882848 ns
[    0.308114] hpet clockevent registered
[    0.308122] APIC: Switch to symmetric I/O mode setup
[    0.308637] ..TIMER: vector=0x30 apic1=0 pin1=2 apic2=-1 pin2=-1
[    0.328118] clocksource: tsc-early: mask: 0xffffffffffffffff max_cycles: 0x23ebfb131fa, max_idle_ns: 440795212730 ns
[    0.328212] Calibrating delay loop (skipped), value calculated using timer frequency.. 4984.15 BogoMIPS (lpj=9968300)
[    0.328304] pid_max: default: 32768 minimum: 301
[    0.328524] Mount-cache hash table entries: 16384 (order: 5, 131072 bytes)
[    0.328608] Mountpoint-cache hash table entries: 16384 (order: 5, 131072 bytes)
[    0.329061] Disabled fast string operations
[    0.329127] ENERGY_PERF_BIAS: Set to 'normal', was 'performance'
[    0.329191] ENERGY_PERF_BIAS: View and update with x86_energy_perf_policy(8)
[    0.329262] process: using mwait in idle threads
[    0.329324] Last level iTLB entries: 4KB 512, 2MB 8, 4MB 8
[    0.329387] Last level dTLB entries: 4KB 512, 2MB 32, 4MB 32, 1GB 0
[    0.329453] Spectre V2 : Mitigation: Full generic retpoline
[    0.329515] Spectre V2 : Spectre v2 / SpectreRSB mitigation: Filling RSB on context switch
[    0.329587] Spectre V2 : Enabling Restricted Speculation for firmware calls
[    0.329654] Spectre V2 : mitigation: Enabling conditional Indirect Branch Prediction Barrier
[    0.329726] Spectre V2 : User space: Mitigation: STIBP via prctl
[    0.329793] Speculative Store Bypass: Vulnerable
[    0.330010] Freeing SMP alternatives memory: 44K
[    0.331130] TSC deadline timer enabled
[    0.331134] smpboot: CPU0: Intel(R) Core(TM) i5-2520M CPU @ 2.50GHz (family: 0x6, model: 0x2a, stepping: 0x7)
[    0.331527] Performance Events: PEBS fmt1+, SandyBridge events, 16-deep LBR, full-width counters, Intel PMU driver.
[    0.331644] ... version:                3
[    0.331702] ... bit width:              48
[    0.331760] ... generic registers:      4
[    0.332211] ... value mask:             0000ffffffffffff
[    0.332211] ... max period:             00007fffffffffff
[    0.332211] ... fixed-purpose events:   3
[    0.332211] ... event mask:             000000070000000f
[    0.332211] rcu: Hierarchical SRCU implementation.
[    0.332211] NMI watchdog: Enabled. Permanently consumes one hw-PMU counter.
[    0.332211] smp: Bringing up secondary CPUs ...
[    0.332432] x86: Booting SMP configuration:
[    0.332495] .... node  #0, CPUs:      #1
[    0.015352] Disabled fast string operations
[    0.334851]  #2
[    0.015352] Disabled fast string operations
[    0.336734]  #3
[    0.015352] Disabled fast string operations
[    0.339032] smp: Brought up 1 node, 4 CPUs
[    0.339032] smpboot: Max logical packages: 2
[    0.339032] smpboot: Total of 4 processors activated (19936.60 BogoMIPS)
[    0.340534] devtmpfs: initialized
[    0.340707] PM: Registering ACPI NVS region [mem 0xdae9f000-0xdaf9efff] (1048576 bytes)
[    0.341016] clocksource: jiffies: mask: 0xffffffff max_cycles: 0xffffffff, max_idle_ns: 7645041785100000 ns
[    0.341109] futex hash table entries: 2048 (order: 6, 262144 bytes)
[    0.341775] NET: Registered protocol family 16
[    0.342550] cpuidle: using governor ladder
[    0.342642] cpuidle: using governor menu
[    0.342642] ACPI FADT declares the system doesn't support PCIe ASPM, so disable it
[    0.342642] ACPI: bus type PCI registered
[    0.342642] PCI: MMCONFIG for domain 0000 [bus 00-3f] at [mem 0xf8000000-0xfbffffff] (base 0xf8000000)
[    0.342663] PCI: MMCONFIG at [mem 0xf8000000-0xfbffffff] reserved in E820
[    0.342663] PCI: Using configuration type 1 for base access
[    0.342663] core: PMU erratum BJ122, BV98, HSD29 worked around, HT is on
[    0.366519] ACPI: Added _OSI(Module Device)
[    0.366519] ACPI: Added _OSI(Processor Device)
[    0.366519] ACPI: Added _OSI(3.0 _SCP Extensions)
[    0.366519] ACPI: Added _OSI(Processor Aggregator Device)
[    0.366519] ACPI: Added _OSI(Linux-Dell-Video)
[    0.366519] ACPI: Added _OSI(Linux-Lenovo-NV-HDMI-Audio)
[    0.366519] ACPI: Added _OSI(Linux-HPI-Hybrid-Graphics)
[    0.404216] ACPI: 6 ACPI AML tables successfully acquired and loaded
[    0.404216] ACPI: EC: EC started
[    0.404216] ACPI: EC: interrupt blocked
[    0.408221] ACPI: \: Used as first EC
[    0.408221] ACPI: \: GPE=0x11, EC_CMD/EC_SC=0x66, EC_DATA=0x62
[    0.408221] ACPI: \: Used as boot ECDT EC to handle transactions
[    0.412216] ACPI: [Firmware Bug]: BIOS _OSI(Linux) query ignored
[    0.421848] ACPI: Dynamic OEM Table Load:
[    0.421923] ACPI: SSDT 0xFFFF888197AFC000 0008C0 (v01 PmRef  Cpu0Cst  00003001 INTL 20061109)
[    0.425032] ACPI: Dynamic OEM Table Load:
[    0.425102] ACPI: SSDT 0xFFFF88819696C800 000303 (v01 PmRef  ApIst    00003000 INTL 20061109)
[    0.426493] ACPI: Dynamic OEM Table Load:
[    0.426493] ACPI: SSDT 0xFFFF888197B66400 000119 (v01 PmRef  ApCst    00003000 INTL 20061109)
[    0.429661] ACPI: Interpreter enabled
[    0.429775] ACPI: (supports S0 S3 S4 S5)
[    0.429838] ACPI: Using IOAPIC for interrupt routing
[    0.429973] PCI: Using host bridge windows from ACPI; if necessary, use "pci=nocrs" and report a bug
[    0.430765] ACPI: Enabled 6 GPEs in block 00 to 3F
[    0.442410] ACPI: Power Resource [PUBS] (on)
[    0.443042] acpi PNP0C0A:01: ACPI dock station (docks/bays count: 1)
[    0.447291] acpi LNXIOBAY:00: ACPI dock station (docks/bays count: 2)
[    0.453628] acpi IBM0079:00: ACPI dock station (docks/bays count: 3)
[    0.455433] ACPI: PCI Interrupt Link [LNKA] (IRQs 3 4 5 6 7 9 10 *11)
[    0.455843] ACPI: PCI Interrupt Link [LNKB] (IRQs 3 4 5 6 7 9 10 *11)
[    0.456250] ACPI: PCI Interrupt Link [LNKC] (IRQs 3 4 5 6 7 9 10 *11)
[    0.456655] ACPI: PCI Interrupt Link [LNKD] (IRQs 3 4 5 6 7 9 *10 11)
[    0.457062] ACPI: PCI Interrupt Link [LNKE] (IRQs 3 4 5 6 *7 9 10 11)
[    0.457377] ACPI: PCI Interrupt Link [LNKF] (IRQs 3 4 5 6 7 9 10 11) *0, disabled.
[    0.457786] ACPI: PCI Interrupt Link [LNKG] (IRQs 3 4 5 6 *7 9 10 11)
[    0.458189] ACPI: PCI Interrupt Link [LNKH] (IRQs 3 4 5 6 7 9 *10 11)
[    0.458519] ACPI: PCI Root Bridge [PCI0] (domain 0000 [bus 00-fe])
[    0.458595] acpi PNP0A08:00: _OSC: OS supports [ExtendedConfig ASPM ClockPM Segments]
[    0.459063] acpi PNP0A08:00: _OSC: not requesting OS control; OS requires [ExtendedConfig ASPM ClockPM MSI]
[    0.459164] acpi PNP0A08:00: [Firmware Info]: MMCONFIG for domain 0000 [bus 00-3f] only partially covers this bridge
[    0.459392] PCI host bridge to bus 0000:00
[    0.459459] pci_bus 0000:00: root bus resource [io  0x0000-0x0cf7 window]
[    0.459529] pci_bus 0000:00: root bus resource [io  0x0d00-0xffff window]
[    0.459599] pci_bus 0000:00: root bus resource [mem 0x000a0000-0x000bffff window]
[    0.459671] pci_bus 0000:00: root bus resource [mem 0xdfa00000-0xfebfffff window]
[    0.459743] pci_bus 0000:00: root bus resource [mem 0xfed40000-0xfed4bfff window]
[    0.459816] pci_bus 0000:00: root bus resource [bus 00-fe]
[    0.459901] pci 0000:00:00.0: [8086:0104] type 00 class 0x060000
[    0.460125] pci 0000:00:02.0: [8086:0126] type 00 class 0x030000
[    0.460144] pci 0000:00:02.0: reg 0x10: [mem 0xf0000000-0xf03fffff 64bit]
[    0.460155] pci 0000:00:02.0: reg 0x18: [mem 0xe0000000-0xefffffff 64bit pref]
[    0.460160] pci 0000:00:02.0: reg 0x20: [io  0x5000-0x503f]
[    0.460428] pci 0000:00:16.0: [8086:1c3a] type 00 class 0x078000
[    0.460459] pci 0000:00:16.0: reg 0x10: [mem 0xf2525000-0xf252500f 64bit]
[    0.460550] pci 0000:00:16.0: PME# supported from D0 D3hot D3cold
[    0.460762] pci 0000:00:19.0: [8086:1502] type 00 class 0x020000
[    0.460791] pci 0000:00:19.0: reg 0x10: [mem 0xf2500000-0xf251ffff]
[    0.460801] pci 0000:00:19.0: reg 0x14: [mem 0xf252b000-0xf252bfff]
[    0.460811] pci 0000:00:19.0: reg 0x18: [io  0x5080-0x509f]
[    0.460888] pci 0000:00:19.0: PME# supported from D0 D3hot D3cold
[    0.461104] pci 0000:00:1a.0: [8086:1c2d] type 00 class 0x0c0320
[    0.461140] pci 0000:00:1a.0: reg 0x10: [mem 0xf252a000-0xf252a3ff]
[    0.461244] pci 0000:00:1a.0: PME# supported from D0 D3hot D3cold
[    0.461453] pci 0000:00:1b.0: [8086:1c20] type 00 class 0x040300
[    0.461490] pci 0000:00:1b.0: reg 0x10: [mem 0xf2520000-0xf2523fff 64bit]
[    0.461587] pci 0000:00:1b.0: PME# supported from D0 D3hot D3cold
[    0.461796] pci 0000:00:1c.0: [8086:1c10] type 01 class 0x060400
[    0.461940] pci 0000:00:1c.0: PME# supported from D0 D3hot D3cold
[    0.462164] pci 0000:00:1c.1: [8086:1c12] type 01 class 0x060400
[    0.462318] pci 0000:00:1c.1: PME# supported from D0 D3hot D3cold
[    0.462549] pci 0000:00:1c.3: [8086:1c16] type 01 class 0x060400
[    0.462702] pci 0000:00:1c.3: PME# supported from D0 D3hot D3cold
[    0.462926] pci 0000:00:1c.4: [8086:1c18] type 01 class 0x060400
[    0.463077] pci 0000:00:1c.4: PME# supported from D0 D3hot D3cold
[    0.463311] pci 0000:00:1d.0: [8086:1c26] type 00 class 0x0c0320
[    0.463344] pci 0000:00:1d.0: reg 0x10: [mem 0xf2529000-0xf25293ff]
[    0.463446] pci 0000:00:1d.0: PME# supported from D0 D3hot D3cold
[    0.463653] pci 0000:00:1f.0: [8086:1c4f] type 00 class 0x060100
[    0.463981] pci 0000:00:1f.2: [8086:1c03] type 00 class 0x010601
[    0.464015] pci 0000:00:1f.2: reg 0x10: [io  0x50a8-0x50af]
[    0.464025] pci 0000:00:1f.2: reg 0x14: [io  0x50bc-0x50bf]
[    0.464034] pci 0000:00:1f.2: reg 0x18: [io  0x50a0-0x50a7]
[    0.464044] pci 0000:00:1f.2: reg 0x1c: [io  0x50b8-0x50bb]
[    0.464053] pci 0000:00:1f.2: reg 0x20: [io  0x5060-0x507f]
[    0.464063] pci 0000:00:1f.2: reg 0x24: [mem 0xf2528000-0xf25287ff]
[    0.464119] pci 0000:00:1f.2: PME# supported from D3hot
[    0.464317] pci 0000:00:1f.3: [8086:1c22] type 00 class 0x0c0500
[    0.464352] pci 0000:00:1f.3: reg 0x10: [mem 0xf2524000-0xf25240ff 64bit]
[    0.464376] pci 0000:00:1f.3: reg 0x20: [io  0xefa0-0xefbf]
[    0.464672] pci 0000:00:1c.0: PCI bridge to [bus 02]
[    0.465097] pci 0000:03:00.0: [8086:0084] type 00 class 0x028000
[    0.465440] pci 0000:03:00.0: reg 0x10: [mem 0xf2400000-0xf2401fff 64bit]
[    0.466293] pci 0000:03:00.0: PME# supported from D0 D3hot D3cold
[    0.467001] pci 0000:00:1c.1: PCI bridge to [bus 03]
[    0.467073] pci 0000:00:1c.1:   bridge window [mem 0xf2400000-0xf24fffff]
[    0.467181] pci 0000:00:1c.3: PCI bridge to [bus 05-0c]
[    0.467257] pci 0000:00:1c.3:   bridge window [io  0x4000-0x4fff]
[    0.467263] pci 0000:00:1c.3:   bridge window [mem 0xf1c00000-0xf23fffff]
[    0.467272] pci 0000:00:1c.3:   bridge window [mem 0xf0400000-0xf0bfffff 64bit pref]
[    0.467528] pci 0000:0d:00.0: [1180:e822] type 00 class 0x088001
[    0.467559] pci 0000:0d:00.0: MMC controller base frequency changed to 50Mhz.
[    0.467845] pci 0000:0d:00.0: reg 0x10: [mem 0xf1400000-0xf14000ff]
[    0.468130] pci 0000:0d:00.0: supports D1 D2
[    0.468132] pci 0000:0d:00.0: PME# supported from D0 D1 D2 D3hot D3cold
[    0.468547] pci 0000:00:1c.4: PCI bridge to [bus 0d]
[    0.468616] pci 0000:00:1c.4:   bridge window [io  0x3000-0x3fff]
[    0.468622] pci 0000:00:1c.4:   bridge window [mem 0xf1400000-0xf1bfffff]
[    0.468631] pci 0000:00:1c.4:   bridge window [mem 0xf0c00000-0xf13fffff 64bit pref]
[    0.468672] pci_bus 0000:00: on NUMA node 0
[    0.471554] ACPI: EC: interrupt unblocked
[    0.471634] ACPI: EC: event unblocked
[    0.471752] ACPI: \_SB_.PCI0.LPC_.EC__: GPE=0x11, EC_CMD/EC_SC=0x66, EC_DATA=0x62
[    0.471752] ACPI: \_SB_.PCI0.LPC_.EC__: Used as boot DSDT EC to handle transactions and events
[    0.472254] pci 0000:00:02.0: vgaarb: setting as boot VGA device
[    0.472322] pci 0000:00:02.0: vgaarb: VGA device added: decodes=io+mem,owns=io+mem,locks=none
[    0.472416] pci 0000:00:02.0: vgaarb: bridge control possible
[    0.472480] vgaarb: loaded
[    0.472802] SCSI subsystem initialized
[    0.472889] libata version 3.00 loaded.
[    0.472889] ACPI: bus type USB registered
[    0.472889] usbcore: registered new interface driver usbfs
[    0.472889] usbcore: registered new interface driver hub
[    0.472889] usbcore: registered new device driver usb
[    0.472905] media: Linux media interface: v0.10
[    0.473004] videodev: Linux video capture interface: v2.00
[    0.473105] pps_core: LinuxPPS API ver. 1 registered
[    0.473172] pps_core: Software ver. 5.3.6 - Copyright 2005-2007 Rodolfo Giometti <giometti@linux.it>
[    0.473275] PTP clock support registered
[    0.473418] EDAC MC: Ver: 3.0.0
[    0.473418] Advanced Linux Sound Architecture Driver Initialized.
[    0.473418] PCI: Using ACPI for IRQ routing
[    0.476231] PCI: pci_cache_line_size set to 64 bytes
[    0.476623] e820: reserve RAM buffer [mem 0x0009d800-0x0009ffff]
[    0.476626] e820: reserve RAM buffer [mem 0xda99f000-0xdbffffff]
[    0.476629] e820: reserve RAM buffer [mem 0xdb000000-0xdbffffff]
[    0.476631] e820: reserve RAM buffer [mem 0x19e600000-0x19fffffff]
[    0.476981] Bluetooth: Core ver 2.22
[    0.477071] NET: Registered protocol family 31
[    0.477136] Bluetooth: HCI device and connection manager initialized
[    0.477209] Bluetooth: HCI socket layer initialized
[    0.477272] Bluetooth: L2CAP socket layer initialized
[    0.477345] Bluetooth: SCO socket layer initialized
[    0.477503] clocksource: Switched to clocksource tsc-early
[    0.477503] pnp: PnP ACPI init
[    0.478128] system 00:00: [mem 0x00000000-0x0009ffff] could not be reserved
[    0.478207] system 00:00: [mem 0x000c0000-0x000c3fff] could not be reserved
[    0.478279] system 00:00: [mem 0x000c4000-0x000c7fff] could not be reserved
[    0.478350] system 00:00: [mem 0x000c8000-0x000cbfff] has been reserved
[    0.478419] system 00:00: [mem 0x000cc000-0x000cffff] has been reserved
[    0.478489] system 00:00: [mem 0x000d0000-0x000d3fff] has been reserved
[    0.478558] system 00:00: [mem 0x000d4000-0x000d7fff] has been reserved
[    0.478628] system 00:00: [mem 0x000d8000-0x000dbfff] has been reserved
[    0.478698] system 00:00: [mem 0x000dc000-0x000dffff] has been reserved
[    0.478768] system 00:00: [mem 0x000e0000-0x000e3fff] could not be reserved
[    0.478839] system 00:00: [mem 0x000e4000-0x000e7fff] could not be reserved
[    0.478839] system 00:00: [mem 0x000e8000-0x000ebfff] could not be reserved
[    0.478867] system 00:00: [mem 0x000ec000-0x000effff] could not be reserved
[    0.478938] system 00:00: [mem 0x000f0000-0x000fffff] could not be reserved
[    0.479009] system 00:00: [mem 0x00100000-0xdf9fffff] could not be reserved
[    0.479080] system 00:00: [mem 0xfec00000-0xfed3ffff] could not be reserved
[    0.479152] system 00:00: [mem 0xfed4c000-0xffffffff] could not be reserved
[    0.479249] system 00:00: Plug and Play ACPI device, IDs PNP0c01 (active)
[    0.479547] system 00:01: [io  0x0400-0x047f] has been reserved
[    0.479623] system 00:01: [io  0x0500-0x057f] has been reserved
[    0.479690] system 00:01: [io  0x0800-0x080f] has been reserved
[    0.479757] system 00:01: [io  0x15e0-0x15ef] has been reserved
[    0.479824] system 00:01: [io  0x1600-0x167f] has been reserved
[    0.479892] system 00:01: [mem 0xf8000000-0xfbffffff] has been reserved
[    0.479962] system 00:01: [mem 0x00000000-0x00000fff] could not be reserved
[    0.480033] system 00:01: [mem 0xfed1c000-0xfed1ffff] has been reserved
[    0.480102] system 00:01: [mem 0xfed10000-0xfed13fff] has been reserved
[    0.480172] system 00:01: [mem 0xfed18000-0xfed18fff] has been reserved
[    0.480241] system 00:01: [mem 0xfed19000-0xfed19fff] has been reserved
[    0.480311] system 00:01: [mem 0xfed45000-0xfed4bfff] has been reserved
[    0.480398] system 00:01: Plug and Play ACPI device, IDs PNP0c02 (active)
[    0.480561] pnp 00:02: Plug and Play ACPI device, IDs PNP0b00 (active)
[    0.480647] pnp 00:03: Plug and Play ACPI device, IDs PNP0303 (active)
[    0.480727] pnp 00:04: Plug and Play ACPI device, IDs LEN0020 PNP0f13 (active)
[    0.480885] pnp 00:05: Plug and Play ACPI device, IDs SMO1200 PNP0c31 (active)
[    0.481923] pnp: PnP ACPI: found 6 devices
[    0.493037] clocksource: acpi_pm: mask: 0xffffff max_cycles: 0xffffff, max_idle_ns: 2085701024 ns
[    0.493148] pci 0000:00:1c.0: bridge window [io  0x1000-0x0fff] to [bus 02] add_size 1000
[    0.493152] pci 0000:00:1c.0: bridge window [mem 0x00100000-0x000fffff 64bit pref] to [bus 02] add_size 200000 add_align 100000
[    0.493155] pci 0000:00:1c.0: bridge window [mem 0x00100000-0x000fffff] to [bus 02] add_size 200000 add_align 100000
[    0.493198] pci 0000:00:1c.0: BAR 8: assigned [mem 0xdfa00000-0xdfbfffff]
[    0.493270] pci 0000:00:1c.0: BAR 9: assigned [mem 0xdfc00000-0xdfdfffff 64bit pref]
[    0.493343] pci 0000:00:1c.0: BAR 7: assigned [io  0x2000-0x2fff]
[    0.493412] pci 0000:00:1c.0: PCI bridge to [bus 02]
[    0.493475] pci 0000:00:1c.0:   bridge window [io  0x2000-0x2fff]
[    0.493547] pci 0000:00:1c.0:   bridge window [mem 0xdfa00000-0xdfbfffff]
[    0.493618] pci 0000:00:1c.0:   bridge window [mem 0xdfc00000-0xdfdfffff 64bit pref]
[    0.493697] pci 0000:00:1c.1: PCI bridge to [bus 03]
[    0.493764] pci 0000:00:1c.1:   bridge window [mem 0xf2400000-0xf24fffff]
[    0.493843] pci 0000:00:1c.3: PCI bridge to [bus 05-0c]
[    0.493908] pci 0000:00:1c.3:   bridge window [io  0x4000-0x4fff]
[    0.493979] pci 0000:00:1c.3:   bridge window [mem 0xf1c00000-0xf23fffff]
[    0.494051] pci 0000:00:1c.3:   bridge window [mem 0xf0400000-0xf0bfffff 64bit pref]
[    0.494129] pci 0000:00:1c.4: PCI bridge to [bus 0d]
[    0.494193] pci 0000:00:1c.4:   bridge window [io  0x3000-0x3fff]
[    0.494263] pci 0000:00:1c.4:   bridge window [mem 0xf1400000-0xf1bfffff]
[    0.494335] pci 0000:00:1c.4:   bridge window [mem 0xf0c00000-0xf13fffff 64bit pref]
[    0.494414] pci_bus 0000:00: resource 4 [io  0x0000-0x0cf7 window]
[    0.494416] pci_bus 0000:00: resource 5 [io  0x0d00-0xffff window]
[    0.494418] pci_bus 0000:00: resource 6 [mem 0x000a0000-0x000bffff window]
[    0.494420] pci_bus 0000:00: resource 7 [mem 0xdfa00000-0xfebfffff window]
[    0.494422] pci_bus 0000:00: resource 8 [mem 0xfed40000-0xfed4bfff window]
[    0.494424] pci_bus 0000:02: resource 0 [io  0x2000-0x2fff]
[    0.494426] pci_bus 0000:02: resource 1 [mem 0xdfa00000-0xdfbfffff]
[    0.494428] pci_bus 0000:02: resource 2 [mem 0xdfc00000-0xdfdfffff 64bit pref]
[    0.494430] pci_bus 0000:03: resource 1 [mem 0xf2400000-0xf24fffff]
[    0.494433] pci_bus 0000:05: resource 0 [io  0x4000-0x4fff]
[    0.494434] pci_bus 0000:05: resource 1 [mem 0xf1c00000-0xf23fffff]
[    0.494436] pci_bus 0000:05: resource 2 [mem 0xf0400000-0xf0bfffff 64bit pref]
[    0.494438] pci_bus 0000:0d: resource 0 [io  0x3000-0x3fff]
[    0.494440] pci_bus 0000:0d: resource 1 [mem 0xf1400000-0xf1bfffff]
[    0.494442] pci_bus 0000:0d: resource 2 [mem 0xf0c00000-0xf13fffff 64bit pref]
[    0.494711] NET: Registered protocol family 2
[    0.495167] tcp_listen_portaddr_hash hash table entries: 4096 (order: 6, 294912 bytes)
[    0.495389] TCP established hash table entries: 65536 (order: 7, 524288 bytes)
[    0.495557] TCP bind hash table entries: 65536 (order: 10, 4194304 bytes)
[    0.497574] TCP: Hash tables configured (established 65536 bind 65536)
[    0.497988] UDP hash table entries: 4096 (order: 7, 655360 bytes)
[    0.498358] UDP-Lite hash table entries: 4096 (order: 7, 655360 bytes)
[    0.498822] NET: Registered protocol family 1
[    0.499719] RPC: Registered named UNIX socket transport module.
[    0.499787] RPC: Registered udp transport module.
[    0.499848] RPC: Registered tcp transport module.
[    0.499910] RPC: Registered tcp NFSv4.1 backchannel transport module.
[    0.500280] pci 0000:00:02.0: Video device with shadowed ROM at [mem 0x000c0000-0x000dffff]
[    0.501345] PCI: CLS 64 bytes, default 64
[    0.501404] PCI-DMA: Using software bounce buffering for IO (SWIOTLB)
[    0.501471] software IO TLB: mapped [mem 0xd699f000-0xda99f000] (64MB)
[    0.504056] Initialise system trusted keyrings
[    0.504224] workingset: timestamp_bits=62 max_order=21 bucket_order=0
[    0.506689] Installing knfsd (copyright (C) 1996 okir@monad.swb.de).
[    0.507365] ntfs: driver 2.1.32 [Flags: R/W].
[    0.507543] fuse init (API version 7.28)
[    0.512892] Key type asymmetric registered
[    0.512959] Asymmetric key parser 'x509' registered
[    0.513051] Block layer SCSI generic (bsg) driver version 0.4 loaded (major 249)
[    0.513126] io scheduler mq-deadline registered
[    0.513217] io scheduler bfq registered
[    0.513504] pcieport 0000:00:1c.0: enabling device (0000 -> 0003)
[    0.514754] intel_idle: MWAIT substates: 0x21120
[    0.514757] intel_idle: v0.4.1 model 0x2A
[    0.515330] intel_idle: lapic_timer_reliable_states 0xffffffff
[    0.515654] ACPI: Deprecated procfs I/F for AC is loaded, please retry with CONFIG_ACPI_PROCFS_POWER cleared
[    0.515835] ACPI: AC Adapter [AC] (on-line)
[    0.516106] input: Lid Switch as /devices/LNXSYSTM:00/LNXSYBUS:00/PNP0C0D:00/input/input0
[    0.516339] ACPI: Lid Switch [LID]
[    0.516511] input: Sleep Button as /devices/LNXSYSTM:00/LNXSYBUS:00/PNP0C0E:00/input/input1
[    0.516624] ACPI: Sleep Button [SLPB]
[    0.516818] input: Power Button as /devices/LNXSYSTM:00/LNXPWRBN:00/input/input2
[    0.516926] ACPI: Power Button [PWRF]
[    0.520402] thermal LNXTHERM:00: registered as thermal_zone0
[    0.520470] ACPI: Thermal Zone [THM0] (66 C)
[    0.520947] battery: ACPI: Deprecated procfs I/F for battery is loaded, please retry with CONFIG_ACPI_PROCFS_POWER cleared
[    0.520982] Serial: 8250/16550 driver, 4 ports, IRQ sharing disabled
[    0.521055] battery: ACPI: Battery Slot [BAT0] (battery absent)
[    0.522235] lp: driver loaded but no devices found
[    0.522379] Non-volatile memory driver v1.3
[    0.522627] Linux agpgart interface v0.103
[    0.522980] [drm] radeon kernel modesetting enabled.
[    0.523939] [drm] Replacing VGA console driver
[    0.524485] Console: switching to colour dummy device 80x25
[    0.536990] [drm] Supports vblank timestamp caching Rev 2 (21.10.2013).
[    0.537009] [drm] Driver supports precise vblank timestamp query.
[    0.537995] i915 0000:00:02.0: vgaarb: changed VGA decodes: olddecodes=io+mem,decodes=io+mem:owns=io+mem
[    0.633190] [drm] Initialized i915 1.6.0 20181204 for 0000:00:02.0 on minor 0
[    0.635102] ACPI: Video Device [VID] (multi-head: yes  rom: no  post: no)
[    0.635673] input: Video Bus as /devices/LNXSYSTM:00/LNXSYBUS:00/PNP0A08:00/LNXVIDEO:00/input/input3
[    0.636027] usbcore: registered new interface driver udl
[    0.645243] loop: module loaded
[    0.660007] ahci 0000:00:1f.2: version 3.0
[    0.660656] ahci 0000:00:1f.2: SSS flag set, parallel bus scan disabled
[    0.672253] ahci 0000:00:1f.2: AHCI 0001.0300 32 slots 6 ports 6 Gbps 0x17 impl SATA mode
[    0.672281] ahci 0000:00:1f.2: flags: 64bit ncq sntf ilck stag pm led clo pio slum part ems sxs apst 
[    0.710389] scsi host0: ahci
[    0.710767] scsi host1: ahci
[    0.711077] scsi host2: ahci
[    0.711364] scsi host3: ahci
[    0.711636] scsi host4: ahci
[    0.711919] scsi host5: ahci
[    0.712119] ata1: SATA max UDMA/133 abar m2048@0xf2528000 port 0xf2528100 irq 19
[    0.712145] ata2: SATA max UDMA/133 abar m2048@0xf2528000 port 0xf2528180 irq 19
[    0.712171] ata3: SATA max UDMA/133 abar m2048@0xf2528000 port 0xf2528200 irq 19
[    0.712186] ata4: DUMMY
[    0.712193] ata5: SATA max UDMA/133 abar m2048@0xf2528000 port 0xf2528300 irq 19
[    0.712207] ata6: DUMMY
[    0.712956] tun: Universal TUN/TAP device driver, 1.6
[    0.713364] e1000e: Intel(R) PRO/1000 Network Driver - 3.2.6-k
[    0.713381] e1000e: Copyright(c) 1999 - 2015 Intel Corporation.
[    0.713809] e1000e 0000:00:19.0: Interrupt Throttling Rate (ints/sec) set to dynamic conservative mode
[    0.811245] e1000e 0000:00:19.0 0000:00:19.0 (uninitialized): registered PHC clock
[    0.904940] e1000e 0000:00:19.0 eth0: (PCI Express:2.5GT/s:Width x1) f0:de:f1:e3:99:75
[    0.904959] e1000e 0000:00:19.0 eth0: Intel(R) PRO/1000 Network Connection
[    0.905020] e1000e 0000:00:19.0 eth0: MAC: 10, PHY: 11, PBA No: 1000FF-0FF
[    0.905211] PPP generic driver version 2.4.2
[    0.905370] PPP BSD Compression module registered
[    0.905385] PPP Deflate Compression module registered
[    0.905401] SLIP: version 0.8.4-NET3.019-NEWTTY (dynamic channels, max=256).
[    0.905415] CSLIP: code copyright 1989 Regents of the University of California.
[    0.905469] iwl3945: Intel(R) PRO/Wireless 3945ABG/BG Network Connection driver for Linux, in-tree:ds
[    0.905495] iwl3945: Copyright(c) 2003-2011 Intel Corporation
[    0.905514] iwl3945: hw_scan is disabled
[    0.905575] Intel(R) Wireless WiFi driver for Linux
[    0.905589] Copyright(c) 2003- 2015 Intel Corporation
[    0.906116] iwlwifi 0000:03:00.0: pci_enable_msi failed - -38
[    0.906393] usbcore: registered new interface driver ax88179_178a
[    0.906444] usbcore: registered new interface driver cdc_ether
[    0.906478] usbcore: registered new interface driver cdc_eem
[    0.906507] usbcore: registered new interface driver net1080
[    0.906535] usbcore: registered new interface driver cdc_subset
[    0.906575] usbcore: registered new interface driver zaurus
[    0.906619] usbcore: registered new interface driver cdc_ncm
[    0.906649] usbcore: registered new interface driver cdc_mbim
[    0.907020] iwlwifi 0000:03:00.0: loaded firmware version 39.31.5.1 build 35138 op_mode iwldvm
[    0.907129] iwlwifi 0000:03:00.0: CONFIG_IWLWIFI_DEBUG disabled
[    0.907144] iwlwifi 0000:03:00.0: CONFIG_IWLWIFI_DEBUGFS disabled
[    0.907159] iwlwifi 0000:03:00.0: CONFIG_IWLWIFI_DEVICE_TRACING disabled
[    0.907176] iwlwifi 0000:03:00.0: Detected Intel(R) Centrino(R) Wireless-N 1000 BGN, REV=0x6C
[    0.907311] ehci_hcd: USB 2.0 'Enhanced' Host Controller (EHCI) Driver
[    0.907330] ehci-pci: EHCI PCI platform driver
[    0.907621] ehci-pci 0000:00:1a.0: EHCI Host Controller
[    0.907781] ehci-pci 0000:00:1a.0: new USB bus registered, assigned bus number 1
[    0.907826] ehci-pci 0000:00:1a.0: debug port 2
[    0.911781] ehci-pci 0000:00:1a.0: cache line size of 64 is not supported
[    0.911790] ehci-pci 0000:00:1a.0: irq 16, io mem 0xf252a000
[    0.921720] fbcon: inteldrmfb (fb0) is primary device
[    0.924256] ehci-pci 0000:00:1a.0: USB 2.0 started, EHCI 1.00
[    0.924626] usb usb1: New USB device found, idVendor=1d6b, idProduct=0002, bcdDevice= 5.00
[    0.924629] usb usb1: New USB device strings: Mfr=3, Product=2, SerialNumber=1
[    0.924631] usb usb1: Product: EHCI Host Controller
[    0.924633] usb usb1: Manufacturer: Linux 5.0.0-rc4+ ehci_hcd
[    0.924634] usb usb1: SerialNumber: 0000:00:1a.0
[    0.925247] hub 1-0:1.0: USB hub found
[    0.925313] hub 1-0:1.0: 3 ports detected
[    0.926761] ehci-pci 0000:00:1d.0: EHCI Host Controller
[    0.926997] ehci-pci 0000:00:1d.0: new USB bus registered, assigned bus number 2
[    0.927042] ehci-pci 0000:00:1d.0: debug port 2
[    0.931004] ehci-pci 0000:00:1d.0: cache line size of 64 is not supported
[    0.931065] ehci-pci 0000:00:1d.0: irq 23, io mem 0xf2529000
[    0.944370] ehci-pci 0000:00:1d.0: USB 2.0 started, EHCI 1.00
[    0.944615] usb usb2: New USB device found, idVendor=1d6b, idProduct=0002, bcdDevice= 5.00
[    0.944618] usb usb2: New USB device strings: Mfr=3, Product=2, SerialNumber=1
[    0.944620] usb usb2: Product: EHCI Host Controller
[    0.944622] usb usb2: Manufacturer: Linux 5.0.0-rc4+ ehci_hcd
[    0.944623] usb usb2: SerialNumber: 0000:00:1d.0
[    0.945058] hub 2-0:1.0: USB hub found
[    0.945100] hub 2-0:1.0: 3 ports detected
[    0.945684] ohci_hcd: USB 1.1 'Open' Host Controller (OHCI) Driver
[    0.945697] ohci-pci: OHCI PCI platform driver
[    0.945750] uhci_hcd: USB Universal Host Controller Interface driver
[    0.945923] usbcore: registered new interface driver cdc_acm
[    0.945924] cdc_acm: USB Abstract Control Model driver for USB modems and ISDN adapters
[    0.945957] usbcore: registered new interface driver usblp
[    0.946000] usbcore: registered new interface driver cdc_wdm
[    0.946036] usbcore: registered new interface driver usb-storage
[    0.946065] usbcore: registered new interface driver ums-sddr09
[    0.946175] usbcore: registered new interface driver usbserial_generic
[    0.946221] usbserial: USB Serial support registered for generic
[    0.946259] usbcore: registered new interface driver ch341
[    0.946289] usbserial: USB Serial support registered for ch341-uart
[    0.946322] usbcore: registered new interface driver ftdi_sio
[    0.946351] usbserial: USB Serial support registered for FTDI USB Serial Device
[    0.946405] usbcore: registered new interface driver option
[    0.946435] usbserial: USB Serial support registered for GSM modem (1-port)
[    0.946494] usbcore: registered new interface driver pl2303
[    0.946526] usbserial: USB Serial support registered for pl2303
[    0.946565] usbcore: registered new interface driver ti_usb_3410_5052
[    0.946595] usbserial: USB Serial support registered for TI USB 3410 1 port adapter
[    0.946628] usbserial: USB Serial support registered for TI USB 5052 2 port adapter
[    0.946632] ftdi_elan: driver ftdi-elan
[    0.946668] usbcore: registered new interface driver ftdi-elan
[    0.946791] i8042: PNP: PS/2 Controller [PNP0303:KBD,PNP0f13:MOU] at 0x60,0x64 irq 1,12
[    0.950282] serio: i8042 KBD port at 0x60,0x64 irq 1
[    0.950303] serio: i8042 AUX port at 0x60,0x64 irq 12
[    0.950581] mousedev: PS/2 mouse device common for all mice
[    0.951279] input: PC Speaker as /devices/platform/pcspkr/input/input4
[    0.951553] rtc_cmos 00:02: RTC can wake from S4
[    0.951823] rtc_cmos 00:02: registered as rtc0
[    0.951894] rtc_cmos 00:02: alarms up to one month, y3k, 114 bytes nvram, hpet irqs
[    0.951993] usbcore: registered new interface driver uvcvideo
[    0.951994] USB Video Class driver (1.1.1)
[    0.951995] gspca_main: v2.14.0 registered
[    0.952031] usbcore: registered new interface driver sq930x
[    0.952711] ieee80211 phy0: Selected rate control algorithm 'iwl-agn-rs'
[    0.953752] device-mapper: ioctl: 4.39.0-ioctl (2018-04-03) initialised: dm-devel@redhat.com
[    0.953754] Bluetooth: HCI UART driver ver 2.3
[    0.953756] Bluetooth: HCI UART protocol H4 registered
[    0.953757] Bluetooth: HCI UART protocol BCSP registered
[    0.953815] usbcore: registered new interface driver btusb
[    0.953821] intel_pstate: Intel P-state driver initializing
[    0.954290] sdhci: Secure Digital Host Controller Interface driver
[    0.954294] sdhci: Copyright(c) Pierre Ossman
[    0.954380] sdhci-pci 0000:0d:00.0: SDHCI controller found [1180:e822] (rev 7)
[    0.955900] mmc0 bounce up to 128 segments into one, max segment size 65536 bytes
[    0.956910] mmc0: SDHCI controller on PCI [0000:0d:00.0] using DMA
[    0.957502] hidraw: raw HID events driver (C) Jiri Kosina
[    0.959953] usbcore: registered new interface driver usbhid
[    0.959957] usbhid: USB HID core driver
[    0.961785] input: AT Translated Set 2 keyboard as /devices/platform/i8042/serio0/input/input5
[    0.964493] thinkpad_acpi: ThinkPad ACPI Extras v0.26
[    0.964496] thinkpad_acpi: http://ibm-acpi.sf.net/
[    0.964499] thinkpad_acpi: ThinkPad BIOS 8DET74WW (1.44 ), EC unknown
[    0.964502] thinkpad_acpi: Lenovo ThinkPad X220, model 42872WU
[    0.968667] thinkpad_acpi: radio switch found; radios are enabled
[    0.968968] thinkpad_acpi: Tablet mode switch found (type: MHKG), currently in laptop mode
[    0.968997] thinkpad_acpi: This ThinkPad has standard ACPI backlight brightness control, supported by the ACPI video driver
[    0.968998] thinkpad_acpi: Disabling thinkpad-acpi brightness events by default...
[    0.974338] thinkpad_acpi: rfkill switch tpacpi_bluetooth_sw: radio is unblocked
[    0.976287] thinkpad_acpi: warning: userspace override of important firmware LEDs is enabled
[    0.976305] thinkpad_acpi: Standard ACPI backlight interface available, not loading native one
[    0.976306] thinkpad_acpi: volume: disabled as there is no ALSA support in this kernel
[    0.977018] battery: new extension: ThinkPad Battery Extension
[    0.977127] input: ThinkPad Extra Buttons as /devices/platform/thinkpad_acpi/input/input7
[    0.977685] random: fast init done
[    0.980320] usbcore: registered new interface driver snd-usb-audio
[    0.984369] NET: Registered protocol family 17
[    0.984519] Bluetooth: RFCOMM TTY layer initialized
[    0.984523] snd_hda_intel 0000:00:1b.0: Linked as a consumer to 0000:00:02.0
[    0.984548] Bluetooth: RFCOMM socket layer initialized
[    0.984561] Bluetooth: RFCOMM ver 1.11
[    0.984571] Bluetooth: BNEP (Ethernet Emulation) ver 1.3
[    0.984573] Bluetooth: BNEP filters: protocol multicast
[    0.984577] Bluetooth: BNEP socket layer initialized
[    0.984579] Bluetooth: HIDP (Human Interface Emulation) ver 1.2
[    0.984583] Bluetooth: HIDP socket layer initialized
[    0.984810] microcode: sig=0x206a7, pf=0x10, revision=0x2d
[    0.984989] microcode: Microcode Update Driver: v2.2.
[    0.985036] sched_clock: Marking stable (973600877, 11352803)->(994111548, -9157868)
[    0.985578] Loading compiled-in X.509 certificates
[    0.986295] Key type encrypted registered
[    0.986732] rtc_cmos 00:02: setting system clock to 2019-01-31T09:38:05 UTC (1548927485)
[    0.986884] cfg80211: Loading compiled-in X.509 certificates for regulatory database
[    0.987862] cfg80211: Loaded X.509 cert 'sforshee: 00b28ddf47aef9cea7'
[    0.988277] platform regulatory.0: Direct firmware load for regulatory.db failed with error -2
[    0.988297] cfg80211: failed to load regulatory.db
[    1.028318] ata1: SATA link up 1.5 Gbps (SStatus 113 SControl 300)
[    1.029809] ata1.00: ACPI cmd ef/02:00:00:00:00:a0 (SET FEATURES) succeeded
[    1.029819] ata1.00: ACPI cmd f5/00:00:00:00:00:a0 (SECURITY FREEZE LOCK) filtered out
[    1.029825] ata1.00: ACPI cmd ef/10:03:00:00:00:a0 (SET FEATURES) filtered out
[    1.030963] ata1.00: ATA-8: Hitachi HTS545050A7E380, GG2OA7J0, max UDMA/133
[    1.030970] ata1.00: 976773168 sectors, multi 16: LBA48 NCQ (depth 32), AA
[    1.032529] ata1.00: ACPI cmd ef/02:00:00:00:00:a0 (SET FEATURES) succeeded
[    1.032538] ata1.00: ACPI cmd f5/00:00:00:00:00:a0 (SECURITY FREEZE LOCK) filtered out
[    1.032545] ata1.00: ACPI cmd ef/10:03:00:00:00:a0 (SET FEATURES) filtered out
[    1.033675] ata1.00: configured for UDMA/133
[    1.036192] snd_hda_intel 0000:00:1b.0: bound 0000:00:02.0 (ops i915_audio_component_bind_ops)
[    1.058417] snd_hda_codec_generic hdaudioC0D0: autoconfig for Generic: line_outs=1 (0x1f/0x0/0x0/0x0/0x0) type:speaker
[    1.058426] snd_hda_codec_generic hdaudioC0D0:    speaker_outs=0 (0x0/0x0/0x0/0x0/0x0)
[    1.058432] snd_hda_codec_generic hdaudioC0D0:    hp_outs=1 (0x19/0x0/0x0/0x0/0x0)
[    1.058437] snd_hda_codec_generic hdaudioC0D0:    mono: mono_out=0x0
[    1.058442] snd_hda_codec_generic hdaudioC0D0:    inputs:
[    1.058449] snd_hda_codec_generic hdaudioC0D0:      Internal Mic=0x23
[    1.058456] snd_hda_codec_generic hdaudioC0D0:      Mic=0x1b
[    1.059451] Console: switching to colour frame buffer device 102x42
[    1.062580] snd_hda_codec_generic hdaudioC0D3: ignore pin 0x7, too many assigned pins
[    1.062583] snd_hda_codec_generic hdaudioC0D3: autoconfig for Generic: line_outs=0 (0x0/0x0/0x0/0x0/0x0) type:line
[    1.062585] snd_hda_codec_generic hdaudioC0D3:    speaker_outs=0 (0x0/0x0/0x0/0x0/0x0)
[    1.062587] snd_hda_codec_generic hdaudioC0D3:    hp_outs=0 (0x0/0x0/0x0/0x0/0x0)
[    1.062588] snd_hda_codec_generic hdaudioC0D3:    mono: mono_out=0x0
[    1.062589] snd_hda_codec_generic hdaudioC0D3:    dig-out=0x5/0x6
[    1.062591] snd_hda_codec_generic hdaudioC0D3:    inputs:
[    1.065031] input: HDA Intel PCH Mic as /devices/pci0000:00/0000:00:1b.0/sound/card0/input9
[    1.065218] input: HDA Intel PCH Headphone as /devices/pci0000:00/0000:00:1b.0/sound/card0/input10
[    1.065410] input: HDA Intel PCH HDMI as /devices/pci0000:00/0000:00:1b.0/sound/card0/input11
[    1.065551] input: HDA Intel PCH HDMI as /devices/pci0000:00/0000:00:1b.0/sound/card0/input12
[    1.203580] i915 0000:00:02.0: fb0: inteldrmfb frame buffer device
[    1.205233] scsi 0:0:0:0: Direct-Access     ATA      Hitachi HTS54505 A7J0 PQ: 0 ANSI: 5
[    1.207344] sd 0:0:0:0: [sda] 976773168 512-byte logical blocks: (500 GB/466 GiB)
[    1.207386] sd 0:0:0:0: Attached scsi generic sg0 type 0
[    1.208525] sd 0:0:0:0: [sda] 4096-byte physical blocks
[    1.210239] sd 0:0:0:0: [sda] Write Protect is off
[    1.211114] sd 0:0:0:0: [sda] Mode Sense: 00 3a 00 00
[    1.211222] sd 0:0:0:0: [sda] Write cache: enabled, read cache: enabled, doesn't support DPO or FUA
[    1.258571]  sda: sda1 sda2 sda3 sda4
[    1.262263] usb 1-1: new high-speed USB device number 2 using ehci-pci
[    1.267665] sd 0:0:0:0: [sda] Attached SCSI disk
[    1.284362] usb 2-1: new high-speed USB device number 2 using ehci-pci
[    1.421145] usb 1-1: New USB device found, idVendor=8087, idProduct=0024, bcdDevice= 0.00
[    1.422721] usb 1-1: New USB device strings: Mfr=0, Product=0, SerialNumber=0
[    1.425079] hub 1-1:1.0: USB hub found
[    1.426869] hub 1-1:1.0: 6 ports detected
[    1.440560] usb 2-1: New USB device found, idVendor=8087, idProduct=0024, bcdDevice= 0.00
[    1.442222] usb 2-1: New USB device strings: Mfr=0, Product=0, SerialNumber=0
[    1.444523] hub 2-1:1.0: USB hub found
[    1.446307] hub 2-1:1.0: 8 ports detected
[    1.524376] ata2: SATA link down (SStatus 0 SControl 300)
[    1.524504] tsc: Refined TSC clocksource calibration: 2491.901 MHz
[    1.530818] clocksource: tsc: mask: 0xffffffffffffffff max_cycles: 0x23eb56f431b, max_idle_ns: 440795305511 ns
[    1.532358] clocksource: Switched to clocksource tsc
[    1.720361] usb 1-1.3: new full-speed USB device number 3 using ehci-pci
[    1.736312] usb 2-1.1: new high-speed USB device number 3 using ehci-pci
[    1.835912] usb 1-1.3: New USB device found, idVendor=147e, idProduct=2016, bcdDevice= 0.02
[    1.839319] usb 1-1.3: New USB device strings: Mfr=1, Product=2, SerialNumber=0
[    1.840264] ata3: SATA link up 3.0 Gbps (SStatus 123 SControl 300)
[    1.841149] usb 1-1.3: Product: Biometric Coprocessor
[    1.844632] usb 1-1.3: Manufacturer: UPEK
[    1.851255] psmouse serio1: synaptics: queried max coordinates: x [..5472], y [..4448]
[    1.852729] usb 2-1.1: New USB device found, idVendor=058f, idProduct=6254, bcdDevice= 1.00
[    1.854134] usb 2-1.1: New USB device strings: Mfr=0, Product=0, SerialNumber=0
[    1.855824] hub 2-1.1:1.0: USB hub found
[    1.857290] hub 2-1.1:1.0: 4 ports detected
[    1.858620] ata3.00: ACPI cmd ef/02:00:00:00:00:a0 (SET FEATURES) succeeded
[    1.858627] ata3.00: ACPI cmd f5/00:00:00:00:00:a0 (SECURITY FREEZE LOCK) filtered out
[    1.860764] ata3.00: ACPI cmd ef/10:03:00:00:00:a0 (SET FEATURES) filtered out
[    1.867978] ata3.00: ATA-8: KINGSTON SMS200S3240G, 60AABBF0, max UDMA/133
[    1.869699] ata3.00: 468862128 sectors, multi 1: LBA48 NCQ (depth 32), AA
[    1.876355] ata3.00: ACPI cmd ef/02:00:00:00:00:a0 (SET FEATURES) succeeded
[    1.876365] ata3.00: ACPI cmd f5/00:00:00:00:00:a0 (SECURITY FREEZE LOCK) filtered out
[    1.879138] ata3.00: ACPI cmd ef/10:03:00:00:00:a0 (SET FEATURES) filtered out
[    1.887041] ata3.00: configured for UDMA/133
[    1.889243] scsi 2:0:0:0: Direct-Access     ATA      KINGSTON SMS200S BBF0 PQ: 0 ANSI: 5
[    1.893424] sd 2:0:0:0: Attached scsi generic sg1 type 0
[    1.893540] sd 2:0:0:0: [sdb] 468862128 512-byte logical blocks: (240 GB/224 GiB)
[    1.896310] sd 2:0:0:0: [sdb] Write Protect is off
[    1.897335] sd 2:0:0:0: [sdb] Mode Sense: 00 3a 00 00
[    1.897406] sd 2:0:0:0: [sdb] Write cache: enabled, read cache: enabled, doesn't support DPO or FUA
[    1.900435]  sdb: sdb2 sdb4
[    1.904659] sd 2:0:0:0: [sdb] Attached SCSI disk
[    1.928400] usb 1-1.4: new full-speed USB device number 4 using ehci-pci
[    1.935916] psmouse serio1: synaptics: Touchpad model: 1, fw: 8.0, id: 0x1e2b1, caps: 0xd001a3/0x940300/0x120c00/0x0, board id: 1611, fw id: 774180
[    1.936331] usb 2-1.2: new high-speed USB device number 4 using ehci-pci
[    1.941034] psmouse serio1: synaptics: serio: Synaptics pass-through port at isa0060/serio1/input0
[    1.998344] input: SynPS/2 Synaptics TouchPad as /devices/platform/i8042/serio1/input/input8
[    2.047975] usb 1-1.4: New USB device found, idVendor=0a5c, idProduct=217f, bcdDevice= 7.48
[    2.051928] usb 1-1.4: New USB device strings: Mfr=1, Product=2, SerialNumber=3
[    2.053900] usb 1-1.4: Product: Broadcom Bluetooth Device
[    2.055780] usb 1-1.4: Manufacturer: Broadcom Corp
[    2.057631] usb 1-1.4: SerialNumber: 7CE9D3B855AA
[    2.063035] usb 2-1.2: New USB device found, idVendor=1a40, idProduct=0101, bcdDevice= 1.11
[    2.065063] usb 2-1.2: New USB device strings: Mfr=0, Product=1, SerialNumber=0
[    2.066115] usb 2-1.2: Product: USB 2.0 Hub
[    2.067791] hub 2-1.2:1.0: USB hub found
[    2.069010] hub 2-1.2:1.0: 4 ports detected
[    2.140303] usb 1-1.6: new high-speed USB device number 5 using ehci-pci
[    2.144296] usb 2-1.1.2: new full-speed USB device number 5 using ehci-pci
[    2.215491] ata5: SATA link down (SStatus 0 SControl 300)
[    2.261241] usb 1-1.6: New USB device found, idVendor=04f2, idProduct=b217, bcdDevice= 8.54
[    2.262614] PM: Image not found (code -22)
[    2.263290] usb 1-1.6: New USB device strings: Mfr=1, Product=2, SerialNumber=0
[    2.263323] ALSA device list:
[    2.264298] usb 1-1.6: Product: Integrated Camera
[    2.264301] usb 1-1.6: Manufacturer: Chicony Electronics Co., Ltd.
[    2.265280]   #0: HDA Intel PCH at 0xf2520000 irq 22
[    2.268474] uvcvideo: Found UVC 1.00 device Integrated Camera (04f2:b217)
[    2.275360] usb 2-1.1.2: New USB device found, idVendor=0a12, idProduct=0001, bcdDevice=88.91
[    2.278609] usb 2-1.1.2: New USB device strings: Mfr=0, Product=2, SerialNumber=0
[    2.281418] uvcvideo 1-1.6:1.0: Entity type for entity Extension 3 was not initialized!
[    2.281567] usb 2-1.1.2: Product: CSR8510 A10
[    2.284022] uvcvideo 1-1.6:1.0: Entity type for entity Processing 2 was not initialized!
[    2.288146] uvcvideo 1-1.6:1.0: Entity type for entity Camera 1 was not initialized!
[    2.460284] usb 2-1.2.1: new low-speed USB device number 6 using ehci-pci
[    2.711706] usb 2-1.2.1: New USB device found, idVendor=06a3, idProduct=053f, bcdDevice= 0.02
[    2.715452] usb 2-1.2.1: New USB device strings: Mfr=1, Product=2, SerialNumber=3
[    2.719040] usb 2-1.2.1: Product: Saitek X36
[    2.722582] usb 2-1.2.1: Manufacturer: Saitek
[    2.723583] usb 2-1.2.1: SerialNumber: 00103464
[    2.751862] psmouse serio2: trackpoint: IBM TrackPoint firmware: 0x0e, buttons: 3/3
[    2.765999] input: Saitek Saitek X36 as /devices/pci0000:00/0000:00:1d.0/usb2/2-1/2-1.2/2-1.2.1/2-1.2.1:1.0/0003:06A3:053F.0001/input/input14
[    2.773249] hid-generic 0003:06A3:053F.0001: input,hidraw0: USB HID v1.00 Joystick [Saitek Saitek X36] on usb-0000:00:1d.0-1.2.1/input0
[    2.976358] usb 2-1.2.2: new low-speed USB device number 7 using ehci-pci
[    3.014884] input: TPPS/2 IBM TrackPoint as /devices/platform/i8042/serio1/serio2/input/input13
[    3.125591] md: Waiting for all devices to be available before autodetect
[    3.129743] md: If you don't use raid, use raid=noautodetect
[    3.134859] md: Autodetecting RAID arrays.
[    3.138522] md: autorun ...
[    3.142039] md: ... autorun DONE.
[    3.151704] EXT4-fs (sdb4): mounted filesystem with ordered data mode. Opts: (null)
[    3.152745] VFS: Mounted root (ext4 filesystem) readonly on device 8:20.
[    3.154646] devtmpfs: mounted
[    3.156896] Freeing unused kernel image memory: 1072K
[    3.181816] Write protecting the kernel read-only data: 24576k
[    3.187550] Freeing unused kernel image memory: 2012K
[    3.191141] Freeing unused kernel image memory: 824K
[    3.212124] x86/mm: Checked W+X mappings: passed, no W+X pages found.
[    3.213028] rodata_test: all tests were successful
[    3.213965] x86/mm: Checking user space page tables
[    3.214709] usb 2-1.2.2: New USB device found, idVendor=046d, idProduct=c050, bcdDevice=27.20
[    3.216528] usb 2-1.2.2: New USB device strings: Mfr=1, Product=2, SerialNumber=0
[    3.218069] usb 2-1.2.2: Product: USB-PS/2 Optical Mouse
[    3.219557] usb 2-1.2.2: Manufacturer: Logitech
[    3.225124] input: Logitech USB-PS/2 Optical Mouse as /devices/pci0000:00/0000:00:1d.0/usb2/2-1/2-1.2/2-1.2.2/2-1.2.2:1.0/0003:046D:C050.0002/input/input15
[    3.226694] x86/mm: Checked W+X mappings: passed, no W+X pages found.
[    3.228471] hid-generic 0003:046D:C050.0002: input,hidraw1: USB HID v1.10 Mouse [Logitech USB-PS/2 Optical Mouse] on usb-0000:00:1d.0-1.2.2/input0
[    3.229451] Run /sbin/init as init process
[    3.293457] random: systemd: uninitialized urandom read (16 bytes read)
[    3.295838] systemd[1]: systemd 215 running in system mode. (+PAM +AUDIT +SELINUX +IMA +SYSVINIT +LIBCRYPTSETUP +GCRYPT +ACL +XZ -SECCOMP -APPARMOR)
[    3.317079] systemd[1]: Detected architecture 'x86-64'.
[    3.346629] systemd[1]: Failed to insert module 'ipv6'
[    3.348285] systemd[1]: Set hostname to <duo>.
[    3.363202] random: systemd-sysv-ge: uninitialized urandom read (16 bytes read)
[    3.406970] random: systemd-sysv-ge: uninitialized urandom read (16 bytes read)
[    3.436246] usb 2-1.2.3: new low-speed USB device number 8 using ehci-pci
[    3.487780] systemd[1]: Binding to IPv6 address not available since kernel does not support IPv6.
[    3.489007] systemd[1]: [/lib/systemd/system/gpsd.socket:6] Failed to parse address value, ignoring: [::1]:2947
[    3.493672] systemd[1]: Starting Forward Password Requests to Wall Directory Watch.
[    3.495171] systemd[1]: Started Forward Password Requests to Wall Directory Watch.
[    3.496447] systemd[1]: Starting Remote File Systems (Pre).
[    3.499277] systemd[1]: Reached target Remote File Systems (Pre).
[    3.605715] systemd-udevd[1996]: starting version 215
[    3.668051] usb 2-1.2.3: New USB device found, idVendor=04f2, idProduct=0111, bcdDevice= 1.02
[    3.669471] usb 2-1.2.3: New USB device strings: Mfr=1, Product=2, SerialNumber=0
[    3.670570] usb 2-1.2.3: Product: USB Keyboard
[    3.670573] usb 2-1.2.3: Manufacturer: Chicony
[    3.679089] input: Chicony USB Keyboard as /devices/pci0000:00/0000:00:1d.0/usb2/2-1/2-1.2/2-1.2.3/2-1.2.3:1.0/0003:04F2:0111.0003/input/input16
[    3.741201] hid-generic 0003:04F2:0111.0003: input,hidraw2: USB HID v1.10 Keyboard [Chicony USB Keyboard] on usb-0000:00:1d.0-1.2.3/input0
[    3.751841] input: Chicony USB Keyboard System Control as /devices/pci0000:00/0000:00:1d.0/usb2/2-1/2-1.2/2-1.2.3/2-1.2.3:1.1/0003:04F2:0111.0004/input/input17
[    3.812569] input: Chicony USB Keyboard Consumer Control as /devices/pci0000:00/0000:00:1d.0/usb2/2-1/2-1.2/2-1.2.3/2-1.2.3:1.1/0003:04F2:0111.0004/input/input18
[    3.816518] hid-generic 0003:04F2:0111.0004: input,hiddev96,hidraw3: USB HID v1.10 Device [Chicony USB Keyboard] on usb-0000:00:1d.0-1.2.3/input1
[    3.847299] e1000e 0000:00:19.0 eth2: renamed from eth0
[    3.881475] systemd-udevd[2572]: renamed network interface eth0 to eth2
[    3.884878] iwlwifi 0000:03:00.0 wlan1: renamed from wlan0
[    3.901509] systemd-udevd[2569]: renamed network interface wlan0 to wlan1
[    3.920472] Bluetooth: hci0: urb (____ptrval____) failed to resubmit (2)
[    4.822178] Adding 1681428k swap on /dev/sda1.  Priority:-2 extents:1 across:1681428k 
[    5.331444] EXT4-fs (sdb4): re-mounted. Opts: errors=remount-ro
[    5.365815] random: crng init done
[    5.365816] random: 7 urandom warning(s) missed due to ratelimiting
[    5.652164] EXT4-fs (sda2): mounted filesystem with ordered data mode. Opts: errors=remount-ro
[    5.714218] EXT4-fs (sdb2): mounted filesystem with ordered data mode. Opts: errors=remount-ro
[    5.760147] systemd-journald[1998]: Received request to flush runtime journal from PID 1
[    6.410688] device-mapper: table: 251:0: thin-pool: unknown target type
[    6.411674] device-mapper: ioctl: error adding target to table
[    7.715897] iwlwifi 0000:03:00.0: Radio type=0x0-0x0-0x3
[    7.790962] iwlwifi 0000:03:00.0: Radio type=0x0-0x0-0x3
[    9.418387] e1000e: eth2 NIC Link is Up 100 Mbps Full Duplex, Flow Control: Rx/Tx
[    9.418407] e1000e 0000:00:19.0 eth2: 10/100 speed: disabling TSO
