[    0.000000] Linux version 4.16.0-rc3-next-20180302 (pavel@amd) (gcc version 4.9.2 (Debian 4.9.2-10+deb8u1)) #30 SMP Fri Mar 2 10:28:44 CET 2018
[    0.000000] Disabled fast string operations
[    0.000000] x86/fpu: x87 FPU will use FXSAVE
[    0.000000] e820: BIOS-provided physical RAM map:
[    0.000000] BIOS-e820: [mem 0x0000000000000000-0x000000000009efff] usable
[    0.000000] BIOS-e820: [mem 0x000000000009f000-0x000000000009ffff] reserved
[    0.000000] BIOS-e820: [mem 0x00000000000dc000-0x00000000000fffff] reserved
[    0.000000] BIOS-e820: [mem 0x0000000000100000-0x00000000bf6cffff] usable
[    0.000000] BIOS-e820: [mem 0x00000000bf6d0000-0x00000000bf6defff] ACPI data
[    0.000000] BIOS-e820: [mem 0x00000000bf6df000-0x00000000bf6fffff] ACPI NVS
[    0.000000] BIOS-e820: [mem 0x00000000bf700000-0x00000000bfffffff] reserved
[    0.000000] BIOS-e820: [mem 0x00000000f0000000-0x00000000f3ffffff] reserved
[    0.000000] BIOS-e820: [mem 0x00000000fec00000-0x00000000fec0ffff] reserved
[    0.000000] BIOS-e820: [mem 0x00000000fed00000-0x00000000fed003ff] reserved
[    0.000000] BIOS-e820: [mem 0x00000000fed14000-0x00000000fed19fff] reserved
[    0.000000] BIOS-e820: [mem 0x00000000fed1c000-0x00000000fed8ffff] reserved
[    0.000000] BIOS-e820: [mem 0x00000000fee00000-0x00000000fee00fff] reserved
[    0.000000] BIOS-e820: [mem 0x00000000ff800000-0x00000000ffffffff] reserved
[    0.000000] NX (Execute Disable) protection: active
[    0.000000] random: fast init done
[    0.000000] SMBIOS 2.4 present.
[    0.000000] DMI: LENOVO 17097HU/17097HU, BIOS 7BETD8WW (2.19 ) 03/31/2011
[    0.000000] e820: update [mem 0x00000000-0x00000fff] usable ==> reserved
[    0.000000] e820: remove [mem 0x000a0000-0x000fffff] usable
[    0.000000] e820: last_pfn = 0xbf6d0 max_arch_pfn = 0x1000000
[    0.000000] MTRR default type: uncachable
[    0.000000] MTRR fixed ranges enabled:
[    0.000000]   00000-9FFFF write-back
[    0.000000]   A0000-BFFFF uncachable
[    0.000000]   C0000-CFFFF write-protect
[    0.000000]   D0000-DBFFF uncachable
[    0.000000]   DC000-DFFFF write-back
[    0.000000]   E0000-FFFFF write-protect
[    0.000000] MTRR variable ranges enabled:
[    0.000000]   0 base 000000000 mask F80000000 write-back
[    0.000000]   1 base 080000000 mask FC0000000 write-back
[    0.000000]   2 base 0BF700000 mask FFFF00000 uncachable
[    0.000000]   3 base 0BF800000 mask FFF800000 uncachable
[    0.000000]   4 disabled
[    0.000000]   5 disabled
[    0.000000]   6 disabled
[    0.000000]   7 disabled
[    0.000000] x86/PAT: PAT not supported by CPU.
[    0.000000] x86/PAT: Configuration [0-7]: WB  WT  UC- UC  WB  WT  UC- UC  
[    0.000000] initial memory mapped: [mem 0x00000000-0x05dfffff]
[    0.000000] Base memory trampoline at [(ptrval)] 9b000 size 16384
[    0.000000] BRK [0x05804000, 0x05804fff] PGTABLE
[    0.000000] BRK [0x05805000, 0x05805fff] PGTABLE
[    0.000000] ACPI: Early table checksum verification disabled
[    0.000000] ACPI: RSDP 0x00000000000F67C0 000024 (v02 LENOVO)
[    0.000000] ACPI: XSDT 0x00000000BF6D191C 000084 (v01 LENOVO TP-7B    00002190  LTP 00000000)
[    0.000000] ACPI: FACP 0x00000000BF6D1A00 0000F4 (v03 LENOVO TP-7B    00002190 LNVO 00000001)
[    0.000000] ACPI BIOS Warning (bug): 32/64X length mismatch in FADT/Gpe0Block: 64/32 (20180209/tbfadt-603)
[    0.000000] ACPI BIOS Warning (bug): Optional FADT field Gpe1Block has valid Address but zero Length: 0x000000000000102C/0x0 (20180209/tbfadt-658)
[    0.000000] ACPI: DSDT 0x00000000BF6D1D90 00CFB9 (v01 LENOVO TP-7B    00002190 MSFT 0100000E)
[    0.000000] ACPI: FACS 0x00000000BF6F4000 000040
[    0.000000] ACPI: FACS 0x00000000BF6F4000 000040
[    0.000000] ACPI: SSDT 0x00000000BF6D1BB4 0001DC (v01 LENOVO TP-7B    00002190 MSFT 0100000E)
[    0.000000] ACPI: ECDT 0x00000000BF6DED49 000052 (v01 LENOVO TP-7B    00002190 LNVO 00000001)
[    0.000000] ACPI: TCPA 0x00000000BF6DED9B 000032 (v02 LENOVO TP-7B    00002190 LNVO 00000001)
[    0.000000] ACPI: APIC 0x00000000BF6DEDCD 000068 (v01 LENOVO TP-7B    00002190 LNVO 00000001)
[    0.000000] ACPI: MCFG 0x00000000BF6DEE35 00003C (v01 LENOVO TP-7B    00002190 LNVO 00000001)
[    0.000000] ACPI: HPET 0x00000000BF6DEE71 000038 (v01 LENOVO TP-7B    00002190 LNVO 00000001)
[    0.000000] ACPI: BOOT 0x00000000BF6DEFD8 000028 (v01 LENOVO TP-7B    00002190  LTP 00000001)
[    0.000000] ACPI: SSDT 0x00000000BF6F2645 00025F (v01 LENOVO TP-7B    00002190 INTL 20050513)
[    0.000000] ACPI: SSDT 0x00000000BF6F28A4 0000A6 (v01 LENOVO TP-7B    00002190 INTL 20050513)
[    0.000000] ACPI: SSDT 0x00000000BF6F294A 0004F7 (v01 LENOVO TP-7B    00002190 INTL 20050513)
[    0.000000] ACPI: SSDT 0x00000000BF6F2E41 0001D8 (v01 LENOVO TP-7B    00002190 INTL 20050513)
[    0.000000] ACPI: Local APIC address 0xfee00000
[    0.000000] 2174MB HIGHMEM available.
[    0.000000] 887MB LOWMEM available.
[    0.000000]   mapped low ram: 0 - 377fe000
[    0.000000]   low ram: 0 - 377fe000
[    0.000000] tsc: Fast TSC calibration failed
[    0.000000] tsc: Using PIT calibration value
[    0.000000] BRK [0x05806000, 0x05806fff] PGTABLE
[    0.000000] Zone ranges:
[    0.000000]   DMA      [mem 0x0000000000001000-0x0000000000ffffff]
[    0.000000]   Normal   [mem 0x0000000001000000-0x00000000377fdfff]
[    0.000000]   HighMem  [mem 0x00000000377fe000-0x00000000bf6cffff]
[    0.000000] Movable zone start for each node
[    0.000000] Early memory node ranges
[    0.000000]   node   0: [mem 0x0000000000001000-0x000000000009efff]
[    0.000000]   node   0: [mem 0x0000000000100000-0x00000000bf6cffff]
[    0.000000] Initmem setup node 0 [mem 0x0000000000001000-0x00000000bf6cffff]
[    0.000000] On node 0 totalpages: 783982
[    0.000000]   DMA zone: 32 pages used for memmap
[    0.000000]   DMA zone: 0 pages reserved
[    0.000000]   DMA zone: 3998 pages, LIFO batch:0
[    0.000000]   Normal zone: 1744 pages used for memmap
[    0.000000]   Normal zone: 223230 pages, LIFO batch:31
[    0.000000]   HighMem zone: 556754 pages, LIFO batch:31
[    0.000000] Reserved but unavailable: 98 pages
[    0.000000] Using APIC driver default
[    0.000000] Reserving Intel graphics memory at [mem 0xbf800000-0xbfffffff]
[    0.000000] ACPI: PM-Timer IO Port: 0x1008
[    0.000000] ACPI: Local APIC address 0xfee00000
[    0.000000] ACPI: LAPIC_NMI (acpi_id[0x00] high edge lint[0x1])
[    0.000000] ACPI: LAPIC_NMI (acpi_id[0x01] high edge lint[0x1])
[    0.000000] IOAPIC[0]: apic_id 1, version 32, address 0xfec00000, GSI 0-23
[    0.000000] ACPI: INT_SRC_OVR (bus 0 bus_irq 0 global_irq 2 dfl dfl)
[    0.000000] ACPI: INT_SRC_OVR (bus 0 bus_irq 9 global_irq 9 high level)
[    0.000000] ACPI: IRQ0 used by override.
[    0.000000] ACPI: IRQ9 used by override.
[    0.000000] Using ACPI (MADT) for SMP configuration information
[    0.000000] ACPI: HPET id: 0x8086a201 base: 0xfed00000
[    0.000000] smpboot: Allowing 2 CPUs, 0 hotplug CPUs
[    0.000000] PM: Registered nosave memory: [mem 0x00000000-0x00000fff]
[    0.000000] PM: Registered nosave memory: [mem 0x0009f000-0x0009ffff]
[    0.000000] PM: Registered nosave memory: [mem 0x000a0000-0x000dbfff]
[    0.000000] PM: Registered nosave memory: [mem 0x000dc000-0x000fffff]
[    0.000000] e820: [mem 0xc0000000-0xefffffff] available for PCI devices
[    0.000000] clocksource: refined-jiffies: mask: 0xffffffff max_cycles: 0xffffffff, max_idle_ns: 7645519600211568 ns
[    0.000000] setup_percpu: NR_CPUS:8 nr_cpumask_bits:8 nr_cpu_ids:2 nr_node_ids:1
[    0.000000] percpu: Embedded 28 pages/cpu @(ptrval) s85224 r0 d29464 u114688
[    0.000000] pcpu-alloc: s85224 r0 d29464 u114688 alloc=28*4096
[    0.000000] pcpu-alloc: [0] 0 [0] 1 
[    0.000000] Built 1 zonelists, mobility grouping on.  Total pages: 782206
[    0.000000] Kernel command line: BOOT_IMAGE=(hd0,2)/fast/l/linux-next-32/arch/x86/boot/bzImage root=/dev/sda4 resume=/dev/sda1
[    0.000000] Dentry cache hash table entries: 131072 (order: 7, 524288 bytes)
[    0.000000] Inode-cache hash table entries: 65536 (order: 6, 262144 bytes)
[    0.000000] Initializing CPU#0
[    0.000000] Initializing HighMem for node 0 (000377fe:000bf6d0)
[    0.000000] Initializing Movable for node 0 (00000000:00000000)
[    0.000000] Memory: 3085724K/3135928K available (12015K kernel code, 701K rwdata, 4712K rodata, 592K init, 6172K bss, 50204K reserved, 0K cma-reserved, 2227016K highmem)
[    0.000000] virtual kernel memory layout:
    fixmap  : 0xffe70000 - 0xfffff000   (1596 kB)
  cpu_entry : 0xffa00000 - 0xffb39000   (1252 kB)
    pkmap   : 0xff800000 - 0xffa00000   (2048 kB)
    vmalloc : 0xf7ffe000 - 0xff7fe000   ( 120 MB)
    lowmem  : 0xc0000000 - 0xf77fe000   ( 887 MB)
      .init : 0xc512e000 - 0xc51c2000   ( 592 kB)
      .data : 0xc4bbbd24 - 0xc510c540   (5442 kB)
      .text : 0xc4000000 - 0xc4bbbd24   (12015 kB)
[    0.000000] Checking if this processor honours the WP bit even in supervisor mode...Ok.
[    0.000000] Hierarchical RCU implementation.
[    0.000000] 	RCU restricting CPUs from NR_CPUS=8 to nr_cpu_ids=2.
[    0.000000] RCU: Adjusting geometry for rcu_fanout_leaf=16, nr_cpu_ids=2
[    0.000000] NR_IRQS: 2304, nr_irqs: 56, preallocated irqs: 16
[    0.000000] CPU 0 irqstacks, hard=(ptrval) soft=(ptrval)
[    0.000000] Console: colour VGA+ 80x25
[    0.000000] console [tty0] enabled
[    0.000000] Lock dependency validator: Copyright (c) 2006 Red Hat, Inc., Ingo Molnar
[    0.000000] ... MAX_LOCKDEP_SUBCLASSES:  8
[    0.000000] ... MAX_LOCK_DEPTH:          48
[    0.000000] ... MAX_LOCKDEP_KEYS:        8191
[    0.000000] ... CLASSHASH_SIZE:          4096
[    0.000000] ... MAX_LOCKDEP_ENTRIES:     32768
[    0.000000] ... MAX_LOCKDEP_CHAINS:      65536
[    0.000000] ... CHAINHASH_SIZE:          32768
[    0.000000]  memory used by lock dependency info: 4383 kB
[    0.000000]  per task-struct memory footprint: 1344 bytes
[    0.000000] ACPI: Core revision 20180209
[    0.000000] clocksource: hpet: mask: 0xffffffff max_cycles: 0xffffffff, max_idle_ns: 133484882848 ns
[    0.000000] hpet clockevent registered
[    0.000000] APIC: Switch to symmetric I/O mode setup
[    0.000000] Enabling APIC mode:  Flat.  Using 1 I/O APICs
[    0.000000] ..TIMER: vector=0x30 apic1=0 pin1=2 apic2=-1 pin2=-1
[    0.024000] tsc: PIT calibration matches HPET. 1 loops
[    0.024000] tsc: Detected 1828.762 MHz processor
[    0.024000] clocksource: tsc-early: mask: 0xffffffffffffffff max_cycles: 0x1a5c4beea76, max_idle_ns: 440795225471 ns
[    0.024000] Calibrating delay loop (skipped), value calculated using timer frequency.. 3657.52 BogoMIPS (lpj=7315048)
[    0.024000] pid_max: default: 32768 minimum: 301
[    0.024000] Mount-cache hash table entries: 2048 (order: 1, 8192 bytes)
[    0.024000] Mountpoint-cache hash table entries: 2048 (order: 1, 8192 bytes)
[    0.028416] Disabled fast string operations
[    0.028495] CPU: Physical Processor ID: 0
[    0.028569] CPU: Processor Core ID: 0
[    0.028649] process: using mwait in idle threads
[    0.028733] Last level iTLB entries: 4KB 128, 2MB 0, 4MB 2
[    0.028813] Last level dTLB entries: 4KB 128, 2MB 0, 4MB 8, 1GB 0
[    0.028898] Spectre V2 : Mitigation: Full generic retpoline
[    0.028979] Spectre V2 : Spectre v2 mitigation: Filling RSB on context switch
[    0.029206] Freeing SMP alternatives memory: 44K
[    0.036000] smpboot: CPU0: Genuine Intel(R) CPU           T2400  @ 1.83GHz (family: 0x6, model: 0xe, stepping: 0x8)
[    0.036000] Performance Events: Core events, core PMU driver.
[    0.036000] ... version:                1
[    0.036000] ... bit width:              40
[    0.036000] ... generic registers:      2
[    0.036000] ... value mask:             000000ffffffffff
[    0.036000] ... max period:             000000007fffffff
[    0.036000] ... fixed-purpose events:   0
[    0.036000] ... event mask:             0000000000000003
[    0.036000] Hierarchical SRCU implementation.
[    0.036000] smp: Bringing up secondary CPUs ...
[    0.036139] NMI watchdog: Enabled. Permanently consumes one hw-PMU counter.
[    0.037122] CPU 1 irqstacks, hard=edf6578c soft=86db7097
[    0.037126] x86: Booting SMP configuration:
[    0.037208] .... node  #0, CPUs:      #1
[    0.004000] Initializing CPU#1
[    0.004000] Disabled fast string operations
[    0.039666] TSC synchronization [CPU#0 -> CPU#1]:
[    0.039981] Measured 580074 cycles TSC warp between CPUs, turning off TSC clock.
[    0.040000] tsc: Marking TSC unstable due to check_tsc_sync_source failed
[    0.040118] smp: Brought up 1 node, 2 CPUs
[    0.040118] smpboot: Max logical packages: 1
[    0.040166] smpboot: Total of 2 processors activated (7315.04 BogoMIPS)
[    0.041848] devtmpfs: initialized
[    0.041848] PM: Registering ACPI NVS region [mem 0xbf6df000-0xbf6fffff] (135168 bytes)
[    0.044074] clocksource: jiffies: mask: 0xffffffff max_cycles: 0xffffffff, max_idle_ns: 7645041785100000 ns
[    0.044187] futex hash table entries: 512 (order: 3, 32768 bytes)
[    0.044971] NET: Registered protocol family 16
[    0.046639] cpuidle: using governor ladder
[    0.046639] cpuidle: using governor menu
[    0.046639] Simple Boot Flag at 0x35 set to 0x1
[    0.046639] ACPI FADT declares the system doesn't support PCIe ASPM, so disable it
[    0.046639] ACPI: bus type PCI registered
[    0.046639] PCI: MMCONFIG for domain 0000 [bus 00-3f] at [mem 0xf0000000-0xf3ffffff] (base 0xf0000000)
[    0.046639] PCI: MMCONFIG at [mem 0xf0000000-0xf3ffffff] reserved in E820
[    0.048049] PCI: Using MMCONFIG for extended config space
[    0.048098] PCI: Using configuration type 1 for base access
[    0.048565] mtrr: your CPUs had inconsistent variable MTRR settings
[    0.048651] mtrr: probably your BIOS does not setup all CPUs.
[    0.048733] mtrr: corrected configuration.
[    0.112643] ACPI: Added _OSI(Module Device)
[    0.112728] ACPI: Added _OSI(Processor Device)
[    0.112807] ACPI: Added _OSI(3.0 _SCP Extensions)
[    0.112886] ACPI: Added _OSI(Processor Aggregator Device)
[    0.112989] ACPI: EC: EC started
[    0.113061] ACPI: EC: interrupt blocked
[    0.113188] ACPI: \: Used as first EC
[    0.113264] ACPI: \: GPE=0x1c, EC_CMD/EC_SC=0x66, EC_DATA=0x62
[    0.113350] ACPI: \: Used as boot ECDT EC to handle transactions
[    0.179486] ACPI: 6 ACPI AML tables successfully acquired and loaded
[    0.210292] ACPI: Dynamic OEM Table Load:
[    0.210388] ACPI: SSDT 0x00000000F524B400 000240 (v01 PmRef  Cpu0Ist  00000100 INTL 20050513)
[    0.212135] ACPI: Dynamic OEM Table Load:
[    0.212230] ACPI: SSDT 0x00000000F5BDE800 00065A (v01 PmRef  Cpu0Cst  00000100 INTL 20050513)
[    0.214572] ACPI: Dynamic OEM Table Load:
[    0.214572] ACPI: SSDT 0x00000000F5815200 0000C8 (v01 PmRef  Cpu1Ist  00000100 INTL 20050513)
[    0.216953] ACPI: Dynamic OEM Table Load:
[    0.217045] ACPI: SSDT 0x00000000F5998F00 000085 (v01 PmRef  Cpu1Cst  00000100 INTL 20050513)
[    0.218419] ACPI: Interpreter enabled
[    0.218419] ACPI: (supports S0 S3 S4 S5)
[    0.218419] ACPI: Using IOAPIC for interrupt routing
[    0.220207] PCI: Using host bridge windows from ACPI; if necessary, use "pci=nocrs" and report a bug
[    0.221296] ACPI: Enabled 4 GPEs in block 00 to 1F
[    0.247759] ACPI: Power Resource [PUBS] (on)
[    0.249928] acpi PNP0C0A:01: ACPI dock station (docks/bays count: 1)
[    0.259117] acpi LNXIOBAY:00: ACPI dock station (docks/bays count: 2)
[    0.274037] acpi IBM0079:00: ACPI dock station (docks/bays count: 3)
[    0.276484] ACPI: PCI Interrupt Link [LNKA] (IRQs 3 4 5 6 7 9 10 *11)
[    0.277343] ACPI: PCI Interrupt Link [LNKB] (IRQs 3 4 5 6 7 9 10 *11)
[    0.278199] ACPI: PCI Interrupt Link [LNKC] (IRQs 3 4 5 6 7 9 10 *11)
[    0.279055] ACPI: PCI Interrupt Link [LNKD] (IRQs 3 4 5 6 7 9 10 *11)
[    0.279910] ACPI: PCI Interrupt Link [LNKE] (IRQs 3 4 5 6 7 9 10 *11)
[    0.280744] ACPI: PCI Interrupt Link [LNKF] (IRQs 3 4 5 6 7 9 10 *11)
[    0.281600] ACPI: PCI Interrupt Link [LNKG] (IRQs 3 4 5 6 7 9 10 *11)
[    0.282456] ACPI: PCI Interrupt Link [LNKH] (IRQs 3 4 5 6 7 9 10 *11)
[    0.283028] ACPI: PCI Root Bridge [PCI0] (domain 0000 [bus 00-ff])
[    0.283129] acpi PNP0A08:00: _OSC: OS supports [ExtendedConfig ASPM ClockPM Segments]
[    0.284209] acpi PNP0A08:00: _OSC: not requesting OS control; OS requires [ExtendedConfig ASPM ClockPM MSI]
[    0.284346] acpi PNP0A08:00: [Firmware Info]: MMCONFIG for domain 0000 [bus 00-3f] only partially covers this bridge
[    0.284729] PCI host bridge to bus 0000:00
[    0.284811] pci_bus 0000:00: root bus resource [io  0x0000-0x0cf7 window]
[    0.284904] pci_bus 0000:00: root bus resource [io  0x0d00-0xffff window]
[    0.284997] pci_bus 0000:00: root bus resource [mem 0x000a0000-0x000bffff window]
[    0.285094] pci_bus 0000:00: root bus resource [mem 0x000d0000-0x000d3fff window]
[    0.285191] pci_bus 0000:00: root bus resource [mem 0x000d4000-0x000d7fff window]
[    0.285288] pci_bus 0000:00: root bus resource [mem 0x000d8000-0x000dbfff window]
[    0.285386] pci_bus 0000:00: root bus resource [mem 0xc0000000-0xfebfffff window]
[    0.285483] pci_bus 0000:00: root bus resource [mem 0xfed40000-0xfed40fff window]
[    0.285581] pci_bus 0000:00: root bus resource [bus 00-ff]
[    0.285696] pci 0000:00:00.0: [8086:27a0] type 00 class 0x060000
[    0.286153] pci 0000:00:02.0: [8086:27a2] type 00 class 0x030000
[    0.286176] pci 0000:00:02.0: reg 0x10: [mem 0xee100000-0xee17ffff]
[    0.286187] pci 0000:00:02.0: reg 0x14: [io  0x1800-0x1807]
[    0.286198] pci 0000:00:02.0: reg 0x18: [mem 0xd0000000-0xdfffffff pref]
[    0.286209] pci 0000:00:02.0: reg 0x1c: [mem 0xee200000-0xee23ffff]
[    0.286663] pci 0000:00:02.1: [8086:27a6] type 00 class 0x038000
[    0.286683] pci 0000:00:02.1: reg 0x10: [mem 0xee180000-0xee1fffff]
[    0.287178] pci 0000:00:1b.0: [8086:27d8] type 00 class 0x040300
[    0.287223] pci 0000:00:1b.0: reg 0x10: [mem 0xee240000-0xee243fff 64bit]
[    0.287388] pci 0000:00:1b.0: PME# supported from D0 D3hot D3cold
[    0.287836] pci 0000:00:1c.0: [8086:27d0] type 01 class 0x060400
[    0.288023] pci 0000:00:1c.0: PME# supported from D0 D3hot D3cold
[    0.288471] pci 0000:00:1c.1: [8086:27d2] type 01 class 0x060400
[    0.288647] pci 0000:00:1c.1: PME# supported from D0 D3hot D3cold
[    0.289080] pci 0000:00:1c.2: [8086:27d4] type 01 class 0x060400
[    0.289256] pci 0000:00:1c.2: PME# supported from D0 D3hot D3cold
[    0.289696] pci 0000:00:1c.3: [8086:27d6] type 01 class 0x060400
[    0.289872] pci 0000:00:1c.3: PME# supported from D0 D3hot D3cold
[    0.290303] pci 0000:00:1d.0: [8086:27c8] type 00 class 0x0c0300
[    0.290382] pci 0000:00:1d.0: reg 0x20: [io  0x1820-0x183f]
[    0.290842] pci 0000:00:1d.1: [8086:27c9] type 00 class 0x0c0300
[    0.290923] pci 0000:00:1d.1: reg 0x20: [io  0x1840-0x185f]
[    0.291373] pci 0000:00:1d.2: [8086:27ca] type 00 class 0x0c0300
[    0.291452] pci 0000:00:1d.2: reg 0x20: [io  0x1860-0x187f]
[    0.291917] pci 0000:00:1d.3: [8086:27cb] type 00 class 0x0c0300
[    0.292007] pci 0000:00:1d.3: reg 0x20: [io  0x1880-0x189f]
[    0.292449] pci 0000:00:1d.7: [8086:27cc] type 00 class 0x0c0320
[    0.292485] pci 0000:00:1d.7: reg 0x10: [mem 0xee444000-0xee4443ff]
[    0.292627] pci 0000:00:1d.7: PME# supported from D0 D3hot D3cold
[    0.293038] pci 0000:00:1e.0: [8086:2448] type 01 class 0x060401
[    0.293561] pci 0000:00:1f.0: [8086:27b9] type 00 class 0x060100
[    0.293718] pci 0000:00:1f.0: quirk: [io  0x1000-0x107f] claimed by ICH6 ACPI/GPIO/TCO
[    0.293824] pci 0000:00:1f.0: quirk: [io  0x1180-0x11bf] claimed by ICH6 GPIO
[    0.293921] pci 0000:00:1f.0: ICH7 LPC Generic IO decode 1 PIO at 1600 (mask 007f)
[    0.294020] pci 0000:00:1f.0: ICH7 LPC Generic IO decode 2 PIO at 15e0 (mask 000f)
[    0.294119] pci 0000:00:1f.0: ICH7 LPC Generic IO decode 3 PIO at 1680 (mask 001f)
[    0.294649] pci 0000:00:1f.1: [8086:27df] type 00 class 0x01018a
[    0.294679] pci 0000:00:1f.1: reg 0x10: [io  0x0000-0x0007]
[    0.294696] pci 0000:00:1f.1: reg 0x14: [io  0x0000-0x0003]
[    0.294712] pci 0000:00:1f.1: reg 0x18: [io  0x0000-0x0007]
[    0.294728] pci 0000:00:1f.1: reg 0x1c: [io  0x0000-0x0003]
[    0.294745] pci 0000:00:1f.1: reg 0x20: [io  0x1810-0x181f]
[    0.294779] pci 0000:00:1f.1: legacy IDE quirk: reg 0x10: [io  0x01f0-0x01f7]
[    0.294873] pci 0000:00:1f.1: legacy IDE quirk: reg 0x14: [io  0x03f6]
[    0.294964] pci 0000:00:1f.1: legacy IDE quirk: reg 0x18: [io  0x0170-0x0177]
[    0.295058] pci 0000:00:1f.1: legacy IDE quirk: reg 0x1c: [io  0x0376]
[    0.295550] pci 0000:00:1f.2: [8086:27c5] type 00 class 0x010601
[    0.295585] pci 0000:00:1f.2: reg 0x10: [io  0x18d0-0x18d7]
[    0.295601] pci 0000:00:1f.2: reg 0x14: [io  0x18c4-0x18c7]
[    0.295618] pci 0000:00:1f.2: reg 0x18: [io  0x18c8-0x18cf]
[    0.295634] pci 0000:00:1f.2: reg 0x1c: [io  0x18c0-0x18c3]
[    0.295651] pci 0000:00:1f.2: reg 0x20: [io  0x18b0-0x18bf]
[    0.295668] pci 0000:00:1f.2: reg 0x24: [mem 0xee444400-0xee4447ff]
[    0.295752] pci 0000:00:1f.2: PME# supported from D3hot
[    0.296171] pci 0000:00:1f.3: [8086:27da] type 00 class 0x0c0500
[    0.296269] pci 0000:00:1f.3: reg 0x20: [io  0x18e0-0x18ff]
[    0.296946] pci 0000:02:00.0: [8086:109a] type 00 class 0x020000
[    0.297010] pci 0000:02:00.0: reg 0x10: [mem 0xee000000-0xee01ffff]
[    0.297058] pci 0000:02:00.0: reg 0x18: [io  0x2000-0x201f]
[    0.297310] pci 0000:02:00.0: PME# supported from D0 D3hot D3cold
[    0.308132] pci 0000:00:1c.0: PCI bridge to [bus 02]
[    0.308226] pci 0000:00:1c.0:   bridge window [io  0x2000-0x2fff]
[    0.308234] pci 0000:00:1c.0:   bridge window [mem 0xee000000-0xee0fffff]
[    0.308537] pci 0000:03:00.0: [8086:4227] type 00 class 0x028000
[    0.308648] pci 0000:03:00.0: reg 0x10: [mem 0xedf00000-0xedf00fff]
[    0.309168] pci 0000:03:00.0: PME# supported from D0 D3hot D3cold
[    0.320110] pci 0000:00:1c.1: PCI bridge to [bus 03]
[    0.320197] pci 0000:00:1c.1:   bridge window [io  0x3000-0x4fff]
[    0.320205] pci 0000:00:1c.1:   bridge window [mem 0xec000000-0xedffffff]
[    0.320217] pci 0000:00:1c.1:   bridge window [mem 0xe4000000-0xe40fffff 64bit pref]
[    0.320373] pci 0000:00:1c.2: PCI bridge to [bus 04-0b]
[    0.320462] pci 0000:00:1c.2:   bridge window [io  0x5000-0x6fff]
[    0.320470] pci 0000:00:1c.2:   bridge window [mem 0xe8000000-0xe9ffffff]
[    0.320482] pci 0000:00:1c.2:   bridge window [mem 0xe4100000-0xe41fffff 64bit pref]
[    0.320637] pci 0000:00:1c.3: PCI bridge to [bus 0c-13]
[    0.320726] pci 0000:00:1c.3:   bridge window [io  0x7000-0x8fff]
[    0.320733] pci 0000:00:1c.3:   bridge window [mem 0xea000000-0xebffffff]
[    0.320745] pci 0000:00:1c.3:   bridge window [mem 0xe4200000-0xe42fffff 64bit pref]
[    0.320893] pci 0000:15:00.0: [1180:0476] type 02 class 0x060700
[    0.320931] pci 0000:15:00.0: reg 0x10: [mem 0xe4300000-0xe4300fff]
[    0.321005] pci 0000:15:00.0: supports D1 D2
[    0.321009] pci 0000:15:00.0: PME# supported from D0 D1 D2 D3hot D3cold
[    0.321272] pci 0000:15:00.1: [1180:0552] type 00 class 0x0c0010
[    0.321308] pci 0000:15:00.1: reg 0x10: [mem 0xe4301000-0xe43017ff]
[    0.321457] pci 0000:15:00.1: PME# supported from D0 D3hot D3cold
[    0.321657] pci 0000:15:00.2: [1180:0822] type 00 class 0x080500
[    0.321692] pci 0000:15:00.2: reg 0x10: [mem 0xe4301800-0xe43018ff]
[    0.321838] pci 0000:15:00.2: supports D1 D2
[    0.321842] pci 0000:15:00.2: PME# supported from D0 D1 D2 D3hot D3cold
[    0.322109] pci 0000:00:1e.0: PCI bridge to [bus 15-18] (subtractive decode)
[    0.322208] pci 0000:00:1e.0:   bridge window [io  0x9000-0xcfff]
[    0.322216] pci 0000:00:1e.0:   bridge window [mem 0xe4300000-0xe7ffffff]
[    0.322227] pci 0000:00:1e.0:   bridge window [mem 0xe0000000-0xe3ffffff 64bit pref]
[    0.322233] pci 0000:00:1e.0:   bridge window [io  0x0000-0x0cf7 window] (subtractive decode)
[    0.322238] pci 0000:00:1e.0:   bridge window [io  0x0d00-0xffff window] (subtractive decode)
[    0.322243] pci 0000:00:1e.0:   bridge window [mem 0x000a0000-0x000bffff window] (subtractive decode)
[    0.322259] pci 0000:00:1e.0:   bridge window [mem 0x000d0000-0x000d3fff window] (subtractive decode)
[    0.322264] pci 0000:00:1e.0:   bridge window [mem 0x000d4000-0x000d7fff window] (subtractive decode)
[    0.322268] pci 0000:00:1e.0:   bridge window [mem 0x000d8000-0x000dbfff window] (subtractive decode)
[    0.322273] pci 0000:00:1e.0:   bridge window [mem 0xc0000000-0xfebfffff window] (subtractive decode)
[    0.322278] pci 0000:00:1e.0:   bridge window [mem 0xfed40000-0xfed40fff window] (subtractive decode)
[    0.322421] pci_bus 0000:16: busn_res: [bus 16-18] end is updated to 17
[    0.322478] pci_bus 0000:00: on NUMA node 0
[    0.328705] ACPI: EC: interrupt unblocked
[    0.328800] ACPI: EC: event unblocked
[    0.328888] ACPI: \_SB_.PCI0.LPC_.EC__: GPE=0x1c, EC_CMD/EC_SC=0x66, EC_DATA=0x62
[    0.328990] ACPI: \_SB_.PCI0.LPC_.EC__: Used as boot DSDT EC to handle transactions and events
[    0.329719] pci 0000:00:02.0: vgaarb: setting as boot VGA device
[    0.329811] pci 0000:00:02.0: vgaarb: VGA device added: decodes=io+mem,owns=io+mem,locks=none
[    0.329948] pci 0000:00:02.0: vgaarb: bridge control possible
[    0.330031] vgaarb: loaded
[    0.330666] SCSI subsystem initialized
[    0.331039] libata version 3.00 loaded.
[    0.331243] ACPI: bus type USB registered
[    0.331453] usbcore: registered new interface driver usbfs
[    0.331599] usbcore: registered new interface driver hub
[    0.331741] usbcore: registered new device driver usb
[    0.331938] media: Linux media interface: v0.10
[    0.332059] Linux video capture interface: v2.00
[    0.332194] pps_core: LinuxPPS API ver. 1 registered
[    0.332275] pps_core: Software ver. 5.3.6 - Copyright 2005-2007 Rodolfo Giometti <giometti@linux.it>
[    0.332419] PTP clock support registered
[    0.333065] EDAC MC: Ver: 3.0.0
[    0.333984] Advanced Linux Sound Architecture Driver Initialized.
[    0.334028] PCI: Using ACPI for IRQ routing
[    0.337101] PCI: pci_cache_line_size set to 64 bytes
[    0.337433] e820: reserve RAM buffer [mem 0x0009f000-0x0009ffff]
[    0.337440] e820: reserve RAM buffer [mem 0xbf6d0000-0xbfffffff]
[    0.338027] Bluetooth: Core ver 2.22
[    0.338155] NET: Registered protocol family 31
[    0.338232] Bluetooth: HCI device and connection manager initialized
[    0.338329] Bluetooth: HCI socket layer initialized
[    0.338411] Bluetooth: L2CAP socket layer initialized
[    0.338528] Bluetooth: SCO socket layer initialized
[    0.339368] clocksource: Switched to clocksource tsc-early
[    0.339844] pnp: PnP ACPI init
[    0.339969] system 00:00: [mem 0x00000000-0x0009ffff] could not be reserved
[    0.339978] system 00:00: [mem 0x000c0000-0x000c3fff] could not be reserved
[    0.340075] system 00:00: [mem 0x000c4000-0x000c7fff] could not be reserved
[    0.340171] system 00:00: [mem 0x000c8000-0x000cbfff] has been reserved
[    0.340265] system 00:00: [mem 0x000cc000-0x000cffff] has been reserved
[    0.340361] system 00:00: [mem 0x000dc000-0x000dffff] could not be reserved
[    0.340458] system 00:00: [mem 0x000e0000-0x000e3fff] could not be reserved
[    0.340556] system 00:00: [mem 0x000e4000-0x000e7fff] could not be reserved
[    0.340678] system 00:00: [mem 0x000e8000-0x000ebfff] could not be reserved
[    0.340776] system 00:00: [mem 0x000ec000-0x000effff] could not be reserved
[    0.340873] system 00:00: [mem 0x000f0000-0x000fffff] could not be reserved
[    0.340970] system 00:00: [mem 0x00100000-0xbfffffff] could not be reserved
[    0.341068] system 00:00: [mem 0xfec00000-0xfed3ffff] could not be reserved
[    0.341165] system 00:00: [mem 0xfed41000-0xffffffff] could not be reserved
[    0.341311] system 00:00: Plug and Play ACPI device, IDs PNP0c01 (active)
[    0.341807] system 00:01: [io  0x164e-0x164f] has been reserved
[    0.341901] system 00:01: [io  0x1000-0x107f] has been reserved
[    0.341992] system 00:01: [io  0x1180-0x11bf] has been reserved
[    0.342083] system 00:01: [io  0x0800-0x080f] has been reserved
[    0.342173] system 00:01: [io  0x15e0-0x15ef] has been reserved
[    0.342265] system 00:01: [io  0x1600-0x165f] could not be reserved
[    0.342358] system 00:01: [mem 0xf0000000-0xf3ffffff] has been reserved
[    0.342451] system 00:01: [mem 0xfed1c000-0xfed1ffff] has been reserved
[    0.342545] system 00:01: [mem 0xfed14000-0xfed17fff] has been reserved
[    0.342639] system 00:01: [mem 0xfed18000-0xfed18fff] has been reserved
[    0.342733] system 00:01: [mem 0xfed19000-0xfed19fff] has been reserved
[    0.342861] system 00:01: Plug and Play ACPI device, IDs PNP0c02 (active)
[    0.343291] pnp 00:02: Plug and Play ACPI device, IDs PNP0b00 (active)
[    0.343604] pnp 00:03: Plug and Play ACPI device, IDs PNP0303 (active)
[    0.343739] pnp 00:04: Plug and Play ACPI device, IDs IBM3780 PNP0f13 (active)
[    0.344213] pnp 00:05: [dma 3]
[    0.344414] pnp 00:05: Plug and Play ACPI device, IDs IBM0071 PNP0511 (active)
[    0.344843] pnp 00:06: Plug and Play ACPI device, IDs ATM1200 PNP0c31 (active)
[    0.347005] pnp: PnP ACPI: found 7 devices
[    0.393440] clocksource: acpi_pm: mask: 0xffffff max_cycles: 0xffffff, max_idle_ns: 2085701024 ns
[    0.393588] pci 0000:00:1c.0: bridge window [mem 0x00100000-0x000fffff 64bit pref] to [bus 02] add_size 200000 add_align 100000
[    0.393674] pci 0000:00:1c.0: BAR 9: assigned [mem 0xc0000000-0xc01fffff 64bit pref]
[    0.393772] pci 0000:00:1c.0: PCI bridge to [bus 02]
[    0.393855] pci 0000:00:1c.0:   bridge window [io  0x2000-0x2fff]
[    0.393946] pci 0000:00:1c.0:   bridge window [mem 0xee000000-0xee0fffff]
[    0.394039] pci 0000:00:1c.0:   bridge window [mem 0xc0000000-0xc01fffff 64bit pref]
[    0.394141] pci 0000:00:1c.1: PCI bridge to [bus 03]
[    0.394223] pci 0000:00:1c.1:   bridge window [io  0x3000-0x4fff]
[    0.394313] pci 0000:00:1c.1:   bridge window [mem 0xec000000-0xedffffff]
[    0.394405] pci 0000:00:1c.1:   bridge window [mem 0xe4000000-0xe40fffff 64bit pref]
[    0.394506] pci 0000:00:1c.2: PCI bridge to [bus 04-0b]
[    0.394589] pci 0000:00:1c.2:   bridge window [io  0x5000-0x6fff]
[    0.394679] pci 0000:00:1c.2:   bridge window [mem 0xe8000000-0xe9ffffff]
[    0.394772] pci 0000:00:1c.2:   bridge window [mem 0xe4100000-0xe41fffff 64bit pref]
[    0.394872] pci 0000:00:1c.3: PCI bridge to [bus 0c-13]
[    0.394955] pci 0000:00:1c.3:   bridge window [io  0x7000-0x8fff]
[    0.395046] pci 0000:00:1c.3:   bridge window [mem 0xea000000-0xebffffff]
[    0.395138] pci 0000:00:1c.3:   bridge window [mem 0xe4200000-0xe42fffff 64bit pref]
[    0.395250] pci 0000:15:00.0: BAR 9: assigned [mem 0xe0000000-0xe3ffffff pref]
[    0.395346] pci 0000:15:00.0: BAR 10: assigned [mem 0xc4000000-0xc7ffffff]
[    0.395436] pci 0000:15:00.0: BAR 7: assigned [io  0x9000-0x90ff]
[    0.395522] pci 0000:15:00.0: BAR 8: assigned [io  0x9400-0x94ff]
[    0.395616] pci 0000:15:00.0: CardBus bridge to [bus 16-17]
[    0.395699] pci 0000:15:00.0:   bridge window [io  0x9000-0x90ff]
[    0.395788] pci 0000:15:00.0:   bridge window [io  0x9400-0x94ff]
[    0.395877] pci 0000:15:00.0:   bridge window [mem 0xe0000000-0xe3ffffff pref]
[    0.395972] pci 0000:15:00.0:   bridge window [mem 0xc4000000-0xc7ffffff]
[    0.396064] pci 0000:00:1e.0: PCI bridge to [bus 15-18]
[    0.396147] pci 0000:00:1e.0:   bridge window [io  0x9000-0xcfff]
[    0.396238] pci 0000:00:1e.0:   bridge window [mem 0xe4300000-0xe7ffffff]
[    0.396332] pci 0000:00:1e.0:   bridge window [mem 0xe0000000-0xe3ffffff 64bit pref]
[    0.396433] pci_bus 0000:00: resource 4 [io  0x0000-0x0cf7 window]
[    0.396437] pci_bus 0000:00: resource 5 [io  0x0d00-0xffff window]
[    0.396441] pci_bus 0000:00: resource 6 [mem 0x000a0000-0x000bffff window]
[    0.396445] pci_bus 0000:00: resource 7 [mem 0x000d0000-0x000d3fff window]
[    0.396450] pci_bus 0000:00: resource 8 [mem 0x000d4000-0x000d7fff window]
[    0.396454] pci_bus 0000:00: resource 9 [mem 0x000d8000-0x000dbfff window]
[    0.396458] pci_bus 0000:00: resource 10 [mem 0xc0000000-0xfebfffff window]
[    0.396462] pci_bus 0000:00: resource 11 [mem 0xfed40000-0xfed40fff window]
[    0.396466] pci_bus 0000:02: resource 0 [io  0x2000-0x2fff]
[    0.396471] pci_bus 0000:02: resource 1 [mem 0xee000000-0xee0fffff]
[    0.396475] pci_bus 0000:02: resource 2 [mem 0xc0000000-0xc01fffff 64bit pref]
[    0.396479] pci_bus 0000:03: resource 0 [io  0x3000-0x4fff]
[    0.396483] pci_bus 0000:03: resource 1 [mem 0xec000000-0xedffffff]
[    0.396487] pci_bus 0000:03: resource 2 [mem 0xe4000000-0xe40fffff 64bit pref]
[    0.396491] pci_bus 0000:04: resource 0 [io  0x5000-0x6fff]
[    0.396495] pci_bus 0000:04: resource 1 [mem 0xe8000000-0xe9ffffff]
[    0.396500] pci_bus 0000:04: resource 2 [mem 0xe4100000-0xe41fffff 64bit pref]
[    0.396504] pci_bus 0000:0c: resource 0 [io  0x7000-0x8fff]
[    0.396508] pci_bus 0000:0c: resource 1 [mem 0xea000000-0xebffffff]
[    0.396512] pci_bus 0000:0c: resource 2 [mem 0xe4200000-0xe42fffff 64bit pref]
[    0.396516] pci_bus 0000:15: resource 0 [io  0x9000-0xcfff]
[    0.396520] pci_bus 0000:15: resource 1 [mem 0xe4300000-0xe7ffffff]
[    0.396524] pci_bus 0000:15: resource 2 [mem 0xe0000000-0xe3ffffff 64bit pref]
[    0.396528] pci_bus 0000:15: resource 4 [io  0x0000-0x0cf7 window]
[    0.396532] pci_bus 0000:15: resource 5 [io  0x0d00-0xffff window]
[    0.396537] pci_bus 0000:15: resource 6 [mem 0x000a0000-0x000bffff window]
[    0.396541] pci_bus 0000:15: resource 7 [mem 0x000d0000-0x000d3fff window]
[    0.396545] pci_bus 0000:15: resource 8 [mem 0x000d4000-0x000d7fff window]
[    0.396549] pci_bus 0000:15: resource 9 [mem 0x000d8000-0x000dbfff window]
[    0.396553] pci_bus 0000:15: resource 10 [mem 0xc0000000-0xfebfffff window]
[    0.396557] pci_bus 0000:15: resource 11 [mem 0xfed40000-0xfed40fff window]
[    0.396562] pci_bus 0000:16: resource 0 [io  0x9000-0x90ff]
[    0.396566] pci_bus 0000:16: resource 1 [io  0x9400-0x94ff]
[    0.396570] pci_bus 0000:16: resource 2 [mem 0xe0000000-0xe3ffffff pref]
[    0.396574] pci_bus 0000:16: resource 3 [mem 0xc4000000-0xc7ffffff]
[    0.397217] NET: Registered protocol family 2
[    0.397923] tcp_listen_portaddr_hash hash table entries: 512 (order: 2, 20480 bytes)
[    0.397923] TCP established hash table entries: 8192 (order: 3, 32768 bytes)
[    0.398040] TCP bind hash table entries: 8192 (order: 6, 294912 bytes)
[    0.398624] TCP: Hash tables configured (established 8192 bind 8192)
[    0.399036] UDP hash table entries: 512 (order: 3, 40960 bytes)
[    0.399194] UDP-Lite hash table entries: 512 (order: 3, 40960 bytes)
[    0.399538] NET: Registered protocol family 1
[    0.400296] net_namespace: Pernet operations sunrpc_net_ops are sync.
[    0.400304] RPC: Registered named UNIX socket transport module.
[    0.400391] RPC: Registered udp transport module.
[    0.400471] RPC: Registered tcp transport module.
[    0.400551] RPC: Registered tcp NFSv4.1 backchannel transport module.
[    0.401690] pci 0000:00:02.0: Video device with shadowed ROM at [mem 0x000c0000-0x000dffff]
[    0.405412] PCI: CLS mismatch (64 != 32), using 64 bytes
[    0.408451] Initialise system trusted keyrings
[    0.409744] workingset: timestamp_bits=30 max_order=20 bucket_order=0
[    0.411812] Installing knfsd (copyright (C) 1996 okir@monad.swb.de).
[    0.412298] ntfs: driver 2.1.32 [Flags: R/W].
[    0.412611] fuse init (API version 7.26)
[    0.416015] Key type asymmetric registered
[    0.416102] Asymmetric key parser 'x509' registered
[    0.416316] bounce: pool size: 64 pages
[    0.416500] Block layer SCSI generic (bsg) driver version 0.4 loaded (major 249)
[    0.416606] io scheduler noop registered
[    0.416681] io scheduler deadline registered
[    0.416795] io scheduler cfq registered (default)
[    0.416875] io scheduler mq-deadline registered
[    0.416986] io scheduler bfq registered
[    0.420217] intel_idle: does not run on family 6 model 14
[    0.420525] ACPI: Deprecated procfs I/F for AC is loaded, please retry with CONFIG_ACPI_PROCFS_POWER cleared
[    0.420561] ACPI: AC Adapter [AC] (on-line)
[    0.421408] input: Lid Switch as /devices/LNXSYSTM:00/LNXSYBUS:00/PNP0C0D:00/input/input0
[    0.421709] ACPI: Lid Switch [LID]
[    0.422011] input: Sleep Button as /devices/LNXSYSTM:00/LNXSYBUS:00/PNP0C0E:00/input/input1
[    0.422167] ACPI: Sleep Button [SLPB]
[    0.422421] input: Power Button as /devices/LNXSYSTM:00/LNXPWRBN:00/input/input2
[    0.422662] ACPI: Power Button [PWRF]
[    0.423201] ACPI: Video Device [VID] (multi-head: yes  rom: no  post: no)
[    0.431042] acpi device:01: registered as cooling_device0
[    0.431545] input: Video Bus as /devices/LNXSYSTM:00/LNXSYBUS:00/PNP0A08:00/LNXVIDEO:00/input/input3
[    0.433622] ACPI Error: No pointer back to namespace node in package ff70aeee (20180209/dsargs-337)
[    0.433755] ACPI Error: Method parse/execution failed \_PR.CPU0._TSS, AE_AML_INTERNAL (20180209/psparse-550)
[    0.433937] ACPI Error: AE_AML_INTERNAL, Evaluating _TSS (20180209/processor_throttling-520)
[    0.435854] ACPI Error: No pointer back to namespace node in package 4c67cc6b (20180209/dsargs-337)
[    0.436010] ACPI Error: Method parse/execution failed \_PR.CPU0._TSS, AE_AML_INTERNAL (20180209/psparse-550)
[    0.436188] ACPI Error: Method parse/execution failed \_PR.CPU1._TSS, AE_AML_INTERNAL (20180209/psparse-550)
[    0.436338] ACPI Error: AE_AML_INTERNAL, Evaluating _TSS (20180209/processor_throttling-520)
[    0.441522] thermal LNXTHERM:00: registered as thermal_zone0
[    0.441613] ACPI: Thermal Zone [THM0] (75 C)
[    0.445559] thermal LNXTHERM:01: registered as thermal_zone1
[    0.445649] ACPI: Thermal Zone [THM1] (76 C)
[    0.446383] Serial: 8250/16550 driver, 4 ports, IRQ sharing disabled
[    0.447499] serial8250: ttyS1 at I/O 0x2f8 (irq = 3, base_baud = 921600) is a NS16550A
[    0.449311] lp: driver loaded but no devices found
[    0.449732] Non-volatile memory driver v1.3
[    0.450136] intel_rng: FWH not detected
[    0.450330] Linux agpgart interface v0.103
[    0.451258] [drm] radeon kernel modesetting enabled.
[    0.453020] pci 0000:00:00.0: Intel 945GM Chipset
[    0.453133] pci 0000:00:00.0: detected gtt size: 262144K total, 262144K mappable
[    0.453803] pci 0000:00:00.0: detected 8192K stolen memory
[    0.454008] [drm] Replacing VGA console driver
[    0.455440] Console: switching to colour dummy device 80x25
[    0.456906] [drm] Supports vblank timestamp caching Rev 2 (21.10.2013).
[    0.456906] [drm] Driver supports precise vblank timestamp query.
[    0.456906] resource sanity check: requesting [mem 0x000c0000-0x000dffff], which spans more than pnp 00:00 [mem 0x000c8000-0x000cbfff]
[    0.456961] caller pci_map_rom+0x58/0xf0 mapping multiple BARs
[    0.458954] i915 0000:00:02.0: vgaarb: changed VGA decodes: olddecodes=io+mem,decodes=io+mem:owns=io+mem
[    0.469725] ACPI: Deprecated procfs I/F for battery is loaded, please retry with CONFIG_ACPI_PROCFS_POWER cleared
[    0.469809] ACPI: Battery Slot [BAT0] (battery present)
[    0.509753] [drm] RC6 disabled, disabling runtime PM support
[    0.509890] [drm] initialized overlay support
[    0.511723] [drm] Initialized i915 1.6.0 20180221 for 0000:00:02.0 on minor 0
[    0.512665] usbcore: registered new interface driver udl
[    0.525476] loop: module loaded
[    0.533001] fbcon: inteldrmfb (fb0) is primary device
[    0.547771] ahci 0000:00:1f.2: version 3.0
[    0.548559] ahci 0000:00:1f.2: AHCI 0001.0100 32 slots 4 ports 1.5 Gbps 0x1 impl SATA mode
[    0.548565] ahci 0000:00:1f.2: flags: 64bit ncq pm led clo pio slum part 
[    0.551202] scsi host0: ahci
[    0.551746] scsi host1: ahci
[    0.552230] scsi host2: ahci
[    0.552731] scsi host3: ahci
[    0.552983] ata1: SATA max UDMA/133 abar m1024@0xee444400 port 0xee444500 irq 16
[    0.552985] ata2: DUMMY
[    0.552987] ata3: DUMMY
[    0.552989] ata4: DUMMY
[    0.553176] ata_piix 0000:00:1f.1: version 2.13
[    0.556836] scsi host4: ata_piix
[    0.557357] scsi host5: ata_piix
[    0.557531] ata5: PATA max UDMA/100 cmd 0x1f0 ctl 0x3f6 bmdma 0x1810 irq 14
[    0.557531] ata6: PATA max UDMA/100 cmd 0x170 ctl 0x376 bmdma 0x1818 irq 15
[    0.557914] ata6: port disabled--ignoring
[    0.558225] tun: Universal TUN/TAP device driver, 1.6
[    0.559274] e1000: Intel(R) PRO/1000 Network Driver - version 7.3.21-k8-NAPI
[    0.559274] e1000: Copyright (c) 1999-2006 Intel Corporation.
[    0.559382] e1000e: Intel(R) PRO/1000 Network Driver - 3.2.6-k
[    0.559382] e1000e: Copyright(c) 1999 - 2015 Intel Corporation.
[    0.559490] e1000e 0000:02:00.0: Disabling ASPM  L1
[    0.559490] e1000e 0000:02:00.0: can't disable ASPM; OS doesn't have ASPM control
[    0.559818] e1000e 0000:02:00.0: Interrupt Throttling Rate (ints/sec) set to dynamic conservative mode
[    0.658667] e1000e 0000:02:00.0 eth0: (PCI Express:2.5GT/s:Width x1) 00:16:d3:25:19:04
[    0.658671] e1000e 0000:02:00.0 eth0: Intel(R) PRO/1000 Network Connection
[    0.658752] e1000e 0000:02:00.0 eth0: MAC: 2, PHY: 2, PBA No: 005302-003
[    0.658987] PPP generic driver version 2.4.2
[    0.659653] PPP BSD Compression module registered
[    0.659655] PPP Deflate Compression module registered
[    0.659658] SLIP: version 0.8.4-NET3.019-NEWTTY (dynamic channels, max=256).
[    0.659660] CSLIP: code copyright 1989 Regents of the University of California.
[    0.659742] iwl3945: Intel(R) PRO/Wireless 3945ABG/BG Network Connection driver for Linux, in-tree:ds
[    0.659743] iwl3945: Copyright(c) 2003-2011 Intel Corporation
[    0.659745] iwl3945: hw_scan is disabled
[    0.659961] iwl3945 0000:03:00.0: can't disable ASPM; OS doesn't have ASPM control
[    0.714307] iwl3945 0000:03:00.0: Tunable channels: 11 802.11bg, 13 802.11a channels
[    0.714311] iwl3945 0000:03:00.0: Detected Intel Wireless WiFi Link 3945ABG
[    0.715500] ieee80211 phy0: Selected rate control algorithm 'iwl-3945-rs'
[    0.716111] Intel(R) Wireless WiFi driver for Linux
[    0.716113] Copyright(c) 2003- 2015 Intel Corporation
[    0.716328] usbcore: registered new interface driver ax88179_178a
[    0.716371] usbcore: registered new interface driver cdc_ether
[    0.716414] usbcore: registered new interface driver net1080
[    0.716457] usbcore: registered new interface driver cdc_subset
[    0.716502] usbcore: registered new interface driver zaurus
[    0.716556] usbcore: registered new interface driver cdc_ncm
[    0.716640] pci 0000:00:1e.0: enabling device (0005 -> 0007)
[    0.716881] yenta_cardbus 0000:15:00.0: CardBus bridge found [17aa:201c]
[    0.771582] ata1: SATA link up 1.5 Gbps (SStatus 113 SControl 300)
[    0.879463] ata1.00: ACPI cmd ef/02:00:00:00:00:a0 (SET FEATURES) succeeded
[    0.879468] ata1.00: ACPI cmd f5/00:00:00:00:00:a0 (SECURITY FREEZE LOCK) filtered out
[    0.879472] ata1.00: ACPI cmd ef/10:03:00:00:00:a0 (SET FEATURES) filtered out
[    0.923393] ata1.00: ATA-9: ST1000LM014-1EJ164, SM11, max UDMA/133
[    0.923397] ata1.00: 1953525168 sectors, multi 16: LBA48 NCQ (depth 31/32), AA
[    0.923544] clocksource: timekeeping watchdog on CPU1: Marking clocksource 'tsc-early' as unstable because the skew is too large:
[    0.923547] clocksource:                       'hpet' wd_now: 10d34c7 wd_last: 9d597e mask: ffffffff
[    0.923550] clocksource:                       'tsc-early' cs_now: 58993216a cs_last: 55d6ce564 mask: ffffffffffffffff
[    0.923730] clocksource: Switched to clocksource hpet
[    0.967732] ata1.00: ACPI cmd ef/02:00:00:00:00:a0 (SET FEATURES) succeeded
[    0.967736] ata1.00: ACPI cmd f5/00:00:00:00:00:a0 (SECURITY FREEZE LOCK) filtered out
[    0.967741] ata1.00: ACPI cmd ef/10:03:00:00:00:a0 (SET FEATURES) filtered out
[    1.011857] ata1.00: configured for UDMA/133
[    1.110383] Console: switching to colour frame buffer device 102x42
[    1.254647] i915 0000:00:02.0: fb0: inteldrmfb frame buffer device
[    1.257969] scsi 0:0:0:0: Direct-Access     ATA      ST1000LM014-1EJ1 SM11 PQ: 0 ANSI: 5
[    1.261960] sd 0:0:0:0: [sda] 1953525168 512-byte logical blocks: (1.00 TB/932 GiB)
[    1.262138] sd 0:0:0:0: Attached scsi generic sg0 type 0
[    1.264827] sd 0:0:0:0: [sda] 4096-byte physical blocks
[    1.270468] sd 0:0:0:0: [sda] Write Protect is off
[    1.273168] sd 0:0:0:0: [sda] Mode Sense: 00 3a 00 00
[    1.273332] sd 0:0:0:0: [sda] Write cache: enabled, read cache: enabled, doesn't support DPO or FUA
[    1.278059]  sda: sda1 sda2 sda3 sda4
[    1.283587] sd 0:0:0:0: [sda] Attached SCSI disk
[    1.420931] yenta_cardbus 0000:15:00.0: ISA IRQ mask 0x0cb8, PCI irq 16
[    1.423645] yenta_cardbus 0000:15:00.0: Socket status: 30000006
[    1.426371] yenta_cardbus 0000:15:00.0: pcmcia: parent PCI bridge window: [io  0x9000-0xcfff]
[    1.429117] yenta_cardbus 0000:15:00.0: pcmcia: parent PCI bridge window: [mem 0xe4300000-0xe7ffffff]
[    1.431839] pcmcia_socket pcmcia_socket0: cs: memory probe 0xe4300000-0xe7ffffff:
[    1.434596]  excluding 0xe4300000-0xe46cffff
[    1.437438] yenta_cardbus 0000:15:00.0: pcmcia: parent PCI bridge window: [mem 0xe0000000-0xe3ffffff 64bit pref]
[    1.440439] pcmcia_socket pcmcia_socket0: cs: memory probe 0xe0000000-0xe3ffffff:
[    1.443536]  excluding 0xe0000000-0xe3ffffff
[    1.447649] ehci_hcd: USB 2.0 'Enhanced' Host Controller (EHCI) Driver
[    1.450826] ehci-pci: EHCI PCI platform driver
[    1.454516] ehci-pci 0000:00:1d.7: EHCI Host Controller
[    1.457969] ehci-pci 0000:00:1d.7: new USB bus registered, assigned bus number 1
[    1.461209] ehci-pci 0000:00:1d.7: debug port 1
[    1.468311] ehci-pci 0000:00:1d.7: cache line size of 64 is not supported
[    1.468363] ehci-pci 0000:00:1d.7: irq 19, io mem 0xee444000
[    1.484088] ehci-pci 0000:00:1d.7: USB 2.0 started, EHCI 1.00
[    1.487704] usb usb1: New USB device found, idVendor=1d6b, idProduct=0002
[    1.490824] usb usb1: New USB device strings: Mfr=3, Product=2, SerialNumber=1
[    1.493852] usb usb1: Product: EHCI Host Controller
[    1.496774] usb usb1: Manufacturer: Linux 4.16.0-rc3-next-20180302 ehci_hcd
[    1.499682] usb usb1: SerialNumber: 0000:00:1d.7
[    1.503285] hub 1-0:1.0: USB hub found
[    1.506184] hub 1-0:1.0: 8 ports detected
[    1.510959] ohci_hcd: USB 1.1 'Open' Host Controller (OHCI) Driver
[    1.513709] ohci-pci: OHCI PCI platform driver
[    1.516471] uhci_hcd: USB Universal Host Controller Interface driver
[    1.519711] uhci_hcd 0000:00:1d.0: UHCI Host Controller
[    1.522751] uhci_hcd 0000:00:1d.0: new USB bus registered, assigned bus number 2
[    1.525550] uhci_hcd 0000:00:1d.0: detected 2 ports
[    1.528263] uhci_hcd 0000:00:1d.0: irq 16, io base 0x00001820
[    1.531376] usb usb2: New USB device found, idVendor=1d6b, idProduct=0001
[    1.534077] usb usb2: New USB device strings: Mfr=3, Product=2, SerialNumber=1
[    1.536765] usb usb2: Product: UHCI Host Controller
[    1.539428] usb usb2: Manufacturer: Linux 4.16.0-rc3-next-20180302 uhci_hcd
[    1.542121] usb usb2: SerialNumber: 0000:00:1d.0
[    1.545337] hub 2-0:1.0: USB hub found
[    1.548000] hub 2-0:1.0: 2 ports detected
[    1.551719] uhci_hcd 0000:00:1d.1: UHCI Host Controller
[    1.554534] uhci_hcd 0000:00:1d.1: new USB bus registered, assigned bus number 3
[    1.557153] uhci_hcd 0000:00:1d.1: detected 2 ports
[    1.559719] uhci_hcd 0000:00:1d.1: irq 17, io base 0x00001840
[    1.562681] usb usb3: New USB device found, idVendor=1d6b, idProduct=0001
[    1.565234] usb usb3: New USB device strings: Mfr=3, Product=2, SerialNumber=1
[    1.567655] usb usb3: Product: UHCI Host Controller
[    1.569983] usb usb3: Manufacturer: Linux 4.16.0-rc3-next-20180302 uhci_hcd
[    1.572331] usb usb3: SerialNumber: 0000:00:1d.1
[    1.575248] hub 3-0:1.0: USB hub found
[    1.577610] hub 3-0:1.0: 2 ports detected
[    1.581081] uhci_hcd 0000:00:1d.2: UHCI Host Controller
[    1.583576] uhci_hcd 0000:00:1d.2: new USB bus registered, assigned bus number 4
[    1.585885] uhci_hcd 0000:00:1d.2: detected 2 ports
[    1.588212] uhci_hcd 0000:00:1d.2: irq 18, io base 0x00001860
[    1.590908] usb usb4: New USB device found, idVendor=1d6b, idProduct=0001
[    1.593228] usb usb4: New USB device strings: Mfr=3, Product=2, SerialNumber=1
[    1.595526] usb usb4: Product: UHCI Host Controller
[    1.597790] usb usb4: Manufacturer: Linux 4.16.0-rc3-next-20180302 uhci_hcd
[    1.600095] usb usb4: SerialNumber: 0000:00:1d.2
[    1.602982] hub 4-0:1.0: USB hub found
[    1.605350] hub 4-0:1.0: 2 ports detected
[    1.608813] uhci_hcd 0000:00:1d.3: UHCI Host Controller
[    1.611309] uhci_hcd 0000:00:1d.3: new USB bus registered, assigned bus number 5
[    1.613695] uhci_hcd 0000:00:1d.3: detected 2 ports
[    1.615952] uhci_hcd 0000:00:1d.3: irq 19, io base 0x00001880
[    1.618606] usb usb5: New USB device found, idVendor=1d6b, idProduct=0001
[    1.620886] usb usb5: New USB device strings: Mfr=3, Product=2, SerialNumber=1
[    1.623126] usb usb5: Product: UHCI Host Controller
[    1.625370] usb usb5: Manufacturer: Linux 4.16.0-rc3-next-20180302 uhci_hcd
[    1.627635] usb usb5: SerialNumber: 0000:00:1d.3
[    1.630504] hub 5-0:1.0: USB hub found
[    1.632845] hub 5-0:1.0: 2 ports detected
[    1.635953] usbcore: registered new interface driver cdc_acm
[    1.638132] cdc_acm: USB Abstract Control Model driver for USB modems and ISDN adapters
[    1.640460] usbcore: registered new interface driver usblp
[    1.642801] usbcore: registered new interface driver usb-storage
[    1.645083] usbcore: registered new interface driver ums-sddr09
[    1.647405] usbcore: registered new interface driver usbserial_generic
[    1.649637] usbserial: USB Serial support registered for generic
[    1.651869] usbcore: registered new interface driver ch341
[    1.654079] usbserial: USB Serial support registered for ch341-uart
[    1.656345] usbcore: registered new interface driver ftdi_sio
[    1.658550] usbserial: USB Serial support registered for FTDI USB Serial Device
[    1.660896] usbcore: registered new interface driver option
[    1.663139] usbserial: USB Serial support registered for GSM modem (1-port)
[    1.665558] usbcore: registered new interface driver pl2303
[    1.667887] usbserial: USB Serial support registered for pl2303
[    1.670576] usbcore: registered new interface driver ti_usb_3410_5052
[    1.672962] usbserial: USB Serial support registered for TI USB 3410 1 port adapter
[    1.675381] usbserial: USB Serial support registered for TI USB 5052 2 port adapter
[    1.677757] ftdi_elan: driver ftdi-elan
[    1.680121] usbcore: registered new interface driver ftdi-elan
[    1.682656] i8042: PNP: PS/2 Controller [PNP0303:KBD,PNP0f13:MOU] at 0x60,0x64 irq 1,12
[    1.695925] serio: i8042 KBD port at 0x60,0x64 irq 1
[    1.698375] serio: i8042 AUX port at 0x60,0x64 irq 12
[    1.701616] mousedev: PS/2 mouse device common for all mice
[    1.705168] input: PC Speaker as /devices/platform/pcspkr/input/input4
[    1.708217] rtc_cmos 00:02: RTC can wake from S4
[    1.711129] rtc_cmos 00:02: registered as rtc0
[    1.713705] rtc_cmos 00:02: alarms up to one month, y3k, 114 bytes nvram, hpet irqs
[    1.716353] usbcore: registered new interface driver uvcvideo
[    1.718820] USB Video Class driver (1.1.1)
[    1.721256] gspca_main: v2.14.0 registered
[    1.723723] usbcore: registered new interface driver sq930x
[    1.727522] device-mapper: ioctl: 4.37.0-ioctl (2017-09-20) initialised: dm-devel@redhat.com
[    1.727711] input: AT Translated Set 2 keyboard as /devices/platform/i8042/serio0/input/input5
[    1.730075] Bluetooth: HCI UART driver ver 2.3
[    1.730079] Bluetooth: HCI UART protocol H4 registered
[    1.730081] Bluetooth: HCI UART protocol BCSP registered
[    1.730228] usbcore: registered new interface driver btusb
[    1.742992] sdhci: Secure Digital Host Controller Interface driver
[    1.745472] sdhci: Copyright(c) Pierre Ossman
[    1.748034] sdhci-pci 0000:15:00.2: SDHCI controller found [1180:0822] (rev 18)
[    1.750980] sdhci-pci 0000:15:00.2: Will use DMA mode even though HW doesn't fully claim to support it.
[    1.754208] mmc0 bounce up to 128 segments into one, max segment size 65536 bytes
[    1.756977] sdhci-pci 0000:15:00.2: Will use DMA mode even though HW doesn't fully claim to support it.
[    1.760344] mmc0: SDHCI controller on PCI [0000:15:00.2] using DMA
[    1.763375] hidraw: raw HID events driver (C) Jiri Kosina
[    1.767538] usbcore: registered new interface driver usbhid
[    1.770355] usbhid: USB HID core driver
[    1.774286] thinkpad_acpi: ThinkPad ACPI Extras v0.26
[    1.777021] thinkpad_acpi: http://ibm-acpi.sf.net/
[    1.779678] thinkpad_acpi: ThinkPad BIOS 7BETD8WW (2.19 ), EC 7BHT40WW-1.13
[    1.782417] thinkpad_acpi: Lenovo ThinkPad X60, model 17097HU
[    1.790517] thinkpad_acpi: ACPI backlight control delay disabled
[    1.793486] thinkpad_acpi: radio switch found; radios are enabled
[    1.796257] thinkpad_acpi: This ThinkPad has standard ACPI backlight brightness control, supported by the ACPI video driver
[    1.801819] thinkpad_acpi: Disabling thinkpad-acpi brightness events by default...
[    1.815629] thinkpad_acpi: rfkill switch tpacpi_bluetooth_sw: radio is unblocked
[    1.821138] thinkpad_acpi: warning: userspace override of important firmware LEDs is enabled
[    1.827616] thinkpad_acpi: Standard ACPI backlight interface available, not loading native one
[    1.830744] thinkpad_acpi: volume: disabled as there is no ALSA support in this kernel
[    1.834021] thinkpad_acpi: battery 1 registered (start 0, stop 0)
[    1.834036] battery: new extension: ThinkPad Battery Extension
[    1.840040] input: ThinkPad Extra Buttons as /devices/platform/thinkpad_acpi/input/input8
[    1.848152] snd_hda_intel 0000:00:1b.0: probe_mask set to 0x1 for device 17aa:2010
[    1.851409] usbcore: registered new interface driver snd-usb-audio
[    1.856176] NET: Registered protocol family 17
[    1.859295] Bluetooth: RFCOMM TTY layer initialized
[    1.862328] Bluetooth: RFCOMM socket layer initialized
[    1.865256] Bluetooth: RFCOMM ver 1.11
[    1.868088] Bluetooth: BNEP (Ethernet Emulation) ver 1.3
[    1.870857] Bluetooth: BNEP filters: protocol multicast
[    1.873648] Bluetooth: BNEP socket layer initialized
[    1.876476] Bluetooth: HIDP (Human Interface Emulation) ver 1.2
[    1.879310] Bluetooth: HIDP socket layer initialized
[    1.882632] microcode: sig=0x6e8, pf=0x20, revision=0x39
[    1.886013] microcode: Microcode Update Driver: v2.2.
[    1.886020] Using IPI No-Shortcut mode
[    1.893263] Loading compiled-in X.509 certificates
[    1.896071] sdhci-pci 0000:15:00.2: Will use DMA mode even though HW doesn't fully claim to support it.
[    1.896888] Key type encrypted registered
[    1.903076] rtc_cmos 00:02: setting system clock to 2018-03-02 10:09:29 UTC (1519985369)
[    1.907340] snd_hda_codec_analog hdaudioC0D0: autoconfig for AD1981: line_outs=1 (0x5/0x0/0x0/0x0/0x0) type:speaker
[    1.913327] snd_hda_codec_analog hdaudioC0D0:    speaker_outs=0 (0x0/0x0/0x0/0x0/0x0)
[    1.916293] snd_hda_codec_analog hdaudioC0D0:    hp_outs=0 (0x0/0x0/0x0/0x0/0x0)
[    1.917525] cfg80211: Loading compiled-in X.509 certificates for regulatory database
[    1.919243] snd_hda_codec_analog hdaudioC0D0:    mono: mono_out=0x0
[    1.924744] cfg80211: Loaded X.509 cert 'sforshee: 00b28ddf47aef9cea7'
[    1.925220] snd_hda_codec_analog hdaudioC0D0:    inputs:
[    1.928681] platform regulatory.0: Direct firmware load for regulatory.db failed with error -2
[    1.931290] snd_hda_codec_analog hdaudioC0D0:      Mic=0x8
[    1.934314] cfg80211: failed to load regulatory.db
[    1.937273] snd_hda_codec_analog hdaudioC0D0:      CD=0x19
[    1.943324] PM: Image not found (code -22)
[    1.943373] ALSA device list:
[    1.946240]   No soundcards found.
[    1.969520] sdhci-pci 0000:15:00.2: Will use DMA mode even though HW doesn't fully claim to support it.
[    2.032648] sdhci-pci 0000:15:00.2: Will use DMA mode even though HW doesn't fully claim to support it.
[    2.097730] sdhci-pci 0000:15:00.2: Will use DMA mode even though HW doesn't fully claim to support it.
[    2.108079] usb 5-1: new full-speed USB device number 2 using uhci_hcd
[    2.298146] usb 5-1: New USB device found, idVendor=0a5c, idProduct=2110
[    2.302964] usb 5-1: New USB device strings: Mfr=1, Product=2, SerialNumber=0
[    2.307718] usb 5-1: Product: BCM2045B
[    2.312345] usb 5-1: Manufacturer: Broadcom Corp
[    2.395667] psmouse serio1: trackpoint: IBM TrackPoint firmware: 0x0e, buttons: 3/3
[    2.419043] input: TPPS/2 IBM TrackPoint as /devices/platform/i8042/serio1/input/input7
[    2.429150] md: Waiting for all devices to be available before autodetect
[    2.432926] md: If you don't use raid, use raid=noautodetect
[    2.437653] md: Autodetecting RAID arrays.
[    2.440569] md: autorun ...
[    2.443380] md: ... autorun DONE.
[    2.446912] EXT4-fs (sda4): couldn't mount as ext3 due to feature incompatibilities
[    2.461683] EXT4-fs (sda4): mounted filesystem with ordered data mode. Opts: (null)
[    2.464713] VFS: Mounted root (ext4 filesystem) readonly on device 8:4.
[    2.468234] devtmpfs: mounted
[    2.472782] Freeing unused kernel memory: 592K
[    2.475872] Write protecting the kernel text: 12016k
[    2.478744] Write protecting the kernel read-only data: 4740k
[    2.481474] NX-protecting the kernel data: 6416k
[    2.484590] x86/mm: Checked W+X mappings: passed, no W+X pages found.
[    2.487200] rodata_test: all tests were successful
[    2.936484] systemd[1]: systemd 215 running in system mode. (+PAM +AUDIT +SELINUX +IMA +SYSVINIT +LIBCRYPTSETUP +GCRYPT +ACL +XZ -SECCOMP -APPARMOR)
[    2.964376] systemd[1]: Detected architecture 'x86'.
[    3.116136] systemd[1]: Failed to insert module 'ipv6'
[    3.133175] systemd[1]: Set hostname to <amd>.
[    3.160082] usb 5-2: new full-speed USB device number 3 using uhci_hcd
[    3.361128] usb 5-2: New USB device found, idVendor=0483, idProduct=2016
[    3.364630] usb 5-2: New USB device strings: Mfr=1, Product=2, SerialNumber=0
[    3.368108] usb 5-2: Product: Biometric Coprocessor
[    3.371489] usb 5-2: Manufacturer: STMicroelectronics
[    4.014937] systemd[1]: Binding to IPv6 address not available since kernel does not support IPv6.
[    4.019802] systemd[1]: [/lib/systemd/system/gpsd.socket:6] Failed to parse address value, ignoring: [::1]:2947
[    4.041490] systemd[1]: Starting Forward Password Requests to Wall Directory Watch.
[    4.045895] systemd[1]: Started Forward Password Requests to Wall Directory Watch.
[    4.049591] systemd[1]: Starting Remote File Systems (Pre).
[    4.059741] systemd[1]: Reached target Remote File Systems (Pre).
[    4.939726] systemd-udevd[2317]: starting version 215
[    4.942526] random: crng init done
[    6.080275] EXT4-fs (sda4): re-mounted. Opts: errors=remount-ro
[    6.391223] e1000e 0000:02:00.0 eth1: renamed from eth0
[    6.414968] systemd-udevd[2394]: renamed network interface eth0 to eth1
[    8.194446] Adding 2097148k swap on /dev/sda1.  Priority:-2 extents:1 across:2097148k 
[    8.401537] EXT4-fs (sda2): mounted filesystem with ordered data mode. Opts: errors=remount-ro
[    8.527984] systemd-journald[1829]: Received request to flush runtime journal from PID 1
[   13.957378] NFSD: Using /var/lib/nfs/v4recovery as the NFSv4 state recovery directory
[   13.959816] NFSD: starting 90-second grace period (net f0000098)
[   17.472236] iwl3945 0000:03:00.0: loaded firmware version 15.32.2.9
[   21.860494] wlan0: authenticate with 00:00:00:00:00:01
[   21.862571] wlan0: send auth to 00:00:00:00:00:01 (try 1/3)
[   21.864603] wlan0: authenticated
[   21.868250] wlan0: associate with 00:00:00:00:00:01 (try 1/3)
[   21.871009] wlan0: RX AssocResp from 00:00:00:00:00:01 (capab=0x401 status=0 aid=4)
[   21.873060] wlan0: associated
