[    0.000000] Linux version 5.3.0-rc2+ (pavel@duo) (gcc version 4.9.2 (Debian 4.9.2-10+deb8u2)) #54 SMP PREEMPT Wed Jul 31 18:49:37 CEST 2019
[    0.000000] Command line: BOOT_IMAGE=(hd1,2)/l/k/o/64/arch/x86/boot/bzImage root=/dev/sdb4 resume=/dev/sda1
[    0.000000] Disabled fast string operations
[    0.000000] x86/fpu: Supporting XSAVE feature 0x001: 'x87 floating point registers'
[    0.000000] x86/fpu: Supporting XSAVE feature 0x002: 'SSE registers'
[    0.000000] x86/fpu: Supporting XSAVE feature 0x004: 'AVX registers'
[    0.000000] x86/fpu: xstate_offset[2]:  576, xstate_sizes[2]:  256
[    0.000000] x86/fpu: Enabled xstate features 0x7, context size is 832 bytes, using 'standard' format.
[    0.000000] BIOS-provided physical RAM map:
[    0.000000] BIOS-e820: [mem 0x0000000000000000-0x000000000009d7ff] usable
[    0.000000] BIOS-e820: [mem 0x000000000009d800-0x000000000009ffff] reserved
[    0.000000] BIOS-e820: [mem 0x00000000000e0000-0x00000000000fffff] reserved
[    0.000000] BIOS-e820: [mem 0x0000000000100000-0x000000001fffffff] usable
[    0.000000] BIOS-e820: [mem 0x0000000020000000-0x00000000201fffff] reserved
[    0.000000] BIOS-e820: [mem 0x0000000020200000-0x000000003fffffff] usable
[    0.000000] BIOS-e820: [mem 0x0000000040000000-0x00000000401fffff] reserved
[    0.000000] BIOS-e820: [mem 0x0000000040200000-0x00000000da99efff] usable
[    0.000000] BIOS-e820: [mem 0x00000000da99f000-0x00000000dae9efff] reserved
[    0.000000] BIOS-e820: [mem 0x00000000dae9f000-0x00000000daf9efff] ACPI NVS
[    0.000000] BIOS-e820: [mem 0x00000000daf9f000-0x00000000daffefff] ACPI data
[    0.000000] BIOS-e820: [mem 0x00000000dafff000-0x00000000daffffff] usable
[    0.000000] BIOS-e820: [mem 0x00000000db000000-0x00000000df9fffff] reserved
[    0.000000] BIOS-e820: [mem 0x00000000f8000000-0x00000000fbffffff] reserved
[    0.000000] BIOS-e820: [mem 0x00000000fec00000-0x00000000fec00fff] reserved
[    0.000000] BIOS-e820: [mem 0x00000000fed08000-0x00000000fed08fff] reserved
[    0.000000] BIOS-e820: [mem 0x00000000fed10000-0x00000000fed19fff] reserved
[    0.000000] BIOS-e820: [mem 0x00000000fed1c000-0x00000000fed1ffff] reserved
[    0.000000] BIOS-e820: [mem 0x00000000fee00000-0x00000000fee00fff] reserved
[    0.000000] BIOS-e820: [mem 0x00000000ffd20000-0x00000000ffffffff] reserved
[    0.000000] BIOS-e820: [mem 0x0000000100000000-0x000000019e5fffff] usable
[    0.000000] BIOS-e820: [mem 0x000000019e600000-0x000000019e7fffff] reserved
[    0.000000] NX (Execute Disable) protection: active
[    0.000000] SMBIOS 2.6 present.
[    0.000000] DMI: LENOVO 42872WU/42872WU, BIOS 8DET74WW (1.44 ) 03/13/2018
[    0.000000] tsc: Fast TSC calibration using PIT
[    0.000000] tsc: Detected 2491.712 MHz processor
[    0.001588] e820: update [mem 0x00000000-0x00000fff] usable ==> reserved
[    0.001591] e820: remove [mem 0x000a0000-0x000fffff] usable
[    0.001599] last_pfn = 0x19e600 max_arch_pfn = 0x400000000
[    0.001604] MTRR default type: uncachable
[    0.001605] MTRR fixed ranges enabled:
[    0.001607]   00000-9FFFF write-back
[    0.001609]   A0000-BFFFF uncachable
[    0.001610]   C0000-FFFFF write-protect
[    0.001611] MTRR variable ranges enabled:
[    0.001614]   0 base 0FFC00000 mask FFFC00000 write-protect
[    0.001615]   1 base 000000000 mask F80000000 write-back
[    0.001617]   2 base 080000000 mask FC0000000 write-back
[    0.001618]   3 base 0C0000000 mask FE0000000 write-back
[    0.001619]   4 base 0DC000000 mask FFC000000 uncachable
[    0.001621]   5 base 0DB000000 mask FFF000000 uncachable
[    0.001622]   6 base 100000000 mask F80000000 write-back
[    0.001624]   7 base 180000000 mask FE0000000 write-back
[    0.001625]   8 base 19F000000 mask FFF000000 uncachable
[    0.001627]   9 base 19E800000 mask FFF800000 uncachable
[    0.002411] x86/PAT: Configuration [0-7]: WB  WC  UC- UC  WB  WP  UC- WT  
[    0.003792] last_pfn = 0xdb000 max_arch_pfn = 0x400000000
[    0.003812] reserving inaccessible SNB gfx pages
[    0.003818] BRK [0x06001000, 0x06001fff] PGTABLE
[    0.003821] BRK [0x06002000, 0x06002fff] PGTABLE
[    0.003822] BRK [0x06003000, 0x06003fff] PGTABLE
[    0.003884] BRK [0x06004000, 0x06004fff] PGTABLE
[    0.004038] BRK [0x06005000, 0x06005fff] PGTABLE
[    0.004307] BRK [0x06006000, 0x06006fff] PGTABLE
[    0.004806] ACPI: Early table checksum verification disabled
[    0.004813] ACPI: RSDP 0x00000000000F00E0 000024 (v02 LENOVO)
[    0.004818] ACPI: XSDT 0x00000000DAFFE120 0000AC (v01 LENOVO TP-8D    00001440 PTEC 00000002)
[    0.004825] ACPI: FACP 0x00000000DAFE7000 0000F4 (v04 LENOVO TP-8D    00001440 PTL  00000002)
[    0.004832] ACPI: DSDT 0x00000000DAFEA000 00FA89 (v01 LENOVO TP-8D    00001440 INTL 20061109)
[    0.004837] ACPI: FACS 0x00000000DAF2D000 000040
[    0.004841] ACPI: FACS 0x00000000DAF2D000 000040
[    0.004845] ACPI: SLIC 0x00000000DAFFD000 000176 (v01 LENOVO TP-8D    00001440 PTEC 00000001)
[    0.004849] ACPI: SSDT 0x00000000DAFFC000 000249 (v01 LENOVO TP-SSDT2 00000200 INTL 20061109)
[    0.004853] ACPI: SSDT 0x00000000DAFFB000 000033 (v01 LENOVO TP-SSDT1 00000100 INTL 20061109)
[    0.004857] ACPI: SSDT 0x00000000DAFFA000 0007D1 (v01 LENOVO SataAhci 00001000 INTL 20061109)
[    0.004862] ACPI: HPET 0x00000000DAFE6000 000038 (v01 LENOVO TP-8D    00001440 PTL  00000002)
[    0.004866] ACPI: APIC 0x00000000DAFE5000 000098 (v01 LENOVO TP-8D    00001440 PTL  00000002)
[    0.004870] ACPI: MCFG 0x00000000DAFE4000 00003C (v01 LENOVO TP-8D    00001440 PTL  00000002)
[    0.004874] ACPI: ECDT 0x00000000DAFE3000 000052 (v01 LENOVO TP-8D    00001440 PTL  00000002)
[    0.004878] ACPI: ASF! 0x00000000DAFE9000 0000A5 (v32 LENOVO TP-8D    00001440 PTL  00000002)
[    0.004882] ACPI: TCPA 0x00000000DAFE2000 000032 (v02 PTL    LENOVO   06040000 LNVO 00000001)
[    0.004887] ACPI: SSDT 0x00000000DAFE1000 000A27 (v01 PmRef  Cpu0Ist  00003000 INTL 20061109)
[    0.004891] ACPI: SSDT 0x00000000DAFE0000 000996 (v01 PmRef  CpuPm    00003000 INTL 20061109)
[    0.004895] ACPI: DMAR 0x00000000DAFDF000 0000E8 (v01 INTEL  SNB      00000001 INTL 00000001)
[    0.004900] ACPI: UEFI 0x00000000DAFDE000 00003E (v01 LENOVO TP-8D    00001440 PTL  00000002)
[    0.004904] ACPI: UEFI 0x00000000DAFDD000 000042 (v01 PTL    COMBUF   00000001 PTL  00000001)
[    0.004908] ACPI: UEFI 0x00000000DAFDC000 000292 (v01 LENOVO TP-8D    00001440 PTL  00000002)
[    0.004916] ACPI: Local APIC address 0xfee00000
[    0.004962] Zone ranges:
[    0.004964]   DMA      [mem 0x0000000000001000-0x0000000000ffffff]
[    0.004967]   DMA32    [mem 0x0000000001000000-0x00000000ffffffff]
[    0.004969]   Normal   [mem 0x0000000100000000-0x000000019e5fffff]
[    0.004971] Movable zone start for each node
[    0.004973] Early memory node ranges
[    0.004975]   node   0: [mem 0x0000000000001000-0x000000000009cfff]
[    0.004978]   node   0: [mem 0x0000000000100000-0x000000001fffffff]
[    0.004980]   node   0: [mem 0x0000000020200000-0x000000003fffffff]
[    0.004982]   node   0: [mem 0x0000000040200000-0x00000000da99efff]
[    0.004984]   node   0: [mem 0x00000000dafff000-0x00000000daffffff]
[    0.004986]   node   0: [mem 0x0000000100000000-0x000000019e5fffff]
[    0.005192] Zeroed struct page in unavailable ranges: 23236 pages
[    0.005194] Initmem setup node 0 [mem 0x0000000000001000-0x000000019e5fffff]
[    0.005198] On node 0 totalpages: 1542972
[    0.005200]   DMA zone: 56 pages used for memmap
[    0.005201]   DMA zone: 156 pages reserved
[    0.005202]   DMA zone: 3996 pages, LIFO batch:0
[    0.005242]   DMA32 zone: 12172 pages used for memmap
[    0.005243]   DMA32 zone: 890272 pages, LIFO batch:63
[    0.013999]   Normal zone: 8869 pages used for memmap
[    0.014002]   Normal zone: 648704 pages, LIFO batch:63
[    0.019950] Reserving Intel graphics memory at [mem 0xdba00000-0xdf9fffff]
[    0.020078] ACPI: PM-Timer IO Port: 0x408
[    0.020082] ACPI: Local APIC address 0xfee00000
[    0.020089] ACPI: LAPIC_NMI (acpi_id[0x00] high edge lint[0x1])
[    0.020091] ACPI: LAPIC_NMI (acpi_id[0x01] high edge lint[0x1])
[    0.020108] IOAPIC[0]: apic_id 2, version 32, address 0xfec00000, GSI 0-23
[    0.020111] ACPI: INT_SRC_OVR (bus 0 bus_irq 0 global_irq 2 dfl dfl)
[    0.020114] ACPI: INT_SRC_OVR (bus 0 bus_irq 9 global_irq 9 high level)
[    0.020117] ACPI: IRQ0 used by override.
[    0.020120] ACPI: IRQ9 used by override.
[    0.020123] Using ACPI (MADT) for SMP configuration information
[    0.020126] ACPI: HPET id: 0x8086a301 base: 0xfed00000
[    0.020131] smpboot: Allowing 8 CPUs, 4 hotplug CPUs
[    0.020160] PM: Registered nosave memory: [mem 0x00000000-0x00000fff]
[    0.020163] PM: Registered nosave memory: [mem 0x0009d000-0x0009dfff]
[    0.020165] PM: Registered nosave memory: [mem 0x0009e000-0x0009ffff]
[    0.020167] PM: Registered nosave memory: [mem 0x000a0000-0x000dffff]
[    0.020168] PM: Registered nosave memory: [mem 0x000e0000-0x000fffff]
[    0.020171] PM: Registered nosave memory: [mem 0x20000000-0x201fffff]
[    0.020174] PM: Registered nosave memory: [mem 0x40000000-0x401fffff]
[    0.020177] PM: Registered nosave memory: [mem 0xda99f000-0xdae9efff]
[    0.020179] PM: Registered nosave memory: [mem 0xdae9f000-0xdaf9efff]
[    0.020181] PM: Registered nosave memory: [mem 0xdaf9f000-0xdaffefff]
[    0.020184] PM: Registered nosave memory: [mem 0xdb000000-0xdf9fffff]
[    0.020186] PM: Registered nosave memory: [mem 0xdfa00000-0xf7ffffff]
[    0.020187] PM: Registered nosave memory: [mem 0xf8000000-0xfbffffff]
[    0.020189] PM: Registered nosave memory: [mem 0xfc000000-0xfebfffff]
[    0.020191] PM: Registered nosave memory: [mem 0xfec00000-0xfec00fff]
[    0.020193] PM: Registered nosave memory: [mem 0xfec01000-0xfed07fff]
[    0.020195] PM: Registered nosave memory: [mem 0xfed08000-0xfed08fff]
[    0.020197] PM: Registered nosave memory: [mem 0xfed09000-0xfed0ffff]
[    0.020198] PM: Registered nosave memory: [mem 0xfed10000-0xfed19fff]
[    0.020200] PM: Registered nosave memory: [mem 0xfed1a000-0xfed1bfff]
[    0.020202] PM: Registered nosave memory: [mem 0xfed1c000-0xfed1ffff]
[    0.020204] PM: Registered nosave memory: [mem 0xfed20000-0xfedfffff]
[    0.020206] PM: Registered nosave memory: [mem 0xfee00000-0xfee00fff]
[    0.020208] PM: Registered nosave memory: [mem 0xfee01000-0xffd1ffff]
[    0.020209] PM: Registered nosave memory: [mem 0xffd20000-0xffffffff]
[    0.020214] [mem 0xdfa00000-0xf7ffffff] available for PCI devices
[    0.020217] clocksource: refined-jiffies: mask: 0xffffffff max_cycles: 0xffffffff, max_idle_ns: 7645519600211568 ns
[    0.020227] setup_percpu: NR_CPUS:8 nr_cpumask_bits:8 nr_cpu_ids:8 nr_node_ids:1
[    0.022004] percpu: Embedded 60 pages/cpu s207624 r8192 d29944 u262144
[    0.022014] pcpu-alloc: s207624 r8192 d29944 u262144 alloc=1*2097152
[    0.022016] pcpu-alloc: [0] 0 1 2 3 4 5 6 7 
[    0.022042] Built 1 zonelists, mobility grouping on.  Total pages: 1521719
[    0.022047] Kernel command line: BOOT_IMAGE=(hd1,2)/l/k/o/64/arch/x86/boot/bzImage root=/dev/sdb4 resume=/dev/sda1
[    0.025917] Dentry cache hash table entries: 1048576 (order: 11, 8388608 bytes, linear)
[    0.027822] Inode-cache hash table entries: 524288 (order: 10, 4194304 bytes, linear)
[    0.027913] mem auto-init: stack:off, heap alloc:off, heap free:off
[    0.291804] Memory: 5970128K/6171888K available (16388K kernel code, 1141K rwdata, 5336K rodata, 1088K init, 5776K bss, 201760K reserved, 0K cma-reserved)
[    0.291827] random: get_random_u32 called from cache_alloc_refill+0x7b4/0xcb0 with crng_init=0
[    0.292469] Kernel/User page tables isolation: enabled
[    0.292645] rcu: Preemptible hierarchical RCU implementation.
[    0.292647] 	Tasks RCU enabled.
[    0.292650] rcu: RCU calculated value of scheduler-enlistment delay is 25 jiffies.
[    0.292681] NR_IRQS: 4352, nr_irqs: 104, preallocated irqs: 16
[    0.294676] Console: colour VGA+ 80x25
[    0.303436] printk: console [tty0] enabled
[    0.303495] Lock dependency validator: Copyright (c) 2006 Red Hat, Inc., Ingo Molnar
[    0.303567] ... MAX_LOCKDEP_SUBCLASSES:  8
[    0.303626] ... MAX_LOCK_DEPTH:          48
[    0.303685] ... MAX_LOCKDEP_KEYS:        8192
[    0.303745] ... CLASSHASH_SIZE:          4096
[    0.303804] ... MAX_LOCKDEP_ENTRIES:     32768
[    0.303864] ... MAX_LOCKDEP_CHAINS:      65536
[    0.303924] ... CHAINHASH_SIZE:          32768
[    0.303985]  memory used by lock dependency info: 3509 kB
[    0.304048]  per task-struct memory footprint: 1920 bytes
[    0.304118] ACPI: Core revision 20190703
[    0.304455] clocksource: hpet: mask: 0xffffffff max_cycles: 0xffffffff, max_idle_ns: 133484882848 ns
[    0.304563] APIC: Switch to symmetric I/O mode setup
[    0.305072] ..TIMER: vector=0x30 apic1=0 pin1=2 apic2=-1 pin2=-1
[    0.324565] clocksource: tsc-early: mask: 0xffffffffffffffff max_cycles: 0x23eaa4aef97, max_idle_ns: 440795318757 ns
[    0.324662] Calibrating delay loop (skipped), value calculated using timer frequency.. 4983.42 BogoMIPS (lpj=9966848)
[    0.324758] pid_max: default: 32768 minimum: 301
[    0.324973] Mount-cache hash table entries: 16384 (order: 5, 131072 bytes, linear)
[    0.325062] Mountpoint-cache hash table entries: 16384 (order: 5, 131072 bytes, linear)
[    0.325489] *** VALIDATE proc ***
[    0.325602] *** VALIDATE cgroup1 ***
[    0.325661] *** VALIDATE cgroup2 ***
[    0.325751] Disabled fast string operations
[    0.325822] process: using mwait in idle threads
[    0.325885] Last level iTLB entries: 4KB 512, 2MB 8, 4MB 8
[    0.325950] Last level dTLB entries: 4KB 512, 2MB 32, 4MB 32, 1GB 0
[    0.326019] Spectre V2 : Mitigation: Full generic retpoline
[    0.326083] Spectre V2 : Spectre v2 / SpectreRSB mitigation: Filling RSB on context switch
[    0.326158] Spectre V2 : Enabling Restricted Speculation for firmware calls
[    0.326228] Spectre V2 : mitigation: Enabling conditional Indirect Branch Prediction Barrier
[    0.326303] Spectre V2 : User space: Mitigation: STIBP via prctl
[    0.326369] Speculative Store Bypass: Vulnerable
[    0.326431] MDS: Vulnerable: Clear CPU buffers attempted, no microcode
[    0.326665] Freeing SMP alternatives memory: 44K
[    0.327790] TSC deadline timer enabled
[    0.327795] smpboot: CPU0: Intel(R) Core(TM) i5-2520M CPU @ 2.50GHz (family: 0x6, model: 0x2a, stepping: 0x7)
[    0.348727] Performance Events: PEBS fmt1+, SandyBridge events, 16-deep LBR, full-width counters, Intel PMU driver.
[    0.348854] ... version:                3
[    0.348914] ... bit width:              48
[    0.348974] ... generic registers:      4
[    0.349034] ... value mask:             0000ffffffffffff
[    0.349098] ... max period:             00007fffffffffff
[    0.349163] ... fixed-purpose events:   3
[    0.349222] ... event mask:             000000070000000f
[    0.356682] rcu: Hierarchical SRCU implementation.
[    0.369002] NMI watchdog: Enabled. Permanently consumes one hw-PMU counter.
[    0.376707] smp: Bringing up secondary CPUs ...
[    0.409042] x86: Booting SMP configuration:
[    0.409109] .... node  #0, CPUs:      #1
[    0.015743] Disabled fast string operations
[    0.411449] MDS CPU bug present and SMT on, data leak possible. See https://www.kernel.org/doc/html/latest/admin-guide/hw-vuln/mds.html for more details.
[    0.441038]  #2
[    0.015743] Disabled fast string operations
[    0.473040]  #3
[    0.015743] Disabled fast string operations
[    0.475322] smp: Brought up 1 node, 4 CPUs
[    0.475322] smpboot: Max logical packages: 2
[    0.475322] smpboot: Total of 4 processors activated (19933.69 BogoMIPS)
[    0.476956] devtmpfs: initialized
[    0.476956] PM: Registering ACPI NVS region [mem 0xdae9f000-0xdaf9efff] (1048576 bytes)
[    0.477263] clocksource: jiffies: mask: 0xffffffff max_cycles: 0xffffffff, max_idle_ns: 7645041785100000 ns
[    0.477263] futex hash table entries: 2048 (order: 6, 262144 bytes, linear)
[    0.477305] NET: Registered protocol family 16
[    0.478140] cpuidle: using governor ladder
[    0.478227] cpuidle: using governor menu
[    0.478227] ACPI FADT declares the system doesn't support PCIe ASPM, so disable it
[    0.478227] ACPI: bus type PCI registered
[    0.478313] PCI: MMCONFIG for domain 0000 [bus 00-3f] at [mem 0xf8000000-0xfbffffff] (base 0xf8000000)
[    0.478313] PCI: MMCONFIG at [mem 0xf8000000-0xfbffffff] reserved in E820
[    0.478313] PCI: Using configuration type 1 for base access
[    0.478313] core: PMU erratum BJ122, BV98, HSD29 worked around, HT is on
[    0.480726] ENERGY_PERF_BIAS: Set to 'normal', was 'performance'
[    0.508850] ACPI: Added _OSI(Module Device)
[    0.508915] ACPI: Added _OSI(Processor Device)
[    0.508977] ACPI: Added _OSI(3.0 _SCP Extensions)
[    0.509040] ACPI: Added _OSI(Processor Aggregator Device)
[    0.509106] ACPI: Added _OSI(Linux-Dell-Video)
[    0.509168] ACPI: Added _OSI(Linux-Lenovo-NV-HDMI-Audio)
[    0.509234] ACPI: Added _OSI(Linux-HPI-Hybrid-Graphics)
[    0.550240] ACPI: 6 ACPI AML tables successfully acquired and loaded
[    0.552683] ACPI: EC: EC started
[    0.552744] ACPI: EC: interrupt blocked
[    0.555401] ACPI: \: Used as first EC
[    0.555462] ACPI: \: GPE=0x11, EC_CMD/EC_SC=0x66, EC_DATA=0x62
[    0.555529] ACPI: EC: Boot ECDT EC used to handle transactions
[    0.556151] ACPI: [Firmware Bug]: BIOS _OSI(Linux) query ignored
[    0.566162] ACPI: Dynamic OEM Table Load:
[    0.566235] ACPI: SSDT 0xFFFF88819735A000 0008C0 (v01 PmRef  Cpu0Cst  00003001 INTL 20061109)
[    0.568996] ACPI: Dynamic OEM Table Load:
[    0.569067] ACPI: SSDT 0xFFFF888196C93400 000303 (v01 PmRef  ApIst    00003000 INTL 20061109)
[    0.571301] ACPI: Dynamic OEM Table Load:
[    0.571371] ACPI: SSDT 0xFFFF888197279600 000119 (v01 PmRef  ApCst    00003000 INTL 20061109)
[    0.575265] ACPI: Interpreter enabled
[    0.575370] ACPI: (supports S0 S3 S4 S5)
[    0.575433] ACPI: Using IOAPIC for interrupt routing
[    0.575566] PCI: Using host bridge windows from ACPI; if necessary, use "pci=nocrs" and report a bug
[    0.576386] ACPI: Enabled 6 GPEs in block 00 to 3F
[    0.587837] ACPI: Power Resource [PUBS] (on)
[    0.588711] acpi PNP0C0A:01: ACPI dock station (docks/bays count: 1)
[    0.592719] acpi LNXIOBAY:00: ACPI dock station (docks/bays count: 2)
[    0.598456] acpi IBM0079:00: ACPI dock station (docks/bays count: 3)
[    0.600297] ACPI: PCI Interrupt Link [LNKA] (IRQs 3 4 5 6 7 9 10 *11)
[    0.600735] ACPI: PCI Interrupt Link [LNKB] (IRQs 3 4 5 6 7 9 10 *11)
[    0.601164] ACPI: PCI Interrupt Link [LNKC] (IRQs 3 4 5 6 7 9 10 *11)
[    0.601591] ACPI: PCI Interrupt Link [LNKD] (IRQs 3 4 5 6 7 9 *10 11)
[    0.602017] ACPI: PCI Interrupt Link [LNKE] (IRQs 3 4 5 6 *7 9 10 11)
[    0.602346] ACPI: PCI Interrupt Link [LNKF] (IRQs 3 4 5 6 7 9 10 11) *0, disabled.
[    0.602777] ACPI: PCI Interrupt Link [LNKG] (IRQs 3 4 5 6 *7 9 10 11)
[    0.603203] ACPI: PCI Interrupt Link [LNKH] (IRQs 3 4 5 6 7 9 *10 11)
[    0.603504] ACPI: PCI Root Bridge [PCI0] (domain 0000 [bus 00-fe])
[    0.603580] acpi PNP0A08:00: _OSC: OS supports [ExtendedConfig ASPM ClockPM Segments HPX-Type3]
[    0.604081] acpi PNP0A08:00: _OSC: not requesting OS control; OS requires [ExtendedConfig ASPM ClockPM MSI]
[    0.604184] acpi PNP0A08:00: [Firmware Info]: MMCONFIG for domain 0000 [bus 00-3f] only partially covers this bridge
[    0.604407] PCI host bridge to bus 0000:00
[    0.604472] pci_bus 0000:00: root bus resource [io  0x0000-0x0cf7 window]
[    0.604544] pci_bus 0000:00: root bus resource [io  0x0d00-0xffff window]
[    0.604617] pci_bus 0000:00: root bus resource [mem 0x000a0000-0x000bffff window]
[    0.604669] pci_bus 0000:00: root bus resource [mem 0xdfa00000-0xfebfffff window]
[    0.604748] pci_bus 0000:00: root bus resource [mem 0xfed40000-0xfed4bfff window]
[    0.604824] pci_bus 0000:00: root bus resource [bus 00-fe]
[    0.604919] pci 0000:00:00.0: [8086:0104] type 00 class 0x060000
[    0.605209] pci 0000:00:02.0: [8086:0126] type 00 class 0x030000
[    0.605292] pci 0000:00:02.0: reg 0x10: [mem 0xf0000000-0xf03fffff 64bit]
[    0.605370] pci 0000:00:02.0: reg 0x18: [mem 0xe0000000-0xefffffff 64bit pref]
[    0.605447] pci 0000:00:02.0: reg 0x20: [io  0x5000-0x503f]
[    0.605777] pci 0000:00:16.0: [8086:1c3a] type 00 class 0x078000
[    0.605877] pci 0000:00:16.0: reg 0x10: [mem 0xf2525000-0xf252500f 64bit]
[    0.606042] pci 0000:00:16.0: PME# supported from D0 D3hot D3cold
[    0.606318] pci 0000:00:19.0: [8086:1502] type 00 class 0x020000
[    0.606412] pci 0000:00:19.0: reg 0x10: [mem 0xf2500000-0xf251ffff]
[    0.606491] pci 0000:00:19.0: reg 0x14: [mem 0xf252b000-0xf252bfff]
[    0.606569] pci 0000:00:19.0: reg 0x18: [io  0x5080-0x509f]
[    0.606715] pci 0000:00:19.0: PME# supported from D0 D3hot D3cold
[    0.606994] pci 0000:00:1a.0: [8086:1c2d] type 00 class 0x0c0320
[    0.607090] pci 0000:00:1a.0: reg 0x10: [mem 0xf252a000-0xf252a3ff]
[    0.607264] pci 0000:00:1a.0: PME# supported from D0 D3hot D3cold
[    0.607541] pci 0000:00:1b.0: [8086:1c20] type 00 class 0x040300
[    0.607641] pci 0000:00:1b.0: reg 0x10: [mem 0xf2520000-0xf2523fff 64bit]
[    0.607815] pci 0000:00:1b.0: PME# supported from D0 D3hot D3cold
[    0.608087] pci 0000:00:1c.0: [8086:1c10] type 01 class 0x060400
[    0.608279] pci 0000:00:1c.0: PME# supported from D0 D3hot D3cold
[    0.608702] pci 0000:00:1c.1: [8086:1c12] type 01 class 0x060400
[    0.608769] pci 0000:00:1c.1: PME# supported from D0 D3hot D3cold
[    0.609062] pci 0000:00:1c.3: [8086:1c16] type 01 class 0x060400
[    0.609255] pci 0000:00:1c.3: PME# supported from D0 D3hot D3cold
[    0.609545] pci 0000:00:1c.4: [8086:1c18] type 01 class 0x060400
[    0.609779] pci 0000:00:1c.4: PME# supported from D0 D3hot D3cold
[    0.610078] pci 0000:00:1d.0: [8086:1c26] type 00 class 0x0c0320
[    0.610174] pci 0000:00:1d.0: reg 0x10: [mem 0xf2529000-0xf25293ff]
[    0.610344] pci 0000:00:1d.0: PME# supported from D0 D3hot D3cold
[    0.610623] pci 0000:00:1f.0: [8086:1c4f] type 00 class 0x060100
[    0.611008] pci 0000:00:1f.2: [8086:1c03] type 00 class 0x010601
[    0.611103] pci 0000:00:1f.2: reg 0x10: [io  0x50a8-0x50af]
[    0.611178] pci 0000:00:1f.2: reg 0x14: [io  0x50bc-0x50bf]
[    0.611253] pci 0000:00:1f.2: reg 0x18: [io  0x50a0-0x50a7]
[    0.611328] pci 0000:00:1f.2: reg 0x1c: [io  0x50b8-0x50bb]
[    0.611403] pci 0000:00:1f.2: reg 0x20: [io  0x5060-0x507f]
[    0.611478] pci 0000:00:1f.2: reg 0x24: [mem 0xf2528000-0xf25287ff]
[    0.611607] pci 0000:00:1f.2: PME# supported from D3hot
[    0.611872] pci 0000:00:1f.3: [8086:1c22] type 00 class 0x0c0500
[    0.611967] pci 0000:00:1f.3: reg 0x10: [mem 0xf2524000-0xf25240ff 64bit]
[    0.612062] pci 0000:00:1f.3: reg 0x20: [io  0xefa0-0xefbf]
[    0.612700] pci 0000:00:1c.0: PCI bridge to [bus 02]
[    0.612706] pci 0000:03:00.0: [8086:0084] type 00 class 0x028000
[    0.612744] pci 0000:03:00.0: reg 0x10: [mem 0xf2400000-0xf2401fff 64bit]
[    0.613091] pci 0000:03:00.0: PME# supported from D0 D3hot D3cold
[    0.613373] pci 0000:00:1c.1: PCI bridge to [bus 03]
[    0.613444] pci 0000:00:1c.1:   bridge window [mem 0xf2400000-0xf24fffff]
[    0.613601] pci 0000:00:1c.3: PCI bridge to [bus 05-0c]
[    0.613670] pci 0000:00:1c.3:   bridge window [io  0x4000-0x4fff]
[    0.613743] pci 0000:00:1c.3:   bridge window [mem 0xf1c00000-0xf23fffff]
[    0.613820] pci 0000:00:1c.3:   bridge window [mem 0xf0400000-0xf0bfffff 64bit pref]
[    0.614113] pci 0000:0d:00.0: [1180:e823] type 00 class 0x088001
[    0.614393] pci 0000:0d:00.0: MMC controller base frequency changed to 50Mhz.
[    0.614681] pci 0000:0d:00.0: reg 0x10: [mem 0xf1400000-0xf14000ff]
[    0.615226] pci 0000:0d:00.0: supports D1 D2
[    0.615288] pci 0000:0d:00.0: PME# supported from D0 D1 D2 D3hot D3cold
[    0.615875] pci 0000:00:1c.4: PCI bridge to [bus 0d]
[    0.615944] pci 0000:00:1c.4:   bridge window [io  0x3000-0x3fff]
[    0.616018] pci 0000:00:1c.4:   bridge window [mem 0xf1400000-0xf1bfffff]
[    0.616097] pci 0000:00:1c.4:   bridge window [mem 0xf0c00000-0xf13fffff 64bit pref]
[    0.616208] pci_bus 0000:00: on NUMA node 0
[    0.619403] ACPI: EC: interrupt unblocked
[    0.619477] ACPI: EC: event unblocked
[    0.619546] ACPI: \_SB_.PCI0.LPC_.EC__: GPE=0x11, EC_CMD/EC_SC=0x66, EC_DATA=0x62
[    0.619623] ACPI: \_SB_.PCI0.LPC_.EC__: Boot DSDT EC used to handle transactions and events
[    0.620800] pci 0000:00:02.0: vgaarb: setting as boot VGA device
[    0.620800] pci 0000:00:02.0: vgaarb: VGA device added: decodes=io+mem,owns=io+mem,locks=none
[    0.620862] pci 0000:00:02.0: vgaarb: bridge control possible
[    0.620929] vgaarb: loaded
[    0.621279] SCSI subsystem initialized
[    0.621279] libata version 3.00 loaded.
[    0.621279] ACPI: bus type USB registered
[    0.621279] usbcore: registered new interface driver usbfs
[    0.621279] usbcore: registered new interface driver hub
[    0.621308] usbcore: registered new device driver usb
[    0.621460] mc: Linux media interface: v0.10
[    0.621554] videodev: Linux video capture interface: v2.00
[    0.621671] pps_core: LinuxPPS API ver. 1 registered
[    0.621739] pps_core: Software ver. 5.3.6 - Copyright 2005-2007 Rodolfo Giometti <giometti@linux.it>
[    0.621845] PTP clock support registered
[    0.622033] EDAC MC: Ver: 3.0.0
[    0.622033] Advanced Linux Sound Architecture Driver Initialized.
[    0.622033] PCI: Using ACPI for IRQ routing
[    0.625063] PCI: pci_cache_line_size set to 64 bytes
[    0.625312] e820: reserve RAM buffer [mem 0x0009d800-0x0009ffff]
[    0.625315] e820: reserve RAM buffer [mem 0xda99f000-0xdbffffff]
[    0.625318] e820: reserve RAM buffer [mem 0xdb000000-0xdbffffff]
[    0.625320] e820: reserve RAM buffer [mem 0x19e600000-0x19fffffff]
[    0.625690] Bluetooth: Core ver 2.22
[    0.626268] NET: Registered protocol family 31
[    0.626337] Bluetooth: HCI device and connection manager initialized
[    0.626412] Bluetooth: HCI socket layer initialized
[    0.626477] Bluetooth: L2CAP socket layer initialized
[    0.626557] Bluetooth: SCO socket layer initialized
[    0.626714] clocksource: Switched to clocksource tsc-early
[    0.626714] pnp: PnP ACPI init
[    0.626714] system 00:00: [mem 0x00000000-0x0009ffff] could not be reserved
[    0.626714] system 00:00: [mem 0x000c0000-0x000c3fff] could not be reserved
[    0.626784] system 00:00: [mem 0x000c4000-0x000c7fff] could not be reserved
[    0.626858] system 00:00: [mem 0x000c8000-0x000cbfff] has been reserved
[    0.626930] system 00:00: [mem 0x000cc000-0x000cffff] has been reserved
[    0.627003] system 00:00: [mem 0x000d0000-0x000d3fff] has been reserved
[    0.627075] system 00:00: [mem 0x000d4000-0x000d7fff] has been reserved
[    0.627147] system 00:00: [mem 0x000d8000-0x000dbfff] has been reserved
[    0.627220] system 00:00: [mem 0x000dc000-0x000dffff] has been reserved
[    0.627293] system 00:00: [mem 0x000e0000-0x000e3fff] could not be reserved
[    0.627367] system 00:00: [mem 0x000e4000-0x000e7fff] could not be reserved
[    0.627442] system 00:00: [mem 0x000e8000-0x000ebfff] could not be reserved
[    0.627516] system 00:00: [mem 0x000ec000-0x000effff] could not be reserved
[    0.627590] system 00:00: [mem 0x000f0000-0x000fffff] could not be reserved
[    0.627664] system 00:00: [mem 0x00100000-0xdf9fffff] could not be reserved
[    0.627739] system 00:00: [mem 0xfec00000-0xfed3ffff] could not be reserved
[    0.627813] system 00:00: [mem 0xfed4c000-0xffffffff] could not be reserved
[    0.627913] system 00:00: Plug and Play ACPI device, IDs PNP0c01 (active)
[    0.628219] system 00:01: [io  0x0400-0x047f] has been reserved
[    0.628299] system 00:01: [io  0x0500-0x057f] has been reserved
[    0.628370] system 00:01: [io  0x0800-0x080f] has been reserved
[    0.628440] system 00:01: [io  0x15e0-0x15ef] has been reserved
[    0.628510] system 00:01: [io  0x1600-0x167f] has been reserved
[    0.628580] system 00:01: [mem 0xf8000000-0xfbffffff] has been reserved
[    0.628653] system 00:01: [mem 0x00000000-0x00000fff] could not be reserved
[    0.628727] system 00:01: [mem 0xfed1c000-0xfed1ffff] has been reserved
[    0.628800] system 00:01: [mem 0xfed10000-0xfed13fff] has been reserved
[    0.628872] system 00:01: [mem 0xfed18000-0xfed18fff] has been reserved
[    0.628944] system 00:01: [mem 0xfed19000-0xfed19fff] has been reserved
[    0.629017] system 00:01: [mem 0xfed45000-0xfed4bfff] has been reserved
[    0.629108] system 00:01: Plug and Play ACPI device, IDs PNP0c02 (active)
[    0.629278] pnp 00:02: Plug and Play ACPI device, IDs PNP0b00 (active)
[    0.629364] pnp 00:03: Plug and Play ACPI device, IDs PNP0303 (active)
[    0.629453] pnp 00:04: Plug and Play ACPI device, IDs LEN0020 PNP0f13 (active)
[    0.629619] pnp 00:05: Plug and Play ACPI device, IDs SMO1200 PNP0c31 (active)
[    0.630888] pnp: PnP ACPI: found 6 devices
[    0.637407] thermal_sys: Registered thermal governor 'step_wise'
[    0.641965] clocksource: acpi_pm: mask: 0xffffff max_cycles: 0xffffff, max_idle_ns: 2085701024 ns
[    0.642131] pci 0000:00:1c.0: bridge window [io  0x1000-0x0fff] to [bus 02] add_size 1000
[    0.642208] pci 0000:00:1c.0: bridge window [mem 0x00100000-0x000fffff 64bit pref] to [bus 02] add_size 200000 add_align 100000
[    0.642308] pci 0000:00:1c.0: bridge window [mem 0x00100000-0x000fffff] to [bus 02] add_size 200000 add_align 100000
[    0.642414] pci 0000:00:1c.0: BAR 8: assigned [mem 0xdfa00000-0xdfbfffff]
[    0.642488] pci 0000:00:1c.0: BAR 9: assigned [mem 0xdfc00000-0xdfdfffff 64bit pref]
[    0.642563] pci 0000:00:1c.0: BAR 7: assigned [io  0x2000-0x2fff]
[    0.642635] pci 0000:00:1c.0: PCI bridge to [bus 02]
[    0.642702] pci 0000:00:1c.0:   bridge window [io  0x2000-0x2fff]
[    0.642775] pci 0000:00:1c.0:   bridge window [mem 0xdfa00000-0xdfbfffff]
[    0.642849] pci 0000:00:1c.0:   bridge window [mem 0xdfc00000-0xdfdfffff 64bit pref]
[    0.642928] pci 0000:00:1c.1: PCI bridge to [bus 03]
[    0.642996] pci 0000:00:1c.1:   bridge window [mem 0xf2400000-0xf24fffff]
[    0.643074] pci 0000:00:1c.3: PCI bridge to [bus 05-0c]
[    0.643141] pci 0000:00:1c.3:   bridge window [io  0x4000-0x4fff]
[    0.643212] pci 0000:00:1c.3:   bridge window [mem 0xf1c00000-0xf23fffff]
[    0.643285] pci 0000:00:1c.3:   bridge window [mem 0xf0400000-0xf0bfffff 64bit pref]
[    0.643364] pci 0000:00:1c.4: PCI bridge to [bus 0d]
[    0.643430] pci 0000:00:1c.4:   bridge window [io  0x3000-0x3fff]
[    0.643503] pci 0000:00:1c.4:   bridge window [mem 0xf1400000-0xf1bfffff]
[    0.643577] pci 0000:00:1c.4:   bridge window [mem 0xf0c00000-0xf13fffff 64bit pref]
[    0.643659] pci_bus 0000:00: resource 4 [io  0x0000-0x0cf7 window]
[    0.643727] pci_bus 0000:00: resource 5 [io  0x0d00-0xffff window]
[    0.643795] pci_bus 0000:00: resource 6 [mem 0x000a0000-0x000bffff window]
[    0.643865] pci_bus 0000:00: resource 7 [mem 0xdfa00000-0xfebfffff window]
[    0.643935] pci_bus 0000:00: resource 8 [mem 0xfed40000-0xfed4bfff window]
[    0.644006] pci_bus 0000:02: resource 0 [io  0x2000-0x2fff]
[    0.644072] pci_bus 0000:02: resource 1 [mem 0xdfa00000-0xdfbfffff]
[    0.644140] pci_bus 0000:02: resource 2 [mem 0xdfc00000-0xdfdfffff 64bit pref]
[    0.644212] pci_bus 0000:03: resource 1 [mem 0xf2400000-0xf24fffff]
[    0.644280] pci_bus 0000:05: resource 0 [io  0x4000-0x4fff]
[    0.644346] pci_bus 0000:05: resource 1 [mem 0xf1c00000-0xf23fffff]
[    0.644414] pci_bus 0000:05: resource 2 [mem 0xf0400000-0xf0bfffff 64bit pref]
[    0.644486] pci_bus 0000:0d: resource 0 [io  0x3000-0x3fff]
[    0.644551] pci_bus 0000:0d: resource 1 [mem 0xf1400000-0xf1bfffff]
[    0.644620] pci_bus 0000:0d: resource 2 [mem 0xf0c00000-0xf13fffff 64bit pref]
[    0.644971] NET: Registered protocol family 2
[    0.645385] tcp_listen_portaddr_hash hash table entries: 4096 (order: 6, 294912 bytes, linear)
[    0.645618] TCP established hash table entries: 65536 (order: 7, 524288 bytes, linear)
[    0.645793] TCP bind hash table entries: 65536 (order: 10, 4194304 bytes, linear)
[    0.647836] TCP: Hash tables configured (established 65536 bind 65536)
[    0.648246] UDP hash table entries: 4096 (order: 7, 655360 bytes, linear)
[    0.648622] UDP-Lite hash table entries: 4096 (order: 7, 655360 bytes, linear)
[    0.649136] NET: Registered protocol family 1
[    0.649564] RPC: Registered named UNIX socket transport module.
[    0.649635] RPC: Registered udp transport module.
[    0.649699] RPC: Registered tcp transport module.
[    0.649763] RPC: Registered tcp NFSv4.1 backchannel transport module.
[    0.650114] pci 0000:00:02.0: Video device with shadowed ROM at [mem 0x000c0000-0x000dffff]
[    0.651297] PCI: CLS 64 bytes, default 64
[    0.651419] PCI-DMA: Using software bounce buffering for IO (SWIOTLB)
[    0.651489] software IO TLB: mapped [mem 0xd699f000-0xda99f000] (64MB)
[    0.654149] Initialise system trusted keyrings
[    0.654320] workingset: timestamp_bits=62 max_order=21 bucket_order=0
[    0.655585] Installing knfsd (copyright (C) 1996 okir@monad.swb.de).
[    0.656385] ntfs: driver 2.1.32 [Flags: R/W].
[    0.656576] fuse: init (API version 7.31)
[    0.661568] Key type asymmetric registered
[    0.661636] Asymmetric key parser 'x509' registered
[    0.661728] Block layer SCSI generic (bsg) driver version 0.4 loaded (major 249)
[    0.661805] io scheduler mq-deadline registered
[    0.661892] io scheduler bfq registered
[    0.662182] pcieport 0000:00:1c.0: enabling device (0000 -> 0003)
[    0.663671] intel_idle: MWAIT substates: 0x21120
[    0.663673] intel_idle: v0.4.1 model 0x2A
[    0.664311] intel_idle: lapic_timer_reliable_states 0xffffffff
[    0.664649] ACPI: Deprecated procfs I/F for AC is loaded, please retry with CONFIG_ACPI_PROCFS_POWER cleared
[    0.665018] ACPI: AC Adapter [AC] (on-line)
[    0.665291] input: Lid Switch as /devices/LNXSYSTM:00/LNXSYBUS:00/PNP0C0D:00/input/input0
[    0.668756] ACPI: Lid Switch [LID]
[    0.668922] input: Sleep Button as /devices/LNXSYSTM:00/LNXSYBUS:00/PNP0C0E:00/input/input1
[    0.672786] ACPI: Sleep Button [SLPB]
[    0.672972] input: Power Button as /devices/LNXSYSTM:00/LNXPWRBN:00/input/input2
[    0.676698] ACPI: Power Button [PWRF]
[    0.680055] thermal LNXTHERM:00: registered as thermal_zone0
[    0.680126] ACPI: Thermal Zone [THM0] (64 C)
[    0.680510] Serial: 8250/16550 driver, 4 ports, IRQ sharing disabled
[    0.680724] battery: ACPI: Deprecated procfs I/F for battery is loaded, please retry with CONFIG_ACPI_PROCFS_POWER cleared
[    0.680912] battery: ACPI: Battery Slot [BAT0] (battery absent)
[    0.682054] lp: driver loaded but no devices found
[    0.682209] Non-volatile memory driver v1.3
[    0.682480] Linux agpgart interface v0.103
[    0.682851] [drm] radeon kernel modesetting enabled.
[    0.683861] i915 0000:00:02.0: vgaarb: deactivate vga console
[    0.684409] Console: switching to colour dummy device 80x25
[    0.696677] [drm] Supports vblank timestamp caching Rev 2 (21.10.2013).
[    0.696700] [drm] Driver supports precise vblank timestamp query.
[    0.697714] i915 0000:00:02.0: vgaarb: changed VGA decodes: olddecodes=io+mem,decodes=io+mem:owns=io+mem
[    0.781173] [drm] Initialized i915 1.6.0 20190619 for 0000:00:02.0 on minor 0
[    0.783164] ACPI: Video Device [VID] (multi-head: yes  rom: no  post: no)
[    0.783770] input: Video Bus as /devices/LNXSYSTM:00/LNXSYBUS:00/PNP0A08:00/LNXVIDEO:00/input/input3
[    0.784081] usbcore: registered new interface driver udl
[    0.793918] loop: module loaded
[    0.809990] ahci 0000:00:1f.2: version 3.0
[    0.810606] ahci 0000:00:1f.2: SSS flag set, parallel bus scan disabled
[    0.820800] ahci 0000:00:1f.2: AHCI 0001.0300 32 slots 6 ports 6 Gbps 0x17 impl SATA mode
[    0.820824] ahci 0000:00:1f.2: flags: 64bit ncq sntf ilck stag pm led clo pio slum part ems sxs apst 
[    0.858868] scsi host0: ahci
[    0.859241] scsi host1: ahci
[    0.859528] scsi host2: ahci
[    0.859819] scsi host3: ahci
[    0.860107] scsi host4: ahci
[    0.860402] scsi host5: ahci
[    0.860550] ata1: SATA max UDMA/133 abar m2048@0xf2528000 port 0xf2528100 irq 19
[    0.860570] ata2: SATA max UDMA/133 abar m2048@0xf2528000 port 0xf2528180 irq 19
[    0.860589] ata3: SATA max UDMA/133 abar m2048@0xf2528000 port 0xf2528200 irq 19
[    0.860606] ata4: DUMMY
[    0.860613] ata5: SATA max UDMA/133 abar m2048@0xf2528000 port 0xf2528300 irq 19
[    0.860631] ata6: DUMMY
[    0.861505] tun: Universal TUN/TAP device driver, 1.6
[    0.861914] e1000e: Intel(R) PRO/1000 Network Driver - 3.2.6-k
[    0.861930] e1000e: Copyright(c) 1999 - 2015 Intel Corporation.
[    0.862319] e1000e 0000:00:19.0: Interrupt Throttling Rate (ints/sec) set to dynamic conservative mode
[    0.960190] e1000e 0000:00:19.0 0000:00:19.0 (uninitialized): registered PHC clock
[    1.053437] e1000e 0000:00:19.0 eth0: (PCI Express:2.5GT/s:Width x1) f0:de:f1:e3:99:75
[    1.053472] e1000e 0000:00:19.0 eth0: Intel(R) PRO/1000 Network Connection
[    1.053537] e1000e 0000:00:19.0 eth0: MAC: 10, PHY: 11, PBA No: 1000FF-0FF
[    1.053722] PPP generic driver version 2.4.2
[    1.053857] PPP BSD Compression module registered
[    1.053875] PPP Deflate Compression module registered
[    1.053893] SLIP: version 0.8.4-NET3.019-NEWTTY (dynamic channels, max=256).
[    1.053918] CSLIP: code copyright 1989 Regents of the University of California.
[    1.053977] iwl3945: Intel(R) PRO/Wireless 3945ABG/BG Network Connection driver for Linux, in-tree:ds
[    1.053997] iwl3945: Copyright(c) 2003-2011 Intel Corporation
[    1.054009] iwl3945: hw_scan is disabled
[    1.054052] Intel(R) Wireless WiFi driver for Linux
[    1.054068] Copyright(c) 2003- 2015 Intel Corporation
[    1.054464] iwlwifi 0000:03:00.0: pci_enable_msi failed - -38
[    1.054776] iwlwifi 0000:03:00.0: loaded firmware version 39.31.5.1 build 35138 op_mode iwldvm
[    1.055037] iwlwifi 0000:03:00.0: CONFIG_IWLWIFI_DEBUG disabled
[    1.055053] iwlwifi 0000:03:00.0: CONFIG_IWLWIFI_DEBUGFS disabled
[    1.055067] iwlwifi 0000:03:00.0: CONFIG_IWLWIFI_DEVICE_TRACING disabled
[    1.055083] iwlwifi 0000:03:00.0: Detected Intel(R) Centrino(R) Wireless-N 1000 BGN, REV=0x6C
[    1.066111] fbcon: i915drmfb (fb0) is primary device
[    1.097334] ieee80211 phy0: Selected rate control algorithm 'iwl-agn-rs'
[    1.097909] usbcore: registered new interface driver ax88179_178a
[    1.097930] usbcore: registered new interface driver cdc_ether
[    1.097957] usbcore: registered new interface driver cdc_eem
[    1.097991] usbcore: registered new interface driver net1080
[    1.098029] usbcore: registered new interface driver cdc_subset
[    1.098116] usbcore: registered new interface driver zaurus
[    1.098164] usbcore: registered new interface driver cdc_ncm
[    1.098188] usbcore: registered new interface driver cdc_mbim
[    1.098470] ehci_hcd: USB 2.0 'Enhanced' Host Controller (EHCI) Driver
[    1.098480] ehci-pci: EHCI PCI platform driver
[    1.098799] ehci-pci 0000:00:1a.0: EHCI Host Controller
[    1.098946] ehci-pci 0000:00:1a.0: new USB bus registered, assigned bus number 1
[    1.098972] ehci-pci 0000:00:1a.0: debug port 2
[    1.102918] ehci-pci 0000:00:1a.0: cache line size of 64 is not supported
[    1.102929] ehci-pci 0000:00:1a.0: irq 16, io mem 0xf252a000
[    1.116821] ehci-pci 0000:00:1a.0: USB 2.0 started, EHCI 1.00
[    1.117021] usb usb1: New USB device found, idVendor=1d6b, idProduct=0002, bcdDevice= 5.03
[    1.117023] usb usb1: New USB device strings: Mfr=3, Product=2, SerialNumber=1
[    1.117025] usb usb1: Product: EHCI Host Controller
[    1.117027] usb usb1: Manufacturer: Linux 5.3.0-rc2+ ehci_hcd
[    1.117028] usb usb1: SerialNumber: 0000:00:1a.0
[    1.117525] hub 1-0:1.0: USB hub found
[    1.117547] hub 1-0:1.0: 3 ports detected
[    1.118382] ehci-pci 0000:00:1d.0: EHCI Host Controller
[    1.118575] ehci-pci 0000:00:1d.0: new USB bus registered, assigned bus number 2
[    1.118602] ehci-pci 0000:00:1d.0: debug port 2
[    1.122543] ehci-pci 0000:00:1d.0: cache line size of 64 is not supported
[    1.122576] ehci-pci 0000:00:1d.0: irq 23, io mem 0xf2529000
[    1.136913] ehci-pci 0000:00:1d.0: USB 2.0 started, EHCI 1.00
[    1.137148] usb usb2: New USB device found, idVendor=1d6b, idProduct=0002, bcdDevice= 5.03
[    1.137150] usb usb2: New USB device strings: Mfr=3, Product=2, SerialNumber=1
[    1.137152] usb usb2: Product: EHCI Host Controller
[    1.137153] usb usb2: Manufacturer: Linux 5.3.0-rc2+ ehci_hcd
[    1.137155] usb usb2: SerialNumber: 0000:00:1d.0
[    1.137620] hub 2-0:1.0: USB hub found
[    1.137651] hub 2-0:1.0: 3 ports detected
[    1.138237] ohci_hcd: USB 1.1 'Open' Host Controller (OHCI) Driver
[    1.138247] ohci-pci: OHCI PCI platform driver
[    1.138281] uhci_hcd: USB Universal Host Controller Interface driver
[    1.138474] usbcore: registered new interface driver cdc_acm
[    1.138475] cdc_acm: USB Abstract Control Model driver for USB modems and ISDN adapters
[    1.138508] usbcore: registered new interface driver usblp
[    1.138612] usbcore: registered new interface driver cdc_wdm
[    1.138654] usbcore: registered new interface driver usb-storage
[    1.138677] usbcore: registered new interface driver ums-sddr09
[    1.138801] usbcore: registered new interface driver usbserial_generic
[    1.138835] usbserial: USB Serial support registered for generic
[    1.138874] usbcore: registered new interface driver ch341
[    1.138905] usbserial: USB Serial support registered for ch341-uart
[    1.138943] usbcore: registered new interface driver ftdi_sio
[    1.138978] usbserial: USB Serial support registered for FTDI USB Serial Device
[    1.139029] usbcore: registered new interface driver option
[    1.139063] usbserial: USB Serial support registered for GSM modem (1-port)
[    1.139132] usbcore: registered new interface driver pl2303
[    1.139157] usbserial: USB Serial support registered for pl2303
[    1.139198] usbcore: registered new interface driver ti_usb_3410_5052
[    1.139237] usbserial: USB Serial support registered for TI USB 3410 1 port adapter
[    1.139272] usbserial: USB Serial support registered for TI USB 5052 2 port adapter
[    1.139277] ftdi_elan: driver ftdi-elan
[    1.139316] usbcore: registered new interface driver ftdi-elan
[    1.139519] i8042: PNP: PS/2 Controller [PNP0303:KBD,PNP0f13:MOU] at 0x60,0x64 irq 1,12
[    1.142717] serio: i8042 KBD port at 0x60,0x64 irq 1
[    1.142844] serio: i8042 AUX port at 0x60,0x64 irq 12
[    1.143225] mousedev: PS/2 mouse device common for all mice
[    1.144012] input: PC Speaker as /devices/platform/pcspkr/input/input5
[    1.144314] rtc_cmos 00:02: RTC can wake from S4
[    1.144563] rtc_cmos 00:02: registered as rtc0
[    1.144652] rtc_cmos 00:02: alarms up to one month, y3k, 114 bytes nvram, hpet irqs
[    1.144788] usbcore: registered new interface driver uvcvideo
[    1.144789] USB Video Class driver (1.1.1)
[    1.144790] gspca_main: v2.14.0 registered
[    1.144881] usbcore: registered new interface driver sq930x
[    1.145525] device-mapper: ioctl: 4.40.0-ioctl (2019-01-18) initialised: dm-devel@redhat.com
[    1.145528] Bluetooth: HCI UART driver ver 2.3
[    1.145529] Bluetooth: HCI UART protocol H4 registered
[    1.145531] Bluetooth: HCI UART protocol BCSP registered
[    1.145589] usbcore: registered new interface driver btusb
[    1.145595] intel_pstate: Intel P-state driver initializing
[    1.146199] sdhci: Secure Digital Host Controller Interface driver
[    1.146203] sdhci: Copyright(c) Pierre Ossman
[    1.146310] sdhci-pci 0000:0d:00.0: SDHCI controller found [1180:e823] (rev 4)
[    1.148084] input: AT Translated Set 2 keyboard as /devices/platform/i8042/serio0/input/input4
[    1.148596] mmc0 bounce up to 128 segments into one, max segment size 65536 bytes
[    1.151720] mmc0: SDHCI controller on PCI [0000:0d:00.0] using DMA
[    1.152168] hidraw: raw HID events driver (C) Jiri Kosina
[    1.154879] usbcore: registered new interface driver usbhid
[    1.154884] usbhid: USB HID core driver
[    1.157130] thinkpad_acpi: ThinkPad ACPI Extras v0.26
[    1.157131] thinkpad_acpi: http://ibm-acpi.sf.net/
[    1.157132] thinkpad_acpi: ThinkPad BIOS 8DET74WW (1.44 ), EC unknown
[    1.157133] thinkpad_acpi: Lenovo ThinkPad X220, model 42872WU
[    1.158534] thinkpad_acpi: radio switch found; radios are enabled
[    1.158793] thinkpad_acpi: Tablet mode switch found (type: MHKG), currently in laptop mode
[    1.158826] thinkpad_acpi: This ThinkPad has standard ACPI backlight brightness control, supported by the ACPI video driver
[    1.158828] thinkpad_acpi: Disabling thinkpad-acpi brightness events by default...
[    1.165208] thinkpad_acpi: rfkill switch tpacpi_bluetooth_sw: radio is unblocked
[    1.166785] thinkpad_acpi: warning: userspace override of important firmware LEDs is enabled
[    1.166804] thinkpad_acpi: Standard ACPI backlight interface available, not loading native one
[    1.166805] thinkpad_acpi: volume: disabled as there is no ALSA support in this kernel
[    1.167400] battery: new extension: ThinkPad Battery Extension
[    1.167483] input: ThinkPad Extra Buttons as /devices/platform/thinkpad_acpi/input/input8
[    1.168094] random: fast init done
[    1.169904] usbcore: registered new interface driver snd-usb-audio
[    1.171972] NET: Registered protocol family 17
[    1.172085] Bluetooth: RFCOMM TTY layer initialized
[    1.172115] Bluetooth: RFCOMM socket layer initialized
[    1.172134] Bluetooth: RFCOMM ver 1.11
[    1.172148] Bluetooth: BNEP (Ethernet Emulation) ver 1.3
[    1.172150] Bluetooth: BNEP filters: protocol multicast
[    1.172156] Bluetooth: BNEP socket layer initialized
[    1.172158] Bluetooth: HIDP (Human Interface Emulation) ver 1.2
[    1.172162] Bluetooth: HIDP socket layer initialized
[    1.172369] microcode: sig=0x206a7, pf=0x10, revision=0x2d
[    1.172551] microcode: Microcode Update Driver: v2.2.
[    1.172585] sched_clock: Marking stable (1160773317, 11743597)->(1181216537, -8699623)
[    1.173399] Loading compiled-in X.509 certificates
[    1.174122] Key type encrypted registered
[    1.174596] rtc_cmos 00:02: setting system clock to 2019-08-01T09:53:42 UTC (1564653222)
[    1.174760] cfg80211: Loading compiled-in X.509 certificates for regulatory database
[    1.175646] cfg80211: Loaded X.509 cert 'sforshee: 00b28ddf47aef9cea7'
[    1.175812] platform regulatory.0: Direct firmware load for regulatory.db failed with error -2
[    1.175827] cfg80211: failed to load regulatory.db
[    1.180755] ata1: SATA link up 1.5 Gbps (SStatus 113 SControl 300)
[    1.182165] ata1.00: ACPI cmd ef/02:00:00:00:00:a0 (SET FEATURES) succeeded
[    1.182169] ata1.00: ACPI cmd f5/00:00:00:00:00:a0 (SECURITY FREEZE LOCK) filtered out
[    1.182172] ata1.00: ACPI cmd ef/10:03:00:00:00:a0 (SET FEATURES) filtered out
[    1.183407] ata1.00: ATA-8: Hitachi HTS545050A7E380, GG2OA7J0, max UDMA/133
[    1.183409] ata1.00: 976773168 sectors, multi 16: LBA48 NCQ (depth 32), AA
[    1.184609] ata1.00: ACPI cmd ef/02:00:00:00:00:a0 (SET FEATURES) succeeded
[    1.184615] ata1.00: ACPI cmd f5/00:00:00:00:00:a0 (SECURITY FREEZE LOCK) filtered out
[    1.184620] ata1.00: ACPI cmd ef/10:03:00:00:00:a0 (SET FEATURES) filtered out
[    1.185743] ata1.00: configured for UDMA/133
[    1.200801] snd_hda_intel 0000:00:1b.0: bound 0000:00:02.0 (ops i915_audio_component_bind_ops)
[    1.222769] snd_hda_codec_generic hdaudioC0D0: autoconfig for Generic: line_outs=1 (0x1f/0x0/0x0/0x0/0x0) type:speaker
[    1.222773] snd_hda_codec_generic hdaudioC0D0:    speaker_outs=0 (0x0/0x0/0x0/0x0/0x0)
[    1.222776] snd_hda_codec_generic hdaudioC0D0:    hp_outs=1 (0x19/0x0/0x0/0x0/0x0)
[    1.222779] snd_hda_codec_generic hdaudioC0D0:    mono: mono_out=0x0
[    1.222781] snd_hda_codec_generic hdaudioC0D0:    inputs:
[    1.222785] snd_hda_codec_generic hdaudioC0D0:      Internal Mic=0x23
[    1.222788] snd_hda_codec_generic hdaudioC0D0:      Mic=0x1b
[    1.223454] Console: switching to colour frame buffer device 102x42
[    1.227284] snd_hda_codec_generic hdaudioC0D3: ignore pin 0x7, too many assigned pins
[    1.227289] snd_hda_codec_generic hdaudioC0D3: autoconfig for Generic: line_outs=0 (0x0/0x0/0x0/0x0/0x0) type:line
[    1.227292] snd_hda_codec_generic hdaudioC0D3:    speaker_outs=0 (0x0/0x0/0x0/0x0/0x0)
[    1.227294] snd_hda_codec_generic hdaudioC0D3:    hp_outs=0 (0x0/0x0/0x0/0x0/0x0)
[    1.227296] snd_hda_codec_generic hdaudioC0D3:    mono: mono_out=0x0
[    1.227299] snd_hda_codec_generic hdaudioC0D3:    dig-out=0x5/0x6
[    1.227301] snd_hda_codec_generic hdaudioC0D3:    inputs:
[    1.230161] input: HDA Intel PCH Mic as /devices/pci0000:00/0000:00:1b.0/sound/card0/input9
[    1.230371] input: HDA Intel PCH Headphone as /devices/pci0000:00/0000:00:1b.0/sound/card0/input10
[    1.230513] input: HDA Intel PCH HDMI as /devices/pci0000:00/0000:00:1b.0/sound/card0/input11
[    1.230680] input: HDA Intel PCH HDMI as /devices/pci0000:00/0000:00:1b.0/sound/card0/input12
[    1.382358] i915 0000:00:02.0: fb0: i915drmfb frame buffer device
[    1.385429] scsi 0:0:0:0: Direct-Access     ATA      Hitachi HTS54505 A7J0 PQ: 0 ANSI: 5
[    1.388323] sd 0:0:0:0: Attached scsi generic sg0 type 0
[    1.388574] sd 0:0:0:0: [sda] 976773168 512-byte logical blocks: (500 GB/466 GiB)
[    1.391448] sd 0:0:0:0: [sda] 4096-byte physical blocks
[    1.394316] sd 0:0:0:0: [sda] Write Protect is off
[    1.397095] sd 0:0:0:0: [sda] Mode Sense: 00 3a 00 00
[    1.397179] sd 0:0:0:0: [sda] Write cache: enabled, read cache: enabled, doesn't support DPO or FUA
[    1.443372]  sda: sda1 sda2 sda3 sda4
[    1.448751] usb 1-1: new high-speed USB device number 2 using ehci-pci
[    1.452095] sd 0:0:0:0: [sda] Attached SCSI disk
[    1.472830] usb 2-1: new high-speed USB device number 2 using ehci-pci
[    1.609401] usb 1-1: New USB device found, idVendor=8087, idProduct=0024, bcdDevice= 0.00
[    1.611006] usb 1-1: New USB device strings: Mfr=0, Product=0, SerialNumber=0
[    1.613227] hub 1-1:1.0: USB hub found
[    1.614934] hub 1-1:1.0: 6 ports detected
[    1.629016] usb 2-1: New USB device found, idVendor=8087, idProduct=0024, bcdDevice= 0.00
[    1.630573] usb 2-1: New USB device strings: Mfr=0, Product=0, SerialNumber=0
[    1.632613] hub 2-1:1.0: USB hub found
[    1.634138] hub 2-1:1.0: 8 ports detected
[    1.676931] tsc: Refined TSC clocksource calibration: 2491.904 MHz
[    1.680066] clocksource: tsc: mask: 0xffffffffffffffff max_cycles: 0x23eb59c9ee2, max_idle_ns: 440795321417 ns
[    1.683467] clocksource: Switched to clocksource tsc
[    1.704830] ata2: SATA link down (SStatus 0 SControl 300)
[    1.908681] usb 1-1.3: new full-speed USB device number 3 using ehci-pci
[    1.924677] usb 2-1.1: new high-speed USB device number 3 using ehci-pci
[    2.023478] usb 1-1.3: New USB device found, idVendor=147e, idProduct=2016, bcdDevice= 0.02
[    2.026600] usb 1-1.3: New USB device strings: Mfr=1, Product=2, SerialNumber=0
[    2.029613] usb 1-1.3: Product: Biometric Coprocessor
[    2.031832] ata3: SATA link up 3.0 Gbps (SStatus 123 SControl 300)
[    2.032551] usb 1-1.3: Manufacturer: UPEK
[    2.038746] psmouse serio1: synaptics: queried max coordinates: x [..5472], y [..4448]
[    2.042561] usb 2-1.1: New USB device found, idVendor=05e3, idProduct=0608, bcdDevice=77.64
[    2.044286] usb 2-1.1: New USB device strings: Mfr=0, Product=1, SerialNumber=0
[    2.046015] usb 2-1.1: Product: USB2.0 Hub
[    2.048356] ata3.00: ACPI cmd ef/02:00:00:00:00:a0 (SET FEATURES) succeeded
[    2.048362] ata3.00: ACPI cmd f5/00:00:00:00:00:a0 (SECURITY FREEZE LOCK) filtered out
[    2.048646] hub 2-1.1:1.0: USB hub found
[    2.051074] ata3.00: ACPI cmd ef/10:03:00:00:00:a0 (SET FEATURES) filtered out
[    2.054347] hub 2-1.1:1.0: 4 ports detected
[    2.060851] ata3.00: ATA-8: KINGSTON SMS200S3240G, 60AABBF0, max UDMA/133
[    2.061976] ata3.00: 468862128 sectors, multi 1: LBA48 NCQ (depth 32), AA
[    2.068287] ata3.00: ACPI cmd ef/02:00:00:00:00:a0 (SET FEATURES) succeeded
[    2.068295] ata3.00: ACPI cmd f5/00:00:00:00:00:a0 (SECURITY FREEZE LOCK) filtered out
[    2.069438] ata3.00: ACPI cmd ef/10:03:00:00:00:a0 (SET FEATURES) filtered out
[    2.076338] ata3.00: configured for UDMA/133
[    2.078708] scsi 2:0:0:0: Direct-Access     ATA      KINGSTON SMS200S BBF0 PQ: 0 ANSI: 5
[    2.082332] sd 2:0:0:0: Attached scsi generic sg1 type 0
[    2.082711] sd 2:0:0:0: [sdb] 468862128 512-byte logical blocks: (240 GB/224 GiB)
[    2.086837] sd 2:0:0:0: [sdb] Write Protect is off
[    2.089057] sd 2:0:0:0: [sdb] Mode Sense: 00 3a 00 00
[    2.089119] sd 2:0:0:0: [sdb] Write cache: enabled, read cache: enabled, doesn't support DPO or FUA
[    2.092077]  sdb: sdb2 sdb4
[    2.094189] sd 2:0:0:0: [sdb] Attached SCSI disk
[    2.116867] usb 1-1.4: new full-speed USB device number 4 using ehci-pci
[    2.131947] psmouse serio1: synaptics: Touchpad model: 1, fw: 8.0, id: 0x1e2b1, caps: 0xd001a3/0x940300/0x120c00/0x0, board id: 1611, fw id: 774180
[    2.139790] psmouse serio1: synaptics: serio: Synaptics pass-through port at isa0060/serio1/input0
[    2.141018] usb 2-1.2: new high-speed USB device number 4 using ehci-pci
[    2.196844] input: SynPS/2 Synaptics TouchPad as /devices/platform/i8042/serio1/input/input7
[    2.239889] usb 1-1.4: New USB device found, idVendor=0a5c, idProduct=217f, bcdDevice= 7.48
[    2.244092] usb 1-1.4: New USB device strings: Mfr=1, Product=2, SerialNumber=3
[    2.248083] usb 1-1.4: Product: Broadcom Bluetooth Device
[    2.249244] usb 1-1.4: Manufacturer: Broadcom Corp
[    2.250267] usb 1-1.4: SerialNumber: 7CE9D3B855AA
[    2.253426] usb 2-1.2: New USB device found, idVendor=1a40, idProduct=0101, bcdDevice= 1.11
[    2.257049] usb 2-1.2: New USB device strings: Mfr=0, Product=1, SerialNumber=0
[    2.260601] usb 2-1.2: Product: USB 2.0 Hub
[    2.264901] hub 2-1.2:1.0: USB hub found
[    2.266292] hub 2-1.2:1.0: 4 ports detected
[    2.332809] usb 1-1.6: new high-speed USB device number 5 using ehci-pci
[    2.407891] ata5: SATA link down (SStatus 0 SControl 300)
[    2.447400] PM: Image not found (code -22)
[    2.447457] ALSA device list:
[    2.451292]   #0: HDA Intel PCH at 0xf2520000 irq 22
[    2.453545] usb 1-1.6: New USB device found, idVendor=04f2, idProduct=b217, bcdDevice= 8.54
[    2.459014] usb 1-1.6: New USB device strings: Mfr=1, Product=2, SerialNumber=0
[    2.459025] usb 1-1.6: Product: Integrated Camera
[    2.459037] usb 1-1.6: Manufacturer: Chicony Electronics Co., Ltd.
[    2.461457] uvcvideo: Found UVC 1.00 device Integrated Camera (04f2:b217)
[    2.476631] uvcvideo 1-1.6:1.0: Entity type for entity Extension 3 was not initialized!
[    2.477845] uvcvideo 1-1.6:1.0: Entity type for entity Processing 2 was not initialized!
[    2.478908] uvcvideo 1-1.6:1.0: Entity type for entity Camera 1 was not initialized!
[    2.676816] usb 2-1.2.1: new low-speed USB device number 5 using ehci-pci
[    2.927764] usb 2-1.2.1: New USB device found, idVendor=06a3, idProduct=053f, bcdDevice= 0.02
[    2.931495] usb 2-1.2.1: New USB device strings: Mfr=1, Product=2, SerialNumber=3
[    2.935087] usb 2-1.2.1: Product: Saitek X36
[    2.938586] usb 2-1.2.1: Manufacturer: Saitek
[    2.942040] usb 2-1.2.1: SerialNumber: 00103464
[    2.981141] psmouse serio2: trackpoint: IBM TrackPoint firmware: 0x0e, buttons: 3/3
[    2.985413] input: Saitek Saitek X36 as /devices/pci0000:00/0000:00:1d.0/usb2/2-1/2-1.2/2-1.2.1/2-1.2.1:1.0/0003:06A3:053F.0001/input/input14
[    2.988142] hid-generic 0003:06A3:053F.0001: input,hidraw0: USB HID v1.00 Joystick [Saitek Saitek X36] on usb-0000:00:1d.0-1.2.1/input0
[    3.188861] usb 2-1.2.2: new low-speed USB device number 6 using ehci-pci
[    3.248150] input: TPPS/2 IBM TrackPoint as /devices/platform/i8042/serio1/serio2/input/input13
[    3.359128] md: Waiting for all devices to be available before autodetect
[    3.362664] md: If you don't use raid, use raid=noautodetect
[    3.367448] md: Autodetecting RAID arrays.
[    3.370927] md: autorun ...
[    3.374264] md: ... autorun DONE.
[    3.381030] EXT4-fs (sdb4): INFO: recovery required on readonly filesystem
[    3.381972] EXT4-fs (sdb4): write access will be enabled during recovery
[    3.426882] usb 2-1.2.2: New USB device found, idVendor=046d, idProduct=c050, bcdDevice=27.20
[    3.428067] usb 2-1.2.2: New USB device strings: Mfr=1, Product=2, SerialNumber=0
[    3.429434] usb 2-1.2.2: Product: USB-PS/2 Optical Mouse
[    3.430722] usb 2-1.2.2: Manufacturer: Logitech
[    3.437024] input: Logitech USB-PS/2 Optical Mouse as /devices/pci0000:00/0000:00:1d.0/usb2/2-1/2-1.2/2-1.2.2/2-1.2.2:1.0/0003:046D:C050.0002/input/input15
[    3.440342] hid-generic 0003:046D:C050.0002: input,hidraw1: USB HID v1.10 Mouse [Logitech USB-PS/2 Optical Mouse] on usb-0000:00:1d.0-1.2.2/input0
[    3.516539] EXT4-fs (sdb4): orphan cleanup on readonly fs
[    3.564148] EXT4-fs (sdb4): 185 orphan inodes deleted
[    3.565923] EXT4-fs (sdb4): recovery complete
[    3.575641] EXT4-fs (sdb4): mounted filesystem with ordered data mode. Opts: (null)
[    3.577297] VFS: Mounted root (ext4 filesystem) readonly on device 8:20.
[    3.579292] devtmpfs: mounted
[    3.583151] Freeing unused kernel image memory: 1088K
[    3.584236] Write protecting the kernel read-only data: 24576k
[    3.586145] Freeing unused kernel image memory: 2008K
[    3.587507] Freeing unused kernel image memory: 808K
[    3.597578] x86/mm: Checked W+X mappings: passed, no W+X pages found.
[    3.598509] rodata_test: all tests were successful
[    3.599420] x86/mm: Checking user space page tables
[    3.609098] x86/mm: Checked W+X mappings: passed, no W+X pages found.
[    3.610040] Run /sbin/init as init process
[    3.640711] usb 2-1.2.3: new low-speed USB device number 7 using ehci-pci
[    3.661644] random: systemd: uninitialized urandom read (16 bytes read)
[    3.664799] systemd[1]: systemd 215 running in system mode. (+PAM +AUDIT +SELINUX +IMA +SYSVINIT +LIBCRYPTSETUP +GCRYPT +ACL +XZ -SECCOMP -APPARMOR)
[    3.689371] systemd[1]: Detected architecture 'x86-64'.
[    3.717800] systemd[1]: Failed to insert module 'ipv6'
[    3.719863] systemd[1]: Set hostname to <duo>.
[    3.738446] random: systemd-sysv-ge: uninitialized urandom read (16 bytes read)
[    3.778451] random: systemd-sysv-ge: uninitialized urandom read (16 bytes read)
[    3.858943] systemd[1]: Binding to IPv6 address not available since kernel does not support IPv6.
[    3.860104] systemd[1]: [/lib/systemd/system/gpsd.socket:6] Failed to parse address value, ignoring: [::1]:2947
[    3.865038] systemd[1]: Starting Forward Password Requests to Wall Directory Watch.
[    3.866454] systemd[1]: Started Forward Password Requests to Wall Directory Watch.
[    3.867450] systemd[1]: Starting Remote File Systems (Pre).
[    3.870974] systemd[1]: Reached target Remote File Systems (Pre).
[    3.876162] usb 2-1.2.3: New USB device found, idVendor=04f2, idProduct=0111, bcdDevice= 1.02
[    3.876165] usb 2-1.2.3: New USB device strings: Mfr=1, Product=2, SerialNumber=0
[    3.876168] usb 2-1.2.3: Product: USB Keyboard
[    3.876170] usb 2-1.2.3: Manufacturer: Chicony
[    3.881213] input: Chicony USB Keyboard as /devices/pci0000:00/0000:00:1d.0/usb2/2-1/2-1.2/2-1.2.3/2-1.2.3:1.0/0003:04F2:0111.0003/input/input16
[    3.945850] hid-generic 0003:04F2:0111.0003: input,hidraw2: USB HID v1.10 Keyboard [Chicony USB Keyboard] on usb-0000:00:1d.0-1.2.3/input0
[    3.953722] input: Chicony USB Keyboard System Control as /devices/pci0000:00/0000:00:1d.0/usb2/2-1/2-1.2/2-1.2.3/2-1.2.3:1.1/0003:04F2:0111.0004/input/input17
[    3.994974] systemd-udevd[2025]: starting version 215
[    4.013112] input: Chicony USB Keyboard Consumer Control as /devices/pci0000:00/0000:00:1d.0/usb2/2-1/2-1.2/2-1.2.3/2-1.2.3:1.1/0003:04F2:0111.0004/input/input18
[    4.016489] hid-generic 0003:04F2:0111.0004: input,hiddev96,hidraw3: USB HID v1.10 Device [Chicony USB Keyboard] on usb-0000:00:1d.0-1.2.3/input1
[    4.261323] e1000e 0000:00:19.0 eth2: renamed from eth0
[    4.281005] systemd-udevd[2623]: renamed network interface eth0 to eth2
[    4.281826] iwlwifi 0000:03:00.0 wlan1: renamed from wlan0
[    4.295171] systemd-udevd[2624]: renamed network interface wlan0 to wlan1
[    4.324980] Bluetooth: hci0: urb (____ptrval____) failed to resubmit (2)
[    4.875548] random: crng init done
[    4.876486] random: 7 urandom warning(s) missed due to ratelimiting
[    5.395495] EXT4-fs (sdb4): re-mounted. Opts: errors=remount-ro
[    5.536929] Adding 1681428k swap on /dev/sda1.  Priority:-2 extents:1 across:1681428k 
[   13.872057] EXT4-fs (sda2): mounted filesystem with ordered data mode. Opts: errors=remount-ro
[   13.934442] EXT4-fs (sdb2): mounted filesystem with ordered data mode. Opts: errors=remount-ro
[   13.983366] systemd-journald[2027]: Received request to flush runtime journal from PID 1
[   14.842716] device-mapper: table: 251:0: thin-pool: unknown target type
[   14.843390] device-mapper: ioctl: error adding target to table
[   16.048940] iwlwifi 0000:03:00.0: Radio type=0x0-0x0-0x3
[   16.123712] iwlwifi 0000:03:00.0: Radio type=0x0-0x0-0x3
[   18.066785] e1000e: eth2 NIC Link is Up 100 Mbps Full Duplex, Flow Control: Rx/Tx
[   18.066807] e1000e 0000:00:19.0 eth2: 10/100 speed: disabling TSO
