[    0.000000] Linux version 5.5.0+ (pavel@amd) (gcc version 4.9.2 (Debian 4.9.2-10+deb8u2)) #77 SMP PREEMPT Thu Jan 30 13:54:59 CET 2020
[    0.000000] Command line: BOOT_IMAGE=(hd1,2)/l/k/o/64/arch/x86/boot/bzImage root=/dev/sdb4 resume=/dev/sda1
[    0.000000] Disabled fast string operations
[    0.000000] x86/fpu: Supporting XSAVE feature 0x001: 'x87 floating point registers'
[    0.000000] x86/fpu: Supporting XSAVE feature 0x002: 'SSE registers'
[    0.000000] x86/fpu: Supporting XSAVE feature 0x004: 'AVX registers'
[    0.000000] x86/fpu: xstate_offset[2]:  576, xstate_sizes[2]:  256
[    0.000000] x86/fpu: Enabled xstate features 0x7, context size is 832 bytes, using 'standard' format.
[    0.000000] BIOS-provided physical RAM map:
[    0.000000] BIOS-e820: [mem 0x0000000000000000-0x000000000009d7ff] usable
[    0.000000] BIOS-e820: [mem 0x000000000009d800-0x000000000009ffff] reserved
[    0.000000] BIOS-e820: [mem 0x00000000000e0000-0x00000000000fffff] reserved
[    0.000000] BIOS-e820: [mem 0x0000000000100000-0x000000001fffffff] usable
[    0.000000] BIOS-e820: [mem 0x0000000020000000-0x00000000201fffff] reserved
[    0.000000] BIOS-e820: [mem 0x0000000020200000-0x000000003fffffff] usable
[    0.000000] BIOS-e820: [mem 0x0000000040000000-0x00000000401fffff] reserved
[    0.000000] BIOS-e820: [mem 0x0000000040200000-0x00000000da99efff] usable
[    0.000000] BIOS-e820: [mem 0x00000000da99f000-0x00000000dae9efff] reserved
[    0.000000] BIOS-e820: [mem 0x00000000dae9f000-0x00000000daf9efff] ACPI NVS
[    0.000000] BIOS-e820: [mem 0x00000000daf9f000-0x00000000daffefff] ACPI data
[    0.000000] BIOS-e820: [mem 0x00000000dafff000-0x00000000daffffff] usable
[    0.000000] BIOS-e820: [mem 0x00000000db000000-0x00000000df9fffff] reserved
[    0.000000] BIOS-e820: [mem 0x00000000f8000000-0x00000000fbffffff] reserved
[    0.000000] BIOS-e820: [mem 0x00000000fec00000-0x00000000fec00fff] reserved
[    0.000000] BIOS-e820: [mem 0x00000000fed08000-0x00000000fed08fff] reserved
[    0.000000] BIOS-e820: [mem 0x00000000fed10000-0x00000000fed19fff] reserved
[    0.000000] BIOS-e820: [mem 0x00000000fed1c000-0x00000000fed1ffff] reserved
[    0.000000] BIOS-e820: [mem 0x00000000fee00000-0x00000000fee00fff] reserved
[    0.000000] BIOS-e820: [mem 0x00000000ffd20000-0x00000000ffffffff] reserved
[    0.000000] BIOS-e820: [mem 0x0000000100000000-0x000000019e5fffff] usable
[    0.000000] BIOS-e820: [mem 0x000000019e600000-0x000000019e7fffff] reserved
[    0.000000] NX (Execute Disable) protection: active
[    0.000000] SMBIOS 2.6 present.
[    0.000000] DMI: LENOVO 42872WU/42872WU, BIOS 8DET74WW (1.44 ) 03/13/2018
[    0.000000] tsc: Fast TSC calibration using PIT
[    0.000000] tsc: Detected 2491.739 MHz processor
[    0.001590] e820: update [mem 0x00000000-0x00000fff] usable ==> reserved
[    0.001592] e820: remove [mem 0x000a0000-0x000fffff] usable
[    0.001600] last_pfn = 0x19e600 max_arch_pfn = 0x400000000
[    0.001605] MTRR default type: uncachable
[    0.001607] MTRR fixed ranges enabled:
[    0.001609]   00000-9FFFF write-back
[    0.001610]   A0000-BFFFF uncachable
[    0.001612]   C0000-FFFFF write-protect
[    0.001613] MTRR variable ranges enabled:
[    0.001615]   0 base 0FFC00000 mask FFFC00000 write-protect
[    0.001617]   1 base 000000000 mask F80000000 write-back
[    0.001619]   2 base 080000000 mask FC0000000 write-back
[    0.001620]   3 base 0C0000000 mask FE0000000 write-back
[    0.001621]   4 base 0DC000000 mask FFC000000 uncachable
[    0.001623]   5 base 0DB000000 mask FFF000000 uncachable
[    0.001624]   6 base 100000000 mask F80000000 write-back
[    0.001626]   7 base 180000000 mask FE0000000 write-back
[    0.001627]   8 base 19F000000 mask FFF000000 uncachable
[    0.001629]   9 base 19E800000 mask FFF800000 uncachable
[    0.002409] x86/PAT: Configuration [0-7]: WB  WC  UC- UC  WB  WP  UC- WT  
[    0.003811] last_pfn = 0xdb000 max_arch_pfn = 0x400000000
[    0.003832] reserving inaccessible SNB gfx pages
[    0.003838] BRK [0x06001000, 0x06001fff] PGTABLE
[    0.003841] BRK [0x06002000, 0x06002fff] PGTABLE
[    0.003843] BRK [0x06003000, 0x06003fff] PGTABLE
[    0.003905] BRK [0x06004000, 0x06004fff] PGTABLE
[    0.004057] BRK [0x06005000, 0x06005fff] PGTABLE
[    0.004326] BRK [0x06006000, 0x06006fff] PGTABLE
[    0.004829] ACPI: Early table checksum verification disabled
[    0.004836] ACPI: RSDP 0x00000000000F00E0 000024 (v02 LENOVO)
[    0.004841] ACPI: XSDT 0x00000000DAFFE120 0000AC (v01 LENOVO TP-8D    00001440 PTEC 00000002)
[    0.004848] ACPI: FACP 0x00000000DAFE7000 0000F4 (v04 LENOVO TP-8D    00001440 PTL  00000002)
[    0.004855] ACPI: DSDT 0x00000000DAFEA000 00FA89 (v01 LENOVO TP-8D    00001440 INTL 20061109)
[    0.004860] ACPI: FACS 0x00000000DAF2D000 000040
[    0.004863] ACPI: FACS 0x00000000DAF2D000 000040
[    0.004867] ACPI: SLIC 0x00000000DAFFD000 000176 (v01 LENOVO TP-8D    00001440 PTEC 00000001)
[    0.004871] ACPI: SSDT 0x00000000DAFFC000 000249 (v01 LENOVO TP-SSDT2 00000200 INTL 20061109)
[    0.004876] ACPI: SSDT 0x00000000DAFFB000 000033 (v01 LENOVO TP-SSDT1 00000100 INTL 20061109)
[    0.004880] ACPI: SSDT 0x00000000DAFFA000 0007D1 (v01 LENOVO SataAhci 00001000 INTL 20061109)
[    0.004884] ACPI: HPET 0x00000000DAFE6000 000038 (v01 LENOVO TP-8D    00001440 PTL  00000002)
[    0.004888] ACPI: APIC 0x00000000DAFE5000 000098 (v01 LENOVO TP-8D    00001440 PTL  00000002)
[    0.004893] ACPI: MCFG 0x00000000DAFE4000 00003C (v01 LENOVO TP-8D    00001440 PTL  00000002)
[    0.004897] ACPI: ECDT 0x00000000DAFE3000 000052 (v01 LENOVO TP-8D    00001440 PTL  00000002)
[    0.004901] ACPI: ASF! 0x00000000DAFE9000 0000A5 (v32 LENOVO TP-8D    00001440 PTL  00000002)
[    0.004905] ACPI: TCPA 0x00000000DAFE2000 000032 (v02 PTL    LENOVO   06040000 LNVO 00000001)
[    0.004910] ACPI: SSDT 0x00000000DAFE1000 000A27 (v01 PmRef  Cpu0Ist  00003000 INTL 20061109)
[    0.004914] ACPI: SSDT 0x00000000DAFE0000 000996 (v01 PmRef  CpuPm    00003000 INTL 20061109)
[    0.004918] ACPI: DMAR 0x00000000DAFDF000 0000E8 (v01 INTEL  SNB      00000001 INTL 00000001)
[    0.004922] ACPI: UEFI 0x00000000DAFDE000 00003E (v01 LENOVO TP-8D    00001440 PTL  00000002)
[    0.004926] ACPI: UEFI 0x00000000DAFDD000 000042 (v01 PTL    COMBUF   00000001 PTL  00000001)
[    0.004931] ACPI: UEFI 0x00000000DAFDC000 000292 (v01 LENOVO TP-8D    00001440 PTL  00000002)
[    0.004939] ACPI: Local APIC address 0xfee00000
[    0.004986] Zone ranges:
[    0.004988]   DMA      [mem 0x0000000000001000-0x0000000000ffffff]
[    0.004990]   DMA32    [mem 0x0000000001000000-0x00000000ffffffff]
[    0.004993]   Normal   [mem 0x0000000100000000-0x000000019e5fffff]
[    0.004995] Movable zone start for each node
[    0.004997] Early memory node ranges
[    0.004999]   node   0: [mem 0x0000000000001000-0x000000000009cfff]
[    0.005001]   node   0: [mem 0x0000000000100000-0x000000001fffffff]
[    0.005004]   node   0: [mem 0x0000000020200000-0x000000003fffffff]
[    0.005006]   node   0: [mem 0x0000000040200000-0x00000000da99efff]
[    0.005008]   node   0: [mem 0x00000000dafff000-0x00000000daffffff]
[    0.005010]   node   0: [mem 0x0000000100000000-0x000000019e5fffff]
[    0.005236] Zeroed struct page in unavailable ranges: 23236 pages
[    0.005237] Initmem setup node 0 [mem 0x0000000000001000-0x000000019e5fffff]
[    0.005241] On node 0 totalpages: 1542972
[    0.005243]   DMA zone: 56 pages used for memmap
[    0.005244]   DMA zone: 156 pages reserved
[    0.005245]   DMA zone: 3996 pages, LIFO batch:0
[    0.005289]   DMA32 zone: 12172 pages used for memmap
[    0.005290]   DMA32 zone: 890272 pages, LIFO batch:63
[    0.015333]   Normal zone: 8869 pages used for memmap
[    0.015337]   Normal zone: 648704 pages, LIFO batch:63
[    0.021975] Reserving Intel graphics memory at [mem 0xdba00000-0xdf9fffff]
[    0.022147] ACPI: PM-Timer IO Port: 0x408
[    0.022150] ACPI: Local APIC address 0xfee00000
[    0.022158] ACPI: LAPIC_NMI (acpi_id[0x00] high edge lint[0x1])
[    0.022160] ACPI: LAPIC_NMI (acpi_id[0x01] high edge lint[0x1])
[    0.022176] IOAPIC[0]: apic_id 2, version 32, address 0xfec00000, GSI 0-23
[    0.022180] ACPI: INT_SRC_OVR (bus 0 bus_irq 0 global_irq 2 dfl dfl)
[    0.022183] ACPI: INT_SRC_OVR (bus 0 bus_irq 9 global_irq 9 high level)
[    0.022187] ACPI: IRQ0 used by override.
[    0.022189] ACPI: IRQ9 used by override.
[    0.022193] Using ACPI (MADT) for SMP configuration information
[    0.022195] ACPI: HPET id: 0x8086a301 base: 0xfed00000
[    0.022201] smpboot: Allowing 8 CPUs, 4 hotplug CPUs
[    0.022230] PM: Registered nosave memory: [mem 0x00000000-0x00000fff]
[    0.022233] PM: Registered nosave memory: [mem 0x0009d000-0x0009dfff]
[    0.022235] PM: Registered nosave memory: [mem 0x0009e000-0x0009ffff]
[    0.022237] PM: Registered nosave memory: [mem 0x000a0000-0x000dffff]
[    0.022238] PM: Registered nosave memory: [mem 0x000e0000-0x000fffff]
[    0.022241] PM: Registered nosave memory: [mem 0x20000000-0x201fffff]
[    0.022244] PM: Registered nosave memory: [mem 0x40000000-0x401fffff]
[    0.022247] PM: Registered nosave memory: [mem 0xda99f000-0xdae9efff]
[    0.022249] PM: Registered nosave memory: [mem 0xdae9f000-0xdaf9efff]
[    0.022251] PM: Registered nosave memory: [mem 0xdaf9f000-0xdaffefff]
[    0.022254] PM: Registered nosave memory: [mem 0xdb000000-0xdf9fffff]
[    0.022256] PM: Registered nosave memory: [mem 0xdfa00000-0xf7ffffff]
[    0.022258] PM: Registered nosave memory: [mem 0xf8000000-0xfbffffff]
[    0.022260] PM: Registered nosave memory: [mem 0xfc000000-0xfebfffff]
[    0.022262] PM: Registered nosave memory: [mem 0xfec00000-0xfec00fff]
[    0.022263] PM: Registered nosave memory: [mem 0xfec01000-0xfed07fff]
[    0.022265] PM: Registered nosave memory: [mem 0xfed08000-0xfed08fff]
[    0.022267] PM: Registered nosave memory: [mem 0xfed09000-0xfed0ffff]
[    0.022269] PM: Registered nosave memory: [mem 0xfed10000-0xfed19fff]
[    0.022271] PM: Registered nosave memory: [mem 0xfed1a000-0xfed1bfff]
[    0.022273] PM: Registered nosave memory: [mem 0xfed1c000-0xfed1ffff]
[    0.022275] PM: Registered nosave memory: [mem 0xfed20000-0xfedfffff]
[    0.022277] PM: Registered nosave memory: [mem 0xfee00000-0xfee00fff]
[    0.022278] PM: Registered nosave memory: [mem 0xfee01000-0xffd1ffff]
[    0.022280] PM: Registered nosave memory: [mem 0xffd20000-0xffffffff]
[    0.022285] [mem 0xdfa00000-0xf7ffffff] available for PCI devices
[    0.022288] clocksource: refined-jiffies: mask: 0xffffffff max_cycles: 0xffffffff, max_idle_ns: 7645519600211568 ns
[    0.022297] setup_percpu: NR_CPUS:8 nr_cpumask_bits:8 nr_cpu_ids:8 nr_node_ids:1
[    0.024090] percpu: Embedded 61 pages/cpu s212168 r8192 d29496 u262144
[    0.024099] pcpu-alloc: s212168 r8192 d29496 u262144 alloc=1*2097152
[    0.024101] pcpu-alloc: [0] 0 1 2 3 4 5 6 7 
[    0.024128] Built 1 zonelists, mobility grouping on.  Total pages: 1521719
[    0.024132] Kernel command line: BOOT_IMAGE=(hd1,2)/l/k/o/64/arch/x86/boot/bzImage root=/dev/sdb4 resume=/dev/sda1
[    0.028004] Dentry cache hash table entries: 1048576 (order: 11, 8388608 bytes, linear)
[    0.029912] Inode-cache hash table entries: 524288 (order: 10, 4194304 bytes, linear)
[    0.030009] mem auto-init: stack:off, heap alloc:off, heap free:off
[    0.294474] Memory: 5970156K/6171888K available (16388K kernel code, 1150K rwdata, 5672K rodata, 1076K init, 5768K bss, 201732K reserved, 0K cma-reserved)
[    0.294498] random: get_random_u32 called from cache_alloc_refill+0x784/0xca0 with crng_init=0
[    0.295108] Kernel/User page tables isolation: enabled
[    0.295291] rcu: Preemptible hierarchical RCU implementation.
[    0.295294] 	Tasks RCU enabled.
[    0.295296] rcu: RCU calculated value of scheduler-enlistment delay is 25 jiffies.
[    0.295327] NR_IRQS: 4352, nr_irqs: 104, preallocated irqs: 16
[    0.297299] Console: colour VGA+ 80x25
[    0.306113] printk: console [tty0] enabled
[    0.306173] Lock dependency validator: Copyright (c) 2006 Red Hat, Inc., Ingo Molnar
[    0.306245] ... MAX_LOCKDEP_SUBCLASSES:  8
[    0.306304] ... MAX_LOCK_DEPTH:          48
[    0.306363] ... MAX_LOCKDEP_KEYS:        8192
[    0.306423] ... CLASSHASH_SIZE:          4096
[    0.306484] ... MAX_LOCKDEP_ENTRIES:     32768
[    0.306544] ... MAX_LOCKDEP_CHAINS:      65536
[    0.306604] ... CHAINHASH_SIZE:          32768
[    0.306665]  memory used by lock dependency info: 3509 kB
[    0.306729]  per task-struct memory footprint: 1920 bytes
[    0.306799] ACPI: Core revision 20191018
[    0.307140] clocksource: hpet: mask: 0xffffffff max_cycles: 0xffffffff, max_idle_ns: 133484882848 ns
[    0.307249] APIC: Switch to symmetric I/O mode setup
[    0.307769] ..TIMER: vector=0x30 apic1=0 pin1=2 apic2=-1 pin2=-1
[    0.327251] clocksource: tsc-early: mask: 0xffffffffffffffff max_cycles: 0x23eabe31ac0, max_idle_ns: 440795314782 ns
[    0.327349] Calibrating delay loop (skipped), value calculated using timer frequency.. 4983.47 BogoMIPS (lpj=9966956)
[    0.327445] pid_max: default: 32768 minimum: 301
[    0.327665] Mount-cache hash table entries: 16384 (order: 5, 131072 bytes, linear)
[    0.327754] Mountpoint-cache hash table entries: 16384 (order: 5, 131072 bytes, linear)
[    0.327882] *** VALIDATE tmpfs ***
[    0.328246] *** VALIDATE proc ***
[    0.328361] *** VALIDATE cgroup1 ***
[    0.328420] *** VALIDATE cgroup2 ***
[    0.328509] Disabled fast string operations
[    0.328579] process: using mwait in idle threads
[    0.328643] Last level iTLB entries: 4KB 512, 2MB 8, 4MB 8
[    0.328708] Last level dTLB entries: 4KB 512, 2MB 32, 4MB 32, 1GB 0
[    0.328777] Spectre V1 : Mitigation: usercopy/swapgs barriers and __user pointer sanitization
[    0.328864] Spectre V2 : Mitigation: Full generic retpoline
[    0.328929] Spectre V2 : Spectre v2 / SpectreRSB mitigation: Filling RSB on context switch
[    0.329004] Spectre V2 : Enabling Restricted Speculation for firmware calls
[    0.329074] Spectre V2 : mitigation: Enabling conditional Indirect Branch Prediction Barrier
[    0.329150] Spectre V2 : User space: Mitigation: STIBP via prctl
[    0.329216] Speculative Store Bypass: Vulnerable
[    0.329765] MDS: Vulnerable: Clear CPU buffers attempted, no microcode
[    0.329997] Freeing SMP alternatives memory: 48K
[    0.331133] TSC deadline timer enabled
[    0.331137] smpboot: CPU0: Intel(R) Core(TM) i5-2520M CPU @ 2.50GHz (family: 0x6, model: 0x2a, stepping: 0x7)
[    0.351415] Performance Events: PEBS fmt1+, SandyBridge events, 16-deep LBR, full-width counters, Intel PMU driver.
[    0.351544] ... version:                3
[    0.351604] ... bit width:              48
[    0.351665] ... generic registers:      4
[    0.351725] ... value mask:             0000ffffffffffff
[    0.351790] ... max period:             00007fffffffffff
[    0.351855] ... fixed-purpose events:   3
[    0.351915] ... event mask:             000000070000000f
[    0.359369] rcu: Hierarchical SRCU implementation.
[    0.371690] NMI watchdog: Enabled. Permanently consumes one hw-PMU counter.
[    0.379394] smp: Bringing up secondary CPUs ...
[    0.411802] x86: Booting SMP configuration:
[    0.411868] .... node  #0, CPUs:      #1
[    0.015779] Disabled fast string operations
[    0.414210] MDS CPU bug present and SMT on, data leak possible. See https://www.kernel.org/doc/html/latest/admin-guide/hw-vuln/mds.html for more details.
[    0.443798]  #2
[    0.015779] Disabled fast string operations
[    0.475798]  #3
[    0.015779] Disabled fast string operations
[    0.478096] smp: Brought up 1 node, 4 CPUs
[    0.478096] smpboot: Max logical packages: 2
[    0.478096] smpboot: Total of 4 processors activated (19933.91 BogoMIPS)
[    0.479690] devtmpfs: initialized
[    0.479887] PM: Registering ACPI NVS region [mem 0xdae9f000-0xdaf9efff] (1048576 bytes)
[    0.480289] clocksource: jiffies: mask: 0xffffffff max_cycles: 0xffffffff, max_idle_ns: 7645041785100000 ns
[    0.480289] futex hash table entries: 2048 (order: 6, 262144 bytes, linear)
[    0.480289] thermal_sys: Registered thermal governor 'step_wise'
[    0.480289] NET: Registered protocol family 16
[    0.481108] cpuidle: using governor ladder
[    0.481189] cpuidle: using governor menu
[    0.481318] ACPI FADT declares the system doesn't support PCIe ASPM, so disable it
[    0.481392] ACPI: bus type PCI registered
[    0.481756] PCI: MMCONFIG for domain 0000 [bus 00-3f] at [mem 0xf8000000-0xfbffffff] (base 0xf8000000)
[    0.483389] PCI: MMCONFIG at [mem 0xf8000000-0xfbffffff] reserved in E820
[    0.483470] PCI: Using configuration type 1 for base access
[    0.483571] core: PMU erratum BJ122, BV98, HSD29 worked around, HT is on
[    0.484012] ENERGY_PERF_BIAS: Set to 'normal', was 'performance'
[    0.515552] ACPI: Added _OSI(Module Device)
[    0.515618] ACPI: Added _OSI(Processor Device)
[    0.515680] ACPI: Added _OSI(3.0 _SCP Extensions)
[    0.515744] ACPI: Added _OSI(Processor Aggregator Device)
[    0.515810] ACPI: Added _OSI(Linux-Dell-Video)
[    0.515872] ACPI: Added _OSI(Linux-Lenovo-NV-HDMI-Audio)
[    0.515938] ACPI: Added _OSI(Linux-HPI-Hybrid-Graphics)
[    0.559933] ACPI: 6 ACPI AML tables successfully acquired and loaded
[    0.562585] ACPI: EC: EC started
[    0.562645] ACPI: EC: interrupt blocked
[    0.565317] ACPI: \: Used as first EC
[    0.565379] ACPI: \: GPE=0x11, IRQ=-1, EC_CMD/EC_SC=0x66, EC_DATA=0x62
[    0.565449] ACPI: EC: Boot ECDT EC used to handle transactions
[    0.566095] ACPI: [Firmware Bug]: BIOS _OSI(Linux) query ignored
[    0.576372] ACPI: Dynamic OEM Table Load:
[    0.576446] ACPI: SSDT 0xFFFF888197E97000 0008C0 (v01 PmRef  Cpu0Cst  00003001 INTL 20061109)
[    0.579264] ACPI: Dynamic OEM Table Load:
[    0.579337] ACPI: SSDT 0xFFFF888197195C00 000303 (v01 PmRef  ApIst    00003000 INTL 20061109)
[    0.581553] ACPI: Dynamic OEM Table Load:
[    0.581624] ACPI: SSDT 0xFFFF8881975DAC00 000119 (v01 PmRef  ApCst    00003000 INTL 20061109)
[    0.585565] ACPI: Interpreter enabled
[    0.585671] ACPI: (supports S0 S3 S4 S5)
[    0.585734] ACPI: Using IOAPIC for interrupt routing
[    0.585871] PCI: Using host bridge windows from ACPI; if necessary, use "pci=nocrs" and report a bug
[    0.586697] ACPI: Enabled 6 GPEs in block 00 to 3F
[    0.598614] ACPI: Power Resource [PUBS] (on)
[    0.599394] acpi PNP0C0A:01: ACPI dock station (docks/bays count: 1)
[    0.603426] acpi LNXIOBAY:00: ACPI dock station (docks/bays count: 2)
[    0.609573] acpi IBM0079:00: ACPI dock station (docks/bays count: 3)
[    0.611491] ACPI: PCI Interrupt Link [LNKA] (IRQs 3 4 5 6 7 9 10 *11)
[    0.611936] ACPI: PCI Interrupt Link [LNKB] (IRQs 3 4 5 6 7 9 10 *11)
[    0.612379] ACPI: PCI Interrupt Link [LNKC] (IRQs 3 4 5 6 7 9 10 *11)
[    0.612818] ACPI: PCI Interrupt Link [LNKD] (IRQs 3 4 5 6 7 9 *10 11)
[    0.613256] ACPI: PCI Interrupt Link [LNKE] (IRQs 3 4 5 6 *7 9 10 11)
[    0.613597] ACPI: PCI Interrupt Link [LNKF] (IRQs 3 4 5 6 7 9 10 11) *0, disabled.
[    0.614042] ACPI: PCI Interrupt Link [LNKG] (IRQs 3 4 5 6 *7 9 10 11)
[    0.614480] ACPI: PCI Interrupt Link [LNKH] (IRQs 3 4 5 6 7 9 *10 11)
[    0.615390] ACPI: PCI Root Bridge [PCI0] (domain 0000 [bus 00-fe])
[    0.615390] acpi PNP0A08:00: _OSC: OS supports [ExtendedConfig ASPM ClockPM Segments HPX-Type3]
[    0.615398] acpi PNP0A08:00: _OSC: not requesting OS control; OS requires [ExtendedConfig ASPM ClockPM MSI]
[    0.615502] acpi PNP0A08:00: [Firmware Info]: MMCONFIG for domain 0000 [bus 00-3f] only partially covers this bridge
[    0.615741] PCI host bridge to bus 0000:00
[    0.615806] pci_bus 0000:00: root bus resource [io  0x0000-0x0cf7 window]
[    0.615880] pci_bus 0000:00: root bus resource [io  0x0d00-0xffff window]
[    0.615953] pci_bus 0000:00: root bus resource [mem 0x000a0000-0x000bffff window]
[    0.616028] pci_bus 0000:00: root bus resource [mem 0xdfa00000-0xfebfffff window]
[    0.616103] pci_bus 0000:00: root bus resource [mem 0xfed40000-0xfed4bfff window]
[    0.616180] pci_bus 0000:00: root bus resource [bus 00-fe]
[    0.616274] pci 0000:00:00.0: [8086:0104] type 00 class 0x060000
[    0.616578] pci 0000:00:02.0: [8086:0126] type 00 class 0x030000
[    0.616660] pci 0000:00:02.0: reg 0x10: [mem 0xf0000000-0xf03fffff 64bit]
[    0.616739] pci 0000:00:02.0: reg 0x18: [mem 0xe0000000-0xefffffff 64bit pref]
[    0.616817] pci 0000:00:02.0: reg 0x20: [io  0x5000-0x503f]
[    0.617224] pci 0000:00:16.0: [8086:1c3a] type 00 class 0x078000
[    0.617326] pci 0000:00:16.0: reg 0x10: [mem 0xf2525000-0xf252500f 64bit]
[    0.617496] pci 0000:00:16.0: PME# supported from D0 D3hot D3cold
[    0.617791] pci 0000:00:19.0: [8086:1502] type 00 class 0x020000
[    0.617887] pci 0000:00:19.0: reg 0x10: [mem 0xf2500000-0xf251ffff]
[    0.617967] pci 0000:00:19.0: reg 0x14: [mem 0xf252b000-0xf252bfff]
[    0.618047] pci 0000:00:19.0: reg 0x18: [io  0x5080-0x509f]
[    0.618194] pci 0000:00:19.0: PME# supported from D0 D3hot D3cold
[    0.618540] pci 0000:00:1a.0: [8086:1c2d] type 00 class 0x0c0320
[    0.618637] pci 0000:00:1a.0: reg 0x10: [mem 0xf252a000-0xf252a3ff]
[    0.618816] pci 0000:00:1a.0: PME# supported from D0 D3hot D3cold
[    0.619387] pci 0000:00:1b.0: [8086:1c20] type 00 class 0x040300
[    0.619387] pci 0000:00:1b.0: reg 0x10: [mem 0xf2520000-0xf2523fff 64bit]
[    0.619454] pci 0000:00:1b.0: PME# supported from D0 D3hot D3cold
[    0.619808] pci 0000:00:1c.0: [8086:1c10] type 01 class 0x060400
[    0.620034] pci 0000:00:1c.0: PME# supported from D0 D3hot D3cold
[    0.620400] pci 0000:00:1c.1: [8086:1c12] type 01 class 0x060400
[    0.620637] pci 0000:00:1c.1: PME# supported from D0 D3hot D3cold
[    0.621004] pci 0000:00:1c.3: [8086:1c16] type 01 class 0x060400
[    0.621238] pci 0000:00:1c.3: PME# supported from D0 D3hot D3cold
[    0.621604] pci 0000:00:1c.4: [8086:1c18] type 01 class 0x060400
[    0.621840] pci 0000:00:1c.4: PME# supported from D0 D3hot D3cold
[    0.622209] pci 0000:00:1d.0: [8086:1c26] type 00 class 0x0c0320
[    0.622306] pci 0000:00:1d.0: reg 0x10: [mem 0xf2529000-0xf25293ff]
[    0.622485] pci 0000:00:1d.0: PME# supported from D0 D3hot D3cold
[    0.623389] pci 0000:00:1f.0: [8086:1c4f] type 00 class 0x060100
[    0.623396] pci 0000:00:1f.2: [8086:1c03] type 00 class 0x010601
[    0.623396] pci 0000:00:1f.2: reg 0x10: [io  0x50a8-0x50af]
[    0.623455] pci 0000:00:1f.2: reg 0x14: [io  0x50bc-0x50bf]
[    0.623532] pci 0000:00:1f.2: reg 0x18: [io  0x50a0-0x50a7]
[    0.623609] pci 0000:00:1f.2: reg 0x1c: [io  0x50b8-0x50bb]
[    0.623685] pci 0000:00:1f.2: reg 0x20: [io  0x5060-0x507f]
[    0.623761] pci 0000:00:1f.2: reg 0x24: [mem 0xf2528000-0xf25287ff]
[    0.623892] pci 0000:00:1f.2: PME# supported from D3hot
[    0.624235] pci 0000:00:1f.3: [8086:1c22] type 00 class 0x0c0500
[    0.624331] pci 0000:00:1f.3: reg 0x10: [mem 0xf2524000-0xf25240ff 64bit]
[    0.624427] pci 0000:00:1f.3: reg 0x20: [io  0xefa0-0xefbf]
[    0.624871] pci 0000:00:1c.0: PCI bridge to [bus 02]
[    0.625260] pci 0000:03:00.0: [8086:0084] type 00 class 0x028000
[    0.625733] pci 0000:03:00.0: reg 0x10: [mem 0xf2400000-0xf2401fff 64bit]
[    0.626929] pci 0000:03:00.0: PME# supported from D0 D3hot D3cold
[    0.627760] pci 0000:00:1c.1: PCI bridge to [bus 03]
[    0.627834] pci 0000:00:1c.1:   bridge window [mem 0xf2400000-0xf24fffff]
[    0.628015] pci 0000:00:1c.3: PCI bridge to [bus 05-0c]
[    0.628086] pci 0000:00:1c.3:   bridge window [io  0x4000-0x4fff]
[    0.628159] pci 0000:00:1c.3:   bridge window [mem 0xf1c00000-0xf23fffff]
[    0.628240] pci 0000:00:1c.3:   bridge window [mem 0xf0400000-0xf0bfffff 64bit pref]
[    0.628526] pci 0000:0d:00.0: [1180:e822] type 00 class 0x088001
[    0.628804] pci 0000:0d:00.0: MMC controller base frequency changed to 50Mhz.
[    0.629091] pci 0000:0d:00.0: reg 0x10: [mem 0xf1400000-0xf14000ff]
[    0.629632] pci 0000:0d:00.0: supports D1 D2
[    0.629695] pci 0000:0d:00.0: PME# supported from D0 D1 D2 D3hot D3cold
[    0.630263] pci 0000:00:1c.4: PCI bridge to [bus 0d]
[    0.630333] pci 0000:00:1c.4:   bridge window [io  0x3000-0x3fff]
[    0.630407] pci 0000:00:1c.4:   bridge window [mem 0xf1400000-0xf1bfffff]
[    0.630487] pci 0000:00:1c.4:   bridge window [mem 0xf0c00000-0xf13fffff 64bit pref]
[    0.630603] pci_bus 0000:00: on NUMA node 0
[    0.633715] ACPI: EC: interrupt unblocked
[    0.633791] ACPI: EC: event unblocked
[    0.633859] ACPI: \_SB_.PCI0.LPC_.EC__: GPE=0x11, IRQ=-1, EC_CMD/EC_SC=0x66, EC_DATA=0x62
[    0.633939] ACPI: \_SB_.PCI0.LPC_.EC__: Boot DSDT EC used to handle transactions and events
[    0.634382] pci 0000:00:02.0: vgaarb: setting as boot VGA device
[    0.634382] pci 0000:00:02.0: vgaarb: VGA device added: decodes=io+mem,owns=io+mem,locks=none
[    0.634382] pci 0000:00:02.0: vgaarb: bridge control possible
[    0.634382] vgaarb: loaded
[    0.635410] SCSI subsystem initialized
[    0.635439] libata version 3.00 loaded.
[    0.635608] ACPI: bus type USB registered
[    0.635768] usbcore: registered new interface driver usbfs
[    0.635868] usbcore: registered new interface driver hub
[    0.635991] usbcore: registered new device driver usb
[    0.636121] mc: Linux media interface: v0.10
[    0.636232] videodev: Linux video capture interface: v2.00
[    0.636332] pps_core: LinuxPPS API ver. 1 registered
[    0.636399] pps_core: Software ver. 5.3.6 - Copyright 2005-2007 Rodolfo Giometti <giometti@linux.it>
[    0.636999] PTP clock support registered
[    0.637127] EDAC MC: Ver: 3.0.0
[    0.637127] Advanced Linux Sound Architecture Driver Initialized.
[    0.637127] PCI: Using ACPI for IRQ routing
[    0.640103] PCI: pci_cache_line_size set to 64 bytes
[    0.640501] e820: reserve RAM buffer [mem 0x0009d800-0x0009ffff]
[    0.640504] e820: reserve RAM buffer [mem 0xda99f000-0xdbffffff]
[    0.640507] e820: reserve RAM buffer [mem 0xdb000000-0xdbffffff]
[    0.640509] e820: reserve RAM buffer [mem 0x19e600000-0x19fffffff]
[    0.640934] Bluetooth: Core ver 2.22
[    0.641027] NET: Registered protocol family 31
[    0.641096] Bluetooth: HCI device and connection manager initialized
[    0.641174] Bluetooth: HCI socket layer initialized
[    0.641239] Bluetooth: L2CAP socket layer initialized
[    0.641315] Bluetooth: SCO socket layer initialized
[    0.641487] clocksource: Switched to clocksource tsc-early
[    0.641487] *** VALIDATE ramfs ***
[    0.641487] pnp: PnP ACPI init
[    0.641555] system 00:00: [mem 0x00000000-0x0009ffff] could not be reserved
[    0.641642] system 00:00: [mem 0x000c0000-0x000c3fff] could not be reserved
[    0.641718] system 00:00: [mem 0x000c4000-0x000c7fff] could not be reserved
[    0.641792] system 00:00: [mem 0x000c8000-0x000cbfff] has been reserved
[    0.641865] system 00:00: [mem 0x000cc000-0x000cffff] has been reserved
[    0.641938] system 00:00: [mem 0x000d0000-0x000d3fff] has been reserved
[    0.642011] system 00:00: [mem 0x000d4000-0x000d7fff] has been reserved
[    0.642084] system 00:00: [mem 0x000d8000-0x000dbfff] has been reserved
[    0.642156] system 00:00: [mem 0x000dc000-0x000dffff] has been reserved
[    0.642230] system 00:00: [mem 0x000e0000-0x000e3fff] could not be reserved
[    0.642305] system 00:00: [mem 0x000e4000-0x000e7fff] could not be reserved
[    0.642380] system 00:00: [mem 0x000e8000-0x000ebfff] could not be reserved
[    0.642454] system 00:00: [mem 0x000ec000-0x000effff] could not be reserved
[    0.642529] system 00:00: [mem 0x000f0000-0x000fffff] could not be reserved
[    0.642604] system 00:00: [mem 0x00100000-0xdf9fffff] could not be reserved
[    0.642679] system 00:00: [mem 0xfec00000-0xfed3ffff] could not be reserved
[    0.642754] system 00:00: [mem 0xfed4c000-0xffffffff] could not be reserved
[    0.642856] system 00:00: Plug and Play ACPI device, IDs PNP0c01 (active)
[    0.643176] system 00:01: [io  0x0400-0x047f] has been reserved
[    0.643257] system 00:01: [io  0x0500-0x057f] has been reserved
[    0.643328] system 00:01: [io  0x0800-0x080f] has been reserved
[    0.643399] system 00:01: [io  0x15e0-0x15ef] has been reserved
[    0.643469] system 00:01: [io  0x1600-0x167f] has been reserved
[    0.643540] system 00:01: [mem 0xf8000000-0xfbffffff] has been reserved
[    0.643614] system 00:01: [mem 0x00000000-0x00000fff] could not be reserved
[    0.643688] system 00:01: [mem 0xfed1c000-0xfed1ffff] has been reserved
[    0.643761] system 00:01: [mem 0xfed10000-0xfed13fff] has been reserved
[    0.643834] system 00:01: [mem 0xfed18000-0xfed18fff] has been reserved
[    0.643907] system 00:01: [mem 0xfed19000-0xfed19fff] has been reserved
[    0.643980] system 00:01: [mem 0xfed45000-0xfed4bfff] has been reserved
[    0.644072] system 00:01: Plug and Play ACPI device, IDs PNP0c02 (active)
[    0.644250] pnp 00:02: Plug and Play ACPI device, IDs PNP0b00 (active)
[    0.644347] pnp 00:03: Plug and Play ACPI device, IDs PNP0303 (active)
[    0.644441] pnp 00:04: Plug and Play ACPI device, IDs LEN0020 PNP0f13 (active)
[    0.644622] pnp 00:05: Plug and Play ACPI device, IDs SMO1200 PNP0c31 (active)
[    0.645863] pnp: PnP ACPI: found 6 devices
[    0.656549] clocksource: acpi_pm: mask: 0xffffff max_cycles: 0xffffff, max_idle_ns: 2085701024 ns
[    0.656650] pci 0000:00:1c.0: bridge window [io  0x1000-0x0fff] to [bus 02] add_size 1000
[    0.656728] pci 0000:00:1c.0: bridge window [mem 0x00100000-0x000fffff 64bit pref] to [bus 02] add_size 200000 add_align 100000
[    0.656828] pci 0000:00:1c.0: bridge window [mem 0x00100000-0x000fffff] to [bus 02] add_size 200000 add_align 100000
[    0.656935] pci 0000:00:1c.0: BAR 8: assigned [mem 0xdfa00000-0xdfbfffff]
[    0.657010] pci 0000:00:1c.0: BAR 9: assigned [mem 0xdfc00000-0xdfdfffff 64bit pref]
[    0.657086] pci 0000:00:1c.0: BAR 7: assigned [io  0x2000-0x2fff]
[    0.657158] pci 0000:00:1c.0: PCI bridge to [bus 02]
[    0.657225] pci 0000:00:1c.0:   bridge window [io  0x2000-0x2fff]
[    0.657300] pci 0000:00:1c.0:   bridge window [mem 0xdfa00000-0xdfbfffff]
[    0.657375] pci 0000:00:1c.0:   bridge window [mem 0xdfc00000-0xdfdfffff 64bit pref]
[    0.657456] pci 0000:00:1c.1: PCI bridge to [bus 03]
[    0.657526] pci 0000:00:1c.1:   bridge window [mem 0xf2400000-0xf24fffff]
[    0.657608] pci 0000:00:1c.3: PCI bridge to [bus 05-0c]
[    0.657675] pci 0000:00:1c.3:   bridge window [io  0x4000-0x4fff]
[    0.657748] pci 0000:00:1c.3:   bridge window [mem 0xf1c00000-0xf23fffff]
[    0.657822] pci 0000:00:1c.3:   bridge window [mem 0xf0400000-0xf0bfffff 64bit pref]
[    0.657904] pci 0000:00:1c.4: PCI bridge to [bus 0d]
[    0.657970] pci 0000:00:1c.4:   bridge window [io  0x3000-0x3fff]
[    0.658043] pci 0000:00:1c.4:   bridge window [mem 0xf1400000-0xf1bfffff]
[    0.658117] pci 0000:00:1c.4:   bridge window [mem 0xf0c00000-0xf13fffff 64bit pref]
[    0.658200] pci_bus 0000:00: resource 4 [io  0x0000-0x0cf7 window]
[    0.658268] pci_bus 0000:00: resource 5 [io  0x0d00-0xffff window]
[    0.658336] pci_bus 0000:00: resource 6 [mem 0x000a0000-0x000bffff window]
[    0.658407] pci_bus 0000:00: resource 7 [mem 0xdfa00000-0xfebfffff window]
[    0.658478] pci_bus 0000:00: resource 8 [mem 0xfed40000-0xfed4bfff window]
[    0.658549] pci_bus 0000:02: resource 0 [io  0x2000-0x2fff]
[    0.658615] pci_bus 0000:02: resource 1 [mem 0xdfa00000-0xdfbfffff]
[    0.658684] pci_bus 0000:02: resource 2 [mem 0xdfc00000-0xdfdfffff 64bit pref]
[    0.658756] pci_bus 0000:03: resource 1 [mem 0xf2400000-0xf24fffff]
[    0.658825] pci_bus 0000:05: resource 0 [io  0x4000-0x4fff]
[    0.658891] pci_bus 0000:05: resource 1 [mem 0xf1c00000-0xf23fffff]
[    0.658959] pci_bus 0000:05: resource 2 [mem 0xf0400000-0xf0bfffff 64bit pref]
[    0.659031] pci_bus 0000:0d: resource 0 [io  0x3000-0x3fff]
[    0.659097] pci_bus 0000:0d: resource 1 [mem 0xf1400000-0xf1bfffff]
[    0.659166] pci_bus 0000:0d: resource 2 [mem 0xf0c00000-0xf13fffff 64bit pref]
[    0.659541] NET: Registered protocol family 2
[    0.659930] tcp_listen_portaddr_hash hash table entries: 4096 (order: 6, 294912 bytes, linear)
[    0.660167] TCP established hash table entries: 65536 (order: 7, 524288 bytes, linear)
[    0.660342] TCP bind hash table entries: 65536 (order: 10, 4194304 bytes, linear)
[    0.662638] TCP: Hash tables configured (established 65536 bind 65536)
[    0.663049] UDP hash table entries: 4096 (order: 7, 655360 bytes, linear)
[    0.663452] UDP-Lite hash table entries: 4096 (order: 7, 655360 bytes, linear)
[    0.663940] NET: Registered protocol family 1
[    0.664355] RPC: Registered named UNIX socket transport module.
[    0.664425] RPC: Registered udp transport module.
[    0.664489] RPC: Registered tcp transport module.
[    0.664553] RPC: Registered tcp NFSv4.1 backchannel transport module.
[    0.664893] pci 0000:00:02.0: Video device with shadowed ROM at [mem 0x000c0000-0x000dffff]
[    0.665952] PCI: CLS 64 bytes, default 64
[    0.666074] PCI-DMA: Using software bounce buffering for IO (SWIOTLB)
[    0.666144] software IO TLB: mapped [mem 0xd699f000-0xda99f000] (64MB)
[    0.669188] Initialise system trusted keyrings
[    0.669355] workingset: timestamp_bits=62 max_order=21 bucket_order=0
[    0.670789] Installing knfsd (copyright (C) 1996 okir@monad.swb.de).
[    0.672138] ntfs: driver 2.1.32 [Flags: R/W].
[    0.672335] fuse: init (API version 7.31)
[    0.672410] *** VALIDATE fuse ***
[    0.672470] *** VALIDATE fuse ***
[    0.677165] Key type asymmetric registered
[    0.677232] Asymmetric key parser 'x509' registered
[    0.677325] Block layer SCSI generic (bsg) driver version 0.4 loaded (major 249)
[    0.677414] io scheduler mq-deadline registered
[    0.677499] io scheduler bfq registered
[    0.677756] pcieport 0000:00:1c.0: enabling device (0000 -> 0003)
[    0.679548] intel_idle: MWAIT substates: 0x21120
[    0.679551] intel_idle: v0.4.1 model 0x2A
[    0.680267] intel_idle: lapic_timer_reliable_states 0xffffffff
[    0.680725] ACPI: Deprecated procfs I/F for AC is loaded, please retry with CONFIG_ACPI_PROCFS_POWER cleared
[    0.681070] ACPI: AC Adapter [AC] (on-line)
[    0.681368] input: Lid Switch as /devices/LNXSYSTM:00/LNXSYBUS:00/PNP0C0D:00/input/input0
[    0.683595] ACPI: Lid Switch [LID]
[    0.683826] input: Sleep Button as /devices/LNXSYSTM:00/LNXSYBUS:00/PNP0C0E:00/input/input1
[    0.687459] ACPI: Sleep Button [SLPB]
[    0.687683] input: Power Button as /devices/LNXSYSTM:00/LNXPWRBN:00/input/input2
[    0.691558] ACPI: Power Button [PWRF]
[    0.695007] thermal LNXTHERM:00: registered as thermal_zone0
[    0.695078] ACPI: Thermal Zone [THM0] (55 C)
[    0.695515] Serial: 8250/16550 driver, 4 ports, IRQ sharing disabled
[    0.695736] battery: ACPI: Deprecated procfs I/F for battery is loaded, please retry with CONFIG_ACPI_PROCFS_POWER cleared
[    0.695895] battery: ACPI: Battery Slot [BAT0] (battery absent)
[    0.696912] lp: driver loaded but no devices found
[    0.697090] Non-volatile memory driver v1.3
[    0.697374] Linux agpgart interface v0.103
[    0.697768] [drm] radeon kernel modesetting enabled.
[    0.698772] i915 0000:00:02.0: vgaarb: deactivate vga console
[    0.699334] Console: switching to colour dummy device 80x25
[    0.711515] [drm] Supports vblank timestamp caching Rev 2 (21.10.2013).
[    0.711537] [drm] Driver supports precise vblank timestamp query.
[    0.712721] i915 0000:00:02.0: vgaarb: changed VGA decodes: olddecodes=io+mem,decodes=io+mem:owns=io+mem
[    0.809587] [drm] Initialized i915 1.6.0 20191101 for 0000:00:02.0 on minor 0
[    0.811631] ACPI: Video Device [VID] (multi-head: yes  rom: no  post: no)
[    0.812258] input: Video Bus as /devices/LNXSYSTM:00/LNXSYBUS:00/PNP0A08:00/LNXVIDEO:00/input/input3
[    0.812661] usbcore: registered new interface driver udl
[    0.823505] loop: module loaded
[    0.888575] ahci 0000:00:1f.2: version 3.0
[    0.889192] ahci 0000:00:1f.2: SSS flag set, parallel bus scan disabled
[    0.899531] ahci 0000:00:1f.2: AHCI 0001.0300 32 slots 6 ports 6 Gbps 0x17 impl SATA mode
[    0.899575] ahci 0000:00:1f.2: flags: 64bit ncq sntf ilck stag pm led clo pio slum part ems sxs apst 
[    0.938120] scsi host0: ahci
[    0.938490] scsi host1: ahci
[    0.938791] scsi host2: ahci
[    0.939158] scsi host3: ahci
[    0.939513] scsi host4: ahci
[    0.939896] scsi host5: ahci
[    0.940104] ata1: SATA max UDMA/133 abar m2048@0xf2528000 port 0xf2528100 irq 19
[    0.940137] ata2: SATA max UDMA/133 abar m2048@0xf2528000 port 0xf2528180 irq 19
[    0.940159] ata3: SATA max UDMA/133 abar m2048@0xf2528000 port 0xf2528200 irq 19
[    0.940177] ata4: DUMMY
[    0.940184] ata5: SATA max UDMA/133 abar m2048@0xf2528000 port 0xf2528300 irq 19
[    0.940202] ata6: DUMMY
[    0.941212] tun: Universal TUN/TAP device driver, 1.6
[    0.941652] e1000e: Intel(R) PRO/1000 Network Driver - 3.2.6-k
[    0.941673] e1000e: Copyright(c) 1999 - 2015 Intel Corporation.
[    0.942199] e1000e 0000:00:19.0: Interrupt Throttling Rate (ints/sec) set to dynamic conservative mode
[    1.038803] e1000e 0000:00:19.0 0000:00:19.0 (uninitialized): registered PHC clock
[    1.096994] fbcon: i915drmfb (fb0) is primary device
[    1.132320] e1000e 0000:00:19.0 eth0: (PCI Express:2.5GT/s:Width x1) f0:de:f1:e3:99:75
[    1.132342] e1000e 0000:00:19.0 eth0: Intel(R) PRO/1000 Network Connection
[    1.132392] e1000e 0000:00:19.0 eth0: MAC: 10, PHY: 11, PBA No: 1000FF-0FF
[    1.132555] PPP generic driver version 2.4.2
[    1.132729] PPP BSD Compression module registered
[    1.132731] PPP Deflate Compression module registered
[    1.132732] SLIP: version 0.8.4-NET3.019-NEWTTY (dynamic channels, max=256).
[    1.132733] CSLIP: code copyright 1989 Regents of the University of California.
[    1.132786] iwl3945: Intel(R) PRO/Wireless 3945ABG/BG Network Connection driver for Linux, in-tree:ds
[    1.132787] iwl3945: Copyright(c) 2003-2011 Intel Corporation
[    1.132787] iwl3945: hw_scan is disabled
[    1.132824] Intel(R) Wireless WiFi driver for Linux
[    1.132825] Copyright(c) 2003- 2015 Intel Corporation
[    1.133361] iwlwifi 0000:03:00.0: pci_enable_msi failed - -38
[    1.133701] iwlwifi 0000:03:00.0: loaded firmware version 39.31.5.1 build 35138 op_mode iwldvm
[    1.133927] iwlwifi 0000:03:00.0: CONFIG_IWLWIFI_DEBUG disabled
[    1.133928] iwlwifi 0000:03:00.0: CONFIG_IWLWIFI_DEBUGFS disabled
[    1.133930] iwlwifi 0000:03:00.0: CONFIG_IWLWIFI_DEVICE_TRACING disabled
[    1.133931] iwlwifi 0000:03:00.0: Detected Intel(R) Centrino(R) Wireless-N 1000 BGN, REV=0x6C
[    1.176022] ieee80211 phy0: Selected rate control algorithm 'iwl-agn-rs'
[    1.176650] usbcore: registered new interface driver ax88179_178a
[    1.176694] usbcore: registered new interface driver cdc_ether
[    1.176732] usbcore: registered new interface driver cdc_eem
[    1.176772] usbcore: registered new interface driver net1080
[    1.176810] usbcore: registered new interface driver cdc_subset
[    1.176854] usbcore: registered new interface driver zaurus
[    1.176907] usbcore: registered new interface driver cdc_ncm
[    1.176947] usbcore: registered new interface driver cdc_mbim
[    1.177282] ehci_hcd: USB 2.0 'Enhanced' Host Controller (EHCI) Driver
[    1.177290] ehci-pci: EHCI PCI platform driver
[    1.177622] ehci-pci 0000:00:1a.0: EHCI Host Controller
[    1.177779] ehci-pci 0000:00:1a.0: new USB bus registered, assigned bus number 1
[    1.177810] ehci-pci 0000:00:1a.0: debug port 2
[    1.181778] ehci-pci 0000:00:1a.0: cache line size of 64 is not supported
[    1.181791] ehci-pci 0000:00:1a.0: irq 16, io mem 0xf252a000
[    1.195511] ehci-pci 0000:00:1a.0: USB 2.0 started, EHCI 1.00
[    1.195731] usb usb1: New USB device found, idVendor=1d6b, idProduct=0002, bcdDevice= 5.05
[    1.195733] usb usb1: New USB device strings: Mfr=3, Product=2, SerialNumber=1
[    1.195735] usb usb1: Product: EHCI Host Controller
[    1.195736] usb usb1: Manufacturer: Linux 5.5.0+ ehci_hcd
[    1.195738] usb usb1: SerialNumber: 0000:00:1a.0
[    1.196177] hub 1-0:1.0: USB hub found
[    1.196205] hub 1-0:1.0: 3 ports detected
[    1.197206] ehci-pci 0000:00:1d.0: EHCI Host Controller
[    1.197345] ehci-pci 0000:00:1d.0: new USB bus registered, assigned bus number 2
[    1.197374] ehci-pci 0000:00:1d.0: debug port 2
[    1.201309] ehci-pci 0000:00:1d.0: cache line size of 64 is not supported
[    1.201338] ehci-pci 0000:00:1d.0: irq 23, io mem 0xf2529000
[    1.215512] ehci-pci 0000:00:1d.0: USB 2.0 started, EHCI 1.00
[    1.216057] usb usb2: New USB device found, idVendor=1d6b, idProduct=0002, bcdDevice= 5.05
[    1.216059] usb usb2: New USB device strings: Mfr=3, Product=2, SerialNumber=1
[    1.216061] usb usb2: Product: EHCI Host Controller
[    1.216063] usb usb2: Manufacturer: Linux 5.5.0+ ehci_hcd
[    1.216064] usb usb2: SerialNumber: 0000:00:1d.0
[    1.216556] hub 2-0:1.0: USB hub found
[    1.216590] hub 2-0:1.0: 3 ports detected
[    1.217273] ohci_hcd: USB 1.1 'Open' Host Controller (OHCI) Driver
[    1.217288] ohci-pci: OHCI PCI platform driver
[    1.217350] uhci_hcd: USB Universal Host Controller Interface driver
[    1.217523] usbcore: registered new interface driver cdc_acm
[    1.217525] cdc_acm: USB Abstract Control Model driver for USB modems and ISDN adapters
[    1.217577] usbcore: registered new interface driver usblp
[    1.217618] usbcore: registered new interface driver cdc_wdm
[    1.217661] usbcore: registered new interface driver usb-storage
[    1.217700] usbcore: registered new interface driver ums-sddr09
[    1.217812] usbcore: registered new interface driver usbserial_generic
[    1.217871] usbserial: USB Serial support registered for generic
[    1.217914] usbcore: registered new interface driver ch341
[    1.217944] usbserial: USB Serial support registered for ch341-uart
[    1.217986] usbcore: registered new interface driver cp210x
[    1.218018] usbserial: USB Serial support registered for cp210x
[    1.218063] usbcore: registered new interface driver ftdi_sio
[    1.218093] usbserial: USB Serial support registered for FTDI USB Serial Device
[    1.218146] usbcore: registered new interface driver option
[    1.218178] usbserial: USB Serial support registered for GSM modem (1-port)
[    1.218245] usbcore: registered new interface driver pl2303
[    1.218277] usbserial: USB Serial support registered for pl2303
[    1.218321] usbcore: registered new interface driver ti_usb_3410_5052
[    1.218353] usbserial: USB Serial support registered for TI USB 3410 1 port adapter
[    1.218384] usbserial: USB Serial support registered for TI USB 5052 2 port adapter
[    1.218389] ftdi_elan: driver ftdi-elan
[    1.218432] usbcore: registered new interface driver ftdi-elan
[    1.218576] i8042: PNP: PS/2 Controller [PNP0303:KBD,PNP0f13:MOU] at 0x60,0x64 irq 1,12
[    1.222089] serio: i8042 KBD port at 0x60,0x64 irq 1
[    1.222229] serio: i8042 AUX port at 0x60,0x64 irq 12
[    1.222675] mousedev: PS/2 mouse device common for all mice
[    1.223497] input: PC Speaker as /devices/platform/pcspkr/input/input5
[    1.223845] rtc_cmos 00:02: RTC can wake from S4
[    1.224241] rtc_cmos 00:02: registered as rtc0
[    1.224340] rtc_cmos 00:02: alarms up to one month, y3k, 114 bytes nvram, hpet irqs
[    1.224383] i2c /dev entries driver
[    1.225502] usbcore: registered new interface driver uvcvideo
[    1.225504] USB Video Class driver (1.1.1)
[    1.225505] gspca_main: v2.14.0 registered
[    1.225548] usbcore: registered new interface driver sq930x
[    1.226300] device-mapper: ioctl: 4.41.0-ioctl (2019-09-16) initialised: dm-devel@redhat.com
[    1.226303] Bluetooth: HCI UART driver ver 2.3
[    1.226305] Bluetooth: HCI UART protocol H4 registered
[    1.226306] Bluetooth: HCI UART protocol BCSP registered
[    1.226383] usbcore: registered new interface driver btusb
[    1.226390] intel_pstate: Intel P-state driver initializing
[    1.226614] input: AT Translated Set 2 keyboard as /devices/platform/i8042/serio0/input/input4
[    1.227013] sdhci: Secure Digital Host Controller Interface driver
[    1.227016] sdhci: Copyright(c) Pierre Ossman
[    1.227099] sdhci-pci 0000:0d:00.0: SDHCI controller found [1180:e822] (rev 7)
[    1.228801] mmc0 bounce up to 128 segments into one, max segment size 65536 bytes
[    1.230898] mmc0: SDHCI controller on PCI [0000:0d:00.0] using DMA
[    1.231620] hid: raw HID events driver (C) Jiri Kosina
[    1.235269] usbcore: registered new interface driver usbhid
[    1.235273] usbhid: USB HID core driver
[    1.237431] Console: switching to colour frame buffer device 102x42
[    1.237563] thinkpad_acpi: ThinkPad ACPI Extras v0.26
[    1.237564] thinkpad_acpi: http://ibm-acpi.sf.net/
[    1.237565] thinkpad_acpi: ThinkPad BIOS 8DET74WW (1.44 ), EC unknown
[    1.237566] thinkpad_acpi: Lenovo ThinkPad X220, model 42872WU
[    1.245636] thinkpad_acpi: radio switch found; radios are enabled
[    1.245898] thinkpad_acpi: Tablet mode switch found (type: MHKG), currently in laptop mode
[    1.245931] thinkpad_acpi: This ThinkPad has standard ACPI backlight brightness control, supported by the ACPI video driver
[    1.245932] thinkpad_acpi: Disabling thinkpad-acpi brightness events by default...
[    1.252920] thinkpad_acpi: rfkill switch tpacpi_bluetooth_sw: radio is unblocked
[    1.253118] i915 0000:00:02.0: fb0: i915drmfb frame buffer device
[    1.256686] thinkpad_acpi: warning: userspace override of important firmware LEDs is enabled
[    1.259396] ata1: SATA link up 1.5 Gbps (SStatus 113 SControl 300)
[    1.259916] thinkpad_acpi: Standard ACPI backlight interface available, not loading native one
[    1.263022] ata1.00: ACPI cmd ef/02:00:00:00:00:a0 (SET FEATURES) succeeded
[    1.263876] thinkpad_acpi: volume: disabled as there is no ALSA support in this kernel
[    1.265692] ata1.00: ACPI cmd f5/00:00:00:00:00:a0 (SECURITY FREEZE LOCK) filtered out
[    1.271983] random: fast init done
[    1.272369] battery: new extension: ThinkPad Battery Extension
[    1.273670] ata1.00: ACPI cmd ef/10:03:00:00:00:a0 (SET FEATURES) filtered out
[    1.274871] input: ThinkPad Extra Buttons as /devices/platform/thinkpad_acpi/input/input8
[    1.276843] ata1.00: ATA-8: Hitachi HTS545050A7E380, GG2OA7J0, max UDMA/133
[    1.279150] usbcore: registered new interface driver snd-usb-audio
[    1.279717] ata1.00: 976773168 sectors, multi 16: LBA48 NCQ (depth 32), AA
[    1.285193] NET: Registered protocol family 17
[    1.286792] ata1.00: ACPI cmd ef/02:00:00:00:00:a0 (SET FEATURES) succeeded
[    1.287478] Bluetooth: RFCOMM TTY layer initialized
[    1.288525] ata1.00: ACPI cmd f5/00:00:00:00:00:a0 (SECURITY FREEZE LOCK) filtered out
[    1.288862] Bluetooth: RFCOMM socket layer initialized
[    1.289475] Bluetooth: RFCOMM ver 1.11
[    1.289762] ata1.00: ACPI cmd ef/10:03:00:00:00:a0 (SET FEATURES) filtered out
[    1.290439] Bluetooth: BNEP (Ethernet Emulation) ver 1.3
[    1.292084] ata1.00: configured for UDMA/133
[    1.292468] Bluetooth: BNEP filters: protocol multicast
[    1.293500] scsi 0:0:0:0: Direct-Access     ATA      Hitachi HTS54505 A7J0 PQ: 0 ANSI: 5
[    1.294806] Bluetooth: BNEP socket layer initialized
[    1.296869] sd 0:0:0:0: Attached scsi generic sg0 type 0
[    1.296928] sd 0:0:0:0: [sda] 976773168 512-byte logical blocks: (500 GB/466 GiB)
[    1.296932] sd 0:0:0:0: [sda] 4096-byte physical blocks
[    1.296966] sd 0:0:0:0: [sda] Write Protect is off
[    1.296969] sd 0:0:0:0: [sda] Mode Sense: 00 3a 00 00
[    1.297035] sd 0:0:0:0: [sda] Write cache: enabled, read cache: enabled, doesn't support DPO or FUA
[    1.297550] Bluetooth: HIDP (Human Interface Emulation) ver 1.2
[    1.348060]  sda: sda1 sda2 sda3 sda4
[    1.348657] Bluetooth: HIDP socket layer initialized
[    1.352636] sd 0:0:0:0: [sda] Attached SCSI disk
[    1.353166] microcode: sig=0x206a7, pf=0x10, revision=0x2d
[    1.400345] microcode: Microcode Update Driver: v2.2.
[    1.400349] IPI shorthand broadcast: enabled
[    1.402744] sched_clock: Marking stable (1388547287, 11779768)->(1410033957, -9706902)
[    1.404082] Loading compiled-in X.509 certificates
[    1.405141] Key type ._fscrypt registered
[    1.406232] Key type .fscrypt registered
[    1.408388] Key type encrypted registered
[    1.409702] rtc_cmos 00:02: setting system clock to 2020-01-30T13:27:50 UTC (1580390870)
[    1.410907] cfg80211: Loading compiled-in X.509 certificates for regulatory database
[    1.414148] cfg80211: Loaded X.509 cert 'sforshee: 00b28ddf47aef9cea7'
[    1.415961] platform regulatory.0: Direct firmware load for regulatory.db failed with error -2
[    1.417597] cfg80211: failed to load regulatory.db
[    1.452236] PM: Image not found (code -22)
[    1.452295] ALSA device list:
[    1.456085]   No soundcards found.
[    1.539365] usb 1-1: new high-speed USB device number 2 using ehci-pci
[    1.551500] usb 2-1: new high-speed USB device number 2 using ehci-pci
[    1.568365] usb 1-1: New USB device found, idVendor=8087, idProduct=0024, bcdDevice= 0.00
[    1.571514] usb 1-1: New USB device strings: Mfr=0, Product=0, SerialNumber=0
[    1.575608] snd_hda_intel 0000:00:1b.0: bound 0000:00:02.0 (ops i915_audio_component_bind_ops)
[    1.575669] hub 1-1:1.0: USB hub found
[    1.580931] hub 1-1:1.0: 6 ports detected
[    1.582018] usb 2-1: New USB device found, idVendor=8087, idProduct=0024, bcdDevice= 0.00
[    1.583165] usb 2-1: New USB device strings: Mfr=0, Product=0, SerialNumber=0
[    1.585360] hub 2-1:1.0: USB hub found
[    1.586513] hub 2-1:1.0: 8 ports detected
[    1.601223] snd_hda_codec_generic hdaudioC0D0: autoconfig for Generic: line_outs=1 (0x1f/0x0/0x0/0x0/0x0) type:speaker
[    1.604926] snd_hda_codec_generic hdaudioC0D0:    speaker_outs=0 (0x0/0x0/0x0/0x0/0x0)
[    1.606121] snd_hda_codec_generic hdaudioC0D0:    hp_outs=1 (0x19/0x0/0x0/0x0/0x0)
[    1.607274] snd_hda_codec_generic hdaudioC0D0:    mono: mono_out=0x0
[    1.608457] snd_hda_codec_generic hdaudioC0D0:    inputs:
[    1.609573] snd_hda_codec_generic hdaudioC0D0:      Internal Mic=0x23
[    1.610653] snd_hda_codec_generic hdaudioC0D0:      Mic=0x1b
[    1.616096] snd_hda_codec_generic hdaudioC0D3: ignore pin 0x7, too many assigned pins
[    1.616983] snd_hda_codec_generic hdaudioC0D3: autoconfig for Generic: line_outs=0 (0x0/0x0/0x0/0x0/0x0) type:line
[    1.617893] snd_hda_codec_generic hdaudioC0D3:    speaker_outs=0 (0x0/0x0/0x0/0x0/0x0)
[    1.618797] snd_hda_codec_generic hdaudioC0D3:    hp_outs=0 (0x0/0x0/0x0/0x0/0x0)
[    1.619377] ata2: SATA link down (SStatus 0 SControl 300)
[    1.619765] snd_hda_codec_generic hdaudioC0D3:    mono: mono_out=0x0
[    1.621754] snd_hda_codec_generic hdaudioC0D3:    dig-out=0x5/0x6
[    1.622625] snd_hda_codec_generic hdaudioC0D3:    inputs:
[    1.626481] input: HDA Intel PCH Mic as /devices/pci0000:00/0000:00:1b.0/sound/card0/input9
[    1.627692] input: HDA Intel PCH Headphone as /devices/pci0000:00/0000:00:1b.0/sound/card0/input10
[    1.628877] input: HDA Intel PCH HDMI as /devices/pci0000:00/0000:00:1b.0/sound/card0/input11
[    1.630053] input: HDA Intel PCH HDMI as /devices/pci0000:00/0000:00:1b.0/sound/card0/input12
[    1.679609] tsc: Refined TSC clocksource calibration: 2491.905 MHz
[    1.683215] clocksource: tsc: mask: 0xffffffffffffffff max_cycles: 0x23eb5abbd7b, max_idle_ns: 440795277677 ns
[    1.687111] clocksource: Switched to clocksource tsc
[    1.875487] usb 2-1.2: new high-speed USB device number 3 using ehci-pci
[    1.875855] usb 1-1.3: new full-speed USB device number 3 using ehci-pci
[    1.904852] usb 2-1.2: New USB device found, idVendor=1a40, idProduct=0101, bcdDevice= 1.11
[    1.908516] usb 2-1.2: New USB device strings: Mfr=0, Product=1, SerialNumber=0
[    1.912229] usb 2-1.2: Product: USB 2.0 Hub
[    1.916472] hub 2-1.2:1.0: USB hub found
[    1.917718] hub 2-1.2:1.0: 4 ports detected
[    1.931901] ata3: SATA link up 3.0 Gbps (SStatus 123 SControl 300)
[    1.947268] ata3.00: ACPI cmd ef/02:00:00:00:00:a0 (SET FEATURES) succeeded
[    1.947278] ata3.00: ACPI cmd f5/00:00:00:00:00:a0 (SECURITY FREEZE LOCK) filtered out
[    1.950310] ata3.00: ACPI cmd ef/10:03:00:00:00:a0 (SET FEATURES) filtered out
[    1.958361] ata3.00: ATA-8: KINGSTON SMS200S3240G, 60AABBF0, max UDMA/133
[    1.959566] ata3.00: 468862128 sectors, multi 1: LBA48 NCQ (depth 32), AA
[    1.965807] ata3.00: ACPI cmd ef/02:00:00:00:00:a0 (SET FEATURES) succeeded
[    1.965818] ata3.00: ACPI cmd f5/00:00:00:00:00:a0 (SECURITY FREEZE LOCK) filtered out
[    1.967036] ata3.00: ACPI cmd ef/10:03:00:00:00:a0 (SET FEATURES) filtered out
[    1.973441] ata3.00: configured for UDMA/133
[    1.975460] scsi 2:0:0:0: Direct-Access     ATA      KINGSTON SMS200S BBF0 PQ: 0 ANSI: 5
[    1.979411] sd 2:0:0:0: Attached scsi generic sg1 type 0
[    1.979773] sd 2:0:0:0: [sdb] 468862128 512-byte logical blocks: (240 GB/224 GiB)
[    1.984254] sd 2:0:0:0: [sdb] Write Protect is off
[    1.986715] sd 2:0:0:0: [sdb] Mode Sense: 00 3a 00 00
[    1.986787] sd 2:0:0:0: [sdb] Write cache: enabled, read cache: enabled, doesn't support DPO or FUA
[    1.990437] usb 1-1.3: New USB device found, idVendor=147e, idProduct=2016, bcdDevice= 0.02
[    1.991975] usb 1-1.3: New USB device strings: Mfr=1, Product=2, SerialNumber=0
[    1.991983]  sdb: sdb2 sdb4
[    1.993364] usb 1-1.3: Product: Biometric Coprocessor
[    1.996175] usb 1-1.3: Manufacturer: UPEK
[    1.996264] sd 2:0:0:0: [sdb] Attached SCSI disk
[    2.075467] usb 1-1.4: new full-speed USB device number 4 using ehci-pci
[    2.168560] psmouse serio1: synaptics: queried max coordinates: x [..5472], y [..4448]
[    2.194812] usb 1-1.4: New USB device found, idVendor=0a5c, idProduct=217f, bcdDevice= 7.48
[    2.198874] usb 1-1.4: New USB device strings: Mfr=1, Product=2, SerialNumber=3
[    2.200646] usb 1-1.4: Product: Broadcom Bluetooth Device
[    2.202419] usb 1-1.4: Manufacturer: Broadcom Corp
[    2.204328] usb 1-1.4: SerialNumber: 7CE9D3B855AA
[    2.251749] psmouse serio1: synaptics: Touchpad model: 1, fw: 8.0, id: 0x1e2b1, caps: 0xd001a3/0x940300/0x120c00/0x0, board id: 1611, fw id: 774180
[    2.258963] psmouse serio1: synaptics: serio: Synaptics pass-through port at isa0060/serio1/input0
[    2.291521] usb 1-1.6: new high-speed USB device number 5 using ehci-pci
[    2.295440] ata5: SATA link down (SStatus 0 SControl 300)
[    2.314359] input: SynPS/2 Synaptics TouchPad as /devices/platform/i8042/serio1/input/input7
[    2.327516] usb 2-1.2.1: new low-speed USB device number 4 using ehci-pci
[    2.330561] md: Waiting for all devices to be available before autodetect
[    2.335430] md: If you don't use raid, use raid=noautodetect
[    2.336487] usb 1-1.6: New USB device found, idVendor=04f2, idProduct=b217, bcdDevice= 8.54
[    2.343558] usb 1-1.6: New USB device strings: Mfr=1, Product=2, SerialNumber=0
[    2.345120] usb 1-1.6: Product: Integrated Camera
[    2.346559] usb 1-1.6: Manufacturer: Chicony Electronics Co., Ltd.
[    2.350457] uvcvideo: Found UVC 1.00 device Integrated Camera (04f2:b217)
[    2.364338] uvcvideo 1-1.6:1.0: Entity type for entity Extension 3 was not initialized!
[    2.365852] uvcvideo 1-1.6:1.0: Entity type for entity Processing 2 was not initialized!
[    2.367222] uvcvideo 1-1.6:1.0: Entity type for entity Camera 1 was not initialized!
[    2.578065] usb 2-1.2.1: New USB device found, idVendor=06a3, idProduct=053f, bcdDevice= 0.02
[    2.582307] usb 2-1.2.1: New USB device strings: Mfr=1, Product=2, SerialNumber=3
[    2.586464] usb 2-1.2.1: Product: Saitek X36
[    2.587651] usb 2-1.2.1: Manufacturer: Saitek
[    2.588724] usb 2-1.2.1: SerialNumber: 00103464
[    2.631201] input: Saitek Saitek X36 as /devices/pci0000:00/0000:00:1d.0/usb2/2-1/2-1.2/2-1.2.1/2-1.2.1:1.0/0003:06A3:053F.0001/input/input14
[    2.640397] hid-generic 0003:06A3:053F.0001: input,hidraw0: USB HID v1.00 Joystick [Saitek Saitek X36] on usb-0000:00:1d.0-1.2.1/input0
[    2.823503] usb 2-1.2.2: new low-speed USB device number 5 using ehci-pci
[    3.046550] usb 2-1.2.2: New USB device found, idVendor=046d, idProduct=c050, bcdDevice=27.20
[    3.050944] usb 2-1.2.2: New USB device strings: Mfr=1, Product=2, SerialNumber=0
[    3.052813] usb 2-1.2.2: Product: USB-PS/2 Optical Mouse
[    3.054606] usb 2-1.2.2: Manufacturer: Logitech
[    3.061630] input: Logitech USB-PS/2 Optical Mouse as /devices/pci0000:00/0000:00:1d.0/usb2/2-1/2-1.2/2-1.2.2/2-1.2.2:1.0/0003:046D:C050.0002/input/input15
[    3.065537] hid-generic 0003:046D:C050.0002: input,hidraw1: USB HID v1.10 Mouse [Logitech USB-PS/2 Optical Mouse] on usb-0000:00:1d.0-1.2.2/input0
[    3.068857] psmouse serio2: trackpoint: IBM TrackPoint firmware: 0x0e, buttons: 3/3
[    3.267503] usb 2-1.2.3: new low-speed USB device number 6 using ehci-pci
[    3.339500] input: TPPS/2 IBM TrackPoint as /devices/platform/i8042/serio1/serio2/input/input13
[    3.451586] md: Autodetecting RAID arrays.
[    3.456021] md: autorun ...
[    3.460275] md: ... autorun DONE.
[    3.473827] EXT4-fs (sdb4): mounted filesystem with ordered data mode. Opts: (null)
[    3.478377] VFS: Mounted root (ext4 filesystem) readonly on device 8:20.
[    3.480702] devtmpfs: mounted
[    3.485000] Freeing unused kernel image (initmem) memory: 1076K
[    3.491616] usb 2-1.2.3: New USB device found, idVendor=04f2, idProduct=0111, bcdDevice= 1.02
[    3.494539] usb 2-1.2.3: New USB device strings: Mfr=1, Product=2, SerialNumber=0
[    3.497440] usb 2-1.2.3: Product: USB Keyboard
[    3.499077] usb 2-1.2.3: Manufacturer: Chicony
[    3.499382] Write protecting the kernel read-only data: 24576k
[    3.503895] Freeing unused kernel image (text/rodata gap) memory: 2040K
[    3.506475] Freeing unused kernel image (rodata/data gap) memory: 472K
[    3.506576] input: Chicony USB Keyboard as /devices/pci0000:00/0000:00:1d.0/usb2/2-1/2-1.2/2-1.2.3/2-1.2.3:1.0/0003:04F2:0111.0003/input/input16
[    3.522649] x86/mm: Checked W+X mappings: passed, no W+X pages found.
[    3.523770] rodata_test: all tests were successful
[    3.524852] x86/mm: Checking user space page tables
[    3.534452] x86/mm: Checked W+X mappings: passed, no W+X pages found.
[    3.535588] Run /sbin/init as init process
[    3.573356] hid-generic 0003:04F2:0111.0003: input,hidraw2: USB HID v1.10 Keyboard [Chicony USB Keyboard] on usb-0000:00:1d.0-1.2.3/input0
[    3.589293] input: Chicony USB Keyboard System Control as /devices/pci0000:00/0000:00:1d.0/usb2/2-1/2-1.2/2-1.2.3/2-1.2.3:1.1/0003:04F2:0111.0004/input/input17
[    3.652217] input: Chicony USB Keyboard Consumer Control as /devices/pci0000:00/0000:00:1d.0/usb2/2-1/2-1.2/2-1.2.3/2-1.2.3:1.1/0003:04F2:0111.0004/input/input18
[    3.663275] hid-generic 0003:04F2:0111.0004: input,hiddev96,hidraw3: USB HID v1.10 Device [Chicony USB Keyboard] on usb-0000:00:1d.0-1.2.3/input1
[    3.709746] systemd[1]: systemd 241 running in system mode. (+PAM +AUDIT +SELINUX +IMA +APPARMOR +SMACK +SYSVINIT +UTMP +LIBCRYPTSETUP +GCRYPT +GNUTLS +ACL +XZ +LZ4 +SECCOMP +BLKID +ELFUTILS +KMOD -IDN2 +IDN -PCRE2 default-hierarchy=hybrid)
[    3.731635] systemd[1]: Detected architecture x86-64.
[    3.747783] systemd[1]: Set hostname to <duo>.
[    3.752480] systemd[1]: Couldn't move remaining userspace processes, ignoring: Input/output error
[    3.889550] systemd[1]: File /lib/systemd/system/systemd-journald.service:12 configures an IP firewall (IPAddressDeny=any), but the local system does not support BPF/cgroup based firewalling.
[    3.892422] systemd[1]: Proceeding WITHOUT firewalling in effect! (This warning is only shown for the first loaded unit using IP firewalling.)
[    3.960471] systemd[1]: Binding to IPv6 address not available since kernel does not support IPv6.
[    3.961750] systemd[1]: Binding to IPv6 address not available since kernel does not support IPv6.
[    3.972488] systemd[1]: /lib/systemd/system/rpc-statd.service:13: PIDFile= references path below legacy directory /var/run/, updating /var/run/rpc.statd.pid  /run/rpc.statd.pid; please update the unit file accordingly.
[    3.981461] systemd[1]: Binding to IPv6 address not available since kernel does not support IPv6.
[    4.015057] random: systemd: uninitialized urandom read (16 bytes read)
[    4.024549] random: systemd: uninitialized urandom read (16 bytes read)
[    4.034077] random: systemd: uninitialized urandom read (16 bytes read)
[    4.751781] EXT4-fs (sdb4): re-mounted. Opts: errors=remount-ro
[    4.785070] systemd-journald[1737]: Received request to flush runtime journal from PID 1
[    5.118099] e1000e 0000:00:19.0 eth2: renamed from eth0
[    5.176188] iwlwifi 0000:03:00.0 wlan1: renamed from wlan0
[    6.242434] random: crng init done
[    6.242555] random: 7 urandom warning(s) missed due to ratelimiting
[    6.651448] Adding 1681428k swap on /dev/sda1.  Priority:-2 extents:1 across:1681428k 
[    7.130989] EXT4-fs (sda2): mounted filesystem with ordered data mode. Opts: errors=remount-ro
[    7.285095] EXT4-fs (sdb2): mounted filesystem with ordered data mode. Opts: errors=remount-ro
[    8.314942] iwlwifi 0000:03:00.0: Radio type=0x0-0x0-0x3
[    8.387442] iwlwifi 0000:03:00.0: Radio type=0x0-0x0-0x3
[    8.462988] iwlwifi 0000:03:00.0: Radio type=0x0-0x0-0x3
[    8.535420] iwlwifi 0000:03:00.0: Radio type=0x0-0x0-0x3
[    8.904192] NFSD: Using /var/lib/nfs/v4recovery as the NFSv4 state recovery directory
[    8.905581] NFSD: Using legacy client tracking operations.
[    8.906547] NFSD: starting 90-second grace period (net f0000098)
[    9.340534] broken atomic modeset userspace detected, disabling atomic
[    9.977739] e1000e: eth2 NIC Link is Up 100 Mbps Full Duplex, Flow Control: Rx/Tx
[    9.977761] e1000e 0000:00:19.0 eth2: 10/100 speed: disabling TSO
[   15.042886] iwlwifi 0000:03:00.0: Radio type=0x0-0x0-0x3
[   15.119044] iwlwifi 0000:03:00.0: Radio type=0x0-0x0-0x3
[   45.059116] iwlwifi 0000:03:00.0: Radio type=0x0-0x0-0x3
[   45.131471] iwlwifi 0000:03:00.0: Radio type=0x0-0x0-0x3
[   45.694862] iwlwifi 0000:03:00.0: Radio type=0x0-0x0-0x3
[   45.767441] iwlwifi 0000:03:00.0: Radio type=0x0-0x0-0x3
[  165.862719] iwlwifi 0000:03:00.0: Radio type=0x0-0x0-0x3
[  165.934864] iwlwifi 0000:03:00.0: Radio type=0x0-0x0-0x3
