[    0.000000] Linux version 4.19.0 (pavel@duo) (gcc version 4.9.2 (Debian 4.9.2-10+deb8u1)) #15 SMP Tue Oct 23 07:44:51 CEST 2018
[    0.000000] Command line: BOOT_IMAGE=(hd1,2)/l/linux-64/arch/x86/boot/bzImage root=/dev/sdb4 resume=/dev/sda1
[    0.000000] Disabled fast string operations
[    0.000000] x86/fpu: Supporting XSAVE feature 0x001: 'x87 floating point registers'
[    0.000000] x86/fpu: Supporting XSAVE feature 0x002: 'SSE registers'
[    0.000000] x86/fpu: Supporting XSAVE feature 0x004: 'AVX registers'
[    0.000000] x86/fpu: xstate_offset[2]:  576, xstate_sizes[2]:  256
[    0.000000] x86/fpu: Enabled xstate features 0x7, context size is 832 bytes, using 'standard' format.
[    0.000000] BIOS-provided physical RAM map:
[    0.000000] BIOS-e820: [mem 0x0000000000000000-0x000000000009d7ff] usable
[    0.000000] BIOS-e820: [mem 0x000000000009d800-0x000000000009ffff] reserved
[    0.000000] BIOS-e820: [mem 0x00000000000e0000-0x00000000000fffff] reserved
[    0.000000] BIOS-e820: [mem 0x0000000000100000-0x000000001fffffff] usable
[    0.000000] BIOS-e820: [mem 0x0000000020000000-0x00000000201fffff] reserved
[    0.000000] BIOS-e820: [mem 0x0000000020200000-0x000000003fffffff] usable
[    0.000000] BIOS-e820: [mem 0x0000000040000000-0x00000000401fffff] reserved
[    0.000000] BIOS-e820: [mem 0x0000000040200000-0x00000000da99efff] usable
[    0.000000] BIOS-e820: [mem 0x00000000da99f000-0x00000000dae9efff] reserved
[    0.000000] BIOS-e820: [mem 0x00000000dae9f000-0x00000000daf9efff] ACPI NVS
[    0.000000] BIOS-e820: [mem 0x00000000daf9f000-0x00000000daffefff] ACPI data
[    0.000000] BIOS-e820: [mem 0x00000000dafff000-0x00000000daffffff] usable
[    0.000000] BIOS-e820: [mem 0x00000000db000000-0x00000000df9fffff] reserved
[    0.000000] BIOS-e820: [mem 0x00000000f8000000-0x00000000fbffffff] reserved
[    0.000000] BIOS-e820: [mem 0x00000000fec00000-0x00000000fec00fff] reserved
[    0.000000] BIOS-e820: [mem 0x00000000fed08000-0x00000000fed08fff] reserved
[    0.000000] BIOS-e820: [mem 0x00000000fed10000-0x00000000fed19fff] reserved
[    0.000000] BIOS-e820: [mem 0x00000000fed1c000-0x00000000fed1ffff] reserved
[    0.000000] BIOS-e820: [mem 0x00000000fee00000-0x00000000fee00fff] reserved
[    0.000000] BIOS-e820: [mem 0x00000000ffd20000-0x00000000ffffffff] reserved
[    0.000000] BIOS-e820: [mem 0x0000000100000000-0x000000019e5fffff] usable
[    0.000000] BIOS-e820: [mem 0x000000019e600000-0x000000019e7fffff] reserved
[    0.000000] NX (Execute Disable) protection: active
[    0.000000] SMBIOS 2.6 present.
[    0.000000] DMI: LENOVO 42872WU/42872WU, BIOS 8DET74WW (1.44 ) 03/13/2018
[    0.000000] tsc: Fast TSC calibration using PIT
[    0.000000] tsc: Detected 2492.068 MHz processor
[    0.001588] e820: update [mem 0x00000000-0x00000fff] usable ==> reserved
[    0.001594] e820: remove [mem 0x000a0000-0x000fffff] usable
[    0.001604] last_pfn = 0x19e600 max_arch_pfn = 0x400000000
[    0.001609] MTRR default type: uncachable
[    0.001611] MTRR fixed ranges enabled:
[    0.001612]   00000-9FFFF write-back
[    0.001614]   A0000-BFFFF uncachable
[    0.001615]   C0000-FFFFF write-protect
[    0.001617] MTRR variable ranges enabled:
[    0.001619]   0 base 0FFC00000 mask FFFC00000 write-protect
[    0.001620]   1 base 000000000 mask F80000000 write-back
[    0.001622]   2 base 080000000 mask FC0000000 write-back
[    0.001623]   3 base 0C0000000 mask FE0000000 write-back
[    0.001625]   4 base 0DC000000 mask FFC000000 uncachable
[    0.001626]   5 base 0DB000000 mask FFF000000 uncachable
[    0.001628]   6 base 100000000 mask F80000000 write-back
[    0.001629]   7 base 180000000 mask FE0000000 write-back
[    0.001630]   8 base 19F000000 mask FFF000000 uncachable
[    0.001632]   9 base 19E800000 mask FFF800000 uncachable
[    0.002383] x86/PAT: Configuration [0-7]: WB  WC  UC- UC  WB  WP  UC- WT  
[    0.003629] last_pfn = 0xdb000 max_arch_pfn = 0x400000000
[    0.003654] Base memory trampoline at [(____ptrval____)] 97000 size 24576
[    0.003656] reserving inaccessible SNB gfx pages
[    0.003661] BRK [0x06601000, 0x06601fff] PGTABLE
[    0.003664] BRK [0x06602000, 0x06602fff] PGTABLE
[    0.003666] BRK [0x06603000, 0x06603fff] PGTABLE
[    0.003729] BRK [0x06604000, 0x06604fff] PGTABLE
[    0.003881] BRK [0x06605000, 0x06605fff] PGTABLE
[    0.004150] BRK [0x06606000, 0x06606fff] PGTABLE
[    0.004651] ACPI: Early table checksum verification disabled
[    0.004699] ACPI: RSDP 0x00000000000F00E0 000024 (v02 LENOVO)
[    0.004706] ACPI: XSDT 0x00000000DAFFE120 0000AC (v01 LENOVO TP-8D    00001440 PTEC 00000002)
[    0.004714] ACPI: FACP 0x00000000DAFE7000 0000F4 (v04 LENOVO TP-8D    00001440 PTL  00000002)
[    0.004722] ACPI: DSDT 0x00000000DAFEA000 00FA89 (v01 LENOVO TP-8D    00001440 INTL 20061109)
[    0.004728] ACPI: FACS 0x00000000DAF2D000 000040
[    0.004733] ACPI: FACS 0x00000000DAF2D000 000040
[    0.004738] ACPI: SLIC 0x00000000DAFFD000 000176 (v01 LENOVO TP-8D    00001440 PTEC 00000001)
[    0.004744] ACPI: SSDT 0x00000000DAFFC000 000249 (v01 LENOVO TP-SSDT2 00000200 INTL 20061109)
[    0.004749] ACPI: SSDT 0x00000000DAFFB000 000033 (v01 LENOVO TP-SSDT1 00000100 INTL 20061109)
[    0.004755] ACPI: SSDT 0x00000000DAFFA000 0007D1 (v01 LENOVO SataAhci 00001000 INTL 20061109)
[    0.004760] ACPI: HPET 0x00000000DAFE6000 000038 (v01 LENOVO TP-8D    00001440 PTL  00000002)
[    0.004766] ACPI: APIC 0x00000000DAFE5000 000098 (v01 LENOVO TP-8D    00001440 PTL  00000002)
[    0.004771] ACPI: MCFG 0x00000000DAFE4000 00003C (v01 LENOVO TP-8D    00001440 PTL  00000002)
[    0.004777] ACPI: ECDT 0x00000000DAFE3000 000052 (v01 LENOVO TP-8D    00001440 PTL  00000002)
[    0.004782] ACPI: ASF! 0x00000000DAFE9000 0000A5 (v32 LENOVO TP-8D    00001440 PTL  00000002)
[    0.004788] ACPI: TCPA 0x00000000DAFE2000 000032 (v02 PTL    LENOVO   06040000 LNVO 00000001)
[    0.004794] ACPI: SSDT 0x00000000DAFE1000 000A27 (v01 PmRef  Cpu0Ist  00003000 INTL 20061109)
[    0.004800] ACPI: SSDT 0x00000000DAFE0000 000996 (v01 PmRef  CpuPm    00003000 INTL 20061109)
[    0.004805] ACPI: DMAR 0x00000000DAFDF000 0000E8 (v01 INTEL  SNB      00000001 INTL 00000001)
[    0.004811] ACPI: UEFI 0x00000000DAFDE000 00003E (v01 LENOVO TP-8D    00001440 PTL  00000002)
[    0.004816] ACPI: UEFI 0x00000000DAFDD000 000042 (v01 PTL    COMBUF   00000001 PTL  00000001)
[    0.004822] ACPI: UEFI 0x00000000DAFDC000 000292 (v01 LENOVO TP-8D    00001440 PTL  00000002)
[    0.004831] ACPI: Local APIC address 0xfee00000
[    0.004879] Zone ranges:
[    0.004881]   DMA      [mem 0x0000000000001000-0x0000000000ffffff]
[    0.004884]   DMA32    [mem 0x0000000001000000-0x00000000ffffffff]
[    0.004887]   Normal   [mem 0x0000000100000000-0x000000019e5fffff]
[    0.004890] Movable zone start for each node
[    0.004892] Early memory node ranges
[    0.004894]   node   0: [mem 0x0000000000001000-0x000000000009cfff]
[    0.004896]   node   0: [mem 0x0000000000100000-0x000000001fffffff]
[    0.004898]   node   0: [mem 0x0000000020200000-0x000000003fffffff]
[    0.004900]   node   0: [mem 0x0000000040200000-0x00000000da99efff]
[    0.004902]   node   0: [mem 0x00000000dafff000-0x00000000daffffff]
[    0.004904]   node   0: [mem 0x0000000100000000-0x000000019e5fffff]
[    0.005327] Reserved but unavailable: 23748 pages
[    0.005329] Initmem setup node 0 [mem 0x0000000000001000-0x000000019e5fffff]
[    0.005333] On node 0 totalpages: 1542972
[    0.005335]   DMA zone: 56 pages used for memmap
[    0.005336]   DMA zone: 156 pages reserved
[    0.005338]   DMA zone: 3996 pages, LIFO batch:0
[    0.005417]   DMA32 zone: 12172 pages used for memmap
[    0.005419]   DMA32 zone: 890272 pages, LIFO batch:63
[    0.023157]   Normal zone: 8869 pages used for memmap
[    0.023161]   Normal zone: 648704 pages, LIFO batch:63
[    0.035459] Reserving Intel graphics memory at [mem 0xdba00000-0xdf9fffff]
[    0.035590] ACPI: PM-Timer IO Port: 0x408
[    0.035593] ACPI: Local APIC address 0xfee00000
[    0.035601] ACPI: LAPIC_NMI (acpi_id[0x00] high edge lint[0x1])
[    0.035603] ACPI: LAPIC_NMI (acpi_id[0x01] high edge lint[0x1])
[    0.035621] IOAPIC[0]: apic_id 2, version 32, address 0xfec00000, GSI 0-23
[    0.035624] ACPI: INT_SRC_OVR (bus 0 bus_irq 0 global_irq 2 dfl dfl)
[    0.035627] ACPI: INT_SRC_OVR (bus 0 bus_irq 9 global_irq 9 high level)
[    0.035630] ACPI: IRQ0 used by override.
[    0.035633] ACPI: IRQ9 used by override.
[    0.035636] Using ACPI (MADT) for SMP configuration information
[    0.035639] ACPI: HPET id: 0x8086a301 base: 0xfed00000
[    0.035644] smpboot: Allowing 8 CPUs, 4 hotplug CPUs
[    0.035671] PM: Registered nosave memory: [mem 0x00000000-0x00000fff]
[    0.035674] PM: Registered nosave memory: [mem 0x0009d000-0x0009dfff]
[    0.035676] PM: Registered nosave memory: [mem 0x0009e000-0x0009ffff]
[    0.035678] PM: Registered nosave memory: [mem 0x000a0000-0x000dffff]
[    0.035680] PM: Registered nosave memory: [mem 0x000e0000-0x000fffff]
[    0.035682] PM: Registered nosave memory: [mem 0x20000000-0x201fffff]
[    0.035685] PM: Registered nosave memory: [mem 0x40000000-0x401fffff]
[    0.035688] PM: Registered nosave memory: [mem 0xda99f000-0xdae9efff]
[    0.035690] PM: Registered nosave memory: [mem 0xdae9f000-0xdaf9efff]
[    0.035692] PM: Registered nosave memory: [mem 0xdaf9f000-0xdaffefff]
[    0.035694] PM: Registered nosave memory: [mem 0xdb000000-0xdf9fffff]
[    0.035696] PM: Registered nosave memory: [mem 0xdfa00000-0xf7ffffff]
[    0.035698] PM: Registered nosave memory: [mem 0xf8000000-0xfbffffff]
[    0.035700] PM: Registered nosave memory: [mem 0xfc000000-0xfebfffff]
[    0.035702] PM: Registered nosave memory: [mem 0xfec00000-0xfec00fff]
[    0.035703] PM: Registered nosave memory: [mem 0xfec01000-0xfed07fff]
[    0.035705] PM: Registered nosave memory: [mem 0xfed08000-0xfed08fff]
[    0.035707] PM: Registered nosave memory: [mem 0xfed09000-0xfed0ffff]
[    0.035709] PM: Registered nosave memory: [mem 0xfed10000-0xfed19fff]
[    0.035711] PM: Registered nosave memory: [mem 0xfed1a000-0xfed1bfff]
[    0.035712] PM: Registered nosave memory: [mem 0xfed1c000-0xfed1ffff]
[    0.035714] PM: Registered nosave memory: [mem 0xfed20000-0xfedfffff]
[    0.035716] PM: Registered nosave memory: [mem 0xfee00000-0xfee00fff]
[    0.035718] PM: Registered nosave memory: [mem 0xfee01000-0xffd1ffff]
[    0.035720] PM: Registered nosave memory: [mem 0xffd20000-0xffffffff]
[    0.035724] [mem 0xdfa00000-0xf7ffffff] available for PCI devices
[    0.035727] clocksource: refined-jiffies: mask: 0xffffffff max_cycles: 0xffffffff, max_idle_ns: 7645519600211568 ns
[    0.035741] random: get_random_bytes called from start_kernel+0x97/0x3c6 with crng_init=0
[    0.035749] setup_percpu: NR_CPUS:8 nr_cpumask_bits:8 nr_cpu_ids:8 nr_node_ids:1
[    0.037248] percpu: Embedded 43 pages/cpu @(____ptrval____) s137736 r8192 d30200 u262144
[    0.037257] pcpu-alloc: s137736 r8192 d30200 u262144 alloc=1*2097152
[    0.037259] pcpu-alloc: [0] 0 1 2 3 4 5 6 7 
[    0.037291] Built 1 zonelists, mobility grouping on.  Total pages: 1521719
[    0.037297] Kernel command line: BOOT_IMAGE=(hd1,2)/l/linux-64/arch/x86/boot/bzImage root=/dev/sdb4 resume=/dev/sda1
[    0.041160] Dentry cache hash table entries: 1048576 (order: 11, 8388608 bytes)
[    0.043064] Inode-cache hash table entries: 524288 (order: 10, 4194304 bytes)
[    0.316426] Memory: 5964496K/6171888K available (16396K kernel code, 1120K rwdata, 5248K rodata, 1008K init, 12024K bss, 207392K reserved, 0K cma-reserved)
[    0.316573] Kernel/User page tables isolation: enabled
[    0.316798] rcu: Hierarchical RCU implementation.
[    0.316832] NR_IRQS: 4352, nr_irqs: 104, preallocated irqs: 16
[    0.318684] Console: colour VGA+ 80x25
[    0.327102] console [tty0] enabled
[    0.327159] Lock dependency validator: Copyright (c) 2006 Red Hat, Inc., Ingo Molnar
[    0.327230] ... MAX_LOCKDEP_SUBCLASSES:  8
[    0.327288] ... MAX_LOCK_DEPTH:          48
[    0.327347] ... MAX_LOCKDEP_KEYS:        8191
[    0.327406] ... CLASSHASH_SIZE:          4096
[    0.327465] ... MAX_LOCKDEP_ENTRIES:     32768
[    0.327525] ... MAX_LOCKDEP_CHAINS:      65536
[    0.327584] ... CHAINHASH_SIZE:          32768
[    0.327644]  memory used by lock dependency info: 7359 kB
[    0.327706]  per task-struct memory footprint: 1920 bytes
[    0.328099] ACPI: Core revision 20180810
[    0.328525] clocksource: hpet: mask: 0xffffffff max_cycles: 0xffffffff, max_idle_ns: 133484882848 ns
[    0.328627] hpet clockevent registered
[    0.328635] APIC: Switch to symmetric I/O mode setup
[    0.329149] ..TIMER: vector=0x30 apic1=0 pin1=2 apic2=-1 pin2=-1
[    0.348631] clocksource: tsc-early: mask: 0xffffffffffffffff max_cycles: 0x23ebf4c6289, max_idle_ns: 440795210079 ns
[    0.348727] Calibrating delay loop (skipped), value calculated using timer frequency.. 4984.13 BogoMIPS (lpj=9968272)
[    0.348821] pid_max: default: 32768 minimum: 301
[    0.349034] Mount-cache hash table entries: 16384 (order: 5, 131072 bytes)
[    0.349120] Mountpoint-cache hash table entries: 16384 (order: 5, 131072 bytes)
[    0.349568] Disabled fast string operations
[    0.349634] ENERGY_PERF_BIAS: Set to 'normal', was 'performance'
[    0.349699] ENERGY_PERF_BIAS: View and update with x86_energy_perf_policy(8)
[    0.349771] process: using mwait in idle threads
[    0.349834] Last level iTLB entries: 4KB 512, 2MB 8, 4MB 8
[    0.349898] Last level dTLB entries: 4KB 512, 2MB 32, 4MB 32, 1GB 0
[    0.349965] Spectre V2 : Mitigation: Full generic retpoline
[    0.350029] Spectre V2 : Spectre v2 / SpectreRSB mitigation: Filling RSB on context switch
[    0.350101] Spectre V2 : Spectre v2 mitigation: Enabling Indirect Branch Prediction Barrier
[    0.350174] Spectre V2 : Enabling Restricted Speculation for firmware calls
[    0.350242] Speculative Store Bypass: Vulnerable
[    0.350474] Freeing SMP alternatives memory: 44K
[    0.351595] TSC deadline timer enabled
[    0.351600] smpboot: CPU0: Intel(R) Core(TM) i5-2520M CPU @ 2.50GHz (family: 0x6, model: 0x2a, stepping: 0x7)
[    0.352000] Performance Events: PEBS fmt1+, SandyBridge events, 16-deep LBR, full-width counters, Intel PMU driver.
[    0.352121] ... version:                3
[    0.352179] ... bit width:              48
[    0.352238] ... generic registers:      4
[    0.352297] ... value mask:             0000ffffffffffff
[    0.352360] ... max period:             00007fffffffffff
[    0.352726] ... fixed-purpose events:   3
[    0.352726] ... event mask:             000000070000000f
[    0.352726] rcu: Hierarchical SRCU implementation.
[    0.352726] NMI watchdog: Enabled. Permanently consumes one hw-PMU counter.
[    0.352726] smp: Bringing up secondary CPUs ...
[    0.352930] x86: Booting SMP configuration:
[    0.352994] .... node  #0, CPUs:      #1
[    0.015660] Disabled fast string operations
[    0.355327]  #2
[    0.015660] Disabled fast string operations
[    0.357215]  #3
[    0.015660] Disabled fast string operations
[    0.359629] smp: Brought up 1 node, 4 CPUs
[    0.359629] smpboot: Max logical packages: 2
[    0.359629] smpboot: Total of 4 processors activated (19936.54 BogoMIPS)
[    0.361001] devtmpfs: initialized
[    0.361223] PM: Registering ACPI NVS region [mem 0xdae9f000-0xdaf9efff] (1048576 bytes)
[    0.361555] clocksource: jiffies: mask: 0xffffffff max_cycles: 0xffffffff, max_idle_ns: 7645041785100000 ns
[    0.361653] futex hash table entries: 2048 (order: 6, 262144 bytes)
[    0.362345] NET: Registered protocol family 16
[    0.363158] cpuidle: using governor ladder
[    0.363237] cpuidle: using governor menu
[    0.363237] ACPI FADT declares the system doesn't support PCIe ASPM, so disable it
[    0.363237] ACPI: bus type PCI registered
[    0.363237] PCI: MMCONFIG for domain 0000 [bus 00-3f] at [mem 0xf8000000-0xfbffffff] (base 0xf8000000)
[    0.363237] PCI: MMCONFIG at [mem 0xf8000000-0xfbffffff] reserved in E820
[    0.363237] PCI: Using configuration type 1 for base access
[    0.363237] core: PMU erratum BJ122, BV98, HSD29 worked around, HT is on
[    0.388734] ACPI: Added _OSI(Module Device)
[    0.388734] ACPI: Added _OSI(Processor Device)
[    0.388734] ACPI: Added _OSI(3.0 _SCP Extensions)
[    0.388734] ACPI: Added _OSI(Processor Aggregator Device)
[    0.388734] ACPI: Added _OSI(Linux-Dell-Video)
[    0.388734] ACPI: Added _OSI(Linux-Lenovo-NV-HDMI-Audio)
[    0.388734] ACPI: EC: EC started
[    0.388734] ACPI: EC: interrupt blocked
[    0.388734] ACPI: \: Used as first EC
[    0.388734] ACPI: \: GPE=0x11, EC_CMD/EC_SC=0x66, EC_DATA=0x62
[    0.388734] ACPI: \: Used as boot ECDT EC to handle transactions
[    0.428728] ACPI: 6 ACPI AML tables successfully acquired and loaded
[    0.432729] ACPI: [Firmware Bug]: BIOS _OSI(Linux) query ignored
[    0.448732] ACPI: Dynamic OEM Table Load:
[    0.448732] ACPI: SSDT 0xFFFF880196E38000 0008C0 (v01 PmRef  Cpu0Cst  00003001 INTL 20061109)
[    0.453608] ACPI: Dynamic OEM Table Load:
[    0.453685] ACPI: SSDT 0xFFFF880196E4CC00 000303 (v01 PmRef  ApIst    00003000 INTL 20061109)
[    0.454394] ACPI: Dynamic OEM Table Load:
[    0.454394] ACPI: SSDT 0xFFFF880197B11600 000119 (v01 PmRef  ApCst    00003000 INTL 20061109)
[    0.457859] ACPI: Interpreter enabled
[    0.457972] ACPI: (supports S0 S3 S4 S5)
[    0.458035] ACPI: Using IOAPIC for interrupt routing
[    0.458170] PCI: Using host bridge windows from ACPI; if necessary, use "pci=nocrs" and report a bug
[    0.458955] ACPI: Enabled 6 GPEs in block 00 to 3F
[    0.468787] ACPI: Power Resource [PUBS] (on)
[    0.468787] acpi PNP0C0A:01: ACPI dock station (docks/bays count: 1)
[    0.472775] acpi LNXIOBAY:00: ACPI dock station (docks/bays count: 2)
[    0.480767] acpi IBM0079:00: ACPI dock station (docks/bays count: 3)
[    0.480782] ACPI: PCI Interrupt Link [LNKA] (IRQs 3 4 5 6 7 9 10 *11)
[    0.480782] ACPI: PCI Interrupt Link [LNKB] (IRQs 3 4 5 6 7 9 10 *11)
[    0.480782] ACPI: PCI Interrupt Link [LNKC] (IRQs 3 4 5 6 7 9 10 *11)
[    0.480782] ACPI: PCI Interrupt Link [LNKD] (IRQs 3 4 5 6 7 9 *10 11)
[    0.480807] ACPI: PCI Interrupt Link [LNKE] (IRQs 3 4 5 6 *7 9 10 11)
[    0.484731] ACPI: PCI Interrupt Link [LNKF] (IRQs 3 4 5 6 7 9 10 11) *0, disabled.
[    0.484731] ACPI: PCI Interrupt Link [LNKG] (IRQs 3 4 5 6 *7 9 10 11)
[    0.484731] ACPI: PCI Interrupt Link [LNKH] (IRQs 3 4 5 6 7 9 *10 11)
[    0.484768] ACPI: PCI Root Bridge [PCI0] (domain 0000 [bus 00-fe])
[    0.484775] acpi PNP0A08:00: _OSC: OS supports [ExtendedConfig ASPM ClockPM Segments]
[    0.484775] acpi PNP0A08:00: _OSC: not requesting OS control; OS requires [ExtendedConfig ASPM ClockPM MSI]
[    0.484775] acpi PNP0A08:00: [Firmware Info]: MMCONFIG for domain 0000 [bus 00-3f] only partially covers this bridge
[    0.484775] PCI host bridge to bus 0000:00
[    0.484775] pci_bus 0000:00: root bus resource [io  0x0000-0x0cf7 window]
[    0.484775] pci_bus 0000:00: root bus resource [io  0x0d00-0xffff window]
[    0.484775] pci_bus 0000:00: root bus resource [mem 0x000a0000-0x000bffff window]
[    0.484775] pci_bus 0000:00: root bus resource [mem 0xdfa00000-0xfebfffff window]
[    0.484775] pci_bus 0000:00: root bus resource [mem 0xfed40000-0xfed4bfff window]
[    0.484775] pci_bus 0000:00: root bus resource [bus 00-fe]
[    0.484775] pci 0000:00:00.0: [8086:0104] type 00 class 0x060000
[    0.484775] pci 0000:00:02.0: [8086:0126] type 00 class 0x030000
[    0.484775] pci 0000:00:02.0: reg 0x10: [mem 0xf0000000-0xf03fffff 64bit]
[    0.484775] pci 0000:00:02.0: reg 0x18: [mem 0xe0000000-0xefffffff 64bit pref]
[    0.484775] pci 0000:00:02.0: reg 0x20: [io  0x5000-0x503f]
[    0.484775] pci 0000:00:16.0: [8086:1c3a] type 00 class 0x078000
[    0.484775] pci 0000:00:16.0: reg 0x10: [mem 0xf2525000-0xf252500f 64bit]
[    0.484775] pci 0000:00:16.0: PME# supported from D0 D3hot D3cold
[    0.484775] pci 0000:00:19.0: [8086:1502] type 00 class 0x020000
[    0.484775] pci 0000:00:19.0: reg 0x10: [mem 0xf2500000-0xf251ffff]
[    0.484775] pci 0000:00:19.0: reg 0x14: [mem 0xf252b000-0xf252bfff]
[    0.484775] pci 0000:00:19.0: reg 0x18: [io  0x5080-0x509f]
[    0.484775] pci 0000:00:19.0: PME# supported from D0 D3hot D3cold
[    0.488748] pci 0000:00:1a.0: [8086:1c2d] type 00 class 0x0c0320
[    0.488748] pci 0000:00:1a.0: reg 0x10: [mem 0xf252a000-0xf252a3ff]
[    0.488748] pci 0000:00:1a.0: PME# supported from D0 D3hot D3cold
[    0.488764] pci 0000:00:1b.0: [8086:1c20] type 00 class 0x040300
[    0.488764] pci 0000:00:1b.0: reg 0x10: [mem 0xf2520000-0xf2523fff 64bit]
[    0.488764] pci 0000:00:1b.0: PME# supported from D0 D3hot D3cold
[    0.488769] pci 0000:00:1c.0: [8086:1c10] type 01 class 0x060400
[    0.488769] pci 0000:00:1c.0: PME# supported from D0 D3hot D3cold
[    0.488769] pci 0000:00:1c.1: [8086:1c12] type 01 class 0x060400
[    0.488769] pci 0000:00:1c.1: PME# supported from D0 D3hot D3cold
[    0.488769] pci 0000:00:1c.3: [8086:1c16] type 01 class 0x060400
[    0.488769] pci 0000:00:1c.3: PME# supported from D0 D3hot D3cold
[    0.488769] pci 0000:00:1c.4: [8086:1c18] type 01 class 0x060400
[    0.488769] pci 0000:00:1c.4: PME# supported from D0 D3hot D3cold
[    0.488769] pci 0000:00:1d.0: [8086:1c26] type 00 class 0x0c0320
[    0.488769] pci 0000:00:1d.0: reg 0x10: [mem 0xf2529000-0xf25293ff]
[    0.488769] pci 0000:00:1d.0: PME# supported from D0 D3hot D3cold
[    0.488769] pci 0000:00:1f.0: [8086:1c4f] type 00 class 0x060100
[    0.488769] pci 0000:00:1f.2: [8086:1c03] type 00 class 0x010601
[    0.488769] pci 0000:00:1f.2: reg 0x10: [io  0x50a8-0x50af]
[    0.488769] pci 0000:00:1f.2: reg 0x14: [io  0x50bc-0x50bf]
[    0.488769] pci 0000:00:1f.2: reg 0x18: [io  0x50a0-0x50a7]
[    0.488769] pci 0000:00:1f.2: reg 0x1c: [io  0x50b8-0x50bb]
[    0.488769] pci 0000:00:1f.2: reg 0x20: [io  0x5060-0x507f]
[    0.488769] pci 0000:00:1f.2: reg 0x24: [mem 0xf2528000-0xf25287ff]
[    0.488769] pci 0000:00:1f.2: PME# supported from D3hot
[    0.488769] pci 0000:00:1f.3: [8086:1c22] type 00 class 0x0c0500
[    0.488769] pci 0000:00:1f.3: reg 0x10: [mem 0xf2524000-0xf25240ff 64bit]
[    0.488769] pci 0000:00:1f.3: reg 0x20: [io  0xefa0-0xefbf]
[    0.488769] pci 0000:00:1c.0: PCI bridge to [bus 02]
[    0.488769] pci 0000:03:00.0: [8086:0084] type 00 class 0x028000
[    0.488769] pci 0000:03:00.0: reg 0x10: [mem 0xf2400000-0xf2401fff 64bit]
[    0.488769] pci 0000:03:00.0: PME# supported from D0 D3hot D3cold
[    0.488769] pci 0000:03:00.0: 2.000 Gb/s available PCIe bandwidth, limited by 2.5 GT/s x1 link at 0000:00:1c.1 (capable of 7.876 Gb/s with 8 GT/s x1 link)
[    0.492766] pci 0000:00:1c.1: PCI bridge to [bus 03]
[    0.492766] pci 0000:00:1c.1:   bridge window [mem 0xf2400000-0xf24fffff]
[    0.492768] pci 0000:00:1c.3: PCI bridge to [bus 05-0c]
[    0.492768] pci 0000:00:1c.3:   bridge window [io  0x4000-0x4fff]
[    0.492768] pci 0000:00:1c.3:   bridge window [mem 0xf1c00000-0xf23fffff]
[    0.492768] pci 0000:00:1c.3:   bridge window [mem 0xf0400000-0xf0bfffff 64bit pref]
[    0.492770] pci 0000:0d:00.0: [1180:e823] type 00 class 0x088001
[    0.492770] pci 0000:0d:00.0: MMC controller base frequency changed to 50Mhz.
[    0.492770] pci 0000:0d:00.0: reg 0x10: [mem 0xf1400000-0xf14000ff]
[    0.492772] pci 0000:0d:00.0: supports D1 D2
[    0.492772] pci 0000:0d:00.0: PME# supported from D0 D1 D2 D3hot D3cold
[    0.492772] pci 0000:0d:00.0: 2.000 Gb/s available PCIe bandwidth, limited by 2.5 GT/s x1 link at 0000:00:1c.4 (capable of 7.876 Gb/s with 8 GT/s x1 link)
[    0.492772] pci 0000:00:1c.4: PCI bridge to [bus 0d]
[    0.492772] pci 0000:00:1c.4:   bridge window [io  0x3000-0x3fff]
[    0.492772] pci 0000:00:1c.4:   bridge window [mem 0xf1400000-0xf1bfffff]
[    0.492772] pci 0000:00:1c.4:   bridge window [mem 0xf0c00000-0xf13fffff 64bit pref]
[    0.492772] pci_bus 0000:00: on NUMA node 0
[    0.496781] ACPI: EC: interrupt unblocked
[    0.496781] ACPI: EC: event unblocked
[    0.496851] ACPI: \_SB_.PCI0.LPC_.EC__: GPE=0x11, EC_CMD/EC_SC=0x66, EC_DATA=0x62
[    0.496851] ACPI: \_SB_.PCI0.LPC_.EC__: Used as boot DSDT EC to handle transactions and events
[    0.497158] pci 0000:00:02.0: vgaarb: setting as boot VGA device
[    0.497158] pci 0000:00:02.0: vgaarb: VGA device added: decodes=io+mem,owns=io+mem,locks=none
[    0.497158] pci 0000:00:02.0: vgaarb: bridge control possible
[    0.497158] vgaarb: loaded
[    0.497316] SCSI subsystem initialized
[    0.497415] libata version 3.00 loaded.
[    0.497415] ACPI: bus type USB registered
[    0.497415] usbcore: registered new interface driver usbfs
[    0.497415] usbcore: registered new interface driver hub
[    0.497415] usbcore: registered new device driver usb
[    0.497485] media: Linux media interface: v0.10
[    0.497590] videodev: Linux video capture interface: v2.00
[    0.497699] pps_core: LinuxPPS API ver. 1 registered
[    0.497768] pps_core: Software ver. 5.3.6 - Copyright 2005-2007 Rodolfo Giometti <giometti@linux.it>
[    0.497876] PTP clock support registered
[    0.498029] EDAC MC: Ver: 3.0.0
[    0.500985] Advanced Linux Sound Architecture Driver Initialized.
[    0.501138] PCI: Using ACPI for IRQ routing
[    0.503018] PCI: pci_cache_line_size set to 64 bytes
[    0.503216] e820: reserve RAM buffer [mem 0x0009d800-0x0009ffff]
[    0.503220] e820: reserve RAM buffer [mem 0xda99f000-0xdbffffff]
[    0.503222] e820: reserve RAM buffer [mem 0xdb000000-0xdbffffff]
[    0.503224] e820: reserve RAM buffer [mem 0x19e600000-0x19fffffff]
[    0.503617] Bluetooth: Core ver 2.22
[    0.503711] NET: Registered protocol family 31
[    0.503774] Bluetooth: HCI device and connection manager initialized
[    0.503853] Bluetooth: HCI socket layer initialized
[    0.503919] Bluetooth: L2CAP socket layer initialized
[    0.504003] Bluetooth: SCO socket layer initialized
[    0.504142] clocksource: Switched to clocksource tsc-early
[    0.504142] pnp: PnP ACPI init
[    0.504142] system 00:00: [mem 0x00000000-0x0009ffff] could not be reserved
[    0.504142] system 00:00: [mem 0x000c0000-0x000c3fff] could not be reserved
[    0.504142] system 00:00: [mem 0x000c4000-0x000c7fff] could not be reserved
[    0.504142] system 00:00: [mem 0x000c8000-0x000cbfff] has been reserved
[    0.504142] system 00:00: [mem 0x000cc000-0x000cffff] has been reserved
[    0.504142] system 00:00: [mem 0x000d0000-0x000d3fff] has been reserved
[    0.504142] system 00:00: [mem 0x000d4000-0x000d7fff] has been reserved
[    0.504142] system 00:00: [mem 0x000d8000-0x000dbfff] has been reserved
[    0.504142] system 00:00: [mem 0x000dc000-0x000dffff] has been reserved
[    0.504142] system 00:00: [mem 0x000e0000-0x000e3fff] could not be reserved
[    0.504142] system 00:00: [mem 0x000e4000-0x000e7fff] could not be reserved
[    0.504142] system 00:00: [mem 0x000e8000-0x000ebfff] could not be reserved
[    0.504142] system 00:00: [mem 0x000ec000-0x000effff] could not be reserved
[    0.504142] system 00:00: [mem 0x000f0000-0x000fffff] could not be reserved
[    0.504142] system 00:00: [mem 0x00100000-0xdf9fffff] could not be reserved
[    0.504142] system 00:00: [mem 0xfec00000-0xfed3ffff] could not be reserved
[    0.504142] system 00:00: [mem 0xfed4c000-0xffffffff] could not be reserved
[    0.504142] system 00:00: Plug and Play ACPI device, IDs PNP0c01 (active)
[    0.504146] system 00:01: [io  0x0400-0x047f] has been reserved
[    0.504226] system 00:01: [io  0x0500-0x057f] has been reserved
[    0.504296] system 00:01: [io  0x0800-0x080f] has been reserved
[    0.504364] system 00:01: [io  0x15e0-0x15ef] has been reserved
[    0.504433] system 00:01: [io  0x1600-0x167f] has been reserved
[    0.504502] system 00:01: [mem 0xf8000000-0xfbffffff] has been reserved
[    0.504577] system 00:01: [mem 0x00000000-0x00000fff] could not be reserved
[    0.504649] system 00:01: [mem 0xfed1c000-0xfed1ffff] has been reserved
[    0.504720] system 00:01: [mem 0xfed10000-0xfed13fff] has been reserved
[    0.504796] system 00:01: [mem 0xfed18000-0xfed18fff] has been reserved
[    0.504867] system 00:01: [mem 0xfed19000-0xfed19fff] has been reserved
[    0.504938] system 00:01: [mem 0xfed45000-0xfed4bfff] has been reserved
[    0.505025] system 00:01: Plug and Play ACPI device, IDs PNP0c02 (active)
[    0.505201] pnp 00:02: Plug and Play ACPI device, IDs PNP0b00 (active)
[    0.505287] pnp 00:03: Plug and Play ACPI device, IDs PNP0303 (active)
[    0.505381] pnp 00:04: Plug and Play ACPI device, IDs LEN0020 PNP0f13 (active)
[    0.505554] pnp 00:05: Plug and Play ACPI device, IDs SMO1200 PNP0c31 (active)
[    0.506646] pnp: PnP ACPI: found 6 devices
[    0.518057] clocksource: acpi_pm: mask: 0xffffff max_cycles: 0xffffff, max_idle_ns: 2085701024 ns
[    0.518168] pci 0000:00:1c.0: bridge window [io  0x1000-0x0fff] to [bus 02] add_size 1000
[    0.518172] pci 0000:00:1c.0: bridge window [mem 0x00100000-0x000fffff 64bit pref] to [bus 02] add_size 200000 add_align 100000
[    0.518175] pci 0000:00:1c.0: bridge window [mem 0x00100000-0x000fffff] to [bus 02] add_size 200000 add_align 100000
[    0.518213] pci 0000:00:1c.0: BAR 8: assigned [mem 0xdfa00000-0xdfbfffff]
[    0.518286] pci 0000:00:1c.0: BAR 9: assigned [mem 0xdfc00000-0xdfdfffff 64bit pref]
[    0.518360] pci 0000:00:1c.0: BAR 7: assigned [io  0x2000-0x2fff]
[    0.518430] pci 0000:00:1c.0: PCI bridge to [bus 02]
[    0.518495] pci 0000:00:1c.0:   bridge window [io  0x2000-0x2fff]
[    0.518566] pci 0000:00:1c.0:   bridge window [mem 0xdfa00000-0xdfbfffff]
[    0.518639] pci 0000:00:1c.0:   bridge window [mem 0xdfc00000-0xdfdfffff 64bit pref]
[    0.518717] pci 0000:00:1c.1: PCI bridge to [bus 03]
[    0.518784] pci 0000:00:1c.1:   bridge window [mem 0xf2400000-0xf24fffff]
[    0.518862] pci 0000:00:1c.3: PCI bridge to [bus 05-0c]
[    0.518927] pci 0000:00:1c.3:   bridge window [io  0x4000-0x4fff]
[    0.518997] pci 0000:00:1c.3:   bridge window [mem 0xf1c00000-0xf23fffff]
[    0.519068] pci 0000:00:1c.3:   bridge window [mem 0xf0400000-0xf0bfffff 64bit pref]
[    0.519147] pci 0000:00:1c.4: PCI bridge to [bus 0d]
[    0.519211] pci 0000:00:1c.4:   bridge window [io  0x3000-0x3fff]
[    0.519283] pci 0000:00:1c.4:   bridge window [mem 0xf1400000-0xf1bfffff]
[    0.519355] pci 0000:00:1c.4:   bridge window [mem 0xf0c00000-0xf13fffff 64bit pref]
[    0.519436] pci_bus 0000:00: resource 4 [io  0x0000-0x0cf7 window]
[    0.519439] pci_bus 0000:00: resource 5 [io  0x0d00-0xffff window]
[    0.519441] pci_bus 0000:00: resource 6 [mem 0x000a0000-0x000bffff window]
[    0.519443] pci_bus 0000:00: resource 7 [mem 0xdfa00000-0xfebfffff window]
[    0.519445] pci_bus 0000:00: resource 8 [mem 0xfed40000-0xfed4bfff window]
[    0.519447] pci_bus 0000:02: resource 0 [io  0x2000-0x2fff]
[    0.519449] pci_bus 0000:02: resource 1 [mem 0xdfa00000-0xdfbfffff]
[    0.519451] pci_bus 0000:02: resource 2 [mem 0xdfc00000-0xdfdfffff 64bit pref]
[    0.519453] pci_bus 0000:03: resource 1 [mem 0xf2400000-0xf24fffff]
[    0.519455] pci_bus 0000:05: resource 0 [io  0x4000-0x4fff]
[    0.519457] pci_bus 0000:05: resource 1 [mem 0xf1c00000-0xf23fffff]
[    0.519459] pci_bus 0000:05: resource 2 [mem 0xf0400000-0xf0bfffff 64bit pref]
[    0.519461] pci_bus 0000:0d: resource 0 [io  0x3000-0x3fff]
[    0.519463] pci_bus 0000:0d: resource 1 [mem 0xf1400000-0xf1bfffff]
[    0.519465] pci_bus 0000:0d: resource 2 [mem 0xf0c00000-0xf13fffff 64bit pref]
[    0.519737] NET: Registered protocol family 2
[    0.520191] tcp_listen_portaddr_hash hash table entries: 4096 (order: 6, 294912 bytes)
[    0.520413] TCP established hash table entries: 65536 (order: 7, 524288 bytes)
[    0.520584] TCP bind hash table entries: 65536 (order: 10, 4194304 bytes)
[    0.522761] TCP: Hash tables configured (established 65536 bind 65536)
[    0.523180] UDP hash table entries: 4096 (order: 7, 655360 bytes)
[    0.523565] UDP-Lite hash table entries: 4096 (order: 7, 655360 bytes)
[    0.524530] NET: Registered protocol family 1
[    0.524980] RPC: Registered named UNIX socket transport module.
[    0.525049] RPC: Registered udp transport module.
[    0.525112] RPC: Registered tcp transport module.
[    0.525174] RPC: Registered tcp NFSv4.1 backchannel transport module.
[    0.525567] pci 0000:00:02.0: Video device with shadowed ROM at [mem 0x000c0000-0x000dffff]
[    0.526664] PCI: CLS 64 bytes, default 64
[    0.526728] PCI-DMA: Using software bounce buffering for IO (SWIOTLB)
[    0.526797] software IO TLB: mapped [mem 0xd699f000-0xda99f000] (64MB)
[    0.529187] Initialise system trusted keyrings
[    0.529404] workingset: timestamp_bits=62 max_order=21 bucket_order=0
[    0.531257] Installing knfsd (copyright (C) 1996 okir@monad.swb.de).
[    0.531926] ntfs: driver 2.1.32 [Flags: R/W].
[    0.532108] fuse init (API version 7.27)
[    0.532507] pstore: using deflate compression
[    0.534504] Key type asymmetric registered
[    0.534569] Asymmetric key parser 'x509' registered
[    0.534660] Block layer SCSI generic (bsg) driver version 0.4 loaded (major 249)
[    0.534745] io scheduler noop registered
[    0.534804] io scheduler deadline registered
[    0.534891] io scheduler cfq registered (default)
[    0.534953] io scheduler mq-deadline registered
[    0.535032] io scheduler bfq registered
[    0.535303] pcieport 0000:00:1c.0: enabling device (0000 -> 0003)
[    0.536642] intel_idle: MWAIT substates: 0x21120
[    0.536644] intel_idle: v0.4.1 model 0x2A
[    0.537128] intel_idle: lapic_timer_reliable_states 0xffffffff
[    0.537481] ACPI: Deprecated procfs I/F for AC is loaded, please retry with CONFIG_ACPI_PROCFS_POWER cleared
[    0.537659] ACPI: AC Adapter [AC] (on-line)
[    0.537898] input: Lid Switch as /devices/LNXSYSTM:00/LNXSYBUS:00/PNP0C0D:00/input/input0
[    0.538076] ACPI: Lid Switch [LID]
[    0.538272] input: Sleep Button as /devices/LNXSYSTM:00/LNXSYBUS:00/PNP0C0E:00/input/input1
[    0.538395] ACPI: Sleep Button [SLPB]
[    0.538592] input: Power Button as /devices/LNXSYSTM:00/LNXPWRBN:00/input/input2
[    0.538700] ACPI: Power Button [PWRF]
[    0.542384] thermal LNXTHERM:00: registered as thermal_zone0
[    0.542454] ACPI: Thermal Zone [THM0] (38 C)
[    0.542952] battery: ACPI: Deprecated procfs I/F for battery is loaded, please retry with CONFIG_ACPI_PROCFS_POWER cleared
[    0.543037] Serial: 8250/16550 driver, 4 ports, IRQ sharing disabled
[    0.543082] battery: ACPI: Battery Slot [BAT0] (battery absent)
[    0.544315] lp: driver loaded but no devices found
[    0.544474] Non-volatile memory driver v1.3
[    0.544829] Linux agpgart interface v0.103
[    0.545227] [drm] radeon kernel modesetting enabled.
[    0.546229] [drm] Replacing VGA console driver
[    0.546761] Console: switching to colour dummy device 80x25
[    0.556750] [drm] Supports vblank timestamp caching Rev 2 (21.10.2013).
[    0.556766] [drm] Driver supports precise vblank timestamp query.
[    0.557722] i915 0000:00:02.0: vgaarb: changed VGA decodes: olddecodes=io+mem,decodes=io+mem:owns=io+mem
[    0.640590] [drm] Initialized i915 1.6.0 20180719 for 0000:00:02.0 on minor 0
[    0.642612] ACPI: Video Device [VID] (multi-head: yes  rom: no  post: no)
[    0.643198] input: Video Bus as /devices/LNXSYSTM:00/LNXSYBUS:00/PNP0A08:00/LNXVIDEO:00/input/input3
[    0.643578] usbcore: registered new interface driver udl
[    0.652339] loop: module loaded
[    0.666598] ahci 0000:00:1f.2: version 3.0
[    0.667215] ahci 0000:00:1f.2: SSS flag set, parallel bus scan disabled
[    0.680851] ahci 0000:00:1f.2: AHCI 0001.0300 32 slots 6 ports 6 Gbps 0x17 impl SATA mode
[    0.680873] ahci 0000:00:1f.2: flags: 64bit ncq sntf ilck stag pm led clo pio slum part ems sxs apst 
[    0.719019] scsi host0: ahci
[    0.719397] scsi host1: ahci
[    0.719689] scsi host2: ahci
[    0.720005] scsi host3: ahci
[    0.720321] scsi host4: ahci
[    0.720616] scsi host5: ahci
[    0.720819] ata1: SATA max UDMA/133 abar m2048@0xf2528000 port 0xf2528100 irq 19
[    0.720844] ata2: SATA max UDMA/133 abar m2048@0xf2528000 port 0xf2528180 irq 19
[    0.720871] ata3: SATA max UDMA/133 abar m2048@0xf2528000 port 0xf2528200 irq 19
[    0.720896] ata4: DUMMY
[    0.720903] ata5: SATA max UDMA/133 abar m2048@0xf2528000 port 0xf2528300 irq 19
[    0.720918] ata6: DUMMY
[    0.721778] tun: Universal TUN/TAP device driver, 1.6
[    0.722148] e1000e: Intel(R) PRO/1000 Network Driver - 3.2.6-k
[    0.722166] e1000e: Copyright(c) 1999 - 2015 Intel Corporation.
[    0.722558] e1000e 0000:00:19.0: Interrupt Throttling Rate (ints/sec) set to dynamic conservative mode
[    0.820073] e1000e 0000:00:19.0 0000:00:19.0 (uninitialized): registered PHC clock
[    0.913491] e1000e 0000:00:19.0 eth0: (PCI Express:2.5GT/s:Width x1) f0:de:f1:e3:99:75
[    0.913510] e1000e 0000:00:19.0 eth0: Intel(R) PRO/1000 Network Connection
[    0.913573] e1000e 0000:00:19.0 eth0: MAC: 10, PHY: 11, PBA No: 1000FF-0FF
[    0.913738] PPP generic driver version 2.4.2
[    0.913904] PPP BSD Compression module registered
[    0.913915] PPP Deflate Compression module registered
[    0.913926] SLIP: version 0.8.4-NET3.019-NEWTTY (dynamic channels, max=256).
[    0.913940] CSLIP: code copyright 1989 Regents of the University of California.
[    0.914017] iwl3945: Intel(R) PRO/Wireless 3945ABG/BG Network Connection driver for Linux, in-tree:ds
[    0.914036] iwl3945: Copyright(c) 2003-2011 Intel Corporation
[    0.914047] iwl3945: hw_scan is disabled
[    0.914090] Intel(R) Wireless WiFi driver for Linux
[    0.914103] Copyright(c) 2003- 2015 Intel Corporation
[    0.914506] iwlwifi 0000:03:00.0: pci_enable_msi failed - -38
[    0.914809] usbcore: registered new interface driver ax88179_178a
[    0.914865] usbcore: registered new interface driver cdc_ether
[    0.914917] usbcore: registered new interface driver cdc_eem
[    0.914965] usbcore: registered new interface driver net1080
[    0.915015] usbcore: registered new interface driver cdc_subset
[    0.915048] usbcore: registered new interface driver zaurus
[    0.915084] usbcore: registered new interface driver cdc_ncm
[    0.915118] usbcore: registered new interface driver cdc_mbim
[    0.915343] ehci_hcd: USB 2.0 'Enhanced' Host Controller (EHCI) Driver
[    0.915368] ehci-pci: EHCI PCI platform driver
[    0.915403] iwlwifi 0000:03:00.0: loaded firmware version 39.31.5.1 build 35138 op_mode iwldvm
[    0.915511] iwlwifi 0000:03:00.0: CONFIG_IWLWIFI_DEBUG disabled
[    0.915527] iwlwifi 0000:03:00.0: CONFIG_IWLWIFI_DEBUGFS disabled
[    0.915543] iwlwifi 0000:03:00.0: CONFIG_IWLWIFI_DEVICE_TRACING disabled
[    0.915561] iwlwifi 0000:03:00.0: Detected Intel(R) Centrino(R) Wireless-N 1000 BGN, REV=0x6C
[    0.915680] ehci-pci 0000:00:1a.0: EHCI Host Controller
[    0.916004] ehci-pci 0000:00:1a.0: new USB bus registered, assigned bus number 1
[    0.916066] ehci-pci 0000:00:1a.0: debug port 2
[    0.920019] ehci-pci 0000:00:1a.0: cache line size of 64 is not supported
[    0.920030] ehci-pci 0000:00:1a.0: irq 16, io mem 0xf252a000
[    0.926055] fbcon: inteldrmfb (fb0) is primary device
[    0.932774] ehci-pci 0000:00:1a.0: USB 2.0 started, EHCI 1.00
[    0.933361] usb usb1: New USB device found, idVendor=1d6b, idProduct=0002, bcdDevice= 4.19
[    0.933364] usb usb1: New USB device strings: Mfr=3, Product=2, SerialNumber=1
[    0.933366] usb usb1: Product: EHCI Host Controller
[    0.933368] usb usb1: Manufacturer: Linux 4.19.0 ehci_hcd
[    0.933369] usb usb1: SerialNumber: 0000:00:1a.0
[    0.933885] hub 1-0:1.0: USB hub found
[    0.933930] hub 1-0:1.0: 3 ports detected
[    0.934789] ehci-pci 0000:00:1d.0: EHCI Host Controller
[    0.934932] ehci-pci 0000:00:1d.0: new USB bus registered, assigned bus number 2
[    0.934974] ehci-pci 0000:00:1d.0: debug port 2
[    0.938949] ehci-pci 0000:00:1d.0: cache line size of 64 is not supported
[    0.938977] ehci-pci 0000:00:1d.0: irq 23, io mem 0xf2529000
[    0.952890] ehci-pci 0000:00:1d.0: USB 2.0 started, EHCI 1.00
[    0.953346] usb usb2: New USB device found, idVendor=1d6b, idProduct=0002, bcdDevice= 4.19
[    0.953349] usb usb2: New USB device strings: Mfr=3, Product=2, SerialNumber=1
[    0.953351] usb usb2: Product: EHCI Host Controller
[    0.953353] usb usb2: Manufacturer: Linux 4.19.0 ehci_hcd
[    0.953354] usb usb2: SerialNumber: 0000:00:1d.0
[    0.953836] hub 2-0:1.0: USB hub found
[    0.953873] hub 2-0:1.0: 3 ports detected
[    0.954425] ohci_hcd: USB 1.1 'Open' Host Controller (OHCI) Driver
[    0.954439] ohci-pci: OHCI PCI platform driver
[    0.954487] uhci_hcd: USB Universal Host Controller Interface driver
[    0.954658] usbcore: registered new interface driver cdc_acm
[    0.954659] cdc_acm: USB Abstract Control Model driver for USB modems and ISDN adapters
[    0.954689] usbcore: registered new interface driver usblp
[    0.954728] usbcore: registered new interface driver cdc_wdm
[    0.954784] usbcore: registered new interface driver usb-storage
[    0.954815] usbcore: registered new interface driver ums-sddr09
[    0.954934] usbcore: registered new interface driver usbserial_generic
[    0.954998] usbserial: USB Serial support registered for generic
[    0.955036] usbcore: registered new interface driver ch341
[    0.955062] usbserial: USB Serial support registered for ch341-uart
[    0.955102] usbcore: registered new interface driver ftdi_sio
[    0.955133] usbserial: USB Serial support registered for FTDI USB Serial Device
[    0.955188] usbcore: registered new interface driver option
[    0.955219] usbserial: USB Serial support registered for GSM modem (1-port)
[    0.955280] usbcore: registered new interface driver pl2303
[    0.955312] usbserial: USB Serial support registered for pl2303
[    0.955347] usbcore: registered new interface driver ti_usb_3410_5052
[    0.955377] usbserial: USB Serial support registered for TI USB 3410 1 port adapter
[    0.955406] usbserial: USB Serial support registered for TI USB 5052 2 port adapter
[    0.955410] ftdi_elan: driver ftdi-elan
[    0.955447] usbcore: registered new interface driver ftdi-elan
[    0.955568] i8042: PNP: PS/2 Controller [PNP0303:KBD,PNP0f13:MOU] at 0x60,0x64 irq 1,12
[    0.957315] ieee80211 phy0: Selected rate control algorithm 'iwl-agn-rs'
[    0.958770] serio: i8042 KBD port at 0x60,0x64 irq 1
[    0.958789] serio: i8042 AUX port at 0x60,0x64 irq 12
[    0.959150] mousedev: PS/2 mouse device common for all mice
[    0.959829] input: PC Speaker as /devices/platform/pcspkr/input/input4
[    0.960122] rtc_cmos 00:02: RTC can wake from S4
[    0.960391] rtc_cmos 00:02: registered as rtc0
[    0.960479] rtc_cmos 00:02: alarms up to one month, y3k, 114 bytes nvram, hpet irqs
[    0.960591] usbcore: registered new interface driver uvcvideo
[    0.960592] USB Video Class driver (1.1.1)
[    0.960593] gspca_main: v2.14.0 registered
[    0.960632] usbcore: registered new interface driver sq930x
[    0.961311] device-mapper: ioctl: 4.39.0-ioctl (2018-04-03) initialised: dm-devel@redhat.com
[    0.961313] Bluetooth: HCI UART driver ver 2.3
[    0.961315] Bluetooth: HCI UART protocol H4 registered
[    0.961316] Bluetooth: HCI UART protocol BCSP registered
[    0.961388] usbcore: registered new interface driver btusb
[    0.961394] intel_pstate: Intel P-state driver initializing
[    0.961744] sdhci: Secure Digital Host Controller Interface driver
[    0.961747] sdhci: Copyright(c) Pierre Ossman
[    0.961832] sdhci-pci 0000:0d:00.0: SDHCI controller found [1180:e823] (rev 4)
[    0.963485] mmc0 bounce up to 128 segments into one, max segment size 65536 bytes
[    0.964093] input: AT Translated Set 2 keyboard as /devices/platform/i8042/serio0/input/input5
[    0.964571] mmc0: SDHCI controller on PCI [0000:0d:00.0] using DMA
[    0.965729] hidraw: raw HID events driver (C) Jiri Kosina
[    0.968344] usbcore: registered new interface driver usbhid
[    0.968347] usbhid: USB HID core driver
[    0.971885] thinkpad_acpi: ThinkPad ACPI Extras v0.26
[    0.971889] thinkpad_acpi: http://ibm-acpi.sf.net/
[    0.971892] thinkpad_acpi: ThinkPad BIOS 8DET74WW (1.44 ), EC unknown
[    0.971895] thinkpad_acpi: Lenovo ThinkPad X220, model 42872WU
[    0.974224] thinkpad_acpi: radio switch found; radios are enabled
[    0.974716] thinkpad_acpi: Tablet mode switch found (type: MHKG), currently in laptop mode
[    0.974741] thinkpad_acpi: This ThinkPad has standard ACPI backlight brightness control, supported by the ACPI video driver
[    0.974742] thinkpad_acpi: Disabling thinkpad-acpi brightness events by default...
[    0.980438] thinkpad_acpi: rfkill switch tpacpi_bluetooth_sw: radio is unblocked
[    0.982108] thinkpad_acpi: warning: userspace override of important firmware LEDs is enabled
[    0.982127] thinkpad_acpi: Standard ACPI backlight interface available, not loading native one
[    0.982129] thinkpad_acpi: volume: disabled as there is no ALSA support in this kernel
[    0.983222] random: fast init done
[    0.983298] battery: new extension: ThinkPad Battery Extension
[    0.983365] input: ThinkPad Extra Buttons as /devices/platform/thinkpad_acpi/input/input8
[    0.985386] usbcore: registered new interface driver snd-usb-audio
[    0.988794] NET: Registered protocol family 17
[    0.989035] Bluetooth: RFCOMM TTY layer initialized
[    0.989045] Bluetooth: RFCOMM socket layer initialized
[    0.989068] Bluetooth: RFCOMM ver 1.11
[    0.989080] Bluetooth: BNEP (Ethernet Emulation) ver 1.3
[    0.989081] Bluetooth: BNEP filters: protocol multicast
[    0.989106] Bluetooth: BNEP socket layer initialized
[    0.989108] Bluetooth: HIDP (Human Interface Emulation) ver 1.2
[    0.989111] Bluetooth: HIDP socket layer initialized
[    0.989423] microcode: sig=0x206a7, pf=0x10, revision=0x2d
[    0.989588] microcode: Microcode Update Driver: v2.2.
[    0.989636] sched_clock: Marking stable (977889855, 11660086)->(999808747, -10258806)
[    0.990057] Loading compiled-in X.509 certificates
[    0.990595] Key type encrypted registered
[    0.990926] rtc_cmos 00:02: setting system clock to 2018-10-23 09:14:14 UTC (1540286054)
[    0.991029] cfg80211: Loading compiled-in X.509 certificates for regulatory database
[    0.991765] cfg80211: Loaded X.509 cert 'sforshee: 00b28ddf47aef9cea7'
[    0.991884] platform regulatory.0: Direct firmware load for regulatory.db failed with error -2
[    0.991896] cfg80211: failed to load regulatory.db
[    1.036903] ata1: SATA link up 1.5 Gbps (SStatus 113 SControl 300)
[    1.038434] ata1.00: ACPI cmd ef/02:00:00:00:00:a0 (SET FEATURES) succeeded
[    1.038443] ata1.00: ACPI cmd f5/00:00:00:00:00:a0 (SECURITY FREEZE LOCK) filtered out
[    1.038449] ata1.00: ACPI cmd ef/10:03:00:00:00:a0 (SET FEATURES) filtered out
[    1.039533] ata1.00: ATA-8: Hitachi HTS545050A7E380, GG2OA7J0, max UDMA/133
[    1.039540] ata1.00: 976773168 sectors, multi 16: LBA48 NCQ (depth 32), AA
[    1.041251] ata1.00: ACPI cmd ef/02:00:00:00:00:a0 (SET FEATURES) succeeded
[    1.041260] ata1.00: ACPI cmd f5/00:00:00:00:00:a0 (SECURITY FREEZE LOCK) filtered out
[    1.041267] ata1.00: ACPI cmd ef/10:03:00:00:00:a0 (SET FEATURES) filtered out
[    1.042409] ata1.00: configured for UDMA/133
[    1.268871] usb 1-1: new high-speed USB device number 2 using ehci-pci
[    1.273344] snd_hda_intel 0000:00:1b.0: bound 0000:00:02.0 (ops i915_audio_component_bind_ops)
[    1.288864] usb 2-1: new high-speed USB device number 2 using ehci-pci
[    1.294561] snd_hda_codec_generic hdaudioC0D0: autoconfig for Generic: line_outs=1 (0x1f/0x0/0x0/0x0/0x0) type:speaker
[    1.294566] snd_hda_codec_generic hdaudioC0D0:    speaker_outs=0 (0x0/0x0/0x0/0x0/0x0)
[    1.294570] snd_hda_codec_generic hdaudioC0D0:    hp_outs=1 (0x19/0x0/0x0/0x0/0x0)
[    1.294573] snd_hda_codec_generic hdaudioC0D0:    mono: mono_out=0x0
[    1.294576] snd_hda_codec_generic hdaudioC0D0:    inputs:
[    1.294581] snd_hda_codec_generic hdaudioC0D0:      Internal Mic=0x23
[    1.294585] snd_hda_codec_generic hdaudioC0D0:      Mic=0x1b
[    1.295045] Console: switching to colour frame buffer device 102x42
[    1.299393] snd_hda_codec_generic hdaudioC0D3: ignore pin 0x7, too many assigned pins
[    1.299399] snd_hda_codec_generic hdaudioC0D3: autoconfig for Generic: line_outs=0 (0x0/0x0/0x0/0x0/0x0) type:line
[    1.299403] snd_hda_codec_generic hdaudioC0D3:    speaker_outs=0 (0x0/0x0/0x0/0x0/0x0)
[    1.299407] snd_hda_codec_generic hdaudioC0D3:    hp_outs=0 (0x0/0x0/0x0/0x0/0x0)
[    1.299410] snd_hda_codec_generic hdaudioC0D3:    mono: mono_out=0x0
[    1.299413] snd_hda_codec_generic hdaudioC0D3:    dig-out=0x5/0x6
[    1.299416] snd_hda_codec_generic hdaudioC0D3:    inputs:
[    1.303117] input: HDA Intel PCH Mic as /devices/pci0000:00/0000:00:1b.0/sound/card0/input9
[    1.303530] input: HDA Intel PCH Headphone as /devices/pci0000:00/0000:00:1b.0/sound/card0/input10
[    1.303894] input: HDA Intel PCH HDMI as /devices/pci0000:00/0000:00:1b.0/sound/card0/input11
[    1.304103] input: HDA Intel PCH HDMI as /devices/pci0000:00/0000:00:1b.0/sound/card0/input12
[    1.423506] i915 0000:00:02.0: fb0: inteldrmfb frame buffer device
[    1.424817] scsi 0:0:0:0: Direct-Access     ATA      Hitachi HTS54505 A7J0 PQ: 0 ANSI: 5
[    1.426119] sd 0:0:0:0: [sda] 976773168 512-byte logical blocks: (500 GB/466 GiB)
[    1.426186] usb 1-1: New USB device found, idVendor=8087, idProduct=0024, bcdDevice= 0.00
[    1.426239] sd 0:0:0:0: Attached scsi generic sg0 type 0
[    1.427189] sd 0:0:0:0: [sda] 4096-byte physical blocks
[    1.428119] usb 1-1: New USB device strings: Mfr=0, Product=0, SerialNumber=0
[    1.429176] sd 0:0:0:0: [sda] Write Protect is off
[    1.431635] hub 1-1:1.0: USB hub found
[    1.432488] sd 0:0:0:0: [sda] Mode Sense: 00 3a 00 00
[    1.433424] sd 0:0:0:0: [sda] Write cache: enabled, read cache: enabled, doesn't support DPO or FUA
[    1.435000] hub 1-1:1.0: 6 ports detected
[    1.441491] usb 2-1: New USB device found, idVendor=8087, idProduct=0024, bcdDevice= 0.00
[    1.442446] usb 2-1: New USB device strings: Mfr=0, Product=0, SerialNumber=0
[    1.443917] hub 2-1:1.0: USB hub found
[    1.445606] hub 2-1:1.0: 8 ports detected
[    1.475038]  sda: sda1 sda2 sda3 sda4
[    1.481576] sd 0:0:0:0: [sda] Attached SCSI disk
[    1.540965] tsc: Refined TSC clocksource calibration: 2491.902 MHz
[    1.544084] clocksource: tsc: mask: 0xffffffffffffffff max_cycles: 0x23eb57e61b2, max_idle_ns: 440795261771 ns
[    1.547502] clocksource: Switched to clocksource tsc
[    1.724838] usb 1-1.3: new full-speed USB device number 3 using ehci-pci
[    1.736876] usb 2-1.1: new high-speed USB device number 3 using ehci-pci
[    1.740787] ata2: SATA link down (SStatus 0 SControl 300)
[    1.839831] usb 1-1.3: New USB device found, idVendor=147e, idProduct=2016, bcdDevice= 0.02
[    1.843433] usb 1-1.3: New USB device strings: Mfr=1, Product=2, SerialNumber=0
[    1.847094] usb 1-1.3: Product: Biometric Coprocessor
[    1.847974] usb 1-1.3: Manufacturer: UPEK
[    1.851026] usb 2-1.1: New USB device found, idVendor=05e3, idProduct=0608, bcdDevice=77.64
[    1.852037] usb 2-1.1: New USB device strings: Mfr=0, Product=1, SerialNumber=0
[    1.852966] usb 2-1.1: Product: USB2.0 Hub
[    1.854603] hub 2-1.1:1.0: USB hub found
[    1.855938] hub 2-1.1:1.0: 4 ports detected
[    1.859114] psmouse serio1: synaptics: queried max coordinates: x [..5472], y [..4448]
[    1.928745] usb 1-1.4: new full-speed USB device number 4 using ehci-pci
[    1.940740] usb 2-1.2: new high-speed USB device number 4 using ehci-pci
[    1.940820] psmouse serio1: synaptics: Touchpad model: 1, fw: 8.0, id: 0x1e2b1, caps: 0xd001a3/0x940300/0x120c00/0x0, board id: 1611, fw id: 774180
[    1.945292] psmouse serio1: synaptics: serio: Synaptics pass-through port at isa0060/serio1/input0
[    1.997324] input: SynPS/2 Synaptics TouchPad as /devices/platform/i8042/serio1/input/input7
[    2.044203] usb 1-1.4: New USB device found, idVendor=0a5c, idProduct=217f, bcdDevice= 7.48
[    2.046900] usb 1-1.4: New USB device strings: Mfr=1, Product=2, SerialNumber=3
[    2.049466] usb 1-1.4: Product: Broadcom Bluetooth Device
[    2.052020] usb 1-1.4: Manufacturer: Broadcom Corp
[    2.054578] usb 1-1.4: SerialNumber: 7CE9D3B855AA
[    2.058537] usb 2-1.2: New USB device found, idVendor=1a40, idProduct=0101, bcdDevice= 1.11
[    2.059515] usb 2-1.2: New USB device strings: Mfr=0, Product=1, SerialNumber=0
[    2.060683] usb 2-1.2: Product: USB 2.0 Hub
[    2.062249] hub 2-1.2:1.0: USB hub found
[    2.063512] hub 2-1.2:1.0: 4 ports detected
[    2.064801] ata3: SATA link up 3.0 Gbps (SStatus 123 SControl 300)
[    2.080086] ata3.00: ACPI cmd ef/02:00:00:00:00:a0 (SET FEATURES) succeeded
[    2.080095] ata3.00: ACPI cmd f5/00:00:00:00:00:a0 (SECURITY FREEZE LOCK) filtered out
[    2.082364] ata3.00: ACPI cmd ef/10:03:00:00:00:a0 (SET FEATURES) filtered out
[    2.090405] ata3.00: ATA-8: KINGSTON SMS200S3240G, 60AABBF0, max UDMA/133
[    2.093333] ata3.00: 468862128 sectors, multi 1: LBA48 NCQ (depth 32), AA
[    2.100026] ata3.00: ACPI cmd ef/02:00:00:00:00:a0 (SET FEATURES) succeeded
[    2.100036] ata3.00: ACPI cmd f5/00:00:00:00:00:a0 (SECURITY FREEZE LOCK) filtered out
[    2.101398] ata3.00: ACPI cmd ef/10:03:00:00:00:a0 (SET FEATURES) filtered out
[    2.107712] ata3.00: configured for UDMA/133
[    2.109940] scsi 2:0:0:0: Direct-Access     ATA      KINGSTON SMS200S BBF0 PQ: 0 ANSI: 5
[    2.114353] sd 2:0:0:0: [sdb] 468862128 512-byte logical blocks: (240 GB/224 GiB)
[    2.114537] sd 2:0:0:0: Attached scsi generic sg1 type 0
[    2.116974] sd 2:0:0:0: [sdb] Write Protect is off
[    2.121369] sd 2:0:0:0: [sdb] Mode Sense: 00 3a 00 00
[    2.121409] sd 2:0:0:0: [sdb] Write cache: enabled, read cache: enabled, doesn't support DPO or FUA
[    2.124134]  sdb: sdb2 sdb4
[    2.127600] sd 2:0:0:0: [sdb] Attached SCSI disk
[    2.148834] usb 2-1.1.4: new full-speed USB device number 5 using ehci-pci
[    2.148838] usb 1-1.6: new high-speed USB device number 5 using ehci-pci
[    2.269462] usb 1-1.6: New USB device found, idVendor=04f2, idProduct=b217, bcdDevice= 8.54
[    2.273064] usb 1-1.6: New USB device strings: Mfr=1, Product=2, SerialNumber=0
[    2.276638] usb 1-1.6: Product: Integrated Camera
[    2.280332] usb 1-1.6: Manufacturer: Chicony Electronics Co., Ltd.
[    2.283783] usb 2-1.1.4: New USB device found, idVendor=0a12, idProduct=0001, bcdDevice=88.91
[    2.284089] uvcvideo: Found UVC 1.00 device Integrated Camera (04f2:b217)
[    2.285835] usb 2-1.1.4: New USB device strings: Mfr=0, Product=2, SerialNumber=0
[    2.285838] usb 2-1.1.4: Product: CSR8510 A10
[    2.300144] uvcvideo 1-1.6:1.0: Entity type for entity Extension 3 was not initialized!
[    2.301184] uvcvideo 1-1.6:1.0: Entity type for entity Processing 2 was not initialized!
[    2.302129] uvcvideo 1-1.6:1.0: Entity type for entity Camera 1 was not initialized!
[    2.376871] usb 2-1.2.1: new low-speed USB device number 6 using ehci-pci
[    2.440819] ata5: SATA link down (SStatus 0 SControl 300)
[    2.501387] PM: Image not found (code -22)
[    2.501426] ALSA device list:
[    2.502304]   #0: HDA Intel PCH at 0xf2520000 irq 22
[    2.527358] usb 2-1.2.1: New USB device found, idVendor=06a3, idProduct=053f, bcdDevice= 0.02
[    2.530867] usb 2-1.2.1: New USB device strings: Mfr=1, Product=2, SerialNumber=3
[    2.534300] usb 2-1.2.1: Product: Saitek X36
[    2.537717] usb 2-1.2.1: Manufacturer: Saitek
[    2.538680] usb 2-1.2.1: SerialNumber: 00103464
[    2.581091] input: Saitek Saitek X36 as /devices/pci0000:00/0000:00:1d.0/usb2/2-1/2-1.2/2-1.2.1/2-1.2.1:1.0/0003:06A3:053F.0001/input/input14
[    2.588800] hid-generic 0003:06A3:053F.0001: input,hidraw0: USB HID v1.00 Joystick [Saitek Saitek X36] on usb-0000:00:1d.0-1.2.1/input0
[    2.672882] usb 2-1.2.2: new low-speed USB device number 7 using ehci-pci
[    2.749038] psmouse serio2: trackpoint: IBM TrackPoint firmware: 0x0e, buttons: 3/3
[    2.809526] usb 2-1.2.2: New USB device found, idVendor=046d, idProduct=c05a, bcdDevice=63.00
[    2.813463] usb 2-1.2.2: New USB device strings: Mfr=1, Product=2, SerialNumber=0
[    2.817264] usb 2-1.2.2: Product: USB Optical Mouse
[    2.818506] usb 2-1.2.2: Manufacturer: Logitech
[    2.822935] input: Logitech USB Optical Mouse as /devices/pci0000:00/0000:00:1d.0/usb2/2-1/2-1.2/2-1.2.2/2-1.2.2:1.0/0003:046D:C05A.0002/input/input15
[    2.826135] hid-generic 0003:046D:C05A.0002: input,hidraw1: USB HID v1.11 Mouse [Logitech USB Optical Mouse] on usb-0000:00:1d.0-1.2.2/input0
[    2.928883] usb 2-1.2.3: new low-speed USB device number 8 using ehci-pci
[    3.011633] input: TPPS/2 IBM TrackPoint as /devices/platform/i8042/serio1/serio2/input/input13
[    3.069409] usb 2-1.2.3: New USB device found, idVendor=04f2, idProduct=0111, bcdDevice= 1.02
[    3.073506] usb 2-1.2.3: New USB device strings: Mfr=1, Product=2, SerialNumber=0
[    3.075580] usb 2-1.2.3: Product: USB Keyboard
[    3.077539] usb 2-1.2.3: Manufacturer: Chicony
[    3.085249] input: Chicony USB Keyboard as /devices/pci0000:00/0000:00:1d.0/usb2/2-1/2-1.2/2-1.2.3/2-1.2.3:1.0/0003:04F2:0111.0003/input/input16
[    3.146795] hid-generic 0003:04F2:0111.0003: input,hidraw2: USB HID v1.10 Keyboard [Chicony USB Keyboard] on usb-0000:00:1d.0-1.2.3/input0
[    3.162783] input: Chicony USB Keyboard System Control as /devices/pci0000:00/0000:00:1d.0/usb2/2-1/2-1.2/2-1.2.3/2-1.2.3:1.1/0003:04F2:0111.0004/input/input17
[    3.225625] input: Chicony USB Keyboard Consumer Control as /devices/pci0000:00/0000:00:1d.0/usb2/2-1/2-1.2/2-1.2.3/2-1.2.3:1.1/0003:04F2:0111.0004/input/input18
[    3.235720] hid-generic 0003:04F2:0111.0004: input,hiddev96,hidraw3: USB HID v1.10 Device [Chicony USB Keyboard] on usb-0000:00:1d.0-1.2.3/input1
[    3.238462] md: Waiting for all devices to be available before autodetect
[    3.242970] md: If you don't use raid, use raid=noautodetect
[    3.247946] md: Autodetecting RAID arrays.
[    3.249147] md: autorun ...
[    3.250297] md: ... autorun DONE.
[    3.259536] EXT4-fs (sdb4): mounted filesystem with ordered data mode. Opts: (null)
[    3.261186] VFS: Mounted root (ext4 filesystem) readonly on device 8:20.
[    3.263002] devtmpfs: mounted
[    3.265598] Freeing unused kernel image memory: 1008K
[    3.286431] Write protecting the kernel read-only data: 24576k
[    3.293110] Freeing unused kernel image memory: 2008K
[    3.297297] Freeing unused kernel image memory: 896K
[    3.306835] x86/mm: Checked W+X mappings: passed, no W+X pages found.
[    3.307879] rodata_test: all tests were successful
[    3.308906] x86/mm: Checking user space page tables
[    3.318109] x86/mm: Checked W+X mappings: passed, no W+X pages found.
[    3.319148] Run /sbin/init as init process
[    3.385255] random: systemd: uninitialized urandom read (16 bytes read)
[    3.389124] systemd[1]: systemd 215 running in system mode. (+PAM +AUDIT +SELINUX +IMA +SYSVINIT +LIBCRYPTSETUP +GCRYPT +ACL +XZ -SECCOMP -APPARMOR)
[    3.409167] systemd[1]: Detected architecture 'x86-64'.
[    3.436071] systemd[1]: Failed to insert module 'ipv6'
[    3.437847] systemd[1]: Set hostname to <duo>.
[    3.454004] random: systemd-sysv-ge: uninitialized urandom read (16 bytes read)
[    3.488636] random: systemd-sysv-ge: uninitialized urandom read (16 bytes read)
[    3.558276] systemd[1]: Binding to IPv6 address not available since kernel does not support IPv6.
[    3.559590] systemd[1]: [/lib/systemd/system/gpsd.socket:6] Failed to parse address value, ignoring: [::1]:2947
[    3.564628] systemd[1]: Starting Forward Password Requests to Wall Directory Watch.
[    3.565884] systemd[1]: Started Forward Password Requests to Wall Directory Watch.
[    3.566855] systemd[1]: Starting Remote File Systems (Pre).
[    3.570051] systemd[1]: Reached target Remote File Systems (Pre).
[    3.676869] systemd-udevd[1984]: starting version 215
[    3.910636] e1000e 0000:00:19.0 eth2: renamed from eth0
[    3.945058] systemd-udevd[2564]: renamed network interface eth0 to eth2
[    3.946492] iwlwifi 0000:03:00.0 wlan1: renamed from wlan0
[    3.976989] systemd-udevd[2567]: renamed network interface wlan0 to wlan1
[    4.016972] Bluetooth: hci0: urb (____ptrval____) failed to resubmit (2)
[    4.946186] EXT4-fs (sdb4): re-mounted. Opts: errors=remount-ro
[    5.071808] Adding 1681428k swap on /dev/sda1.  Priority:-2 extents:1 across:1681428k 
[    5.506342] random: crng init done
[    5.508794] random: 7 urandom warning(s) missed due to ratelimiting
[    5.519907] EXT4-fs (sda2): mounted filesystem with ordered data mode. Opts: errors=remount-ro
[    5.583927] EXT4-fs (sdb2): mounted filesystem with ordered data mode. Opts: errors=remount-ro
[    5.631635] systemd-journald[1986]: Received request to flush runtime journal from PID 1
[    6.572212] device-mapper: table: 251:0: thin-pool: unknown target type
[    6.573220] device-mapper: ioctl: error adding target to table
[    7.420476] iwlwifi 0000:03:00.0: Radio type=0x0-0x0-0x3
[    7.492188] iwlwifi 0000:03:00.0: Radio type=0x0-0x0-0x3
[    9.066858] e1000e: eth2 NIC Link is Up 100 Mbps Full Duplex, Flow Control: Rx/Tx
[    9.066869] e1000e 0000:00:19.0 eth2: 10/100 speed: disabling TSO
[   11.944567] wlan1: authenticate with 00:00:00:00:00:01
[   11.950835] wlan1: send auth to 00:00:00:00:00:01 (try 1/3)
[   11.953150] wlan1: authenticated
[   11.956900] wlan1: associate with 00:00:00:00:00:01 (try 1/3)
[   11.963133] wlan1: RX AssocResp from 00:00:00:00:00:01 (capab=0x401 status=0 aid=6)
[   11.967263] wlan1: associated
[   26.151741] wlan1: deauthenticating from 00:00:00:00:00:01 by local choice (Reason: 3=DEAUTH_LEAVING)
[   26.224343] PM: suspend entry (deep)
[   26.224350] PM: Syncing filesystems ... done.
[   27.036270] Freezing user space processes ... (elapsed 0.004 seconds) done.
[   27.041123] OOM killer disabled.
[   27.041126] Freezing remaining freezable tasks ... (elapsed 0.004 seconds) done.
[   27.045194] Suspending console(s) (use no_console_suspend to debug)
[   27.069328] sd 2:0:0:0: [sdb] Synchronizing SCSI cache
[   27.070124] sd 2:0:0:0: [sdb] Stopping disk
[   27.237107] sd 0:0:0:0: [sda] Synchronizing SCSI cache
[   27.237404] sd 0:0:0:0: [sda] Stopping disk
[   27.312563] e1000e: EEE TX LPI TIMER: 00000011
[   27.824931] PM: suspend devices took 0.780 seconds
[   27.848745] ACPI: EC: interrupt blocked
[   27.889106] ACPI: Preparing to enter system sleep state S3
[   27.899484] ACPI: EC: event blocked
[   27.899488] ACPI: EC: EC stopped
[   27.899493] PM: Saving platform NVS memory
[   27.899515] Disabling non-boot CPUs ...
[   27.916250] smpboot: CPU 1 is now offline
[   27.943551] smpboot: CPU 2 is now offline
[   27.962202] IRQ 16: no longer affine to CPU3
[   27.962216] IRQ 17: no longer affine to CPU3
[   27.962230] IRQ 23: no longer affine to CPU3
[   27.963273] smpboot: CPU 3 is now offline
[   27.966933] ACPI: Low-level resume complete
[   27.966993] ACPI: EC: EC started
[   27.966995] PM: Restoring platform NVS memory
[   27.967361] Enabling non-boot CPUs ...
[   27.968403] x86: Booting SMP configuration:
[   27.968406] smpboot: Booting Node 0 Processor 1 APIC 0x1
[   27.968762] Disabled fast string operations
[   27.971258]  cache: parent cpu1 should not be sleeping
[   27.971697] CPU1 is up
[   27.972770] smpboot: Booting Node 0 Processor 2 APIC 0x2
[   27.973080] Disabled fast string operations
[   27.975602]  cache: parent cpu2 should not be sleeping
[   27.976095] CPU2 is up
[   27.977533] smpboot: Booting Node 0 Processor 3 APIC 0x3
[   27.977842] Disabled fast string operations
[   27.980261]  cache: parent cpu3 should not be sleeping
[   27.980885] CPU3 is up
[   27.983995] ACPI: Waking up from system sleep state S3
[   28.001965] ACPI: EC: interrupt unblocked
[   28.018767] sdhci-pci 0000:0d:00.0: MMC controller base frequency changed to 50Mhz.
[   28.056658] sd 0:0:0:0: [sda] Starting disk
[   28.056846] sd 2:0:0:0: [sdb] Starting disk
[   28.057099] ACPI: button: The lid device is not compliant to SW_LID.
[   28.057210] ACPI: EC: event unblocked
[   28.306156] usb 1-1.3: reset full-speed USB device number 3 using ehci-pci
[   28.402209] ata3: SATA link up 3.0 Gbps (SStatus 123 SControl 300)
[   28.406214] ata2: SATA link down (SStatus 0 SControl 300)
[   28.408037] ata3.00: ACPI cmd ef/02:00:00:00:00:a0 (SET FEATURES) succeeded
[   28.408049] ata3.00: ACPI cmd f5/00:00:00:00:00:a0 (SECURITY FREEZE LOCK) filtered out
[   28.408057] ata3.00: ACPI cmd ef/10:03:00:00:00:a0 (SET FEATURES) filtered out
[   28.409071] ata5: SATA link down (SStatus 0 SControl 300)
[   28.418812] ata3.00: ACPI cmd ef/02:00:00:00:00:a0 (SET FEATURES) succeeded
[   28.418824] ata3.00: ACPI cmd f5/00:00:00:00:00:a0 (SECURITY FREEZE LOCK) filtered out
[   28.418833] ata3.00: ACPI cmd ef/10:03:00:00:00:a0 (SET FEATURES) filtered out
[   28.424025] ata3.00: configured for UDMA/133
[   28.494180] usb 1-1.4: reset full-speed USB device number 4 using ehci-pci
[   28.682041] usb 1-1.6: reset high-speed USB device number 5 using ehci-pci
[   28.957170] psmouse serio1: synaptics: queried max coordinates: x [..5472], y [..4448]
[   29.781546] ata1: SATA link up 1.5 Gbps (SStatus 113 SControl 300)
[   29.783183] ata1.00: ACPI cmd ef/02:00:00:00:00:a0 (SET FEATURES) succeeded
[   29.783194] ata1.00: ACPI cmd f5/00:00:00:00:00:a0 (SECURITY FREEZE LOCK) filtered out
[   29.783202] ata1.00: ACPI cmd ef/10:03:00:00:00:a0 (SET FEATURES) filtered out
[   29.786272] ata1.00: ACPI cmd ef/02:00:00:00:00:a0 (SET FEATURES) succeeded
[   29.786284] ata1.00: ACPI cmd f5/00:00:00:00:00:a0 (SECURITY FREEZE LOCK) filtered out
[   29.786292] ata1.00: ACPI cmd ef/10:03:00:00:00:a0 (SET FEATURES) filtered out
[   29.787498] ata1.00: configured for UDMA/133
[   29.812159] PM: resume devices took 1.760 seconds
[   29.813090] OOM killer enabled.
[   29.813101] Restarting tasks ... 
[   29.813129] ACPI: \_SB_.PCI0.LPC_.EC__.BAT1: docking
[   29.817689] ACPI: \_SB_.PCI0.LPC_.EC__.BAT1: Unable to dock!
[   29.823287] done.
[   29.825105] PM: suspend exit
[   29.961251] e1000e: eth2 NIC Link is Down
[   30.132745] iwlwifi 0000:03:00.0: Radio type=0x0-0x0-0x3
[   30.207704] iwlwifi 0000:03:00.0: Radio type=0x0-0x0-0x3
[   30.666868] wlan1: authenticate with 00:00:00:00:00:01
[   30.670003] wlan1: send auth to 00:00:00:00:00:01 (try 1/3)
[   30.672348] wlan1: authenticated
[   30.672939] wlan1: associate with 00:00:00:00:00:01 (try 1/3)
[   30.676784] wlan1: RX AssocResp from 00:00:00:00:00:01 (capab=0x401 status=0 aid=6)
[   30.680546] wlan1: associated
[   32.350322] e1000e: eth2 NIC Link is Up 100 Mbps Full Duplex, Flow Control: Rx/Tx
[   32.350345] e1000e 0000:00:19.0 eth2: 10/100 speed: disabling TSO
