[    0.000000] Linux version 5.7.0-rc1+ (pavel@duo) (gcc version 8.3.0 (Debian 8.3.0-6), GNU ld (GNU Binutils for Debian) 2.31.1) #110 SMP PREEMPT Mon Apr 13 21:36:59 CEST 2020
[    0.000000] Command line: BOOT_IMAGE=(hd1,2)/l/k/o/64/arch/x86/boot/bzImage root=/dev/sdb3 resume=/dev/sda1
[    0.000000] Disabled fast string operations
[    0.000000] x86/fpu: Supporting XSAVE feature 0x001: 'x87 floating point registers'
[    0.000000] x86/fpu: Supporting XSAVE feature 0x002: 'SSE registers'
[    0.000000] x86/fpu: Supporting XSAVE feature 0x004: 'AVX registers'
[    0.000000] x86/fpu: xstate_offset[2]:  576, xstate_sizes[2]:  256
[    0.000000] x86/fpu: Enabled xstate features 0x7, context size is 832 bytes, using 'standard' format.
[    0.000000] BIOS-provided physical RAM map:
[    0.000000] BIOS-e820: [mem 0x0000000000000000-0x000000000009d7ff] usable
[    0.000000] BIOS-e820: [mem 0x000000000009d800-0x000000000009ffff] reserved
[    0.000000] BIOS-e820: [mem 0x00000000000e0000-0x00000000000fffff] reserved
[    0.000000] BIOS-e820: [mem 0x0000000000100000-0x000000001fffffff] usable
[    0.000000] BIOS-e820: [mem 0x0000000020000000-0x00000000201fffff] reserved
[    0.000000] BIOS-e820: [mem 0x0000000020200000-0x000000003fffffff] usable
[    0.000000] BIOS-e820: [mem 0x0000000040000000-0x00000000401fffff] reserved
[    0.000000] BIOS-e820: [mem 0x0000000040200000-0x00000000da99efff] usable
[    0.000000] BIOS-e820: [mem 0x00000000da99f000-0x00000000dae9efff] reserved
[    0.000000] BIOS-e820: [mem 0x00000000dae9f000-0x00000000daf9efff] ACPI NVS
[    0.000000] BIOS-e820: [mem 0x00000000daf9f000-0x00000000daffefff] ACPI data
[    0.000000] BIOS-e820: [mem 0x00000000dafff000-0x00000000daffffff] usable
[    0.000000] BIOS-e820: [mem 0x00000000db000000-0x00000000df9fffff] reserved
[    0.000000] BIOS-e820: [mem 0x00000000f8000000-0x00000000fbffffff] reserved
[    0.000000] BIOS-e820: [mem 0x00000000fec00000-0x00000000fec00fff] reserved
[    0.000000] BIOS-e820: [mem 0x00000000fed08000-0x00000000fed08fff] reserved
[    0.000000] BIOS-e820: [mem 0x00000000fed10000-0x00000000fed19fff] reserved
[    0.000000] BIOS-e820: [mem 0x00000000fed1c000-0x00000000fed1ffff] reserved
[    0.000000] BIOS-e820: [mem 0x00000000fee00000-0x00000000fee00fff] reserved
[    0.000000] BIOS-e820: [mem 0x00000000ffd20000-0x00000000ffffffff] reserved
[    0.000000] BIOS-e820: [mem 0x0000000100000000-0x000000019e5fffff] usable
[    0.000000] BIOS-e820: [mem 0x000000019e600000-0x000000019e7fffff] reserved
[    0.000000] NX (Execute Disable) protection: active
[    0.000000] SMBIOS 2.6 present.
[    0.000000] DMI: LENOVO 42872WU/42872WU, BIOS 8DET74WW (1.44 ) 03/13/2018
[    0.000000] tsc: Fast TSC calibration using PIT
[    0.000000] tsc: Detected 2492.029 MHz processor
[    0.001599] e820: update [mem 0x00000000-0x00000fff] usable ==> reserved
[    0.001601] e820: remove [mem 0x000a0000-0x000fffff] usable
[    0.001609] last_pfn = 0x19e600 max_arch_pfn = 0x400000000
[    0.001615] MTRR default type: uncachable
[    0.001616] MTRR fixed ranges enabled:
[    0.001618]   00000-9FFFF write-back
[    0.001620]   A0000-BFFFF uncachable
[    0.001621]   C0000-FFFFF write-protect
[    0.001623] MTRR variable ranges enabled:
[    0.001625]   0 base 0FFC00000 mask FFFC00000 write-protect
[    0.001627]   1 base 000000000 mask F80000000 write-back
[    0.001628]   2 base 080000000 mask FC0000000 write-back
[    0.001630]   3 base 0C0000000 mask FE0000000 write-back
[    0.001631]   4 base 0DC000000 mask FFC000000 uncachable
[    0.001633]   5 base 0DB000000 mask FFF000000 uncachable
[    0.001634]   6 base 100000000 mask F80000000 write-back
[    0.001636]   7 base 180000000 mask FE0000000 write-back
[    0.001637]   8 base 19F000000 mask FFF000000 uncachable
[    0.001638]   9 base 19E800000 mask FFF800000 uncachable
[    0.002422] x86/PAT: Configuration [0-7]: WB  WC  UC- UC  WB  WP  UC- WT  
[    0.003731] last_pfn = 0xdb000 max_arch_pfn = 0x400000000
[    0.003752] reserving inaccessible SNB gfx pages
[    0.003758] BRK [0x06001000, 0x06001fff] PGTABLE
[    0.003760] BRK [0x06002000, 0x06002fff] PGTABLE
[    0.003762] BRK [0x06003000, 0x06003fff] PGTABLE
[    0.003817] BRK [0x06004000, 0x06004fff] PGTABLE
[    0.003957] BRK [0x06005000, 0x06005fff] PGTABLE
[    0.004207] BRK [0x06006000, 0x06006fff] PGTABLE
[    0.004685] ACPI: Early table checksum verification disabled
[    0.004692] ACPI: RSDP 0x00000000000F00E0 000024 (v02 LENOVO)
[    0.004697] ACPI: XSDT 0x00000000DAFFE120 0000AC (v01 LENOVO TP-8D    00001440 PTEC 00000002)
[    0.004704] ACPI: FACP 0x00000000DAFE7000 0000F4 (v04 LENOVO TP-8D    00001440 PTL  00000002)
[    0.004711] ACPI: DSDT 0x00000000DAFEA000 00FA89 (v01 LENOVO TP-8D    00001440 INTL 20061109)
[    0.004716] ACPI: FACS 0x00000000DAF2D000 000040
[    0.004719] ACPI: FACS 0x00000000DAF2D000 000040
[    0.004723] ACPI: SLIC 0x00000000DAFFD000 000176 (v01 LENOVO TP-8D    00001440 PTEC 00000001)
[    0.004728] ACPI: SSDT 0x00000000DAFFC000 000249 (v01 LENOVO TP-SSDT2 00000200 INTL 20061109)
[    0.004732] ACPI: SSDT 0x00000000DAFFB000 000033 (v01 LENOVO TP-SSDT1 00000100 INTL 20061109)
[    0.004736] ACPI: SSDT 0x00000000DAFFA000 0007D1 (v01 LENOVO SataAhci 00001000 INTL 20061109)
[    0.004741] ACPI: HPET 0x00000000DAFE6000 000038 (v01 LENOVO TP-8D    00001440 PTL  00000002)
[    0.004745] ACPI: APIC 0x00000000DAFE5000 000098 (v01 LENOVO TP-8D    00001440 PTL  00000002)
[    0.004749] ACPI: MCFG 0x00000000DAFE4000 00003C (v01 LENOVO TP-8D    00001440 PTL  00000002)
[    0.004753] ACPI: ECDT 0x00000000DAFE3000 000052 (v01 LENOVO TP-8D    00001440 PTL  00000002)
[    0.004758] ACPI: ASF! 0x00000000DAFE9000 0000A5 (v32 LENOVO TP-8D    00001440 PTL  00000002)
[    0.004762] ACPI: TCPA 0x00000000DAFE2000 000032 (v02 PTL    LENOVO   06040000 LNVO 00000001)
[    0.004767] ACPI: SSDT 0x00000000DAFE1000 000A27 (v01 PmRef  Cpu0Ist  00003000 INTL 20061109)
[    0.004771] ACPI: SSDT 0x00000000DAFE0000 000996 (v01 PmRef  CpuPm    00003000 INTL 20061109)
[    0.004775] ACPI: DMAR 0x00000000DAFDF000 0000E8 (v01 INTEL  SNB      00000001 INTL 00000001)
[    0.004780] ACPI: UEFI 0x00000000DAFDE000 00003E (v01 LENOVO TP-8D    00001440 PTL  00000002)
[    0.004784] ACPI: UEFI 0x00000000DAFDD000 000042 (v01 PTL    COMBUF   00000001 PTL  00000001)
[    0.004788] ACPI: UEFI 0x00000000DAFDC000 000292 (v01 LENOVO TP-8D    00001440 PTL  00000002)
[    0.004797] ACPI: Local APIC address 0xfee00000
[    0.004843] Zone ranges:
[    0.004845]   DMA      [mem 0x0000000000001000-0x0000000000ffffff]
[    0.004848]   DMA32    [mem 0x0000000001000000-0x00000000ffffffff]
[    0.004850]   Normal   [mem 0x0000000100000000-0x000000019e5fffff]
[    0.004853] Movable zone start for each node
[    0.004855] Early memory node ranges
[    0.004857]   node   0: [mem 0x0000000000001000-0x000000000009cfff]
[    0.004859]   node   0: [mem 0x0000000000100000-0x000000001fffffff]
[    0.004861]   node   0: [mem 0x0000000020200000-0x000000003fffffff]
[    0.004863]   node   0: [mem 0x0000000040200000-0x00000000da99efff]
[    0.004865]   node   0: [mem 0x00000000dafff000-0x00000000daffffff]
[    0.004867]   node   0: [mem 0x0000000100000000-0x000000019e5fffff]
[    0.005130] Zeroed struct page in unavailable ranges: 29892 pages
[    0.005132] Initmem setup node 0 [mem 0x0000000000001000-0x000000019e5fffff]
[    0.005135] On node 0 totalpages: 1542972
[    0.005138]   DMA zone: 56 pages used for memmap
[    0.005139]   DMA zone: 156 pages reserved
[    0.005141]   DMA zone: 3996 pages, LIFO batch:0
[    0.005183]   DMA32 zone: 12172 pages used for memmap
[    0.005184]   DMA32 zone: 890272 pages, LIFO batch:63
[    0.014110]   Normal zone: 8869 pages used for memmap
[    0.014114]   Normal zone: 648704 pages, LIFO batch:63
[    0.020442] Reserving Intel graphics memory at [mem 0xdba00000-0xdf9fffff]
[    0.020622] ACPI: PM-Timer IO Port: 0x408
[    0.020625] ACPI: Local APIC address 0xfee00000
[    0.020633] ACPI: LAPIC_NMI (acpi_id[0x00] high edge lint[0x1])
[    0.020635] ACPI: LAPIC_NMI (acpi_id[0x01] high edge lint[0x1])
[    0.020652] IOAPIC[0]: apic_id 2, version 32, address 0xfec00000, GSI 0-23
[    0.020656] ACPI: INT_SRC_OVR (bus 0 bus_irq 0 global_irq 2 dfl dfl)
[    0.020659] ACPI: INT_SRC_OVR (bus 0 bus_irq 9 global_irq 9 high level)
[    0.020662] ACPI: IRQ0 used by override.
[    0.020664] ACPI: IRQ9 used by override.
[    0.020666] Using ACPI (MADT) for SMP configuration information
[    0.020669] ACPI: HPET id: 0x8086a301 base: 0xfed00000
[    0.020674] smpboot: Allowing 8 CPUs, 4 hotplug CPUs
[    0.020702] PM: hibernation: Registered nosave memory: [mem 0x00000000-0x00000fff]
[    0.020705] PM: hibernation: Registered nosave memory: [mem 0x0009d000-0x0009dfff]
[    0.020707] PM: hibernation: Registered nosave memory: [mem 0x0009e000-0x0009ffff]
[    0.020709] PM: hibernation: Registered nosave memory: [mem 0x000a0000-0x000dffff]
[    0.020711] PM: hibernation: Registered nosave memory: [mem 0x000e0000-0x000fffff]
[    0.020714] PM: hibernation: Registered nosave memory: [mem 0x20000000-0x201fffff]
[    0.020717] PM: hibernation: Registered nosave memory: [mem 0x40000000-0x401fffff]
[    0.020719] PM: hibernation: Registered nosave memory: [mem 0xda99f000-0xdae9efff]
[    0.020721] PM: hibernation: Registered nosave memory: [mem 0xdae9f000-0xdaf9efff]
[    0.020723] PM: hibernation: Registered nosave memory: [mem 0xdaf9f000-0xdaffefff]
[    0.020726] PM: hibernation: Registered nosave memory: [mem 0xdb000000-0xdf9fffff]
[    0.020728] PM: hibernation: Registered nosave memory: [mem 0xdfa00000-0xf7ffffff]
[    0.020730] PM: hibernation: Registered nosave memory: [mem 0xf8000000-0xfbffffff]
[    0.020732] PM: hibernation: Registered nosave memory: [mem 0xfc000000-0xfebfffff]
[    0.020734] PM: hibernation: Registered nosave memory: [mem 0xfec00000-0xfec00fff]
[    0.020736] PM: hibernation: Registered nosave memory: [mem 0xfec01000-0xfed07fff]
[    0.020737] PM: hibernation: Registered nosave memory: [mem 0xfed08000-0xfed08fff]
[    0.020739] PM: hibernation: Registered nosave memory: [mem 0xfed09000-0xfed0ffff]
[    0.020741] PM: hibernation: Registered nosave memory: [mem 0xfed10000-0xfed19fff]
[    0.020743] PM: hibernation: Registered nosave memory: [mem 0xfed1a000-0xfed1bfff]
[    0.020745] PM: hibernation: Registered nosave memory: [mem 0xfed1c000-0xfed1ffff]
[    0.020747] PM: hibernation: Registered nosave memory: [mem 0xfed20000-0xfedfffff]
[    0.020749] PM: hibernation: Registered nosave memory: [mem 0xfee00000-0xfee00fff]
[    0.020751] PM: hibernation: Registered nosave memory: [mem 0xfee01000-0xffd1ffff]
[    0.020753] PM: hibernation: Registered nosave memory: [mem 0xffd20000-0xffffffff]
[    0.020757] [mem 0xdfa00000-0xf7ffffff] available for PCI devices
[    0.020761] clocksource: refined-jiffies: mask: 0xffffffff max_cycles: 0xffffffff, max_idle_ns: 7645519600211568 ns
[    0.020769] setup_percpu: NR_CPUS:8 nr_cpumask_bits:8 nr_cpu_ids:8 nr_node_ids:1
[    0.022570] percpu: Embedded 61 pages/cpu s212304 r8192 d29360 u262144
[    0.022578] pcpu-alloc: s212304 r8192 d29360 u262144 alloc=1*2097152
[    0.022580] pcpu-alloc: [0] 0 1 2 3 4 5 6 7 
[    0.022605] Built 1 zonelists, mobility grouping on.  Total pages: 1521719
[    0.022609] Kernel command line: BOOT_IMAGE=(hd1,2)/l/k/o/64/arch/x86/boot/bzImage root=/dev/sdb3 resume=/dev/sda1
[    0.026480] Dentry cache hash table entries: 1048576 (order: 11, 8388608 bytes, linear)
[    0.028389] Inode-cache hash table entries: 524288 (order: 10, 4194304 bytes, linear)
[    0.028484] mem auto-init: stack:off, heap alloc:off, heap free:off
[    0.302690] Memory: 5970156K/6171888K available (16387K kernel code, 1090K rwdata, 5764K rodata, 1088K init, 5816K bss, 201732K reserved, 0K cma-reserved)
[    0.302713] random: get_random_u32 called from cache_grow_begin.constprop.83+0x2d8/0xe50 with crng_init=0
[    0.303316] Kernel/User page tables isolation: enabled
[    0.303509] rcu: Preemptible hierarchical RCU implementation.
[    0.303512] 	Tasks RCU enabled.
[    0.303514] rcu: RCU calculated value of scheduler-enlistment delay is 25 jiffies.
[    0.303544] NR_IRQS: 4352, nr_irqs: 104, preallocated irqs: 16
[    0.305514] Console: colour VGA+ 80x25
[    0.314439] printk: console [tty0] enabled
[    0.314498] Lock dependency validator: Copyright (c) 2006 Red Hat, Inc., Ingo Molnar
[    0.314570] ... MAX_LOCKDEP_SUBCLASSES:  8
[    0.314629] ... MAX_LOCK_DEPTH:          48
[    0.314689] ... MAX_LOCKDEP_KEYS:        8192
[    0.314749] ... CLASSHASH_SIZE:          4096
[    0.314809] ... MAX_LOCKDEP_ENTRIES:     32768
[    0.314869] ... MAX_LOCKDEP_CHAINS:      65536
[    0.314929] ... CHAINHASH_SIZE:          32768
[    0.314989]  memory used by lock dependency info: 3573 kB
[    0.315053]  per task-struct memory footprint: 1920 bytes
[    0.315123] ACPI: Core revision 20200326
[    0.315465] clocksource: hpet: mask: 0xffffffff max_cycles: 0xffffffff, max_idle_ns: 133484882848 ns
[    0.315573] APIC: Switch to symmetric I/O mode setup
[    0.316091] ..TIMER: vector=0x30 apic1=0 pin1=2 apic2=-1 pin2=-1
[    0.335572] clocksource: tsc-early: mask: 0xffffffffffffffff max_cycles: 0x23ebcfea7bf, max_idle_ns: 440795297563 ns
[    0.335671] Calibrating delay loop (skipped), value calculated using timer frequency.. 4984.05 BogoMIPS (lpj=9968116)
[    0.335767] pid_max: default: 32768 minimum: 301
[    0.335979] Mount-cache hash table entries: 16384 (order: 5, 131072 bytes, linear)
[    0.336068] Mountpoint-cache hash table entries: 16384 (order: 5, 131072 bytes, linear)
[    0.336578] Disabled fast string operations
[    0.336649] process: using mwait in idle threads
[    0.336713] Last level iTLB entries: 4KB 512, 2MB 8, 4MB 8
[    0.336778] Last level dTLB entries: 4KB 512, 2MB 32, 4MB 32, 1GB 0
[    0.336846] Spectre V1 : Mitigation: usercopy/swapgs barriers and __user pointer sanitization
[    0.336934] Spectre V2 : Mitigation: Full generic retpoline
[    0.336999] Spectre V2 : Spectre v2 / SpectreRSB mitigation: Filling RSB on context switch
[    0.337074] Spectre V2 : Enabling Restricted Speculation for firmware calls
[    0.337144] Spectre V2 : mitigation: Enabling conditional Indirect Branch Prediction Barrier
[    0.337219] Spectre V2 : User space: Mitigation: STIBP via prctl
[    0.337286] Speculative Store Bypass: Vulnerable
[    0.337348] MDS: Vulnerable: Clear CPU buffers attempted, no microcode
[    0.337567] Freeing SMP alternatives memory: 48K
[    0.338661] TSC deadline timer enabled
[    0.338666] smpboot: CPU0: Intel(R) Core(TM) i5-2520M CPU @ 2.50GHz (family: 0x6, model: 0x2a, stepping: 0x7)
[    0.339568] Performance Events: PEBS fmt1+, SandyBridge events, 16-deep LBR, full-width counters, Intel PMU driver.
[    0.339670] ... version:                3
[    0.339670] ... bit width:              48
[    0.339670] ... generic registers:      4
[    0.339670] ... value mask:             0000ffffffffffff
[    0.339670] ... max period:             00007fffffffffff
[    0.339670] ... fixed-purpose events:   3
[    0.339670] ... event mask:             000000070000000f
[    0.339670] rcu: Hierarchical SRCU implementation.
[    0.339670] NMI watchdog: Enabled. Permanently consumes one hw-PMU counter.
[    0.339670] smp: Bringing up secondary CPUs ...
[    0.340077] x86: Booting SMP configuration:
[    0.340143] .... node  #0, CPUs:      #1
[    0.015886] Disabled fast string operations
[    0.342497] MDS CPU bug present and SMT on, data leak possible. See https://www.kernel.org/doc/html/latest/admin-guide/hw-vuln/mds.html for more details.
[    0.342497]  #2
[    0.015886] Disabled fast string operations
[    0.345720]  #3
[    0.015886] Disabled fast string operations
[    0.347798] smp: Brought up 1 node, 4 CPUs
[    0.347960] smpboot: Max logical packages: 2
[    0.348021] smpboot: Total of 4 processors activated (19936.23 BogoMIPS)
[    0.350713] devtmpfs: initialized
[    0.351893] PM: Registering ACPI NVS region [mem 0xdae9f000-0xdaf9efff] (1048576 bytes)
[    0.352316] clocksource: jiffies: mask: 0xffffffff max_cycles: 0xffffffff, max_idle_ns: 7645041785100000 ns
[    0.352316] futex hash table entries: 2048 (order: 6, 262144 bytes, linear)
[    0.352316] thermal_sys: Registered thermal governor 'step_wise'
[    0.352420] NET: Registered protocol family 16
[    0.353529] cpuidle: using governor ladder
[    0.353644] cpuidle: using governor menu
[    0.353644] ACPI FADT declares the system doesn't support PCIe ASPM, so disable it
[    0.353644] ACPI: bus type PCI registered
[    0.353644] PCI: MMCONFIG for domain 0000 [bus 00-3f] at [mem 0xf8000000-0xfbffffff] (base 0xf8000000)
[    0.353644] PCI: MMCONFIG at [mem 0xf8000000-0xfbffffff] reserved in E820
[    0.353644] PCI: Using configuration type 1 for base access
[    0.353644] core: PMU erratum BJ122, BV98, HSD29 worked around, HT is on
[    0.355680] ENERGY_PERF_BIAS: Set to 'normal', was 'performance'
[    0.391910] ACPI: Added _OSI(Module Device)
[    0.391976] ACPI: Added _OSI(Processor Device)
[    0.392038] ACPI: Added _OSI(3.0 _SCP Extensions)
[    0.392101] ACPI: Added _OSI(Processor Aggregator Device)
[    0.392167] ACPI: Added _OSI(Linux-Dell-Video)
[    0.392229] ACPI: Added _OSI(Linux-Lenovo-NV-HDMI-Audio)
[    0.392294] ACPI: Added _OSI(Linux-HPI-Hybrid-Graphics)
[    0.432116] ACPI: 6 ACPI AML tables successfully acquired and loaded
[    0.434747] ACPI: EC: EC started
[    0.434806] ACPI: EC: interrupt blocked
[    0.437472] ACPI: EC: EC_CMD/EC_SC=0x66, EC_DATA=0x62
[    0.437537] ACPI: EC: Boot ECDT EC used to handle transactions
[    0.438178] ACPI: [Firmware Bug]: BIOS _OSI(Linux) query ignored
[    0.448344] ACPI: Dynamic OEM Table Load:
[    0.448418] ACPI: SSDT 0xFFFF888197581000 0008C0 (v01 PmRef  Cpu0Cst  00003001 INTL 20061109)
[    0.451223] ACPI: Dynamic OEM Table Load:
[    0.451294] ACPI: SSDT 0xFFFF888197FB8C00 000303 (v01 PmRef  ApIst    00003000 INTL 20061109)
[    0.453580] ACPI: Dynamic OEM Table Load:
[    0.453650] ACPI: SSDT 0xFFFF8881973C2600 000119 (v01 PmRef  ApCst    00003000 INTL 20061109)
[    0.457552] ACPI: Interpreter enabled
[    0.457656] ACPI: (supports S0 S3 S4 S5)
[    0.457719] ACPI: Using IOAPIC for interrupt routing
[    0.457857] PCI: Using host bridge windows from ACPI; if necessary, use "pci=nocrs" and report a bug
[    0.458688] ACPI: Enabled 6 GPEs in block 00 to 3F
[    0.471664] ACPI: Power Resource [PUBS] (on)
[    0.472307] acpi PNP0C0A:01: ACPI dock station (docks/bays count: 1)
[    0.477029] acpi LNXIOBAY:00: ACPI dock station (docks/bays count: 2)
[    0.484063] acpi IBM0079:00: ACPI dock station (docks/bays count: 3)
[    0.486033] ACPI: PCI Interrupt Link [LNKA] (IRQs 3 4 5 6 7 9 10 *11)
[    0.486465] ACPI: PCI Interrupt Link [LNKB] (IRQs 3 4 5 6 7 9 10 *11)
[    0.486900] ACPI: PCI Interrupt Link [LNKC] (IRQs 3 4 5 6 7 9 10 *11)
[    0.487328] ACPI: PCI Interrupt Link [LNKD] (IRQs 3 4 5 6 7 9 *10 11)
[    0.487759] ACPI: PCI Interrupt Link [LNKE] (IRQs 3 4 5 6 *7 9 10 11)
[    0.488093] ACPI: PCI Interrupt Link [LNKF] (IRQs 3 4 5 6 7 9 10 11) *0, disabled.
[    0.488525] ACPI: PCI Interrupt Link [LNKG] (IRQs 3 4 5 6 *7 9 10 11)
[    0.488952] ACPI: PCI Interrupt Link [LNKH] (IRQs 3 4 5 6 7 9 *10 11)
[    0.489309] ACPI: PCI Root Bridge [PCI0] (domain 0000 [bus 00-fe])
[    0.489388] acpi PNP0A08:00: _OSC: OS supports [ExtendedConfig ASPM ClockPM Segments HPX-Type3]
[    0.489888] acpi PNP0A08:00: _OSC: not requesting OS control; OS requires [ExtendedConfig ASPM ClockPM MSI]
[    0.489991] acpi PNP0A08:00: [Firmware Info]: MMCONFIG for domain 0000 [bus 00-3f] only partially covers this bridge
[    0.490233] PCI host bridge to bus 0000:00
[    0.490304] pci_bus 0000:00: root bus resource [io  0x0000-0x0cf7 window]
[    0.490377] pci_bus 0000:00: root bus resource [io  0x0d00-0xffff window]
[    0.490450] pci_bus 0000:00: root bus resource [mem 0x000a0000-0x000bffff window]
[    0.490525] pci_bus 0000:00: root bus resource [mem 0xdfa00000-0xfebfffff window]
[    0.490600] pci_bus 0000:00: root bus resource [mem 0xfed40000-0xfed4bfff window]
[    0.490676] pci_bus 0000:00: root bus resource [bus 00-fe]
[    0.490770] pci 0000:00:00.0: [8086:0104] type 00 class 0x060000
[    0.491082] pci 0000:00:02.0: [8086:0126] type 00 class 0x030000
[    0.491169] pci 0000:00:02.0: reg 0x10: [mem 0xf0000000-0xf03fffff 64bit]
[    0.491247] pci 0000:00:02.0: reg 0x18: [mem 0xe0000000-0xefffffff 64bit pref]
[    0.491325] pci 0000:00:02.0: reg 0x20: [io  0x5000-0x503f]
[    0.491766] pci 0000:00:16.0: [8086:1c3a] type 00 class 0x078000
[    0.491869] pci 0000:00:16.0: reg 0x10: [mem 0xf2525000-0xf252500f 64bit]
[    0.492040] pci 0000:00:16.0: PME# supported from D0 D3hot D3cold
[    0.492347] pci 0000:00:19.0: [8086:1502] type 00 class 0x020000
[    0.492445] pci 0000:00:19.0: reg 0x10: [mem 0xf2500000-0xf251ffff]
[    0.492524] pci 0000:00:19.0: reg 0x14: [mem 0xf252b000-0xf252bfff]
[    0.492602] pci 0000:00:19.0: reg 0x18: [io  0x5080-0x509f]
[    0.492750] pci 0000:00:19.0: PME# supported from D0 D3hot D3cold
[    0.493132] pci 0000:00:1a.0: [8086:1c2d] type 00 class 0x0c0320
[    0.493233] pci 0000:00:1a.0: reg 0x10: [mem 0xf252a000-0xf252a3ff]
[    0.493409] pci 0000:00:1a.0: PME# supported from D0 D3hot D3cold
[    0.493796] pci 0000:00:1b.0: [8086:1c20] type 00 class 0x040300
[    0.493897] pci 0000:00:1b.0: reg 0x10: [mem 0xf2520000-0xf2523fff 64bit]
[    0.494077] pci 0000:00:1b.0: PME# supported from D0 D3hot D3cold
[    0.494460] pci 0000:00:1c.0: [8086:1c10] type 01 class 0x060400
[    0.494692] pci 0000:00:1c.0: PME# supported from D0 D3hot D3cold
[    0.495121] pci 0000:00:1c.1: [8086:1c12] type 01 class 0x060400
[    0.495362] pci 0000:00:1c.1: PME# supported from D0 D3hot D3cold
[    0.495762] pci 0000:00:1c.3: [8086:1c16] type 01 class 0x060400
[    0.496001] pci 0000:00:1c.3: PME# supported from D0 D3hot D3cold
[    0.496405] pci 0000:00:1c.4: [8086:1c18] type 01 class 0x060400
[    0.496645] pci 0000:00:1c.4: PME# supported from D0 D3hot D3cold
[    0.497051] pci 0000:00:1d.0: [8086:1c26] type 00 class 0x0c0320
[    0.497151] pci 0000:00:1d.0: reg 0x10: [mem 0xf2529000-0xf25293ff]
[    0.497324] pci 0000:00:1d.0: PME# supported from D0 D3hot D3cold
[    0.497705] pci 0000:00:1f.0: [8086:1c4f] type 00 class 0x060100
[    0.498200] pci 0000:00:1f.2: [8086:1c03] type 00 class 0x010601
[    0.498298] pci 0000:00:1f.2: reg 0x10: [io  0x50a8-0x50af]
[    0.498374] pci 0000:00:1f.2: reg 0x14: [io  0x50bc-0x50bf]
[    0.498449] pci 0000:00:1f.2: reg 0x18: [io  0x50a0-0x50a7]
[    0.498524] pci 0000:00:1f.2: reg 0x1c: [io  0x50b8-0x50bb]
[    0.498598] pci 0000:00:1f.2: reg 0x20: [io  0x5060-0x507f]
[    0.498674] pci 0000:00:1f.2: reg 0x24: [mem 0xf2528000-0xf25287ff]
[    0.498807] pci 0000:00:1f.2: PME# supported from D3hot
[    0.499181] pci 0000:00:1f.3: [8086:1c22] type 00 class 0x0c0500
[    0.499285] pci 0000:00:1f.3: reg 0x10: [mem 0xf2524000-0xf25240ff 64bit]
[    0.499381] pci 0000:00:1f.3: reg 0x20: [io  0xefa0-0xefbf]
[    0.499858] pci 0000:00:1c.0: PCI bridge to [bus 02]
[    0.500294] pci 0000:03:00.0: [8086:0084] type 00 class 0x028000
[    0.500721] pci 0000:03:00.0: reg 0x10: [mem 0xf2400000-0xf2401fff 64bit]
[    0.501690] pci 0000:03:00.0: PME# supported from D0 D3hot D3cold
[    0.502589] pci 0000:00:1c.1: PCI bridge to [bus 03]
[    0.502663] pci 0000:00:1c.1:   bridge window [mem 0xf2400000-0xf24fffff]
[    0.502846] pci 0000:00:1c.3: PCI bridge to [bus 05-0c]
[    0.502925] pci 0000:00:1c.3:   bridge window [io  0x4000-0x4fff]
[    0.502999] pci 0000:00:1c.3:   bridge window [mem 0xf1c00000-0xf23fffff]
[    0.503078] pci 0000:00:1c.3:   bridge window [mem 0xf0400000-0xf0bfffff 64bit pref]
[    0.503494] pci 0000:0d:00.0: [1180:e822] type 00 class 0x088001
[    0.503700] pci 0000:0d:00.0: MMC controller base frequency changed to 50Mhz.
[    0.503987] pci 0000:0d:00.0: reg 0x10: [mem 0xf1400000-0xf14000ff]
[    0.504523] pci 0000:0d:00.0: supports D1 D2
[    0.504586] pci 0000:0d:00.0: PME# supported from D0 D1 D2 D3hot D3cold
[    0.505194] pci 0000:00:1c.4: PCI bridge to [bus 0d]
[    0.505265] pci 0000:00:1c.4:   bridge window [io  0x3000-0x3fff]
[    0.505338] pci 0000:00:1c.4:   bridge window [mem 0xf1400000-0xf1bfffff]
[    0.505418] pci 0000:00:1c.4:   bridge window [mem 0xf0c00000-0xf13fffff 64bit pref]
[    0.505535] pci_bus 0000:00: on NUMA node 0
[    0.508918] ACPI: EC: interrupt unblocked
[    0.508982] ACPI: EC: event unblocked
[    0.509049] ACPI: EC: EC_CMD/EC_SC=0x66, EC_DATA=0x62
[    0.509114] ACPI: EC: GPE=0x11
[    0.509173] ACPI: \_SB_.PCI0.LPC_.EC__: Boot ECDT EC initialization complete
[    0.509248] ACPI: \_SB_.PCI0.LPC_.EC__: EC: Used to handle transactions and events
[    0.509713] pci 0000:00:02.0: vgaarb: setting as boot VGA device
[    0.509713] pci 0000:00:02.0: vgaarb: VGA device added: decodes=io+mem,owns=io+mem,locks=none
[    0.509713] pci 0000:00:02.0: vgaarb: bridge control possible
[    0.509713] vgaarb: loaded
[    0.509713] SCSI subsystem initialized
[    0.509713] libata version 3.00 loaded.
[    0.509713] ACPI: bus type USB registered
[    0.509713] usbcore: registered new interface driver usbfs
[    0.509713] usbcore: registered new interface driver hub
[    0.509713] usbcore: registered new device driver usb
[    0.509713] mc: Linux media interface: v0.10
[    0.509713] videodev: Linux video capture interface: v2.00
[    0.511675] pps_core: LinuxPPS API ver. 1 registered
[    0.511722] pps_core: Software ver. 5.3.6 - Copyright 2005-2007 Rodolfo Giometti <giometti@linux.it>
[    0.511739] PTP clock support registered
[    0.511799] EDAC MC: Ver: 3.0.0
[    0.511943] Advanced Linux Sound Architecture Driver Initialized.
[    0.512114] PCI: Using ACPI for IRQ routing
[    0.512352] PCI: pci_cache_line_size set to 64 bytes
[    0.512731] e820: reserve RAM buffer [mem 0x0009d800-0x0009ffff]
[    0.512734] e820: reserve RAM buffer [mem 0xda99f000-0xdbffffff]
[    0.512737] e820: reserve RAM buffer [mem 0xdb000000-0xdbffffff]
[    0.512739] e820: reserve RAM buffer [mem 0x19e600000-0x19fffffff]
[    0.515727] Bluetooth: Core ver 2.22
[    0.515727] NET: Registered protocol family 31
[    0.515727] Bluetooth: HCI device and connection manager initialized
[    0.515727] Bluetooth: HCI socket layer initialized
[    0.515727] Bluetooth: L2CAP socket layer initialized
[    0.515727] Bluetooth: SCO socket layer initialized
[    0.515808] clocksource: Switched to clocksource tsc-early
[    0.516331] pnp: PnP ACPI init
[    0.517772] system 00:00: [mem 0x00000000-0x0009ffff] could not be reserved
[    0.517859] system 00:00: [mem 0x000c0000-0x000c3fff] could not be reserved
[    0.517934] system 00:00: [mem 0x000c4000-0x000c7fff] could not be reserved
[    0.518008] system 00:00: [mem 0x000c8000-0x000cbfff] has been reserved
[    0.518081] system 00:00: [mem 0x000cc000-0x000cffff] has been reserved
[    0.518154] system 00:00: [mem 0x000d0000-0x000d3fff] has been reserved
[    0.518226] system 00:00: [mem 0x000d4000-0x000d7fff] has been reserved
[    0.518298] system 00:00: [mem 0x000d8000-0x000dbfff] has been reserved
[    0.518371] system 00:00: [mem 0x000dc000-0x000dffff] has been reserved
[    0.518444] system 00:00: [mem 0x000e0000-0x000e3fff] could not be reserved
[    0.518518] system 00:00: [mem 0x000e4000-0x000e7fff] could not be reserved
[    0.518599] system 00:00: [mem 0x000e8000-0x000ebfff] could not be reserved
[    0.518673] system 00:00: [mem 0x000ec000-0x000effff] could not be reserved
[    0.518748] system 00:00: [mem 0x000f0000-0x000fffff] could not be reserved
[    0.518823] system 00:00: [mem 0x00100000-0xdf9fffff] could not be reserved
[    0.518897] system 00:00: [mem 0xfec00000-0xfed3ffff] could not be reserved
[    0.518972] system 00:00: [mem 0xfed4c000-0xffffffff] could not be reserved
[    0.519073] system 00:00: Plug and Play ACPI device, IDs PNP0c01 (active)
[    0.519389] system 00:01: [io  0x0400-0x047f] has been reserved
[    0.519470] system 00:01: [io  0x0500-0x057f] has been reserved
[    0.519540] system 00:01: [io  0x0800-0x080f] has been reserved
[    0.519610] system 00:01: [io  0x15e0-0x15ef] has been reserved
[    0.519719] system 00:01: [io  0x1600-0x167f] has been reserved
[    0.519790] system 00:01: [mem 0xf8000000-0xfbffffff] has been reserved
[    0.519864] system 00:01: [mem 0x00000000-0x00000fff] could not be reserved
[    0.519937] system 00:01: [mem 0xfed1c000-0xfed1ffff] has been reserved
[    0.520010] system 00:01: [mem 0xfed10000-0xfed13fff] has been reserved
[    0.520082] system 00:01: [mem 0xfed18000-0xfed18fff] has been reserved
[    0.520155] system 00:01: [mem 0xfed19000-0xfed19fff] has been reserved
[    0.520228] system 00:01: [mem 0xfed45000-0xfed4bfff] has been reserved
[    0.520319] system 00:01: Plug and Play ACPI device, IDs PNP0c02 (active)
[    0.520497] pnp 00:02: Plug and Play ACPI device, IDs PNP0b00 (active)
[    0.520592] pnp 00:03: Plug and Play ACPI device, IDs PNP0303 (active)
[    0.520688] pnp 00:04: Plug and Play ACPI device, IDs LEN0020 PNP0f13 (active)
[    0.520858] pnp 00:05: Plug and Play ACPI device, IDs SMO1200 PNP0c31 (active)
[    0.522125] pnp: PnP ACPI: found 6 devices
[    0.532866] clocksource: acpi_pm: mask: 0xffffff max_cycles: 0xffffff, max_idle_ns: 2085701024 ns
[    0.532969] pci 0000:00:1c.0: bridge window [io  0x1000-0x0fff] to [bus 02] add_size 1000
[    0.533047] pci 0000:00:1c.0: bridge window [mem 0x00100000-0x000fffff 64bit pref] to [bus 02] add_size 200000 add_align 100000
[    0.533147] pci 0000:00:1c.0: bridge window [mem 0x00100000-0x000fffff] to [bus 02] add_size 200000 add_align 100000
[    0.533253] pci 0000:00:1c.0: BAR 8: assigned [mem 0xdfa00000-0xdfbfffff]
[    0.533328] pci 0000:00:1c.0: BAR 9: assigned [mem 0xdfc00000-0xdfdfffff 64bit pref]
[    0.533403] pci 0000:00:1c.0: BAR 7: assigned [io  0x2000-0x2fff]
[    0.533474] pci 0000:00:1c.0: PCI bridge to [bus 02]
[    0.533541] pci 0000:00:1c.0:   bridge window [io  0x2000-0x2fff]
[    0.533615] pci 0000:00:1c.0:   bridge window [mem 0xdfa00000-0xdfbfffff]
[    0.533689] pci 0000:00:1c.0:   bridge window [mem 0xdfc00000-0xdfdfffff 64bit pref]
[    0.533770] pci 0000:00:1c.1: PCI bridge to [bus 03]
[    0.533839] pci 0000:00:1c.1:   bridge window [mem 0xf2400000-0xf24fffff]
[    0.533921] pci 0000:00:1c.3: PCI bridge to [bus 05-0c]
[    0.533987] pci 0000:00:1c.3:   bridge window [io  0x4000-0x4fff]
[    0.534061] pci 0000:00:1c.3:   bridge window [mem 0xf1c00000-0xf23fffff]
[    0.534135] pci 0000:00:1c.3:   bridge window [mem 0xf0400000-0xf0bfffff 64bit pref]
[    0.534216] pci 0000:00:1c.4: PCI bridge to [bus 0d]
[    0.534281] pci 0000:00:1c.4:   bridge window [io  0x3000-0x3fff]
[    0.534354] pci 0000:00:1c.4:   bridge window [mem 0xf1400000-0xf1bfffff]
[    0.534428] pci 0000:00:1c.4:   bridge window [mem 0xf0c00000-0xf13fffff 64bit pref]
[    0.534510] pci_bus 0000:00: resource 4 [io  0x0000-0x0cf7 window]
[    0.534578] pci_bus 0000:00: resource 5 [io  0x0d00-0xffff window]
[    0.534646] pci_bus 0000:00: resource 6 [mem 0x000a0000-0x000bffff window]
[    0.534716] pci_bus 0000:00: resource 7 [mem 0xdfa00000-0xfebfffff window]
[    0.534786] pci_bus 0000:00: resource 8 [mem 0xfed40000-0xfed4bfff window]
[    0.534857] pci_bus 0000:02: resource 0 [io  0x2000-0x2fff]
[    0.534923] pci_bus 0000:02: resource 1 [mem 0xdfa00000-0xdfbfffff]
[    0.534991] pci_bus 0000:02: resource 2 [mem 0xdfc00000-0xdfdfffff 64bit pref]
[    0.535063] pci_bus 0000:03: resource 1 [mem 0xf2400000-0xf24fffff]
[    0.535131] pci_bus 0000:05: resource 0 [io  0x4000-0x4fff]
[    0.535197] pci_bus 0000:05: resource 1 [mem 0xf1c00000-0xf23fffff]
[    0.535265] pci_bus 0000:05: resource 2 [mem 0xf0400000-0xf0bfffff 64bit pref]
[    0.535337] pci_bus 0000:0d: resource 0 [io  0x3000-0x3fff]
[    0.535403] pci_bus 0000:0d: resource 1 [mem 0xf1400000-0xf1bfffff]
[    0.535471] pci_bus 0000:0d: resource 2 [mem 0xf0c00000-0xf13fffff 64bit pref]
[    0.535833] NET: Registered protocol family 2
[    0.536224] tcp_listen_portaddr_hash hash table entries: 4096 (order: 6, 327680 bytes, linear)
[    0.536459] TCP established hash table entries: 65536 (order: 7, 524288 bytes, linear)
[    0.536771] TCP bind hash table entries: 65536 (order: 10, 4718592 bytes, vmalloc)
[    0.539000] TCP: Hash tables configured (established 65536 bind 65536)
[    0.539420] UDP hash table entries: 4096 (order: 7, 655360 bytes, linear)
[    0.540009] UDP-Lite hash table entries: 4096 (order: 7, 655360 bytes, linear)
[    0.540498] NET: Registered protocol family 1
[    0.540916] RPC: Registered named UNIX socket transport module.
[    0.540987] RPC: Registered udp transport module.
[    0.541051] RPC: Registered tcp transport module.
[    0.541115] RPC: Registered tcp NFSv4.1 backchannel transport module.
[    0.541455] pci 0000:00:02.0: Video device with shadowed ROM at [mem 0x000c0000-0x000dffff]
[    0.542541] PCI: CLS 64 bytes, default 64
[    0.542664] PCI-DMA: Using software bounce buffering for IO (SWIOTLB)
[    0.542735] software IO TLB: mapped [mem 0xd699f000-0xda99f000] (64MB)
[    0.545478] Initialise system trusted keyrings
[    0.545658] workingset: timestamp_bits=62 max_order=21 bucket_order=0
[    0.546921] Installing knfsd (copyright (C) 1996 okir@monad.swb.de).
[    0.547870] ntfs: driver 2.1.32 [Flags: R/W].
[    0.548072] fuse: init (API version 7.31)
[    0.553113] Key type asymmetric registered
[    0.553180] Asymmetric key parser 'x509' registered
[    0.553271] Block layer SCSI generic (bsg) driver version 0.4 loaded (major 249)
[    0.553348] io scheduler mq-deadline registered
[    0.553434] io scheduler bfq registered
[    0.553676] pcieport 0000:00:1c.0: enabling device (0000 -> 0003)
[    0.555278] intel_idle: MWAIT substates: 0x21120
[    0.555280] intel_idle: v0.5.1 model 0x2A
[    0.556031] intel_idle: Local APIC timer is reliable in all C-states
[    0.556422] ACPI: Deprecated procfs I/F for AC is loaded, please retry with CONFIG_ACPI_PROCFS_POWER cleared
[    0.556722] ACPI: AC Adapter [AC] (on-line)
[    0.556983] input: Lid Switch as /devices/LNXSYSTM:00/LNXSYBUS:00/PNP0C0D:00/input/input0
[    0.557311] ACPI: Lid Switch [LID]
[    0.557509] input: Sleep Button as /devices/LNXSYSTM:00/LNXSYBUS:00/PNP0C0E:00/input/input1
[    0.557739] ACPI: Sleep Button [SLPB]
[    0.557955] input: Power Button as /devices/LNXSYSTM:00/LNXPWRBN:00/input/input2
[    0.558173] ACPI: Power Button [PWRF]
[    0.561759] thermal LNXTHERM:00: registered as thermal_zone0
[    0.561830] ACPI: Thermal Zone [THM0] (60 C)
[    0.562245] Serial: 8250/16550 driver, 4 ports, IRQ sharing disabled
[    0.562345] battery: ACPI: Deprecated procfs I/F for battery is loaded, please retry with CONFIG_ACPI_PROCFS_POWER cleared
[    0.562472] battery: ACPI: Battery Slot [BAT0] (battery absent)
[    0.563639] lp: driver loaded but no devices found
[    0.563808] Non-volatile memory driver v1.3
[    0.564054] Linux agpgart interface v0.103
[    0.564394] [drm] radeon kernel modesetting enabled.
[    0.565366] i915 0000:00:02.0: vgaarb: deactivate vga console
[    0.565910] Console: switching to colour dummy device 80x25
[    0.575837] [drm] Supports vblank timestamp caching Rev 2 (21.10.2013).
[    0.576907] i915 0000:00:02.0: vgaarb: changed VGA decodes: olddecodes=io+mem,decodes=io+mem:owns=io+mem
[    0.661369] [drm] Initialized i915 1.6.0 20200313 for 0000:00:02.0 on minor 0
[    0.663565] ACPI: Video Device [VID] (multi-head: yes  rom: no  post: no)
[    0.664195] input: Video Bus as /devices/LNXSYSTM:00/LNXSYBUS:00/PNP0A08:00/LNXVIDEO:00/input/input3
[    0.664630] usbcore: registered new interface driver udl
[    0.675121] loop: module loaded
[    0.740853] ahci 0000:00:1f.2: version 3.0
[    0.741478] ahci 0000:00:1f.2: SSS flag set, parallel bus scan disabled
[    0.751843] ahci 0000:00:1f.2: AHCI 0001.0300 32 slots 6 ports 6 Gbps 0x17 impl SATA mode
[    0.751885] ahci 0000:00:1f.2: flags: 64bit ncq sntf ilck stag pm led clo pio slum part ems sxs apst 
[    0.790020] scsi host0: ahci
[    0.790381] scsi host1: ahci
[    0.790693] scsi host2: ahci
[    0.791005] scsi host3: ahci
[    0.791293] scsi host4: ahci
[    0.791591] scsi host5: ahci
[    0.791787] ata1: SATA max UDMA/133 abar m2048@0xf2528000 port 0xf2528100 irq 19
[    0.791808] ata2: SATA max UDMA/133 abar m2048@0xf2528000 port 0xf2528180 irq 19
[    0.791827] ata3: SATA max UDMA/133 abar m2048@0xf2528000 port 0xf2528200 irq 19
[    0.791845] ata4: DUMMY
[    0.791852] ata5: SATA max UDMA/133 abar m2048@0xf2528000 port 0xf2528300 irq 19
[    0.791869] ata6: DUMMY
[    0.792909] tun: Universal TUN/TAP device driver, 1.6
[    0.793245] e1000e: Intel(R) PRO/1000 Network Driver - 3.2.6-k
[    0.793266] e1000e: Copyright(c) 1999 - 2015 Intel Corporation.
[    0.793822] e1000e 0000:00:19.0: Interrupt Throttling Rate (ints/sec) set to dynamic conservative mode
[    0.890850] e1000e 0000:00:19.0 0000:00:19.0 (uninitialized): registered PHC clock
[    0.949247] fbcon: i915drmfb (fb0) is primary device
[    0.984647] e1000e 0000:00:19.0 eth0: (PCI Express:2.5GT/s:Width x1) f0:de:f1:e3:99:75
[    0.984664] e1000e 0000:00:19.0 eth0: Intel(R) PRO/1000 Network Connection
[    0.984714] e1000e 0000:00:19.0 eth0: MAC: 10, PHY: 11, PBA No: 1000FF-0FF
[    0.984919] PPP generic driver version 2.4.2
[    0.985097] PPP BSD Compression module registered
[    0.985100] PPP Deflate Compression module registered
[    0.985102] SLIP: version 0.8.4-NET3.019-NEWTTY (dynamic channels, max=256).
[    0.985103] CSLIP: code copyright 1989 Regents of the University of California.
[    0.985156] iwl3945: Intel(R) PRO/Wireless 3945ABG/BG Network Connection driver for Linux, in-tree:ds
[    0.985157] iwl3945: Copyright(c) 2003-2011 Intel Corporation
[    0.985158] iwl3945: hw_scan is disabled
[    0.985219] Intel(R) Wireless WiFi driver for Linux
[    0.985220] Copyright(c) 2003- 2015 Intel Corporation
[    0.985663] iwlwifi 0000:03:00.0: pci_enable_msi failed - -38
[    0.985941] iwlwifi 0000:03:00.0: loaded firmware version 39.31.5.1 build 35138 1000-5.ucode op_mode iwldvm
[    0.986025] iwlwifi 0000:03:00.0: Direct firmware load for iwl-debug-yoyo.bin failed with error -2
[    0.986267] iwlwifi 0000:03:00.0: CONFIG_IWLWIFI_DEBUG disabled
[    0.986268] iwlwifi 0000:03:00.0: CONFIG_IWLWIFI_DEBUGFS disabled
[    0.986270] iwlwifi 0000:03:00.0: CONFIG_IWLWIFI_DEVICE_TRACING disabled
[    0.986271] iwlwifi 0000:03:00.0: Detected Intel(R) Centrino(R) Wireless-N 1000 BGN, REV=0x6C
[    1.028241] ieee80211 phy0: Selected rate control algorithm 'iwl-agn-rs'
[    1.028917] usbcore: registered new interface driver ax88179_178a
[    1.028956] usbcore: registered new interface driver cdc_ether
[    1.029001] usbcore: registered new interface driver cdc_eem
[    1.029038] usbcore: registered new interface driver net1080
[    1.029078] usbcore: registered new interface driver cdc_subset
[    1.029113] usbcore: registered new interface driver zaurus
[    1.029166] usbcore: registered new interface driver cdc_ncm
[    1.029205] usbcore: registered new interface driver cdc_mbim
[    1.029521] ehci_hcd: USB 2.0 'Enhanced' Host Controller (EHCI) Driver
[    1.029530] ehci-pci: EHCI PCI platform driver
[    1.029843] ehci-pci 0000:00:1a.0: EHCI Host Controller
[    1.030004] ehci-pci 0000:00:1a.0: new USB bus registered, assigned bus number 1
[    1.030030] ehci-pci 0000:00:1a.0: debug port 2
[    1.033961] ehci-pci 0000:00:1a.0: cache line size of 64 is not supported
[    1.033971] ehci-pci 0000:00:1a.0: irq 16, io mem 0xf252a000
[    1.047827] ehci-pci 0000:00:1a.0: USB 2.0 started, EHCI 1.00
[    1.048037] usb usb1: New USB device found, idVendor=1d6b, idProduct=0002, bcdDevice= 5.07
[    1.048039] usb usb1: New USB device strings: Mfr=3, Product=2, SerialNumber=1
[    1.048041] usb usb1: Product: EHCI Host Controller
[    1.048042] usb usb1: Manufacturer: Linux 5.7.0-rc1+ ehci_hcd
[    1.048044] usb usb1: SerialNumber: 0000:00:1a.0
[    1.048486] hub 1-0:1.0: USB hub found
[    1.048509] hub 1-0:1.0: 3 ports detected
[    1.049486] ehci-pci 0000:00:1d.0: EHCI Host Controller
[    1.049625] ehci-pci 0000:00:1d.0: new USB bus registered, assigned bus number 2
[    1.049653] ehci-pci 0000:00:1d.0: debug port 2
[    1.053585] ehci-pci 0000:00:1d.0: cache line size of 64 is not supported
[    1.053613] ehci-pci 0000:00:1d.0: irq 23, io mem 0xf2529000
[    1.067832] ehci-pci 0000:00:1d.0: USB 2.0 started, EHCI 1.00
[    1.068030] usb usb2: New USB device found, idVendor=1d6b, idProduct=0002, bcdDevice= 5.07
[    1.068032] usb usb2: New USB device strings: Mfr=3, Product=2, SerialNumber=1
[    1.068034] usb usb2: Product: EHCI Host Controller
[    1.068035] usb usb2: Manufacturer: Linux 5.7.0-rc1+ ehci_hcd
[    1.068037] usb usb2: SerialNumber: 0000:00:1d.0
[    1.068474] hub 2-0:1.0: USB hub found
[    1.068513] hub 2-0:1.0: 3 ports detected
[    1.069185] ohci_hcd: USB 1.1 'Open' Host Controller (OHCI) Driver
[    1.069198] ohci-pci: OHCI PCI platform driver
[    1.069260] uhci_hcd: USB Universal Host Controller Interface driver
[    1.069441] usbcore: registered new interface driver cdc_acm
[    1.069442] cdc_acm: USB Abstract Control Model driver for USB modems and ISDN adapters
[    1.069490] usbcore: registered new interface driver usblp
[    1.069531] usbcore: registered new interface driver cdc_wdm
[    1.069580] usbcore: registered new interface driver usb-storage
[    1.069614] usbcore: registered new interface driver ums-sddr09
[    1.069725] usbcore: registered new interface driver usbserial_generic
[    1.069780] usbserial: USB Serial support registered for generic
[    1.069820] usbcore: registered new interface driver ch341
[    1.069862] usbserial: USB Serial support registered for ch341-uart
[    1.069912] usbcore: registered new interface driver cp210x
[    1.069948] usbserial: USB Serial support registered for cp210x
[    1.069995] usbcore: registered new interface driver ftdi_sio
[    1.070028] usbserial: USB Serial support registered for FTDI USB Serial Device
[    1.070088] usbcore: registered new interface driver option
[    1.070119] usbserial: USB Serial support registered for GSM modem (1-port)
[    1.070175] usbcore: registered new interface driver pl2303
[    1.070208] usbserial: USB Serial support registered for pl2303
[    1.070253] usbcore: registered new interface driver ti_usb_3410_5052
[    1.070286] usbserial: USB Serial support registered for TI USB 3410 1 port adapter
[    1.070317] usbserial: USB Serial support registered for TI USB 5052 2 port adapter
[    1.070322] ftdi_elan: driver ftdi-elan
[    1.070364] usbcore: registered new interface driver ftdi-elan
[    1.070550] i8042: PNP: PS/2 Controller [PNP0303:KBD,PNP0f13:MOU] at 0x60,0x64 irq 1,12
[    1.073751] serio: i8042 KBD port at 0x60,0x64 irq 1
[    1.073885] serio: i8042 AUX port at 0x60,0x64 irq 12
[    1.074265] mousedev: PS/2 mouse device common for all mice
[    1.074987] input: PC Speaker as /devices/platform/pcspkr/input/input5
[    1.075306] rtc_cmos 00:02: RTC can wake from S4
[    1.075848] rtc_cmos 00:02: registered as rtc0
[    1.075879] rtc_cmos 00:02: setting system clock to 2020-04-13T20:33:57 UTC (1586810037)
[    1.075970] rtc_cmos 00:02: alarms up to one month, y3k, 114 bytes nvram, hpet irqs
[    1.076056] i2c /dev entries driver
[    1.077181] usbcore: registered new interface driver uvcvideo
[    1.077182] USB Video Class driver (1.1.1)
[    1.077906] device-mapper: ioctl: 4.42.0-ioctl (2020-02-27) initialised: dm-devel@redhat.com
[    1.077909] Bluetooth: HCI UART driver ver 2.3
[    1.077910] Bluetooth: HCI UART protocol H4 registered
[    1.077911] Bluetooth: HCI UART protocol BCSP registered
[    1.077991] usbcore: registered new interface driver btusb
[    1.077998] intel_pstate: Intel P-state driver initializing
[    1.078622] sdhci: Secure Digital Host Controller Interface driver
[    1.078626] sdhci: Copyright(c) Pierre Ossman
[    1.078820] sdhci-pci 0000:0d:00.0: SDHCI controller found [1180:e822] (rev 7)
[    1.079051] input: AT Translated Set 2 keyboard as /devices/platform/i8042/serio0/input/input4
[    1.081200] mmc0 bounce up to 128 segments into one, max segment size 65536 bytes
[    1.082580] mmc0: SDHCI controller on PCI [0000:0d:00.0] using DMA
[    1.083429] hid: raw HID events driver (C) Jiri Kosina
[    1.086906] usbcore: registered new interface driver usbhid
[    1.086911] usbhid: USB HID core driver
[    1.089205] thinkpad_acpi: ThinkPad ACPI Extras v0.26
[    1.089209] thinkpad_acpi: http://ibm-acpi.sf.net/
[    1.089213] thinkpad_acpi: ThinkPad BIOS 8DET74WW (1.44 ), EC unknown
[    1.089218] thinkpad_acpi: Lenovo ThinkPad X220, model 42872WU
[    1.090769] thinkpad_acpi: radio switch found; radios are enabled
[    1.091003] thinkpad_acpi: Tablet mode switch found (type: MHKG), currently in laptop mode
[    1.091023] thinkpad_acpi: This ThinkPad has standard ACPI backlight brightness control, supported by the ACPI video driver
[    1.091023] thinkpad_acpi: Disabling thinkpad-acpi brightness events by default...
[    1.095464] thinkpad_acpi: rfkill switch tpacpi_bluetooth_sw: radio is unblocked
[    1.097292] thinkpad_acpi: warning: userspace override of important firmware LEDs is enabled
[    1.097313] thinkpad_acpi: Standard ACPI backlight interface available, not loading native one
[    1.097315] thinkpad_acpi: volume: disabled as there is no ALSA support in this kernel
[    1.097808] battery: new extension: ThinkPad Battery Extension
[    1.097928] input: ThinkPad Extra Buttons as /devices/platform/thinkpad_acpi/input/input8
[    1.098350] Console: switching to colour frame buffer device 102x42
[    1.098385] random: fast init done
[    1.100034] usbcore: registered new interface driver snd-usb-audio
[    1.102114] NET: Registered protocol family 17
[    1.102205] Bluetooth: RFCOMM TTY layer initialized
[    1.102225] Bluetooth: RFCOMM socket layer initialized
[    1.102238] Bluetooth: RFCOMM ver 1.11
[    1.102247] Bluetooth: BNEP (Ethernet Emulation) ver 1.3
[    1.102249] Bluetooth: BNEP filters: protocol multicast
[    1.102253] Bluetooth: BNEP socket layer initialized
[    1.102254] Bluetooth: HIDP (Human Interface Emulation) ver 1.2
[    1.102258] Bluetooth: HIDP socket layer initialized
[    1.102406] microcode: sig=0x206a7, pf=0x10, revision=0x2d
[    1.102536] microcode: Microcode Update Driver: v2.2.
[    1.102541] IPI shorthand broadcast: enabled
[    1.102572] sched_clock: Marking stable (1090624615, 11886298)->(1108266747, -5755834)
[    1.102709] Loading compiled-in X.509 certificates
[    1.102781] Key type ._fscrypt registered
[    1.102783] Key type .fscrypt registered
[    1.102784] Key type fscrypt-provisioning registered
[    1.103382] Key type encrypted registered
[    1.104070] cfg80211: Loading compiled-in X.509 certificates for regulatory database
[    1.104887] cfg80211: Loaded X.509 cert 'sforshee: 00b28ddf47aef9cea7'
[    1.105003] platform regulatory.0: Direct firmware load for regulatory.db failed with error -2
[    1.105006] cfg80211: failed to load regulatory.db
[    1.107698] ata1: SATA link up 1.5 Gbps (SStatus 113 SControl 300)
[    1.109081] ata1.00: ACPI cmd ef/02:00:00:00:00:a0 (SET FEATURES) succeeded
[    1.109089] ata1.00: ACPI cmd f5/00:00:00:00:00:a0 (SECURITY FREEZE LOCK) filtered out
[    1.109095] ata1.00: ACPI cmd ef/10:03:00:00:00:a0 (SET FEATURES) filtered out
[    1.110055] ata1.00: ATA-8: Hitachi HTS545050A7E380, GG2OA7J0, max UDMA/133
[    1.110061] ata1.00: 976773168 sectors, multi 16: LBA48 NCQ (depth 32), AA
[    1.111145] ata1.00: ACPI cmd ef/02:00:00:00:00:a0 (SET FEATURES) succeeded
[    1.111151] ata1.00: ACPI cmd f5/00:00:00:00:00:a0 (SECURITY FREEZE LOCK) filtered out
[    1.111165] ata1.00: ACPI cmd ef/10:03:00:00:00:a0 (SET FEATURES) filtered out
[    1.112290] snd_hda_intel 0000:00:1b.0: bound 0000:00:02.0 (ops i915_audio_component_bind_ops)
[    1.112720] ata1.00: configured for UDMA/133
[    1.133739] snd_hda_codec_generic hdaudioC0D0: autoconfig for Generic: line_outs=1 (0x1f/0x0/0x0/0x0/0x0) type:speaker
[    1.134511] i915 0000:00:02.0: fb0: i915drmfb frame buffer device
[    1.135330] snd_hda_codec_generic hdaudioC0D0:    speaker_outs=0 (0x0/0x0/0x0/0x0/0x0)
[    1.245273] snd_hda_codec_generic hdaudioC0D0:    hp_outs=1 (0x19/0x0/0x0/0x0/0x0)
[    1.245529] scsi 0:0:0:0: Direct-Access     ATA      Hitachi HTS54505 A7J0 PQ: 0 ANSI: 5
[    1.246674] snd_hda_codec_generic hdaudioC0D0:    mono: mono_out=0x0
[    1.248801] sd 0:0:0:0: Attached scsi generic sg0 type 0
[    1.248827] sd 0:0:0:0: [sda] 976773168 512-byte logical blocks: (500 GB/466 GiB)
[    1.248831] sd 0:0:0:0: [sda] 4096-byte physical blocks
[    1.248858] sd 0:0:0:0: [sda] Write Protect is off
[    1.248861] sd 0:0:0:0: [sda] Mode Sense: 00 3a 00 00
[    1.248908] sd 0:0:0:0: [sda] Write cache: enabled, read cache: enabled, doesn't support DPO or FUA
[    1.249512] snd_hda_codec_generic hdaudioC0D0:    inputs:
[    1.255370] snd_hda_codec_generic hdaudioC0D0:      Internal Mic=0x23
[    1.256333] snd_hda_codec_generic hdaudioC0D0:      Mic=0x1b
[    1.261876] snd_hda_codec_generic hdaudioC0D3: ignore pin 0x7, too many assigned pins
[    1.262882] snd_hda_codec_generic hdaudioC0D3: autoconfig for Generic: line_outs=0 (0x0/0x0/0x0/0x0/0x0) type:line
[    1.263855] snd_hda_codec_generic hdaudioC0D3:    speaker_outs=0 (0x0/0x0/0x0/0x0/0x0)
[    1.264797] snd_hda_codec_generic hdaudioC0D3:    hp_outs=0 (0x0/0x0/0x0/0x0/0x0)
[    1.265707] snd_hda_codec_generic hdaudioC0D3:    mono: mono_out=0x0
[    1.266795] snd_hda_codec_generic hdaudioC0D3:    dig-out=0x5/0x6
[    1.267729] snd_hda_codec_generic hdaudioC0D3:    inputs:
[    1.271627] input: HDA Intel PCH Mic as /devices/pci0000:00/0000:00:1b.0/sound/card0/input9
[    1.272809] input: HDA Intel PCH Headphone as /devices/pci0000:00/0000:00:1b.0/sound/card0/input10
[    1.274023] input: HDA Intel PCH HDMI as /devices/pci0000:00/0000:00:1b.0/sound/card0/input11
[    1.275137] input: HDA Intel PCH HDMI as /devices/pci0000:00/0000:00:1b.0/sound/card0/input12
[    1.387831] usb 1-1: new high-speed USB device number 2 using ehci-pci
[    1.407713] usb 2-1: new high-speed USB device number 2 using ehci-pci
[    1.420912] usb 1-1: New USB device found, idVendor=8087, idProduct=0024, bcdDevice= 0.00
[    1.422492] usb 1-1: New USB device strings: Mfr=0, Product=0, SerialNumber=0
[    1.424959] hub 1-1:1.0: USB hub found
[    1.426842] hub 1-1:1.0: 6 ports detected
[    1.436245] usb 2-1: New USB device found, idVendor=8087, idProduct=0024, bcdDevice= 0.00
[    1.437940] usb 2-1: New USB device strings: Mfr=0, Product=0, SerialNumber=0
[    1.440197] hub 2-1:1.0: USB hub found
[    1.441870] hub 2-1:1.0: 8 ports detected
[    1.562701]  sda: sda1 sda2 sda3 sda4
[    1.563718] ata2: SATA link down (SStatus 0 SControl 300)
[    1.563865] tsc: Refined TSC clocksource calibration: 2491.904 MHz
[    1.567103] sd 0:0:0:0: [sda] Attached SCSI disk
[    1.568227] clocksource: tsc: mask: 0xffffffffffffffff max_cycles: 0x23eb59c9ee2, max_idle_ns: 440795321417 ns
[    1.573031] clocksource: Switched to clocksource tsc
[    1.715808] usb 1-1.3: new full-speed USB device number 3 using ehci-pci
[    1.731695] usb 2-1.2: new high-speed USB device number 3 using ehci-pci
[    1.760363] usb 2-1.2: New USB device found, idVendor=1a40, idProduct=0101, bcdDevice= 1.11
[    1.761720] usb 2-1.2: New USB device strings: Mfr=0, Product=1, SerialNumber=0
[    1.763056] usb 2-1.2: Product: USB 2.0 Hub
[    1.764856] hub 2-1.2:1.0: USB hub found
[    1.766257] hub 2-1.2:1.0: 4 ports detected
[    1.830262] usb 1-1.3: New USB device found, idVendor=147e, idProduct=2016, bcdDevice= 0.02
[    1.831108] usb 1-1.3: New USB device strings: Mfr=1, Product=2, SerialNumber=0
[    1.831964] usb 1-1.3: Product: Biometric Coprocessor
[    1.833068] usb 1-1.3: Manufacturer: UPEK
[    1.879992] ata3: SATA link up 3.0 Gbps (SStatus 123 SControl 300)
[    1.898535] ata3.00: ACPI cmd ef/02:00:00:00:00:a0 (SET FEATURES) succeeded
[    1.898545] ata3.00: ACPI cmd f5/00:00:00:00:00:a0 (SECURITY FREEZE LOCK) filtered out
[    1.901324] ata3.00: ACPI cmd ef/10:03:00:00:00:a0 (SET FEATURES) filtered out
[    1.909188] ata3.00: ATA-8: KINGSTON SMS200S3240G, 60AABBF0, max UDMA/133
[    1.912016] ata3.00: 468862128 sectors, multi 1: LBA48 NCQ (depth 32), AA
[    1.915819] usb 1-1.4: new full-speed USB device number 4 using ehci-pci
[    1.918214] ata3.00: ACPI cmd ef/02:00:00:00:00:a0 (SET FEATURES) succeeded
[    1.918413] ata3.00: ACPI cmd f5/00:00:00:00:00:a0 (SECURITY FREEZE LOCK) filtered out
[    1.919667] ata3.00: ACPI cmd ef/10:03:00:00:00:a0 (SET FEATURES) filtered out
[    1.926031] ata3.00: configured for UDMA/133
[    1.928214] scsi 2:0:0:0: Direct-Access     ATA      KINGSTON SMS200S BBF0 PQ: 0 ANSI: 5
[    1.932321] sd 2:0:0:0: Attached scsi generic sg1 type 0
[    1.932475] sd 2:0:0:0: [sdb] 468862128 512-byte logical blocks: (240 GB/224 GiB)
[    1.936562] sd 2:0:0:0: [sdb] Write Protect is off
[    1.937887] sd 2:0:0:0: [sdb] Mode Sense: 00 3a 00 00
[    1.937932] sd 2:0:0:0: [sdb] Write cache: enabled, read cache: enabled, doesn't support DPO or FUA
[    1.941525]  sdb: sdb2 sdb3 sdb4
[    1.945078] sd 2:0:0:0: [sdb] Attached SCSI disk
[    2.035181] usb 1-1.4: New USB device found, idVendor=0a5c, idProduct=217f, bcdDevice= 7.48
[    2.038702] usb 1-1.4: New USB device strings: Mfr=1, Product=2, SerialNumber=3
[    2.042153] usb 1-1.4: Product: Broadcom Bluetooth Device
[    2.043211] usb 1-1.4: Manufacturer: Broadcom Corp
[    2.044260] usb 1-1.4: SerialNumber: 7CE9D3B855AA
[    2.099200] psmouse serio1: synaptics: queried max coordinates: x [..5472], y [..4448]
[    2.127781] usb 1-1.6: new high-speed USB device number 5 using ehci-pci
[    2.169702] usb 1-1.6: New USB device found, idVendor=04f2, idProduct=b217, bcdDevice= 8.54
[    2.172903] usb 1-1.6: New USB device strings: Mfr=1, Product=2, SerialNumber=0
[    2.175759] usb 2-1.2.2: new low-speed USB device number 4 using ehci-pci
[    2.176010] usb 1-1.6: Product: Integrated Camera
[    2.182286] usb 1-1.6: Manufacturer: Chicony Electronics Co., Ltd.
[    2.186233] uvcvideo: Found UVC 1.00 device Integrated Camera (04f2:b217)
[    2.196920] psmouse serio1: synaptics: Touchpad model: 1, fw: 8.0, id: 0x1e2b1, caps: 0xd001a3/0x940300/0x120c00/0x0, board id: 1611, fw id: 774180
[    2.200492] psmouse serio1: synaptics: serio: Synaptics pass-through port at isa0060/serio1/input0
[    2.205775] uvcvideo 1-1.6:1.0: Entity type for entity Extension 3 was not initialized!
[    2.207755] uvcvideo 1-1.6:1.0: Entity type for entity Processing 2 was not initialized!
[    2.208940] uvcvideo 1-1.6:1.0: Entity type for entity Camera 1 was not initialized!
[    2.255154] input: SynPS/2 Synaptics TouchPad as /devices/platform/i8042/serio1/input/input7
[    2.258809] ata5: SATA link down (SStatus 0 SControl 300)
[    2.311206] PM: Image not found (code -22)
[    2.311287] ALSA device list:
[    2.315023]   #0: HDA Intel PCH at 0xf2520000 irq 22
[    2.415024] usb 2-1.2.2: New USB device found, idVendor=046d, idProduct=c050, bcdDevice=27.20
[    2.418952] usb 2-1.2.2: New USB device strings: Mfr=1, Product=2, SerialNumber=0
[    2.420901] usb 2-1.2.2: Product: USB-PS/2 Optical Mouse
[    2.422791] usb 2-1.2.2: Manufacturer: Logitech
[    2.429808] input: Logitech USB-PS/2 Optical Mouse as /devices/pci0000:00/0000:00:1d.0/usb2/2-1/2-1.2/2-1.2.2/2-1.2.2:1.0/0003:046D:C050.0001/input/input14
[    2.434490] hid-generic 0003:046D:C050.0001: input,hidraw0: USB HID v1.10 Mouse [Logitech USB-PS/2 Optical Mouse] on usb-0000:00:1d.0-1.2.2/input0
[    2.635823] usb 2-1.2.3: new low-speed USB device number 5 using ehci-pci
[    2.876755] usb 2-1.2.3: New USB device found, idVendor=04f2, idProduct=0111, bcdDevice= 1.02
[    2.880812] usb 2-1.2.3: New USB device strings: Mfr=1, Product=2, SerialNumber=0
[    2.882946] usb 2-1.2.3: Product: USB Keyboard
[    2.884989] usb 2-1.2.3: Manufacturer: Chicony
[    2.893203] input: Chicony USB Keyboard as /devices/pci0000:00/0000:00:1d.0/usb2/2-1/2-1.2/2-1.2.3/2-1.2.3:1.0/0003:04F2:0111.0002/input/input15
[    2.957889] hid-generic 0003:04F2:0111.0002: input,hidraw1: USB HID v1.10 Keyboard [Chicony USB Keyboard] on usb-0000:00:1d.0-1.2.3/input0
[    2.970787] input: Chicony USB Keyboard System Control as /devices/pci0000:00/0000:00:1d.0/usb2/2-1/2-1.2/2-1.2.3/2-1.2.3:1.1/0003:04F2:0111.0003/input/input16
[    3.019047] psmouse serio2: trackpoint: IBM TrackPoint firmware: 0x0e, buttons: 3/3
[    3.032885] input: Chicony USB Keyboard Consumer Control as /devices/pci0000:00/0000:00:1d.0/usb2/2-1/2-1.2/2-1.2.3/2-1.2.3:1.1/0003:04F2:0111.0003/input/input17
[    3.042527] hid-generic 0003:04F2:0111.0003: input,hiddev96,hidraw2: USB HID v1.10 Device [Chicony USB Keyboard] on usb-0000:00:1d.0-1.2.3/input1
[    3.283651] input: TPPS/2 IBM TrackPoint as /devices/platform/i8042/serio1/serio2/input/input13
[    3.394401] md: Waiting for all devices to be available before autodetect
[    3.399059] md: If you don't use raid, use raid=noautodetect
[    3.405062] md: Autodetecting RAID arrays.
[    3.409469] md: autorun ...
[    3.410622] md: ... autorun DONE.
[    3.422536] EXT4-fs (sdb3): mounted filesystem with ordered data mode. Opts: (null)
[    3.425368] VFS: Mounted root (ext4 filesystem) readonly on device 8:19.
[    3.429732] devtmpfs: mounted
[    3.435804] Freeing unused kernel image (initmem) memory: 1088K
[    3.459867] Write protecting the kernel read-only data: 24576k
[    3.461965] Freeing unused kernel image (text/rodata gap) memory: 2044K
[    3.463403] Freeing unused kernel image (rodata/data gap) memory: 380K
[    3.500631] x86/mm: Checked W+X mappings: passed, no W+X pages found.
[    3.501708] rodata_test: all tests were successful
[    3.502770] x86/mm: Checking user space page tables
[    3.534217] x86/mm: Checked W+X mappings: passed, no W+X pages found.
[    3.535271] Run /sbin/init as init process
[    3.536299]   with arguments:
[    3.536300]     /sbin/init
[    3.536301]   with environment:
[    3.536302]     HOME=/
[    3.536303]     TERM=linux
[    3.536304]     BOOT_IMAGE=(hd1,2)/l/k/o/64/arch/x86/boot/bzImage
[    3.693668] systemd[1]: systemd 241 running in system mode. (+PAM +AUDIT +SELINUX +IMA +APPARMOR +SMACK +SYSVINIT +UTMP +LIBCRYPTSETUP +GCRYPT +GNUTLS +ACL +XZ +LZ4 +SECCOMP +BLKID +ELFUTILS +KMOD -IDN2 +IDN -PCRE2 default-hierarchy=hybrid)
[    3.716078] systemd[1]: Detected architecture x86-64.
[    3.728095] systemd[1]: Set hostname to <duo>.
[    3.813159] systemd[1]: File /lib/systemd/system/systemd-journald.service:12 configures an IP firewall (IPAddressDeny=any), but the local system does not support BPF/cgroup based firewalling.
[    3.818181] systemd[1]: Proceeding WITHOUT firewalling in effect! (This warning is only shown for the first loaded unit using IP firewalling.)
[    3.866889] systemd[1]: Binding to IPv6 address not available since kernel does not support IPv6.
[    3.868048] systemd[1]: Binding to IPv6 address not available since kernel does not support IPv6.
[    3.874728] systemd[1]: /lib/systemd/system/rpc-statd.service:13: PIDFile= references path below legacy directory /var/run/, updating /var/run/rpc.statd.pid  /run/rpc.statd.pid; please update the unit file accordingly.
[    3.896083] systemd[1]: Binding to IPv6 address not available since kernel does not support IPv6.
[    3.898519] random: systemd: uninitialized urandom read (16 bytes read)
[    3.901907] random: systemd: uninitialized urandom read (16 bytes read)
[    3.903243] systemd[1]: Listening on Journal Socket.
[    3.913107] random: systemd: uninitialized urandom read (16 bytes read)
[    5.141891] EXT4-fs (sdb3): re-mounted. Opts: errors=remount-ro
[    5.171382] systemd-journald[1719]: Received request to flush runtime journal from PID 1
[    5.486484] e1000e 0000:00:19.0 enp0s25: renamed from eth0
[    5.524384] iwlwifi 0000:03:00.0 wlp3s0: renamed from wlan0
[    6.747915] Adding 1681428k swap on /dev/sda1.  Priority:-2 extents:1 across:1681428k 
[    6.852004] random: crng init done
[    6.854814] random: 7 urandom warning(s) missed due to ratelimiting
[    7.202949] EXT4-fs (sda2): mounted filesystem with ordered data mode. Opts: errors=remount-ro
[    7.342906] EXT4-fs (sdb2): mounted filesystem with ordered data mode. Opts: errors=remount-ro
[    7.991350] iwlwifi 0000:03:00.0: Radio type=0x0-0x0-0x3
[    8.063519] iwlwifi 0000:03:00.0: Radio type=0x0-0x0-0x3
[    8.135435] iwlwifi 0000:03:00.0: Radio type=0x0-0x0-0x3
[    8.207527] iwlwifi 0000:03:00.0: Radio type=0x0-0x0-0x3
[    8.907181] NFSD: Using /var/lib/nfs/v4recovery as the NFSv4 state recovery directory
[    8.910085] NFSD: Using legacy client tracking operations.
[    8.910841] NFSD: starting 90-second grace period (net f0000098)
[    9.237534] broken atomic modeset userspace detected, disabling atomic
[    9.657921] e1000e 0000:00:19.0 enp0s25: NIC Link is Up 100 Mbps Full Duplex, Flow Control: Rx/Tx
[    9.657929] e1000e 0000:00:19.0 enp0s25: 10/100 speed: disabling TSO
[   41.194430] iwlwifi 0000:03:00.0: Radio type=0x0-0x0-0x3
[   41.263159] iwlwifi 0000:03:00.0: Radio type=0x0-0x0-0x3
[   72.147838] iwlwifi 0000:03:00.0: Radio type=0x0-0x0-0x3
[   72.219862] iwlwifi 0000:03:00.0: Radio type=0x0-0x0-0x3
[   72.655834] iwlwifi 0000:03:00.0: Radio type=0x0-0x0-0x3
[   72.727916] iwlwifi 0000:03:00.0: Radio type=0x0-0x0-0x3
[   73.285823] wlp3s0: authenticate with 5c:f4:ab:10:d2:bb
[   73.289356] wlp3s0: send auth to 5c:f4:ab:10:d2:bb (try 1/3)
[   73.292280] wlp3s0: authenticated
[   73.296356] wlp3s0: associate with 5c:f4:ab:10:d2:bb (try 1/3)
[   73.301778] wlp3s0: RX AssocResp from 5c:f4:ab:10:d2:bb (capab=0x411 status=0 aid=2)
[   73.308916] wlp3s0: associated
