[    0.000000] Linux version 4.19.0-next-20181030autobisect1539371050 (pavel@duo) (gcc version 4.9.2 (Debian 4.9.2-10+deb8u1)) #191 SMP Tue Oct 30 09:34:56 CET 2018
[    0.000000] Disabled fast string operations
[    0.000000] x86/fpu: x87 FPU will use FXSAVE
[    0.000000] BIOS-provided physical RAM map:
[    0.000000] BIOS-e820: [mem 0x0000000000000000-0x000000000009efff] usable
[    0.000000] BIOS-e820: [mem 0x000000000009f000-0x000000000009ffff] reserved
[    0.000000] BIOS-e820: [mem 0x00000000000dc000-0x00000000000fffff] reserved
[    0.000000] BIOS-e820: [mem 0x0000000000100000-0x00000000bf6cffff] usable
[    0.000000] BIOS-e820: [mem 0x00000000bf6d0000-0x00000000bf6defff] ACPI data
[    0.000000] BIOS-e820: [mem 0x00000000bf6df000-0x00000000bf6fffff] ACPI NVS
[    0.000000] BIOS-e820: [mem 0x00000000bf700000-0x00000000bfffffff] reserved
[    0.000000] BIOS-e820: [mem 0x00000000f0000000-0x00000000f3ffffff] reserved
[    0.000000] BIOS-e820: [mem 0x00000000fec00000-0x00000000fec0ffff] reserved
[    0.000000] BIOS-e820: [mem 0x00000000fed00000-0x00000000fed003ff] reserved
[    0.000000] BIOS-e820: [mem 0x00000000fed14000-0x00000000fed19fff] reserved
[    0.000000] BIOS-e820: [mem 0x00000000fed1c000-0x00000000fed8ffff] reserved
[    0.000000] BIOS-e820: [mem 0x00000000fee00000-0x00000000fee00fff] reserved
[    0.000000] BIOS-e820: [mem 0x00000000ff800000-0x00000000ffffffff] reserved
[    0.000000] NX (Execute Disable) protection: active
[    0.000000] SMBIOS 2.4 present.
[    0.000000] DMI: LENOVO 17097HU/17097HU, BIOS 7BETD8WW (2.19 ) 03/31/2011
[    0.000000] tsc: Fast TSC calibration using PIT
[    0.000000] tsc: Detected 1828.697 MHz processor
[    0.014480] e820: update [mem 0x00000000-0x00000fff] usable ==> reserved
[    0.014486] e820: remove [mem 0x000a0000-0x000fffff] usable
[    0.014498] last_pfn = 0xbf6d0 max_arch_pfn = 0x1000000
[    0.014511] MTRR default type: uncachable
[    0.014513] MTRR fixed ranges enabled:
[    0.014517]   00000-9FFFF write-back
[    0.014520]   A0000-BFFFF uncachable
[    0.014523]   C0000-CFFFF write-protect
[    0.014526]   D0000-DBFFF uncachable
[    0.014529]   DC000-DFFFF write-back
[    0.014532]   E0000-FFFFF write-protect
[    0.014534] MTRR variable ranges enabled:
[    0.014538]   0 base 000000000 mask F80000000 write-back
[    0.014541]   1 base 080000000 mask FC0000000 write-back
[    0.014544]   2 base 0BF700000 mask FFFF00000 uncachable
[    0.014548]   3 base 0BF800000 mask FFF800000 uncachable
[    0.014550]   4 disabled
[    0.014552]   5 disabled
[    0.014555]   6 disabled
[    0.014557]   7 disabled
[    0.015642] x86/PAT: PAT not supported by CPU.
[    0.016789] x86/PAT: Configuration [0-7]: WB  WT  UC- UC  WB  WT  UC- UC  
[    0.016811] initial memory mapped: [mem 0x00000000-0x05bfffff]
[    0.016818] Base memory trampoline at [(ptrval)] 9b000 size 16384
[    0.016900] BRK [0x05612000, 0x05612fff] PGTABLE
[    0.016919] BRK [0x05613000, 0x05613fff] PGTABLE
[    0.016930] ACPI: Early table checksum verification disabled
[    0.017112] ACPI: RSDP 0x00000000000F67C0 000024 (v02 LENOVO)
[    0.017120] ACPI: XSDT 0x00000000BF6D191C 000084 (v01 LENOVO TP-7B    00002190  LTP 00000000)
[    0.017132] ACPI: FACP 0x00000000BF6D1A00 0000F4 (v03 LENOVO TP-7B    00002190 LNVO 00000001)
[    0.017145] ACPI BIOS Warning (bug): 32/64X length mismatch in FADT/Gpe0Block: 64/32 (20181003/tbfadt-569)
[    0.017152] ACPI BIOS Warning (bug): Optional FADT field Gpe1Block has valid Address but zero Length: 0x000000000000102C/0x0 (20181003/tbfadt-624)
[    0.017162] ACPI: DSDT 0x00000000BF6D1D90 00CFB9 (v01 LENOVO TP-7B    00002190 MSFT 0100000E)
[    0.017172] ACPI: FACS 0x00000000BF6F4000 000040
[    0.017179] ACPI: FACS 0x00000000BF6F4000 000040
[    0.017186] ACPI: SSDT 0x00000000BF6D1BB4 0001DC (v01 LENOVO TP-7B    00002190 MSFT 0100000E)
[    0.017195] ACPI: ECDT 0x00000000BF6DED49 000052 (v01 LENOVO TP-7B    00002190 LNVO 00000001)
[    0.017204] ACPI: TCPA 0x00000000BF6DED9B 000032 (v02 LENOVO TP-7B    00002190 LNVO 00000001)
[    0.017213] ACPI: APIC 0x00000000BF6DEDCD 000068 (v01 LENOVO TP-7B    00002190 LNVO 00000001)
[    0.017222] ACPI: MCFG 0x00000000BF6DEE35 00003C (v01 LENOVO TP-7B    00002190 LNVO 00000001)
[    0.017231] ACPI: HPET 0x00000000BF6DEE71 000038 (v01 LENOVO TP-7B    00002190 LNVO 00000001)
[    0.017240] ACPI: BOOT 0x00000000BF6DEFD8 000028 (v01 LENOVO TP-7B    00002190  LTP 00000001)
[    0.017249] ACPI: SSDT 0x00000000BF6F2645 00025F (v01 LENOVO TP-7B    00002190 INTL 20050513)
[    0.017258] ACPI: SSDT 0x00000000BF6F28A4 0000A6 (v01 LENOVO TP-7B    00002190 INTL 20050513)
[    0.017267] ACPI: SSDT 0x00000000BF6F294A 0004F7 (v01 LENOVO TP-7B    00002190 INTL 20050513)
[    0.017276] ACPI: SSDT 0x00000000BF6F2E41 0001D8 (v01 LENOVO TP-7B    00002190 INTL 20050513)
[    0.017297] ACPI: Local APIC address 0xfee00000
[    0.017303] 2176MB HIGHMEM available.
[    0.017308] 885MB LOWMEM available.
[    0.017312]   mapped low ram: 0 - 375fe000
[    0.017315]   low ram: 0 - 375fe000
[    0.017326] BRK [0x05614000, 0x05614fff] PGTABLE
[    0.017332] Zone ranges:
[    0.017336]   DMA      [mem 0x0000000000001000-0x0000000000ffffff]
[    0.017341]   Normal   [mem 0x0000000001000000-0x00000000375fdfff]
[    0.017346]   HighMem  [mem 0x00000000375fe000-0x00000000bf6cffff]
[    0.017350] Movable zone start for each node
[    0.017354] Early memory node ranges
[    0.017358]   node   0: [mem 0x0000000000001000-0x000000000009efff]
[    0.017363]   node   0: [mem 0x0000000000100000-0x00000000bf6cffff]
[    0.017369] Initmem setup node 0 [mem 0x0000000000001000-0x00000000bf6cffff]
[    0.017374] On node 0 totalpages: 783982
[    0.028777]   DMA zone: 32 pages used for memmap
[    0.028781]   DMA zone: 0 pages reserved
[    0.028784]   DMA zone: 3998 pages, LIFO batch:0
[    0.028896]   Normal zone: 1740 pages used for memmap
[    0.028899]   Normal zone: 222718 pages, LIFO batch:63
[    0.034620]   HighMem zone: 557266 pages, LIFO batch:63
[    0.049020] Using APIC driver default
[    0.049037] Reserving Intel graphics memory at [mem 0xbf800000-0xbfffffff]
[    0.049526] ACPI: PM-Timer IO Port: 0x1008
[    0.049533] ACPI: Local APIC address 0xfee00000
[    0.049545] ACPI: LAPIC_NMI (acpi_id[0x00] high edge lint[0x1])
[    0.049550] ACPI: LAPIC_NMI (acpi_id[0x01] high edge lint[0x1])
[    0.049582] IOAPIC[0]: apic_id 1, version 32, address 0xfec00000, GSI 0-23
[    0.049588] ACPI: INT_SRC_OVR (bus 0 bus_irq 0 global_irq 2 dfl dfl)
[    0.049595] ACPI: INT_SRC_OVR (bus 0 bus_irq 9 global_irq 9 high level)
[    0.049601] ACPI: IRQ0 used by override.
[    0.049605] ACPI: IRQ9 used by override.
[    0.049612] Using ACPI (MADT) for SMP configuration information
[    0.049617] ACPI: HPET id: 0x8086a201 base: 0xfed00000
[    0.049629] smpboot: Allowing 2 CPUs, 0 hotplug CPUs
[    0.049670] PM: Registered nosave memory: [mem 0x00000000-0x00000fff]
[    0.049676] PM: Registered nosave memory: [mem 0x0009f000-0x0009ffff]
[    0.049681] PM: Registered nosave memory: [mem 0x000a0000-0x000dbfff]
[    0.049685] PM: Registered nosave memory: [mem 0x000dc000-0x000fffff]
[    0.049694] [mem 0xc0000000-0xefffffff] available for PCI devices
[    0.049701] clocksource: refined-jiffies: mask: 0xffffffff max_cycles: 0xffffffff, max_idle_ns: 7645519600211568 ns
[    0.049729] random: get_random_bytes called from start_kernel+0x74/0x351 with crng_init=0
[    0.049743] setup_percpu: NR_CPUS:8 nr_cpumask_bits:8 nr_cpu_ids:2 nr_node_ids:1
[    0.050001] percpu: Embedded 36 pages/cpu @(ptrval) s118696 r0 d28760 u147456
[    0.050015] pcpu-alloc: s118696 r0 d28760 u147456 alloc=36*4096
[    0.050018] pcpu-alloc: [0] 0 [0] 1 
[    0.050053] Built 1 zonelists, mobility grouping on.  Total pages: 782210
[    0.050065] Kernel command line: BOOT_IMAGE=(hd0,2)/fast/l/linux-next-32/arch/x86/boot/bzImage root=/dev/sda4 resume=/dev/sda1
[    0.050497] Dentry cache hash table entries: 131072 (order: 7, 524288 bytes)
[    0.050613] Inode-cache hash table entries: 65536 (order: 6, 262144 bytes)
[    0.050638] Initializing CPU#0
[    0.082912] Initializing HighMem for node 0 (000375fe:000bf6d0)
[    0.425594] Initializing Movable for node 0 (00000000:00000000)
[    0.501810] Memory: 3021732K/3135928K available (10029K kernel code, 691K rwdata, 4720K rodata, 632K init, 6116K bss, 114196K reserved, 0K cma-reserved, 2229064K highmem)
[    0.501824] virtual kernel memory layout:
    fixmap  : 0xffe70000 - 0xfffff000   (1596 kB)
  cpu_entry : 0xffa00000 - 0xffb31000   (1220 kB)
    pkmap   : 0xff600000 - 0xff800000   (2048 kB)
    vmalloc : 0xf7dfe000 - 0xff5fe000   ( 120 MB)
    lowmem  : 0xc0000000 - 0xf75fe000   ( 885 MB)
      .init : 0xc4f40000 - 0xc4fde000   ( 632 kB)
      .data : 0xc49cb5c4 - 0xc4f1ce40   (5446 kB)
      .text : 0xc4000000 - 0xc49cb5c4   (10029 kB)
[    0.501830] Checking if this processor honours the WP bit even in supervisor mode...Ok.
[    0.502322] Kernel/User page tables isolation: enabled
[    0.502618] rcu: Hierarchical RCU implementation.
[    0.502623] rcu: 	RCU restricting CPUs from NR_CPUS=8 to nr_cpu_ids=2.
[    0.502629] rcu: RCU calculated value of scheduler-enlistment delay is 25 jiffies.
[    0.502633] rcu: Adjusting geometry for rcu_fanout_leaf=16, nr_cpu_ids=2
[    0.502680] NR_IRQS: 2304, nr_irqs: 56, preallocated irqs: 16
[    0.502990] CPU 0 irqstacks, hard=(ptrval) soft=(ptrval)
[    0.507008] Console: colour VGA+ 80x25
[    0.515117] printk: console [tty0] enabled
[    0.515189] Lock dependency validator: Copyright (c) 2006 Red Hat, Inc., Ingo Molnar
[    0.515278] ... MAX_LOCKDEP_SUBCLASSES:  8
[    0.515350] ... MAX_LOCK_DEPTH:          48
[    0.515421] ... MAX_LOCKDEP_KEYS:        8191
[    0.515495] ... CLASSHASH_SIZE:          4096
[    0.515568] ... MAX_LOCKDEP_ENTRIES:     32768
[    0.515641] ... MAX_LOCKDEP_CHAINS:      65536
[    0.515716] ... CHAINHASH_SIZE:          32768
[    0.515789]  memory used by lock dependency info: 4351 kB
[    0.515867]  per task-struct memory footprint: 1344 bytes
[    0.516630] ACPI: Core revision 20181003
[    0.517104] ACPI: EC: EC started
[    0.517176] ACPI: EC: interrupt blocked
[    0.517289] ACPI: \: Used as first EC
[    0.517363] ACPI: \: GPE=0x1c, EC_CMD/EC_SC=0x66, EC_DATA=0x62
[    0.517446] ACPI: \: Used as boot ECDT EC to handle transactions
[    0.517655] clocksource: hpet: mask: 0xffffffff max_cycles: 0xffffffff, max_idle_ns: 133484882848 ns
[    0.517784] hpet clockevent registered
[    0.517798] APIC: Switch to symmetric I/O mode setup
[    0.517874] Enabling APIC mode:  Flat.  Using 1 I/O APICs
[    0.518518] ..TIMER: vector=0x30 apic1=0 pin1=2 apic2=-1 pin2=-1
[    0.537794] clocksource: tsc-early: mask: 0xffffffffffffffff max_cycles: 0x1a5c0e859aa, max_idle_ns: 440795211853 ns
[    0.537918] Calibrating delay loop (skipped), value calculated using timer frequency.. 3657.39 BogoMIPS (lpj=7314788)
[    0.538037] pid_max: default: 32768 minimum: 301
[    0.538445] Mount-cache hash table entries: 2048 (order: 1, 8192 bytes)
[    0.538536] Mountpoint-cache hash table entries: 2048 (order: 1, 8192 bytes)
[    0.539328] *** VALIDATE proc ***
[    0.539515] *** VALIDATE cgroup1 ***
[    0.539588] *** VALIDATE cgroup2 ***
[    0.539675] Disabled fast string operations
[    0.539761] process: using mwait in idle threads
[    0.539845] Last level iTLB entries: 4KB 128, 2MB 0, 4MB 2
[    0.539925] Last level dTLB entries: 4KB 128, 2MB 0, 4MB 8, 1GB 0
[    0.540011] Spectre V2 : Mitigation: Full generic retpoline
[    0.540091] Spectre V2 : Spectre v2 / SpectreRSB mitigation: Filling RSB on context switch
[    0.540185] L1TF: System has more than MAX_PA/2 memory. L1TF mitigation not effective.
[    0.540277] L1TF: You may make it effective by booting the kernel with mem=2147483648 parameter.
[    0.540386] L1TF: However, doing so will make a part of your RAM unusable.
[    0.540473] L1TF: Reading https://www.kernel.org/doc/html/latest/admin-guide/l1tf.html might help you decide.
[    0.540809] Freeing SMP alternatives memory: 44K
[    0.549916] smpboot: CPU0: Genuine Intel(R) CPU           T2400  @ 1.83GHz (family: 0x6, model: 0xe, stepping: 0x8)
[    0.549916] Performance Events: Core events, core PMU driver.
[    0.549916] ... version:                1
[    0.549916] ... bit width:              40
[    0.549916] ... generic registers:      2
[    0.549916] ... value mask:             000000ffffffffff
[    0.549916] ... max period:             000000007fffffff
[    0.549916] ... fixed-purpose events:   0
[    0.549916] ... event mask:             0000000000000003
[    0.549916] rcu: Hierarchical SRCU implementation.
[    0.549916] NMI watchdog: Enabled. Permanently consumes one hw-PMU counter.
[    0.550140] smp: Bringing up secondary CPUs ...
[    0.551357] CPU 1 irqstacks, hard=(ptrval) soft=(ptrval)
[    0.551361] x86: Booting SMP configuration:
[    0.551443] .... node  #0, CPUs:      #1
[    0.018890] Initializing CPU#1
[    0.018890] Disabled fast string operations
[    0.553898] TSC synchronization [CPU#0 -> CPU#1]:
[    0.553916] Measured 579931 cycles TSC warp between CPUs, turning off TSC clock.
[    0.553916] tsc: Marking TSC unstable due to check_tsc_sync_source failed
[    0.554114] smp: Brought up 1 node, 2 CPUs
[    0.554114] smpboot: Max logical packages: 1
[    0.554114] smpboot: Total of 2 processors activated (7314.78 BogoMIPS)
[    0.555836] devtmpfs: initialized
[    0.555836] PM: Registering ACPI NVS region [mem 0xbf6df000-0xbf6fffff] (135168 bytes)
[    0.558215] clocksource: jiffies: mask: 0xffffffff max_cycles: 0xffffffff, max_idle_ns: 7645041785100000 ns
[    0.560468] futex hash table entries: 512 (order: 3, 32768 bytes)
[    0.561677] NET: Registered protocol family 16
[    0.563634] cpuidle: using governor ladder
[    0.563813] cpuidle: using governor menu
[    0.564067] Simple Boot Flag at 0x35 set to 0x1
[    0.564193] ACPI FADT declares the system doesn't support PCIe ASPM, so disable it
[    0.564290] ACPI: bus type PCI registered
[    0.564611] PCI: MMCONFIG for domain 0000 [bus 00-3f] at [mem 0xf0000000-0xf3ffffff] (base 0xf0000000)
[    0.564728] PCI: MMCONFIG at [mem 0xf0000000-0xf3ffffff] reserved in E820
[    0.564814] PCI: Using MMCONFIG for extended config space
[    0.564894] PCI: Using configuration type 1 for base access
[    0.565975] mtrr: your CPUs had inconsistent variable MTRR settings
[    0.566084] mtrr: probably your BIOS does not setup all CPUs.
[    0.566084] mtrr: corrected configuration.
[    0.642218] ACPI: Added _OSI(Module Device)
[    0.642301] ACPI: Added _OSI(Processor Device)
[    0.642377] ACPI: Added _OSI(3.0 _SCP Extensions)
[    0.642454] ACPI: Added _OSI(Processor Aggregator Device)
[    0.642537] ACPI: Added _OSI(Linux-Dell-Video)
[    0.642616] ACPI: Added _OSI(Linux-Lenovo-NV-HDMI-Audio)
[    0.711418] ACPI: 6 ACPI AML tables successfully acquired and loaded
[    0.737824] ACPI: Dynamic OEM Table Load:
[    0.737927] ACPI: SSDT 0x00000000F1B34000 000240 (v01 PmRef  Cpu0Ist  00000100 INTL 20050513)
[    0.739612] ACPI: Dynamic OEM Table Load:
[    0.739703] ACPI: SSDT 0x00000000F1B03800 00065A (v01 PmRef  Cpu0Cst  00000100 INTL 20050513)
[    0.743312] ACPI: Dynamic OEM Table Load:
[    0.743406] ACPI: SSDT 0x00000000F1818C00 0000C8 (v01 PmRef  Cpu1Ist  00000100 INTL 20050513)
[    0.744391] ACPI: Dynamic OEM Table Load:
[    0.744480] ACPI: SSDT 0x00000000F0C11480 000085 (v01 PmRef  Cpu1Cst  00000100 INTL 20050513)
[    0.746805] ACPI: Interpreter enabled
[    0.746971] ACPI: (supports S0 S3 S4 S5)
[    0.747053] ACPI: Using IOAPIC for interrupt routing
[    0.747283] PCI: Using host bridge windows from ACPI; if necessary, use "pci=nocrs" and report a bug
[    0.748395] ACPI: Enabled 4 GPEs in block 00 to 1F
[    0.772876] ACPI: Power Resource [PUBS] (on)
[    0.774096] acpi PNP0C0A:01: ACPI dock station (docks/bays count: 1)
[    0.782320] acpi LNXIOBAY:00: ACPI dock station (docks/bays count: 2)
[    0.796975] acpi IBM0079:00: ACPI dock station (docks/bays count: 3)
[    0.799492] ACPI: PCI Interrupt Link [LNKA] (IRQs 3 4 5 6 7 9 10 *11)
[    0.800355] ACPI: PCI Interrupt Link [LNKB] (IRQs 3 4 5 6 7 9 10 *11)
[    0.801218] ACPI: PCI Interrupt Link [LNKC] (IRQs 3 4 5 6 7 9 10 *11)
[    0.802092] ACPI: PCI Interrupt Link [LNKD] (IRQs 3 4 5 6 7 9 10 *11)
[    0.802954] ACPI: PCI Interrupt Link [LNKE] (IRQs 3 4 5 6 7 9 10 *11)
[    0.803816] ACPI: PCI Interrupt Link [LNKF] (IRQs 3 4 5 6 7 9 10 *11)
[    0.804679] ACPI: PCI Interrupt Link [LNKG] (IRQs 3 4 5 6 7 9 10 *11)
[    0.805542] ACPI: PCI Interrupt Link [LNKH] (IRQs 3 4 5 6 7 9 10 *11)
[    0.806124] ACPI: PCI Root Bridge [PCI0] (domain 0000 [bus 00-ff])
[    0.806224] acpi PNP0A08:00: _OSC: OS supports [ExtendedConfig ASPM ClockPM Segments]
[    0.807275] acpi PNP0A08:00: _OSC: not requesting OS control; OS requires [ExtendedConfig ASPM ClockPM MSI]
[    0.807410] acpi PNP0A08:00: [Firmware Info]: MMCONFIG for domain 0000 [bus 00-3f] only partially covers this bridge
[    0.807809] PCI host bridge to bus 0000:00
[    0.807891] pci_bus 0000:00: root bus resource [io  0x0000-0x0cf7 window]
[    0.807984] pci_bus 0000:00: root bus resource [io  0x0d00-0xffff window]
[    0.808077] pci_bus 0000:00: root bus resource [mem 0x000a0000-0x000bffff window]
[    0.808173] pci_bus 0000:00: root bus resource [mem 0x000d0000-0x000d3fff window]
[    0.808269] pci_bus 0000:00: root bus resource [mem 0x000d4000-0x000d7fff window]
[    0.808366] pci_bus 0000:00: root bus resource [mem 0x000d8000-0x000dbfff window]
[    0.808462] pci_bus 0000:00: root bus resource [mem 0xc0000000-0xfebfffff window]
[    0.808558] pci_bus 0000:00: root bus resource [mem 0xfed40000-0xfed40fff window]
[    0.808656] pci_bus 0000:00: root bus resource [bus 00-ff]
[    0.808775] pci 0000:00:00.0: [8086:27a0] type 00 class 0x060000
[    0.809260] pci 0000:00:02.0: [8086:27a2] type 00 class 0x030000
[    0.809281] pci 0000:00:02.0: reg 0x10: [mem 0xee100000-0xee17ffff]
[    0.809292] pci 0000:00:02.0: reg 0x14: [io  0x1800-0x1807]
[    0.809303] pci 0000:00:02.0: reg 0x18: [mem 0xd0000000-0xdfffffff pref]
[    0.809313] pci 0000:00:02.0: reg 0x1c: [mem 0xee200000-0xee23ffff]
[    0.809789] pci 0000:00:02.1: [8086:27a6] type 00 class 0x038000
[    0.809809] pci 0000:00:02.1: reg 0x10: [mem 0xee180000-0xee1fffff]
[    0.810327] pci 0000:00:1b.0: [8086:27d8] type 00 class 0x040300
[    0.810370] pci 0000:00:1b.0: reg 0x10: [mem 0xee240000-0xee243fff 64bit]
[    0.810527] pci 0000:00:1b.0: PME# supported from D0 D3hot D3cold
[    0.811004] pci 0000:00:1c.0: [8086:27d0] type 01 class 0x060400
[    0.811176] pci 0000:00:1c.0: PME# supported from D0 D3hot D3cold
[    0.811646] pci 0000:00:1c.1: [8086:27d2] type 01 class 0x060400
[    0.811817] pci 0000:00:1c.1: PME# supported from D0 D3hot D3cold
[    0.812279] pci 0000:00:1c.2: [8086:27d4] type 01 class 0x060400
[    0.812449] pci 0000:00:1c.2: PME# supported from D0 D3hot D3cold
[    0.812918] pci 0000:00:1c.3: [8086:27d6] type 01 class 0x060400
[    0.813090] pci 0000:00:1c.3: PME# supported from D0 D3hot D3cold
[    0.813555] pci 0000:00:1d.0: [8086:27c8] type 00 class 0x0c0300
[    0.813631] pci 0000:00:1d.0: reg 0x20: [io  0x1820-0x183f]
[    0.814119] pci 0000:00:1d.1: [8086:27c9] type 00 class 0x0c0300
[    0.814195] pci 0000:00:1d.1: reg 0x20: [io  0x1840-0x185f]
[    0.814660] pci 0000:00:1d.2: [8086:27ca] type 00 class 0x0c0300
[    0.814736] pci 0000:00:1d.2: reg 0x20: [io  0x1860-0x187f]
[    0.815219] pci 0000:00:1d.3: [8086:27cb] type 00 class 0x0c0300
[    0.815295] pci 0000:00:1d.3: reg 0x20: [io  0x1880-0x189f]
[    0.815753] pci 0000:00:1d.7: [8086:27cc] type 00 class 0x0c0320
[    0.815788] pci 0000:00:1d.7: reg 0x10: [mem 0xee444000-0xee4443ff]
[    0.815926] pci 0000:00:1d.7: PME# supported from D0 D3hot D3cold
[    0.816364] pci 0000:00:1e.0: [8086:2448] type 01 class 0x060401
[    0.816909] pci 0000:00:1f.0: [8086:27b9] type 00 class 0x060100
[    0.817064] pci 0000:00:1f.0: quirk: [io  0x1000-0x107f] claimed by ICH6 ACPI/GPIO/TCO
[    0.817168] pci 0000:00:1f.0: quirk: [io  0x1180-0x11bf] claimed by ICH6 GPIO
[    0.817265] pci 0000:00:1f.0: ICH7 LPC Generic IO decode 1 PIO at 1600 (mask 007f)
[    0.817364] pci 0000:00:1f.0: ICH7 LPC Generic IO decode 2 PIO at 15e0 (mask 000f)
[    0.817463] pci 0000:00:1f.0: ICH7 LPC Generic IO decode 3 PIO at 1680 (mask 001f)
[    0.818033] pci 0000:00:1f.1: [8086:27df] type 00 class 0x01018a
[    0.818063] pci 0000:00:1f.1: reg 0x10: [io  0x0000-0x0007]
[    0.818079] pci 0000:00:1f.1: reg 0x14: [io  0x0000-0x0003]
[    0.818095] pci 0000:00:1f.1: reg 0x18: [io  0x0000-0x0007]
[    0.818111] pci 0000:00:1f.1: reg 0x1c: [io  0x0000-0x0003]
[    0.818127] pci 0000:00:1f.1: reg 0x20: [io  0x1810-0x181f]
[    0.818159] pci 0000:00:1f.1: legacy IDE quirk: reg 0x10: [io  0x01f0-0x01f7]
[    0.818254] pci 0000:00:1f.1: legacy IDE quirk: reg 0x14: [io  0x03f6]
[    0.818344] pci 0000:00:1f.1: legacy IDE quirk: reg 0x18: [io  0x0170-0x0177]
[    0.818438] pci 0000:00:1f.1: legacy IDE quirk: reg 0x1c: [io  0x0376]
[    0.818948] pci 0000:00:1f.2: [8086:27c5] type 00 class 0x010601
[    0.818982] pci 0000:00:1f.2: reg 0x10: [io  0x18d0-0x18d7]
[    0.818998] pci 0000:00:1f.2: reg 0x14: [io  0x18c4-0x18c7]
[    0.819014] pci 0000:00:1f.2: reg 0x18: [io  0x18c8-0x18cf]
[    0.819030] pci 0000:00:1f.2: reg 0x1c: [io  0x18c0-0x18c3]
[    0.819045] pci 0000:00:1f.2: reg 0x20: [io  0x18b0-0x18bf]
[    0.819062] pci 0000:00:1f.2: reg 0x24: [mem 0xee444400-0xee4447ff]
[    0.819144] pci 0000:00:1f.2: PME# supported from D3hot
[    0.819587] pci 0000:00:1f.3: [8086:27da] type 00 class 0x0c0500
[    0.819682] pci 0000:00:1f.3: reg 0x20: [io  0x18e0-0x18ff]
[    0.820388] pci 0000:02:00.0: [8086:109a] type 00 class 0x020000
[    0.820451] pci 0000:02:00.0: reg 0x10: [mem 0xee000000-0xee01ffff]
[    0.820498] pci 0000:02:00.0: reg 0x18: [io  0x2000-0x201f]
[    0.820746] pci 0000:02:00.0: PME# supported from D0 D3hot D3cold
[    0.820812] pci 0000:02:00.0: 2.000 Gb/s available PCIe bandwidth, limited by 2.5 GT/s x1 link at 0000:00:1c.0 (capable of 7.876 Gb/s with 8 GT/s x1 link)
[    0.821223] pci 0000:00:1c.0: PCI bridge to [bus 02]
[    0.821310] pci 0000:00:1c.0:   bridge window [io  0x2000-0x2fff]
[    0.821317] pci 0000:00:1c.0:   bridge window [mem 0xee000000-0xee0fffff]
[    0.821597] pci 0000:03:00.0: [8086:4227] type 00 class 0x028000
[    0.821705] pci 0000:03:00.0: reg 0x10: [mem 0xedf00000-0xedf00fff]
[    0.822212] pci 0000:03:00.0: PME# supported from D0 D3hot D3cold
[    0.822321] pci 0000:03:00.0: 2.000 Gb/s available PCIe bandwidth, limited by 2.5 GT/s x1 link at 0000:00:1c.1 (capable of 7.876 Gb/s with 8 GT/s x1 link)
[    0.822727] pci 0000:00:1c.1: PCI bridge to [bus 03]
[    0.822814] pci 0000:00:1c.1:   bridge window [io  0x3000-0x4fff]
[    0.822821] pci 0000:00:1c.1:   bridge window [mem 0xec000000-0xedffffff]
[    0.822833] pci 0000:00:1c.1:   bridge window [mem 0xe4000000-0xe40fffff 64bit pref]
[    0.822992] pci 0000:00:1c.2: PCI bridge to [bus 04-0b]
[    0.823081] pci 0000:00:1c.2:   bridge window [io  0x5000-0x6fff]
[    0.823089] pci 0000:00:1c.2:   bridge window [mem 0xe8000000-0xe9ffffff]
[    0.823100] pci 0000:00:1c.2:   bridge window [mem 0xe4100000-0xe41fffff 64bit pref]
[    0.823261] pci 0000:00:1c.3: PCI bridge to [bus 0c-13]
[    0.823349] pci 0000:00:1c.3:   bridge window [io  0x7000-0x8fff]
[    0.823357] pci 0000:00:1c.3:   bridge window [mem 0xea000000-0xebffffff]
[    0.823368] pci 0000:00:1c.3:   bridge window [mem 0xe4200000-0xe42fffff 64bit pref]
[    0.823410] pci_bus 0000:15: extended config space not accessible
[    0.823631] pci 0000:15:00.0: [1180:0476] type 02 class 0x060700
[    0.823663] pci 0000:15:00.0: reg 0x10: [mem 0xe4300000-0xe4300fff]
[    0.823735] pci 0000:15:00.0: supports D1 D2
[    0.823739] pci 0000:15:00.0: PME# supported from D0 D1 D2 D3hot D3cold
[    0.824010] pci 0000:15:00.1: [1180:0552] type 00 class 0x0c0010
[    0.824039] pci 0000:15:00.1: reg 0x10: [mem 0xe4301000-0xe43017ff]
[    0.824182] pci 0000:15:00.1: PME# supported from D0 D3hot D3cold
[    0.824408] pci 0000:15:00.2: [1180:0822] type 00 class 0x080500
[    0.824436] pci 0000:15:00.2: reg 0x10: [mem 0xe4301800-0xe43018ff]
[    0.824579] pci 0000:15:00.2: supports D1 D2
[    0.824583] pci 0000:15:00.2: PME# supported from D0 D1 D2 D3hot D3cold
[    0.824871] pci 0000:00:1e.0: PCI bridge to [bus 15-18] (subtractive decode)
[    0.824969] pci 0000:00:1e.0:   bridge window [io  0x9000-0xcfff]
[    0.824977] pci 0000:00:1e.0:   bridge window [mem 0xe4300000-0xe7ffffff]
[    0.824988] pci 0000:00:1e.0:   bridge window [mem 0xe0000000-0xe3ffffff 64bit pref]
[    0.824993] pci 0000:00:1e.0:   bridge window [io  0x0000-0x0cf7 window] (subtractive decode)
[    0.824998] pci 0000:00:1e.0:   bridge window [io  0x0d00-0xffff window] (subtractive decode)
[    0.825003] pci 0000:00:1e.0:   bridge window [mem 0x000a0000-0x000bffff window] (subtractive decode)
[    0.825008] pci 0000:00:1e.0:   bridge window [mem 0x000d0000-0x000d3fff window] (subtractive decode)
[    0.825013] pci 0000:00:1e.0:   bridge window [mem 0x000d4000-0x000d7fff window] (subtractive decode)
[    0.825018] pci 0000:00:1e.0:   bridge window [mem 0x000d8000-0x000dbfff window] (subtractive decode)
[    0.825023] pci 0000:00:1e.0:   bridge window [mem 0xc0000000-0xfebfffff window] (subtractive decode)
[    0.825028] pci 0000:00:1e.0:   bridge window [mem 0xfed40000-0xfed40fff window] (subtractive decode)
[    0.825079] pci_bus 0000:16: extended config space not accessible
[    0.825271] pci_bus 0000:16: busn_res: [bus 16-18] end is updated to 17
[    0.825324] pci_bus 0000:00: on NUMA node 0
[    0.832574] ACPI: EC: interrupt unblocked
[    0.832687] ACPI: EC: event unblocked
[    0.832794] ACPI: \_SB_.PCI0.LPC_.EC__: GPE=0x1c, EC_CMD/EC_SC=0x66, EC_DATA=0x62
[    0.832893] ACPI: \_SB_.PCI0.LPC_.EC__: Used as boot DSDT EC to handle transactions and events
[    0.833668] pci 0000:00:02.0: vgaarb: setting as boot VGA device
[    0.833668] pci 0000:00:02.0: vgaarb: VGA device added: decodes=io+mem,owns=io+mem,locks=none
[    0.833946] pci 0000:00:02.0: vgaarb: bridge control possible
[    0.834028] vgaarb: loaded
[    0.834776] SCSI subsystem initialized
[    0.835194] libata version 3.00 loaded.
[    0.835464] ACPI: bus type USB registered
[    0.835692] usbcore: registered new interface driver usbfs
[    0.835856] usbcore: registered new interface driver hub
[    0.836012] usbcore: registered new device driver usb
[    0.836251] media: Linux media interface: v0.10
[    0.836396] videodev: Linux video capture interface: v2.00
[    0.836572] pps_core: LinuxPPS API ver. 1 registered
[    0.836651] pps_core: Software ver. 5.3.6 - Copyright 2005-2007 Rodolfo Giometti <giometti@linux.it>
[    0.836809] PTP clock support registered
[    0.837160] EDAC MC: Ver: 3.0.0
[    0.837755] Advanced Linux Sound Architecture Driver Initialized.
[    0.838416] PCI: Using ACPI for IRQ routing
[    0.840963] PCI: pci_cache_line_size set to 64 bytes
[    0.841290] e820: reserve RAM buffer [mem 0x0009f000-0x0009ffff]
[    0.841297] e820: reserve RAM buffer [mem 0xbf6d0000-0xbfffffff]
[    0.842564] Bluetooth: Core ver 2.22
[    0.842688] NET: Registered protocol family 31
[    0.842813] Bluetooth: HCI device and connection manager initialized
[    0.842813] Bluetooth: HCI socket layer initialized
[    0.842813] Bluetooth: L2CAP socket layer initialized
[    0.842813] Bluetooth: SCO socket layer initialized
[    0.844126] clocksource: Switched to clocksource hpet
[    0.844142] pnp: PnP ACPI init
[    0.845730] system 00:00: [mem 0x00000000-0x0009ffff] could not be reserved
[    0.845830] system 00:00: [mem 0x000c0000-0x000c3fff] could not be reserved
[    0.846183] system 00:00: [mem 0x000c4000-0x000c7fff] could not be reserved
[    0.846279] system 00:00: [mem 0x000c8000-0x000cbfff] has been reserved
[    0.846372] system 00:00: [mem 0x000cc000-0x000cffff] has been reserved
[    0.846467] system 00:00: [mem 0x000dc000-0x000dffff] could not be reserved
[    0.846564] system 00:00: [mem 0x000e0000-0x000e3fff] could not be reserved
[    0.846661] system 00:00: [mem 0x000e4000-0x000e7fff] could not be reserved
[    0.846757] system 00:00: [mem 0x000e8000-0x000ebfff] could not be reserved
[    0.846854] system 00:00: [mem 0x000ec000-0x000effff] could not be reserved
[    0.846951] system 00:00: [mem 0x000f0000-0x000fffff] could not be reserved
[    0.847048] system 00:00: [mem 0x00100000-0xbfffffff] could not be reserved
[    0.847145] system 00:00: [mem 0xfec00000-0xfed3ffff] could not be reserved
[    0.847242] system 00:00: [mem 0xfed41000-0xffffffff] could not be reserved
[    0.847394] system 00:00: Plug and Play ACPI device, IDs PNP0c01 (active)
[    0.847919] system 00:01: [io  0x164e-0x164f] has been reserved
[    0.848011] system 00:01: [io  0x1000-0x107f] has been reserved
[    0.848101] system 00:01: [io  0x1180-0x11bf] has been reserved
[    0.848192] system 00:01: [io  0x0800-0x080f] has been reserved
[    0.848281] system 00:01: [io  0x15e0-0x15ef] has been reserved
[    0.848373] system 00:01: [io  0x1600-0x165f] could not be reserved
[    0.848465] system 00:01: [mem 0xf0000000-0xf3ffffff] has been reserved
[    0.848560] system 00:01: [mem 0xfed1c000-0xfed1ffff] has been reserved
[    0.848653] system 00:01: [mem 0xfed14000-0xfed17fff] has been reserved
[    0.848748] system 00:01: [mem 0xfed18000-0xfed18fff] has been reserved
[    0.848842] system 00:01: [mem 0xfed19000-0xfed19fff] has been reserved
[    0.848979] system 00:01: Plug and Play ACPI device, IDs PNP0c02 (active)
[    0.849304] pnp 00:02: Plug and Play ACPI device, IDs PNP0b00 (active)
[    0.849458] pnp 00:03: Plug and Play ACPI device, IDs PNP0303 (active)
[    0.849610] pnp 00:04: Plug and Play ACPI device, IDs IBM3780 PNP0f13 (active)
[    0.850403] pnp 00:05: [dma 3]
[    0.850636] pnp 00:05: Plug and Play ACPI device, IDs IBM0071 PNP0511 (active)
[    0.850885] pnp 00:06: Plug and Play ACPI device, IDs ATM1200 PNP0c31 (active)
[    0.853426] pnp: PnP ACPI: found 7 devices
[    0.903859] clocksource: acpi_pm: mask: 0xffffff max_cycles: 0xffffff, max_idle_ns: 2085701024 ns
[    0.904004] pci 0000:00:1c.0: bridge window [mem 0x00100000-0x000fffff 64bit pref] to [bus 02] add_size 200000 add_align 100000
[    0.904091] pci 0000:00:1c.0: BAR 9: assigned [mem 0xc0000000-0xc01fffff 64bit pref]
[    0.904187] pci 0000:00:1c.0: PCI bridge to [bus 02]
[    0.904269] pci 0000:00:1c.0:   bridge window [io  0x2000-0x2fff]
[    0.904358] pci 0000:00:1c.0:   bridge window [mem 0xee000000-0xee0fffff]
[    0.904450] pci 0000:00:1c.0:   bridge window [mem 0xc0000000-0xc01fffff 64bit pref]
[    0.904549] pci 0000:00:1c.1: PCI bridge to [bus 03]
[    0.904631] pci 0000:00:1c.1:   bridge window [io  0x3000-0x4fff]
[    0.904720] pci 0000:00:1c.1:   bridge window [mem 0xec000000-0xedffffff]
[    0.904811] pci 0000:00:1c.1:   bridge window [mem 0xe4000000-0xe40fffff 64bit pref]
[    0.904910] pci 0000:00:1c.2: PCI bridge to [bus 04-0b]
[    0.904992] pci 0000:00:1c.2:   bridge window [io  0x5000-0x6fff]
[    0.905082] pci 0000:00:1c.2:   bridge window [mem 0xe8000000-0xe9ffffff]
[    0.905173] pci 0000:00:1c.2:   bridge window [mem 0xe4100000-0xe41fffff 64bit pref]
[    0.905271] pci 0000:00:1c.3: PCI bridge to [bus 0c-13]
[    0.905353] pci 0000:00:1c.3:   bridge window [io  0x7000-0x8fff]
[    0.905443] pci 0000:00:1c.3:   bridge window [mem 0xea000000-0xebffffff]
[    0.905534] pci 0000:00:1c.3:   bridge window [mem 0xe4200000-0xe42fffff 64bit pref]
[    0.905647] pci 0000:15:00.0: BAR 9: assigned [mem 0xe0000000-0xe3ffffff pref]
[    0.905742] pci 0000:15:00.0: BAR 10: assigned [mem 0xc4000000-0xc7ffffff]
[    0.905830] pci 0000:15:00.0: BAR 7: assigned [io  0x9000-0x90ff]
[    0.905915] pci 0000:15:00.0: BAR 8: assigned [io  0x9400-0x94ff]
[    0.906022] pci 0000:15:00.0: CardBus bridge to [bus 16-17]
[    0.906104] pci 0000:15:00.0:   bridge window [io  0x9000-0x90ff]
[    0.906191] pci 0000:15:00.0:   bridge window [io  0x9400-0x94ff]
[    0.906279] pci 0000:15:00.0:   bridge window [mem 0xe0000000-0xe3ffffff pref]
[    0.906371] pci 0000:15:00.0:   bridge window [mem 0xc4000000-0xc7ffffff]
[    0.906462] pci 0000:00:1e.0: PCI bridge to [bus 15-18]
[    0.906545] pci 0000:00:1e.0:   bridge window [io  0x9000-0xcfff]
[    0.906635] pci 0000:00:1e.0:   bridge window [mem 0xe4300000-0xe7ffffff]
[    0.906726] pci 0000:00:1e.0:   bridge window [mem 0xe0000000-0xe3ffffff 64bit pref]
[    0.906826] pci_bus 0000:00: resource 4 [io  0x0000-0x0cf7 window]
[    0.906830] pci_bus 0000:00: resource 5 [io  0x0d00-0xffff window]
[    0.906834] pci_bus 0000:00: resource 6 [mem 0x000a0000-0x000bffff window]
[    0.906839] pci_bus 0000:00: resource 7 [mem 0x000d0000-0x000d3fff window]
[    0.906843] pci_bus 0000:00: resource 8 [mem 0x000d4000-0x000d7fff window]
[    0.906847] pci_bus 0000:00: resource 9 [mem 0x000d8000-0x000dbfff window]
[    0.906851] pci_bus 0000:00: resource 10 [mem 0xc0000000-0xfebfffff window]
[    0.906855] pci_bus 0000:00: resource 11 [mem 0xfed40000-0xfed40fff window]
[    0.906859] pci_bus 0000:02: resource 0 [io  0x2000-0x2fff]
[    0.906863] pci_bus 0000:02: resource 1 [mem 0xee000000-0xee0fffff]
[    0.906868] pci_bus 0000:02: resource 2 [mem 0xc0000000-0xc01fffff 64bit pref]
[    0.906872] pci_bus 0000:03: resource 0 [io  0x3000-0x4fff]
[    0.906876] pci_bus 0000:03: resource 1 [mem 0xec000000-0xedffffff]
[    0.906880] pci_bus 0000:03: resource 2 [mem 0xe4000000-0xe40fffff 64bit pref]
[    0.906884] pci_bus 0000:04: resource 0 [io  0x5000-0x6fff]
[    0.906888] pci_bus 0000:04: resource 1 [mem 0xe8000000-0xe9ffffff]
[    0.906892] pci_bus 0000:04: resource 2 [mem 0xe4100000-0xe41fffff 64bit pref]
[    0.906897] pci_bus 0000:0c: resource 0 [io  0x7000-0x8fff]
[    0.906901] pci_bus 0000:0c: resource 1 [mem 0xea000000-0xebffffff]
[    0.906905] pci_bus 0000:0c: resource 2 [mem 0xe4200000-0xe42fffff 64bit pref]
[    0.906909] pci_bus 0000:15: resource 0 [io  0x9000-0xcfff]
[    0.906913] pci_bus 0000:15: resource 1 [mem 0xe4300000-0xe7ffffff]
[    0.906917] pci_bus 0000:15: resource 2 [mem 0xe0000000-0xe3ffffff 64bit pref]
[    0.906921] pci_bus 0000:15: resource 4 [io  0x0000-0x0cf7 window]
[    0.906925] pci_bus 0000:15: resource 5 [io  0x0d00-0xffff window]
[    0.906930] pci_bus 0000:15: resource 6 [mem 0x000a0000-0x000bffff window]
[    0.906934] pci_bus 0000:15: resource 7 [mem 0x000d0000-0x000d3fff window]
[    0.906938] pci_bus 0000:15: resource 8 [mem 0x000d4000-0x000d7fff window]
[    0.906942] pci_bus 0000:15: resource 9 [mem 0x000d8000-0x000dbfff window]
[    0.906946] pci_bus 0000:15: resource 10 [mem 0xc0000000-0xfebfffff window]
[    0.906950] pci_bus 0000:15: resource 11 [mem 0xfed40000-0xfed40fff window]
[    0.906954] pci_bus 0000:16: resource 0 [io  0x9000-0x90ff]
[    0.906958] pci_bus 0000:16: resource 1 [io  0x9400-0x94ff]
[    0.906962] pci_bus 0000:16: resource 2 [mem 0xe0000000-0xe3ffffff pref]
[    0.906967] pci_bus 0000:16: resource 3 [mem 0xc4000000-0xc7ffffff]
[    0.907450] NET: Registered protocol family 2
[    0.910489] tcp_listen_portaddr_hash hash table entries: 512 (order: 2, 20480 bytes)
[    0.910644] TCP established hash table entries: 8192 (order: 3, 32768 bytes)
[    0.910798] TCP bind hash table entries: 8192 (order: 6, 294912 bytes)
[    0.911385] TCP: Hash tables configured (established 8192 bind 8192)
[    0.911985] UDP hash table entries: 512 (order: 3, 40960 bytes)
[    0.912148] UDP-Lite hash table entries: 512 (order: 3, 40960 bytes)
[    0.912489] NET: Registered protocol family 1
[    0.913291] RPC: Registered named UNIX socket transport module.
[    0.913378] RPC: Registered udp transport module.
[    0.913458] RPC: Registered tcp transport module.
[    0.913538] RPC: Registered tcp NFSv4.1 backchannel transport module.
[    0.914320] pci 0000:00:02.0: Video device with shadowed ROM at [mem 0x000c0000-0x000dffff]
[    0.918580] PCI: CLS mismatch (64 != 32), using 64 bytes
[    0.918746] PCI-DMA: Using software bounce buffering for IO (SWIOTLB)
[    0.918833] software IO TLB: mapped [mem 0x31d02000-0x35d02000] (64MB)
[    0.922023] Initialise system trusted keyrings
[    0.922604] workingset: timestamp_bits=30 max_order=20 bucket_order=0
[    0.925061] Installing knfsd (copyright (C) 1996 okir@monad.swb.de).
[    0.925703] ntfs: driver 2.1.32 [Flags: R/W].
[    0.926217] fuse init (API version 7.28)
[    0.936132] Key type asymmetric registered
[    0.936221] Asymmetric key parser 'x509' registered
[    0.936439] bounce: pool size: 64 pages
[    0.936622] Block layer SCSI generic (bsg) driver version 0.4 loaded (major 249)
[    0.936725] io scheduler noop registered
[    0.936800] io scheduler deadline registered
[    0.936935] io scheduler cfq registered (default)
[    0.937014] io scheduler mq-deadline registered
[    0.937127] io scheduler bfq registered
[    0.939915] intel_idle: does not run on family 6 model 14
[    0.940384] ACPI: Deprecated procfs I/F for AC is loaded, please retry with CONFIG_ACPI_PROCFS_POWER cleared
[    0.940689] ACPI: AC Adapter [AC] (on-line)
[    0.941132] input: Lid Switch as /devices/LNXSYSTM:00/LNXSYBUS:00/PNP0C0D:00/input/input0
[    0.941401] ACPI: Lid Switch [LID]
[    0.941723] input: Sleep Button as /devices/LNXSYSTM:00/LNXSYBUS:00/PNP0C0E:00/input/input1
[    0.941891] ACPI: Sleep Button [SLPB]
[    0.942442] input: Power Button as /devices/LNXSYSTM:00/LNXPWRBN:00/input/input2
[    0.942587] ACPI: Power Button [PWRF]
[    0.943140] ACPI: Video Device [VID] (multi-head: yes  rom: no  post: no)
[    0.950923] acpi device:01: registered as cooling_device0
[    0.951432] input: Video Bus as /devices/LNXSYSTM:00/LNXSYBUS:00/PNP0A08:00/LNXVIDEO:00/input/input3
[    0.968230] thermal LNXTHERM:00: registered as thermal_zone0
[    0.968318] ACPI: Thermal Zone [THM0] (78 C)
[    0.972252] thermal LNXTHERM:01: registered as thermal_zone1
[    0.972340] ACPI: Thermal Zone [THM1] (76 C)
[    0.973244] Serial: 8250/16550 driver, 4 ports, IRQ sharing disabled
[    0.974297] serial8250: ttyS1 at I/O 0x2f8 (irq = 3, base_baud = 921600) is a NS16550A
[    0.977368] lp: driver loaded but no devices found
[    0.977762] Non-volatile memory driver v1.3
[    0.978271] intel_rng: FWH not detected
[    0.978433] Linux agpgart interface v0.103
[    0.979314] [drm] radeon kernel modesetting enabled.
[    0.980681] pci 0000:00:00.0: Intel 945GM Chipset
[    0.980789] pci 0000:00:00.0: detected gtt size: 262144K total, 262144K mappable
[    0.981465] pci 0000:00:00.0: detected 8192K stolen memory
[    0.981728] [drm] Replacing VGA console driver
[    0.984229] Console: switching to colour dummy device 80x25
[    0.985806] [drm] Supports vblank timestamp caching Rev 2 (21.10.2013).
[    0.985844] [drm] Driver supports precise vblank timestamp query.
[    0.985893] resource sanity check: requesting [mem 0x000c0000-0x000dffff], which spans more than pnp 00:00 [mem 0x000c8000-0x000cbfff]
[    0.986141] caller pci_map_rom+0x7e/0x15c mapping multiple BARs
[    0.988078] i915 0000:00:02.0: vgaarb: changed VGA decodes: olddecodes=io+mem,decodes=io+mem:owns=io+mem
[    1.009014] battery: ACPI: Deprecated procfs I/F for battery is loaded, please retry with CONFIG_ACPI_PROCFS_POWER cleared
[    1.009104] battery: ACPI: Battery Slot [BAT0] (battery present)
[    1.042006] random: fast init done
[    1.080393] [drm] RC6 disabled, disabling runtime PM support
[    1.080625] [drm] Initialized overlay support.
[    1.082485] [drm] Initialized i915 1.6.0 20180921 for 0000:00:02.0 on minor 0
[    1.083744] usbcore: registered new interface driver udl
[    1.098508] loop: module loaded
[    1.108680] fbcon: inteldrmfb (fb0) is primary device
[    1.126148] ahci 0000:00:1f.2: version 3.0
[    1.127081] ahci 0000:00:1f.2: AHCI 0001.0100 32 slots 4 ports 1.5 Gbps 0x1 impl SATA mode
[    1.127087] ahci 0000:00:1f.2: flags: 64bit ncq pm led clo pio slum part 
[    1.129728] scsi host0: ahci
[    1.130401] scsi host1: ahci
[    1.130991] scsi host2: ahci
[    1.131515] scsi host3: ahci
[    1.131771] ata1: SATA max UDMA/133 abar m1024@0xee444400 port 0xee444500 irq 16
[    1.131773] ata2: DUMMY
[    1.131775] ata3: DUMMY
[    1.131777] ata4: DUMMY
[    1.131970] ata_piix 0000:00:1f.1: version 2.13
[    1.136055] scsi host4: ata_piix
[    1.136542] scsi host5: ata_piix
[    1.136775] ata5: PATA max UDMA/100 cmd 0x1f0 ctl 0x3f6 bmdma 0x1810 irq 14
[    1.136778] ata6: PATA max UDMA/100 cmd 0x170 ctl 0x376 bmdma 0x1818 irq 15
[    1.138356] tun: Universal TUN/TAP device driver, 1.6
[    1.138652] ata6: port disabled--ignoring
[    1.139597] e1000: Intel(R) PRO/1000 Network Driver - version 7.3.21-k8-NAPI
[    1.139599] e1000: Copyright (c) 1999-2006 Intel Corporation.
[    1.139683] e1000e: Intel(R) PRO/1000 Network Driver - 3.2.6-k
[    1.139685] e1000e: Copyright(c) 1999 - 2015 Intel Corporation.
[    1.139802] e1000e 0000:02:00.0: Disabling ASPM  L1
[    1.140281] e1000e 0000:02:00.0: Interrupt Throttling Rate (ints/sec) set to dynamic conservative mode
[    1.270862] e1000e 0000:02:00.0 eth0: (PCI Express:2.5GT/s:Width x1) 00:16:d3:25:19:04
[    1.270865] e1000e 0000:02:00.0 eth0: Intel(R) PRO/1000 Network Connection
[    1.270944] e1000e 0000:02:00.0 eth0: MAC: 2, PHY: 2, PBA No: 005302-003
[    1.271260] PPP generic driver version 2.4.2
[    1.271623] PPP BSD Compression module registered
[    1.271626] PPP Deflate Compression module registered
[    1.271629] SLIP: version 0.8.4-NET3.019-NEWTTY (dynamic channels, max=256).
[    1.271631] CSLIP: code copyright 1989 Regents of the University of California.
[    1.271725] iwl3945: Intel(R) PRO/Wireless 3945ABG/BG Network Connection driver for Linux, in-tree:ds
[    1.271726] iwl3945: Copyright(c) 2003-2011 Intel Corporation
[    1.271728] iwl3945: hw_scan is disabled
[    1.326963] iwl3945 0000:03:00.0: Tunable channels: 11 802.11bg, 13 802.11a channels
[    1.326966] iwl3945 0000:03:00.0: Detected Intel Wireless WiFi Link 3945ABG
[    1.327982] ieee80211 phy0: Selected rate control algorithm 'iwl-3945-rs'
[    1.329043] Intel(R) Wireless WiFi driver for Linux
[    1.329044] Copyright(c) 2003- 2015 Intel Corporation
[    1.329284] usbcore: registered new interface driver ax88179_178a
[    1.329337] usbcore: registered new interface driver cdc_ether
[    1.329389] usbcore: registered new interface driver net1080
[    1.329446] usbcore: registered new interface driver cdc_subset
[    1.329497] usbcore: registered new interface driver zaurus
[    1.329563] usbcore: registered new interface driver cdc_ncm
[    1.329664] pci 0000:00:1e.0: enabling device (0005 -> 0007)
[    1.329901] yenta_cardbus 0000:15:00.0: CardBus bridge found [17aa:201c]
[    1.447010] ata1: SATA link up 1.5 Gbps (SStatus 113 SControl 300)
[    1.490221] ata1.00: ACPI cmd ef/02:00:00:00:00:a0 (SET FEATURES) succeeded
[    1.490225] ata1.00: ACPI cmd f5/00:00:00:00:00:a0 (SECURITY FREEZE LOCK) filtered out
[    1.490229] ata1.00: ACPI cmd ef/10:03:00:00:00:a0 (SET FEATURES) filtered out
[    1.534259] ata1.00: ATA-9: ST1000LM014-1EJ164, SM11, max UDMA/133
[    1.534263] ata1.00: 1953525168 sectors, multi 16: LBA48 NCQ (depth 32), AA
[    1.578901] ata1.00: ACPI cmd ef/02:00:00:00:00:a0 (SET FEATURES) succeeded
[    1.578905] ata1.00: ACPI cmd f5/00:00:00:00:00:a0 (SECURITY FREEZE LOCK) filtered out
[    1.578909] ata1.00: ACPI cmd ef/10:03:00:00:00:a0 (SET FEATURES) filtered out
[    1.623013] ata1.00: configured for UDMA/133
[    1.789082] Console: switching to colour frame buffer device 102x42
[    1.910807] i915 0000:00:02.0: fb0: inteldrmfb frame buffer device
[    1.914251] scsi 0:0:0:0: Direct-Access     ATA      ST1000LM014-1EJ1 SM11 PQ: 0 ANSI: 5
[    1.918114] sd 0:0:0:0: [sda] 1953525168 512-byte logical blocks: (1.00 TB/932 GiB)
[    1.918156] sd 0:0:0:0: Attached scsi generic sg0 type 0
[    1.920697] sd 0:0:0:0: [sda] 4096-byte physical blocks
[    1.925806] sd 0:0:0:0: [sda] Write Protect is off
[    1.928276] sd 0:0:0:0: [sda] Mode Sense: 00 3a 00 00
[    1.928463] sd 0:0:0:0: [sda] Write cache: enabled, read cache: enabled, doesn't support DPO or FUA
[    1.943125]  sda: sda1 sda2 sda3 sda4
[    1.947835] sd 0:0:0:0: [sda] Attached SCSI disk
[    2.086829] yenta_cardbus 0000:15:00.0: ISA IRQ mask 0x0cb8, PCI irq 16
[    2.089420] yenta_cardbus 0000:15:00.0: Socket status: 30000006
[    2.092005] yenta_cardbus 0000:15:00.0: pcmcia: parent PCI bridge window: [io  0x9000-0xcfff]
[    2.094600] yenta_cardbus 0000:15:00.0: pcmcia: parent PCI bridge window: [mem 0xe4300000-0xe7ffffff]
[    2.097106] pcmcia_socket pcmcia_socket0: cs: memory probe 0xe4300000-0xe7ffffff:
[    2.099609]  excluding 0xe4300000-0xe46cffff
[    2.102151] yenta_cardbus 0000:15:00.0: pcmcia: parent PCI bridge window: [mem 0xe0000000-0xe3ffffff 64bit pref]
[    2.104769] pcmcia_socket pcmcia_socket0: cs: memory probe 0xe0000000-0xe3ffffff:
[    2.107474]  excluding 0xe0000000-0xe3ffffff
[    2.111205] ehci_hcd: USB 2.0 'Enhanced' Host Controller (EHCI) Driver
[    2.113853] ehci-pci: EHCI PCI platform driver
[    2.117012] ehci-pci 0000:00:1d.7: EHCI Host Controller
[    2.120032] ehci-pci 0000:00:1d.7: new USB bus registered, assigned bus number 1
[    2.122870] ehci-pci 0000:00:1d.7: debug port 1
[    2.130602] ehci-pci 0000:00:1d.7: cache line size of 64 is not supported
[    2.130655] ehci-pci 0000:00:1d.7: irq 19, io mem 0xee444000
[    2.146045] ehci-pci 0000:00:1d.7: USB 2.0 started, EHCI 1.00
[    2.149537] usb usb1: New USB device found, idVendor=1d6b, idProduct=0002, bcdDevice= 4.19
[    2.152494] usb usb1: New USB device strings: Mfr=3, Product=2, SerialNumber=1
[    2.155400] usb usb1: Product: EHCI Host Controller
[    2.158259] usb usb1: Manufacturer: Linux 4.19.0-next-20181030autobisect1539371050 ehci_hcd
[    2.161171] usb usb1: SerialNumber: 0000:00:1d.7
[    2.164856] hub 1-0:1.0: USB hub found
[    2.167814] hub 1-0:1.0: 8 ports detected
[    2.172758] ohci_hcd: USB 1.1 'Open' Host Controller (OHCI) Driver
[    2.175580] ohci-pci: OHCI PCI platform driver
[    2.178439] uhci_hcd: USB Universal Host Controller Interface driver
[    2.181828] uhci_hcd 0000:00:1d.0: UHCI Host Controller
[    2.184914] uhci_hcd 0000:00:1d.0: new USB bus registered, assigned bus number 2
[    2.187772] uhci_hcd 0000:00:1d.0: detected 2 ports
[    2.190546] uhci_hcd 0000:00:1d.0: irq 16, io base 0x00001820
[    2.193738] usb usb2: New USB device found, idVendor=1d6b, idProduct=0001, bcdDevice= 4.19
[    2.197998] usb usb2: New USB device strings: Mfr=3, Product=2, SerialNumber=1
[    2.200768] usb usb2: Product: UHCI Host Controller
[    2.203546] usb usb2: Manufacturer: Linux 4.19.0-next-20181030autobisect1539371050 uhci_hcd
[    2.206381] usb usb2: SerialNumber: 0000:00:1d.0
[    2.209766] hub 2-0:1.0: USB hub found
[    2.212597] hub 2-0:1.0: 2 ports detected
[    2.216443] uhci_hcd 0000:00:1d.1: UHCI Host Controller
[    2.219459] uhci_hcd 0000:00:1d.1: new USB bus registered, assigned bus number 3
[    2.222206] uhci_hcd 0000:00:1d.1: detected 2 ports
[    2.224914] uhci_hcd 0000:00:1d.1: irq 17, io base 0x00001840
[    2.228029] usb usb3: New USB device found, idVendor=1d6b, idProduct=0001, bcdDevice= 4.19
[    2.231704] usb usb3: New USB device strings: Mfr=3, Product=2, SerialNumber=1
[    2.234315] usb usb3: Product: UHCI Host Controller
[    2.236814] usb usb3: Manufacturer: Linux 4.19.0-next-20181030autobisect1539371050 uhci_hcd
[    2.239390] usb usb3: SerialNumber: 0000:00:1d.1
[    2.242615] hub 3-0:1.0: USB hub found
[    2.245169] hub 3-0:1.0: 2 ports detected
[    2.248891] uhci_hcd 0000:00:1d.2: UHCI Host Controller
[    2.251654] uhci_hcd 0000:00:1d.2: new USB bus registered, assigned bus number 4
[    2.254186] uhci_hcd 0000:00:1d.2: detected 2 ports
[    2.256718] uhci_hcd 0000:00:1d.2: irq 18, io base 0x00001860
[    2.259695] usb usb4: New USB device found, idVendor=1d6b, idProduct=0001, bcdDevice= 4.19
[    2.263183] usb usb4: New USB device strings: Mfr=3, Product=2, SerialNumber=1
[    2.265699] usb usb4: Product: UHCI Host Controller
[    2.268182] usb usb4: Manufacturer: Linux 4.19.0-next-20181030autobisect1539371050 uhci_hcd
[    2.270736] usb usb4: SerialNumber: 0000:00:1d.2
[    2.273918] hub 4-0:1.0: USB hub found
[    2.276494] hub 4-0:1.0: 2 ports detected
[    2.280189] uhci_hcd 0000:00:1d.3: UHCI Host Controller
[    2.282964] uhci_hcd 0000:00:1d.3: new USB bus registered, assigned bus number 5
[    2.285478] uhci_hcd 0000:00:1d.3: detected 2 ports
[    2.287993] uhci_hcd 0000:00:1d.3: irq 19, io base 0x00001880
[    2.290913] usb usb5: New USB device found, idVendor=1d6b, idProduct=0001, bcdDevice= 4.19
[    2.294376] usb usb5: New USB device strings: Mfr=3, Product=2, SerialNumber=1
[    2.296877] usb usb5: Product: UHCI Host Controller
[    2.299384] usb usb5: Manufacturer: Linux 4.19.0-next-20181030autobisect1539371050 uhci_hcd
[    2.301949] usb usb5: SerialNumber: 0000:00:1d.3
[    2.305115] hub 5-0:1.0: USB hub found
[    2.307691] hub 5-0:1.0: 2 ports detected
[    2.311147] usbcore: registered new interface driver cdc_acm
[    2.313522] cdc_acm: USB Abstract Control Model driver for USB modems and ISDN adapters
[    2.316078] usbcore: registered new interface driver usblp
[    2.318710] usbcore: registered new interface driver usb-storage
[    2.321221] usbcore: registered new interface driver ums-sddr09
[    2.323826] usbcore: registered new interface driver usbserial_generic
[    2.326309] usbserial: USB Serial support registered for generic
[    2.328785] usbcore: registered new interface driver ch341
[    2.331216] usbserial: USB Serial support registered for ch341-uart
[    2.333666] usbcore: registered new interface driver ftdi_sio
[    2.336094] usbserial: USB Serial support registered for FTDI USB Serial Device
[    2.338646] usbcore: registered new interface driver option
[    2.341051] usbserial: USB Serial support registered for GSM modem (1-port)
[    2.343740] usbcore: registered new interface driver pl2303
[    2.346251] usbserial: USB Serial support registered for pl2303
[    2.349092] usbcore: registered new interface driver ti_usb_3410_5052
[    2.351649] usbserial: USB Serial support registered for TI USB 3410 1 port adapter
[    2.354251] usbserial: USB Serial support registered for TI USB 5052 2 port adapter
[    2.356757] ftdi_elan: driver ftdi-elan
[    2.359255] usbcore: registered new interface driver ftdi-elan
[    2.361957] i8042: PNP: PS/2 Controller [PNP0303:KBD,PNP0f13:MOU] at 0x60,0x64 irq 1,12
[    2.377774] serio: i8042 KBD port at 0x60,0x64 irq 1
[    2.380342] serio: i8042 AUX port at 0x60,0x64 irq 12
[    2.383756] mousedev: PS/2 mouse device common for all mice
[    2.387495] input: PC Speaker as /devices/platform/pcspkr/input/input4
[    2.390762] rtc_cmos 00:02: RTC can wake from S4
[    2.393730] rtc_cmos 00:02: registered as rtc0
[    2.396365] rtc_cmos 00:02: alarms up to one month, y3k, 114 bytes nvram, hpet irqs
[    2.399131] usbcore: registered new interface driver uvcvideo
[    2.401652] USB Video Class driver (1.1.1)
[    2.404118] gspca_main: v2.14.0 registered
[    2.406628] usbcore: registered new interface driver sq930x
[    2.410546] device-mapper: ioctl: 4.39.0-ioctl (2018-04-03) initialised: dm-devel@redhat.com
[    2.413058] Bluetooth: HCI UART driver ver 2.3
[    2.415548] Bluetooth: HCI UART protocol H4 registered
[    2.418020] Bluetooth: HCI UART protocol BCSP registered
[    2.420616] usbcore: registered new interface driver btusb
[    2.423244] sdhci: Secure Digital Host Controller Interface driver
[    2.425686] sdhci: Copyright(c) Pierre Ossman
[    2.428134] sdhci-pci 0000:15:00.2: SDHCI controller found [1180:0822] (rev 18)
[    2.431013] sdhci-pci 0000:15:00.2: Will use DMA mode even though HW doesn't fully claim to support it.
[    2.434458] mmc0 bounce up to 128 segments into one, max segment size 65536 bytes
[    2.437150] sdhci-pci 0000:15:00.2: Will use DMA mode even though HW doesn't fully claim to support it.
[    2.440442] mmc0: SDHCI controller on PCI [0000:15:00.2] using DMA
[    2.443465] hidraw: raw HID events driver (C) Jiri Kosina
[    2.447864] usbcore: registered new interface driver usbhid
[    2.450708] usbhid: USB HID core driver
[    2.453639] sdhci-pci 0000:15:00.2: Will use DMA mode even though HW doesn't fully claim to support it.
[    2.454240] thinkpad_acpi: ThinkPad ACPI Extras v0.26
[    2.459330] thinkpad_acpi: http://ibm-acpi.sf.net/
[    2.459556] input: AT Translated Set 2 keyboard as /devices/platform/i8042/serio0/input/input5
[    2.462084] thinkpad_acpi: ThinkPad BIOS 7BETD8WW (2.19 ), EC 7BHT40WW-1.13
[    2.462086] thinkpad_acpi: Lenovo ThinkPad X60, model 17097HU
[    2.468802] thinkpad_acpi: ACPI backlight control delay disabled
[    2.475093] thinkpad_acpi: radio switch found; radios are enabled
[    2.478002] thinkpad_acpi: This ThinkPad has standard ACPI backlight brightness control, supported by the ACPI video driver
[    2.483814] thinkpad_acpi: Disabling thinkpad-acpi brightness events by default...
[    2.498144] thinkpad_acpi: rfkill switch tpacpi_bluetooth_sw: radio is unblocked
[    2.504575] thinkpad_acpi: warning: userspace override of important firmware LEDs is enabled
[    2.512603] thinkpad_acpi: Standard ACPI backlight interface available, not loading native one
[    2.515773] thinkpad_acpi: volume: disabled as there is no ALSA support in this kernel
[    2.519503] thinkpad_acpi: battery 1 registered (start 0, stop 0)
[    2.519518] battery: new extension: ThinkPad Battery Extension
[    2.526099] input: ThinkPad Extra Buttons as /devices/platform/thinkpad_acpi/input/input6
[    2.529530] gnss: GNSS driver registered with major 245
[    2.535798] snd_hda_intel 0000:00:1b.0: probe_mask set to 0x1 for device 17aa:2010
[    2.539301] usbcore: registered new interface driver snd-usb-audio
[    2.545570] NET: Registered protocol family 17
[    2.549079] Bluetooth: RFCOMM TTY layer initialized
[    2.552208] Bluetooth: RFCOMM socket layer initialized
[    2.555356] Bluetooth: RFCOMM ver 1.11
[    2.558467] Bluetooth: BNEP (Ethernet Emulation) ver 1.3
[    2.561546] Bluetooth: BNEP filters: protocol multicast
[    2.564615] Bluetooth: BNEP socket layer initialized
[    2.567646] Bluetooth: HIDP (Human Interface Emulation) ver 1.2
[    2.570672] Bluetooth: HIDP socket layer initialized
[    2.574011] microcode: sig=0x6e8, pf=0x20, revision=0x39
[    2.577179] microcode: Microcode Update Driver: v2.2.
[    2.577184] Using IPI No-Shortcut mode
[    2.583832] Loading compiled-in X.509 certificates
[    2.588401] Key type encrypted registered
[    2.592699] rtc_cmos 00:02: setting system clock to 2018-10-30 12:50:12 UTC (1540903812)
[    2.597302] snd_hda_codec_analog hdaudioC0D0: autoconfig for AD1981: line_outs=1 (0x5/0x0/0x0/0x0/0x0) type:speaker
[    2.603322] snd_hda_codec_analog hdaudioC0D0:    speaker_outs=0 (0x0/0x0/0x0/0x0/0x0)
[    2.606265] snd_hda_codec_analog hdaudioC0D0:    hp_outs=0 (0x0/0x0/0x0/0x0/0x0)
[    2.607635] cfg80211: Loading compiled-in X.509 certificates for regulatory database
[    2.609132] snd_hda_codec_analog hdaudioC0D0:    mono: mono_out=0x0
[    2.614763] cfg80211: Loaded X.509 cert 'sforshee: 00b28ddf47aef9cea7'
[    2.614885] snd_hda_codec_analog hdaudioC0D0:    inputs:
[    2.618283] platform regulatory.0: Direct firmware load for regulatory.db failed with error -2
[    2.620667] snd_hda_codec_analog hdaudioC0D0:      Mic=0x8
[    2.623620] cfg80211: failed to load regulatory.db
[    2.626453] snd_hda_codec_analog hdaudioC0D0:      CD=0x19
[    2.632527] PM: Image not found (code -22)
[    2.632564] ALSA device list:
[    2.635303]   No soundcards found.
[    2.773992] usb 2-2: new full-speed USB device number 2 using uhci_hcd
[    2.974698] usb 2-2: New USB device found, idVendor=0a12, idProduct=0001, bcdDevice=88.91
[    2.979584] usb 2-2: New USB device strings: Mfr=0, Product=2, SerialNumber=0
[    2.984407] usb 2-2: Product: CSR8510 A10
[    3.129418] psmouse serio1: trackpoint: IBM TrackPoint firmware: 0x0e, buttons: 3/3
[    3.153657] input: TPPS/2 IBM TrackPoint as /devices/platform/i8042/serio1/input/input8
[    3.164002] md: Waiting for all devices to be available before autodetect
[    3.167647] md: If you don't use raid, use raid=noautodetect
[    3.172340] md: Autodetecting RAID arrays.
[    3.175843] md: autorun ...
[    3.180435] md: ... autorun DONE.
[    3.199374] EXT4-fs (sda4): mounted filesystem with ordered data mode. Opts: (null)
[    3.203208] VFS: Mounted root (ext4 filesystem) readonly on device 8:4.
[    3.207568] devtmpfs: mounted
[    3.211014] Freeing unused kernel image memory: 632K
[    3.226110] Write protecting kernel text and read-only data: 14780k
[    3.229859] NX-protecting the kernel data: 6352k
[    3.234388] x86/mm: Checked W+X mappings: passed, no W+X pages found.
[    3.238216] rodata_test: all tests were successful
[    3.242301] x86/mm: Checking user space page tables
[    3.246213] x86/mm: Checked W+X mappings: passed, no W+X pages found.
[    3.249157] Run /sbin/init as init process
[    3.610004] usb 5-1: new full-speed USB device number 2 using uhci_hcd
[    3.803090] usb 5-1: New USB device found, idVendor=0a5c, idProduct=2110, bcdDevice= 1.00
[    3.808111] usb 5-1: New USB device strings: Mfr=1, Product=2, SerialNumber=0
[    3.813085] usb 5-1: Product: BCM2045B
[    3.817938] usb 5-1: Manufacturer: Broadcom Corp
[    4.055358] random: systemd: uninitialized urandom read (16 bytes read)
[    4.061231] systemd[1]: systemd 215 running in system mode. (+PAM +AUDIT +SELINUX +IMA +SYSVINIT +LIBCRYPTSETUP +GCRYPT +ACL +XZ -SECCOMP -APPARMOR)
[    4.086318] systemd[1]: Detected architecture 'x86'.
[    4.350478] systemd[1]: Failed to insert module 'ipv6'
[    4.620803] systemd[1]: Set hostname to <amd>.
[    4.666158] usb 5-2: new full-speed USB device number 3 using uhci_hcd
[    4.828251] random: systemd-sysv-ge: uninitialized urandom read (16 bytes read)
[    5.080075] usb 5-2: New USB device found, idVendor=0483, idProduct=2016, bcdDevice= 0.01
[    5.085070] usb 5-2: New USB device strings: Mfr=1, Product=2, SerialNumber=0
[    5.089989] usb 5-2: Product: Biometric Coprocessor
[    5.094749] usb 5-2: Manufacturer: STMicroelectronics
[    5.560907] random: systemd-sysv-ge: uninitialized urandom read (16 bytes read)
[    5.600943] random: systemd: uninitialized urandom read (16 bytes read)
[    5.605810] random: systemd: uninitialized urandom read (16 bytes read)
[    6.089770] systemd[1]: Binding to IPv6 address not available since kernel does not support IPv6.
[    6.094623] systemd[1]: [/lib/systemd/system/gpsd.socket:6] Failed to parse address value, ignoring: [::1]:2947
[    6.120102] systemd[1]: Starting Forward Password Requests to Wall Directory Watch.
[    6.125965] systemd[1]: Started Forward Password Requests to Wall Directory Watch.
[    6.128779] systemd[1]: Starting Remote File Systems (Pre).
[    6.137422] systemd[1]: Reached target Remote File Systems (Pre).
[    7.408826] random: crng init done
[    7.412490] random: 5 urandom warning(s) missed due to ratelimiting
[    7.543895] systemd-udevd[2379]: starting version 215
[    9.634579] EXT4-fs (sda4): re-mounted. Opts: errors=remount-ro
[    9.868107] e1000e 0000:02:00.0 eth1: renamed from eth0
[    9.890754] systemd-udevd[2441]: renamed network interface eth0 to eth1
[   12.145636] Adding 2097148k swap on /dev/sda1.  Priority:-2 extents:1 across:2097148k 
[   12.532015] EXT4-fs (sda2): mounted filesystem with ordered data mode. Opts: errors=remount-ro
[   12.719862] systemd-journald[1895]: Received request to flush runtime journal from PID 1
[   26.315255] iwl3945 0000:03:00.0: loaded firmware version 15.32.2.9
[   29.398956] wlan0: authenticate with 00:00:00:00:00:01
[   29.400965] wlan0: send auth to 00:00:00:00:00:01 (try 1/3)
[   29.402826] wlan0: authenticated
[   29.406141] wlan0: associate with 00:00:00:00:00:01 (try 1/3)
[   29.408965] wlan0: RX AssocResp from 00:00:00:00:00:01 (capab=0x401 status=0 aid=1)
[   29.411089] wlan0: associated
