[    0.000000] Linux version 4.19.0-rc1+ (pavel@duo) (gcc version 4.9.2 (Debian 4.9.2-10+deb8u1)) #551 SMP Mon Sep 10 08:49:36 CEST 2018
[    0.000000] Disabled fast string operations
[    0.000000] x86/fpu: x87 FPU will use FXSAVE
[    0.000000] BIOS-provided physical RAM map:
[    0.000000] BIOS-e820: [mem 0x0000000000000000-0x000000000009efff] usable
[    0.000000] BIOS-e820: [mem 0x000000000009f000-0x000000000009ffff] reserved
[    0.000000] BIOS-e820: [mem 0x00000000000dc000-0x00000000000fffff] reserved
[    0.000000] BIOS-e820: [mem 0x0000000000100000-0x00000000bf6cffff] usable
[    0.000000] BIOS-e820: [mem 0x00000000bf6d0000-0x00000000bf6defff] ACPI data
[    0.000000] BIOS-e820: [mem 0x00000000bf6df000-0x00000000bf6fffff] ACPI NVS
[    0.000000] BIOS-e820: [mem 0x00000000bf700000-0x00000000bfffffff] reserved
[    0.000000] BIOS-e820: [mem 0x00000000f0000000-0x00000000f3ffffff] reserved
[    0.000000] BIOS-e820: [mem 0x00000000fec00000-0x00000000fec0ffff] reserved
[    0.000000] BIOS-e820: [mem 0x00000000fed00000-0x00000000fed003ff] reserved
[    0.000000] BIOS-e820: [mem 0x00000000fed14000-0x00000000fed19fff] reserved
[    0.000000] BIOS-e820: [mem 0x00000000fed1c000-0x00000000fed8ffff] reserved
[    0.000000] BIOS-e820: [mem 0x00000000fee00000-0x00000000fee00fff] reserved
[    0.000000] BIOS-e820: [mem 0x00000000ff800000-0x00000000ffffffff] reserved
[    0.000000] NX (Execute Disable) protection: active
[    0.000000] SMBIOS 2.4 present.
[    0.000000] DMI: LENOVO 17097HU/17097HU, BIOS 7BETD8WW (2.19 ) 03/31/2011
[    0.000000] tsc: Fast TSC calibration using PIT
[    0.000000] tsc: Detected 1828.710 MHz processor
[    0.013815] e820: update [mem 0x00000000-0x00000fff] usable ==> reserved
[    0.013819] e820: remove [mem 0x000a0000-0x000fffff] usable
[    0.013830] last_pfn = 0xbf6d0 max_arch_pfn = 0x1000000
[    0.013841] MTRR default type: uncachable
[    0.013843] MTRR fixed ranges enabled:
[    0.013845]   00000-9FFFF write-back
[    0.013846]   A0000-BFFFF uncachable
[    0.013848]   C0000-CFFFF write-protect
[    0.013849]   D0000-DBFFF uncachable
[    0.013850]   DC000-DFFFF write-back
[    0.013852]   E0000-FFFFF write-protect
[    0.013853] MTRR variable ranges enabled:
[    0.013855]   0 base 000000000 mask F80000000 write-back
[    0.013857]   1 base 080000000 mask FC0000000 write-back
[    0.013859]   2 base 0BF700000 mask FFFF00000 uncachable
[    0.013860]   3 base 0BF800000 mask FFF800000 uncachable
[    0.013862]   4 disabled
[    0.013863]   5 disabled
[    0.013864]   6 disabled
[    0.013865]   7 disabled
[    0.014933] x86/PAT: PAT not supported by CPU.
[    0.015094] x86/PAT: Configuration [0-7]: WB  WT  UC- UC  WB  WT  UC- UC  
[    0.015116] initial memory mapped: [mem 0x00000000-0x055fffff]
[    0.015122] Base memory trampoline at [(ptrval)] 9b000 size 16384
[    0.015190] BRK [0x05155000, 0x05155fff] PGTABLE
[    0.015207] BRK [0x05156000, 0x05156fff] PGTABLE
[    0.015216] ACPI: Early table checksum verification disabled
[    0.015396] ACPI: RSDP 0x00000000000F67C0 000024 (v02 LENOVO)
[    0.015402] ACPI: XSDT 0x00000000BF6D191C 000084 (v01 LENOVO TP-7B    00002190  LTP 00000000)
[    0.015412] ACPI: FACP 0x00000000BF6D1A00 0000F4 (v03 LENOVO TP-7B    00002190 LNVO 00000001)
[    0.015421] ACPI BIOS Warning (bug): 32/64X length mismatch in FADT/Gpe0Block: 64/32 (20180810/tbfadt-569)
[    0.015426] ACPI BIOS Warning (bug): Optional FADT field Gpe1Block has valid Address but zero Length: 0x000000000000102C/0x0 (20180810/tbfadt-624)
[    0.015434] ACPI: DSDT 0x00000000BF6D1D90 00CFB9 (v01 LENOVO TP-7B    00002190 MSFT 0100000E)
[    0.015440] ACPI: FACS 0x00000000BF6F4000 000040
[    0.015445] ACPI: FACS 0x00000000BF6F4000 000040
[    0.015450] ACPI: SSDT 0x00000000BF6D1BB4 0001DC (v01 LENOVO TP-7B    00002190 MSFT 0100000E)
[    0.015456] ACPI: ECDT 0x00000000BF6DED49 000052 (v01 LENOVO TP-7B    00002190 LNVO 00000001)
[    0.015462] ACPI: TCPA 0x00000000BF6DED9B 000032 (v02 LENOVO TP-7B    00002190 LNVO 00000001)
[    0.015469] ACPI: APIC 0x00000000BF6DEDCD 000068 (v01 LENOVO TP-7B    00002190 LNVO 00000001)
[    0.015475] ACPI: MCFG 0x00000000BF6DEE35 00003C (v01 LENOVO TP-7B    00002190 LNVO 00000001)
[    0.015481] ACPI: HPET 0x00000000BF6DEE71 000038 (v01 LENOVO TP-7B    00002190 LNVO 00000001)
[    0.015487] ACPI: BOOT 0x00000000BF6DEFD8 000028 (v01 LENOVO TP-7B    00002190  LTP 00000001)
[    0.015493] ACPI: SSDT 0x00000000BF6F2645 00025F (v01 LENOVO TP-7B    00002190 INTL 20050513)
[    0.015500] ACPI: SSDT 0x00000000BF6F28A4 0000A6 (v01 LENOVO TP-7B    00002190 INTL 20050513)
[    0.015507] ACPI: SSDT 0x00000000BF6F294A 0004F7 (v01 LENOVO TP-7B    00002190 INTL 20050513)
[    0.015513] ACPI: SSDT 0x00000000BF6F2E41 0001D8 (v01 LENOVO TP-7B    00002190 INTL 20050513)
[    0.015531] ACPI: Local APIC address 0xfee00000
[    0.015536] 2176MB HIGHMEM available.
[    0.015538] 885MB LOWMEM available.
[    0.015539]   mapped low ram: 0 - 375fe000
[    0.015541]   low ram: 0 - 375fe000
[    0.015549] BRK [0x05157000, 0x05157fff] PGTABLE
[    0.015553] Zone ranges:
[    0.015555]   DMA      [mem 0x0000000000001000-0x0000000000ffffff]
[    0.015557]   Normal   [mem 0x0000000001000000-0x00000000375fdfff]
[    0.015560]   HighMem  [mem 0x00000000375fe000-0x00000000bf6cffff]
[    0.015562] Movable zone start for each node
[    0.015563] Early memory node ranges
[    0.015565]   node   0: [mem 0x0000000000001000-0x000000000009efff]
[    0.015567]   node   0: [mem 0x0000000000100000-0x00000000bf6cffff]
[    0.015569] Initmem setup node 0 [mem 0x0000000000001000-0x00000000bf6cffff]
[    0.015572] On node 0 totalpages: 783982
[    0.026980]   DMA zone: 32 pages used for memmap
[    0.026982]   DMA zone: 0 pages reserved
[    0.026984]   DMA zone: 3998 pages, LIFO batch:0
[    0.027092]   Normal zone: 1740 pages used for memmap
[    0.027093]   Normal zone: 222718 pages, LIFO batch:63
[    0.032665]   HighMem zone: 557266 pages, LIFO batch:63
[    0.046664] Using APIC driver default
[    0.046678] Reserving Intel graphics memory at [mem 0xbf800000-0xbfffffff]
[    0.047160] ACPI: PM-Timer IO Port: 0x1008
[    0.047163] ACPI: Local APIC address 0xfee00000
[    0.047174] ACPI: LAPIC_NMI (acpi_id[0x00] high edge lint[0x1])
[    0.047176] ACPI: LAPIC_NMI (acpi_id[0x01] high edge lint[0x1])
[    0.047189] IOAPIC[0]: apic_id 1, version 32, address 0xfec00000, GSI 0-23
[    0.047193] ACPI: INT_SRC_OVR (bus 0 bus_irq 0 global_irq 2 dfl dfl)
[    0.047198] ACPI: INT_SRC_OVR (bus 0 bus_irq 9 global_irq 9 high level)
[    0.047200] ACPI: IRQ0 used by override.
[    0.047203] ACPI: IRQ9 used by override.
[    0.047207] Using ACPI (MADT) for SMP configuration information
[    0.047210] ACPI: HPET id: 0x8086a201 base: 0xfed00000
[    0.047219] smpboot: Allowing 2 CPUs, 0 hotplug CPUs
[    0.047252] PM: Registered nosave memory: [mem 0x00000000-0x00000fff]
[    0.047255] PM: Registered nosave memory: [mem 0x0009f000-0x0009ffff]
[    0.047256] PM: Registered nosave memory: [mem 0x000a0000-0x000dbfff]
[    0.047258] PM: Registered nosave memory: [mem 0x000dc000-0x000fffff]
[    0.047262] [mem 0xc0000000-0xefffffff] available for PCI devices
[    0.047267] clocksource: refined-jiffies: mask: 0xffffffff max_cycles: 0xffffffff, max_idle_ns: 7645519600211568 ns
[    0.047285] random: get_random_bytes called from start_kernel+0x6f/0x33d with crng_init=0
[    0.047296] setup_percpu: NR_CPUS:8 nr_cpumask_bits:8 nr_cpu_ids:2 nr_node_ids:1
[    0.047494] percpu: Embedded 28 pages/cpu @(ptrval) s83980 r0 d30708 u114688
[    0.047505] pcpu-alloc: s83980 r0 d30708 u114688 alloc=28*4096
[    0.047507] pcpu-alloc: [0] 0 [0] 1 
[    0.047535] Built 1 zonelists, mobility grouping on.  Total pages: 782210
[    0.047539] Kernel command line: BOOT_IMAGE=(hd0,2)/fast/l/linux/arch/x86/boot/bzImage root=/dev/sda4 resume=/dev/sda1
[    0.047955] Dentry cache hash table entries: 131072 (order: 7, 524288 bytes)
[    0.048071] Inode-cache hash table entries: 65536 (order: 6, 262144 bytes)
[    0.048094] Initializing CPU#0
[    0.048105] Initializing HighMem for node 0 (000375fe:000bf6d0)
[    0.246338] Initializing Movable for node 0 (00000000:00000000)
[    0.253406] Memory: 3092568K/3135928K available (11864K kernel code, 572K rwdata, 3860K rodata, 580K init, 500K bss, 43360K reserved, 0K cma-reserved, 2229064K highmem)
[    0.253414] virtual kernel memory layout:
    fixmap  : 0xfff18000 - 0xfffff000   ( 924 kB)
  cpu_entry : 0xffa00000 - 0xffb39000   (1252 kB)
    pkmap   : 0xff600000 - 0xff800000   (2048 kB)
    vmalloc : 0xf7dfe000 - 0xff5fe000   ( 120 MB)
    lowmem  : 0xc0000000 - 0xf75fe000   ( 885 MB)
      .init : 0xc500f000 - 0xc50a0000   ( 580 kB)
      .data : 0xc4b96150 - 0xc4ff1340   (4460 kB)
      .text : 0xc4000000 - 0xc4b96150   (11864 kB)
[    0.253417] Checking if this processor honours the WP bit even in supervisor mode...Ok.
[    0.253552] Kernel/User page tables isolation: enabled
[    0.253690] rcu: Hierarchical RCU implementation.
[    0.253693] rcu: 	RCU restricting CPUs from NR_CPUS=8 to nr_cpu_ids=2.
[    0.253695] rcu: Adjusting geometry for rcu_fanout_leaf=16, nr_cpu_ids=2
[    0.253714] NR_IRQS: 2304, nr_irqs: 56, preallocated irqs: 16
[    0.253852] CPU 0 irqstacks, hard=(ptrval) soft=(ptrval)
[    0.255792] Console: colour VGA+ 80x25
[    0.260024] console [tty0] enabled
[    0.260070] ACPI: Core revision 20180810
[    0.260444] clocksource: hpet: mask: 0xffffffff max_cycles: 0xffffffff, max_idle_ns: 133484882848 ns
[    0.260518] hpet clockevent registered
[    0.260527] APIC: Switch to symmetric I/O mode setup
[    0.260568] Enabling APIC mode:  Flat.  Using 1 I/O APICs
[    0.261012] ..TIMER: vector=0x30 apic1=0 pin1=2 apic2=-1 pin2=-1
[    0.280525] clocksource: tsc-early: mask: 0xffffffffffffffff max_cycles: 0x1a5c1ae7c7f, max_idle_ns: 440795294532 ns
[    0.280593] Calibrating delay loop (skipped), value calculated using timer frequency.. 72376.89 BogoMIPS (lpj=144753793)
[    0.280660] pid_max: default: 32768 minimum: 301
[    0.280810] Mount-cache hash table entries: 2048 (order: 1, 8192 bytes)
[    0.280877] Mountpoint-cache hash table entries: 2048 (order: 1, 8192 bytes)
[    0.281207] Disabled fast string operations
[    0.281276] process: using mwait in idle threads
[    0.281340] Last level iTLB entries: 4KB 128, 2MB 0, 4MB 2
[    0.281399] Last level dTLB entries: 4KB 128, 2MB 0, 4MB 8, 1GB 0
[    0.281460] Spectre V2 : Mitigation: Full generic retpoline
[    0.281519] Spectre V2 : Spectre v2 / SpectreRSB mitigation: Filling RSB on context switch
[    0.281582] L1TF: System has more than MAX_PA/2 memory. L1TF mitigation not effective.
[    0.281644] L1TF: You may make it effective by booting the kernel with mem=2147483648 parameter.
[    0.281719] L1TF: However, doing so will make a part of your RAM unusable.
[    0.281779] L1TF: Reading https://www.kernel.org/doc/html/latest/admin-guide/l1tf.html might help you decide.
[    0.282101] Freeing SMP alternatives memory: 44K
[    0.288591] smpboot: CPU0: Genuine Intel(R) CPU           T2400  @ 1.83GHz (family: 0x6, model: 0xe, stepping: 0x8)
[    0.288591] Performance Events: Core events, core PMU driver.
[    0.288591] ... version:                1
[    0.288591] ... bit width:              40
[    0.288591] ... generic registers:      2
[    0.288591] ... value mask:             000000ffffffffff
[    0.288591] ... max period:             000000007fffffff
[    0.288591] ... fixed-purpose events:   0
[    0.288591] ... event mask:             0000000000000003
[    0.288591] rcu: Hierarchical SRCU implementation.
[    0.288591] smp: Bringing up secondary CPUs ...
[    0.288591] CPU 1 irqstacks, hard=(ptrval) soft=(ptrval)
[    0.288591] x86: Booting SMP configuration:
[    0.288591] .... node  #0, CPUs:      #1
[    0.010706] Initializing CPU#1
[    0.010706] Disabled fast string operations
[    0.288591] TSC synchronization [CPU#0 -> CPU#1]:
[    0.288591] Measured 579744 cycles TSC warp between CPUs, turning off TSC clock.
[    0.288591] tsc: Marking TSC unstable due to check_tsc_sync_source failed
[    0.288655] smp: Brought up 1 node, 2 CPUs
[    0.288658] smpboot: Max logical packages: 1
[    0.288714] smpboot: Total of 2 processors activated (144753.79 BogoMIPS)
[    0.290132] devtmpfs: initialized
[    0.290132] PM: Registering ACPI NVS region [mem 0xbf6df000-0xbf6fffff] (135168 bytes)
[    0.292626] clocksource: jiffies: mask: 0xffffffff max_cycles: 0xffffffff, max_idle_ns: 7645041785100000 ns
[    0.292708] futex hash table entries: 512 (order: 3, 32768 bytes)
[    0.292712] NET: Registered protocol family 16
[    0.292834] cpuidle: using governor ladder
[    0.292923] cpuidle: using governor menu
[    0.292923] Simple Boot Flag at 0x35 set to 0x1
[    0.292923] ACPI FADT declares the system doesn't support PCIe ASPM, so disable it
[    0.292923] ACPI: bus type PCI registered
[    0.293052] PCI: MMCONFIG for domain 0000 [bus 00-3f] at [mem 0xf0000000-0xf3ffffff] (base 0xf0000000)
[    0.293131] PCI: MMCONFIG at [mem 0xf0000000-0xf3ffffff] reserved in E820
[    0.293191] PCI: Using MMCONFIG for extended config space
[    0.293249] PCI: Using configuration type 1 for base access
[    0.293519] mtrr: your CPUs had inconsistent variable MTRR settings
[    0.293578] mtrr: probably your BIOS does not setup all CPUs.
[    0.293635] mtrr: corrected configuration.
[    0.310737] ACPI: Added _OSI(Module Device)
[    0.310737] ACPI: Added _OSI(Processor Device)
[    0.310737] ACPI: Added _OSI(3.0 _SCP Extensions)
[    0.310737] ACPI: Added _OSI(Processor Aggregator Device)
[    0.310737] ACPI: Added _OSI(Linux-Dell-Video)
[    0.310737] ACPI: Added _OSI(Linux-Lenovo-NV-HDMI-Audio)
[    0.310737] ACPI: EC: EC started
[    0.310737] ACPI: EC: interrupt blocked
[    0.310737] ACPI: \: Used as first EC
[    0.310737] ACPI: \: GPE=0x1c, EC_CMD/EC_SC=0x66, EC_DATA=0x62
[    0.312597] ACPI: \: Used as boot ECDT EC to handle transactions
[    0.336600] ACPI: 6 ACPI AML tables successfully acquired and loaded
[    0.352600] ACPI: Dynamic OEM Table Load:
[    0.352600] ACPI: SSDT 0x00000000F526FC00 000240 (v01 PmRef  Cpu0Ist  00000100 INTL 20050513)
[    0.352600] ACPI: Dynamic OEM Table Load:
[    0.352600] ACPI: SSDT 0x00000000F4C12800 00065A (v01 PmRef  Cpu0Cst  00000100 INTL 20050513)
[    0.353532] ACPI: Dynamic OEM Table Load:
[    0.353532] ACPI: SSDT 0x00000000F59D1700 0000C8 (v01 PmRef  Cpu1Ist  00000100 INTL 20050513)
[    0.353676] ACPI: Dynamic OEM Table Load:
[    0.353738] ACPI: SSDT 0x00000000F599F240 000085 (v01 PmRef  Cpu1Cst  00000100 INTL 20050513)
[    0.356989] ACPI: Interpreter enabled
[    0.357082] ACPI: (supports S0 S3 S4 S5)
[    0.357137] ACPI: Using IOAPIC for interrupt routing
[    0.357245] PCI: Using host bridge windows from ACPI; if necessary, use "pci=nocrs" and report a bug
[    0.357690] ACPI: Enabled 4 GPEs in block 00 to 1F
[    0.366586] ACPI: Power Resource [PUBS] (on)
[    0.368621] acpi PNP0C0A:01: ACPI dock station (docks/bays count: 1)
[    0.369618] acpi LNXIOBAY:00: ACPI dock station (docks/bays count: 2)
[    0.378140] acpi IBM0079:00: ACPI dock station (docks/bays count: 3)
[    0.380598] ACPI: PCI Interrupt Link [LNKA] (IRQs 3 4 5 6 7 9 10 *11)
[    0.380598] ACPI: PCI Interrupt Link [LNKB] (IRQs 3 4 5 6 7 9 10 *11)
[    0.380598] ACPI: PCI Interrupt Link [LNKC] (IRQs 3 4 5 6 7 9 10 *11)
[    0.380598] ACPI: PCI Interrupt Link [LNKD] (IRQs 3 4 5 6 7 9 10 *11)
[    0.380598] ACPI: PCI Interrupt Link [LNKE] (IRQs 3 4 5 6 7 9 10 *11)
[    0.380664] ACPI: PCI Interrupt Link [LNKF] (IRQs 3 4 5 6 7 9 10 *11)
[    0.380999] ACPI: PCI Interrupt Link [LNKG] (IRQs 3 4 5 6 7 9 10 *11)
[    0.381332] ACPI: PCI Interrupt Link [LNKH] (IRQs 3 4 5 6 7 9 10 *11)
[    0.381584] ACPI: PCI Root Bridge [PCI0] (domain 0000 [bus 00-ff])
[    0.381650] acpi PNP0A08:00: _OSC: OS supports [ExtendedConfig ASPM ClockPM Segments]
[    0.382038] acpi PNP0A08:00: _OSC: not requesting OS control; OS requires [ExtendedConfig ASPM ClockPM MSI]
[    0.382121] acpi PNP0A08:00: [Firmware Info]: MMCONFIG for domain 0000 [bus 00-3f] only partially covers this bridge
[    0.382301] PCI host bridge to bus 0000:00
[    0.382359] pci_bus 0000:00: root bus resource [io  0x0000-0x0cf7 window]
[    0.382421] pci_bus 0000:00: root bus resource [io  0x0d00-0xffff window]
[    0.382482] pci_bus 0000:00: root bus resource [mem 0x000a0000-0x000bffff window]
[    0.382544] pci_bus 0000:00: root bus resource [mem 0x000d0000-0x000d3fff window]
[    0.382607] pci_bus 0000:00: root bus resource [mem 0x000d4000-0x000d7fff window]
[    0.382669] pci_bus 0000:00: root bus resource [mem 0x000d8000-0x000dbfff window]
[    0.382731] pci_bus 0000:00: root bus resource [mem 0xc0000000-0xfebfffff window]
[    0.382794] pci_bus 0000:00: root bus resource [mem 0xfed40000-0xfed40fff window]
[    0.382858] pci_bus 0000:00: root bus resource [bus 00-ff]
[    0.384594] pci 0000:00:00.0: [8086:27a0] type 00 class 0x060000
[    0.384595] pci 0000:00:02.0: [8086:27a2] type 00 class 0x030000
[    0.384595] pci 0000:00:02.0: reg 0x10: [mem 0xee100000-0xee17ffff]
[    0.384623] pci 0000:00:02.0: reg 0x14: [io  0x1800-0x1807]
[    0.384623] pci 0000:00:02.0: reg 0x18: [mem 0xd0000000-0xdfffffff pref]
[    0.384623] pci 0000:00:02.0: reg 0x1c: [mem 0xee200000-0xee23ffff]
[    0.384625] pci 0000:00:02.1: [8086:27a6] type 00 class 0x038000
[    0.384625] pci 0000:00:02.1: reg 0x10: [mem 0xee180000-0xee1fffff]
[    0.384625] pci 0000:00:1b.0: [8086:27d8] type 00 class 0x040300
[    0.384625] pci 0000:00:1b.0: reg 0x10: [mem 0xee240000-0xee243fff 64bit]
[    0.384625] pci 0000:00:1b.0: PME# supported from D0 D3hot D3cold
[    0.384625] pci 0000:00:1c.0: [8086:27d0] type 01 class 0x060400
[    0.384625] pci 0000:00:1c.0: PME# supported from D0 D3hot D3cold
[    0.384625] pci 0000:00:1c.1: [8086:27d2] type 01 class 0x060400
[    0.384625] pci 0000:00:1c.1: PME# supported from D0 D3hot D3cold
[    0.384625] pci 0000:00:1c.2: [8086:27d4] type 01 class 0x060400
[    0.384652] pci 0000:00:1c.2: PME# supported from D0 D3hot D3cold
[    0.384832] pci 0000:00:1c.3: [8086:27d6] type 01 class 0x060400
[    0.384961] pci 0000:00:1c.3: PME# supported from D0 D3hot D3cold
[    0.385138] pci 0000:00:1d.0: [8086:27c8] type 00 class 0x0c0300
[    0.385201] pci 0000:00:1d.0: reg 0x20: [io  0x1820-0x183f]
[    0.385385] pci 0000:00:1d.1: [8086:27c9] type 00 class 0x0c0300
[    0.385449] pci 0000:00:1d.1: reg 0x20: [io  0x1840-0x185f]
[    0.385631] pci 0000:00:1d.2: [8086:27ca] type 00 class 0x0c0300
[    0.385694] pci 0000:00:1d.2: reg 0x20: [io  0x1860-0x187f]
[    0.385879] pci 0000:00:1d.3: [8086:27cb] type 00 class 0x0c0300
[    0.385943] pci 0000:00:1d.3: reg 0x20: [io  0x1880-0x189f]
[    0.386125] pci 0000:00:1d.7: [8086:27cc] type 00 class 0x0c0320
[    0.386154] pci 0000:00:1d.7: reg 0x10: [mem 0xee444000-0xee4443ff]
[    0.386261] pci 0000:00:1d.7: PME# supported from D0 D3hot D3cold
[    0.386425] pci 0000:00:1e.0: [8086:2448] type 01 class 0x060401
[    0.386664] pci 0000:00:1f.0: [8086:27b9] type 00 class 0x060100
[    0.386789] pci 0000:00:1f.0: quirk: [io  0x1000-0x107f] claimed by ICH6 ACPI/GPIO/TCO
[    0.386857] pci 0000:00:1f.0: quirk: [io  0x1180-0x11bf] claimed by ICH6 GPIO
[    0.388598] pci 0000:00:1f.0: ICH7 LPC Generic IO decode 1 PIO at 1600 (mask 007f)
[    0.388598] pci 0000:00:1f.0: ICH7 LPC Generic IO decode 2 PIO at 15e0 (mask 000f)
[    0.388598] pci 0000:00:1f.0: ICH7 LPC Generic IO decode 3 PIO at 1680 (mask 001f)
[    0.388606] pci 0000:00:1f.1: [8086:27df] type 00 class 0x01018a
[    0.388606] pci 0000:00:1f.1: reg 0x10: [io  0x0000-0x0007]
[    0.388606] pci 0000:00:1f.1: reg 0x14: [io  0x0000-0x0003]
[    0.388606] pci 0000:00:1f.1: reg 0x18: [io  0x0000-0x0007]
[    0.388606] pci 0000:00:1f.1: reg 0x1c: [io  0x0000-0x0003]
[    0.388606] pci 0000:00:1f.1: reg 0x20: [io  0x1810-0x181f]
[    0.388606] pci 0000:00:1f.1: legacy IDE quirk: reg 0x10: [io  0x01f0-0x01f7]
[    0.388606] pci 0000:00:1f.1: legacy IDE quirk: reg 0x14: [io  0x03f6]
[    0.388606] pci 0000:00:1f.1: legacy IDE quirk: reg 0x18: [io  0x0170-0x0177]
[    0.388606] pci 0000:00:1f.1: legacy IDE quirk: reg 0x1c: [io  0x0376]
[    0.388622] pci 0000:00:1f.2: [8086:27c5] type 00 class 0x010601
[    0.388622] pci 0000:00:1f.2: reg 0x10: [io  0x18d0-0x18d7]
[    0.388622] pci 0000:00:1f.2: reg 0x14: [io  0x18c4-0x18c7]
[    0.388622] pci 0000:00:1f.2: reg 0x18: [io  0x18c8-0x18cf]
[    0.388622] pci 0000:00:1f.2: reg 0x1c: [io  0x18c0-0x18c3]
[    0.388622] pci 0000:00:1f.2: reg 0x20: [io  0x18b0-0x18bf]
[    0.388622] pci 0000:00:1f.2: reg 0x24: [mem 0xee444400-0xee4447ff]
[    0.388622] pci 0000:00:1f.2: PME# supported from D3hot
[    0.388622] pci 0000:00:1f.3: [8086:27da] type 00 class 0x0c0500
[    0.388622] pci 0000:00:1f.3: reg 0x20: [io  0x18e0-0x18ff]
[    0.388622] pci 0000:02:00.0: [8086:109a] type 00 class 0x020000
[    0.388622] pci 0000:02:00.0: reg 0x10: [mem 0xee000000-0xee01ffff]
[    0.388629] pci 0000:02:00.0: reg 0x18: [io  0x2000-0x201f]
[    0.388837] pci 0000:02:00.0: PME# supported from D0 D3hot D3cold
[    0.388886] pci 0000:02:00.0: 2.000 Gb/s available PCIe bandwidth, limited by 2.5 GT/s x1 link at 0000:00:1c.0 (capable of 7.876 Gb/s with 8 GT/s x1 link)
[    0.389176] pci 0000:02:00.0: disabling ASPM on pre-1.1 PCIe device.  You can enable it with 'pcie_aspm=force'
[    0.389339] pci 0000:00:1c.0: PCI bridge to [bus 02]
[    0.389401] pci 0000:00:1c.0:   bridge window [io  0x2000-0x2fff]
[    0.389407] pci 0000:00:1c.0:   bridge window [mem 0xee000000-0xee0fffff]
[    0.389581] pci 0000:03:00.0: [8086:4227] type 00 class 0x028000
[    0.389681] pci 0000:03:00.0: reg 0x10: [mem 0xedf00000-0xedf00fff]
[    0.390136] pci 0000:03:00.0: PME# supported from D0 D3hot D3cold
[    0.390221] pci 0000:03:00.0: 2.000 Gb/s available PCIe bandwidth, limited by 2.5 GT/s x1 link at 0000:00:1c.1 (capable of 7.876 Gb/s with 8 GT/s x1 link)
[    0.390452] pci 0000:03:00.0: disabling ASPM on pre-1.1 PCIe device.  You can enable it with 'pcie_aspm=force'
[    0.390606] pci 0000:00:1c.1: PCI bridge to [bus 03]
[    0.390667] pci 0000:00:1c.1:   bridge window [io  0x3000-0x4fff]
[    0.390673] pci 0000:00:1c.1:   bridge window [mem 0xec000000-0xedffffff]
[    0.390681] pci 0000:00:1c.1:   bridge window [mem 0xe4000000-0xe40fffff 64bit pref]
[    0.390753] pci 0000:00:1c.2: PCI bridge to [bus 04-0b]
[    0.390815] pci 0000:00:1c.2:   bridge window [io  0x5000-0x6fff]
[    0.390821] pci 0000:00:1c.2:   bridge window [mem 0xe8000000-0xe9ffffff]
[    0.390829] pci 0000:00:1c.2:   bridge window [mem 0xe4100000-0xe41fffff 64bit pref]
[    0.392595] pci 0000:00:1c.3: PCI bridge to [bus 0c-13]
[    0.392621] pci 0000:00:1c.3:   bridge window [io  0x7000-0x8fff]
[    0.392621] pci 0000:00:1c.3:   bridge window [mem 0xea000000-0xebffffff]
[    0.392621] pci 0000:00:1c.3:   bridge window [mem 0xe4200000-0xe42fffff 64bit pref]
[    0.392621] pci_bus 0000:15: extended config space not accessible
[    0.392623] pci 0000:15:00.0: [1180:0476] type 02 class 0x060700
[    0.392623] pci 0000:15:00.0: reg 0x10: [mem 0xe4300000-0xe4300fff]
[    0.392623] pci 0000:15:00.0: supports D1 D2
[    0.392623] pci 0000:15:00.0: PME# supported from D0 D1 D2 D3hot D3cold
[    0.392623] pci 0000:15:00.1: [1180:0552] type 00 class 0x0c0010
[    0.392623] pci 0000:15:00.1: reg 0x10: [mem 0xe4301000-0xe43017ff]
[    0.392623] pci 0000:15:00.1: PME# supported from D0 D3hot D3cold
[    0.392623] pci 0000:15:00.2: [1180:0822] type 00 class 0x080500
[    0.392623] pci 0000:15:00.2: reg 0x10: [mem 0xe4301800-0xe43018ff]
[    0.392623] pci 0000:15:00.2: supports D1 D2
[    0.392623] pci 0000:15:00.2: PME# supported from D0 D1 D2 D3hot D3cold
[    0.392623] pci 0000:00:1e.0: PCI bridge to [bus 15-18] (subtractive decode)
[    0.392623] pci 0000:00:1e.0:   bridge window [io  0x9000-0xcfff]
[    0.392623] pci 0000:00:1e.0:   bridge window [mem 0xe4300000-0xe7ffffff]
[    0.392623] pci 0000:00:1e.0:   bridge window [mem 0xe0000000-0xe3ffffff 64bit pref]
[    0.392623] pci 0000:00:1e.0:   bridge window [io  0x0000-0x0cf7 window] (subtractive decode)
[    0.392623] pci 0000:00:1e.0:   bridge window [io  0x0d00-0xffff window] (subtractive decode)
[    0.392623] pci 0000:00:1e.0:   bridge window [mem 0x000a0000-0x000bffff window] (subtractive decode)
[    0.392623] pci 0000:00:1e.0:   bridge window [mem 0x000d0000-0x000d3fff window] (subtractive decode)
[    0.392623] pci 0000:00:1e.0:   bridge window [mem 0x000d4000-0x000d7fff window] (subtractive decode)
[    0.392623] pci 0000:00:1e.0:   bridge window [mem 0x000d8000-0x000dbfff window] (subtractive decode)
[    0.392623] pci 0000:00:1e.0:   bridge window [mem 0xc0000000-0xfebfffff window] (subtractive decode)
[    0.392623] pci 0000:00:1e.0:   bridge window [mem 0xfed40000-0xfed40fff window] (subtractive decode)
[    0.392623] pci_bus 0000:16: extended config space not accessible
[    0.392623] pci_bus 0000:16: busn_res: [bus 16-18] end is updated to 17
[    0.392623] pci_bus 0000:00: on NUMA node 0
[    0.396624] ACPI: EC: interrupt unblocked
[    0.396624] ACPI: EC: event unblocked
[    0.396624] ACPI: \_SB_.PCI0.LPC_.EC__: GPE=0x1c, EC_CMD/EC_SC=0x66, EC_DATA=0x62
[    0.396624] ACPI: \_SB_.PCI0.LPC_.EC__: Used as boot DSDT EC to handle transactions and events
[    0.397007] pci 0000:00:02.0: vgaarb: setting as boot VGA device
[    0.397070] pci 0000:00:02.0: vgaarb: VGA device added: decodes=io+mem,owns=io+mem,locks=none
[    0.397158] pci 0000:00:02.0: vgaarb: bridge control possible
[    0.397216] vgaarb: loaded
[    0.397433] SCSI subsystem initialized
[    0.397559] libata version 3.00 loaded.
[    0.397610] ACPI: bus type USB registered
[    0.397717] usbcore: registered new interface driver usbfs
[    0.397795] usbcore: registered new interface driver hub
[    0.397872] usbcore: registered new device driver usb
[    0.397962] media: Linux media interface: v0.10
[    0.398031] videodev: Linux video capture interface: v2.00
[    0.398106] pps_core: LinuxPPS API ver. 1 registered
[    0.398163] pps_core: Software ver. 5.3.6 - Copyright 2005-2007 Rodolfo Giometti <giometti@linux.it>
[    0.398247] PTP clock support registered
[    0.398407] EDAC MC: Ver: 3.0.0
[    0.398763] Advanced Linux Sound Architecture Driver Initialized.
[    0.398864] PCI: Using ACPI for IRQ routing
[    0.401418] PCI: pci_cache_line_size set to 64 bytes
[    0.401517] e820: reserve RAM buffer [mem 0x0009f000-0x0009ffff]
[    0.401519] e820: reserve RAM buffer [mem 0xbf6d0000-0xbfffffff]
[    0.401718] Bluetooth: Core ver 2.22
[    0.401787] NET: Registered protocol family 31
[    0.401844] Bluetooth: HCI device and connection manager initialized
[    0.401905] Bluetooth: HCI socket layer initialized
[    0.401964] Bluetooth: L2CAP socket layer initialized
[    0.402027] Bluetooth: SCO socket layer initialized
[    0.402176] clocksource: Switched to clocksource hpet
[    0.402176] pnp: PnP ACPI init
[    0.402176] system 00:00: [mem 0x00000000-0x0009ffff] could not be reserved
[    0.402222] system 00:00: [mem 0x000c0000-0x000c3fff] could not be reserved
[    0.402284] system 00:00: [mem 0x000c4000-0x000c7fff] could not be reserved
[    0.402346] system 00:00: [mem 0x000c8000-0x000cbfff] has been reserved
[    0.402407] system 00:00: [mem 0x000cc000-0x000cffff] has been reserved
[    0.402468] system 00:00: [mem 0x000dc000-0x000dffff] could not be reserved
[    0.402530] system 00:00: [mem 0x000e0000-0x000e3fff] could not be reserved
[    0.402593] system 00:00: [mem 0x000e4000-0x000e7fff] could not be reserved
[    0.402654] system 00:00: [mem 0x000e8000-0x000ebfff] could not be reserved
[    0.402716] system 00:00: [mem 0x000ec000-0x000effff] could not be reserved
[    0.402779] system 00:00: [mem 0x000f0000-0x000fffff] could not be reserved
[    0.402841] system 00:00: [mem 0x00100000-0xbfffffff] could not be reserved
[    0.402906] system 00:00: [mem 0xfec00000-0xfed3ffff] could not be reserved
[    0.402969] system 00:00: [mem 0xfed41000-0xffffffff] could not be reserved
[    0.403041] system 00:00: Plug and Play ACPI device, IDs PNP0c01 (active)
[    0.403276] system 00:01: [io  0x164e-0x164f] has been reserved
[    0.403340] system 00:01: [io  0x1000-0x107f] has been reserved
[    0.403401] system 00:01: [io  0x1180-0x11bf] has been reserved
[    0.403461] system 00:01: [io  0x0800-0x080f] has been reserved
[    0.403522] system 00:01: [io  0x15e0-0x15ef] has been reserved
[    0.403582] system 00:01: [io  0x1600-0x165f] could not be reserved
[    0.403644] system 00:01: [mem 0xf0000000-0xf3ffffff] has been reserved
[    0.403705] system 00:01: [mem 0xfed1c000-0xfed1ffff] has been reserved
[    0.403767] system 00:01: [mem 0xfed14000-0xfed17fff] has been reserved
[    0.403831] system 00:01: [mem 0xfed18000-0xfed18fff] has been reserved
[    0.403893] system 00:01: [mem 0xfed19000-0xfed19fff] has been reserved
[    0.403964] system 00:01: Plug and Play ACPI device, IDs PNP0c02 (active)
[    0.404092] pnp 00:02: Plug and Play ACPI device, IDs PNP0b00 (active)
[    0.404148] pnp 00:03: Plug and Play ACPI device, IDs PNP0303 (active)
[    0.404198] pnp 00:04: Plug and Play ACPI device, IDs IBM3780 PNP0f13 (active)
[    0.404546] pnp 00:05: [dma 3]
[    0.404675] pnp 00:05: Plug and Play ACPI device, IDs IBM0071 PNP0511 (active)
[    0.404770] pnp 00:06: Plug and Play ACPI device, IDs ATM1200 PNP0c31 (active)
[    0.406166] pnp: PnP ACPI: found 7 devices
[    0.443787] clocksource: acpi_pm: mask: 0xffffff max_cycles: 0xffffff, max_idle_ns: 2085701024 ns
[    0.443889] pci 0000:00:1c.0: bridge window [mem 0x00100000-0x000fffff 64bit pref] to [bus 02] add_size 200000 add_align 100000
[    0.443959] pci 0000:00:1c.0: BAR 9: assigned [mem 0xc0000000-0xc01fffff 64bit pref]
[    0.444025] pci 0000:00:1c.0: PCI bridge to [bus 02]
[    0.444085] pci 0000:00:1c.0:   bridge window [io  0x2000-0x2fff]
[    0.444149] pci 0000:00:1c.0:   bridge window [mem 0xee000000-0xee0fffff]
[    0.444213] pci 0000:00:1c.0:   bridge window [mem 0xc0000000-0xc01fffff 64bit pref]
[    0.444282] pci 0000:00:1c.1: PCI bridge to [bus 03]
[    0.444341] pci 0000:00:1c.1:   bridge window [io  0x3000-0x4fff]
[    0.444406] pci 0000:00:1c.1:   bridge window [mem 0xec000000-0xedffffff]
[    0.444469] pci 0000:00:1c.1:   bridge window [mem 0xe4000000-0xe40fffff 64bit pref]
[    0.444538] pci 0000:00:1c.2: PCI bridge to [bus 04-0b]
[    0.444610] pci 0000:00:1c.2:   bridge window [io  0x5000-0x6fff]
[    0.444674] pci 0000:00:1c.2:   bridge window [mem 0xe8000000-0xe9ffffff]
[    0.444737] pci 0000:00:1c.2:   bridge window [mem 0xe4100000-0xe41fffff 64bit pref]
[    0.444806] pci 0000:00:1c.3: PCI bridge to [bus 0c-13]
[    0.444866] pci 0000:00:1c.3:   bridge window [io  0x7000-0x8fff]
[    0.444930] pci 0000:00:1c.3:   bridge window [mem 0xea000000-0xebffffff]
[    0.444993] pci 0000:00:1c.3:   bridge window [mem 0xe4200000-0xe42fffff 64bit pref]
[    0.445068] pci 0000:15:00.0: BAR 9: assigned [mem 0xe0000000-0xe3ffffff pref]
[    0.445133] pci 0000:15:00.0: BAR 10: assigned [mem 0xc4000000-0xc7ffffff]
[    0.445195] pci 0000:15:00.0: BAR 7: assigned [io  0x9000-0x90ff]
[    0.445255] pci 0000:15:00.0: BAR 8: assigned [io  0x9400-0x94ff]
[    0.445316] pci 0000:15:00.0: CardBus bridge to [bus 16-17]
[    0.445376] pci 0000:15:00.0:   bridge window [io  0x9000-0x90ff]
[    0.445438] pci 0000:15:00.0:   bridge window [io  0x9400-0x94ff]
[    0.445501] pci 0000:15:00.0:   bridge window [mem 0xe0000000-0xe3ffffff pref]
[    0.445565] pci 0000:15:00.0:   bridge window [mem 0xc4000000-0xc7ffffff]
[    0.445629] pci 0000:00:1e.0: PCI bridge to [bus 15-18]
[    0.445689] pci 0000:00:1e.0:   bridge window [io  0x9000-0xcfff]
[    0.445754] pci 0000:00:1e.0:   bridge window [mem 0xe4300000-0xe7ffffff]
[    0.445817] pci 0000:00:1e.0:   bridge window [mem 0xe0000000-0xe3ffffff 64bit pref]
[    0.445886] pci_bus 0000:00: resource 4 [io  0x0000-0x0cf7 window]
[    0.445889] pci_bus 0000:00: resource 5 [io  0x0d00-0xffff window]
[    0.445892] pci_bus 0000:00: resource 6 [mem 0x000a0000-0x000bffff window]
[    0.445894] pci_bus 0000:00: resource 7 [mem 0x000d0000-0x000d3fff window]
[    0.445897] pci_bus 0000:00: resource 8 [mem 0x000d4000-0x000d7fff window]
[    0.445900] pci_bus 0000:00: resource 9 [mem 0x000d8000-0x000dbfff window]
[    0.445902] pci_bus 0000:00: resource 10 [mem 0xc0000000-0xfebfffff window]
[    0.445905] pci_bus 0000:00: resource 11 [mem 0xfed40000-0xfed40fff window]
[    0.445908] pci_bus 0000:02: resource 0 [io  0x2000-0x2fff]
[    0.445911] pci_bus 0000:02: resource 1 [mem 0xee000000-0xee0fffff]
[    0.445913] pci_bus 0000:02: resource 2 [mem 0xc0000000-0xc01fffff 64bit pref]
[    0.445917] pci_bus 0000:03: resource 0 [io  0x3000-0x4fff]
[    0.445919] pci_bus 0000:03: resource 1 [mem 0xec000000-0xedffffff]
[    0.445922] pci_bus 0000:03: resource 2 [mem 0xe4000000-0xe40fffff 64bit pref]
[    0.445925] pci_bus 0000:04: resource 0 [io  0x5000-0x6fff]
[    0.445927] pci_bus 0000:04: resource 1 [mem 0xe8000000-0xe9ffffff]
[    0.445930] pci_bus 0000:04: resource 2 [mem 0xe4100000-0xe41fffff 64bit pref]
[    0.445933] pci_bus 0000:0c: resource 0 [io  0x7000-0x8fff]
[    0.445935] pci_bus 0000:0c: resource 1 [mem 0xea000000-0xebffffff]
[    0.445938] pci_bus 0000:0c: resource 2 [mem 0xe4200000-0xe42fffff 64bit pref]
[    0.445941] pci_bus 0000:15: resource 0 [io  0x9000-0xcfff]
[    0.445943] pci_bus 0000:15: resource 1 [mem 0xe4300000-0xe7ffffff]
[    0.445946] pci_bus 0000:15: resource 2 [mem 0xe0000000-0xe3ffffff 64bit pref]
[    0.445949] pci_bus 0000:15: resource 4 [io  0x0000-0x0cf7 window]
[    0.445951] pci_bus 0000:15: resource 5 [io  0x0d00-0xffff window]
[    0.445954] pci_bus 0000:15: resource 6 [mem 0x000a0000-0x000bffff window]
[    0.445956] pci_bus 0000:15: resource 7 [mem 0x000d0000-0x000d3fff window]
[    0.445959] pci_bus 0000:15: resource 8 [mem 0x000d4000-0x000d7fff window]
[    0.445961] pci_bus 0000:15: resource 9 [mem 0x000d8000-0x000dbfff window]
[    0.445964] pci_bus 0000:15: resource 10 [mem 0xc0000000-0xfebfffff window]
[    0.445967] pci_bus 0000:15: resource 11 [mem 0xfed40000-0xfed40fff window]
[    0.445969] pci_bus 0000:16: resource 0 [io  0x9000-0x90ff]
[    0.445972] pci_bus 0000:16: resource 1 [io  0x9400-0x94ff]
[    0.445975] pci_bus 0000:16: resource 2 [mem 0xe0000000-0xe3ffffff pref]
[    0.445977] pci_bus 0000:16: resource 3 [mem 0xc4000000-0xc7ffffff]
[    0.446162] NET: Registered protocol family 2
[    0.446554] tcp_listen_portaddr_hash hash table entries: 512 (order: 0, 6144 bytes)
[    0.446633] TCP established hash table entries: 8192 (order: 3, 32768 bytes)
[    0.446810] TCP bind hash table entries: 8192 (order: 4, 65536 bytes)
[    0.446913] TCP: Hash tables configured (established 8192 bind 8192)
[    0.447013] UDP hash table entries: 512 (order: 2, 16384 bytes)
[    0.447081] UDP-Lite hash table entries: 512 (order: 2, 16384 bytes)
[    0.447194] NET: Registered protocol family 1
[    0.447431] RPC: Registered named UNIX socket transport module.
[    0.447490] RPC: Registered udp transport module.
[    0.447546] RPC: Registered tcp transport module.
[    0.447602] RPC: Registered tcp NFSv4.1 backchannel transport module.
[    0.448643] pci 0000:00:02.0: Video device with shadowed ROM at [mem 0x000c0000-0x000dffff]
[    0.450250] PCI: CLS mismatch (64 != 32), using 64 bytes
[    0.451168] Initialise system trusted keyrings
[    0.451507] workingset: timestamp_bits=30 max_order=20 bucket_order=0
[    0.452086] Installing knfsd (copyright (C) 1996 okir@monad.swb.de).
[    0.452223] ntfs: driver 2.1.32 [Flags: R/W].
[    0.452340] fuse init (API version 7.27)
[    0.454190] Key type asymmetric registered
[    0.454247] Asymmetric key parser 'x509' registered
[    0.454319] bounce: pool size: 64 pages
[    0.454387] Block layer SCSI generic (bsg) driver version 0.4 loaded (major 249)
[    0.454450] io scheduler noop registered
[    0.454505] io scheduler deadline registered
[    0.454570] io scheduler cfq registered (default)
[    0.454627] io scheduler mq-deadline registered
[    0.454693] io scheduler bfq registered
[    0.455620] intel_idle: does not run on family 6 model 14
[    0.455938] ACPI: Deprecated procfs I/F for AC is loaded, please retry with CONFIG_ACPI_PROCFS_POWER cleared
[    0.456075] ACPI: AC Adapter [AC] (on-line)
[    0.456242] input: Lid Switch as /devices/LNXSYSTM:00/LNXSYBUS:00/PNP0C0D:00/input/input0
[    0.456335] ACPI: Lid Switch [LID]
[    0.456469] input: Sleep Button as /devices/LNXSYSTM:00/LNXSYBUS:00/PNP0C0E:00/input/input1
[    0.456559] ACPI: Sleep Button [SLPB]
[    0.456749] input: Power Button as /devices/LNXSYSTM:00/LNXPWRBN:00/input/input2
[    0.456834] ACPI: Power Button [PWRF]
[    0.457049] ACPI: Video Device [VID] (multi-head: yes  rom: no  post: no)
[    0.461227] acpi device:01: registered as cooling_device0
[    0.461428] input: Video Bus as /devices/LNXSYSTM:00/LNXSYBUS:00/PNP0A08:00/LNXVIDEO:00/input/input3
[    0.468429] thermal LNXTHERM:00: registered as thermal_zone0
[    0.468495] ACPI: Thermal Zone [THM0] (67 C)
[    0.470915] thermal LNXTHERM:01: registered as thermal_zone1
[    0.470974] ACPI: Thermal Zone [THM1] (68 C)
[    0.471172] Serial: 8250/16550 driver, 4 ports, IRQ sharing disabled
[    0.471632] serial8250: ttyS1 at I/O 0x2f8 (irq = 3, base_baud = 921600) is a NS16550A
[    0.472683] lp: driver loaded but no devices found
[    0.472832] Non-volatile memory driver v1.3
[    0.473041] intel_rng: FWH not detected
[    0.473273] Linux agpgart interface v0.103
[    0.474084] [drm] radeon kernel modesetting enabled.
[    0.474916] pci 0000:00:00.0: Intel 945GM Chipset
[    0.474992] pci 0000:00:00.0: detected gtt size: 262144K total, 262144K mappable
[    0.475742] pci 0000:00:00.0: detected 8192K stolen memory
[    0.476025] [drm] Replacing VGA console driver
[    0.477473] Console: switching to colour dummy device 80x25
[    0.479244] [drm] Supports vblank timestamp caching Rev 2 (21.10.2013).
[    0.479253] [drm] Driver supports precise vblank timestamp query.
[    0.479338] resource sanity check: requesting [mem 0x000c0000-0x000dffff], which spans more than pnp 00:00 [mem 0x000c8000-0x000cbfff]
[    0.479429] caller pci_map_rom+0x67/0x1d0 mapping multiple BARs
[    0.482543] i915 0000:00:02.0: vgaarb: changed VGA decodes: olddecodes=io+mem,decodes=io+mem:owns=io+mem
[    0.496106] battery: ACPI: Deprecated procfs I/F for battery is loaded, please retry with CONFIG_ACPI_PROCFS_POWER cleared
[    0.496128] battery: ACPI: Battery Slot [BAT0] (battery present)
[    0.532659] random: fast init done
[    0.560435] [drm] RC6 disabled, disabling runtime PM support
[    0.560516] [drm] initialized overlay support
[    0.560943] [drm] Initialized i915 1.6.0 20180719 for 0000:00:02.0 on minor 0
[    0.561181] usbcore: registered new interface driver udl
[    0.565118] loop: module loaded
[    0.571225] ahci 0000:00:1f.2: version 3.0
[    0.571494] ahci 0000:00:1f.2: AHCI 0001.0100 32 slots 4 ports 1.5 Gbps 0x1 impl SATA mode
[    0.571509] ahci 0000:00:1f.2: flags: 64bit ncq pm led clo pio slum part 
[    0.572300] scsi host0: ahci
[    0.572483] scsi host1: ahci
[    0.572718] scsi host2: ahci
[    0.572895] scsi host3: ahci
[    0.572982] ata1: SATA max UDMA/133 abar m1024@0xee444400 port 0xee444500 irq 16
[    0.572988] ata2: DUMMY
[    0.572991] ata3: DUMMY
[    0.572994] ata4: DUMMY
[    0.573076] ata_piix 0000:00:1f.1: version 2.13
[    0.574142] scsi host4: ata_piix
[    0.574326] scsi host5: ata_piix
[    0.574399] ata5: PATA max UDMA/100 cmd 0x1f0 ctl 0x3f6 bmdma 0x1810 irq 14
[    0.574405] ata6: PATA max UDMA/100 cmd 0x170 ctl 0x376 bmdma 0x1818 irq 15
[    0.574818] tun: Universal TUN/TAP device driver, 1.6
[    0.575026] e1000: Intel(R) PRO/1000 Network Driver - version 7.3.21-k8-NAPI
[    0.575032] e1000: Copyright (c) 1999-2006 Intel Corporation.
[    0.575066] e1000e: Intel(R) PRO/1000 Network Driver - 3.2.6-k
[    0.575070] e1000e: Copyright(c) 1999 - 2015 Intel Corporation.
[    0.575336] e1000e 0000:02:00.0: Interrupt Throttling Rate (ints/sec) set to dynamic conservative mode
[    0.575539] ata6: port disabled--ignoring
[    0.582435] fbcon: inteldrmfb (fb0) is primary device
[    0.701108] e1000e 0000:02:00.0 eth0: (PCI Express:2.5GT/s:Width x1) 00:16:d3:25:19:04
[    0.701111] e1000e 0000:02:00.0 eth0: Intel(R) PRO/1000 Network Connection
[    0.701182] e1000e 0000:02:00.0 eth0: MAC: 2, PHY: 2, PBA No: 005302-003
[    0.701292] PPP generic driver version 2.4.2
[    0.701375] PPP BSD Compression module registered
[    0.701376] PPP Deflate Compression module registered
[    0.701378] SLIP: version 0.8.4-NET3.019-NEWTTY (dynamic channels, max=256).
[    0.701379] CSLIP: code copyright 1989 Regents of the University of California.
[    0.701412] iwl3945: Intel(R) PRO/Wireless 3945ABG/BG Network Connection driver for Linux, in-tree:ds
[    0.701413] iwl3945: Copyright(c) 2003-2011 Intel Corporation
[    0.701413] iwl3945: hw_scan is disabled
[    0.759875] iwl3945 0000:03:00.0: Tunable channels: 11 802.11bg, 13 802.11a channels
[    0.759878] iwl3945 0000:03:00.0: Detected Intel Wireless WiFi Link 3945ABG
[    0.760200] ieee80211 phy0: Selected rate control algorithm 'iwl-3945-rs'
[    0.760469] Intel(R) Wireless WiFi driver for Linux
[    0.760469] Copyright(c) 2003- 2015 Intel Corporation
[    0.760625] usbcore: registered new interface driver ax88179_178a
[    0.760639] usbcore: registered new interface driver cdc_ether
[    0.760653] usbcore: registered new interface driver cdc_eem
[    0.760666] usbcore: registered new interface driver net1080
[    0.760683] usbcore: registered new interface driver cdc_subset
[    0.760696] usbcore: registered new interface driver zaurus
[    0.760719] usbcore: registered new interface driver cdc_ncm
[    0.760735] usbcore: registered new interface driver cdc_mbim
[    0.760771] pci 0000:00:1e.0: enabling device (0005 -> 0007)
[    0.760864] yenta_cardbus 0000:15:00.0: CardBus bridge found [17aa:201c]
[    0.891081] ata1: SATA link up 1.5 Gbps (SStatus 113 SControl 300)
[    1.004139] ata1.00: ACPI cmd ef/02:00:00:00:00:a0 (SET FEATURES) succeeded
[    1.004143] ata1.00: ACPI cmd f5/00:00:00:00:00:a0 (SECURITY FREEZE LOCK) filtered out
[    1.004146] ata1.00: ACPI cmd ef/10:03:00:00:00:a0 (SET FEATURES) filtered out
[    1.048590] ata1.00: ATA-9: ST1000LM014-1EJ164, SM11, max UDMA/133
[    1.048593] ata1.00: 1953525168 sectors, multi 16: LBA48 NCQ (depth 32), AA
[    1.092876] ata1.00: ACPI cmd ef/02:00:00:00:00:a0 (SET FEATURES) succeeded
[    1.092880] ata1.00: ACPI cmd f5/00:00:00:00:00:a0 (SECURITY FREEZE LOCK) filtered out
[    1.092883] ata1.00: ACPI cmd ef/10:03:00:00:00:a0 (SET FEATURES) filtered out
[    1.137333] ata1.00: configured for UDMA/133
[    1.283595] Console: switching to colour frame buffer device 102x42
[    1.356429] i915 0000:00:02.0: fb0: inteldrmfb frame buffer device
[    1.359045] scsi 0:0:0:0: Direct-Access     ATA      ST1000LM014-1EJ1 SM11 PQ: 0 ANSI: 5
[    1.361777] sd 0:0:0:0: Attached scsi generic sg0 type 0
[    1.361837] sd 0:0:0:0: [sda] 1953525168 512-byte logical blocks: (1.00 TB/932 GiB)
[    1.366434] sd 0:0:0:0: [sda] 4096-byte physical blocks
[    1.368824] sd 0:0:0:0: [sda] Write Protect is off
[    1.371101] sd 0:0:0:0: [sda] Mode Sense: 00 3a 00 00
[    1.371178] sd 0:0:0:0: [sda] Write cache: enabled, read cache: enabled, doesn't support DPO or FUA
[    1.374588]  sda: sda1 sda2 sda3 sda4
[    1.377892] sd 0:0:0:0: [sda] Attached SCSI disk
[    1.513328] yenta_cardbus 0000:15:00.0: ISA IRQ mask 0x0cb8, PCI irq 16
[    1.515706] yenta_cardbus 0000:15:00.0: Socket status: 30000006
[    1.518011] yenta_cardbus 0000:15:00.0: pcmcia: parent PCI bridge window: [io  0x9000-0xcfff]
[    1.520305] yenta_cardbus 0000:15:00.0: pcmcia: parent PCI bridge window: [mem 0xe4300000-0xe7ffffff]
[    1.522600] pcmcia_socket pcmcia_socket0: cs: memory probe 0xe4300000-0xe7ffffff:
[    1.524903]  excluding 0xe4300000-0xe46cffff
[    1.527185] yenta_cardbus 0000:15:00.0: pcmcia: parent PCI bridge window: [mem 0xe0000000-0xe3ffffff 64bit pref]
[    1.529602] pcmcia_socket pcmcia_socket0: cs: memory probe 0xe0000000-0xe3ffffff:
[    1.532054]  excluding 0xe0000000-0xe3ffffff
[    1.534954] ehci_hcd: USB 2.0 'Enhanced' Host Controller (EHCI) Driver
[    1.537486] ehci-pci: EHCI PCI platform driver
[    1.540212] ehci-pci 0000:00:1d.7: EHCI Host Controller
[    1.542920] ehci-pci 0000:00:1d.7: new USB bus registered, assigned bus number 1
[    1.545632] ehci-pci 0000:00:1d.7: debug port 1
[    1.552224] ehci-pci 0000:00:1d.7: cache line size of 64 is not supported
[    1.552244] ehci-pci 0000:00:1d.7: irq 19, io mem 0xee444000
[    1.568661] ehci-pci 0000:00:1d.7: USB 2.0 started, EHCI 1.00
[    1.571661] usb usb1: New USB device found, idVendor=1d6b, idProduct=0002, bcdDevice= 4.19
[    1.574499] usb usb1: New USB device strings: Mfr=3, Product=2, SerialNumber=1
[    1.578309] usb usb1: Product: EHCI Host Controller
[    1.581075] usb usb1: Manufacturer: Linux 4.19.0-rc1+ ehci_hcd
[    1.583808] usb usb1: SerialNumber: 0000:00:1d.7
[    1.586737] hub 1-0:1.0: USB hub found
[    1.589453] hub 1-0:1.0: 8 ports detected
[    1.592724] ohci_hcd: USB 1.1 'Open' Host Controller (OHCI) Driver
[    1.595369] ohci-pci: OHCI PCI platform driver
[    1.598032] uhci_hcd: USB Universal Host Controller Interface driver
[    1.600811] uhci_hcd 0000:00:1d.0: UHCI Host Controller
[    1.603527] uhci_hcd 0000:00:1d.0: new USB bus registered, assigned bus number 2
[    1.606204] uhci_hcd 0000:00:1d.0: detected 2 ports
[    1.608824] uhci_hcd 0000:00:1d.0: irq 16, io base 0x00001820
[    1.611562] usb usb2: New USB device found, idVendor=1d6b, idProduct=0001, bcdDevice= 4.19
[    1.614167] usb usb2: New USB device strings: Mfr=3, Product=2, SerialNumber=1
[    1.616748] usb usb2: Product: UHCI Host Controller
[    1.619326] usb usb2: Manufacturer: Linux 4.19.0-rc1+ uhci_hcd
[    1.622189] usb usb2: SerialNumber: 0000:00:1d.0
[    1.624840] hub 2-0:1.0: USB hub found
[    1.627344] hub 2-0:1.0: 2 ports detected
[    1.630097] uhci_hcd 0000:00:1d.1: UHCI Host Controller
[    1.632632] uhci_hcd 0000:00:1d.1: new USB bus registered, assigned bus number 3
[    1.635101] uhci_hcd 0000:00:1d.1: detected 2 ports
[    1.637589] uhci_hcd 0000:00:1d.1: irq 17, io base 0x00001840
[    1.640478] usb usb3: New USB device found, idVendor=1d6b, idProduct=0001, bcdDevice= 4.19
[    1.642923] usb usb3: New USB device strings: Mfr=3, Product=2, SerialNumber=1
[    1.645286] usb usb3: Product: UHCI Host Controller
[    1.647547] usb usb3: Manufacturer: Linux 4.19.0-rc1+ uhci_hcd
[    1.649790] usb usb3: SerialNumber: 0000:00:1d.1
[    1.652173] hub 3-0:1.0: USB hub found
[    1.654387] hub 3-0:1.0: 2 ports detected
[    1.656933] uhci_hcd 0000:00:1d.2: UHCI Host Controller
[    1.659161] uhci_hcd 0000:00:1d.2: new USB bus registered, assigned bus number 4
[    1.661374] uhci_hcd 0000:00:1d.2: detected 2 ports
[    1.663574] uhci_hcd 0000:00:1d.2: irq 18, io base 0x00001860
[    1.665970] usb usb4: New USB device found, idVendor=1d6b, idProduct=0001, bcdDevice= 4.19
[    1.668188] usb usb4: New USB device strings: Mfr=3, Product=2, SerialNumber=1
[    1.670400] usb usb4: Product: UHCI Host Controller
[    1.672564] usb usb4: Manufacturer: Linux 4.19.0-rc1+ uhci_hcd
[    1.674751] usb usb4: SerialNumber: 0000:00:1d.2
[    1.677114] hub 4-0:1.0: USB hub found
[    1.679312] hub 4-0:1.0: 2 ports detected
[    1.681848] uhci_hcd 0000:00:1d.3: UHCI Host Controller
[    1.684092] uhci_hcd 0000:00:1d.3: new USB bus registered, assigned bus number 5
[    1.686297] uhci_hcd 0000:00:1d.3: detected 2 ports
[    1.688464] uhci_hcd 0000:00:1d.3: irq 19, io base 0x00001880
[    1.690784] usb usb5: New USB device found, idVendor=1d6b, idProduct=0001, bcdDevice= 4.19
[    1.693004] usb usb5: New USB device strings: Mfr=3, Product=2, SerialNumber=1
[    1.695195] usb usb5: Product: UHCI Host Controller
[    1.697396] usb usb5: Manufacturer: Linux 4.19.0-rc1+ uhci_hcd
[    1.699554] usb usb5: SerialNumber: 0000:00:1d.3
[    1.701882] hub 5-0:1.0: USB hub found
[    1.704020] hub 5-0:1.0: 2 ports detected
[    1.706432] usbcore: registered new interface driver cdc_acm
[    1.708517] cdc_acm: USB Abstract Control Model driver for USB modems and ISDN adapters
[    1.710722] usbcore: registered new interface driver usblp
[    1.712958] usbcore: registered new interface driver cdc_wdm
[    1.715165] usbcore: registered new interface driver usb-storage
[    1.717322] usbcore: registered new interface driver ums-sddr09
[    1.719441] usbcore: registered new interface driver usbserial_generic
[    1.721541] usbserial: USB Serial support registered for generic
[    1.723598] usbcore: registered new interface driver ch341
[    1.725647] usbserial: USB Serial support registered for ch341-uart
[    1.727697] usbcore: registered new interface driver ftdi_sio
[    1.729758] usbserial: USB Serial support registered for FTDI USB Serial Device
[    1.731928] usbcore: registered new interface driver option
[    1.734059] usbserial: USB Serial support registered for GSM modem (1-port)
[    1.736341] usbcore: registered new interface driver pl2303
[    1.738552] usbserial: USB Serial support registered for pl2303
[    1.740783] usbcore: registered new interface driver ti_usb_3410_5052
[    1.743011] usbserial: USB Serial support registered for TI USB 3410 1 port adapter
[    1.745311] usbserial: USB Serial support registered for TI USB 5052 2 port adapter
[    1.747505] ftdi_elan: driver ftdi-elan
[    1.749694] usbcore: registered new interface driver ftdi-elan
[    1.751942] i8042: PNP: PS/2 Controller [PNP0303:KBD,PNP0f13:MOU] at 0x60,0x64 irq 1,12
[    1.764176] serio: i8042 KBD port at 0x60,0x64 irq 1
[    1.766454] serio: i8042 AUX port at 0x60,0x64 irq 12
[    1.768921] mousedev: PS/2 mouse device common for all mice
[    1.771611] input: PC Speaker as /devices/platform/pcspkr/input/input4
[    1.774131] rtc_cmos 00:02: RTC can wake from S4
[    1.776675] rtc_cmos 00:02: registered as rtc0
[    1.778980] rtc_cmos 00:02: alarms up to one month, y3k, 114 bytes nvram, hpet irqs
[    1.781399] usbcore: registered new interface driver uvcvideo
[    1.783692] USB Video Class driver (1.1.1)
[    1.785964] gspca_main: v2.14.0 registered
[    1.788215] usbcore: registered new interface driver sq930x
[    1.790881] device-mapper: ioctl: 4.39.0-ioctl (2018-04-03) initialised: dm-devel@redhat.com
[    1.793262] Bluetooth: HCI UART driver ver 2.3
[    1.795614] Bluetooth: HCI UART protocol H4 registered
[    1.797988] Bluetooth: HCI UART protocol BCSP registered
[    1.800359] usbcore: registered new interface driver btusb
[    1.802723] sdhci: Secure Digital Host Controller Interface driver
[    1.805020] sdhci: Copyright(c) Pierre Ossman
[    1.807363] sdhci-pci 0000:15:00.2: SDHCI controller found [1180:0822] (rev 18)
[    1.809935] sdhci-pci 0000:15:00.2: Will use DMA mode even though HW doesn't fully claim to support it.
[    1.812474] mmc0 bounce up to 128 segments into one, max segment size 65536 bytes
[    1.815080] sdhci-pci 0000:15:00.2: Will use DMA mode even though HW doesn't fully claim to support it.
[    1.817913] mmc0: SDHCI controller on PCI [0000:15:00.2] using DMA
[    1.820652] input: AT Translated Set 2 keyboard as /devices/platform/i8042/serio0/input/input5
[    1.820667] hidraw: raw HID events driver (C) Jiri Kosina
[    1.826568] usbcore: registered new interface driver usbhid
[    1.829308] usbhid: USB HID core driver
[    1.832027] sdhci-pci 0000:15:00.2: Will use DMA mode even though HW doesn't fully claim to support it.
[    1.834273] thinkpad_acpi: ThinkPad ACPI Extras v0.26
[    1.837602] thinkpad_acpi: http://ibm-acpi.sf.net/
[    1.840328] thinkpad_acpi: ThinkPad BIOS 7BETD8WW (2.19 ), EC 7BHT40WW-1.13
[    1.843091] thinkpad_acpi: Lenovo ThinkPad X60, model 17097HU
[    1.849030] thinkpad_acpi: ACPI backlight control delay disabled
[    1.852238] thinkpad_acpi: radio switch found; radios are enabled
[    1.855000] thinkpad_acpi: This ThinkPad has standard ACPI backlight brightness control, supported by the ACPI video driver
[    1.860612] thinkpad_acpi: Disabling thinkpad-acpi brightness events by default...
[    1.869309] thinkpad_acpi: rfkill switch tpacpi_bluetooth_sw: radio is blocked
[    1.873628] thinkpad_acpi: warning: userspace override of important firmware LEDs is enabled
[    1.881149] thinkpad_acpi: Standard ACPI backlight interface available, not loading native one
[    1.884111] thinkpad_acpi: volume: disabled as there is no ALSA support in this kernel
[    1.887583] thinkpad_acpi: battery 1 registered (start 0, stop 0)
[    1.887592] battery: new extension: ThinkPad Battery Extension
[    1.893789] input: ThinkPad Extra Buttons as /devices/platform/thinkpad_acpi/input/input8
[    1.899113] snd_hda_intel 0000:00:1b.0: probe_mask set to 0x1 for device 17aa:2010
[    1.902266] usbcore: registered new interface driver snd-usb-audio
[    1.905765] NET: Registered protocol family 17
[    1.909515] Bluetooth: RFCOMM TTY layer initialized
[    1.912527] Bluetooth: RFCOMM socket layer initialized
[    1.915489] Bluetooth: RFCOMM ver 1.11
[    1.918453] Bluetooth: BNEP (Ethernet Emulation) ver 1.3
[    1.921427] Bluetooth: BNEP filters: protocol multicast
[    1.924373] Bluetooth: BNEP socket layer initialized
[    1.927283] Bluetooth: HIDP (Human Interface Emulation) ver 1.2
[    1.930208] Bluetooth: HIDP socket layer initialized
[    1.933284] microcode: sig=0x6e8, pf=0x20, revision=0x39
[    1.936222] microcode: Microcode Update Driver: v2.2.
[    1.936228] Using IPI No-Shortcut mode
[    1.942155] Loading compiled-in X.509 certificates
[    1.945222] Key type encrypted registered
[    1.948184] rtc_cmos 00:02: setting system clock to 2018-09-10 14:15:08 UTC (1536588908)
[    1.953200] cfg80211: Loading compiled-in X.509 certificates for regulatory database
[    1.961041] snd_hda_codec_analog hdaudioC0D0: autoconfig for AD1981: line_outs=1 (0x5/0x0/0x0/0x0/0x0) type:speaker
[    1.962342] cfg80211: Loaded X.509 cert 'sforshee: 00b28ddf47aef9cea7'
[    1.966469] snd_hda_codec_analog hdaudioC0D0:    speaker_outs=0 (0x0/0x0/0x0/0x0/0x0)
[    1.969527] platform regulatory.0: Direct firmware load for regulatory.db failed with error -2
[    1.971956] snd_hda_codec_analog hdaudioC0D0:    hp_outs=0 (0x0/0x0/0x0/0x0/0x0)
[    1.974720] cfg80211: failed to load regulatory.db
[    1.974756] PM: Image not found (code -22)
[    1.977573] snd_hda_codec_analog hdaudioC0D0:    mono: mono_out=0x0
[    1.980395] ALSA device list:
[    1.983283] snd_hda_codec_analog hdaudioC0D0:    inputs:
[    1.986057]   No soundcards found.
[    1.988796] snd_hda_codec_analog hdaudioC0D0:      Mic=0x8
[    1.994122] snd_hda_codec_analog hdaudioC0D0:      CD=0x19
[    2.176669] usb 5-2: new full-speed USB device number 2 using uhci_hcd
[    2.377153] usb 5-2: New USB device found, idVendor=0483, idProduct=2016, bcdDevice= 0.01
[    2.381752] usb 5-2: New USB device strings: Mfr=1, Product=2, SerialNumber=0
[    2.386298] usb 5-2: Product: Biometric Coprocessor
[    2.390789] usb 5-2: Manufacturer: STMicroelectronics
[    2.697429] psmouse serio1: trackpoint: IBM TrackPoint firmware: 0x0e, buttons: 3/3
[    2.719426] input: TPPS/2 IBM TrackPoint as /devices/platform/i8042/serio1/input/input7
[    2.727608] md: Waiting for all devices to be available before autodetect
[    2.731033] md: If you don't use raid, use raid=noautodetect
[    2.734686] md: Autodetecting RAID arrays.
[    2.738098] md: autorun ...
[    2.741481] md: ... autorun DONE.
[    2.754695] EXT4-fs (sda4): mounted filesystem with ordered data mode. Opts: (null)
[    2.757378] VFS: Mounted root (ext4 filesystem) readonly on device 8:4.
[    2.762477] devtmpfs: mounted
[    2.767662] Freeing unused kernel image memory: 580K
[    2.784843] Write protecting the kernel text: 11868k
[    2.788516] Write protecting the kernel read-only data: 3884k
[    2.792075] NX-protecting the kernel data: 6564k
[    2.796200] x86/mm: Checked W+X mappings: passed, no W+X pages found.
[    2.798932] rodata_test: all tests were successful
[    2.801768] x86/mm: Checking user space page tables
[    2.804513] x86/mm: Checked W+X mappings: passed, no W+X pages found.
[    2.807177] Run /sbin/init as init process
[    3.061501] random: systemd: uninitialized urandom read (16 bytes read)
[    3.065835] systemd[1]: systemd 215 running in system mode. (+PAM +AUDIT +SELINUX +IMA +SYSVINIT +LIBCRYPTSETUP +GCRYPT +ACL +XZ -SECCOMP -APPARMOR)
[    3.092853] systemd[1]: Detected architecture 'x86'.
[    3.174916] systemd[1]: Failed to insert module 'ipv6'
[    3.179747] systemd[1]: Set hostname to <amd>.
[    3.228873] random: systemd-sysv-ge: uninitialized urandom read (16 bytes read)
[    3.324549] random: systemd-sysv-ge: uninitialized urandom read (16 bytes read)
[    3.416665] usb 5-1: new full-speed USB device number 3 using uhci_hcd
[    3.503374] systemd[1]: Binding to IPv6 address not available since kernel does not support IPv6.
[    3.506896] systemd[1]: [/lib/systemd/system/gpsd.socket:6] Failed to parse address value, ignoring: [::1]:2947
[    3.516099] systemd[1]: Starting Forward Password Requests to Wall Directory Watch.
[    3.519800] systemd[1]: Started Forward Password Requests to Wall Directory Watch.
[    3.522519] systemd[1]: Starting Remote File Systems (Pre).
[    3.528555] systemd[1]: Reached target Remote File Systems (Pre).
[    3.610945] usb 5-1: New USB device found, idVendor=0a5c, idProduct=2110, bcdDevice= 1.00
[    3.610948] usb 5-1: New USB device strings: Mfr=1, Product=2, SerialNumber=0
[    3.610950] usb 5-1: Product: BCM2045B
[    3.610952] usb 5-1: Manufacturer: Broadcom Corp
[    3.961176] systemd-udevd[2331]: starting version 215
[    4.489313] e1000e 0000:02:00.0 eth1: renamed from eth0
[    4.500885] systemd-udevd[2371]: renamed network interface eth0 to eth1
[    4.898735] EXT4-fs (sda4): re-mounted. Opts: errors=remount-ro
[    5.128771] usb 5-1: USB disconnect, device number 3
[    5.236691] random: crng init done
[    5.240532] random: 7 urandom warning(s) missed due to ratelimiting
[    5.400432] Adding 2097148k swap on /dev/sda1.  Priority:-2 extents:1 across:2097148k 
[    5.590586] EXT4-fs (sda2): mounted filesystem with ordered data mode. Opts: errors=remount-ro
[    5.664484] systemd-journald[2327]: Received request to flush runtime journal from PID 1
[   10.639777] NFSD: Using /var/lib/nfs/v4recovery as the NFSv4 state recovery directory
[   10.652825] NFSD: starting 45-second grace period (net f0000098)
[   14.768294] iwl3945 0000:03:00.0: loaded firmware version 15.32.2.9
[   18.122908] e1000e: eth1 NIC Link is Up 100 Mbps Full Duplex, Flow Control: Rx/Tx
[   18.123069] e1000e 0000:02:00.0 eth1: 10/100 speed: disabling TSO
[   18.866582] wlan0: authenticate with 00:00:00:00:00:01
[   18.869631] wlan0: send auth to 00:00:00:00:00:01 (try 1/3)
[   18.871403] wlan0: authenticated
[   18.872734] wlan0: associate with 00:00:00:00:00:01 (try 1/3)
[   18.875529] wlan0: RX AssocResp from 00:00:00:00:00:01 (capab=0x401 status=0 aid=8)
[   18.877090] wlan0: associated
[   64.930851] wlan0: deauthenticating from 00:00:00:00:00:01 by local choice (Reason: 3=DEAUTH_LEAVING)
[   65.082589] PM: suspend entry (deep)
[   65.082595] PM: Syncing filesystems ... done.
[   65.124348] Freezing user space processes ... (elapsed 0.004 seconds) done.
[   65.128804] OOM killer disabled.
[   65.128806] Freezing remaining freezable tasks ... (elapsed 0.003 seconds) done.
[   65.132821] Suspending console(s) (use no_console_suspend to debug)
[   65.156119] e1000e: EEE TX LPI TIMER: 00000000
[   65.169039] sd 0:0:0:0: [sda] Synchronizing SCSI cache
[   65.169815] sd 0:0:0:0: [sda] Stopping disk
[   65.498100] PM: suspend devices took 0.364 seconds
[   65.517262] ACPI: EC: interrupt blocked
[   65.537546] ACPI: Preparing to enter system sleep state S3
[   65.552302] ACPI: EC: event blocked
[   65.552303] ACPI: EC: EC stopped
[   65.552305] PM: Saving platform NVS memory
[   65.552477] Disabling non-boot CPUs ...
[   65.565017] IRQ 17: no longer affine to CPU1
[   65.565899] smpboot: CPU 1 is now offline
[   65.566147] ACPI: Low-level resume complete
[   65.566147] ACPI: EC: EC started
[   65.566147] PM: Restoring platform NVS memory
[   65.566418] Enabling non-boot CPUs ...
[   65.566520] x86: Booting SMP configuration:
[   65.566522] smpboot: Booting Node 0 Processor 1 APIC 0x1
[   65.565877] Initializing CPU#1
[   65.565877] Disabled fast string operations
[   65.568025]  cache: parent cpu1 should not be sleeping
[   65.569329] CPU1 is up
[   65.570578] ACPI: Waking up from system sleep state S3
[   65.594841] ACPI: EC: interrupt unblocked
[   65.693347] sdhci-pci 0000:15:00.2: Will use DMA mode even though HW doesn't fully claim to support it.
[   65.693359] sdhci-pci 0000:15:00.2: Will use DMA mode even though HW doesn't fully claim to support it.
[   65.693395] usb usb5: root hub lost power or was reset
[   65.693526] ata6: port disabled--ignoring
[   65.694003] sd 0:0:0:0: [sda] Starting disk
[   65.694336] ACPI: button: The lid device is not compliant to SW_LID.
[   65.694349] ACPI: EC: event unblocked
[   65.696803] usb usb2: root hub lost power or was reset
[   65.697057] usb usb3: root hub lost power or was reset
[   65.697126] usb usb4: root hub lost power or was reset
[   65.871199] thinkpad_acpi: ACPI backlight control delay disabled
[   66.048689] usb 5-2: reset full-speed USB device number 2 using uhci_hcd
[   68.402859] e1000e: eth1 NIC Link is Up 100 Mbps Full Duplex, Flow Control: Rx/Tx
[   68.403010] e1000e 0000:02:00.0 eth1: 10/100 speed: disabling TSO
[   69.848678] ata1: SATA link up 1.5 Gbps (SStatus 113 SControl 300)
[   69.849341] ata1.00: ACPI cmd ef/02:00:00:00:00:a0 (SET FEATURES) succeeded
[   69.849345] ata1.00: ACPI cmd f5/00:00:00:00:00:a0 (SECURITY FREEZE LOCK) filtered out
[   69.849348] ata1.00: ACPI cmd ef/10:03:00:00:00:a0 (SET FEATURES) filtered out
[   69.850617] ata1.00: ACPI cmd ef/02:00:00:00:00:a0 (SET FEATURES) succeeded
[   69.850621] ata1.00: ACPI cmd f5/00:00:00:00:00:a0 (SECURITY FREEZE LOCK) filtered out
[   69.850624] ata1.00: ACPI cmd ef/10:03:00:00:00:a0 (SET FEATURES) filtered out
[   69.851082] ata1.00: configured for UDMA/133
[   74.419225] PM: resume devices took 8.728 seconds
[   74.419548] OOM killer enabled.
[   74.419549] Restarting tasks ... done.
[   74.429078] video LNXVIDEO:00: Restoring backlight state
[   74.462235] PM: suspend exit
[   74.553094] e1000e: eth1 NIC Link is Down
[   77.039208] wlan0: authenticate with 00:00:00:00:00:01
[   77.039252] wlan0: send auth to 00:00:00:00:00:01 (try 1/3)
[   77.041000] wlan0: authenticated
[   77.042912] e1000e: eth1 NIC Link is Up 100 Mbps Full Duplex, Flow Control: Rx/Tx
[   77.043065] e1000e 0000:02:00.0 eth1: 10/100 speed: disabling TSO
[   77.048670] wlan0: associate with 00:00:00:00:00:01 (try 1/3)
[   77.145581] wlan0: RX AssocResp from 00:00:00:00:00:01 (capab=0x401 status=0 aid=8)
[   77.148624] wlan0: associated
