[    0.000000] Linux version 5.5.0-next-20200130+ (pavel@pollux.denx.de) (gcc version 9.2.1 20190827 (Red Hat 9.2.1-1) (GCC)) #95 SMP PREEMPT Thu Jan 30 19:14:04 CET 2020
[    0.000000] Disabled fast string operations
[    0.000000] x86/fpu: x87 FPU will use FXSAVE
[    0.000000] BIOS-provided physical RAM map:
[    0.000000] BIOS-e820: [mem 0x0000000000000000-0x000000000009efff] usable
[    0.000000] BIOS-e820: [mem 0x000000000009f000-0x000000000009ffff] reserved
[    0.000000] BIOS-e820: [mem 0x00000000000dc000-0x00000000000fffff] reserved
[    0.000000] BIOS-e820: [mem 0x0000000000100000-0x00000000bf6cffff] usable
[    0.000000] BIOS-e820: [mem 0x00000000bf6d0000-0x00000000bf6defff] ACPI data
[    0.000000] BIOS-e820: [mem 0x00000000bf6df000-0x00000000bf6fffff] ACPI NVS
[    0.000000] BIOS-e820: [mem 0x00000000bf700000-0x00000000bfffffff] reserved
[    0.000000] BIOS-e820: [mem 0x00000000f0000000-0x00000000f3ffffff] reserved
[    0.000000] BIOS-e820: [mem 0x00000000fec00000-0x00000000fec0ffff] reserved
[    0.000000] BIOS-e820: [mem 0x00000000fed00000-0x00000000fed003ff] reserved
[    0.000000] BIOS-e820: [mem 0x00000000fed14000-0x00000000fed19fff] reserved
[    0.000000] BIOS-e820: [mem 0x00000000fed1c000-0x00000000fed8ffff] reserved
[    0.000000] BIOS-e820: [mem 0x00000000fee00000-0x00000000fee00fff] reserved
[    0.000000] BIOS-e820: [mem 0x00000000ff800000-0x00000000ffffffff] reserved
[    0.000000] NX (Execute Disable) protection: active
[    0.000000] SMBIOS 2.4 present.
[    0.000000] DMI: LENOVO 17097HU/17097HU, BIOS 7BETD8WW (2.19 ) 03/31/2011
[    0.000000] tsc: Fast TSC calibration using PIT
[    0.000000] tsc: Detected 1828.736 MHz processor
[    0.013418] e820: update [mem 0x00000000-0x00000fff] usable ==> reserved
[    0.013424] e820: remove [mem 0x000a0000-0x000fffff] usable
[    0.013435] last_pfn = 0xbf6d0 max_arch_pfn = 0x1000000
[    0.013447] MTRR default type: uncachable
[    0.013450] MTRR fixed ranges enabled:
[    0.013454]   00000-9FFFF write-back
[    0.013457]   A0000-BFFFF uncachable
[    0.013460]   C0000-CFFFF write-protect
[    0.013463]   D0000-DBFFF uncachable
[    0.013466]   DC000-DFFFF write-back
[    0.013469]   E0000-FFFFF write-protect
[    0.013472] MTRR variable ranges enabled:
[    0.013476]   0 base 000000000 mask F80000000 write-back
[    0.013479]   1 base 080000000 mask FC0000000 write-back
[    0.013482]   2 base 0BF700000 mask FFFF00000 uncachable
[    0.013486]   3 base 0BF800000 mask FFF800000 uncachable
[    0.013488]   4 disabled
[    0.013491]   5 disabled
[    0.013493]   6 disabled
[    0.013496]   7 disabled
[    0.014600] x86/PAT: PAT not supported by the CPU.
[    0.015808] x86/PAT: Configuration [0-7]: WB  WT  UC- UC  WB  WT  UC- UC  
[    0.015829] initial memory mapped: [mem 0x00000000-0x05bfffff]
[    0.015914] BRK [0x05662000, 0x05662fff] PGTABLE
[    0.015936] BRK [0x05663000, 0x05663fff] PGTABLE
[    0.015946] ACPI: Early table checksum verification disabled
[    0.015958] ACPI: RSDP 0x00000000000F67C0 000024 (v02 LENOVO)
[    0.015966] ACPI: XSDT 0x00000000BF6D191C 000084 (v01 LENOVO TP-7B    00002190  LTP 00000000)
[    0.015979] ACPI: FACP 0x00000000BF6D1A00 0000F4 (v03 LENOVO TP-7B    00002190 LNVO 00000001)
[    0.015990] ACPI BIOS Warning (bug): 32/64X length mismatch in FADT/Gpe0Block: 64/32 (20200110/tbfadt-564)
[    0.015998] ACPI BIOS Warning (bug): Optional FADT field Gpe1Block has valid Address but zero Length: 0x000000000000102C/0x0 (20200110/tbfadt-615)
[    0.016008] ACPI: DSDT 0x00000000BF6D1D90 00CFB9 (v01 LENOVO TP-7B    00002190 MSFT 0100000E)
[    0.016018] ACPI: FACS 0x00000000BF6F4000 000040
[    0.016025] ACPI: FACS 0x00000000BF6F4000 000040
[    0.016033] ACPI: SSDT 0x00000000BF6D1BB4 0001DC (v01 LENOVO TP-7B    00002190 MSFT 0100000E)
[    0.016042] ACPI: ECDT 0x00000000BF6DED49 000052 (v01 LENOVO TP-7B    00002190 LNVO 00000001)
[    0.016051] ACPI: TCPA 0x00000000BF6DED9B 000032 (v02 LENOVO TP-7B    00002190 LNVO 00000001)
[    0.016060] ACPI: APIC 0x00000000BF6DEDCD 000068 (v01 LENOVO TP-7B    00002190 LNVO 00000001)
[    0.016070] ACPI: MCFG 0x00000000BF6DEE35 00003C (v01 LENOVO TP-7B    00002190 LNVO 00000001)
[    0.016079] ACPI: HPET 0x00000000BF6DEE71 000038 (v01 LENOVO TP-7B    00002190 LNVO 00000001)
[    0.016088] ACPI: BOOT 0x00000000BF6DEFD8 000028 (v01 LENOVO TP-7B    00002190  LTP 00000001)
[    0.016097] ACPI: SSDT 0x00000000BF6F2645 00025F (v01 LENOVO TP-7B    00002190 INTL 20050513)
[    0.016106] ACPI: SSDT 0x00000000BF6F28A4 0000A6 (v01 LENOVO TP-7B    00002190 INTL 20050513)
[    0.016115] ACPI: SSDT 0x00000000BF6F294A 0004F7 (v01 LENOVO TP-7B    00002190 INTL 20050513)
[    0.016124] ACPI: SSDT 0x00000000BF6F2E41 0001D8 (v01 LENOVO TP-7B    00002190 INTL 20050513)
[    0.016145] ACPI: Local APIC address 0xfee00000
[    0.016153] 2176MB HIGHMEM available.
[    0.016157] 885MB LOWMEM available.
[    0.016161]   mapped low ram: 0 - 375fe000
[    0.016165]   low ram: 0 - 375fe000
[    0.016176] BRK [0x05664000, 0x05664fff] PGTABLE
[    0.016181] Zone ranges:
[    0.016185]   DMA      [mem 0x0000000000001000-0x0000000000ffffff]
[    0.016190]   Normal   [mem 0x0000000001000000-0x00000000375fdfff]
[    0.016195]   HighMem  [mem 0x00000000375fe000-0x00000000bf6cffff]
[    0.016200] Movable zone start for each node
[    0.016203] Early memory node ranges
[    0.016208]   node   0: [mem 0x0000000000001000-0x000000000009efff]
[    0.016212]   node   0: [mem 0x0000000000100000-0x00000000bf6cffff]
[    0.016217] Initmem setup node 0 [mem 0x0000000000001000-0x00000000bf6cffff]
[    0.016222] On node 0 totalpages: 783982
[    0.027630]   DMA zone: 32 pages used for memmap
[    0.027634]   DMA zone: 0 pages reserved
[    0.027637]   DMA zone: 3998 pages, LIFO batch:0
[    0.027748]   Normal zone: 1740 pages used for memmap
[    0.027750]   Normal zone: 222718 pages, LIFO batch:63
[    0.033425]   HighMem zone: 557266 pages, LIFO batch:63
[    0.047721] Using APIC driver default
[    0.047739] Reserving Intel graphics memory at [mem 0xbf800000-0xbfffffff]
[    0.048222] ACPI: PM-Timer IO Port: 0x1008
[    0.048228] ACPI: Local APIC address 0xfee00000
[    0.048242] ACPI: LAPIC_NMI (acpi_id[0x00] high edge lint[0x1])
[    0.048247] ACPI: LAPIC_NMI (acpi_id[0x01] high edge lint[0x1])
[    0.048272] IOAPIC[0]: apic_id 1, version 32, address 0xfec00000, GSI 0-23
[    0.048279] ACPI: INT_SRC_OVR (bus 0 bus_irq 0 global_irq 2 dfl dfl)
[    0.048286] ACPI: INT_SRC_OVR (bus 0 bus_irq 9 global_irq 9 high level)
[    0.048292] ACPI: IRQ0 used by override.
[    0.048296] ACPI: IRQ9 used by override.
[    0.048301] Using ACPI (MADT) for SMP configuration information
[    0.048307] ACPI: HPET id: 0x8086a201 base: 0xfed00000
[    0.048318] smpboot: Allowing 2 CPUs, 0 hotplug CPUs
[    0.048357] PM: hibernation: Registered nosave memory: [mem 0x00000000-0x00000fff]
[    0.048363] PM: hibernation: Registered nosave memory: [mem 0x0009f000-0x0009ffff]
[    0.048367] PM: hibernation: Registered nosave memory: [mem 0x000a0000-0x000dbfff]
[    0.048372] PM: hibernation: Registered nosave memory: [mem 0x000dc000-0x000fffff]
[    0.048380] [mem 0xc0000000-0xefffffff] available for PCI devices
[    0.048389] clocksource: refined-jiffies: mask: 0xffffffff max_cycles: 0xffffffff, max_idle_ns: 7645519600211568 ns
[    0.048403] setup_percpu: NR_CPUS:8 nr_cpumask_bits:8 nr_cpu_ids:2 nr_node_ids:1
[    0.048685] percpu: Embedded 39 pages/cpu s127592 r0 d32152 u159744
[    0.048699] pcpu-alloc: s127592 r0 d32152 u159744 alloc=39*4096
[    0.048702] pcpu-alloc: [0] 0 [0] 1 
[    0.048735] Built 1 zonelists, mobility grouping on.  Total pages: 782210
[    0.048745] Kernel command line: BOOT_IMAGE=(hd0,2)/fast/l/linux-next-32/arch/x86/boot/bzImage root=/dev/sda4 resume=/dev/sda1
[    0.049160] Dentry cache hash table entries: 131072 (order: 7, 524288 bytes, linear)
[    0.049273] Inode-cache hash table entries: 65536 (order: 6, 262144 bytes, linear)
[    0.049315] mem auto-init: stack:off, heap alloc:off, heap free:off
[    0.082140] Initializing HighMem for node 0 (000375fe:000bf6d0)
[    0.439343] Initializing Movable for node 0 (00000000:00000000)
[    0.512484] Memory: 3021388K/3135928K available (13003K kernel code, 684K rwdata, 5272K rodata, 660K init, 2916K bss, 114540K reserved, 0K cma-reserved, 2229064K highmem)
[    0.512496] virtual kernel memory layout:
    fixmap  : 0xffe72000 - 0xfffff000   (1588 kB)
  cpu_entry : 0xffa00000 - 0xffb59000   (1380 kB)
    pkmap   : 0xff600000 - 0xff800000   (2048 kB)
    vmalloc : 0xf7dfe000 - 0xff5fe000   ( 120 MB)
    lowmem  : 0xc0000000 - 0xf75fe000   ( 885 MB)
      .init : 0xc52aa000 - 0xc534f000   ( 660 kB)
      .data : 0xc4cb2d7c - 0xc52850c0   (5960 kB)
      .text : 0xc4000000 - 0xc4cb2d7c   (13003 kB)
[    0.512502] Checking if this processor honours the WP bit even in supervisor mode...Ok.
[    0.512570] random: get_random_u32 called from cache_alloc_refill+0x627/0xb00 with crng_init=0
[    0.513773] Kernel/User page tables isolation: enabled
[    0.514069] rcu: Preemptible hierarchical RCU implementation.
[    0.514074] rcu: 	RCU restricting CPUs from NR_CPUS=8 to nr_cpu_ids=2.
[    0.514079] 	Tasks RCU enabled.
[    0.514083] rcu: RCU calculated value of scheduler-enlistment delay is 25 jiffies.
[    0.514087] rcu: Adjusting geometry for rcu_fanout_leaf=16, nr_cpu_ids=2
[    0.514131] NR_IRQS: 2304, nr_irqs: 56, preallocated irqs: 16
[    0.517094] Console: colour VGA+ 80x25
[    0.525464] printk: console [tty0] enabled
[    0.525537] Lock dependency validator: Copyright (c) 2006 Red Hat, Inc., Ingo Molnar
[    0.525629] ... MAX_LOCKDEP_SUBCLASSES:  8
[    0.525701] ... MAX_LOCK_DEPTH:          48
[    0.525774] ... MAX_LOCKDEP_KEYS:        8192
[    0.525848] ... CLASSHASH_SIZE:          4096
[    0.525922] ... MAX_LOCKDEP_ENTRIES:     32768
[    0.525996] ... MAX_LOCKDEP_CHAINS:      65536
[    0.526071] ... CHAINHASH_SIZE:          32768
[    0.526145]  memory used by lock dependency info: 1797 kB
[    0.526225]  per task-struct memory footprint: 1344 bytes
[    0.526316] ACPI: Core revision 20200110
[    0.526748] clocksource: hpet: mask: 0xffffffff max_cycles: 0xffffffff, max_idle_ns: 133484882848 ns
[    0.526888] APIC: Switch to symmetric I/O mode setup
[    0.526966] Enabling APIC mode:  Flat.  Using 1 I/O APICs
[    0.527597] ..TIMER: vector=0x30 apic1=0 pin1=2 apic2=-1 pin2=-1
[    0.546887] clocksource: tsc-early: mask: 0xffffffffffffffff max_cycles: 0x1a5c3380d7b, max_idle_ns: 440795254652 ns
[    0.547014] Calibrating delay loop (skipped), value calculated using timer frequency.. 3657.47 BogoMIPS (lpj=7314944)
[    0.547138] pid_max: default: 32768 minimum: 301
[    0.547471] Mount-cache hash table entries: 2048 (order: 1, 8192 bytes, linear)
[    0.547570] Mountpoint-cache hash table entries: 2048 (order: 1, 8192 bytes, linear)
[    0.548462] Disabled fast string operations
[    0.548551] process: using mwait in idle threads
[    0.548636] Last level iTLB entries: 4KB 128, 2MB 0, 4MB 2
[    0.548718] Last level dTLB entries: 4KB 128, 2MB 0, 4MB 8, 1GB 0
[    0.548805] Spectre V1 : Mitigation: usercopy/swapgs barriers and __user pointer sanitization
[    0.548917] Spectre V2 : Mitigation: Full generic retpoline
[    0.548999] Spectre V2 : Spectre v2 / SpectreRSB mitigation: Filling RSB on context switch
[    0.549096] L1TF: System has more than MAX_PA/2 memory. L1TF mitigation not effective.
[    0.549190] L1TF: You may make it effective by booting the kernel with mem=2147483648 parameter.
[    0.549302] L1TF: However, doing so will make a part of your RAM unusable.
[    0.549390] L1TF: Reading https://www.kernel.org/doc/html/latest/admin-guide/hw-vuln/l1tf.html might help you decide.
[    0.549512] MDS: Vulnerable: Clear CPU buffers attempted, no microcode
[    0.549850] Freeing SMP alternatives memory: 44K
[    0.662847] smpboot: CPU0: Genuine Intel(R) CPU           T2400  @ 1.83GHz (family: 0x6, model: 0xe, stepping: 0x8)
[    0.683042] Performance Events: Core events, core PMU driver.
[    0.683138] ... version:                1
[    0.683212] ... bit width:              40
[    0.683287] ... generic registers:      2
[    0.683361] ... value mask:             000000ffffffffff
[    0.683441] ... max period:             000000007fffffff
[    0.683521] ... fixed-purpose events:   0
[    0.683595] ... event mask:             0000000000000003
[    0.691025] rcu: Hierarchical SRCU implementation.
[    0.703089] NMI watchdog: Enabled. Permanently consumes one hw-PMU counter.
[    0.711040] smp: Bringing up secondary CPUs ...
[    0.743512] x86: Booting SMP configuration:
[    0.743594] .... node  #0, CPUs:      #1
[    0.016559] Disabled fast string operations
[    0.746042] TSC synchronization [CPU#0 -> CPU#1]:
[    0.746283] Measured 579876 cycles TSC warp between CPUs, turning off TSC clock.
[    0.746387] tsc: Marking TSC unstable due to check_tsc_sync_source failed
[    0.746558] smp: Brought up 1 node, 2 CPUs
[    0.746558] smpboot: Max logical packages: 1
[    0.746558] smpboot: Total of 2 processors activated (7314.94 BogoMIPS)
[    0.748613] devtmpfs: initialized
[    0.748613] PM: Registering ACPI NVS region [mem 0xbf6df000-0xbf6fffff] (135168 bytes)
[    0.748613] clocksource: jiffies: mask: 0xffffffff max_cycles: 0xffffffff, max_idle_ns: 7645041785100000 ns
[    0.748613] futex hash table entries: 512 (order: 3, 32768 bytes, linear)
[    0.751199] thermal_sys: Registered thermal governor 'step_wise'
[    0.751650] NET: Registered protocol family 16
[    0.753888] cpuidle: using governor ladder
[    0.754009] cpuidle: using governor menu
[    0.754244] Simple Boot Flag at 0x35 set to 0x1
[    0.754375] ACPI FADT declares the system doesn't support PCIe ASPM, so disable it
[    0.754468] ACPI: bus type PCI registered
[    0.754792] PCI: MMCONFIG for domain 0000 [bus 00-3f] at [mem 0xf0000000-0xf3ffffff] (base 0xf0000000)
[    0.754912] PCI: MMCONFIG at [mem 0xf0000000-0xf3ffffff] reserved in E820
[    0.755021] PCI: Using MMCONFIG for extended config space
[    0.755105] PCI: Using configuration type 1 for base access
[    0.755601] mtrr: your CPUs had inconsistent variable MTRR settings
[    0.755687] mtrr: probably your BIOS does not setup all CPUs.
[    0.755769] mtrr: corrected configuration.
[    0.835130] ACPI: Added _OSI(Module Device)
[    0.835130] ACPI: Added _OSI(Processor Device)
[    0.835130] ACPI: Added _OSI(3.0 _SCP Extensions)
[    0.835130] ACPI: Added _OSI(Processor Aggregator Device)
[    0.835130] ACPI: Added _OSI(Linux-Dell-Video)
[    0.835130] ACPI: Added _OSI(Linux-Lenovo-NV-HDMI-Audio)
[    0.835130] ACPI: Added _OSI(Linux-HPI-Hybrid-Graphics)
[    0.896087] ACPI: 6 ACPI AML tables successfully acquired and loaded
[    0.900302] ACPI: EC: EC started
[    0.900376] ACPI: EC: interrupt blocked
[    0.905476] ACPI: \: Used as first EC
[    0.905553] ACPI: \: GPE=0x1c, IRQ=-1, EC_CMD/EC_SC=0x66, EC_DATA=0x62
[    0.905640] ACPI: EC: Boot ECDT EC used to handle transactions
[    0.923989] ACPI: Dynamic OEM Table Load:
[    0.924081] ACPI: SSDT 0x00000000F194B400 000240 (v01 PmRef  Cpu0Ist  00000100 INTL 20050513)
[    0.928201] ACPI: Dynamic OEM Table Load:
[    0.928292] ACPI: SSDT 0x00000000F11A9800 00065A (v01 PmRef  Cpu0Cst  00000100 INTL 20050513)
[    0.934785] ACPI: Dynamic OEM Table Load:
[    0.934873] ACPI: SSDT 0x00000000F10ABA00 0000C8 (v01 PmRef  Cpu1Ist  00000100 INTL 20050513)
[    0.938351] ACPI: Dynamic OEM Table Load:
[    0.938440] ACPI: SSDT 0x00000000F18C0D80 000085 (v01 PmRef  Cpu1Cst  00000100 INTL 20050513)
[    0.942473] ACPI: Interpreter enabled
[    0.942621] ACPI: (supports S0 S3 S4 S5)
[    0.942701] ACPI: Using IOAPIC for interrupt routing
[    0.943016] PCI: Using host bridge windows from ACPI; if necessary, use "pci=nocrs" and report a bug
[    0.944007] ACPI: Enabled 4 GPEs in block 00 to 1F
[    0.967704] ACPI: Power Resource [PUBS] (on)
[    0.971139] acpi PNP0C0A:01: ACPI dock station (docks/bays count: 1)
[    0.979138] acpi LNXIOBAY:00: ACPI dock station (docks/bays count: 2)
[    0.991138] acpi IBM0079:00: ACPI dock station (docks/bays count: 3)
[    0.995127] ACPI: PCI Interrupt Link [LNKA] (IRQs 3 4 5 6 7 9 10 *11)
[    0.995127] ACPI: PCI Interrupt Link [LNKB] (IRQs 3 4 5 6 7 9 10 *11)
[    0.995127] ACPI: PCI Interrupt Link [LNKC] (IRQs 3 4 5 6 7 9 10 *11)
[    0.995886] ACPI: PCI Interrupt Link [LNKD] (IRQs 3 4 5 6 7 9 10 *11)
[    0.996748] ACPI: PCI Interrupt Link [LNKE] (IRQs 3 4 5 6 7 9 10 *11)
[    0.997609] ACPI: PCI Interrupt Link [LNKF] (IRQs 3 4 5 6 7 9 10 *11)
[    0.998471] ACPI: PCI Interrupt Link [LNKG] (IRQs 3 4 5 6 7 9 10 *11)
[    0.999344] ACPI: PCI Interrupt Link [LNKH] (IRQs 3 4 5 6 7 9 10 *11)
[    1.003141] ACPI: PCI Root Bridge [PCI0] (domain 0000 [bus 00-ff])
[    1.003141] acpi PNP0A08:00: _OSC: OS supports [ExtendedConfig ASPM ClockPM Segments HPX-Type3]
[    1.003141] acpi PNP0A08:00: _OSC: not requesting OS control; OS requires [ExtendedConfig ASPM ClockPM MSI]
[    1.003141] acpi PNP0A08:00: [Firmware Info]: MMCONFIG for domain 0000 [bus 00-3f] only partially covers this bridge
[    1.003141] PCI host bridge to bus 0000:00
[    1.003141] pci_bus 0000:00: root bus resource [io  0x0000-0x0cf7 window]
[    1.003141] pci_bus 0000:00: root bus resource [io  0x0d00-0xffff window]
[    1.003141] pci_bus 0000:00: root bus resource [mem 0x000a0000-0x000bffff window]
[    1.003141] pci_bus 0000:00: root bus resource [mem 0x000d0000-0x000d3fff window]
[    1.003141] pci_bus 0000:00: root bus resource [mem 0x000d4000-0x000d7fff window]
[    1.003141] pci_bus 0000:00: root bus resource [mem 0x000d8000-0x000dbfff window]
[    1.003141] pci_bus 0000:00: root bus resource [mem 0xc0000000-0xfebfffff window]
[    1.003141] pci_bus 0000:00: root bus resource [mem 0xfed40000-0xfed40fff window]
[    1.003141] pci_bus 0000:00: root bus resource [bus 00-ff]
[    1.003141] pci 0000:00:00.0: [8086:27a0] type 00 class 0x060000
[    1.003203] pci 0000:00:02.0: [8086:27a2] type 00 class 0x030000
[    1.003310] pci 0000:00:02.0: reg 0x10: [mem 0xee100000-0xee17ffff]
[    1.003407] pci 0000:00:02.0: reg 0x14: [io  0x1800-0x1807]
[    1.003500] pci 0000:00:02.0: reg 0x18: [mem 0xd0000000-0xdfffffff pref]
[    1.003600] pci 0000:00:02.0: reg 0x1c: [mem 0xee200000-0xee23ffff]
[    1.007141] pci 0000:00:02.1: [8086:27a6] type 00 class 0x038000
[    1.007141] pci 0000:00:02.1: reg 0x10: [mem 0xee180000-0xee1fffff]
[    1.007141] pci 0000:00:1b.0: [8086:27d8] type 00 class 0x040300
[    1.007141] pci 0000:00:1b.0: reg 0x10: [mem 0xee240000-0xee243fff 64bit]
[    1.007141] pci 0000:00:1b.0: PME# supported from D0 D3hot D3cold
[    1.007141] pci 0000:00:1c.0: [8086:27d0] type 01 class 0x060400
[    1.007141] pci 0000:00:1c.0: PME# supported from D0 D3hot D3cold
[    1.007141] pci 0000:00:1c.1: [8086:27d2] type 01 class 0x060400
[    1.007212] pci 0000:00:1c.1: PME# supported from D0 D3hot D3cold
[    1.011139] pci 0000:00:1c.2: [8086:27d4] type 01 class 0x060400
[    1.011139] pci 0000:00:1c.2: PME# supported from D0 D3hot D3cold
[    1.011139] pci 0000:00:1c.3: [8086:27d6] type 01 class 0x060400
[    1.011139] pci 0000:00:1c.3: PME# supported from D0 D3hot D3cold
[    1.011139] pci 0000:00:1d.0: [8086:27c8] type 00 class 0x0c0300
[    1.011139] pci 0000:00:1d.0: reg 0x20: [io  0x1820-0x183f]
[    1.011139] pci 0000:00:1d.1: [8086:27c9] type 00 class 0x0c0300
[    1.011139] pci 0000:00:1d.1: reg 0x20: [io  0x1840-0x185f]
[    1.011524] pci 0000:00:1d.2: [8086:27ca] type 00 class 0x0c0300
[    1.011689] pci 0000:00:1d.2: reg 0x20: [io  0x1860-0x187f]
[    1.015180] pci 0000:00:1d.3: [8086:27cb] type 00 class 0x0c0300
[    1.015180] pci 0000:00:1d.3: reg 0x20: [io  0x1880-0x189f]
[    1.015180] pci 0000:00:1d.7: [8086:27cc] type 00 class 0x0c0320
[    1.015180] pci 0000:00:1d.7: reg 0x10: [mem 0xee444000-0xee4443ff]
[    1.015180] pci 0000:00:1d.7: PME# supported from D0 D3hot D3cold
[    1.015180] pci 0000:00:1e.0: [8086:2448] type 01 class 0x060401
[    1.015180] pci 0000:00:1f.0: [8086:27b9] type 00 class 0x060100
[    1.015180] pci 0000:00:1f.0: quirk: [io  0x1000-0x107f] claimed by ICH6 ACPI/GPIO/TCO
[    1.015279] pci 0000:00:1f.0: quirk: [io  0x1180-0x11bf] claimed by ICH6 GPIO
[    1.015377] pci 0000:00:1f.0: ICH7 LPC Generic IO decode 1 PIO at 1600 (mask 007f)
[    1.015476] pci 0000:00:1f.0: ICH7 LPC Generic IO decode 2 PIO at 15e0 (mask 000f)
[    1.015575] pci 0000:00:1f.0: ICH7 LPC Generic IO decode 3 PIO at 1680 (mask 001f)
[    1.019140] pci 0000:00:1f.1: [8086:27df] type 00 class 0x01018a
[    1.019140] pci 0000:00:1f.1: reg 0x10: [io  0x0000-0x0007]
[    1.019140] pci 0000:00:1f.1: reg 0x14: [io  0x0000-0x0003]
[    1.019140] pci 0000:00:1f.1: reg 0x18: [io  0x0000-0x0007]
[    1.019140] pci 0000:00:1f.1: reg 0x1c: [io  0x0000-0x0003]
[    1.019140] pci 0000:00:1f.1: reg 0x20: [io  0x1810-0x181f]
[    1.019140] pci 0000:00:1f.1: legacy IDE quirk: reg 0x10: [io  0x01f0-0x01f7]
[    1.019140] pci 0000:00:1f.1: legacy IDE quirk: reg 0x14: [io  0x03f6]
[    1.019140] pci 0000:00:1f.1: legacy IDE quirk: reg 0x18: [io  0x0170-0x0177]
[    1.019140] pci 0000:00:1f.1: legacy IDE quirk: reg 0x1c: [io  0x0376]
[    1.019140] pci 0000:00:1f.2: [8086:27c5] type 00 class 0x010601
[    1.019140] pci 0000:00:1f.2: reg 0x10: [io  0x18d0-0x18d7]
[    1.019140] pci 0000:00:1f.2: reg 0x14: [io  0x18c4-0x18c7]
[    1.019140] pci 0000:00:1f.2: reg 0x18: [io  0x18c8-0x18cf]
[    1.019140] pci 0000:00:1f.2: reg 0x1c: [io  0x18c0-0x18c3]
[    1.019140] pci 0000:00:1f.2: reg 0x20: [io  0x18b0-0x18bf]
[    1.019140] pci 0000:00:1f.2: reg 0x24: [mem 0xee444400-0xee4447ff]
[    1.019140] pci 0000:00:1f.2: PME# supported from D3hot
[    1.019188] pci 0000:00:1f.3: [8086:27da] type 00 class 0x0c0500
[    1.019370] pci 0000:00:1f.3: reg 0x20: [io  0x18e0-0x18ff]
[    1.023139] pci 0000:02:00.0: [8086:109a] type 00 class 0x020000
[    1.023139] pci 0000:02:00.0: reg 0x10: [mem 0xee000000-0xee01ffff]
[    1.023139] pci 0000:02:00.0: reg 0x18: [io  0x2000-0x201f]
[    1.023139] pci 0000:02:00.0: PME# supported from D0 D3hot D3cold
[    1.023139] pci 0000:00:1c.0: PCI bridge to [bus 02]
[    1.023139] pci 0000:00:1c.0:   bridge window [io  0x2000-0x2fff]
[    1.023139] pci 0000:00:1c.0:   bridge window [mem 0xee000000-0xee0fffff]
[    1.023139] pci 0000:03:00.0: [8086:4227] type 00 class 0x028000
[    1.023139] pci 0000:03:00.0: reg 0x10: [mem 0xedf00000-0xedf00fff]
[    1.023139] pci 0000:03:00.0: PME# supported from D0 D3hot D3cold
[    1.027026] pci 0000:00:1c.1: PCI bridge to [bus 03]
[    1.027026] pci 0000:00:1c.1:   bridge window [io  0x3000-0x4fff]
[    1.027026] pci 0000:00:1c.1:   bridge window [mem 0xec000000-0xedffffff]
[    1.027026] pci 0000:00:1c.1:   bridge window [mem 0xe4000000-0xe40fffff 64bit pref]
[    1.027178] pci 0000:00:1c.2: PCI bridge to [bus 04-0b]
[    1.027178] pci 0000:00:1c.2:   bridge window [io  0x5000-0x6fff]
[    1.027178] pci 0000:00:1c.2:   bridge window [mem 0xe8000000-0xe9ffffff]
[    1.027178] pci 0000:00:1c.2:   bridge window [mem 0xe4100000-0xe41fffff 64bit pref]
[    1.027178] pci 0000:00:1c.3: PCI bridge to [bus 0c-13]
[    1.027178] pci 0000:00:1c.3:   bridge window [io  0x7000-0x8fff]
[    1.027178] pci 0000:00:1c.3:   bridge window [mem 0xea000000-0xebffffff]
[    1.027178] pci 0000:00:1c.3:   bridge window [mem 0xe4200000-0xe42fffff 64bit pref]
[    1.027178] pci_bus 0000:15: extended config space not accessible
[    1.027178] pci 0000:15:00.0: [1180:0476] type 02 class 0x060700
[    1.027178] pci 0000:15:00.0: reg 0x10: [mem 0xe4300000-0xe4300fff]
[    1.027178] pci 0000:15:00.0: supports D1 D2
[    1.027178] pci 0000:15:00.0: PME# supported from D0 D1 D2 D3hot D3cold
[    1.027178] pci 0000:15:00.1: [1180:0552] type 00 class 0x0c0010
[    1.027178] pci 0000:15:00.1: reg 0x10: [mem 0xe4301000-0xe43017ff]
[    1.027178] pci 0000:15:00.1: PME# supported from D0 D3hot D3cold
[    1.027178] pci 0000:15:00.2: [1180:0822] type 00 class 0x080500
[    1.027178] pci 0000:15:00.2: reg 0x10: [mem 0xe4301800-0xe43018ff]
[    1.027178] pci 0000:15:00.2: supports D1 D2
[    1.027247] pci 0000:15:00.2: PME# supported from D0 D1 D2 D3hot D3cold
[    1.031018] pci 0000:00:1e.0: PCI bridge to [bus 15-18] (subtractive decode)
[    1.031018] pci 0000:00:1e.0:   bridge window [io  0x9000-0xcfff]
[    1.031018] pci 0000:00:1e.0:   bridge window [mem 0xe4300000-0xe7ffffff]
[    1.031018] pci 0000:00:1e.0:   bridge window [mem 0xe0000000-0xe3ffffff 64bit pref]
[    1.031018] pci 0000:00:1e.0:   bridge window [io  0x0000-0x0cf7 window] (subtractive decode)
[    1.031018] pci 0000:00:1e.0:   bridge window [io  0x0d00-0xffff window] (subtractive decode)
[    1.031018] pci 0000:00:1e.0:   bridge window [mem 0x000a0000-0x000bffff window] (subtractive decode)
[    1.031018] pci 0000:00:1e.0:   bridge window [mem 0x000d0000-0x000d3fff window] (subtractive decode)
[    1.031018] pci 0000:00:1e.0:   bridge window [mem 0x000d4000-0x000d7fff window] (subtractive decode)
[    1.031018] pci 0000:00:1e.0:   bridge window [mem 0x000d8000-0x000dbfff window] (subtractive decode)
[    1.031018] pci 0000:00:1e.0:   bridge window [mem 0xc0000000-0xfebfffff window] (subtractive decode)
[    1.031018] pci 0000:00:1e.0:   bridge window [mem 0xfed40000-0xfed40fff window] (subtractive decode)
[    1.031018] pci_bus 0000:16: extended config space not accessible
[    1.031140] pci_bus 0000:16: busn_res: [bus 16-18] end is updated to 17
[    1.031140] pci_bus 0000:00: on NUMA node 0
[    1.039138] ACPI: EC: interrupt unblocked
[    1.039138] ACPI: EC: event unblocked
[    1.039138] ACPI: \_SB_.PCI0.LPC_.EC__: GPE=0x1c, IRQ=-1, EC_CMD/EC_SC=0x66, EC_DATA=0x62
[    1.039138] ACPI: \_SB_.PCI0.LPC_.EC__: Boot DSDT EC used to handle transactions and events
[    1.039600] pci 0000:00:02.0: vgaarb: setting as boot VGA device
[    1.039600] pci 0000:00:02.0: vgaarb: VGA device added: decodes=io+mem,owns=io+mem,locks=none
[    1.039600] pci 0000:00:02.0: vgaarb: bridge control possible
[    1.039600] vgaarb: loaded
[    1.039860] SCSI subsystem initialized
[    1.039860] libata version 3.00 loaded.
[    1.039860] ACPI: bus type USB registered
[    1.039860] usbcore: registered new interface driver usbfs
[    1.043108] usbcore: registered new interface driver hub
[    1.043282] usbcore: registered new device driver usb
[    1.043480] mc: Linux media interface: v0.10
[    1.043589] videodev: Linux video capture interface: v2.00
[    1.043764] pps_core: LinuxPPS API ver. 1 registered
[    1.043764] pps_core: Software ver. 5.3.6 - Copyright 2005-2007 Rodolfo Giometti <giometti@linux.it>
[    1.043946] PTP clock support registered
[    1.045129] EDAC MC: Ver: 3.0.0
[    1.045142] Advanced Linux Sound Architecture Driver Initialized.
[    1.045142] PCI: Using ACPI for IRQ routing
[    1.045972] PCI: pci_cache_line_size set to 64 bytes
[    1.046302] e820: reserve RAM buffer [mem 0x0009f000-0x0009ffff]
[    1.046309] e820: reserve RAM buffer [mem 0xbf6d0000-0xbfffffff]
[    1.047488] Bluetooth: Core ver 2.22
[    1.047488] NET: Registered protocol family 31
[    1.047488] Bluetooth: HCI device and connection manager initialized
[    1.047488] Bluetooth: HCI socket layer initialized
[    1.047516] Bluetooth: L2CAP socket layer initialized
[    1.047623] Bluetooth: SCO socket layer initialized
[    1.051138] clocksource: Switched to clocksource hpet
[    1.051138] pnp: PnP ACPI init
[    1.055059] system 00:00: [mem 0x00000000-0x0009ffff] could not be reserved
[    1.055161] system 00:00: [mem 0x000c0000-0x000c3fff] could not be reserved
[    1.055259] system 00:00: [mem 0x000c4000-0x000c7fff] could not be reserved
[    1.055355] system 00:00: [mem 0x000c8000-0x000cbfff] has been reserved
[    1.055449] system 00:00: [mem 0x000cc000-0x000cffff] has been reserved
[    1.055545] system 00:00: [mem 0x000dc000-0x000dffff] could not be reserved
[    1.055643] system 00:00: [mem 0x000e0000-0x000e3fff] could not be reserved
[    1.055741] system 00:00: [mem 0x000e4000-0x000e7fff] could not be reserved
[    1.055839] system 00:00: [mem 0x000e8000-0x000ebfff] could not be reserved
[    1.055937] system 00:00: [mem 0x000ec000-0x000effff] could not be reserved
[    1.056035] system 00:00: [mem 0x000f0000-0x000fffff] could not be reserved
[    1.056132] system 00:00: [mem 0x00100000-0xbfffffff] could not be reserved
[    1.056230] system 00:00: [mem 0xfec00000-0xfed3ffff] could not be reserved
[    1.056328] system 00:00: [mem 0xfed41000-0xffffffff] could not be reserved
[    1.056468] system 00:00: Plug and Play ACPI device, IDs PNP0c01 (active)
[    1.056960] system 00:01: [io  0x164e-0x164f] has been reserved
[    1.057054] system 00:01: [io  0x1000-0x107f] has been reserved
[    1.057144] system 00:01: [io  0x1180-0x11bf] has been reserved
[    1.057234] system 00:01: [io  0x0800-0x080f] has been reserved
[    1.057325] system 00:01: [io  0x15e0-0x15ef] has been reserved
[    1.057417] system 00:01: [io  0x1600-0x165f] could not be reserved
[    1.057509] system 00:01: [mem 0xf0000000-0xf3ffffff] has been reserved
[    1.057605] system 00:01: [mem 0xfed1c000-0xfed1ffff] has been reserved
[    1.057700] system 00:01: [mem 0xfed14000-0xfed17fff] has been reserved
[    1.057794] system 00:01: [mem 0xfed18000-0xfed18fff] has been reserved
[    1.057888] system 00:01: [mem 0xfed19000-0xfed19fff] has been reserved
[    1.058014] system 00:01: Plug and Play ACPI device, IDs PNP0c02 (active)
[    1.058338] pnp 00:02: Plug and Play ACPI device, IDs PNP0b00 (active)
[    1.058476] pnp 00:03: Plug and Play ACPI device, IDs PNP0303 (active)
[    1.058620] pnp 00:04: Plug and Play ACPI device, IDs IBM3780 PNP0f13 (active)
[    1.059384] pnp 00:05: [dma 3]
[    1.059605] pnp 00:05: Plug and Play ACPI device, IDs IBM0071 PNP0511 (active)
[    1.059838] pnp 00:06: Plug and Play ACPI device, IDs ATM1200 PNP0c31 (active)
[    1.062254] pnp: PnP ACPI: found 7 devices
[    1.107861] clocksource: acpi_pm: mask: 0xffffff max_cycles: 0xffffff, max_idle_ns: 2085701024 ns
[    1.107995] pci 0000:00:1c.0: bridge window [mem 0x00100000-0x000fffff 64bit pref] to [bus 02] add_size 200000 add_align 100000
[    1.108164] pci 0000:00:1c.0: BAR 9: assigned [mem 0xc0000000-0xc01fffff 64bit pref]
[    1.108263] pci 0000:00:1c.0: PCI bridge to [bus 02]
[    1.108345] pci 0000:00:1c.0:   bridge window [io  0x2000-0x2fff]
[    1.108438] pci 0000:00:1c.0:   bridge window [mem 0xee000000-0xee0fffff]
[    1.108531] pci 0000:00:1c.0:   bridge window [mem 0xc0000000-0xc01fffff 64bit pref]
[    1.108633] pci 0000:00:1c.1: PCI bridge to [bus 03]
[    1.108714] pci 0000:00:1c.1:   bridge window [io  0x3000-0x4fff]
[    1.108805] pci 0000:00:1c.1:   bridge window [mem 0xec000000-0xedffffff]
[    1.108899] pci 0000:00:1c.1:   bridge window [mem 0xe4000000-0xe40fffff 64bit pref]
[    1.109001] pci 0000:00:1c.2: PCI bridge to [bus 04-0b]
[    1.109084] pci 0000:00:1c.2:   bridge window [io  0x5000-0x6fff]
[    1.109175] pci 0000:00:1c.2:   bridge window [mem 0xe8000000-0xe9ffffff]
[    1.109268] pci 0000:00:1c.2:   bridge window [mem 0xe4100000-0xe41fffff 64bit pref]
[    1.109370] pci 0000:00:1c.3: PCI bridge to [bus 0c-13]
[    1.109453] pci 0000:00:1c.3:   bridge window [io  0x7000-0x8fff]
[    1.109545] pci 0000:00:1c.3:   bridge window [mem 0xea000000-0xebffffff]
[    1.109637] pci 0000:00:1c.3:   bridge window [mem 0xe4200000-0xe42fffff 64bit pref]
[    1.109750] pci 0000:15:00.0: BAR 9: assigned [mem 0xe0000000-0xe3ffffff pref]
[    1.109847] pci 0000:15:00.0: BAR 10: assigned [mem 0xc4000000-0xc7ffffff]
[    1.109938] pci 0000:15:00.0: BAR 7: assigned [io  0x9000-0x90ff]
[    1.110024] pci 0000:15:00.0: BAR 8: assigned [io  0x9400-0x94ff]
[    1.110119] pci 0000:15:00.0: CardBus bridge to [bus 16-17]
[    1.110202] pci 0000:15:00.0:   bridge window [io  0x9000-0x90ff]
[    1.110292] pci 0000:15:00.0:   bridge window [io  0x9400-0x94ff]
[    1.110381] pci 0000:15:00.0:   bridge window [mem 0xe0000000-0xe3ffffff pref]
[    1.110476] pci 0000:15:00.0:   bridge window [mem 0xc4000000-0xc7ffffff]
[    1.110569] pci 0000:00:1e.0: PCI bridge to [bus 15-18]
[    1.110652] pci 0000:00:1e.0:   bridge window [io  0x9000-0xcfff]
[    1.110743] pci 0000:00:1e.0:   bridge window [mem 0xe4300000-0xe7ffffff]
[    1.110836] pci 0000:00:1e.0:   bridge window [mem 0xe0000000-0xe3ffffff 64bit pref]
[    1.110938] pci_bus 0000:00: resource 4 [io  0x0000-0x0cf7 window]
[    1.111042] pci_bus 0000:00: resource 5 [io  0x0d00-0xffff window]
[    1.111128] pci_bus 0000:00: resource 6 [mem 0x000a0000-0x000bffff window]
[    1.111218] pci_bus 0000:00: resource 7 [mem 0x000d0000-0x000d3fff window]
[    1.111308] pci_bus 0000:00: resource 8 [mem 0x000d4000-0x000d7fff window]
[    1.111398] pci_bus 0000:00: resource 9 [mem 0x000d8000-0x000dbfff window]
[    1.111488] pci_bus 0000:00: resource 10 [mem 0xc0000000-0xfebfffff window]
[    1.111579] pci_bus 0000:00: resource 11 [mem 0xfed40000-0xfed40fff window]
[    1.111671] pci_bus 0000:02: resource 0 [io  0x2000-0x2fff]
[    1.111755] pci_bus 0000:02: resource 1 [mem 0xee000000-0xee0fffff]
[    1.111841] pci_bus 0000:02: resource 2 [mem 0xc0000000-0xc01fffff 64bit pref]
[    1.111933] pci_bus 0000:03: resource 0 [io  0x3000-0x4fff]
[    1.112017] pci_bus 0000:03: resource 1 [mem 0xec000000-0xedffffff]
[    1.112104] pci_bus 0000:03: resource 2 [mem 0xe4000000-0xe40fffff 64bit pref]
[    1.112197] pci_bus 0000:04: resource 0 [io  0x5000-0x6fff]
[    1.112280] pci_bus 0000:04: resource 1 [mem 0xe8000000-0xe9ffffff]
[    1.112367] pci_bus 0000:04: resource 2 [mem 0xe4100000-0xe41fffff 64bit pref]
[    1.112459] pci_bus 0000:0c: resource 0 [io  0x7000-0x8fff]
[    1.112542] pci_bus 0000:0c: resource 1 [mem 0xea000000-0xebffffff]
[    1.112629] pci_bus 0000:0c: resource 2 [mem 0xe4200000-0xe42fffff 64bit pref]
[    1.112721] pci_bus 0000:15: resource 0 [io  0x9000-0xcfff]
[    1.112805] pci_bus 0000:15: resource 1 [mem 0xe4300000-0xe7ffffff]
[    1.112891] pci_bus 0000:15: resource 2 [mem 0xe0000000-0xe3ffffff 64bit pref]
[    1.112983] pci_bus 0000:15: resource 4 [io  0x0000-0x0cf7 window]
[    1.113070] pci_bus 0000:15: resource 5 [io  0x0d00-0xffff window]
[    1.113156] pci_bus 0000:15: resource 6 [mem 0x000a0000-0x000bffff window]
[    1.113247] pci_bus 0000:15: resource 7 [mem 0x000d0000-0x000d3fff window]
[    1.113336] pci_bus 0000:15: resource 8 [mem 0x000d4000-0x000d7fff window]
[    1.113426] pci_bus 0000:15: resource 9 [mem 0x000d8000-0x000dbfff window]
[    1.113516] pci_bus 0000:15: resource 10 [mem 0xc0000000-0xfebfffff window]
[    1.113607] pci_bus 0000:15: resource 11 [mem 0xfed40000-0xfed40fff window]
[    1.113698] pci_bus 0000:16: resource 0 [io  0x9000-0x90ff]
[    1.113781] pci_bus 0000:16: resource 1 [io  0x9400-0x94ff]
[    1.113865] pci_bus 0000:16: resource 2 [mem 0xe0000000-0xe3ffffff pref]
[    1.113955] pci_bus 0000:16: resource 3 [mem 0xc4000000-0xc7ffffff]
[    1.114496] NET: Registered protocol family 2
[    1.115132] tcp_listen_portaddr_hash hash table entries: 512 (order: 2, 20480 bytes, linear)
[    1.115281] TCP established hash table entries: 8192 (order: 3, 32768 bytes, linear)
[    1.115439] TCP bind hash table entries: 8192 (order: 6, 294912 bytes, linear)
[    1.116007] TCP: Hash tables configured (established 8192 bind 8192)
[    1.116400] UDP hash table entries: 512 (order: 3, 40960 bytes, linear)
[    1.116563] UDP-Lite hash table entries: 512 (order: 3, 40960 bytes, linear)
[    1.116855] NET: Registered protocol family 1
[    1.117581] RPC: Registered named UNIX socket transport module.
[    1.117669] RPC: Registered udp transport module.
[    1.117750] RPC: Registered tcp transport module.
[    1.117831] RPC: Registered tcp NFSv4.1 backchannel transport module.
[    1.118440] pci 0000:00:02.0: Video device with shadowed ROM at [mem 0x000c0000-0x000dffff]
[    1.121999] pci 0000:15:00.0: CLS mismatch (64 != 32), using 64 bytes
[    1.122208] PCI-DMA: Using software bounce buffering for IO (SWIOTLB)
[    1.122297] software IO TLB: mapped [mem 0x31cfc000-0x35cfc000] (64MB)
[    1.124966] Initialise system trusted keyrings
[    1.125492] workingset: timestamp_bits=30 max_order=20 bucket_order=0
[    1.127638] Installing knfsd (copyright (C) 1996 okir@monad.swb.de).
[    1.128357] ntfs: driver 2.1.32 [Flags: R/W].
[    1.128664] fuse: init (API version 7.31)
[    1.137889] Key type asymmetric registered
[    1.137976] Asymmetric key parser 'x509' registered
[    1.138190] bounce: pool size: 64 pages
[    1.138339] Block layer SCSI generic (bsg) driver version 0.4 loaded (major 249)
[    1.138442] io scheduler mq-deadline registered
[    1.138560] io scheduler bfq registered
[    1.141762] intel_idle: MWAIT substates: 0x22220
[    1.142520] ACPI: \_PR_.CPU0: Found 3 idle states
[    1.143751] ACPI: \_PR_.CPU1: Found 3 idle states
[    1.143831] intel_idle: ACPI _CST not found or not usable
[    1.144347] ACPI: Deprecated procfs I/F for AC is loaded, please retry with CONFIG_ACPI_PROCFS_POWER cleared
[    1.144848] ACPI: AC Adapter [AC] (on-line)
[    1.145266] input: Lid Switch as /devices/LNXSYSTM:00/LNXSYBUS:00/PNP0C0D:00/input/input0
[    1.155302] ACPI: Lid Switch [LID]
[    1.155599] input: Sleep Button as /devices/LNXSYSTM:00/LNXSYBUS:00/PNP0C0E:00/input/input1
[    1.163155] ACPI: Sleep Button [SLPB]
[    1.163485] input: Power Button as /devices/LNXSYSTM:00/LNXPWRBN:00/input/input2
[    1.163803] ACPI: Power Button [PWRF]
[    1.164455] ACPI: Video Device [VID] (multi-head: yes  rom: no  post: no)
[    1.172308] acpi device:01: registered as cooling_device0
[    1.172811] input: Video Bus as /devices/LNXSYSTM:00/LNXSYBUS:00/PNP0A08:00/LNXVIDEO:00/input/input3
[    1.174152] ACPI: \_PR_.CPU0: Found 3 idle states
[    1.183672] ACPI: \_PR_.CPU1: Found 3 idle states
[    1.190201] thermal LNXTHERM:00: registered as thermal_zone0
[    1.190290] ACPI: Thermal Zone [THM0] (70 C)
[    1.194098] thermal LNXTHERM:01: registered as thermal_zone1
[    1.194954] ACPI: Thermal Zone [THM1] (70 C)
[    1.196446] Serial: 8250/16550 driver, 4 ports, IRQ sharing disabled
[    1.198045] serial8250: ttyS1 at I/O 0x2f8 (irq = 3, base_baud = 921600) is a NS16550A
[    1.201451] lp: driver loaded but no devices found
[    1.202449] Non-volatile memory driver v1.3
[    1.203321] intel_rng: FWH not detected
[    1.203453] Linux agpgart interface v0.103
[    1.205160] [drm] radeon kernel modesetting enabled.
[    1.209105] pci 0000:00:00.0: Intel 945GM Chipset
[    1.209217] pci 0000:00:00.0: detected gtt size: 262144K total, 262144K mappable
[    1.209999] pci 0000:00:00.0: detected 8192K stolen memory
[    1.210613] i915 0000:00:02.0: vgaarb: deactivate vga console
[    1.212817] Console: switching to colour dummy device 80x25
[    1.215719] [drm] Supports vblank timestamp caching Rev 2 (21.10.2013).
[    1.215758] [drm] Driver supports precise vblank timestamp query.
[    1.215990] resource sanity check: requesting [mem 0x000c0000-0x000dffff], which spans more than pnp 00:00 [mem 0x000c8000-0x000cbfff]
[    1.216151] caller pci_map_rom+0x6f/0x174 mapping multiple BARs
[    1.222160] i915 0000:00:02.0: vgaarb: changed VGA decodes: olddecodes=io+mem,decodes=io+mem:owns=io+mem
[    1.224816] battery: ACPI: Deprecated procfs I/F for battery is loaded, please retry with CONFIG_ACPI_PROCFS_POWER cleared
[    1.224905] battery: ACPI: Battery Slot [BAT0] (battery present)
[    1.225704] random: fast init done
[    1.242737] [drm] Initialized overlay support.
[    1.244639] [drm] Initialized i915 1.6.0 20200114 for 0000:00:02.0 on minor 0
[    1.245721] usbcore: registered new interface driver udl
[    1.260500] fbcon: i915drmfb (fb0) is primary device
[    1.261038] loop: module loaded
[    1.336930] ahci 0000:00:1f.2: version 3.0
[    1.337677] ahci 0000:00:1f.2: AHCI 0001.0100 32 slots 4 ports 1.5 Gbps 0x1 impl SATA mode
[    1.337682] ahci 0000:00:1f.2: flags: 64bit ncq pm led clo pio slum part 
[    1.340294] scsi host0: ahci
[    1.340967] scsi host1: ahci
[    1.341527] scsi host2: ahci
[    1.342109] scsi host3: ahci
[    1.342444] ata1: SATA max UDMA/133 abar m1024@0xee444400 port 0xee444500 irq 16
[    1.342447] ata2: DUMMY
[    1.342449] ata3: DUMMY
[    1.342450] ata4: DUMMY
[    1.342651] ata_piix 0000:00:1f.1: version 2.13
[    1.345787] scsi host4: ata_piix
[    1.350355] scsi host5: ata_piix
[    1.350679] ata5: PATA max UDMA/100 cmd 0x1f0 ctl 0x3f6 bmdma 0x1810 irq 14
[    1.350682] ata6: PATA max UDMA/100 cmd 0x170 ctl 0x376 bmdma 0x1818 irq 15
[    1.350961] ata6: port disabled--ignoring
[    1.353008] tun: Universal TUN/TAP device driver, 1.6
[    1.353435] e1000: Intel(R) PRO/1000 Network Driver - version 7.3.21-k8-NAPI
[    1.353437] e1000: Copyright (c) 1999-2006 Intel Corporation.
[    1.353525] e1000e: Intel(R) PRO/1000 Network Driver - 3.2.6-k
[    1.353527] e1000e: Copyright(c) 1999 - 2015 Intel Corporation.
[    1.353650] e1000e 0000:02:00.0: Disabling ASPM  L1
[    1.353654] e1000e 0000:02:00.0: can't disable ASPM; OS doesn't have ASPM control
[    1.354108] e1000e 0000:02:00.0: Interrupt Throttling Rate (ints/sec) set to dynamic conservative mode
[    1.466532] e1000e 0000:02:00.0 eth0: (PCI Express:2.5GT/s:Width x1) 00:16:d3:25:19:04
[    1.466562] e1000e 0000:02:00.0 eth0: Intel(R) PRO/1000 Network Connection
[    1.466641] e1000e 0000:02:00.0 eth0: MAC: 2, PHY: 2, PBA No: 005302-003
[    1.466910] PPP generic driver version 2.4.2
[    1.467201] PPP BSD Compression module registered
[    1.467205] PPP Deflate Compression module registered
[    1.467207] SLIP: version 0.8.4-NET3.019-NEWTTY (dynamic channels, max=256).
[    1.467208] CSLIP: code copyright 1989 Regents of the University of California.
[    1.467294] iwl3945: Intel(R) PRO/Wireless 3945ABG/BG Network Connection driver for Linux, in-tree:ds
[    1.467295] iwl3945: Copyright(c) 2003-2011 Intel Corporation
[    1.467297] iwl3945: hw_scan is disabled
[    1.467493] iwl3945 0000:03:00.0: can't disable ASPM; OS doesn't have ASPM control
[    1.522254] iwl3945 0000:03:00.0: Tunable channels: 11 802.11bg, 13 802.11a channels
[    1.522258] iwl3945 0000:03:00.0: Detected Intel Wireless WiFi Link 3945ABG
[    1.527333] ieee80211 phy0: Selected rate control algorithm 'iwl-3945-rs'
[    1.528324] Intel(R) Wireless WiFi driver for Linux
[    1.528326] Copyright(c) 2003- 2015 Intel Corporation
[    1.528565] usbcore: registered new interface driver ax88179_178a
[    1.528612] usbcore: registered new interface driver cdc_ether
[    1.528662] usbcore: registered new interface driver net1080
[    1.528704] usbcore: registered new interface driver cdc_subset
[    1.528746] usbcore: registered new interface driver zaurus
[    1.528801] usbcore: registered new interface driver cdc_ncm
[    1.528886] pci 0000:00:1e.0: enabling device (0005 -> 0007)
[    1.529127] yenta_cardbus 0000:15:00.0: CardBus bridge found [17aa:201c]
[    1.658455] ata1: SATA link up 1.5 Gbps (SStatus 113 SControl 300)
[    1.721091] ata1.00: ACPI cmd ef/02:00:00:00:00:a0 (SET FEATURES) succeeded
[    1.721096] ata1.00: ACPI cmd f5/00:00:00:00:00:a0 (SECURITY FREEZE LOCK) filtered out
[    1.721099] ata1.00: ACPI cmd ef/10:03:00:00:00:a0 (SET FEATURES) filtered out
[    1.765176] ata1.00: ATA-9: ST1000LM014-1EJ164, SM11, max UDMA/133
[    1.765180] ata1.00: 1953525168 sectors, multi 16: LBA48 NCQ (depth 32), AA
[    1.809781] ata1.00: ACPI cmd ef/02:00:00:00:00:a0 (SET FEATURES) succeeded
[    1.809785] ata1.00: ACPI cmd f5/00:00:00:00:00:a0 (SECURITY FREEZE LOCK) filtered out
[    1.809789] ata1.00: ACPI cmd ef/10:03:00:00:00:a0 (SET FEATURES) filtered out
[    1.853953] ata1.00: configured for UDMA/133
[    2.019657] Console: switching to colour frame buffer device 102x42
[    2.159739] i915 0000:00:02.0: fb0: i915drmfb frame buffer device
[    2.163180] scsi 0:0:0:0: Direct-Access     ATA      ST1000LM014-1EJ1 SM11 PQ: 0 ANSI: 5
[    2.167183] sd 0:0:0:0: Attached scsi generic sg0 type 0
[    2.167249] sd 0:0:0:0: [sda] 1953525168 512-byte logical blocks: (1.00 TB/932 GiB)
[    2.172902] sd 0:0:0:0: [sda] 4096-byte physical blocks
[    2.175845] sd 0:0:0:0: [sda] Write Protect is off
[    2.178690] sd 0:0:0:0: [sda] Mode Sense: 00 3a 00 00
[    2.178809] sd 0:0:0:0: [sda] Write cache: enabled, read cache: enabled, doesn't support DPO or FUA
[    2.184364]  sda: sda1 sda2 sda3 sda4
[    2.189835] sd 0:0:0:0: [sda] Attached SCSI disk
[    2.328152] yenta_cardbus 0000:15:00.0: ISA IRQ mask 0x0cb8, PCI irq 16
[    2.331053] yenta_cardbus 0000:15:00.0: Socket status: 30000006
[    2.333900] yenta_cardbus 0000:15:00.0: pcmcia: parent PCI bridge window: [io  0x9000-0xcfff]
[    2.336751] yenta_cardbus 0000:15:00.0: pcmcia: parent PCI bridge window: [mem 0xe4300000-0xe7ffffff]
[    2.339544] pcmcia_socket pcmcia_socket0: cs: memory probe 0xe4300000-0xe7ffffff:
[    2.342357]  excluding 0xe4300000-0xe46cffff
[    2.345481] yenta_cardbus 0000:15:00.0: pcmcia: parent PCI bridge window: [mem 0xe0000000-0xe3ffffff 64bit pref]
[    2.348593] pcmcia_socket pcmcia_socket0: cs: memory probe 0xe0000000-0xe3ffffff:
[    2.351612]  excluding 0xe0000000-0xe3ffffff
[    2.355654] ehci_hcd: USB 2.0 'Enhanced' Host Controller (EHCI) Driver
[    2.358616] ehci-pci: EHCI PCI platform driver
[    2.362105] ehci-pci 0000:00:1d.7: EHCI Host Controller
[    2.365419] ehci-pci 0000:00:1d.7: new USB bus registered, assigned bus number 1
[    2.368564] ehci-pci 0000:00:1d.7: debug port 1
[    2.375661] ehci-pci 0000:00:1d.7: cache line size of 64 is not supported
[    2.378875] ehci-pci 0000:00:1d.7: irq 19, io mem 0xee444000
[    2.395097] ehci-pci 0000:00:1d.7: USB 2.0 started, EHCI 1.00
[    2.398609] usb usb1: New USB device found, idVendor=1d6b, idProduct=0002, bcdDevice= 5.05
[    2.401904] usb usb1: New USB device strings: Mfr=3, Product=2, SerialNumber=1
[    2.405154] usb usb1: Product: EHCI Host Controller
[    2.408337] usb usb1: Manufacturer: Linux 5.5.0-next-20200130+ ehci_hcd
[    2.411576] usb usb1: SerialNumber: 0000:00:1d.7
[    2.415497] hub 1-0:1.0: USB hub found
[    2.418670] hub 1-0:1.0: 8 ports detected
[    2.423895] ohci_hcd: USB 1.1 'Open' Host Controller (OHCI) Driver
[    2.426981] ohci-pci: OHCI PCI platform driver
[    2.430096] uhci_hcd: USB Universal Host Controller Interface driver
[    2.433673] uhci_hcd 0000:00:1d.0: UHCI Host Controller
[    2.437014] uhci_hcd 0000:00:1d.0: new USB bus registered, assigned bus number 2
[    2.440107] uhci_hcd 0000:00:1d.0: detected 2 ports
[    2.443130] uhci_hcd 0000:00:1d.0: irq 16, io base 0x00001820
[    2.446329] usb usb2: New USB device found, idVendor=1d6b, idProduct=0001, bcdDevice= 5.05
[    2.449389] usb usb2: New USB device strings: Mfr=3, Product=2, SerialNumber=1
[    2.452468] usb usb2: Product: UHCI Host Controller
[    2.455474] usb usb2: Manufacturer: Linux 5.5.0-next-20200130+ uhci_hcd
[    2.458434] usb usb2: SerialNumber: 0000:00:1d.0
[    2.462032] hub 2-0:1.0: USB hub found
[    2.465005] hub 2-0:1.0: 2 ports detected
[    2.469028] uhci_hcd 0000:00:1d.1: UHCI Host Controller
[    2.472168] uhci_hcd 0000:00:1d.1: new USB bus registered, assigned bus number 3
[    2.475154] uhci_hcd 0000:00:1d.1: detected 2 ports
[    2.478010] uhci_hcd 0000:00:1d.1: irq 17, io base 0x00001840
[    2.481046] usb usb3: New USB device found, idVendor=1d6b, idProduct=0001, bcdDevice= 5.05
[    2.483885] usb usb3: New USB device strings: Mfr=3, Product=2, SerialNumber=1
[    2.486607] usb usb3: Product: UHCI Host Controller
[    2.489290] usb usb3: Manufacturer: Linux 5.5.0-next-20200130+ uhci_hcd
[    2.491991] usb usb3: SerialNumber: 0000:00:1d.1
[    2.495296] hub 3-0:1.0: USB hub found
[    2.497945] hub 3-0:1.0: 2 ports detected
[    2.501734] uhci_hcd 0000:00:1d.2: UHCI Host Controller
[    2.504581] uhci_hcd 0000:00:1d.2: new USB bus registered, assigned bus number 4
[    2.507245] uhci_hcd 0000:00:1d.2: detected 2 ports
[    2.509890] uhci_hcd 0000:00:1d.2: irq 18, io base 0x00001860
[    2.512736] usb usb4: New USB device found, idVendor=1d6b, idProduct=0001, bcdDevice= 5.05
[    2.515423] usb usb4: New USB device strings: Mfr=3, Product=2, SerialNumber=1
[    2.518056] usb usb4: Product: UHCI Host Controller
[    2.520659] usb usb4: Manufacturer: Linux 5.5.0-next-20200130+ uhci_hcd
[    2.523305] usb usb4: SerialNumber: 0000:00:1d.2
[    2.526553] hub 4-0:1.0: USB hub found
[    2.529192] hub 4-0:1.0: 2 ports detected
[    2.532971] uhci_hcd 0000:00:1d.3: UHCI Host Controller
[    2.535842] uhci_hcd 0000:00:1d.3: new USB bus registered, assigned bus number 5
[    2.538465] uhci_hcd 0000:00:1d.3: detected 2 ports
[    2.541096] uhci_hcd 0000:00:1d.3: irq 19, io base 0x00001880
[    2.543879] usb usb5: New USB device found, idVendor=1d6b, idProduct=0001, bcdDevice= 5.05
[    2.546515] usb usb5: New USB device strings: Mfr=3, Product=2, SerialNumber=1
[    2.549162] usb usb5: Product: UHCI Host Controller
[    2.551794] usb usb5: Manufacturer: Linux 5.5.0-next-20200130+ uhci_hcd
[    2.554404] usb usb5: SerialNumber: 0000:00:1d.3
[    2.557611] hub 5-0:1.0: USB hub found
[    2.560198] hub 5-0:1.0: 2 ports detected
[    2.563643] usbcore: registered new interface driver cdc_acm
[    2.566120] cdc_acm: USB Abstract Control Model driver for USB modems and ISDN adapters
[    2.568772] usbcore: registered new interface driver usblp
[    2.571474] usbcore: registered new interface driver usb-storage
[    2.574096] usbcore: registered new interface driver ums-sddr09
[    2.576783] usbcore: registered new interface driver usbserial_generic
[    2.579344] usbserial: USB Serial support registered for generic
[    2.581923] usbcore: registered new interface driver ch341
[    2.584450] usbserial: USB Serial support registered for ch341-uart
[    2.586992] usbcore: registered new interface driver cp210x
[    2.589512] usbserial: USB Serial support registered for cp210x
[    2.592073] usbcore: registered new interface driver ftdi_sio
[    2.594581] usbserial: USB Serial support registered for FTDI USB Serial Device
[    2.597249] usbcore: registered new interface driver option
[    2.599884] usbserial: USB Serial support registered for GSM modem (1-port)
[    2.602647] usbcore: registered new interface driver pl2303
[    2.605320] usbserial: USB Serial support registered for pl2303
[    2.608048] usbcore: registered new interface driver ti_usb_3410_5052
[    2.610759] usbserial: USB Serial support registered for TI USB 3410 1 port adapter
[    2.613511] usbserial: USB Serial support registered for TI USB 5052 2 port adapter
[    2.616171] ftdi_elan: driver ftdi-elan
[    2.618784] usbcore: registered new interface driver ftdi-elan
[    2.621588] i8042: PNP: PS/2 Controller [PNP0303:KBD,PNP0f13:MOU] at 0x60,0x64 irq 1,12
[    2.637490] serio: i8042 KBD port at 0x60,0x64 irq 1
[    2.640476] serio: i8042 AUX port at 0x60,0x64 irq 12
[    2.643851] mousedev: PS/2 mouse device common for all mice
[    2.647836] input: PC Speaker as /devices/platform/pcspkr/input/input5
[    2.651106] rtc_cmos 00:02: RTC can wake from S4
[    2.654728] rtc_cmos 00:02: registered as rtc0
[    2.657622] rtc_cmos 00:02: alarms up to one month, y3k, 114 bytes nvram, hpet irqs
[    2.660564] usbcore: registered new interface driver uvcvideo
[    2.663344] USB Video Class driver (1.1.1)
[    2.666224] input: AT Translated Set 2 keyboard as /devices/platform/i8042/serio0/input/input4
[    2.670418] gspca_main: v2.14.0 registered
[    2.673340] usbcore: registered new interface driver sq930x
[    2.677382] device-mapper: ioctl: 4.41.0-ioctl (2019-09-16) initialised: dm-devel@redhat.com
[    2.682207] Bluetooth: HCI UART driver ver 2.3
[    2.685156] Bluetooth: HCI UART protocol H4 registered
[    2.688065] Bluetooth: HCI UART protocol BCSP registered
[    2.691152] usbcore: registered new interface driver btusb
[    2.694029] intel_pstate: CPU model not supported
[    2.697282] sdhci: Secure Digital Host Controller Interface driver
[    2.700266] sdhci: Copyright(c) Pierre Ossman
[    2.703409] sdhci-pci 0000:15:00.2: SDHCI controller found [1180:0822] (rev 18)
[    2.707064] sdhci-pci 0000:15:00.2: Will use DMA mode even though HW doesn't fully claim to support it.
[    2.710984] mmc0 bounce up to 128 segments into one, max segment size 65536 bytes
[    2.714345] sdhci-pci 0000:15:00.2: Will use DMA mode even though HW doesn't fully claim to support it.
[    2.718346] mmc0: SDHCI controller on PCI [0000:15:00.2] using DMA
[    2.722011] hid: raw HID events driver (C) Jiri Kosina
[    2.727100] usbcore: registered new interface driver usbhid
[    2.730645] usbhid: USB HID core driver
[    2.734673] thinkpad_acpi: ThinkPad ACPI Extras v0.26
[    2.737837] thinkpad_acpi: http://ibm-acpi.sf.net/
[    2.741111] thinkpad_acpi: ThinkPad BIOS 7BETD8WW (2.19 ), EC 7BHT40WW-1.13
[    2.744243] thinkpad_acpi: Lenovo ThinkPad X60, model 17097HU
[    2.753698] thinkpad_acpi: ACPI backlight control delay disabled
[    2.757379] thinkpad_acpi: radio switch found; radios are enabled
[    2.760859] thinkpad_acpi: This ThinkPad has standard ACPI backlight brightness control, supported by the ACPI video driver
[    2.767146] thinkpad_acpi: Disabling thinkpad-acpi brightness events by default...
[    2.775775] sdhci-pci 0000:15:00.2: Will use DMA mode even though HW doesn't fully claim to support it.
[    2.782406] thinkpad_acpi: rfkill switch tpacpi_bluetooth_sw: radio is unblocked
[    2.788717] thinkpad_acpi: warning: userspace override of important firmware LEDs is enabled
[    2.797151] thinkpad_acpi: Standard ACPI backlight interface available, not loading native one
[    2.800762] thinkpad_acpi: volume: disabled as there is no ALSA support in this kernel
[    2.804898] thinkpad_acpi: battery 1 registered (start 0, stop 0)
[    2.804913] battery: new extension: ThinkPad Battery Extension
[    2.812102] input: ThinkPad Extra Buttons as /devices/platform/thinkpad_acpi/input/input8
[    2.823349] snd_hda_intel 0000:00:1b.0: probe_mask set to 0x1 for device 17aa:2010
[    2.827338] usbcore: registered new interface driver snd-usb-audio
[    2.832620] NET: Registered protocol family 17
[    2.836321] Bluetooth: RFCOMM TTY layer initialized
[    2.839859] Bluetooth: RFCOMM socket layer initialized
[    2.843323] Bluetooth: RFCOMM ver 1.11
[    2.846681] Bluetooth: BNEP (Ethernet Emulation) ver 1.3
[    2.846688] sdhci-pci 0000:15:00.2: Will use DMA mode even though HW doesn't fully claim to support it.
[    2.850018] Bluetooth: BNEP filters: protocol multicast
[    2.856929] Bluetooth: BNEP socket layer initialized
[    2.860356] Bluetooth: HIDP (Human Interface Emulation) ver 1.2
[    2.864241] Bluetooth: HIDP socket layer initialized
[    2.866032] snd_hda_codec_analog hdaudioC0D0: autoconfig for AD1981: line_outs=1 (0x5/0x0/0x0/0x0/0x0) type:speaker
[    2.867916] start plist test
[    2.874464] snd_hda_codec_analog hdaudioC0D0:    speaker_outs=0 (0x0/0x0/0x0/0x0/0x0)
[    2.877918] snd_hda_codec_analog hdaudioC0D0:    hp_outs=0 (0x0/0x0/0x0/0x0/0x0)
[    2.878634] end plist test
[    2.881304] snd_hda_codec_analog hdaudioC0D0:    mono: mono_out=0x0
[    2.881930] microcode: sig=0x6e8, pf=0x20, revision=0x39
[    2.884731] snd_hda_codec_analog hdaudioC0D0:    inputs:
[    2.891329] snd_hda_codec_analog hdaudioC0D0:      Mic=0x8
[    2.891375] microcode: Microcode Update Driver: v2.2.
[    2.891381] IPI shorthand broadcast: enabled
[    2.894554] snd_hda_codec_analog hdaudioC0D0:      CD=0x19
[    2.904721] Loading compiled-in X.509 certificates
[    2.908070] Key type ._fscrypt registered
[    2.911847] Key type .fscrypt registered
[    2.914977] Key type fscrypt-provisioning registered
[    2.919318] Key type encrypted registered
[    2.923486] rtc_cmos 00:02: setting system clock to 2020-01-30T18:20:17 UTC (1580408417)
[    2.930867] cfg80211: Loading compiled-in X.509 certificates for regulatory database
[    2.936983] cfg80211: Loaded X.509 cert 'sforshee: 00b28ddf47aef9cea7'
[    2.940002] sdhci-pci 0000:15:00.2: Will use DMA mode even though HW doesn't fully claim to support it.
[    2.943371] platform regulatory.0: Direct firmware load for regulatory.db failed with error -2
[    2.946464] cfg80211: failed to load regulatory.db
[    2.950258] PM: Image not found (code -22)
[    2.950294] ALSA device list:
[    2.953518]   #0: HDA Intel at 0xee240000 irq 17
[    2.999620] sdhci-pci 0000:15:00.2: Will use DMA mode even though HW doesn't fully claim to support it.
[    3.059108] usb 5-1: new full-speed USB device number 2 using uhci_hcd
[    3.252794] usb 5-1: New USB device found, idVendor=0a5c, idProduct=2110, bcdDevice= 1.00
[    3.258292] usb 5-1: New USB device strings: Mfr=1, Product=2, SerialNumber=0
[    3.263758] usb 5-1: Product: BCM2045B
[    3.269164] usb 5-1: Manufacturer: Broadcom Corp
[    3.289957] psmouse serio1: trackpoint: IBM TrackPoint firmware: 0x0e, buttons: 3/3
[    3.312105] input: TPPS/2 IBM TrackPoint as /devices/platform/i8042/serio1/input/input7
[    3.323279] md: Waiting for all devices to be available before autodetect
[    3.327467] md: If you don't use raid, use raid=noautodetect
[    3.332755] md: Autodetecting RAID arrays.
[    3.337007] md: autorun ...
[    3.340160] md: ... autorun DONE.
[    3.360807] EXT4-fs (sda4): mounted filesystem with ordered data mode. Opts: (null)
[    3.366486] VFS: Mounted root (ext4 filesystem) readonly on device 8:4.
[    3.372432] devtmpfs: mounted
[    3.376373] Freeing unused kernel image (initmem) memory: 660K
[    3.379744] Write protecting kernel text and read-only data: 18276k
[    3.382806] NX-protecting the kernel data: 7476k
[    3.387129] x86/mm: Checked W+X mappings: passed, no W+X pages found.
[    3.390221] rodata_test: all tests were successful
[    3.393408] x86/mm: Checking user space page tables
[    3.396591] x86/mm: Checked W+X mappings: passed, no W+X pages found.
[    3.399983] Run /sbin/init as init process
[    3.403060]   with arguments:
[    3.403063]     /sbin/init
[    3.403066]   with environment:
[    3.403068]     HOME=/
[    3.403071]     TERM=linux
[    3.403073]     BOOT_IMAGE=(hd0,2)/fast/l/linux-next-32/arch/x86/boot/bzImage
[    3.713259] random: systemd: uninitialized urandom read (16 bytes read)
[    3.720669] systemd[1]: systemd 215 running in system mode. (+PAM +AUDIT +SELINUX +IMA +SYSVINIT +LIBCRYPTSETUP +GCRYPT +ACL +XZ -SECCOMP -APPARMOR)
[    3.747328] systemd[1]: Detected architecture 'x86'.
[    3.947011] systemd[1]: Failed to insert module 'ipv6'
[    3.953587] systemd[1]: Set hostname to <amd>.
[    4.105790] random: systemd-sysv-ge: uninitialized urandom read (16 bytes read)
[    4.151097] usb 5-2: new full-speed USB device number 3 using uhci_hcd
[    4.356776] usb 5-2: New USB device found, idVendor=0483, idProduct=2016, bcdDevice= 0.01
[    4.362692] usb 5-2: New USB device strings: Mfr=1, Product=2, SerialNumber=0
[    4.368398] usb 5-2: Product: Biometric Coprocessor
[    4.373861] usb 5-2: Manufacturer: STMicroelectronics
[    4.423295] random: systemd: uninitialized urandom read (16 bytes read)
[    4.525871] systemd[1]: [/lib/systemd/system/anacron.timer:6] Unknown lvalue 'RandomizedDelaySec' in section 'Timer'
[    4.567451] systemd[1]: Binding to IPv6 address not available since kernel does not support IPv6.
[    4.571886] systemd[1]: [/lib/systemd/system/gpsd.socket:6] Failed to parse address value, ignoring: [::1]:2947
[    4.655578] systemd[1]: Starting User and Group Name Lookups.
[    4.667172] systemd[1]: Reached target User and Group Name Lookups.
[    4.670439] systemd[1]: Starting Forward Password Requests to Wall Directory Watch.
[    5.154003] systemd-udevd[2299]: starting version 215
[    5.277486] EXT4-fs (sda4): re-mounted. Opts: errors=remount-ro
[    5.910560] e1000e 0000:02:00.0 eth1: renamed from eth0
[    5.966061] systemd-udevd[2531]: renamed network interface eth0 to eth1
[    6.101440] random: crng init done
[    6.104271] random: 7 urandom warning(s) missed due to ratelimiting
[    6.647191] Adding 2097148k swap on /dev/sda1.  Priority:-2 extents:1 across:2097148k 
[    6.962028] EXT4-fs (sda2): mounted filesystem with ordered data mode. Opts: errors=remount-ro
[    7.339318] systemd-journald[1992]: Received request to flush runtime journal from PID 1
[   13.820535] iwl3945 0000:03:00.0: loaded firmware version 15.32.2.9
[  225.991974] traps: clock-applet[3618] trap int3 ip:b7264fc0 sp:bfbdab80 error:0 in libglib-2.0.so.0.5000.3[b7218000+12a000]
[  227.304291] wlan0: authenticate with 5c:f4:ab:10:d2:bb
[  227.304607] wlan0: send auth to 5c:f4:ab:10:d2:bb (try 1/3)
[  227.306624] wlan0: authenticated
[  227.308503] wlan0: associate with 5c:f4:ab:10:d2:bb (try 1/3)
[  227.311394] wlan0: RX AssocResp from 5c:f4:ab:10:d2:bb (capab=0x411 status=0 aid=1)
[  227.315769] wlan0: associated
