[    0.000000] Linux version 5.2.0-rc6-next-20190628+ (pavel@pollux.denx.de) (gcc version 9.1.1 20190503 (Red Hat 9.1.1-1) (GCC)) #42 SMP Sat Jun 29 16:39:32 CEST 2019
[    0.000000] Disabled fast string operations
[    0.000000] x86/fpu: x87 FPU will use FXSAVE
[    0.000000] BIOS-provided physical RAM map:
[    0.000000] BIOS-e820: [mem 0x0000000000000000-0x000000000009efff] usable
[    0.000000] BIOS-e820: [mem 0x000000000009f000-0x000000000009ffff] reserved
[    0.000000] BIOS-e820: [mem 0x00000000000dc000-0x00000000000fffff] reserved
[    0.000000] BIOS-e820: [mem 0x0000000000100000-0x00000000bf6cffff] usable
[    0.000000] BIOS-e820: [mem 0x00000000bf6d0000-0x00000000bf6defff] ACPI data
[    0.000000] BIOS-e820: [mem 0x00000000bf6df000-0x00000000bf6fffff] ACPI NVS
[    0.000000] BIOS-e820: [mem 0x00000000bf700000-0x00000000bfffffff] reserved
[    0.000000] BIOS-e820: [mem 0x00000000f0000000-0x00000000f3ffffff] reserved
[    0.000000] BIOS-e820: [mem 0x00000000fec00000-0x00000000fec0ffff] reserved
[    0.000000] BIOS-e820: [mem 0x00000000fed00000-0x00000000fed003ff] reserved
[    0.000000] BIOS-e820: [mem 0x00000000fed14000-0x00000000fed19fff] reserved
[    0.000000] BIOS-e820: [mem 0x00000000fed1c000-0x00000000fed8ffff] reserved
[    0.000000] BIOS-e820: [mem 0x00000000fee00000-0x00000000fee00fff] reserved
[    0.000000] BIOS-e820: [mem 0x00000000ff800000-0x00000000ffffffff] reserved
[    0.000000] NX (Execute Disable) protection: active
[    0.000000] SMBIOS 2.4 present.
[    0.000000] DMI: LENOVO 17097HU/17097HU, BIOS 7BETD8WW (2.19 ) 03/31/2011
[    0.000000] tsc: Fast TSC calibration using PIT
[    0.000000] tsc: Detected 1828.818 MHz processor
[    0.013416] e820: update [mem 0x00000000-0x00000fff] usable ==> reserved
[    0.013421] e820: remove [mem 0x000a0000-0x000fffff] usable
[    0.013432] last_pfn = 0xbf6d0 max_arch_pfn = 0x1000000
[    0.013445] MTRR default type: uncachable
[    0.013448] MTRR fixed ranges enabled:
[    0.013451]   00000-9FFFF write-back
[    0.013454]   A0000-BFFFF uncachable
[    0.013457]   C0000-CFFFF write-protect
[    0.013460]   D0000-DBFFF uncachable
[    0.013462]   DC000-DFFFF write-back
[    0.013465]   E0000-FFFFF write-protect
[    0.013468] MTRR variable ranges enabled:
[    0.013471]   0 base 000000000 mask F80000000 write-back
[    0.013475]   1 base 080000000 mask FC0000000 write-back
[    0.013478]   2 base 0BF700000 mask FFFF00000 uncachable
[    0.013481]   3 base 0BF800000 mask FFF800000 uncachable
[    0.013483]   4 disabled
[    0.013486]   5 disabled
[    0.013488]   6 disabled
[    0.013490]   7 disabled
[    0.014534] x86/PAT: PAT not supported by CPU.
[    0.015751] x86/PAT: Configuration [0-7]: WB  WT  UC- UC  WB  WT  UC- UC  
[    0.015773] initial memory mapped: [mem 0x00000000-0x059fffff]
[    0.015853] BRK [0x055fc000, 0x055fcfff] PGTABLE
[    0.015875] BRK [0x055fd000, 0x055fdfff] PGTABLE
[    0.015885] ACPI: Early table checksum verification disabled
[    0.015895] ACPI: RSDP 0x00000000000F67C0 000024 (v02 LENOVO)
[    0.015904] ACPI: XSDT 0x00000000BF6D191C 000084 (v01 LENOVO TP-7B    00002190  LTP 00000000)
[    0.015916] ACPI: FACP 0x00000000BF6D1A00 0000F4 (v03 LENOVO TP-7B    00002190 LNVO 00000001)
[    0.015927] ACPI BIOS Warning (bug): 32/64X length mismatch in FADT/Gpe0Block: 64/32 (20190509/tbfadt-564)
[    0.015935] ACPI BIOS Warning (bug): Optional FADT field Gpe1Block has valid Address but zero Length: 0x000000000000102C/0x0 (20190509/tbfadt-615)
[    0.015944] ACPI: DSDT 0x00000000BF6D1D90 00CFB9 (v01 LENOVO TP-7B    00002190 MSFT 0100000E)
[    0.015953] ACPI: FACS 0x00000000BF6F4000 000040
[    0.015960] ACPI: FACS 0x00000000BF6F4000 000040
[    0.015968] ACPI: SSDT 0x00000000BF6D1BB4 0001DC (v01 LENOVO TP-7B    00002190 MSFT 0100000E)
[    0.015977] ACPI: ECDT 0x00000000BF6DED49 000052 (v01 LENOVO TP-7B    00002190 LNVO 00000001)
[    0.015985] ACPI: TCPA 0x00000000BF6DED9B 000032 (v02 LENOVO TP-7B    00002190 LNVO 00000001)
[    0.015994] ACPI: APIC 0x00000000BF6DEDCD 000068 (v01 LENOVO TP-7B    00002190 LNVO 00000001)
[    0.016003] ACPI: MCFG 0x00000000BF6DEE35 00003C (v01 LENOVO TP-7B    00002190 LNVO 00000001)
[    0.016011] ACPI: HPET 0x00000000BF6DEE71 000038 (v01 LENOVO TP-7B    00002190 LNVO 00000001)
[    0.016020] ACPI: BOOT 0x00000000BF6DEFD8 000028 (v01 LENOVO TP-7B    00002190  LTP 00000001)
[    0.016029] ACPI: SSDT 0x00000000BF6F2645 00025F (v01 LENOVO TP-7B    00002190 INTL 20050513)
[    0.016038] ACPI: SSDT 0x00000000BF6F28A4 0000A6 (v01 LENOVO TP-7B    00002190 INTL 20050513)
[    0.016046] ACPI: SSDT 0x00000000BF6F294A 0004F7 (v01 LENOVO TP-7B    00002190 INTL 20050513)
[    0.016055] ACPI: SSDT 0x00000000BF6F2E41 0001D8 (v01 LENOVO TP-7B    00002190 INTL 20050513)
[    0.016076] ACPI: Local APIC address 0xfee00000
[    0.016082] 2176MB HIGHMEM available.
[    0.016086] 885MB LOWMEM available.
[    0.016090]   mapped low ram: 0 - 375fe000
[    0.016094]   low ram: 0 - 375fe000
[    0.016105] BRK [0x055fe000, 0x055fefff] PGTABLE
[    0.016110] Zone ranges:
[    0.016113]   DMA      [mem 0x0000000000001000-0x0000000000ffffff]
[    0.016118]   Normal   [mem 0x0000000001000000-0x00000000375fdfff]
[    0.016123]   HighMem  [mem 0x00000000375fe000-0x00000000bf6cffff]
[    0.016127] Movable zone start for each node
[    0.016131] Early memory node ranges
[    0.016135]   node   0: [mem 0x0000000000001000-0x000000000009efff]
[    0.016139]   node   0: [mem 0x0000000000100000-0x00000000bf6cffff]
[    0.016146] Initmem setup node 0 [mem 0x0000000000001000-0x00000000bf6cffff]
[    0.016151] On node 0 totalpages: 783982
[    0.027527]   DMA zone: 32 pages used for memmap
[    0.027530]   DMA zone: 0 pages reserved
[    0.027533]   DMA zone: 3998 pages, LIFO batch:0
[    0.027646]   Normal zone: 1740 pages used for memmap
[    0.027648]   Normal zone: 222718 pages, LIFO batch:63
[    0.033309]   HighMem zone: 557266 pages, LIFO batch:63
[    0.047525] Using APIC driver default
[    0.047542] Reserving Intel graphics memory at [mem 0xbf800000-0xbfffffff]
[    0.048022] ACPI: PM-Timer IO Port: 0x1008
[    0.048027] ACPI: Local APIC address 0xfee00000
[    0.048040] ACPI: LAPIC_NMI (acpi_id[0x00] high edge lint[0x1])
[    0.048045] ACPI: LAPIC_NMI (acpi_id[0x01] high edge lint[0x1])
[    0.048071] IOAPIC[0]: apic_id 1, version 32, address 0xfec00000, GSI 0-23
[    0.048078] ACPI: INT_SRC_OVR (bus 0 bus_irq 0 global_irq 2 dfl dfl)
[    0.048084] ACPI: INT_SRC_OVR (bus 0 bus_irq 9 global_irq 9 high level)
[    0.048090] ACPI: IRQ0 used by override.
[    0.048093] ACPI: IRQ9 used by override.
[    0.048099] Using ACPI (MADT) for SMP configuration information
[    0.048104] ACPI: HPET id: 0x8086a201 base: 0xfed00000
[    0.048116] smpboot: Allowing 2 CPUs, 0 hotplug CPUs
[    0.048155] PM: Registered nosave memory: [mem 0x00000000-0x00000fff]
[    0.048161] PM: Registered nosave memory: [mem 0x0009f000-0x0009ffff]
[    0.048165] PM: Registered nosave memory: [mem 0x000a0000-0x000dbfff]
[    0.048169] PM: Registered nosave memory: [mem 0x000dc000-0x000fffff]
[    0.048177] [mem 0xc0000000-0xefffffff] available for PCI devices
[    0.048185] clocksource: refined-jiffies: mask: 0xffffffff max_cycles: 0xffffffff, max_idle_ns: 7645519600211568 ns
[    0.048200] setup_percpu: NR_CPUS:8 nr_cpumask_bits:8 nr_cpu_ids:2 nr_node_ids:1
[    0.048467] percpu: Embedded 37 pages/cpu s118824 r0 d32728 u151552
[    0.048481] pcpu-alloc: s118824 r0 d32728 u151552 alloc=37*4096
[    0.048484] pcpu-alloc: [0] 0 [0] 1 
[    0.048518] Built 1 zonelists, mobility grouping on.  Total pages: 782210
[    0.048527] Kernel command line: BOOT_IMAGE=(hd0,2)/fast/l/linux-next-32/arch/x86/boot/bzImage root=/dev/sda4 resume=/dev/sda1
[    0.048951] Dentry cache hash table entries: 131072 (order: 7, 524288 bytes, linear)
[    0.049069] Inode-cache hash table entries: 65536 (order: 6, 262144 bytes, linear)
[    0.049095] Initializing CPU#0
[    0.049104] mem auto-init: stack:off, heap alloc:off, heap free:off
[    0.081399] Initializing HighMem for node 0 (000375fe:000bf6d0)
[    0.432911] Initializing Movable for node 0 (00000000:00000000)
[    0.503951] Memory: 3021812K/3135928K available (12531K kernel code, 682K rwdata, 4900K rodata, 640K init, 3360K bss, 114116K reserved, 0K cma-reserved, 2229064K highmem)
[    0.503964] virtual kernel memory layout:
    fixmap  : 0xffe72000 - 0xfffff000   (1588 kB)
  cpu_entry : 0xffa00000 - 0xffb31000   (1220 kB)
    pkmap   : 0xff600000 - 0xff800000   (2048 kB)
    vmalloc : 0xf7dfe000 - 0xff5fe000   ( 120 MB)
    lowmem  : 0xc0000000 - 0xf75fe000   ( 885 MB)
      .init : 0xc51db000 - 0xc527b000   ( 640 kB)
      .data : 0xc4c3cf8c - 0xc51b8980   (5614 kB)
      .text : 0xc4000000 - 0xc4c3cf8c   (12531 kB)
[    0.503970] Checking if this processor honours the WP bit even in supervisor mode...Ok.
[    0.504036] random: get_random_u32 called from cache_alloc_refill+0x646/0xae0 with crng_init=0
[    0.505294] Kernel/User page tables isolation: enabled
[    0.505565] rcu: Hierarchical RCU implementation.
[    0.505570] rcu: 	RCU restricting CPUs from NR_CPUS=8 to nr_cpu_ids=2.
[    0.505575] rcu: RCU calculated value of scheduler-enlistment delay is 25 jiffies.
[    0.505579] rcu: Adjusting geometry for rcu_fanout_leaf=16, nr_cpu_ids=2
[    0.505622] NR_IRQS: 2304, nr_irqs: 56, preallocated irqs: 16
[    0.508621] Console: colour VGA+ 80x25
[    0.517029] printk: console [tty0] enabled
[    0.517102] Lock dependency validator: Copyright (c) 2006 Red Hat, Inc., Ingo Molnar
[    0.517192] ... MAX_LOCKDEP_SUBCLASSES:  8
[    0.517264] ... MAX_LOCK_DEPTH:          48
[    0.517337] ... MAX_LOCKDEP_KEYS:        8192
[    0.517411] ... CLASSHASH_SIZE:          4096
[    0.517484] ... MAX_LOCKDEP_ENTRIES:     32768
[    0.517558] ... MAX_LOCKDEP_CHAINS:      65536
[    0.517632] ... CHAINHASH_SIZE:          32768
[    0.517706]  memory used by lock dependency info: 2213 kB
[    0.517785]  per task-struct memory footprint: 1344 bytes
[    0.517874] ACPI: Core revision 20190509
[    0.518414] clocksource: hpet: mask: 0xffffffff max_cycles: 0xffffffff, max_idle_ns: 133484882848 ns
[    0.518545] hpet clockevent registered
[    0.518557] APIC: Switch to symmetric I/O mode setup
[    0.518634] Enabling APIC mode:  Flat.  Using 1 I/O APICs
[    0.519271] ..TIMER: vector=0x30 apic1=0 pin1=2 apic2=-1 pin2=-1
[    0.538553] clocksource: tsc-early: mask: 0xffffffffffffffff max_cycles: 0x1a5c80dd2f5, max_idle_ns: 440795234227 ns
[    0.538677] Calibrating delay loop (skipped), value calculated using timer frequency.. 3657.63 BogoMIPS (lpj=7315272)
[    0.538800] pid_max: default: 32768 minimum: 301
[    0.539130] Mount-cache hash table entries: 2048 (order: 1, 8192 bytes, linear)
[    0.539227] Mountpoint-cache hash table entries: 2048 (order: 1, 8192 bytes, linear)
[    0.539878] *** VALIDATE proc ***
[    0.540042] *** VALIDATE cgroup1 ***
[    0.540115] *** VALIDATE cgroup2 ***
[    0.540263] Disabled fast string operations
[    0.540350] process: using mwait in idle threads
[    0.540434] Last level iTLB entries: 4KB 128, 2MB 0, 4MB 2
[    0.540515] Last level dTLB entries: 4KB 128, 2MB 0, 4MB 8, 1GB 0
[    0.540602] Spectre V2 : Mitigation: Full generic retpoline
[    0.540683] Spectre V2 : Spectre v2 / SpectreRSB mitigation: Filling RSB on context switch
[    0.540780] L1TF: System has more than MAX_PA/2 memory. L1TF mitigation not effective.
[    0.540873] L1TF: You may make it effective by booting the kernel with mem=2147483648 parameter.
[    0.540984] L1TF: However, doing so will make a part of your RAM unusable.
[    0.541071] L1TF: Reading https://www.kernel.org/doc/html/latest/admin-guide/hw-vuln/l1tf.html might help you decide.
[    0.541191] MDS: Vulnerable: Clear CPU buffers attempted, no microcode
[    0.541534] Freeing SMP alternatives memory: 44K
[    0.546676] smpboot: CPU0: Genuine Intel(R) CPU           T2400  @ 1.83GHz (family: 0x6, model: 0xe, stepping: 0x8)
[    0.546676] Performance Events: Core events, core PMU driver.
[    0.546676] ... version:                1
[    0.546676] ... bit width:              40
[    0.546676] ... generic registers:      2
[    0.546676] ... value mask:             000000ffffffffff
[    0.546676] ... max period:             000000007fffffff
[    0.546676] ... fixed-purpose events:   0
[    0.546676] ... event mask:             0000000000000003
[    0.546676] rcu: Hierarchical SRCU implementation.
[    0.546676] NMI watchdog: Enabled. Permanently consumes one hw-PMU counter.
[    0.546676] smp: Bringing up secondary CPUs ...
[    0.547495] x86: Booting SMP configuration:
[    0.547578] .... node  #0, CPUs:      #1
[    0.016738] Initializing CPU#1
[    0.016738] Disabled fast string operations
[    0.550029] TSC synchronization [CPU#0 -> CPU#1]:
[    0.550340] Measured 579645 cycles TSC warp between CPUs, turning off TSC clock.
[    0.550442] tsc: Marking TSC unstable due to check_tsc_sync_source failed
[    0.550712] smp: Brought up 1 node, 2 CPUs
[    0.550763] smpboot: Max logical packages: 1
[    0.550839] smpboot: Total of 2 processors activated (7315.27 BogoMIPS)
[    0.552585] devtmpfs: initialized
[    0.552585] PM: Registering ACPI NVS region [mem 0xbf6df000-0xbf6fffff] (135168 bytes)
[    0.552585] clocksource: jiffies: mask: 0xffffffff max_cycles: 0xffffffff, max_idle_ns: 7645041785100000 ns
[    0.552585] futex hash table entries: 512 (order: 3, 32768 bytes, linear)
[    0.555335] NET: Registered protocol family 16
[    0.556554] cpuidle: using governor ladder
[    0.556717] cpuidle: using governor menu
[    0.556944] Simple Boot Flag at 0x35 set to 0x1
[    0.557068] ACPI FADT declares the system doesn't support PCIe ASPM, so disable it
[    0.557159] ACPI: bus type PCI registered
[    0.557438] PCI: MMCONFIG for domain 0000 [bus 00-3f] at [mem 0xf0000000-0xf3ffffff] (base 0xf0000000)
[    0.557557] PCI: MMCONFIG at [mem 0xf0000000-0xf3ffffff] reserved in E820
[    0.557645] PCI: Using MMCONFIG for extended config space
[    0.557726] PCI: Using configuration type 1 for base access
[    0.558940] mtrr: your CPUs had inconsistent variable MTRR settings
[    0.559026] mtrr: probably your BIOS does not setup all CPUs.
[    0.559108] mtrr: corrected configuration.
[    0.627053] ACPI: Added _OSI(Module Device)
[    0.627053] ACPI: Added _OSI(Processor Device)
[    0.627118] ACPI: Added _OSI(3.0 _SCP Extensions)
[    0.627196] ACPI: Added _OSI(Processor Aggregator Device)
[    0.627280] ACPI: Added _OSI(Linux-Dell-Video)
[    0.627358] ACPI: Added _OSI(Linux-Lenovo-NV-HDMI-Audio)
[    0.627441] ACPI: Added _OSI(Linux-HPI-Hybrid-Graphics)
[    0.690696] ACPI: 6 ACPI AML tables successfully acquired and loaded
[    0.694680] ACPI: EC: EC started
[    0.694680] ACPI: EC: interrupt blocked
[    0.698695] ACPI: \: Used as first EC
[    0.698695] ACPI: \: GPE=0x1c, EC_CMD/EC_SC=0x66, EC_DATA=0x62
[    0.698695] ACPI: EC: Boot ECDT EC used to handle transactions
[    0.722696] ACPI: Dynamic OEM Table Load:
[    0.722696] ACPI: SSDT 0x00000000F0DB5000 000240 (v01 PmRef  Cpu0Ist  00000100 INTL 20050513)
[    0.722696] ACPI: Dynamic OEM Table Load:
[    0.722696] ACPI: SSDT 0x00000000F0E8F000 00065A (v01 PmRef  Cpu0Cst  00000100 INTL 20050513)
[    0.728035] ACPI: Dynamic OEM Table Load:
[    0.728125] ACPI: SSDT 0x00000000F1A16300 0000C8 (v01 PmRef  Cpu1Ist  00000100 INTL 20050513)
[    0.731591] ACPI: Dynamic OEM Table Load:
[    0.731679] ACPI: SSDT 0x00000000F0E88300 000085 (v01 PmRef  Cpu1Cst  00000100 INTL 20050513)
[    0.733766] ACPI: Interpreter enabled
[    0.733917] ACPI: (supports S0 S3 S4 S5)
[    0.733997] ACPI: Using IOAPIC for interrupt routing
[    0.734199] PCI: Using host bridge windows from ACPI; if necessary, use "pci=nocrs" and report a bug
[    0.735318] ACPI: Enabled 4 GPEs in block 00 to 1F
[    0.758866] ACPI: Power Resource [PUBS] (on)
[    0.759974] acpi PNP0C0A:01: ACPI dock station (docks/bays count: 1)
[    0.767567] acpi LNXIOBAY:00: ACPI dock station (docks/bays count: 2)
[    0.783117] acpi IBM0079:00: ACPI dock station (docks/bays count: 3)
[    0.785528] ACPI: PCI Interrupt Link [LNKA] (IRQs 3 4 5 6 7 9 10 *11)
[    0.786387] ACPI: PCI Interrupt Link [LNKB] (IRQs 3 4 5 6 7 9 10 *11)
[    0.787259] ACPI: PCI Interrupt Link [LNKC] (IRQs 3 4 5 6 7 9 10 *11)
[    0.788118] ACPI: PCI Interrupt Link [LNKD] (IRQs 3 4 5 6 7 9 10 *11)
[    0.788977] ACPI: PCI Interrupt Link [LNKE] (IRQs 3 4 5 6 7 9 10 *11)
[    0.789836] ACPI: PCI Interrupt Link [LNKF] (IRQs 3 4 5 6 7 9 10 *11)
[    0.790710] ACPI: PCI Interrupt Link [LNKG] (IRQs 3 4 5 6 7 9 10 *11)
[    0.791571] ACPI: PCI Interrupt Link [LNKH] (IRQs 3 4 5 6 7 9 10 *11)
[    0.792081] ACPI: PCI Root Bridge [PCI0] (domain 0000 [bus 00-ff])
[    0.792180] acpi PNP0A08:00: _OSC: OS supports [ExtendedConfig ASPM ClockPM Segments HPX-Type3]
[    0.793265] acpi PNP0A08:00: _OSC: not requesting OS control; OS requires [ExtendedConfig ASPM ClockPM MSI]
[    0.793400] acpi PNP0A08:00: [Firmware Info]: MMCONFIG for domain 0000 [bus 00-3f] only partially covers this bridge
[    0.793759] PCI host bridge to bus 0000:00
[    0.793841] pci_bus 0000:00: root bus resource [io  0x0000-0x0cf7 window]
[    0.793934] pci_bus 0000:00: root bus resource [io  0x0d00-0xffff window]
[    0.794028] pci_bus 0000:00: root bus resource [mem 0x000a0000-0x000bffff window]
[    0.794125] pci_bus 0000:00: root bus resource [mem 0x000d0000-0x000d3fff window]
[    0.794222] pci_bus 0000:00: root bus resource [mem 0x000d4000-0x000d7fff window]
[    0.794319] pci_bus 0000:00: root bus resource [mem 0x000d8000-0x000dbfff window]
[    0.794417] pci_bus 0000:00: root bus resource [mem 0xc0000000-0xfebfffff window]
[    0.794514] pci_bus 0000:00: root bus resource [mem 0xfed40000-0xfed40fff window]
[    0.794612] pci_bus 0000:00: root bus resource [bus 00-ff]
[    0.794734] pci 0000:00:00.0: [8086:27a0] type 00 class 0x060000
[    0.795266] pci 0000:00:02.0: [8086:27a2] type 00 class 0x030000
[    0.795373] pci 0000:00:02.0: reg 0x10: [mem 0xee100000-0xee17ffff]
[    0.795470] pci 0000:00:02.0: reg 0x14: [io  0x1800-0x1807]
[    0.795562] pci 0000:00:02.0: reg 0x18: [mem 0xd0000000-0xdfffffff pref]
[    0.795660] pci 0000:00:02.0: reg 0x1c: [mem 0xee200000-0xee23ffff]
[    0.796193] pci 0000:00:02.1: [8086:27a6] type 00 class 0x038000
[    0.796298] pci 0000:00:02.1: reg 0x10: [mem 0xee180000-0xee1fffff]
[    0.796865] pci 0000:00:1b.0: [8086:27d8] type 00 class 0x040300
[    0.796994] pci 0000:00:1b.0: reg 0x10: [mem 0xee240000-0xee243fff 64bit]
[    0.797248] pci 0000:00:1b.0: PME# supported from D0 D3hot D3cold
[    0.797774] pci 0000:00:1c.0: [8086:27d0] type 01 class 0x060400
[    0.798054] pci 0000:00:1c.0: PME# supported from D0 D3hot D3cold
[    0.798576] pci 0000:00:1c.1: [8086:27d2] type 01 class 0x060400
[    0.798874] pci 0000:00:1c.1: PME# supported from D0 D3hot D3cold
[    0.799392] pci 0000:00:1c.2: [8086:27d4] type 01 class 0x060400
[    0.799669] pci 0000:00:1c.2: PME# supported from D0 D3hot D3cold
[    0.800192] pci 0000:00:1c.3: [8086:27d6] type 01 class 0x060400
[    0.800470] pci 0000:00:1c.3: PME# supported from D0 D3hot D3cold
[    0.800994] pci 0000:00:1d.0: [8086:27c8] type 00 class 0x0c0300
[    0.801157] pci 0000:00:1d.0: reg 0x20: [io  0x1820-0x183f]
[    0.801677] pci 0000:00:1d.1: [8086:27c9] type 00 class 0x0c0300
[    0.801839] pci 0000:00:1d.1: reg 0x20: [io  0x1840-0x185f]
[    0.802360] pci 0000:00:1d.2: [8086:27ca] type 00 class 0x0c0300
[    0.802523] pci 0000:00:1d.2: reg 0x20: [io  0x1860-0x187f]
[    0.803068] pci 0000:00:1d.3: [8086:27cb] type 00 class 0x0c0300
[    0.803231] pci 0000:00:1d.3: reg 0x20: [io  0x1880-0x189f]
[    0.803740] pci 0000:00:1d.7: [8086:27cc] type 00 class 0x0c0320
[    0.803860] pci 0000:00:1d.7: reg 0x10: [mem 0xee444000-0xee4443ff]
[    0.804087] pci 0000:00:1d.7: PME# supported from D0 D3hot D3cold
[    0.804576] pci 0000:00:1e.0: [8086:2448] type 01 class 0x060401
[    0.805201] pci 0000:00:1f.0: [8086:27b9] type 00 class 0x060100
[    0.805441] pci 0000:00:1f.0: quirk: [io  0x1000-0x107f] claimed by ICH6 ACPI/GPIO/TCO
[    0.805546] pci 0000:00:1f.0: quirk: [io  0x1180-0x11bf] claimed by ICH6 GPIO
[    0.805643] pci 0000:00:1f.0: ICH7 LPC Generic IO decode 1 PIO at 1600 (mask 007f)
[    0.805741] pci 0000:00:1f.0: ICH7 LPC Generic IO decode 2 PIO at 15e0 (mask 000f)
[    0.805840] pci 0000:00:1f.0: ICH7 LPC Generic IO decode 3 PIO at 1680 (mask 001f)
[    0.806354] pci 0000:00:1f.1: [8086:27df] type 00 class 0x01018a
[    0.806469] pci 0000:00:1f.1: reg 0x10: [io  0x0000-0x0007]
[    0.806568] pci 0000:00:1f.1: reg 0x14: [io  0x0000-0x0003]
[    0.806666] pci 0000:00:1f.1: reg 0x18: [io  0x0000-0x0007]
[    0.806696] pci 0000:00:1f.1: reg 0x1c: [io  0x0000-0x0003]
[    0.806794] pci 0000:00:1f.1: reg 0x20: [io  0x1810-0x181f]
[    0.806909] pci 0000:00:1f.1: legacy IDE quirk: reg 0x10: [io  0x01f0-0x01f7]
[    0.807002] pci 0000:00:1f.1: legacy IDE quirk: reg 0x14: [io  0x03f6]
[    0.807094] pci 0000:00:1f.1: legacy IDE quirk: reg 0x18: [io  0x0170-0x0177]
[    0.807188] pci 0000:00:1f.1: legacy IDE quirk: reg 0x1c: [io  0x0376]
[    0.807676] pci 0000:00:1f.2: [8086:27c5] type 00 class 0x010601
[    0.807796] pci 0000:00:1f.2: reg 0x10: [io  0x18d0-0x18d7]
[    0.807894] pci 0000:00:1f.2: reg 0x14: [io  0x18c4-0x18c7]
[    0.807992] pci 0000:00:1f.2: reg 0x18: [io  0x18c8-0x18cf]
[    0.808090] pci 0000:00:1f.2: reg 0x1c: [io  0x18c0-0x18c3]
[    0.808187] pci 0000:00:1f.2: reg 0x20: [io  0x18b0-0x18bf]
[    0.808285] pci 0000:00:1f.2: reg 0x24: [mem 0xee444400-0xee4447ff]
[    0.808455] pci 0000:00:1f.2: PME# supported from D3hot
[    0.808941] pci 0000:00:1f.3: [8086:27da] type 00 class 0x0c0500
[    0.809122] pci 0000:00:1f.3: reg 0x20: [io  0x18e0-0x18ff]
[    0.809865] pci 0000:02:00.0: [8086:109a] type 00 class 0x020000
[    0.810075] pci 0000:02:00.0: reg 0x10: [mem 0xee000000-0xee01ffff]
[    0.810269] pci 0000:02:00.0: reg 0x18: [io  0x2000-0x201f]
[    0.810759] pci 0000:02:00.0: PME# supported from D0 D3hot D3cold
[    0.811285] pci 0000:00:1c.0: PCI bridge to [bus 02]
[    0.811372] pci 0000:00:1c.0:   bridge window [io  0x2000-0x2fff]
[    0.811465] pci 0000:00:1c.0:   bridge window [mem 0xee000000-0xee0fffff]
[    0.811802] pci 0000:03:00.0: [8086:4227] type 00 class 0x028000
[    0.812035] pci 0000:03:00.0: reg 0x10: [mem 0xedf00000-0xedf00fff]
[    0.812676] pci 0000:03:00.0: PME# supported from D0 D3hot D3cold
[    0.813237] pci 0000:00:1c.1: PCI bridge to [bus 03]
[    0.813324] pci 0000:00:1c.1:   bridge window [io  0x3000-0x4fff]
[    0.813416] pci 0000:00:1c.1:   bridge window [mem 0xec000000-0xedffffff]
[    0.813516] pci 0000:00:1c.1:   bridge window [mem 0xe4000000-0xe40fffff 64bit pref]
[    0.813753] pci 0000:00:1c.2: PCI bridge to [bus 04-0b]
[    0.813842] pci 0000:00:1c.2:   bridge window [io  0x5000-0x6fff]
[    0.813934] pci 0000:00:1c.2:   bridge window [mem 0xe8000000-0xe9ffffff]
[    0.814034] pci 0000:00:1c.2:   bridge window [mem 0xe4100000-0xe41fffff 64bit pref]
[    0.814265] pci 0000:00:1c.3: PCI bridge to [bus 0c-13]
[    0.814353] pci 0000:00:1c.3:   bridge window [io  0x7000-0x8fff]
[    0.814446] pci 0000:00:1c.3:   bridge window [mem 0xea000000-0xebffffff]
[    0.814545] pci 0000:00:1c.3:   bridge window [mem 0xe4200000-0xe42fffff 64bit pref]
[    0.814688] pci_bus 0000:15: extended config space not accessible
[    0.814885] pci 0000:15:00.0: [1180:0476] type 02 class 0x060700
[    0.815001] pci 0000:15:00.0: reg 0x10: [mem 0xe4300000-0xe4300fff]
[    0.815159] pci 0000:15:00.0: supports D1 D2
[    0.815238] pci 0000:15:00.0: PME# supported from D0 D1 D2 D3hot D3cold
[    0.815563] pci 0000:15:00.1: [1180:0552] type 00 class 0x0c0010
[    0.815677] pci 0000:15:00.1: reg 0x10: [mem 0xe4301000-0xe43017ff]
[    0.815910] pci 0000:15:00.1: PME# supported from D0 D3hot D3cold
[    0.816196] pci 0000:15:00.2: [1180:0822] type 00 class 0x080500
[    0.816310] pci 0000:15:00.2: reg 0x10: [mem 0xe4301800-0xe43018ff]
[    0.816542] pci 0000:15:00.2: supports D1 D2
[    0.816621] pci 0000:15:00.2: PME# supported from D0 D1 D2 D3hot D3cold
[    0.816972] pci 0000:00:1e.0: PCI bridge to [bus 15-18] (subtractive decode)
[    0.817071] pci 0000:00:1e.0:   bridge window [io  0x9000-0xcfff]
[    0.817163] pci 0000:00:1e.0:   bridge window [mem 0xe4300000-0xe7ffffff]
[    0.817263] pci 0000:00:1e.0:   bridge window [mem 0xe0000000-0xe3ffffff 64bit pref]
[    0.817362] pci 0000:00:1e.0:   bridge window [io  0x0000-0x0cf7 window] (subtractive decode)
[    0.817478] pci 0000:00:1e.0:   bridge window [io  0x0d00-0xffff window] (subtractive decode)
[    0.817594] pci 0000:00:1e.0:   bridge window [mem 0x000a0000-0x000bffff window] (subtractive decode)
[    0.817714] pci 0000:00:1e.0:   bridge window [mem 0x000d0000-0x000d3fff window] (subtractive decode)
[    0.817834] pci 0000:00:1e.0:   bridge window [mem 0x000d4000-0x000d7fff window] (subtractive decode)
[    0.817954] pci 0000:00:1e.0:   bridge window [mem 0x000d8000-0x000dbfff window] (subtractive decode)
[    0.818685] pci 0000:00:1e.0:   bridge window [mem 0xc0000000-0xfebfffff window] (subtractive decode)
[    0.818805] pci 0000:00:1e.0:   bridge window [mem 0xfed40000-0xfed40fff window] (subtractive decode)
[    0.818965] pci_bus 0000:16: extended config space not accessible
[    0.819138] pci_bus 0000:16: busn_res: [bus 16-18] end is updated to 17
[    0.819281] pci_bus 0000:00: on NUMA node 0
[    0.826459] ACPI: EC: interrupt unblocked
[    0.826555] ACPI: EC: event unblocked
[    0.826641] ACPI: \_SB_.PCI0.LPC_.EC__: GPE=0x1c, EC_CMD/EC_SC=0x66, EC_DATA=0x62
[    0.826687] ACPI: \_SB_.PCI0.LPC_.EC__: Boot DSDT EC used to handle transactions and events
[    0.827273] pci 0000:00:02.0: vgaarb: setting as boot VGA device
[    0.827364] pci 0000:00:02.0: vgaarb: VGA device added: decodes=io+mem,owns=io+mem,locks=none
[    0.827499] pci 0000:00:02.0: vgaarb: bridge control possible
[    0.827582] vgaarb: loaded
[    0.828249] SCSI subsystem initialized
[    0.828846] libata version 3.00 loaded.
[    0.829025] ACPI: bus type USB registered
[    0.829216] usbcore: registered new interface driver usbfs
[    0.829356] usbcore: registered new interface driver hub
[    0.829489] usbcore: registered new device driver usb
[    0.829680] mc: Linux media interface: v0.10
[    0.829795] videodev: Linux video capture interface: v2.00
[    0.829934] pps_core: LinuxPPS API ver. 1 registered
[    0.830014] pps_core: Software ver. 5.3.6 - Copyright 2005-2007 Rodolfo Giometti <giometti@linux.it>
[    0.830157] PTP clock support registered
[    0.830928] EDAC MC: Ver: 3.0.0
[    0.831809] Advanced Linux Sound Architecture Driver Initialized.
[    0.832020] PCI: Using ACPI for IRQ routing
[    0.835025] PCI: pci_cache_line_size set to 64 bytes
[    0.835352] e820: reserve RAM buffer [mem 0x0009f000-0x0009ffff]
[    0.835358] e820: reserve RAM buffer [mem 0xbf6d0000-0xbfffffff]
[    0.836014] Bluetooth: Core ver 2.22
[    0.836146] NET: Registered protocol family 31
[    0.836223] Bluetooth: HCI device and connection manager initialized
[    0.836319] Bluetooth: HCI socket layer initialized
[    0.836401] Bluetooth: L2CAP socket layer initialized
[    0.836500] Bluetooth: SCO socket layer initialized
[    0.837093] clocksource: Switched to clocksource hpet
[    0.837527] pnp: PnP ACPI init
[    0.838214] system 00:00: [mem 0x00000000-0x0009ffff] could not be reserved
[    0.838315] system 00:00: [mem 0x000c0000-0x000c3fff] could not be reserved
[    0.838413] system 00:00: [mem 0x000c4000-0x000c7fff] could not be reserved
[    0.838509] system 00:00: [mem 0x000c8000-0x000cbfff] has been reserved
[    0.838602] system 00:00: [mem 0x000cc000-0x000cffff] has been reserved
[    0.838719] system 00:00: [mem 0x000dc000-0x000dffff] could not be reserved
[    0.838818] system 00:00: [mem 0x000e0000-0x000e3fff] could not be reserved
[    0.838915] system 00:00: [mem 0x000e4000-0x000e7fff] could not be reserved
[    0.839012] system 00:00: [mem 0x000e8000-0x000ebfff] could not be reserved
[    0.839109] system 00:00: [mem 0x000ec000-0x000effff] could not be reserved
[    0.839207] system 00:00: [mem 0x000f0000-0x000fffff] could not be reserved
[    0.839305] system 00:00: [mem 0x00100000-0xbfffffff] could not be reserved
[    0.839403] system 00:00: [mem 0xfec00000-0xfed3ffff] could not be reserved
[    0.839501] system 00:00: [mem 0xfed41000-0xffffffff] could not be reserved
[    0.839636] system 00:00: Plug and Play ACPI device, IDs PNP0c01 (active)
[    0.840124] system 00:01: [io  0x164e-0x164f] has been reserved
[    0.840217] system 00:01: [io  0x1000-0x107f] has been reserved
[    0.840307] system 00:01: [io  0x1180-0x11bf] has been reserved
[    0.840398] system 00:01: [io  0x0800-0x080f] has been reserved
[    0.840488] system 00:01: [io  0x15e0-0x15ef] has been reserved
[    0.840580] system 00:01: [io  0x1600-0x165f] could not be reserved
[    0.840673] system 00:01: [mem 0xf0000000-0xf3ffffff] has been reserved
[    0.840767] system 00:01: [mem 0xfed1c000-0xfed1ffff] has been reserved
[    0.840861] system 00:01: [mem 0xfed14000-0xfed17fff] has been reserved
[    0.840955] system 00:01: [mem 0xfed18000-0xfed18fff] has been reserved
[    0.841049] system 00:01: [mem 0xfed19000-0xfed19fff] has been reserved
[    0.841173] system 00:01: Plug and Play ACPI device, IDs PNP0c02 (active)
[    0.841461] pnp 00:02: Plug and Play ACPI device, IDs PNP0b00 (active)
[    0.841586] pnp 00:03: Plug and Play ACPI device, IDs PNP0303 (active)
[    0.841713] pnp 00:04: Plug and Play ACPI device, IDs IBM3780 PNP0f13 (active)
[    0.842447] pnp 00:05: [dma 3]
[    0.842647] pnp 00:05: Plug and Play ACPI device, IDs IBM0071 PNP0511 (active)
[    0.842888] pnp 00:06: Plug and Play ACPI device, IDs ATM1200 PNP0c31 (active)
[    0.845296] pnp: PnP ACPI: found 7 devices
[    0.893467] clocksource: acpi_pm: mask: 0xffffff max_cycles: 0xffffff, max_idle_ns: 2085701024 ns
[    0.893605] pci 0000:00:1c.0: bridge window [mem 0x00100000-0x000fffff 64bit pref] to [bus 02] add_size 200000 add_align 100000
[    0.893775] pci 0000:00:1c.0: BAR 9: assigned [mem 0xc0000000-0xc01fffff 64bit pref]
[    0.893873] pci 0000:00:1c.0: PCI bridge to [bus 02]
[    0.893955] pci 0000:00:1c.0:   bridge window [io  0x2000-0x2fff]
[    0.894046] pci 0000:00:1c.0:   bridge window [mem 0xee000000-0xee0fffff]
[    0.894138] pci 0000:00:1c.0:   bridge window [mem 0xc0000000-0xc01fffff 64bit pref]
[    0.894241] pci 0000:00:1c.1: PCI bridge to [bus 03]
[    0.894323] pci 0000:00:1c.1:   bridge window [io  0x3000-0x4fff]
[    0.894413] pci 0000:00:1c.1:   bridge window [mem 0xec000000-0xedffffff]
[    0.894505] pci 0000:00:1c.1:   bridge window [mem 0xe4000000-0xe40fffff 64bit pref]
[    0.894606] pci 0000:00:1c.2: PCI bridge to [bus 04-0b]
[    0.894706] pci 0000:00:1c.2:   bridge window [io  0x5000-0x6fff]
[    0.894796] pci 0000:00:1c.2:   bridge window [mem 0xe8000000-0xe9ffffff]
[    0.894888] pci 0000:00:1c.2:   bridge window [mem 0xe4100000-0xe41fffff 64bit pref]
[    0.894989] pci 0000:00:1c.3: PCI bridge to [bus 0c-13]
[    0.895071] pci 0000:00:1c.3:   bridge window [io  0x7000-0x8fff]
[    0.895162] pci 0000:00:1c.3:   bridge window [mem 0xea000000-0xebffffff]
[    0.895254] pci 0000:00:1c.3:   bridge window [mem 0xe4200000-0xe42fffff 64bit pref]
[    0.895367] pci 0000:15:00.0: BAR 9: assigned [mem 0xe0000000-0xe3ffffff pref]
[    0.895463] pci 0000:15:00.0: BAR 10: assigned [mem 0xc4000000-0xc7ffffff]
[    0.895553] pci 0000:15:00.0: BAR 7: assigned [io  0x9000-0x90ff]
[    0.895640] pci 0000:15:00.0: BAR 8: assigned [io  0x9400-0x94ff]
[    0.895733] pci 0000:15:00.0: CardBus bridge to [bus 16-17]
[    0.895817] pci 0000:15:00.0:   bridge window [io  0x9000-0x90ff]
[    0.895906] pci 0000:15:00.0:   bridge window [io  0x9400-0x94ff]
[    0.895994] pci 0000:15:00.0:   bridge window [mem 0xe0000000-0xe3ffffff pref]
[    0.896089] pci 0000:15:00.0:   bridge window [mem 0xc4000000-0xc7ffffff]
[    0.896181] pci 0000:00:1e.0: PCI bridge to [bus 15-18]
[    0.896264] pci 0000:00:1e.0:   bridge window [io  0x9000-0xcfff]
[    0.896354] pci 0000:00:1e.0:   bridge window [mem 0xe4300000-0xe7ffffff]
[    0.896446] pci 0000:00:1e.0:   bridge window [mem 0xe0000000-0xe3ffffff 64bit pref]
[    0.896548] pci_bus 0000:00: resource 4 [io  0x0000-0x0cf7 window]
[    0.896634] pci_bus 0000:00: resource 5 [io  0x0d00-0xffff window]
[    0.896720] pci_bus 0000:00: resource 6 [mem 0x000a0000-0x000bffff window]
[    0.896810] pci_bus 0000:00: resource 7 [mem 0x000d0000-0x000d3fff window]
[    0.896900] pci_bus 0000:00: resource 8 [mem 0x000d4000-0x000d7fff window]
[    0.896989] pci_bus 0000:00: resource 9 [mem 0x000d8000-0x000dbfff window]
[    0.897079] pci_bus 0000:00: resource 10 [mem 0xc0000000-0xfebfffff window]
[    0.897169] pci_bus 0000:00: resource 11 [mem 0xfed40000-0xfed40fff window]
[    0.897259] pci_bus 0000:02: resource 0 [io  0x2000-0x2fff]
[    0.897342] pci_bus 0000:02: resource 1 [mem 0xee000000-0xee0fffff]
[    0.897429] pci_bus 0000:02: resource 2 [mem 0xc0000000-0xc01fffff 64bit pref]
[    0.897520] pci_bus 0000:03: resource 0 [io  0x3000-0x4fff]
[    0.897603] pci_bus 0000:03: resource 1 [mem 0xec000000-0xedffffff]
[    0.897689] pci_bus 0000:03: resource 2 [mem 0xe4000000-0xe40fffff 64bit pref]
[    0.897781] pci_bus 0000:04: resource 0 [io  0x5000-0x6fff]
[    0.897864] pci_bus 0000:04: resource 1 [mem 0xe8000000-0xe9ffffff]
[    0.897951] pci_bus 0000:04: resource 2 [mem 0xe4100000-0xe41fffff 64bit pref]
[    0.898042] pci_bus 0000:0c: resource 0 [io  0x7000-0x8fff]
[    0.898125] pci_bus 0000:0c: resource 1 [mem 0xea000000-0xebffffff]
[    0.898211] pci_bus 0000:0c: resource 2 [mem 0xe4200000-0xe42fffff 64bit pref]
[    0.898303] pci_bus 0000:15: resource 0 [io  0x9000-0xcfff]
[    0.898386] pci_bus 0000:15: resource 1 [mem 0xe4300000-0xe7ffffff]
[    0.898472] pci_bus 0000:15: resource 2 [mem 0xe0000000-0xe3ffffff 64bit pref]
[    0.898564] pci_bus 0000:15: resource 4 [io  0x0000-0x0cf7 window]
[    0.898650] pci_bus 0000:15: resource 5 [io  0x0d00-0xffff window]
[    0.898757] pci_bus 0000:15: resource 6 [mem 0x000a0000-0x000bffff window]
[    0.898845] pci_bus 0000:15: resource 7 [mem 0x000d0000-0x000d3fff window]
[    0.898935] pci_bus 0000:15: resource 8 [mem 0x000d4000-0x000d7fff window]
[    0.899024] pci_bus 0000:15: resource 9 [mem 0x000d8000-0x000dbfff window]
[    0.899114] pci_bus 0000:15: resource 10 [mem 0xc0000000-0xfebfffff window]
[    0.899204] pci_bus 0000:15: resource 11 [mem 0xfed40000-0xfed40fff window]
[    0.899294] pci_bus 0000:16: resource 0 [io  0x9000-0x90ff]
[    0.899377] pci_bus 0000:16: resource 1 [io  0x9400-0x94ff]
[    0.899460] pci_bus 0000:16: resource 2 [mem 0xe0000000-0xe3ffffff pref]
[    0.899549] pci_bus 0000:16: resource 3 [mem 0xc4000000-0xc7ffffff]
[    0.900091] NET: Registered protocol family 2
[    0.900673] tcp_listen_portaddr_hash hash table entries: 512 (order: 2, 20480 bytes, linear)
[    0.900823] TCP established hash table entries: 8192 (order: 3, 32768 bytes, linear)
[    0.900983] TCP bind hash table entries: 8192 (order: 6, 294912 bytes, linear)
[    0.901550] TCP: Hash tables configured (established 8192 bind 8192)
[    0.901946] UDP hash table entries: 512 (order: 3, 40960 bytes, linear)
[    0.902106] UDP-Lite hash table entries: 512 (order: 3, 40960 bytes, linear)
[    0.902401] NET: Registered protocol family 1
[    0.903083] RPC: Registered named UNIX socket transport module.
[    0.903171] RPC: Registered udp transport module.
[    0.903251] RPC: Registered tcp transport module.
[    0.903331] RPC: Registered tcp NFSv4.1 backchannel transport module.
[    0.903922] pci 0000:00:02.0: Video device with shadowed ROM at [mem 0x000c0000-0x000dffff]
[    0.908094] pci 0000:15:00.0: CLS mismatch (64 != 32), using 64 bytes
[    0.908304] PCI-DMA: Using software bounce buffering for IO (SWIOTLB)
[    0.908391] software IO TLB: mapped [mem 0x31d00000-0x35d00000] (64MB)
[    0.911124] Initialise system trusted keyrings
[    0.911697] workingset: timestamp_bits=30 max_order=20 bucket_order=0
[    0.913765] Installing knfsd (copyright (C) 1996 okir@monad.swb.de).
[    0.914257] ntfs: driver 2.1.32 [Flags: R/W].
[    0.914543] fuse: init (API version 7.31)
[    0.924352] NET: Registered protocol family 38
[    0.924455] Key type asymmetric registered
[    0.924540] Asymmetric key parser 'x509' registered
[    0.924754] bounce: pool size: 64 pages
[    0.924897] Block layer SCSI generic (bsg) driver version 0.4 loaded (major 249)
[    0.925000] io scheduler mq-deadline registered
[    0.925120] io scheduler bfq registered
[    0.928116] intel_idle: does not run on family 6 model 14
[    0.928557] ACPI: Deprecated procfs I/F for AC is loaded, please retry with CONFIG_ACPI_PROCFS_POWER cleared
[    0.928956] ACPI: AC Adapter [AC] (on-line)
[    0.929327] input: Lid Switch as /devices/LNXSYSTM:00/LNXSYBUS:00/PNP0C0D:00/input/input0
[    0.929585] ACPI: Lid Switch [LID]
[    0.929844] input: Sleep Button as /devices/LNXSYSTM:00/LNXSYBUS:00/PNP0C0E:00/input/input1
[    0.930001] ACPI: Sleep Button [SLPB]
[    0.930293] input: Power Button as /devices/LNXSYSTM:00/LNXPWRBN:00/input/input2
[    0.930434] ACPI: Power Button [PWRF]
[    0.930960] ACPI: Video Device [VID] (multi-head: yes  rom: no  post: no)
[    0.938715] acpi device:01: registered as cooling_device0
[    0.939182] input: Video Bus as /devices/LNXSYSTM:00/LNXSYBUS:00/PNP0A08:00/LNXVIDEO:00/input/input3
[    0.956023] thermal LNXTHERM:00: registered as thermal_zone0
[    0.956114] ACPI: Thermal Zone [THM0] (63 C)
[    0.959964] thermal LNXTHERM:01: registered as thermal_zone1
[    0.960052] ACPI: Thermal Zone [THM1] (63 C)
[    0.960854] Serial: 8250/16550 driver, 4 ports, IRQ sharing disabled
[    0.961662] serial8250: ttyS1 at I/O 0x2f8 (irq = 3, base_baud = 921600) is a NS16550A
[    0.965293] lp: driver loaded but no devices found
[    0.965554] Non-volatile memory driver v1.3
[    0.966025] intel_rng: FWH not detected
[    0.966159] Linux agpgart interface v0.103
[    0.966960] [drm] radeon kernel modesetting enabled.
[    0.968172] pci 0000:00:00.0: Intel 945GM Chipset
[    0.968305] pci 0000:00:00.0: detected gtt size: 262144K total, 262144K mappable
[    0.969025] pci 0000:00:00.0: detected 8192K stolen memory
[    0.969249] i915 0000:00:02.0: vgaarb: deactivate vga console
[    0.970570] Console: switching to colour dummy device 80x25
[    0.972473] [drm] Supports vblank timestamp caching Rev 2 (21.10.2013).
[    0.972511] [drm] Driver supports precise vblank timestamp query.
[    0.972560] resource sanity check: requesting [mem 0x000c0000-0x000dffff], which spans more than pnp 00:00 [mem 0x000c8000-0x000cbfff]
[    0.972633] caller pci_map_rom+0x6f/0x174 mapping multiple BARs
[    0.974311] i915 0000:00:02.0: vgaarb: changed VGA decodes: olddecodes=io+mem,decodes=io+mem:owns=io+mem
[    0.985082] random: fast init done
[    0.991859] [drm] RC6 disabled, disabling runtime PM support
[    0.992203] [drm] Initialized overlay support.
[    0.993973] [drm] Initialized i915 1.6.0 20190619 for 0000:00:02.0 on minor 0
[    0.995014] usbcore: registered new interface driver udl
[    0.995552] battery: ACPI: Deprecated procfs I/F for battery is loaded, please retry with CONFIG_ACPI_PROCFS_POWER cleared
[    0.995643] battery: ACPI: Battery Slot [BAT0] (battery present)
[    1.009509] fbcon: i915drmfb (fb0) is primary device
[    1.009882] loop: module loaded
[    1.032139] ahci 0000:00:1f.2: version 3.0
[    1.032872] ahci 0000:00:1f.2: AHCI 0001.0100 32 slots 4 ports 1.5 Gbps 0x1 impl SATA mode
[    1.032877] ahci 0000:00:1f.2: flags: 64bit ncq pm led clo pio slum part 
[    1.035182] scsi host0: ahci
[    1.035785] scsi host1: ahci
[    1.036310] scsi host2: ahci
[    1.036843] scsi host3: ahci
[    1.037144] ata1: SATA max UDMA/133 abar m1024@0xee444400 port 0xee444500 irq 16
[    1.037147] ata2: DUMMY
[    1.037149] ata3: DUMMY
[    1.037150] ata4: DUMMY
[    1.037322] ata_piix 0000:00:1f.1: version 2.13
[    1.040238] scsi host4: ata_piix
[    1.041242] scsi host5: ata_piix
[    1.041459] ata5: PATA max UDMA/100 cmd 0x1f0 ctl 0x3f6 bmdma 0x1810 irq 14
[    1.041462] ata6: PATA max UDMA/100 cmd 0x170 ctl 0x376 bmdma 0x1818 irq 15
[    1.041819] ata6: port disabled--ignoring
[    1.042655] tun: Universal TUN/TAP device driver, 1.6
[    1.043778] e1000e: Intel(R) PRO/1000 Network Driver - 3.2.6-k
[    1.043780] e1000e: Copyright(c) 1999 - 2015 Intel Corporation.
[    1.043894] e1000e 0000:02:00.0: Disabling ASPM  L1
[    1.043897] e1000e 0000:02:00.0: can't disable ASPM; OS doesn't have ASPM control
[    1.044352] e1000e 0000:02:00.0: Interrupt Throttling Rate (ints/sec) set to dynamic conservative mode
[    1.165927] e1000e 0000:02:00.0 eth0: (PCI Express:2.5GT/s:Width x1) 00:16:d3:25:19:04
[    1.165931] e1000e 0000:02:00.0 eth0: Intel(R) PRO/1000 Network Connection
[    1.166008] e1000e 0000:02:00.0 eth0: MAC: 2, PHY: 2, PBA No: 005302-003
[    1.166237] PPP generic driver version 2.4.2
[    1.166488] PPP BSD Compression module registered
[    1.166491] PPP Deflate Compression module registered
[    1.166493] SLIP: version 0.8.4-NET3.019-NEWTTY (dynamic channels, max=256).
[    1.166495] CSLIP: code copyright 1989 Regents of the University of California.
[    1.166571] iwl3945: Intel(R) PRO/Wireless 3945ABG/BG Network Connection driver for Linux, in-tree:ds
[    1.166573] iwl3945: Copyright(c) 2003-2011 Intel Corporation
[    1.166574] iwl3945: hw_scan is disabled
[    1.166795] iwl3945 0000:03:00.0: can't disable ASPM; OS doesn't have ASPM control
[    1.221492] iwl3945 0000:03:00.0: Tunable channels: 11 802.11bg, 13 802.11a channels
[    1.221495] iwl3945 0000:03:00.0: Detected Intel Wireless WiFi Link 3945ABG
[    1.222419] ieee80211 phy0: Selected rate control algorithm 'iwl-3945-rs'
[    1.223310] Intel(R) Wireless WiFi driver for Linux
[    1.223312] Copyright(c) 2003- 2015 Intel Corporation
[    1.223530] usbcore: registered new interface driver ax88179_178a
[    1.223568] usbcore: registered new interface driver cdc_ether
[    1.223608] usbcore: registered new interface driver net1080
[    1.223651] usbcore: registered new interface driver cdc_subset
[    1.223691] usbcore: registered new interface driver zaurus
[    1.223743] usbcore: registered new interface driver cdc_ncm
[    1.223831] pci 0000:00:1e.0: enabling device (0005 -> 0007)
[    1.224060] yenta_cardbus 0000:15:00.0: CardBus bridge found [17aa:201c]
[    1.358100] ata1: SATA link up 1.5 Gbps (SStatus 113 SControl 300)
[    1.474796] ata1.00: ACPI cmd ef/02:00:00:00:00:a0 (SET FEATURES) succeeded
[    1.474800] ata1.00: ACPI cmd f5/00:00:00:00:00:a0 (SECURITY FREEZE LOCK) filtered out
[    1.474804] ata1.00: ACPI cmd ef/10:03:00:00:00:a0 (SET FEATURES) filtered out
[    1.518878] ata1.00: ATA-9: ST1000LM014-1EJ164, SM11, max UDMA/133
[    1.518882] ata1.00: 1953525168 sectors, multi 16: LBA48 NCQ (depth 32), AA
[    1.563514] ata1.00: ACPI cmd ef/02:00:00:00:00:a0 (SET FEATURES) succeeded
[    1.563519] ata1.00: ACPI cmd f5/00:00:00:00:00:a0 (SECURITY FREEZE LOCK) filtered out
[    1.563522] ata1.00: ACPI cmd ef/10:03:00:00:00:a0 (SET FEATURES) filtered out
[    1.607641] ata1.00: configured for UDMA/133
[    1.734796] Console: switching to colour frame buffer device 102x42
[    1.868660] i915 0000:00:02.0: fb0: i915drmfb frame buffer device
[    1.872216] scsi 0:0:0:0: Direct-Access     ATA      ST1000LM014-1EJ1 SM11 PQ: 0 ANSI: 5
[    1.875967] sd 0:0:0:0: Attached scsi generic sg0 type 0
[    1.876230] sd 0:0:0:0: [sda] 1953525168 512-byte logical blocks: (1.00 TB/932 GiB)
[    1.881628] sd 0:0:0:0: [sda] 4096-byte physical blocks
[    1.884478] sd 0:0:0:0: [sda] Write Protect is off
[    1.887266] sd 0:0:0:0: [sda] Mode Sense: 00 3a 00 00
[    1.887364] sd 0:0:0:0: [sda] Write cache: enabled, read cache: enabled, doesn't support DPO or FUA
[    1.891843]  sda: sda1 sda2 sda3 sda4
[    1.896933] sd 0:0:0:0: [sda] Attached SCSI disk
[    2.035603] yenta_cardbus 0000:15:00.0: ISA IRQ mask 0x0cb8, PCI irq 16
[    2.038468] yenta_cardbus 0000:15:00.0: Socket status: 30000006
[    2.041318] yenta_cardbus 0000:15:00.0: pcmcia: parent PCI bridge window: [io  0x9000-0xcfff]
[    2.044142] yenta_cardbus 0000:15:00.0: pcmcia: parent PCI bridge window: [mem 0xe4300000-0xe7ffffff]
[    2.046901] pcmcia_socket pcmcia_socket0: cs: memory probe 0xe4300000-0xe7ffffff:
[    2.049680]  excluding 0xe4300000-0xe46cffff
[    2.052470] yenta_cardbus 0000:15:00.0: pcmcia: parent PCI bridge window: [mem 0xe0000000-0xe3ffffff 64bit pref]
[    2.055392] pcmcia_socket pcmcia_socket0: cs: memory probe 0xe0000000-0xe3ffffff:
[    2.058358]  excluding 0xe0000000-0xe3ffffff
[    2.062355] ehci_hcd: USB 2.0 'Enhanced' Host Controller (EHCI) Driver
[    2.065303] ehci-pci: EHCI PCI platform driver
[    2.068725] ehci-pci 0000:00:1d.7: EHCI Host Controller
[    2.071973] ehci-pci 0000:00:1d.7: new USB bus registered, assigned bus number 1
[    2.075085] ehci-pci 0000:00:1d.7: debug port 1
[    2.082111] ehci-pci 0000:00:1d.7: cache line size of 64 is not supported
[    2.085307] ehci-pci 0000:00:1d.7: irq 19, io mem 0xee444000
[    2.102794] ehci-pci 0000:00:1d.7: USB 2.0 started, EHCI 1.00
[    2.106294] usb usb1: New USB device found, idVendor=1d6b, idProduct=0002, bcdDevice= 5.02
[    2.109548] usb usb1: New USB device strings: Mfr=3, Product=2, SerialNumber=1
[    2.112757] usb usb1: Product: EHCI Host Controller
[    2.115896] usb usb1: Manufacturer: Linux 5.2.0-rc6-next-20190628+ ehci_hcd
[    2.119095] usb usb1: SerialNumber: 0000:00:1d.7
[    2.122931] hub 1-0:1.0: USB hub found
[    2.126095] hub 1-0:1.0: 8 ports detected
[    2.130906] ohci_hcd: USB 1.1 'Open' Host Controller (OHCI) Driver
[    2.134258] ohci-pci: OHCI PCI platform driver
[    2.137326] uhci_hcd: USB Universal Host Controller Interface driver
[    2.140892] uhci_hcd 0000:00:1d.0: UHCI Host Controller
[    2.144189] uhci_hcd 0000:00:1d.0: new USB bus registered, assigned bus number 2
[    2.147263] uhci_hcd 0000:00:1d.0: detected 2 ports
[    2.150239] uhci_hcd 0000:00:1d.0: irq 16, io base 0x00001820
[    2.153516] usb usb2: New USB device found, idVendor=1d6b, idProduct=0001, bcdDevice= 5.02
[    2.156561] usb usb2: New USB device strings: Mfr=3, Product=2, SerialNumber=1
[    2.159610] usb usb2: Product: UHCI Host Controller
[    2.162573] usb usb2: Manufacturer: Linux 5.2.0-rc6-next-20190628+ uhci_hcd
[    2.165537] usb usb2: SerialNumber: 0000:00:1d.0
[    2.169051] hub 2-0:1.0: USB hub found
[    2.172025] hub 2-0:1.0: 2 ports detected
[    2.175908] uhci_hcd 0000:00:1d.1: UHCI Host Controller
[    2.179037] uhci_hcd 0000:00:1d.1: new USB bus registered, assigned bus number 3
[    2.181994] uhci_hcd 0000:00:1d.1: detected 2 ports
[    2.184865] uhci_hcd 0000:00:1d.1: irq 17, io base 0x00001840
[    2.187952] usb usb3: New USB device found, idVendor=1d6b, idProduct=0001, bcdDevice= 5.02
[    2.190784] usb usb3: New USB device strings: Mfr=3, Product=2, SerialNumber=1
[    2.193494] usb usb3: Product: UHCI Host Controller
[    2.196148] usb usb3: Manufacturer: Linux 5.2.0-rc6-next-20190628+ uhci_hcd
[    2.198836] usb usb3: SerialNumber: 0000:00:1d.1
[    2.202043] hub 3-0:1.0: USB hub found
[    2.204744] hub 3-0:1.0: 2 ports detected
[    2.208392] uhci_hcd 0000:00:1d.2: UHCI Host Controller
[    2.211249] uhci_hcd 0000:00:1d.2: new USB bus registered, assigned bus number 4
[    2.213895] uhci_hcd 0000:00:1d.2: detected 2 ports
[    2.216564] uhci_hcd 0000:00:1d.2: irq 18, io base 0x00001860
[    2.219475] usb usb4: New USB device found, idVendor=1d6b, idProduct=0001, bcdDevice= 5.02
[    2.222140] usb usb4: New USB device strings: Mfr=3, Product=2, SerialNumber=1
[    2.224792] usb usb4: Product: UHCI Host Controller
[    2.227392] usb usb4: Manufacturer: Linux 5.2.0-rc6-next-20190628+ uhci_hcd
[    2.230017] usb usb4: SerialNumber: 0000:00:1d.2
[    2.233247] hub 4-0:1.0: USB hub found
[    2.235918] hub 4-0:1.0: 2 ports detected
[    2.239533] uhci_hcd 0000:00:1d.3: UHCI Host Controller
[    2.242347] uhci_hcd 0000:00:1d.3: new USB bus registered, assigned bus number 5
[    2.245009] uhci_hcd 0000:00:1d.3: detected 2 ports
[    2.247622] uhci_hcd 0000:00:1d.3: irq 19, io base 0x00001880
[    2.250442] usb usb5: New USB device found, idVendor=1d6b, idProduct=0001, bcdDevice= 5.02
[    2.253108] usb usb5: New USB device strings: Mfr=3, Product=2, SerialNumber=1
[    2.255749] usb usb5: Product: UHCI Host Controller
[    2.258360] usb usb5: Manufacturer: Linux 5.2.0-rc6-next-20190628+ uhci_hcd
[    2.260995] usb usb5: SerialNumber: 0000:00:1d.3
[    2.264154] hub 5-0:1.0: USB hub found
[    2.266776] hub 5-0:1.0: 2 ports detected
[    2.270063] usbcore: registered new interface driver cdc_acm
[    2.272568] cdc_acm: USB Abstract Control Model driver for USB modems and ISDN adapters
[    2.275217] usbcore: registered new interface driver usblp
[    2.277908] usbcore: registered new interface driver usb-storage
[    2.280544] usbcore: registered new interface driver ums-sddr09
[    2.283210] usbcore: registered new interface driver usbserial_generic
[    2.285754] usbserial: USB Serial support registered for generic
[    2.288347] usbcore: registered new interface driver ch341
[    2.290873] usbserial: USB Serial support registered for ch341-uart
[    2.293417] usbcore: registered new interface driver ftdi_sio
[    2.295933] usbserial: USB Serial support registered for FTDI USB Serial Device
[    2.298558] usbcore: registered new interface driver option
[    2.301115] usbserial: USB Serial support registered for GSM modem (1-port)
[    2.303832] usbcore: registered new interface driver pl2303
[    2.306466] usbserial: USB Serial support registered for pl2303
[    2.309158] usbcore: registered new interface driver ti_usb_3410_5052
[    2.311853] usbserial: USB Serial support registered for TI USB 3410 1 port adapter
[    2.314591] usbserial: USB Serial support registered for TI USB 5052 2 port adapter
[    2.317284] ftdi_elan: driver ftdi-elan
[    2.319916] usbcore: registered new interface driver ftdi-elan
[    2.322698] i8042: PNP: PS/2 Controller [PNP0303:KBD,PNP0f13:MOU] at 0x60,0x64 irq 1,12
[    2.335763] serio: i8042 KBD port at 0x60,0x64 irq 1
[    2.338456] serio: i8042 AUX port at 0x60,0x64 irq 12
[    2.341879] mousedev: PS/2 mouse device common for all mice
[    2.345566] input: PC Speaker as /devices/platform/pcspkr/input/input4
[    2.348851] rtc_cmos 00:02: RTC can wake from S4
[    2.352005] rtc_cmos 00:02: registered as rtc0
[    2.354841] rtc_cmos 00:02: alarms up to one month, y3k, 114 bytes nvram, hpet irqs
[    2.357721] usbcore: registered new interface driver uvcvideo
[    2.360472] USB Video Class driver (1.1.1)
[    2.363145] gspca_main: v2.14.0 registered
[    2.365821] usbcore: registered new interface driver sq930x
[    2.369660] device-mapper: ioctl: 4.40.0-ioctl (2019-01-18) initialised: dm-devel@redhat.com
[    2.372452] Bluetooth: HCI UART driver ver 2.3
[    2.375176] Bluetooth: HCI UART protocol H4 registered
[    2.377872] Bluetooth: HCI UART protocol BCSP registered
[    2.380685] usbcore: registered new interface driver btusb
[    2.383514] sdhci: Secure Digital Host Controller Interface driver
[    2.386202] sdhci: Copyright(c) Pierre Ossman
[    2.388885] sdhci-pci 0000:15:00.2: SDHCI controller found [1180:0822] (rev 18)
[    2.391990] sdhci-pci 0000:15:00.2: Will use DMA mode even though HW doesn't fully claim to support it.
[    2.395325] mmc0 bounce up to 128 segments into one, max segment size 65536 bytes
[    2.398417] sdhci-pci 0000:15:00.2: Will use DMA mode even though HW doesn't fully claim to support it.
[    2.401930] mmc0: SDHCI controller on PCI [0000:15:00.2] using DMA
[    2.405211] hidraw: raw HID events driver (C) Jiri Kosina
[    2.409451] usbcore: registered new interface driver usbhid
[    2.412500] usbhid: USB HID core driver
[    2.416391] thinkpad_acpi: ThinkPad ACPI Extras v0.26
[    2.419364] thinkpad_acpi: http://ibm-acpi.sf.net/
[    2.422253] thinkpad_acpi: ThinkPad BIOS 7BETD8WW (2.19 ), EC 7BHT40WW-1.13
[    2.425182] thinkpad_acpi: Lenovo ThinkPad X60, model 17097HU
[    2.429730] input: AT Translated Set 2 keyboard as /devices/platform/i8042/serio0/input/input5
[    2.435494] thinkpad_acpi: ACPI backlight control delay disabled
[    2.438902] thinkpad_acpi: radio switch found; radios are enabled
[    2.441963] thinkpad_acpi: This ThinkPad has standard ACPI backlight brightness control, supported by the ACPI video driver
[    2.448147] thinkpad_acpi: Disabling thinkpad-acpi brightness events by default...
[    2.462185] thinkpad_acpi: rfkill switch tpacpi_bluetooth_sw: radio is unblocked
[    2.463356] sdhci-pci 0000:15:00.2: Will use DMA mode even though HW doesn't fully claim to support it.
[    2.470897] thinkpad_acpi: warning: userspace override of important firmware LEDs is enabled
[    2.479094] thinkpad_acpi: Standard ACPI backlight interface available, not loading native one
[    2.482588] thinkpad_acpi: volume: disabled as there is no ALSA support in this kernel
[    2.486841] thinkpad_acpi: battery 1 registered (start 0, stop 0)
[    2.486849] battery: new extension: ThinkPad Battery Extension
[    2.493753] input: ThinkPad Extra Buttons as /devices/platform/thinkpad_acpi/input/input6
[    2.503319] snd_hda_intel 0000:00:1b.0: probe_mask set to 0x1 for device 17aa:2010
[    2.506995] usbcore: registered new interface driver snd-usb-audio
[    2.512491] NET: Registered protocol family 17
[    2.515905] sdhci-pci 0000:15:00.2: Will use DMA mode even though HW doesn't fully claim to support it.
[    2.519960] Bluetooth: RFCOMM TTY layer initialized
[    2.523500] Bluetooth: RFCOMM socket layer initialized
[    2.527044] Bluetooth: RFCOMM ver 1.11
[    2.530544] Bluetooth: BNEP (Ethernet Emulation) ver 1.3
[    2.534057] Bluetooth: BNEP filters: protocol multicast
[    2.537535] Bluetooth: BNEP socket layer initialized
[    2.540973] Bluetooth: HIDP (Human Interface Emulation) ver 1.2
[    2.544408] Bluetooth: HIDP socket layer initialized
[    2.548101] microcode: sig=0x6e8, pf=0x20, revision=0x39
[    2.558195] snd_hda_codec_analog hdaudioC0D0: autoconfig for AD1981: line_outs=1 (0x5/0x0/0x0/0x0/0x0) type:speaker
[    2.564927] snd_hda_codec_analog hdaudioC0D0:    speaker_outs=0 (0x0/0x0/0x0/0x0/0x0)
[    2.568384] snd_hda_codec_analog hdaudioC0D0:    hp_outs=0 (0x0/0x0/0x0/0x0/0x0)
[    2.571817] snd_hda_codec_analog hdaudioC0D0:    mono: mono_out=0x0
[    2.574749] microcode: Microcode Update Driver: v2.2.
[    2.574755] Using IPI No-Shortcut mode
[    2.575221] snd_hda_codec_analog hdaudioC0D0:    inputs:
[    2.579772] Loading compiled-in X.509 certificates
[    2.581848] snd_hda_codec_analog hdaudioC0D0:      Mic=0x8
[    2.590178] sdhci-pci 0000:15:00.2: Will use DMA mode even though HW doesn't fully claim to support it.
[    2.591897] snd_hda_codec_analog hdaudioC0D0:      CD=0x19
[    2.599678] Key type encrypted registered
[    2.605076] rtc_cmos 00:02: setting system clock to 2019-06-29T15:10:07 UTC (1561821007)
[    2.613625] cfg80211: Loading compiled-in X.509 certificates for regulatory database
[    2.621560] cfg80211: Problem loading in-kernel X.509 certificate (-13)
[    2.625645] platform regulatory.0: Direct firmware load for regulatory.db failed with error -2
[    2.629075] cfg80211: failed to load regulatory.db
[    2.633127] PM: Image not found (code -22)
[    2.633164] ALSA device list:
[    2.636647]   #0: HDA Intel at 0xee240000 irq 17
[    2.676139] sdhci-pci 0000:15:00.2: Will use DMA mode even though HW doesn't fully claim to support it.
[    2.738790] usb 5-1: new full-speed USB device number 2 using uhci_hcd
[    2.938889] usb 5-1: New USB device found, idVendor=0a5c, idProduct=2110, bcdDevice= 1.00
[    2.944825] usb 5-1: New USB device strings: Mfr=1, Product=2, SerialNumber=0
[    2.950642] usb 5-1: Product: BCM2045B
[    2.956289] usb 5-1: Manufacturer: Broadcom Corp
[    3.074168] psmouse serio1: trackpoint: IBM TrackPoint firmware: 0x0e, buttons: 3/3
[    3.097665] input: TPPS/2 IBM TrackPoint as /devices/platform/i8042/serio1/input/input8
[    3.108342] md: Waiting for all devices to be available before autodetect
[    3.112633] md: If you don't use raid, use raid=noautodetect
[    3.118128] md: Autodetecting RAID arrays.
[    3.122448] md: autorun ...
[    3.126731] md: ... autorun DONE.
[    3.138829] EXT4-fs (sda4): mounted filesystem with ordered data mode. Opts: (null)
[    3.143353] VFS: Mounted root (ext4 filesystem) readonly on device 8:4.
[    3.148448] devtmpfs: mounted
[    3.152660] Freeing unused kernel image memory: 640K
[    3.162983] Write protecting kernel text and read-only data: 17464k
[    3.166212] NX-protecting the kernel data: 7948k
[    3.170314] x86/mm: Checked W+X mappings: passed, no W+X pages found.
[    3.174564] rodata_test: all tests were successful
[    3.178878] x86/mm: Checking user space page tables
[    3.183203] x86/mm: Checked W+X mappings: passed, no W+X pages found.
[    3.186439] Run /sbin/init as init process
[    3.618613] random: systemd: uninitialized urandom read (16 bytes read)
[    3.626666] systemd[1]: systemd 215 running in system mode. (+PAM +AUDIT +SELINUX +IMA +SYSVINIT +LIBCRYPTSETUP +GCRYPT +ACL +XZ -SECCOMP -APPARMOR)
[    3.658992] systemd[1]: Detected architecture 'x86'.
[    3.670761] usb 5-2: new full-speed USB device number 3 using uhci_hcd
[    3.735454] systemd[1]: Failed to insert module 'ipv6'
[    3.751201] systemd[1]: Set hostname to <amd>.
[    3.820400] random: systemd-sysv-ge: uninitialized urandom read (16 bytes read)
[    3.871848] usb 5-2: New USB device found, idVendor=0483, idProduct=2016, bcdDevice= 0.01
[    3.876221] usb 5-2: New USB device strings: Mfr=1, Product=2, SerialNumber=0
[    3.880419] usb 5-2: Product: Biometric Coprocessor
[    3.884471] usb 5-2: Manufacturer: STMicroelectronics
[    4.125515] random: systemd-sysv-ge: uninitialized urandom read (16 bytes read)
[    4.681299] systemd[1]: Binding to IPv6 address not available since kernel does not support IPv6.
[    4.685526] systemd[1]: [/lib/systemd/system/gpsd.socket:6] Failed to parse address value, ignoring: [::1]:2947
[    4.706266] systemd[1]: Starting Forward Password Requests to Wall Directory Watch.
[    4.712812] systemd[1]: Started Forward Password Requests to Wall Directory Watch.
[    4.716019] systemd[1]: Starting Remote File Systems (Pre).
[    4.725426] systemd[1]: Reached target Remote File Systems (Pre).
[    5.041449] systemd-udevd[1780]: starting version 215
[    6.115478] EXT4-fs (sda4): re-mounted. Opts: errors=remount-ro
[    6.180108] random: crng init done
[    6.182548] random: 7 urandom warning(s) missed due to ratelimiting
[    6.392522] e1000e 0000:02:00.0 eth1: renamed from eth0
[    6.407190] systemd-udevd[2442]: renamed network interface eth0 to eth1
[    8.014921] Adding 2097148k swap on /dev/sda1.  Priority:-2 extents:1 across:2097148k 
[    8.371104] EXT4-fs (sda2): mounted filesystem with ordered data mode. Opts: errors=remount-ro
[    8.435554] systemd-journald[2106]: Received request to flush runtime journal from PID 1
[   18.045644] iwl3945 0000:03:00.0: loaded firmware version 15.32.2.9
[   84.193640] wlan0: authenticate with 30:b5:c2:f5:9f:1e
[   84.195548] wlan0: send auth to 30:b5:c2:f5:9f:1e (try 1/3)
[   84.197867] wlan0: authenticated
[   84.198789] wlan0: associate with 30:b5:c2:f5:9f:1e (try 1/3)
[   84.202043] wlan0: RX AssocResp from 30:b5:c2:f5:9f:1e (capab=0x431 status=0 aid=1)
[   84.215265] wlan0: associated
