[    0.000000] Linux version 4.15.0-rc9-next-20180129autobisect1514286372 (pavel@amd) (gcc version 4.9.2 (Debian 4.9.2-10)) #28 SMP Tue Jan 30 12:39:57 CET 2018
[    0.000000] Disabled fast string operations
[    0.000000] x86/fpu: x87 FPU will use FXSAVE
[    0.000000] e820: BIOS-provided physical RAM map:
[    0.000000] BIOS-e820: [mem 0x0000000000000000-0x000000000009efff] usable
[    0.000000] BIOS-e820: [mem 0x000000000009f000-0x000000000009ffff] reserved
[    0.000000] BIOS-e820: [mem 0x00000000000dc000-0x00000000000fffff] reserved
[    0.000000] BIOS-e820: [mem 0x0000000000100000-0x00000000bf6cffff] usable
[    0.000000] BIOS-e820: [mem 0x00000000bf6d0000-0x00000000bf6defff] ACPI data
[    0.000000] BIOS-e820: [mem 0x00000000bf6df000-0x00000000bf6fffff] ACPI NVS
[    0.000000] BIOS-e820: [mem 0x00000000bf700000-0x00000000bfffffff] reserved
[    0.000000] BIOS-e820: [mem 0x00000000f0000000-0x00000000f3ffffff] reserved
[    0.000000] BIOS-e820: [mem 0x00000000fec00000-0x00000000fec0ffff] reserved
[    0.000000] BIOS-e820: [mem 0x00000000fed00000-0x00000000fed003ff] reserved
[    0.000000] BIOS-e820: [mem 0x00000000fed14000-0x00000000fed19fff] reserved
[    0.000000] BIOS-e820: [mem 0x00000000fed1c000-0x00000000fed8ffff] reserved
[    0.000000] BIOS-e820: [mem 0x00000000fee00000-0x00000000fee00fff] reserved
[    0.000000] BIOS-e820: [mem 0x00000000ff800000-0x00000000ffffffff] reserved
[    0.000000] NX (Execute Disable) protection: active
[    0.000000] random: fast init done
[    0.000000] SMBIOS 2.4 present.
[    0.000000] DMI: LENOVO 17097HU/17097HU, BIOS 7BETD8WW (2.19 ) 03/31/2011
[    0.000000] e820: update [mem 0x00000000-0x00000fff] usable ==> reserved
[    0.000000] e820: remove [mem 0x000a0000-0x000fffff] usable
[    0.000000] e820: last_pfn = 0xbf6d0 max_arch_pfn = 0x1000000
[    0.000000] MTRR default type: uncachable
[    0.000000] MTRR fixed ranges enabled:
[    0.000000]   00000-9FFFF write-back
[    0.000000]   A0000-BFFFF uncachable
[    0.000000]   C0000-CFFFF write-protect
[    0.000000]   D0000-DBFFF uncachable
[    0.000000]   DC000-DFFFF write-back
[    0.000000]   E0000-FFFFF write-protect
[    0.000000] MTRR variable ranges enabled:
[    0.000000]   0 base 000000000 mask F80000000 write-back
[    0.000000]   1 base 080000000 mask FC0000000 write-back
[    0.000000]   2 base 0BF700000 mask FFFF00000 uncachable
[    0.000000]   3 base 0BF800000 mask FFF800000 uncachable
[    0.000000]   4 disabled
[    0.000000]   5 disabled
[    0.000000]   6 disabled
[    0.000000]   7 disabled
[    0.000000] x86/PAT: PAT not supported by CPU.
[    0.000000] x86/PAT: Configuration [0-7]: WB  WT  UC- UC  WB  WT  UC- UC  
[    0.000000] initial memory mapped: [mem 0x00000000-0x05bfffff]
[    0.000000] Base memory trampoline at [(ptrval)] 9b000 size 16384
[    0.000000] BRK [0x057dc000, 0x057dcfff] PGTABLE
[    0.000000] BRK [0x057dd000, 0x057ddfff] PGTABLE
[    0.000000] ACPI: Early table checksum verification disabled
[    0.000000] ACPI: RSDP 0x00000000000F67C0 000024 (v02 LENOVO)
[    0.000000] ACPI: XSDT 0x00000000BF6D191C 000084 (v01 LENOVO TP-7B    00002190  LTP 00000000)
[    0.000000] ACPI: FACP 0x00000000BF6D1A00 0000F4 (v03 LENOVO TP-7B    00002190 LNVO 00000001)
[    0.000000] ACPI BIOS Warning (bug): 32/64X length mismatch in FADT/Gpe0Block: 64/32 (20171215/tbfadt-603)
[    0.000000] ACPI BIOS Warning (bug): Optional FADT field Gpe1Block has valid Address but zero Length: 0x000000000000102C/0x0 (20171215/tbfadt-658)
[    0.000000] ACPI: DSDT 0x00000000BF6D1D90 00CFB9 (v01 LENOVO TP-7B    00002190 MSFT 0100000E)
[    0.000000] ACPI: FACS 0x00000000BF6F4000 000040
[    0.000000] ACPI: FACS 0x00000000BF6F4000 000040
[    0.000000] ACPI: SSDT 0x00000000BF6D1BB4 0001DC (v01 LENOVO TP-7B    00002190 MSFT 0100000E)
[    0.000000] ACPI: ECDT 0x00000000BF6DED49 000052 (v01 LENOVO TP-7B    00002190 LNVO 00000001)
[    0.000000] ACPI: TCPA 0x00000000BF6DED9B 000032 (v02 LENOVO TP-7B    00002190 LNVO 00000001)
[    0.000000] ACPI: APIC 0x00000000BF6DEDCD 000068 (v01 LENOVO TP-7B    00002190 LNVO 00000001)
[    0.000000] ACPI: MCFG 0x00000000BF6DEE35 00003C (v01 LENOVO TP-7B    00002190 LNVO 00000001)
[    0.000000] ACPI: HPET 0x00000000BF6DEE71 000038 (v01 LENOVO TP-7B    00002190 LNVO 00000001)
[    0.000000] ACPI: BOOT 0x00000000BF6DEFD8 000028 (v01 LENOVO TP-7B    00002190  LTP 00000001)
[    0.000000] ACPI: SSDT 0x00000000BF6F2645 00025F (v01 LENOVO TP-7B    00002190 INTL 20050513)
[    0.000000] ACPI: SSDT 0x00000000BF6F28A4 0000A6 (v01 LENOVO TP-7B    00002190 INTL 20050513)
[    0.000000] ACPI: SSDT 0x00000000BF6F294A 0004F7 (v01 LENOVO TP-7B    00002190 INTL 20050513)
[    0.000000] ACPI: SSDT 0x00000000BF6F2E41 0001D8 (v01 LENOVO TP-7B    00002190 INTL 20050513)
[    0.000000] ACPI: Local APIC address 0xfee00000
[    0.000000] 2172MB HIGHMEM available.
[    0.000000] 889MB LOWMEM available.
[    0.000000]   mapped low ram: 0 - 379fe000
[    0.000000]   low ram: 0 - 379fe000
[    0.000000] tsc: Fast TSC calibration using PIT
[    0.000000] Zone ranges:
[    0.000000]   DMA      [mem 0x0000000000001000-0x0000000000ffffff]
[    0.000000]   Normal   [mem 0x0000000001000000-0x00000000379fdfff]
[    0.000000]   HighMem  [mem 0x00000000379fe000-0x00000000bf6cffff]
[    0.000000] Movable zone start for each node
[    0.000000] Early memory node ranges
[    0.000000]   node   0: [mem 0x0000000000001000-0x000000000009efff]
[    0.000000]   node   0: [mem 0x0000000000100000-0x00000000bf6cffff]
[    0.000000] Initmem setup node 0 [mem 0x0000000000001000-0x00000000bf6cffff]
[    0.000000] On node 0 totalpages: 783982
[    0.000000]   DMA zone: 32 pages used for memmap
[    0.000000]   DMA zone: 0 pages reserved
[    0.000000]   DMA zone: 3998 pages, LIFO batch:0
[    0.000000]   Normal zone: 1748 pages used for memmap
[    0.000000]   Normal zone: 223742 pages, LIFO batch:31
[    0.000000]   HighMem zone: 556242 pages, LIFO batch:31
[    0.000000] Reserved but unavailable: 98 pages
[    0.000000] Using APIC driver default
[    0.000000] Reserving Intel graphics memory at [mem 0xbf800000-0xbfffffff]
[    0.000000] ACPI: PM-Timer IO Port: 0x1008
[    0.000000] ACPI: Local APIC address 0xfee00000
[    0.000000] ACPI: LAPIC_NMI (acpi_id[0x00] high edge lint[0x1])
[    0.000000] ACPI: LAPIC_NMI (acpi_id[0x01] high edge lint[0x1])
[    0.000000] IOAPIC[0]: apic_id 1, version 32, address 0xfec00000, GSI 0-23
[    0.000000] ACPI: INT_SRC_OVR (bus 0 bus_irq 0 global_irq 2 dfl dfl)
[    0.000000] ACPI: INT_SRC_OVR (bus 0 bus_irq 9 global_irq 9 high level)
[    0.000000] ACPI: IRQ0 used by override.
[    0.000000] ACPI: IRQ9 used by override.
[    0.000000] Using ACPI (MADT) for SMP configuration information
[    0.000000] ACPI: HPET id: 0x8086a201 base: 0xfed00000
[    0.000000] smpboot: Allowing 2 CPUs, 0 hotplug CPUs
[    0.000000] PM: Registered nosave memory: [mem 0x00000000-0x00000fff]
[    0.000000] PM: Registered nosave memory: [mem 0x0009f000-0x0009ffff]
[    0.000000] PM: Registered nosave memory: [mem 0x000a0000-0x000dbfff]
[    0.000000] PM: Registered nosave memory: [mem 0x000dc000-0x000fffff]
[    0.000000] e820: [mem 0xc0000000-0xefffffff] available for PCI devices
[    0.000000] clocksource: refined-jiffies: mask: 0xffffffff max_cycles: 0xffffffff, max_idle_ns: 7645519600211568 ns
[    0.000000] setup_percpu: NR_CPUS:8 nr_cpumask_bits:8 nr_cpu_ids:2 nr_node_ids:1
[    0.000000] percpu: Embedded 28 pages/cpu @(ptrval) s85352 r0 d29336 u114688
[    0.000000] pcpu-alloc: s85352 r0 d29336 u114688 alloc=28*4096
[    0.000000] pcpu-alloc: [0] 0 [0] 1 
[    0.000000] Built 1 zonelists, mobility grouping on.  Total pages: 782202
[    0.000000] Kernel command line: BOOT_IMAGE=(hd0,2)/fast/l/linux-next-32/arch/x86/boot/bzImage root=/dev/sda4 resume=/dev/sda1
[    0.000000] Dentry cache hash table entries: 131072 (order: 7, 524288 bytes)
[    0.000000] Inode-cache hash table entries: 65536 (order: 6, 262144 bytes)
[    0.000000] Initializing CPU#0
[    0.000000] Initializing HighMem for node 0 (000379fe:000bf6d0)
[    0.000000] Initializing Movable for node 0 (00000000:00000000)
[    0.000000] Memory: 3085884K/3135928K available (11888K kernel code, 701K rwdata, 4688K rodata, 592K init, 6172K bss, 50044K reserved, 0K cma-reserved, 2224968K highmem)
[    0.000000] virtual kernel memory layout:
    fixmap  : 0xffe70000 - 0xfffff000   (1596 kB)
  cpu_entry : 0xffc00000 - 0xffd39000   (1252 kB)
    pkmap   : 0xffa00000 - 0xffc00000   (2048 kB)
    vmalloc : 0xf81fe000 - 0xff9fe000   ( 120 MB)
    lowmem  : 0xc0000000 - 0xf79fe000   ( 889 MB)
      .init : 0xc5108000 - 0xc519c000   ( 592 kB)
      .data : 0xc4b9c1ba - 0xc50e6580   (5416 kB)
      .text : 0xc4000000 - 0xc4b9c1ba   (11888 kB)
[    0.000000] Checking if this processor honours the WP bit even in supervisor mode...Ok.
[    0.000000] Hierarchical RCU implementation.
[    0.000000] 	RCU restricting CPUs from NR_CPUS=8 to nr_cpu_ids=2.
[    0.000000] RCU: Adjusting geometry for rcu_fanout_leaf=16, nr_cpu_ids=2
[    0.000000] NR_IRQS: 2304, nr_irqs: 56, preallocated irqs: 16
[    0.000000] CPU 0 irqstacks, hard=(ptrval) soft=(ptrval)
[    0.000000] Console: colour VGA+ 80x25
[    0.000000] console [tty0] enabled
[    0.000000] Lock dependency validator: Copyright (c) 2006 Red Hat, Inc., Ingo Molnar
[    0.000000] ... MAX_LOCKDEP_SUBCLASSES:  8
[    0.000000] ... MAX_LOCK_DEPTH:          48
[    0.000000] ... MAX_LOCKDEP_KEYS:        8191
[    0.000000] ... CLASSHASH_SIZE:          4096
[    0.000000] ... MAX_LOCKDEP_ENTRIES:     32768
[    0.000000] ... MAX_LOCKDEP_CHAINS:      65536
[    0.000000] ... CHAINHASH_SIZE:          32768
[    0.000000]  memory used by lock dependency info: 4383 kB
[    0.000000]  per task-struct memory footprint: 1344 bytes
[    0.000000] ACPI: Core revision 20171215
[    0.000000] ACPI: 6 ACPI AML tables successfully acquired and loaded
[    0.000000] clocksource: hpet: mask: 0xffffffff max_cycles: 0xffffffff, max_idle_ns: 133484882848 ns
[    0.000000] hpet clockevent registered
[    0.000000] APIC: Switch to symmetric I/O mode setup
[    0.000000] Enabling APIC mode:  Flat.  Using 1 I/O APICs
[    0.000000] ..TIMER: vector=0x30 apic1=0 pin1=2 apic2=-1 pin2=-1
[    0.020000] tsc: Fast TSC calibration using PIT
[    0.024000] tsc: Detected 1828.759 MHz processor
[    0.024000] clocksource: tsc-early: mask: 0xffffffffffffffff max_cycles: 0x1a5c4937c6f, max_idle_ns: 440795288698 ns
[    0.024000] Calibrating delay loop (skipped), value calculated using timer frequency.. 3657.51 BogoMIPS (lpj=7315036)
[    0.024000] pid_max: default: 32768 minimum: 301
[    0.028113] Mount-cache hash table entries: 2048 (order: 1, 8192 bytes)
[    0.028239] Mountpoint-cache hash table entries: 2048 (order: 1, 8192 bytes)
[    0.029460] Disabled fast string operations
[    0.029563] CPU: Physical Processor ID: 0
[    0.029657] CPU: Processor Core ID: 0
[    0.029759] process: using mwait in idle threads
[    0.029869] Last level iTLB entries: 4KB 128, 2MB 0, 4MB 2
[    0.029975] Last level dTLB entries: 4KB 128, 2MB 0, 4MB 8, 1GB 0
[    0.030090] Spectre V2 : Vulnerable: Minimal generic ASM retpoline
[    0.030201] Spectre V2 : Filling RSB on context switch
[    0.030501] Freeing SMP alternatives memory: 40K
[    0.036000] smpboot: CPU0: Genuine Intel(R) CPU           T2400  @ 1.83GHz (family: 0x6, model: 0xe, stepping: 0x8)
[    0.036000] Performance Events: Core events, core PMU driver.
[    0.036000] ... version:                1
[    0.036000] ... bit width:              40
[    0.036000] ... generic registers:      2
[    0.036000] ... value mask:             000000ffffffffff
[    0.036000] ... max period:             000000007fffffff
[    0.036000] ... fixed-purpose events:   0
[    0.036000] ... event mask:             0000000000000003
[    0.036000] Hierarchical SRCU implementation.
[    0.038248] NMI watchdog: Enabled. Permanently consumes one hw-PMU counter.
[    0.038484] smp: Bringing up secondary CPUs ...
[    0.040207] CPU 1 irqstacks, hard=9fabc546 soft=43e6e447
[    0.040213] x86: Booting SMP configuration:
[    0.040323] .... node  #0, CPUs:      #1
[    0.004000] Initializing CPU#1
[    0.004000] Disabled fast string operations
[    0.042940] TSC synchronization [CPU#0 -> CPU#1]:
[    0.043348] Measured 579634 cycles TSC warp between CPUs, turning off TSC clock.
[    0.043492] tsc: Marking TSC unstable due to check_tsc_sync_source failed
[    0.043734] smp: Brought up 1 node, 2 CPUs
[    0.043734] smpboot: Max logical packages: 1
[    0.044029] smpboot: Total of 2 processors activated (7315.03 BogoMIPS)
[    0.046856] devtmpfs: initialized
[    0.046856] PM: Registering ACPI NVS region [mem 0xbf6df000-0xbf6fffff] (135168 bytes)
[    0.048312] clocksource: jiffies: mask: 0xffffffff max_cycles: 0xffffffff, max_idle_ns: 7645041785100000 ns
[    0.048339] futex hash table entries: 512 (order: 3, 32768 bytes)
[    0.048571] NET: Registered protocol family 16
[    0.053622] cpuidle: using governor ladder
[    0.053896] cpuidle: using governor menu
[    0.053896] Simple Boot Flag at 0x35 set to 0x1
[    0.053896] ACPI FADT declares the system doesn't support PCIe ASPM, so disable it
[    0.053896] ACPI: bus type PCI registered
[    0.056095] PCI: MMCONFIG for domain 0000 [bus 00-3f] at [mem 0xf0000000-0xf3ffffff] (base 0xf0000000)
[    0.056267] PCI: MMCONFIG at [mem 0xf0000000-0xf3ffffff] reserved in E820
[    0.056267] PCI: Using MMCONFIG for extended config space
[    0.056267] PCI: Using configuration type 1 for base access
[    0.056401] mtrr: your CPUs had inconsistent variable MTRR settings
[    0.056401] mtrr: probably your BIOS does not setup all CPUs.
[    0.056401] mtrr: corrected configuration.
[    0.166262] ACPI: Added _OSI(Module Device)
[    0.166370] ACPI: Added _OSI(Processor Device)
[    0.166471] ACPI: Added _OSI(3.0 _SCP Extensions)
[    0.166574] ACPI: Added _OSI(Processor Aggregator Device)
[    0.166713] ACPI: EC: EC started
[    0.166805] ACPI: EC: interrupt blocked
[    0.176422] ACPI: \: Used as first EC
[    0.176524] ACPI: \: GPE=0x1c, EC_CMD/EC_SC=0x66, EC_DATA=0x62
[    0.176640] ACPI: \: Used as boot ECDT EC to handle transactions
[    0.261414] ACPI: Dynamic OEM Table Load:
[    0.261549] ACPI: SSDT 0x00000000F5DAAC00 000240 (v01 PmRef  Cpu0Ist  00000100 INTL 20050513)
[    0.264016] ACPI: Dynamic OEM Table Load:
[    0.264148] ACPI: SSDT 0x00000000F5C2F800 00065A (v01 PmRef  Cpu0Cst  00000100 INTL 20050513)
[    0.268010] ACPI: Dynamic OEM Table Load:
[    0.268010] ACPI: SSDT 0x00000000F5464A00 0000C8 (v01 PmRef  Cpu1Ist  00000100 INTL 20050513)
[    0.268010] ACPI: Dynamic OEM Table Load:
[    0.268010] ACPI: SSDT 0x00000000F5DCDCC0 000085 (v01 PmRef  Cpu1Cst  00000100 INTL 20050513)
[    0.273829] ACPI: Interpreter enabled
[    0.274053] ACPI: (supports S0 S3 S4 S5)
[    0.274161] ACPI: Using IOAPIC for interrupt routing
[    0.274481] PCI: Using host bridge windows from ACPI; if necessary, use "pci=nocrs" and report a bug
[    0.276615] ACPI: Enabled 4 GPEs in block 00 to 1F
[    0.322029] ACPI: Power Resource [PUBS] (on)
[    0.326490] acpi PNP0C0A:01: ACPI dock station (docks/bays count: 1)
[    0.344125] acpi LNXIOBAY:00: ACPI dock station (docks/bays count: 2)
[    0.365959] acpi IBM0079:00: ACPI dock station (docks/bays count: 3)
[    0.370343] ACPI: PCI Interrupt Link [LNKA] (IRQs 3 4 5 6 7 9 10 *11)
[    0.371857] ACPI: PCI Interrupt Link [LNKB] (IRQs 3 4 5 6 7 9 10 *11)
[    0.373350] ACPI: PCI Interrupt Link [LNKC] (IRQs 3 4 5 6 7 9 10 *11)
[    0.374860] ACPI: PCI Interrupt Link [LNKD] (IRQs 3 4 5 6 7 9 10 *11)
[    0.376433] ACPI: PCI Interrupt Link [LNKE] (IRQs 3 4 5 6 7 9 10 *11)
[    0.377942] ACPI: PCI Interrupt Link [LNKF] (IRQs 3 4 5 6 7 9 10 *11)
[    0.379451] ACPI: PCI Interrupt Link [LNKG] (IRQs 3 4 5 6 7 9 10 *11)
[    0.380985] ACPI: PCI Interrupt Link [LNKH] (IRQs 3 4 5 6 7 9 10 *11)
[    0.381951] ACPI: PCI Root Bridge [PCI0] (domain 0000 [bus 00-ff])
[    0.382093] acpi PNP0A08:00: _OSC: OS supports [ExtendedConfig ASPM ClockPM Segments]
[    0.383950] acpi PNP0A08:00: _OSC: not requesting OS control; OS requires [ExtendedConfig ASPM ClockPM MSI]
[    0.384036] acpi PNP0A08:00: [Firmware Info]: MMCONFIG for domain 0000 [bus 00-3f] only partially covers this bridge
[    0.384654] PCI host bridge to bus 0000:00
[    0.384761] pci_bus 0000:00: root bus resource [io  0x0000-0x0cf7 window]
[    0.384890] pci_bus 0000:00: root bus resource [io  0x0d00-0xffff window]
[    0.385019] pci_bus 0000:00: root bus resource [mem 0x000a0000-0x000bffff window]
[    0.385154] pci_bus 0000:00: root bus resource [mem 0x000d0000-0x000d3fff window]
[    0.385289] pci_bus 0000:00: root bus resource [mem 0x000d4000-0x000d7fff window]
[    0.385423] pci_bus 0000:00: root bus resource [mem 0x000d8000-0x000dbfff window]
[    0.385558] pci_bus 0000:00: root bus resource [mem 0xc0000000-0xfebfffff window]
[    0.385694] pci_bus 0000:00: root bus resource [mem 0xfed40000-0xfed40fff window]
[    0.385830] pci_bus 0000:00: root bus resource [bus 00-ff]
[    0.385996] pci 0000:00:00.0: [8086:27a0] type 00 class 0x060000
[    0.386805] pci 0000:00:02.0: [8086:27a2] type 00 class 0x030000
[    0.386841] pci 0000:00:02.0: reg 0x10: [mem 0xee100000-0xee17ffff]
[    0.386859] pci 0000:00:02.0: reg 0x14: [io  0x1800-0x1807]
[    0.386877] pci 0000:00:02.0: reg 0x18: [mem 0xd0000000-0xdfffffff pref]
[    0.386894] pci 0000:00:02.0: reg 0x1c: [mem 0xee200000-0xee23ffff]
[    0.387703] pci 0000:00:02.1: [8086:27a6] type 00 class 0x038000
[    0.387735] pci 0000:00:02.1: reg 0x10: [mem 0xee180000-0xee1fffff]
[    0.388717] pci 0000:00:1b.0: [8086:27d8] type 00 class 0x040300
[    0.388779] pci 0000:00:1b.0: reg 0x10: [mem 0xee240000-0xee243fff 64bit]
[    0.389002] pci 0000:00:1b.0: PME# supported from D0 D3hot D3cold
[    0.389791] pci 0000:00:1c.0: [8086:27d0] type 01 class 0x060400
[    0.390035] pci 0000:00:1c.0: PME# supported from D0 D3hot D3cold
[    0.390803] pci 0000:00:1c.1: [8086:27d2] type 01 class 0x060400
[    0.391046] pci 0000:00:1c.1: PME# supported from D0 D3hot D3cold
[    0.391814] pci 0000:00:1c.2: [8086:27d4] type 01 class 0x060400
[    0.392077] pci 0000:00:1c.2: PME# supported from D0 D3hot D3cold
[    0.392848] pci 0000:00:1c.3: [8086:27d6] type 01 class 0x060400
[    0.393092] pci 0000:00:1c.3: PME# supported from D0 D3hot D3cold
[    0.393865] pci 0000:00:1d.0: [8086:27c8] type 00 class 0x0c0300
[    0.393969] pci 0000:00:1d.0: reg 0x20: [io  0x1820-0x183f]
[    0.394763] pci 0000:00:1d.1: [8086:27c9] type 00 class 0x0c0300
[    0.394868] pci 0000:00:1d.1: reg 0x20: [io  0x1840-0x185f]
[    0.395663] pci 0000:00:1d.2: [8086:27ca] type 00 class 0x0c0300
[    0.395767] pci 0000:00:1d.2: reg 0x20: [io  0x1860-0x187f]
[    0.396598] pci 0000:00:1d.3: [8086:27cb] type 00 class 0x0c0300
[    0.396701] pci 0000:00:1d.3: reg 0x20: [io  0x1880-0x189f]
[    0.397462] pci 0000:00:1d.7: [8086:27cc] type 00 class 0x0c0320
[    0.397511] pci 0000:00:1d.7: reg 0x10: [mem 0xee444000-0xee4443ff]
[    0.397707] pci 0000:00:1d.7: PME# supported from D0 D3hot D3cold
[    0.398445] pci 0000:00:1e.0: [8086:2448] type 01 class 0x060401
[    0.399328] pci 0000:00:1f.0: [8086:27b9] type 00 class 0x060100
[    0.399536] pci 0000:00:1f.0: quirk: [io  0x1000-0x107f] claimed by ICH6 ACPI/GPIO/TCO
[    0.399683] pci 0000:00:1f.0: quirk: [io  0x1180-0x11bf] claimed by ICH6 GPIO
[    0.399818] pci 0000:00:1f.0: ICH7 LPC Generic IO decode 1 PIO at 1600 (mask 007f)
[    0.399955] pci 0000:00:1f.0: ICH7 LPC Generic IO decode 2 PIO at 15e0 (mask 000f)
[    0.400018] pci 0000:00:1f.0: ICH7 LPC Generic IO decode 3 PIO at 1680 (mask 001f)
[    0.400886] pci 0000:00:1f.1: [8086:27df] type 00 class 0x01018a
[    0.400929] pci 0000:00:1f.1: reg 0x10: [io  0x0000-0x0007]
[    0.400952] pci 0000:00:1f.1: reg 0x14: [io  0x0000-0x0003]
[    0.400974] pci 0000:00:1f.1: reg 0x18: [io  0x0000-0x0007]
[    0.400997] pci 0000:00:1f.1: reg 0x1c: [io  0x0000-0x0003]
[    0.401021] pci 0000:00:1f.1: reg 0x20: [io  0x1810-0x181f]
[    0.401066] pci 0000:00:1f.1: legacy IDE quirk: reg 0x10: [io  0x01f0-0x01f7]
[    0.401197] pci 0000:00:1f.1: legacy IDE quirk: reg 0x14: [io  0x03f6]
[    0.401322] pci 0000:00:1f.1: legacy IDE quirk: reg 0x18: [io  0x0170-0x0177]
[    0.401452] pci 0000:00:1f.1: legacy IDE quirk: reg 0x1c: [io  0x0376]
[    0.402320] pci 0000:00:1f.2: [8086:27c5] type 00 class 0x010601
[    0.402368] pci 0000:00:1f.2: reg 0x10: [io  0x18d0-0x18d7]
[    0.402391] pci 0000:00:1f.2: reg 0x14: [io  0x18c4-0x18c7]
[    0.402414] pci 0000:00:1f.2: reg 0x18: [io  0x18c8-0x18cf]
[    0.402437] pci 0000:00:1f.2: reg 0x1c: [io  0x18c0-0x18c3]
[    0.402460] pci 0000:00:1f.2: reg 0x20: [io  0x18b0-0x18bf]
[    0.402483] pci 0000:00:1f.2: reg 0x24: [mem 0xee444400-0xee4447ff]
[    0.402605] pci 0000:00:1f.2: PME# supported from D3hot
[    0.403335] pci 0000:00:1f.3: [8086:27da] type 00 class 0x0c0500
[    0.403459] pci 0000:00:1f.3: reg 0x20: [io  0x18e0-0x18ff]
[    0.404607] pci 0000:02:00.0: [8086:109a] type 00 class 0x020000
[    0.404687] pci 0000:02:00.0: reg 0x10: [mem 0xee000000-0xee01ffff]
[    0.404746] pci 0000:02:00.0: reg 0x18: [io  0x2000-0x201f]
[    0.405064] pci 0000:02:00.0: PME# supported from D0 D3hot D3cold
[    0.416084] pci 0000:00:1c.0: PCI bridge to [bus 02]
[    0.416201] pci 0000:00:1c.0:   bridge window [io  0x2000-0x2fff]
[    0.416214] pci 0000:00:1c.0:   bridge window [mem 0xee000000-0xee0fffff]
[    0.416601] pci 0000:03:00.0: [8086:4227] type 00 class 0x028000
[    0.416725] pci 0000:03:00.0: reg 0x10: [mem 0xedf00000-0xedf00fff]
[    0.417304] pci 0000:03:00.0: PME# supported from D0 D3hot D3cold
[    0.428137] pci 0000:00:1c.1: PCI bridge to [bus 03]
[    0.428256] pci 0000:00:1c.1:   bridge window [io  0x3000-0x4fff]
[    0.428268] pci 0000:00:1c.1:   bridge window [mem 0xec000000-0xedffffff]
[    0.428285] pci 0000:00:1c.1:   bridge window [mem 0xe4000000-0xe40fffff 64bit pref]
[    0.428546] pci 0000:00:1c.2: PCI bridge to [bus 04-0b]
[    0.428666] pci 0000:00:1c.2:   bridge window [io  0x5000-0x6fff]
[    0.428678] pci 0000:00:1c.2:   bridge window [mem 0xe8000000-0xe9ffffff]
[    0.428696] pci 0000:00:1c.2:   bridge window [mem 0xe4100000-0xe41fffff 64bit pref]
[    0.428945] pci 0000:00:1c.3: PCI bridge to [bus 0c-13]
[    0.429064] pci 0000:00:1c.3:   bridge window [io  0x7000-0x8fff]
[    0.429076] pci 0000:00:1c.3:   bridge window [mem 0xea000000-0xebffffff]
[    0.429093] pci 0000:00:1c.3:   bridge window [mem 0xe4200000-0xe42fffff 64bit pref]
[    0.429344] pci 0000:15:00.0: [1180:0476] type 02 class 0x060700
[    0.429395] pci 0000:15:00.0: reg 0x10: [mem 0xe4300000-0xe4300fff]
[    0.429512] pci 0000:15:00.0: supports D1 D2
[    0.429520] pci 0000:15:00.0: PME# supported from D0 D1 D2 D3hot D3cold
[    0.429964] pci 0000:15:00.1: [1180:0552] type 00 class 0x0c0010
[    0.430012] pci 0000:15:00.1: reg 0x10: [mem 0xe4301000-0xe43017ff]
[    0.430217] pci 0000:15:00.1: PME# supported from D0 D3hot D3cold
[    0.430576] pci 0000:15:00.2: [1180:0822] type 00 class 0x080500
[    0.430624] pci 0000:15:00.2: reg 0x10: [mem 0xe4301800-0xe43018ff]
[    0.430829] pci 0000:15:00.2: supports D1 D2
[    0.430836] pci 0000:15:00.2: PME# supported from D0 D1 D2 D3hot D3cold
[    0.431269] pci 0000:00:1e.0: PCI bridge to [bus 15-18] (subtractive decode)
[    0.431408] pci 0000:00:1e.0:   bridge window [io  0x9000-0xcfff]
[    0.431420] pci 0000:00:1e.0:   bridge window [mem 0xe4300000-0xe7ffffff]
[    0.431436] pci 0000:00:1e.0:   bridge window [mem 0xe0000000-0xe3ffffff 64bit pref]
[    0.431446] pci 0000:00:1e.0:   bridge window [io  0x0000-0x0cf7 window] (subtractive decode)
[    0.431454] pci 0000:00:1e.0:   bridge window [io  0x0d00-0xffff window] (subtractive decode)
[    0.431463] pci 0000:00:1e.0:   bridge window [mem 0x000a0000-0x000bffff window] (subtractive decode)
[    0.431471] pci 0000:00:1e.0:   bridge window [mem 0x000d0000-0x000d3fff window] (subtractive decode)
[    0.431480] pci 0000:00:1e.0:   bridge window [mem 0x000d4000-0x000d7fff window] (subtractive decode)
[    0.431488] pci 0000:00:1e.0:   bridge window [mem 0x000d8000-0x000dbfff window] (subtractive decode)
[    0.431497] pci 0000:00:1e.0:   bridge window [mem 0xc0000000-0xfebfffff window] (subtractive decode)
[    0.431505] pci 0000:00:1e.0:   bridge window [mem 0xfed40000-0xfed40fff window] (subtractive decode)
[    0.431747] pci_bus 0000:16: busn_res: [bus 16-18] end is updated to 17
[    0.431823] pci_bus 0000:00: on NUMA node 0
[    0.441724] ACPI: EC: interrupt unblocked
[    0.441848] ACPI: EC: event unblocked
[    0.441965] ACPI: \_SB_.PCI0.LPC_.EC__: GPE=0x1c, EC_CMD/EC_SC=0x66, EC_DATA=0x62
[    0.442110] ACPI: \_SB_.PCI0.LPC_.EC__: Used as boot DSDT EC to handle transactions and events
[    0.443170] pci 0000:00:02.0: vgaarb: setting as boot VGA device
[    0.443294] pci 0000:00:02.0: vgaarb: VGA device added: decodes=io+mem,owns=io+mem,locks=none
[    0.443489] pci 0000:00:02.0: vgaarb: bridge control possible
[    0.443600] vgaarb: loaded
[    0.444716] SCSI subsystem initialized
[    0.445327] libata version 3.00 loaded.
[    0.445693] ACPI: bus type USB registered
[    0.446018] usbcore: registered new interface driver usbfs
[    0.446249] usbcore: registered new interface driver hub
[    0.446477] usbcore: registered new device driver usb
[    0.446804] media: Linux media interface: v0.10
[    0.447005] Linux video capture interface: v2.00
[    0.447244] pps_core: LinuxPPS API ver. 1 registered
[    0.447349] pps_core: Software ver. 5.3.6 - Copyright 2005-2007 Rodolfo Giometti <giometti@linux.it>
[    0.447570] PTP clock support registered
[    0.448851] EDAC MC: Ver: 3.0.0
[    0.449371] Advanced Linux Sound Architecture Driver Initialized.
[    0.449371] PCI: Using ACPI for IRQ routing
[    0.452077] PCI: pci_cache_line_size set to 64 bytes
[    0.452077] e820: reserve RAM buffer [mem 0x0009f000-0x0009ffff]
[    0.452077] e820: reserve RAM buffer [mem 0xbf6d0000-0xbfffffff]
[    0.456125] Bluetooth: Core ver 2.22
[    0.456262] NET: Registered protocol family 31
[    0.456262] Bluetooth: HCI device and connection manager initialized
[    0.456262] Bluetooth: HCI socket layer initialized
[    0.456262] Bluetooth: L2CAP socket layer initialized
[    0.456262] Bluetooth: SCO socket layer initialized
[    0.456352] clocksource: Switched to clocksource tsc-early
[    0.456352] pnp: PnP ACPI init
[    0.462798] system 00:00: [mem 0x00000000-0x0009ffff] could not be reserved
[    0.462938] system 00:00: [mem 0x000c0000-0x000c3fff] could not be reserved
[    0.463074] system 00:00: [mem 0x000c4000-0x000c7fff] could not be reserved
[    0.463207] system 00:00: [mem 0x000c8000-0x000cbfff] has been reserved
[    0.463336] system 00:00: [mem 0x000cc000-0x000cffff] has been reserved
[    0.463469] system 00:00: [mem 0x000dc000-0x000dffff] could not be reserved
[    0.463605] system 00:00: [mem 0x000e0000-0x000e3fff] could not be reserved
[    0.463741] system 00:00: [mem 0x000e4000-0x000e7fff] could not be reserved
[    0.463876] system 00:00: [mem 0x000e8000-0x000ebfff] could not be reserved
[    0.464012] system 00:00: [mem 0x000ec000-0x000effff] could not be reserved
[    0.464148] system 00:00: [mem 0x000f0000-0x000fffff] could not be reserved
[    0.464283] system 00:00: [mem 0x00100000-0xbfffffff] could not be reserved
[    0.464419] system 00:00: [mem 0xfec00000-0xfed3ffff] could not be reserved
[    0.464556] system 00:00: [mem 0xfed41000-0xffffffff] could not be reserved
[    0.464774] system 00:00: Plug and Play ACPI device, IDs PNP0c01 (active)
[    0.465661] system 00:01: [io  0x164e-0x164f] has been reserved
[    0.465787] system 00:01: [io  0x1000-0x107f] has been reserved
[    0.465927] system 00:01: [io  0x1180-0x11bf] has been reserved
[    0.466051] system 00:01: [io  0x0800-0x080f] has been reserved
[    0.466174] system 00:01: [io  0x15e0-0x15ef] has been reserved
[    0.466301] system 00:01: [io  0x1600-0x165f] could not be reserved
[    0.466428] system 00:01: [mem 0xf0000000-0xf3ffffff] has been reserved
[    0.466559] system 00:01: [mem 0xfed1c000-0xfed1ffff] has been reserved
[    0.466688] system 00:01: [mem 0xfed14000-0xfed17fff] has been reserved
[    0.466820] system 00:01: [mem 0xfed18000-0xfed18fff] has been reserved
[    0.466950] system 00:01: [mem 0xfed19000-0xfed19fff] has been reserved
[    0.467140] system 00:01: Plug and Play ACPI device, IDs PNP0c02 (active)
[    0.467697] pnp 00:02: Plug and Play ACPI device, IDs PNP0b00 (active)
[    0.467943] pnp 00:03: Plug and Play ACPI device, IDs PNP0303 (active)
[    0.468198] pnp 00:04: Plug and Play ACPI device, IDs IBM3780 PNP0f13 (active)
[    0.469543] pnp 00:05: [dma 3]
[    0.469920] pnp 00:05: Plug and Play ACPI device, IDs IBM0071 PNP0511 (active)
[    0.470351] pnp 00:06: Plug and Play ACPI device, IDs ATM1200 PNP0c31 (active)
[    0.473661] pnp: PnP ACPI: found 7 devices
[    0.532671] clocksource: acpi_pm: mask: 0xffffff max_cycles: 0xffffff, max_idle_ns: 2085701024 ns
[    0.532869] pci 0000:00:1c.0: bridge window [mem 0x00100000-0x000fffff 64bit pref] to [bus 02] add_size 200000 add_align 100000
[    0.532989] pci 0000:00:1c.0: BAR 9: assigned [mem 0xc0000000-0xc01fffff 64bit pref]
[    0.533126] pci 0000:00:1c.0: PCI bridge to [bus 02]
[    0.533234] pci 0000:00:1c.0:   bridge window [io  0x2000-0x2fff]
[    0.533356] pci 0000:00:1c.0:   bridge window [mem 0xee000000-0xee0fffff]
[    0.533482] pci 0000:00:1c.0:   bridge window [mem 0xc0000000-0xc01fffff 64bit pref]
[    0.533621] pci 0000:00:1c.1: PCI bridge to [bus 03]
[    0.533729] pci 0000:00:1c.1:   bridge window [io  0x3000-0x4fff]
[    0.533850] pci 0000:00:1c.1:   bridge window [mem 0xec000000-0xedffffff]
[    0.533988] pci 0000:00:1c.1:   bridge window [mem 0xe4000000-0xe40fffff 64bit pref]
[    0.534127] pci 0000:00:1c.2: PCI bridge to [bus 04-0b]
[    0.534237] pci 0000:00:1c.2:   bridge window [io  0x5000-0x6fff]
[    0.534358] pci 0000:00:1c.2:   bridge window [mem 0xe8000000-0xe9ffffff]
[    0.534483] pci 0000:00:1c.2:   bridge window [mem 0xe4100000-0xe41fffff 64bit pref]
[    0.534621] pci 0000:00:1c.3: PCI bridge to [bus 0c-13]
[    0.534731] pci 0000:00:1c.3:   bridge window [io  0x7000-0x8fff]
[    0.534852] pci 0000:00:1c.3:   bridge window [mem 0xea000000-0xebffffff]
[    0.534977] pci 0000:00:1c.3:   bridge window [mem 0xe4200000-0xe42fffff 64bit pref]
[    0.535136] pci 0000:15:00.0: BAR 9: assigned [mem 0xe0000000-0xe3ffffff pref]
[    0.535270] pci 0000:15:00.0: BAR 10: assigned [mem 0xc4000000-0xc7ffffff]
[    0.535394] pci 0000:15:00.0: BAR 7: assigned [io  0x9000-0x90ff]
[    0.535510] pci 0000:15:00.0: BAR 8: assigned [io  0x9400-0x94ff]
[    0.535641] pci 0000:15:00.0: CardBus bridge to [bus 16-17]
[    0.535752] pci 0000:15:00.0:   bridge window [io  0x9000-0x90ff]
[    0.535871] pci 0000:15:00.0:   bridge window [io  0x9400-0x94ff]
[    0.535990] pci 0000:15:00.0:   bridge window [mem 0xe0000000-0xe3ffffff pref]
[    0.536119] pci 0000:15:00.0:   bridge window [mem 0xc4000000-0xc7ffffff]
[    0.536245] pci 0000:00:1e.0: PCI bridge to [bus 15-18]
[    0.536354] pci 0000:00:1e.0:   bridge window [io  0x9000-0xcfff]
[    0.536476] pci 0000:00:1e.0:   bridge window [mem 0xe4300000-0xe7ffffff]
[    0.536601] pci 0000:00:1e.0:   bridge window [mem 0xe0000000-0xe3ffffff 64bit pref]
[    0.536741] pci_bus 0000:00: resource 4 [io  0x0000-0x0cf7 window]
[    0.536749] pci_bus 0000:00: resource 5 [io  0x0d00-0xffff window]
[    0.536756] pci_bus 0000:00: resource 6 [mem 0x000a0000-0x000bffff window]
[    0.536763] pci_bus 0000:00: resource 7 [mem 0x000d0000-0x000d3fff window]
[    0.536770] pci_bus 0000:00: resource 8 [mem 0x000d4000-0x000d7fff window]
[    0.536777] pci_bus 0000:00: resource 9 [mem 0x000d8000-0x000dbfff window]
[    0.536784] pci_bus 0000:00: resource 10 [mem 0xc0000000-0xfebfffff window]
[    0.536792] pci_bus 0000:00: resource 11 [mem 0xfed40000-0xfed40fff window]
[    0.536799] pci_bus 0000:02: resource 0 [io  0x2000-0x2fff]
[    0.536806] pci_bus 0000:02: resource 1 [mem 0xee000000-0xee0fffff]
[    0.536813] pci_bus 0000:02: resource 2 [mem 0xc0000000-0xc01fffff 64bit pref]
[    0.536821] pci_bus 0000:03: resource 0 [io  0x3000-0x4fff]
[    0.536828] pci_bus 0000:03: resource 1 [mem 0xec000000-0xedffffff]
[    0.536835] pci_bus 0000:03: resource 2 [mem 0xe4000000-0xe40fffff 64bit pref]
[    0.536842] pci_bus 0000:04: resource 0 [io  0x5000-0x6fff]
[    0.536849] pci_bus 0000:04: resource 1 [mem 0xe8000000-0xe9ffffff]
[    0.536856] pci_bus 0000:04: resource 2 [mem 0xe4100000-0xe41fffff 64bit pref]
[    0.536864] pci_bus 0000:0c: resource 0 [io  0x7000-0x8fff]
[    0.536871] pci_bus 0000:0c: resource 1 [mem 0xea000000-0xebffffff]
[    0.536878] pci_bus 0000:0c: resource 2 [mem 0xe4200000-0xe42fffff 64bit pref]
[    0.536885] pci_bus 0000:15: resource 0 [io  0x9000-0xcfff]
[    0.536892] pci_bus 0000:15: resource 1 [mem 0xe4300000-0xe7ffffff]
[    0.536899] pci_bus 0000:15: resource 2 [mem 0xe0000000-0xe3ffffff 64bit pref]
[    0.536906] pci_bus 0000:15: resource 4 [io  0x0000-0x0cf7 window]
[    0.536913] pci_bus 0000:15: resource 5 [io  0x0d00-0xffff window]
[    0.536920] pci_bus 0000:15: resource 6 [mem 0x000a0000-0x000bffff window]
[    0.536928] pci_bus 0000:15: resource 7 [mem 0x000d0000-0x000d3fff window]
[    0.536935] pci_bus 0000:15: resource 8 [mem 0x000d4000-0x000d7fff window]
[    0.536942] pci_bus 0000:15: resource 9 [mem 0x000d8000-0x000dbfff window]
[    0.536949] pci_bus 0000:15: resource 10 [mem 0xc0000000-0xfebfffff window]
[    0.536956] pci_bus 0000:15: resource 11 [mem 0xfed40000-0xfed40fff window]
[    0.536963] pci_bus 0000:16: resource 0 [io  0x9000-0x90ff]
[    0.536970] pci_bus 0000:16: resource 1 [io  0x9400-0x94ff]
[    0.536977] pci_bus 0000:16: resource 2 [mem 0xe0000000-0xe3ffffff pref]
[    0.536984] pci_bus 0000:16: resource 3 [mem 0xc4000000-0xc7ffffff]
[    0.537775] NET: Registered protocol family 2
[    0.538978] tcp_listen_portaddr_hash hash table entries: 512 (order: 2, 20480 bytes)
[    0.539210] TCP established hash table entries: 8192 (order: 3, 32768 bytes)
[    0.539450] TCP bind hash table entries: 8192 (order: 6, 294912 bytes)
[    0.540471] TCP: Hash tables configured (established 8192 bind 8192)
[    0.541162] UDP hash table entries: 512 (order: 3, 40960 bytes)
[    0.541411] UDP-Lite hash table entries: 512 (order: 3, 40960 bytes)
[    0.542036] NET: Registered protocol family 1
[    0.543026] RPC: Registered named UNIX socket transport module.
[    0.543146] RPC: Registered udp transport module.
[    0.543251] RPC: Registered tcp transport module.
[    0.543356] RPC: Registered tcp NFSv4.1 backchannel transport module.
[    0.544407] pci 0000:00:02.0: Video device with shadowed ROM at [mem 0x000c0000-0x000dffff]
[    0.551182] PCI: CLS mismatch (64 != 32), using 64 bytes
[    0.556076] Initialise system trusted keyrings
[    0.556865] workingset: timestamp_bits=30 max_order=20 bucket_order=0
[    0.560330] Installing knfsd (copyright (C) 1996 okir@monad.swb.de).
[    0.562025] ntfs: driver 2.1.32 [Flags: R/W].
[    0.562798] fuse init (API version 7.26)
[    0.568920] Key type asymmetric registered
[    0.569037] Asymmetric key parser 'x509' registered
[    0.569334] bounce: pool size: 64 pages
[    0.569619] Block layer SCSI generic (bsg) driver version 0.4 loaded (major 249)
[    0.569765] io scheduler noop registered
[    0.569862] io scheduler deadline registered
[    0.570157] io scheduler cfq registered (default)
[    0.570262] io scheduler mq-deadline registered
[    0.570420] io scheduler bfq registered
[    0.575771] intel_idle: does not run on family 6 model 14
[    0.576382] ACPI: Deprecated procfs I/F for AC is loaded, please retry with CONFIG_ACPI_PROCFS_POWER cleared
[    0.576654] ACPI: AC Adapter [AC] (off-line)
[    0.577605] input: Lid Switch as /devices/LNXSYSTM:00/LNXSYBUS:00/PNP0C0D:00/input/input0
[    0.578049] ACPI: Lid Switch [LID]
[    0.578948] input: Sleep Button as /devices/LNXSYSTM:00/LNXSYBUS:00/PNP0C0E:00/input/input1
[    0.579333] ACPI: Sleep Button [SLPB]
[    0.579835] input: Power Button as /devices/LNXSYSTM:00/LNXPWRBN:00/input/input2
[    0.580246] ACPI: Power Button [PWRF]
[    0.580832] ACPI: Video Device [VID] (multi-head: yes  rom: no  post: no)
[    0.593931] acpi device:01: registered as cooling_device0
[    0.594651] input: Video Bus as /devices/LNXSYSTM:00/LNXSYBUS:00/PNP0A08:00/LNXVIDEO:00/input/input3
[    0.622386] thermal LNXTHERM:00: registered as thermal_zone0
[    0.622513] ACPI: Thermal Zone [THM0] (26 C)
[    0.629021] thermal LNXTHERM:01: registered as thermal_zone1
[    0.629146] ACPI: Thermal Zone [THM1] (25 C)
[    0.630333] Serial: 8250/16550 driver, 4 ports, IRQ sharing disabled
[    0.631727] serial8250: ttyS1 at I/O 0x2f8 (irq = 3, base_baud = 921600) is a NS16550A
[    0.635311] lp: driver loaded but no devices found
[    0.635677] Non-volatile memory driver v1.3
[    0.636429] intel_rng: FWH not detected
[    0.637039] Linux agpgart interface v0.103
[    0.638618] [drm] radeon kernel modesetting enabled.
[    0.641701] pci 0000:00:00.0: Intel 945GM Chipset
[    0.642049] pci 0000:00:00.0: detected gtt size: 262144K total, 262144K mappable
[    0.643194] pci 0000:00:00.0: detected 8192K stolen memory
[    0.643590] [drm] Replacing VGA console driver
[    0.645277] Console: switching to colour dummy device 80x25
[    0.648160] [drm] Supports vblank timestamp caching Rev 2 (21.10.2013).
[    0.648279] [drm] Driver supports precise vblank timestamp query.
[    0.648393] resource sanity check: requesting [mem 0x000c0000-0x000dffff], which spans more than pnp 00:00 [mem 0x000c8000-0x000cbfff]
[    0.648602] caller pci_map_rom+0x58/0xf0 mapping multiple BARs
[    0.653148] i915 0000:00:02.0: vgaarb: changed VGA decodes: olddecodes=io+mem,decodes=io+mem:owns=io+mem
[    0.659410] ACPI: Deprecated procfs I/F for battery is loaded, please retry with CONFIG_ACPI_PROCFS_POWER cleared
[    0.659564] ACPI: Battery Slot [BAT0] (battery present)
[    0.690376] [drm] RC6 disabled, disabling runtime PM support
[    0.690929] [drm] initialized overlay support
[    0.693818] [drm] Initialized i915 1.6.0 20171222 for 0000:00:02.0 on minor 0
[    0.695752] usbcore: registered new interface driver udl
[    0.719271] fbcon: inteldrmfb (fb0) is primary device
[    0.720092] loop: module loaded
[    0.755892] ahci 0000:00:1f.2: version 3.0
[    0.757240] ahci 0000:00:1f.2: AHCI 0001.0100 32 slots 4 ports 1.5 Gbps 0x1 impl SATA mode
[    0.757249] ahci 0000:00:1f.2: flags: 64bit ncq pm led clo pio slum part 
[    0.761536] scsi host0: ahci
[    0.762573] scsi host1: ahci
[    0.763348] scsi host2: ahci
[    0.764190] scsi host3: ahci
[    0.764683] ata1: SATA max UDMA/133 abar m1024@0xee444400 port 0xee444500 irq 16
[    0.764688] ata2: DUMMY
[    0.764691] ata3: DUMMY
[    0.764695] ata4: DUMMY
[    0.765007] ata_piix 0000:00:1f.1: version 2.13
[    0.770733] scsi host4: ata_piix
[    0.771574] scsi host5: ata_piix
[    0.771978] ata5: PATA max UDMA/100 cmd 0x1f0 ctl 0x3f6 bmdma 0x1810 irq 14
[    0.771983] ata6: PATA max UDMA/100 cmd 0x170 ctl 0x376 bmdma 0x1818 irq 15
[    0.773745] tun: Universal TUN/TAP device driver, 1.6
[    0.774126] ata6: port disabled--ignoring
[    0.774753] e1000: Intel(R) PRO/1000 Network Driver - version 7.3.21-k8-NAPI
[    0.774756] e1000: Copyright (c) 1999-2006 Intel Corporation.
[    0.774914] e1000e: Intel(R) PRO/1000 Network Driver - 3.2.6-k
[    0.774917] e1000e: Copyright(c) 1999 - 2015 Intel Corporation.
[    0.775011] e1000e 0000:02:00.0: Disabling ASPM  L1
[    0.775017] e1000e 0000:02:00.0: can't disable ASPM; OS doesn't have ASPM control
[    0.775667] e1000e 0000:02:00.0: Interrupt Throttling Rate (ints/sec) set to dynamic conservative mode
[    0.865567] e1000e 0000:02:00.0 eth0: (PCI Express:2.5GT/s:Width x1) 00:16:d3:25:19:04
[    0.865574] e1000e 0000:02:00.0 eth0: Intel(R) PRO/1000 Network Connection
[    0.865656] e1000e 0000:02:00.0 eth0: MAC: 2, PHY: 2, PBA No: 005302-003
[    0.866147] PPP generic driver version 2.4.2
[    0.866583] PPP BSD Compression module registered
[    0.866587] PPP Deflate Compression module registered
[    0.866592] SLIP: version 0.8.4-NET3.019-NEWTTY (dynamic channels, max=256).
[    0.866595] CSLIP: code copyright 1989 Regents of the University of California.
[    0.866755] iwl3945: Intel(R) PRO/Wireless 3945ABG/BG Network Connection driver for Linux, in-tree:ds
[    0.866758] iwl3945: Copyright(c) 2003-2011 Intel Corporation
[    0.866760] iwl3945: hw_scan is disabled
[    0.867155] iwl3945 0000:03:00.0: can't disable ASPM; OS doesn't have ASPM control
[    0.912220] clocksource: timekeeping watchdog on CPU1: Marking clocksource 'tsc-early' as unstable because the skew is too large:
[    0.912225] clocksource:                       'hpet' wd_now: 11420b7 wd_last: a45fe2 mask: ffffffff
[    0.912231] clocksource:                       'tsc-early' cs_now: 8041f5d8a cs_last: 7dbc29b83 mask: ffffffffffffffff
[    0.921943] iwl3945 0000:03:00.0: Tunable channels: 11 802.11bg, 13 802.11a channels
[    0.921949] iwl3945 0000:03:00.0: Detected Intel Wireless WiFi Link 3945ABG
[    0.923237] ieee80211 phy0: Selected rate control algorithm 'iwl-3945-rs'
[    0.924843] Intel(R) Wireless WiFi driver for Linux
[    0.924846] Copyright(c) 2003- 2015 Intel Corporation
[    0.925203] usbcore: registered new interface driver ax88179_178a
[    0.925281] usbcore: registered new interface driver cdc_ether
[    0.925357] usbcore: registered new interface driver net1080
[    0.925432] usbcore: registered new interface driver cdc_subset
[    0.925506] usbcore: registered new interface driver zaurus
[    0.925611] usbcore: registered new interface driver cdc_ncm
[    0.925754] pci 0000:00:1e.0: enabling device (0005 -> 0007)
[    0.926165] yenta_cardbus 0000:15:00.0: CardBus bridge found [17aa:201c]
[    0.926596] clocksource: Switched to clocksource hpet
[    1.128257] ata1: SATA link up 1.5 Gbps (SStatus 113 SControl 300)
[    1.239630] ata1.00: ACPI cmd ef/02:00:00:00:00:a0 (SET FEATURES) succeeded
[    1.239639] ata1.00: ACPI cmd f5/00:00:00:00:00:a0 (SECURITY FREEZE LOCK) filtered out
[    1.239646] ata1.00: ACPI cmd ef/10:03:00:00:00:a0 (SET FEATURES) filtered out
[    1.283268] ata1.00: ATA-9: ST1000LM014-1EJ164, SM11, max UDMA/133
[    1.283275] ata1.00: 1953525168 sectors, multi 16: LBA48 NCQ (depth 31/32), AA
[    1.328465] ata1.00: ACPI cmd ef/02:00:00:00:00:a0 (SET FEATURES) succeeded
[    1.328473] ata1.00: ACPI cmd f5/00:00:00:00:00:a0 (SECURITY FREEZE LOCK) filtered out
[    1.328480] ata1.00: ACPI cmd ef/10:03:00:00:00:a0 (SET FEATURES) filtered out
[    1.372082] ata1.00: configured for UDMA/133
[    1.491948] Console: switching to colour frame buffer device 102x42
[    1.741600] i915 0000:00:02.0: fb0: inteldrmfb frame buffer device
[    1.747374] scsi 0:0:0:0: Direct-Access     ATA      ST1000LM014-1EJ1 SM11 PQ: 0 ANSI: 5
[    1.754360] sd 0:0:0:0: [sda] 1953525168 512-byte logical blocks: (1.00 TB/932 GiB)
[    1.754464] sd 0:0:0:0: Attached scsi generic sg0 type 0
[    1.759396] sd 0:0:0:0: [sda] 4096-byte physical blocks
[    1.759510] sd 0:0:0:0: [sda] Write Protect is off
[    1.773874] sd 0:0:0:0: [sda] Mode Sense: 00 3a 00 00
[    1.774122] sd 0:0:0:0: [sda] Write cache: enabled, read cache: enabled, doesn't support DPO or FUA
[    1.782008]  sda: sda1 sda2 sda3 sda4
[    1.790161] sd 0:0:0:0: [sda] Attached SCSI disk
[    1.929133] yenta_cardbus 0000:15:00.0: ISA IRQ mask 0x0cb8, PCI irq 16
[    1.933835] yenta_cardbus 0000:15:00.0: Socket status: 30000006
[    1.938431] yenta_cardbus 0000:15:00.0: pcmcia: parent PCI bridge window: [io  0x9000-0xcfff]
[    1.942987] yenta_cardbus 0000:15:00.0: pcmcia: parent PCI bridge window: [mem 0xe4300000-0xe7ffffff]
[    1.947479] pcmcia_socket pcmcia_socket0: cs: memory probe 0xe4300000-0xe7ffffff:
[    1.951930]  excluding 0xe4300000-0xe46cffff
[    1.956406] yenta_cardbus 0000:15:00.0: pcmcia: parent PCI bridge window: [mem 0xe0000000-0xe3ffffff 64bit pref]
[    1.961047] pcmcia_socket pcmcia_socket0: cs: memory probe 0xe0000000-0xe3ffffff:
[    1.965768]  excluding 0xe0000000-0xe3ffffff
[    1.972134] ehci_hcd: USB 2.0 'Enhanced' Host Controller (EHCI) Driver
[    1.976777] ehci-pci: EHCI PCI platform driver
[    1.982424] ehci-pci 0000:00:1d.7: EHCI Host Controller
[    1.987732] ehci-pci 0000:00:1d.7: new USB bus registered, assigned bus number 1
[    1.992785] ehci-pci 0000:00:1d.7: debug port 1
[    2.001785] ehci-pci 0000:00:1d.7: cache line size of 64 is not supported
[    2.001878] ehci-pci 0000:00:1d.7: irq 19, io mem 0xee444000
[    2.020220] ehci-pci 0000:00:1d.7: USB 2.0 started, EHCI 1.00
[    2.026274] usb usb1: New USB device found, idVendor=1d6b, idProduct=0002
[    2.031334] usb usb1: New USB device strings: Mfr=3, Product=2, SerialNumber=1
[    2.036321] usb usb1: Product: EHCI Host Controller
[    2.041238] usb usb1: Manufacturer: Linux 4.15.0-rc9-next-20180129autobisect1514286372 ehci_hcd
[    2.046301] usb usb1: SerialNumber: 0000:00:1d.7
[    2.052681] hub 1-0:1.0: USB hub found
[    2.057775] hub 1-0:1.0: 8 ports detected
[    2.066264] ohci_hcd: USB 1.1 'Open' Host Controller (OHCI) Driver
[    2.071084] ohci-pci: OHCI PCI platform driver
[    2.075990] uhci_hcd: USB Universal Host Controller Interface driver
[    2.081766] uhci_hcd 0000:00:1d.0: UHCI Host Controller
[    2.087019] uhci_hcd 0000:00:1d.0: new USB bus registered, assigned bus number 2
[    2.091933] uhci_hcd 0000:00:1d.0: detected 2 ports
[    2.096714] uhci_hcd 0000:00:1d.0: irq 16, io base 0x00001820
[    2.102187] usb usb2: New USB device found, idVendor=1d6b, idProduct=0001
[    2.106927] usb usb2: New USB device strings: Mfr=3, Product=2, SerialNumber=1
[    2.111718] usb usb2: Product: UHCI Host Controller
[    2.116435] usb usb2: Manufacturer: Linux 4.15.0-rc9-next-20180129autobisect1514286372 uhci_hcd
[    2.121303] usb usb2: SerialNumber: 0000:00:1d.0
[    2.127093] hub 2-0:1.0: USB hub found
[    2.131933] hub 2-0:1.0: 2 ports detected
[    2.138558] uhci_hcd 0000:00:1d.1: UHCI Host Controller
[    2.143633] uhci_hcd 0000:00:1d.1: new USB bus registered, assigned bus number 3
[    2.148346] uhci_hcd 0000:00:1d.1: detected 2 ports
[    2.153046] uhci_hcd 0000:00:1d.1: irq 17, io base 0x00001840
[    2.158312] usb usb3: New USB device found, idVendor=1d6b, idProduct=0001
[    2.162921] usb usb3: New USB device strings: Mfr=3, Product=2, SerialNumber=1
[    2.167334] usb usb3: Product: UHCI Host Controller
[    2.171559] usb usb3: Manufacturer: Linux 4.15.0-rc9-next-20180129autobisect1514286372 uhci_hcd
[    2.175935] usb usb3: SerialNumber: 0000:00:1d.1
[    2.181342] hub 3-0:1.0: USB hub found
[    2.185717] hub 3-0:1.0: 2 ports detected
[    2.192155] uhci_hcd 0000:00:1d.2: UHCI Host Controller
[    2.196768] uhci_hcd 0000:00:1d.2: new USB bus registered, assigned bus number 4
[    2.201065] uhci_hcd 0000:00:1d.2: detected 2 ports
[    2.205420] uhci_hcd 0000:00:1d.2: irq 18, io base 0x00001860
[    2.210413] usb usb4: New USB device found, idVendor=1d6b, idProduct=0001
[    2.214769] usb usb4: New USB device strings: Mfr=3, Product=2, SerialNumber=1
[    2.219065] usb usb4: Product: UHCI Host Controller
[    2.223274] usb usb4: Manufacturer: Linux 4.15.0-rc9-next-20180129autobisect1514286372 uhci_hcd
[    2.227624] usb usb4: SerialNumber: 0000:00:1d.2
[    2.233013] hub 4-0:1.0: USB hub found
[    2.237384] hub 4-0:1.0: 2 ports detected
[    2.243687] uhci_hcd 0000:00:1d.3: UHCI Host Controller
[    2.248370] uhci_hcd 0000:00:1d.3: new USB bus registered, assigned bus number 5
[    2.252682] uhci_hcd 0000:00:1d.3: detected 2 ports
[    2.256966] uhci_hcd 0000:00:1d.3: irq 19, io base 0x00001880
[    2.261830] usb usb5: New USB device found, idVendor=1d6b, idProduct=0001
[    2.266107] usb usb5: New USB device strings: Mfr=3, Product=2, SerialNumber=1
[    2.270314] usb usb5: Product: UHCI Host Controller
[    2.274500] usb usb5: Manufacturer: Linux 4.15.0-rc9-next-20180129autobisect1514286372 uhci_hcd
[    2.278860] usb usb5: SerialNumber: 0000:00:1d.3
[    2.284262] hub 5-0:1.0: USB hub found
[    2.288671] hub 5-0:1.0: 2 ports detected
[    2.294506] usbcore: registered new interface driver cdc_acm
[    2.298542] cdc_acm: USB Abstract Control Model driver for USB modems and ISDN adapters
[    2.302881] usbcore: registered new interface driver usblp
[    2.307264] usbcore: registered new interface driver usb-storage
[    2.311513] usbcore: registered new interface driver ums-sddr09
[    2.315861] usbcore: registered new interface driver usbserial_generic
[    2.320041] usbserial: USB Serial support registered for generic
[    2.324236] usbcore: registered new interface driver ch341
[    2.328366] usbserial: USB Serial support registered for ch341-uart
[    2.332579] usbcore: registered new interface driver ftdi_sio
[    2.336730] usbserial: USB Serial support registered for FTDI USB Serial Device
[    2.341045] usbcore: registered new interface driver option
[    2.345166] usbserial: USB Serial support registered for GSM modem (1-port)
[    2.349560] usbcore: registered new interface driver pl2303
[    2.353829] usbserial: USB Serial support registered for pl2303
[    2.358161] usbcore: registered new interface driver ti_usb_3410_5052
[    2.362491] usbserial: USB Serial support registered for TI USB 3410 1 port adapter
[    2.366932] usbserial: USB Serial support registered for TI USB 5052 2 port adapter
[    2.371256] ftdi_elan: driver ftdi-elan
[    2.375548] usbcore: registered new interface driver ftdi-elan
[    2.380200] i8042: PNP: PS/2 Controller [PNP0303:KBD,PNP0f13:MOU] at 0x60,0x64 irq 1,12
[    2.394592] serio: i8042 KBD port at 0x60,0x64 irq 1
[    2.398984] serio: i8042 AUX port at 0x60,0x64 irq 12
[    2.405219] mousedev: PS/2 mouse device common for all mice
[    2.411551] input: PC Speaker as /devices/platform/pcspkr/input/input4
[    2.417110] rtc_cmos 00:02: RTC can wake from S4
[    2.422100] rtc_cmos 00:02: rtc core: registered rtc_cmos as rtc0
[    2.426595] rtc_cmos 00:02: alarms up to one month, y3k, 114 bytes nvram, hpet irqs
[    2.431338] usbcore: registered new interface driver uvcvideo
[    2.435781] USB Video Class driver (1.1.1)
[    2.440145] gspca_main: v2.14.0 registered
[    2.444584] usbcore: registered new interface driver sq930x
[    2.450786] device-mapper: ioctl: 4.37.0-ioctl (2017-09-20) initialised: dm-devel@redhat.com
[    2.455296] Bluetooth: HCI UART driver ver 2.3
[    2.459699] Bluetooth: HCI UART protocol H4 registered
[    2.464061] Bluetooth: HCI UART protocol BCSP registered
[    2.468702] usbcore: registered new interface driver btusb
[    2.473293] sdhci: Secure Digital Host Controller Interface driver
[    2.477640] sdhci: Copyright(c) Pierre Ossman
[    2.481978] sdhci-pci 0000:15:00.2: SDHCI controller found [1180:0822] (rev 18)
[    2.486989] sdhci-pci 0000:15:00.2: Will use DMA mode even though HW doesn't fully claim to support it.
[    2.491725] sdhci-pci 0000:15:00.2: Will use DMA mode even though HW doesn't fully claim to support it.
[    2.497201] mmc0: SDHCI controller on PCI [0000:15:00.2] using DMA
[    2.502233] hidraw: raw HID events driver (C) Jiri Kosina
[    2.507218] input: AT Translated Set 2 keyboard as /devices/platform/i8042/serio0/input/input5
[    2.509767] usbcore: registered new interface driver usbhid
[    2.516812] usbhid: USB HID core driver
[    2.522975] thinkpad_acpi: ThinkPad ACPI Extras v0.25
[    2.527592] thinkpad_acpi: http://ibm-acpi.sf.net/
[    2.532122] thinkpad_acpi: ThinkPad BIOS 7BETD8WW (2.19 ), EC 7BHT40WW-1.13
[    2.536662] thinkpad_acpi: Lenovo ThinkPad X60, model 17097HU
[    2.549947] thinkpad_acpi: ACPI backlight control delay disabled
[    2.554896] thinkpad_acpi: radio switch found; radios are enabled
[    2.559456] thinkpad_acpi: This ThinkPad has standard ACPI backlight brightness control, supported by the ACPI video driver
[    2.568551] sdhci-pci 0000:15:00.2: Will use DMA mode even though HW doesn't fully claim to support it.
[    2.568679] thinkpad_acpi: Disabling thinkpad-acpi brightness events by default...
[    2.596245] thinkpad_acpi: rfkill switch tpacpi_bluetooth_sw: radio is unblocked
[    2.604873] thinkpad_acpi: warning: userspace override of important firmware LEDs is enabled
[    2.613017] thinkpad_acpi: Standard ACPI backlight interface available, not loading native one
[    2.618078] thinkpad_acpi: volume: disabled as there is no ALSA support in this kernel
[    2.623787] input: ThinkPad Extra Buttons as /devices/platform/thinkpad_acpi/input/input8
[    2.637712] snd_hda_intel 0000:00:1b.0: probe_mask set to 0x1 for device 17aa:2010
[    2.643354] usbcore: registered new interface driver snd-usb-audio
[    2.651468] NET: Registered protocol family 17
[    2.656733] Bluetooth: RFCOMM TTY layer initialized
[    2.660129] sdhci-pci 0000:15:00.2: Will use DMA mode even though HW doesn't fully claim to support it.
[    2.661846] Bluetooth: RFCOMM socket layer initialized
[    2.672392] Bluetooth: RFCOMM ver 1.11
[    2.677513] Bluetooth: BNEP (Ethernet Emulation) ver 1.3
[    2.682568] Bluetooth: BNEP filters: protocol multicast
[    2.687650] Bluetooth: BNEP socket layer initialized
[    2.687665] snd_hda_codec_analog hdaudioC0D0: autoconfig for AD1981: line_outs=1 (0x5/0x0/0x0/0x0/0x0) type:speaker
[    2.692726] Bluetooth: HIDP (Human Interface Emulation) ver 1.2
[    2.692737] Bluetooth: HIDP socket layer initialized
[    2.693338] microcode: sig=0x6e8, pf=0x20, revision=0x39
[    2.703440] snd_hda_codec_analog hdaudioC0D0:    speaker_outs=0 (0x0/0x0/0x0/0x0/0x0)
[    2.715480] microcode: Microcode Update Driver: v2.2.
[    2.719519] snd_hda_codec_analog hdaudioC0D0:    hp_outs=0 (0x0/0x0/0x0/0x0/0x0)
[    2.719525] snd_hda_codec_analog hdaudioC0D0:    mono: mono_out=0x0
[    2.719531] snd_hda_codec_analog hdaudioC0D0:    inputs:
[    2.719538] snd_hda_codec_analog hdaudioC0D0:      Mic=0x8
[    2.719545] snd_hda_codec_analog hdaudioC0D0:      CD=0x19
[    2.756229] Using IPI No-Shortcut mode
[    2.761888] sdhci-pci 0000:15:00.2: Will use DMA mode even though HW doesn't fully claim to support it.
[    2.765009] Loading compiled-in X.509 certificates
[    2.773828] Key type encrypted registered
[    2.780898] rtc_cmos 00:02: setting system clock to 2018-02-15 21:20:30 UTC (1518729630)
[    2.790817] cfg80211: Loading compiled-in X.509 certificates for regulatory database
[    2.796747] cfg80211: Loaded X.509 cert 'sforshee: 00b28ddf47aef9cea7'
[    2.800262] platform regulatory.0: Direct firmware load for regulatory.db failed with error -2
[    2.803427] cfg80211: failed to load regulatory.db
[    2.836536] sdhci-pci 0000:15:00.2: Will use DMA mode even though HW doesn't fully claim to support it.
[    2.844081] usb 5-1: new full-speed USB device number 2 using uhci_hcd
[    2.889933] PM: Image not found (code -22)
[    2.890049] ALSA device list:
[    2.895266]   #0: HDA Intel at 0xee240000 irq 17
[    3.042032] usb 5-1: New USB device found, idVendor=0a5c, idProduct=2110
[    3.047356] usb 5-1: New USB device strings: Mfr=1, Product=2, SerialNumber=0
[    3.052577] usb 5-1: Product: BCM2045B
[    3.057642] usb 5-1: Manufacturer: Broadcom Corp
[    3.242858] psmouse serio1: trackpoint: IBM TrackPoint firmware: 0x0e, buttons: 3/3
[    3.265926] input: TPPS/2 IBM TrackPoint as /devices/platform/i8042/serio1/input/input7
[    3.276148] md: Waiting for all devices to be available before autodetect
[    3.279951] md: If you don't use raid, use raid=noautodetect
[    3.284790] md: Autodetecting RAID arrays.
[    3.288666] md: autorun ...
[    3.292462] md: ... autorun DONE.
[    3.297148] EXT4-fs (sda4): couldn't mount as ext3 due to feature incompatibilities
[    3.312125] EXT4-fs (sda4): mounted filesystem with ordered data mode. Opts: (null)
[    3.315060] VFS: Mounted root (ext4 filesystem) readonly on device 8:4.
[    3.318544] devtmpfs: mounted
[    3.322963] Freeing unused kernel memory: 592K
[    3.326028] Write protecting the kernel text: 11892k
[    3.328892] Write protecting the kernel read-only data: 4712k
[    3.331598] NX-protecting the kernel data: 6540k
[    3.334722] x86/mm: Checked W+X mappings: passed, no W+X pages found.
[    3.337500] rodata_test: all tests were successful
[    3.652127] usb 5-2: new full-speed USB device number 3 using uhci_hcd
[    3.855028] usb 5-2: New USB device found, idVendor=0483, idProduct=2016
[    3.860275] usb 5-2: New USB device strings: Mfr=1, Product=2, SerialNumber=0
[    3.865452] usb 5-2: Product: Biometric Coprocessor
[    3.870445] usb 5-2: Manufacturer: STMicroelectronics
[    3.906731] systemd[1]: systemd 215 running in system mode. (+PAM +AUDIT +SELINUX +IMA +SYSVINIT +LIBCRYPTSETUP +GCRYPT +ACL +XZ -SECCOMP -APPARMOR)
[    3.936413] systemd[1]: Detected architecture 'x86'.
[    4.119556] systemd[1]: Failed to insert module 'ipv6'
[    4.136684] systemd[1]: Set hostname to <amd>.
[    5.239552] systemd[1]: Binding to IPv6 address not available since kernel does not support IPv6.
[    5.243139] systemd[1]: [/lib/systemd/system/gpsd.socket:6] Failed to parse address value, ignoring: [::1]:2947
[    5.267629] systemd[1]: Starting Forward Password Requests to Wall Directory Watch.
[    5.272025] systemd[1]: Started Forward Password Requests to Wall Directory Watch.
[    5.275664] systemd[1]: Starting Remote File Systems (Pre).
[    5.285160] systemd[1]: Reached target Remote File Systems (Pre).
[    5.764744] random: crng init done
[    6.212517] systemd-udevd[2314]: starting version 215
[    7.566053] EXT4-fs (sda4): re-mounted. Opts: errors=remount-ro
[    7.805149] e1000e 0000:02:00.0 eth1: renamed from eth0
[    7.841103] systemd-udevd[2397]: renamed network interface eth0 to eth1
[    9.815376] Adding 2097148k swap on /dev/sda1.  Priority:-2 extents:1 across:2097148k 
[   10.051517] EXT4-fs (sda2): mounted filesystem with ordered data mode. Opts: errors=remount-ro
[   10.214164] systemd-journald[1826]: Received request to flush runtime journal from PID 1
[   15.552207] NFSD: Using /var/lib/nfs/v4recovery as the NFSv4 state recovery directory
[   15.569160] NFSD: starting 90-second grace period (net f0000099)
[   17.510421] iwl3945 0000:03:00.0: loaded firmware version 15.32.2.9
[   22.679317] wlan0: authenticate with 00:00:00:00:00:01
[   22.683871] wlan0: send auth to 00:00:00:00:00:01 (try 1/3)
[   22.685736] wlan0: authenticated
[   22.688486] wlan0: associate with 00:00:00:00:00:01 (try 1/3)
[   22.692213] wlan0: RX AssocResp from 00:00:00:00:00:01 (capab=0x401 status=0 aid=4)
[   22.694307] wlan0: associated
[   76.655202] iwl3945 0000:03:00.0: Card state received: HW:Kill SW:On
[   76.656404] wlan0: deauthenticating from 00:00:00:00:00:01 by local choice (Reason: 3=DEAUTH_LEAVING)
[   76.663920] iwl3945 0000:03:00.0: Not sending command - RF KILL
[   76.663942] iwl3945 0000:03:00.0: Error sending C_REM_STA: enqueue_hcmd failed: -5
[   76.663959] iwl3945 0000:03:00.0: Error removing station 00:00:00:00:00:01
[   76.664186] iwl3945 0000:03:00.0: Not sending command - RF KILL
[   76.664203] iwl3945 0000:03:00.0: Error sending C_QOS_PARAM: enqueue_hcmd failed: -5
[   76.664223] iwl3945 0000:03:00.0: Not sending command - RF KILL
[   76.664238] iwl3945 0000:03:00.0: Error sending C_RXON: enqueue_hcmd failed: -5
[   76.664252] iwl3945 0000:03:00.0: Error setting new configuration (-5).
[   76.664267] iwl3945 0000:03:00.0: Not sending command - RF KILL
[   76.664281] iwl3945 0000:03:00.0: Error sending C_RXON_ASSOC: enqueue_hcmd failed: -5
[   76.664373] iwl3945 0000:03:00.0: Not sending command - RF KILL
[   76.664390] iwl3945 0000:03:00.0: Error sending C_RXON_ASSOC: enqueue_hcmd failed: -5
[   76.664417] iwl3945 0000:03:00.0: Not sending command - RF KILL
[   76.664433] iwl3945 0000:03:00.0: Error sending C_RXON: enqueue_hcmd failed: -5
[   76.664449] iwl3945 0000:03:00.0: Error setting new configuration (-5).
[   76.664474] iwl3945 0000:03:00.0: Not sending command - RF KILL
[   76.664491] iwl3945 0000:03:00.0: Error sending C_LEDS: enqueue_hcmd failed: -5
[   76.664541] iwl3945 0000:03:00.0: Not sending command - RF KILL
[   76.664557] iwl3945 0000:03:00.0: Error sending C_RXON: enqueue_hcmd failed: -5
[   76.664573] iwl3945 0000:03:00.0: Error setting new configuration (-5).
[   76.667455] iwl3945 0000:03:00.0: Not sending command - RF KILL
[   76.667474] iwl3945 0000:03:00.0: Error sending C_RXON: enqueue_hcmd failed: -5
[   76.667488] iwl3945 0000:03:00.0: Error setting new configuration (-5).
[   76.668085] iwl3945 0000:03:00.0: Master Disable Timed Out, 100 usec
[   76.788476] usb 5-1: USB disconnect, device number 2
[   77.804138] usb 5-1: new full-speed USB device number 4 using uhci_hcd
[   77.994051] usb 5-1: New USB device found, idVendor=0a5c, idProduct=2110
[   77.994070] usb 5-1: New USB device strings: Mfr=1, Product=2, SerialNumber=0
[   77.994083] usb 5-1: Product: BCM2045B
[   77.994095] usb 5-1: Manufacturer: Broadcom Corp
[   81.225913] wlan0: authenticate with 00:00:00:00:00:01
[   81.226087] wlan0: send auth to 00:00:00:00:00:01 (try 1/3)
[   81.227839] wlan0: authenticated
[   81.232228] wlan0: associate with 00:00:00:00:00:01 (try 1/3)
[   81.235008] wlan0: RX AssocResp from 00:00:00:00:00:01 (capab=0x401 status=0 aid=4)
[   81.240861] wlan0: associated
[   81.524694] iwl3945 0000:03:00.0: Card state received: HW:Kill SW:On
[   81.525456] wlan0: deauthenticating from 00:00:00:00:00:01 by local choice (Reason: 3=DEAUTH_LEAVING)
[   81.528517] iwl3945 0000:03:00.0: Not sending command - RF KILL
[   81.528537] iwl3945 0000:03:00.0: Error sending C_REM_STA: enqueue_hcmd failed: -5
[   81.528553] iwl3945 0000:03:00.0: Error removing station 00:00:00:00:00:01
[   81.528703] iwl3945 0000:03:00.0: Not sending command - RF KILL
[   81.528719] iwl3945 0000:03:00.0: Error sending C_QOS_PARAM: enqueue_hcmd failed: -5
[   81.528738] iwl3945 0000:03:00.0: Not sending command - RF KILL
[   81.528753] iwl3945 0000:03:00.0: Error sending C_RXON: enqueue_hcmd failed: -5
[   81.528767] iwl3945 0000:03:00.0: Error setting new configuration (-5).
[   81.528782] iwl3945 0000:03:00.0: Not sending command - RF KILL
[   81.528796] iwl3945 0000:03:00.0: Error sending C_RXON_ASSOC: enqueue_hcmd failed: -5
[   81.528832] iwl3945 0000:03:00.0: Not sending command - RF KILL
[   81.528849] iwl3945 0000:03:00.0: Error sending C_RXON_ASSOC: enqueue_hcmd failed: -5
[   81.528876] iwl3945 0000:03:00.0: Not sending command - RF KILL
[   81.528892] iwl3945 0000:03:00.0: Error sending C_RXON: enqueue_hcmd failed: -5
[   81.528908] iwl3945 0000:03:00.0: Error setting new configuration (-5).
[   81.528933] iwl3945 0000:03:00.0: Not sending command - RF KILL
[   81.528949] iwl3945 0000:03:00.0: Error sending C_LEDS: enqueue_hcmd failed: -5
[   81.528999] iwl3945 0000:03:00.0: Not sending command - RF KILL
[   81.529016] iwl3945 0000:03:00.0: Error sending C_RXON: enqueue_hcmd failed: -5
[   81.529031] iwl3945 0000:03:00.0: Error setting new configuration (-5).
[   81.533168] iwl3945 0000:03:00.0: Not sending command - RF KILL
[   81.533186] iwl3945 0000:03:00.0: Error sending C_RXON: enqueue_hcmd failed: -5
[   81.533200] iwl3945 0000:03:00.0: Error setting new configuration (-5).
[   81.536087] iwl3945 0000:03:00.0: Master Disable Timed Out, 100 usec
[   81.748350] usb 5-1: USB disconnect, device number 4
[   83.756093] usb 5-1: new full-speed USB device number 5 using uhci_hcd
[   83.958435] usb 5-1: New USB device found, idVendor=0a5c, idProduct=2110
[   83.958446] usb 5-1: New USB device strings: Mfr=1, Product=2, SerialNumber=0
[   83.958454] usb 5-1: Product: BCM2045B
[   83.958461] usb 5-1: Manufacturer: Broadcom Corp
[   86.298712] wlan0: authenticate with 00:00:00:00:00:01
[   86.298914] wlan0: send auth to 00:00:00:00:00:01 (try 1/3)
[   86.300879] wlan0: authenticated
[   86.304105] wlan0: associate with 00:00:00:00:00:01 (try 1/3)
[   86.309434] wlan0: RX AssocResp from 00:00:00:00:00:01 (capab=0x401 status=0 aid=4)
[   86.311735] wlan0: associated
[  433.488615] snd_hda_intel 0000:00:1b.0: IRQ timing workaround is activated for card #0. Suggest a bigger bdl_pos_adj.
[  461.525499] iwl3945 0000:03:00.0: Card state received: HW:Kill SW:On
[  461.526220] wlan0: deauthenticating from 00:00:00:00:00:01 by local choice (Reason: 3=DEAUTH_LEAVING)
[  461.537614] iwl3945 0000:03:00.0: Not sending command - RF KILL
[  461.537627] iwl3945 0000:03:00.0: Error sending C_REM_STA: enqueue_hcmd failed: -5
[  461.537636] iwl3945 0000:03:00.0: Error removing station 00:00:00:00:00:01
[  461.537719] iwl3945 0000:03:00.0: Not sending command - RF KILL
[  461.537728] iwl3945 0000:03:00.0: Error sending C_QOS_PARAM: enqueue_hcmd failed: -5
[  461.537740] iwl3945 0000:03:00.0: Not sending command - RF KILL
[  461.537748] iwl3945 0000:03:00.0: Error sending C_RXON: enqueue_hcmd failed: -5
[  461.537756] iwl3945 0000:03:00.0: Error setting new configuration (-5).
[  461.537764] iwl3945 0000:03:00.0: Not sending command - RF KILL
[  461.537772] iwl3945 0000:03:00.0: Error sending C_RXON_ASSOC: enqueue_hcmd failed: -5
[  461.537794] iwl3945 0000:03:00.0: Not sending command - RF KILL
[  461.537802] iwl3945 0000:03:00.0: Error sending C_RXON_ASSOC: enqueue_hcmd failed: -5
[  461.537818] iwl3945 0000:03:00.0: Not sending command - RF KILL
[  461.537827] iwl3945 0000:03:00.0: Error sending C_RXON: enqueue_hcmd failed: -5
[  461.537835] iwl3945 0000:03:00.0: Error setting new configuration (-5).
[  461.537850] iwl3945 0000:03:00.0: Not sending command - RF KILL
[  461.537859] iwl3945 0000:03:00.0: Error sending C_LEDS: enqueue_hcmd failed: -5
[  461.537886] iwl3945 0000:03:00.0: Not sending command - RF KILL
[  461.537895] iwl3945 0000:03:00.0: Error sending C_RXON: enqueue_hcmd failed: -5
[  461.537904] iwl3945 0000:03:00.0: Error setting new configuration (-5).
[  461.538468] iwl3945 0000:03:00.0: Not sending command - RF KILL
[  461.538477] iwl3945 0000:03:00.0: Error sending C_RXON: enqueue_hcmd failed: -5
[  461.538484] iwl3945 0000:03:00.0: Error setting new configuration (-5).
[  461.542467] iwl3945 0000:03:00.0: Master Disable Timed Out, 100 usec
[  461.700331] usb 5-1: USB disconnect, device number 5
[  462.716129] usb 5-1: new full-speed USB device number 6 using uhci_hcd
[  462.906123] usb 5-1: New USB device found, idVendor=0a5c, idProduct=2110
[  462.906142] usb 5-1: New USB device strings: Mfr=1, Product=2, SerialNumber=0
[  462.906155] usb 5-1: Product: BCM2045B
[  462.906168] usb 5-1: Manufacturer: Broadcom Corp
[  464.554391] iwl3945 0000:03:00.0: Card state received: HW:Kill SW:On
[  464.555271] iwl3945 0000:03:00.0: Not sending command - RF KILL
[  464.555288] iwl3945 0000:03:00.0: Error sending C_RXON: enqueue_hcmd failed: -5
[  464.555303] iwl3945 0000:03:00.0: Error setting new configuration (-5).
[  464.555363] iwl3945 0000:03:00.0: Not sending command - RF KILL
[  464.555378] iwl3945 0000:03:00.0: Error sending C_RXON: enqueue_hcmd failed: -5
[  464.555392] iwl3945 0000:03:00.0: Error setting new configuration (-5).
[  464.555572] iwl3945 0000:03:00.0: Not sending command - RF KILL
[  464.555586] iwl3945 0000:03:00.0: Error sending C_RXON: enqueue_hcmd failed: -5
[  464.555599] iwl3945 0000:03:00.0: Error setting new configuration (-5).
[  464.676339] usb 5-1: USB disconnect, device number 6
[  469.908080] usb 5-1: new full-speed USB device number 7 using uhci_hcd
[  470.098124] usb 5-1: New USB device found, idVendor=0a5c, idProduct=2110
[  470.098143] usb 5-1: New USB device strings: Mfr=1, Product=2, SerialNumber=0
[  470.098155] usb 5-1: Product: BCM2045B
[  470.098168] usb 5-1: Manufacturer: Broadcom Corp
[  473.390183] wlan0: authenticate with 00:00:00:00:00:01
[  473.390312] wlan0: send auth to 00:00:00:00:00:01 (try 1/3)
[  473.392128] wlan0: authenticated
[  473.396459] wlan0: associate with 00:00:00:00:00:01 (try 1/3)
[  473.399319] wlan0: RX AssocResp from 00:00:00:00:00:01 (capab=0x401 status=0 aid=4)
[  473.401344] wlan0: associated
[  481.075508] iwl3945 0000:03:00.0: Card state received: HW:Kill SW:On
[  481.075883] wlan0: deauthenticating from 00:00:00:00:00:01 by local choice (Reason: 3=DEAUTH_LEAVING)
[  481.076728] iwl3945 0000:03:00.0: Not sending command - RF KILL
[  481.076746] iwl3945 0000:03:00.0: Error sending C_REM_STA: enqueue_hcmd failed: -5
[  481.076762] iwl3945 0000:03:00.0: Error removing station 00:00:00:00:00:01
[  481.076914] iwl3945 0000:03:00.0: Not sending command - RF KILL
[  481.076931] iwl3945 0000:03:00.0: Error sending C_QOS_PARAM: enqueue_hcmd failed: -5
[  481.076950] iwl3945 0000:03:00.0: Not sending command - RF KILL
[  481.076964] iwl3945 0000:03:00.0: Error sending C_RXON: enqueue_hcmd failed: -5
[  481.076978] iwl3945 0000:03:00.0: Error setting new configuration (-5).
[  481.076993] iwl3945 0000:03:00.0: Not sending command - RF KILL
[  481.077007] iwl3945 0000:03:00.0: Error sending C_RXON_ASSOC: enqueue_hcmd failed: -5
[  481.077044] iwl3945 0000:03:00.0: Not sending command - RF KILL
[  481.077060] iwl3945 0000:03:00.0: Error sending C_RXON_ASSOC: enqueue_hcmd failed: -5
[  481.077087] iwl3945 0000:03:00.0: Not sending command - RF KILL
[  481.077103] iwl3945 0000:03:00.0: Error sending C_RXON: enqueue_hcmd failed: -5
[  481.077119] iwl3945 0000:03:00.0: Error setting new configuration (-5).
[  481.077144] iwl3945 0000:03:00.0: Not sending command - RF KILL
[  481.077160] iwl3945 0000:03:00.0: Error sending C_LEDS: enqueue_hcmd failed: -5
[  481.077208] iwl3945 0000:03:00.0: Not sending command - RF KILL
[  481.077225] iwl3945 0000:03:00.0: Error sending C_RXON: enqueue_hcmd failed: -5
[  481.077240] iwl3945 0000:03:00.0: Error setting new configuration (-5).
[  481.078618] iwl3945 0000:03:00.0: Not sending command - RF KILL
[  481.078635] iwl3945 0000:03:00.0: Error sending C_RXON: enqueue_hcmd failed: -5
[  481.078649] iwl3945 0000:03:00.0: Error setting new configuration (-5).
[  481.080021] iwl3945 0000:03:00.0: Master Disable Timed Out, 100 usec
[  481.292340] usb 5-1: USB disconnect, device number 7
[  487.276084] usb 5-1: new full-speed USB device number 8 using uhci_hcd
[  487.466119] usb 5-1: New USB device found, idVendor=0a5c, idProduct=2110
[  487.466138] usb 5-1: New USB device strings: Mfr=1, Product=2, SerialNumber=0
[  487.466151] usb 5-1: Product: BCM2045B
[  487.466163] usb 5-1: Manufacturer: Broadcom Corp
[  489.358757] wlan0: authenticate with 00:00:00:00:00:01
[  489.358928] wlan0: send auth to 00:00:00:00:00:01 (try 1/3)
[  489.360680] wlan0: authenticated
[  489.364503] wlan0: associate with 00:00:00:00:00:01 (try 1/3)
[  489.367359] wlan0: RX AssocResp from 00:00:00:00:00:01 (capab=0x401 status=0 aid=4)
[  489.368763] wlan0: associated
[  501.478663] iwl3945 0000:03:00.0: Card state received: HW:Kill SW:On
[  501.479482] wlan0: deauthenticating from 00:00:00:00:00:01 by local choice (Reason: 3=DEAUTH_LEAVING)
[  501.482082] iwl3945 0000:03:00.0: Not sending command - RF KILL
[  501.482103] iwl3945 0000:03:00.0: Error sending C_REM_STA: enqueue_hcmd failed: -5
[  501.482119] iwl3945 0000:03:00.0: Error removing station 00:00:00:00:00:01
[  501.482277] iwl3945 0000:03:00.0: Not sending command - RF KILL
[  501.482293] iwl3945 0000:03:00.0: Error sending C_QOS_PARAM: enqueue_hcmd failed: -5
[  501.482313] iwl3945 0000:03:00.0: Not sending command - RF KILL
[  501.482327] iwl3945 0000:03:00.0: Error sending C_RXON: enqueue_hcmd failed: -5
[  501.482342] iwl3945 0000:03:00.0: Error setting new configuration (-5).
[  501.482357] iwl3945 0000:03:00.0: Not sending command - RF KILL
[  501.482371] iwl3945 0000:03:00.0: Error sending C_RXON_ASSOC: enqueue_hcmd failed: -5
[  501.482409] iwl3945 0000:03:00.0: Not sending command - RF KILL
[  501.482425] iwl3945 0000:03:00.0: Error sending C_RXON_ASSOC: enqueue_hcmd failed: -5
[  501.482452] iwl3945 0000:03:00.0: Not sending command - RF KILL
[  501.482589] iwl3945 0000:03:00.0: Error sending C_RXON: enqueue_hcmd failed: -5
[  501.482606] iwl3945 0000:03:00.0: Error setting new configuration (-5).
[  501.482631] iwl3945 0000:03:00.0: Not sending command - RF KILL
[  501.482648] iwl3945 0000:03:00.0: Error sending C_LEDS: enqueue_hcmd failed: -5
[  501.482700] iwl3945 0000:03:00.0: Not sending command - RF KILL
[  501.482716] iwl3945 0000:03:00.0: Error sending C_RXON: enqueue_hcmd failed: -5
[  501.482732] iwl3945 0000:03:00.0: Error setting new configuration (-5).
[  501.488159] iwl3945 0000:03:00.0: Not sending command - RF KILL
[  501.488179] iwl3945 0000:03:00.0: Error sending C_RXON: enqueue_hcmd failed: -5
[  501.488193] iwl3945 0000:03:00.0: Error setting new configuration (-5).
[  501.492013] iwl3945 0000:03:00.0: Master Disable Timed Out, 100 usec
[  501.628315] usb 5-1: USB disconnect, device number 8
[  506.620084] usb 5-1: new full-speed USB device number 9 using uhci_hcd
[  506.810129] usb 5-1: New USB device found, idVendor=0a5c, idProduct=2110
[  506.810147] usb 5-1: New USB device strings: Mfr=1, Product=2, SerialNumber=0
[  506.810161] usb 5-1: Product: BCM2045B
[  506.810173] usb 5-1: Manufacturer: Broadcom Corp
[  508.373246] wlan0: authenticate with 00:00:00:00:00:01
[  508.373365] wlan0: send auth to 00:00:00:00:00:01 (try 1/3)
[  508.576135] wlan0: send auth to 00:00:00:00:00:01 (try 2/3)
[  508.780165] wlan0: send auth to 00:00:00:00:00:01 (try 3/3)
[  508.984184] wlan0: authentication with 00:00:00:00:00:01 timed out
[  532.784691] wlan0: authenticate with 00:00:00:00:00:01
[  532.785341] wlan0: send auth to 00:00:00:00:00:01 (try 1/3)
[  532.789381] wlan0: authenticated
[  532.792376] wlan0: associate with 00:00:00:00:00:01 (try 1/3)
[  532.795074] wlan0: RX AssocResp from 00:00:00:00:00:01 (capab=0x401 status=0 aid=1)
[  532.796753] wlan0: associated
[  549.910448] iwl3945 0000:03:00.0: Card state received: HW:Kill SW:On
[  549.911207] wlan0: deauthenticating from 00:00:00:00:00:01 by local choice (Reason: 3=DEAUTH_LEAVING)
[  549.911620] iwl3945 0000:03:00.0: Not sending command - RF KILL
[  549.911637] iwl3945 0000:03:00.0: Error sending C_REM_STA: enqueue_hcmd failed: -5
[  549.911653] iwl3945 0000:03:00.0: Error removing station 00:00:00:00:00:01
[  549.911806] iwl3945 0000:03:00.0: Not sending command - RF KILL
[  549.911822] iwl3945 0000:03:00.0: Error sending C_QOS_PARAM: enqueue_hcmd failed: -5
[  549.911842] iwl3945 0000:03:00.0: Not sending command - RF KILL
[  549.911856] iwl3945 0000:03:00.0: Error sending C_RXON: enqueue_hcmd failed: -5
[  549.911871] iwl3945 0000:03:00.0: Error setting new configuration (-5).
[  549.911885] iwl3945 0000:03:00.0: Not sending command - RF KILL
[  549.911899] iwl3945 0000:03:00.0: Error sending C_RXON_ASSOC: enqueue_hcmd failed: -5
[  549.911936] iwl3945 0000:03:00.0: Not sending command - RF KILL
[  549.911952] iwl3945 0000:03:00.0: Error sending C_RXON_ASSOC: enqueue_hcmd failed: -5
[  549.911980] iwl3945 0000:03:00.0: Not sending command - RF KILL
[  549.911996] iwl3945 0000:03:00.0: Error sending C_RXON: enqueue_hcmd failed: -5
[  549.912075] iwl3945 0000:03:00.0: Error setting new configuration (-5).
[  549.912101] iwl3945 0000:03:00.0: Not sending command - RF KILL
[  549.912117] iwl3945 0000:03:00.0: Error sending C_LEDS: enqueue_hcmd failed: -5
[  549.912168] iwl3945 0000:03:00.0: Not sending command - RF KILL
[  549.912184] iwl3945 0000:03:00.0: Error sending C_RXON: enqueue_hcmd failed: -5
[  549.912200] iwl3945 0000:03:00.0: Error setting new configuration (-5).
[  549.913530] iwl3945 0000:03:00.0: Not sending command - RF KILL
[  549.913547] iwl3945 0000:03:00.0: Error sending C_RXON: enqueue_hcmd failed: -5
[  549.913560] iwl3945 0000:03:00.0: Error setting new configuration (-5).
[  549.916033] iwl3945 0000:03:00.0: Master Disable Timed Out, 100 usec
[  549.988337] usb 5-1: USB disconnect, device number 9
[  590.188185] usb 5-1: new full-speed USB device number 10 using uhci_hcd
[  590.381194] usb 5-1: New USB device found, idVendor=0a5c, idProduct=2110
[  590.381214] usb 5-1: New USB device strings: Mfr=1, Product=2, SerialNumber=0
[  590.381228] usb 5-1: Product: BCM2045B
[  590.381240] usb 5-1: Manufacturer: Broadcom Corp
[  592.366436] wlan0: authenticate with 00:00:00:00:00:01
[  592.366555] wlan0: send auth to 00:00:00:00:00:01 (try 1/3)
[  592.369838] wlan0: authenticated
[  592.373087] wlan0: associate with 00:00:00:00:00:01 (try 1/3)
[  592.375916] wlan0: RX AssocResp from 00:00:00:00:00:01 (capab=0x401 status=0 aid=1)
[  592.377713] wlan0: associated
[  592.883175] iwl3945 0000:03:00.0: Card state received: HW:Kill SW:On
[  592.883382] wlan0: deauthenticating from 00:00:00:00:00:01 by local choice (Reason: 3=DEAUTH_LEAVING)
[  592.886790] iwl3945 0000:03:00.0: Not sending command - RF KILL
[  592.886806] iwl3945 0000:03:00.0: Error sending C_REM_STA: enqueue_hcmd failed: -5
[  592.886819] iwl3945 0000:03:00.0: Error removing station 00:00:00:00:00:01
[  592.886963] iwl3945 0000:03:00.0: Not sending command - RF KILL
[  592.886975] iwl3945 0000:03:00.0: Error sending C_QOS_PARAM: enqueue_hcmd failed: -5
[  592.886990] iwl3945 0000:03:00.0: Not sending command - RF KILL
[  592.887001] iwl3945 0000:03:00.0: Error sending C_RXON: enqueue_hcmd failed: -5
[  592.887011] iwl3945 0000:03:00.0: Error setting new configuration (-5).
[  592.887023] iwl3945 0000:03:00.0: Not sending command - RF KILL
[  592.887033] iwl3945 0000:03:00.0: Error sending C_RXON_ASSOC: enqueue_hcmd failed: -5
[  592.887061] iwl3945 0000:03:00.0: Not sending command - RF KILL
[  592.887073] iwl3945 0000:03:00.0: Error sending C_RXON_ASSOC: enqueue_hcmd failed: -5
[  592.887094] iwl3945 0000:03:00.0: Not sending command - RF KILL
[  592.887106] iwl3945 0000:03:00.0: Error sending C_RXON: enqueue_hcmd failed: -5
[  592.887118] iwl3945 0000:03:00.0: Error setting new configuration (-5).
[  592.887137] iwl3945 0000:03:00.0: Not sending command - RF KILL
[  592.887149] iwl3945 0000:03:00.0: Error sending C_LEDS: enqueue_hcmd failed: -5
[  592.887186] iwl3945 0000:03:00.0: Not sending command - RF KILL
[  592.887199] iwl3945 0000:03:00.0: Error sending C_RXON: enqueue_hcmd failed: -5
[  592.887210] iwl3945 0000:03:00.0: Error setting new configuration (-5).
[  592.892299] usb 5-1: USB disconnect, device number 10
[  592.894414] iwl3945 0000:03:00.0: Not sending command - RF KILL
[  592.894427] iwl3945 0000:03:00.0: Error sending C_RXON: enqueue_hcmd failed: -5
[  592.894437] iwl3945 0000:03:00.0: Error setting new configuration (-5).
[  592.899348] iwl3945 0000:03:00.0: Master Disable Timed Out, 100 usec
[  594.160089] usb 5-1: new full-speed USB device number 11 using uhci_hcd
[  594.354154] usb 5-1: New USB device found, idVendor=0a5c, idProduct=2110
[  594.354173] usb 5-1: New USB device strings: Mfr=1, Product=2, SerialNumber=0
[  594.354186] usb 5-1: Product: BCM2045B
[  594.354199] usb 5-1: Manufacturer: Broadcom Corp
[  597.540829] wlan0: authenticate with 00:00:00:00:00:01
[  597.540994] wlan0: send auth to 00:00:00:00:00:01 (try 1/3)
[  597.542751] wlan0: authenticated
[  597.544107] wlan0: associate with 00:00:00:00:00:01 (try 1/3)
[  597.546872] wlan0: RX AssocResp from 00:00:00:00:00:01 (capab=0x401 status=0 aid=1)
[  597.548581] wlan0: associated
[ 1193.932787] perf: interrupt took too long (2505 > 2500), lowering kernel.perf_event_max_sample_rate to 79750
[ 2051.413418] perf: interrupt took too long (3136 > 3131), lowering kernel.perf_event_max_sample_rate to 63750
[ 2426.899585] wlan0: authenticate with 00:00:00:00:00:01
[ 2426.899779] wlan0: send auth to 00:00:00:00:00:01 (try 1/3)
[ 2426.908833] wlan0: authenticated
[ 2426.912396] wlan0: associate with 00:00:00:00:00:01 (try 1/3)
[ 2426.915179] wlan0: RX AssocResp from 00:00:00:00:00:01 (capab=0x401 status=0 aid=1)
[ 2426.917231] wlan0: associated
[ 3006.327998] wlan0: deauthenticating from 00:00:00:00:00:01 by local choice (Reason: 3=DEAUTH_LEAVING)
[ 3006.881779] PM: suspend entry (deep)
[ 3006.881790] PM: Syncing filesystems ... done.
[ 3007.184192] Freezing user space processes ... (elapsed 0.032 seconds) done.
[ 3007.216823] OOM killer disabled.
[ 3007.216836] Freezing remaining freezable tasks ... (elapsed 0.003 seconds) done.
[ 3007.220483] Suspending console(s) (use no_console_suspend to debug)
[ 3007.245140] e1000e: EEE TX LPI TIMER: 00000000
[ 3007.260324] sd 0:0:0:0: [sda] Synchronizing SCSI cache
[ 3007.261944] sd 0:0:0:0: [sda] Stopping disk
[ 3007.590947] PM: suspend devices took 0.368 seconds
[ 3007.744562] ACPI: Preparing to enter system sleep state S3
[ 3008.088211] ACPI: EC: event blocked
[ 3008.088216] ACPI: EC: EC stopped
[ 3008.088222] PM: Saving platform NVS memory
[ 3008.088539] Disabling non-boot CPUs ...
[ 3008.106124] IRQ 17: no longer affine to CPU1
[ 3008.107160] smpboot: CPU 1 is now offline
[ 3008.109244] ACPI: Low-level resume complete
[ 3008.109244] ACPI: EC: EC started
[ 3008.109244] PM: Restoring platform NVS memory
[ 3008.109948] Enabling non-boot CPUs ...
[ 3008.112480] x86: Booting SMP configuration:
[ 3008.112488] smpboot: Booting Node 0 Processor 1 APIC 0x1
[ 3008.107143] Initializing CPU#1
[ 3008.107143] Disabled fast string operations
[ 3008.160970]  cache: parent cpu1 should not be sleeping
[ 3008.192640] CPU1 is up
[ 3008.195064] ACPI: Waking up from system sleep state S3
[ 3009.063093] usb usb5: root hub lost power or was reset
[ 3009.063404] sdhci-pci 0000:15:00.2: Will use DMA mode even though HW doesn't fully claim to support it.
[ 3009.063419] sdhci-pci 0000:15:00.2: Will use DMA mode even though HW doesn't fully claim to support it.
[ 3009.064245] ACPI: button: The lid device is not compliant to SW_LID.
[ 3009.064366] ACPI: EC: event unblocked
[ 3009.065149] ata6: port disabled--ignoring
[ 3009.072450] usb usb2: root hub lost power or was reset
[ 3009.074536] usb usb3: root hub lost power or was reset
[ 3009.075149] usb usb4: root hub lost power or was reset
[ 3009.075401] sd 0:0:0:0: [sda] Starting disk
[ 3009.384088] ata1: SATA link up 1.5 Gbps (SStatus 113 SControl 300)
[ 3009.385447] ata1.00: ACPI cmd ef/02:00:00:00:00:a0 (SET FEATURES) succeeded
[ 3009.385456] ata1.00: ACPI cmd f5/00:00:00:00:00:a0 (SECURITY FREEZE LOCK) filtered out
[ 3009.385464] ata1.00: ACPI cmd ef/10:03:00:00:00:a0 (SET FEATURES) filtered out
[ 3009.387467] ata1.00: ACPI cmd ef/02:00:00:00:00:a0 (SET FEATURES) succeeded
[ 3009.387476] ata1.00: ACPI cmd f5/00:00:00:00:00:a0 (SECURITY FREEZE LOCK) filtered out
[ 3009.387484] ata1.00: ACPI cmd ef/10:03:00:00:00:a0 (SET FEATURES) filtered out
[ 3009.388040] ata1.00: configured for UDMA/133
[ 3009.424239] usb 5-2: reset full-speed USB device number 3 using uhci_hcd
[ 3009.708175] usb 5-1: reset full-speed USB device number 11 using uhci_hcd
[ 3012.437573] thinkpad_acpi: ACPI backlight control delay disabled
[ 3012.455797] PM: resume devices took 3.392 seconds
[ 3012.456607] OOM killer enabled.
[ 3012.456621] Restarting tasks ... done.
[ 3012.475477] video LNXVIDEO:00: Restoring backlight state
[ 3012.510861] PM: suspend exit
[ 3012.556269] sdhci-pci 0000:15:00.2: Will use DMA mode even though HW doesn't fully claim to support it.
[ 3012.602641] e1000e: eth1 NIC Link is Down
[ 3012.611090] sdhci-pci 0000:15:00.2: Will use DMA mode even though HW doesn't fully claim to support it.
[ 3012.680715] sdhci-pci 0000:15:00.2: Will use DMA mode even though HW doesn't fully claim to support it.
[ 3012.792456] sdhci-pci 0000:15:00.2: Will use DMA mode even though HW doesn't fully claim to support it.
[ 3015.042685] wlan0: authenticate with 00:00:00:00:00:01
[ 3015.042816] wlan0: send auth to 00:00:00:00:00:01 (try 1/3)
[ 3015.044578] wlan0: authenticated
[ 3015.048546] wlan0: associate with 00:00:00:00:00:01 (try 1/3)
[ 3015.051337] wlan0: RX AssocResp from 00:00:00:00:00:01 (capab=0x401 status=0 aid=1)
[ 3015.053025] wlan0: associated
[ 4130.425520] wlan0: deauthenticating from 00:00:00:00:00:01 by local choice (Reason: 3=DEAUTH_LEAVING)
[ 4131.087833] PM: suspend entry (deep)
[ 4131.087853] PM: Syncing filesystems ... done.
[ 4131.167980] Freezing user space processes ... (elapsed 0.012 seconds) done.
[ 4131.180500] OOM killer disabled.
[ 4131.180509] Freezing remaining freezable tasks ... (elapsed 0.003 seconds) done.
[ 4131.184496] Suspending console(s) (use no_console_suspend to debug)
[ 4131.207430] e1000e: EEE TX LPI TIMER: 00000000
[ 4131.222354] sd 0:0:0:0: [sda] Synchronizing SCSI cache
[ 4131.224000] sd 0:0:0:0: [sda] Stopping disk
[ 4131.548959] PM: suspend devices took 0.364 seconds
[ 4131.704583] ACPI: Preparing to enter system sleep state S3
[ 4132.048215] ACPI: EC: event blocked
[ 4132.048221] ACPI: EC: EC stopped
[ 4132.048227] PM: Saving platform NVS memory
[ 4132.048543] Disabling non-boot CPUs ...
[ 4132.066329] smpboot: CPU 1 is now offline
[ 4132.067467] ACPI: Low-level resume complete
[ 4132.067467] ACPI: EC: EC started
[ 4132.067467] PM: Restoring platform NVS memory
[ 4132.067918] Enabling non-boot CPUs ...
[ 4132.070455] x86: Booting SMP configuration:
[ 4132.070463] smpboot: Booting Node 0 Processor 1 APIC 0x1
[ 4132.066314] Initializing CPU#1
[ 4132.066314] Disabled fast string operations
[ 4132.120572]  cache: parent cpu1 should not be sleeping
[ 4132.152621] CPU1 is up
[ 4132.155010] ACPI: Waking up from system sleep state S3
[ 4132.941832] ACPI: EC: event unblocked
[ 4132.943793] usb usb5: root hub lost power or was reset
[ 4132.944384] sdhci-pci 0000:15:00.2: Will use DMA mode even though HW doesn't fully claim to support it.
[ 4132.944400] sdhci-pci 0000:15:00.2: Will use DMA mode even though HW doesn't fully claim to support it.
[ 4132.948460] usb usb2: root hub lost power or was reset
[ 4132.949146] usb usb3: root hub lost power or was reset
[ 4132.950853] usb usb4: root hub lost power or was reset
[ 4132.951459] sd 0:0:0:0: [sda] Starting disk
[ 4132.954526] ata6: port disabled--ignoring
[ 4133.260130] ata1: SATA link up 1.5 Gbps (SStatus 113 SControl 300)
[ 4133.261464] ata1.00: ACPI cmd ef/02:00:00:00:00:a0 (SET FEATURES) succeeded
[ 4133.261473] ata1.00: ACPI cmd f5/00:00:00:00:00:a0 (SECURITY FREEZE LOCK) filtered out
[ 4133.261481] ata1.00: ACPI cmd ef/10:03:00:00:00:a0 (SET FEATURES) filtered out
[ 4133.263342] ata1.00: ACPI cmd ef/02:00:00:00:00:a0 (SET FEATURES) succeeded
[ 4133.263351] ata1.00: ACPI cmd f5/00:00:00:00:00:a0 (SECURITY FREEZE LOCK) filtered out
[ 4133.263359] ata1.00: ACPI cmd ef/10:03:00:00:00:a0 (SET FEATURES) filtered out
[ 4133.263853] ata1.00: configured for UDMA/133
[ 4133.304200] usb 5-1: reset full-speed USB device number 11 using uhci_hcd
[ 4133.592204] usb 5-2: reset full-speed USB device number 3 using uhci_hcd
[ 4136.417407] thinkpad_acpi: ACPI backlight control delay disabled
[ 4136.435374] PM: resume devices took 3.492 seconds
[ 4136.436900] OOM killer enabled.
[ 4136.436913] Restarting tasks ... done.
[ 4136.448829] video LNXVIDEO:00: Restoring backlight state
[ 4136.483563] PM: suspend exit
[ 4136.528347] sdhci-pci 0000:15:00.2: Will use DMA mode even though HW doesn't fully claim to support it.
[ 4136.570032] e1000e: eth1 NIC Link is Down
[ 4136.581253] sdhci-pci 0000:15:00.2: Will use DMA mode even though HW doesn't fully claim to support it.
[ 4136.637213] sdhci-pci 0000:15:00.2: Will use DMA mode even though HW doesn't fully claim to support it.
[ 4136.722196] sdhci-pci 0000:15:00.2: Will use DMA mode even though HW doesn't fully claim to support it.
[ 4139.007976] wlan0: authenticate with 00:00:00:00:00:01
[ 4139.008221] wlan0: send auth to 00:00:00:00:00:01 (try 1/3)
[ 4139.010057] wlan0: authenticated
[ 4139.016353] wlan0: associate with 00:00:00:00:00:01 (try 1/3)
[ 4139.019141] wlan0: RX AssocResp from 00:00:00:00:00:01 (capab=0x401 status=0 aid=1)
[ 4139.020773] wlan0: associated
[11353.218677] e1000e: eth1 NIC Link is Up 100 Mbps Full Duplex, Flow Control: None
[11353.218869] e1000e 0000:02:00.0 eth1: 10/100 speed: disabling TSO
[11365.822577] wlan0: deauthenticating from 00:00:00:00:00:01 by local choice (Reason: 3=DEAUTH_LEAVING)
[14632.663275] PM: suspend entry (deep)
[14632.663290] PM: Syncing filesystems ... done.
[14632.707616] Freezing user space processes ... (elapsed 0.008 seconds) done.
[14632.716657] OOM killer disabled.
[14632.716666] Freezing remaining freezable tasks ... (elapsed 0.003 seconds) done.
[14632.720506] Suspending console(s) (use no_console_suspend to debug)
[14632.743817] e1000e: EEE TX LPI TIMER: 00000000
[14632.756243] sd 0:0:0:0: [sda] Synchronizing SCSI cache
[14632.757967] sd 0:0:0:0: [sda] Stopping disk
[14633.092944] PM: suspend devices took 0.372 seconds
[14633.248563] ACPI: Preparing to enter system sleep state S3
[14633.592212] ACPI: EC: event blocked
[14633.592218] ACPI: EC: EC stopped
[14633.592224] PM: Saving platform NVS memory
[14633.592540] Disabling non-boot CPUs ...
[14633.610362] smpboot: CPU 1 is now offline
[14633.611224] ACPI: Low-level resume complete
[14633.611224] ACPI: EC: EC started
[14633.611224] PM: Restoring platform NVS memory
[14633.611657] Enabling non-boot CPUs ...
[14633.614172] x86: Booting SMP configuration:
[14633.614181] smpboot: Booting Node 0 Processor 1 APIC 0x1
[14633.610347] Initializing CPU#1
[14633.610347] Disabled fast string operations
[14633.660573]  cache: parent cpu1 should not be sleeping
[14633.692722] CPU1 is up
[14633.695136] ACPI: Waking up from system sleep state S3
[14634.478391] ACPI: EC: event unblocked
[14634.479735] usb usb5: root hub lost power or was reset
[14634.480084] sdhci-pci 0000:15:00.2: Will use DMA mode even though HW doesn't fully claim to support it.
[14634.480100] sdhci-pci 0000:15:00.2: Will use DMA mode even though HW doesn't fully claim to support it.
[14634.481089] ata6: port disabled--ignoring
[14634.488946] usb usb2: root hub lost power or was reset
[14634.489581] usb usb3: root hub lost power or was reset
[14634.489883] usb usb4: root hub lost power or was reset
[14634.490037] sd 0:0:0:0: [sda] Starting disk
[14634.800086] ata1: SATA link up 1.5 Gbps (SStatus 113 SControl 300)
[14634.801415] ata1.00: ACPI cmd ef/02:00:00:00:00:a0 (SET FEATURES) succeeded
[14634.801424] ata1.00: ACPI cmd f5/00:00:00:00:00:a0 (SECURITY FREEZE LOCK) filtered out
[14634.801432] ata1.00: ACPI cmd ef/10:03:00:00:00:a0 (SET FEATURES) filtered out
[14634.803217] ata1.00: ACPI cmd ef/02:00:00:00:00:a0 (SET FEATURES) succeeded
[14634.803226] ata1.00: ACPI cmd f5/00:00:00:00:00:a0 (SECURITY FREEZE LOCK) filtered out
[14634.803233] ata1.00: ACPI cmd ef/10:03:00:00:00:a0 (SET FEATURES) filtered out
[14634.803706] ata1.00: configured for UDMA/133
[14634.840219] usb 5-2: reset full-speed USB device number 3 using uhci_hcd
[14635.128168] usb 5-1: reset full-speed USB device number 11 using uhci_hcd
[14638.028849] thinkpad_acpi: ACPI backlight control delay disabled
[14638.048261] PM: resume devices took 3.572 seconds
[14638.050007] OOM killer enabled.
[14638.050014] Restarting tasks ... done.
[14638.078790] video LNXVIDEO:00: Restoring backlight state
[14638.114611] PM: suspend exit
[14638.160284] sdhci-pci 0000:15:00.2: Will use DMA mode even though HW doesn't fully claim to support it.
[14638.209227] sdhci-pci 0000:15:00.2: Will use DMA mode even though HW doesn't fully claim to support it.
[14638.226059] e1000e: eth1 NIC Link is Down
[14638.279951] sdhci-pci 0000:15:00.2: Will use DMA mode even though HW doesn't fully claim to support it.
[14638.341611] sdhci-pci 0000:15:00.2: Will use DMA mode even though HW doesn't fully claim to support it.
[14640.738173] wlan0: authenticate with 00:00:00:00:00:01
[14640.738299] wlan0: send auth to 00:00:00:00:00:01 (try 1/3)
[14640.740171] wlan0: authenticated
[14640.744148] wlan0: associate with 00:00:00:00:00:01 (try 1/3)
[14640.746944] wlan0: RX AssocResp from 00:00:00:00:00:01 (capab=0x401 status=0 aid=6)
[14640.748580] wlan0: associated
[16843.872704] wlan0: authenticate with 00:00:00:00:00:01
[16843.872891] wlan0: send auth to 00:00:00:00:00:01 (try 1/3)
[16843.876388] wlan0: authenticated
[16843.880542] wlan0: associate with 00:00:00:00:00:01 (try 1/3)
[16843.883362] wlan0: RX AssocResp from 00:00:00:00:00:01 (capab=0x401 status=0 aid=6)
[16843.887183] wlan0: associated
[18947.862330] wlan0: authenticate with 00:00:00:00:00:01
[18947.865172] wlan0: send auth to 00:00:00:00:00:01 (try 1/3)
[18947.881162] wlan0: authenticated
[18947.884356] wlan0: associate with 00:00:00:00:00:01 (try 1/3)
[18947.899561] wlan0: RX AssocResp from 00:00:00:00:00:01 (capab=0x401 status=0 aid=6)
[18947.901628] wlan0: associated
[18988.910795] wlan0: authenticate with 00:00:00:00:00:01
[18988.913792] wlan0: send auth to 00:00:00:00:00:01 (try 1/3)
[18989.116096] wlan0: send auth to 00:00:00:00:00:01 (try 2/3)
[18989.320085] wlan0: send auth to 00:00:00:00:00:01 (try 3/3)
[18989.524130] wlan0: authentication with 00:00:00:00:00:01 timed out
[18999.377611] wlan0: authenticate with 00:00:00:00:00:01
[18999.377813] wlan0: send auth to 00:00:00:00:00:01 (try 1/3)
[18999.379587] wlan0: authenticated
[18999.384126] wlan0: associate with 00:00:00:00:00:01 (try 1/3)
[18999.390097] wlan0: RX AssocResp from 00:00:00:00:00:01 (capab=0x401 status=0 aid=6)
[18999.393919] wlan0: associated
[19017.882856] wlan0: authenticate with 00:00:00:00:00:01
[19017.886466] wlan0: send auth to 00:00:00:00:00:01 (try 1/3)
[19018.088300] wlan0: send auth to 00:00:00:00:00:01 (try 2/3)
[19018.292156] wlan0: send auth to 00:00:00:00:00:01 (try 3/3)
[19018.496164] wlan0: authentication with 00:00:00:00:00:01 timed out
[19033.604745] wlan0: authenticate with 00:00:00:00:00:01
[19033.604906] wlan0: send auth to 00:00:00:00:00:01 (try 1/3)
[19033.620357] wlan0: authenticated
[19033.624197] wlan0: associate with 00:00:00:00:00:01 (try 1/3)
[19033.631062] wlan0: RX AssocResp from 00:00:00:00:00:01 (capab=0x401 status=0 aid=6)
[19033.634916] wlan0: associated
[19507.859205] wlan0: authenticate with 00:00:00:00:00:01
[19507.859444] wlan0: send auth to 00:00:00:00:00:01 (try 1/3)
[19508.060131] wlan0: send auth to 00:00:00:00:00:01 (try 2/3)
[19508.264119] wlan0: send auth to 00:00:00:00:00:01 (try 3/3)
[19508.468099] wlan0: authentication with 00:00:00:00:00:01 timed out
[19533.797671] wlan0: authenticate with 00:00:00:00:00:01
[19533.804177] wlan0: send auth to 00:00:00:00:00:01 (try 1/3)
[19533.805934] wlan0: authenticated
[19533.812078] wlan0: associate with 00:00:00:00:00:01 (try 1/3)
[19534.016130] wlan0: associate with 00:00:00:00:00:01 (try 2/3)
[19534.224149] wlan0: associate with 00:00:00:00:00:01 (try 3/3)
[19534.428110] wlan0: association with 00:00:00:00:00:01 timed out
[19537.617718] wlan0: authenticate with 00:00:00:00:00:01
[19537.617917] wlan0: send auth to 00:00:00:00:00:01 (try 1/3)
[19537.650952] wlan0: authenticated
[19537.652076] wlan0: associate with 00:00:00:00:00:01 (try 1/3)
[19537.658445] wlan0: RX AssocResp from 00:00:00:00:00:01 (capab=0x401 status=0 aid=6)
[19537.660335] wlan0: associated
[19573.862388] wlan0: authenticate with 00:00:00:00:00:01
[19573.864415] wlan0: send auth to 00:00:00:00:00:01 (try 1/3)
[19574.068191] wlan0: send auth to 00:00:00:00:00:01 (try 2/3)
[19574.272154] wlan0: send auth to 00:00:00:00:00:01 (try 3/3)
[19574.476105] wlan0: authentication with 00:00:00:00:00:01 timed out
[19577.162797] wlan0: authenticate with 00:00:00:00:00:01
[19577.164506] wlan0: send auth to 00:00:00:00:00:01 (try 1/3)
[19577.164584] wlan0: authenticated
[19577.168385] wlan0: associate with 00:00:00:00:00:01 (try 1/3)
[19577.305174] wlan0: RX AssocResp from 00:00:00:00:00:01 (capab=0x401 status=0 aid=6)
[19577.306965] wlan0: associated
[20546.250563] wlan0: authenticate with 00:00:00:00:00:01
[20546.250692] wlan0: send auth to 00:00:00:00:00:01 (try 1/3)
[20546.257240] wlan0: authenticated
[20546.260348] wlan0: associate with 00:00:00:00:00:01 (try 1/3)
[20546.266952] wlan0: RX AssocResp from 00:00:00:00:00:01 (capab=0x401 status=0 aid=6)
[20546.269777] wlan0: associated
[21680.288205] wlan0: deauthenticating from 00:00:00:00:00:01 by local choice (Reason: 3=DEAUTH_LEAVING)
[21680.775881] PM: suspend entry (deep)
[21680.775894] PM: Syncing filesystems ... done.
[21680.811895] Freezing user space processes ... (elapsed 0.008 seconds) done.
[21680.820556] OOM killer disabled.
[21680.820566] Freezing remaining freezable tasks ... (elapsed 0.003 seconds) done.
[21680.824560] Suspending console(s) (use no_console_suspend to debug)
[21680.847466] e1000e: EEE TX LPI TIMER: 00000000
[21680.862426] sd 0:0:0:0: [sda] Synchronizing SCSI cache
[21680.864171] sd 0:0:0:0: [sda] Stopping disk
[21681.196506] PM: suspend devices took 0.372 seconds
[21681.348567] ACPI: Preparing to enter system sleep state S3
[21681.692214] ACPI: EC: event blocked
[21681.692219] ACPI: EC: EC stopped
[21681.692225] PM: Saving platform NVS memory
[21681.692535] Disabling non-boot CPUs ...
[21681.710337] smpboot: CPU 1 is now offline
[21681.712192] ACPI: Low-level resume complete
[21681.712192] ACPI: EC: EC started
[21681.712192] PM: Restoring platform NVS memory
[21681.712380] Enabling non-boot CPUs ...
[21681.714878] x86: Booting SMP configuration:
[21681.714887] smpboot: Booting Node 0 Processor 1 APIC 0x1
[21681.710320] Initializing CPU#1
[21681.710320] Disabled fast string operations
[21681.764576]  cache: parent cpu1 should not be sleeping
[21681.796621] CPU1 is up
[21681.799020] ACPI: Waking up from system sleep state S3
[21682.581929] ACPI: EC: event unblocked
[21682.583471] usb usb5: root hub lost power or was reset
[21682.584391] sdhci-pci 0000:15:00.2: Will use DMA mode even though HW doesn't fully claim to support it.
[21682.584409] sdhci-pci 0000:15:00.2: Will use DMA mode even though HW doesn't fully claim to support it.
[21682.589022] usb usb2: root hub lost power or was reset
[21682.589313] usb usb3: root hub lost power or was reset
[21682.589626] usb usb4: root hub lost power or was reset
[21682.593177] sd 0:0:0:0: [sda] Starting disk
[21682.593527] ata6: port disabled--ignoring
[21682.904124] ata1: SATA link up 1.5 Gbps (SStatus 113 SControl 300)
[21682.905463] ata1.00: ACPI cmd ef/02:00:00:00:00:a0 (SET FEATURES) succeeded
[21682.905472] ata1.00: ACPI cmd f5/00:00:00:00:00:a0 (SECURITY FREEZE LOCK) filtered out
[21682.905480] ata1.00: ACPI cmd ef/10:03:00:00:00:a0 (SET FEATURES) filtered out
[21682.907357] ata1.00: ACPI cmd ef/02:00:00:00:00:a0 (SET FEATURES) succeeded
[21682.907366] ata1.00: ACPI cmd f5/00:00:00:00:00:a0 (SECURITY FREEZE LOCK) filtered out
[21682.907373] ata1.00: ACPI cmd ef/10:03:00:00:00:a0 (SET FEATURES) filtered out
[21682.907864] ata1.00: configured for UDMA/133
[21682.944205] usb 5-2: reset full-speed USB device number 3 using uhci_hcd
[21683.228208] usb 5-1: reset full-speed USB device number 11 using uhci_hcd
[21686.152898] thinkpad_acpi: ACPI backlight control delay disabled
[21686.170339] PM: resume devices took 3.588 seconds
[21686.170782] OOM killer enabled.
[21686.170790] Restarting tasks ... done.
[21686.186314] video LNXVIDEO:00: Restoring backlight state
[21686.225882] PM: suspend exit
[21686.274850] sdhci-pci 0000:15:00.2: Will use DMA mode even though HW doesn't fully claim to support it.
[21686.317927] e1000e: eth1 NIC Link is Down
[21686.323302] sdhci-pci 0000:15:00.2: Will use DMA mode even though HW doesn't fully claim to support it.
[21686.607279] sdhci-pci 0000:15:00.2: Will use DMA mode even though HW doesn't fully claim to support it.
[21686.731745] sdhci-pci 0000:15:00.2: Will use DMA mode even though HW doesn't fully claim to support it.
[21688.934592] wlan0: authenticate with 00:00:00:00:00:01
[21688.934728] wlan0: send auth to 00:00:00:00:00:01 (try 1/3)
[21688.936491] wlan0: authenticated
[21688.940247] wlan0: associate with 00:00:00:00:00:01 (try 1/3)
[21688.943039] wlan0: RX AssocResp from 00:00:00:00:00:01 (capab=0x401 status=0 aid=4)
[21688.944742] wlan0: associated
