[    0.000000] Linux version 4.19.0-rc5-next-20180928 (pavel@amd) (gcc version 4.9.2 (Debian 4.9.2-10+deb8u1)) #160 SMP Sun Sep 30 23:44:50 CEST 2018
[    0.000000] Disabled fast string operations
[    0.000000] x86/fpu: x87 FPU will use FXSAVE
[    0.000000] BIOS-provided physical RAM map:
[    0.000000] BIOS-e820: [mem 0x0000000000000000-0x000000000009efff] usable
[    0.000000] BIOS-e820: [mem 0x000000000009f000-0x000000000009ffff] reserved
[    0.000000] BIOS-e820: [mem 0x00000000000dc000-0x00000000000fffff] reserved
[    0.000000] BIOS-e820: [mem 0x0000000000100000-0x00000000bf6cffff] usable
[    0.000000] BIOS-e820: [mem 0x00000000bf6d0000-0x00000000bf6defff] ACPI data
[    0.000000] BIOS-e820: [mem 0x00000000bf6df000-0x00000000bf6fffff] ACPI NVS
[    0.000000] BIOS-e820: [mem 0x00000000bf700000-0x00000000bfffffff] reserved
[    0.000000] BIOS-e820: [mem 0x00000000f0000000-0x00000000f3ffffff] reserved
[    0.000000] BIOS-e820: [mem 0x00000000fec00000-0x00000000fec0ffff] reserved
[    0.000000] BIOS-e820: [mem 0x00000000fed00000-0x00000000fed003ff] reserved
[    0.000000] BIOS-e820: [mem 0x00000000fed14000-0x00000000fed19fff] reserved
[    0.000000] BIOS-e820: [mem 0x00000000fed1c000-0x00000000fed8ffff] reserved
[    0.000000] BIOS-e820: [mem 0x00000000fee00000-0x00000000fee00fff] reserved
[    0.000000] BIOS-e820: [mem 0x00000000ff800000-0x00000000ffffffff] reserved
[    0.000000] NX (Execute Disable) protection: active
[    0.000000] SMBIOS 2.4 present.
[    0.000000] DMI: LENOVO 17097HU/17097HU, BIOS 7BETD8WW (2.19 ) 03/31/2011
[    0.000000] tsc: Fast TSC calibration using PIT
[    0.000000] tsc: Detected 1828.797 MHz processor
[    0.014176] e820: update [mem 0x00000000-0x00000fff] usable ==> reserved
[    0.014189] e820: remove [mem 0x000a0000-0x000fffff] usable
[    0.014204] last_pfn = 0xbf6d0 max_arch_pfn = 0x1000000
[    0.014217] MTRR default type: uncachable
[    0.014220] MTRR fixed ranges enabled:
[    0.014224]   00000-9FFFF write-back
[    0.014227]   A0000-BFFFF uncachable
[    0.014230]   C0000-CFFFF write-protect
[    0.014233]   D0000-DBFFF uncachable
[    0.014236]   DC000-DFFFF write-back
[    0.014240]   E0000-FFFFF write-protect
[    0.014242] MTRR variable ranges enabled:
[    0.014246]   0 base 000000000 mask F80000000 write-back
[    0.014249]   1 base 080000000 mask FC0000000 write-back
[    0.014252]   2 base 0BF700000 mask FFFF00000 uncachable
[    0.014256]   3 base 0BF800000 mask FFF800000 uncachable
[    0.014258]   4 disabled
[    0.014261]   5 disabled
[    0.014263]   6 disabled
[    0.014265]   7 disabled
[    0.015348] x86/PAT: PAT not supported by CPU.
[    0.016585] x86/PAT: Configuration [0-7]: WB  WT  UC- UC  WB  WT  UC- UC  
[    0.016610] initial memory mapped: [mem 0x00000000-0x05dfffff]
[    0.016617] Base memory trampoline at [(ptrval)] 9b000 size 16384
[    0.016699] BRK [0x05861000, 0x05861fff] PGTABLE
[    0.016717] BRK [0x05862000, 0x05862fff] PGTABLE
[    0.016729] ACPI: Early table checksum verification disabled
[    0.016911] ACPI: RSDP 0x00000000000F67C0 000024 (v02 LENOVO)
[    0.016923] ACPI: XSDT 0x00000000BF6D191C 000084 (v01 LENOVO TP-7B    00002190  LTP 00000000)
[    0.016938] ACPI: FACP 0x00000000BF6D1A00 0000F4 (v03 LENOVO TP-7B    00002190 LNVO 00000001)
[    0.016953] ACPI BIOS Warning (bug): 32/64X length mismatch in FADT/Gpe0Block: 64/32 (20180810/tbfadt-569)
[    0.016963] ACPI BIOS Warning (bug): Optional FADT field Gpe1Block has valid Address but zero Length: 0x000000000000102C/0x0 (20180810/tbfadt-624)
[    0.016976] ACPI: DSDT 0x00000000BF6D1D90 00CFB9 (v01 LENOVO TP-7B    00002190 MSFT 0100000E)
[    0.016989] ACPI: FACS 0x00000000BF6F4000 000040
[    0.016999] ACPI: FACS 0x00000000BF6F4000 000040
[    0.017010] ACPI: SSDT 0x00000000BF6D1BB4 0001DC (v01 LENOVO TP-7B    00002190 MSFT 0100000E)
[    0.017022] ACPI: ECDT 0x00000000BF6DED49 000052 (v01 LENOVO TP-7B    00002190 LNVO 00000001)
[    0.017034] ACPI: TCPA 0x00000000BF6DED9B 000032 (v02 LENOVO TP-7B    00002190 LNVO 00000001)
[    0.017046] ACPI: APIC 0x00000000BF6DEDCD 000068 (v01 LENOVO TP-7B    00002190 LNVO 00000001)
[    0.017058] ACPI: MCFG 0x00000000BF6DEE35 00003C (v01 LENOVO TP-7B    00002190 LNVO 00000001)
[    0.017070] ACPI: HPET 0x00000000BF6DEE71 000038 (v01 LENOVO TP-7B    00002190 LNVO 00000001)
[    0.017082] ACPI: BOOT 0x00000000BF6DEFD8 000028 (v01 LENOVO TP-7B    00002190  LTP 00000001)
[    0.017094] ACPI: SSDT 0x00000000BF6F2645 00025F (v01 LENOVO TP-7B    00002190 INTL 20050513)
[    0.017106] ACPI: SSDT 0x00000000BF6F28A4 0000A6 (v01 LENOVO TP-7B    00002190 INTL 20050513)
[    0.017118] ACPI: SSDT 0x00000000BF6F294A 0004F7 (v01 LENOVO TP-7B    00002190 INTL 20050513)
[    0.017130] ACPI: SSDT 0x00000000BF6F2E41 0001D8 (v01 LENOVO TP-7B    00002190 INTL 20050513)
[    0.017154] ACPI: Local APIC address 0xfee00000
[    0.017161] 2176MB HIGHMEM available.
[    0.017166] 885MB LOWMEM available.
[    0.017170]   mapped low ram: 0 - 375fe000
[    0.017174]   low ram: 0 - 375fe000
[    0.017185] BRK [0x05863000, 0x05863fff] PGTABLE
[    0.017191] Zone ranges:
[    0.017195]   DMA      [mem 0x0000000000001000-0x0000000000ffffff]
[    0.017201]   Normal   [mem 0x0000000001000000-0x00000000375fdfff]
[    0.017208]   HighMem  [mem 0x00000000375fe000-0x00000000bf6cffff]
[    0.017215] Movable zone start for each node
[    0.017219] Early memory node ranges
[    0.017223]   node   0: [mem 0x0000000000001000-0x000000000009efff]
[    0.017228]   node   0: [mem 0x0000000000100000-0x00000000bf6cffff]
[    0.017233] Initmem setup node 0 [mem 0x0000000000001000-0x00000000bf6cffff]
[    0.017238] On node 0 totalpages: 783982
[    0.028611]   DMA zone: 32 pages used for memmap
[    0.028614]   DMA zone: 0 pages reserved
[    0.028617]   DMA zone: 3998 pages, LIFO batch:0
[    0.028728]   Normal zone: 1740 pages used for memmap
[    0.028730]   Normal zone: 222718 pages, LIFO batch:63
[    0.034417]   HighMem zone: 557266 pages, LIFO batch:63
[    0.048661] Using APIC driver default
[    0.048677] Reserving Intel graphics memory at [mem 0xbf800000-0xbfffffff]
[    0.049160] ACPI: PM-Timer IO Port: 0x1008
[    0.049166] ACPI: Local APIC address 0xfee00000
[    0.049179] ACPI: LAPIC_NMI (acpi_id[0x00] high edge lint[0x1])
[    0.049184] ACPI: LAPIC_NMI (acpi_id[0x01] high edge lint[0x1])
[    0.049214] IOAPIC[0]: apic_id 1, version 32, address 0xfec00000, GSI 0-23
[    0.049222] ACPI: INT_SRC_OVR (bus 0 bus_irq 0 global_irq 2 dfl dfl)
[    0.049228] ACPI: INT_SRC_OVR (bus 0 bus_irq 9 global_irq 9 high level)
[    0.049234] ACPI: IRQ0 used by override.
[    0.049238] ACPI: IRQ9 used by override.
[    0.049245] Using ACPI (MADT) for SMP configuration information
[    0.049250] ACPI: HPET id: 0x8086a201 base: 0xfed00000
[    0.049264] smpboot: Allowing 2 CPUs, 0 hotplug CPUs
[    0.049305] PM: Registered nosave memory: [mem 0x00000000-0x00000fff]
[    0.049312] PM: Registered nosave memory: [mem 0x0009f000-0x0009ffff]
[    0.049316] PM: Registered nosave memory: [mem 0x000a0000-0x000dbfff]
[    0.049321] PM: Registered nosave memory: [mem 0x000dc000-0x000fffff]
[    0.049330] [mem 0xc0000000-0xefffffff] available for PCI devices
[    0.049337] clocksource: refined-jiffies: mask: 0xffffffff max_cycles: 0xffffffff, max_idle_ns: 7645519600211568 ns
[    0.049365] random: get_random_bytes called from start_kernel+0x74/0x351 with crng_init=0
[    0.049379] setup_percpu: NR_CPUS:8 nr_cpumask_bits:8 nr_cpu_ids:2 nr_node_ids:1
[    0.049582] percpu: Embedded 29 pages/cpu @(ptrval) s86376 r0 d32408 u118784
[    0.049596] pcpu-alloc: s86376 r0 d32408 u118784 alloc=29*4096
[    0.049601] pcpu-alloc: [0] 0 [0] 1 
[    0.049641] Built 1 zonelists, mobility grouping on.  Total pages: 782210
[    0.049652] Kernel command line: BOOT_IMAGE=(hd0,2)/fast/l/linux-next-32/arch/x86/boot/bzImage root=/dev/sda4 resume=/dev/sda1
[    0.050071] Dentry cache hash table entries: 131072 (order: 7, 524288 bytes)
[    0.050191] Inode-cache hash table entries: 65536 (order: 6, 262144 bytes)
[    0.050217] Initializing CPU#0
[    0.050231] Initializing HighMem for node 0 (000375fe:000bf6d0)
[    0.391542] Initializing Movable for node 0 (00000000:00000000)
[    0.475427] Memory: 3085344K/3135928K available (12303K kernel code, 706K rwdata, 4796K rodata, 608K init, 6148K bss, 50584K reserved, 0K cma-reserved, 2229064K highmem)
[    0.475440] virtual kernel memory layout:
    fixmap  : 0xffe70000 - 0xfffff000   (1596 kB)
  cpu_entry : 0xffa00000 - 0xffb31000   (1220 kB)
    pkmap   : 0xff600000 - 0xff800000   (2048 kB)
    vmalloc : 0xf7dfe000 - 0xff5fe000   ( 120 MB)
    lowmem  : 0xc0000000 - 0xf75fe000   ( 885 MB)
      .init : 0xc518d000 - 0xc5225000   ( 608 kB)
      .data : 0xc4c03d7c - 0xc516a940   (5530 kB)
      .text : 0xc4000000 - 0xc4c03d7c   (12303 kB)
[    0.475446] Checking if this processor honours the WP bit even in supervisor mode...Ok.
[    0.475893] Kernel/User page tables isolation: enabled
[    0.476173] rcu: Hierarchical RCU implementation.
[    0.476178] rcu: 	RCU restricting CPUs from NR_CPUS=8 to nr_cpu_ids=2.
[    0.476184] rcu: RCU calculated value of scheduler-enlistment delay is 25 jiffies.
[    0.476188] rcu: Adjusting geometry for rcu_fanout_leaf=16, nr_cpu_ids=2
[    0.476234] NR_IRQS: 2304, nr_irqs: 56, preallocated irqs: 16
[    0.476526] CPU 0 irqstacks, hard=(ptrval) soft=(ptrval)
[    0.479163] Console: colour VGA+ 80x25
[    0.487457] console [tty0] enabled
[    0.487527] Lock dependency validator: Copyright (c) 2006 Red Hat, Inc., Ingo Molnar
[    0.487618] ... MAX_LOCKDEP_SUBCLASSES:  8
[    0.487691] ... MAX_LOCK_DEPTH:          48
[    0.487764] ... MAX_LOCKDEP_KEYS:        8191
[    0.487839] ... CLASSHASH_SIZE:          4096
[    0.487913] ... MAX_LOCKDEP_ENTRIES:     32768
[    0.487988] ... MAX_LOCKDEP_CHAINS:      65536
[    0.488063] ... CHAINHASH_SIZE:          32768
[    0.488137]  memory used by lock dependency info: 4383 kB
[    0.488217]  per task-struct memory footprint: 1344 bytes
[    0.488949] ACPI: Core revision 20180810
[    0.489516] clocksource: hpet: mask: 0xffffffff max_cycles: 0xffffffff, max_idle_ns: 133484882848 ns
[    0.489649] hpet clockevent registered
[    0.489662] APIC: Switch to symmetric I/O mode setup
[    0.489740] Enabling APIC mode:  Flat.  Using 1 I/O APICs
[    0.490381] ..TIMER: vector=0x30 apic1=0 pin1=2 apic2=-1 pin2=-1
[    0.509658] clocksource: tsc-early: mask: 0xffffffffffffffff max_cycles: 0x1a5c6d2f11e, max_idle_ns: 440795287727 ns
[    0.509784] Calibrating delay loop (skipped), value calculated using timer frequency.. 3657.59 BogoMIPS (lpj=7315188)
[    0.509909] pid_max: default: 32768 minimum: 301
[    0.510255] Mount-cache hash table entries: 2048 (order: 1, 8192 bytes)
[    0.510349] Mountpoint-cache hash table entries: 2048 (order: 1, 8192 bytes)
[    0.511038] *** VALIDATE proc ***
[    0.511212] *** VALIDATE cgroup1 ***
[    0.511287] *** VALIDATE cgroup2 ***
[    0.511372] Disabled fast string operations
[    0.511459] process: using mwait in idle threads
[    0.511545] Last level iTLB entries: 4KB 128, 2MB 0, 4MB 2
[    0.511627] Last level dTLB entries: 4KB 128, 2MB 0, 4MB 8, 1GB 0
[    0.511715] Spectre V2 : Mitigation: Full generic retpoline
[    0.511798] Spectre V2 : Spectre v2 / SpectreRSB mitigation: Filling RSB on context switch
[    0.511894] L1TF: System has more than MAX_PA/2 memory. L1TF mitigation not effective.
[    0.511988] L1TF: You may make it effective by booting the kernel with mem=2147483648 parameter.
[    0.512098] L1TF: However, doing so will make a part of your RAM unusable.
[    0.512187] L1TF: Reading https://www.kernel.org/doc/html/latest/admin-guide/l1tf.html might help you decide.
[    0.512536] Freeing SMP alternatives memory: 44K
[    0.517783] smpboot: CPU0: Genuine Intel(R) CPU           T2400  @ 1.83GHz (family: 0x6, model: 0xe, stepping: 0x8)
[    0.517783] Performance Events: Core events, core PMU driver.
[    0.517783] ... version:                1
[    0.517783] ... bit width:              40
[    0.517783] ... generic registers:      2
[    0.517783] ... value mask:             000000ffffffffff
[    0.517783] ... max period:             000000007fffffff
[    0.517783] ... fixed-purpose events:   0
[    0.517783] ... event mask:             0000000000000003
[    0.517783] rcu: Hierarchical SRCU implementation.
[    0.517783] NMI watchdog: Enabled. Permanently consumes one hw-PMU counter.
[    0.517942] smp: Bringing up secondary CPUs ...
[    0.518993] CPU 1 irqstacks, hard=(ptrval) soft=(ptrval)
[    0.518997] x86: Booting SMP configuration:
[    0.519080] .... node  #0, CPUs:      #1
[    0.017220] Initializing CPU#1
[    0.017220] Disabled fast string operations
[    0.521543] TSC synchronization [CPU#0 -> CPU#1]:
[    0.521783] Measured 580371 cycles TSC warp between CPUs, turning off TSC clock.
[    0.521783] tsc: Marking TSC unstable due to check_tsc_sync_source failed
[    0.522000] smp: Brought up 1 node, 2 CPUs
[    0.522000] smpboot: Max logical packages: 1
[    0.522000] smpboot: Total of 2 processors activated (7315.18 BogoMIPS)
[    0.523632] devtmpfs: initialized
[    0.523632] PM: Registering ACPI NVS region [mem 0xbf6df000-0xbf6fffff] (135168 bytes)
[    0.525993] clocksource: jiffies: mask: 0xffffffff max_cycles: 0xffffffff, max_idle_ns: 7645041785100000 ns
[    0.526010] futex hash table entries: 512 (order: 3, 32768 bytes)
[    0.527037] NET: Registered protocol family 16
[    0.528549] cpuidle: using governor ladder
[    0.528716] cpuidle: using governor menu
[    0.529810] Simple Boot Flag at 0x35 set to 0x1
[    0.529858] ACPI FADT declares the system doesn't support PCIe ASPM, so disable it
[    0.529937] ACPI: bus type PCI registered
[    0.530246] PCI: MMCONFIG for domain 0000 [bus 00-3f] at [mem 0xf0000000-0xf3ffffff] (base 0xf0000000)
[    0.530367] PCI: MMCONFIG at [mem 0xf0000000-0xf3ffffff] reserved in E820
[    0.530456] PCI: Using MMCONFIG for extended config space
[    0.530538] PCI: Using configuration type 1 for base access
[    0.531026] mtrr: your CPUs had inconsistent variable MTRR settings
[    0.531113] mtrr: probably your BIOS does not setup all CPUs.
[    0.531197] mtrr: corrected configuration.
[    0.595775] ACPI: Added _OSI(Module Device)
[    0.595775] ACPI: Added _OSI(Processor Device)
[    0.595775] ACPI: Added _OSI(3.0 _SCP Extensions)
[    0.595775] ACPI: Added _OSI(Processor Aggregator Device)
[    0.595775] ACPI: Added _OSI(Linux-Dell-Video)
[    0.595775] ACPI: Added _OSI(Linux-Lenovo-NV-HDMI-Audio)
[    0.595775] ACPI: EC: EC started
[    0.595775] ACPI: EC: interrupt blocked
[    0.597879] ACPI: \: Used as first EC
[    0.597956] ACPI: \: GPE=0x1c, EC_CMD/EC_SC=0x66, EC_DATA=0x62
[    0.598043] ACPI: \: Used as boot ECDT EC to handle transactions
[    0.663907] ACPI: 6 ACPI AML tables successfully acquired and loaded
[    0.696887] ACPI: Dynamic OEM Table Load:
[    0.696984] ACPI: SSDT 0x00000000F5961C00 000240 (v01 PmRef  Cpu0Ist  00000100 INTL 20050513)
[    0.698867] ACPI: Dynamic OEM Table Load:
[    0.698962] ACPI: SSDT 0x00000000F5B15800 00065A (v01 PmRef  Cpu0Cst  00000100 INTL 20050513)
[    0.702832] ACPI: Dynamic OEM Table Load:
[    0.702928] ACPI: SSDT 0x00000000F53D3C00 0000C8 (v01 PmRef  Cpu1Ist  00000100 INTL 20050513)
[    0.703886] ACPI: Dynamic OEM Table Load:
[    0.703979] ACPI: SSDT 0x00000000F4C1F3C0 000085 (v01 PmRef  Cpu1Cst  00000100 INTL 20050513)
[    0.706059] ACPI: Interpreter enabled
[    0.706226] ACPI: (supports S0 S3 S4 S5)
[    0.706311] ACPI: Using IOAPIC for interrupt routing
[    0.706533] PCI: Using host bridge windows from ACPI; if necessary, use "pci=nocrs" and report a bug
[    0.707650] ACPI: Enabled 4 GPEs in block 00 to 1F
[    0.731662] ACPI: Power Resource [PUBS] (on)
[    0.732856] acpi PNP0C0A:01: ACPI dock station (docks/bays count: 1)
[    0.740804] acpi LNXIOBAY:00: ACPI dock station (docks/bays count: 2)
[    0.755685] acpi IBM0079:00: ACPI dock station (docks/bays count: 3)
[    0.758147] ACPI: PCI Interrupt Link [LNKA] (IRQs 3 4 5 6 7 9 10 *11)
[    0.759014] ACPI: PCI Interrupt Link [LNKB] (IRQs 3 4 5 6 7 9 10 *11)
[    0.759879] ACPI: PCI Interrupt Link [LNKC] (IRQs 3 4 5 6 7 9 10 *11)
[    0.760743] ACPI: PCI Interrupt Link [LNKD] (IRQs 3 4 5 6 7 9 10 *11)
[    0.761607] ACPI: PCI Interrupt Link [LNKE] (IRQs 3 4 5 6 7 9 10 *11)
[    0.762483] ACPI: PCI Interrupt Link [LNKF] (IRQs 3 4 5 6 7 9 10 *11)
[    0.763348] ACPI: PCI Interrupt Link [LNKG] (IRQs 3 4 5 6 7 9 10 *11)
[    0.764212] ACPI: PCI Interrupt Link [LNKH] (IRQs 3 4 5 6 7 9 10 *11)
[    0.764787] ACPI: PCI Root Bridge [PCI0] (domain 0000 [bus 00-ff])
[    0.764889] acpi PNP0A08:00: _OSC: OS supports [ExtendedConfig ASPM ClockPM Segments]
[    0.765947] acpi PNP0A08:00: _OSC: not requesting OS control; OS requires [ExtendedConfig ASPM ClockPM MSI]
[    0.766083] acpi PNP0A08:00: [Firmware Info]: MMCONFIG for domain 0000 [bus 00-3f] only partially covers this bridge
[    0.766483] PCI host bridge to bus 0000:00
[    0.766565] pci_bus 0000:00: root bus resource [io  0x0000-0x0cf7 window]
[    0.766659] pci_bus 0000:00: root bus resource [io  0x0d00-0xffff window]
[    0.766752] pci_bus 0000:00: root bus resource [mem 0x000a0000-0x000bffff window]
[    0.766849] pci_bus 0000:00: root bus resource [mem 0x000d0000-0x000d3fff window]
[    0.766946] pci_bus 0000:00: root bus resource [mem 0x000d4000-0x000d7fff window]
[    0.767043] pci_bus 0000:00: root bus resource [mem 0x000d8000-0x000dbfff window]
[    0.767141] pci_bus 0000:00: root bus resource [mem 0xc0000000-0xfebfffff window]
[    0.767238] pci_bus 0000:00: root bus resource [mem 0xfed40000-0xfed40fff window]
[    0.767336] pci_bus 0000:00: root bus resource [bus 00-ff]
[    0.767453] pci 0000:00:00.0: [8086:27a0] type 00 class 0x060000
[    0.767925] pci 0000:00:02.0: [8086:27a2] type 00 class 0x030000
[    0.767948] pci 0000:00:02.0: reg 0x10: [mem 0xee100000-0xee17ffff]
[    0.767959] pci 0000:00:02.0: reg 0x14: [io  0x1800-0x1807]
[    0.767970] pci 0000:00:02.0: reg 0x18: [mem 0xd0000000-0xdfffffff pref]
[    0.767981] pci 0000:00:02.0: reg 0x1c: [mem 0xee200000-0xee23ffff]
[    0.768449] pci 0000:00:02.1: [8086:27a6] type 00 class 0x038000
[    0.768469] pci 0000:00:02.1: reg 0x10: [mem 0xee180000-0xee1fffff]
[    0.768973] pci 0000:00:1b.0: [8086:27d8] type 00 class 0x040300
[    0.769019] pci 0000:00:1b.0: reg 0x10: [mem 0xee240000-0xee243fff 64bit]
[    0.769182] pci 0000:00:1b.0: PME# supported from D0 D3hot D3cold
[    0.769646] pci 0000:00:1c.0: [8086:27d0] type 01 class 0x060400
[    0.769834] pci 0000:00:1c.0: PME# supported from D0 D3hot D3cold
[    0.770296] pci 0000:00:1c.1: [8086:27d2] type 01 class 0x060400
[    0.770474] pci 0000:00:1c.1: PME# supported from D0 D3hot D3cold
[    0.770924] pci 0000:00:1c.2: [8086:27d4] type 01 class 0x060400
[    0.771101] pci 0000:00:1c.2: PME# supported from D0 D3hot D3cold
[    0.771562] pci 0000:00:1c.3: [8086:27d6] type 01 class 0x060400
[    0.771739] pci 0000:00:1c.3: PME# supported from D0 D3hot D3cold
[    0.772191] pci 0000:00:1d.0: [8086:27c8] type 00 class 0x0c0300
[    0.772270] pci 0000:00:1d.0: reg 0x20: [io  0x1820-0x183f]
[    0.772736] pci 0000:00:1d.1: [8086:27c9] type 00 class 0x0c0300
[    0.772815] pci 0000:00:1d.1: reg 0x20: [io  0x1840-0x185f]
[    0.773275] pci 0000:00:1d.2: [8086:27ca] type 00 class 0x0c0300
[    0.773354] pci 0000:00:1d.2: reg 0x20: [io  0x1860-0x187f]
[    0.773830] pci 0000:00:1d.3: [8086:27cb] type 00 class 0x0c0300
[    0.773909] pci 0000:00:1d.3: reg 0x20: [io  0x1880-0x189f]
[    0.774357] pci 0000:00:1d.7: [8086:27cc] type 00 class 0x0c0320
[    0.774393] pci 0000:00:1d.7: reg 0x10: [mem 0xee444000-0xee4443ff]
[    0.774535] pci 0000:00:1d.7: PME# supported from D0 D3hot D3cold
[    0.774960] pci 0000:00:1e.0: [8086:2448] type 01 class 0x060401
[    0.775495] pci 0000:00:1f.0: [8086:27b9] type 00 class 0x060100
[    0.775655] pci 0000:00:1f.0: quirk: [io  0x1000-0x107f] claimed by ICH6 ACPI/GPIO/TCO
[    0.775761] pci 0000:00:1f.0: quirk: [io  0x1180-0x11bf] claimed by ICH6 GPIO
[    0.775859] pci 0000:00:1f.0: ICH7 LPC Generic IO decode 1 PIO at 1600 (mask 007f)
[    0.775959] pci 0000:00:1f.0: ICH7 LPC Generic IO decode 2 PIO at 15e0 (mask 000f)
[    0.776058] pci 0000:00:1f.0: ICH7 LPC Generic IO decode 3 PIO at 1680 (mask 001f)
[    0.776600] pci 0000:00:1f.1: [8086:27df] type 00 class 0x01018a
[    0.776631] pci 0000:00:1f.1: reg 0x10: [io  0x0000-0x0007]
[    0.776647] pci 0000:00:1f.1: reg 0x14: [io  0x0000-0x0003]
[    0.776664] pci 0000:00:1f.1: reg 0x18: [io  0x0000-0x0007]
[    0.776680] pci 0000:00:1f.1: reg 0x1c: [io  0x0000-0x0003]
[    0.776697] pci 0000:00:1f.1: reg 0x20: [io  0x1810-0x181f]
[    0.776730] pci 0000:00:1f.1: legacy IDE quirk: reg 0x10: [io  0x01f0-0x01f7]
[    0.776826] pci 0000:00:1f.1: legacy IDE quirk: reg 0x14: [io  0x03f6]
[    0.776917] pci 0000:00:1f.1: legacy IDE quirk: reg 0x18: [io  0x0170-0x0177]
[    0.777012] pci 0000:00:1f.1: legacy IDE quirk: reg 0x1c: [io  0x0376]
[    0.777513] pci 0000:00:1f.2: [8086:27c5] type 00 class 0x010601
[    0.777549] pci 0000:00:1f.2: reg 0x10: [io  0x18d0-0x18d7]
[    0.777566] pci 0000:00:1f.2: reg 0x14: [io  0x18c4-0x18c7]
[    0.777582] pci 0000:00:1f.2: reg 0x18: [io  0x18c8-0x18cf]
[    0.777599] pci 0000:00:1f.2: reg 0x1c: [io  0x18c0-0x18c3]
[    0.777615] pci 0000:00:1f.2: reg 0x20: [io  0x18b0-0x18bf]
[    0.777632] pci 0000:00:1f.2: reg 0x24: [mem 0xee444400-0xee4447ff]
[    0.777717] pci 0000:00:1f.2: PME# supported from D3hot
[    0.778160] pci 0000:00:1f.3: [8086:27da] type 00 class 0x0c0500
[    0.778258] pci 0000:00:1f.3: reg 0x20: [io  0x18e0-0x18ff]
[    0.778945] pci 0000:02:00.0: [8086:109a] type 00 class 0x020000
[    0.779011] pci 0000:02:00.0: reg 0x10: [mem 0xee000000-0xee01ffff]
[    0.779059] pci 0000:02:00.0: reg 0x18: [io  0x2000-0x201f]
[    0.779314] pci 0000:02:00.0: PME# supported from D0 D3hot D3cold
[    0.779381] pci 0000:02:00.0: 2.000 Gb/s available PCIe bandwidth, limited by 2.5 GT/s x1 link at 0000:00:1c.0 (capable of 7.876 Gb/s with 8 GT/s x1 link)
[    0.779794] pci 0000:00:1c.0: PCI bridge to [bus 02]
[    0.779884] pci 0000:00:1c.0:   bridge window [io  0x2000-0x2fff]
[    0.779892] pci 0000:00:1c.0:   bridge window [mem 0xee000000-0xee0fffff]
[    0.780158] pci 0000:03:00.0: [8086:4227] type 00 class 0x028000
[    0.780267] pci 0000:03:00.0: reg 0x10: [mem 0xedf00000-0xedf00fff]
[    0.780771] pci 0000:03:00.0: PME# supported from D0 D3hot D3cold
[    0.780869] pci 0000:03:00.0: 2.000 Gb/s available PCIe bandwidth, limited by 2.5 GT/s x1 link at 0000:00:1c.1 (capable of 7.876 Gb/s with 8 GT/s x1 link)
[    0.781267] pci 0000:00:1c.1: PCI bridge to [bus 03]
[    0.781356] pci 0000:00:1c.1:   bridge window [io  0x3000-0x4fff]
[    0.781364] pci 0000:00:1c.1:   bridge window [mem 0xec000000-0xedffffff]
[    0.781376] pci 0000:00:1c.1:   bridge window [mem 0xe4000000-0xe40fffff 64bit pref]
[    0.781524] pci 0000:00:1c.2: PCI bridge to [bus 04-0b]
[    0.781614] pci 0000:00:1c.2:   bridge window [io  0x5000-0x6fff]
[    0.781622] pci 0000:00:1c.2:   bridge window [mem 0xe8000000-0xe9ffffff]
[    0.781633] pci 0000:00:1c.2:   bridge window [mem 0xe4100000-0xe41fffff 64bit pref]
[    0.781796] pci 0000:00:1c.3: PCI bridge to [bus 0c-13]
[    0.781886] pci 0000:00:1c.3:   bridge window [io  0x7000-0x8fff]
[    0.781894] pci 0000:00:1c.3:   bridge window [mem 0xea000000-0xebffffff]
[    0.781905] pci 0000:00:1c.3:   bridge window [mem 0xe4200000-0xe42fffff 64bit pref]
[    0.781946] pci_bus 0000:15: extended config space not accessible
[    0.782151] pci 0000:15:00.0: [1180:0476] type 02 class 0x060700
[    0.782184] pci 0000:15:00.0: reg 0x10: [mem 0xe4300000-0xe4300fff]
[    0.782259] pci 0000:15:00.0: supports D1 D2
[    0.782263] pci 0000:15:00.0: PME# supported from D0 D1 D2 D3hot D3cold
[    0.782526] pci 0000:15:00.1: [1180:0552] type 00 class 0x0c0010
[    0.782555] pci 0000:15:00.1: reg 0x10: [mem 0xe4301000-0xe43017ff]
[    0.782704] pci 0000:15:00.1: PME# supported from D0 D3hot D3cold
[    0.782917] pci 0000:15:00.2: [1180:0822] type 00 class 0x080500
[    0.782947] pci 0000:15:00.2: reg 0x10: [mem 0xe4301800-0xe43018ff]
[    0.783094] pci 0000:15:00.2: supports D1 D2
[    0.783099] pci 0000:15:00.2: PME# supported from D0 D1 D2 D3hot D3cold
[    0.783384] pci 0000:00:1e.0: PCI bridge to [bus 15-18] (subtractive decode)
[    0.783482] pci 0000:00:1e.0:   bridge window [io  0x9000-0xcfff]
[    0.783490] pci 0000:00:1e.0:   bridge window [mem 0xe4300000-0xe7ffffff]
[    0.783502] pci 0000:00:1e.0:   bridge window [mem 0xe0000000-0xe3ffffff 64bit pref]
[    0.783507] pci 0000:00:1e.0:   bridge window [io  0x0000-0x0cf7 window] (subtractive decode)
[    0.783512] pci 0000:00:1e.0:   bridge window [io  0x0d00-0xffff window] (subtractive decode)
[    0.783518] pci 0000:00:1e.0:   bridge window [mem 0x000a0000-0x000bffff window] (subtractive decode)
[    0.783523] pci 0000:00:1e.0:   bridge window [mem 0x000d0000-0x000d3fff window] (subtractive decode)
[    0.783528] pci 0000:00:1e.0:   bridge window [mem 0x000d4000-0x000d7fff window] (subtractive decode)
[    0.783533] pci 0000:00:1e.0:   bridge window [mem 0x000d8000-0x000dbfff window] (subtractive decode)
[    0.783538] pci 0000:00:1e.0:   bridge window [mem 0xc0000000-0xfebfffff window] (subtractive decode)
[    0.783543] pci 0000:00:1e.0:   bridge window [mem 0xfed40000-0xfed40fff window] (subtractive decode)
[    0.783588] pci_bus 0000:16: extended config space not accessible
[    0.783773] pci_bus 0000:16: busn_res: [bus 16-18] end is updated to 17
[    0.783829] pci_bus 0000:00: on NUMA node 0
[    0.790146] ACPI: EC: interrupt unblocked
[    0.790263] ACPI: EC: event unblocked
[    0.790374] ACPI: \_SB_.PCI0.LPC_.EC__: GPE=0x1c, EC_CMD/EC_SC=0x66, EC_DATA=0x62
[    0.790474] ACPI: \_SB_.PCI0.LPC_.EC__: Used as boot DSDT EC to handle transactions and events
[    0.791765] pci 0000:00:02.0: vgaarb: setting as boot VGA device
[    0.791862] pci 0000:00:02.0: vgaarb: VGA device added: decodes=io+mem,owns=io+mem,locks=none
[    0.792003] pci 0000:00:02.0: vgaarb: bridge control possible
[    0.792087] vgaarb: loaded
[    0.792732] SCSI subsystem initialized
[    0.793109] libata version 3.00 loaded.
[    0.793322] ACPI: bus type USB registered
[    0.793537] usbcore: registered new interface driver usbfs
[    0.793683] usbcore: registered new interface driver hub
[    0.793846] usbcore: registered new device driver usb
[    0.794038] media: Linux media interface: v0.10
[    0.794161] videodev: Linux video capture interface: v2.00
[    0.794307] pps_core: LinuxPPS API ver. 1 registered
[    0.794389] pps_core: Software ver. 5.3.6 - Copyright 2005-2007 Rodolfo Giometti <giometti@linux.it>
[    0.794541] PTP clock support registered
[    0.795923] EDAC MC: Ver: 3.0.0
[    0.797494] Advanced Linux Sound Architecture Driver Initialized.
[    0.797726] PCI: Using ACPI for IRQ routing
[    0.800821] PCI: pci_cache_line_size set to 64 bytes
[    0.801155] e820: reserve RAM buffer [mem 0x0009f000-0x0009ffff]
[    0.801163] e820: reserve RAM buffer [mem 0xbf6d0000-0xbfffffff]
[    0.801916] Bluetooth: Core ver 2.22
[    0.802058] NET: Registered protocol family 31
[    0.802137] Bluetooth: HCI device and connection manager initialized
[    0.802239] Bluetooth: HCI socket layer initialized
[    0.802325] Bluetooth: L2CAP socket layer initialized
[    0.802429] Bluetooth: SCO socket layer initialized
[    0.803086] clocksource: Switched to clocksource hpet
[    0.803565] pnp: PnP ACPI init
[    0.805783] system 00:00: [mem 0x00000000-0x0009ffff] could not be reserved
[    0.805783] system 00:00: [mem 0x000c0000-0x000c3fff] could not be reserved
[    0.805783] system 00:00: [mem 0x000c4000-0x000c7fff] could not be reserved
[    0.805864] system 00:00: [mem 0x000c8000-0x000cbfff] has been reserved
[    0.805959] system 00:00: [mem 0x000cc000-0x000cffff] has been reserved
[    0.806054] system 00:00: [mem 0x000dc000-0x000dffff] could not be reserved
[    0.806152] system 00:00: [mem 0x000e0000-0x000e3fff] could not be reserved
[    0.806249] system 00:00: [mem 0x000e4000-0x000e7fff] could not be reserved
[    0.806347] system 00:00: [mem 0x000e8000-0x000ebfff] could not be reserved
[    0.806444] system 00:00: [mem 0x000ec000-0x000effff] could not be reserved
[    0.806541] system 00:00: [mem 0x000f0000-0x000fffff] could not be reserved
[    0.806639] system 00:00: [mem 0x00100000-0xbfffffff] could not be reserved
[    0.806737] system 00:00: [mem 0xfec00000-0xfed3ffff] could not be reserved
[    0.806834] system 00:00: [mem 0xfed41000-0xffffffff] could not be reserved
[    0.806980] system 00:00: Plug and Play ACPI device, IDs PNP0c01 (active)
[    0.807498] system 00:01: [io  0x164e-0x164f] has been reserved
[    0.807592] system 00:01: [io  0x1000-0x107f] has been reserved
[    0.807684] system 00:01: [io  0x1180-0x11bf] has been reserved
[    0.807776] system 00:01: [io  0x0800-0x080f] has been reserved
[    0.807866] system 00:01: [io  0x15e0-0x15ef] has been reserved
[    0.807958] system 00:01: [io  0x1600-0x165f] could not be reserved
[    0.808052] system 00:01: [mem 0xf0000000-0xf3ffffff] has been reserved
[    0.808147] system 00:01: [mem 0xfed1c000-0xfed1ffff] has been reserved
[    0.808241] system 00:01: [mem 0xfed14000-0xfed17fff] has been reserved
[    0.808335] system 00:01: [mem 0xfed18000-0xfed18fff] has been reserved
[    0.808442] system 00:01: [mem 0xfed19000-0xfed19fff] has been reserved
[    0.808571] system 00:01: Plug and Play ACPI device, IDs PNP0c02 (active)
[    0.808891] pnp 00:02: Plug and Play ACPI device, IDs PNP0b00 (active)
[    0.809033] pnp 00:03: Plug and Play ACPI device, IDs PNP0303 (active)
[    0.809181] pnp 00:04: Plug and Play ACPI device, IDs IBM3780 PNP0f13 (active)
[    0.809972] pnp 00:05: [dma 3]
[    0.810193] pnp 00:05: Plug and Play ACPI device, IDs IBM0071 PNP0511 (active)
[    0.810435] pnp 00:06: Plug and Play ACPI device, IDs ATM1200 PNP0c31 (active)
[    0.812866] pnp: PnP ACPI: found 7 devices
[    0.862178] clocksource: acpi_pm: mask: 0xffffff max_cycles: 0xffffff, max_idle_ns: 2085701024 ns
[    0.862326] pci 0000:00:1c.0: bridge window [mem 0x00100000-0x000fffff 64bit pref] to [bus 02] add_size 200000 add_align 100000
[    0.862413] pci 0000:00:1c.0: BAR 9: assigned [mem 0xc0000000-0xc01fffff 64bit pref]
[    0.862513] pci 0000:00:1c.0: PCI bridge to [bus 02]
[    0.862597] pci 0000:00:1c.0:   bridge window [io  0x2000-0x2fff]
[    0.862689] pci 0000:00:1c.0:   bridge window [mem 0xee000000-0xee0fffff]
[    0.862782] pci 0000:00:1c.0:   bridge window [mem 0xc0000000-0xc01fffff 64bit pref]
[    0.862884] pci 0000:00:1c.1: PCI bridge to [bus 03]
[    0.862967] pci 0000:00:1c.1:   bridge window [io  0x3000-0x4fff]
[    0.863058] pci 0000:00:1c.1:   bridge window [mem 0xec000000-0xedffffff]
[    0.863151] pci 0000:00:1c.1:   bridge window [mem 0xe4000000-0xe40fffff 64bit pref]
[    0.863253] pci 0000:00:1c.2: PCI bridge to [bus 04-0b]
[    0.863336] pci 0000:00:1c.2:   bridge window [io  0x5000-0x6fff]
[    0.863428] pci 0000:00:1c.2:   bridge window [mem 0xe8000000-0xe9ffffff]
[    0.863521] pci 0000:00:1c.2:   bridge window [mem 0xe4100000-0xe41fffff 64bit pref]
[    0.863622] pci 0000:00:1c.3: PCI bridge to [bus 0c-13]
[    0.863706] pci 0000:00:1c.3:   bridge window [io  0x7000-0x8fff]
[    0.863798] pci 0000:00:1c.3:   bridge window [mem 0xea000000-0xebffffff]
[    0.863892] pci 0000:00:1c.3:   bridge window [mem 0xe4200000-0xe42fffff 64bit pref]
[    0.864006] pci 0000:15:00.0: BAR 9: assigned [mem 0xe0000000-0xe3ffffff pref]
[    0.864103] pci 0000:15:00.0: BAR 10: assigned [mem 0xc4000000-0xc7ffffff]
[    0.864194] pci 0000:15:00.0: BAR 7: assigned [io  0x9000-0x90ff]
[    0.864281] pci 0000:15:00.0: BAR 8: assigned [io  0x9400-0x94ff]
[    0.864376] pci 0000:15:00.0: CardBus bridge to [bus 16-17]
[    0.864461] pci 0000:15:00.0:   bridge window [io  0x9000-0x90ff]
[    0.864550] pci 0000:15:00.0:   bridge window [io  0x9400-0x94ff]
[    0.864640] pci 0000:15:00.0:   bridge window [mem 0xe0000000-0xe3ffffff pref]
[    0.864736] pci 0000:15:00.0:   bridge window [mem 0xc4000000-0xc7ffffff]
[    0.864829] pci 0000:00:1e.0: PCI bridge to [bus 15-18]
[    0.864913] pci 0000:00:1e.0:   bridge window [io  0x9000-0xcfff]
[    0.865004] pci 0000:00:1e.0:   bridge window [mem 0xe4300000-0xe7ffffff]
[    0.865097] pci 0000:00:1e.0:   bridge window [mem 0xe0000000-0xe3ffffff 64bit pref]
[    0.865200] pci_bus 0000:00: resource 4 [io  0x0000-0x0cf7 window]
[    0.865205] pci_bus 0000:00: resource 5 [io  0x0d00-0xffff window]
[    0.865209] pci_bus 0000:00: resource 6 [mem 0x000a0000-0x000bffff window]
[    0.865213] pci_bus 0000:00: resource 7 [mem 0x000d0000-0x000d3fff window]
[    0.865217] pci_bus 0000:00: resource 8 [mem 0x000d4000-0x000d7fff window]
[    0.865222] pci_bus 0000:00: resource 9 [mem 0x000d8000-0x000dbfff window]
[    0.865226] pci_bus 0000:00: resource 10 [mem 0xc0000000-0xfebfffff window]
[    0.865230] pci_bus 0000:00: resource 11 [mem 0xfed40000-0xfed40fff window]
[    0.865235] pci_bus 0000:02: resource 0 [io  0x2000-0x2fff]
[    0.865239] pci_bus 0000:02: resource 1 [mem 0xee000000-0xee0fffff]
[    0.865243] pci_bus 0000:02: resource 2 [mem 0xc0000000-0xc01fffff 64bit pref]
[    0.865249] pci_bus 0000:03: resource 0 [io  0x3000-0x4fff]
[    0.865253] pci_bus 0000:03: resource 1 [mem 0xec000000-0xedffffff]
[    0.865257] pci_bus 0000:03: resource 2 [mem 0xe4000000-0xe40fffff 64bit pref]
[    0.865261] pci_bus 0000:04: resource 0 [io  0x5000-0x6fff]
[    0.865266] pci_bus 0000:04: resource 1 [mem 0xe8000000-0xe9ffffff]
[    0.865270] pci_bus 0000:04: resource 2 [mem 0xe4100000-0xe41fffff 64bit pref]
[    0.865274] pci_bus 0000:0c: resource 0 [io  0x7000-0x8fff]
[    0.865278] pci_bus 0000:0c: resource 1 [mem 0xea000000-0xebffffff]
[    0.865283] pci_bus 0000:0c: resource 2 [mem 0xe4200000-0xe42fffff 64bit pref]
[    0.865287] pci_bus 0000:15: resource 0 [io  0x9000-0xcfff]
[    0.865291] pci_bus 0000:15: resource 1 [mem 0xe4300000-0xe7ffffff]
[    0.865295] pci_bus 0000:15: resource 2 [mem 0xe0000000-0xe3ffffff 64bit pref]
[    0.865300] pci_bus 0000:15: resource 4 [io  0x0000-0x0cf7 window]
[    0.865304] pci_bus 0000:15: resource 5 [io  0x0d00-0xffff window]
[    0.865308] pci_bus 0000:15: resource 6 [mem 0x000a0000-0x000bffff window]
[    0.865312] pci_bus 0000:15: resource 7 [mem 0x000d0000-0x000d3fff window]
[    0.865316] pci_bus 0000:15: resource 8 [mem 0x000d4000-0x000d7fff window]
[    0.865321] pci_bus 0000:15: resource 9 [mem 0x000d8000-0x000dbfff window]
[    0.865325] pci_bus 0000:15: resource 10 [mem 0xc0000000-0xfebfffff window]
[    0.865329] pci_bus 0000:15: resource 11 [mem 0xfed40000-0xfed40fff window]
[    0.865334] pci_bus 0000:16: resource 0 [io  0x9000-0x90ff]
[    0.865338] pci_bus 0000:16: resource 1 [io  0x9400-0x94ff]
[    0.865342] pci_bus 0000:16: resource 2 [mem 0xe0000000-0xe3ffffff pref]
[    0.865346] pci_bus 0000:16: resource 3 [mem 0xc4000000-0xc7ffffff]
[    0.865831] NET: Registered protocol family 2
[    0.867632] tcp_listen_portaddr_hash hash table entries: 512 (order: 2, 20480 bytes)
[    0.867781] TCP established hash table entries: 8192 (order: 3, 32768 bytes)
[    0.867939] TCP bind hash table entries: 8192 (order: 6, 294912 bytes)
[    0.868525] TCP: Hash tables configured (established 8192 bind 8192)
[    0.868940] UDP hash table entries: 512 (order: 3, 40960 bytes)
[    0.869106] UDP-Lite hash table entries: 512 (order: 3, 40960 bytes)
[    0.869410] NET: Registered protocol family 1
[    0.870674] RPC: Registered named UNIX socket transport module.
[    0.870763] RPC: Registered udp transport module.
[    0.870845] RPC: Registered tcp transport module.
[    0.870926] RPC: Registered tcp NFSv4.1 backchannel transport module.
[    0.871562] pci 0000:00:02.0: Video device with shadowed ROM at [mem 0x000c0000-0x000dffff]
[    0.875832] PCI: CLS mismatch (64 != 32), using 64 bytes
[    0.878697] Initialise system trusted keyrings
[    0.879207] workingset: timestamp_bits=29 max_order=20 bucket_order=0
[    0.881353] Installing knfsd (copyright (C) 1996 okir@monad.swb.de).
[    0.881883] ntfs: driver 2.1.32 [Flags: R/W].
[    0.882197] fuse init (API version 7.27)
[    0.882914] pstore: using deflate compression
[    0.891544] Key type asymmetric registered
[    0.891632] Asymmetric key parser 'x509' registered
[    0.891847] bounce: pool size: 64 pages
[    0.892006] Block layer SCSI generic (bsg) driver version 0.4 loaded (major 249)
[    0.892112] io scheduler noop registered
[    0.892188] io scheduler deadline registered
[    0.892312] io scheduler cfq registered (default)
[    0.892392] io scheduler mq-deadline registered
[    0.892505] io scheduler bfq registered
[    0.895168] intel_idle: does not run on family 6 model 14
[    0.895639] ACPI: Deprecated procfs I/F for AC is loaded, please retry with CONFIG_ACPI_PROCFS_POWER cleared
[    0.895930] ACPI: AC Adapter [AC] (on-line)
[    0.896344] input: Lid Switch as /devices/LNXSYSTM:00/LNXSYBUS:00/PNP0C0D:00/input/input0
[    0.896620] ACPI: Lid Switch [LID]
[    0.896913] input: Sleep Button as /devices/LNXSYSTM:00/LNXSYBUS:00/PNP0C0E:00/input/input1
[    0.897084] ACPI: Sleep Button [SLPB]
[    0.897414] input: Power Button as /devices/LNXSYSTM:00/LNXPWRBN:00/input/input2
[    0.897567] ACPI: Power Button [PWRF]
[    0.898150] ACPI: Video Device [VID] (multi-head: yes  rom: no  post: no)
[    0.905841] acpi device:01: registered as cooling_device0
[    0.906329] input: Video Bus as /devices/LNXSYSTM:00/LNXSYBUS:00/PNP0A08:00/LNXVIDEO:00/input/input3
[    0.923785] thermal LNXTHERM:00: registered as thermal_zone0
[    0.923877] ACPI: Thermal Zone [THM0] (70 C)
[    0.927759] thermal LNXTHERM:01: registered as thermal_zone1
[    0.927847] ACPI: Thermal Zone [THM1] (69 C)
[    0.928606] Serial: 8250/16550 driver, 4 ports, IRQ sharing disabled
[    0.929518] serial8250: ttyS1 at I/O 0x2f8 (irq = 3, base_baud = 921600) is a NS16550A
[    0.932424] lp: driver loaded but no devices found
[    0.932898] Non-volatile memory driver v1.3
[    0.933873] intel_rng: FWH not detected
[    0.934025] Linux agpgart interface v0.103
[    0.934888] [drm] radeon kernel modesetting enabled.
[    0.936199] pci 0000:00:00.0: Intel 945GM Chipset
[    0.936322] pci 0000:00:00.0: detected gtt size: 262144K total, 262144K mappable
[    0.936991] pci 0000:00:00.0: detected 8192K stolen memory
[    0.937193] [drm] Replacing VGA console driver
[    0.938560] Console: switching to colour dummy device 80x25
[    0.940113] [drm] Supports vblank timestamp caching Rev 2 (21.10.2013).
[    0.940152] [drm] Driver supports precise vblank timestamp query.
[    0.940199] resource sanity check: requesting [mem 0x000c0000-0x000dffff], which spans more than pnp 00:00 [mem 0x000c8000-0x000cbfff]
[    0.940272] caller pci_map_rom+0x67/0x1d0 mapping multiple BARs
[    0.942046] i915 0000:00:02.0: vgaarb: changed VGA decodes: olddecodes=io+mem,decodes=io+mem:owns=io+mem
[    0.962365] battery: ACPI: Deprecated procfs I/F for battery is loaded, please retry with CONFIG_ACPI_PROCFS_POWER cleared
[    0.962449] battery: ACPI: Battery Slot [BAT0] (battery present)
[    1.001859] random: fast init done
[    1.025898] [drm] RC6 disabled, disabling runtime PM support
[    1.026125] [drm] Initialized overlay support.
[    1.027840] [drm] Initialized i915 1.6.0 20180921 for 0000:00:02.0 on minor 0
[    1.028958] usbcore: registered new interface driver udl
[    1.042309] loop: module loaded
[    1.052469] fbcon: inteldrmfb (fb0) is primary device
[    1.066857] ahci 0000:00:1f.2: version 3.0
[    1.067640] ahci 0000:00:1f.2: AHCI 0001.0100 32 slots 4 ports 1.5 Gbps 0x1 impl SATA mode
[    1.067646] ahci 0000:00:1f.2: flags: 64bit ncq pm led clo pio slum part 
[    1.070226] scsi host0: ahci
[    1.070805] scsi host1: ahci
[    1.071319] scsi host2: ahci
[    1.071800] scsi host3: ahci
[    1.072046] ata1: SATA max UDMA/133 abar m1024@0xee444400 port 0xee444500 irq 16
[    1.072048] ata2: DUMMY
[    1.072050] ata3: DUMMY
[    1.072052] ata4: DUMMY
[    1.072232] ata_piix 0000:00:1f.1: version 2.13
[    1.075355] scsi host4: ata_piix
[    1.076475] scsi host5: ata_piix
[    1.076680] ata5: PATA max UDMA/100 cmd 0x1f0 ctl 0x3f6 bmdma 0x1810 irq 14
[    1.076683] ata6: PATA max UDMA/100 cmd 0x170 ctl 0x376 bmdma 0x1818 irq 15
[    1.076982] ata6: port disabled--ignoring
[    1.078075] tun: Universal TUN/TAP device driver, 1.6
[    1.078842] e1000: Intel(R) PRO/1000 Network Driver - version 7.3.21-k8-NAPI
[    1.078844] e1000: Copyright (c) 1999-2006 Intel Corporation.
[    1.078924] e1000e: Intel(R) PRO/1000 Network Driver - 3.2.6-k
[    1.078926] e1000e: Copyright(c) 1999 - 2015 Intel Corporation.
[    1.079047] e1000e 0000:02:00.0: Disabling ASPM  L1
[    1.079508] e1000e 0000:02:00.0: Interrupt Throttling Rate (ints/sec) set to dynamic conservative mode
[    1.218745] e1000e 0000:02:00.0 eth0: (PCI Express:2.5GT/s:Width x1) 00:16:d3:25:19:04
[    1.218749] e1000e 0000:02:00.0 eth0: Intel(R) PRO/1000 Network Connection
[    1.218829] e1000e 0000:02:00.0 eth0: MAC: 2, PHY: 2, PBA No: 005302-003
[    1.219116] PPP generic driver version 2.4.2
[    1.219360] PPP BSD Compression module registered
[    1.219362] PPP Deflate Compression module registered
[    1.219366] SLIP: version 0.8.4-NET3.019-NEWTTY (dynamic channels, max=256).
[    1.219368] CSLIP: code copyright 1989 Regents of the University of California.
[    1.219459] iwl3945: Intel(R) PRO/Wireless 3945ABG/BG Network Connection driver for Linux, in-tree:ds
[    1.219460] iwl3945: Copyright(c) 2003-2011 Intel Corporation
[    1.219462] iwl3945: hw_scan is disabled
[    1.274491] iwl3945 0000:03:00.0: Tunable channels: 11 802.11bg, 13 802.11a channels
[    1.274495] iwl3945 0000:03:00.0: Detected Intel Wireless WiFi Link 3945ABG
[    1.275414] ieee80211 phy0: Selected rate control algorithm 'iwl-3945-rs'
[    1.276396] Intel(R) Wireless WiFi driver for Linux
[    1.276398] Copyright(c) 2003- 2015 Intel Corporation
[    1.276638] usbcore: registered new interface driver ax88179_178a
[    1.276689] usbcore: registered new interface driver cdc_ether
[    1.276733] usbcore: registered new interface driver net1080
[    1.276776] usbcore: registered new interface driver cdc_subset
[    1.276823] usbcore: registered new interface driver zaurus
[    1.276882] usbcore: registered new interface driver cdc_ncm
[    1.276977] pci 0000:00:1e.0: enabling device (0005 -> 0007)
[    1.277215] yenta_cardbus 0000:15:00.0: CardBus bridge found [17aa:201c]
[    1.393342] ata1: SATA link up 1.5 Gbps (SStatus 113 SControl 300)
[    1.501582] ata1.00: ACPI cmd ef/02:00:00:00:00:a0 (SET FEATURES) succeeded
[    1.501587] ata1.00: ACPI cmd f5/00:00:00:00:00:a0 (SECURITY FREEZE LOCK) filtered out
[    1.501591] ata1.00: ACPI cmd ef/10:03:00:00:00:a0 (SET FEATURES) filtered out
[    1.545650] ata1.00: ATA-9: ST1000LM014-1EJ164, SM11, max UDMA/133
[    1.545653] ata1.00: 1953525168 sectors, multi 16: LBA48 NCQ (depth 32), AA
[    1.590315] ata1.00: ACPI cmd ef/02:00:00:00:00:a0 (SET FEATURES) succeeded
[    1.590320] ata1.00: ACPI cmd f5/00:00:00:00:00:a0 (SECURITY FREEZE LOCK) filtered out
[    1.590324] ata1.00: ACPI cmd ef/10:03:00:00:00:a0 (SET FEATURES) filtered out
[    1.634411] ata1.00: configured for UDMA/133
[    1.789103] Console: switching to colour frame buffer device 102x42
[    1.911698] i915 0000:00:02.0: fb0: inteldrmfb frame buffer device
[    1.914802] scsi 0:0:0:0: Direct-Access     ATA      ST1000LM014-1EJ1 SM11 PQ: 0 ANSI: 5
[    1.918680] sd 0:0:0:0: [sda] 1953525168 512-byte logical blocks: (1.00 TB/932 GiB)
[    1.918737] sd 0:0:0:0: Attached scsi generic sg0 type 0
[    1.921283] sd 0:0:0:0: [sda] 4096-byte physical blocks
[    1.926441] sd 0:0:0:0: [sda] Write Protect is off
[    1.928896] sd 0:0:0:0: [sda] Mode Sense: 00 3a 00 00
[    1.929051] sd 0:0:0:0: [sda] Write cache: enabled, read cache: enabled, doesn't support DPO or FUA
[    1.933694]  sda: sda1 sda2 sda3 sda4
[    1.939199] sd 0:0:0:0: [sda] Attached SCSI disk
[    2.078720] yenta_cardbus 0000:15:00.0: ISA IRQ mask 0x0cb8, PCI irq 16
[    2.081323] yenta_cardbus 0000:15:00.0: Socket status: 30000006
[    2.083924] yenta_cardbus 0000:15:00.0: pcmcia: parent PCI bridge window: [io  0x9000-0xcfff]
[    2.086536] yenta_cardbus 0000:15:00.0: pcmcia: parent PCI bridge window: [mem 0xe4300000-0xe7ffffff]
[    2.089061] pcmcia_socket pcmcia_socket0: cs: memory probe 0xe4300000-0xe7ffffff:
[    2.091579]  excluding 0xe4300000-0xe46cffff
[    2.094143] yenta_cardbus 0000:15:00.0: pcmcia: parent PCI bridge window: [mem 0xe0000000-0xe3ffffff 64bit pref]
[    2.096779] pcmcia_socket pcmcia_socket0: cs: memory probe 0xe0000000-0xe3ffffff:
[    2.099495]  excluding 0xe0000000-0xe3ffffff
[    2.103217] ehci_hcd: USB 2.0 'Enhanced' Host Controller (EHCI) Driver
[    2.105903] ehci-pci: EHCI PCI platform driver
[    2.109059] ehci-pci 0000:00:1d.7: EHCI Host Controller
[    2.112059] ehci-pci 0000:00:1d.7: new USB bus registered, assigned bus number 1
[    2.114902] ehci-pci 0000:00:1d.7: debug port 1
[    2.121647] ehci-pci 0000:00:1d.7: cache line size of 64 is not supported
[    2.121707] ehci-pci 0000:00:1d.7: irq 19, io mem 0xee444000
[    2.137914] ehci-pci 0000:00:1d.7: USB 2.0 started, EHCI 1.00
[    2.141296] usb usb1: New USB device found, idVendor=1d6b, idProduct=0002, bcdDevice= 4.19
[    2.144277] usb usb1: New USB device strings: Mfr=3, Product=2, SerialNumber=1
[    2.147209] usb usb1: Product: EHCI Host Controller
[    2.150088] usb usb1: Manufacturer: Linux 4.19.0-rc5-next-20180928 ehci_hcd
[    2.152962] usb usb1: SerialNumber: 0000:00:1d.7
[    2.156561] hub 1-0:1.0: USB hub found
[    2.159510] hub 1-0:1.0: 8 ports detected
[    2.164341] ohci_hcd: USB 1.1 'Open' Host Controller (OHCI) Driver
[    2.167135] ohci-pci: OHCI PCI platform driver
[    2.169962] uhci_hcd: USB Universal Host Controller Interface driver
[    2.173232] uhci_hcd 0000:00:1d.0: UHCI Host Controller
[    2.176270] uhci_hcd 0000:00:1d.0: new USB bus registered, assigned bus number 2
[    2.179094] uhci_hcd 0000:00:1d.0: detected 2 ports
[    2.181837] uhci_hcd 0000:00:1d.0: irq 16, io base 0x00001820
[    2.184986] usb usb2: New USB device found, idVendor=1d6b, idProduct=0001, bcdDevice= 4.19
[    2.187746] usb usb2: New USB device strings: Mfr=3, Product=2, SerialNumber=1
[    2.190534] usb usb2: Product: UHCI Host Controller
[    2.193265] usb usb2: Manufacturer: Linux 4.19.0-rc5-next-20180928 uhci_hcd
[    2.196027] usb usb2: SerialNumber: 0000:00:1d.0
[    2.199313] hub 2-0:1.0: USB hub found
[    2.202082] hub 2-0:1.0: 2 ports detected
[    2.205828] uhci_hcd 0000:00:1d.1: UHCI Host Controller
[    2.208697] uhci_hcd 0000:00:1d.1: new USB bus registered, assigned bus number 3
[    2.211378] uhci_hcd 0000:00:1d.1: detected 2 ports
[    2.214043] uhci_hcd 0000:00:1d.1: irq 17, io base 0x00001840
[    2.217047] usb usb3: New USB device found, idVendor=1d6b, idProduct=0001, bcdDevice= 4.19
[    2.219711] usb usb3: New USB device strings: Mfr=3, Product=2, SerialNumber=1
[    2.222289] usb usb3: Product: UHCI Host Controller
[    2.224719] usb usb3: Manufacturer: Linux 4.19.0-rc5-next-20180928 uhci_hcd
[    2.227181] usb usb3: SerialNumber: 0000:00:1d.1
[    2.230229] hub 3-0:1.0: USB hub found
[    2.232688] hub 3-0:1.0: 2 ports detected
[    2.236261] uhci_hcd 0000:00:1d.2: UHCI Host Controller
[    2.238898] uhci_hcd 0000:00:1d.2: new USB bus registered, assigned bus number 4
[    2.241296] uhci_hcd 0000:00:1d.2: detected 2 ports
[    2.243744] uhci_hcd 0000:00:1d.2: irq 18, io base 0x00001860
[    2.246599] usb usb4: New USB device found, idVendor=1d6b, idProduct=0001, bcdDevice= 4.19
[    2.249039] usb usb4: New USB device strings: Mfr=3, Product=2, SerialNumber=1
[    2.251482] usb usb4: Product: UHCI Host Controller
[    2.253888] usb usb4: Manufacturer: Linux 4.19.0-rc5-next-20180928 uhci_hcd
[    2.256290] usb usb4: SerialNumber: 0000:00:1d.2
[    2.259313] hub 4-0:1.0: USB hub found
[    2.261774] hub 4-0:1.0: 2 ports detected
[    2.265340] uhci_hcd 0000:00:1d.3: UHCI Host Controller
[    2.268024] uhci_hcd 0000:00:1d.3: new USB bus registered, assigned bus number 5
[    2.270446] uhci_hcd 0000:00:1d.3: detected 2 ports
[    2.272828] uhci_hcd 0000:00:1d.3: irq 19, io base 0x00001880
[    2.275624] usb usb5: New USB device found, idVendor=1d6b, idProduct=0001, bcdDevice= 4.19
[    2.278080] usb usb5: New USB device strings: Mfr=3, Product=2, SerialNumber=1
[    2.280475] usb usb5: Product: UHCI Host Controller
[    2.282901] usb usb5: Manufacturer: Linux 4.19.0-rc5-next-20180928 uhci_hcd
[    2.285295] usb usb5: SerialNumber: 0000:00:1d.3
[    2.288271] hub 5-0:1.0: USB hub found
[    2.290715] hub 5-0:1.0: 2 ports detected
[    2.293993] usbcore: registered new interface driver cdc_acm
[    2.296256] cdc_acm: USB Abstract Control Model driver for USB modems and ISDN adapters
[    2.298687] usbcore: registered new interface driver usblp
[    2.301152] usbcore: registered new interface driver usb-storage
[    2.303565] usbcore: registered new interface driver ums-sddr09
[    2.306032] usbcore: registered new interface driver usbserial_generic
[    2.308368] usbserial: USB Serial support registered for generic
[    2.310755] usbcore: registered new interface driver ch341
[    2.313048] usbserial: USB Serial support registered for ch341-uart
[    2.315438] usbcore: registered new interface driver ftdi_sio
[    2.317734] usbserial: USB Serial support registered for FTDI USB Serial Device
[    2.320177] usbcore: registered new interface driver option
[    2.322521] usbserial: USB Serial support registered for GSM modem (1-port)
[    2.325009] usbcore: registered new interface driver pl2303
[    2.327440] usbserial: USB Serial support registered for pl2303
[    2.329918] usbcore: registered new interface driver ti_usb_3410_5052
[    2.332367] usbserial: USB Serial support registered for TI USB 3410 1 port adapter
[    2.334888] usbserial: USB Serial support registered for TI USB 5052 2 port adapter
[    2.337330] ftdi_elan: driver ftdi-elan
[    2.339771] usbcore: registered new interface driver ftdi-elan
[    2.342366] i8042: PNP: PS/2 Controller [PNP0303:KBD,PNP0f13:MOU] at 0x60,0x64 irq 1,12
[    2.354850] serio: i8042 KBD port at 0x60,0x64 irq 1
[    2.357313] serio: i8042 AUX port at 0x60,0x64 irq 12
[    2.360548] mousedev: PS/2 mouse device common for all mice
[    2.364157] input: PC Speaker as /devices/platform/pcspkr/input/input4
[    2.367338] rtc_cmos 00:02: RTC can wake from S4
[    2.370428] rtc_cmos 00:02: registered as rtc0
[    2.373009] rtc_cmos 00:02: alarms up to one month, y3k, 114 bytes nvram, hpet irqs
[    2.375713] usbcore: registered new interface driver uvcvideo
[    2.378244] USB Video Class driver (1.1.1)
[    2.380675] gspca_main: v2.14.0 registered
[    2.383152] usbcore: registered new interface driver sq930x
[    2.386817] device-mapper: ioctl: 4.39.0-ioctl (2018-04-03) initialised: dm-devel@redhat.com
[    2.389337] Bluetooth: HCI UART driver ver 2.3
[    2.389887] input: AT Translated Set 2 keyboard as /devices/platform/i8042/serio0/input/input5
[    2.391831] Bluetooth: HCI UART protocol H4 registered
[    2.397143] Bluetooth: HCI UART protocol BCSP registered
[    2.399869] usbcore: registered new interface driver btusb
[    2.402618] sdhci: Secure Digital Host Controller Interface driver
[    2.405173] sdhci: Copyright(c) Pierre Ossman
[    2.407821] sdhci-pci 0000:15:00.2: SDHCI controller found [1180:0822] (rev 18)
[    2.410880] sdhci-pci 0000:15:00.2: Will use DMA mode even though HW doesn't fully claim to support it.
[    2.414200] mmc0 bounce up to 128 segments into one, max segment size 65536 bytes
[    2.417039] sdhci-pci 0000:15:00.2: Will use DMA mode even though HW doesn't fully claim to support it.
[    2.420452] mmc0: SDHCI controller on PCI [0000:15:00.2] using DMA
[    2.423609] hidraw: raw HID events driver (C) Jiri Kosina
[    2.427905] usbcore: registered new interface driver usbhid
[    2.430810] usbhid: USB HID core driver
[    2.433844] sdhci-pci 0000:15:00.2: Will use DMA mode even though HW doesn't fully claim to support it.
[    2.434506] thinkpad_acpi: ThinkPad ACPI Extras v0.26
[    2.439781] thinkpad_acpi: http://ibm-acpi.sf.net/
[    2.442671] thinkpad_acpi: ThinkPad BIOS 7BETD8WW (2.19 ), EC 7BHT40WW-1.13
[    2.445572] thinkpad_acpi: Lenovo ThinkPad X60, model 17097HU
[    2.454198] thinkpad_acpi: ACPI backlight control delay disabled
[    2.457775] thinkpad_acpi: radio switch found; radios are enabled
[    2.460712] thinkpad_acpi: This ThinkPad has standard ACPI backlight brightness control, supported by the ACPI video driver
[    2.466624] thinkpad_acpi: Disabling thinkpad-acpi brightness events by default...
[    2.481308] thinkpad_acpi: rfkill switch tpacpi_bluetooth_sw: radio is unblocked
[    2.487626] thinkpad_acpi: warning: userspace override of important firmware LEDs is enabled
[    2.495958] thinkpad_acpi: Standard ACPI backlight interface available, not loading native one
[    2.499362] thinkpad_acpi: volume: disabled as there is no ALSA support in this kernel
[    2.503017] thinkpad_acpi: battery 1 registered (start 0, stop 0)
[    2.503028] battery: new extension: ThinkPad Battery Extension
[    2.509506] input: ThinkPad Extra Buttons as /devices/platform/thinkpad_acpi/input/input8
[    2.513495] gnss: GNSS driver registered with major 245
[    2.522009] snd_hda_intel 0000:00:1b.0: probe_mask set to 0x1 for device 17aa:2010
[    2.525517] usbcore: registered new interface driver snd-usb-audio
[    2.531012] NET: Registered protocol family 17
[    2.534353] Bluetooth: RFCOMM TTY layer initialized
[    2.537511] Bluetooth: RFCOMM socket layer initialized
[    2.540649] Bluetooth: RFCOMM ver 1.11
[    2.543661] Bluetooth: BNEP (Ethernet Emulation) ver 1.3
[    2.546708] Bluetooth: BNEP filters: protocol multicast
[    2.549705] Bluetooth: BNEP socket layer initialized
[    2.552686] Bluetooth: HIDP (Human Interface Emulation) ver 1.2
[    2.555671] Bluetooth: HIDP socket layer initialized
[    2.557389] snd_hda_codec_analog hdaudioC0D0: autoconfig for AD1981: line_outs=1 (0x5/0x0/0x0/0x0/0x0) type:speaker
[    2.558972] microcode: sig=0x6e8, pf=0x20, revision=0x39
[    2.564664] snd_hda_codec_analog hdaudioC0D0:    speaker_outs=0 (0x0/0x0/0x0/0x0/0x0)
[    2.570623] snd_hda_codec_analog hdaudioC0D0:    hp_outs=0 (0x0/0x0/0x0/0x0/0x0)
[    2.571130] microcode: Microcode Update Driver: v2.2.
[    2.573584] snd_hda_codec_analog hdaudioC0D0:    mono: mono_out=0x0
[    2.573587] Using IPI No-Shortcut mode
[    2.576553] snd_hda_codec_analog hdaudioC0D0:    inputs:
[    2.580481] Loading compiled-in X.509 certificates
[    2.582360] snd_hda_codec_analog hdaudioC0D0:      Mic=0x8
[    2.586422] Key type encrypted registered
[    2.587981] snd_hda_codec_analog hdaudioC0D0:      CD=0x19
[    2.591677] rtc_cmos 00:02: setting system clock to 2018-10-01 12:31:32 UTC (1538397092)
[    2.602939] cfg80211: Loading compiled-in X.509 certificates for regulatory database
[    2.609289] cfg80211: Loaded X.509 cert 'sforshee: 00b28ddf47aef9cea7'
[    2.612821] PM: Image not found (code -22)
[    2.612841] ALSA device list:
[    2.612890] platform regulatory.0: Direct firmware load for regulatory.db failed with error -2
[    2.615556]   #0: HDA Intel at 0xee240000 irq 17
[    2.621273] cfg80211: failed to load regulatory.db
[    2.737906] usb 4-1: new full-speed USB device number 2 using uhci_hcd
[    2.938626] usb 4-1: New USB device found, idVendor=0a12, idProduct=0001, bcdDevice=88.91
[    2.943650] usb 4-1: New USB device strings: Mfr=0, Product=2, SerialNumber=0
[    2.948614] usb 4-1: Product: CSR8510 A10
[    3.060415] psmouse serio1: trackpoint: IBM TrackPoint firmware: 0x0e, buttons: 3/3
[    3.081663] input: TPPS/2 IBM TrackPoint as /devices/platform/i8042/serio1/input/input7
[    3.092064] md: Waiting for all devices to be available before autodetect
[    3.096970] md: If you don't use raid, use raid=noautodetect
[    3.103160] md: Autodetecting RAID arrays.
[    3.105946] md: autorun ...
[    3.108659] md: ... autorun DONE.
[    3.195325] EXT4-fs (sda4): mounted filesystem with ordered data mode. Opts: (null)
[    3.200436] VFS: Mounted root (ext4 filesystem) readonly on device 8:4.
[    3.206179] devtmpfs: mounted
[    3.209903] Freeing unused kernel image memory: 608K
[    3.222056] Write protecting kernel text and read-only data: 17128k
[    3.225945] NX-protecting the kernel data: 8176k
[    3.230951] x86/mm: Checked W+X mappings: passed, no W+X pages found.
[    3.234663] rodata_test: all tests were successful
[    3.238401] x86/mm: Checking user space page tables
[    3.242145] x86/mm: Checked W+X mappings: passed, no W+X pages found.
[    3.244962] Run /sbin/init as init process
[    3.605868] usb 5-1: new full-speed USB device number 2 using uhci_hcd
[    3.667486] random: systemd: uninitialized urandom read (16 bytes read)
[    3.674819] systemd[1]: systemd 215 running in system mode. (+PAM +AUDIT +SELINUX +IMA +SYSVINIT +LIBCRYPTSETUP +GCRYPT +ACL +XZ -SECCOMP -APPARMOR)
[    3.702160] systemd[1]: Detected architecture 'x86'.
[    3.796223] systemd[1]: Failed to insert module 'ipv6'
[    3.799972] usb 5-1: New USB device found, idVendor=0a5c, idProduct=2110, bcdDevice= 1.00
[    3.799978] usb 5-1: New USB device strings: Mfr=1, Product=2, SerialNumber=0
[    3.799983] usb 5-1: Product: BCM2045B
[    3.799988] usb 5-1: Manufacturer: Broadcom Corp
[    3.824808] systemd[1]: Set hostname to <amd>.
[    3.972843] random: systemd-sysv-ge: uninitialized urandom read (16 bytes read)
[    4.225966] random: systemd-sysv-ge: uninitialized urandom read (16 bytes read)
[    4.670045] systemd[1]: Binding to IPv6 address not available since kernel does not support IPv6.
[    4.673769] systemd[1]: [/lib/systemd/system/gpsd.socket:6] Failed to parse address value, ignoring: [::1]:2947
[    4.685639] systemd[1]: Starting Forward Password Requests to Wall Directory Watch.
[    4.690097] systemd[1]: Started Forward Password Requests to Wall Directory Watch.
[    4.692891] systemd[1]: Starting Remote File Systems (Pre).
[    4.701644] systemd[1]: Reached target Remote File Systems (Pre).
[    4.874027] usb 5-2: new full-speed USB device number 3 using uhci_hcd
[    5.072963] usb 5-2: New USB device found, idVendor=0483, idProduct=2016, bcdDevice= 0.01
[    5.075744] usb 5-2: New USB device strings: Mfr=1, Product=2, SerialNumber=0
[    5.078359] usb 5-2: Product: Biometric Coprocessor
[    5.080870] usb 5-2: Manufacturer: STMicroelectronics
[    5.318858] systemd-udevd[2234]: starting version 215
[    5.539373] random: crng init done
[    5.541598] random: 7 urandom warning(s) missed due to ratelimiting
[    6.677543] EXT4-fs (sda4): re-mounted. Opts: errors=remount-ro
[    6.977289] e1000e 0000:02:00.0 eth1: renamed from eth0
[    6.994304] systemd-udevd[2431]: renamed network interface eth0 to eth1
[    8.613249] Adding 2097148k swap on /dev/sda1.  Priority:-2 extents:1 across:2097148k 
[    8.815198] EXT4-fs (sda2): mounted filesystem with ordered data mode. Opts: errors=remount-ro
[    8.954747] systemd-journald[2035]: Received request to flush runtime journal from PID 1
[   13.612270] NFSD: Using /var/lib/nfs/v4recovery as the NFSv4 state recovery directory
[   13.615379] NFSD: starting 45-second grace period (net f0000098)
[   18.106982] iwl3945 0000:03:00.0: loaded firmware version 15.32.2.9
[   20.641959] wlan0: authenticate with 00:00:00:00:00:01
[   20.643968] wlan0: send auth to 00:00:00:00:00:01 (try 1/3)
[   20.645778] wlan0: authenticated
[   20.650084] wlan0: associate with 00:00:00:00:00:01 (try 1/3)
[   20.652931] wlan0: RX AssocResp from 00:00:00:00:00:01 (capab=0x401 status=0 aid=2)
[   20.655430] wlan0: associated
[   20.934092] netlink: 16 bytes leftover after parsing attributes in process `ip'.
[   20.934288] netlink: 16 bytes leftover after parsing attributes in process `ip'.
