[    0.000000] Linux version 5.1.0+ (pavel@duo) (gcc version 4.9.2 (Debian 4.9.2-10+deb8u2)) #31 SMP Wed May 15 23:58:27 CEST 2019
[    0.000000] Command line: BOOT_IMAGE=(hd1,2)/l/k/o/64/arch/x86/boot/bzImage root=/dev/sdb4 resume=/dev/sda1 l1tf=full
[    0.000000] Disabled fast string operations
[    0.000000] x86/fpu: Supporting XSAVE feature 0x001: 'x87 floating point registers'
[    0.000000] x86/fpu: Supporting XSAVE feature 0x002: 'SSE registers'
[    0.000000] x86/fpu: Supporting XSAVE feature 0x004: 'AVX registers'
[    0.000000] x86/fpu: xstate_offset[2]:  576, xstate_sizes[2]:  256
[    0.000000] x86/fpu: Enabled xstate features 0x7, context size is 832 bytes, using 'standard' format.
[    0.000000] BIOS-provided physical RAM map:
[    0.000000] BIOS-e820: [mem 0x0000000000000000-0x000000000009d7ff] usable
[    0.000000] BIOS-e820: [mem 0x000000000009d800-0x000000000009ffff] reserved
[    0.000000] BIOS-e820: [mem 0x00000000000e0000-0x00000000000fffff] reserved
[    0.000000] BIOS-e820: [mem 0x0000000000100000-0x000000001fffffff] usable
[    0.000000] BIOS-e820: [mem 0x0000000020000000-0x00000000201fffff] reserved
[    0.000000] BIOS-e820: [mem 0x0000000020200000-0x000000003fffffff] usable
[    0.000000] BIOS-e820: [mem 0x0000000040000000-0x00000000401fffff] reserved
[    0.000000] BIOS-e820: [mem 0x0000000040200000-0x00000000da99efff] usable
[    0.000000] BIOS-e820: [mem 0x00000000da99f000-0x00000000dae9efff] reserved
[    0.000000] BIOS-e820: [mem 0x00000000dae9f000-0x00000000daf9efff] ACPI NVS
[    0.000000] BIOS-e820: [mem 0x00000000daf9f000-0x00000000daffefff] ACPI data
[    0.000000] BIOS-e820: [mem 0x00000000dafff000-0x00000000daffffff] usable
[    0.000000] BIOS-e820: [mem 0x00000000db000000-0x00000000df9fffff] reserved
[    0.000000] BIOS-e820: [mem 0x00000000f8000000-0x00000000fbffffff] reserved
[    0.000000] BIOS-e820: [mem 0x00000000fec00000-0x00000000fec00fff] reserved
[    0.000000] BIOS-e820: [mem 0x00000000fed08000-0x00000000fed08fff] reserved
[    0.000000] BIOS-e820: [mem 0x00000000fed10000-0x00000000fed19fff] reserved
[    0.000000] BIOS-e820: [mem 0x00000000fed1c000-0x00000000fed1ffff] reserved
[    0.000000] BIOS-e820: [mem 0x00000000fee00000-0x00000000fee00fff] reserved
[    0.000000] BIOS-e820: [mem 0x00000000ffd20000-0x00000000ffffffff] reserved
[    0.000000] BIOS-e820: [mem 0x0000000100000000-0x000000019e5fffff] usable
[    0.000000] BIOS-e820: [mem 0x000000019e600000-0x000000019e7fffff] reserved
[    0.000000] NX (Execute Disable) protection: active
[    0.000000] SMBIOS 2.6 present.
[    0.000000] DMI: LENOVO 42872WU/42872WU, BIOS 8DET74WW (1.44 ) 03/13/2018
[    0.000000] tsc: Fast TSC calibration using PIT
[    0.000000] tsc: Detected 2491.866 MHz processor
[    0.001589] e820: update [mem 0x00000000-0x00000fff] usable ==> reserved
[    0.001593] e820: remove [mem 0x000a0000-0x000fffff] usable
[    0.001601] last_pfn = 0x19e600 max_arch_pfn = 0x400000000
[    0.001606] MTRR default type: uncachable
[    0.001608] MTRR fixed ranges enabled:
[    0.001610]   00000-9FFFF write-back
[    0.001611]   A0000-BFFFF uncachable
[    0.001613]   C0000-FFFFF write-protect
[    0.001614] MTRR variable ranges enabled:
[    0.001617]   0 base 0FFC00000 mask FFFC00000 write-protect
[    0.001618]   1 base 000000000 mask F80000000 write-back
[    0.001620]   2 base 080000000 mask FC0000000 write-back
[    0.001622]   3 base 0C0000000 mask FE0000000 write-back
[    0.001623]   4 base 0DC000000 mask FFC000000 uncachable
[    0.001625]   5 base 0DB000000 mask FFF000000 uncachable
[    0.001626]   6 base 100000000 mask F80000000 write-back
[    0.001628]   7 base 180000000 mask FE0000000 write-back
[    0.001630]   8 base 19F000000 mask FFF000000 uncachable
[    0.001631]   9 base 19E800000 mask FFF800000 uncachable
[    0.002402] x86/PAT: Configuration [0-7]: WB  WC  UC- UC  WB  WP  UC- WT  
[    0.003620] last_pfn = 0xdb000 max_arch_pfn = 0x400000000
[    0.003641] reserving inaccessible SNB gfx pages
[    0.003647] BRK [0x06401000, 0x06401fff] PGTABLE
[    0.003650] BRK [0x06402000, 0x06402fff] PGTABLE
[    0.003651] BRK [0x06403000, 0x06403fff] PGTABLE
[    0.003721] BRK [0x06404000, 0x06404fff] PGTABLE
[    0.003881] BRK [0x06405000, 0x06405fff] PGTABLE
[    0.004166] BRK [0x06406000, 0x06406fff] PGTABLE
[    0.004681] ACPI: Early table checksum verification disabled
[    0.004730] ACPI: RSDP 0x00000000000F00E0 000024 (v02 LENOVO)
[    0.004735] ACPI: XSDT 0x00000000DAFFE120 0000AC (v01 LENOVO TP-8D    00001440 PTEC 00000002)
[    0.004742] ACPI: FACP 0x00000000DAFE7000 0000F4 (v04 LENOVO TP-8D    00001440 PTL  00000002)
[    0.004749] ACPI: DSDT 0x00000000DAFEA000 00FA89 (v01 LENOVO TP-8D    00001440 INTL 20061109)
[    0.004754] ACPI: FACS 0x00000000DAF2D000 000040
[    0.004758] ACPI: FACS 0x00000000DAF2D000 000040
[    0.004762] ACPI: SLIC 0x00000000DAFFD000 000176 (v01 LENOVO TP-8D    00001440 PTEC 00000001)
[    0.004767] ACPI: SSDT 0x00000000DAFFC000 000249 (v01 LENOVO TP-SSDT2 00000200 INTL 20061109)
[    0.004772] ACPI: SSDT 0x00000000DAFFB000 000033 (v01 LENOVO TP-SSDT1 00000100 INTL 20061109)
[    0.004776] ACPI: SSDT 0x00000000DAFFA000 0007D1 (v01 LENOVO SataAhci 00001000 INTL 20061109)
[    0.004780] ACPI: HPET 0x00000000DAFE6000 000038 (v01 LENOVO TP-8D    00001440 PTL  00000002)
[    0.004785] ACPI: APIC 0x00000000DAFE5000 000098 (v01 LENOVO TP-8D    00001440 PTL  00000002)
[    0.004789] ACPI: MCFG 0x00000000DAFE4000 00003C (v01 LENOVO TP-8D    00001440 PTL  00000002)
[    0.004794] ACPI: ECDT 0x00000000DAFE3000 000052 (v01 LENOVO TP-8D    00001440 PTL  00000002)
[    0.004798] ACPI: ASF! 0x00000000DAFE9000 0000A5 (v32 LENOVO TP-8D    00001440 PTL  00000002)
[    0.004803] ACPI: TCPA 0x00000000DAFE2000 000032 (v02 PTL    LENOVO   06040000 LNVO 00000001)
[    0.004807] ACPI: SSDT 0x00000000DAFE1000 000A27 (v01 PmRef  Cpu0Ist  00003000 INTL 20061109)
[    0.004812] ACPI: SSDT 0x00000000DAFE0000 000996 (v01 PmRef  CpuPm    00003000 INTL 20061109)
[    0.004817] ACPI: DMAR 0x00000000DAFDF000 0000E8 (v01 INTEL  SNB      00000001 INTL 00000001)
[    0.004821] ACPI: UEFI 0x00000000DAFDE000 00003E (v01 LENOVO TP-8D    00001440 PTL  00000002)
[    0.004826] ACPI: UEFI 0x00000000DAFDD000 000042 (v01 PTL    COMBUF   00000001 PTL  00000001)
[    0.004830] ACPI: UEFI 0x00000000DAFDC000 000292 (v01 LENOVO TP-8D    00001440 PTL  00000002)
[    0.004838] ACPI: Local APIC address 0xfee00000
[    0.004885] Zone ranges:
[    0.004887]   DMA      [mem 0x0000000000001000-0x0000000000ffffff]
[    0.004890]   DMA32    [mem 0x0000000001000000-0x00000000ffffffff]
[    0.004893]   Normal   [mem 0x0000000100000000-0x000000019e5fffff]
[    0.004895] Movable zone start for each node
[    0.004897] Early memory node ranges
[    0.004899]   node   0: [mem 0x0000000000001000-0x000000000009cfff]
[    0.004901]   node   0: [mem 0x0000000000100000-0x000000001fffffff]
[    0.004903]   node   0: [mem 0x0000000020200000-0x000000003fffffff]
[    0.004905]   node   0: [mem 0x0000000040200000-0x00000000da99efff]
[    0.004907]   node   0: [mem 0x00000000dafff000-0x00000000daffffff]
[    0.004909]   node   0: [mem 0x0000000100000000-0x000000019e5fffff]
[    0.005115] Zeroed struct page in unavailable ranges: 23236 pages
[    0.005116] Initmem setup node 0 [mem 0x0000000000001000-0x000000019e5fffff]
[    0.005120] On node 0 totalpages: 1542972
[    0.005122]   DMA zone: 56 pages used for memmap
[    0.005124]   DMA zone: 156 pages reserved
[    0.005125]   DMA zone: 3996 pages, LIFO batch:0
[    0.005166]   DMA32 zone: 12172 pages used for memmap
[    0.005168]   DMA32 zone: 890272 pages, LIFO batch:63
[    0.013926]   Normal zone: 8869 pages used for memmap
[    0.013930]   Normal zone: 648704 pages, LIFO batch:63
[    0.019881] Reserving Intel graphics memory at [mem 0xdba00000-0xdf9fffff]
[    0.020059] ACPI: PM-Timer IO Port: 0x408
[    0.020063] ACPI: Local APIC address 0xfee00000
[    0.020070] ACPI: LAPIC_NMI (acpi_id[0x00] high edge lint[0x1])
[    0.020072] ACPI: LAPIC_NMI (acpi_id[0x01] high edge lint[0x1])
[    0.020091] IOAPIC[0]: apic_id 2, version 32, address 0xfec00000, GSI 0-23
[    0.020094] ACPI: INT_SRC_OVR (bus 0 bus_irq 0 global_irq 2 dfl dfl)
[    0.020097] ACPI: INT_SRC_OVR (bus 0 bus_irq 9 global_irq 9 high level)
[    0.020100] ACPI: IRQ0 used by override.
[    0.020102] ACPI: IRQ9 used by override.
[    0.020106] Using ACPI (MADT) for SMP configuration information
[    0.020109] ACPI: HPET id: 0x8086a301 base: 0xfed00000
[    0.020114] smpboot: Allowing 8 CPUs, 4 hotplug CPUs
[    0.020143] PM: Registered nosave memory: [mem 0x00000000-0x00000fff]
[    0.020146] PM: Registered nosave memory: [mem 0x0009d000-0x0009dfff]
[    0.020148] PM: Registered nosave memory: [mem 0x0009e000-0x0009ffff]
[    0.020150] PM: Registered nosave memory: [mem 0x000a0000-0x000dffff]
[    0.020152] PM: Registered nosave memory: [mem 0x000e0000-0x000fffff]
[    0.020155] PM: Registered nosave memory: [mem 0x20000000-0x201fffff]
[    0.020158] PM: Registered nosave memory: [mem 0x40000000-0x401fffff]
[    0.020161] PM: Registered nosave memory: [mem 0xda99f000-0xdae9efff]
[    0.020163] PM: Registered nosave memory: [mem 0xdae9f000-0xdaf9efff]
[    0.020165] PM: Registered nosave memory: [mem 0xdaf9f000-0xdaffefff]
[    0.020168] PM: Registered nosave memory: [mem 0xdb000000-0xdf9fffff]
[    0.020170] PM: Registered nosave memory: [mem 0xdfa00000-0xf7ffffff]
[    0.020171] PM: Registered nosave memory: [mem 0xf8000000-0xfbffffff]
[    0.020173] PM: Registered nosave memory: [mem 0xfc000000-0xfebfffff]
[    0.020175] PM: Registered nosave memory: [mem 0xfec00000-0xfec00fff]
[    0.020177] PM: Registered nosave memory: [mem 0xfec01000-0xfed07fff]
[    0.020179] PM: Registered nosave memory: [mem 0xfed08000-0xfed08fff]
[    0.020181] PM: Registered nosave memory: [mem 0xfed09000-0xfed0ffff]
[    0.020183] PM: Registered nosave memory: [mem 0xfed10000-0xfed19fff]
[    0.020185] PM: Registered nosave memory: [mem 0xfed1a000-0xfed1bfff]
[    0.020187] PM: Registered nosave memory: [mem 0xfed1c000-0xfed1ffff]
[    0.020189] PM: Registered nosave memory: [mem 0xfed20000-0xfedfffff]
[    0.020191] PM: Registered nosave memory: [mem 0xfee00000-0xfee00fff]
[    0.020193] PM: Registered nosave memory: [mem 0xfee01000-0xffd1ffff]
[    0.020195] PM: Registered nosave memory: [mem 0xffd20000-0xffffffff]
[    0.020199] [mem 0xdfa00000-0xf7ffffff] available for PCI devices
[    0.020203] clocksource: refined-jiffies: mask: 0xffffffff max_cycles: 0xffffffff, max_idle_ns: 7645519600211568 ns
[    0.020213] setup_percpu: NR_CPUS:8 nr_cpumask_bits:8 nr_cpu_ids:8 nr_node_ids:1
[    0.021984] percpu: Embedded 60 pages/cpu s207048 r8192 d30520 u262144
[    0.021993] pcpu-alloc: s207048 r8192 d30520 u262144 alloc=1*2097152
[    0.021995] pcpu-alloc: [0] 0 1 2 3 4 5 6 7 
[    0.022025] Built 1 zonelists, mobility grouping on.  Total pages: 1521719
[    0.022030] Kernel command line: BOOT_IMAGE=(hd1,2)/l/k/o/64/arch/x86/boot/bzImage root=/dev/sdb4 resume=/dev/sda1 l1tf=full
[    0.025914] Dentry cache hash table entries: 1048576 (order: 11, 8388608 bytes)
[    0.027822] Inode-cache hash table entries: 524288 (order: 10, 4194304 bytes)
[    0.287076] Memory: 5966032K/6171888K available (16387K kernel code, 1128K rwdata, 5272K rodata, 1088K init, 9888K bss, 205856K reserved, 0K cma-reserved)
[    0.287104] random: get_random_u32 called from cache_alloc_refill+0x877/0xc80 with crng_init=0
[    0.287713] Kernel/User page tables isolation: enabled
[    0.287899] rcu: Hierarchical RCU implementation.
[    0.287903] rcu: RCU calculated value of scheduler-enlistment delay is 25 jiffies.
[    0.287935] NR_IRQS: 4352, nr_irqs: 104, preallocated irqs: 16
[    0.289916] Console: colour VGA+ 80x25
[    0.298357] printk: console [tty0] enabled
[    0.298415] Lock dependency validator: Copyright (c) 2006 Red Hat, Inc., Ingo Molnar
[    0.298485] ... MAX_LOCKDEP_SUBCLASSES:  8
[    0.298543] ... MAX_LOCK_DEPTH:          48
[    0.298602] ... MAX_LOCKDEP_KEYS:        8191
[    0.298660] ... CLASSHASH_SIZE:          4096
[    0.298719] ... MAX_LOCKDEP_ENTRIES:     32768
[    0.298778] ... MAX_LOCKDEP_CHAINS:      65536
[    0.298837] ... CHAINHASH_SIZE:          32768
[    0.298897]  memory used by lock dependency info: 3507 kB
[    0.298959]  per task-struct memory footprint: 1920 bytes
[    0.299027] ACPI: Core revision 20190509
[    0.299437] clocksource: hpet: mask: 0xffffffff max_cycles: 0xffffffff, max_idle_ns: 133484882848 ns
[    0.299538] hpet clockevent registered
[    0.299546] APIC: Switch to symmetric I/O mode setup
[    0.300061] ..TIMER: vector=0x30 apic1=0 pin1=2 apic2=-1 pin2=-1
[    0.319544] clocksource: tsc-early: mask: 0xffffffffffffffff max_cycles: 0x23eb35e1673, max_idle_ns: 440795218031 ns
[    0.319638] Calibrating delay loop (skipped), value calculated using timer frequency.. 4983.73 BogoMIPS (lpj=9967464)
[    0.319730] pid_max: default: 32768 minimum: 301
[    0.319939] Mount-cache hash table entries: 16384 (order: 5, 131072 bytes)
[    0.320024] Mountpoint-cache hash table entries: 16384 (order: 5, 131072 bytes)
[    0.320419] *** VALIDATE proc ***
[    0.320535] *** VALIDATE cgroup1 ***
[    0.320593] *** VALIDATE cgroup2 ***
[    0.320683] Disabled fast string operations
[    0.320751] process: using mwait in idle threads
[    0.320813] Last level iTLB entries: 4KB 512, 2MB 8, 4MB 8
[    0.320876] Last level dTLB entries: 4KB 512, 2MB 32, 4MB 32, 1GB 0
[    0.320942] Spectre V2 : Mitigation: Full generic retpoline
[    0.321005] Spectre V2 : Spectre v2 / SpectreRSB mitigation: Filling RSB on context switch
[    0.321077] Spectre V2 : Enabling Restricted Speculation for firmware calls
[    0.321145] Spectre V2 : mitigation: Enabling conditional Indirect Branch Prediction Barrier
[    0.321218] Spectre V2 : User space: Mitigation: STIBP via prctl
[    0.321282] Speculative Store Bypass: Vulnerable
[    0.321342] SMT: disabled
[    0.321396] MDS: Vulnerable: Clear CPU buffers attempted, no microcode
[    0.321621] Freeing SMP alternatives memory: 44K
[    0.322767] TSC deadline timer enabled
[    0.322772] smpboot: CPU0: Intel(R) Core(TM) i5-2520M CPU @ 2.50GHz (family: 0x6, model: 0x2a, stepping: 0x7)
[    0.323163] Performance Events: PEBS fmt1+, SandyBridge events, 16-deep LBR, full-width counters, Intel PMU driver.
[    0.323637] ... version:                3
[    0.323637] ... bit width:              48
[    0.323637] ... generic registers:      4
[    0.323637] ... value mask:             0000ffffffffffff
[    0.323637] ... max period:             00007fffffffffff
[    0.323637] ... fixed-purpose events:   3
[    0.323637] ... event mask:             000000070000000f
[    0.323637] rcu: Hierarchical SRCU implementation.
[    0.323637] NMI watchdog: Enabled. Permanently consumes one hw-PMU counter.
[    0.323637] smp: Bringing up secondary CPUs ...
[    0.323865] x86: Booting SMP configuration:
[    0.323928] .... node  #0, CPUs:      #1
[    0.015463] Disabled fast string operations
[    0.328175]  #2
[    0.015463] Disabled fast string operations
[    0.330474]  #3
[    0.015463] Disabled fast string operations
[    0.332707] smp: Brought up 1 node, 2 CPUs
[    0.332707] smpboot: Max logical packages: 4
[    0.332707] smpboot: Total of 2 processors activated (9967.46 BogoMIPS)
[    0.333779] devtmpfs: initialized
[    0.333779] PM: Registering ACPI NVS region [mem 0xdae9f000-0xdaf9efff] (1048576 bytes)
[    0.335702] clocksource: jiffies: mask: 0xffffffff max_cycles: 0xffffffff, max_idle_ns: 7645041785100000 ns
[    0.335757] futex hash table entries: 2048 (order: 6, 262144 bytes)
[    0.335765] NET: Registered protocol family 16
[    0.336160] cpuidle: using governor ladder
[    0.336262] cpuidle: using governor menu
[    0.336393] ACPI FADT declares the system doesn't support PCIe ASPM, so disable it
[    0.336464] ACPI: bus type PCI registered
[    0.336811] PCI: MMCONFIG for domain 0000 [bus 00-3f] at [mem 0xf8000000-0xfbffffff] (base 0xf8000000)
[    0.336914] PCI: MMCONFIG at [mem 0xf8000000-0xfbffffff] reserved in E820
[    0.336996] PCI: Using configuration type 1 for base access
[    0.337111] core: PMU erratum BJ122, BV98, HSD29 workaround disabled, HT off
[    0.337145] ENERGY_PERF_BIAS: Set to 'normal', was 'performance'
[    0.375763] ACPI: Added _OSI(Module Device)
[    0.375763] ACPI: Added _OSI(Processor Device)
[    0.375763] ACPI: Added _OSI(3.0 _SCP Extensions)
[    0.375763] ACPI: Added _OSI(Processor Aggregator Device)
[    0.375763] ACPI: Added _OSI(Linux-Dell-Video)
[    0.375763] ACPI: Added _OSI(Linux-Lenovo-NV-HDMI-Audio)
[    0.375763] ACPI: Added _OSI(Linux-HPI-Hybrid-Graphics)
[    0.412430] ACPI: 6 ACPI AML tables successfully acquired and loaded
[    0.415639] ACPI: EC: EC started
[    0.415639] ACPI: EC: interrupt blocked
[    0.417266] ACPI: \: Used as first EC
[    0.417326] ACPI: \: GPE=0x11, EC_CMD/EC_SC=0x66, EC_DATA=0x62
[    0.417391] ACPI: EC: Boot ECDT EC used to handle transactions
[    0.419646] ACPI: [Firmware Bug]: BIOS _OSI(Linux) query ignored
[    0.430187] ACPI: Dynamic OEM Table Load:
[    0.430187] ACPI: SSDT 0xFFFF888196572000 0008C0 (v01 PmRef  Cpu0Cst  00003001 INTL 20061109)
[    0.432443] ACPI: Dynamic OEM Table Load:
[    0.432514] ACPI: SSDT 0xFFFF888196421000 000303 (v01 PmRef  ApIst    00003000 INTL 20061109)
[    0.433176] ACPI: Dynamic OEM Table Load:
[    0.433176] ACPI: SSDT 0xFFFF88819617E400 000119 (v01 PmRef  ApCst    00003000 INTL 20061109)
[    0.436797] ACPI: Interpreter enabled
[    0.436907] ACPI: (supports S0 S3 S4 S5)
[    0.436970] ACPI: Using IOAPIC for interrupt routing
[    0.437100] PCI: Using host bridge windows from ACPI; if necessary, use "pci=nocrs" and report a bug
[    0.437883] ACPI: Enabled 6 GPEs in block 00 to 3F
[    0.447695] ACPI: Power Resource [PUBS] (on)
[    0.448130] acpi PNP0C0A:01: ACPI dock station (docks/bays count: 1)
[    0.451783] acpi LNXIOBAY:00: ACPI dock station (docks/bays count: 2)
[    0.457454] acpi IBM0079:00: ACPI dock station (docks/bays count: 3)
[    0.459643] ACPI: PCI Interrupt Link [LNKA] (IRQs 3 4 5 6 7 9 10 *11)
[    0.459643] ACPI: PCI Interrupt Link [LNKB] (IRQs 3 4 5 6 7 9 10 *11)
[    0.459961] ACPI: PCI Interrupt Link [LNKC] (IRQs 3 4 5 6 7 9 10 *11)
[    0.460366] ACPI: PCI Interrupt Link [LNKD] (IRQs 3 4 5 6 7 9 *10 11)
[    0.460768] ACPI: PCI Interrupt Link [LNKE] (IRQs 3 4 5 6 *7 9 10 11)
[    0.461078] ACPI: PCI Interrupt Link [LNKF] (IRQs 3 4 5 6 7 9 10 11) *0, disabled.
[    0.461485] ACPI: PCI Interrupt Link [LNKG] (IRQs 3 4 5 6 *7 9 10 11)
[    0.461887] ACPI: PCI Interrupt Link [LNKH] (IRQs 3 4 5 6 7 9 *10 11)
[    0.462170] ACPI: PCI Root Bridge [PCI0] (domain 0000 [bus 00-fe])
[    0.462244] acpi PNP0A08:00: _OSC: OS supports [ExtendedConfig ASPM ClockPM Segments HPX-Type3]
[    0.463640] acpi PNP0A08:00: _OSC: not requesting OS control; OS requires [ExtendedConfig ASPM ClockPM MSI]
[    0.463640] acpi PNP0A08:00: [Firmware Info]: MMCONFIG for domain 0000 [bus 00-3f] only partially covers this bridge
[    0.463640] PCI host bridge to bus 0000:00
[    0.463697] pci_bus 0000:00: root bus resource [io  0x0000-0x0cf7 window]
[    0.463697] pci_bus 0000:00: root bus resource [io  0x0d00-0xffff window]
[    0.463697] pci_bus 0000:00: root bus resource [mem 0x000a0000-0x000bffff window]
[    0.463697] pci_bus 0000:00: root bus resource [mem 0xdfa00000-0xfebfffff window]
[    0.463697] pci_bus 0000:00: root bus resource [mem 0xfed40000-0xfed4bfff window]
[    0.463697] pci_bus 0000:00: root bus resource [bus 00-fe]
[    0.463697] pci 0000:00:00.0: [8086:0104] type 00 class 0x060000
[    0.463820] pci 0000:00:02.0: [8086:0126] type 00 class 0x030000
[    0.463900] pci 0000:00:02.0: reg 0x10: [mem 0xf0000000-0xf03fffff 64bit]
[    0.463975] pci 0000:00:02.0: reg 0x18: [mem 0xe0000000-0xefffffff 64bit pref]
[    0.464050] pci 0000:00:02.0: reg 0x20: [io  0x5000-0x503f]
[    0.464368] pci 0000:00:16.0: [8086:1c3a] type 00 class 0x078000
[    0.464463] pci 0000:00:16.0: reg 0x10: [mem 0xf2525000-0xf252500f 64bit]
[    0.464623] pci 0000:00:16.0: PME# supported from D0 D3hot D3cold
[    0.464885] pci 0000:00:19.0: [8086:1502] type 00 class 0x020000
[    0.464974] pci 0000:00:19.0: reg 0x10: [mem 0xf2500000-0xf251ffff]
[    0.465051] pci 0000:00:19.0: reg 0x14: [mem 0xf252b000-0xf252bfff]
[    0.465126] pci 0000:00:19.0: reg 0x18: [io  0x5080-0x509f]
[    0.465267] pci 0000:00:19.0: PME# supported from D0 D3hot D3cold
[    0.465534] pci 0000:00:1a.0: [8086:1c2d] type 00 class 0x0c0320
[    0.465626] pci 0000:00:1a.0: reg 0x10: [mem 0xf252a000-0xf252a3ff]
[    0.465794] pci 0000:00:1a.0: PME# supported from D0 D3hot D3cold
[    0.466056] pci 0000:00:1b.0: [8086:1c20] type 00 class 0x040300
[    0.466148] pci 0000:00:1b.0: reg 0x10: [mem 0xf2520000-0xf2523fff 64bit]
[    0.466315] pci 0000:00:1b.0: PME# supported from D0 D3hot D3cold
[    0.467651] pci 0000:00:1c.0: [8086:1c10] type 01 class 0x060400
[    0.467698] pci 0000:00:1c.0: PME# supported from D0 D3hot D3cold
[    0.467699] pci 0000:00:1c.1: [8086:1c12] type 01 class 0x060400
[    0.467699] pci 0000:00:1c.1: PME# supported from D0 D3hot D3cold
[    0.467699] pci 0000:00:1c.3: [8086:1c16] type 01 class 0x060400
[    0.467806] pci 0000:00:1c.3: PME# supported from D0 D3hot D3cold
[    0.468085] pci 0000:00:1c.4: [8086:1c18] type 01 class 0x060400
[    0.468316] pci 0000:00:1c.4: PME# supported from D0 D3hot D3cold
[    0.468597] pci 0000:00:1d.0: [8086:1c26] type 00 class 0x0c0320
[    0.468688] pci 0000:00:1d.0: reg 0x10: [mem 0xf2529000-0xf25293ff]
[    0.468856] pci 0000:00:1d.0: PME# supported from D0 D3hot D3cold
[    0.469113] pci 0000:00:1f.0: [8086:1c4f] type 00 class 0x060100
[    0.469477] pci 0000:00:1f.2: [8086:1c03] type 00 class 0x010601
[    0.469566] pci 0000:00:1f.2: reg 0x10: [io  0x50a8-0x50af]
[    0.469639] pci 0000:00:1f.2: reg 0x14: [io  0x50bc-0x50bf]
[    0.469712] pci 0000:00:1f.2: reg 0x18: [io  0x50a0-0x50a7]
[    0.469784] pci 0000:00:1f.2: reg 0x1c: [io  0x50b8-0x50bb]
[    0.469857] pci 0000:00:1f.2: reg 0x20: [io  0x5060-0x507f]
[    0.469930] pci 0000:00:1f.2: reg 0x24: [mem 0xf2528000-0xf25287ff]
[    0.470051] pci 0000:00:1f.2: PME# supported from D3hot
[    0.470300] pci 0000:00:1f.3: [8086:1c22] type 00 class 0x0c0500
[    0.470388] pci 0000:00:1f.3: reg 0x10: [mem 0xf2524000-0xf25240ff 64bit]
[    0.470479] pci 0000:00:1f.3: reg 0x20: [io  0xefa0-0xefbf]
[    0.471699] pci 0000:00:1c.0: PCI bridge to [bus 02]
[    0.471699] pci 0000:03:00.0: [8086:0084] type 00 class 0x028000
[    0.471699] pci 0000:03:00.0: reg 0x10: [mem 0xf2400000-0xf2401fff 64bit]
[    0.472440] pci 0000:03:00.0: PME# supported from D0 D3hot D3cold
[    0.473150] pci 0000:00:1c.1: PCI bridge to [bus 03]
[    0.473221] pci 0000:00:1c.1:   bridge window [mem 0xf2400000-0xf24fffff]
[    0.473388] pci 0000:00:1c.3: PCI bridge to [bus 05-0c]
[    0.473456] pci 0000:00:1c.3:   bridge window [io  0x4000-0x4fff]
[    0.473527] pci 0000:00:1c.3:   bridge window [mem 0xf1c00000-0xf23fffff]
[    0.473604] pci 0000:00:1c.3:   bridge window [mem 0xf0400000-0xf0bfffff 64bit pref]
[    0.474004] pci 0000:0d:00.0: [1180:e822] type 00 class 0x088001
[    0.474283] pci 0000:0d:00.0: MMC controller base frequency changed to 50Mhz.
[    0.475648] pci 0000:0d:00.0: reg 0x10: [mem 0xf1400000-0xf14000ff]
[    0.475648] pci 0000:0d:00.0: supports D1 D2
[    0.475648] pci 0000:0d:00.0: PME# supported from D0 D1 D2 D3hot D3cold
[    0.475721] pci 0000:00:1c.4: PCI bridge to [bus 0d]
[    0.475788] pci 0000:00:1c.4:   bridge window [io  0x3000-0x3fff]
[    0.475859] pci 0000:00:1c.4:   bridge window [mem 0xf1400000-0xf1bfffff]
[    0.475936] pci 0000:00:1c.4:   bridge window [mem 0xf0c00000-0xf13fffff 64bit pref]
[    0.476048] pci_bus 0000:00: on NUMA node 0
[    0.479774] ACPI: EC: interrupt unblocked
[    0.479815] ACPI: EC: event unblocked
[    0.479815] ACPI: \_SB_.PCI0.LPC_.EC__: GPE=0x11, EC_CMD/EC_SC=0x66, EC_DATA=0x62
[    0.479815] ACPI: \_SB_.PCI0.LPC_.EC__: Boot DSDT EC used to handle transactions and events
[    0.479871] pci 0000:00:02.0: vgaarb: setting as boot VGA device
[    0.479871] pci 0000:00:02.0: vgaarb: VGA device added: decodes=io+mem,owns=io+mem,locks=none
[    0.479871] pci 0000:00:02.0: vgaarb: bridge control possible
[    0.479960] vgaarb: loaded
[    0.479980] SCSI subsystem initialized
[    0.480190] libata version 3.00 loaded.
[    0.480279] ACPI: bus type USB registered
[    0.480396] usbcore: registered new interface driver usbfs
[    0.480490] usbcore: registered new interface driver hub
[    0.480594] usbcore: registered new device driver usb
[    0.480713] media: Linux media interface: v0.10
[    0.480795] videodev: Linux video capture interface: v2.00
[    0.480889] pps_core: LinuxPPS API ver. 1 registered
[    0.480951] pps_core: Software ver. 5.3.6 - Copyright 2005-2007 Rodolfo Giometti <giometti@linux.it>
[    0.481056] PTP clock support registered
[    0.481287] EDAC MC: Ver: 3.0.0
[    0.481714] Advanced Linux Sound Architecture Driver Initialized.
[    0.481714] PCI: Using ACPI for IRQ routing
[    0.485360] PCI: pci_cache_line_size set to 64 bytes
[    0.485723] e820: reserve RAM buffer [mem 0x0009d800-0x0009ffff]
[    0.485726] e820: reserve RAM buffer [mem 0xda99f000-0xdbffffff]
[    0.485728] e820: reserve RAM buffer [mem 0xdb000000-0xdbffffff]
[    0.485730] e820: reserve RAM buffer [mem 0x19e600000-0x19fffffff]
[    0.486063] Bluetooth: Core ver 2.22
[    0.486154] NET: Registered protocol family 31
[    0.486215] Bluetooth: HCI device and connection manager initialized
[    0.486287] Bluetooth: HCI socket layer initialized
[    0.486835] Bluetooth: L2CAP socket layer initialized
[    0.486909] Bluetooth: SCO socket layer initialized
[    0.487180] clocksource: Switched to clocksource tsc-early
[    0.487180] pnp: PnP ACPI init
[    0.487180] system 00:00: [mem 0x00000000-0x0009ffff] could not be reserved
[    0.487180] system 00:00: [mem 0x000c0000-0x000c3fff] could not be reserved
[    0.487180] system 00:00: [mem 0x000c4000-0x000c7fff] could not be reserved
[    0.487180] system 00:00: [mem 0x000c8000-0x000cbfff] has been reserved
[    0.487180] system 00:00: [mem 0x000cc000-0x000cffff] has been reserved
[    0.487180] system 00:00: [mem 0x000d0000-0x000d3fff] has been reserved
[    0.487180] system 00:00: [mem 0x000d4000-0x000d7fff] has been reserved
[    0.487180] system 00:00: [mem 0x000d8000-0x000dbfff] has been reserved
[    0.487180] system 00:00: [mem 0x000dc000-0x000dffff] has been reserved
[    0.487180] system 00:00: [mem 0x000e0000-0x000e3fff] could not be reserved
[    0.487180] system 00:00: [mem 0x000e4000-0x000e7fff] could not be reserved
[    0.487180] system 00:00: [mem 0x000e8000-0x000ebfff] could not be reserved
[    0.487180] system 00:00: [mem 0x000ec000-0x000effff] could not be reserved
[    0.487180] system 00:00: [mem 0x000f0000-0x000fffff] could not be reserved
[    0.487180] system 00:00: [mem 0x00100000-0xdf9fffff] could not be reserved
[    0.487180] system 00:00: [mem 0xfec00000-0xfed3ffff] could not be reserved
[    0.487180] system 00:00: [mem 0xfed4c000-0xffffffff] could not be reserved
[    0.487180] system 00:00: Plug and Play ACPI device, IDs PNP0c01 (active)
[    0.487180] system 00:01: [io  0x0400-0x047f] has been reserved
[    0.487180] system 00:01: [io  0x0500-0x057f] has been reserved
[    0.487180] system 00:01: [io  0x0800-0x080f] has been reserved
[    0.487180] system 00:01: [io  0x15e0-0x15ef] has been reserved
[    0.487209] system 00:01: [io  0x1600-0x167f] has been reserved
[    0.487277] system 00:01: [mem 0xf8000000-0xfbffffff] has been reserved
[    0.487348] system 00:01: [mem 0x00000000-0x00000fff] could not be reserved
[    0.487419] system 00:01: [mem 0xfed1c000-0xfed1ffff] has been reserved
[    0.487489] system 00:01: [mem 0xfed10000-0xfed13fff] has been reserved
[    0.487559] system 00:01: [mem 0xfed18000-0xfed18fff] has been reserved
[    0.487629] system 00:01: [mem 0xfed19000-0xfed19fff] has been reserved
[    0.487699] system 00:01: [mem 0xfed45000-0xfed4bfff] has been reserved
[    0.487784] system 00:01: Plug and Play ACPI device, IDs PNP0c02 (active)
[    0.487923] pnp 00:02: Plug and Play ACPI device, IDs PNP0b00 (active)
[    0.487985] pnp 00:03: Plug and Play ACPI device, IDs PNP0303 (active)
[    0.488048] pnp 00:04: Plug and Play ACPI device, IDs LEN0020 PNP0f13 (active)
[    0.488179] pnp 00:05: Plug and Play ACPI device, IDs SMO1200 PNP0c31 (active)
[    0.489274] pnp: PnP ACPI: found 6 devices
[    0.502207] clocksource: acpi_pm: mask: 0xffffff max_cycles: 0xffffff, max_idle_ns: 2085701024 ns
[    0.502305] pci 0000:00:1c.0: bridge window [io  0x1000-0x0fff] to [bus 02] add_size 1000
[    0.502380] pci 0000:00:1c.0: bridge window [mem 0x00100000-0x000fffff 64bit pref] to [bus 02] add_size 200000 add_align 100000
[    0.502475] pci 0000:00:1c.0: bridge window [mem 0x00100000-0x000fffff] to [bus 02] add_size 200000 add_align 100000
[    0.502578] pci 0000:00:1c.0: BAR 8: assigned [mem 0xdfa00000-0xdfbfffff]
[    0.502650] pci 0000:00:1c.0: BAR 9: assigned [mem 0xdfc00000-0xdfdfffff 64bit pref]
[    0.502723] pci 0000:00:1c.0: BAR 7: assigned [io  0x2000-0x2fff]
[    0.502793] pci 0000:00:1c.0: PCI bridge to [bus 02]
[    0.502858] pci 0000:00:1c.0:   bridge window [io  0x2000-0x2fff]
[    0.502929] pci 0000:00:1c.0:   bridge window [mem 0xdfa00000-0xdfbfffff]
[    0.503001] pci 0000:00:1c.0:   bridge window [mem 0xdfc00000-0xdfdfffff 64bit pref]
[    0.503080] pci 0000:00:1c.1: PCI bridge to [bus 03]
[    0.503148] pci 0000:00:1c.1:   bridge window [mem 0xf2400000-0xf24fffff]
[    0.503227] pci 0000:00:1c.3: PCI bridge to [bus 05-0c]
[    0.503292] pci 0000:00:1c.3:   bridge window [io  0x4000-0x4fff]
[    0.503363] pci 0000:00:1c.3:   bridge window [mem 0xf1c00000-0xf23fffff]
[    0.503435] pci 0000:00:1c.3:   bridge window [mem 0xf0400000-0xf0bfffff 64bit pref]
[    0.503514] pci 0000:00:1c.4: PCI bridge to [bus 0d]
[    0.503578] pci 0000:00:1c.4:   bridge window [io  0x3000-0x3fff]
[    0.503653] pci 0000:00:1c.4:   bridge window [mem 0xf1400000-0xf1bfffff]
[    0.503725] pci 0000:00:1c.4:   bridge window [mem 0xf0c00000-0xf13fffff 64bit pref]
[    0.503805] pci_bus 0000:00: resource 4 [io  0x0000-0x0cf7 window]
[    0.503871] pci_bus 0000:00: resource 5 [io  0x0d00-0xffff window]
[    0.503937] pci_bus 0000:00: resource 6 [mem 0x000a0000-0x000bffff window]
[    0.504005] pci_bus 0000:00: resource 7 [mem 0xdfa00000-0xfebfffff window]
[    0.504073] pci_bus 0000:00: resource 8 [mem 0xfed40000-0xfed4bfff window]
[    0.504142] pci_bus 0000:02: resource 0 [io  0x2000-0x2fff]
[    0.504206] pci_bus 0000:02: resource 1 [mem 0xdfa00000-0xdfbfffff]
[    0.504272] pci_bus 0000:02: resource 2 [mem 0xdfc00000-0xdfdfffff 64bit pref]
[    0.504342] pci_bus 0000:03: resource 1 [mem 0xf2400000-0xf24fffff]
[    0.504408] pci_bus 0000:05: resource 0 [io  0x4000-0x4fff]
[    0.504472] pci_bus 0000:05: resource 1 [mem 0xf1c00000-0xf23fffff]
[    0.504538] pci_bus 0000:05: resource 2 [mem 0xf0400000-0xf0bfffff 64bit pref]
[    0.504608] pci_bus 0000:0d: resource 0 [io  0x3000-0x3fff]
[    0.504672] pci_bus 0000:0d: resource 1 [mem 0xf1400000-0xf1bfffff]
[    0.504738] pci_bus 0000:0d: resource 2 [mem 0xf0c00000-0xf13fffff 64bit pref]
[    0.505074] NET: Registered protocol family 2
[    0.505428] tcp_listen_portaddr_hash hash table entries: 4096 (order: 6, 294912 bytes)
[    0.505643] TCP established hash table entries: 65536 (order: 7, 524288 bytes)
[    0.505814] TCP bind hash table entries: 65536 (order: 10, 4194304 bytes)
[    0.507905] TCP: Hash tables configured (established 65536 bind 65536)
[    0.508313] UDP hash table entries: 4096 (order: 7, 655360 bytes)
[    0.508680] UDP-Lite hash table entries: 4096 (order: 7, 655360 bytes)
[    0.509133] NET: Registered protocol family 1
[    0.509546] RPC: Registered named UNIX socket transport module.
[    0.509614] RPC: Registered udp transport module.
[    0.509676] RPC: Registered tcp transport module.
[    0.509738] RPC: Registered tcp NFSv4.1 backchannel transport module.
[    0.510074] pci 0000:00:02.0: Video device with shadowed ROM at [mem 0x000c0000-0x000dffff]
[    0.511215] PCI: CLS 64 bytes, default 64
[    0.511334] PCI-DMA: Using software bounce buffering for IO (SWIOTLB)
[    0.511402] software IO TLB: mapped [mem 0xd699f000-0xda99f000] (64MB)
[    0.513992] Initialise system trusted keyrings
[    0.514143] workingset: timestamp_bits=62 max_order=21 bucket_order=0
[    0.515319] Installing knfsd (copyright (C) 1996 okir@monad.swb.de).
[    0.515992] ntfs: driver 2.1.32 [Flags: R/W].
[    0.516171] fuse: init (API version 7.30)
[    0.516573] Key type asymmetric registered
[    0.516639] Asymmetric key parser 'x509' registered
[    0.516723] Block layer SCSI generic (bsg) driver version 0.4 loaded (major 249)
[    0.516797] io scheduler mq-deadline registered
[    0.516880] io scheduler bfq registered
[    0.517141] pcieport 0000:00:1c.0: enabling device (0000 -> 0003)
[    0.518597] intel_idle: MWAIT substates: 0x21120
[    0.518599] intel_idle: v0.4.1 model 0x2A
[    0.518856] intel_idle: lapic_timer_reliable_states 0xffffffff
[    0.519227] ACPI: Deprecated procfs I/F for AC is loaded, please retry with CONFIG_ACPI_PROCFS_POWER cleared
[    0.519404] ACPI: AC Adapter [AC] (on-line)
[    0.519623] input: Lid Switch as /devices/LNXSYSTM:00/LNXSYBUS:00/PNP0C0D:00/input/input0
[    0.519851] ACPI: Lid Switch [LID]
[    0.520018] input: Sleep Button as /devices/LNXSYSTM:00/LNXSYBUS:00/PNP0C0E:00/input/input1
[    0.520160] ACPI: Sleep Button [SLPB]
[    0.520348] input: Power Button as /devices/LNXSYSTM:00/LNXPWRBN:00/input/input2
[    0.520479] ACPI: Power Button [PWRF]
[    0.523936] thermal LNXTHERM:00: registered as thermal_zone0
[    0.524005] ACPI: Thermal Zone [THM0] (72 C)
[    0.524282] Serial: 8250/16550 driver, 4 ports, IRQ sharing disabled
[    0.524679] battery: ACPI: Deprecated procfs I/F for battery is loaded, please retry with CONFIG_ACPI_PROCFS_POWER cleared
[    0.524793] battery: ACPI: Battery Slot [BAT0] (battery absent)
[    0.525664] lp: driver loaded but no devices found
[    0.525817] Non-volatile memory driver v1.3
[    0.526058] Linux agpgart interface v0.103
[    0.526333] [drm] radeon kernel modesetting enabled.
[    0.527277] i915 0000:00:02.0: vgaarb: deactivate vga console
[    0.527827] Console: switching to colour dummy device 80x25
[    0.539810] [drm] Supports vblank timestamp caching Rev 2 (21.10.2013).
[    0.539829] [drm] Driver supports precise vblank timestamp query.
[    0.540706] i915 0000:00:02.0: vgaarb: changed VGA decodes: olddecodes=io+mem,decodes=io+mem:owns=io+mem
[    0.633782] [drm] Initialized i915 1.6.0 20190417 for 0000:00:02.0 on minor 0
[    0.635721] ACPI: Video Device [VID] (multi-head: yes  rom: no  post: no)
[    0.636290] input: Video Bus as /devices/LNXSYSTM:00/LNXSYBUS:00/PNP0A08:00/LNXVIDEO:00/input/input3
[    0.636544] usbcore: registered new interface driver udl
[    0.644797] loop: module loaded
[    0.659797] ahci 0000:00:1f.2: version 3.0
[    0.660407] ahci 0000:00:1f.2: SSS flag set, parallel bus scan disabled
[    0.671739] ahci 0000:00:1f.2: AHCI 0001.0300 32 slots 6 ports 6 Gbps 0x17 impl SATA mode
[    0.671783] ahci 0000:00:1f.2: flags: 64bit ncq sntf ilck stag pm led clo pio slum part ems sxs apst 
[    0.709511] scsi host0: ahci
[    0.709878] scsi host1: ahci
[    0.710220] scsi host2: ahci
[    0.710513] scsi host3: ahci
[    0.710780] scsi host4: ahci
[    0.711051] scsi host5: ahci
[    0.711212] ata1: SATA max UDMA/133 abar m2048@0xf2528000 port 0xf2528100 irq 19
[    0.711230] ata2: SATA max UDMA/133 abar m2048@0xf2528000 port 0xf2528180 irq 19
[    0.711247] ata3: SATA max UDMA/133 abar m2048@0xf2528000 port 0xf2528200 irq 19
[    0.711262] ata4: DUMMY
[    0.711269] ata5: SATA max UDMA/133 abar m2048@0xf2528000 port 0xf2528300 irq 19
[    0.711284] ata6: DUMMY
[    0.711859] tun: Universal TUN/TAP device driver, 1.6
[    0.712101] e1000e: Intel(R) PRO/1000 Network Driver - 3.2.6-k
[    0.712112] e1000e: Copyright(c) 1999 - 2015 Intel Corporation.
[    0.712489] e1000e 0000:00:19.0: Interrupt Throttling Rate (ints/sec) set to dynamic conservative mode
[    0.810803] e1000e 0000:00:19.0 0000:00:19.0 (uninitialized): registered PHC clock
[    0.904327] e1000e 0000:00:19.0 eth0: (PCI Express:2.5GT/s:Width x1) f0:de:f1:e3:99:75
[    0.904346] e1000e 0000:00:19.0 eth0: Intel(R) PRO/1000 Network Connection
[    0.904408] e1000e 0000:00:19.0 eth0: MAC: 10, PHY: 11, PBA No: 1000FF-0FF
[    0.904550] PPP generic driver version 2.4.2
[    0.904678] PPP BSD Compression module registered
[    0.904688] PPP Deflate Compression module registered
[    0.904698] SLIP: version 0.8.4-NET3.019-NEWTTY (dynamic channels, max=256).
[    0.904710] CSLIP: code copyright 1989 Regents of the University of California.
[    0.904758] iwl3945: Intel(R) PRO/Wireless 3945ABG/BG Network Connection driver for Linux, in-tree:ds
[    0.904775] iwl3945: Copyright(c) 2003-2011 Intel Corporation
[    0.904786] iwl3945: hw_scan is disabled
[    0.904823] Intel(R) Wireless WiFi driver for Linux
[    0.904832] Copyright(c) 2003- 2015 Intel Corporation
[    0.905329] iwlwifi 0000:03:00.0: pci_enable_msi failed - -38
[    0.905597] usbcore: registered new interface driver ax88179_178a
[    0.905628] usbcore: registered new interface driver cdc_ether
[    0.905656] usbcore: registered new interface driver cdc_eem
[    0.905684] usbcore: registered new interface driver net1080
[    0.905712] usbcore: registered new interface driver cdc_subset
[    0.905742] usbcore: registered new interface driver zaurus
[    0.905775] usbcore: registered new interface driver cdc_ncm
[    0.905802] usbcore: registered new interface driver cdc_mbim
[    0.906087] iwlwifi 0000:03:00.0: loaded firmware version 39.31.5.1 build 35138 op_mode iwldvm
[    0.906193] iwlwifi 0000:03:00.0: CONFIG_IWLWIFI_DEBUG disabled
[    0.906209] iwlwifi 0000:03:00.0: CONFIG_IWLWIFI_DEBUGFS disabled
[    0.906224] iwlwifi 0000:03:00.0: CONFIG_IWLWIFI_DEVICE_TRACING disabled
[    0.906241] iwlwifi 0000:03:00.0: Detected Intel(R) Centrino(R) Wireless-N 1000 BGN, REV=0x6C
[    0.906377] ehci_hcd: USB 2.0 'Enhanced' Host Controller (EHCI) Driver
[    0.906399] ehci-pci: EHCI PCI platform driver
[    0.906687] ehci-pci 0000:00:1a.0: EHCI Host Controller
[    0.906845] ehci-pci 0000:00:1a.0: new USB bus registered, assigned bus number 1
[    0.906887] ehci-pci 0000:00:1a.0: debug port 2
[    0.910844] ehci-pci 0000:00:1a.0: cache line size of 64 is not supported
[    0.910869] ehci-pci 0000:00:1a.0: irq 16, io mem 0xf252a000
[    0.924953] fbcon: i915drmfb (fb0) is primary device
[    0.927660] ehci-pci 0000:00:1a.0: USB 2.0 started, EHCI 1.00
[    0.927853] usb usb1: New USB device found, idVendor=1d6b, idProduct=0002, bcdDevice= 5.01
[    0.927855] usb usb1: New USB device strings: Mfr=3, Product=2, SerialNumber=1
[    0.927857] usb usb1: Product: EHCI Host Controller
[    0.927858] usb usb1: Manufacturer: Linux 5.1.0+ ehci_hcd
[    0.927860] usb usb1: SerialNumber: 0000:00:1a.0
[    0.928235] hub 1-0:1.0: USB hub found
[    0.928292] hub 1-0:1.0: 3 ports detected
[    0.929025] ehci-pci 0000:00:1d.0: EHCI Host Controller
[    0.929314] ehci-pci 0000:00:1d.0: new USB bus registered, assigned bus number 2
[    0.929348] ehci-pci 0000:00:1d.0: debug port 2
[    0.933278] ehci-pci 0000:00:1d.0: cache line size of 64 is not supported
[    0.933303] ehci-pci 0000:00:1d.0: irq 23, io mem 0xf2529000
[    0.947808] ehci-pci 0000:00:1d.0: USB 2.0 started, EHCI 1.00
[    0.947998] usb usb2: New USB device found, idVendor=1d6b, idProduct=0002, bcdDevice= 5.01
[    0.948000] usb usb2: New USB device strings: Mfr=3, Product=2, SerialNumber=1
[    0.948002] usb usb2: Product: EHCI Host Controller
[    0.948003] usb usb2: Manufacturer: Linux 5.1.0+ ehci_hcd
[    0.948005] usb usb2: SerialNumber: 0000:00:1d.0
[    0.948272] ieee80211 phy0: Selected rate control algorithm 'iwl-agn-rs'
[    0.948727] hub 2-0:1.0: USB hub found
[    0.948759] hub 2-0:1.0: 3 ports detected
[    0.949236] ohci_hcd: USB 1.1 'Open' Host Controller (OHCI) Driver
[    0.949245] ohci-pci: OHCI PCI platform driver
[    0.949277] uhci_hcd: USB Universal Host Controller Interface driver
[    0.949437] usbcore: registered new interface driver cdc_acm
[    0.949438] cdc_acm: USB Abstract Control Model driver for USB modems and ISDN adapters
[    0.949464] usbcore: registered new interface driver usblp
[    0.949487] usbcore: registered new interface driver cdc_wdm
[    0.949520] usbcore: registered new interface driver usb-storage
[    0.949539] usbcore: registered new interface driver ums-sddr09
[    0.949611] usbcore: registered new interface driver usbserial_generic
[    0.949646] usbserial: USB Serial support registered for generic
[    0.949669] usbcore: registered new interface driver ch341
[    0.949687] usbserial: USB Serial support registered for ch341-uart
[    0.949709] usbcore: registered new interface driver ftdi_sio
[    0.949727] usbserial: USB Serial support registered for FTDI USB Serial Device
[    0.949761] usbcore: registered new interface driver option
[    0.949781] usbserial: USB Serial support registered for GSM modem (1-port)
[    0.949824] usbcore: registered new interface driver pl2303
[    0.949841] usbserial: USB Serial support registered for pl2303
[    0.949864] usbcore: registered new interface driver ti_usb_3410_5052
[    0.949883] usbserial: USB Serial support registered for TI USB 3410 1 port adapter
[    0.949900] usbserial: USB Serial support registered for TI USB 5052 2 port adapter
[    0.949903] ftdi_elan: driver ftdi-elan
[    0.949924] usbcore: registered new interface driver ftdi-elan
[    0.950004] i8042: PNP: PS/2 Controller [PNP0303:KBD,PNP0f13:MOU] at 0x60,0x64 irq 1,12
[    0.953354] serio: i8042 KBD port at 0x60,0x64 irq 1
[    0.953377] serio: i8042 AUX port at 0x60,0x64 irq 12
[    0.953741] mousedev: PS/2 mouse device common for all mice
[    0.954344] input: PC Speaker as /devices/platform/pcspkr/input/input4
[    0.954680] rtc_cmos 00:02: RTC can wake from S4
[    0.954962] rtc_cmos 00:02: registered as rtc0
[    0.955038] rtc_cmos 00:02: alarms up to one month, y3k, 114 bytes nvram, hpet irqs
[    0.955106] usbcore: registered new interface driver uvcvideo
[    0.955107] USB Video Class driver (1.1.1)
[    0.955107] gspca_main: v2.14.0 registered
[    0.955131] usbcore: registered new interface driver sq930x
[    0.955901] device-mapper: ioctl: 4.40.0-ioctl (2019-01-18) initialised: dm-devel@redhat.com
[    0.955904] Bluetooth: HCI UART driver ver 2.3
[    0.955906] Bluetooth: HCI UART protocol H4 registered
[    0.955907] Bluetooth: HCI UART protocol BCSP registered
[    0.955964] usbcore: registered new interface driver btusb
[    0.955970] intel_pstate: Intel P-state driver initializing
[    0.956252] sdhci: Secure Digital Host Controller Interface driver
[    0.956254] sdhci: Copyright(c) Pierre Ossman
[    0.956331] sdhci-pci 0000:0d:00.0: SDHCI controller found [1180:e822] (rev 7)
[    0.957969] mmc0 bounce up to 128 segments into one, max segment size 65536 bytes
[    0.958689] input: AT Translated Set 2 keyboard as /devices/platform/i8042/serio0/input/input5
[    0.965448] mmc0: SDHCI controller on PCI [0000:0d:00.0] using DMA
[    0.965922] hidraw: raw HID events driver (C) Jiri Kosina
[    0.967729] usbcore: registered new interface driver usbhid
[    0.967732] usbhid: USB HID core driver
[    0.968802] thinkpad_acpi: ThinkPad ACPI Extras v0.26
[    0.968803] thinkpad_acpi: http://ibm-acpi.sf.net/
[    0.968804] thinkpad_acpi: ThinkPad BIOS 8DET74WW (1.44 ), EC unknown
[    0.968804] thinkpad_acpi: Lenovo ThinkPad X220, model 42872WU
[    0.970526] thinkpad_acpi: radio switch found; radios are enabled
[    0.970750] thinkpad_acpi: Tablet mode switch found (type: MHKG), currently in laptop mode
[    0.970766] thinkpad_acpi: This ThinkPad has standard ACPI backlight brightness control, supported by the ACPI video driver
[    0.970766] thinkpad_acpi: Disabling thinkpad-acpi brightness events by default...
[    0.976663] thinkpad_acpi: rfkill switch tpacpi_bluetooth_sw: radio is unblocked
[    0.977182] random: fast init done
[    0.978105] thinkpad_acpi: warning: userspace override of important firmware LEDs is enabled
[    0.978119] thinkpad_acpi: Standard ACPI backlight interface available, not loading native one
[    0.978120] thinkpad_acpi: volume: disabled as there is no ALSA support in this kernel
[    0.978506] battery: new extension: ThinkPad Battery Extension
[    0.978564] input: ThinkPad Extra Buttons as /devices/platform/thinkpad_acpi/input/input7
[    0.980622] usbcore: registered new interface driver snd-usb-audio
[    0.982647] NET: Registered protocol family 17
[    0.982711] Bluetooth: RFCOMM TTY layer initialized
[    0.982716] Bluetooth: RFCOMM socket layer initialized
[    0.982725] Bluetooth: RFCOMM ver 1.11
[    0.982731] Bluetooth: BNEP (Ethernet Emulation) ver 1.3
[    0.982732] Bluetooth: BNEP filters: protocol multicast
[    0.982735] Bluetooth: BNEP socket layer initialized
[    0.982736] Bluetooth: HIDP (Human Interface Emulation) ver 1.2
[    0.982738] Bluetooth: HIDP socket layer initialized
[    0.982876] microcode: sig=0x206a7, pf=0x10, revision=0x2d
[    0.983015] microcode: Microcode Update Driver: v2.2.
[    0.983036] sched_clock: Marking stable (971195790, 11463109)->(991390241, -8731342)
[    0.983403] Loading compiled-in X.509 certificates
[    0.983870] Key type encrypted registered
[    0.984169] rtc_cmos 00:02: setting system clock to 2019-05-15T22:01:22 UTC (1557957682)
[    0.984265] cfg80211: Loading compiled-in X.509 certificates for regulatory database
[    0.984831] cfg80211: Loaded X.509 cert 'sforshee: 00b28ddf47aef9cea7'
[    0.984951] platform regulatory.0: Direct firmware load for regulatory.db failed with error -2
[    0.984962] cfg80211: failed to load regulatory.db
[    1.035737] ata1: SATA link up 1.5 Gbps (SStatus 113 SControl 300)
[    1.037354] ata1.00: ACPI cmd ef/02:00:00:00:00:a0 (SET FEATURES) succeeded
[    1.037362] ata1.00: ACPI cmd f5/00:00:00:00:00:a0 (SECURITY FREEZE LOCK) filtered out
[    1.037368] ata1.00: ACPI cmd ef/10:03:00:00:00:a0 (SET FEATURES) filtered out
[    1.038544] ata1.00: ATA-8: Hitachi HTS545050A7E380, GG2OA7J0, max UDMA/133
[    1.038550] ata1.00: 976773168 sectors, multi 16: LBA48 NCQ (depth 32), AA
[    1.040252] ata1.00: ACPI cmd ef/02:00:00:00:00:a0 (SET FEATURES) succeeded
[    1.040260] ata1.00: ACPI cmd f5/00:00:00:00:00:a0 (SECURITY FREEZE LOCK) filtered out
[    1.040266] ata1.00: ACPI cmd ef/10:03:00:00:00:a0 (SET FEATURES) filtered out
[    1.041464] ata1.00: configured for UDMA/133
[    1.051719] snd_hda_intel 0000:00:1b.0: bound 0000:00:02.0 (ops i915_audio_component_bind_ops)
[    1.073039] snd_hda_codec_generic hdaudioC0D0: autoconfig for Generic: line_outs=1 (0x1f/0x0/0x0/0x0/0x0) type:speaker
[    1.073043] snd_hda_codec_generic hdaudioC0D0:    speaker_outs=0 (0x0/0x0/0x0/0x0/0x0)
[    1.073046] snd_hda_codec_generic hdaudioC0D0:    hp_outs=1 (0x19/0x0/0x0/0x0/0x0)
[    1.073049] snd_hda_codec_generic hdaudioC0D0:    mono: mono_out=0x0
[    1.073051] snd_hda_codec_generic hdaudioC0D0:    inputs:
[    1.073055] snd_hda_codec_generic hdaudioC0D0:      Internal Mic=0x23
[    1.073058] snd_hda_codec_generic hdaudioC0D0:      Mic=0x1b
[    1.073067] Console: switching to colour frame buffer device 102x42
[    1.078316] snd_hda_codec_generic hdaudioC0D3: ignore pin 0x7, too many assigned pins
[    1.078324] snd_hda_codec_generic hdaudioC0D3: autoconfig for Generic: line_outs=0 (0x0/0x0/0x0/0x0/0x0) type:line
[    1.078329] snd_hda_codec_generic hdaudioC0D3:    speaker_outs=0 (0x0/0x0/0x0/0x0/0x0)
[    1.078335] snd_hda_codec_generic hdaudioC0D3:    hp_outs=0 (0x0/0x0/0x0/0x0/0x0)
[    1.078339] snd_hda_codec_generic hdaudioC0D3:    mono: mono_out=0x0
[    1.078344] snd_hda_codec_generic hdaudioC0D3:    dig-out=0x5/0x6
[    1.078348] snd_hda_codec_generic hdaudioC0D3:    inputs:
[    1.080531] input: HDA Intel PCH Mic as /devices/pci0000:00/0000:00:1b.0/sound/card0/input9
[    1.080651] input: HDA Intel PCH Headphone as /devices/pci0000:00/0000:00:1b.0/sound/card0/input10
[    1.080785] input: HDA Intel PCH HDMI as /devices/pci0000:00/0000:00:1b.0/sound/card0/input11
[    1.080909] input: HDA Intel PCH HDMI as /devices/pci0000:00/0000:00:1b.0/sound/card0/input12
[    1.195605] i915 0000:00:02.0: fb0: i915drmfb frame buffer device
[    1.197015] scsi 0:0:0:0: Direct-Access     ATA      Hitachi HTS54505 A7J0 PQ: 0 ANSI: 5
[    1.198844] sd 0:0:0:0: [sda] 976773168 512-byte logical blocks: (500 GB/466 GiB)
[    1.199009] sd 0:0:0:0: Attached scsi generic sg0 type 0
[    1.199786] sd 0:0:0:0: [sda] 4096-byte physical blocks
[    1.201708] sd 0:0:0:0: [sda] Write Protect is off
[    1.203154] sd 0:0:0:0: [sda] Mode Sense: 00 3a 00 00
[    1.203283] sd 0:0:0:0: [sda] Write cache: enabled, read cache: enabled, doesn't support DPO or FUA
[    1.263780] usb 1-1: new high-speed USB device number 2 using ehci-pci
[    1.283806] usb 2-1: new high-speed USB device number 2 using ehci-pci
[    1.420491] usb 1-1: New USB device found, idVendor=8087, idProduct=0024, bcdDevice= 0.00
[    1.421506] usb 1-1: New USB device strings: Mfr=0, Product=0, SerialNumber=0
[    1.423267] hub 1-1:1.0: USB hub found
[    1.424518] hub 1-1:1.0: 6 ports detected
[    1.440142] usb 2-1: New USB device found, idVendor=8087, idProduct=0024, bcdDevice= 0.00
[    1.441029] usb 2-1: New USB device strings: Mfr=0, Product=0, SerialNumber=0
[    1.442238] hub 2-1:1.0: USB hub found
[    1.443177] hub 2-1:1.0: 8 ports detected
[    1.516021] tsc: Refined TSC clocksource calibration: 2491.904 MHz
[    1.519217] clocksource: tsc: mask: 0xffffffffffffffff max_cycles: 0x23eb59c9ee2, max_idle_ns: 440795321417 ns
[    1.519225] ata2: SATA link down (SStatus 0 SControl 300)
[    1.525846] clocksource: Switched to clocksource tsc
[    1.528770]  sda: sda1 sda2 sda3 sda4
[    1.535504] sd 0:0:0:0: [sda] Attached SCSI disk
[    1.723703] usb 1-1.3: new full-speed USB device number 3 using ehci-pci
[    1.731651] usb 2-1.1: new high-speed USB device number 3 using ehci-pci
[    1.834839] usb 1-1.3: New USB device found, idVendor=147e, idProduct=2016, bcdDevice= 0.02
[    1.838149] usb 1-1.3: New USB device strings: Mfr=1, Product=2, SerialNumber=0
[    1.839412] usb 1-1.3: Product: Biometric Coprocessor
[    1.840624] usb 1-1.3: Manufacturer: UPEK
[    1.843785] ata3: SATA link up 3.0 Gbps (SStatus 123 SControl 300)
[    1.847313] usb 2-1.1: New USB device found, idVendor=05e3, idProduct=0608, bcdDevice=77.64
[    1.848657] usb 2-1.1: New USB device strings: Mfr=0, Product=1, SerialNumber=0
[    1.849759] usb 2-1.1: Product: USB2.0 Hub
[    1.851523] hub 2-1.1:1.0: USB hub found
[    1.853091] hub 2-1.1:1.0: 4 ports detected
[    1.859735] ata3.00: ACPI cmd ef/02:00:00:00:00:a0 (SET FEATURES) succeeded
[    1.859739] ata3.00: ACPI cmd f5/00:00:00:00:00:a0 (SECURITY FREEZE LOCK) filtered out
[    1.861693] ata3.00: ACPI cmd ef/10:03:00:00:00:a0 (SET FEATURES) filtered out
[    1.868585] ata3.00: ATA-8: KINGSTON SMS200S3240G, 60AABBF0, max UDMA/133
[    1.869941] psmouse serio1: synaptics: queried max coordinates: x [..5472], y [..4448]
[    1.870298] ata3.00: 468862128 sectors, multi 1: LBA48 NCQ (depth 32), AA
[    1.875357] ata3.00: ACPI cmd ef/02:00:00:00:00:a0 (SET FEATURES) succeeded
[    1.875822] ata3.00: ACPI cmd f5/00:00:00:00:00:a0 (SECURITY FREEZE LOCK) filtered out
[    1.878435] ata3.00: ACPI cmd ef/10:03:00:00:00:a0 (SET FEATURES) filtered out
[    1.886215] ata3.00: configured for UDMA/133
[    1.887856] scsi 2:0:0:0: Direct-Access     ATA      KINGSTON SMS200S BBF0 PQ: 0 ANSI: 5
[    1.889951] sd 2:0:0:0: Attached scsi generic sg1 type 0
[    1.889980] sd 2:0:0:0: [sdb] 468862128 512-byte logical blocks: (240 GB/224 GiB)
[    1.892538] sd 2:0:0:0: [sdb] Write Protect is off
[    1.893890] sd 2:0:0:0: [sdb] Mode Sense: 00 3a 00 00
[    1.894065] sd 2:0:0:0: [sdb] Write cache: enabled, read cache: enabled, doesn't support DPO or FUA
[    1.896535]  sdb: sdb2 sdb4
[    1.899658] sd 2:0:0:0: [sdb] Attached SCSI disk
[    1.919794] usb 1-1.4: new full-speed USB device number 4 using ehci-pci
[    1.939817] usb 2-1.2: new high-speed USB device number 4 using ehci-pci
[    1.956360] psmouse serio1: synaptics: Touchpad model: 1, fw: 8.0, id: 0x1e2b1, caps: 0xd001a3/0x940300/0x120c00/0x0, board id: 1611, fw id: 774180
[    1.960877] psmouse serio1: synaptics: serio: Synaptics pass-through port at isa0060/serio1/input0
[    2.014251] input: SynPS/2 Synaptics TouchPad as /devices/platform/i8042/serio1/input/input8
[    2.034335] usb 1-1.4: New USB device found, idVendor=0a5c, idProduct=217f, bcdDevice= 7.48
[    2.037296] usb 1-1.4: New USB device strings: Mfr=1, Product=2, SerialNumber=3
[    2.040193] usb 1-1.4: Product: Broadcom Bluetooth Device
[    2.041298] usb 1-1.4: Manufacturer: Broadcom Corp
[    2.042295] usb 1-1.4: SerialNumber: 7CE9D3B855AA
[    2.064777] usb 2-1.2: New USB device found, idVendor=1a40, idProduct=0101, bcdDevice= 1.11
[    2.067985] usb 2-1.2: New USB device strings: Mfr=0, Product=1, SerialNumber=0
[    2.070879] usb 2-1.2: Product: USB 2.0 Hub
[    2.074602] hub 2-1.2:1.0: USB hub found
[    2.075788] hub 2-1.2:1.0: 4 ports detected
[    2.135690] usb 1-1.6: new high-speed USB device number 5 using ehci-pci
[    2.147770] usb 2-1.1.2: new full-speed USB device number 5 using ehci-pci
[    2.207779] ata5: SATA link down (SStatus 0 SControl 300)
[    2.256616] usb 1-1.6: New USB device found, idVendor=04f2, idProduct=b217, bcdDevice= 8.54
[    2.260324] usb 1-1.6: New USB device strings: Mfr=1, Product=2, SerialNumber=0
[    2.261916] usb 1-1.6: Product: Integrated Camera
[    2.263438] usb 1-1.6: Manufacturer: Chicony Electronics Co., Ltd.
[    2.267687] uvcvideo: Found UVC 1.00 device Integrated Camera (04f2:b217)
[    2.279958] uvcvideo 1-1.6:1.0: Entity type for entity Extension 3 was not initialized!
[    2.281040] uvcvideo 1-1.6:1.0: Entity type for entity Processing 2 was not initialized!
[    2.282064] uvcvideo 1-1.6:1.0: Entity type for entity Camera 1 was not initialized!
[    2.283347] usb 2-1.1.2: New USB device found, idVendor=0a12, idProduct=0001, bcdDevice=88.91
[    2.285474] usb 2-1.1.2: New USB device strings: Mfr=0, Product=2, SerialNumber=0
[    2.287979] usb 2-1.1.2: Product: CSR8510 A10
[    2.487786] usb 2-1.2.1: new low-speed USB device number 6 using ehci-pci
[    2.738708] usb 2-1.2.1: New USB device found, idVendor=06a3, idProduct=053f, bcdDevice= 0.02
[    2.742298] usb 2-1.2.1: New USB device strings: Mfr=1, Product=2, SerialNumber=3
[    2.745794] usb 2-1.2.1: Product: Saitek X36
[    2.749190] usb 2-1.2.1: Manufacturer: Saitek
[    2.752490] usb 2-1.2.1: SerialNumber: 00103464
[    2.795870] input: Saitek Saitek X36 as /devices/pci0000:00/0000:00:1d.0/usb2/2-1/2-1.2/2-1.2.1/2-1.2.1:1.0/0003:06A3:053F.0001/input/input14
[    2.803531] hid-generic 0003:06A3:053F.0001: input,hidraw0: USB HID v1.00 Joystick [Saitek Saitek X36] on usb-0000:00:1d.0-1.2.1/input0
[    2.807056] psmouse serio2: trackpoint: IBM TrackPoint firmware: 0x0e, buttons: 3/3
[    3.003787] usb 2-1.2.2: new low-speed USB device number 7 using ehci-pci
[    3.070652] input: TPPS/2 IBM TrackPoint as /devices/platform/i8042/serio1/serio2/input/input13
[    3.221881] PM: Image not found (code -22)
[    3.221961] ALSA device list:
[    3.225421]   #0: HDA Intel PCH at 0xf2520000 irq 22
[    3.229504] md: Waiting for all devices to be available before autodetect
[    3.233052] md: If you don't use raid, use raid=noautodetect
[    3.237118] md: Autodetecting RAID arrays.
[    3.238043] md: autorun ...
[    3.238913] md: ... autorun DONE.
[    3.245389] usb 2-1.2.2: New USB device found, idVendor=046d, idProduct=c050, bcdDevice=27.20
[    3.246389] usb 2-1.2.2: New USB device strings: Mfr=1, Product=2, SerialNumber=0
[    3.247379] usb 2-1.2.2: Product: USB-PS/2 Optical Mouse
[    3.248364] usb 2-1.2.2: Manufacturer: Logitech
[    3.249725] EXT4-fs (sdb4): mounted filesystem with ordered data mode. Opts: (null)
[    3.251826] VFS: Mounted root (ext4 filesystem) readonly on device 8:20.
[    3.254002] devtmpfs: mounted
[    3.256681] Freeing unused kernel image memory: 1088K
[    3.272168] Write protecting the kernel read-only data: 24576k
[    3.274135] Freeing unused kernel image memory: 2012K
[    3.275542] Freeing unused kernel image memory: 872K
[    3.289098] x86/mm: Checked W+X mappings: passed, no W+X pages found.
[    3.290059] rodata_test: all tests were successful
[    3.291015] x86/mm: Checking user space page tables
[    3.296942] input: Logitech USB-PS/2 Optical Mouse as /devices/pci0000:00/0000:00:1d.0/usb2/2-1/2-1.2/2-1.2.2/2-1.2.2:1.0/0003:046D:C050.0002/input/input15
[    3.299289] hid-generic 0003:046D:C050.0002: input,hidraw1: USB HID v1.10 Mouse [Logitech USB-PS/2 Optical Mouse] on usb-0000:00:1d.0-1.2.2/input0
[    3.300404] x86/mm: Checked W+X mappings: passed, no W+X pages found.
[    3.302344] Run /sbin/init as init process
[    3.331236] random: systemd: uninitialized urandom read (16 bytes read)
[    3.332849] systemd[1]: systemd 215 running in system mode. (+PAM +AUDIT +SELINUX +IMA +SYSVINIT +LIBCRYPTSETUP +GCRYPT +ACL +XZ -SECCOMP -APPARMOR)
[    3.352124] systemd[1]: Detected architecture 'x86-64'.
[    3.367341] systemd[1]: Failed to insert module 'ipv6'
[    3.369437] systemd[1]: Set hostname to <duo>.
[    3.386053] random: systemd-sysv-ge: uninitialized urandom read (16 bytes read)
[    3.427898] random: systemd-sysv-ge: uninitialized urandom read (16 bytes read)
[    3.483666] usb 2-1.2.3: new low-speed USB device number 8 using ehci-pci
[    3.496206] systemd[1]: Binding to IPv6 address not available since kernel does not support IPv6.
[    3.497118] systemd[1]: [/lib/systemd/system/gpsd.socket:6] Failed to parse address value, ignoring: [::1]:2947
[    3.500649] systemd[1]: Starting Forward Password Requests to Wall Directory Watch.
[    3.501886] systemd[1]: Started Forward Password Requests to Wall Directory Watch.
[    3.502898] systemd[1]: Starting Remote File Systems (Pre).
[    3.506202] systemd[1]: Reached target Remote File Systems (Pre).
[    3.625035] systemd-udevd[1996]: starting version 215
[    3.703550] usb 2-1.2.3: New USB device found, idVendor=04f2, idProduct=0111, bcdDevice= 1.02
[    3.704343] usb 2-1.2.3: New USB device strings: Mfr=1, Product=2, SerialNumber=0
[    3.705037] usb 2-1.2.3: Product: USB Keyboard
[    3.705717] usb 2-1.2.3: Manufacturer: Chicony
[    3.713366] input: Chicony USB Keyboard as /devices/pci0000:00/0000:00:1d.0/usb2/2-1/2-1.2/2-1.2.3/2-1.2.3:1.0/0003:04F2:0111.0003/input/input16
[    3.772813] hid-generic 0003:04F2:0111.0003: input,hidraw2: USB HID v1.10 Keyboard [Chicony USB Keyboard] on usb-0000:00:1d.0-1.2.3/input0
[    3.790505] input: Chicony USB Keyboard System Control as /devices/pci0000:00/0000:00:1d.0/usb2/2-1/2-1.2/2-1.2.3/2-1.2.3:1.1/0003:04F2:0111.0004/input/input17
[    3.847866] input: Chicony USB Keyboard Consumer Control as /devices/pci0000:00/0000:00:1d.0/usb2/2-1/2-1.2/2-1.2.3/2-1.2.3:1.1/0003:04F2:0111.0004/input/input18
[    3.850241] hid-generic 0003:04F2:0111.0004: input,hiddev96,hidraw3: USB HID v1.10 Device [Chicony USB Keyboard] on usb-0000:00:1d.0-1.2.3/input1
[    3.935918] e1000e 0000:00:19.0 eth2: renamed from eth0
[    3.952027] systemd-udevd[2570]: renamed network interface eth0 to eth2
[    3.984516] iwlwifi 0000:03:00.0 wlan1: renamed from wlan0
[    3.999906] systemd-udevd[2573]: renamed network interface wlan0 to wlan1
[    4.103914] Bluetooth: hci0: urb (____ptrval____) failed to resubmit (2)
[    5.157678] Adding 1681428k swap on /dev/sda1.  Priority:-2 extents:1 across:1681428k 
[    5.438468] random: crng init done
[    5.439597] random: 7 urandom warning(s) missed due to ratelimiting
[    5.526137] EXT4-fs (sdb4): re-mounted. Opts: errors=remount-ro
[  262.581985] EXT4-fs (sda2): mounted filesystem with ordered data mode. Opts: errors=remount-ro
[  262.642209] EXT4-fs (sdb2): mounted filesystem with ordered data mode. Opts: errors=remount-ro
[  262.688038] systemd-journald[2000]: Received request to flush runtime journal from PID 1
[  263.544650] device-mapper: table: 251:0: thin-pool: unknown target type
[  263.545269] device-mapper: ioctl: error adding target to table
[  264.775171] iwlwifi 0000:03:00.0: Radio type=0x0-0x0-0x3
[  264.847085] iwlwifi 0000:03:00.0: Radio type=0x0-0x0-0x3
[  266.605606] e1000e: eth2 NIC Link is Up 100 Mbps Full Duplex, Flow Control: Rx/Tx
[  266.605614] e1000e 0000:00:19.0 eth2: 10/100 speed: disabling TSO
