[    0.000000] Linux version 4.19.0-rc8-next-20181017autobisect1539371050 (pavel@amd) (gcc version 4.9.2 (Debian 4.9.2-10+deb8u1)) #189 SMP Wed Oct 17 12:04:23 CEST 2018
[    0.000000] Disabled fast string operations
[    0.000000] x86/fpu: x87 FPU will use FXSAVE
[    0.000000] BIOS-provided physical RAM map:
[    0.000000] BIOS-e820: [mem 0x0000000000000000-0x000000000009efff] usable
[    0.000000] BIOS-e820: [mem 0x000000000009f000-0x000000000009ffff] reserved
[    0.000000] BIOS-e820: [mem 0x00000000000dc000-0x00000000000fffff] reserved
[    0.000000] BIOS-e820: [mem 0x0000000000100000-0x00000000bf6cffff] usable
[    0.000000] BIOS-e820: [mem 0x00000000bf6d0000-0x00000000bf6defff] ACPI data
[    0.000000] BIOS-e820: [mem 0x00000000bf6df000-0x00000000bf6fffff] ACPI NVS
[    0.000000] BIOS-e820: [mem 0x00000000bf700000-0x00000000bfffffff] reserved
[    0.000000] BIOS-e820: [mem 0x00000000f0000000-0x00000000f3ffffff] reserved
[    0.000000] BIOS-e820: [mem 0x00000000fec00000-0x00000000fec0ffff] reserved
[    0.000000] BIOS-e820: [mem 0x00000000fed00000-0x00000000fed003ff] reserved
[    0.000000] BIOS-e820: [mem 0x00000000fed14000-0x00000000fed19fff] reserved
[    0.000000] BIOS-e820: [mem 0x00000000fed1c000-0x00000000fed8ffff] reserved
[    0.000000] BIOS-e820: [mem 0x00000000fee00000-0x00000000fee00fff] reserved
[    0.000000] BIOS-e820: [mem 0x00000000ff800000-0x00000000ffffffff] reserved
[    0.000000] NX (Execute Disable) protection: active
[    0.000000] SMBIOS 2.4 present.
[    0.000000] DMI: LENOVO 17097HU/17097HU, BIOS 7BETD8WW (2.19 ) 03/31/2011
[    0.000000] tsc: Fast TSC calibration using PIT
[    0.000000] tsc: Detected 1828.800 MHz processor
[    0.014171] e820: update [mem 0x00000000-0x00000fff] usable ==> reserved
[    0.014176] e820: remove [mem 0x000a0000-0x000fffff] usable
[    0.014189] last_pfn = 0xbf6d0 max_arch_pfn = 0x1000000
[    0.014201] MTRR default type: uncachable
[    0.014204] MTRR fixed ranges enabled:
[    0.014208]   00000-9FFFF write-back
[    0.014211]   A0000-BFFFF uncachable
[    0.014213]   C0000-CFFFF write-protect
[    0.014216]   D0000-DBFFF uncachable
[    0.014219]   DC000-DFFFF write-back
[    0.014222]   E0000-FFFFF write-protect
[    0.014224] MTRR variable ranges enabled:
[    0.014227]   0 base 000000000 mask F80000000 write-back
[    0.014231]   1 base 080000000 mask FC0000000 write-back
[    0.014234]   2 base 0BF700000 mask FFFF00000 uncachable
[    0.014237]   3 base 0BF800000 mask FFF800000 uncachable
[    0.014239]   4 disabled
[    0.014241]   5 disabled
[    0.014244]   6 disabled
[    0.014246]   7 disabled
[    0.015334] x86/PAT: PAT not supported by CPU.
[    0.016488] x86/PAT: Configuration [0-7]: WB  WT  UC- UC  WB  WT  UC- UC  
[    0.016508] initial memory mapped: [mem 0x00000000-0x05dfffff]
[    0.016517] Base memory trampoline at [(ptrval)] 9b000 size 16384
[    0.016596] BRK [0x05877000, 0x05877fff] PGTABLE
[    0.016615] BRK [0x05878000, 0x05878fff] PGTABLE
[    0.016625] ACPI: Early table checksum verification disabled
[    0.016806] ACPI: RSDP 0x00000000000F67C0 000024 (v02 LENOVO)
[    0.016815] ACPI: XSDT 0x00000000BF6D191C 000084 (v01 LENOVO TP-7B    00002190  LTP 00000000)
[    0.016828] ACPI: FACP 0x00000000BF6D1A00 0000F4 (v03 LENOVO TP-7B    00002190 LNVO 00000001)
[    0.016839] ACPI BIOS Warning (bug): 32/64X length mismatch in FADT/Gpe0Block: 64/32 (20181003/tbfadt-569)
[    0.016846] ACPI BIOS Warning (bug): Optional FADT field Gpe1Block has valid Address but zero Length: 0x000000000000102C/0x0 (20181003/tbfadt-624)
[    0.016856] ACPI: DSDT 0x00000000BF6D1D90 00CFB9 (v01 LENOVO TP-7B    00002190 MSFT 0100000E)
[    0.016865] ACPI: FACS 0x00000000BF6F4000 000040
[    0.016872] ACPI: FACS 0x00000000BF6F4000 000040
[    0.016879] ACPI: SSDT 0x00000000BF6D1BB4 0001DC (v01 LENOVO TP-7B    00002190 MSFT 0100000E)
[    0.016888] ACPI: ECDT 0x00000000BF6DED49 000052 (v01 LENOVO TP-7B    00002190 LNVO 00000001)
[    0.016897] ACPI: TCPA 0x00000000BF6DED9B 000032 (v02 LENOVO TP-7B    00002190 LNVO 00000001)
[    0.016905] ACPI: APIC 0x00000000BF6DEDCD 000068 (v01 LENOVO TP-7B    00002190 LNVO 00000001)
[    0.016914] ACPI: MCFG 0x00000000BF6DEE35 00003C (v01 LENOVO TP-7B    00002190 LNVO 00000001)
[    0.016923] ACPI: HPET 0x00000000BF6DEE71 000038 (v01 LENOVO TP-7B    00002190 LNVO 00000001)
[    0.016931] ACPI: BOOT 0x00000000BF6DEFD8 000028 (v01 LENOVO TP-7B    00002190  LTP 00000001)
[    0.016940] ACPI: SSDT 0x00000000BF6F2645 00025F (v01 LENOVO TP-7B    00002190 INTL 20050513)
[    0.016949] ACPI: SSDT 0x00000000BF6F28A4 0000A6 (v01 LENOVO TP-7B    00002190 INTL 20050513)
[    0.016957] ACPI: SSDT 0x00000000BF6F294A 0004F7 (v01 LENOVO TP-7B    00002190 INTL 20050513)
[    0.016966] ACPI: SSDT 0x00000000BF6F2E41 0001D8 (v01 LENOVO TP-7B    00002190 INTL 20050513)
[    0.016986] ACPI: Local APIC address 0xfee00000
[    0.016992] 2176MB HIGHMEM available.
[    0.016997] 885MB LOWMEM available.
[    0.017000]   mapped low ram: 0 - 375fe000
[    0.017004]   low ram: 0 - 375fe000
[    0.017015] BRK [0x05879000, 0x05879fff] PGTABLE
[    0.017020] Zone ranges:
[    0.017023]   DMA      [mem 0x0000000000001000-0x0000000000ffffff]
[    0.017028]   Normal   [mem 0x0000000001000000-0x00000000375fdfff]
[    0.017033]   HighMem  [mem 0x00000000375fe000-0x00000000bf6cffff]
[    0.017038] Movable zone start for each node
[    0.017041] Early memory node ranges
[    0.017045]   node   0: [mem 0x0000000000001000-0x000000000009efff]
[    0.017049]   node   0: [mem 0x0000000000100000-0x00000000bf6cffff]
[    0.017055] Initmem setup node 0 [mem 0x0000000000001000-0x00000000bf6cffff]
[    0.017061] On node 0 totalpages: 783982
[    0.028441]   DMA zone: 32 pages used for memmap
[    0.028445]   DMA zone: 0 pages reserved
[    0.028448]   DMA zone: 3998 pages, LIFO batch:0
[    0.028560]   Normal zone: 1740 pages used for memmap
[    0.028563]   Normal zone: 222718 pages, LIFO batch:63
[    0.034242]   HighMem zone: 557266 pages, LIFO batch:63
[    0.048475] Using APIC driver default
[    0.048492] Reserving Intel graphics memory at [mem 0xbf800000-0xbfffffff]
[    0.048977] ACPI: PM-Timer IO Port: 0x1008
[    0.048982] ACPI: Local APIC address 0xfee00000
[    0.048994] ACPI: LAPIC_NMI (acpi_id[0x00] high edge lint[0x1])
[    0.048998] ACPI: LAPIC_NMI (acpi_id[0x01] high edge lint[0x1])
[    0.049030] IOAPIC[0]: apic_id 1, version 32, address 0xfec00000, GSI 0-23
[    0.049037] ACPI: INT_SRC_OVR (bus 0 bus_irq 0 global_irq 2 dfl dfl)
[    0.049042] ACPI: INT_SRC_OVR (bus 0 bus_irq 9 global_irq 9 high level)
[    0.049048] ACPI: IRQ0 used by override.
[    0.049052] ACPI: IRQ9 used by override.
[    0.049058] Using ACPI (MADT) for SMP configuration information
[    0.049063] ACPI: HPET id: 0x8086a201 base: 0xfed00000
[    0.049076] smpboot: Allowing 2 CPUs, 0 hotplug CPUs
[    0.049117] PM: Registered nosave memory: [mem 0x00000000-0x00000fff]
[    0.049123] PM: Registered nosave memory: [mem 0x0009f000-0x0009ffff]
[    0.049127] PM: Registered nosave memory: [mem 0x000a0000-0x000dbfff]
[    0.049131] PM: Registered nosave memory: [mem 0x000dc000-0x000fffff]
[    0.049140] [mem 0xc0000000-0xefffffff] available for PCI devices
[    0.049147] clocksource: refined-jiffies: mask: 0xffffffff max_cycles: 0xffffffff, max_idle_ns: 7645519600211568 ns
[    0.049175] random: get_random_bytes called from start_kernel+0x74/0x351 with crng_init=0
[    0.049189] setup_percpu: NR_CPUS:8 nr_cpumask_bits:8 nr_cpu_ids:2 nr_node_ids:1
[    0.049451] percpu: Embedded 37 pages/cpu @(ptrval) s119144 r0 d32408 u151552
[    0.049465] pcpu-alloc: s119144 r0 d32408 u151552 alloc=37*4096
[    0.049468] pcpu-alloc: [0] 0 [0] 1 
[    0.049501] Built 1 zonelists, mobility grouping on.  Total pages: 782210
[    0.049512] Kernel command line: BOOT_IMAGE=(hd0,2)/fast/l/linux-next-32/arch/x86/boot/bzImage root=/dev/sda4 resume=/dev/sda1
[    0.049930] Dentry cache hash table entries: 131072 (order: 7, 524288 bytes)
[    0.050046] Inode-cache hash table entries: 65536 (order: 6, 262144 bytes)
[    0.050071] Initializing CPU#0
[    0.082875] Initializing HighMem for node 0 (000375fe:000bf6d0)
[    0.410453] Initializing Movable for node 0 (00000000:00000000)
[    0.482395] Memory: 3019240K/3135928K available (12369K kernel code, 708K rwdata, 4808K rodata, 640K init, 6116K bss, 116688K reserved, 0K cma-reserved, 2229064K highmem)
[    0.482406] virtual kernel memory layout:
    fixmap  : 0xffe70000 - 0xfffff000   (1596 kB)
  cpu_entry : 0xffa00000 - 0xffb31000   (1220 kB)
    pkmap   : 0xff600000 - 0xff800000   (2048 kB)
    vmalloc : 0xf7dfe000 - 0xff5fe000   ( 120 MB)
    lowmem  : 0xc0000000 - 0xf75fe000   ( 885 MB)
      .init : 0xc51a2000 - 0xc5242000   ( 640 kB)
      .data : 0xc4c145b8 - 0xc517f000   (5546 kB)
      .text : 0xc4000000 - 0xc4c145b8   (12369 kB)
[    0.482412] Checking if this processor honours the WP bit even in supervisor mode...Ok.
[    0.482854] Kernel/User page tables isolation: enabled
[    0.483128] rcu: Hierarchical RCU implementation.
[    0.483133] rcu: 	RCU restricting CPUs from NR_CPUS=8 to nr_cpu_ids=2.
[    0.483138] rcu: RCU calculated value of scheduler-enlistment delay is 25 jiffies.
[    0.483142] rcu: Adjusting geometry for rcu_fanout_leaf=16, nr_cpu_ids=2
[    0.483185] NR_IRQS: 2304, nr_irqs: 56, preallocated irqs: 16
[    0.483475] CPU 0 irqstacks, hard=(ptrval) soft=(ptrval)
[    0.486081] Console: colour VGA+ 80x25
[    0.494119] printk: console [tty0] enabled
[    0.494190] Lock dependency validator: Copyright (c) 2006 Red Hat, Inc., Ingo Molnar
[    0.494277] ... MAX_LOCKDEP_SUBCLASSES:  8
[    0.494348] ... MAX_LOCK_DEPTH:          48
[    0.494420] ... MAX_LOCKDEP_KEYS:        8191
[    0.494492] ... CLASSHASH_SIZE:          4096
[    0.494565] ... MAX_LOCKDEP_ENTRIES:     32768
[    0.494638] ... MAX_LOCKDEP_CHAINS:      65536
[    0.494710] ... CHAINHASH_SIZE:          32768
[    0.494784]  memory used by lock dependency info: 4351 kB
[    0.494861]  per task-struct memory footprint: 1344 bytes
[    0.495565] ACPI: Core revision 20181003
[    0.496117] clocksource: hpet: mask: 0xffffffff max_cycles: 0xffffffff, max_idle_ns: 133484882848 ns
[    0.496245] hpet clockevent registered
[    0.496260] APIC: Switch to symmetric I/O mode setup
[    0.496336] Enabling APIC mode:  Flat.  Using 1 I/O APICs
[    0.496972] ..TIMER: vector=0x30 apic1=0 pin1=2 apic2=-1 pin2=-1
[    0.516255] clocksource: tsc-early: mask: 0xffffffffffffffff max_cycles: 0x1a5c6fe5f9c, max_idle_ns: 440795224499 ns
[    0.516377] Calibrating delay loop (skipped), value calculated using timer frequency.. 3657.60 BogoMIPS (lpj=7315200)
[    0.516495] pid_max: default: 32768 minimum: 301
[    0.516833] Mount-cache hash table entries: 2048 (order: 1, 8192 bytes)
[    0.516926] Mountpoint-cache hash table entries: 2048 (order: 1, 8192 bytes)
[    0.517625] *** VALIDATE proc ***
[    0.517799] *** VALIDATE cgroup1 ***
[    0.517872] *** VALIDATE cgroup2 ***
[    0.517956] Disabled fast string operations
[    0.518042] process: using mwait in idle threads
[    0.518126] Last level iTLB entries: 4KB 128, 2MB 0, 4MB 2
[    0.518205] Last level dTLB entries: 4KB 128, 2MB 0, 4MB 8, 1GB 0
[    0.518289] Spectre V2 : Mitigation: Full generic retpoline
[    0.518369] Spectre V2 : Spectre v2 / SpectreRSB mitigation: Filling RSB on context switch
[    0.518462] L1TF: System has more than MAX_PA/2 memory. L1TF mitigation not effective.
[    0.518552] L1TF: You may make it effective by booting the kernel with mem=2147483648 parameter.
[    0.518659] L1TF: However, doing so will make a part of your RAM unusable.
[    0.518744] L1TF: Reading https://www.kernel.org/doc/html/latest/admin-guide/l1tf.html might help you decide.
[    0.519088] Freeing SMP alternatives memory: 44K
[    0.524375] smpboot: CPU0: Genuine Intel(R) CPU           T2400  @ 1.83GHz (family: 0x6, model: 0xe, stepping: 0x8)
[    0.524375] Performance Events: Core events, core PMU driver.
[    0.524375] ... version:                1
[    0.524375] ... bit width:              40
[    0.524375] ... generic registers:      2
[    0.524375] ... value mask:             000000ffffffffff
[    0.524375] ... max period:             000000007fffffff
[    0.524375] ... fixed-purpose events:   0
[    0.524375] ... event mask:             0000000000000003
[    0.524375] rcu: Hierarchical SRCU implementation.
[    0.524375] NMI watchdog: Enabled. Permanently consumes one hw-PMU counter.
[    0.524446] smp: Bringing up secondary CPUs ...
[    0.525435] CPU 1 irqstacks, hard=(ptrval) soft=(ptrval)
[    0.525438] x86: Booting SMP configuration:
[    0.525520] .... node  #0, CPUs:      #1
[    0.016864] Initializing CPU#1
[    0.016864] Disabled fast string operations
[    0.527970] TSC synchronization [CPU#0 -> CPU#1]:
[    0.528278] Measured 580195 cycles TSC warp between CPUs, turning off TSC clock.
[    0.528375] tsc: Marking TSC unstable due to check_tsc_sync_source failed
[    0.528561] smp: Brought up 1 node, 2 CPUs
[    0.528561] smpboot: Max logical packages: 1
[    0.528561] smpboot: Total of 2 processors activated (7315.20 BogoMIPS)
[    0.530227] devtmpfs: initialized
[    0.530227] PM: Registering ACPI NVS region [mem 0xbf6df000-0xbf6fffff] (135168 bytes)
[    0.532456] clocksource: jiffies: mask: 0xffffffff max_cycles: 0xffffffff, max_idle_ns: 7645041785100000 ns
[    0.532571] futex hash table entries: 512 (order: 3, 32768 bytes)
[    0.533541] NET: Registered protocol family 16
[    0.535230] cpuidle: using governor ladder
[    0.535230] cpuidle: using governor menu
[    0.536528] Simple Boot Flag at 0x35 set to 0x1
[    0.536643] ACPI FADT declares the system doesn't support PCIe ASPM, so disable it
[    0.536739] ACPI: bus type PCI registered
[    0.537034] PCI: MMCONFIG for domain 0000 [bus 00-3f] at [mem 0xf0000000-0xf3ffffff] (base 0xf0000000)
[    0.537150] PCI: MMCONFIG at [mem 0xf0000000-0xf3ffffff] reserved in E820
[    0.537235] PCI: Using MMCONFIG for extended config space
[    0.537314] PCI: Using configuration type 1 for base access
[    0.537781] mtrr: your CPUs had inconsistent variable MTRR settings
[    0.537864] mtrr: probably your BIOS does not setup all CPUs.
[    0.537945] mtrr: corrected configuration.
[    0.595448] ACPI: Added _OSI(Module Device)
[    0.595532] ACPI: Added _OSI(Processor Device)
[    0.595608] ACPI: Added _OSI(3.0 _SCP Extensions)
[    0.595685] ACPI: Added _OSI(Processor Aggregator Device)
[    0.595767] ACPI: Added _OSI(Linux-Dell-Video)
[    0.595844] ACPI: Added _OSI(Linux-Lenovo-NV-HDMI-Audio)
[    0.595946] ACPI: EC: EC started
[    0.596019] ACPI: EC: interrupt blocked
[    0.596149] ACPI: \: Used as first EC
[    0.596224] ACPI: \: GPE=0x1c, EC_CMD/EC_SC=0x66, EC_DATA=0x62
[    0.596309] ACPI: \: Used as boot ECDT EC to handle transactions
[    0.660391] ACPI: 6 ACPI AML tables successfully acquired and loaded
[    0.685740] ACPI: Dynamic OEM Table Load:
[    0.685832] ACPI: SSDT 0x00000000F1105400 000240 (v01 PmRef  Cpu0Ist  00000100 INTL 20050513)
[    0.687438] ACPI: Dynamic OEM Table Load:
[    0.687527] ACPI: SSDT 0x00000000F1111000 00065A (v01 PmRef  Cpu0Cst  00000100 INTL 20050513)
[    0.690284] ACPI: Dynamic OEM Table Load:
[    0.690284] ACPI: SSDT 0x00000000F18B8800 0000C8 (v01 PmRef  Cpu1Ist  00000100 INTL 20050513)
[    0.692550] ACPI: Dynamic OEM Table Load:
[    0.692638] ACPI: SSDT 0x00000000F18BE540 000085 (v01 PmRef  Cpu1Cst  00000100 INTL 20050513)
[    0.697016] ACPI: Interpreter enabled
[    0.697200] ACPI: (supports S0 S3 S4 S5)
[    0.697281] ACPI: Using IOAPIC for interrupt routing
[    0.697507] PCI: Using host bridge windows from ACPI; if necessary, use "pci=nocrs" and report a bug
[    0.698594] ACPI: Enabled 4 GPEs in block 00 to 1F
[    0.721132] ACPI: Power Resource [PUBS] (on)
[    0.722252] acpi PNP0C0A:01: ACPI dock station (docks/bays count: 1)
[    0.729778] acpi LNXIOBAY:00: ACPI dock station (docks/bays count: 2)
[    0.744396] acpi IBM0079:00: ACPI dock station (docks/bays count: 3)
[    0.746719] ACPI: PCI Interrupt Link [LNKA] (IRQs 3 4 5 6 7 9 10 *11)
[    0.747536] ACPI: PCI Interrupt Link [LNKB] (IRQs 3 4 5 6 7 9 10 *11)
[    0.748351] ACPI: PCI Interrupt Link [LNKC] (IRQs 3 4 5 6 7 9 10 *11)
[    0.749099] ACPI: PCI Interrupt Link [LNKD] (IRQs 3 4 5 6 7 9 10 *11)
[    0.749913] ACPI: PCI Interrupt Link [LNKE] (IRQs 3 4 5 6 7 9 10 *11)
[    0.750727] ACPI: PCI Interrupt Link [LNKF] (IRQs 3 4 5 6 7 9 10 *11)
[    0.751541] ACPI: PCI Interrupt Link [LNKG] (IRQs 3 4 5 6 7 9 10 *11)
[    0.752443] ACPI: PCI Interrupt Link [LNKH] (IRQs 3 4 5 6 7 9 10 *11)
[    0.752976] ACPI: PCI Root Bridge [PCI0] (domain 0000 [bus 00-ff])
[    0.753073] acpi PNP0A08:00: _OSC: OS supports [ExtendedConfig ASPM ClockPM Segments]
[    0.754089] acpi PNP0A08:00: _OSC: not requesting OS control; OS requires [ExtendedConfig ASPM ClockPM MSI]
[    0.754221] acpi PNP0A08:00: [Firmware Info]: MMCONFIG for domain 0000 [bus 00-3f] only partially covers this bridge
[    0.754587] PCI host bridge to bus 0000:00
[    0.754667] pci_bus 0000:00: root bus resource [io  0x0000-0x0cf7 window]
[    0.754760] pci_bus 0000:00: root bus resource [io  0x0d00-0xffff window]
[    0.754851] pci_bus 0000:00: root bus resource [mem 0x000a0000-0x000bffff window]
[    0.754946] pci_bus 0000:00: root bus resource [mem 0x000d0000-0x000d3fff window]
[    0.755040] pci_bus 0000:00: root bus resource [mem 0x000d4000-0x000d7fff window]
[    0.755135] pci_bus 0000:00: root bus resource [mem 0x000d8000-0x000dbfff window]
[    0.755229] pci_bus 0000:00: root bus resource [mem 0xc0000000-0xfebfffff window]
[    0.755324] pci_bus 0000:00: root bus resource [mem 0xfed40000-0xfed40fff window]
[    0.755420] pci_bus 0000:00: root bus resource [bus 00-ff]
[    0.755534] pci 0000:00:00.0: [8086:27a0] type 00 class 0x060000
[    0.755986] pci 0000:00:02.0: [8086:27a2] type 00 class 0x030000
[    0.756008] pci 0000:00:02.0: reg 0x10: [mem 0xee100000-0xee17ffff]
[    0.756018] pci 0000:00:02.0: reg 0x14: [io  0x1800-0x1807]
[    0.756029] pci 0000:00:02.0: reg 0x18: [mem 0xd0000000-0xdfffffff pref]
[    0.756039] pci 0000:00:02.0: reg 0x1c: [mem 0xee200000-0xee23ffff]
[    0.756495] pci 0000:00:02.1: [8086:27a6] type 00 class 0x038000
[    0.756514] pci 0000:00:02.1: reg 0x10: [mem 0xee180000-0xee1fffff]
[    0.756997] pci 0000:00:1b.0: [8086:27d8] type 00 class 0x040300
[    0.757041] pci 0000:00:1b.0: reg 0x10: [mem 0xee240000-0xee243fff 64bit]
[    0.757200] pci 0000:00:1b.0: PME# supported from D0 D3hot D3cold
[    0.757646] pci 0000:00:1c.0: [8086:27d0] type 01 class 0x060400
[    0.757819] pci 0000:00:1c.0: PME# supported from D0 D3hot D3cold
[    0.758258] pci 0000:00:1c.1: [8086:27d2] type 01 class 0x060400
[    0.758431] pci 0000:00:1c.1: PME# supported from D0 D3hot D3cold
[    0.758870] pci 0000:00:1c.2: [8086:27d4] type 01 class 0x060400
[    0.759042] pci 0000:00:1c.2: PME# supported from D0 D3hot D3cold
[    0.759486] pci 0000:00:1c.3: [8086:27d6] type 01 class 0x060400
[    0.759659] pci 0000:00:1c.3: PME# supported from D0 D3hot D3cold
[    0.760097] pci 0000:00:1d.0: [8086:27c8] type 00 class 0x0c0300
[    0.760174] pci 0000:00:1d.0: reg 0x20: [io  0x1820-0x183f]
[    0.760643] pci 0000:00:1d.1: [8086:27c9] type 00 class 0x0c0300
[    0.760721] pci 0000:00:1d.1: reg 0x20: [io  0x1840-0x185f]
[    0.761160] pci 0000:00:1d.2: [8086:27ca] type 00 class 0x0c0300
[    0.761236] pci 0000:00:1d.2: reg 0x20: [io  0x1860-0x187f]
[    0.761681] pci 0000:00:1d.3: [8086:27cb] type 00 class 0x0c0300
[    0.761757] pci 0000:00:1d.3: reg 0x20: [io  0x1880-0x189f]
[    0.762192] pci 0000:00:1d.7: [8086:27cc] type 00 class 0x0c0320
[    0.762227] pci 0000:00:1d.7: reg 0x10: [mem 0xee444000-0xee4443ff]
[    0.762367] pci 0000:00:1d.7: PME# supported from D0 D3hot D3cold
[    0.762779] pci 0000:00:1e.0: [8086:2448] type 01 class 0x060401
[    0.763291] pci 0000:00:1f.0: [8086:27b9] type 00 class 0x060100
[    0.763448] pci 0000:00:1f.0: quirk: [io  0x1000-0x107f] claimed by ICH6 ACPI/GPIO/TCO
[    0.763550] pci 0000:00:1f.0: quirk: [io  0x1180-0x11bf] claimed by ICH6 GPIO
[    0.763645] pci 0000:00:1f.0: ICH7 LPC Generic IO decode 1 PIO at 1600 (mask 007f)
[    0.763741] pci 0000:00:1f.0: ICH7 LPC Generic IO decode 2 PIO at 15e0 (mask 000f)
[    0.763837] pci 0000:00:1f.0: ICH7 LPC Generic IO decode 3 PIO at 1680 (mask 001f)
[    0.764361] pci 0000:00:1f.1: [8086:27df] type 00 class 0x01018a
[    0.764399] pci 0000:00:1f.1: reg 0x10: [io  0x0000-0x0007]
[    0.764415] pci 0000:00:1f.1: reg 0x14: [io  0x0000-0x0003]
[    0.764431] pci 0000:00:1f.1: reg 0x18: [io  0x0000-0x0007]
[    0.764447] pci 0000:00:1f.1: reg 0x1c: [io  0x0000-0x0003]
[    0.764463] pci 0000:00:1f.1: reg 0x20: [io  0x1810-0x181f]
[    0.764496] pci 0000:00:1f.1: legacy IDE quirk: reg 0x10: [io  0x01f0-0x01f7]
[    0.764588] pci 0000:00:1f.1: legacy IDE quirk: reg 0x14: [io  0x03f6]
[    0.764677] pci 0000:00:1f.1: legacy IDE quirk: reg 0x18: [io  0x0170-0x0177]
[    0.764769] pci 0000:00:1f.1: legacy IDE quirk: reg 0x1c: [io  0x0376]
[    0.765253] pci 0000:00:1f.2: [8086:27c5] type 00 class 0x010601
[    0.765287] pci 0000:00:1f.2: reg 0x10: [io  0x18d0-0x18d7]
[    0.765303] pci 0000:00:1f.2: reg 0x14: [io  0x18c4-0x18c7]
[    0.765320] pci 0000:00:1f.2: reg 0x18: [io  0x18c8-0x18cf]
[    0.765336] pci 0000:00:1f.2: reg 0x1c: [io  0x18c0-0x18c3]
[    0.765352] pci 0000:00:1f.2: reg 0x20: [io  0x18b0-0x18bf]
[    0.765368] pci 0000:00:1f.2: reg 0x24: [mem 0xee444400-0xee4447ff]
[    0.765451] pci 0000:00:1f.2: PME# supported from D3hot
[    0.765868] pci 0000:00:1f.3: [8086:27da] type 00 class 0x0c0500
[    0.765964] pci 0000:00:1f.3: reg 0x20: [io  0x18e0-0x18ff]
[    0.766639] pci 0000:02:00.0: [8086:109a] type 00 class 0x020000
[    0.766703] pci 0000:02:00.0: reg 0x10: [mem 0xee000000-0xee01ffff]
[    0.766751] pci 0000:02:00.0: reg 0x18: [io  0x2000-0x201f]
[    0.766999] pci 0000:02:00.0: PME# supported from D0 D3hot D3cold
[    0.767063] pci 0000:02:00.0: 2.000 Gb/s available PCIe bandwidth, limited by 2.5 GT/s x1 link at 0000:00:1c.0 (capable of 7.876 Gb/s with 8 GT/s x1 link)
[    0.767449] pci 0000:00:1c.0: PCI bridge to [bus 02]
[    0.767535] pci 0000:00:1c.0:   bridge window [io  0x2000-0x2fff]
[    0.767543] pci 0000:00:1c.0:   bridge window [mem 0xee000000-0xee0fffff]
[    0.767812] pci 0000:03:00.0: [8086:4227] type 00 class 0x028000
[    0.767919] pci 0000:03:00.0: reg 0x10: [mem 0xedf00000-0xedf00fff]
[    0.768428] pci 0000:03:00.0: PME# supported from D0 D3hot D3cold
[    0.768531] pci 0000:03:00.0: 2.000 Gb/s available PCIe bandwidth, limited by 2.5 GT/s x1 link at 0000:00:1c.1 (capable of 7.876 Gb/s with 8 GT/s x1 link)
[    0.768916] pci 0000:00:1c.1: PCI bridge to [bus 03]
[    0.769002] pci 0000:00:1c.1:   bridge window [io  0x3000-0x4fff]
[    0.769010] pci 0000:00:1c.1:   bridge window [mem 0xec000000-0xedffffff]
[    0.769021] pci 0000:00:1c.1:   bridge window [mem 0xe4000000-0xe40fffff 64bit pref]
[    0.769165] pci 0000:00:1c.2: PCI bridge to [bus 04-0b]
[    0.769252] pci 0000:00:1c.2:   bridge window [io  0x5000-0x6fff]
[    0.769260] pci 0000:00:1c.2:   bridge window [mem 0xe8000000-0xe9ffffff]
[    0.769271] pci 0000:00:1c.2:   bridge window [mem 0xe4100000-0xe41fffff 64bit pref]
[    0.769417] pci 0000:00:1c.3: PCI bridge to [bus 0c-13]
[    0.769504] pci 0000:00:1c.3:   bridge window [io  0x7000-0x8fff]
[    0.769511] pci 0000:00:1c.3:   bridge window [mem 0xea000000-0xebffffff]
[    0.769523] pci 0000:00:1c.3:   bridge window [mem 0xe4200000-0xe42fffff 64bit pref]
[    0.769566] pci_bus 0000:15: extended config space not accessible
[    0.769764] pci 0000:15:00.0: [1180:0476] type 02 class 0x060700
[    0.769797] pci 0000:15:00.0: reg 0x10: [mem 0xe4300000-0xe4300fff]
[    0.769870] pci 0000:15:00.0: supports D1 D2
[    0.769875] pci 0000:15:00.0: PME# supported from D0 D1 D2 D3hot D3cold
[    0.770128] pci 0000:15:00.1: [1180:0552] type 00 class 0x0c0010
[    0.770157] pci 0000:15:00.1: reg 0x10: [mem 0xe4301000-0xe43017ff]
[    0.770302] pci 0000:15:00.1: PME# supported from D0 D3hot D3cold
[    0.770509] pci 0000:15:00.2: [1180:0822] type 00 class 0x080500
[    0.770537] pci 0000:15:00.2: reg 0x10: [mem 0xe4301800-0xe43018ff]
[    0.770682] pci 0000:15:00.2: supports D1 D2
[    0.770686] pci 0000:15:00.2: PME# supported from D0 D1 D2 D3hot D3cold
[    0.770958] pci 0000:00:1e.0: PCI bridge to [bus 15-18] (subtractive decode)
[    0.771054] pci 0000:00:1e.0:   bridge window [io  0x9000-0xcfff]
[    0.771062] pci 0000:00:1e.0:   bridge window [mem 0xe4300000-0xe7ffffff]
[    0.771073] pci 0000:00:1e.0:   bridge window [mem 0xe0000000-0xe3ffffff 64bit pref]
[    0.771078] pci 0000:00:1e.0:   bridge window [io  0x0000-0x0cf7 window] (subtractive decode)
[    0.771083] pci 0000:00:1e.0:   bridge window [io  0x0d00-0xffff window] (subtractive decode)
[    0.771087] pci 0000:00:1e.0:   bridge window [mem 0x000a0000-0x000bffff window] (subtractive decode)
[    0.771092] pci 0000:00:1e.0:   bridge window [mem 0x000d0000-0x000d3fff window] (subtractive decode)
[    0.771097] pci 0000:00:1e.0:   bridge window [mem 0x000d4000-0x000d7fff window] (subtractive decode)
[    0.771101] pci 0000:00:1e.0:   bridge window [mem 0x000d8000-0x000dbfff window] (subtractive decode)
[    0.771106] pci 0000:00:1e.0:   bridge window [mem 0xc0000000-0xfebfffff window] (subtractive decode)
[    0.771111] pci 0000:00:1e.0:   bridge window [mem 0xfed40000-0xfed40fff window] (subtractive decode)
[    0.771155] pci_bus 0000:16: extended config space not accessible
[    0.771334] pci_bus 0000:16: busn_res: [bus 16-18] end is updated to 17
[    0.771389] pci_bus 0000:00: on NUMA node 0
[    0.778660] ACPI: EC: interrupt unblocked
[    0.778773] ACPI: EC: event unblocked
[    0.778880] ACPI: \_SB_.PCI0.LPC_.EC__: GPE=0x1c, EC_CMD/EC_SC=0x66, EC_DATA=0x62
[    0.778976] ACPI: \_SB_.PCI0.LPC_.EC__: Used as boot DSDT EC to handle transactions and events
[    0.780127] pci 0000:00:02.0: vgaarb: setting as boot VGA device
[    0.780217] pci 0000:00:02.0: vgaarb: VGA device added: decodes=io+mem,owns=io+mem,locks=none
[    0.780352] pci 0000:00:02.0: vgaarb: bridge control possible
[    0.780382] vgaarb: loaded
[    0.780995] SCSI subsystem initialized
[    0.781621] libata version 3.00 loaded.
[    0.781833] ACPI: bus type USB registered
[    0.782033] usbcore: registered new interface driver usbfs
[    0.782171] usbcore: registered new interface driver hub
[    0.782310] usbcore: registered new device driver usb
[    0.782518] media: Linux media interface: v0.10
[    0.782637] videodev: Linux video capture interface: v2.00
[    0.782777] pps_core: LinuxPPS API ver. 1 registered
[    0.782856] pps_core: Software ver. 5.3.6 - Copyright 2005-2007 Rodolfo Giometti <giometti@linux.it>
[    0.782998] PTP clock support registered
[    0.784177] EDAC MC: Ver: 3.0.0
[    0.785201] Advanced Linux Sound Architecture Driver Initialized.
[    0.785426] PCI: Using ACPI for IRQ routing
[    0.788495] PCI: pci_cache_line_size set to 64 bytes
[    0.788826] e820: reserve RAM buffer [mem 0x0009f000-0x0009ffff]
[    0.788832] e820: reserve RAM buffer [mem 0xbf6d0000-0xbfffffff]
[    0.789494] Bluetooth: Core ver 2.22
[    0.789634] NET: Registered protocol family 31
[    0.789710] Bluetooth: HCI device and connection manager initialized
[    0.789805] Bluetooth: HCI socket layer initialized
[    0.789886] Bluetooth: L2CAP socket layer initialized
[    0.789985] Bluetooth: SCO socket layer initialized
[    0.790271] clocksource: Switched to clocksource hpet
[    0.790271] pnp: PnP ACPI init
[    0.791977] system 00:00: [mem 0x00000000-0x0009ffff] could not be reserved
[    0.792076] system 00:00: [mem 0x000c0000-0x000c3fff] could not be reserved
[    0.792171] system 00:00: [mem 0x000c4000-0x000c7fff] could not be reserved
[    0.792265] system 00:00: [mem 0x000c8000-0x000cbfff] has been reserved
[    0.792356] system 00:00: [mem 0x000cc000-0x000cffff] has been reserved
[    0.792486] system 00:00: [mem 0x000dc000-0x000dffff] could not be reserved
[    0.792581] system 00:00: [mem 0x000e0000-0x000e3fff] could not be reserved
[    0.792676] system 00:00: [mem 0x000e4000-0x000e7fff] could not be reserved
[    0.792770] system 00:00: [mem 0x000e8000-0x000ebfff] could not be reserved
[    0.792865] system 00:00: [mem 0x000ec000-0x000effff] could not be reserved
[    0.792959] system 00:00: [mem 0x000f0000-0x000fffff] could not be reserved
[    0.793054] system 00:00: [mem 0x00100000-0xbfffffff] could not be reserved
[    0.793149] system 00:00: [mem 0xfec00000-0xfed3ffff] could not be reserved
[    0.793245] system 00:00: [mem 0xfed41000-0xffffffff] could not be reserved
[    0.793382] system 00:00: Plug and Play ACPI device, IDs PNP0c01 (active)
[    0.793876] system 00:01: [io  0x164e-0x164f] has been reserved
[    0.793977] system 00:01: [io  0x1000-0x107f] has been reserved
[    0.794065] system 00:01: [io  0x1180-0x11bf] has been reserved
[    0.794154] system 00:01: [io  0x0800-0x080f] has been reserved
[    0.794242] system 00:01: [io  0x15e0-0x15ef] has been reserved
[    0.794332] system 00:01: [io  0x1600-0x165f] could not be reserved
[    0.794422] system 00:01: [mem 0xf0000000-0xf3ffffff] has been reserved
[    0.794515] system 00:01: [mem 0xfed1c000-0xfed1ffff] has been reserved
[    0.795005] system 00:01: [mem 0xfed14000-0xfed17fff] has been reserved
[    0.795098] system 00:01: [mem 0xfed18000-0xfed18fff] has been reserved
[    0.795190] system 00:01: [mem 0xfed19000-0xfed19fff] has been reserved
[    0.795314] system 00:01: Plug and Play ACPI device, IDs PNP0c02 (active)
[    0.795622] pnp 00:02: Plug and Play ACPI device, IDs PNP0b00 (active)
[    0.795755] pnp 00:03: Plug and Play ACPI device, IDs PNP0303 (active)
[    0.795893] pnp 00:04: Plug and Play ACPI device, IDs IBM3780 PNP0f13 (active)
[    0.796650] pnp 00:05: [dma 3]
[    0.796866] pnp 00:05: Plug and Play ACPI device, IDs IBM0071 PNP0511 (active)
[    0.797094] pnp 00:06: Plug and Play ACPI device, IDs ATM1200 PNP0c31 (active)
[    0.799410] pnp: PnP ACPI: found 7 devices
[    0.847868] clocksource: acpi_pm: mask: 0xffffff max_cycles: 0xffffff, max_idle_ns: 2085701024 ns
[    0.848011] pci 0000:00:1c.0: bridge window [mem 0x00100000-0x000fffff 64bit pref] to [bus 02] add_size 200000 add_align 100000
[    0.848097] pci 0000:00:1c.0: BAR 9: assigned [mem 0xc0000000-0xc01fffff 64bit pref]
[    0.848192] pci 0000:00:1c.0: PCI bridge to [bus 02]
[    0.848273] pci 0000:00:1c.0:   bridge window [io  0x2000-0x2fff]
[    0.848363] pci 0000:00:1c.0:   bridge window [mem 0xee000000-0xee0fffff]
[    0.848466] pci 0000:00:1c.0:   bridge window [mem 0xc0000000-0xc01fffff 64bit pref]
[    0.848565] pci 0000:00:1c.1: PCI bridge to [bus 03]
[    0.848646] pci 0000:00:1c.1:   bridge window [io  0x3000-0x4fff]
[    0.848735] pci 0000:00:1c.1:   bridge window [mem 0xec000000-0xedffffff]
[    0.848825] pci 0000:00:1c.1:   bridge window [mem 0xe4000000-0xe40fffff 64bit pref]
[    0.848923] pci 0000:00:1c.2: PCI bridge to [bus 04-0b]
[    0.849004] pci 0000:00:1c.2:   bridge window [io  0x5000-0x6fff]
[    0.849093] pci 0000:00:1c.2:   bridge window [mem 0xe8000000-0xe9ffffff]
[    0.849183] pci 0000:00:1c.2:   bridge window [mem 0xe4100000-0xe41fffff 64bit pref]
[    0.849281] pci 0000:00:1c.3: PCI bridge to [bus 0c-13]
[    0.849363] pci 0000:00:1c.3:   bridge window [io  0x7000-0x8fff]
[    0.849452] pci 0000:00:1c.3:   bridge window [mem 0xea000000-0xebffffff]
[    0.849541] pci 0000:00:1c.3:   bridge window [mem 0xe4200000-0xe42fffff 64bit pref]
[    0.849651] pci 0000:15:00.0: BAR 9: assigned [mem 0xe0000000-0xe3ffffff pref]
[    0.849745] pci 0000:15:00.0: BAR 10: assigned [mem 0xc4000000-0xc7ffffff]
[    0.849834] pci 0000:15:00.0: BAR 7: assigned [io  0x9000-0x90ff]
[    0.849918] pci 0000:15:00.0: BAR 8: assigned [io  0x9400-0x94ff]
[    0.850010] pci 0000:15:00.0: CardBus bridge to [bus 16-17]
[    0.850091] pci 0000:15:00.0:   bridge window [io  0x9000-0x90ff]
[    0.850178] pci 0000:15:00.0:   bridge window [io  0x9400-0x94ff]
[    0.850265] pci 0000:15:00.0:   bridge window [mem 0xe0000000-0xe3ffffff pref]
[    0.850358] pci 0000:15:00.0:   bridge window [mem 0xc4000000-0xc7ffffff]
[    0.850448] pci 0000:00:1e.0: PCI bridge to [bus 15-18]
[    0.850530] pci 0000:00:1e.0:   bridge window [io  0x9000-0xcfff]
[    0.850618] pci 0000:00:1e.0:   bridge window [mem 0xe4300000-0xe7ffffff]
[    0.850708] pci 0000:00:1e.0:   bridge window [mem 0xe0000000-0xe3ffffff 64bit pref]
[    0.850808] pci_bus 0000:00: resource 4 [io  0x0000-0x0cf7 window]
[    0.850812] pci_bus 0000:00: resource 5 [io  0x0d00-0xffff window]
[    0.850816] pci_bus 0000:00: resource 6 [mem 0x000a0000-0x000bffff window]
[    0.850820] pci_bus 0000:00: resource 7 [mem 0x000d0000-0x000d3fff window]
[    0.850824] pci_bus 0000:00: resource 8 [mem 0x000d4000-0x000d7fff window]
[    0.850828] pci_bus 0000:00: resource 9 [mem 0x000d8000-0x000dbfff window]
[    0.850832] pci_bus 0000:00: resource 10 [mem 0xc0000000-0xfebfffff window]
[    0.850836] pci_bus 0000:00: resource 11 [mem 0xfed40000-0xfed40fff window]
[    0.850840] pci_bus 0000:02: resource 0 [io  0x2000-0x2fff]
[    0.850844] pci_bus 0000:02: resource 1 [mem 0xee000000-0xee0fffff]
[    0.850848] pci_bus 0000:02: resource 2 [mem 0xc0000000-0xc01fffff 64bit pref]
[    0.850852] pci_bus 0000:03: resource 0 [io  0x3000-0x4fff]
[    0.850856] pci_bus 0000:03: resource 1 [mem 0xec000000-0xedffffff]
[    0.850860] pci_bus 0000:03: resource 2 [mem 0xe4000000-0xe40fffff 64bit pref]
[    0.850864] pci_bus 0000:04: resource 0 [io  0x5000-0x6fff]
[    0.850868] pci_bus 0000:04: resource 1 [mem 0xe8000000-0xe9ffffff]
[    0.850872] pci_bus 0000:04: resource 2 [mem 0xe4100000-0xe41fffff 64bit pref]
[    0.850876] pci_bus 0000:0c: resource 0 [io  0x7000-0x8fff]
[    0.850880] pci_bus 0000:0c: resource 1 [mem 0xea000000-0xebffffff]
[    0.850884] pci_bus 0000:0c: resource 2 [mem 0xe4200000-0xe42fffff 64bit pref]
[    0.850888] pci_bus 0000:15: resource 0 [io  0x9000-0xcfff]
[    0.850892] pci_bus 0000:15: resource 1 [mem 0xe4300000-0xe7ffffff]
[    0.850896] pci_bus 0000:15: resource 2 [mem 0xe0000000-0xe3ffffff 64bit pref]
[    0.850900] pci_bus 0000:15: resource 4 [io  0x0000-0x0cf7 window]
[    0.850904] pci_bus 0000:15: resource 5 [io  0x0d00-0xffff window]
[    0.850908] pci_bus 0000:15: resource 6 [mem 0x000a0000-0x000bffff window]
[    0.850912] pci_bus 0000:15: resource 7 [mem 0x000d0000-0x000d3fff window]
[    0.850916] pci_bus 0000:15: resource 8 [mem 0x000d4000-0x000d7fff window]
[    0.850920] pci_bus 0000:15: resource 9 [mem 0x000d8000-0x000dbfff window]
[    0.850924] pci_bus 0000:15: resource 10 [mem 0xc0000000-0xfebfffff window]
[    0.850928] pci_bus 0000:15: resource 11 [mem 0xfed40000-0xfed40fff window]
[    0.850932] pci_bus 0000:16: resource 0 [io  0x9000-0x90ff]
[    0.850936] pci_bus 0000:16: resource 1 [io  0x9400-0x94ff]
[    0.850940] pci_bus 0000:16: resource 2 [mem 0xe0000000-0xe3ffffff pref]
[    0.850944] pci_bus 0000:16: resource 3 [mem 0xc4000000-0xc7ffffff]
[    0.851393] NET: Registered protocol family 2
[    0.853164] tcp_listen_portaddr_hash hash table entries: 512 (order: 2, 20480 bytes)
[    0.853308] TCP established hash table entries: 8192 (order: 3, 32768 bytes)
[    0.853459] TCP bind hash table entries: 8192 (order: 6, 294912 bytes)
[    0.854041] TCP: Hash tables configured (established 8192 bind 8192)
[    0.854455] UDP hash table entries: 512 (order: 3, 40960 bytes)
[    0.854617] UDP-Lite hash table entries: 512 (order: 3, 40960 bytes)
[    0.854920] NET: Registered protocol family 1
[    0.855587] RPC: Registered named UNIX socket transport module.
[    0.855674] RPC: Registered udp transport module.
[    0.855752] RPC: Registered tcp transport module.
[    0.855831] RPC: Registered tcp NFSv4.1 backchannel transport module.
[    0.856595] pci 0000:00:02.0: Video device with shadowed ROM at [mem 0x000c0000-0x000dffff]
[    0.860716] PCI: CLS mismatch (64 != 32), using 64 bytes
[    0.860843] PCI-DMA: Using software bounce buffering for IO (SWIOTLB)
[    0.860929] software IO TLB: mapped [mem 0x31d00000-0x35d00000] (64MB)
[    0.863623] Initialise system trusted keyrings
[    0.864093] workingset: timestamp_bits=31 max_order=20 bucket_order=0
[    0.866270] Installing knfsd (copyright (C) 1996 okir@monad.swb.de).
[    0.866774] ntfs: driver 2.1.32 [Flags: R/W].
[    0.867075] fuse init (API version 7.28)
[    0.867766] pstore: using deflate compression
[    0.875751] Key type asymmetric registered
[    0.875837] Asymmetric key parser 'x509' registered
[    0.876050] bounce: pool size: 64 pages
[    0.876203] Block layer SCSI generic (bsg) driver version 0.4 loaded (major 249)
[    0.876307] io scheduler noop registered
[    0.876494] io scheduler deadline registered
[    0.876620] io scheduler cfq registered (default)
[    0.876698] io scheduler mq-deadline registered
[    0.876803] io scheduler bfq registered
[    0.879317] intel_idle: does not run on family 6 model 14
[    0.879796] ACPI: Deprecated procfs I/F for AC is loaded, please retry with CONFIG_ACPI_PROCFS_POWER cleared
[    0.880072] ACPI: AC Adapter [AC] (on-line)
[    0.880501] input: Lid Switch as /devices/LNXSYSTM:00/LNXSYBUS:00/PNP0C0D:00/input/input0
[    0.880765] ACPI: Lid Switch [LID]
[    0.881056] input: Sleep Button as /devices/LNXSYSTM:00/LNXSYBUS:00/PNP0C0E:00/input/input1
[    0.881218] ACPI: Sleep Button [SLPB]
[    0.881535] input: Power Button as /devices/LNXSYSTM:00/LNXPWRBN:00/input/input2
[    0.881679] ACPI: Power Button [PWRF]
[    0.882200] ACPI: Video Device [VID] (multi-head: yes  rom: no  post: no)
[    0.889704] acpi device:01: registered as cooling_device0
[    0.890171] input: Video Bus as /devices/LNXSYSTM:00/LNXSYBUS:00/PNP0A08:00/LNXVIDEO:00/input/input3
[    0.907030] thermal LNXTHERM:00: registered as thermal_zone0
[    0.907134] ACPI: Thermal Zone [THM0] (83 C)
[    0.910906] thermal LNXTHERM:01: registered as thermal_zone1
[    0.910993] ACPI: Thermal Zone [THM1] (82 C)
[    0.911738] Serial: 8250/16550 driver, 4 ports, IRQ sharing disabled
[    0.912632] serial8250: ttyS1 at I/O 0x2f8 (irq = 3, base_baud = 921600) is a NS16550A
[    0.914932] lp: driver loaded but no devices found
[    0.915478] Non-volatile memory driver v1.3
[    0.915958] intel_rng: FWH not detected
[    0.916155] Linux agpgart interface v0.103
[    0.917024] [drm] radeon kernel modesetting enabled.
[    0.918222] pci 0000:00:00.0: Intel 945GM Chipset
[    0.918349] pci 0000:00:00.0: detected gtt size: 262144K total, 262144K mappable
[    0.919023] pci 0000:00:00.0: detected 8192K stolen memory
[    0.919227] [drm] Replacing VGA console driver
[    0.920595] Console: switching to colour dummy device 80x25
[    0.922434] [drm] Supports vblank timestamp caching Rev 2 (21.10.2013).
[    0.922470] [drm] Driver supports precise vblank timestamp query.
[    0.922514] resource sanity check: requesting [mem 0x000c0000-0x000dffff], which spans more than pnp 00:00 [mem 0x000c8000-0x000cbfff]
[    0.922583] caller pci_map_rom+0x67/0x1d0 mapping multiple BARs
[    0.924259] i915 0000:00:02.0: vgaarb: changed VGA decodes: olddecodes=io+mem,decodes=io+mem:owns=io+mem
[    0.944345] battery: ACPI: Deprecated procfs I/F for battery is loaded, please retry with CONFIG_ACPI_PROCFS_POWER cleared
[    0.944462] battery: ACPI: Battery Slot [BAT0] (battery present)
[    0.980452] random: fast init done
[    1.007683] [drm] RC6 disabled, disabling runtime PM support
[    1.007902] [drm] Initialized overlay support.
[    1.009577] [drm] Initialized i915 1.6.0 20180921 for 0000:00:02.0 on minor 0
[    1.010640] usbcore: registered new interface driver udl
[    1.023407] loop: module loaded
[    1.034746] fbcon: inteldrmfb (fb0) is primary device
[    1.047543] ahci 0000:00:1f.2: version 3.0
[    1.048316] ahci 0000:00:1f.2: AHCI 0001.0100 32 slots 4 ports 1.5 Gbps 0x1 impl SATA mode
[    1.048321] ahci 0000:00:1f.2: flags: 64bit ncq pm led clo pio slum part 
[    1.050777] scsi host0: ahci
[    1.051325] scsi host1: ahci
[    1.051792] scsi host2: ahci
[    1.052293] scsi host3: ahci
[    1.052731] ata1: SATA max UDMA/133 abar m1024@0xee444400 port 0xee444500 irq 16
[    1.052733] ata2: DUMMY
[    1.052735] ata3: DUMMY
[    1.052737] ata4: DUMMY
[    1.052908] ata_piix 0000:00:1f.1: version 2.13
[    1.055863] scsi host4: ata_piix
[    1.056295] scsi host5: ata_piix
[    1.056524] ata5: PATA max UDMA/100 cmd 0x1f0 ctl 0x3f6 bmdma 0x1810 irq 14
[    1.056527] ata6: PATA max UDMA/100 cmd 0x170 ctl 0x376 bmdma 0x1818 irq 15
[    1.057788] tun: Universal TUN/TAP device driver, 1.6
[    1.058322] e1000: Intel(R) PRO/1000 Network Driver - version 7.3.21-k8-NAPI
[    1.058323] e1000: Copyright (c) 1999-2006 Intel Corporation.
[    1.058401] e1000e: Intel(R) PRO/1000 Network Driver - 3.2.6-k
[    1.058403] e1000e: Copyright(c) 1999 - 2015 Intel Corporation.
[    1.058521] e1000e 0000:02:00.0: Disabling ASPM  L1
[    1.058967] e1000e 0000:02:00.0: Interrupt Throttling Rate (ints/sec) set to dynamic conservative mode
[    1.059268] ata6: port disabled--ignoring
[    1.193300] e1000e 0000:02:00.0 eth0: (PCI Express:2.5GT/s:Width x1) 00:16:d3:25:19:04
[    1.193303] e1000e 0000:02:00.0 eth0: Intel(R) PRO/1000 Network Connection
[    1.193382] e1000e 0000:02:00.0 eth0: MAC: 2, PHY: 2, PBA No: 005302-003
[    1.193645] PPP generic driver version 2.4.2
[    1.193899] PPP BSD Compression module registered
[    1.193901] PPP Deflate Compression module registered
[    1.193904] SLIP: version 0.8.4-NET3.019-NEWTTY (dynamic channels, max=256).
[    1.193906] CSLIP: code copyright 1989 Regents of the University of California.
[    1.193996] iwl3945: Intel(R) PRO/Wireless 3945ABG/BG Network Connection driver for Linux, in-tree:ds
[    1.193997] iwl3945: Copyright(c) 2003-2011 Intel Corporation
[    1.193998] iwl3945: hw_scan is disabled
[    1.249037] iwl3945 0000:03:00.0: Tunable channels: 11 802.11bg, 13 802.11a channels
[    1.249041] iwl3945 0000:03:00.0: Detected Intel Wireless WiFi Link 3945ABG
[    1.249947] ieee80211 phy0: Selected rate control algorithm 'iwl-3945-rs'
[    1.250900] Intel(R) Wireless WiFi driver for Linux
[    1.250902] Copyright(c) 2003- 2015 Intel Corporation
[    1.251139] usbcore: registered new interface driver ax88179_178a
[    1.251186] usbcore: registered new interface driver cdc_ether
[    1.251232] usbcore: registered new interface driver net1080
[    1.251276] usbcore: registered new interface driver cdc_subset
[    1.251318] usbcore: registered new interface driver zaurus
[    1.251375] usbcore: registered new interface driver cdc_ncm
[    1.251461] pci 0000:00:1e.0: enabling device (0005 -> 0007)
[    1.251689] yenta_cardbus 0000:15:00.0: CardBus bridge found [17aa:201c]
[    1.372985] ata1: SATA link up 1.5 Gbps (SStatus 113 SControl 300)
[    1.424299] ata1.00: ACPI cmd ef/02:00:00:00:00:a0 (SET FEATURES) succeeded
[    1.424303] ata1.00: ACPI cmd f5/00:00:00:00:00:a0 (SECURITY FREEZE LOCK) filtered out
[    1.424308] ata1.00: ACPI cmd ef/10:03:00:00:00:a0 (SET FEATURES) filtered out
[    1.468300] ata1.00: ATA-9: ST1000LM014-1EJ164, SM11, max UDMA/133
[    1.468304] ata1.00: 1953525168 sectors, multi 16: LBA48 NCQ (depth 32), AA
[    1.513024] ata1.00: ACPI cmd ef/02:00:00:00:00:a0 (SET FEATURES) succeeded
[    1.513028] ata1.00: ACPI cmd f5/00:00:00:00:00:a0 (SECURITY FREEZE LOCK) filtered out
[    1.513033] ata1.00: ACPI cmd ef/10:03:00:00:00:a0 (SET FEATURES) filtered out
[    1.557057] ata1.00: configured for UDMA/133
[    1.755928] Console: switching to colour frame buffer device 102x42
[    1.877943] i915 0000:00:02.0: fb0: inteldrmfb frame buffer device
[    1.881021] scsi 0:0:0:0: Direct-Access     ATA      ST1000LM014-1EJ1 SM11 PQ: 0 ANSI: 5
[    1.884782] sd 0:0:0:0: [sda] 1953525168 512-byte logical blocks: (1.00 TB/932 GiB)
[    1.884853] sd 0:0:0:0: Attached scsi generic sg0 type 0
[    1.887372] sd 0:0:0:0: [sda] 4096-byte physical blocks
[    1.892502] sd 0:0:0:0: [sda] Write Protect is off
[    1.894947] sd 0:0:0:0: [sda] Mode Sense: 00 3a 00 00
[    1.895098] sd 0:0:0:0: [sda] Write cache: enabled, read cache: enabled, doesn't support DPO or FUA
[    1.899689]  sda: sda1 sda2 sda3 sda4
[    1.905154] sd 0:0:0:0: [sda] Attached SCSI disk
[    2.041257] yenta_cardbus 0000:15:00.0: ISA IRQ mask 0x0cb8, PCI irq 16
[    2.043853] yenta_cardbus 0000:15:00.0: Socket status: 30000006
[    2.046445] yenta_cardbus 0000:15:00.0: pcmcia: parent PCI bridge window: [io  0x9000-0xcfff]
[    2.049043] yenta_cardbus 0000:15:00.0: pcmcia: parent PCI bridge window: [mem 0xe4300000-0xe7ffffff]
[    2.051553] pcmcia_socket pcmcia_socket0: cs: memory probe 0xe4300000-0xe7ffffff:
[    2.054067]  excluding 0xe4300000-0xe46cffff
[    2.056608] yenta_cardbus 0000:15:00.0: pcmcia: parent PCI bridge window: [mem 0xe0000000-0xe3ffffff 64bit pref]
[    2.059229] pcmcia_socket pcmcia_socket0: cs: memory probe 0xe0000000-0xe3ffffff:
[    2.061927]  excluding 0xe0000000-0xe3ffffff
[    2.065558] ehci_hcd: USB 2.0 'Enhanced' Host Controller (EHCI) Driver
[    2.068214] ehci-pci: EHCI PCI platform driver
[    2.071374] ehci-pci 0000:00:1d.7: EHCI Host Controller
[    2.074365] ehci-pci 0000:00:1d.7: new USB bus registered, assigned bus number 1
[    2.077199] ehci-pci 0000:00:1d.7: debug port 1
[    2.083924] ehci-pci 0000:00:1d.7: cache line size of 64 is not supported
[    2.083983] ehci-pci 0000:00:1d.7: irq 19, io mem 0xee444000
[    2.100489] ehci-pci 0000:00:1d.7: USB 2.0 started, EHCI 1.00
[    2.103959] usb usb1: New USB device found, idVendor=1d6b, idProduct=0002, bcdDevice= 4.19
[    2.106906] usb usb1: New USB device strings: Mfr=3, Product=2, SerialNumber=1
[    2.109808] usb usb1: Product: EHCI Host Controller
[    2.112664] usb usb1: Manufacturer: Linux 4.19.0-rc8-next-20181017autobisect1539371050 ehci_hcd
[    2.115585] usb usb1: SerialNumber: 0000:00:1d.7
[    2.119197] hub 1-0:1.0: USB hub found
[    2.122164] hub 1-0:1.0: 8 ports detected
[    2.126946] ohci_hcd: USB 1.1 'Open' Host Controller (OHCI) Driver
[    2.129763] ohci-pci: OHCI PCI platform driver
[    2.132620] uhci_hcd: USB Universal Host Controller Interface driver
[    2.135906] uhci_hcd 0000:00:1d.0: UHCI Host Controller
[    2.138964] uhci_hcd 0000:00:1d.0: new USB bus registered, assigned bus number 2
[    2.141822] uhci_hcd 0000:00:1d.0: detected 2 ports
[    2.144599] uhci_hcd 0000:00:1d.0: irq 16, io base 0x00001820
[    2.147766] usb usb2: New USB device found, idVendor=1d6b, idProduct=0001, bcdDevice= 4.19
[    2.150590] usb usb2: New USB device strings: Mfr=3, Product=2, SerialNumber=1
[    2.153382] usb usb2: Product: UHCI Host Controller
[    2.156150] usb usb2: Manufacturer: Linux 4.19.0-rc8-next-20181017autobisect1539371050 uhci_hcd
[    2.159002] usb usb2: SerialNumber: 0000:00:1d.0
[    2.162334] hub 2-0:1.0: USB hub found
[    2.165183] hub 2-0:1.0: 2 ports detected
[    2.168956] uhci_hcd 0000:00:1d.1: UHCI Host Controller
[    2.171892] uhci_hcd 0000:00:1d.1: new USB bus registered, assigned bus number 3
[    2.174652] uhci_hcd 0000:00:1d.1: detected 2 ports
[    2.177396] uhci_hcd 0000:00:1d.1: irq 17, io base 0x00001840
[    2.180464] usb usb3: New USB device found, idVendor=1d6b, idProduct=0001, bcdDevice= 4.19
[    2.183174] usb usb3: New USB device strings: Mfr=3, Product=2, SerialNumber=1
[    2.185821] usb usb3: Product: UHCI Host Controller
[    2.188334] usb usb3: Manufacturer: Linux 4.19.0-rc8-next-20181017autobisect1539371050 uhci_hcd
[    2.190936] usb usb3: SerialNumber: 0000:00:1d.1
[    2.194100] hub 3-0:1.0: USB hub found
[    2.196705] hub 3-0:1.0: 2 ports detected
[    2.200324] uhci_hcd 0000:00:1d.2: UHCI Host Controller
[    2.203071] uhci_hcd 0000:00:1d.2: new USB bus registered, assigned bus number 4
[    2.205624] uhci_hcd 0000:00:1d.2: detected 2 ports
[    2.208171] uhci_hcd 0000:00:1d.2: irq 18, io base 0x00001860
[    2.211141] usb usb4: New USB device found, idVendor=1d6b, idProduct=0001, bcdDevice= 4.19
[    2.213746] usb usb4: New USB device strings: Mfr=3, Product=2, SerialNumber=1
[    2.216283] usb usb4: Product: UHCI Host Controller
[    2.218792] usb usb4: Manufacturer: Linux 4.19.0-rc8-next-20181017autobisect1539371050 uhci_hcd
[    2.221376] usb usb4: SerialNumber: 0000:00:1d.2
[    2.224507] hub 4-0:1.0: USB hub found
[    2.227095] hub 4-0:1.0: 2 ports detected
[    2.230712] uhci_hcd 0000:00:1d.3: UHCI Host Controller
[    2.233493] uhci_hcd 0000:00:1d.3: new USB bus registered, assigned bus number 5
[    2.236030] uhci_hcd 0000:00:1d.3: detected 2 ports
[    2.238565] uhci_hcd 0000:00:1d.3: irq 19, io base 0x00001880
[    2.241476] usb usb5: New USB device found, idVendor=1d6b, idProduct=0001, bcdDevice= 4.19
[    2.244025] usb usb5: New USB device strings: Mfr=3, Product=2, SerialNumber=1
[    2.246570] usb usb5: Product: UHCI Host Controller
[    2.249118] usb usb5: Manufacturer: Linux 4.19.0-rc8-next-20181017autobisect1539371050 uhci_hcd
[    2.251699] usb usb5: SerialNumber: 0000:00:1d.3
[    2.254836] hub 5-0:1.0: USB hub found
[    2.257431] hub 5-0:1.0: 2 ports detected
[    2.260798] usbcore: registered new interface driver cdc_acm
[    2.263196] cdc_acm: USB Abstract Control Model driver for USB modems and ISDN adapters
[    2.265759] usbcore: registered new interface driver usblp
[    2.268358] usbcore: registered new interface driver usb-storage
[    2.270913] usbcore: registered new interface driver ums-sddr09
[    2.273503] usbcore: registered new interface driver usbserial_generic
[    2.275976] usbserial: USB Serial support registered for generic
[    2.278482] usbcore: registered new interface driver ch341
[    2.280920] usbserial: USB Serial support registered for ch341-uart
[    2.283378] usbcore: registered new interface driver ftdi_sio
[    2.285816] usbserial: USB Serial support registered for FTDI USB Serial Device
[    2.288338] usbcore: registered new interface driver option
[    2.290768] usbserial: USB Serial support registered for GSM modem (1-port)
[    2.293358] usbcore: registered new interface driver pl2303
[    2.295857] usbserial: USB Serial support registered for pl2303
[    2.298412] usbcore: registered new interface driver ti_usb_3410_5052
[    2.300956] usbserial: USB Serial support registered for TI USB 3410 1 port adapter
[    2.303543] usbserial: USB Serial support registered for TI USB 5052 2 port adapter
[    2.306082] ftdi_elan: driver ftdi-elan
[    2.308588] usbcore: registered new interface driver ftdi-elan
[    2.311252] i8042: PNP: PS/2 Controller [PNP0303:KBD,PNP0f13:MOU] at 0x60,0x64 irq 1,12
[    2.324151] serio: i8042 KBD port at 0x60,0x64 irq 1
[    2.326741] serio: i8042 AUX port at 0x60,0x64 irq 12
[    2.329966] mousedev: PS/2 mouse device common for all mice
[    2.333580] input: PC Speaker as /devices/platform/pcspkr/input/input4
[    2.336873] rtc_cmos 00:02: RTC can wake from S4
[    2.339828] rtc_cmos 00:02: registered as rtc0
[    2.342483] rtc_cmos 00:02: alarms up to one month, y3k, 114 bytes nvram, hpet irqs
[    2.345208] usbcore: registered new interface driver uvcvideo
[    2.347746] USB Video Class driver (1.1.1)
[    2.350229] gspca_main: v2.14.0 registered
[    2.352743] usbcore: registered new interface driver sq930x
[    2.356363] device-mapper: ioctl: 4.39.0-ioctl (2018-04-03) initialised: dm-devel@redhat.com
[    2.359061] Bluetooth: HCI UART driver ver 2.3
[    2.361555] Bluetooth: HCI UART protocol H4 registered
[    2.364018] Bluetooth: HCI UART protocol BCSP registered
[    2.366636] usbcore: registered new interface driver btusb
[    2.366721] input: AT Translated Set 2 keyboard as /devices/platform/i8042/serio0/input/input5
[    2.369240] sdhci: Secure Digital Host Controller Interface driver
[    2.374244] sdhci: Copyright(c) Pierre Ossman
[    2.376825] sdhci-pci 0000:15:00.2: SDHCI controller found [1180:0822] (rev 18)
[    2.379792] sdhci-pci 0000:15:00.2: Will use DMA mode even though HW doesn't fully claim to support it.
[    2.383023] mmc0 bounce up to 128 segments into one, max segment size 65536 bytes
[    2.385799] sdhci-pci 0000:15:00.2: Will use DMA mode even though HW doesn't fully claim to support it.
[    2.389125] mmc0: SDHCI controller on PCI [0000:15:00.2] using DMA
[    2.392143] hidraw: raw HID events driver (C) Jiri Kosina
[    2.396353] usbcore: registered new interface driver usbhid
[    2.399198] usbhid: USB HID core driver
[    2.402162] sdhci-pci 0000:15:00.2: Will use DMA mode even though HW doesn't fully claim to support it.
[    2.405046] thinkpad_acpi: ThinkPad ACPI Extras v0.26
[    2.407941] thinkpad_acpi: http://ibm-acpi.sf.net/
[    2.410837] thinkpad_acpi: ThinkPad BIOS 7BETD8WW (2.19 ), EC 7BHT40WW-1.13
[    2.413725] thinkpad_acpi: Lenovo ThinkPad X60, model 17097HU
[    2.422563] thinkpad_acpi: ACPI backlight control delay disabled
[    2.425858] thinkpad_acpi: radio switch found; radios are enabled
[    2.428746] thinkpad_acpi: This ThinkPad has standard ACPI backlight brightness control, supported by the ACPI video driver
[    2.434539] thinkpad_acpi: Disabling thinkpad-acpi brightness events by default...
[    2.448527] thinkpad_acpi: rfkill switch tpacpi_bluetooth_sw: radio is blocked
[    2.454727] thinkpad_acpi: warning: userspace override of important firmware LEDs is enabled
[    2.462866] thinkpad_acpi: Standard ACPI backlight interface available, not loading native one
[    2.465942] thinkpad_acpi: volume: disabled as there is no ALSA support in this kernel
[    2.469615] thinkpad_acpi: battery 1 registered (start 0, stop 0)
[    2.469630] battery: new extension: ThinkPad Battery Extension
[    2.476171] input: ThinkPad Extra Buttons as /devices/platform/thinkpad_acpi/input/input8
[    2.479600] gnss: GNSS driver registered with major 245
[    2.485451] snd_hda_intel 0000:00:1b.0: probe_mask set to 0x1 for device 17aa:2010
[    2.488914] usbcore: registered new interface driver snd-usb-audio
[    2.494318] NET: Registered protocol family 17
[    2.497589] Bluetooth: RFCOMM TTY layer initialized
[    2.500729] Bluetooth: RFCOMM socket layer initialized
[    2.503828] Bluetooth: RFCOMM ver 1.11
[    2.506925] Bluetooth: BNEP (Ethernet Emulation) ver 1.3
[    2.510020] Bluetooth: BNEP filters: protocol multicast
[    2.513087] Bluetooth: BNEP socket layer initialized
[    2.516060] Bluetooth: HIDP (Human Interface Emulation) ver 1.2
[    2.519055] Bluetooth: HIDP socket layer initialized
[    2.522732] microcode: sig=0x6e8, pf=0x20, revision=0x39
[    2.525916] microcode: Microcode Update Driver: v2.2.
[    2.525921] Using IPI No-Shortcut mode
[    2.532996] Loading compiled-in X.509 certificates
[    2.537632] Key type encrypted registered
[    2.541111] snd_hda_codec_analog hdaudioC0D0: autoconfig for AD1981: line_outs=1 (0x5/0x0/0x0/0x0/0x0) type:speaker
[    2.541398] rtc_cmos 00:02: setting system clock to 2018-10-17 10:11:51 UTC (1539771111)
[    2.546772] snd_hda_codec_analog hdaudioC0D0:    speaker_outs=0 (0x0/0x0/0x0/0x0/0x0)
[    2.552765] snd_hda_codec_analog hdaudioC0D0:    hp_outs=0 (0x0/0x0/0x0/0x0/0x0)
[    2.555594] snd_hda_codec_analog hdaudioC0D0:    mono: mono_out=0x0
[    2.556962] cfg80211: Loading compiled-in X.509 certificates for regulatory database
[    2.558404] snd_hda_codec_analog hdaudioC0D0:    inputs:
[    2.563817] cfg80211: Loaded X.509 cert 'sforshee: 00b28ddf47aef9cea7'
[    2.564066] snd_hda_codec_analog hdaudioC0D0:      Mic=0x8
[    2.567438] platform regulatory.0: Direct firmware load for regulatory.db failed with error -2
[    2.569828] snd_hda_codec_analog hdaudioC0D0:      CD=0x19
[    2.572697] cfg80211: failed to load regulatory.db
[    2.578382] PM: Image not found (code -22)
[    2.578430] ALSA device list:
[    2.581174]   No soundcards found.
[    2.736459] usb 5-2: new full-speed USB device number 2 using uhci_hcd
[    2.936812] usb 5-2: New USB device found, idVendor=0483, idProduct=2016, bcdDevice= 0.01
[    2.941678] usb 5-2: New USB device strings: Mfr=1, Product=2, SerialNumber=0
[    2.946482] usb 5-2: Product: Biometric Coprocessor
[    2.951142] usb 5-2: Manufacturer: STMicroelectronics
[    3.029314] psmouse serio1: trackpoint: IBM TrackPoint firmware: 0x0e, buttons: 3/3
[    3.052052] input: TPPS/2 IBM TrackPoint as /devices/platform/i8042/serio1/input/input7
[    3.061719] md: Waiting for all devices to be available before autodetect
[    3.065262] md: If you don't use raid, use raid=noautodetect
[    3.069754] md: Autodetecting RAID arrays.
[    3.073190] md: autorun ...
[    3.075817] md: ... autorun DONE.
[    3.089966] EXT4-fs (sda4): mounted filesystem with ordered data mode. Opts: (null)
[    3.093726] VFS: Mounted root (ext4 filesystem) readonly on device 8:4.
[    3.098039] devtmpfs: mounted
[    3.102660] Freeing unused kernel image memory: 640K
[    3.116630] Write protecting kernel text and read-only data: 17208k
[    3.120349] NX-protecting the kernel data: 8108k
[    3.125284] x86/mm: Checked W+X mappings: passed, no W+X pages found.
[    3.129063] rodata_test: all tests were successful
[    3.132908] x86/mm: Checking user space page tables
[    3.136792] x86/mm: Checked W+X mappings: passed, no W+X pages found.
[    3.139630] Run /sbin/init as init process
[    3.512289] random: systemd: uninitialized urandom read (16 bytes read)
[    3.517706] systemd[1]: systemd 215 running in system mode. (+PAM +AUDIT +SELINUX +IMA +SYSVINIT +LIBCRYPTSETUP +GCRYPT +ACL +XZ -SECCOMP -APPARMOR)
[    3.544760] systemd[1]: Detected architecture 'x86'.
[    3.643953] systemd[1]: Failed to insert module 'ipv6'
[    3.656269] systemd[1]: Set hostname to <amd>.
[    3.742698] random: systemd-sysv-ge: uninitialized urandom read (16 bytes read)
[    3.900477] usb 5-1: new full-speed USB device number 3 using uhci_hcd
[    4.041638] random: systemd-sysv-ge: uninitialized urandom read (16 bytes read)
[    4.093802] usb 5-1: New USB device found, idVendor=0a5c, idProduct=2110, bcdDevice= 1.00
[    4.098890] usb 5-1: New USB device strings: Mfr=1, Product=2, SerialNumber=0
[    4.103841] usb 5-1: Product: BCM2045B
[    4.108634] usb 5-1: Manufacturer: Broadcom Corp
[    4.326437] systemd[1]: Binding to IPv6 address not available since kernel does not support IPv6.
[    4.330277] systemd[1]: [/lib/systemd/system/gpsd.socket:6] Failed to parse address value, ignoring: [::1]:2947
[    4.341753] systemd[1]: Starting Forward Password Requests to Wall Directory Watch.
[    4.345212] systemd[1]: Started Forward Password Requests to Wall Directory Watch.
[    4.348103] systemd[1]: Starting Remote File Systems (Pre).
[    4.356950] systemd[1]: Reached target Remote File Systems (Pre).
[    5.127463] systemd-udevd[2368]: starting version 215
[    5.740731] random: crng init done
[    5.743541] random: 7 urandom warning(s) missed due to ratelimiting
[    6.148895] EXT4-fs (sda4): re-mounted. Opts: errors=remount-ro
[    6.446066] e1000e 0000:02:00.0 eth1: renamed from eth0
[    6.456932] systemd-udevd[2427]: renamed network interface eth0 to eth1
[    6.852652] usb 5-1: USB disconnect, device number 3
[    8.277975] Adding 2097148k swap on /dev/sda1.  Priority:-2 extents:1 across:2097148k 
[    8.405682] EXT4-fs (sda2): mounted filesystem with ordered data mode. Opts: errors=remount-ro
[    8.520852] systemd-journald[2365]: Received request to flush runtime journal from PID 1
[   17.584824] iwl3945 0000:03:00.0: loaded firmware version 15.32.2.9
[   22.253513] wlan0: authenticate with 00:00:00:00:00:01
[   22.257030] wlan0: send auth to 00:00:00:00:00:01 (try 1/3)
[   22.258888] wlan0: authenticated
[   22.264680] wlan0: associate with 00:00:00:00:00:01 (try 1/3)
[   22.267532] wlan0: RX AssocResp from 00:00:00:00:00:01 (capab=0x401 status=0 aid=1)
[   22.269669] wlan0: associated
