[    0.000000] Linux version 5.2.0-rc5+ (pavel@duo) (gcc version 4.9.2 (Debian 4.9.2-10+deb8u2)) #41 SMP Fri Jun 21 12:01:56 CEST 2019
[    0.000000] Command line: BOOT_IMAGE=(hd1,2)/l/k/o/64/arch/x86/boot/bzImage root=/dev/sdb4 resume=/dev/sda1
[    0.000000] Disabled fast string operations
[    0.000000] x86/fpu: Supporting XSAVE feature 0x001: 'x87 floating point registers'
[    0.000000] x86/fpu: Supporting XSAVE feature 0x002: 'SSE registers'
[    0.000000] x86/fpu: Supporting XSAVE feature 0x004: 'AVX registers'
[    0.000000] x86/fpu: xstate_offset[2]:  576, xstate_sizes[2]:  256
[    0.000000] x86/fpu: Enabled xstate features 0x7, context size is 832 bytes, using 'standard' format.
[    0.000000] BIOS-provided physical RAM map:
[    0.000000] BIOS-e820: [mem 0x0000000000000000-0x000000000009d7ff] usable
[    0.000000] BIOS-e820: [mem 0x000000000009d800-0x000000000009ffff] reserved
[    0.000000] BIOS-e820: [mem 0x00000000000e0000-0x00000000000fffff] reserved
[    0.000000] BIOS-e820: [mem 0x0000000000100000-0x000000001fffffff] usable
[    0.000000] BIOS-e820: [mem 0x0000000020000000-0x00000000201fffff] reserved
[    0.000000] BIOS-e820: [mem 0x0000000020200000-0x000000003fffffff] usable
[    0.000000] BIOS-e820: [mem 0x0000000040000000-0x00000000401fffff] reserved
[    0.000000] BIOS-e820: [mem 0x0000000040200000-0x00000000da99efff] usable
[    0.000000] BIOS-e820: [mem 0x00000000da99f000-0x00000000dae9efff] reserved
[    0.000000] BIOS-e820: [mem 0x00000000dae9f000-0x00000000daf9efff] ACPI NVS
[    0.000000] BIOS-e820: [mem 0x00000000daf9f000-0x00000000daffefff] ACPI data
[    0.000000] BIOS-e820: [mem 0x00000000dafff000-0x00000000daffffff] usable
[    0.000000] BIOS-e820: [mem 0x00000000db000000-0x00000000df9fffff] reserved
[    0.000000] BIOS-e820: [mem 0x00000000f8000000-0x00000000fbffffff] reserved
[    0.000000] BIOS-e820: [mem 0x00000000fec00000-0x00000000fec00fff] reserved
[    0.000000] BIOS-e820: [mem 0x00000000fed08000-0x00000000fed08fff] reserved
[    0.000000] BIOS-e820: [mem 0x00000000fed10000-0x00000000fed19fff] reserved
[    0.000000] BIOS-e820: [mem 0x00000000fed1c000-0x00000000fed1ffff] reserved
[    0.000000] BIOS-e820: [mem 0x00000000fee00000-0x00000000fee00fff] reserved
[    0.000000] BIOS-e820: [mem 0x00000000ffd20000-0x00000000ffffffff] reserved
[    0.000000] BIOS-e820: [mem 0x0000000100000000-0x000000019e5fffff] usable
[    0.000000] BIOS-e820: [mem 0x000000019e600000-0x000000019e7fffff] reserved
[    0.000000] NX (Execute Disable) protection: active
[    0.000000] SMBIOS 2.6 present.
[    0.000000] DMI: LENOVO 42872WU/42872WU, BIOS 8DET74WW (1.44 ) 03/13/2018
[    0.000000] tsc: Fast TSC calibration using PIT
[    0.000000] tsc: Detected 2492.012 MHz processor
[    0.004957] e820: update [mem 0x00000000-0x00000fff] usable ==> reserved
[    0.004965] e820: remove [mem 0x000a0000-0x000fffff] usable
[    0.004989] last_pfn = 0x19e600 max_arch_pfn = 0x400000000
[    0.005005] MTRR default type: uncachable
[    0.005009] MTRR fixed ranges enabled:
[    0.005015]   00000-9FFFF write-back
[    0.005019]   A0000-BFFFF uncachable
[    0.005023]   C0000-FFFFF write-protect
[    0.005027] MTRR variable ranges enabled:
[    0.005034]   0 base 0FFC00000 mask FFFC00000 write-protect
[    0.005038]   1 base 000000000 mask F80000000 write-back
[    0.005043]   2 base 080000000 mask FC0000000 write-back
[    0.005047]   3 base 0C0000000 mask FE0000000 write-back
[    0.005051]   4 base 0DC000000 mask FFC000000 uncachable
[    0.005055]   5 base 0DB000000 mask FFF000000 uncachable
[    0.005060]   6 base 100000000 mask F80000000 write-back
[    0.005064]   7 base 180000000 mask FE0000000 write-back
[    0.005068]   8 base 19F000000 mask FFF000000 uncachable
[    0.005072]   9 base 19E800000 mask FFF800000 uncachable
[    0.007121] x86/PAT: Configuration [0-7]: WB  WC  UC- UC  WB  WP  UC- WT  
[    0.009675] last_pfn = 0xdb000 max_arch_pfn = 0x400000000
[    0.009733] reserving inaccessible SNB gfx pages
[    0.009747] BRK [0x06401000, 0x06401fff] PGTABLE
[    0.009754] BRK [0x06402000, 0x06402fff] PGTABLE
[    0.009759] BRK [0x06403000, 0x06403fff] PGTABLE
[    0.009955] BRK [0x06404000, 0x06404fff] PGTABLE
[    0.010429] BRK [0x06405000, 0x06405fff] PGTABLE
[    0.011249] BRK [0x06406000, 0x06406fff] PGTABLE
[    0.012751] ACPI: Early table checksum verification disabled
[    0.012899] ACPI: RSDP 0x00000000000F00E0 000024 (v02 LENOVO)
[    0.012913] ACPI: XSDT 0x00000000DAFFE120 0000AC (v01 LENOVO TP-8D    00001440 PTEC 00000002)
[    0.012932] ACPI: FACP 0x00000000DAFE7000 0000F4 (v04 LENOVO TP-8D    00001440 PTL  00000002)
[    0.012952] ACPI: DSDT 0x00000000DAFEA000 00FA89 (v01 LENOVO TP-8D    00001440 INTL 20061109)
[    0.012966] ACPI: FACS 0x00000000DAF2D000 000040
[    0.012976] ACPI: FACS 0x00000000DAF2D000 000040
[    0.012987] ACPI: SLIC 0x00000000DAFFD000 000176 (v01 LENOVO TP-8D    00001440 PTEC 00000001)
[    0.013000] ACPI: SSDT 0x00000000DAFFC000 000249 (v01 LENOVO TP-SSDT2 00000200 INTL 20061109)
[    0.013012] ACPI: SSDT 0x00000000DAFFB000 000033 (v01 LENOVO TP-SSDT1 00000100 INTL 20061109)
[    0.013025] ACPI: SSDT 0x00000000DAFFA000 0007D1 (v01 LENOVO SataAhci 00001000 INTL 20061109)
[    0.013037] ACPI: HPET 0x00000000DAFE6000 000038 (v01 LENOVO TP-8D    00001440 PTL  00000002)
[    0.013049] ACPI: APIC 0x00000000DAFE5000 000098 (v01 LENOVO TP-8D    00001440 PTL  00000002)
[    0.013061] ACPI: MCFG 0x00000000DAFE4000 00003C (v01 LENOVO TP-8D    00001440 PTL  00000002)
[    0.013074] ACPI: ECDT 0x00000000DAFE3000 000052 (v01 LENOVO TP-8D    00001440 PTL  00000002)
[    0.013086] ACPI: ASF! 0x00000000DAFE9000 0000A5 (v32 LENOVO TP-8D    00001440 PTL  00000002)
[    0.013098] ACPI: TCPA 0x00000000DAFE2000 000032 (v02 PTL    LENOVO   06040000 LNVO 00000001)
[    0.013111] ACPI: SSDT 0x00000000DAFE1000 000A27 (v01 PmRef  Cpu0Ist  00003000 INTL 20061109)
[    0.013124] ACPI: SSDT 0x00000000DAFE0000 000996 (v01 PmRef  CpuPm    00003000 INTL 20061109)
[    0.013137] ACPI: DMAR 0x00000000DAFDF000 0000E8 (v01 INTEL  SNB      00000001 INTL 00000001)
[    0.013149] ACPI: UEFI 0x00000000DAFDE000 00003E (v01 LENOVO TP-8D    00001440 PTL  00000002)
[    0.013162] ACPI: UEFI 0x00000000DAFDD000 000042 (v01 PTL    COMBUF   00000001 PTL  00000001)
[    0.013174] ACPI: UEFI 0x00000000DAFDC000 000292 (v01 LENOVO TP-8D    00001440 PTL  00000002)
[    0.013197] ACPI: Local APIC address 0xfee00000
[    0.013334] Zone ranges:
[    0.013340]   DMA      [mem 0x0000000000001000-0x0000000000ffffff]
[    0.013348]   DMA32    [mem 0x0000000001000000-0x00000000ffffffff]
[    0.013355]   Normal   [mem 0x0000000100000000-0x000000019e5fffff]
[    0.013362] Movable zone start for each node
[    0.013367] Early memory node ranges
[    0.013374]   node   0: [mem 0x0000000000001000-0x000000000009cfff]
[    0.013380]   node   0: [mem 0x0000000000100000-0x000000001fffffff]
[    0.013386]   node   0: [mem 0x0000000020200000-0x000000003fffffff]
[    0.013392]   node   0: [mem 0x0000000040200000-0x00000000da99efff]
[    0.013397]   node   0: [mem 0x00000000dafff000-0x00000000daffffff]
[    0.013403]   node   0: [mem 0x0000000100000000-0x000000019e5fffff]
[    0.013999] Zeroed struct page in unavailable ranges: 23236 pages
[    0.014003] Initmem setup node 0 [mem 0x0000000000001000-0x000000019e5fffff]
[    0.014013] On node 0 totalpages: 1542972
[    0.014019]   DMA zone: 56 pages used for memmap
[    0.014023]   DMA zone: 156 pages reserved
[    0.014027]   DMA zone: 3996 pages, LIFO batch:0
[    0.014143]   DMA32 zone: 12172 pages used for memmap
[    0.014147]   DMA32 zone: 890272 pages, LIFO batch:63
[    0.039470]   Normal zone: 8869 pages used for memmap
[    0.039477]   Normal zone: 648704 pages, LIFO batch:63
[    0.056526] Reserving Intel graphics memory at [mem 0xdba00000-0xdf9fffff]
[    0.056814] ACPI: PM-Timer IO Port: 0x408
[    0.056823] ACPI: Local APIC address 0xfee00000
[    0.056843] ACPI: LAPIC_NMI (acpi_id[0x00] high edge lint[0x1])
[    0.056849] ACPI: LAPIC_NMI (acpi_id[0x01] high edge lint[0x1])
[    0.056885] IOAPIC[0]: apic_id 2, version 32, address 0xfec00000, GSI 0-23
[    0.056895] ACPI: INT_SRC_OVR (bus 0 bus_irq 0 global_irq 2 dfl dfl)
[    0.056904] ACPI: INT_SRC_OVR (bus 0 bus_irq 9 global_irq 9 high level)
[    0.056912] ACPI: IRQ0 used by override.
[    0.056918] ACPI: IRQ9 used by override.
[    0.056929] Using ACPI (MADT) for SMP configuration information
[    0.056936] ACPI: HPET id: 0x8086a301 base: 0xfed00000
[    0.056950] smpboot: Allowing 8 CPUs, 4 hotplug CPUs
[    0.057035] PM: Registered nosave memory: [mem 0x00000000-0x00000fff]
[    0.057044] PM: Registered nosave memory: [mem 0x0009d000-0x0009dfff]
[    0.057050] PM: Registered nosave memory: [mem 0x0009e000-0x0009ffff]
[    0.057056] PM: Registered nosave memory: [mem 0x000a0000-0x000dffff]
[    0.057061] PM: Registered nosave memory: [mem 0x000e0000-0x000fffff]
[    0.057070] PM: Registered nosave memory: [mem 0x20000000-0x201fffff]
[    0.057078] PM: Registered nosave memory: [mem 0x40000000-0x401fffff]
[    0.057087] PM: Registered nosave memory: [mem 0xda99f000-0xdae9efff]
[    0.057093] PM: Registered nosave memory: [mem 0xdae9f000-0xdaf9efff]
[    0.057098] PM: Registered nosave memory: [mem 0xdaf9f000-0xdaffefff]
[    0.057107] PM: Registered nosave memory: [mem 0xdb000000-0xdf9fffff]
[    0.057112] PM: Registered nosave memory: [mem 0xdfa00000-0xf7ffffff]
[    0.057118] PM: Registered nosave memory: [mem 0xf8000000-0xfbffffff]
[    0.057123] PM: Registered nosave memory: [mem 0xfc000000-0xfebfffff]
[    0.057129] PM: Registered nosave memory: [mem 0xfec00000-0xfec00fff]
[    0.057134] PM: Registered nosave memory: [mem 0xfec01000-0xfed07fff]
[    0.057139] PM: Registered nosave memory: [mem 0xfed08000-0xfed08fff]
[    0.057145] PM: Registered nosave memory: [mem 0xfed09000-0xfed0ffff]
[    0.057150] PM: Registered nosave memory: [mem 0xfed10000-0xfed19fff]
[    0.057155] PM: Registered nosave memory: [mem 0xfed1a000-0xfed1bfff]
[    0.057161] PM: Registered nosave memory: [mem 0xfed1c000-0xfed1ffff]
[    0.057166] PM: Registered nosave memory: [mem 0xfed20000-0xfedfffff]
[    0.057171] PM: Registered nosave memory: [mem 0xfee00000-0xfee00fff]
[    0.057177] PM: Registered nosave memory: [mem 0xfee01000-0xffd1ffff]
[    0.057182] PM: Registered nosave memory: [mem 0xffd20000-0xffffffff]
[    0.057194] [mem 0xdfa00000-0xf7ffffff] available for PCI devices
[    0.057203] clocksource: refined-jiffies: mask: 0xffffffff max_cycles: 0xffffffff, max_idle_ns: 7645519600211568 ns
[    0.057231] setup_percpu: NR_CPUS:8 nr_cpumask_bits:8 nr_cpu_ids:8 nr_node_ids:1
[    0.062767] percpu: Embedded 60 pages/cpu s207048 r8192 d30520 u262144
[    0.062794] pcpu-alloc: s207048 r8192 d30520 u262144 alloc=1*2097152
[    0.062799] pcpu-alloc: [0] 0 1 2 3 4 5 6 7 
[    0.062881] Built 1 zonelists, mobility grouping on.  Total pages: 1521719
[    0.062896] Kernel command line: BOOT_IMAGE=(hd1,2)/l/k/o/64/arch/x86/boot/bzImage root=/dev/sdb4 resume=/dev/sda1
[    0.075046] Dentry cache hash table entries: 1048576 (order: 11, 8388608 bytes)
[    0.081041] Inode-cache hash table entries: 524288 (order: 10, 4194304 bytes)
[    0.859357] Memory: 5966032K/6171888K available (16387K kernel code, 1129K rwdata, 5280K rodata, 1088K init, 9888K bss, 205856K reserved, 0K cma-reserved)
[    0.859417] random: get_random_u32 called from cache_alloc_refill+0x8cb/0xcc0 with crng_init=0
[    0.861363] Kernel/User page tables isolation: enabled
[    0.861902] rcu: Hierarchical RCU implementation.
[    0.861911] rcu: RCU calculated value of scheduler-enlistment delay is 25 jiffies.
[    0.862000] NR_IRQS: 4352, nr_irqs: 104, preallocated irqs: 16
[    0.866363] Console: colour VGA+ 80x25
[    0.888837] printk: console [tty0] enabled
[    0.888995] Lock dependency validator: Copyright (c) 2006 Red Hat, Inc., Ingo Molnar
[    0.889182] ... MAX_LOCKDEP_SUBCLASSES:  8
[    0.889339] ... MAX_LOCK_DEPTH:          48
[    0.889497] ... MAX_LOCKDEP_KEYS:        8191
[    0.889656] ... CLASSHASH_SIZE:          4096
[    0.889816] ... MAX_LOCKDEP_ENTRIES:     32768
[    0.889976] ... MAX_LOCKDEP_CHAINS:      65536
[    0.890136] ... CHAINHASH_SIZE:          32768
[    0.890296]  memory used by lock dependency info: 3507 kB
[    0.890464]  per task-struct memory footprint: 1920 bytes
[    0.890649] ACPI: Core revision 20190509
[    0.891692] clocksource: hpet: mask: 0xffffffff max_cycles: 0xffffffff, max_idle_ns: 133484882848 ns
[    0.891940] hpet clockevent registered
[    0.891958] APIC: Switch to symmetric I/O mode setup
[    0.892998] ..TIMER: vector=0x30 apic1=0 pin1=2 apic2=-1 pin2=-1
[    0.911954] clocksource: tsc-early: mask: 0xffffffffffffffff max_cycles: 0x23ebbfd9973, max_idle_ns: 440795305516 ns
[    0.912125] Calibrating delay loop (skipped), value calculated using timer frequency.. 4984.02 BogoMIPS (lpj=9968048)
[    0.912292] pid_max: default: 32768 minimum: 301
[    0.912840] Mount-cache hash table entries: 16384 (order: 5, 131072 bytes)
[    0.912986] Mountpoint-cache hash table entries: 16384 (order: 5, 131072 bytes)
[    0.914105] *** VALIDATE proc ***
[    0.914373] *** VALIDATE cgroup1 ***
[    0.914463] *** VALIDATE cgroup2 ***
[    0.914638] Disabled fast string operations
[    0.914751] process: using mwait in idle threads
[    0.914851] Last level iTLB entries: 4KB 512, 2MB 8, 4MB 8
[    0.914952] Last level dTLB entries: 4KB 512, 2MB 32, 4MB 32, 1GB 0
[    0.915061] Spectre V2 : Mitigation: Full generic retpoline
[    0.915162] Spectre V2 : Spectre v2 / SpectreRSB mitigation: Filling RSB on context switch
[    0.915285] Spectre V2 : Enabling Restricted Speculation for firmware calls
[    0.915399] Spectre V2 : mitigation: Enabling conditional Indirect Branch Prediction Barrier
[    0.915523] Spectre V2 : User space: Mitigation: STIBP via prctl
[    0.915628] Speculative Store Bypass: Vulnerable
[    0.915723] MDS: Vulnerable: Clear CPU buffers attempted, no microcode
[    0.916484] Freeing SMP alternatives memory: 44K
[    0.918314] TSC deadline timer enabled
[    0.918324] smpboot: CPU0: Intel(R) Core(TM) i5-2520M CPU @ 2.50GHz (family: 0x6, model: 0x2a, stepping: 0x7)
[    0.919422] Performance Events: PEBS fmt1+, SandyBridge events, 16-deep LBR, full-width counters, Intel PMU driver.
[    0.920122] ... version:                3
[    0.920122] ... bit width:              48
[    0.920122] ... generic registers:      4
[    0.920122] ... value mask:             0000ffffffffffff
[    0.920122] ... max period:             00007fffffffffff
[    0.920122] ... fixed-purpose events:   3
[    0.920122] ... event mask:             000000070000000f
[    0.920122] rcu: Hierarchical SRCU implementation.
[    0.924230] NMI watchdog: Enabled. Permanently consumes one hw-PMU counter.
[    0.925195] smp: Bringing up secondary CPUs ...
[    0.927281] x86: Booting SMP configuration:
[    0.927386] .... node  #0, CPUs:      #1
[    0.033467] Disabled fast string operations
[    0.930322] MDS CPU bug present and SMT on, data leak possible. See https://www.kernel.org/doc/html/latest/admin-guide/hw-vuln/mds.html for more details.
[    0.933030]  #2
[    0.033467] Disabled fast string operations
[    0.938117]  #3
[    0.033467] Disabled fast string operations
[    0.940460] smp: Brought up 1 node, 4 CPUs
[    0.940554] smpboot: Max logical packages: 2
[    0.940650] smpboot: Total of 4 processors activated (19936.09 BogoMIPS)
[    0.945043] devtmpfs: initialized
[    0.945502] PM: Registering ACPI NVS region [mem 0xdae9f000-0xdaf9efff] (1048576 bytes)
[    0.946363] clocksource: jiffies: mask: 0xffffffff max_cycles: 0xffffffff, max_idle_ns: 7645041785100000 ns
[    0.946535] futex hash table entries: 2048 (order: 6, 262144 bytes)
[    0.949546] NET: Registered protocol family 16
[    0.951884] cpuidle: using governor ladder
[    0.952176] cpuidle: using governor menu
[    0.952464] ACPI FADT declares the system doesn't support PCIe ASPM, so disable it
[    0.952587] ACPI: bus type PCI registered
[    0.953479] PCI: MMCONFIG for domain 0000 [bus 00-3f] at [mem 0xf8000000-0xfbffffff] (base 0xf8000000)
[    0.953750] PCI: MMCONFIG at [mem 0xf8000000-0xfbffffff] reserved in E820
[    0.953750] PCI: Using configuration type 1 for base access
[    0.953750] core: PMU erratum BJ122, BV98, HSD29 worked around, HT is on
[    0.953750] ENERGY_PERF_BIAS: Set to 'normal', was 'performance'
[    1.048898] ACPI: Added _OSI(Module Device)
[    1.048983] ACPI: Added _OSI(Processor Device)
[    1.049080] ACPI: Added _OSI(3.0 _SCP Extensions)
[    1.049177] ACPI: Added _OSI(Processor Aggregator Device)
[    1.049283] ACPI: Added _OSI(Linux-Dell-Video)
[    1.049381] ACPI: Added _OSI(Linux-Lenovo-NV-HDMI-Audio)
[    1.049485] ACPI: Added _OSI(Linux-HPI-Hybrid-Graphics)
[    1.168179] ACPI: 6 ACPI AML tables successfully acquired and loaded
[    1.172136] ACPI: EC: EC started
[    1.172136] ACPI: EC: interrupt blocked
[    1.180134] ACPI: \: Used as first EC
[    1.180134] ACPI: \: GPE=0x11, EC_CMD/EC_SC=0x66, EC_DATA=0x62
[    1.180134] ACPI: EC: Boot ECDT EC used to handle transactions
[    1.188136] ACPI: [Firmware Bug]: BIOS _OSI(Linux) query ignored
[    1.208482] ACPI: Dynamic OEM Table Load:
[    1.208617] ACPI: SSDT 0xFFFF8881971F6000 0008C0 (v01 PmRef  Cpu0Cst  00003001 INTL 20061109)
[    1.212971] ACPI: Dynamic OEM Table Load:
[    1.213100] ACPI: SSDT 0xFFFF888196D6E800 000303 (v01 PmRef  ApIst    00003000 INTL 20061109)
[    1.216869] ACPI: Dynamic OEM Table Load:
[    1.216992] ACPI: SSDT 0xFFFF8881969E8400 000119 (v01 PmRef  ApCst    00003000 INTL 20061109)
[    1.223593] ACPI: Interpreter enabled
[    1.223821] ACPI: (supports S0 S3 S4 S5)
[    1.223926] ACPI: Using IOAPIC for interrupt routing
[    1.224236] PCI: Using host bridge windows from ACPI; if necessary, use "pci=nocrs" and report a bug
[    1.226539] ACPI: Enabled 6 GPEs in block 00 to 3F
[    1.260271] ACPI: Power Resource [PUBS] (on)
[    1.264253] acpi PNP0C0A:01: ACPI dock station (docks/bays count: 1)
[    1.272271] acpi LNXIOBAY:00: ACPI dock station (docks/bays count: 2)
[    1.288265] acpi IBM0079:00: ACPI dock station (docks/bays count: 3)
[    1.292160] ACPI: PCI Interrupt Link [LNKA] (IRQs 3 4 5 6 7 9 10 *11)
[    1.296131] ACPI: PCI Interrupt Link [LNKB] (IRQs 3 4 5 6 7 9 10 *11)
[    1.296131] ACPI: PCI Interrupt Link [LNKC] (IRQs 3 4 5 6 7 9 10 *11)
[    1.296131] ACPI: PCI Interrupt Link [LNKD] (IRQs 3 4 5 6 7 9 *10 11)
[    1.296182] ACPI: PCI Interrupt Link [LNKE] (IRQs 3 4 5 6 *7 9 10 11)
[    1.300153] ACPI: PCI Interrupt Link [LNKF] (IRQs 3 4 5 6 7 9 10 11) *0, disabled.
[    1.300153] ACPI: PCI Interrupt Link [LNKG] (IRQs 3 4 5 6 *7 9 10 11)
[    1.300153] ACPI: PCI Interrupt Link [LNKH] (IRQs 3 4 5 6 7 9 *10 11)
[    1.300270] ACPI: PCI Root Bridge [PCI0] (domain 0000 [bus 00-fe])
[    1.300287] acpi PNP0A08:00: _OSC: OS supports [ExtendedConfig ASPM ClockPM Segments HPX-Type3]
[    1.304133] acpi PNP0A08:00: _OSC: not requesting OS control; OS requires [ExtendedConfig ASPM ClockPM MSI]
[    1.304133] acpi PNP0A08:00: [Firmware Info]: MMCONFIG for domain 0000 [bus 00-3f] only partially covers this bridge
[    1.304136] PCI host bridge to bus 0000:00
[    1.304252] pci_bus 0000:00: root bus resource [io  0x0000-0x0cf7 window]
[    1.304252] pci_bus 0000:00: root bus resource [io  0x0d00-0xffff window]
[    1.304252] pci_bus 0000:00: root bus resource [mem 0x000a0000-0x000bffff window]
[    1.304252] pci_bus 0000:00: root bus resource [mem 0xdfa00000-0xfebfffff window]
[    1.304252] pci_bus 0000:00: root bus resource [mem 0xfed40000-0xfed4bfff window]
[    1.304252] pci_bus 0000:00: root bus resource [bus 00-fe]
[    1.304252] pci 0000:00:00.0: [8086:0104] type 00 class 0x060000
[    1.304258] pci 0000:00:02.0: [8086:0126] type 00 class 0x030000
[    1.304261] pci 0000:00:02.0: reg 0x10: [mem 0xf0000000-0xf03fffff 64bit]
[    1.304302] pci 0000:00:02.0: reg 0x18: [mem 0xe0000000-0xefffffff 64bit pref]
[    1.304443] pci 0000:00:02.0: reg 0x20: [io  0x5000-0x503f]
[    1.308162] pci 0000:00:16.0: [8086:1c3a] type 00 class 0x078000
[    1.308243] pci 0000:00:16.0: reg 0x10: [mem 0xf2525000-0xf252500f 64bit]
[    1.308243] pci 0000:00:16.0: PME# supported from D0 D3hot D3cold
[    1.308249] pci 0000:00:19.0: [8086:1502] type 00 class 0x020000
[    1.308268] pci 0000:00:19.0: reg 0x10: [mem 0xf2500000-0xf251ffff]
[    1.308268] pci 0000:00:19.0: reg 0x14: [mem 0xf252b000-0xf252bfff]
[    1.308268] pci 0000:00:19.0: reg 0x18: [io  0x5080-0x509f]
[    1.308268] pci 0000:00:19.0: PME# supported from D0 D3hot D3cold
[    1.308273] pci 0000:00:1a.0: [8086:1c2d] type 00 class 0x0c0320
[    1.308273] pci 0000:00:1a.0: reg 0x10: [mem 0xf252a000-0xf252a3ff]
[    1.308361] pci 0000:00:1a.0: PME# supported from D0 D3hot D3cold
[    1.312135] pci 0000:00:1b.0: [8086:1c20] type 00 class 0x040300
[    1.312263] pci 0000:00:1b.0: reg 0x10: [mem 0xf2520000-0xf2523fff 64bit]
[    1.312263] pci 0000:00:1b.0: PME# supported from D0 D3hot D3cold
[    1.312270] pci 0000:00:1c.0: [8086:1c10] type 01 class 0x060400
[    1.312271] pci 0000:00:1c.0: PME# supported from D0 D3hot D3cold
[    1.312271] pci 0000:00:1c.1: [8086:1c12] type 01 class 0x060400
[    1.312271] pci 0000:00:1c.1: PME# supported from D0 D3hot D3cold
[    1.312432] pci 0000:00:1c.3: [8086:1c16] type 01 class 0x060400
[    1.316179] pci 0000:00:1c.3: PME# supported from D0 D3hot D3cold
[    1.316186] pci 0000:00:1c.4: [8086:1c18] type 01 class 0x060400
[    1.316267] pci 0000:00:1c.4: PME# supported from D0 D3hot D3cold
[    1.316273] pci 0000:00:1d.0: [8086:1c26] type 00 class 0x0c0320
[    1.316273] pci 0000:00:1d.0: reg 0x10: [mem 0xf2529000-0xf25293ff]
[    1.316273] pci 0000:00:1d.0: PME# supported from D0 D3hot D3cold
[    1.316273] pci 0000:00:1f.0: [8086:1c4f] type 00 class 0x060100
[    1.320135] pci 0000:00:1f.2: [8086:1c03] type 00 class 0x010601
[    1.320271] pci 0000:00:1f.2: reg 0x10: [io  0x50a8-0x50af]
[    1.320271] pci 0000:00:1f.2: reg 0x14: [io  0x50bc-0x50bf]
[    1.320271] pci 0000:00:1f.2: reg 0x18: [io  0x50a0-0x50a7]
[    1.320271] pci 0000:00:1f.2: reg 0x1c: [io  0x50b8-0x50bb]
[    1.320271] pci 0000:00:1f.2: reg 0x20: [io  0x5060-0x507f]
[    1.320271] pci 0000:00:1f.2: reg 0x24: [mem 0xf2528000-0xf25287ff]
[    1.320271] pci 0000:00:1f.2: PME# supported from D3hot
[    1.320277] pci 0000:00:1f.3: [8086:1c22] type 00 class 0x0c0500
[    1.320277] pci 0000:00:1f.3: reg 0x10: [mem 0xf2524000-0xf25240ff 64bit]
[    1.320277] pci 0000:00:1f.3: reg 0x20: [io  0xefa0-0xefbf]
[    1.320277] pci 0000:00:1c.0: PCI bridge to [bus 02]
[    1.320277] pci 0000:03:00.0: [8086:0084] type 00 class 0x028000
[    1.320277] pci 0000:03:00.0: reg 0x10: [mem 0xf2400000-0xf2401fff 64bit]
[    1.324158] pci 0000:03:00.0: PME# supported from D0 D3hot D3cold
[    1.324162] pci 0000:00:1c.1: PCI bridge to [bus 03]
[    1.324264] pci 0000:00:1c.1:   bridge window [mem 0xf2400000-0xf24fffff]
[    1.324270] pci 0000:00:1c.3: PCI bridge to [bus 05-0c]
[    1.324270] pci 0000:00:1c.3:   bridge window [io  0x4000-0x4fff]
[    1.324270] pci 0000:00:1c.3:   bridge window [mem 0xf1c00000-0xf23fffff]
[    1.324270] pci 0000:00:1c.3:   bridge window [mem 0xf0400000-0xf0bfffff 64bit pref]
[    1.324274] pci 0000:0d:00.0: [1180:e823] type 00 class 0x088001
[    1.324274] pci 0000:0d:00.0: MMC controller base frequency changed to 50Mhz.
[    1.324274] pci 0000:0d:00.0: reg 0x10: [mem 0xf1400000-0xf14000ff]
[    1.324274] pci 0000:0d:00.0: supports D1 D2
[    1.324274] pci 0000:0d:00.0: PME# supported from D0 D1 D2 D3hot D3cold
[    1.328267] pci 0000:00:1c.4: PCI bridge to [bus 0d]
[    1.328267] pci 0000:00:1c.4:   bridge window [io  0x3000-0x3fff]
[    1.328267] pci 0000:00:1c.4:   bridge window [mem 0xf1400000-0xf1bfffff]
[    1.328267] pci 0000:00:1c.4:   bridge window [mem 0xf0c00000-0xf13fffff 64bit pref]
[    1.328267] pci_bus 0000:00: on NUMA node 0
[    1.332467] ACPI: EC: interrupt unblocked
[    1.336133] ACPI: EC: event unblocked
[    1.336133] ACPI: \_SB_.PCI0.LPC_.EC__: GPE=0x11, EC_CMD/EC_SC=0x66, EC_DATA=0x62
[    1.336461] ACPI: \_SB_.PCI0.LPC_.EC__: Boot DSDT EC used to handle transactions and events
[    1.336936] pci 0000:00:02.0: vgaarb: setting as boot VGA device
[    1.336936] pci 0000:00:02.0: vgaarb: VGA device added: decodes=io+mem,owns=io+mem,locks=none
[    1.336936] pci 0000:00:02.0: vgaarb: bridge control possible
[    1.336936] vgaarb: loaded
[    1.337597] SCSI subsystem initialized
[    1.337810] libata version 3.00 loaded.
[    1.337810] ACPI: bus type USB registered
[    1.340266] usbcore: registered new interface driver usbfs
[    1.340516] usbcore: registered new interface driver hub
[    1.340664] usbcore: registered new device driver usb
[    1.340664] media: Linux media interface: v0.10
[    1.340664] videodev: Linux video capture interface: v2.00
[    1.340664] pps_core: LinuxPPS API ver. 1 registered
[    1.340664] pps_core: Software ver. 5.3.6 - Copyright 2005-2007 Rodolfo Giometti <giometti@linux.it>
[    1.340675] PTP clock support registered
[    1.340675] EDAC MC: Ver: 3.0.0
[    1.340848] Advanced Linux Sound Architecture Driver Initialized.
[    1.344198] PCI: Using ACPI for IRQ routing
[    1.348138] PCI: pci_cache_line_size set to 64 bytes
[    1.348138] e820: reserve RAM buffer [mem 0x0009d800-0x0009ffff]
[    1.348138] e820: reserve RAM buffer [mem 0xda99f000-0xdbffffff]
[    1.348138] e820: reserve RAM buffer [mem 0xdb000000-0xdbffffff]
[    1.348138] e820: reserve RAM buffer [mem 0x19e600000-0x19fffffff]
[    1.348389] Bluetooth: Core ver 2.22
[    1.348389] NET: Registered protocol family 31
[    1.348389] Bluetooth: HCI device and connection manager initialized
[    1.348519] Bluetooth: HCI socket layer initialized
[    1.348519] Bluetooth: L2CAP socket layer initialized
[    1.352184] Bluetooth: SCO socket layer initialized
[    1.352879] clocksource: Switched to clocksource tsc-early
[    1.353937] pnp: PnP ACPI init
[    1.360339] system 00:00: [mem 0x00000000-0x0009ffff] could not be reserved
[    1.360471] system 00:00: [mem 0x000c0000-0x000c3fff] could not be reserved
[    1.360597] system 00:00: [mem 0x000c4000-0x000c7fff] could not be reserved
[    1.360720] system 00:00: [mem 0x000c8000-0x000cbfff] has been reserved
[    1.360841] system 00:00: [mem 0x000cc000-0x000cffff] has been reserved
[    1.360962] system 00:00: [mem 0x000d0000-0x000d3fff] has been reserved
[    1.361081] system 00:00: [mem 0x000d4000-0x000d7fff] has been reserved
[    1.361201] system 00:00: [mem 0x000d8000-0x000dbfff] has been reserved
[    1.361320] system 00:00: [mem 0x000dc000-0x000dffff] has been reserved
[    1.361444] system 00:00: [mem 0x000e0000-0x000e3fff] could not be reserved
[    1.361568] system 00:00: [mem 0x000e4000-0x000e7fff] could not be reserved
[    1.361692] system 00:00: [mem 0x000e8000-0x000ebfff] could not be reserved
[    1.361817] system 00:00: [mem 0x000ec000-0x000effff] could not be reserved
[    1.361942] system 00:00: [mem 0x000f0000-0x000fffff] could not be reserved
[    1.362066] system 00:00: [mem 0x00100000-0xdf9fffff] could not be reserved
[    1.362191] system 00:00: [mem 0xfec00000-0xfed3ffff] could not be reserved
[    1.362316] system 00:00: [mem 0xfed4c000-0xffffffff] could not be reserved
[    1.362513] system 00:00: Plug and Play ACPI device, IDs PNP0c01 (active)
[    1.363354] system 00:01: [io  0x0400-0x047f] has been reserved
[    1.363473] system 00:01: [io  0x0500-0x057f] has been reserved
[    1.363587] system 00:01: [io  0x0800-0x080f] has been reserved
[    1.363702] system 00:01: [io  0x15e0-0x15ef] has been reserved
[    1.363816] system 00:01: [io  0x1600-0x167f] has been reserved
[    1.363934] system 00:01: [mem 0xf8000000-0xfbffffff] has been reserved
[    1.364056] system 00:01: [mem 0x00000000-0x00000fff] could not be reserved
[    1.364202] system 00:01: [mem 0xfed1c000-0xfed1ffff] has been reserved
[    1.364323] system 00:01: [mem 0xfed10000-0xfed13fff] has been reserved
[    1.364443] system 00:01: [mem 0xfed18000-0xfed18fff] has been reserved
[    1.364563] system 00:01: [mem 0xfed19000-0xfed19fff] has been reserved
[    1.364684] system 00:01: [mem 0xfed45000-0xfed4bfff] has been reserved
[    1.364852] system 00:01: Plug and Play ACPI device, IDs PNP0c02 (active)
[    1.365285] pnp 00:02: Plug and Play ACPI device, IDs PNP0b00 (active)
[    1.365477] pnp 00:03: Plug and Play ACPI device, IDs PNP0303 (active)
[    1.365671] pnp 00:04: Plug and Play ACPI device, IDs LEN0020 PNP0f13 (active)
[    1.366086] pnp 00:05: Plug and Play ACPI device, IDs SMO1200 PNP0c31 (active)
[    1.368905] pnp: PnP ACPI: found 6 devices
[    1.392592] clocksource: acpi_pm: mask: 0xffffff max_cycles: 0xffffff, max_idle_ns: 2085701024 ns
[    1.392771] pci 0000:00:1c.0: bridge window [io  0x1000-0x0fff] to [bus 02] add_size 1000
[    1.392902] pci 0000:00:1c.0: bridge window [mem 0x00100000-0x000fffff 64bit pref] to [bus 02] add_size 200000 add_align 100000
[    1.393078] pci 0000:00:1c.0: bridge window [mem 0x00100000-0x000fffff] to [bus 02] add_size 200000 add_align 100000
[    1.393271] pci 0000:00:1c.0: BAR 8: assigned [mem 0xdfa00000-0xdfbfffff]
[    1.393398] pci 0000:00:1c.0: BAR 9: assigned [mem 0xdfc00000-0xdfdfffff 64bit pref]
[    1.393525] pci 0000:00:1c.0: BAR 7: assigned [io  0x2000-0x2fff]
[    1.393644] pci 0000:00:1c.0: PCI bridge to [bus 02]
[    1.393749] pci 0000:00:1c.0:   bridge window [io  0x2000-0x2fff]
[    1.393867] pci 0000:00:1c.0:   bridge window [mem 0xdfa00000-0xdfbfffff]
[    1.393987] pci 0000:00:1c.0:   bridge window [mem 0xdfc00000-0xdfdfffff 64bit pref]
[    1.394120] pci 0000:00:1c.1: PCI bridge to [bus 03]
[    1.394228] pci 0000:00:1c.1:   bridge window [mem 0xf2400000-0xf24fffff]
[    1.394359] pci 0000:00:1c.3: PCI bridge to [bus 05-0c]
[    1.394463] pci 0000:00:1c.3:   bridge window [io  0x4000-0x4fff]
[    1.394579] pci 0000:00:1c.3:   bridge window [mem 0xf1c00000-0xf23fffff]
[    1.394699] pci 0000:00:1c.3:   bridge window [mem 0xf0400000-0xf0bfffff 64bit pref]
[    1.394831] pci 0000:00:1c.4: PCI bridge to [bus 0d]
[    1.394934] pci 0000:00:1c.4:   bridge window [io  0x3000-0x3fff]
[    1.395050] pci 0000:00:1c.4:   bridge window [mem 0xf1400000-0xf1bfffff]
[    1.395170] pci 0000:00:1c.4:   bridge window [mem 0xf0c00000-0xf13fffff 64bit pref]
[    1.395306] pci_bus 0000:00: resource 4 [io  0x0000-0x0cf7 window]
[    1.395415] pci_bus 0000:00: resource 5 [io  0x0d00-0xffff window]
[    1.395524] pci_bus 0000:00: resource 6 [mem 0x000a0000-0x000bffff window]
[    1.395639] pci_bus 0000:00: resource 7 [mem 0xdfa00000-0xfebfffff window]
[    1.395753] pci_bus 0000:00: resource 8 [mem 0xfed40000-0xfed4bfff window]
[    1.395869] pci_bus 0000:02: resource 0 [io  0x2000-0x2fff]
[    1.395973] pci_bus 0000:02: resource 1 [mem 0xdfa00000-0xdfbfffff]
[    1.396084] pci_bus 0000:02: resource 2 [mem 0xdfc00000-0xdfdfffff 64bit pref]
[    1.396223] pci_bus 0000:03: resource 1 [mem 0xf2400000-0xf24fffff]
[    1.396334] pci_bus 0000:05: resource 0 [io  0x4000-0x4fff]
[    1.396439] pci_bus 0000:05: resource 1 [mem 0xf1c00000-0xf23fffff]
[    1.396549] pci_bus 0000:05: resource 2 [mem 0xf0400000-0xf0bfffff 64bit pref]
[    1.396667] pci_bus 0000:0d: resource 0 [io  0x3000-0x3fff]
[    1.396772] pci_bus 0000:0d: resource 1 [mem 0xf1400000-0xf1bfffff]
[    1.396882] pci_bus 0000:0d: resource 2 [mem 0xf0c00000-0xf13fffff 64bit pref]
[    1.397758] NET: Registered protocol family 2
[    1.398827] tcp_listen_portaddr_hash hash table entries: 4096 (order: 6, 294912 bytes)
[    1.399393] TCP established hash table entries: 65536 (order: 7, 524288 bytes)
[    1.399815] TCP bind hash table entries: 65536 (order: 10, 4194304 bytes)
[    1.406414] TCP: Hash tables configured (established 65536 bind 65536)
[    1.407503] UDP hash table entries: 4096 (order: 7, 655360 bytes)
[    1.408592] UDP-Lite hash table entries: 4096 (order: 7, 655360 bytes)
[    1.409918] NET: Registered protocol family 1
[    1.411000] RPC: Registered named UNIX socket transport module.
[    1.411115] RPC: Registered udp transport module.
[    1.411217] RPC: Registered tcp transport module.
[    1.411317] RPC: Registered tcp NFSv4.1 backchannel transport module.
[    1.412287] pci 0000:00:02.0: Video device with shadowed ROM at [mem 0x000c0000-0x000dffff]
[    1.415099] PCI: CLS 64 bytes, default 64
[    1.415371] PCI-DMA: Using software bounce buffering for IO (SWIOTLB)
[    1.415484] software IO TLB: mapped [mem 0xd699f000-0xda99f000] (64MB)
[    1.423576] Initialise system trusted keyrings
[    1.424015] workingset: timestamp_bits=62 max_order=21 bucket_order=0
[    1.427792] Installing knfsd (copyright (C) 1996 okir@monad.swb.de).
[    1.429806] ntfs: driver 2.1.32 [Flags: R/W].
[    1.430263] fuse: init (API version 7.31)
[    1.432489] Key type asymmetric registered
[    1.432602] Asymmetric key parser 'x509' registered
[    1.432778] Block layer SCSI generic (bsg) driver version 0.4 loaded (major 249)
[    1.432911] io scheduler mq-deadline registered
[    1.433086] io scheduler bfq registered
[    1.433813] pcieport 0000:00:1c.0: enabling device (0000 -> 0003)
[    1.437931] intel_idle: MWAIT substates: 0x21120
[    1.437940] intel_idle: v0.4.1 model 0x2A
[    1.439683] intel_idle: lapic_timer_reliable_states 0xffffffff
[    1.440523] ACPI: Deprecated procfs I/F for AC is loaded, please retry with CONFIG_ACPI_PROCFS_POWER cleared
[    1.440947] ACPI: AC Adapter [AC] (off-line)
[    1.441666] input: Lid Switch as /devices/LNXSYSTM:00/LNXSYBUS:00/PNP0C0D:00/input/input0
[    1.442214] ACPI: Lid Switch [LID]
[    1.442642] input: Sleep Button as /devices/LNXSYSTM:00/LNXSYBUS:00/PNP0C0E:00/input/input1
[    1.442902] ACPI: Sleep Button [SLPB]
[    1.443368] input: Power Button as /devices/LNXSYSTM:00/LNXPWRBN:00/input/input2
[    1.443591] ACPI: Power Button [PWRF]
[    1.452563] thermal LNXTHERM:00: registered as thermal_zone0
[    1.452682] ACPI: Thermal Zone [THM0] (55 C)
[    1.453800] Serial: 8250/16550 driver, 4 ports, IRQ sharing disabled
[    1.458960] lp: driver loaded but no devices found
[    1.459391] Non-volatile memory driver v1.3
[    1.460325] Linux agpgart interface v0.103
[    1.461391] [drm] radeon kernel modesetting enabled.
[    1.465025] i915 0000:00:02.0: vgaarb: deactivate vga console
[    1.466215] Console: switching to colour dummy device 80x25
[    1.480286] [drm] Supports vblank timestamp caching Rev 2 (21.10.2013).
[    1.480333] [drm] Driver supports precise vblank timestamp query.
[    1.483448] i915 0000:00:02.0: vgaarb: changed VGA decodes: olddecodes=io+mem,decodes=io+mem:owns=io+mem
[    1.493972] battery: ACPI: Deprecated procfs I/F for battery is loaded, please retry with CONFIG_ACPI_PROCFS_POWER cleared
[    1.494083] battery: ACPI: Battery Slot [BAT0] (battery present)
[    1.617443] [drm] Initialized i915 1.6.0 20190417 for 0000:00:02.0 on minor 0
[    1.623357] ACPI: Video Device [VID] (multi-head: yes  rom: no  post: no)
[    1.625115] input: Video Bus as /devices/LNXSYSTM:00/LNXSYBUS:00/PNP0A08:00/LNXVIDEO:00/input/input3
[    1.626193] usbcore: registered new interface driver udl
[    1.654585] loop: module loaded
[    1.700352] ahci 0000:00:1f.2: version 3.0
[    1.702135] ahci 0000:00:1f.2: SSS flag set, parallel bus scan disabled
[    1.716244] ahci 0000:00:1f.2: AHCI 0001.0300 32 slots 6 ports 6 Gbps 0x17 impl SATA mode
[    1.716308] ahci 0000:00:1f.2: flags: 64bit ncq sntf ilck stag pm led clo pio slum part ems sxs apst 
[    1.759197] scsi host0: ahci
[    1.760651] scsi host1: ahci
[    1.761737] scsi host2: ahci
[    1.762623] scsi host3: ahci
[    1.763555] scsi host4: ahci
[    1.764466] scsi host5: ahci
[    1.764952] ata1: SATA max UDMA/133 abar m2048@0xf2528000 port 0xf2528100 irq 19
[    1.765035] ata2: SATA max UDMA/133 abar m2048@0xf2528000 port 0xf2528180 irq 19
[    1.765115] ata3: SATA max UDMA/133 abar m2048@0xf2528000 port 0xf2528200 irq 19
[    1.765162] ata4: DUMMY
[    1.765180] ata5: SATA max UDMA/133 abar m2048@0xf2528000 port 0xf2528300 irq 19
[    1.765226] ata6: DUMMY
[    1.767497] tun: Universal TUN/TAP device driver, 1.6
[    1.768815] e1000e: Intel(R) PRO/1000 Network Driver - 3.2.6-k
[    1.768874] e1000e: Copyright(c) 1999 - 2015 Intel Corporation.
[    1.770077] e1000e 0000:00:19.0: Interrupt Throttling Rate (ints/sec) set to dynamic conservative mode
[    1.872394] e1000e 0000:00:19.0 0000:00:19.0 (uninitialized): registered PHC clock
[    1.878612] fbcon: i915drmfb (fb0) is primary device
[    1.983022] e1000e 0000:00:19.0 eth0: (PCI Express:2.5GT/s:Width x1) f0:de:f1:e3:99:75
[    1.983032] e1000e 0000:00:19.0 eth0: Intel(R) PRO/1000 Network Connection
[    1.983101] e1000e 0000:00:19.0 eth0: MAC: 10, PHY: 11, PBA No: 1000FF-0FF
[    1.983637] PPP generic driver version 2.4.2
[    1.984181] PPP BSD Compression module registered
[    1.984188] PPP Deflate Compression module registered
[    1.984193] SLIP: version 0.8.4-NET3.019-NEWTTY (dynamic channels, max=256).
[    1.984196] CSLIP: code copyright 1989 Regents of the University of California.
[    1.984355] iwl3945: Intel(R) PRO/Wireless 3945ABG/BG Network Connection driver for Linux, in-tree:ds
[    1.984359] iwl3945: Copyright(c) 2003-2011 Intel Corporation
[    1.984362] iwl3945: hw_scan is disabled
[    1.984517] Intel(R) Wireless WiFi driver for Linux
[    1.984521] Copyright(c) 2003- 2015 Intel Corporation
[    1.985524] iwlwifi 0000:03:00.0: pci_enable_msi failed - -38
[    1.986337] usbcore: registered new interface driver ax88179_178a
[    1.986449] usbcore: registered new interface driver cdc_ether
[    1.986545] usbcore: registered new interface driver cdc_eem
[    1.986653] usbcore: registered new interface driver net1080
[    1.986773] usbcore: registered new interface driver cdc_subset
[    1.986862] usbcore: registered new interface driver zaurus
[    1.986986] usbcore: registered new interface driver cdc_ncm
[    1.987092] usbcore: registered new interface driver cdc_mbim
[    1.988071] iwlwifi 0000:03:00.0: loaded firmware version 39.31.5.1 build 35138 op_mode iwldvm
[    1.988376] iwlwifi 0000:03:00.0: CONFIG_IWLWIFI_DEBUG disabled
[    1.988381] iwlwifi 0000:03:00.0: CONFIG_IWLWIFI_DEBUGFS disabled
[    1.988385] iwlwifi 0000:03:00.0: CONFIG_IWLWIFI_DEVICE_TRACING disabled
[    1.988388] ehci_hcd: USB 2.0 'Enhanced' Host Controller (EHCI) Driver
[    1.988391] iwlwifi 0000:03:00.0: Detected Intel(R) Centrino(R) Wireless-N 1000 BGN, REV=0x6C
[    1.988427] ehci-pci: EHCI PCI platform driver
[    1.989267] ehci-pci 0000:00:1a.0: EHCI Host Controller
[    1.989839] ehci-pci 0000:00:1a.0: new USB bus registered, assigned bus number 1
[    1.989941] ehci-pci 0000:00:1a.0: debug port 2
[    1.994027] ehci-pci 0000:00:1a.0: cache line size of 64 is not supported
[    1.994054] ehci-pci 0000:00:1a.0: irq 16, io mem 0xf252a000
[    2.008215] ehci-pci 0000:00:1a.0: USB 2.0 started, EHCI 1.00
[    2.009213] usb usb1: New USB device found, idVendor=1d6b, idProduct=0002, bcdDevice= 5.02
[    2.009220] usb usb1: New USB device strings: Mfr=3, Product=2, SerialNumber=1
[    2.009226] usb usb1: Product: EHCI Host Controller
[    2.009231] usb usb1: Manufacturer: Linux 5.2.0-rc5+ ehci_hcd
[    2.009236] usb usb1: SerialNumber: 0000:00:1a.0
[    2.010707] hub 1-0:1.0: USB hub found
[    2.010847] hub 1-0:1.0: 3 ports detected
[    2.013843] ehci-pci 0000:00:1d.0: EHCI Host Controller
[    2.014231] ehci-pci 0000:00:1d.0: new USB bus registered, assigned bus number 2
[    2.014289] ehci-pci 0000:00:1d.0: debug port 2
[    2.018320] ehci-pci 0000:00:1d.0: cache line size of 64 is not supported
[    2.018405] ehci-pci 0000:00:1d.0: irq 23, io mem 0xf2529000
[    2.032266] ehci-pci 0000:00:1d.0: USB 2.0 started, EHCI 1.00
[    2.033194] usb usb2: New USB device found, idVendor=1d6b, idProduct=0002, bcdDevice= 5.02
[    2.033201] usb usb2: New USB device strings: Mfr=3, Product=2, SerialNumber=1
[    2.033206] usb usb2: Product: EHCI Host Controller
[    2.033210] usb usb2: Manufacturer: Linux 5.2.0-rc5+ ehci_hcd
[    2.033214] usb usb2: SerialNumber: 0000:00:1d.0
[    2.033965] ieee80211 phy0: Selected rate control algorithm 'iwl-agn-rs'
[    2.034431] hub 2-0:1.0: USB hub found
[    2.034579] hub 2-0:1.0: 3 ports detected
[    2.036825] ohci_hcd: USB 1.1 'Open' Host Controller (OHCI) Driver
[    2.036862] ohci-pci: OHCI PCI platform driver
[    2.037009] uhci_hcd: USB Universal Host Controller Interface driver
[    2.037635] usbcore: registered new interface driver cdc_acm
[    2.037639] cdc_acm: USB Abstract Control Model driver for USB modems and ISDN adapters
[    2.037770] usbcore: registered new interface driver usblp
[    2.037865] usbcore: registered new interface driver cdc_wdm
[    2.038023] usbcore: registered new interface driver usb-storage
[    2.038136] usbcore: registered new interface driver ums-sddr09
[    2.038491] usbcore: registered new interface driver usbserial_generic
[    2.038643] usbserial: USB Serial support registered for generic
[    2.038756] usbcore: registered new interface driver ch341
[    2.038849] usbserial: USB Serial support registered for ch341-uart
[    2.038961] usbcore: registered new interface driver ftdi_sio
[    2.039063] usbserial: USB Serial support registered for FTDI USB Serial Device
[    2.039268] usbcore: registered new interface driver option
[    2.039363] usbserial: USB Serial support registered for GSM modem (1-port)
[    2.039553] usbcore: registered new interface driver pl2303
[    2.039656] usbserial: USB Serial support registered for pl2303
[    2.039787] usbcore: registered new interface driver ti_usb_3410_5052
[    2.039895] usbserial: USB Serial support registered for TI USB 3410 1 port adapter
[    2.040000] usbserial: USB Serial support registered for TI USB 5052 2 port adapter
[    2.040012] ftdi_elan: driver ftdi-elan
[    2.040162] usbcore: registered new interface driver ftdi-elan
[    2.040582] i8042: PNP: PS/2 Controller [PNP0303:KBD,PNP0f13:MOU] at 0x60,0x64 irq 1,12
[    2.043866] serio: i8042 KBD port at 0x60,0x64 irq 1
[    2.043927] serio: i8042 AUX port at 0x60,0x64 irq 12
[    2.044951] mousedev: PS/2 mouse device common for all mice
[    2.047079] input: PC Speaker as /devices/platform/pcspkr/input/input4
[    2.047990] rtc_cmos 00:02: RTC can wake from S4
[    2.048676] rtc_cmos 00:02: registered as rtc0
[    2.048912] rtc_cmos 00:02: alarms up to one month, y3k, 114 bytes nvram, hpet irqs
[    2.049225] usbcore: registered new interface driver uvcvideo
[    2.049229] USB Video Class driver (1.1.1)
[    2.049233] gspca_main: v2.14.0 registered
[    2.049348] usbcore: registered new interface driver sq930x
[    2.051271] input: AT Translated Set 2 keyboard as /devices/platform/i8042/serio0/input/input5
[    2.051486] device-mapper: ioctl: 4.40.0-ioctl (2019-01-18) initialised: dm-devel@redhat.com
[    2.051496] Bluetooth: HCI UART driver ver 2.3
[    2.051502] Bluetooth: HCI UART protocol H4 registered
[    2.051506] Bluetooth: HCI UART protocol BCSP registered
[    2.051755] usbcore: registered new interface driver btusb
[    2.051772] intel_pstate: Intel P-state driver initializing
[    2.053051] sdhci: Secure Digital Host Controller Interface driver
[    2.053055] sdhci: Copyright(c) Pierre Ossman
[    2.053162] sdhci-pci 0000:0d:00.0: SDHCI controller found [1180:e823] (rev 4)
[    2.054880] mmc0 bounce up to 128 segments into one, max segment size 65536 bytes
[    2.056065] mmc0: SDHCI controller on PCI [0000:0d:00.0] using DMA
[    2.056595] hidraw: raw HID events driver (C) Jiri Kosina
[    2.059171] usbcore: registered new interface driver usbhid
[    2.059175] usbhid: USB HID core driver
[    2.062561] thinkpad_acpi: ThinkPad ACPI Extras v0.26
[    2.062565] thinkpad_acpi: http://ibm-acpi.sf.net/
[    2.062567] thinkpad_acpi: ThinkPad BIOS 8DET74WW (1.44 ), EC unknown
[    2.062570] thinkpad_acpi: Lenovo ThinkPad X220, model 42872WU
[    2.065019] thinkpad_acpi: radio switch found; radios are enabled
[    2.065283] thinkpad_acpi: Tablet mode switch found (type: MHKG), currently in laptop mode
[    2.065306] thinkpad_acpi: This ThinkPad has standard ACPI backlight brightness control, supported by the ACPI video driver
[    2.065307] thinkpad_acpi: Disabling thinkpad-acpi brightness events by default...
[    2.069441] thinkpad_acpi: rfkill switch tpacpi_bluetooth_sw: radio is unblocked
[    2.070860] thinkpad_acpi: warning: userspace override of important firmware LEDs is enabled
[    2.070879] thinkpad_acpi: Standard ACPI backlight interface available, not loading native one
[    2.070880] thinkpad_acpi: volume: disabled as there is no ALSA support in this kernel
[    2.073863] thinkpad_acpi: battery 1 registered (start 0, stop 100)
[    2.073868] battery: new extension: ThinkPad Battery Extension
[    2.073929] input: ThinkPad Extra Buttons as /devices/platform/thinkpad_acpi/input/input8
[    2.075601] usbcore: registered new interface driver snd-usb-audio
[    2.076184] ata1: SATA link up 1.5 Gbps (SStatus 113 SControl 300)
[    2.077238] ata1.00: ACPI cmd ef/02:00:00:00:00:a0 (SET FEATURES) succeeded
[    2.077241] ata1.00: ACPI cmd f5/00:00:00:00:00:a0 (SECURITY FREEZE LOCK) filtered out
[    2.077243] ata1.00: ACPI cmd ef/10:03:00:00:00:a0 (SET FEATURES) filtered out
[    2.078057] ata1.00: ATA-8: Hitachi HTS545050A7E380, GG2OA7J0, max UDMA/133
[    2.078059] ata1.00: 976773168 sectors, multi 16: LBA48 NCQ (depth 32), AA
[    2.078787] NET: Registered protocol family 17
[    2.079008] Bluetooth: RFCOMM TTY layer initialized
[    2.079054] Bluetooth: RFCOMM socket layer initialized
[    2.079063] Bluetooth: RFCOMM ver 1.11
[    2.079070] Bluetooth: BNEP (Ethernet Emulation) ver 1.3
[    2.079071] Bluetooth: BNEP filters: protocol multicast
[    2.079077] Bluetooth: BNEP socket layer initialized
[    2.079078] Bluetooth: HIDP (Human Interface Emulation) ver 1.2
[    2.079081] Bluetooth: HIDP socket layer initialized
[    2.079111] ata1.00: ACPI cmd ef/02:00:00:00:00:a0 (SET FEATURES) succeeded
[    2.079114] ata1.00: ACPI cmd f5/00:00:00:00:00:a0 (SECURITY FREEZE LOCK) filtered out
[    2.079116] ata1.00: ACPI cmd ef/10:03:00:00:00:a0 (SET FEATURES) filtered out
[    2.079285] microcode: sig=0x206a7, pf=0x10, revision=0x2d
[    2.079458] microcode: Microcode Update Driver: v2.2.
[    2.079488] sched_clock: Marking stable (2049949221, 29467820)->(2089305316, -9888275)
[    2.079862] Loading compiled-in X.509 certificates
[    2.080572] Key type encrypted registered
[    2.080890] rtc_cmos 00:02: setting system clock to 2019-06-21T15:12:34 UTC (1561129954)
[    2.080987] cfg80211: Loading compiled-in X.509 certificates for regulatory database
[    2.081860] cfg80211: Loaded X.509 cert 'sforshee: 00b28ddf47aef9cea7'
[    2.082026] platform regulatory.0: Direct firmware load for regulatory.db failed with error -2
[    2.082042] cfg80211: failed to load regulatory.db
[    2.109830] ata1.00: configured for UDMA/133
[    2.169906] random: fast init done
[    2.348255] usb 1-1: new high-speed USB device number 2 using ehci-pci
[    2.368275] usb 2-1: new high-speed USB device number 2 using ehci-pci
[    2.424349] tsc: Refined TSC clocksource calibration: 2491.905 MHz
[    2.424373] clocksource: tsc: mask: 0xffffffffffffffff max_cycles: 0x23eb5abbd7b, max_idle_ns: 440795277677 ns
[    2.424495] clocksource: Switched to clocksource tsc
[    2.509548] usb 1-1: New USB device found, idVendor=8087, idProduct=0024, bcdDevice= 0.00
[    2.509556] usb 1-1: New USB device strings: Mfr=0, Product=0, SerialNumber=0
[    2.510873] hub 1-1:1.0: USB hub found
[    2.511384] hub 1-1:1.0: 6 ports detected
[    2.525094] usb 2-1: New USB device found, idVendor=8087, idProduct=0024, bcdDevice= 0.00
[    2.525102] usb 2-1: New USB device strings: Mfr=0, Product=0, SerialNumber=0
[    2.525939] hub 2-1:1.0: USB hub found
[    2.526176] hub 2-1:1.0: 8 ports detected
[    2.606766] snd_hda_intel 0000:00:1b.0: bound 0000:00:02.0 (ops i915_audio_component_bind_ops)
[    2.627335] snd_hda_codec_generic hdaudioC0D0: autoconfig for Generic: line_outs=1 (0x1f/0x0/0x0/0x0/0x0) type:speaker
[    2.627343] snd_hda_codec_generic hdaudioC0D0:    speaker_outs=0 (0x0/0x0/0x0/0x0/0x0)
[    2.627348] snd_hda_codec_generic hdaudioC0D0:    hp_outs=1 (0x19/0x0/0x0/0x0/0x0)
[    2.627352] snd_hda_codec_generic hdaudioC0D0:    mono: mono_out=0x0
[    2.627356] snd_hda_codec_generic hdaudioC0D0:    inputs:
[    2.627363] snd_hda_codec_generic hdaudioC0D0:      Internal Mic=0x23
[    2.627368] snd_hda_codec_generic hdaudioC0D0:      Mic=0x1b
[    2.632697] Console: switching to colour frame buffer device 136x42
[    2.632899] snd_hda_codec_generic hdaudioC0D3: ignore pin 0x7, too many assigned pins
[    2.632901] snd_hda_codec_generic hdaudioC0D3: autoconfig for Generic: line_outs=0 (0x0/0x0/0x0/0x0/0x0) type:line
[    2.632902] snd_hda_codec_generic hdaudioC0D3:    speaker_outs=0 (0x0/0x0/0x0/0x0/0x0)
[    2.632904] snd_hda_codec_generic hdaudioC0D3:    hp_outs=0 (0x0/0x0/0x0/0x0/0x0)
[    2.632905] snd_hda_codec_generic hdaudioC0D3:    mono: mono_out=0x0
[    2.632906] snd_hda_codec_generic hdaudioC0D3:    dig-out=0x5/0x6
[    2.632907] snd_hda_codec_generic hdaudioC0D3:    inputs:
[    2.634814] input: HDA Intel PCH Mic as /devices/pci0000:00/0000:00:1b.0/sound/card0/input9
[    2.634966] input: HDA Intel PCH Headphone as /devices/pci0000:00/0000:00:1b.0/sound/card0/input10
[    2.635154] input: HDA Intel PCH HDMI as /devices/pci0000:00/0000:00:1b.0/sound/card0/input11
[    2.635291] input: HDA Intel PCH HDMI as /devices/pci0000:00/0000:00:1b.0/sound/card0/input12
[    2.808183] usb 1-1.3: new full-speed USB device number 3 using ehci-pci
[    2.808858] i915 0000:00:02.0: fb0: i915drmfb frame buffer device
[    2.819635] scsi 0:0:0:0: Direct-Access     ATA      Hitachi HTS54505 A7J0 PQ: 0 ANSI: 5
[    2.821275] sd 0:0:0:0: [sda] 976773168 512-byte logical blocks: (500 GB/466 GiB)
[    2.821319] sd 0:0:0:0: Attached scsi generic sg0 type 0
[    2.822492] sd 0:0:0:0: [sda] 4096-byte physical blocks
[    2.822539] sd 0:0:0:0: [sda] Write Protect is off
[    2.825657] sd 0:0:0:0: [sda] Mode Sense: 00 3a 00 00
[    2.825823] sd 0:0:0:0: [sda] Write cache: enabled, read cache: enabled, doesn't support DPO or FUA
[    2.866705]  sda: sda1 sda2 sda3 sda4
[    2.873902] sd 0:0:0:0: [sda] Attached SCSI disk
[    2.918121] usb 1-1.3: New USB device found, idVendor=147e, idProduct=2016, bcdDevice= 0.02
[    2.918987] usb 1-1.3: New USB device strings: Mfr=1, Product=2, SerialNumber=0
[    2.919851] usb 1-1.3: Product: Biometric Coprocessor
[    2.920699] usb 1-1.3: Manufacturer: UPEK
[    2.944386] psmouse serio1: synaptics: queried max coordinates: x [..5472], y [..4448]
[    3.004150] usb 1-1.4: new full-speed USB device number 4 using ehci-pci
[    3.023213] psmouse serio1: synaptics: Touchpad model: 1, fw: 8.0, id: 0x1e2b1, caps: 0xd001a3/0x940300/0x120c00/0x0, board id: 1611, fw id: 774180
[    3.024211] psmouse serio1: synaptics: serio: Synaptics pass-through port at isa0060/serio1/input0
[    3.076097] input: SynPS/2 Synaptics TouchPad as /devices/platform/i8042/serio1/input/input7
[    3.119764] usb 1-1.4: New USB device found, idVendor=0a5c, idProduct=217f, bcdDevice= 7.48
[    3.123343] usb 1-1.4: New USB device strings: Mfr=1, Product=2, SerialNumber=3
[    3.126867] usb 1-1.4: Product: Broadcom Bluetooth Device
[    3.128025] usb 1-1.4: Manufacturer: Broadcom Corp
[    3.129120] usb 1-1.4: SerialNumber: 7CE9D3B855AA
[    3.140226] ata2: SATA link down (SStatus 0 SControl 300)
[    3.216243] usb 1-1.6: new high-speed USB device number 5 using ehci-pci
[    3.332928] usb 1-1.6: New USB device found, idVendor=04f2, idProduct=b217, bcdDevice= 8.54
[    3.335774] usb 1-1.6: New USB device strings: Mfr=1, Product=2, SerialNumber=0
[    3.338591] usb 1-1.6: Product: Integrated Camera
[    3.340248] usb 1-1.6: Manufacturer: Chicony Electronics Co., Ltd.
[    3.344311] uvcvideo: Found UVC 1.00 device Integrated Camera (04f2:b217)
[    3.358328] uvcvideo 1-1.6:1.0: Entity type for entity Extension 3 was not initialized!
[    3.359560] uvcvideo 1-1.6:1.0: Entity type for entity Processing 2 was not initialized!
[    3.360791] uvcvideo 1-1.6:1.0: Entity type for entity Camera 1 was not initialized!
[    3.461633] ata3: SATA link up 3.0 Gbps (SStatus 123 SControl 300)
[    3.483719] ata3.00: ACPI cmd ef/02:00:00:00:00:a0 (SET FEATURES) succeeded
[    3.483730] ata3.00: ACPI cmd f5/00:00:00:00:00:a0 (SECURITY FREEZE LOCK) filtered out
[    3.487478] ata3.00: ACPI cmd ef/10:03:00:00:00:a0 (SET FEATURES) filtered out
[    3.496883] ata3.00: ATA-8: KINGSTON SMS200S3240G, 60AABBF0, max UDMA/133
[    3.498116] ata3.00: 468862128 sectors, multi 1: LBA48 NCQ (depth 32), AA
[    3.504377] ata3.00: ACPI cmd ef/02:00:00:00:00:a0 (SET FEATURES) succeeded
[    3.504389] ata3.00: ACPI cmd f5/00:00:00:00:00:a0 (SECURITY FREEZE LOCK) filtered out
[    3.507968] ata3.00: ACPI cmd ef/10:03:00:00:00:a0 (SET FEATURES) filtered out
[    3.516970] ata3.00: configured for UDMA/133
[    3.520007] scsi 2:0:0:0: Direct-Access     ATA      KINGSTON SMS200S BBF0 PQ: 0 ANSI: 5
[    3.525142] sd 2:0:0:0: Attached scsi generic sg1 type 0
[    3.525184] sd 2:0:0:0: [sdb] 468862128 512-byte logical blocks: (240 GB/224 GiB)
[    3.531178] sd 2:0:0:0: [sdb] Write Protect is off
[    3.534895] sd 2:0:0:0: [sdb] Mode Sense: 00 3a 00 00
[    3.535037] sd 2:0:0:0: [sdb] Write cache: enabled, read cache: enabled, doesn't support DPO or FUA
[    3.539131]  sdb: sdb2 sdb4
[    3.544573] sd 2:0:0:0: [sdb] Attached SCSI disk
[    3.829918] psmouse serio2: trackpoint: IBM TrackPoint firmware: 0x0e, buttons: 3/3
[    3.849604] ata5: SATA link down (SStatus 0 SControl 300)
[    3.892892] PM: Image not found (code -22)
[    3.892973] ALSA device list:
[    3.896656]   #0: HDA Intel PCH at 0xf2520000 irq 22
[    4.093355] input: TPPS/2 IBM TrackPoint as /devices/platform/i8042/serio1/serio2/input/input13
[    4.204247] md: Waiting for all devices to be available before autodetect
[    4.207821] md: If you don't use raid, use raid=noautodetect
[    4.212719] md: Autodetecting RAID arrays.
[    4.216100] md: autorun ...
[    4.219401] md: ... autorun DONE.
[    4.225514] EXT4-fs (sdb4): INFO: recovery required on readonly filesystem
[    4.226439] EXT4-fs (sdb4): write access will be enabled during recovery
[    4.280381] EXT4-fs (sdb4): orphan cleanup on readonly fs
[    4.284195] EXT4-fs (sdb4): 19 orphan inodes deleted
[    4.286598] EXT4-fs (sdb4): recovery complete
[    4.292102] EXT4-fs (sdb4): mounted filesystem with ordered data mode. Opts: (null)
[    4.293130] VFS: Mounted root (ext4 filesystem) readonly on device 8:20.
[    4.294472] devtmpfs: mounted
[    4.296793] Freeing unused kernel image memory: 1088K
[    4.304269] Write protecting the kernel read-only data: 24576k
[    4.306615] Freeing unused kernel image memory: 2012K
[    4.308280] Freeing unused kernel image memory: 864K
[    4.319667] x86/mm: Checked W+X mappings: passed, no W+X pages found.
[    4.320508] rodata_test: all tests were successful
[    4.321329] x86/mm: Checking user space page tables
[    4.330051] x86/mm: Checked W+X mappings: passed, no W+X pages found.
[    4.330872] Run /sbin/init as init process
[    4.393655] random: systemd: uninitialized urandom read (16 bytes read)
[    4.395702] systemd[1]: systemd 215 running in system mode. (+PAM +AUDIT +SELINUX +IMA +SYSVINIT +LIBCRYPTSETUP +GCRYPT +ACL +XZ -SECCOMP -APPARMOR)
[    4.416903] systemd[1]: Detected architecture 'x86-64'.
[    4.447484] systemd[1]: Failed to insert module 'ipv6'
[    4.449230] systemd[1]: Set hostname to <duo>.
[    4.464114] random: systemd-sysv-ge: uninitialized urandom read (16 bytes read)
[    4.510322] random: systemd-sysv-ge: uninitialized urandom read (16 bytes read)
[    4.590420] systemd[1]: Binding to IPv6 address not available since kernel does not support IPv6.
[    4.591494] systemd[1]: [/lib/systemd/system/gpsd.socket:6] Failed to parse address value, ignoring: [::1]:2947
[    4.596228] systemd[1]: Starting Forward Password Requests to Wall Directory Watch.
[    4.597588] systemd[1]: Started Forward Password Requests to Wall Directory Watch.
[    4.598658] systemd[1]: Starting Remote File Systems (Pre).
[    4.602279] systemd[1]: Reached target Remote File Systems (Pre).
[    4.704741] systemd-udevd[1971]: starting version 215
[    4.942350] e1000e 0000:00:19.0 eth2: renamed from eth0
[    4.976435] systemd-udevd[2334]: renamed network interface eth0 to eth2
[    4.976616] iwlwifi 0000:03:00.0 wlan1: renamed from wlan0
[    5.004436] systemd-udevd[2367]: renamed network interface wlan0 to wlan1
[    5.036419] Bluetooth: hci0: urb (____ptrval____) failed to resubmit (2)
[    6.440207] Adding 1681428k swap on /dev/sda1.  Priority:-2 extents:1 across:1681428k 
[    6.813514] random: crng init done
[    6.815031] random: 7 urandom warning(s) missed due to ratelimiting
[   12.897883] EXT4-fs (sdb4): re-mounted. Opts: errors=remount-ro
[   15.183399] EXT4-fs (sda2): mounted filesystem with ordered data mode. Opts: errors=remount-ro
[   15.244103] EXT4-fs (sdb2): mounted filesystem with ordered data mode. Opts: errors=remount-ro
[   15.289961] systemd-journald[1973]: Received request to flush runtime journal from PID 1
[   15.971051] device-mapper: table: 251:0: thin-pool: unknown target type
[   15.971054] device-mapper: ioctl: error adding target to table
[   16.959661] iwlwifi 0000:03:00.0: Radio type=0x0-0x0-0x3
[   17.031620] iwlwifi 0000:03:00.0: Radio type=0x0-0x0-0x3
