[    0.000000] Linux version 5.7.0-rc5-next-20200515+ (pavel@pollux.denx.de) (gcc (GCC) 9.2.1 20190827 (Red Hat 9.2.1-1), GNU ld version 2.32-31.fc31) #114 SMP PREEMPT Sun May 17 20:43:53 CEST 2020
[    0.000000] Disabled fast string operations
[    0.000000] x86/fpu: x87 FPU will use FXSAVE
[    0.000000] BIOS-provided physical RAM map:
[    0.000000] BIOS-e820: [mem 0x0000000000000000-0x000000000009efff] usable
[    0.000000] BIOS-e820: [mem 0x000000000009f000-0x000000000009ffff] reserved
[    0.000000] BIOS-e820: [mem 0x00000000000dc000-0x00000000000fffff] reserved
[    0.000000] BIOS-e820: [mem 0x0000000000100000-0x00000000bf6cffff] usable
[    0.000000] BIOS-e820: [mem 0x00000000bf6d0000-0x00000000bf6defff] ACPI data
[    0.000000] BIOS-e820: [mem 0x00000000bf6df000-0x00000000bf6fffff] ACPI NVS
[    0.000000] BIOS-e820: [mem 0x00000000bf700000-0x00000000bfffffff] reserved
[    0.000000] BIOS-e820: [mem 0x00000000f0000000-0x00000000f3ffffff] reserved
[    0.000000] BIOS-e820: [mem 0x00000000fec00000-0x00000000fec0ffff] reserved
[    0.000000] BIOS-e820: [mem 0x00000000fed00000-0x00000000fed003ff] reserved
[    0.000000] BIOS-e820: [mem 0x00000000fed14000-0x00000000fed19fff] reserved
[    0.000000] BIOS-e820: [mem 0x00000000fed1c000-0x00000000fed8ffff] reserved
[    0.000000] BIOS-e820: [mem 0x00000000fee00000-0x00000000fee00fff] reserved
[    0.000000] BIOS-e820: [mem 0x00000000ff800000-0x00000000ffffffff] reserved
[    0.000000] NX (Execute Disable) protection: active
[    0.000000] SMBIOS 2.4 present.
[    0.000000] DMI: LENOVO 17097HU/17097HU, BIOS 7BETD8WW (2.19 ) 03/31/2011
[    0.000000] tsc: Fast TSC calibration failed
[    0.000000] e820: update [mem 0x00000000-0x00000fff] usable ==> reserved
[    0.000000] e820: remove [mem 0x000a0000-0x000fffff] usable
[    0.000000] last_pfn = 0xbf6d0 max_arch_pfn = 0x1000000
[    0.000000] MTRR default type: uncachable
[    0.000000] MTRR fixed ranges enabled:
[    0.000000]   00000-9FFFF write-back
[    0.000000]   A0000-BFFFF uncachable
[    0.000000]   C0000-CFFFF write-protect
[    0.000000]   D0000-DBFFF uncachable
[    0.000000]   DC000-DFFFF write-back
[    0.000000]   E0000-FFFFF write-protect
[    0.000000] MTRR variable ranges enabled:
[    0.000000]   0 base 000000000 mask F80000000 write-back
[    0.000000]   1 base 080000000 mask FC0000000 write-back
[    0.000000]   2 base 0BF700000 mask FFFF00000 uncachable
[    0.000000]   3 base 0BF800000 mask FFF800000 uncachable
[    0.000000]   4 disabled
[    0.000000]   5 disabled
[    0.000000]   6 disabled
[    0.000000]   7 disabled
[    0.000000] x86/PAT: PAT not supported by the CPU.
[    0.000000] x86/PAT: Configuration [0-7]: WB  WT  UC- UC  WB  WT  UC- UC  
[    0.000000] initial memory mapped: [mem 0x00000000-0x05bfffff]
[    0.000000] BRK [0x056f5000, 0x056f5fff] PGTABLE
[    0.000000] BRK [0x056f6000, 0x056f6fff] PGTABLE
[    0.000000] ACPI: Early table checksum verification disabled
[    0.000000] ACPI: RSDP 0x00000000000F67C0 000024 (v02 LENOVO)
[    0.000000] ACPI: XSDT 0x00000000BF6D191C 000084 (v01 LENOVO TP-7B    00002190  LTP 00000000)
[    0.000000] ACPI: FACP 0x00000000BF6D1A00 0000F4 (v03 LENOVO TP-7B    00002190 LNVO 00000001)
[    0.000000] ACPI BIOS Warning (bug): 32/64X length mismatch in FADT/Gpe0Block: 64/32 (20200430/tbfadt-564)
[    0.000000] ACPI BIOS Warning (bug): Optional FADT field Gpe1Block has valid Address but zero Length: 0x000000000000102C/0x0 (20200430/tbfadt-615)
[    0.000000] ACPI: DSDT 0x00000000BF6D1D90 00CFB9 (v01 LENOVO TP-7B    00002190 MSFT 0100000E)
[    0.000000] ACPI: FACS 0x00000000BF6F4000 000040
[    0.000000] ACPI: FACS 0x00000000BF6F4000 000040
[    0.000000] ACPI: SSDT 0x00000000BF6D1BB4 0001DC (v01 LENOVO TP-7B    00002190 MSFT 0100000E)
[    0.000000] ACPI: ECDT 0x00000000BF6DED49 000052 (v01 LENOVO TP-7B    00002190 LNVO 00000001)
[    0.000000] ACPI: TCPA 0x00000000BF6DED9B 000032 (v02 LENOVO TP-7B    00002190 LNVO 00000001)
[    0.000000] ACPI: APIC 0x00000000BF6DEDCD 000068 (v01 LENOVO TP-7B    00002190 LNVO 00000001)
[    0.000000] ACPI: MCFG 0x00000000BF6DEE35 00003C (v01 LENOVO TP-7B    00002190 LNVO 00000001)
[    0.000000] ACPI: HPET 0x00000000BF6DEE71 000038 (v01 LENOVO TP-7B    00002190 LNVO 00000001)
[    0.000000] ACPI: BOOT 0x00000000BF6DEFD8 000028 (v01 LENOVO TP-7B    00002190  LTP 00000001)
[    0.000000] ACPI: SSDT 0x00000000BF6F2645 00025F (v01 LENOVO TP-7B    00002190 INTL 20050513)
[    0.000000] ACPI: SSDT 0x00000000BF6F28A4 0000A6 (v01 LENOVO TP-7B    00002190 INTL 20050513)
[    0.000000] ACPI: SSDT 0x00000000BF6F294A 0004F7 (v01 LENOVO TP-7B    00002190 INTL 20050513)
[    0.000000] ACPI: SSDT 0x00000000BF6F2E41 0001D8 (v01 LENOVO TP-7B    00002190 INTL 20050513)
[    0.000000] ACPI: Local APIC address 0xfee00000
[    0.000000] 2176MB HIGHMEM available.
[    0.000000] 885MB LOWMEM available.
[    0.000000]   mapped low ram: 0 - 375fe000
[    0.000000]   low ram: 0 - 375fe000
[    0.000000] BRK [0x056f7000, 0x056f7fff] PGTABLE
[    0.000000] Zone ranges:
[    0.000000]   DMA      [mem 0x0000000000001000-0x0000000000ffffff]
[    0.000000]   Normal   [mem 0x0000000001000000-0x00000000375fdfff]
[    0.000000]   HighMem  [mem 0x00000000375fe000-0x00000000bf6cffff]
[    0.000000] Movable zone start for each node
[    0.000000] Early memory node ranges
[    0.000000]   node   0: [mem 0x0000000000001000-0x000000000009efff]
[    0.000000]   node   0: [mem 0x0000000000100000-0x00000000bf6cffff]
[    0.000000] Initmem setup node 0 [mem 0x0000000000001000-0x00000000bf6cffff]
[    0.000000] On node 0 totalpages: 783982
[    0.000000]   DMA zone: 32 pages used for memmap
[    0.000000]   DMA zone: 0 pages reserved
[    0.000000]   DMA zone: 3998 pages, LIFO batch:0
[    0.000000]   Normal zone: 1740 pages used for memmap
[    0.000000]   Normal zone: 222718 pages, LIFO batch:63
[    0.000000]   HighMem zone: 557266 pages, LIFO batch:63
[    0.000000] Using APIC driver default
[    0.000000] Reserving Intel graphics memory at [mem 0xbf800000-0xbfffffff]
[    0.000000] ACPI: PM-Timer IO Port: 0x1008
[    0.000000] ACPI: Local APIC address 0xfee00000
[    0.000000] ACPI: LAPIC_NMI (acpi_id[0x00] high edge lint[0x1])
[    0.000000] ACPI: LAPIC_NMI (acpi_id[0x01] high edge lint[0x1])
[    0.000000] IOAPIC[0]: apic_id 1, version 32, address 0xfec00000, GSI 0-23
[    0.000000] ACPI: INT_SRC_OVR (bus 0 bus_irq 0 global_irq 2 dfl dfl)
[    0.000000] ACPI: INT_SRC_OVR (bus 0 bus_irq 9 global_irq 9 high level)
[    0.000000] ACPI: IRQ0 used by override.
[    0.000000] ACPI: IRQ9 used by override.
[    0.000000] Using ACPI (MADT) for SMP configuration information
[    0.000000] ACPI: HPET id: 0x8086a201 base: 0xfed00000
[    0.000000] smpboot: Allowing 2 CPUs, 0 hotplug CPUs
[    0.000000] PM: hibernation: Registered nosave memory: [mem 0x00000000-0x00000fff]
[    0.000000] PM: hibernation: Registered nosave memory: [mem 0x0009f000-0x0009ffff]
[    0.000000] PM: hibernation: Registered nosave memory: [mem 0x000a0000-0x000dbfff]
[    0.000000] PM: hibernation: Registered nosave memory: [mem 0x000dc000-0x000fffff]
[    0.000000] [mem 0xc0000000-0xefffffff] available for PCI devices
[    0.000000] clocksource: refined-jiffies: mask: 0xffffffff max_cycles: 0xffffffff, max_idle_ns: 7645519600211568 ns
[    0.000000] setup_percpu: NR_CPUS:8 nr_cpumask_bits:8 nr_cpu_ids:2 nr_node_ids:1
[    0.000000] percpu: Embedded 39 pages/cpu s127980 r0 d31764 u159744
[    0.000000] pcpu-alloc: s127980 r0 d31764 u159744 alloc=39*4096
[    0.000000] pcpu-alloc: [0] 0 [0] 1 
[    0.000000] Built 1 zonelists, mobility grouping on.  Total pages: 782210
[    0.000000] Kernel command line: BOOT_IMAGE=(hd0,2)/fast/l/linux-next-32/arch/x86/boot/bzImage resume=/dev/sda1 console=tty0 console=ttyUSB0 root=/dev/sda4
[    0.000000] Dentry cache hash table entries: 131072 (order: 7, 524288 bytes, linear)
[    0.000000] Inode-cache hash table entries: 65536 (order: 6, 262144 bytes, linear)
[    0.000000] mem auto-init: stack:off, heap alloc:off, heap free:off
[    0.000000] Initializing HighMem for node 0 (000375fe:000bf6d0)
[    0.000000] Initializing Movable for node 0 (00000000:00000000)
[    0.000000] Memory: 3020800K/3135928K available (13345K kernel code, 704K rwdata, 5356K rodata, 668K init, 3048K bss, 115128K reserved, 0K cma-reserved, 2229064K highmem)
[    0.000000] Checking if this processor honours the WP bit even in supervisor mode...Ok.
[    0.000000] random: get_random_u32 called from cache_alloc_refill+0x627/0xb00 with crng_init=0
[    0.000000] Kernel/User page tables isolation: enabled
[    0.000000] rcu: Preemptible hierarchical RCU implementation.
[    0.000000] rcu: 	RCU restricting CPUs from NR_CPUS=8 to nr_cpu_ids=2.
[    0.000000] 	Trampoline variant of Tasks RCU enabled.
[    0.000000] rcu: RCU calculated value of scheduler-enlistment delay is 25 jiffies.
[    0.000000] rcu: Adjusting geometry for rcu_fanout_leaf=16, nr_cpu_ids=2
[    0.000000] NR_IRQS: 2304, nr_irqs: 56, preallocated irqs: 16
[    0.000000] Console: colour VGA+ 80x25
[    0.000000] printk: console [tty0] enabled
[    0.000000] Lock dependency validator: Copyright (c) 2006 Red Hat, Inc., Ingo Molnar
[    0.000000] ... MAX_LOCKDEP_SUBCLASSES:  8
[    0.000000] ... MAX_LOCK_DEPTH:          48
[    0.000000] ... MAX_LOCKDEP_KEYS:        8192
[    0.000000] ... CLASSHASH_SIZE:          4096
[    0.000000] ... MAX_LOCKDEP_ENTRIES:     32768
[    0.000000] ... MAX_LOCKDEP_CHAINS:      65536
[    0.000000] ... CHAINHASH_SIZE:          32768
[    0.000000]  memory used by lock dependency info: 1829 kB
[    0.000000]  per task-struct memory footprint: 1344 bytes
[    0.000000] ACPI: Core revision 20200430
[    0.000000] clocksource: hpet: mask: 0xffffffff max_cycles: 0xffffffff, max_idle_ns: 133484882848 ns
[    0.000000] APIC: Switch to symmetric I/O mode setup
[    0.000000] Enabling APIC mode:  Flat.  Using 1 I/O APICs
[    0.000000] ..TIMER: vector=0x30 apic1=0 pin1=2 apic2=-1 pin2=-1
[    0.024000] tsc: PIT calibration matches HPET. 1 loops
[    0.024000] tsc: Detected 1828.726 MHz processor
[    0.000004] clocksource: tsc-early: mask: 0xffffffffffffffff max_cycles: 0x1a5c2a00da5, max_idle_ns: 440795206017 ns
[    0.000100] Calibrating delay loop (skipped), value calculated using timer frequency.. 3657.45 BogoMIPS (lpj=7314904)
[    0.000193] pid_max: default: 32768 minimum: 301
[    0.000522] Mount-cache hash table entries: 2048 (order: 1, 8192 bytes, linear)
[    0.000620] Mountpoint-cache hash table entries: 2048 (order: 1, 8192 bytes, linear)
[    0.001528] Disabled fast string operations
[    0.001619] process: using mwait in idle threads
[    0.001706] Last level iTLB entries: 4KB 128, 2MB 0, 4MB 2
[    0.001788] Last level dTLB entries: 4KB 128, 2MB 0, 4MB 8, 1GB 0
[    0.001875] Spectre V1 : Mitigation: usercopy/swapgs barriers and __user pointer sanitization
[    0.004106] Spectre V2 : Mitigation: Full generic retpoline
[    0.004188] Spectre V2 : Spectre v2 / SpectreRSB mitigation: Filling RSB on context switch
[    0.004285] L1TF: System has more than MAX_PA/2 memory. L1TF mitigation not effective.
[    0.004380] L1TF: You may make it effective by booting the kernel with mem=2147483648 parameter.
[    0.004492] L1TF: However, doing so will make a part of your RAM unusable.
[    0.004582] L1TF: Reading https://www.kernel.org/doc/html/latest/admin-guide/hw-vuln/l1tf.html might help you decide.
[    0.004704] MDS: Vulnerable: Clear CPU buffers attempted, no microcode
[    0.005037] Freeing SMP alternatives memory: 48K
[    0.117949] smpboot: CPU0: Genuine Intel(R) CPU           T2400  @ 1.83GHz (family: 0x6, model: 0xe, stepping: 0x8)
[    0.118626] Performance Events: Core events, core PMU driver.
[    0.118720] ... version:                1
[    0.118795] ... bit width:              40
[    0.118869] ... generic registers:      2
[    0.118944] ... value mask:             000000ffffffffff
[    0.119025] ... max period:             000000007fffffff
[    0.119105] ... fixed-purpose events:   0
[    0.119179] ... event mask:             0000000000000003
[    0.119408] rcu: Hierarchical SRCU implementation.
[    0.120098] NMI watchdog: Enabled. Permanently consumes one hw-PMU counter.
[    0.120219] smp: Bringing up secondary CPUs ...
[    0.121261] x86: Booting SMP configuration:
[    0.121344] .... node  #0, CPUs:      #1
[    0.000000] Disabled fast string operations
[    0.123805] TSC synchronization [CPU#0 -> CPU#1]:
[    0.124048] Measured 579975 cycles TSC warp between CPUs, turning off TSC clock.
[    0.124098] tsc: Marking TSC unstable due to check_tsc_sync_source failed
[    0.124285] smp: Brought up 1 node, 2 CPUs
[    0.124285] smpboot: Max logical packages: 1
[    0.124285] smpboot: Total of 2 processors activated (7314.90 BogoMIPS)
[    0.125949] devtmpfs: initialized
[    0.125949] PM: Registering ACPI NVS region [mem 0xbf6df000-0xbf6fffff] (135168 bytes)
[    0.128446] clocksource: jiffies: mask: 0xffffffff max_cycles: 0xffffffff, max_idle_ns: 7645041785100000 ns
[    0.128446] futex hash table entries: 512 (order: 3, 32768 bytes, linear)
[    0.128589] thermal_sys: Registered thermal governor 'step_wise'
[    0.129041] NET: Registered protocol family 16
[    0.130649] cpuidle: using governor ladder
[    0.130781] cpuidle: using governor menu
[    0.131072] Simple Boot Flag at 0x35 set to 0x1
[    0.131197] ACPI FADT declares the system doesn't support PCIe ASPM, so disable it
[    0.131290] ACPI: bus type PCI registered
[    0.132241] PCI: MMCONFIG for domain 0000 [bus 00-3f] at [mem 0xf0000000-0xf3ffffff] (base 0xf0000000)
[    0.133129] PCI: MMCONFIG at [mem 0xf0000000-0xf3ffffff] reserved in E820
[    0.133218] PCI: Using MMCONFIG for extended config space
[    0.133300] PCI: Using configuration type 1 for base access
[    0.133871] mtrr: your CPUs had inconsistent variable MTRR settings
[    0.133957] mtrr: probably your BIOS does not setup all CPUs.
[    0.134040] mtrr: corrected configuration.
[    0.196722] ACPI: Added _OSI(Module Device)
[    0.196806] ACPI: Added _OSI(Processor Device)
[    0.196885] ACPI: Added _OSI(3.0 _SCP Extensions)
[    0.196964] ACPI: Added _OSI(Processor Aggregator Device)
[    0.197048] ACPI: Added _OSI(Linux-Dell-Video)
[    0.197127] ACPI: Added _OSI(Linux-Lenovo-NV-HDMI-Audio)
[    0.197210] ACPI: Added _OSI(Linux-HPI-Hybrid-Graphics)
[    0.265591] ACPI: 6 ACPI AML tables successfully acquired and loaded
[    0.269658] ACPI: EC: EC started
[    0.269731] ACPI: EC: interrupt blocked
[    0.274529] ACPI: EC: EC_CMD/EC_SC=0x66, EC_DATA=0x62
[    0.274610] ACPI: EC: Boot ECDT EC used to handle transactions
[    0.292895] ACPI: Dynamic OEM Table Load:
[    0.292987] ACPI: SSDT 0x00000000F1154000 000240 (v01 PmRef  Cpu0Ist  00000100 INTL 20050513)
[    0.296995] ACPI: Dynamic OEM Table Load:
[    0.297086] ACPI: SSDT 0x00000000F10C2800 00065A (v01 PmRef  Cpu0Cst  00000100 INTL 20050513)
[    0.303389] ACPI: Dynamic OEM Table Load:
[    0.303478] ACPI: SSDT 0x00000000F18BF100 0000C8 (v01 PmRef  Cpu1Ist  00000100 INTL 20050513)
[    0.306791] ACPI: Dynamic OEM Table Load:
[    0.306879] ACPI: SSDT 0x00000000F18FD540 000085 (v01 PmRef  Cpu1Cst  00000100 INTL 20050513)
[    0.310728] ACPI: Interpreter enabled
[    0.310873] ACPI: (supports S0 S3 S4 S5)
[    0.310954] ACPI: Using IOAPIC for interrupt routing
[    0.311156] PCI: Using host bridge windows from ACPI; if necessary, use "pci=nocrs" and report a bug
[    0.312234] ACPI: Enabled 4 GPEs in block 00 to 1F
[    0.336257] ACPI: Power Resource [PUBS] (on)
[    0.337423] acpi PNP0C0A:01: ACPI dock station (docks/bays count: 1)
[    0.345315] acpi LNXIOBAY:00: ACPI dock station (docks/bays count: 2)
[    0.362421] acpi IBM0079:00: ACPI dock station (docks/bays count: 3)
[    0.364844] ACPI: PCI Interrupt Link [LNKA] (IRQs 3 4 5 6 7 9 10 *11)
[    0.365696] ACPI: PCI Interrupt Link [LNKB] (IRQs 3 4 5 6 7 9 10 *11)
[    0.366547] ACPI: PCI Interrupt Link [LNKC] (IRQs 3 4 5 6 7 9 10 *11)
[    0.367395] ACPI: PCI Interrupt Link [LNKD] (IRQs 3 4 5 6 7 9 10 *11)
[    0.368256] ACPI: PCI Interrupt Link [LNKE] (IRQs 3 4 5 6 7 9 10 *11)
[    0.369107] ACPI: PCI Interrupt Link [LNKF] (IRQs 3 4 5 6 7 9 10 *11)
[    0.369958] ACPI: PCI Interrupt Link [LNKG] (IRQs 3 4 5 6 7 9 10 *11)
[    0.370808] ACPI: PCI Interrupt Link [LNKH] (IRQs 3 4 5 6 7 9 10 *11)
[    0.371362] ACPI: PCI Root Bridge [PCI0] (domain 0000 [bus 00-ff])
[    0.371462] acpi PNP0A08:00: _OSC: OS supports [ExtendedConfig ASPM ClockPM Segments HPX-Type3]
[    0.372560] acpi PNP0A08:00: _OSC: not requesting OS control; OS requires [ExtendedConfig ASPM ClockPM MSI]
[    0.372695] acpi PNP0A08:00: [Firmware Info]: MMCONFIG for domain 0000 [bus 00-3f] only partially covers this bridge
[    0.373092] PCI host bridge to bus 0000:00
[    0.373174] pci_bus 0000:00: root bus resource [io  0x0000-0x0cf7 window]
[    0.373268] pci_bus 0000:00: root bus resource [io  0x0d00-0xffff window]
[    0.373362] pci_bus 0000:00: root bus resource [mem 0x000a0000-0x000bffff window]
[    0.373460] pci_bus 0000:00: root bus resource [mem 0x000d0000-0x000d3fff window]
[    0.373558] pci_bus 0000:00: root bus resource [mem 0x000d4000-0x000d7fff window]
[    0.373656] pci_bus 0000:00: root bus resource [mem 0x000d8000-0x000dbfff window]
[    0.373753] pci_bus 0000:00: root bus resource [mem 0xc0000000-0xfebfffff window]
[    0.373852] pci_bus 0000:00: root bus resource [mem 0xfed40000-0xfed40fff window]
[    0.373951] pci_bus 0000:00: root bus resource [bus 00-ff]
[    0.374085] pci 0000:00:00.0: [8086:27a0] type 00 class 0x060000
[    0.374648] pci 0000:00:02.0: [8086:27a2] type 00 class 0x030000
[    0.374757] pci 0000:00:02.0: reg 0x10: [mem 0xee100000-0xee17ffff]
[    0.374854] pci 0000:00:02.0: reg 0x14: [io  0x1800-0x1807]
[    0.374947] pci 0000:00:02.0: reg 0x18: [mem 0xd0000000-0xdfffffff pref]
[    0.375047] pci 0000:00:02.0: reg 0x1c: [mem 0xee200000-0xee23ffff]
[    0.375729] pci 0000:00:02.1: [8086:27a6] type 00 class 0x038000
[    0.375835] pci 0000:00:02.1: reg 0x10: [mem 0xee180000-0xee1fffff]
[    0.376443] pci 0000:00:1b.0: [8086:27d8] type 00 class 0x040300
[    0.376574] pci 0000:00:1b.0: reg 0x10: [mem 0xee240000-0xee243fff 64bit]
[    0.376830] pci 0000:00:1b.0: PME# supported from D0 D3hot D3cold
[    0.377502] pci 0000:00:1c.0: [8086:27d0] type 01 class 0x060400
[    0.377783] pci 0000:00:1c.0: PME# supported from D0 D3hot D3cold
[    0.378458] pci 0000:00:1c.1: [8086:27d2] type 01 class 0x060400
[    0.378739] pci 0000:00:1c.1: PME# supported from D0 D3hot D3cold
[    0.379411] pci 0000:00:1c.2: [8086:27d4] type 01 class 0x060400
[    0.379692] pci 0000:00:1c.2: PME# supported from D0 D3hot D3cold
[    0.380371] pci 0000:00:1c.3: [8086:27d6] type 01 class 0x060400
[    0.380652] pci 0000:00:1c.3: PME# supported from D0 D3hot D3cold
[    0.381323] pci 0000:00:1d.0: [8086:27c8] type 00 class 0x0c0300
[    0.381487] pci 0000:00:1d.0: reg 0x20: [io  0x1820-0x183f]
[    0.382152] pci 0000:00:1d.1: [8086:27c9] type 00 class 0x0c0300
[    0.382317] pci 0000:00:1d.1: reg 0x20: [io  0x1840-0x185f]
[    0.382990] pci 0000:00:1d.2: [8086:27ca] type 00 class 0x0c0300
[    0.383155] pci 0000:00:1d.2: reg 0x20: [io  0x1860-0x187f]
[    0.383818] pci 0000:00:1d.3: [8086:27cb] type 00 class 0x0c0300
[    0.383983] pci 0000:00:1d.3: reg 0x20: [io  0x1880-0x189f]
[    0.384642] pci 0000:00:1d.7: [8086:27cc] type 00 class 0x0c0320
[    0.384764] pci 0000:00:1d.7: reg 0x10: [mem 0xee444000-0xee4443ff]
[    0.384992] pci 0000:00:1d.7: PME# supported from D0 D3hot D3cold
[    0.385636] pci 0000:00:1e.0: [8086:2448] type 01 class 0x060401
[    0.386399] pci 0000:00:1f.0: [8086:27b9] type 00 class 0x060100
[    0.386643] pci 0000:00:1f.0: quirk: [io  0x1000-0x107f] claimed by ICH6 ACPI/GPIO/TCO
[    0.386749] pci 0000:00:1f.0: quirk: [io  0x1180-0x11bf] claimed by ICH6 GPIO
[    0.386847] pci 0000:00:1f.0: ICH7 LPC Generic IO decode 1 PIO at 1600 (mask 007f)
[    0.386947] pci 0000:00:1f.0: ICH7 LPC Generic IO decode 2 PIO at 15e0 (mask 000f)
[    0.387047] pci 0000:00:1f.0: ICH7 LPC Generic IO decode 3 PIO at 1680 (mask 001f)
[    0.387702] pci 0000:00:1f.1: [8086:27df] type 00 class 0x01018a
[    0.387818] pci 0000:00:1f.1: reg 0x10: [io  0x0000-0x0007]
[    0.387917] pci 0000:00:1f.1: reg 0x14: [io  0x0000-0x0003]
[    0.388017] pci 0000:00:1f.1: reg 0x18: [io  0x0000-0x0007]
[    0.388119] pci 0000:00:1f.1: reg 0x1c: [io  0x0000-0x0003]
[    0.388218] pci 0000:00:1f.1: reg 0x20: [io  0x1810-0x181f]
[    0.388333] pci 0000:00:1f.1: legacy IDE quirk: reg 0x10: [io  0x01f0-0x01f7]
[    0.388429] pci 0000:00:1f.1: legacy IDE quirk: reg 0x14: [io  0x03f6]
[    0.388521] pci 0000:00:1f.1: legacy IDE quirk: reg 0x18: [io  0x0170-0x0177]
[    0.388616] pci 0000:00:1f.1: legacy IDE quirk: reg 0x1c: [io  0x0376]
[    0.389235] pci 0000:00:1f.2: [8086:27c5] type 00 class 0x010601
[    0.389356] pci 0000:00:1f.2: reg 0x10: [io  0x18d0-0x18d7]
[    0.389455] pci 0000:00:1f.2: reg 0x14: [io  0x18c4-0x18c7]
[    0.389554] pci 0000:00:1f.2: reg 0x18: [io  0x18c8-0x18cf]
[    0.389653] pci 0000:00:1f.2: reg 0x1c: [io  0x18c0-0x18c3]
[    0.389752] pci 0000:00:1f.2: reg 0x20: [io  0x18b0-0x18bf]
[    0.389851] pci 0000:00:1f.2: reg 0x24: [mem 0xee444400-0xee4447ff]
[    0.390022] pci 0000:00:1f.2: PME# supported from D3hot
[    0.390648] pci 0000:00:1f.3: [8086:27da] type 00 class 0x0c0500
[    0.390831] pci 0000:00:1f.3: reg 0x20: [io  0x18e0-0x18ff]
[    0.391726] pci 0000:02:00.0: [8086:109a] type 00 class 0x020000
[    0.391937] pci 0000:02:00.0: reg 0x10: [mem 0xee000000-0xee01ffff]
[    0.392146] pci 0000:02:00.0: reg 0x18: [io  0x2000-0x201f]
[    0.392517] pci 0000:02:00.0: PME# supported from D0 D3hot D3cold
[    0.393070] pci 0000:00:1c.0: PCI bridge to [bus 02]
[    0.393158] pci 0000:00:1c.0:   bridge window [io  0x2000-0x2fff]
[    0.393252] pci 0000:00:1c.0:   bridge window [mem 0xee000000-0xee0fffff]
[    0.393620] pci 0000:03:00.0: [8086:4227] type 00 class 0x028000
[    0.393855] pci 0000:03:00.0: reg 0x10: [mem 0xedf00000-0xedf00fff]
[    0.394498] pci 0000:03:00.0: PME# supported from D0 D3hot D3cold
[    0.395118] pci 0000:00:1c.1: PCI bridge to [bus 03]
[    0.395206] pci 0000:00:1c.1:   bridge window [io  0x3000-0x4fff]
[    0.395299] pci 0000:00:1c.1:   bridge window [mem 0xec000000-0xedffffff]
[    0.395400] pci 0000:00:1c.1:   bridge window [mem 0xe4000000-0xe40fffff 64bit pref]
[    0.395654] pci 0000:00:1c.2: PCI bridge to [bus 04-0b]
[    0.395744] pci 0000:00:1c.2:   bridge window [io  0x5000-0x6fff]
[    0.395837] pci 0000:00:1c.2:   bridge window [mem 0xe8000000-0xe9ffffff]
[    0.395938] pci 0000:00:1c.2:   bridge window [mem 0xe4100000-0xe41fffff 64bit pref]
[    0.396205] pci 0000:00:1c.3: PCI bridge to [bus 0c-13]
[    0.396294] pci 0000:00:1c.3:   bridge window [io  0x7000-0x8fff]
[    0.396388] pci 0000:00:1c.3:   bridge window [mem 0xea000000-0xebffffff]
[    0.396488] pci 0000:00:1c.3:   bridge window [mem 0xe4200000-0xe42fffff 64bit pref]
[    0.396623] pci_bus 0000:15: extended config space not accessible
[    0.396840] pci 0000:15:00.0: [1180:0476] type 02 class 0x060700
[    0.396959] pci 0000:15:00.0: reg 0x10: [mem 0xe4300000-0xe4300fff]
[    0.397118] pci 0000:15:00.0: supports D1 D2
[    0.397197] pci 0000:15:00.0: PME# supported from D0 D1 D2 D3hot D3cold
[    0.397676] pci 0000:15:00.1: [1180:0552] type 00 class 0x0c0010
[    0.397792] pci 0000:15:00.1: reg 0x10: [mem 0xe4301000-0xe43017ff]
[    0.398027] pci 0000:15:00.1: PME# supported from D0 D3hot D3cold
[    0.398350] pci 0000:15:00.2: [1180:0822] type 00 class 0x080500
[    0.398465] pci 0000:15:00.2: reg 0x10: [mem 0xe4301800-0xe43018ff]
[    0.398698] pci 0000:15:00.2: supports D1 D2
[    0.398778] pci 0000:15:00.2: PME# supported from D0 D1 D2 D3hot D3cold
[    0.399168] pci 0000:00:1e.0: PCI bridge to [bus 15-18] (subtractive decode)
[    0.399268] pci 0000:00:1e.0:   bridge window [io  0x9000-0xcfff]
[    0.399361] pci 0000:00:1e.0:   bridge window [mem 0xe4300000-0xe7ffffff]
[    0.399461] pci 0000:00:1e.0:   bridge window [mem 0xe0000000-0xe3ffffff 64bit pref]
[    0.399561] pci 0000:00:1e.0:   bridge window [io  0x0000-0x0cf7 window] (subtractive decode)
[    0.399678] pci 0000:00:1e.0:   bridge window [io  0x0d00-0xffff window] (subtractive decode)
[    0.399795] pci 0000:00:1e.0:   bridge window [mem 0x000a0000-0x000bffff window] (subtractive decode)
[    0.399917] pci 0000:00:1e.0:   bridge window [mem 0x000d0000-0x000d3fff window] (subtractive decode)
[    0.400039] pci 0000:00:1e.0:   bridge window [mem 0x000d4000-0x000d7fff window] (subtractive decode)
[    0.400147] pci 0000:00:1e.0:   bridge window [mem 0x000d8000-0x000dbfff window] (subtractive decode)
[    0.400269] pci 0000:00:1e.0:   bridge window [mem 0xc0000000-0xfebfffff window] (subtractive decode)
[    0.400390] pci 0000:00:1e.0:   bridge window [mem 0xfed40000-0xfed40fff window] (subtractive decode)
[    0.400552] pci_bus 0000:16: extended config space not accessible
[    0.400751] pci_bus 0000:16: busn_res: [bus 16-18] end is updated to 17
[    0.400897] pci_bus 0000:00: on NUMA node 0
[    0.408058] ACPI: EC: interrupt unblocked
[    0.408105] ACPI: EC: event unblocked
[    0.408189] ACPI: EC: EC_CMD/EC_SC=0x66, EC_DATA=0x62
[    0.408272] ACPI: EC: GPE=0x1c
[    0.408347] ACPI: \_SB_.PCI0.LPC_.EC__: Boot ECDT EC initialization complete
[    0.408444] ACPI: \_SB_.PCI0.LPC_.EC__: EC: Used to handle transactions and events
[    0.409372] pci 0000:00:02.0: vgaarb: setting as boot VGA device
[    0.409463] pci 0000:00:02.0: vgaarb: VGA device added: decodes=io+mem,owns=io+mem,locks=none
[    0.409602] pci 0000:00:02.0: vgaarb: bridge control possible
[    0.409686] vgaarb: loaded
[    0.410467] SCSI subsystem initialized
[    0.410731] libata version 3.00 loaded.
[    0.412323] ACPI: bus type USB registered
[    0.412516] usbcore: registered new interface driver usbfs
[    0.412658] usbcore: registered new interface driver hub
[    0.413074] usbcore: registered new device driver usb
[    0.413285] mc: Linux media interface: v0.10
[    0.413410] videodev: Linux video capture interface: v2.00
[    0.413560] pps_core: LinuxPPS API ver. 1 registered
[    0.413641] pps_core: Software ver. 5.3.6 - Copyright 2005-2007 Rodolfo Giometti <giometti@linux.it>
[    0.413788] PTP clock support registered
[    0.414142] EDAC MC: Ver: 3.0.0
[    0.415097] Advanced Linux Sound Architecture Driver Initialized.
[    0.415325] PCI: Using ACPI for IRQ routing
[    0.418612] PCI: pci_cache_line_size set to 64 bytes
[    0.418940] e820: reserve RAM buffer [mem 0x0009f000-0x0009ffff]
[    0.418946] e820: reserve RAM buffer [mem 0xbf6d0000-0xbfffffff]
[    0.419769] Bluetooth: Core ver 2.22
[    0.419908] NET: Registered protocol family 31
[    0.419987] Bluetooth: HCI device and connection manager initialized
[    0.420084] Bluetooth: HCI socket layer initialized
[    0.420172] Bluetooth: L2CAP socket layer initialized
[    0.420276] Bluetooth: SCO socket layer initialized
[    0.420934] clocksource: Switched to clocksource hpet
[    0.421822] pnp: PnP ACPI init
[    0.424368] system 00:00: [mem 0x00000000-0x0009ffff] could not be reserved
[    0.424471] system 00:00: [mem 0x000c0000-0x000c3fff] could not be reserved
[    0.424569] system 00:00: [mem 0x000c4000-0x000c7fff] could not be reserved
[    0.424665] system 00:00: [mem 0x000c8000-0x000cbfff] has been reserved
[    0.424760] system 00:00: [mem 0x000cc000-0x000cffff] has been reserved
[    0.424857] system 00:00: [mem 0x000dc000-0x000dffff] could not be reserved
[    0.424955] system 00:00: [mem 0x000e0000-0x000e3fff] could not be reserved
[    0.425053] system 00:00: [mem 0x000e4000-0x000e7fff] could not be reserved
[    0.425152] system 00:00: [mem 0x000e8000-0x000ebfff] could not be reserved
[    0.425250] system 00:00: [mem 0x000ec000-0x000effff] could not be reserved
[    0.425348] system 00:00: [mem 0x000f0000-0x000fffff] could not be reserved
[    0.425447] system 00:00: [mem 0x00100000-0xbfffffff] could not be reserved
[    0.425545] system 00:00: [mem 0xfec00000-0xfed3ffff] could not be reserved
[    0.425643] system 00:00: [mem 0xfed41000-0xffffffff] could not be reserved
[    0.425785] system 00:00: Plug and Play ACPI device, IDs PNP0c01 (active)
[    0.426289] system 00:01: [io  0x164e-0x164f] has been reserved
[    0.426383] system 00:01: [io  0x1000-0x107f] has been reserved
[    0.426475] system 00:01: [io  0x1180-0x11bf] has been reserved
[    0.426566] system 00:01: [io  0x0800-0x080f] has been reserved
[    0.426656] system 00:01: [io  0x15e0-0x15ef] has been reserved
[    0.426749] system 00:01: [io  0x1600-0x165f] could not be reserved
[    0.426842] system 00:01: [mem 0xf0000000-0xf3ffffff] has been reserved
[    0.426937] system 00:01: [mem 0xfed1c000-0xfed1ffff] has been reserved
[    0.427031] system 00:01: [mem 0xfed14000-0xfed17fff] has been reserved
[    0.427126] system 00:01: [mem 0xfed18000-0xfed18fff] has been reserved
[    0.427221] system 00:01: [mem 0xfed19000-0xfed19fff] has been reserved
[    0.427349] system 00:01: Plug and Play ACPI device, IDs PNP0c02 (active)
[    0.427651] pnp 00:02: Plug and Play ACPI device, IDs PNP0b00 (active)
[    0.427803] pnp 00:03: Plug and Play ACPI device, IDs PNP0303 (active)
[    0.427948] pnp 00:04: Plug and Play ACPI device, IDs IBM3780 PNP0f13 (active)
[    0.428732] pnp 00:05: [dma 3]
[    0.428933] pnp 00:05: Plug and Play ACPI device, IDs IBM0071 PNP0511 (active)
[    0.429173] pnp 00:06: Plug and Play ACPI device, IDs ATM1200 PNP0c31 (active)
[    0.431451] pnp: PnP ACPI: found 7 devices
[    0.477407] clocksource: acpi_pm: mask: 0xffffff max_cycles: 0xffffff, max_idle_ns: 2085701024 ns
[    0.477542] pci 0000:00:1c.0: bridge window [mem 0x00100000-0x000fffff 64bit pref] to [bus 02] add_size 200000 add_align 100000
[    0.477709] pci 0000:00:1c.0: BAR 9: assigned [mem 0xc0000000-0xc01fffff 64bit pref]
[    0.477808] pci 0000:00:1c.0: PCI bridge to [bus 02]
[    0.477891] pci 0000:00:1c.0:   bridge window [io  0x2000-0x2fff]
[    0.477983] pci 0000:00:1c.0:   bridge window [mem 0xee000000-0xee0fffff]
[    0.478076] pci 0000:00:1c.0:   bridge window [mem 0xc0000000-0xc01fffff 64bit pref]
[    0.478179] pci 0000:00:1c.1: PCI bridge to [bus 03]
[    0.478261] pci 0000:00:1c.1:   bridge window [io  0x3000-0x4fff]
[    0.478352] pci 0000:00:1c.1:   bridge window [mem 0xec000000-0xedffffff]
[    0.478445] pci 0000:00:1c.1:   bridge window [mem 0xe4000000-0xe40fffff 64bit pref]
[    0.478546] pci 0000:00:1c.2: PCI bridge to [bus 04-0b]
[    0.478630] pci 0000:00:1c.2:   bridge window [io  0x5000-0x6fff]
[    0.478721] pci 0000:00:1c.2:   bridge window [mem 0xe8000000-0xe9ffffff]
[    0.478814] pci 0000:00:1c.2:   bridge window [mem 0xe4100000-0xe41fffff 64bit pref]
[    0.478915] pci 0000:00:1c.3: PCI bridge to [bus 0c-13]
[    0.478999] pci 0000:00:1c.3:   bridge window [io  0x7000-0x8fff]
[    0.479090] pci 0000:00:1c.3:   bridge window [mem 0xea000000-0xebffffff]
[    0.479183] pci 0000:00:1c.3:   bridge window [mem 0xe4200000-0xe42fffff 64bit pref]
[    0.479296] pci 0000:15:00.0: BAR 9: assigned [mem 0xe0000000-0xe3ffffff pref]
[    0.479393] pci 0000:15:00.0: BAR 10: assigned [mem 0xc4000000-0xc7ffffff]
[    0.479485] pci 0000:15:00.0: BAR 7: assigned [io  0x9000-0x90ff]
[    0.479572] pci 0000:15:00.0: BAR 8: assigned [io  0x9400-0x94ff]
[    0.479667] pci 0000:15:00.0: CardBus bridge to [bus 16-17]
[    0.479750] pci 0000:15:00.0:   bridge window [io  0x9000-0x90ff]
[    0.479840] pci 0000:15:00.0:   bridge window [io  0x9400-0x94ff]
[    0.479929] pci 0000:15:00.0:   bridge window [mem 0xe0000000-0xe3ffffff pref]
[    0.480025] pci 0000:15:00.0:   bridge window [mem 0xc4000000-0xc7ffffff]
[    0.480136] pci 0000:00:1e.0: PCI bridge to [bus 15-18]
[    0.480220] pci 0000:00:1e.0:   bridge window [io  0x9000-0xcfff]
[    0.480311] pci 0000:00:1e.0:   bridge window [mem 0xe4300000-0xe7ffffff]
[    0.480404] pci 0000:00:1e.0:   bridge window [mem 0xe0000000-0xe3ffffff 64bit pref]
[    0.480507] pci_bus 0000:00: resource 4 [io  0x0000-0x0cf7 window]
[    0.480594] pci_bus 0000:00: resource 5 [io  0x0d00-0xffff window]
[    0.480681] pci_bus 0000:00: resource 6 [mem 0x000a0000-0x000bffff window]
[    0.480771] pci_bus 0000:00: resource 7 [mem 0x000d0000-0x000d3fff window]
[    0.480861] pci_bus 0000:00: resource 8 [mem 0x000d4000-0x000d7fff window]
[    0.480951] pci_bus 0000:00: resource 9 [mem 0x000d8000-0x000dbfff window]
[    0.481042] pci_bus 0000:00: resource 10 [mem 0xc0000000-0xfebfffff window]
[    0.481133] pci_bus 0000:00: resource 11 [mem 0xfed40000-0xfed40fff window]
[    0.481224] pci_bus 0000:02: resource 0 [io  0x2000-0x2fff]
[    0.481308] pci_bus 0000:02: resource 1 [mem 0xee000000-0xee0fffff]
[    0.481395] pci_bus 0000:02: resource 2 [mem 0xc0000000-0xc01fffff 64bit pref]
[    0.481487] pci_bus 0000:03: resource 0 [io  0x3000-0x4fff]
[    0.481571] pci_bus 0000:03: resource 1 [mem 0xec000000-0xedffffff]
[    0.481658] pci_bus 0000:03: resource 2 [mem 0xe4000000-0xe40fffff 64bit pref]
[    0.481750] pci_bus 0000:04: resource 0 [io  0x5000-0x6fff]
[    0.481834] pci_bus 0000:04: resource 1 [mem 0xe8000000-0xe9ffffff]
[    0.481921] pci_bus 0000:04: resource 2 [mem 0xe4100000-0xe41fffff 64bit pref]
[    0.482013] pci_bus 0000:0c: resource 0 [io  0x7000-0x8fff]
[    0.482096] pci_bus 0000:0c: resource 1 [mem 0xea000000-0xebffffff]
[    0.482184] pci_bus 0000:0c: resource 2 [mem 0xe4200000-0xe42fffff 64bit pref]
[    0.482276] pci_bus 0000:15: resource 0 [io  0x9000-0xcfff]
[    0.482360] pci_bus 0000:15: resource 1 [mem 0xe4300000-0xe7ffffff]
[    0.482447] pci_bus 0000:15: resource 2 [mem 0xe0000000-0xe3ffffff 64bit pref]
[    0.482539] pci_bus 0000:15: resource 4 [io  0x0000-0x0cf7 window]
[    0.482626] pci_bus 0000:15: resource 5 [io  0x0d00-0xffff window]
[    0.482712] pci_bus 0000:15: resource 6 [mem 0x000a0000-0x000bffff window]
[    0.482803] pci_bus 0000:15: resource 7 [mem 0x000d0000-0x000d3fff window]
[    0.482893] pci_bus 0000:15: resource 8 [mem 0x000d4000-0x000d7fff window]
[    0.482983] pci_bus 0000:15: resource 9 [mem 0x000d8000-0x000dbfff window]
[    0.483073] pci_bus 0000:15: resource 10 [mem 0xc0000000-0xfebfffff window]
[    0.483164] pci_bus 0000:15: resource 11 [mem 0xfed40000-0xfed40fff window]
[    0.483255] pci_bus 0000:16: resource 0 [io  0x9000-0x90ff]
[    0.483338] pci_bus 0000:16: resource 1 [io  0x9400-0x94ff]
[    0.483422] pci_bus 0000:16: resource 2 [mem 0xe0000000-0xe3ffffff pref]
[    0.483512] pci_bus 0000:16: resource 3 [mem 0xc4000000-0xc7ffffff]
[    0.484046] NET: Registered protocol family 2
[    0.484677] tcp_listen_portaddr_hash hash table entries: 512 (order: 2, 22528 bytes, linear)
[    0.484836] TCP established hash table entries: 8192 (order: 3, 32768 bytes, linear)
[    0.484992] TCP bind hash table entries: 8192 (order: 6, 327680 bytes, linear)
[    0.485616] TCP: Hash tables configured (established 8192 bind 8192)
[    0.486017] UDP hash table entries: 512 (order: 3, 49152 bytes, linear)
[    0.486189] UDP-Lite hash table entries: 512 (order: 3, 49152 bytes, linear)
[    0.486487] NET: Registered protocol family 1
[    0.487219] RPC: Registered named UNIX socket transport module.
[    0.487310] RPC: Registered udp transport module.
[    0.487390] RPC: Registered tcp transport module.
[    0.487471] RPC: Registered tcp NFSv4.1 backchannel transport module.
[    0.488133] pci 0000:00:02.0: Video device with shadowed ROM at [mem 0x000c0000-0x000dffff]
[    0.491554] pci 0000:15:00.0: CLS mismatch (64 != 32), using 64 bytes
[    0.491763] PCI-DMA: Using software bounce buffering for IO (SWIOTLB)
[    0.491852] software IO TLB: mapped [mem 0x31cfc000-0x35cfc000] (64MB)
[    0.494567] Initialise system trusted keyrings
[    0.494810] workingset: timestamp_bits=30 max_order=20 bucket_order=0
[    0.497077] Installing knfsd (copyright (C) 1996 okir@monad.swb.de).
[    0.497806] ntfs: driver 2.1.32 [Flags: R/W].
[    0.498130] fuse: init (API version 7.31)
[    0.522639] Key type asymmetric registered
[    0.522726] Asymmetric key parser 'x509' registered
[    0.522932] bounce: pool size: 64 pages
[    0.523086] Block layer SCSI generic (bsg) driver version 0.4 loaded (major 249)
[    0.523192] io scheduler mq-deadline registered
[    0.523312] io scheduler bfq registered
[    0.523607] start plist test
[    0.528029] end plist test
[    0.530861] intel_idle: MWAIT substates: 0x22220
[    0.531616] ACPI: \_PR_.CPU0: Found 3 idle states
[    0.532514] ACPI: \_PR_.CPU1: Found 3 idle states
[    0.532595] intel_idle: ACPI _CST not found or not usable
[    0.533084] ACPI: Deprecated procfs I/F for AC is loaded, please retry with CONFIG_ACPI_PROCFS_POWER cleared
[    0.533594] ACPI: AC Adapter [AC] (on-line)
[    0.534026] input: Lid Switch as /devices/LNXSYSTM:00/LNXSYBUS:00/PNP0C0D:00/input/input0
[    0.544378] ACPI: Lid Switch [LID]
[    0.544672] input: Sleep Button as /devices/LNXSYSTM:00/LNXSYBUS:00/PNP0C0E:00/input/input1
[    0.545008] ACPI: Sleep Button [SLPB]
[    0.545342] input: Power Button as /devices/LNXSYSTM:00/LNXPWRBN:00/input/input2
[    0.545669] ACPI: Power Button [PWRF]
[    0.546322] ACPI: Video Device [VID] (multi-head: yes  rom: no  post: no)
[    0.554759] acpi device:01: registered as cooling_device0
[    0.555257] input: Video Bus as /devices/LNXSYSTM:00/LNXSYBUS:00/PNP0A08:00/LNXVIDEO:00/input/input3
[    0.556833] ACPI: \_PR_.CPU0: Found 3 idle states
[    0.565964] ACPI: \_PR_.CPU1: Found 3 idle states
[    0.572377] thermal LNXTHERM:00: registered as thermal_zone0
[    0.572466] ACPI: Thermal Zone [THM0] (80 C)
[    0.576322] thermal LNXTHERM:01: registered as thermal_zone1
[    0.576411] ACPI: Thermal Zone [THM1] (82 C)
[    0.577123] Serial: 8250/16550 driver, 4 ports, IRQ sharing disabled
[    0.578281] serial8250: ttyS1 at I/O 0x2f8 (irq = 3, base_baud = 921600) is a NS16550A
[    0.581818] lp: driver loaded but no devices found
[    0.582505] Non-volatile memory driver v1.3
[    0.583382] intel_rng: FWH not detected
[    0.584311] Linux agpgart interface v0.103
[    0.585535] [drm] radeon kernel modesetting enabled.
[    0.587845] pci 0000:00:00.0: Intel 945GM Chipset
[    0.588356] pci 0000:00:00.0: detected gtt size: 262144K total, 262144K mappable
[    0.589206] pci 0000:00:00.0: detected 8192K stolen memory
[    0.589839] i915 0000:00:02.0: vgaarb: deactivate vga console
[    0.592326] Console: switching to colour dummy device 80x25
[    0.594788] resource sanity check: requesting [mem 0x000c0000-0x000dffff], which spans more than pnp 00:00 [mem 0x000c8000-0x000cbfff]
[    0.594961] caller pci_map_rom+0x6f/0x174 mapping multiple BARs
[    0.599464] i915 0000:00:02.0: vgaarb: changed VGA decodes: olddecodes=io+mem,decodes=io+mem:owns=io+mem
[    0.604612] random: fast init done
[    0.607959] battery: ACPI: Deprecated procfs I/F for battery is loaded, please retry with CONFIG_ACPI_PROCFS_POWER cleared
[    0.608050] battery: ACPI: Battery Slot [BAT0] (battery present)
[    0.634202] i915 0000:00:02.0: [drm] Initialized overlay support.
[    0.636006] [drm] Initialized i915 1.6.0 20200430 for 0000:00:02.0 on minor 0
[    0.637511] usbcore: registered new interface driver udl
[    0.650798] fbcon: i915drmfb (fb0) is primary device
[    0.654040] loop: module loaded
[    0.708607] ahci 0000:00:1f.2: version 3.0
[    0.709336] ahci 0000:00:1f.2: AHCI 0001.0100 32 slots 4 ports 1.5 Gbps 0x1 impl SATA mode
[    0.709341] ahci 0000:00:1f.2: flags: 64bit ncq pm led clo pio slum part 
[    0.711935] scsi host0: ahci
[    0.712615] scsi host1: ahci
[    0.713178] scsi host2: ahci
[    0.713778] scsi host3: ahci
[    0.714123] ata1: SATA max UDMA/133 abar m1024@0xee444400 port 0xee444500 irq 16
[    0.714126] ata2: DUMMY
[    0.714128] ata3: DUMMY
[    0.714130] ata4: DUMMY
[    0.714310] ata_piix 0000:00:1f.1: version 2.13
[    0.717451] scsi host4: ata_piix
[    0.717934] scsi host5: ata_piix
[    0.718181] ata5: PATA max UDMA/100 cmd 0x1f0 ctl 0x3f6 bmdma 0x1810 irq 14
[    0.718183] ata6: PATA max UDMA/100 cmd 0x170 ctl 0x376 bmdma 0x1818 irq 15
[    0.719585] tun: Universal TUN/TAP device driver, 1.6
[    0.720034] e1000: Intel(R) PRO/1000 Network Driver - version 7.3.21-k8-NAPI
[    0.720035] e1000: Copyright (c) 1999-2006 Intel Corporation.
[    0.720164] e1000e: Intel(R) PRO/1000 Network Driver - 3.2.6-k
[    0.720166] e1000e: Copyright(c) 1999 - 2015 Intel Corporation.
[    0.720282] e1000e 0000:02:00.0: Disabling ASPM  L1
[    0.720286] e1000e 0000:02:00.0: can't disable ASPM; OS doesn't have ASPM control
[    0.720707] e1000e 0000:02:00.0: Interrupt Throttling Rate (ints/sec) set to dynamic conservative mode
[    0.721926] ata6: port disabled--ignoring
[    0.835536] e1000e 0000:02:00.0 eth0: (PCI Express:2.5GT/s:Width x1) 00:16:d3:25:19:04
[    0.835567] e1000e 0000:02:00.0 eth0: Intel(R) PRO/1000 Network Connection
[    0.835647] e1000e 0000:02:00.0 eth0: MAC: 2, PHY: 2, PBA No: 005302-003
[    0.835938] PPP generic driver version 2.4.2
[    0.836188] PPP BSD Compression module registered
[    0.836192] PPP Deflate Compression module registered
[    0.836194] SLIP: version 0.8.4-NET3.019-NEWTTY (dynamic channels, max=256).
[    0.836195] CSLIP: code copyright 1989 Regents of the University of California.
[    0.836286] iwl3945: Intel(R) PRO/Wireless 3945ABG/BG Network Connection driver for Linux, in-tree:ds
[    0.836287] iwl3945: Copyright(c) 2003-2011 Intel Corporation
[    0.836289] iwl3945: hw_scan is disabled
[    0.836604] iwl3945 0000:03:00.0: can't disable ASPM; OS doesn't have ASPM control
[    0.891711] iwl3945 0000:03:00.0: Tunable channels: 11 802.11bg, 13 802.11a channels
[    0.891715] iwl3945 0000:03:00.0: Detected Intel Wireless WiFi Link 3945ABG
[    0.895455] ieee80211 phy0: Selected rate control algorithm 'iwl-3945-rs'
[    0.897235] Intel(R) Wireless WiFi driver for Linux
[    0.897448] usbcore: registered new interface driver ax88179_178a
[    0.897506] usbcore: registered new interface driver cdc_ether
[    0.897548] usbcore: registered new interface driver net1080
[    0.897592] usbcore: registered new interface driver cdc_subset
[    0.897634] usbcore: registered new interface driver zaurus
[    0.897690] usbcore: registered new interface driver cdc_ncm
[    0.897775] pci 0000:00:1e.0: enabling device (0005 -> 0007)
[    0.898012] yenta_cardbus 0000:15:00.0: CardBus bridge found [17aa:201c]
[    1.027769] ata1: SATA link up 1.5 Gbps (SStatus 113 SControl 300)
[    1.075080] ata1.00: ACPI cmd ef/02:00:00:00:00:a0 (SET FEATURES) succeeded
[    1.075084] ata1.00: ACPI cmd f5/00:00:00:00:00:a0 (SECURITY FREEZE LOCK) filtered out
[    1.075088] ata1.00: ACPI cmd ef/10:03:00:00:00:a0 (SET FEATURES) filtered out
[    1.119176] ata1.00: ATA-9: ST1000LM014-1EJ164, SM11, max UDMA/133
[    1.119179] ata1.00: 1953525168 sectors, multi 16: LBA48 NCQ (depth 32), AA
[    1.163791] ata1.00: ACPI cmd ef/02:00:00:00:00:a0 (SET FEATURES) succeeded
[    1.163795] ata1.00: ACPI cmd f5/00:00:00:00:00:a0 (SECURITY FREEZE LOCK) filtered out
[    1.163799] ata1.00: ACPI cmd ef/10:03:00:00:00:a0 (SET FEATURES) filtered out
[    1.207929] ata1.00: configured for UDMA/133
[    1.328511] Console: switching to colour frame buffer device 102x42
[    1.465763] i915 0000:00:02.0: fb0: i915drmfb frame buffer device
[    1.469255] scsi 0:0:0:0: Direct-Access     ATA      ST1000LM014-1EJ1 SM11 PQ: 0 ANSI: 5
[    1.473105] sd 0:0:0:0: Attached scsi generic sg0 type 0
[    1.473439] sd 0:0:0:0: [sda] 1953525168 512-byte logical blocks: (1.00 TB/932 GiB)
[    1.478906] sd 0:0:0:0: [sda] 4096-byte physical blocks
[    1.481846] sd 0:0:0:0: [sda] Write Protect is off
[    1.484682] sd 0:0:0:0: [sda] Mode Sense: 00 3a 00 00
[    1.484806] sd 0:0:0:0: [sda] Write cache: enabled, read cache: enabled, doesn't support DPO or FUA
[    1.490392]  sda: sda1 sda2 sda3 sda4
[    1.495559] sd 0:0:0:0: [sda] Attached SCSI disk
[    1.637022] yenta_cardbus 0000:15:00.0: ISA IRQ mask 0x0cb8, PCI irq 16
[    1.639932] yenta_cardbus 0000:15:00.0: Socket status: 30000006
[    1.642850] yenta_cardbus 0000:15:00.0: pcmcia: parent PCI bridge window: [io  0x9000-0xcfff]
[    1.645773] yenta_cardbus 0000:15:00.0: pcmcia: parent PCI bridge window: [mem 0xe4300000-0xe7ffffff]
[    1.648617] pcmcia_socket pcmcia_socket0: cs: memory probe 0xe4300000-0xe7ffffff:
[    1.651423]  excluding 0xe4300000-0xe46cffff
[    1.654282] yenta_cardbus 0000:15:00.0: pcmcia: parent PCI bridge window: [mem 0xe0000000-0xe3ffffff 64bit pref]
[    1.657242] pcmcia_socket pcmcia_socket0: cs: memory probe 0xe0000000-0xe3ffffff:
[    1.660267]  excluding 0xe0000000-0xe3ffffff
[    1.664310] ehci_hcd: USB 2.0 'Enhanced' Host Controller (EHCI) Driver
[    1.667257] ehci-pci: EHCI PCI platform driver
[    1.670738] ehci-pci 0000:00:1d.7: EHCI Host Controller
[    1.674067] ehci-pci 0000:00:1d.7: new USB bus registered, assigned bus number 1
[    1.677214] ehci-pci 0000:00:1d.7: debug port 1
[    1.684286] ehci-pci 0000:00:1d.7: cache line size of 64 is not supported
[    1.687493] ehci-pci 0000:00:1d.7: irq 19, io mem 0xee444000
[    1.708180] ehci-pci 0000:00:1d.7: USB 2.0 started, EHCI 1.00
[    1.711681] usb usb1: New USB device found, idVendor=1d6b, idProduct=0002, bcdDevice= 5.07
[    1.714964] usb usb1: New USB device strings: Mfr=3, Product=2, SerialNumber=1
[    1.718206] usb usb1: Product: EHCI Host Controller
[    1.721377] usb usb1: Manufacturer: Linux 5.7.0-rc5-next-20200515+ ehci_hcd
[    1.724606] usb usb1: SerialNumber: 0000:00:1d.7
[    1.728566] hub 1-0:1.0: USB hub found
[    1.732053] hub 1-0:1.0: 8 ports detected
[    1.737177] ohci_hcd: USB 1.1 'Open' Host Controller (OHCI) Driver
[    1.740293] ohci-pci: OHCI PCI platform driver
[    1.743382] uhci_hcd: USB Universal Host Controller Interface driver
[    1.746975] uhci_hcd 0000:00:1d.0: UHCI Host Controller
[    1.750335] uhci_hcd 0000:00:1d.0: new USB bus registered, assigned bus number 2
[    1.753436] uhci_hcd 0000:00:1d.0: detected 2 ports
[    1.756461] uhci_hcd 0000:00:1d.0: irq 16, io base 0x00001820
[    1.759663] usb usb2: New USB device found, idVendor=1d6b, idProduct=0001, bcdDevice= 5.07
[    1.762726] usb usb2: New USB device strings: Mfr=3, Product=2, SerialNumber=1
[    1.765809] usb usb2: Product: UHCI Host Controller
[    1.768819] usb usb2: Manufacturer: Linux 5.7.0-rc5-next-20200515+ uhci_hcd
[    1.771795] usb usb2: SerialNumber: 0000:00:1d.0
[    1.775414] hub 2-0:1.0: USB hub found
[    1.778393] hub 2-0:1.0: 2 ports detected
[    1.782430] uhci_hcd 0000:00:1d.1: UHCI Host Controller
[    1.785610] uhci_hcd 0000:00:1d.1: new USB bus registered, assigned bus number 3
[    1.788615] uhci_hcd 0000:00:1d.1: detected 2 ports
[    1.791484] uhci_hcd 0000:00:1d.1: irq 17, io base 0x00001840
[    1.794531] usb usb3: New USB device found, idVendor=1d6b, idProduct=0001, bcdDevice= 5.07
[    1.797387] usb usb3: New USB device strings: Mfr=3, Product=2, SerialNumber=1
[    1.800144] usb usb3: Product: UHCI Host Controller
[    1.802814] usb usb3: Manufacturer: Linux 5.7.0-rc5-next-20200515+ uhci_hcd
[    1.805572] usb usb3: SerialNumber: 0000:00:1d.1
[    1.808959] hub 3-0:1.0: USB hub found
[    1.811642] hub 3-0:1.0: 2 ports detected
[    1.815576] uhci_hcd 0000:00:1d.2: UHCI Host Controller
[    1.818473] uhci_hcd 0000:00:1d.2: new USB bus registered, assigned bus number 4
[    1.821183] uhci_hcd 0000:00:1d.2: detected 2 ports
[    1.823859] uhci_hcd 0000:00:1d.2: irq 18, io base 0x00001860
[    1.826744] usb usb4: New USB device found, idVendor=1d6b, idProduct=0001, bcdDevice= 5.07
[    1.829456] usb usb4: New USB device strings: Mfr=3, Product=2, SerialNumber=1
[    1.832152] usb usb4: Product: UHCI Host Controller
[    1.834762] usb usb4: Manufacturer: Linux 5.7.0-rc5-next-20200515+ uhci_hcd
[    1.837445] usb usb4: SerialNumber: 0000:00:1d.2
[    1.840768] hub 4-0:1.0: USB hub found
[    1.843415] hub 4-0:1.0: 2 ports detected
[    1.847205] uhci_hcd 0000:00:1d.3: UHCI Host Controller
[    1.850089] uhci_hcd 0000:00:1d.3: new USB bus registered, assigned bus number 5
[    1.852770] uhci_hcd 0000:00:1d.3: detected 2 ports
[    1.855395] uhci_hcd 0000:00:1d.3: irq 19, io base 0x00001880
[    1.858199] usb usb5: New USB device found, idVendor=1d6b, idProduct=0001, bcdDevice= 5.07
[    1.860887] usb usb5: New USB device strings: Mfr=3, Product=2, SerialNumber=1
[    1.863537] usb usb5: Product: UHCI Host Controller
[    1.866192] usb usb5: Manufacturer: Linux 5.7.0-rc5-next-20200515+ uhci_hcd
[    1.868901] usb usb5: SerialNumber: 0000:00:1d.3
[    1.872168] hub 5-0:1.0: USB hub found
[    1.874771] hub 5-0:1.0: 2 ports detected
[    1.878275] usbcore: registered new interface driver cdc_acm
[    1.880800] cdc_acm: USB Abstract Control Model driver for USB modems and ISDN adapters
[    1.883475] usbcore: registered new interface driver usblp
[    1.886223] usbcore: registered new interface driver usb-storage
[    1.888884] usbcore: registered new interface driver ums-sddr09
[    1.891582] usbcore: registered new interface driver usbserial_generic
[    1.894184] usbserial: USB Serial support registered for generic
[    1.896810] usbcore: registered new interface driver ch341
[    1.899349] usbserial: USB Serial support registered for ch341-uart
[    1.901948] usbcore: registered new interface driver cp210x
[    1.904488] usbserial: USB Serial support registered for cp210x
[    1.907053] usbcore: registered new interface driver usb_debug
[    1.909595] usbserial: USB Serial support registered for debug
[    1.912147] usbserial: USB Serial support registered for xhci_dbc
[    1.914703] usbcore: registered new interface driver ftdi_sio
[    1.917249] usbserial: USB Serial support registered for FTDI USB Serial Device
[    1.919899] usbcore: registered new interface driver option
[    1.922483] usbserial: USB Serial support registered for GSM modem (1-port)
[    1.925270] usbcore: registered new interface driver pl2303
[    1.927869] usbserial: USB Serial support registered for pl2303
[    1.930524] usbcore: registered new interface driver usb_serial_simple
[    1.933156] usbserial: USB Serial support registered for carelink
[    1.935767] usbserial: USB Serial support registered for zio
[    1.938326] usbserial: USB Serial support registered for funsoft
[    1.940863] usbserial: USB Serial support registered for flashloader
[    1.943372] usbserial: USB Serial support registered for google
[    1.945846] usbserial: USB Serial support registered for libtransistor
[    1.948299] usbserial: USB Serial support registered for vivopay
[    1.950667] usbserial: USB Serial support registered for moto_modem
[    1.953031] usbserial: USB Serial support registered for motorola_tetra
[    1.955297] usbserial: USB Serial support registered for novatel_gps
[    1.957535] usbserial: USB Serial support registered for hp4x
[    1.959671] usbserial: USB Serial support registered for suunto
[    1.961815] usbserial: USB Serial support registered for siemens_mpi
[    1.963874] usbcore: registered new interface driver ti_usb_3410_5052
[    1.965953] usbserial: USB Serial support registered for TI USB 3410 1 port adapter
[    1.968170] usbserial: USB Serial support registered for TI USB 5052 2 port adapter
[    1.970229] ftdi_elan: driver ftdi-elan
[    1.972273] usbcore: registered new interface driver ftdi-elan
[    1.974627] i8042: PNP: PS/2 Controller [PNP0303:KBD,PNP0f13:MOU] at 0x60,0x64 irq 1,12
[    1.988431] serio: i8042 KBD port at 0x60,0x64 irq 1
[    1.990850] serio: i8042 AUX port at 0x60,0x64 irq 12
[    1.993660] mousedev: PS/2 mouse device common for all mice
[    1.997163] input: PC Speaker as /devices/platform/pcspkr/input/input5
[    1.999852] rtc_cmos 00:02: RTC can wake from S4
[    2.002898] rtc_cmos 00:02: registered as rtc0
[    2.005104] rtc_cmos 00:02: setting system clock to 2020-05-17T18:49:30 UTC (1589741370)
[    2.007459] rtc_cmos 00:02: alarms up to one month, y3k, 114 bytes nvram, hpet irqs
[    2.009865] usbcore: registered new interface driver uvcvideo
[    2.012285] USB Video Class driver (1.1.1)
[    2.014501] gspca_main: v2.14.0 registered
[    2.014728] input: AT Translated Set 2 keyboard as /devices/platform/i8042/serio0/input/input4
[    2.016902] usbcore: registered new interface driver sq930x
[    2.022630] device-mapper: ioctl: 4.42.0-ioctl (2020-02-27) initialised: dm-devel@redhat.com
[    2.024991] Bluetooth: HCI UART driver ver 2.3
[    2.027296] Bluetooth: HCI UART protocol H4 registered
[    2.031836] Bluetooth: HCI UART protocol BCSP registered
[    2.034194] usbcore: registered new interface driver btusb
[    2.036609] intel_pstate: CPU model not supported
[    2.039769] sdhci: Secure Digital Host Controller Interface driver
[    2.042121] sdhci: Copyright(c) Pierre Ossman
[    2.044646] sdhci-pci 0000:15:00.2: SDHCI controller found [1180:0822] (rev 18)
[    2.047458] sdhci-pci 0000:15:00.2: Will use DMA mode even though HW doesn't fully claim to support it.
[    2.050891] mmc0 bounce up to 128 segments into one, max segment size 65536 bytes
[    2.053748] sdhci-pci 0000:15:00.2: Will use DMA mode even though HW doesn't fully claim to support it.
[    2.057243] mmc0: SDHCI controller on PCI [0000:15:00.2] using DMA
[    2.060464] hid: raw HID events driver (C) Jiri Kosina
[    2.064843] usbcore: registered new interface driver usbhid
[    2.067833] usbhid: USB HID core driver
[    2.071406] thinkpad_acpi: ThinkPad ACPI Extras v0.26
[    2.074509] thinkpad_acpi: http://ibm-acpi.sf.net/
[    2.076183] usb 1-2: new high-speed USB device number 2 using ehci-pci
[    2.077537] thinkpad_acpi: ThinkPad BIOS 7BETD8WW (2.19 ), EC 7BHT40WW-1.13
[    2.083742] thinkpad_acpi: Lenovo ThinkPad X60, model 17097HU
[    2.093651] thinkpad_acpi: ACPI backlight control delay disabled
[    2.097641] thinkpad_acpi: radio switch found; radios are enabled
[    2.100713] thinkpad_acpi: This ThinkPad has standard ACPI backlight brightness control, supported by the ACPI video driver
[    2.102735] sdhci-pci 0000:15:00.2: Will use DMA mode even though HW doesn't fully claim to support it.
[    2.107034] thinkpad_acpi: Disabling thinkpad-acpi brightness events by default...
[    2.125340] thinkpad_acpi: rfkill switch tpacpi_bluetooth_sw: radio is unblocked
[    2.131962] thinkpad_acpi: warning: userspace override of important firmware LEDs is enabled
[    2.140973] thinkpad_acpi: Standard ACPI backlight interface available, not loading native one
[    2.144540] thinkpad_acpi: volume: disabled as there is no ALSA support in this kernel
[    2.148584] thinkpad_acpi: battery 1 registered (start 0, stop 0)
[    2.148595] battery: new extension: ThinkPad Battery Extension
[    2.155985] input: ThinkPad Extra Buttons as /devices/platform/thinkpad_acpi/input/input8
[    2.157645] sdhci-pci 0000:15:00.2: Will use DMA mode even though HW doesn't fully claim to support it.
[    2.169501] snd_hda_intel 0000:00:1b.0: probe_mask set to 0x1 for device 17aa:2010
[    2.174383] usbcore: registered new interface driver snd-usb-audio
[    2.180388] NET: Registered protocol family 17
[    2.184533] Bluetooth: RFCOMM TTY layer initialized
[    2.187958] Bluetooth: RFCOMM socket layer initialized
[    2.191613] Bluetooth: RFCOMM ver 1.11
[    2.195592] Bluetooth: BNEP (Ethernet Emulation) ver 1.3
[    2.199026] Bluetooth: BNEP filters: protocol multicast
[    2.202433] Bluetooth: BNEP socket layer initialized
[    2.205796] Bluetooth: HIDP (Human Interface Emulation) ver 1.2
[    2.209135] Bluetooth: HIDP socket layer initialized
[    2.213269] microcode: sig=0x6e8, pf=0x20, revision=0x39
[    2.216891] microcode: Microcode Update Driver: v2.2.
[    2.216895] IPI shorthand broadcast: enabled
[    2.218459] sdhci-pci 0000:15:00.2: Will use DMA mode even though HW doesn't fully claim to support it.
[    2.223213] Loading compiled-in X.509 certificates
[    2.229646] Key type ._fscrypt registered
[    2.233009] Key type .fscrypt registered
[    2.236122] Key type fscrypt-provisioning registered
[    2.240876] Key type encrypted registered
[    2.246356] snd_hda_codec_analog hdaudioC0D0: autoconfig for AD1981: line_outs=1 (0x5/0x0/0x0/0x0/0x0) type:speaker
[    2.253418] snd_hda_codec_analog hdaudioC0D0:    speaker_outs=0 (0x0/0x0/0x0/0x0/0x0)
[    2.254961] cfg80211: Loading compiled-in X.509 certificates for regulatory database
[    2.256875] snd_hda_codec_analog hdaudioC0D0:    hp_outs=0 (0x0/0x0/0x0/0x0/0x0)
[    2.263616] snd_hda_codec_analog hdaudioC0D0:    mono: mono_out=0x0
[    2.267042] snd_hda_codec_analog hdaudioC0D0:    inputs:
[    2.270716] snd_hda_codec_analog hdaudioC0D0:      Mic=0x8
[    2.273730] usb 1-2: New USB device found, idVendor=0525, idProduct=a4a1, bcdDevice= 5.07
[    2.276792] usb 1-2: New USB device strings: Mfr=1, Product=2, SerialNumber=0
[    2.279934] usb 1-2: Product: Ethernet Gadget
[    2.281982] cfg80211: Loaded X.509 cert 'sforshee: 00b28ddf47aef9cea7'
[    2.283157] snd_hda_codec_analog hdaudioC0D0:      CD=0x19
[    2.286184] platform regulatory.0: Direct firmware load for regulatory.db failed with error -2
[    2.289108] usb 1-2: Manufacturer: Linux 5.7.0-rc4-00046-g6d7c0f75a522 with musb-hdrc
[    2.291924] cfg80211: failed to load regulatory.db
[    2.304475] sdhci-pci 0000:15:00.2: Will use DMA mode even though HW doesn't fully claim to support it.
[    2.307902] PM: Image not found (code -22)
[    2.307968] ALSA device list:
[    2.311937]   No soundcards found.
[    2.332749] cdc_ether 1-2:1.0 usb0: register 'cdc_ether' at usb-0000:00:1d.7-2, CDC Ethernet Device, 3a:09:af:2f:82:9b
[    2.676200] usb 5-1: new full-speed USB device number 2 using uhci_hcd
[    2.683985] psmouse serio1: trackpoint: IBM TrackPoint firmware: 0x0e, buttons: 3/3
[    2.715078] input: TPPS/2 IBM TrackPoint as /devices/platform/i8042/serio1/input/input7
[    2.726769] md: Waiting for all devices to be available before autodetect
[    2.731318] md: If you don't use raid, use raid=noautodetect
[    2.737002] md: Autodetecting RAID arrays.
[    2.741607] md: autorun ...
[    2.745004] md: ... autorun DONE.
[    2.786592] EXT4-fs (sda4): mounted filesystem with ordered data mode. Opts: (null)
[    2.792847] VFS: Mounted root (ext4 filesystem) readonly on device 8:4.
[    2.798006] devtmpfs: mounted
[    2.802204] Freeing unused kernel image (initmem) memory: 668K
[    2.805663] Write protecting kernel text and read-only data: 18704k
[    2.809067] NX-protecting the kernel data: 7132k
[    2.813182] x86/mm: Checked W+X mappings: passed, no W+X pages found.
[    2.816647] rodata_test: all tests were successful
[    2.820187] x86/mm: Checking user space page tables
[    2.823615] x86/mm: Checked W+X mappings: passed, no W+X pages found.
[    2.826936] Run /sbin/init as init process
[    2.830215]   with arguments:
[    2.830218]     /sbin/init
[    2.830221]   with environment:
[    2.830223]     HOME=/
[    2.830226]     TERM=linux
[    2.830228]     BOOT_IMAGE=(hd0,2)/fast/l/linux-next-32/arch/x86/boot/bzImage
[    2.877306] usb 5-1: New USB device found, idVendor=0a5c, idProduct=2110, bcdDevice= 1.00
[    2.883320] usb 5-1: New USB device strings: Mfr=1, Product=2, SerialNumber=0
[    2.889350] usb 5-1: Product: BCM2045B
[    2.895187] usb 5-1: Manufacturer: Broadcom Corp
[    3.097129] random: systemd: uninitialized urandom read (16 bytes read)
[    3.105369] systemd[1]: systemd 215 running in system mode. (+PAM +AUDIT +SELINUX +IMA +SYSVINIT +LIBCRYPTSETUP +GCRYPT +ACL +XZ -SECCOMP -APPARMOR)
[    3.140391] systemd[1]: Detected architecture 'x86'.
[    3.278835] systemd[1]: Failed to insert module 'ipv6'
[    3.285512] systemd[1]: Set hostname to <amd>.
[    3.375076] random: systemd-sysv-ge: uninitialized urandom read (16 bytes read)
[    3.628197] usb 5-2: new full-speed USB device number 3 using uhci_hcd
[    3.830304] usb 5-2: New USB device found, idVendor=0483, idProduct=2016, bcdDevice= 0.01
[    3.836149] usb 5-2: New USB device strings: Mfr=1, Product=2, SerialNumber=0
[    3.841690] usb 5-2: Product: Biometric Coprocessor
[    3.847105] usb 5-2: Manufacturer: STMicroelectronics
[    3.953339] random: systemd: uninitialized urandom read (16 bytes read)
[    4.209186] urandom_read: 5 callbacks suppressed
[    4.209190] random: systemd: uninitialized urandom read (16 bytes read)
[    4.220899] random: systemd: uninitialized urandom read (16 bytes read)
[    4.244062] systemd[1]: [/lib/systemd/system/anacron.timer:6] Unknown lvalue 'RandomizedDelaySec' in section 'Timer'
[    4.348098] systemd[1]: Binding to IPv6 address not available since kernel does not support IPv6.
[    4.353926] systemd[1]: [/lib/systemd/system/gpsd.socket:6] Failed to parse address value, ignoring: [::1]:2947
[    4.650469] systemd[1]: Starting User and Group Name Lookups.
[    4.662578] systemd[1]: Reached target User and Group Name Lookups.
[    4.665866] systemd[1]: Starting Forward Password Requests to Wall Directory Watch.
[    5.401941] systemd-udevd[2519]: starting version 215
[    5.704411] EXT4-fs (sda4): re-mounted. Opts: errors=remount-ro
[    5.890621] random: crng init done
[    6.753536] e1000e 0000:02:00.0 eth1: renamed from eth0
[    6.800688] systemd-udevd[2529]: renamed network interface eth0 to eth1
[    8.064339] Adding 2097148k swap on /dev/sda1.  Priority:-2 extents:1 across:2097148k 
[    8.170856] EXT4-fs (sda2): mounted filesystem with ordered data mode. Opts: errors=remount-ro
[    9.769655] systemd-journald[1983]: Received request to flush runtime journal from PID 1
[   18.887932] iwl3945 0000:03:00.0: loaded firmware version 15.32.2.9
[   35.586511] traps: mateweather-app[3636] trap int3 ip:b720ffc0 sp:bff108b0 error:0 in libglib-2.0.so.0.5000.3[b71c3000+12a000]
[   35.590608] traps: clock-applet[3637] trap int3 ip:b71f0fc0 sp:bfbbf7c0 error:0 in libglib-2.0.so.0.5000.3[b71a4000+12a000]
[   38.081004] wlan0: authenticate with 5c:f4:ab:10:d2:bb
[   38.081261] wlan0: send auth to 5c:f4:ab:10:d2:bb (try 1/3)
[   38.085176] wlan0: authenticated
[   38.088512] wlan0: associate with 5c:f4:ab:10:d2:bb (try 1/3)
[   38.091927] wlan0: RX AssocResp from 5c:f4:ab:10:d2:bb (capab=0x411 status=0 aid=1)
[   38.102767] wlan0: associated
