[    0.000000] Linux version 5.1.0-rc4+ (pavel@amd) (gcc version 4.9.2 (Debian 4.9.2-10+deb8u2)) #20 SMP Mon Apr 8 21:12:38 CEST 2019
[    0.000000] Disabled fast string operations
[    0.000000] x86/fpu: x87 FPU will use FXSAVE
[    0.000000] BIOS-provided physical RAM map:
[    0.000000] BIOS-e820: [mem 0x0000000000000000-0x000000000009efff] usable
[    0.000000] BIOS-e820: [mem 0x000000000009f000-0x000000000009ffff] reserved
[    0.000000] BIOS-e820: [mem 0x00000000000dc000-0x00000000000fffff] reserved
[    0.000000] BIOS-e820: [mem 0x0000000000100000-0x00000000bf6cffff] usable
[    0.000000] BIOS-e820: [mem 0x00000000bf6d0000-0x00000000bf6defff] ACPI data
[    0.000000] BIOS-e820: [mem 0x00000000bf6df000-0x00000000bf6fffff] ACPI NVS
[    0.000000] BIOS-e820: [mem 0x00000000bf700000-0x00000000bfffffff] reserved
[    0.000000] BIOS-e820: [mem 0x00000000f0000000-0x00000000f3ffffff] reserved
[    0.000000] BIOS-e820: [mem 0x00000000fec00000-0x00000000fec0ffff] reserved
[    0.000000] BIOS-e820: [mem 0x00000000fed00000-0x00000000fed003ff] reserved
[    0.000000] BIOS-e820: [mem 0x00000000fed14000-0x00000000fed19fff] reserved
[    0.000000] BIOS-e820: [mem 0x00000000fed1c000-0x00000000fed8ffff] reserved
[    0.000000] BIOS-e820: [mem 0x00000000fee00000-0x00000000fee00fff] reserved
[    0.000000] BIOS-e820: [mem 0x00000000ff800000-0x00000000ffffffff] reserved
[    0.000000] NX (Execute Disable) protection: active
[    0.000000] SMBIOS 2.4 present.
[    0.000000] DMI: LENOVO 17097HU/17097HU, BIOS 7BETD8WW (2.19 ) 03/31/2011
[    0.000000] tsc: Fast TSC calibration using PIT
[    0.000000] tsc: Detected 1828.870 MHz processor
[    0.013368] e820: update [mem 0x00000000-0x00000fff] usable ==> reserved
[    0.013373] e820: remove [mem 0x000a0000-0x000fffff] usable
[    0.013386] last_pfn = 0xbf6d0 max_arch_pfn = 0x1000000
[    0.013398] MTRR default type: uncachable
[    0.013401] MTRR fixed ranges enabled:
[    0.013404]   00000-9FFFF write-back
[    0.013407]   A0000-BFFFF uncachable
[    0.013410]   C0000-CFFFF write-protect
[    0.013413]   D0000-DBFFF uncachable
[    0.013416]   DC000-DFFFF write-back
[    0.013418]   E0000-FFFFF write-protect
[    0.013421] MTRR variable ranges enabled:
[    0.013424]   0 base 000000000 mask F80000000 write-back
[    0.013428]   1 base 080000000 mask FC0000000 write-back
[    0.013431]   2 base 0BF700000 mask FFFF00000 uncachable
[    0.013434]   3 base 0BF800000 mask FFF800000 uncachable
[    0.013436]   4 disabled
[    0.013438]   5 disabled
[    0.013441]   6 disabled
[    0.013443]   7 disabled
[    0.014464] x86/PAT: PAT not supported by CPU.
[    0.015692] x86/PAT: Configuration [0-7]: WB  WT  UC- UC  WB  WT  UC- UC  
[    0.015714] initial memory mapped: [mem 0x00000000-0x05dfffff]
[    0.015798] BRK [0x058aa000, 0x058aafff] PGTABLE
[    0.015817] BRK [0x058ab000, 0x058abfff] PGTABLE
[    0.015827] ACPI: Early table checksum verification disabled
[    0.015837] ACPI: RSDP 0x00000000000F67C0 000024 (v02 LENOVO)
[    0.015846] ACPI: XSDT 0x00000000BF6D191C 000084 (v01 LENOVO TP-7B    00002190  LTP 00000000)
[    0.015858] ACPI: FACP 0x00000000BF6D1A00 0000F4 (v03 LENOVO TP-7B    00002190 LNVO 00000001)
[    0.015869] ACPI BIOS Warning (bug): 32/64X length mismatch in FADT/Gpe0Block: 64/32 (20190215/tbfadt-569)
[    0.015877] ACPI BIOS Warning (bug): Optional FADT field Gpe1Block has valid Address but zero Length: 0x000000000000102C/0x0 (20190215/tbfadt-624)
[    0.015887] ACPI: DSDT 0x00000000BF6D1D90 00CFB9 (v01 LENOVO TP-7B    00002190 MSFT 0100000E)
[    0.015896] ACPI: FACS 0x00000000BF6F4000 000040
[    0.015903] ACPI: FACS 0x00000000BF6F4000 000040
[    0.015910] ACPI: SSDT 0x00000000BF6D1BB4 0001DC (v01 LENOVO TP-7B    00002190 MSFT 0100000E)
[    0.015919] ACPI: ECDT 0x00000000BF6DED49 000052 (v01 LENOVO TP-7B    00002190 LNVO 00000001)
[    0.015928] ACPI: TCPA 0x00000000BF6DED9B 000032 (v02 LENOVO TP-7B    00002190 LNVO 00000001)
[    0.015936] ACPI: APIC 0x00000000BF6DEDCD 000068 (v01 LENOVO TP-7B    00002190 LNVO 00000001)
[    0.015945] ACPI: MCFG 0x00000000BF6DEE35 00003C (v01 LENOVO TP-7B    00002190 LNVO 00000001)
[    0.015954] ACPI: HPET 0x00000000BF6DEE71 000038 (v01 LENOVO TP-7B    00002190 LNVO 00000001)
[    0.015962] ACPI: BOOT 0x00000000BF6DEFD8 000028 (v01 LENOVO TP-7B    00002190  LTP 00000001)
[    0.015972] ACPI: SSDT 0x00000000BF6F2645 00025F (v01 LENOVO TP-7B    00002190 INTL 20050513)
[    0.015981] ACPI: SSDT 0x00000000BF6F28A4 0000A6 (v01 LENOVO TP-7B    00002190 INTL 20050513)
[    0.015990] ACPI: SSDT 0x00000000BF6F294A 0004F7 (v01 LENOVO TP-7B    00002190 INTL 20050513)
[    0.015999] ACPI: SSDT 0x00000000BF6F2E41 0001D8 (v01 LENOVO TP-7B    00002190 INTL 20050513)
[    0.016018] ACPI: Local APIC address 0xfee00000
[    0.016025] 2176MB HIGHMEM available.
[    0.016030] 885MB LOWMEM available.
[    0.016034]   mapped low ram: 0 - 375fe000
[    0.016037]   low ram: 0 - 375fe000
[    0.016048] BRK [0x058ac000, 0x058acfff] PGTABLE
[    0.016053] Zone ranges:
[    0.016057]   DMA      [mem 0x0000000000001000-0x0000000000ffffff]
[    0.016062]   Normal   [mem 0x0000000001000000-0x00000000375fdfff]
[    0.016066]   HighMem  [mem 0x00000000375fe000-0x00000000bf6cffff]
[    0.016071] Movable zone start for each node
[    0.016074] Early memory node ranges
[    0.016079]   node   0: [mem 0x0000000000001000-0x000000000009efff]
[    0.016083]   node   0: [mem 0x0000000000100000-0x00000000bf6cffff]
[    0.016088] Initmem setup node 0 [mem 0x0000000000001000-0x00000000bf6cffff]
[    0.016093] On node 0 totalpages: 783982
[    0.027457]   DMA zone: 32 pages used for memmap
[    0.027460]   DMA zone: 0 pages reserved
[    0.027463]   DMA zone: 3998 pages, LIFO batch:0
[    0.027574]   Normal zone: 1740 pages used for memmap
[    0.027577]   Normal zone: 222718 pages, LIFO batch:63
[    0.033201]   HighMem zone: 557266 pages, LIFO batch:63
[    0.047308] Using APIC driver default
[    0.047324] Reserving Intel graphics memory at [mem 0xbf800000-0xbfffffff]
[    0.047809] ACPI: PM-Timer IO Port: 0x1008
[    0.047815] ACPI: Local APIC address 0xfee00000
[    0.047828] ACPI: LAPIC_NMI (acpi_id[0x00] high edge lint[0x1])
[    0.047832] ACPI: LAPIC_NMI (acpi_id[0x01] high edge lint[0x1])
[    0.047866] IOAPIC[0]: apic_id 1, version 32, address 0xfec00000, GSI 0-23
[    0.047873] ACPI: INT_SRC_OVR (bus 0 bus_irq 0 global_irq 2 dfl dfl)
[    0.047879] ACPI: INT_SRC_OVR (bus 0 bus_irq 9 global_irq 9 high level)
[    0.047884] ACPI: IRQ0 used by override.
[    0.047889] ACPI: IRQ9 used by override.
[    0.047895] Using ACPI (MADT) for SMP configuration information
[    0.047900] ACPI: HPET id: 0x8086a201 base: 0xfed00000
[    0.047915] smpboot: Allowing 2 CPUs, 0 hotplug CPUs
[    0.047955] PM: Registered nosave memory: [mem 0x00000000-0x00000fff]
[    0.047962] PM: Registered nosave memory: [mem 0x0009f000-0x0009ffff]
[    0.047966] PM: Registered nosave memory: [mem 0x000a0000-0x000dbfff]
[    0.047970] PM: Registered nosave memory: [mem 0x000dc000-0x000fffff]
[    0.047979] [mem 0xc0000000-0xefffffff] available for PCI devices
[    0.047986] clocksource: refined-jiffies: mask: 0xffffffff max_cycles: 0xffffffff, max_idle_ns: 7645519600211568 ns
[    0.048014] random: get_random_bytes called from start_kernel+0x74/0x375 with crng_init=0
[    0.048029] setup_percpu: NR_CPUS:8 nr_cpumask_bits:8 nr_cpu_ids:2 nr_node_ids:1
[    0.048292] percpu: Embedded 37 pages/cpu @(ptrval) s119336 r0 d32216 u151552
[    0.048307] pcpu-alloc: s119336 r0 d32216 u151552 alloc=37*4096
[    0.048310] pcpu-alloc: [0] 0 [0] 1 
[    0.048345] Built 1 zonelists, mobility grouping on.  Total pages: 782210
[    0.048355] Kernel command line: BOOT_IMAGE=(hd0,2)/fast/l/k/o/32/arch/x86/boot/bzImage root=/dev/sda4 resume=/dev/sda1
[    0.048771] Dentry cache hash table entries: 131072 (order: 7, 524288 bytes)
[    0.048887] Inode-cache hash table entries: 65536 (order: 6, 262144 bytes)
[    0.048911] Initializing CPU#0
[    0.081693] Initializing HighMem for node 0 (000375fe:000bf6d0)
[    0.441920] Initializing Movable for node 0 (00000000:00000000)
[    0.515564] Memory: 3019068K/3135928K available (12453K kernel code, 718K rwdata, 4788K rodata, 640K init, 6248K bss, 116860K reserved, 0K cma-reserved, 2229064K highmem)
[    0.515576] virtual kernel memory layout:
    fixmap  : 0xffe70000 - 0xfffff000   (1596 kB)
  cpu_entry : 0xffa00000 - 0xffb31000   (1220 kB)
    pkmap   : 0xff600000 - 0xff800000   (2048 kB)
    vmalloc : 0xf7dfe000 - 0xff5fe000   ( 120 MB)
    lowmem  : 0xc0000000 - 0xf75fe000   ( 885 MB)
      .init : 0xc51b4000 - 0xc5254000   ( 640 kB)
      .data : 0xc4c296a4 - 0xc5191800   (5536 kB)
      .text : 0xc4000000 - 0xc4c296a4   (12453 kB)
[    0.515582] Checking if this processor honours the WP bit even in supervisor mode...Ok.
[    0.516969] Kernel/User page tables isolation: enabled
[    0.517272] rcu: Hierarchical RCU implementation.
[    0.517277] rcu: 	RCU restricting CPUs from NR_CPUS=8 to nr_cpu_ids=2.
[    0.517282] rcu: RCU calculated value of scheduler-enlistment delay is 25 jiffies.
[    0.517286] rcu: Adjusting geometry for rcu_fanout_leaf=16, nr_cpu_ids=2
[    0.517334] NR_IRQS: 2304, nr_irqs: 56, preallocated irqs: 16
[    0.517627] CPU 0 irqstacks, hard=(ptrval) soft=(ptrval)
[    0.520274] Console: colour VGA+ 80x25
[    0.528378] printk: console [tty0] enabled
[    0.528450] Lock dependency validator: Copyright (c) 2006 Red Hat, Inc., Ingo Molnar
[    0.528539] ... MAX_LOCKDEP_SUBCLASSES:  8
[    0.528610] ... MAX_LOCK_DEPTH:          48
[    0.528682] ... MAX_LOCKDEP_KEYS:        8191
[    0.528754] ... CLASSHASH_SIZE:          4096
[    0.528827] ... MAX_LOCKDEP_ENTRIES:     32768
[    0.528900] ... MAX_LOCKDEP_CHAINS:      65536
[    0.528973] ... CHAINHASH_SIZE:          32768
[    0.529046]  memory used by lock dependency info: 3043 kB
[    0.529124]  per task-struct memory footprint: 1344 bytes
[    0.529212] ACPI: Core revision 20190215
[    0.529770] clocksource: hpet: mask: 0xffffffff max_cycles: 0xffffffff, max_idle_ns: 133484882848 ns
[    0.529901] hpet clockevent registered
[    0.529914] APIC: Switch to symmetric I/O mode setup
[    0.529990] Enabling APIC mode:  Flat.  Using 1 I/O APICs
[    0.530631] ..TIMER: vector=0x30 apic1=0 pin1=2 apic2=-1 pin2=-1
[    0.549908] clocksource: tsc-early: mask: 0xffffffffffffffff max_cycles: 0x1a5cb210f96, max_idle_ns: 440795262438 ns
[    0.550032] Calibrating delay loop (skipped), value calculated using timer frequency.. 3657.74 BogoMIPS (lpj=7315480)
[    0.550151] pid_max: default: 32768 minimum: 301
[    0.550484] Mount-cache hash table entries: 2048 (order: 1, 8192 bytes)
[    0.550576] Mountpoint-cache hash table entries: 2048 (order: 1, 8192 bytes)
[    0.551265] *** VALIDATE proc ***
[    0.551435] *** VALIDATE cgroup1 ***
[    0.551508] *** VALIDATE cgroup2 ***
[    0.551593] Disabled fast string operations
[    0.551679] process: using mwait in idle threads
[    0.551762] Last level iTLB entries: 4KB 128, 2MB 0, 4MB 2
[    0.551842] Last level dTLB entries: 4KB 128, 2MB 0, 4MB 8, 1GB 0
[    0.551927] Spectre V2 : Mitigation: Full generic retpoline
[    0.552007] Spectre V2 : Spectre v2 / SpectreRSB mitigation: Filling RSB on context switch
[    0.552104] L1TF: System has more than MAX_PA/2 memory. L1TF mitigation not effective.
[    0.552194] L1TF: You may make it effective by booting the kernel with mem=2147483648 parameter.
[    0.552302] L1TF: However, doing so will make a part of your RAM unusable.
[    0.552388] L1TF: Reading https://www.kernel.org/doc/html/latest/admin-guide/l1tf.html might help you decide.
[    0.552730] Freeing SMP alternatives memory: 44K
[    0.558030] smpboot: CPU0: Genuine Intel(R) CPU           T2400  @ 1.83GHz (family: 0x6, model: 0xe, stepping: 0x8)
[    0.558030] Performance Events: Core events, core PMU driver.
[    0.558030] ... version:                1
[    0.558030] ... bit width:              40
[    0.558030] ... generic registers:      2
[    0.558030] ... value mask:             000000ffffffffff
[    0.558030] ... max period:             000000007fffffff
[    0.558030] ... fixed-purpose events:   0
[    0.558030] ... event mask:             0000000000000003
[    0.558030] rcu: Hierarchical SRCU implementation.
[    0.558030] NMI watchdog: Enabled. Permanently consumes one hw-PMU counter.
[    0.558213] smp: Bringing up secondary CPUs ...
[    0.559212] CPU 1 irqstacks, hard=(ptrval) soft=(ptrval)
[    0.559216] x86: Booting SMP configuration:
[    0.559297] .... node  #0, CPUs:      #1
[    0.016366] Initializing CPU#1
[    0.016366] Disabled fast string operations
[    0.561757] TSC synchronization [CPU#0 -> CPU#1]:
[    0.562030] Measured 579777 cycles TSC warp between CPUs, turning off TSC clock.
[    0.562030] tsc: Marking TSC unstable due to check_tsc_sync_source failed
[    0.562220] smp: Brought up 1 node, 2 CPUs
[    0.562220] smpboot: Max logical packages: 1
[    0.562220] smpboot: Total of 2 processors activated (7315.48 BogoMIPS)
[    0.563921] devtmpfs: initialized
[    0.563921] PM: Registering ACPI NVS region [mem 0xbf6df000-0xbf6fffff] (135168 bytes)
[    0.566219] clocksource: jiffies: mask: 0xffffffff max_cycles: 0xffffffff, max_idle_ns: 7645041785100000 ns
[    0.566236] futex hash table entries: 512 (order: 3, 32768 bytes)
[    0.567219] NET: Registered protocol family 16
[    0.568757] cpuidle: using governor ladder
[    0.568917] cpuidle: using governor menu
[    0.569921] Simple Boot Flag at 0x35 set to 0x1
[    0.570055] ACPI FADT declares the system doesn't support PCIe ASPM, so disable it
[    0.570144] ACPI: bus type PCI registered
[    0.570436] PCI: MMCONFIG for domain 0000 [bus 00-3f] at [mem 0xf0000000-0xf3ffffff] (base 0xf0000000)
[    0.570552] PCI: MMCONFIG at [mem 0xf0000000-0xf3ffffff] reserved in E820
[    0.570639] PCI: Using MMCONFIG for extended config space
[    0.570719] PCI: Using configuration type 1 for base access
[    0.571182] mtrr: your CPUs had inconsistent variable MTRR settings
[    0.571268] mtrr: probably your BIOS does not setup all CPUs.
[    0.571349] mtrr: corrected configuration.
[    0.636554] ACPI: Added _OSI(Module Device)
[    0.636637] ACPI: Added _OSI(Processor Device)
[    0.636713] ACPI: Added _OSI(3.0 _SCP Extensions)
[    0.636791] ACPI: Added _OSI(Processor Aggregator Device)
[    0.636873] ACPI: Added _OSI(Linux-Dell-Video)
[    0.636951] ACPI: Added _OSI(Linux-Lenovo-NV-HDMI-Audio)
[    0.637032] ACPI: Added _OSI(Linux-HPI-Hybrid-Graphics)
[    0.703555] ACPI: 6 ACPI AML tables successfully acquired and loaded
[    0.707913] ACPI: EC: EC started
[    0.707985] ACPI: EC: interrupt blocked
[    0.713241] ACPI: \: Used as first EC
[    0.713316] ACPI: \: GPE=0x1c, EC_CMD/EC_SC=0x66, EC_DATA=0x62
[    0.713399] ACPI: EC: Boot ECDT EC used to handle transactions
[    0.735086] ACPI: Dynamic OEM Table Load:
[    0.735177] ACPI: SSDT 0x00000000F19B4800 000240 (v01 PmRef  Cpu0Ist  00000100 INTL 20050513)
[    0.736907] ACPI: Dynamic OEM Table Load:
[    0.736997] ACPI: SSDT 0x00000000F18F2800 00065A (v01 PmRef  Cpu0Cst  00000100 INTL 20050513)
[    0.739846] ACPI: Dynamic OEM Table Load:
[    0.739846] ACPI: SSDT 0x00000000F1825000 0000C8 (v01 PmRef  Cpu1Ist  00000100 INTL 20050513)
[    0.742557] ACPI: Dynamic OEM Table Load:
[    0.742644] ACPI: SSDT 0x00000000F1865C00 000085 (v01 PmRef  Cpu1Cst  00000100 INTL 20050513)
[    0.743380] ACPI: Interpreter enabled
[    0.743380] ACPI: (supports S0 S3 S4 S5)
[    0.743380] ACPI: Using IOAPIC for interrupt routing
[    0.743471] PCI: Using host bridge windows from ACPI; if necessary, use "pci=nocrs" and report a bug
[    0.744587] ACPI: Enabled 4 GPEs in block 00 to 1F
[    0.769746] ACPI: Power Resource [PUBS] (on)
[    0.770906] acpi PNP0C0A:01: ACPI dock station (docks/bays count: 1)
[    0.778701] acpi LNXIOBAY:00: ACPI dock station (docks/bays count: 2)
[    0.793476] acpi IBM0079:00: ACPI dock station (docks/bays count: 3)
[    0.795907] ACPI: PCI Interrupt Link [LNKA] (IRQs 3 4 5 6 7 9 10 *11)
[    0.796758] ACPI: PCI Interrupt Link [LNKB] (IRQs 3 4 5 6 7 9 10 *11)
[    0.797610] ACPI: PCI Interrupt Link [LNKC] (IRQs 3 4 5 6 7 9 10 *11)
[    0.798470] ACPI: PCI Interrupt Link [LNKD] (IRQs 3 4 5 6 7 9 10 *11)
[    0.799321] ACPI: PCI Interrupt Link [LNKE] (IRQs 3 4 5 6 7 9 10 *11)
[    0.800170] ACPI: PCI Interrupt Link [LNKF] (IRQs 3 4 5 6 7 9 10 *11)
[    0.801021] ACPI: PCI Interrupt Link [LNKG] (IRQs 3 4 5 6 7 9 10 *11)
[    0.802064] ACPI: PCI Interrupt Link [LNKH] (IRQs 3 4 5 6 7 9 10 *11)
[    0.802407] ACPI: PCI Root Bridge [PCI0] (domain 0000 [bus 00-ff])
[    0.802505] acpi PNP0A08:00: _OSC: OS supports [ExtendedConfig ASPM ClockPM Segments]
[    0.803544] acpi PNP0A08:00: _OSC: not requesting OS control; OS requires [ExtendedConfig ASPM ClockPM MSI]
[    0.803677] acpi PNP0A08:00: [Firmware Info]: MMCONFIG for domain 0000 [bus 00-3f] only partially covers this bridge
[    0.804042] PCI host bridge to bus 0000:00
[    0.804123] pci_bus 0000:00: root bus resource [io  0x0000-0x0cf7 window]
[    0.804214] pci_bus 0000:00: root bus resource [io  0x0d00-0xffff window]
[    0.804306] pci_bus 0000:00: root bus resource [mem 0x000a0000-0x000bffff window]
[    0.804400] pci_bus 0000:00: root bus resource [mem 0x000d0000-0x000d3fff window]
[    0.804495] pci_bus 0000:00: root bus resource [mem 0x000d4000-0x000d7fff window]
[    0.804589] pci_bus 0000:00: root bus resource [mem 0x000d8000-0x000dbfff window]
[    0.804684] pci_bus 0000:00: root bus resource [mem 0xc0000000-0xfebfffff window]
[    0.804778] pci_bus 0000:00: root bus resource [mem 0xfed40000-0xfed40fff window]
[    0.804874] pci_bus 0000:00: root bus resource [bus 00-ff]
[    0.804992] pci 0000:00:00.0: [8086:27a0] type 00 class 0x060000
[    0.805455] pci 0000:00:02.0: [8086:27a2] type 00 class 0x030000
[    0.805477] pci 0000:00:02.0: reg 0x10: [mem 0xee100000-0xee17ffff]
[    0.805488] pci 0000:00:02.0: reg 0x14: [io  0x1800-0x1807]
[    0.805499] pci 0000:00:02.0: reg 0x18: [mem 0xd0000000-0xdfffffff pref]
[    0.805509] pci 0000:00:02.0: reg 0x1c: [mem 0xee200000-0xee23ffff]
[    0.806036] pci 0000:00:02.1: [8086:27a6] type 00 class 0x038000
[    0.806036] pci 0000:00:02.1: reg 0x10: [mem 0xee180000-0xee1fffff]
[    0.806490] pci 0000:00:1b.0: [8086:27d8] type 00 class 0x040300
[    0.806535] pci 0000:00:1b.0: reg 0x10: [mem 0xee240000-0xee243fff 64bit]
[    0.806699] pci 0000:00:1b.0: PME# supported from D0 D3hot D3cold
[    0.807150] pci 0000:00:1c.0: [8086:27d0] type 01 class 0x060400
[    0.807343] pci 0000:00:1c.0: PME# supported from D0 D3hot D3cold
[    0.807795] pci 0000:00:1c.1: [8086:27d2] type 01 class 0x060400
[    0.807988] pci 0000:00:1c.1: PME# supported from D0 D3hot D3cold
[    0.808430] pci 0000:00:1c.2: [8086:27d4] type 01 class 0x060400
[    0.808622] pci 0000:00:1c.2: PME# supported from D0 D3hot D3cold
[    0.809066] pci 0000:00:1c.3: [8086:27d6] type 01 class 0x060400
[    0.809259] pci 0000:00:1c.3: PME# supported from D0 D3hot D3cold
[    0.809710] pci 0000:00:1d.0: [8086:27c8] type 00 class 0x0c0300
[    0.809787] pci 0000:00:1d.0: reg 0x20: [io  0x1820-0x183f]
[    0.810242] pci 0000:00:1d.1: [8086:27c9] type 00 class 0x0c0300
[    0.810320] pci 0000:00:1d.1: reg 0x20: [io  0x1840-0x185f]
[    0.810771] pci 0000:00:1d.2: [8086:27ca] type 00 class 0x0c0300
[    0.810849] pci 0000:00:1d.2: reg 0x20: [io  0x1860-0x187f]
[    0.811311] pci 0000:00:1d.3: [8086:27cb] type 00 class 0x0c0300
[    0.811388] pci 0000:00:1d.3: reg 0x20: [io  0x1880-0x189f]
[    0.811825] pci 0000:00:1d.7: [8086:27cc] type 00 class 0x0c0320
[    0.811860] pci 0000:00:1d.7: reg 0x10: [mem 0xee444000-0xee4443ff]
[    0.812004] pci 0000:00:1d.7: PME# supported from D0 D3hot D3cold
[    0.812417] pci 0000:00:1e.0: [8086:2448] type 01 class 0x060401
[    0.812957] pci 0000:00:1f.0: [8086:27b9] type 00 class 0x060100
[    0.813114] pci 0000:00:1f.0: quirk: [io  0x1000-0x107f] claimed by ICH6 ACPI/GPIO/TCO
[    0.813217] pci 0000:00:1f.0: quirk: [io  0x1180-0x11bf] claimed by ICH6 GPIO
[    0.813312] pci 0000:00:1f.0: ICH7 LPC Generic IO decode 1 PIO at 1600 (mask 007f)
[    0.813408] pci 0000:00:1f.0: ICH7 LPC Generic IO decode 2 PIO at 15e0 (mask 000f)
[    0.813505] pci 0000:00:1f.0: ICH7 LPC Generic IO decode 3 PIO at 1680 (mask 001f)
[    0.814037] pci 0000:00:1f.1: [8086:27df] type 00 class 0x01018a
[    0.814063] pci 0000:00:1f.1: reg 0x10: [io  0x0000-0x0007]
[    0.814078] pci 0000:00:1f.1: reg 0x14: [io  0x0000-0x0003]
[    0.814094] pci 0000:00:1f.1: reg 0x18: [io  0x0000-0x0007]
[    0.814110] pci 0000:00:1f.1: reg 0x1c: [io  0x0000-0x0003]
[    0.814152] pci 0000:00:1f.1: reg 0x20: [io  0x1810-0x181f]
[    0.814159] pci 0000:00:1f.1: legacy IDE quirk: reg 0x10: [io  0x01f0-0x01f7]
[    0.814251] pci 0000:00:1f.1: legacy IDE quirk: reg 0x14: [io  0x03f6]
[    0.814340] pci 0000:00:1f.1: legacy IDE quirk: reg 0x18: [io  0x0170-0x0177]
[    0.814432] pci 0000:00:1f.1: legacy IDE quirk: reg 0x1c: [io  0x0376]
[    0.814936] pci 0000:00:1f.2: [8086:27c5] type 00 class 0x010601
[    0.814970] pci 0000:00:1f.2: reg 0x10: [io  0x18d0-0x18d7]
[    0.814986] pci 0000:00:1f.2: reg 0x14: [io  0x18c4-0x18c7]
[    0.815002] pci 0000:00:1f.2: reg 0x18: [io  0x18c8-0x18cf]
[    0.815018] pci 0000:00:1f.2: reg 0x1c: [io  0x18c0-0x18c3]
[    0.815034] pci 0000:00:1f.2: reg 0x20: [io  0x18b0-0x18bf]
[    0.815050] pci 0000:00:1f.2: reg 0x24: [mem 0xee444400-0xee4447ff]
[    0.815134] pci 0000:00:1f.2: PME# supported from D3hot
[    0.815551] pci 0000:00:1f.3: [8086:27da] type 00 class 0x0c0500
[    0.815647] pci 0000:00:1f.3: reg 0x20: [io  0x18e0-0x18ff]
[    0.816315] pci 0000:02:00.0: [8086:109a] type 00 class 0x020000
[    0.816379] pci 0000:02:00.0: reg 0x10: [mem 0xee000000-0xee01ffff]
[    0.816427] pci 0000:02:00.0: reg 0x18: [io  0x2000-0x201f]
[    0.816688] pci 0000:02:00.0: PME# supported from D0 D3hot D3cold
[    0.817080] pci 0000:00:1c.0: PCI bridge to [bus 02]
[    0.817166] pci 0000:00:1c.0:   bridge window [io  0x2000-0x2fff]
[    0.817174] pci 0000:00:1c.0:   bridge window [mem 0xee000000-0xee0fffff]
[    0.817437] pci 0000:03:00.0: [8086:4227] type 00 class 0x028000
[    0.817544] pci 0000:03:00.0: reg 0x10: [mem 0xedf00000-0xedf00fff]
[    0.818068] pci 0000:03:00.0: PME# supported from D0 D3hot D3cold
[    0.818510] pci 0000:00:1c.1: PCI bridge to [bus 03]
[    0.818596] pci 0000:00:1c.1:   bridge window [io  0x3000-0x4fff]
[    0.818603] pci 0000:00:1c.1:   bridge window [mem 0xec000000-0xedffffff]
[    0.818614] pci 0000:00:1c.1:   bridge window [mem 0xe4000000-0xe40fffff 64bit pref]
[    0.818762] pci 0000:00:1c.2: PCI bridge to [bus 04-0b]
[    0.818849] pci 0000:00:1c.2:   bridge window [io  0x5000-0x6fff]
[    0.818856] pci 0000:00:1c.2:   bridge window [mem 0xe8000000-0xe9ffffff]
[    0.818867] pci 0000:00:1c.2:   bridge window [mem 0xe4100000-0xe41fffff 64bit pref]
[    0.819008] pci 0000:00:1c.3: PCI bridge to [bus 0c-13]
[    0.819095] pci 0000:00:1c.3:   bridge window [io  0x7000-0x8fff]
[    0.819103] pci 0000:00:1c.3:   bridge window [mem 0xea000000-0xebffffff]
[    0.819114] pci 0000:00:1c.3:   bridge window [mem 0xe4200000-0xe42fffff 64bit pref]
[    0.819157] pci_bus 0000:15: extended config space not accessible
[    0.819359] pci 0000:15:00.0: [1180:0476] type 02 class 0x060700
[    0.819391] pci 0000:15:00.0: reg 0x10: [mem 0xe4300000-0xe4300fff]
[    0.819463] pci 0000:15:00.0: supports D1 D2
[    0.819467] pci 0000:15:00.0: PME# supported from D0 D1 D2 D3hot D3cold
[    0.819712] pci 0000:15:00.1: [1180:0552] type 00 class 0x0c0010
[    0.819741] pci 0000:15:00.1: reg 0x10: [mem 0xe4301000-0xe43017ff]
[    0.819889] pci 0000:15:00.1: PME# supported from D0 D3hot D3cold
[    0.820101] pci 0000:15:00.2: [1180:0822] type 00 class 0x080500
[    0.820130] pci 0000:15:00.2: reg 0x10: [mem 0xe4301800-0xe43018ff]
[    0.820277] pci 0000:15:00.2: supports D1 D2
[    0.820281] pci 0000:15:00.2: PME# supported from D0 D1 D2 D3hot D3cold
[    0.820552] pci 0000:00:1e.0: PCI bridge to [bus 15-18] (subtractive decode)
[    0.820648] pci 0000:00:1e.0:   bridge window [io  0x9000-0xcfff]
[    0.820656] pci 0000:00:1e.0:   bridge window [mem 0xe4300000-0xe7ffffff]
[    0.820666] pci 0000:00:1e.0:   bridge window [mem 0xe0000000-0xe3ffffff 64bit pref]
[    0.820671] pci 0000:00:1e.0:   bridge window [io  0x0000-0x0cf7 window] (subtractive decode)
[    0.820676] pci 0000:00:1e.0:   bridge window [io  0x0d00-0xffff window] (subtractive decode)
[    0.820680] pci 0000:00:1e.0:   bridge window [mem 0x000a0000-0x000bffff window] (subtractive decode)
[    0.820685] pci 0000:00:1e.0:   bridge window [mem 0x000d0000-0x000d3fff window] (subtractive decode)
[    0.820690] pci 0000:00:1e.0:   bridge window [mem 0x000d4000-0x000d7fff window] (subtractive decode)
[    0.820695] pci 0000:00:1e.0:   bridge window [mem 0x000d8000-0x000dbfff window] (subtractive decode)
[    0.820699] pci 0000:00:1e.0:   bridge window [mem 0xc0000000-0xfebfffff window] (subtractive decode)
[    0.820703] pci 0000:00:1e.0:   bridge window [mem 0xfed40000-0xfed40fff window] (subtractive decode)
[    0.820748] pci_bus 0000:16: extended config space not accessible
[    0.820927] pci_bus 0000:16: busn_res: [bus 16-18] end is updated to 17
[    0.820982] pci_bus 0000:00: on NUMA node 0
[    0.827654] ACPI: EC: interrupt unblocked
[    0.827748] ACPI: EC: event unblocked
[    0.827833] ACPI: \_SB_.PCI0.LPC_.EC__: GPE=0x1c, EC_CMD/EC_SC=0x66, EC_DATA=0x62
[    0.827929] ACPI: \_SB_.PCI0.LPC_.EC__: Boot DSDT EC used to handle transactions and events
[    0.828732] pci 0000:00:02.0: vgaarb: setting as boot VGA device
[    0.828822] pci 0000:00:02.0: vgaarb: VGA device added: decodes=io+mem,owns=io+mem,locks=none
[    0.828956] pci 0000:00:02.0: vgaarb: bridge control possible
[    0.829038] vgaarb: loaded
[    0.829718] SCSI subsystem initialized
[    0.830312] libata version 3.00 loaded.
[    0.830524] ACPI: bus type USB registered
[    0.830697] usbcore: registered new interface driver usbfs
[    0.830823] usbcore: registered new interface driver hub
[    0.831018] usbcore: registered new device driver usb
[    0.831176] media: Linux media interface: v0.10
[    0.831317] videodev: Linux video capture interface: v2.00
[    0.831445] pps_core: LinuxPPS API ver. 1 registered
[    0.831445] pps_core: Software ver. 5.3.6 - Copyright 2005-2007 Rodolfo Giometti <giometti@linux.it>
[    0.831694] PTP clock support registered
[    0.832406] EDAC MC: Ver: 3.0.0
[    0.833139] Advanced Linux Sound Architecture Driver Initialized.
[    0.833373] PCI: Using ACPI for IRQ routing
[    0.836511] PCI: pci_cache_line_size set to 64 bytes
[    0.836841] e820: reserve RAM buffer [mem 0x0009f000-0x0009ffff]
[    0.836848] e820: reserve RAM buffer [mem 0xbf6d0000-0xbfffffff]
[    0.837579] Bluetooth: Core ver 2.22
[    0.837724] NET: Registered protocol family 31
[    0.837802] Bluetooth: HCI device and connection manager initialized
[    0.837899] Bluetooth: HCI socket layer initialized
[    0.837980] Bluetooth: L2CAP socket layer initialized
[    0.838079] Bluetooth: SCO socket layer initialized
[    0.838817] clocksource: Switched to clocksource hpet
[    0.839276] pnp: PnP ACPI init
[    0.841725] system 00:00: [mem 0x00000000-0x0009ffff] could not be reserved
[    0.841824] system 00:00: [mem 0x000c0000-0x000c3fff] could not be reserved
[    0.841920] system 00:00: [mem 0x000c4000-0x000c7fff] could not be reserved
[    0.842014] system 00:00: [mem 0x000c8000-0x000cbfff] has been reserved
[    0.842120] system 00:00: [mem 0x000cc000-0x000cffff] has been reserved
[    0.842214] system 00:00: [mem 0x000dc000-0x000dffff] could not be reserved
[    0.842312] system 00:00: [mem 0x000e0000-0x000e3fff] could not be reserved
[    0.842408] system 00:00: [mem 0x000e4000-0x000e7fff] could not be reserved
[    0.842504] system 00:00: [mem 0x000e8000-0x000ebfff] could not be reserved
[    0.842600] system 00:00: [mem 0x000ec000-0x000effff] could not be reserved
[    0.842695] system 00:00: [mem 0x000f0000-0x000fffff] could not be reserved
[    0.842791] system 00:00: [mem 0x00100000-0xbfffffff] could not be reserved
[    0.842886] system 00:00: [mem 0xfec00000-0xfed3ffff] could not be reserved
[    0.842981] system 00:00: [mem 0xfed41000-0xffffffff] could not be reserved
[    0.843131] system 00:00: Plug and Play ACPI device, IDs PNP0c01 (active)
[    0.843647] system 00:01: [io  0x164e-0x164f] has been reserved
[    0.843738] system 00:01: [io  0x1000-0x107f] has been reserved
[    0.843827] system 00:01: [io  0x1180-0x11bf] has been reserved
[    0.843916] system 00:01: [io  0x0800-0x080f] has been reserved
[    0.844005] system 00:01: [io  0x15e0-0x15ef] has been reserved
[    0.844095] system 00:01: [io  0x1600-0x165f] could not be reserved
[    0.844186] system 00:01: [mem 0xf0000000-0xf3ffffff] has been reserved
[    0.844279] system 00:01: [mem 0xfed1c000-0xfed1ffff] has been reserved
[    0.844371] system 00:01: [mem 0xfed14000-0xfed17fff] has been reserved
[    0.844463] system 00:01: [mem 0xfed18000-0xfed18fff] has been reserved
[    0.844555] system 00:01: [mem 0xfed19000-0xfed19fff] has been reserved
[    0.844681] system 00:01: Plug and Play ACPI device, IDs PNP0c02 (active)
[    0.844987] pnp 00:02: Plug and Play ACPI device, IDs PNP0b00 (active)
[    0.845124] pnp 00:03: Plug and Play ACPI device, IDs PNP0303 (active)
[    0.845260] pnp 00:04: Plug and Play ACPI device, IDs IBM3780 PNP0f13 (active)
[    0.846022] pnp 00:05: [dma 3]
[    0.846246] pnp 00:05: Plug and Play ACPI device, IDs IBM0071 PNP0511 (active)
[    0.846483] pnp 00:06: Plug and Play ACPI device, IDs ATM1200 PNP0c31 (active)
[    0.848976] pnp: PnP ACPI: found 7 devices
[    0.895583] clocksource: acpi_pm: mask: 0xffffff max_cycles: 0xffffff, max_idle_ns: 2085701024 ns
[    0.895716] pci 0000:00:1c.0: bridge window [mem 0x00100000-0x000fffff 64bit pref] to [bus 02] add_size 200000 add_align 100000
[    0.895763] pci 0000:00:1c.0: BAR 9: assigned [mem 0xc0000000-0xc01fffff 64bit pref]
[    0.895858] pci 0000:00:1c.0: PCI bridge to [bus 02]
[    0.895939] pci 0000:00:1c.0:   bridge window [io  0x2000-0x2fff]
[    0.896029] pci 0000:00:1c.0:   bridge window [mem 0xee000000-0xee0fffff]
[    0.896120] pci 0000:00:1c.0:   bridge window [mem 0xc0000000-0xc01fffff 64bit pref]
[    0.896218] pci 0000:00:1c.1: PCI bridge to [bus 03]
[    0.896299] pci 0000:00:1c.1:   bridge window [io  0x3000-0x4fff]
[    0.896387] pci 0000:00:1c.1:   bridge window [mem 0xec000000-0xedffffff]
[    0.896478] pci 0000:00:1c.1:   bridge window [mem 0xe4000000-0xe40fffff 64bit pref]
[    0.896576] pci 0000:00:1c.2: PCI bridge to [bus 04-0b]
[    0.896657] pci 0000:00:1c.2:   bridge window [io  0x5000-0x6fff]
[    0.896746] pci 0000:00:1c.2:   bridge window [mem 0xe8000000-0xe9ffffff]
[    0.896837] pci 0000:00:1c.2:   bridge window [mem 0xe4100000-0xe41fffff 64bit pref]
[    0.896935] pci 0000:00:1c.3: PCI bridge to [bus 0c-13]
[    0.897017] pci 0000:00:1c.3:   bridge window [io  0x7000-0x8fff]
[    0.897106] pci 0000:00:1c.3:   bridge window [mem 0xea000000-0xebffffff]
[    0.897196] pci 0000:00:1c.3:   bridge window [mem 0xe4200000-0xe42fffff 64bit pref]
[    0.897305] pci 0000:15:00.0: BAR 9: assigned [mem 0xe0000000-0xe3ffffff pref]
[    0.897399] pci 0000:15:00.0: BAR 10: assigned [mem 0xc4000000-0xc7ffffff]
[    0.897487] pci 0000:15:00.0: BAR 7: assigned [io  0x9000-0x90ff]
[    0.897572] pci 0000:15:00.0: BAR 8: assigned [io  0x9400-0x94ff]
[    0.897664] pci 0000:15:00.0: CardBus bridge to [bus 16-17]
[    0.897746] pci 0000:15:00.0:   bridge window [io  0x9000-0x90ff]
[    0.897833] pci 0000:15:00.0:   bridge window [io  0x9400-0x94ff]
[    0.897920] pci 0000:15:00.0:   bridge window [mem 0xe0000000-0xe3ffffff pref]
[    0.898012] pci 0000:15:00.0:   bridge window [mem 0xc4000000-0xc7ffffff]
[    0.898120] pci 0000:00:1e.0: PCI bridge to [bus 15-18]
[    0.898202] pci 0000:00:1e.0:   bridge window [io  0x9000-0xcfff]
[    0.898291] pci 0000:00:1e.0:   bridge window [mem 0xe4300000-0xe7ffffff]
[    0.898381] pci 0000:00:1e.0:   bridge window [mem 0xe0000000-0xe3ffffff 64bit pref]
[    0.898480] pci_bus 0000:00: resource 4 [io  0x0000-0x0cf7 window]
[    0.898484] pci_bus 0000:00: resource 5 [io  0x0d00-0xffff window]
[    0.898488] pci_bus 0000:00: resource 6 [mem 0x000a0000-0x000bffff window]
[    0.898492] pci_bus 0000:00: resource 7 [mem 0x000d0000-0x000d3fff window]
[    0.898496] pci_bus 0000:00: resource 8 [mem 0x000d4000-0x000d7fff window]
[    0.898499] pci_bus 0000:00: resource 9 [mem 0x000d8000-0x000dbfff window]
[    0.898503] pci_bus 0000:00: resource 10 [mem 0xc0000000-0xfebfffff window]
[    0.898507] pci_bus 0000:00: resource 11 [mem 0xfed40000-0xfed40fff window]
[    0.898511] pci_bus 0000:02: resource 0 [io  0x2000-0x2fff]
[    0.898515] pci_bus 0000:02: resource 1 [mem 0xee000000-0xee0fffff]
[    0.898518] pci_bus 0000:02: resource 2 [mem 0xc0000000-0xc01fffff 64bit pref]
[    0.898522] pci_bus 0000:03: resource 0 [io  0x3000-0x4fff]
[    0.898526] pci_bus 0000:03: resource 1 [mem 0xec000000-0xedffffff]
[    0.898530] pci_bus 0000:03: resource 2 [mem 0xe4000000-0xe40fffff 64bit pref]
[    0.898534] pci_bus 0000:04: resource 0 [io  0x5000-0x6fff]
[    0.898537] pci_bus 0000:04: resource 1 [mem 0xe8000000-0xe9ffffff]
[    0.898541] pci_bus 0000:04: resource 2 [mem 0xe4100000-0xe41fffff 64bit pref]
[    0.898545] pci_bus 0000:0c: resource 0 [io  0x7000-0x8fff]
[    0.898548] pci_bus 0000:0c: resource 1 [mem 0xea000000-0xebffffff]
[    0.898552] pci_bus 0000:0c: resource 2 [mem 0xe4200000-0xe42fffff 64bit pref]
[    0.898556] pci_bus 0000:15: resource 0 [io  0x9000-0xcfff]
[    0.898560] pci_bus 0000:15: resource 1 [mem 0xe4300000-0xe7ffffff]
[    0.898563] pci_bus 0000:15: resource 2 [mem 0xe0000000-0xe3ffffff 64bit pref]
[    0.898567] pci_bus 0000:15: resource 4 [io  0x0000-0x0cf7 window]
[    0.898571] pci_bus 0000:15: resource 5 [io  0x0d00-0xffff window]
[    0.898575] pci_bus 0000:15: resource 6 [mem 0x000a0000-0x000bffff window]
[    0.898578] pci_bus 0000:15: resource 7 [mem 0x000d0000-0x000d3fff window]
[    0.898582] pci_bus 0000:15: resource 8 [mem 0x000d4000-0x000d7fff window]
[    0.898586] pci_bus 0000:15: resource 9 [mem 0x000d8000-0x000dbfff window]
[    0.898589] pci_bus 0000:15: resource 10 [mem 0xc0000000-0xfebfffff window]
[    0.898593] pci_bus 0000:15: resource 11 [mem 0xfed40000-0xfed40fff window]
[    0.898597] pci_bus 0000:16: resource 0 [io  0x9000-0x90ff]
[    0.898600] pci_bus 0000:16: resource 1 [io  0x9400-0x94ff]
[    0.898604] pci_bus 0000:16: resource 2 [mem 0xe0000000-0xe3ffffff pref]
[    0.898608] pci_bus 0000:16: resource 3 [mem 0xc4000000-0xc7ffffff]
[    0.899072] NET: Registered protocol family 2
[    0.900204] tcp_listen_portaddr_hash hash table entries: 512 (order: 2, 20480 bytes)
[    0.900349] TCP established hash table entries: 8192 (order: 3, 32768 bytes)
[    0.900502] TCP bind hash table entries: 8192 (order: 6, 294912 bytes)
[    0.901045] TCP: Hash tables configured (established 8192 bind 8192)
[    0.902475] UDP hash table entries: 512 (order: 3, 40960 bytes)
[    0.902630] UDP-Lite hash table entries: 512 (order: 3, 40960 bytes)
[    0.902936] NET: Registered protocol family 1
[    0.903777] RPC: Registered named UNIX socket transport module.
[    0.903863] RPC: Registered udp transport module.
[    0.903942] RPC: Registered tcp transport module.
[    0.904021] RPC: Registered tcp NFSv4.1 backchannel transport module.
[    0.904667] pci 0000:00:02.0: Video device with shadowed ROM at [mem 0x000c0000-0x000dffff]
[    0.908911] PCI: CLS mismatch (64 != 32), using 64 bytes
[    0.909035] PCI-DMA: Using software bounce buffering for IO (SWIOTLB)
[    0.909122] software IO TLB: mapped [mem 0x31d00000-0x35d00000] (64MB)
[    0.911909] Initialise system trusted keyrings
[    0.912351] workingset: timestamp_bits=30 max_order=20 bucket_order=0
[    0.914405] Installing knfsd (copyright (C) 1996 okir@monad.swb.de).
[    0.914901] ntfs: driver 2.1.32 [Flags: R/W].
[    0.915203] fuse init (API version 7.29)
[    0.923997] Key type asymmetric registered
[    0.924084] Asymmetric key parser 'x509' registered
[    0.924296] bounce: pool size: 64 pages
[    0.924451] Block layer SCSI generic (bsg) driver version 0.4 loaded (major 249)
[    0.924553] io scheduler mq-deadline registered
[    0.924680] io scheduler bfq registered
[    0.927917] intel_idle: does not run on family 6 model 14
[    0.928374] ACPI: Deprecated procfs I/F for AC is loaded, please retry with CONFIG_ACPI_PROCFS_POWER cleared
[    0.928655] ACPI: AC Adapter [AC] (on-line)
[    0.929055] input: Lid Switch as /devices/LNXSYSTM:00/LNXSYBUS:00/PNP0C0D:00/input/input0
[    0.929339] ACPI: Lid Switch [LID]
[    0.929625] input: Sleep Button as /devices/LNXSYSTM:00/LNXSYBUS:00/PNP0C0E:00/input/input1
[    0.929793] ACPI: Sleep Button [SLPB]
[    0.930254] input: Power Button as /devices/LNXSYSTM:00/LNXPWRBN:00/input/input2
[    0.930398] ACPI: Power Button [PWRF]
[    0.930926] ACPI: Video Device [VID] (multi-head: yes  rom: no  post: no)
[    0.938657] acpi device:01: registered as cooling_device0
[    0.939126] input: Video Bus as /devices/LNXSYSTM:00/LNXSYBUS:00/PNP0A08:00/LNXVIDEO:00/input/input3
[    0.956110] thermal LNXTHERM:00: registered as thermal_zone0
[    0.956199] ACPI: Thermal Zone [THM0] (82 C)
[    0.960061] thermal LNXTHERM:01: registered as thermal_zone1
[    0.960148] ACPI: Thermal Zone [THM1] (80 C)
[    0.960660] Serial: 8250/16550 driver, 4 ports, IRQ sharing disabled
[    0.961445] serial8250: ttyS1 at I/O 0x2f8 (irq = 3, base_baud = 921600) is a NS16550A
[    0.963585] lp: driver loaded but no devices found
[    0.963917] Non-volatile memory driver v1.3
[    0.964356] intel_rng: FWH not detected
[    0.964551] Linux agpgart interface v0.103
[    0.965341] [drm] radeon kernel modesetting enabled.
[    0.966604] pci 0000:00:00.0: Intel 945GM Chipset
[    0.966745] pci 0000:00:00.0: detected gtt size: 262144K total, 262144K mappable
[    0.967446] pci 0000:00:00.0: detected 8192K stolen memory
[    0.967645] i915 0000:00:02.0: vgaarb: deactivate vga console
[    0.968899] Console: switching to colour dummy device 80x25
[    0.970861] [drm] Supports vblank timestamp caching Rev 2 (21.10.2013).
[    0.970994] [drm] Driver supports precise vblank timestamp query.
[    0.971040] resource sanity check: requesting [mem 0x000c0000-0x000dffff], which spans more than pnp 00:00 [mem 0x000c8000-0x000cbfff]
[    0.971107] caller pci_map_rom+0x75/0x1d0 mapping multiple BARs
[    0.975803] i915 0000:00:02.0: vgaarb: changed VGA decodes: olddecodes=io+mem,decodes=io+mem:owns=io+mem
[    0.993939] battery: ACPI: Deprecated procfs I/F for battery is loaded, please retry with CONFIG_ACPI_PROCFS_POWER cleared
[    0.994027] battery: ACPI: Battery Slot [BAT0] (battery present)
[    1.030120] random: fast init done
[    1.061751] [drm] RC6 disabled, disabling runtime PM support
[    1.061981] [drm] Initialized overlay support.
[    1.063715] [drm] Initialized i915 1.6.0 20190207 for 0000:00:02.0 on minor 0
[    1.064744] usbcore: registered new interface driver udl
[    1.078027] loop: module loaded
[    1.088380] fbcon: inteldrmfb (fb0) is primary device
[    1.103542] ahci 0000:00:1f.2: version 3.0
[    1.104324] ahci 0000:00:1f.2: AHCI 0001.0100 32 slots 4 ports 1.5 Gbps 0x1 impl SATA mode
[    1.104329] ahci 0000:00:1f.2: flags: 64bit ncq pm led clo pio slum part 
[    1.106706] scsi host0: ahci
[    1.107405] scsi host1: ahci
[    1.108048] scsi host2: ahci
[    1.108653] scsi host3: ahci
[    1.109025] ata1: SATA max UDMA/133 abar m1024@0xee444400 port 0xee444500 irq 16
[    1.109028] ata2: DUMMY
[    1.109029] ata3: DUMMY
[    1.109031] ata4: DUMMY
[    1.109215] ata_piix 0000:00:1f.1: version 2.13
[    1.112298] scsi host4: ata_piix
[    1.113507] scsi host5: ata_piix
[    1.113746] ata5: PATA max UDMA/100 cmd 0x1f0 ctl 0x3f6 bmdma 0x1810 irq 14
[    1.113749] ata6: PATA max UDMA/100 cmd 0x170 ctl 0x376 bmdma 0x1818 irq 15
[    1.114094] ata6: port disabled--ignoring
[    1.115240] tun: Universal TUN/TAP device driver, 1.6
[    1.115772] e1000e: Intel(R) PRO/1000 Network Driver - 3.2.6-k
[    1.115774] e1000e: Copyright(c) 1999 - 2015 Intel Corporation.
[    1.115886] e1000e 0000:02:00.0: Disabling ASPM  L1
[    1.115890] e1000e 0000:02:00.0: can't disable ASPM; OS doesn't have ASPM control
[    1.116682] e1000e 0000:02:00.0: Interrupt Throttling Rate (ints/sec) set to dynamic conservative mode
[    1.246910] e1000e 0000:02:00.0 eth0: (PCI Express:2.5GT/s:Width x1) 00:16:d3:25:19:04
[    1.246914] e1000e 0000:02:00.0 eth0: Intel(R) PRO/1000 Network Connection
[    1.246992] e1000e 0000:02:00.0 eth0: MAC: 2, PHY: 2, PBA No: 005302-003
[    1.247252] PPP generic driver version 2.4.2
[    1.247514] PPP BSD Compression module registered
[    1.247517] PPP Deflate Compression module registered
[    1.247520] SLIP: version 0.8.4-NET3.019-NEWTTY (dynamic channels, max=256).
[    1.247521] CSLIP: code copyright 1989 Regents of the University of California.
[    1.247609] iwl3945: Intel(R) PRO/Wireless 3945ABG/BG Network Connection driver for Linux, in-tree:ds
[    1.247611] iwl3945: Copyright(c) 2003-2011 Intel Corporation
[    1.247612] iwl3945: hw_scan is disabled
[    1.247830] iwl3945 0000:03:00.0: can't disable ASPM; OS doesn't have ASPM control
[    1.302758] iwl3945 0000:03:00.0: Tunable channels: 11 802.11bg, 13 802.11a channels
[    1.302761] iwl3945 0000:03:00.0: Detected Intel Wireless WiFi Link 3945ABG
[    1.303664] ieee80211 phy0: Selected rate control algorithm 'iwl-3945-rs'
[    1.304599] Intel(R) Wireless WiFi driver for Linux
[    1.304600] Copyright(c) 2003- 2015 Intel Corporation
[    1.304867] usbcore: registered new interface driver ax88179_178a
[    1.304909] usbcore: registered new interface driver cdc_ether
[    1.304951] usbcore: registered new interface driver net1080
[    1.304993] usbcore: registered new interface driver cdc_subset
[    1.305035] usbcore: registered new interface driver zaurus
[    1.305093] usbcore: registered new interface driver cdc_ncm
[    1.305178] pci 0000:00:1e.0: enabling device (0005 -> 0007)
[    1.305418] yenta_cardbus 0000:15:00.0: CardBus bridge found [17aa:201c]
[    1.430164] ata1: SATA link up 1.5 Gbps (SStatus 113 SControl 300)
[    1.542838] ata1.00: ACPI cmd ef/02:00:00:00:00:a0 (SET FEATURES) succeeded
[    1.542842] ata1.00: ACPI cmd f5/00:00:00:00:00:a0 (SECURITY FREEZE LOCK) filtered out
[    1.542846] ata1.00: ACPI cmd ef/10:03:00:00:00:a0 (SET FEATURES) filtered out
[    1.586898] ata1.00: ATA-9: ST1000LM014-1EJ164, SM11, max UDMA/133
[    1.586902] ata1.00: 1953525168 sectors, multi 16: LBA48 NCQ (depth 32), AA
[    1.631524] ata1.00: ACPI cmd ef/02:00:00:00:00:a0 (SET FEATURES) succeeded
[    1.631528] ata1.00: ACPI cmd f5/00:00:00:00:00:a0 (SECURITY FREEZE LOCK) filtered out
[    1.631532] ata1.00: ACPI cmd ef/10:03:00:00:00:a0 (SET FEATURES) filtered out
[    1.675646] ata1.00: configured for UDMA/133
[    1.829358] Console: switching to colour frame buffer device 102x42
[    1.950896] i915 0000:00:02.0: fb0: inteldrmfb frame buffer device
[    1.954250] scsi 0:0:0:0: Direct-Access     ATA      ST1000LM014-1EJ1 SM11 PQ: 0 ANSI: 5
[    1.957929] sd 0:0:0:0: [sda] 1953525168 512-byte logical blocks: (1.00 TB/932 GiB)
[    1.957991] sd 0:0:0:0: Attached scsi generic sg0 type 0
[    1.960527] sd 0:0:0:0: [sda] 4096-byte physical blocks
[    1.965628] sd 0:0:0:0: [sda] Write Protect is off
[    1.968122] sd 0:0:0:0: [sda] Mode Sense: 00 3a 00 00
[    1.968283] sd 0:0:0:0: [sda] Write cache: enabled, read cache: enabled, doesn't support DPO or FUA
[    1.973008]  sda: sda1 sda2 sda3 sda4
[    1.978995] sd 0:0:0:0: [sda] Attached SCSI disk
[    2.114907] yenta_cardbus 0000:15:00.0: ISA IRQ mask 0x0cb8, PCI irq 16
[    2.117496] yenta_cardbus 0000:15:00.0: Socket status: 30000006
[    2.120085] yenta_cardbus 0000:15:00.0: pcmcia: parent PCI bridge window: [io  0x9000-0xcfff]
[    2.122639] yenta_cardbus 0000:15:00.0: pcmcia: parent PCI bridge window: [mem 0xe4300000-0xe7ffffff]
[    2.125115] pcmcia_socket pcmcia_socket0: cs: memory probe 0xe4300000-0xe7ffffff:
[    2.127646]  excluding 0xe4300000-0xe46cffff
[    2.130169] yenta_cardbus 0000:15:00.0: pcmcia: parent PCI bridge window: [mem 0xe0000000-0xe3ffffff 64bit pref]
[    2.132792] pcmcia_socket pcmcia_socket0: cs: memory probe 0xe0000000-0xe3ffffff:
[    2.135496]  excluding 0xe0000000-0xe3ffffff
[    2.139140] ehci_hcd: USB 2.0 'Enhanced' Host Controller (EHCI) Driver
[    2.141790] ehci-pci: EHCI PCI platform driver
[    2.144971] ehci-pci 0000:00:1d.7: EHCI Host Controller
[    2.147970] ehci-pci 0000:00:1d.7: new USB bus registered, assigned bus number 1
[    2.150810] ehci-pci 0000:00:1d.7: debug port 1
[    2.157532] ehci-pci 0000:00:1d.7: cache line size of 64 is not supported
[    2.157589] ehci-pci 0000:00:1d.7: irq 19, io mem 0xee444000
[    2.174114] ehci-pci 0000:00:1d.7: USB 2.0 started, EHCI 1.00
[    2.177500] usb usb1: New USB device found, idVendor=1d6b, idProduct=0002, bcdDevice= 5.01
[    2.180458] usb usb1: New USB device strings: Mfr=3, Product=2, SerialNumber=1
[    2.183366] usb usb1: Product: EHCI Host Controller
[    2.186223] usb usb1: Manufacturer: Linux 5.1.0-rc4+ ehci_hcd
[    2.189044] usb usb1: SerialNumber: 0000:00:1d.7
[    2.192574] hub 1-0:1.0: USB hub found
[    2.195469] hub 1-0:1.0: 8 ports detected
[    2.200227] ohci_hcd: USB 1.1 'Open' Host Controller (OHCI) Driver
[    2.202969] ohci-pci: OHCI PCI platform driver
[    2.205714] uhci_hcd: USB Universal Host Controller Interface driver
[    2.208988] uhci_hcd 0000:00:1d.0: UHCI Host Controller
[    2.211957] uhci_hcd 0000:00:1d.0: new USB bus registered, assigned bus number 2
[    2.214733] uhci_hcd 0000:00:1d.0: detected 2 ports
[    2.217707] uhci_hcd 0000:00:1d.0: irq 16, io base 0x00001820
[    2.220813] usb usb2: New USB device found, idVendor=1d6b, idProduct=0001, bcdDevice= 5.01
[    2.223550] usb usb2: New USB device strings: Mfr=3, Product=2, SerialNumber=1
[    2.226261] usb usb2: Product: UHCI Host Controller
[    2.228943] usb usb2: Manufacturer: Linux 5.1.0-rc4+ uhci_hcd
[    2.231614] usb usb2: SerialNumber: 0000:00:1d.0
[    2.234780] hub 2-0:1.0: USB hub found
[    2.237441] hub 2-0:1.0: 2 ports detected
[    2.241385] uhci_hcd 0000:00:1d.1: UHCI Host Controller
[    2.244199] uhci_hcd 0000:00:1d.1: new USB bus registered, assigned bus number 3
[    2.246797] uhci_hcd 0000:00:1d.1: detected 2 ports
[    2.249357] uhci_hcd 0000:00:1d.1: irq 17, io base 0x00001840
[    2.252284] usb usb3: New USB device found, idVendor=1d6b, idProduct=0001, bcdDevice= 5.01
[    2.254874] usb usb3: New USB device strings: Mfr=3, Product=2, SerialNumber=1
[    2.257320] usb usb3: Product: UHCI Host Controller
[    2.259683] usb usb3: Manufacturer: Linux 5.1.0-rc4+ uhci_hcd
[    2.262005] usb usb3: SerialNumber: 0000:00:1d.1
[    2.264899] hub 3-0:1.0: USB hub found
[    2.267284] hub 3-0:1.0: 2 ports detected
[    2.270718] uhci_hcd 0000:00:1d.2: UHCI Host Controller
[    2.273181] uhci_hcd 0000:00:1d.2: new USB bus registered, assigned bus number 4
[    2.275482] uhci_hcd 0000:00:1d.2: detected 2 ports
[    2.277777] uhci_hcd 0000:00:1d.2: irq 18, io base 0x00001860
[    2.280474] usb usb4: New USB device found, idVendor=1d6b, idProduct=0001, bcdDevice= 5.01
[    2.282814] usb usb4: New USB device strings: Mfr=3, Product=2, SerialNumber=1
[    2.285101] usb usb4: Product: UHCI Host Controller
[    2.287361] usb usb4: Manufacturer: Linux 5.1.0-rc4+ uhci_hcd
[    2.289621] usb usb4: SerialNumber: 0000:00:1d.2
[    2.292494] hub 4-0:1.0: USB hub found
[    2.294861] hub 4-0:1.0: 2 ports detected
[    2.298264] uhci_hcd 0000:00:1d.3: UHCI Host Controller
[    2.300739] uhci_hcd 0000:00:1d.3: new USB bus registered, assigned bus number 5
[    2.303047] uhci_hcd 0000:00:1d.3: detected 2 ports
[    2.305305] uhci_hcd 0000:00:1d.3: irq 19, io base 0x00001880
[    2.307940] usb usb5: New USB device found, idVendor=1d6b, idProduct=0001, bcdDevice= 5.01
[    2.310257] usb usb5: New USB device strings: Mfr=3, Product=2, SerialNumber=1
[    2.312528] usb usb5: Product: UHCI Host Controller
[    2.314813] usb usb5: Manufacturer: Linux 5.1.0-rc4+ uhci_hcd
[    2.317045] usb usb5: SerialNumber: 0000:00:1d.3
[    2.319854] hub 5-0:1.0: USB hub found
[    2.322139] hub 5-0:1.0: 2 ports detected
[    2.325215] usbcore: registered new interface driver cdc_acm
[    2.327384] cdc_acm: USB Abstract Control Model driver for USB modems and ISDN adapters
[    2.329678] usbcore: registered new interface driver usblp
[    2.332059] usbcore: registered new interface driver usb-storage
[    2.334343] usbcore: registered new interface driver ums-sddr09
[    2.336664] usbcore: registered new interface driver usbserial_generic
[    2.338900] usbserial: USB Serial support registered for generic
[    2.341136] usbcore: registered new interface driver ch341
[    2.343320] usbserial: USB Serial support registered for ch341-uart
[    2.345531] usbcore: registered new interface driver ftdi_sio
[    2.347721] usbserial: USB Serial support registered for FTDI USB Serial Device
[    2.350045] usbcore: registered new interface driver option
[    2.352295] usbserial: USB Serial support registered for GSM modem (1-port)
[    2.354710] usbcore: registered new interface driver pl2303
[    2.357043] usbserial: USB Serial support registered for pl2303
[    2.359437] usbcore: registered new interface driver ti_usb_3410_5052
[    2.361805] usbserial: USB Serial support registered for TI USB 3410 1 port adapter
[    2.364238] usbserial: USB Serial support registered for TI USB 5052 2 port adapter
[    2.366610] ftdi_elan: driver ftdi-elan
[    2.368927] usbcore: registered new interface driver ftdi-elan
[    2.371427] i8042: PNP: PS/2 Controller [PNP0303:KBD,PNP0f13:MOU] at 0x60,0x64 irq 1,12
[    2.384253] serio: i8042 KBD port at 0x60,0x64 irq 1
[    2.386666] serio: i8042 AUX port at 0x60,0x64 irq 12
[    2.389850] mousedev: PS/2 mouse device common for all mice
[    2.393299] input: PC Speaker as /devices/platform/pcspkr/input/input4
[    2.396370] rtc_cmos 00:02: RTC can wake from S4
[    2.399326] rtc_cmos 00:02: registered as rtc0
[    2.401860] rtc_cmos 00:02: alarms up to one month, y3k, 114 bytes nvram, hpet irqs
[    2.404496] usbcore: registered new interface driver uvcvideo
[    2.406959] USB Video Class driver (1.1.1)
[    2.409342] gspca_main: v2.14.0 registered
[    2.411807] usbcore: registered new interface driver sq930x
[    2.415432] device-mapper: ioctl: 4.40.0-ioctl (2019-01-18) initialised: dm-devel@redhat.com
[    2.417919] Bluetooth: HCI UART driver ver 2.3
[    2.418471] input: AT Translated Set 2 keyboard as /devices/platform/i8042/serio0/input/input5
[    2.420434] Bluetooth: HCI UART protocol H4 registered
[    2.425713] Bluetooth: HCI UART protocol BCSP registered
[    2.428418] usbcore: registered new interface driver btusb
[    2.431056] intel_pstate: CPU model not supported
[    2.433656] sdhci: Secure Digital Host Controller Interface driver
[    2.436257] sdhci: Copyright(c) Pierre Ossman
[    2.438926] sdhci-pci 0000:15:00.2: SDHCI controller found [1180:0822] (rev 18)
[    2.442008] sdhci-pci 0000:15:00.2: Will use DMA mode even though HW doesn't fully claim to support it.
[    2.445307] mmc0 bounce up to 128 segments into one, max segment size 65536 bytes
[    2.448139] sdhci-pci 0000:15:00.2: Will use DMA mode even though HW doesn't fully claim to support it.
[    2.451521] mmc0: SDHCI controller on PCI [0000:15:00.2] using DMA
[    2.454639] hidraw: raw HID events driver (C) Jiri Kosina
[    2.458798] usbcore: registered new interface driver usbhid
[    2.461653] usbhid: USB HID core driver
[    2.465362] thinkpad_acpi: ThinkPad ACPI Extras v0.26
[    2.468164] thinkpad_acpi: http://ibm-acpi.sf.net/
[    2.470917] thinkpad_acpi: ThinkPad BIOS 7BETD8WW (2.19 ), EC 7BHT40WW-1.13
[    2.473671] thinkpad_acpi: Lenovo ThinkPad X60, model 17097HU
[    2.482659] thinkpad_acpi: ACPI backlight control delay disabled
[    2.485955] thinkpad_acpi: radio switch found; radios are enabled
[    2.488761] thinkpad_acpi: This ThinkPad has standard ACPI backlight brightness control, supported by the ACPI video driver
[    2.494460] thinkpad_acpi: Disabling thinkpad-acpi brightness events by default...
[    2.508713] thinkpad_acpi: rfkill switch tpacpi_bluetooth_sw: radio is unblocked
[    2.514283] thinkpad_acpi: warning: userspace override of important firmware LEDs is enabled
[    2.522865] thinkpad_acpi: Standard ACPI backlight interface available, not loading native one
[    2.525838] thinkpad_acpi: volume: disabled as there is no ALSA support in this kernel
[    2.529543] thinkpad_acpi: battery 1 registered (start 0, stop 0)
[    2.529551] battery: new extension: ThinkPad Battery Extension
[    2.535740] input: ThinkPad Extra Buttons as /devices/platform/thinkpad_acpi/input/input8
[    2.538933] sdhci-pci 0000:15:00.2: Will use DMA mode even though HW doesn't fully claim to support it.
[    2.547433] snd_hda_intel 0000:00:1b.0: probe_mask set to 0x1 for device 17aa:2010
[    2.551038] usbcore: registered new interface driver snd-usb-audio
[    2.556318] NET: Registered protocol family 17
[    2.559936] Bluetooth: RFCOMM TTY layer initialized
[    2.563019] Bluetooth: RFCOMM socket layer initialized
[    2.565997] Bluetooth: RFCOMM ver 1.11
[    2.568910] Bluetooth: BNEP (Ethernet Emulation) ver 1.3
[    2.571855] Bluetooth: BNEP filters: protocol multicast
[    2.574839] Bluetooth: BNEP socket layer initialized
[    2.577780] Bluetooth: HIDP (Human Interface Emulation) ver 1.2
[    2.580659] Bluetooth: HIDP socket layer initialized
[    2.583862] microcode: sig=0x6e8, pf=0x20, revision=0x39
[    2.587048] microcode: Microcode Update Driver: v2.2.
[    2.587053] Using IPI No-Shortcut mode
[    2.593683] Loading compiled-in X.509 certificates
[    2.597717] Key type encrypted registered
[    2.606575] snd_hda_codec_analog hdaudioC0D0: autoconfig for AD1981: line_outs=1 (0x5/0x0/0x0/0x0/0x0) type:speaker
[    2.612055] snd_hda_codec_analog hdaudioC0D0:    speaker_outs=0 (0x0/0x0/0x0/0x0/0x0)
[    2.614978] snd_hda_codec_analog hdaudioC0D0:    hp_outs=0 (0x0/0x0/0x0/0x0/0x0)
[    2.615022] sdhci-pci 0000:15:00.2: Will use DMA mode even though HW doesn't fully claim to support it.
[    2.617789] snd_hda_codec_analog hdaudioC0D0:    mono: mono_out=0x0
[    2.623682] snd_hda_codec_analog hdaudioC0D0:    inputs:
[    2.626572] snd_hda_codec_analog hdaudioC0D0:      Mic=0x8
[    2.629424] snd_hda_codec_analog hdaudioC0D0:      CD=0x19
[    2.642388] rtc_cmos 00:02: setting system clock to 2019-04-08T19:21:10 UTC (1554751270)
[    2.648897] cfg80211: Loading compiled-in X.509 certificates for regulatory database
[    2.654723] cfg80211: Loaded X.509 cert 'sforshee: 00b28ddf47aef9cea7'
[    2.658008] platform regulatory.0: Direct firmware load for regulatory.db failed with error -2
[    2.661761] cfg80211: failed to load regulatory.db
[    2.682626] sdhci-pci 0000:15:00.2: Will use DMA mode even though HW doesn't fully claim to support it.
[    2.738728] PM: Image not found (code -22)
[    2.738772] ALSA device list:
[    2.743640]   #0: HDA Intel at 0xee240000 irq 17
[    2.763532] sdhci-pci 0000:15:00.2: Will use DMA mode even though HW doesn't fully claim to support it.
[    2.794162] usb 5-1: new full-speed USB device number 2 using uhci_hcd
[    2.983723] usb 5-1: New USB device found, idVendor=0a5c, idProduct=2110, bcdDevice= 1.00
[    2.988856] usb 5-1: New USB device strings: Mfr=1, Product=2, SerialNumber=0
[    2.993848] usb 5-1: Product: BCM2045B
[    2.998694] usb 5-1: Manufacturer: Broadcom Corp
[    3.135822] psmouse serio1: trackpoint: IBM TrackPoint firmware: 0x0e, buttons: 3/3
[    3.157944] input: TPPS/2 IBM TrackPoint as /devices/platform/i8042/serio1/input/input7
[    3.167980] md: Waiting for all devices to be available before autodetect
[    3.171872] md: If you don't use raid, use raid=noautodetect
[    3.176715] md: Autodetecting RAID arrays.
[    3.179706] md: autorun ...
[    3.182671] md: ... autorun DONE.
[    3.393138] EXT4-fs (sda4): mounted filesystem with ordered data mode. Opts: (null)
[    3.398555] VFS: Mounted root (ext4 filesystem) readonly on device 8:4.
[    3.404513] devtmpfs: mounted
[    3.408220] Freeing unused kernel image memory: 640K
[    3.418326] Write protecting kernel text and read-only data: 17272k
[    3.422398] NX-protecting the kernel data: 8024k
[    3.427591] x86/mm: Checked W+X mappings: passed, no W+X pages found.
[    3.430629] rodata_test: all tests were successful
[    3.433609] x86/mm: Checking user space page tables
[    3.436590] x86/mm: Checked W+X mappings: passed, no W+X pages found.
[    3.439532] Run /sbin/init as init process
[    3.686158] usb 5-2: new full-speed USB device number 3 using uhci_hcd
[    3.830944] random: systemd: uninitialized urandom read (16 bytes read)
[    3.837960] systemd[1]: systemd 215 running in system mode. (+PAM +AUDIT +SELINUX +IMA +SYSVINIT +LIBCRYPTSETUP +GCRYPT +ACL +XZ -SECCOMP -APPARMOR)
[    3.866333] systemd[1]: Detected architecture 'x86'.
[    3.890715] usb 5-2: New USB device found, idVendor=0483, idProduct=2016, bcdDevice= 0.01
[    3.896283] usb 5-2: New USB device strings: Mfr=1, Product=2, SerialNumber=0
[    3.901770] usb 5-2: Product: Biometric Coprocessor
[    3.907115] usb 5-2: Manufacturer: STMicroelectronics
[    4.002367] systemd[1]: Failed to insert module 'ipv6'
[    4.018814] systemd[1]: Set hostname to <amd>.
[    4.070389] random: systemd-sysv-ge: uninitialized urandom read (16 bytes read)
[    4.637175] random: systemd-sysv-ge: uninitialized urandom read (16 bytes read)
[    5.093172] systemd[1]: Binding to IPv6 address not available since kernel does not support IPv6.
[    5.098054] systemd[1]: [/lib/systemd/system/gpsd.socket:6] Failed to parse address value, ignoring: [::1]:2947
[    5.116880] systemd[1]: Starting Forward Password Requests to Wall Directory Watch.
[    5.121362] systemd[1]: Started Forward Password Requests to Wall Directory Watch.
[    5.125115] systemd[1]: Starting Remote File Systems (Pre).
[    5.133697] systemd[1]: Reached target Remote File Systems (Pre).
[    5.778344] systemd-udevd[2378]: starting version 215
[    6.402153] random: crng init done
[    6.405874] random: 7 urandom warning(s) missed due to ratelimiting
[    6.849078] EXT4-fs (sda4): re-mounted. Opts: errors=remount-ro
[    7.248210] e1000e 0000:02:00.0 eth1: renamed from eth0
[    7.263052] systemd-udevd[2441]: renamed network interface eth0 to eth1
[    8.613771] Adding 2097148k swap on /dev/sda1.  Priority:-2 extents:1 across:2097148k 
[    9.140107] EXT4-fs (sda2): mounted filesystem with ordered data mode. Opts: errors=remount-ro
[    9.247773] systemd-journald[2092]: Received request to flush runtime journal from PID 1
[   17.880711] iwl3945 0000:03:00.0: loaded firmware version 15.32.2.9
[   30.263478] wlan0: authenticate with f0:9f:c2:ca:95:2a
[   30.270789] wlan0: send auth to f0:9f:c2:ca:95:2a (try 1/3)
[   30.272868] wlan0: authenticated
[   30.274197] wlan0: associate with f0:9f:c2:ca:95:2a (try 1/3)
[   30.277858] wlan0: RX AssocResp from f0:9f:c2:ca:95:2a (capab=0x411 status=0 aid=1)
[   30.279748] wlan0: associated
