[    0.000000] Linux version 4.19.0-rc7 (pavel@duo) (gcc version 4.9.2 (Debian 4.9.2-10+deb8u1)) #13 SMP Tue Oct 9 10:57:20 CEST 2018
[    0.000000] Command line: BOOT_IMAGE=(hd1,2)/l/linux-64/arch/x86/boot/bzImage root=/dev/sdb4 resume=/dev/sda1
[    0.000000] Disabled fast string operations
[    0.000000] x86/fpu: Supporting XSAVE feature 0x001: 'x87 floating point registers'
[    0.000000] x86/fpu: Supporting XSAVE feature 0x002: 'SSE registers'
[    0.000000] x86/fpu: Supporting XSAVE feature 0x004: 'AVX registers'
[    0.000000] x86/fpu: xstate_offset[2]:  576, xstate_sizes[2]:  256
[    0.000000] x86/fpu: Enabled xstate features 0x7, context size is 832 bytes, using 'standard' format.
[    0.000000] BIOS-provided physical RAM map:
[    0.000000] BIOS-e820: [mem 0x0000000000000000-0x000000000009d7ff] usable
[    0.000000] BIOS-e820: [mem 0x000000000009d800-0x000000000009ffff] reserved
[    0.000000] BIOS-e820: [mem 0x00000000000e0000-0x00000000000fffff] reserved
[    0.000000] BIOS-e820: [mem 0x0000000000100000-0x000000001fffffff] usable
[    0.000000] BIOS-e820: [mem 0x0000000020000000-0x00000000201fffff] reserved
[    0.000000] BIOS-e820: [mem 0x0000000020200000-0x000000003fffffff] usable
[    0.000000] BIOS-e820: [mem 0x0000000040000000-0x00000000401fffff] reserved
[    0.000000] BIOS-e820: [mem 0x0000000040200000-0x00000000da99efff] usable
[    0.000000] BIOS-e820: [mem 0x00000000da99f000-0x00000000dae9efff] reserved
[    0.000000] BIOS-e820: [mem 0x00000000dae9f000-0x00000000daf9efff] ACPI NVS
[    0.000000] BIOS-e820: [mem 0x00000000daf9f000-0x00000000daffefff] ACPI data
[    0.000000] BIOS-e820: [mem 0x00000000dafff000-0x00000000daffffff] usable
[    0.000000] BIOS-e820: [mem 0x00000000db000000-0x00000000df9fffff] reserved
[    0.000000] BIOS-e820: [mem 0x00000000f8000000-0x00000000fbffffff] reserved
[    0.000000] BIOS-e820: [mem 0x00000000fec00000-0x00000000fec00fff] reserved
[    0.000000] BIOS-e820: [mem 0x00000000fed08000-0x00000000fed08fff] reserved
[    0.000000] BIOS-e820: [mem 0x00000000fed10000-0x00000000fed19fff] reserved
[    0.000000] BIOS-e820: [mem 0x00000000fed1c000-0x00000000fed1ffff] reserved
[    0.000000] BIOS-e820: [mem 0x00000000fee00000-0x00000000fee00fff] reserved
[    0.000000] BIOS-e820: [mem 0x00000000ffd20000-0x00000000ffffffff] reserved
[    0.000000] BIOS-e820: [mem 0x0000000100000000-0x000000019e5fffff] usable
[    0.000000] BIOS-e820: [mem 0x000000019e600000-0x000000019e7fffff] reserved
[    0.000000] NX (Execute Disable) protection: active
[    0.000000] SMBIOS 2.6 present.
[    0.000000] DMI: LENOVO 42872WU/42872WU, BIOS 8DET74WW (1.44 ) 03/13/2018
[    0.000000] tsc: Fast TSC calibration using PIT
[    0.000000] tsc: Detected 2491.968 MHz processor
[    0.001589] e820: update [mem 0x00000000-0x00000fff] usable ==> reserved
[    0.001595] e820: remove [mem 0x000a0000-0x000fffff] usable
[    0.001604] last_pfn = 0x19e600 max_arch_pfn = 0x400000000
[    0.001609] MTRR default type: uncachable
[    0.001611] MTRR fixed ranges enabled:
[    0.001613]   00000-9FFFF write-back
[    0.001614]   A0000-BFFFF uncachable
[    0.001616]   C0000-FFFFF write-protect
[    0.001617] MTRR variable ranges enabled:
[    0.001619]   0 base 0FFC00000 mask FFFC00000 write-protect
[    0.001621]   1 base 000000000 mask F80000000 write-back
[    0.001622]   2 base 080000000 mask FC0000000 write-back
[    0.001623]   3 base 0C0000000 mask FE0000000 write-back
[    0.001625]   4 base 0DC000000 mask FFC000000 uncachable
[    0.001626]   5 base 0DB000000 mask FFF000000 uncachable
[    0.001628]   6 base 100000000 mask F80000000 write-back
[    0.001629]   7 base 180000000 mask FE0000000 write-back
[    0.001630]   8 base 19F000000 mask FFF000000 uncachable
[    0.001632]   9 base 19E800000 mask FFF800000 uncachable
[    0.002390] x86/PAT: Configuration [0-7]: WB  WC  UC- UC  WB  WP  UC- WT  
[    0.003637] last_pfn = 0xdb000 max_arch_pfn = 0x400000000
[    0.003661] Base memory trampoline at [(____ptrval____)] 97000 size 24576
[    0.003663] reserving inaccessible SNB gfx pages
[    0.003668] BRK [0x06601000, 0x06601fff] PGTABLE
[    0.003671] BRK [0x06602000, 0x06602fff] PGTABLE
[    0.003673] BRK [0x06603000, 0x06603fff] PGTABLE
[    0.003737] BRK [0x06604000, 0x06604fff] PGTABLE
[    0.003892] BRK [0x06605000, 0x06605fff] PGTABLE
[    0.004166] BRK [0x06606000, 0x06606fff] PGTABLE
[    0.004674] ACPI: Early table checksum verification disabled
[    0.004724] ACPI: RSDP 0x00000000000F00E0 000024 (v02 LENOVO)
[    0.004730] ACPI: XSDT 0x00000000DAFFE120 0000AC (v01 LENOVO TP-8D    00001440 PTEC 00000002)
[    0.004738] ACPI: FACP 0x00000000DAFE7000 0000F4 (v04 LENOVO TP-8D    00001440 PTL  00000002)
[    0.004746] ACPI: DSDT 0x00000000DAFEA000 00FA89 (v01 LENOVO TP-8D    00001440 INTL 20061109)
[    0.004753] ACPI: FACS 0x00000000DAF2D000 000040
[    0.004758] ACPI: FACS 0x00000000DAF2D000 000040
[    0.004763] ACPI: SLIC 0x00000000DAFFD000 000176 (v01 LENOVO TP-8D    00001440 PTEC 00000001)
[    0.004769] ACPI: SSDT 0x00000000DAFFC000 000249 (v01 LENOVO TP-SSDT2 00000200 INTL 20061109)
[    0.004774] ACPI: SSDT 0x00000000DAFFB000 000033 (v01 LENOVO TP-SSDT1 00000100 INTL 20061109)
[    0.004780] ACPI: SSDT 0x00000000DAFFA000 0007D1 (v01 LENOVO SataAhci 00001000 INTL 20061109)
[    0.004786] ACPI: HPET 0x00000000DAFE6000 000038 (v01 LENOVO TP-8D    00001440 PTL  00000002)
[    0.004791] ACPI: APIC 0x00000000DAFE5000 000098 (v01 LENOVO TP-8D    00001440 PTL  00000002)
[    0.004797] ACPI: MCFG 0x00000000DAFE4000 00003C (v01 LENOVO TP-8D    00001440 PTL  00000002)
[    0.004802] ACPI: ECDT 0x00000000DAFE3000 000052 (v01 LENOVO TP-8D    00001440 PTL  00000002)
[    0.004808] ACPI: ASF! 0x00000000DAFE9000 0000A5 (v32 LENOVO TP-8D    00001440 PTL  00000002)
[    0.004814] ACPI: TCPA 0x00000000DAFE2000 000032 (v02 PTL    LENOVO   06040000 LNVO 00000001)
[    0.004819] ACPI: SSDT 0x00000000DAFE1000 000A27 (v01 PmRef  Cpu0Ist  00003000 INTL 20061109)
[    0.004825] ACPI: SSDT 0x00000000DAFE0000 000996 (v01 PmRef  CpuPm    00003000 INTL 20061109)
[    0.004831] ACPI: DMAR 0x00000000DAFDF000 0000E8 (v01 INTEL  SNB      00000001 INTL 00000001)
[    0.004837] ACPI: UEFI 0x00000000DAFDE000 00003E (v01 LENOVO TP-8D    00001440 PTL  00000002)
[    0.004842] ACPI: UEFI 0x00000000DAFDD000 000042 (v01 PTL    COMBUF   00000001 PTL  00000001)
[    0.004848] ACPI: UEFI 0x00000000DAFDC000 000292 (v01 LENOVO TP-8D    00001440 PTL  00000002)
[    0.004857] ACPI: Local APIC address 0xfee00000
[    0.004904] Zone ranges:
[    0.004906]   DMA      [mem 0x0000000000001000-0x0000000000ffffff]
[    0.004909]   DMA32    [mem 0x0000000001000000-0x00000000ffffffff]
[    0.004912]   Normal   [mem 0x0000000100000000-0x000000019e5fffff]
[    0.004915] Movable zone start for each node
[    0.004917] Early memory node ranges
[    0.004919]   node   0: [mem 0x0000000000001000-0x000000000009cfff]
[    0.004921]   node   0: [mem 0x0000000000100000-0x000000001fffffff]
[    0.004923]   node   0: [mem 0x0000000020200000-0x000000003fffffff]
[    0.004925]   node   0: [mem 0x0000000040200000-0x00000000da99efff]
[    0.004927]   node   0: [mem 0x00000000dafff000-0x00000000daffffff]
[    0.004929]   node   0: [mem 0x0000000100000000-0x000000019e5fffff]
[    0.005368] Reserved but unavailable: 23748 pages
[    0.005371] Initmem setup node 0 [mem 0x0000000000001000-0x000000019e5fffff]
[    0.005374] On node 0 totalpages: 1542972
[    0.005376]   DMA zone: 56 pages used for memmap
[    0.005377]   DMA zone: 156 pages reserved
[    0.005379]   DMA zone: 3996 pages, LIFO batch:0
[    0.005459]   DMA32 zone: 12172 pages used for memmap
[    0.005460]   DMA32 zone: 890272 pages, LIFO batch:63
[    0.023238]   Normal zone: 8869 pages used for memmap
[    0.023241]   Normal zone: 648704 pages, LIFO batch:63
[    0.035566] Reserving Intel graphics memory at [mem 0xdba00000-0xdf9fffff]
[    0.035740] ACPI: PM-Timer IO Port: 0x408
[    0.035744] ACPI: Local APIC address 0xfee00000
[    0.035751] ACPI: LAPIC_NMI (acpi_id[0x00] high edge lint[0x1])
[    0.035753] ACPI: LAPIC_NMI (acpi_id[0x01] high edge lint[0x1])
[    0.035771] IOAPIC[0]: apic_id 2, version 32, address 0xfec00000, GSI 0-23
[    0.035775] ACPI: INT_SRC_OVR (bus 0 bus_irq 0 global_irq 2 dfl dfl)
[    0.035777] ACPI: INT_SRC_OVR (bus 0 bus_irq 9 global_irq 9 high level)
[    0.035781] ACPI: IRQ0 used by override.
[    0.035783] ACPI: IRQ9 used by override.
[    0.035786] Using ACPI (MADT) for SMP configuration information
[    0.035789] ACPI: HPET id: 0x8086a301 base: 0xfed00000
[    0.035795] smpboot: Allowing 8 CPUs, 4 hotplug CPUs
[    0.035822] PM: Registered nosave memory: [mem 0x00000000-0x00000fff]
[    0.035825] PM: Registered nosave memory: [mem 0x0009d000-0x0009dfff]
[    0.035827] PM: Registered nosave memory: [mem 0x0009e000-0x0009ffff]
[    0.035828] PM: Registered nosave memory: [mem 0x000a0000-0x000dffff]
[    0.035830] PM: Registered nosave memory: [mem 0x000e0000-0x000fffff]
[    0.035833] PM: Registered nosave memory: [mem 0x20000000-0x201fffff]
[    0.035836] PM: Registered nosave memory: [mem 0x40000000-0x401fffff]
[    0.035839] PM: Registered nosave memory: [mem 0xda99f000-0xdae9efff]
[    0.035840] PM: Registered nosave memory: [mem 0xdae9f000-0xdaf9efff]
[    0.035842] PM: Registered nosave memory: [mem 0xdaf9f000-0xdaffefff]
[    0.035845] PM: Registered nosave memory: [mem 0xdb000000-0xdf9fffff]
[    0.035847] PM: Registered nosave memory: [mem 0xdfa00000-0xf7ffffff]
[    0.035849] PM: Registered nosave memory: [mem 0xf8000000-0xfbffffff]
[    0.035851] PM: Registered nosave memory: [mem 0xfc000000-0xfebfffff]
[    0.035852] PM: Registered nosave memory: [mem 0xfec00000-0xfec00fff]
[    0.035854] PM: Registered nosave memory: [mem 0xfec01000-0xfed07fff]
[    0.035856] PM: Registered nosave memory: [mem 0xfed08000-0xfed08fff]
[    0.035858] PM: Registered nosave memory: [mem 0xfed09000-0xfed0ffff]
[    0.035860] PM: Registered nosave memory: [mem 0xfed10000-0xfed19fff]
[    0.035862] PM: Registered nosave memory: [mem 0xfed1a000-0xfed1bfff]
[    0.035863] PM: Registered nosave memory: [mem 0xfed1c000-0xfed1ffff]
[    0.035865] PM: Registered nosave memory: [mem 0xfed20000-0xfedfffff]
[    0.035867] PM: Registered nosave memory: [mem 0xfee00000-0xfee00fff]
[    0.035869] PM: Registered nosave memory: [mem 0xfee01000-0xffd1ffff]
[    0.035871] PM: Registered nosave memory: [mem 0xffd20000-0xffffffff]
[    0.035875] [mem 0xdfa00000-0xf7ffffff] available for PCI devices
[    0.035878] clocksource: refined-jiffies: mask: 0xffffffff max_cycles: 0xffffffff, max_idle_ns: 7645519600211568 ns
[    0.035893] random: get_random_bytes called from start_kernel+0x97/0x3c6 with crng_init=0
[    0.035900] setup_percpu: NR_CPUS:8 nr_cpumask_bits:8 nr_cpu_ids:8 nr_node_ids:1
[    0.037401] percpu: Embedded 43 pages/cpu @(____ptrval____) s137736 r8192 d30200 u262144
[    0.037409] pcpu-alloc: s137736 r8192 d30200 u262144 alloc=1*2097152
[    0.037411] pcpu-alloc: [0] 0 1 2 3 4 5 6 7 
[    0.037443] Built 1 zonelists, mobility grouping on.  Total pages: 1521719
[    0.037448] Kernel command line: BOOT_IMAGE=(hd1,2)/l/linux-64/arch/x86/boot/bzImage root=/dev/sdb4 resume=/dev/sda1
[    0.041312] Dentry cache hash table entries: 1048576 (order: 11, 8388608 bytes)
[    0.043218] Inode-cache hash table entries: 524288 (order: 10, 4194304 bytes)
[    0.316711] Memory: 5964496K/6171888K available (16396K kernel code, 1120K rwdata, 5248K rodata, 1008K init, 12024K bss, 207392K reserved, 0K cma-reserved)
[    0.316858] Kernel/User page tables isolation: enabled
[    0.317083] rcu: Hierarchical RCU implementation.
[    0.317117] NR_IRQS: 4352, nr_irqs: 104, preallocated irqs: 16
[    0.318975] Console: colour VGA+ 80x25
[    0.327417] console [tty0] enabled
[    0.327474] Lock dependency validator: Copyright (c) 2006 Red Hat, Inc., Ingo Molnar
[    0.327545] ... MAX_LOCKDEP_SUBCLASSES:  8
[    0.327603] ... MAX_LOCK_DEPTH:          48
[    0.327662] ... MAX_LOCKDEP_KEYS:        8191
[    0.327721] ... CLASSHASH_SIZE:          4096
[    0.327781] ... MAX_LOCKDEP_ENTRIES:     32768
[    0.327840] ... MAX_LOCKDEP_CHAINS:      65536
[    0.327900] ... CHAINHASH_SIZE:          32768
[    0.327960]  memory used by lock dependency info: 7359 kB
[    0.328022]  per task-struct memory footprint: 1920 bytes
[    0.328416] ACPI: Core revision 20180810
[    0.328844] clocksource: hpet: mask: 0xffffffff max_cycles: 0xffffffff, max_idle_ns: 133484882848 ns
[    0.328946] hpet clockevent registered
[    0.328953] APIC: Switch to symmetric I/O mode setup
[    0.329473] ..TIMER: vector=0x30 apic1=0 pin1=2 apic2=-1 pin2=-1
[    0.348951] clocksource: tsc-early: mask: 0xffffffffffffffff max_cycles: 0x23eb9644b6f, max_idle_ns: 440795317443 ns
[    0.349047] Calibrating delay loop (skipped), value calculated using timer frequency.. 4983.93 BogoMIPS (lpj=9967872)
[    0.349141] pid_max: default: 32768 minimum: 301
[    0.349357] Mount-cache hash table entries: 16384 (order: 5, 131072 bytes)
[    0.349443] Mountpoint-cache hash table entries: 16384 (order: 5, 131072 bytes)
[    0.349889] Disabled fast string operations
[    0.349955] ENERGY_PERF_BIAS: Set to 'normal', was 'performance'
[    0.350020] ENERGY_PERF_BIAS: View and update with x86_energy_perf_policy(8)
[    0.350092] process: using mwait in idle threads
[    0.350155] Last level iTLB entries: 4KB 512, 2MB 8, 4MB 8
[    0.350219] Last level dTLB entries: 4KB 512, 2MB 32, 4MB 32, 1GB 0
[    0.350286] Spectre V2 : Mitigation: Full generic retpoline
[    0.350349] Spectre V2 : Spectre v2 / SpectreRSB mitigation: Filling RSB on context switch
[    0.350422] Spectre V2 : Spectre v2 mitigation: Enabling Indirect Branch Prediction Barrier
[    0.350496] Spectre V2 : Enabling Restricted Speculation for firmware calls
[    0.350564] Speculative Store Bypass: Vulnerable
[    0.350797] Freeing SMP alternatives memory: 44K
[    0.351930] TSC deadline timer enabled
[    0.351934] smpboot: CPU0: Intel(R) Core(TM) i5-2520M CPU @ 2.50GHz (family: 0x6, model: 0x2a, stepping: 0x7)
[    0.352336] Performance Events: PEBS fmt1+, SandyBridge events, 16-deep LBR, full-width counters, Intel PMU driver.
[    0.352458] ... version:                3
[    0.352517] ... bit width:              48
[    0.352576] ... generic registers:      4
[    0.352635] ... value mask:             0000ffffffffffff
[    0.352698] ... max period:             00007fffffffffff
[    0.353046] ... fixed-purpose events:   3
[    0.353046] ... event mask:             000000070000000f
[    0.353046] rcu: Hierarchical SRCU implementation.
[    0.353046] NMI watchdog: Enabled. Permanently consumes one hw-PMU counter.
[    0.353046] smp: Bringing up secondary CPUs ...
[    0.353251] x86: Booting SMP configuration:
[    0.353314] .... node  #0, CPUs:      #1
[    0.015699] Disabled fast string operations
[    0.355697]  #2
[    0.015699] Disabled fast string operations
[    0.357536]  #3
[    0.015699] Disabled fast string operations
[    0.359950] smp: Brought up 1 node, 4 CPUs
[    0.359950] smpboot: Max logical packages: 2
[    0.359950] smpboot: Total of 4 processors activated (19935.74 BogoMIPS)
[    0.361325] devtmpfs: initialized
[    0.361540] PM: Registering ACPI NVS region [mem 0xdae9f000-0xdaf9efff] (1048576 bytes)
[    0.361873] clocksource: jiffies: mask: 0xffffffff max_cycles: 0xffffffff, max_idle_ns: 7645041785100000 ns
[    0.361970] futex hash table entries: 2048 (order: 6, 262144 bytes)
[    0.362646] NET: Registered protocol family 16
[    0.363407] cpuidle: using governor ladder
[    0.363407] cpuidle: using governor menu
[    0.363407] ACPI FADT declares the system doesn't support PCIe ASPM, so disable it
[    0.363407] ACPI: bus type PCI registered
[    0.363407] PCI: MMCONFIG for domain 0000 [bus 00-3f] at [mem 0xf8000000-0xfbffffff] (base 0xf8000000)
[    0.363407] PCI: MMCONFIG at [mem 0xf8000000-0xfbffffff] reserved in E820
[    0.363407] PCI: Using configuration type 1 for base access
[    0.365065] core: PMU erratum BJ122, BV98, HSD29 worked around, HT is on
[    0.388026] ACPI: Added _OSI(Module Device)
[    0.388026] ACPI: Added _OSI(Processor Device)
[    0.388026] ACPI: Added _OSI(3.0 _SCP Extensions)
[    0.388026] ACPI: Added _OSI(Processor Aggregator Device)
[    0.389053] ACPI: Added _OSI(Linux-Dell-Video)
[    0.389116] ACPI: Added _OSI(Linux-Lenovo-NV-HDMI-Audio)
[    0.389190] ACPI: EC: EC started
[    0.389247] ACPI: EC: interrupt blocked
[    0.389333] ACPI: \: Used as first EC
[    0.389393] ACPI: \: GPE=0x11, EC_CMD/EC_SC=0x66, EC_DATA=0x62
[    0.389460] ACPI: \: Used as boot ECDT EC to handle transactions
[    0.429001] ACPI: 6 ACPI AML tables successfully acquired and loaded
[    0.433260] ACPI: [Firmware Bug]: BIOS _OSI(Linux) query ignored
[    0.447591] ACPI: Dynamic OEM Table Load:
[    0.447591] ACPI: SSDT 0xFFFF880197084000 0008C0 (v01 PmRef  Cpu0Cst  00003001 INTL 20061109)
[    0.449885] ACPI: Dynamic OEM Table Load:
[    0.449959] ACPI: SSDT 0xFFFF880196D86000 000303 (v01 PmRef  ApIst    00003000 INTL 20061109)
[    0.450653] ACPI: Dynamic OEM Table Load:
[    0.450653] ACPI: SSDT 0xFFFF880197B11400 000119 (v01 PmRef  ApCst    00003000 INTL 20061109)
[    0.454535] ACPI: Interpreter enabled
[    0.454647] ACPI: (supports S0 S3 S4 S5)
[    0.454710] ACPI: Using IOAPIC for interrupt routing
[    0.454843] PCI: Using host bridge windows from ACPI; if necessary, use "pci=nocrs" and report a bug
[    0.455631] ACPI: Enabled 6 GPEs in block 00 to 3F
[    0.465151] ACPI: Power Resource [PUBS] (on)
[    0.465151] acpi PNP0C0A:01: ACPI dock station (docks/bays count: 1)
[    0.473086] acpi LNXIOBAY:00: ACPI dock station (docks/bays count: 2)
[    0.477117] acpi IBM0079:00: ACPI dock station (docks/bays count: 3)
[    0.481113] ACPI: PCI Interrupt Link [LNKA] (IRQs 3 4 5 6 7 9 10 *11)
[    0.481113] ACPI: PCI Interrupt Link [LNKB] (IRQs 3 4 5 6 7 9 10 *11)
[    0.481113] ACPI: PCI Interrupt Link [LNKC] (IRQs 3 4 5 6 7 9 10 *11)
[    0.481113] ACPI: PCI Interrupt Link [LNKD] (IRQs 3 4 5 6 7 9 *10 11)
[    0.481113] ACPI: PCI Interrupt Link [LNKE] (IRQs 3 4 5 6 *7 9 10 11)
[    0.481113] ACPI: PCI Interrupt Link [LNKF] (IRQs 3 4 5 6 7 9 10 11) *0, disabled.
[    0.481113] ACPI: PCI Interrupt Link [LNKG] (IRQs 3 4 5 6 *7 9 10 11)
[    0.485049] ACPI: PCI Interrupt Link [LNKH] (IRQs 3 4 5 6 7 9 *10 11)
[    0.485119] ACPI: PCI Root Bridge [PCI0] (domain 0000 [bus 00-fe])
[    0.485119] acpi PNP0A08:00: _OSC: OS supports [ExtendedConfig ASPM ClockPM Segments]
[    0.485119] acpi PNP0A08:00: _OSC: not requesting OS control; OS requires [ExtendedConfig ASPM ClockPM MSI]
[    0.485119] acpi PNP0A08:00: [Firmware Info]: MMCONFIG for domain 0000 [bus 00-3f] only partially covers this bridge
[    0.485119] PCI host bridge to bus 0000:00
[    0.485119] pci_bus 0000:00: root bus resource [io  0x0000-0x0cf7 window]
[    0.485119] pci_bus 0000:00: root bus resource [io  0x0d00-0xffff window]
[    0.485119] pci_bus 0000:00: root bus resource [mem 0x000a0000-0x000bffff window]
[    0.485119] pci_bus 0000:00: root bus resource [mem 0xdfa00000-0xfebfffff window]
[    0.485119] pci_bus 0000:00: root bus resource [mem 0xfed40000-0xfed4bfff window]
[    0.485119] pci_bus 0000:00: root bus resource [bus 00-fe]
[    0.485119] pci 0000:00:00.0: [8086:0104] type 00 class 0x060000
[    0.485119] pci 0000:00:02.0: [8086:0126] type 00 class 0x030000
[    0.485119] pci 0000:00:02.0: reg 0x10: [mem 0xf0000000-0xf03fffff 64bit]
[    0.485119] pci 0000:00:02.0: reg 0x18: [mem 0xe0000000-0xefffffff 64bit pref]
[    0.485119] pci 0000:00:02.0: reg 0x20: [io  0x5000-0x503f]
[    0.485119] pci 0000:00:16.0: [8086:1c3a] type 00 class 0x078000
[    0.485119] pci 0000:00:16.0: reg 0x10: [mem 0xf2525000-0xf252500f 64bit]
[    0.485119] pci 0000:00:16.0: PME# supported from D0 D3hot D3cold
[    0.485119] pci 0000:00:19.0: [8086:1502] type 00 class 0x020000
[    0.485119] pci 0000:00:19.0: reg 0x10: [mem 0xf2500000-0xf251ffff]
[    0.485119] pci 0000:00:19.0: reg 0x14: [mem 0xf252b000-0xf252bfff]
[    0.485119] pci 0000:00:19.0: reg 0x18: [io  0x5080-0x509f]
[    0.485119] pci 0000:00:19.0: PME# supported from D0 D3hot D3cold
[    0.485119] pci 0000:00:1a.0: [8086:1c2d] type 00 class 0x0c0320
[    0.485119] pci 0000:00:1a.0: reg 0x10: [mem 0xf252a000-0xf252a3ff]
[    0.485119] pci 0000:00:1a.0: PME# supported from D0 D3hot D3cold
[    0.485119] pci 0000:00:1b.0: [8086:1c20] type 00 class 0x040300
[    0.485119] pci 0000:00:1b.0: reg 0x10: [mem 0xf2520000-0xf2523fff 64bit]
[    0.485119] pci 0000:00:1b.0: PME# supported from D0 D3hot D3cold
[    0.485119] pci 0000:00:1c.0: [8086:1c10] type 01 class 0x060400
[    0.489059] pci 0000:00:1c.0: PME# supported from D0 D3hot D3cold
[    0.489059] pci 0000:00:1c.1: [8086:1c12] type 01 class 0x060400
[    0.489084] pci 0000:00:1c.1: PME# supported from D0 D3hot D3cold
[    0.489085] pci 0000:00:1c.3: [8086:1c16] type 01 class 0x060400
[    0.489110] pci 0000:00:1c.3: PME# supported from D0 D3hot D3cold
[    0.489114] pci 0000:00:1c.4: [8086:1c18] type 01 class 0x060400
[    0.489114] pci 0000:00:1c.4: PME# supported from D0 D3hot D3cold
[    0.489114] pci 0000:00:1d.0: [8086:1c26] type 00 class 0x0c0320
[    0.489114] pci 0000:00:1d.0: reg 0x10: [mem 0xf2529000-0xf25293ff]
[    0.489114] pci 0000:00:1d.0: PME# supported from D0 D3hot D3cold
[    0.489114] pci 0000:00:1f.0: [8086:1c4f] type 00 class 0x060100
[    0.489114] pci 0000:00:1f.2: [8086:1c03] type 00 class 0x010601
[    0.489114] pci 0000:00:1f.2: reg 0x10: [io  0x50a8-0x50af]
[    0.489114] pci 0000:00:1f.2: reg 0x14: [io  0x50bc-0x50bf]
[    0.489114] pci 0000:00:1f.2: reg 0x18: [io  0x50a0-0x50a7]
[    0.489114] pci 0000:00:1f.2: reg 0x1c: [io  0x50b8-0x50bb]
[    0.489114] pci 0000:00:1f.2: reg 0x20: [io  0x5060-0x507f]
[    0.489114] pci 0000:00:1f.2: reg 0x24: [mem 0xf2528000-0xf25287ff]
[    0.489114] pci 0000:00:1f.2: PME# supported from D3hot
[    0.489114] pci 0000:00:1f.3: [8086:1c22] type 00 class 0x0c0500
[    0.489114] pci 0000:00:1f.3: reg 0x10: [mem 0xf2524000-0xf25240ff 64bit]
[    0.489114] pci 0000:00:1f.3: reg 0x20: [io  0xefa0-0xefbf]
[    0.489114] pci 0000:00:1c.0: PCI bridge to [bus 02]
[    0.489114] pci 0000:03:00.0: [8086:0084] type 00 class 0x028000
[    0.489114] pci 0000:03:00.0: reg 0x10: [mem 0xf2400000-0xf2401fff 64bit]
[    0.493049] pci 0000:03:00.0: PME# supported from D0 D3hot D3cold
[    0.493049] pci 0000:03:00.0: 2.000 Gb/s available PCIe bandwidth, limited by 2.5 GT/s x1 link at 0000:00:1c.1 (capable of 7.876 Gb/s with 8 GT/s x1 link)
[    0.493083] pci 0000:00:1c.1: PCI bridge to [bus 03]
[    0.493083] pci 0000:00:1c.1:   bridge window [mem 0xf2400000-0xf24fffff]
[    0.493084] pci 0000:00:1c.3: PCI bridge to [bus 05-0c]
[    0.493380] pci 0000:00:1c.3:   bridge window [io  0x4000-0x4fff]
[    0.493380] pci 0000:00:1c.3:   bridge window [mem 0xf1c00000-0xf23fffff]
[    0.493380] pci 0000:00:1c.3:   bridge window [mem 0xf0400000-0xf0bfffff 64bit pref]
[    0.493380] pci 0000:0d:00.0: [1180:e822] type 00 class 0x088001
[    0.493380] pci 0000:0d:00.0: MMC controller base frequency changed to 50Mhz.
[    0.493380] pci 0000:0d:00.0: reg 0x10: [mem 0xf1400000-0xf14000ff]
[    0.493380] pci 0000:0d:00.0: supports D1 D2
[    0.493380] pci 0000:0d:00.0: PME# supported from D0 D1 D2 D3hot D3cold
[    0.493380] pci 0000:0d:00.0: 2.000 Gb/s available PCIe bandwidth, limited by 2.5 GT/s x1 link at 0000:00:1c.4 (capable of 7.876 Gb/s with 8 GT/s x1 link)
[    0.493380] pci 0000:00:1c.4: PCI bridge to [bus 0d]
[    0.493380] pci 0000:00:1c.4:   bridge window [io  0x3000-0x3fff]
[    0.493380] pci 0000:00:1c.4:   bridge window [mem 0xf1400000-0xf1bfffff]
[    0.493380] pci 0000:00:1c.4:   bridge window [mem 0xf0c00000-0xf13fffff 64bit pref]
[    0.493380] pci_bus 0000:00: on NUMA node 0
[    0.497120] ACPI: EC: interrupt unblocked
[    0.497120] ACPI: EC: event unblocked
[    0.497153] ACPI: \_SB_.PCI0.LPC_.EC__: GPE=0x11, EC_CMD/EC_SC=0x66, EC_DATA=0x62
[    0.497153] ACPI: \_SB_.PCI0.LPC_.EC__: Used as boot DSDT EC to handle transactions and events
[    0.497480] pci 0000:00:02.0: vgaarb: setting as boot VGA device
[    0.497480] pci 0000:00:02.0: vgaarb: VGA device added: decodes=io+mem,owns=io+mem,locks=none
[    0.497480] pci 0000:00:02.0: vgaarb: bridge control possible
[    0.497480] vgaarb: loaded
[    0.497698] SCSI subsystem initialized
[    0.497797] libata version 3.00 loaded.
[    0.497797] ACPI: bus type USB registered
[    0.501173] usbcore: registered new interface driver usbfs
[    0.501173] usbcore: registered new interface driver hub
[    0.501281] usbcore: registered new device driver usb
[    0.501284] media: Linux media interface: v0.10
[    0.501284] videodev: Linux video capture interface: v2.00
[    0.501284] pps_core: LinuxPPS API ver. 1 registered
[    0.501284] pps_core: Software ver. 5.3.6 - Copyright 2005-2007 Rodolfo Giometti <giometti@linux.it>
[    0.501284] PTP clock support registered
[    0.501284] EDAC MC: Ver: 3.0.0
[    0.501452] Advanced Linux Sound Architecture Driver Initialized.
[    0.501452] PCI: Using ACPI for IRQ routing
[    0.505097] PCI: pci_cache_line_size set to 64 bytes
[    0.505097] e820: reserve RAM buffer [mem 0x0009d800-0x0009ffff]
[    0.505097] e820: reserve RAM buffer [mem 0xda99f000-0xdbffffff]
[    0.505097] e820: reserve RAM buffer [mem 0xdb000000-0xdbffffff]
[    0.505097] e820: reserve RAM buffer [mem 0x19e600000-0x19fffffff]
[    0.505564] Bluetooth: Core ver 2.22
[    0.505564] NET: Registered protocol family 31
[    0.505564] Bluetooth: HCI device and connection manager initialized
[    0.505564] Bluetooth: HCI socket layer initialized
[    0.505564] Bluetooth: L2CAP socket layer initialized
[    0.505564] Bluetooth: SCO socket layer initialized
[    0.505564] clocksource: Switched to clocksource tsc-early
[    0.505564] pnp: PnP ACPI init
[    0.506980] system 00:00: [mem 0x00000000-0x0009ffff] could not be reserved
[    0.507055] system 00:00: [mem 0x000c0000-0x000c3fff] could not be reserved
[    0.507128] system 00:00: [mem 0x000c4000-0x000c7fff] could not be reserved
[    0.507200] system 00:00: [mem 0x000c8000-0x000cbfff] has been reserved
[    0.507271] system 00:00: [mem 0x000cc000-0x000cffff] has been reserved
[    0.507342] system 00:00: [mem 0x000d0000-0x000d3fff] has been reserved
[    0.507412] system 00:00: [mem 0x000d4000-0x000d7fff] has been reserved
[    0.507483] system 00:00: [mem 0x000d8000-0x000dbfff] has been reserved
[    0.507553] system 00:00: [mem 0x000dc000-0x000dffff] has been reserved
[    0.507588] system 00:00: [mem 0x000e0000-0x000e3fff] could not be reserved
[    0.507661] system 00:00: [mem 0x000e4000-0x000e7fff] could not be reserved
[    0.507734] system 00:00: [mem 0x000e8000-0x000ebfff] could not be reserved
[    0.507806] system 00:00: [mem 0x000ec000-0x000effff] could not be reserved
[    0.507879] system 00:00: [mem 0x000f0000-0x000fffff] could not be reserved
[    0.507951] system 00:00: [mem 0x00100000-0xdf9fffff] could not be reserved
[    0.508024] system 00:00: [mem 0xfec00000-0xfed3ffff] could not be reserved
[    0.508096] system 00:00: [mem 0xfed4c000-0xffffffff] could not be reserved
[    0.508192] system 00:00: Plug and Play ACPI device, IDs PNP0c01 (active)
[    0.508481] system 00:01: [io  0x0400-0x047f] has been reserved
[    0.508551] system 00:01: [io  0x0500-0x057f] has been reserved
[    0.508620] system 00:01: [io  0x0800-0x080f] has been reserved
[    0.508689] system 00:01: [io  0x15e0-0x15ef] has been reserved
[    0.508757] system 00:01: [io  0x1600-0x167f] has been reserved
[    0.508826] system 00:01: [mem 0xf8000000-0xfbffffff] has been reserved
[    0.508898] system 00:01: [mem 0x00000000-0x00000fff] could not be reserved
[    0.508970] system 00:01: [mem 0xfed1c000-0xfed1ffff] has been reserved
[    0.509041] system 00:01: [mem 0xfed10000-0xfed13fff] has been reserved
[    0.509117] system 00:01: [mem 0xfed18000-0xfed18fff] has been reserved
[    0.509188] system 00:01: [mem 0xfed19000-0xfed19fff] has been reserved
[    0.509258] system 00:01: [mem 0xfed45000-0xfed4bfff] has been reserved
[    0.509345] system 00:01: Plug and Play ACPI device, IDs PNP0c02 (active)
[    0.509492] pnp 00:02: Plug and Play ACPI device, IDs PNP0b00 (active)
[    0.509563] pnp 00:03: Plug and Play ACPI device, IDs PNP0303 (active)
[    0.509630] pnp 00:04: Plug and Play ACPI device, IDs LEN0020 PNP0f13 (active)
[    0.509771] pnp 00:05: Plug and Play ACPI device, IDs SMO1200 PNP0c31 (active)
[    0.510896] pnp: PnP ACPI: found 6 devices
[    0.521044] clocksource: acpi_pm: mask: 0xffffff max_cycles: 0xffffff, max_idle_ns: 2085701024 ns
[    0.521165] pci 0000:00:1c.0: bridge window [io  0x1000-0x0fff] to [bus 02] add_size 1000
[    0.521169] pci 0000:00:1c.0: bridge window [mem 0x00100000-0x000fffff 64bit pref] to [bus 02] add_size 200000 add_align 100000
[    0.521172] pci 0000:00:1c.0: bridge window [mem 0x00100000-0x000fffff] to [bus 02] add_size 200000 add_align 100000
[    0.521217] pci 0000:00:1c.0: BAR 8: assigned [mem 0xdfa00000-0xdfbfffff]
[    0.521290] pci 0000:00:1c.0: BAR 9: assigned [mem 0xdfc00000-0xdfdfffff 64bit pref]
[    0.521364] pci 0000:00:1c.0: BAR 7: assigned [io  0x2000-0x2fff]
[    0.521435] pci 0000:00:1c.0: PCI bridge to [bus 02]
[    0.521500] pci 0000:00:1c.0:   bridge window [io  0x2000-0x2fff]
[    0.521572] pci 0000:00:1c.0:   bridge window [mem 0xdfa00000-0xdfbfffff]
[    0.521645] pci 0000:00:1c.0:   bridge window [mem 0xdfc00000-0xdfdfffff 64bit pref]
[    0.521725] pci 0000:00:1c.1: PCI bridge to [bus 03]
[    0.521794] pci 0000:00:1c.1:   bridge window [mem 0xf2400000-0xf24fffff]
[    0.521873] pci 0000:00:1c.3: PCI bridge to [bus 05-0c]
[    0.521939] pci 0000:00:1c.3:   bridge window [io  0x4000-0x4fff]
[    0.522011] pci 0000:00:1c.3:   bridge window [mem 0xf1c00000-0xf23fffff]
[    0.522083] pci 0000:00:1c.3:   bridge window [mem 0xf0400000-0xf0bfffff 64bit pref]
[    0.522163] pci 0000:00:1c.4: PCI bridge to [bus 0d]
[    0.522227] pci 0000:00:1c.4:   bridge window [io  0x3000-0x3fff]
[    0.522300] pci 0000:00:1c.4:   bridge window [mem 0xf1400000-0xf1bfffff]
[    0.522372] pci 0000:00:1c.4:   bridge window [mem 0xf0c00000-0xf13fffff 64bit pref]
[    0.522453] pci_bus 0000:00: resource 4 [io  0x0000-0x0cf7 window]
[    0.522455] pci_bus 0000:00: resource 5 [io  0x0d00-0xffff window]
[    0.522457] pci_bus 0000:00: resource 6 [mem 0x000a0000-0x000bffff window]
[    0.522459] pci_bus 0000:00: resource 7 [mem 0xdfa00000-0xfebfffff window]
[    0.522461] pci_bus 0000:00: resource 8 [mem 0xfed40000-0xfed4bfff window]
[    0.522463] pci_bus 0000:02: resource 0 [io  0x2000-0x2fff]
[    0.522465] pci_bus 0000:02: resource 1 [mem 0xdfa00000-0xdfbfffff]
[    0.522467] pci_bus 0000:02: resource 2 [mem 0xdfc00000-0xdfdfffff 64bit pref]
[    0.522469] pci_bus 0000:03: resource 1 [mem 0xf2400000-0xf24fffff]
[    0.522471] pci_bus 0000:05: resource 0 [io  0x4000-0x4fff]
[    0.522473] pci_bus 0000:05: resource 1 [mem 0xf1c00000-0xf23fffff]
[    0.522475] pci_bus 0000:05: resource 2 [mem 0xf0400000-0xf0bfffff 64bit pref]
[    0.522478] pci_bus 0000:0d: resource 0 [io  0x3000-0x3fff]
[    0.522479] pci_bus 0000:0d: resource 1 [mem 0xf1400000-0xf1bfffff]
[    0.522481] pci_bus 0000:0d: resource 2 [mem 0xf0c00000-0xf13fffff 64bit pref]
[    0.522761] NET: Registered protocol family 2
[    0.523322] tcp_listen_portaddr_hash hash table entries: 4096 (order: 6, 294912 bytes)
[    0.523542] TCP established hash table entries: 65536 (order: 7, 524288 bytes)
[    0.523713] TCP bind hash table entries: 65536 (order: 10, 4194304 bytes)
[    0.525927] TCP: Hash tables configured (established 65536 bind 65536)
[    0.526338] UDP hash table entries: 4096 (order: 7, 655360 bytes)
[    0.526720] UDP-Lite hash table entries: 4096 (order: 7, 655360 bytes)
[    0.527685] NET: Registered protocol family 1
[    0.528068] RPC: Registered named UNIX socket transport module.
[    0.528137] RPC: Registered udp transport module.
[    0.528200] RPC: Registered tcp transport module.
[    0.528262] RPC: Registered tcp NFSv4.1 backchannel transport module.
[    0.528619] pci 0000:00:02.0: Video device with shadowed ROM at [mem 0x000c0000-0x000dffff]
[    0.529769] PCI: CLS 64 bytes, default 64
[    0.529831] PCI-DMA: Using software bounce buffering for IO (SWIOTLB)
[    0.529901] software IO TLB: mapped [mem 0xd699f000-0xda99f000] (64MB)
[    0.532421] Initialise system trusted keyrings
[    0.532581] workingset: timestamp_bits=62 max_order=21 bucket_order=0
[    0.534560] Installing knfsd (copyright (C) 1996 okir@monad.swb.de).
[    0.535232] ntfs: driver 2.1.32 [Flags: R/W].
[    0.535420] fuse init (API version 7.27)
[    0.535841] pstore: using deflate compression
[    0.537605] Key type asymmetric registered
[    0.537672] Asymmetric key parser 'x509' registered
[    0.537765] Block layer SCSI generic (bsg) driver version 0.4 loaded (major 249)
[    0.537848] io scheduler noop registered
[    0.537909] io scheduler deadline registered
[    0.537995] io scheduler cfq registered (default)
[    0.538056] io scheduler mq-deadline registered
[    0.538136] io scheduler bfq registered
[    0.538409] pcieport 0000:00:1c.0: enabling device (0000 -> 0003)
[    0.539823] intel_idle: MWAIT substates: 0x21120
[    0.539825] intel_idle: v0.4.1 model 0x2A
[    0.540317] intel_idle: lapic_timer_reliable_states 0xffffffff
[    0.540669] ACPI: Deprecated procfs I/F for AC is loaded, please retry with CONFIG_ACPI_PROCFS_POWER cleared
[    0.540844] ACPI: AC Adapter [AC] (on-line)
[    0.541111] input: Lid Switch as /devices/LNXSYSTM:00/LNXSYBUS:00/PNP0C0D:00/input/input0
[    0.541295] ACPI: Lid Switch [LID]
[    0.541491] input: Sleep Button as /devices/LNXSYSTM:00/LNXSYBUS:00/PNP0C0E:00/input/input1
[    0.541614] ACPI: Sleep Button [SLPB]
[    0.541819] input: Power Button as /devices/LNXSYSTM:00/LNXPWRBN:00/input/input2
[    0.541931] ACPI: Power Button [PWRF]
[    0.545561] thermal LNXTHERM:00: registered as thermal_zone0
[    0.545631] ACPI: Thermal Zone [THM0] (69 C)
[    0.546283] Serial: 8250/16550 driver, 4 ports, IRQ sharing disabled
[    0.550515] lp: driver loaded but no devices found
[    0.551191] Non-volatile memory driver v1.3
[    0.551539] Linux agpgart interface v0.103
[    0.553369] [drm] radeon kernel modesetting enabled.
[    0.558346] [drm] Replacing VGA console driver
[    0.560883] Console: switching to colour dummy device 80x25
[    0.565685] battery: ACPI: Deprecated procfs I/F for battery is loaded, please retry with CONFIG_ACPI_PROCFS_POWER cleared
[    0.565727] battery: ACPI: Battery Slot [BAT0] (battery present)
[    0.573069] [drm] Supports vblank timestamp caching Rev 2 (21.10.2013).
[    0.573084] [drm] Driver supports precise vblank timestamp query.
[    0.574048] i915 0000:00:02.0: vgaarb: changed VGA decodes: olddecodes=io+mem,decodes=io+mem:owns=io+mem
[    0.656862] [drm] Initialized i915 1.6.0 20180719 for 0000:00:02.0 on minor 0
[    0.658851] ACPI: Video Device [VID] (multi-head: yes  rom: no  post: no)
[    0.659428] input: Video Bus as /devices/LNXSYSTM:00/LNXSYBUS:00/PNP0A08:00/LNXVIDEO:00/input/input3
[    0.659720] usbcore: registered new interface driver udl
[    0.668080] loop: module loaded
[    0.682387] ahci 0000:00:1f.2: version 3.0
[    0.682986] ahci 0000:00:1f.2: SSS flag set, parallel bus scan disabled
[    0.693089] ahci 0000:00:1f.2: AHCI 0001.0300 32 slots 6 ports 6 Gbps 0x17 impl SATA mode
[    0.693110] ahci 0000:00:1f.2: flags: 64bit ncq sntf ilck stag pm led clo pio slum part ems sxs apst 
[    0.731359] scsi host0: ahci
[    0.731687] scsi host1: ahci
[    0.731982] scsi host2: ahci
[    0.732298] scsi host3: ahci
[    0.732580] scsi host4: ahci
[    0.732894] scsi host5: ahci
[    0.733094] ata1: SATA max UDMA/133 abar m2048@0xf2528000 port 0xf2528100 irq 19
[    0.733121] ata2: SATA max UDMA/133 abar m2048@0xf2528000 port 0xf2528180 irq 19
[    0.733148] ata3: SATA max UDMA/133 abar m2048@0xf2528000 port 0xf2528200 irq 19
[    0.733172] ata4: DUMMY
[    0.733180] ata5: SATA max UDMA/133 abar m2048@0xf2528000 port 0xf2528300 irq 19
[    0.733195] ata6: DUMMY
[    0.734053] tun: Universal TUN/TAP device driver, 1.6
[    0.734450] e1000e: Intel(R) PRO/1000 Network Driver - 3.2.6-k
[    0.734468] e1000e: Copyright(c) 1999 - 2015 Intel Corporation.
[    0.734861] e1000e 0000:00:19.0: Interrupt Throttling Rate (ints/sec) set to dynamic conservative mode
[    0.831763] random: fast init done
[    0.832588] e1000e 0000:00:19.0 0000:00:19.0 (uninitialized): registered PHC clock
[    0.925840] e1000e 0000:00:19.0 eth0: (PCI Express:2.5GT/s:Width x1) f0:de:f1:e3:99:75
[    0.925859] e1000e 0000:00:19.0 eth0: Intel(R) PRO/1000 Network Connection
[    0.925923] e1000e 0000:00:19.0 eth0: MAC: 10, PHY: 11, PBA No: 1000FF-0FF
[    0.926105] PPP generic driver version 2.4.2
[    0.926268] PPP BSD Compression module registered
[    0.926285] PPP Deflate Compression module registered
[    0.926301] SLIP: version 0.8.4-NET3.019-NEWTTY (dynamic channels, max=256).
[    0.926316] CSLIP: code copyright 1989 Regents of the University of California.
[    0.926392] iwl3945: Intel(R) PRO/Wireless 3945ABG/BG Network Connection driver for Linux, in-tree:ds
[    0.926411] iwl3945: Copyright(c) 2003-2011 Intel Corporation
[    0.926422] iwl3945: hw_scan is disabled
[    0.926466] Intel(R) Wireless WiFi driver for Linux
[    0.926480] Copyright(c) 2003- 2015 Intel Corporation
[    0.927018] iwlwifi 0000:03:00.0: pci_enable_msi failed - -38
[    0.927310] usbcore: registered new interface driver ax88179_178a
[    0.927365] usbcore: registered new interface driver cdc_ether
[    0.927410] usbcore: registered new interface driver cdc_eem
[    0.927459] usbcore: registered new interface driver net1080
[    0.927511] usbcore: registered new interface driver cdc_subset
[    0.927565] usbcore: registered new interface driver zaurus
[    0.927627] usbcore: registered new interface driver cdc_ncm
[    0.927663] usbcore: registered new interface driver cdc_mbim
[    0.927960] ehci_hcd: USB 2.0 'Enhanced' Host Controller (EHCI) Driver
[    0.927995] ehci-pci: EHCI PCI platform driver
[    0.928026] iwlwifi 0000:03:00.0: loaded firmware version 39.31.5.1 build 35138 op_mode iwldvm
[    0.928146] iwlwifi 0000:03:00.0: CONFIG_IWLWIFI_DEBUG disabled
[    0.928163] iwlwifi 0000:03:00.0: CONFIG_IWLWIFI_DEBUGFS disabled
[    0.928179] iwlwifi 0000:03:00.0: CONFIG_IWLWIFI_DEVICE_TRACING disabled
[    0.928197] iwlwifi 0000:03:00.0: Detected Intel(R) Centrino(R) Wireless-N 1000 BGN, REV=0x6C
[    0.928315] ehci-pci 0000:00:1a.0: EHCI Host Controller
[    0.928481] ehci-pci 0000:00:1a.0: new USB bus registered, assigned bus number 1
[    0.928549] ehci-pci 0000:00:1a.0: debug port 2
[    0.932511] ehci-pci 0000:00:1a.0: cache line size of 64 is not supported
[    0.932521] ehci-pci 0000:00:1a.0: irq 16, io mem 0xf252a000
[    0.942453] fbcon: inteldrmfb (fb0) is primary device
[    0.945118] ehci-pci 0000:00:1a.0: USB 2.0 started, EHCI 1.00
[    0.945350] usb usb1: New USB device found, idVendor=1d6b, idProduct=0002, bcdDevice= 4.19
[    0.945352] usb usb1: New USB device strings: Mfr=3, Product=2, SerialNumber=1
[    0.945354] usb usb1: Product: EHCI Host Controller
[    0.945356] usb usb1: Manufacturer: Linux 4.19.0-rc7 ehci_hcd
[    0.945358] usb usb1: SerialNumber: 0000:00:1a.0
[    0.945893] hub 1-0:1.0: USB hub found
[    0.945937] hub 1-0:1.0: 3 ports detected
[    0.946823] ehci-pci 0000:00:1d.0: EHCI Host Controller
[    0.946972] ehci-pci 0000:00:1d.0: new USB bus registered, assigned bus number 2
[    0.947002] ehci-pci 0000:00:1d.0: debug port 2
[    0.950972] ehci-pci 0000:00:1d.0: cache line size of 64 is not supported
[    0.951000] ehci-pci 0000:00:1d.0: irq 23, io mem 0xf2529000
[    0.969212] ehci-pci 0000:00:1d.0: USB 2.0 started, EHCI 1.00
[    0.969439] usb usb2: New USB device found, idVendor=1d6b, idProduct=0002, bcdDevice= 4.19
[    0.969442] usb usb2: New USB device strings: Mfr=3, Product=2, SerialNumber=1
[    0.969443] usb usb2: Product: EHCI Host Controller
[    0.969445] usb usb2: Manufacturer: Linux 4.19.0-rc7 ehci_hcd
[    0.969447] usb usb2: SerialNumber: 0000:00:1d.0
[    0.969944] hub 2-0:1.0: USB hub found
[    0.969979] hub 2-0:1.0: 3 ports detected
[    0.970686] ohci_hcd: USB 1.1 'Open' Host Controller (OHCI) Driver
[    0.970701] ohci-pci: OHCI PCI platform driver
[    0.970754] uhci_hcd: USB Universal Host Controller Interface driver
[    0.970934] usbcore: registered new interface driver cdc_acm
[    0.970935] cdc_acm: USB Abstract Control Model driver for USB modems and ISDN adapters
[    0.970968] usbcore: registered new interface driver usblp
[    0.971003] usbcore: registered new interface driver cdc_wdm
[    0.971057] usbcore: registered new interface driver usb-storage
[    0.971088] usbcore: registered new interface driver ums-sddr09
[    0.971189] usbcore: registered new interface driver usbserial_generic
[    0.971232] usbserial: USB Serial support registered for generic
[    0.971256] usbcore: registered new interface driver ch341
[    0.971277] usbserial: USB Serial support registered for ch341-uart
[    0.971299] usbcore: registered new interface driver ftdi_sio
[    0.971318] usbserial: USB Serial support registered for FTDI USB Serial Device
[    0.971351] usbcore: registered new interface driver option
[    0.971371] usbserial: USB Serial support registered for GSM modem (1-port)
[    0.971410] usbcore: registered new interface driver pl2303
[    0.971428] usbserial: USB Serial support registered for pl2303
[    0.971453] usbcore: registered new interface driver ti_usb_3410_5052
[    0.971472] usbserial: USB Serial support registered for TI USB 3410 1 port adapter
[    0.971492] usbserial: USB Serial support registered for TI USB 5052 2 port adapter
[    0.971494] ftdi_elan: driver ftdi-elan
[    0.971520] usbcore: registered new interface driver ftdi-elan
[    0.971602] i8042: PNP: PS/2 Controller [PNP0303:KBD,PNP0f13:MOU] at 0x60,0x64 irq 1,12
[    0.975056] serio: i8042 KBD port at 0x60,0x64 irq 1
[    0.975075] serio: i8042 AUX port at 0x60,0x64 irq 12
[    0.975362] mousedev: PS/2 mouse device common for all mice
[    0.975780] ieee80211 phy0: Selected rate control algorithm 'iwl-agn-rs'
[    0.976219] input: PC Speaker as /devices/platform/pcspkr/input/input4
[    0.976543] rtc_cmos 00:02: RTC can wake from S4
[    0.976891] rtc_cmos 00:02: registered as rtc0
[    0.976990] rtc_cmos 00:02: alarms up to one month, y3k, 114 bytes nvram, hpet irqs
[    0.977142] usbcore: registered new interface driver uvcvideo
[    0.977144] USB Video Class driver (1.1.1)
[    0.977145] gspca_main: v2.14.0 registered
[    0.977192] usbcore: registered new interface driver sq930x
[    0.977870] device-mapper: ioctl: 4.39.0-ioctl (2018-04-03) initialised: dm-devel@redhat.com
[    0.977872] Bluetooth: HCI UART driver ver 2.3
[    0.977874] Bluetooth: HCI UART protocol H4 registered
[    0.977875] Bluetooth: HCI UART protocol BCSP registered
[    0.977930] usbcore: registered new interface driver btusb
[    0.977937] intel_pstate: Intel P-state driver initializing
[    0.978385] sdhci: Secure Digital Host Controller Interface driver
[    0.978389] sdhci: Copyright(c) Pierre Ossman
[    0.978484] sdhci-pci 0000:0d:00.0: SDHCI controller found [1180:e822] (rev 7)
[    0.980049] mmc0 bounce up to 128 segments into one, max segment size 65536 bytes
[    0.980708] input: AT Translated Set 2 keyboard as /devices/platform/i8042/serio0/input/input5
[    0.981145] mmc0: SDHCI controller on PCI [0000:0d:00.0] using DMA
[    0.981926] hidraw: raw HID events driver (C) Jiri Kosina
[    0.985039] usbcore: registered new interface driver usbhid
[    0.985043] usbhid: USB HID core driver
[    0.987308] thinkpad_acpi: ThinkPad ACPI Extras v0.26
[    0.987312] thinkpad_acpi: http://ibm-acpi.sf.net/
[    0.987315] thinkpad_acpi: ThinkPad BIOS 8DET74WW (1.44 ), EC unknown
[    0.987318] thinkpad_acpi: Lenovo ThinkPad X220, model 42872WU
[    0.990211] thinkpad_acpi: radio switch found; radios are enabled
[    0.990873] thinkpad_acpi: Tablet mode switch found (type: MHKG), currently in laptop mode
[    0.990901] thinkpad_acpi: This ThinkPad has standard ACPI backlight brightness control, supported by the ACPI video driver
[    0.990902] thinkpad_acpi: Disabling thinkpad-acpi brightness events by default...
[    0.995659] thinkpad_acpi: rfkill switch tpacpi_bluetooth_sw: radio is unblocked
[    0.997119] thinkpad_acpi: warning: userspace override of important firmware LEDs is enabled
[    0.997137] thinkpad_acpi: Standard ACPI backlight interface available, not loading native one
[    0.997139] thinkpad_acpi: volume: disabled as there is no ALSA support in this kernel
[    1.003251] thinkpad_acpi: battery 1 registered (start 0, stop 100)
[    1.003260] battery: new extension: ThinkPad Battery Extension
[    1.003342] input: ThinkPad Extra Buttons as /devices/platform/thinkpad_acpi/input/input7
[    1.004898] usbcore: registered new interface driver snd-usb-audio
[    1.006963] NET: Registered protocol family 17
[    1.007051] Bluetooth: RFCOMM TTY layer initialized
[    1.007078] Bluetooth: RFCOMM socket layer initialized
[    1.007089] Bluetooth: RFCOMM ver 1.11
[    1.007096] Bluetooth: BNEP (Ethernet Emulation) ver 1.3
[    1.007097] Bluetooth: BNEP filters: protocol multicast
[    1.007100] Bluetooth: BNEP socket layer initialized
[    1.007101] Bluetooth: HIDP (Human Interface Emulation) ver 1.2
[    1.007103] Bluetooth: HIDP socket layer initialized
[    1.007271] microcode: sig=0x206a7, pf=0x10, revision=0x2d
[    1.007471] microcode: Microcode Update Driver: v2.2.
[    1.007504] sched_clock: Marking stable (995750805, 11699762)->(1015756885, -8306318)
[    1.007913] Loading compiled-in X.509 certificates
[    1.008318] Key type encrypted registered
[    1.008666] rtc_cmos 00:02: setting system clock to 2018-10-12 10:09:21 UTC (1539338961)
[    1.008778] cfg80211: Loading compiled-in X.509 certificates for regulatory database
[    1.009513] cfg80211: Loaded X.509 cert 'sforshee: 00b28ddf47aef9cea7'
[    1.009637] platform regulatory.0: Direct firmware load for regulatory.db failed with error -2
[    1.009649] cfg80211: failed to load regulatory.db
[    1.049254] ata1: SATA link up 1.5 Gbps (SStatus 113 SControl 300)
[    1.050796] ata1.00: ACPI cmd ef/02:00:00:00:00:a0 (SET FEATURES) succeeded
[    1.050805] ata1.00: ACPI cmd f5/00:00:00:00:00:a0 (SECURITY FREEZE LOCK) filtered out
[    1.050812] ata1.00: ACPI cmd ef/10:03:00:00:00:a0 (SET FEATURES) filtered out
[    1.051946] ata1.00: ATA-8: Hitachi HTS545050A7E380, GG2OA7J0, max UDMA/133
[    1.051953] ata1.00: 976773168 sectors, multi 16: LBA48 NCQ (depth 32), AA
[    1.053589] ata1.00: ACPI cmd ef/02:00:00:00:00:a0 (SET FEATURES) succeeded
[    1.053598] ata1.00: ACPI cmd f5/00:00:00:00:00:a0 (SECURITY FREEZE LOCK) filtered out
[    1.053605] ata1.00: ACPI cmd ef/10:03:00:00:00:a0 (SET FEATURES) filtered out
[    1.054736] ata1.00: configured for UDMA/133
[    1.055493] snd_hda_intel 0000:00:1b.0: bound 0000:00:02.0 (ops i915_audio_component_bind_ops)
[    1.075377] snd_hda_codec_generic hdaudioC0D0: autoconfig for Generic: line_outs=1 (0x1f/0x0/0x0/0x0/0x0) type:speaker
[    1.075386] snd_hda_codec_generic hdaudioC0D0:    speaker_outs=0 (0x0/0x0/0x0/0x0/0x0)
[    1.075392] snd_hda_codec_generic hdaudioC0D0:    hp_outs=1 (0x19/0x0/0x0/0x0/0x0)
[    1.075397] snd_hda_codec_generic hdaudioC0D0:    mono: mono_out=0x0
[    1.075401] snd_hda_codec_generic hdaudioC0D0:    inputs:
[    1.075409] snd_hda_codec_generic hdaudioC0D0:      Internal Mic=0x23
[    1.075416] snd_hda_codec_generic hdaudioC0D0:      Mic=0x1b
[    1.079243] Console: switching to colour frame buffer device 102x42
[    1.081401] snd_hda_codec_generic hdaudioC0D3: ignore pin 0x7, too many assigned pins
[    1.081404] snd_hda_codec_generic hdaudioC0D3: autoconfig for Generic: line_outs=0 (0x0/0x0/0x0/0x0/0x0) type:line
[    1.081406] snd_hda_codec_generic hdaudioC0D3:    speaker_outs=0 (0x0/0x0/0x0/0x0/0x0)
[    1.081407] snd_hda_codec_generic hdaudioC0D3:    hp_outs=0 (0x0/0x0/0x0/0x0/0x0)
[    1.081409] snd_hda_codec_generic hdaudioC0D3:    mono: mono_out=0x0
[    1.081410] snd_hda_codec_generic hdaudioC0D3:    dig-out=0x5/0x6
[    1.081411] snd_hda_codec_generic hdaudioC0D3:    inputs:
[    1.083675] input: HDA Intel PCH Mic as /devices/pci0000:00/0000:00:1b.0/sound/card0/input9
[    1.083850] input: HDA Intel PCH Headphone as /devices/pci0000:00/0000:00:1b.0/sound/card0/input10
[    1.084020] input: HDA Intel PCH HDMI as /devices/pci0000:00/0000:00:1b.0/sound/card0/input11
[    1.084189] input: HDA Intel PCH HDMI as /devices/pci0000:00/0000:00:1b.0/sound/card0/input12
[    1.204282] i915 0000:00:02.0: fb0: inteldrmfb frame buffer device
[    1.205521] scsi 0:0:0:0: Direct-Access     ATA      Hitachi HTS54505 A7J0 PQ: 0 ANSI: 5
[    1.206843] sd 0:0:0:0: [sda] 976773168 512-byte logical blocks: (500 GB/466 GiB)
[    1.207011] sd 0:0:0:0: Attached scsi generic sg0 type 0
[    1.208258] sd 0:0:0:0: [sda] 4096-byte physical blocks
[    1.211805] sd 0:0:0:0: [sda] Write Protect is off
[    1.213979] sd 0:0:0:0: [sda] Mode Sense: 00 3a 00 00
[    1.214024] sd 0:0:0:0: [sda] Write cache: enabled, read cache: enabled, doesn't support DPO or FUA
[    1.257202]  sda: sda1 sda2 sda3 sda4
[    1.264294] sd 0:0:0:0: [sda] Attached SCSI disk
[    1.281197] usb 1-1: new high-speed USB device number 2 using ehci-pci
[    1.305203] usb 2-1: new high-speed USB device number 2 using ehci-pci
[    1.437778] usb 1-1: New USB device found, idVendor=8087, idProduct=0024, bcdDevice= 0.00
[    1.439257] usb 1-1: New USB device strings: Mfr=0, Product=0, SerialNumber=0
[    1.441306] hub 1-1:1.0: USB hub found
[    1.442938] hub 1-1:1.0: 6 ports detected
[    1.465563] usb 2-1: New USB device found, idVendor=8087, idProduct=0024, bcdDevice= 0.00
[    1.467003] usb 2-1: New USB device strings: Mfr=0, Product=0, SerialNumber=0
[    1.468623] hub 2-1:1.0: USB hub found
[    1.469651] hub 2-1:1.0: 8 ports detected
[    1.525156] ata2: SATA link down (SStatus 0 SControl 300)
[    1.545288] tsc: Refined TSC clocksource calibration: 2491.904 MHz
[    1.548296] clocksource: tsc: mask: 0xffffffffffffffff max_cycles: 0x23eb59c9ee2, max_idle_ns: 440795321417 ns
[    1.551699] clocksource: Switched to clocksource tsc
[    1.737063] usb 1-1.3: new full-speed USB device number 3 using ehci-pci
[    1.757066] usb 2-1.1: new high-speed USB device number 3 using ehci-pci
[    1.847760] usb 1-1.3: New USB device found, idVendor=147e, idProduct=2016, bcdDevice= 0.02
[    1.851099] usb 1-1.3: New USB device strings: Mfr=1, Product=2, SerialNumber=0
[    1.851805] ata3: SATA link up 3.0 Gbps (SStatus 123 SControl 300)
[    1.854332] usb 1-1.3: Product: Biometric Coprocessor
[    1.854338] usb 1-1.3: Manufacturer: UPEK
[    1.870192] ata3.00: ACPI cmd ef/02:00:00:00:00:a0 (SET FEATURES) succeeded
[    1.870203] ata3.00: ACPI cmd f5/00:00:00:00:00:a0 (SECURITY FREEZE LOCK) filtered out
[    1.873367] ata3.00: ACPI cmd ef/10:03:00:00:00:a0 (SET FEATURES) filtered out
[    1.878836] usb 2-1.1: New USB device found, idVendor=05e3, idProduct=0608, bcdDevice=77.64
[    1.880019] psmouse serio1: synaptics: queried max coordinates: x [..5472], y [..4448]
[    1.881733] ata3.00: ATA-8: KINGSTON SMS200S3240G, 60AABBF0, max UDMA/133
[    1.881737] ata3.00: 468862128 sectors, multi 1: LBA48 NCQ (depth 32), AA
[    1.883088] usb 2-1.1: New USB device strings: Mfr=0, Product=1, SerialNumber=0
[    1.883096] usb 2-1.1: Product: USB2.0 Hub
[    1.886193] hub 2-1.1:1.0: USB hub found
[    1.886794] ata3.00: ACPI cmd ef/02:00:00:00:00:a0 (SET FEATURES) succeeded
[    1.886797] ata3.00: ACPI cmd f5/00:00:00:00:00:a0 (SECURITY FREEZE LOCK) filtered out
[    1.886799] ata3.00: ACPI cmd ef/10:03:00:00:00:a0 (SET FEATURES) filtered out
[    1.891842] ata3.00: configured for UDMA/133
[    1.892755] hub 2-1.1:1.0: 4 ports detected
[    1.893921] scsi 2:0:0:0: Direct-Access     ATA      KINGSTON SMS200S BBF0 PQ: 0 ANSI: 5
[    1.898438] sd 2:0:0:0: [sdb] 468862128 512-byte logical blocks: (240 GB/224 GiB)
[    1.898507] sd 2:0:0:0: Attached scsi generic sg1 type 0
[    1.899467] sd 2:0:0:0: [sdb] Write Protect is off
[    1.901354] sd 2:0:0:0: [sdb] Mode Sense: 00 3a 00 00
[    1.901378] sd 2:0:0:0: [sdb] Write cache: enabled, read cache: enabled, doesn't support DPO or FUA
[    1.903288]  sdb: sdb2 sdb4
[    1.905411] sd 2:0:0:0: [sdb] Attached SCSI disk
[    1.945216] usb 1-1.4: new full-speed USB device number 4 using ehci-pci
[    1.972467] psmouse serio1: synaptics: Touchpad model: 1, fw: 8.0, id: 0x1e2b1, caps: 0xd001a3/0x940300/0x120c00/0x0, board id: 1611, fw id: 774180
[    1.979854] psmouse serio1: synaptics: serio: Synaptics pass-through port at isa0060/serio1/input0
[    1.989176] usb 2-1.2: new high-speed USB device number 4 using ehci-pci
[    2.031924] input: SynPS/2 Synaptics TouchPad as /devices/platform/i8042/serio1/input/input8
[    2.064213] usb 1-1.4: New USB device found, idVendor=0a5c, idProduct=217f, bcdDevice= 7.48
[    2.067819] usb 1-1.4: New USB device strings: Mfr=1, Product=2, SerialNumber=3
[    2.069669] usb 1-1.4: Product: Broadcom Bluetooth Device
[    2.071450] usb 1-1.4: Manufacturer: Broadcom Corp
[    2.073441] usb 1-1.4: SerialNumber: 7CE9D3B855AA
[    2.106304] usb 2-1.2: New USB device found, idVendor=1a40, idProduct=0101, bcdDevice= 1.11
[    2.110320] usb 2-1.2: New USB device strings: Mfr=0, Product=1, SerialNumber=0
[    2.114411] usb 2-1.2: Product: USB 2.0 Hub
[    2.116610] hub 2-1.2:1.0: USB hub found
[    2.118046] hub 2-1.2:1.0: 4 ports detected
[    2.161235] usb 1-1.6: new high-speed USB device number 5 using ehci-pci
[    2.197210] usb 2-1.1.4: new full-speed USB device number 5 using ehci-pci
[    2.219837] ata5: SATA link down (SStatus 0 SControl 300)
[    2.261262] PM: Image not found (code -22)
[    2.261389] ALSA device list:
[    2.264972]   #0: HDA Intel PCH at 0xf2520000 irq 22
[    2.281854] usb 1-1.6: New USB device found, idVendor=04f2, idProduct=b217, bcdDevice= 8.54
[    2.285582] usb 1-1.6: New USB device strings: Mfr=1, Product=2, SerialNumber=0
[    2.287676] usb 1-1.6: Product: Integrated Camera
[    2.290065] usb 1-1.6: Manufacturer: Chicony Electronics Co., Ltd.
[    2.294803] uvcvideo: Found UVC 1.00 device Integrated Camera (04f2:b217)
[    2.308028] uvcvideo 1-1.6:1.0: Entity type for entity Extension 3 was not initialized!
[    2.309136] uvcvideo 1-1.6:1.0: Entity type for entity Processing 2 was not initialized!
[    2.311371] uvcvideo 1-1.6:1.0: Entity type for entity Camera 1 was not initialized!
[    2.328441] usb 2-1.1.4: New USB device found, idVendor=0a12, idProduct=0001, bcdDevice=88.91
[    2.331152] usb 2-1.1.4: New USB device strings: Mfr=0, Product=2, SerialNumber=0
[    2.333757] usb 2-1.1.4: Product: CSR8510 A10
[    2.425201] usb 2-1.2.1: new low-speed USB device number 6 using ehci-pci
[    2.575896] usb 2-1.2.1: New USB device found, idVendor=06a3, idProduct=053f, bcdDevice= 0.02
[    2.579572] usb 2-1.2.1: New USB device strings: Mfr=1, Product=2, SerialNumber=3
[    2.583077] usb 2-1.2.1: Product: Saitek X36
[    2.586614] usb 2-1.2.1: Manufacturer: Saitek
[    2.590013] usb 2-1.2.1: SerialNumber: 00103464
[    2.632139] input: Saitek Saitek X36 as /devices/pci0000:00/0000:00:1d.0/usb2/2-1/2-1.2/2-1.2.1/2-1.2.1:1.0/0003:06A3:053F.0001/input/input14
[    2.637476] hid-generic 0003:06A3:053F.0001: input,hidraw0: USB HID v1.00 Joystick [Saitek Saitek X36] on usb-0000:00:1d.0-1.2.1/input0
[    2.741204] usb 2-1.2.2: new low-speed USB device number 7 using ehci-pci
[    2.792305] psmouse serio2: trackpoint: IBM TrackPoint firmware: 0x0e, buttons: 3/3
[    2.878181] usb 2-1.2.2: New USB device found, idVendor=046d, idProduct=c05a, bcdDevice=63.00
[    2.881887] usb 2-1.2.2: New USB device strings: Mfr=1, Product=2, SerialNumber=0
[    2.885500] usb 2-1.2.2: Product: USB Optical Mouse
[    2.886669] usb 2-1.2.2: Manufacturer: Logitech
[    2.891377] input: Logitech USB Optical Mouse as /devices/pci0000:00/0000:00:1d.0/usb2/2-1/2-1.2/2-1.2.2/2-1.2.2:1.0/0003:046D:C05A.0002/input/input15
[    2.894587] hid-generic 0003:046D:C05A.0002: input,hidraw1: USB HID v1.11 Mouse [Logitech USB Optical Mouse] on usb-0000:00:1d.0-1.2.2/input0
[    2.997185] usb 2-1.2.3: new low-speed USB device number 8 using ehci-pci
[    3.058743] input: TPPS/2 IBM TrackPoint as /devices/platform/i8042/serio1/serio2/input/input13
[    3.137639] usb 2-1.2.3: New USB device found, idVendor=04f2, idProduct=0111, bcdDevice= 1.02
[    3.141771] usb 2-1.2.3: New USB device strings: Mfr=1, Product=2, SerialNumber=0
[    3.143972] usb 2-1.2.3: Product: USB Keyboard
[    3.146089] usb 2-1.2.3: Manufacturer: Chicony
[    3.153958] input: Chicony USB Keyboard as /devices/pci0000:00/0000:00:1d.0/usb2/2-1/2-1.2/2-1.2.3/2-1.2.3:1.0/0003:04F2:0111.0003/input/input16
[    3.219238] hid-generic 0003:04F2:0111.0003: input,hidraw2: USB HID v1.10 Keyboard [Chicony USB Keyboard] on usb-0000:00:1d.0-1.2.3/input0
[    3.235668] input: Chicony USB Keyboard System Control as /devices/pci0000:00/0000:00:1d.0/usb2/2-1/2-1.2/2-1.2.3/2-1.2.3:1.1/0003:04F2:0111.0004/input/input17
[    3.297881] input: Chicony USB Keyboard Consumer Control as /devices/pci0000:00/0000:00:1d.0/usb2/2-1/2-1.2/2-1.2.3/2-1.2.3:1.1/0003:04F2:0111.0004/input/input18
[    3.306226] hid-generic 0003:04F2:0111.0004: input,hiddev96,hidraw3: USB HID v1.10 Device [Chicony USB Keyboard] on usb-0000:00:1d.0-1.2.3/input1
[    3.313877] md: Waiting for all devices to be available before autodetect
[    3.318393] md: If you don't use raid, use raid=noautodetect
[    3.321500] md: Autodetecting RAID arrays.
[    3.323899] md: autorun ...
[    3.326248] md: ... autorun DONE.
[    3.337202] EXT4-fs (sdb4): mounted filesystem with ordered data mode. Opts: (null)
[    3.338482] VFS: Mounted root (ext4 filesystem) readonly on device 8:20.
[    3.339979] devtmpfs: mounted
[    3.342956] Freeing unused kernel image memory: 1008K
[    3.361938] Write protecting the kernel read-only data: 24576k
[    3.365667] Freeing unused kernel image memory: 2008K
[    3.368733] Freeing unused kernel image memory: 896K
[    3.382871] x86/mm: Checked W+X mappings: passed, no W+X pages found.
[    3.383932] rodata_test: all tests were successful
[    3.384966] x86/mm: Checking user space page tables
[    3.394078] x86/mm: Checked W+X mappings: passed, no W+X pages found.
[    3.395130] Run /sbin/init as init process
[    3.458106] random: systemd: uninitialized urandom read (16 bytes read)
[    3.462052] systemd[1]: systemd 215 running in system mode. (+PAM +AUDIT +SELINUX +IMA +SYSVINIT +LIBCRYPTSETUP +GCRYPT +ACL +XZ -SECCOMP -APPARMOR)
[    3.485576] systemd[1]: Detected architecture 'x86-64'.
[    3.514165] systemd[1]: Failed to insert module 'ipv6'
[    3.515784] systemd[1]: Set hostname to <duo>.
[    3.532804] random: systemd-sysv-ge: uninitialized urandom read (16 bytes read)
[    3.571546] random: systemd-sysv-ge: uninitialized urandom read (16 bytes read)
[    3.653798] systemd[1]: Binding to IPv6 address not available since kernel does not support IPv6.
[    3.655257] systemd[1]: [/lib/systemd/system/gpsd.socket:6] Failed to parse address value, ignoring: [::1]:2947
[    3.660835] systemd[1]: Starting Forward Password Requests to Wall Directory Watch.
[    3.662623] systemd[1]: Started Forward Password Requests to Wall Directory Watch.
[    3.664011] systemd[1]: Starting Remote File Systems (Pre).
[    3.667086] systemd[1]: Reached target Remote File Systems (Pre).
[    3.766489] systemd-udevd[1983]: starting version 215
[    4.012115] e1000e 0000:00:19.0 eth2: renamed from eth0
[    4.065647] systemd-udevd[1989]: renamed network interface eth0 to eth2
[    4.067121] iwlwifi 0000:03:00.0 wlan1: renamed from wlan0
[    4.081366] Bluetooth: hci0: urb (____ptrval____) failed to resubmit (2)
[    4.089325] systemd-udevd[1992]: renamed network interface wlan0 to wlan1
[    5.138724] EXT4-fs (sdb4): re-mounted. Opts: errors=remount-ro
[    5.319868] Adding 1681428k swap on /dev/sda1.  Priority:-2 extents:1 across:1681428k 
[    5.412894] random: crng init done
[    5.414307] random: 7 urandom warning(s) missed due to ratelimiting
[    5.798496] EXT4-fs (sda2): mounted filesystem with ordered data mode. Opts: errors=remount-ro
[    5.855982] EXT4-fs (sdb2): mounted filesystem with ordered data mode. Opts: errors=remount-ro
[    5.905185] systemd-journald[1985]: Received request to flush runtime journal from PID 1
[    6.573462] device-mapper: table: 251:0: thin-pool: unknown target type
[    6.573464] device-mapper: ioctl: error adding target to table
[    7.472661] iwlwifi 0000:03:00.0: Radio type=0x0-0x0-0x3
[    7.544594] iwlwifi 0000:03:00.0: Radio type=0x0-0x0-0x3
[    9.159070] e1000e: eth2 NIC Link is Up 100 Mbps Full Duplex, Flow Control: Rx/Tx
[    9.159080] e1000e 0000:00:19.0 eth2: 10/100 speed: disabling TSO
[   11.853694] wlan1: authenticate with 00:00:00:00:00:01
[   11.858097] wlan1: send auth to 00:00:00:00:00:01 (try 1/3)
[   11.860419] wlan1: authenticated
[   11.861106] wlan1: associate with 00:00:00:00:00:01 (try 1/3)
[   11.865302] wlan1: RX AssocResp from 00:00:00:00:00:01 (capab=0x1 status=0 aid=6)
[   11.870472] wlan1: associated
