[    0.000000] Linux version 4.16.0-rc4 (pavel@duo) (gcc version 4.9.2 (Debian 4.9.2-10+deb8u1)) #155 SMP Thu Mar 8 14:30:01 CET 2018
[    0.000000] Command line: BOOT_IMAGE=(hd0,2)/fast/l/linux-64/arch/x86/boot/bzImage root=/dev/sda4 resume=/dev/sda1
[    0.000000] Disabled fast string operations
[    0.000000] x86/fpu: Supporting XSAVE feature 0x001: 'x87 floating point registers'
[    0.000000] x86/fpu: Supporting XSAVE feature 0x002: 'SSE registers'
[    0.000000] x86/fpu: Supporting XSAVE feature 0x004: 'AVX registers'
[    0.000000] x86/fpu: xstate_offset[2]:  576, xstate_sizes[2]:  256
[    0.000000] x86/fpu: Enabled xstate features 0x7, context size is 832 bytes, using 'standard' format.
[    0.000000] e820: BIOS-provided physical RAM map:
[    0.000000] BIOS-e820: [mem 0x0000000000000000-0x000000000009d7ff] usable
[    0.000000] BIOS-e820: [mem 0x000000000009d800-0x000000000009ffff] reserved
[    0.000000] BIOS-e820: [mem 0x00000000000e0000-0x00000000000fffff] reserved
[    0.000000] BIOS-e820: [mem 0x0000000000100000-0x000000001fffffff] usable
[    0.000000] BIOS-e820: [mem 0x0000000020000000-0x00000000201fffff] reserved
[    0.000000] BIOS-e820: [mem 0x0000000020200000-0x000000003fffffff] usable
[    0.000000] BIOS-e820: [mem 0x0000000040000000-0x00000000401fffff] reserved
[    0.000000] BIOS-e820: [mem 0x0000000040200000-0x00000000da99efff] usable
[    0.000000] BIOS-e820: [mem 0x00000000da99f000-0x00000000dae9efff] reserved
[    0.000000] BIOS-e820: [mem 0x00000000dae9f000-0x00000000daf9efff] ACPI NVS
[    0.000000] BIOS-e820: [mem 0x00000000daf9f000-0x00000000daffefff] ACPI data
[    0.000000] BIOS-e820: [mem 0x00000000dafff000-0x00000000daffffff] usable
[    0.000000] BIOS-e820: [mem 0x00000000db000000-0x00000000df9fffff] reserved
[    0.000000] BIOS-e820: [mem 0x00000000f8000000-0x00000000fbffffff] reserved
[    0.000000] BIOS-e820: [mem 0x00000000fec00000-0x00000000fec00fff] reserved
[    0.000000] BIOS-e820: [mem 0x00000000fed08000-0x00000000fed08fff] reserved
[    0.000000] BIOS-e820: [mem 0x00000000fed10000-0x00000000fed19fff] reserved
[    0.000000] BIOS-e820: [mem 0x00000000fed1c000-0x00000000fed1ffff] reserved
[    0.000000] BIOS-e820: [mem 0x00000000fee00000-0x00000000fee00fff] reserved
[    0.000000] BIOS-e820: [mem 0x00000000ffd20000-0x00000000ffffffff] reserved
[    0.000000] BIOS-e820: [mem 0x0000000100000000-0x000000019e5fffff] usable
[    0.000000] BIOS-e820: [mem 0x000000019e600000-0x000000019e7fffff] reserved
[    0.000000] NX (Execute Disable) protection: active
[    0.000000] random: fast init done
[    0.000000] SMBIOS 2.6 present.
[    0.000000] DMI: LENOVO 42872WU/42872WU, BIOS 8DET73WW (1.43 ) 10/12/2016
[    0.000000] e820: update [mem 0x00000000-0x00000fff] usable ==> reserved
[    0.000000] e820: remove [mem 0x000a0000-0x000fffff] usable
[    0.000000] e820: last_pfn = 0x19e600 max_arch_pfn = 0x400000000
[    0.000000] MTRR default type: uncachable
[    0.000000] MTRR fixed ranges enabled:
[    0.000000]   00000-9FFFF write-back
[    0.000000]   A0000-BFFFF uncachable
[    0.000000]   C0000-FFFFF write-protect
[    0.000000] MTRR variable ranges enabled:
[    0.000000]   0 base 0FFC00000 mask FFFC00000 write-protect
[    0.000000]   1 base 000000000 mask F80000000 write-back
[    0.000000]   2 base 080000000 mask FC0000000 write-back
[    0.000000]   3 base 0C0000000 mask FE0000000 write-back
[    0.000000]   4 base 0DC000000 mask FFC000000 uncachable
[    0.000000]   5 base 0DB000000 mask FFF000000 uncachable
[    0.000000]   6 base 100000000 mask F80000000 write-back
[    0.000000]   7 base 180000000 mask FE0000000 write-back
[    0.000000]   8 base 19F000000 mask FFF000000 uncachable
[    0.000000]   9 base 19E800000 mask FFF800000 uncachable
[    0.000000] x86/PAT: Configuration [0-7]: WB  WC  UC- UC  WB  WP  UC- WT  
[    0.000000] e820: last_pfn = 0xdb000 max_arch_pfn = 0x400000000
[    0.000000] Base memory trampoline at [        (ptrval)] 97000 size 24576
[    0.000000] reserving inaccessible SNB gfx pages
[    0.000000] BRK [0x064d2000, 0x064d2fff] PGTABLE
[    0.000000] BRK [0x064d3000, 0x064d3fff] PGTABLE
[    0.000000] BRK [0x064d4000, 0x064d4fff] PGTABLE
[    0.000000] BRK [0x064d5000, 0x064d5fff] PGTABLE
[    0.000000] BRK [0x064d6000, 0x064d6fff] PGTABLE
[    0.000000] BRK [0x064d7000, 0x064d7fff] PGTABLE
[    0.000000] ACPI: Early table checksum verification disabled
[    0.000000] ACPI: RSDP 0x00000000000F00E0 000024 (v02 LENOVO)
[    0.000000] ACPI: XSDT 0x00000000DAFFE120 0000AC (v01 LENOVO TP-8D    00001430 PTEC 00000002)
[    0.000000] ACPI: FACP 0x00000000DAFE7000 0000F4 (v04 LENOVO TP-8D    00001430 PTL  00000002)
[    0.000000] ACPI: DSDT 0x00000000DAFEA000 00FA89 (v01 LENOVO TP-8D    00001430 INTL 20061109)
[    0.000000] ACPI: FACS 0x00000000DAF2D000 000040
[    0.000000] ACPI: FACS 0x00000000DAF2D000 000040
[    0.000000] ACPI: SLIC 0x00000000DAFFD000 000176 (v01 LENOVO TP-8D    00001430 PTEC 00000001)
[    0.000000] ACPI: SSDT 0x00000000DAFFC000 000249 (v01 LENOVO TP-SSDT2 00000200 INTL 20061109)
[    0.000000] ACPI: SSDT 0x00000000DAFFB000 000033 (v01 LENOVO TP-SSDT1 00000100 INTL 20061109)
[    0.000000] ACPI: SSDT 0x00000000DAFFA000 0007D1 (v01 LENOVO SataAhci 00001000 INTL 20061109)
[    0.000000] ACPI: HPET 0x00000000DAFE6000 000038 (v01 LENOVO TP-8D    00001430 PTL  00000002)
[    0.000000] ACPI: APIC 0x00000000DAFE5000 000098 (v01 LENOVO TP-8D    00001430 PTL  00000002)
[    0.000000] ACPI: MCFG 0x00000000DAFE4000 00003C (v01 LENOVO TP-8D    00001430 PTL  00000002)
[    0.000000] ACPI: ECDT 0x00000000DAFE3000 000052 (v01 LENOVO TP-8D    00001430 PTL  00000002)
[    0.000000] ACPI: ASF! 0x00000000DAFE9000 0000A5 (v32 LENOVO TP-8D    00001430 PTL  00000002)
[    0.000000] ACPI: TCPA 0x00000000DAFE2000 000032 (v02 PTL    LENOVO   06040000 LNVO 00000001)
[    0.000000] ACPI: SSDT 0x00000000DAFE1000 000A27 (v01 PmRef  Cpu0Ist  00003000 INTL 20061109)
[    0.000000] ACPI: SSDT 0x00000000DAFE0000 000996 (v01 PmRef  CpuPm    00003000 INTL 20061109)
[    0.000000] ACPI: DMAR 0x00000000DAFDF000 0000E8 (v01 INTEL  SNB      00000001 INTL 00000001)
[    0.000000] ACPI: UEFI 0x00000000DAFDE000 00003E (v01 LENOVO TP-8D    00001430 PTL  00000002)
[    0.000000] ACPI: UEFI 0x00000000DAFDD000 000042 (v01 PTL    COMBUF   00000001 PTL  00000001)
[    0.000000] ACPI: UEFI 0x00000000DAFDC000 000292 (v01 LENOVO TP-8D    00001430 PTL  00000002)
[    0.000000] ACPI: Local APIC address 0xfee00000
[    0.000000] tsc: Fast TSC calibration using PIT
[    0.000000] Zone ranges:
[    0.000000]   DMA      [mem 0x0000000000001000-0x0000000000ffffff]
[    0.000000]   DMA32    [mem 0x0000000001000000-0x00000000ffffffff]
[    0.000000]   Normal   [mem 0x0000000100000000-0x000000019e5fffff]
[    0.000000] Movable zone start for each node
[    0.000000] Early memory node ranges
[    0.000000]   node   0: [mem 0x0000000000001000-0x000000000009cfff]
[    0.000000]   node   0: [mem 0x0000000000100000-0x000000001fffffff]
[    0.000000]   node   0: [mem 0x0000000020200000-0x000000003fffffff]
[    0.000000]   node   0: [mem 0x0000000040200000-0x00000000da99efff]
[    0.000000]   node   0: [mem 0x00000000dafff000-0x00000000daffffff]
[    0.000000]   node   0: [mem 0x0000000100000000-0x000000019e5fffff]
[    0.000000] Initmem setup node 0 [mem 0x0000000000001000-0x000000019e5fffff]
[    0.000000] On node 0 totalpages: 1542972
[    0.000000]   DMA zone: 56 pages used for memmap
[    0.000000]   DMA zone: 156 pages reserved
[    0.000000]   DMA zone: 3996 pages, LIFO batch:0
[    0.000000]   DMA32 zone: 12172 pages used for memmap
[    0.000000]   DMA32 zone: 890272 pages, LIFO batch:31
[    0.000000]   Normal zone: 8869 pages used for memmap
[    0.000000]   Normal zone: 648704 pages, LIFO batch:31
[    0.000000] Reserved but unavailable: 105 pages
[    0.000000] Reserving Intel graphics memory at [mem 0xdba00000-0xdf9fffff]
[    0.000000] ACPI: PM-Timer IO Port: 0x408
[    0.000000] ACPI: Local APIC address 0xfee00000
[    0.000000] ACPI: LAPIC_NMI (acpi_id[0x00] high edge lint[0x1])
[    0.000000] ACPI: LAPIC_NMI (acpi_id[0x01] high edge lint[0x1])
[    0.000000] IOAPIC[0]: apic_id 2, version 32, address 0xfec00000, GSI 0-23
[    0.000000] ACPI: INT_SRC_OVR (bus 0 bus_irq 0 global_irq 2 dfl dfl)
[    0.000000] ACPI: INT_SRC_OVR (bus 0 bus_irq 9 global_irq 9 high level)
[    0.000000] ACPI: IRQ0 used by override.
[    0.000000] ACPI: IRQ9 used by override.
[    0.000000] Using ACPI (MADT) for SMP configuration information
[    0.000000] ACPI: HPET id: 0x8086a301 base: 0xfed00000
[    0.000000] smpboot: Allowing 8 CPUs, 4 hotplug CPUs
[    0.000000] PM: Registered nosave memory: [mem 0x00000000-0x00000fff]
[    0.000000] PM: Registered nosave memory: [mem 0x0009d000-0x0009dfff]
[    0.000000] PM: Registered nosave memory: [mem 0x0009e000-0x0009ffff]
[    0.000000] PM: Registered nosave memory: [mem 0x000a0000-0x000dffff]
[    0.000000] PM: Registered nosave memory: [mem 0x000e0000-0x000fffff]
[    0.000000] PM: Registered nosave memory: [mem 0x20000000-0x201fffff]
[    0.000000] PM: Registered nosave memory: [mem 0x40000000-0x401fffff]
[    0.000000] PM: Registered nosave memory: [mem 0xda99f000-0xdae9efff]
[    0.000000] PM: Registered nosave memory: [mem 0xdae9f000-0xdaf9efff]
[    0.000000] PM: Registered nosave memory: [mem 0xdaf9f000-0xdaffefff]
[    0.000000] PM: Registered nosave memory: [mem 0xdb000000-0xdf9fffff]
[    0.000000] PM: Registered nosave memory: [mem 0xdfa00000-0xf7ffffff]
[    0.000000] PM: Registered nosave memory: [mem 0xf8000000-0xfbffffff]
[    0.000000] PM: Registered nosave memory: [mem 0xfc000000-0xfebfffff]
[    0.000000] PM: Registered nosave memory: [mem 0xfec00000-0xfec00fff]
[    0.000000] PM: Registered nosave memory: [mem 0xfec01000-0xfed07fff]
[    0.000000] PM: Registered nosave memory: [mem 0xfed08000-0xfed08fff]
[    0.000000] PM: Registered nosave memory: [mem 0xfed09000-0xfed0ffff]
[    0.000000] PM: Registered nosave memory: [mem 0xfed10000-0xfed19fff]
[    0.000000] PM: Registered nosave memory: [mem 0xfed1a000-0xfed1bfff]
[    0.000000] PM: Registered nosave memory: [mem 0xfed1c000-0xfed1ffff]
[    0.000000] PM: Registered nosave memory: [mem 0xfed20000-0xfedfffff]
[    0.000000] PM: Registered nosave memory: [mem 0xfee00000-0xfee00fff]
[    0.000000] PM: Registered nosave memory: [mem 0xfee01000-0xffd1ffff]
[    0.000000] PM: Registered nosave memory: [mem 0xffd20000-0xffffffff]
[    0.000000] e820: [mem 0xdfa00000-0xf7ffffff] available for PCI devices
[    0.000000] clocksource: refined-jiffies: mask: 0xffffffff max_cycles: 0xffffffff, max_idle_ns: 7645519600211568 ns
[    0.000000] setup_percpu: NR_CPUS:8 nr_cpumask_bits:8 nr_cpu_ids:8 nr_node_ids:1
[    0.000000] percpu: Embedded 43 pages/cpu @        (ptrval) s136456 r8192 d31480 u262144
[    0.000000] pcpu-alloc: s136456 r8192 d31480 u262144 alloc=1*2097152
[    0.000000] pcpu-alloc: [0] 0 1 2 3 4 5 6 7 
[    0.000000] Built 1 zonelists, mobility grouping on.  Total pages: 1521719
[    0.000000] Kernel command line: BOOT_IMAGE=(hd0,2)/fast/l/linux-64/arch/x86/boot/bzImage root=/dev/sda4 resume=/dev/sda1
[    0.000000] Dentry cache hash table entries: 1048576 (order: 11, 8388608 bytes)
[    0.000000] Inode-cache hash table entries: 524288 (order: 10, 4194304 bytes)
[    0.000000] Memory: 5965760K/6171888K available (16396K kernel code, 1098K rwdata, 5252K rodata, 1000K init, 10844K bss, 206128K reserved, 0K cma-reserved)
[    0.000000] Kernel/User page tables isolation: enabled
[    0.000000] Hierarchical RCU implementation.
[    0.000000] NR_IRQS: 4352, nr_irqs: 104, preallocated irqs: 16
[    0.000000] Console: colour VGA+ 80x25
[    0.000000] console [tty0] enabled
[    0.000000] Lock dependency validator: Copyright (c) 2006 Red Hat, Inc., Ingo Molnar
[    0.000000] ... MAX_LOCKDEP_SUBCLASSES:  8
[    0.000000] ... MAX_LOCK_DEPTH:          48
[    0.000000] ... MAX_LOCKDEP_KEYS:        8191
[    0.000000] ... CLASSHASH_SIZE:          4096
[    0.000000] ... MAX_LOCKDEP_ENTRIES:     32768
[    0.000000] ... MAX_LOCKDEP_CHAINS:      65536
[    0.000000] ... CHAINHASH_SIZE:          32768
[    0.000000]  memory used by lock dependency info: 7359 kB
[    0.000000]  per task-struct memory footprint: 1920 bytes
[    0.000000] ACPI: Core revision 20180105
[    0.000000] ACPI: 6 ACPI AML tables successfully acquired and loaded
[    0.000000] clocksource: hpet: mask: 0xffffffff max_cycles: 0xffffffff, max_idle_ns: 133484882848 ns
[    0.000000] hpet clockevent registered
[    0.000000] APIC: Switch to symmetric I/O mode setup
[    0.000000] ..TIMER: vector=0x30 apic1=0 pin1=2 apic2=-1 pin2=-1
[    0.020000] tsc: Fast TSC calibration using PIT
[    0.024000] tsc: Detected 2492.058 MHz processor
[    0.024000] clocksource: tsc-early: mask: 0xffffffffffffffff max_cycles: 0x23ebeb52ba0, max_idle_ns: 440795206102 ns
[    0.024000] Calibrating delay loop (skipped), value calculated using timer frequency.. 4984.11 BogoMIPS (lpj=9968232)
[    0.024000] pid_max: default: 32768 minimum: 301
[    0.028148] Mount-cache hash table entries: 16384 (order: 5, 131072 bytes)
[    0.028232] Mountpoint-cache hash table entries: 16384 (order: 5, 131072 bytes)
[    0.028653] Disabled fast string operations
[    0.028715] CPU: Physical Processor ID: 0
[    0.028774] CPU: Processor Core ID: 0
[    0.028835] ENERGY_PERF_BIAS: Set to 'normal', was 'performance'
[    0.028900] ENERGY_PERF_BIAS: View and update with x86_energy_perf_policy(8)
[    0.028971] process: using mwait in idle threads
[    0.029033] Last level iTLB entries: 4KB 512, 2MB 8, 4MB 8
[    0.029096] Last level dTLB entries: 4KB 512, 2MB 32, 4MB 32, 1GB 0
[    0.029163] Spectre V2 : Mitigation: Full generic retpoline
[    0.029321] Freeing SMP alternatives memory: 44K
[    0.030381] TSC deadline timer enabled
[    0.030385] smpboot: CPU0: Intel(R) Core(TM) i5-2520M CPU @ 2.50GHz (family: 0x6, model: 0x2a, stepping: 0x7)
[    0.030679] Performance Events: PEBS fmt1+, SandyBridge events, 16-deep LBR, full-width counters, Intel PMU driver.
[    0.030800] ... version:                3
[    0.030859] ... bit width:              48
[    0.030918] ... generic registers:      4
[    0.030976] ... value mask:             0000ffffffffffff
[    0.031039] ... max period:             00007fffffffffff
[    0.031102] ... fixed-purpose events:   3
[    0.031647] ... event mask:             000000070000000f
[    0.031821] Hierarchical SRCU implementation.
[    0.032000] smp: Bringing up secondary CPUs ...
[    0.032000] x86: Booting SMP configuration:
[    0.032000] .... node  #0, CPUs:      #1
[    0.004000] Disabled fast string operations
[    0.034496] NMI watchdog: Enabled. Permanently consumes one hw-PMU counter.
[    0.035200]  #2
[    0.004000] Disabled fast string operations
[    0.036497]  #3
[    0.004000] Disabled fast string operations
[    0.038892] smp: Brought up 1 node, 4 CPUs
[    0.038892] smpboot: Max logical packages: 2
[    0.038892] smpboot: Total of 4 processors activated (19936.46 BogoMIPS)
[    0.040276] devtmpfs: initialized
[    0.040499] PM: Registering ACPI NVS region [mem 0xdae9f000-0xdaf9efff] (1048576 bytes)
[    0.040815] clocksource: jiffies: mask: 0xffffffff max_cycles: 0xffffffff, max_idle_ns: 7645041785100000 ns
[    0.040912] futex hash table entries: 2048 (order: 6, 262144 bytes)
[    0.041576] NET: Registered protocol family 16
[    0.042269] cpuidle: using governor ladder
[    0.042269] cpuidle: using governor menu
[    0.042269] ACPI FADT declares the system doesn't support PCIe ASPM, so disable it
[    0.042269] ACPI: bus type PCI registered
[    0.042269] PCI: MMCONFIG for domain 0000 [bus 00-3f] at [mem 0xf8000000-0xfbffffff] (base 0xf8000000)
[    0.042269] PCI: MMCONFIG at [mem 0xf8000000-0xfbffffff] reserved in E820
[    0.042269] PCI: Using configuration type 1 for base access
[    0.042269] core: PMU erratum BJ122, BV98, HSD29 worked around, HT is on
[    0.065896] ACPI: Added _OSI(Module Device)
[    0.065896] ACPI: Added _OSI(Processor Device)
[    0.065896] ACPI: Added _OSI(3.0 _SCP Extensions)
[    0.065896] ACPI: Added _OSI(Processor Aggregator Device)
[    0.065896] ACPI: EC: EC started
[    0.065896] ACPI: EC: interrupt blocked
[    0.068005] ACPI: \: Used as first EC
[    0.068005] ACPI: \: GPE=0x11, EC_CMD/EC_SC=0x66, EC_DATA=0x62
[    0.068005] ACPI: \: Used as boot ECDT EC to handle transactions
[    0.084018] ACPI: [Firmware Bug]: BIOS _OSI(Linux) query ignored
[    0.102484] ACPI: Dynamic OEM Table Load:
[    0.102574] ACPI: SSDT 0xFFFF8801972AB000 0008C0 (v01 PmRef  Cpu0Cst  00003001 INTL 20061109)
[    0.102993] ACPI: Dynamic OEM Table Load:
[    0.102993] ACPI: SSDT 0xFFFF880196EF9000 000303 (v01 PmRef  ApIst    00003000 INTL 20061109)
[    0.104243] ACPI: Dynamic OEM Table Load:
[    0.104315] ACPI: SSDT 0xFFFF880197B2C200 000119 (v01 PmRef  ApCst    00003000 INTL 20061109)
[    0.104707] ACPI: Interpreter enabled
[    0.104707] ACPI: (supports S0 S3 S4 S5)
[    0.104707] ACPI: Using IOAPIC for interrupt routing
[    0.104815] PCI: Using host bridge windows from ACPI; if necessary, use "pci=nocrs" and report a bug
[    0.105603] ACPI: GPE 0x16 active on init
[    0.108084] ACPI: Enabled 6 GPEs in block 00 to 3F
[    0.120173] ACPI: Power Resource [PUBS] (on)
[    0.124059] acpi PNP0C0A:01: ACPI dock station (docks/bays count: 1)
[    0.128057] acpi LNXIOBAY:00: ACPI dock station (docks/bays count: 2)
[    0.136056] acpi IBM0079:00: ACPI dock station (docks/bays count: 3)
[    0.136056] ACPI: PCI Interrupt Link [LNKA] (IRQs 3 4 5 6 7 9 10 *11)
[    0.136056] ACPI: PCI Interrupt Link [LNKB] (IRQs 3 4 5 6 7 9 10 *11)
[    0.136056] ACPI: PCI Interrupt Link [LNKC] (IRQs 3 4 5 6 7 9 10 *11)
[    0.136056] ACPI: PCI Interrupt Link [LNKD] (IRQs 3 4 5 6 7 9 *10 11)
[    0.136056] ACPI: PCI Interrupt Link [LNKE] (IRQs 3 4 5 6 *7 9 10 11)
[    0.136205] ACPI: PCI Interrupt Link [LNKF] (IRQs 3 4 5 6 7 9 10 11) *0, disabled.
[    0.136632] ACPI: PCI Interrupt Link [LNKG] (IRQs 3 4 5 6 *7 9 10 11)
[    0.137052] ACPI: PCI Interrupt Link [LNKH] (IRQs 3 4 5 6 7 9 *10 11)
[    0.140058] ACPI: PCI Root Bridge [PCI0] (domain 0000 [bus 00-fe])
[    0.140058] acpi PNP0A08:00: _OSC: OS supports [ExtendedConfig ASPM ClockPM Segments]
[    0.140058] acpi PNP0A08:00: _OSC: not requesting OS control; OS requires [ExtendedConfig ASPM ClockPM MSI]
[    0.140058] acpi PNP0A08:00: [Firmware Info]: MMCONFIG for domain 0000 [bus 00-3f] only partially covers this bridge
[    0.140058] PCI host bridge to bus 0000:00
[    0.140058] pci_bus 0000:00: root bus resource [io  0x0000-0x0cf7 window]
[    0.140058] pci_bus 0000:00: root bus resource [io  0x0d00-0xffff window]
[    0.140058] pci_bus 0000:00: root bus resource [mem 0x000a0000-0x000bffff window]
[    0.140058] pci_bus 0000:00: root bus resource [mem 0xdfa00000-0xfebfffff window]
[    0.140058] pci_bus 0000:00: root bus resource [mem 0xfed40000-0xfed4bfff window]
[    0.140058] pci_bus 0000:00: root bus resource [bus 00-fe]
[    0.140058] pci 0000:00:00.0: [8086:0104] type 00 class 0x060000
[    0.140058] pci 0000:00:02.0: [8086:0126] type 00 class 0x030000
[    0.140058] pci 0000:00:02.0: reg 0x10: [mem 0xf0000000-0xf03fffff 64bit]
[    0.140058] pci 0000:00:02.0: reg 0x18: [mem 0xe0000000-0xefffffff 64bit pref]
[    0.140058] pci 0000:00:02.0: reg 0x20: [io  0x5000-0x503f]
[    0.140058] pci 0000:00:16.0: [8086:1c3a] type 00 class 0x078000
[    0.140058] pci 0000:00:16.0: reg 0x10: [mem 0xf2525000-0xf252500f 64bit]
[    0.140058] pci 0000:00:16.0: PME# supported from D0 D3hot D3cold
[    0.140058] pci 0000:00:19.0: [8086:1502] type 00 class 0x020000
[    0.140058] pci 0000:00:19.0: reg 0x10: [mem 0xf2500000-0xf251ffff]
[    0.140058] pci 0000:00:19.0: reg 0x14: [mem 0xf252b000-0xf252bfff]
[    0.140058] pci 0000:00:19.0: reg 0x18: [io  0x5080-0x509f]
[    0.140058] pci 0000:00:19.0: PME# supported from D0 D3hot D3cold
[    0.140058] pci 0000:00:1a.0: [8086:1c2d] type 00 class 0x0c0320
[    0.140058] pci 0000:00:1a.0: reg 0x10: [mem 0xf252a000-0xf252a3ff]
[    0.140123] pci 0000:00:1a.0: PME# supported from D0 D3hot D3cold
[    0.140329] pci 0000:00:1b.0: [8086:1c20] type 00 class 0x040300
[    0.140363] pci 0000:00:1b.0: reg 0x10: [mem 0xf2520000-0xf2523fff 64bit]
[    0.140462] pci 0000:00:1b.0: PME# supported from D0 D3hot D3cold
[    0.144050] pci 0000:00:1c.0: [8086:1c10] type 01 class 0x060400
[    0.144050] pci 0000:00:1c.0: PME# supported from D0 D3hot D3cold
[    0.144054] pci 0000:00:1c.1: [8086:1c12] type 01 class 0x060400
[    0.144054] pci 0000:00:1c.1: PME# supported from D0 D3hot D3cold
[    0.144054] pci 0000:00:1c.3: [8086:1c16] type 01 class 0x060400
[    0.144054] pci 0000:00:1c.3: PME# supported from D0 D3hot D3cold
[    0.144054] pci 0000:00:1c.4: [8086:1c18] type 01 class 0x060400
[    0.144054] pci 0000:00:1c.4: PME# supported from D0 D3hot D3cold
[    0.144054] pci 0000:00:1d.0: [8086:1c26] type 00 class 0x0c0320
[    0.144054] pci 0000:00:1d.0: reg 0x10: [mem 0xf2529000-0xf25293ff]
[    0.144054] pci 0000:00:1d.0: PME# supported from D0 D3hot D3cold
[    0.144054] pci 0000:00:1f.0: [8086:1c4f] type 00 class 0x060100
[    0.144054] pci 0000:00:1f.2: [8086:1c03] type 00 class 0x010601
[    0.144054] pci 0000:00:1f.2: reg 0x10: [io  0x50a8-0x50af]
[    0.144054] pci 0000:00:1f.2: reg 0x14: [io  0x50bc-0x50bf]
[    0.144054] pci 0000:00:1f.2: reg 0x18: [io  0x50a0-0x50a7]
[    0.144054] pci 0000:00:1f.2: reg 0x1c: [io  0x50b8-0x50bb]
[    0.144054] pci 0000:00:1f.2: reg 0x20: [io  0x5060-0x507f]
[    0.144054] pci 0000:00:1f.2: reg 0x24: [mem 0xf2528000-0xf25287ff]
[    0.144054] pci 0000:00:1f.2: PME# supported from D3hot
[    0.144054] pci 0000:00:1f.3: [8086:1c22] type 00 class 0x0c0500
[    0.144054] pci 0000:00:1f.3: reg 0x10: [mem 0xf2524000-0xf25240ff 64bit]
[    0.144054] pci 0000:00:1f.3: reg 0x20: [io  0xefa0-0xefbf]
[    0.144054] pci 0000:00:1c.0: PCI bridge to [bus 02]
[    0.144054] pci 0000:03:00.0: [8086:0084] type 00 class 0x028000
[    0.144054] pci 0000:03:00.0: reg 0x10: [mem 0xf2400000-0xf2401fff 64bit]
[    0.144054] pci 0000:03:00.0: PME# supported from D0 D3hot D3cold
[    0.160078] pci 0000:00:1c.1: PCI bridge to [bus 03]
[    0.160171] pci 0000:00:1c.1:   bridge window [mem 0xf2400000-0xf24fffff]
[    0.160269] pci 0000:00:1c.3: PCI bridge to [bus 05-0c]
[    0.160344] pci 0000:00:1c.3:   bridge window [io  0x4000-0x4fff]
[    0.160349] pci 0000:00:1c.3:   bridge window [mem 0xf1c00000-0xf23fffff]
[    0.160356] pci 0000:00:1c.3:   bridge window [mem 0xf0400000-0xf0bfffff 64bit pref]
[    0.164058] pci 0000:0d:00.0: [1180:e822] type 00 class 0x088001
[    0.164058] pci 0000:0d:00.0: MMC controller base frequency changed to 50Mhz.
[    0.164058] pci 0000:0d:00.0: reg 0x10: [mem 0xf1400000-0xf14000ff]
[    0.164058] pci 0000:0d:00.0: supports D1 D2
[    0.164058] pci 0000:0d:00.0: PME# supported from D0 D1 D2 D3hot D3cold
[    0.176140] pci 0000:00:1c.4: PCI bridge to [bus 0d]
[    0.176209] pci 0000:00:1c.4:   bridge window [io  0x3000-0x3fff]
[    0.176214] pci 0000:00:1c.4:   bridge window [mem 0xf1400000-0xf1bfffff]
[    0.176224] pci 0000:00:1c.4:   bridge window [mem 0xf0c00000-0xf13fffff 64bit pref]
[    0.176260] pci_bus 0000:00: on NUMA node 0
[    0.180055] ACPI: EC: interrupt unblocked
[    0.180055] ACPI: EC: event unblocked
[    0.180055] ACPI: \_SB_.PCI0.LPC_.EC__: GPE=0x11, EC_CMD/EC_SC=0x66, EC_DATA=0x62
[    0.180055] ACPI: \_SB_.PCI0.LPC_.EC__: Used as boot DSDT EC to handle transactions and events
[    0.184047] pci 0000:00:02.0: vgaarb: setting as boot VGA device
[    0.184104] pci 0000:00:02.0: vgaarb: VGA device added: decodes=io+mem,owns=io+mem,locks=none
[    0.184199] pci 0000:00:02.0: vgaarb: bridge control possible
[    0.184264] vgaarb: loaded
[    0.184591] SCSI subsystem initialized
[    0.184685] libata version 3.00 loaded.
[    0.184685] ACPI: bus type USB registered
[    0.184685] usbcore: registered new interface driver usbfs
[    0.184685] usbcore: registered new interface driver hub
[    0.184685] usbcore: registered new device driver usb
[    0.184737] media: Linux media interface: v0.10
[    0.184829] Linux video capture interface: v2.00
[    0.184925] pps_core: LinuxPPS API ver. 1 registered
[    0.184993] pps_core: Software ver. 5.3.6 - Copyright 2005-2007 Rodolfo Giometti <giometti@linux.it>
[    0.185097] PTP clock support registered
[    0.185239] EDAC MC: Ver: 3.0.0
[    0.185239] Advanced Linux Sound Architecture Driver Initialized.
[    0.185239] PCI: Using ACPI for IRQ routing
[    0.188729] PCI: pci_cache_line_size set to 64 bytes
[    0.188995] e820: reserve RAM buffer [mem 0x0009d800-0x0009ffff]
[    0.188998] e820: reserve RAM buffer [mem 0xda99f000-0xdbffffff]
[    0.189000] e820: reserve RAM buffer [mem 0xdb000000-0xdbffffff]
[    0.189003] e820: reserve RAM buffer [mem 0x19e600000-0x19fffffff]
[    0.189345] Bluetooth: Core ver 2.22
[    0.189436] NET: Registered protocol family 31
[    0.189497] Bluetooth: HCI device and connection manager initialized
[    0.189570] Bluetooth: HCI socket layer initialized
[    0.189634] Bluetooth: L2CAP socket layer initialized
[    0.189718] Bluetooth: SCO socket layer initialized
[    0.189853] clocksource: Switched to clocksource tsc-early
[    0.189853] pnp: PnP ACPI init
[    0.189853] system 00:00: [mem 0x00000000-0x0009ffff] could not be reserved
[    0.189856] system 00:00: [mem 0x000c0000-0x000c3fff] could not be reserved
[    0.189929] system 00:00: [mem 0x000c4000-0x000c7fff] could not be reserved
[    0.190004] system 00:00: [mem 0x000c8000-0x000cbfff] has been reserved
[    0.190174] system 00:00: [mem 0x000cc000-0x000cffff] has been reserved
[    0.190246] system 00:00: [mem 0x000d0000-0x000d3fff] could not be reserved
[    0.190318] system 00:00: [mem 0x000d4000-0x000d7fff] has been reserved
[    0.190389] system 00:00: [mem 0x000d8000-0x000dbfff] has been reserved
[    0.190460] system 00:00: [mem 0x000dc000-0x000dffff] has been reserved
[    0.190531] system 00:00: [mem 0x000e0000-0x000e3fff] could not be reserved
[    0.190604] system 00:00: [mem 0x000e4000-0x000e7fff] could not be reserved
[    0.190676] system 00:00: [mem 0x000e8000-0x000ebfff] could not be reserved
[    0.190749] system 00:00: [mem 0x000ec000-0x000effff] could not be reserved
[    0.190821] system 00:00: [mem 0x000f0000-0x000fffff] could not be reserved
[    0.190894] system 00:00: [mem 0x00100000-0xdf9fffff] could not be reserved
[    0.190967] system 00:00: [mem 0xfec00000-0xfed3ffff] could not be reserved
[    0.191039] system 00:00: [mem 0xfed4c000-0xffffffff] could not be reserved
[    0.191137] system 00:00: Plug and Play ACPI device, IDs PNP0c01 (active)
[    0.191421] system 00:01: [io  0x0400-0x047f] has been reserved
[    0.191491] system 00:01: [io  0x0500-0x057f] has been reserved
[    0.191559] system 00:01: [io  0x0800-0x080f] has been reserved
[    0.191627] system 00:01: [io  0x15e0-0x15ef] has been reserved
[    0.191695] system 00:01: [io  0x1600-0x167f] has been reserved
[    0.191764] system 00:01: [mem 0xf8000000-0xfbffffff] has been reserved
[    0.191836] system 00:01: [mem 0x00000000-0x00000fff] could not be reserved
[    0.191908] system 00:01: [mem 0xfed1c000-0xfed1ffff] has been reserved
[    0.191979] system 00:01: [mem 0xfed10000-0xfed13fff] has been reserved
[    0.192053] system 00:01: [mem 0xfed18000-0xfed18fff] has been reserved
[    0.192124] system 00:01: [mem 0xfed19000-0xfed19fff] has been reserved
[    0.192195] system 00:01: [mem 0xfed45000-0xfed4bfff] has been reserved
[    0.192282] system 00:01: Plug and Play ACPI device, IDs PNP0c02 (active)
[    0.192433] pnp 00:02: Plug and Play ACPI device, IDs PNP0b00 (active)
[    0.192498] pnp 00:03: Plug and Play ACPI device, IDs PNP0303 (active)
[    0.192562] pnp 00:04: Plug and Play ACPI device, IDs LEN0020 PNP0f13 (active)
[    0.192699] pnp 00:05: Plug and Play ACPI device, IDs SMO1200 PNP0c31 (active)
[    0.193721] pnp: PnP ACPI: found 6 devices
[    0.204681] clocksource: acpi_pm: mask: 0xffffff max_cycles: 0xffffff, max_idle_ns: 2085701024 ns
[    0.204791] pci 0000:00:1c.0: bridge window [io  0x1000-0x0fff] to [bus 02] add_size 1000
[    0.204795] pci 0000:00:1c.0: bridge window [mem 0x00100000-0x000fffff 64bit pref] to [bus 02] add_size 200000 add_align 100000
[    0.204800] pci 0000:00:1c.0: bridge window [mem 0x00100000-0x000fffff] to [bus 02] add_size 200000 add_align 100000
[    0.204837] pci 0000:00:1c.0: BAR 8: assigned [mem 0xdfa00000-0xdfbfffff]
[    0.204910] pci 0000:00:1c.0: BAR 9: assigned [mem 0xdfc00000-0xdfdfffff 64bit pref]
[    0.204984] pci 0000:00:1c.0: BAR 7: assigned [io  0x2000-0x2fff]
[    0.205055] pci 0000:00:1c.0: PCI bridge to [bus 02]
[    0.205120] pci 0000:00:1c.0:   bridge window [io  0x2000-0x2fff]
[    0.205191] pci 0000:00:1c.0:   bridge window [mem 0xdfa00000-0xdfbfffff]
[    0.205263] pci 0000:00:1c.0:   bridge window [mem 0xdfc00000-0xdfdfffff 64bit pref]
[    0.205341] pci 0000:00:1c.1: PCI bridge to [bus 03]
[    0.205408] pci 0000:00:1c.1:   bridge window [mem 0xf2400000-0xf24fffff]
[    0.205485] pci 0000:00:1c.3: PCI bridge to [bus 05-0c]
[    0.205550] pci 0000:00:1c.3:   bridge window [io  0x4000-0x4fff]
[    0.205621] pci 0000:00:1c.3:   bridge window [mem 0xf1c00000-0xf23fffff]
[    0.205692] pci 0000:00:1c.3:   bridge window [mem 0xf0400000-0xf0bfffff 64bit pref]
[    0.205769] pci 0000:00:1c.4: PCI bridge to [bus 0d]
[    0.205834] pci 0000:00:1c.4:   bridge window [io  0x3000-0x3fff]
[    0.205906] pci 0000:00:1c.4:   bridge window [mem 0xf1400000-0xf1bfffff]
[    0.205978] pci 0000:00:1c.4:   bridge window [mem 0xf0c00000-0xf13fffff 64bit pref]
[    0.206059] pci_bus 0000:00: resource 4 [io  0x0000-0x0cf7 window]
[    0.206061] pci_bus 0000:00: resource 5 [io  0x0d00-0xffff window]
[    0.206063] pci_bus 0000:00: resource 6 [mem 0x000a0000-0x000bffff window]
[    0.206065] pci_bus 0000:00: resource 7 [mem 0xdfa00000-0xfebfffff window]
[    0.206067] pci_bus 0000:00: resource 8 [mem 0xfed40000-0xfed4bfff window]
[    0.206070] pci_bus 0000:02: resource 0 [io  0x2000-0x2fff]
[    0.206072] pci_bus 0000:02: resource 1 [mem 0xdfa00000-0xdfbfffff]
[    0.206074] pci_bus 0000:02: resource 2 [mem 0xdfc00000-0xdfdfffff 64bit pref]
[    0.206076] pci_bus 0000:03: resource 1 [mem 0xf2400000-0xf24fffff]
[    0.206078] pci_bus 0000:05: resource 0 [io  0x4000-0x4fff]
[    0.206080] pci_bus 0000:05: resource 1 [mem 0xf1c00000-0xf23fffff]
[    0.206082] pci_bus 0000:05: resource 2 [mem 0xf0400000-0xf0bfffff 64bit pref]
[    0.206084] pci_bus 0000:0d: resource 0 [io  0x3000-0x3fff]
[    0.206086] pci_bus 0000:0d: resource 1 [mem 0xf1400000-0xf1bfffff]
[    0.206088] pci_bus 0000:0d: resource 2 [mem 0xf0c00000-0xf13fffff 64bit pref]
[    0.206360] NET: Registered protocol family 2
[    0.206791] tcp_listen_portaddr_hash hash table entries: 4096 (order: 6, 294912 bytes)
[    0.207012] TCP established hash table entries: 65536 (order: 7, 524288 bytes)
[    0.207184] TCP bind hash table entries: 65536 (order: 10, 4194304 bytes)
[    0.209389] TCP: Hash tables configured (established 65536 bind 65536)
[    0.209802] UDP hash table entries: 4096 (order: 7, 655360 bytes)
[    0.210196] UDP-Lite hash table entries: 4096 (order: 7, 655360 bytes)
[    0.210701] NET: Registered protocol family 1
[    0.211101] RPC: Registered named UNIX socket transport module.
[    0.211170] RPC: Registered udp transport module.
[    0.211232] RPC: Registered tcp transport module.
[    0.211295] RPC: Registered tcp NFSv4.1 backchannel transport module.
[    0.211620] pci 0000:00:02.0: Video device with shadowed ROM at [mem 0x000c0000-0x000dffff]
[    0.212696] PCI: CLS 64 bytes, default 64
[    0.212759] PCI-DMA: Using software bounce buffering for IO (SWIOTLB)
[    0.213315] software IO TLB [mem 0xd699f000-0xda99f000] (64MB) mapped at [00000000ad2e44cb-00000000ab6c9d90]
[    0.215792] Initialise system trusted keyrings
[    0.215953] workingset: timestamp_bits=62 max_order=21 bucket_order=0
[    0.217236] Installing knfsd (copyright (C) 1996 okir@monad.swb.de).
[    0.217899] ntfs: driver 2.1.32 [Flags: R/W].
[    0.218084] fuse init (API version 7.26)
[    0.219908] Key type asymmetric registered
[    0.219973] Asymmetric key parser 'x509' registered
[    0.220085] Block layer SCSI generic (bsg) driver version 0.4 loaded (major 249)
[    0.220161] io scheduler noop registered
[    0.220220] io scheduler deadline registered
[    0.220303] io scheduler cfq registered (default)
[    0.220364] io scheduler mq-deadline registered
[    0.220444] io scheduler bfq registered
[    0.221312] pcieport 0000:00:1c.0: enabling device (0000 -> 0003)
[    0.222641] intel_idle: MWAIT substates: 0x21120
[    0.222644] intel_idle: v0.4.1 model 0x2A
[    0.223039] intel_idle: lapic_timer_reliable_states 0xffffffff
[    0.223295] ACPI: Deprecated procfs I/F for AC is loaded, please retry with CONFIG_ACPI_PROCFS_POWER cleared
[    0.223474] ACPI: AC Adapter [AC] (on-line)
[    0.223721] input: Lid Switch as /devices/LNXSYSTM:00/LNXSYBUS:00/PNP0C0D:00/input/input0
[    0.223941] ACPI: Lid Switch [LID]
[    0.224145] input: Sleep Button as /devices/LNXSYSTM:00/LNXSYBUS:00/PNP0C0E:00/input/input1
[    0.224336] ACPI: Sleep Button [SLPB]
[    0.224550] input: Power Button as /devices/LNXSYSTM:00/LNXPWRBN:00/input/input2
[    0.224663] ACPI: Power Button [PWRF]
[    0.227379] thermal LNXTHERM:00: registered as thermal_zone0
[    0.227449] ACPI: Thermal Zone [THM0] (79 C)
[    0.227852] Serial: 8250/16550 driver, 4 ports, IRQ sharing disabled
[    0.229495] lp: driver loaded but no devices found
[    0.229650] Non-volatile memory driver v1.3
[    0.230015] Linux agpgart interface v0.103
[    0.230509] [drm] radeon kernel modesetting enabled.
[    0.231775] [drm] Replacing VGA console driver
[    0.232387] Console: switching to colour dummy device 80x25
[    0.244322] [drm] Supports vblank timestamp caching Rev 2 (21.10.2013).
[    0.244347] [drm] Driver supports precise vblank timestamp query.
[    0.244662] ACPI: Deprecated procfs I/F for battery is loaded, please retry with CONFIG_ACPI_PROCFS_POWER cleared
[    0.244717] ACPI: Battery Slot [BAT0] (battery present)
[    0.245574] i915 0000:00:02.0: vgaarb: changed VGA decodes: olddecodes=io+mem,decodes=io+mem:owns=io+mem
[    0.327751] [drm] Initialized i915 1.6.0 20171222 for 0000:00:02.0 on minor 0
[    0.329859] ACPI: Video Device [VID] (multi-head: yes  rom: no  post: no)
[    0.330491] input: Video Bus as /devices/LNXSYSTM:00/LNXSYBUS:00/PNP0A08:00/LNXVIDEO:00/input/input3
[    0.330872] usbcore: registered new interface driver udl
[    0.339079] loop: module loaded
[    0.351869] ahci 0000:00:1f.2: version 3.0
[    0.352539] ahci 0000:00:1f.2: SSS flag set, parallel bus scan disabled
[    0.364119] ahci 0000:00:1f.2: AHCI 0001.0300 32 slots 6 ports 6 Gbps 0x13 impl SATA mode
[    0.364164] ahci 0000:00:1f.2: flags: 64bit ncq sntf ilck stag pm led clo pio slum part ems sxs apst 
[    0.390298] scsi host0: ahci
[    0.390633] scsi host1: ahci
[    0.390869] scsi host2: ahci
[    0.391123] scsi host3: ahci
[    0.391371] scsi host4: ahci
[    0.391639] scsi host5: ahci
[    0.391796] ata1: SATA max UDMA/133 abar m2048@0xf2528000 port 0xf2528100 irq 19
[    0.391823] ata2: SATA max UDMA/133 abar m2048@0xf2528000 port 0xf2528180 irq 19
[    0.391850] ata3: DUMMY
[    0.391858] ata4: DUMMY
[    0.391866] ata5: SATA max UDMA/133 abar m2048@0xf2528000 port 0xf2528300 irq 19
[    0.391883] ata6: DUMMY
[    0.392467] tun: Universal TUN/TAP device driver, 1.6
[    0.392864] e1000e: Intel(R) PRO/1000 Network Driver - 3.2.6-k
[    0.392881] e1000e: Copyright(c) 1999 - 2015 Intel Corporation.
[    0.393278] e1000e 0000:00:19.0: Interrupt Throttling Rate (ints/sec) set to dynamic conservative mode
[    0.491575] e1000e 0000:00:19.0 0000:00:19.0 (uninitialized): registered PHC clock
[    0.584897] e1000e 0000:00:19.0 eth0: (PCI Express:2.5GT/s:Width x1) f0:de:f1:e3:99:75
[    0.584921] e1000e 0000:00:19.0 eth0: Intel(R) PRO/1000 Network Connection
[    0.584985] e1000e 0000:00:19.0 eth0: MAC: 10, PHY: 11, PBA No: 1000FF-0FF
[    0.585157] PPP generic driver version 2.4.2
[    0.585324] PPP BSD Compression module registered
[    0.585334] PPP Deflate Compression module registered
[    0.585345] SLIP: version 0.8.4-NET3.019-NEWTTY (dynamic channels, max=256).
[    0.585359] CSLIP: code copyright 1989 Regents of the University of California.
[    0.585437] iwl3945: Intel(R) PRO/Wireless 3945ABG/BG Network Connection driver for Linux, in-tree:ds
[    0.585458] iwl3945: Copyright(c) 2003-2011 Intel Corporation
[    0.585469] iwl3945: hw_scan is disabled
[    0.585513] Intel(R) Wireless WiFi driver for Linux
[    0.585527] Copyright(c) 2003- 2015 Intel Corporation
[    0.585947] iwlwifi 0000:03:00.0: pci_enable_msi failed - -38
[    0.586249] usbcore: registered new interface driver ax88179_178a
[    0.586296] usbcore: registered new interface driver cdc_ether
[    0.586346] usbcore: registered new interface driver cdc_eem
[    0.586390] usbcore: registered new interface driver net1080
[    0.586440] usbcore: registered new interface driver cdc_subset
[    0.586480] usbcore: registered new interface driver zaurus
[    0.586543] usbcore: registered new interface driver cdc_ncm
[    0.586582] usbcore: registered new interface driver cdc_mbim
[    0.586861] ehci_hcd: USB 2.0 'Enhanced' Host Controller (EHCI) Driver
[    0.586895] ehci-pci: EHCI PCI platform driver
[    0.586930] iwlwifi 0000:03:00.0: loaded firmware version 39.31.5.1 build 35138 op_mode iwldvm
[    0.587061] iwlwifi 0000:03:00.0: CONFIG_IWLWIFI_DEBUG disabled
[    0.587077] iwlwifi 0000:03:00.0: CONFIG_IWLWIFI_DEBUGFS disabled
[    0.587093] iwlwifi 0000:03:00.0: CONFIG_IWLWIFI_DEVICE_TRACING disabled
[    0.587111] iwlwifi 0000:03:00.0: Detected Intel(R) Centrino(R) Wireless-N 1000 BGN, REV=0x6C
[    0.587228] ehci-pci 0000:00:1a.0: EHCI Host Controller
[    0.587392] ehci-pci 0000:00:1a.0: new USB bus registered, assigned bus number 1
[    0.587460] ehci-pci 0000:00:1a.0: debug port 2
[    0.591419] ehci-pci 0000:00:1a.0: cache line size of 64 is not supported
[    0.591429] ehci-pci 0000:00:1a.0: irq 16, io mem 0xf252a000
[    0.603294] iwlwifi 0000:03:00.0: reporting RF_KILL (radio disabled)
[    0.603348] iwlwifi 0000:03:00.0: RF_KILL bit toggled to disable radio.
[    0.604114] ehci-pci 0000:00:1a.0: USB 2.0 started, EHCI 1.00
[    0.604533] usb usb1: New USB device found, idVendor=1d6b, idProduct=0002
[    0.604579] usb usb1: New USB device strings: Mfr=3, Product=2, SerialNumber=1
[    0.604626] usb usb1: Product: EHCI Host Controller
[    0.604658] usb usb1: Manufacturer: Linux 4.16.0-rc4 ehci_hcd
[    0.604696] usb usb1: SerialNumber: 0000:00:1a.0
[    0.605486] hub 1-0:1.0: USB hub found
[    0.605561] hub 1-0:1.0: 3 ports detected
[    0.606848] ehci-pci 0000:00:1d.0: EHCI Host Controller
[    0.606990] ehci-pci 0000:00:1d.0: new USB bus registered, assigned bus number 2
[    0.607044] ehci-pci 0000:00:1d.0: debug port 2
[    0.610986] ehci-pci 0000:00:1d.0: cache line size of 64 is not supported
[    0.611012] ehci-pci 0000:00:1d.0: irq 23, io mem 0xf2529000
[    0.614362] fbcon: inteldrmfb (fb0) is primary device
[    0.624169] ehci-pci 0000:00:1d.0: USB 2.0 started, EHCI 1.00
[    0.624389] usb usb2: New USB device found, idVendor=1d6b, idProduct=0002
[    0.624392] usb usb2: New USB device strings: Mfr=3, Product=2, SerialNumber=1
[    0.624393] usb usb2: Product: EHCI Host Controller
[    0.624395] usb usb2: Manufacturer: Linux 4.16.0-rc4 ehci_hcd
[    0.624397] usb usb2: SerialNumber: 0000:00:1d.0
[    0.624907] hub 2-0:1.0: USB hub found
[    0.624946] hub 2-0:1.0: 3 ports detected
[    0.625644] ohci_hcd: USB 1.1 'Open' Host Controller (OHCI) Driver
[    0.625653] ohci-pci: OHCI PCI platform driver
[    0.625687] uhci_hcd: USB Universal Host Controller Interface driver
[    0.625928] usbcore: registered new interface driver cdc_acm
[    0.625929] cdc_acm: USB Abstract Control Model driver for USB modems and ISDN adapters
[    0.625970] usbcore: registered new interface driver usblp
[    0.625998] usbcore: registered new interface driver cdc_wdm
[    0.626048] usbcore: registered new interface driver usb-storage
[    0.626078] usbcore: registered new interface driver ums-sddr09
[    0.626193] usbcore: registered new interface driver usbserial_generic
[    0.626234] usbserial: USB Serial support registered for generic
[    0.626257] usbcore: registered new interface driver ch341
[    0.626274] usbserial: USB Serial support registered for ch341-uart
[    0.626298] usbcore: registered new interface driver ftdi_sio
[    0.626319] usbserial: USB Serial support registered for FTDI USB Serial Device
[    0.626367] usbcore: registered new interface driver option
[    0.626386] usbserial: USB Serial support registered for GSM modem (1-port)
[    0.626437] usbcore: registered new interface driver pl2303
[    0.626469] usbserial: USB Serial support registered for pl2303
[    0.626503] usbcore: registered new interface driver ti_usb_3410_5052
[    0.626531] usbserial: USB Serial support registered for TI USB 3410 1 port adapter
[    0.626557] usbserial: USB Serial support registered for TI USB 5052 2 port adapter
[    0.626561] ftdi_elan: driver ftdi-elan
[    0.626587] usbcore: registered new interface driver ftdi-elan
[    0.626702] i8042: PNP: PS/2 Controller [PNP0303:KBD,PNP0f13:MOU] at 0x60,0x64 irq 1,12
[    0.629879] serio: i8042 KBD port at 0x60,0x64 irq 1
[    0.629899] serio: i8042 AUX port at 0x60,0x64 irq 12
[    0.630213] mousedev: PS/2 mouse device common for all mice
[    0.630840] input: PC Speaker as /devices/platform/pcspkr/input/input4
[    0.631133] rtc_cmos 00:02: RTC can wake from S4
[    0.631371] rtc_cmos 00:02: rtc core: registered rtc_cmos as rtc0
[    0.631404] rtc_cmos 00:02: alarms up to one month, y3k, 114 bytes nvram, hpet irqs
[    0.631502] usbcore: registered new interface driver uvcvideo
[    0.631503] USB Video Class driver (1.1.1)
[    0.631504] gspca_main: v2.14.0 registered
[    0.631545] usbcore: registered new interface driver sq930x
[    0.632241] device-mapper: ioctl: 4.37.0-ioctl (2017-09-20) initialised: dm-devel@redhat.com
[    0.632244] Bluetooth: HCI UART driver ver 2.3
[    0.632247] Bluetooth: HCI UART protocol H4 registered
[    0.632248] Bluetooth: HCI UART protocol BCSP registered
[    0.632357] usbcore: registered new interface driver btusb
[    0.632363] intel_pstate: Intel P-state driver initializing
[    0.632550] ieee80211 phy0: Selected rate control algorithm 'iwl-agn-rs'
[    0.632815] sdhci: Secure Digital Host Controller Interface driver
[    0.632819] sdhci: Copyright(c) Pierre Ossman
[    0.632930] sdhci-pci 0000:0d:00.0: SDHCI controller found [1180:e822] (rev 7)
[    0.634913] mmc0 bounce up to 128 segments into one, max segment size 65536 bytes
[    0.635801] mmc0: SDHCI controller on PCI [0000:0d:00.0] using DMA
[    0.636424] hidraw: raw HID events driver (C) Jiri Kosina
[    0.639198] usbcore: registered new interface driver usbhid
[    0.639202] usbhid: USB HID core driver
[    0.641041] input: AT Translated Set 2 keyboard as /devices/platform/i8042/serio0/input/input5
[    0.643320] thinkpad_acpi: ThinkPad ACPI Extras v0.25
[    0.643323] thinkpad_acpi: http://ibm-acpi.sf.net/
[    0.643326] thinkpad_acpi: ThinkPad BIOS 8DET73WW (1.43 ), EC unknown
[    0.643330] thinkpad_acpi: Lenovo ThinkPad X220, model 42872WU
[    0.644718] thinkpad_acpi: radio switch found; radios are disabled
[    0.644940] thinkpad_acpi: Tablet mode switch found (type: MHKG), currently in laptop mode
[    0.644957] thinkpad_acpi: This ThinkPad has standard ACPI backlight brightness control, supported by the ACPI video driver
[    0.644958] thinkpad_acpi: Disabling thinkpad-acpi brightness events by default...
[    0.649944] thinkpad_acpi: rfkill switch tpacpi_bluetooth_sw: radio is blocked
[    0.651191] thinkpad_acpi: warning: userspace override of important firmware LEDs is enabled
[    0.651208] thinkpad_acpi: Standard ACPI backlight interface available, not loading native one
[    0.651209] thinkpad_acpi: volume: disabled as there is no ALSA support in this kernel
[    0.652190] input: ThinkPad Extra Buttons as /devices/platform/thinkpad_acpi/input/input7
[    0.653321] usbcore: registered new interface driver snd-usb-audio
[    0.654126] NET: Registered protocol family 17
[    0.654340] Bluetooth: RFCOMM TTY layer initialized
[    0.654376] Bluetooth: RFCOMM socket layer initialized
[    0.654388] Bluetooth: RFCOMM ver 1.11
[    0.654397] Bluetooth: BNEP (Ethernet Emulation) ver 1.3
[    0.654398] Bluetooth: BNEP filters: protocol multicast
[    0.654402] Bluetooth: BNEP socket layer initialized
[    0.654403] Bluetooth: HIDP (Human Interface Emulation) ver 1.2
[    0.654407] Bluetooth: HIDP socket layer initialized
[    0.654577] microcode: sig=0x206a7, pf=0x10, revision=0x29
[    0.654725] microcode: Microcode Update Driver: v2.2.
[    0.654770] sched_clock: Marking stable (654701187, 0)->(635006403, 19694784)
[    0.655257] Loading compiled-in X.509 certificates
[    0.655713] Key type encrypted registered
[    0.656327] rtc_cmos 00:02: setting system clock to 2018-03-08 13:56:39 UTC (1520517399)
[    0.656481] cfg80211: Loading compiled-in X.509 certificates for regulatory database
[    0.657441] cfg80211: Loaded X.509 cert 'sforshee: 00b28ddf47aef9cea7'
[    0.657621] platform regulatory.0: Direct firmware load for regulatory.db failed with error -2
[    0.657645] cfg80211: failed to load regulatory.db
[    0.695102] snd_hda_intel 0000:00:1b.0: bound 0000:00:02.0 (ops i915_audio_component_bind_ops)
[    0.708169] ata1: SATA link up 1.5 Gbps (SStatus 113 SControl 300)
[    0.718520] snd_hda_codec_generic hdaudioC0D0: autoconfig for Generic: line_outs=1 (0x1f/0x0/0x0/0x0/0x0) type:speaker
[    0.718526] snd_hda_codec_generic hdaudioC0D0:    speaker_outs=0 (0x0/0x0/0x0/0x0/0x0)
[    0.718532] snd_hda_codec_generic hdaudioC0D0:    hp_outs=1 (0x19/0x0/0x0/0x0/0x0)
[    0.718536] snd_hda_codec_generic hdaudioC0D0:    mono: mono_out=0x0
[    0.718540] snd_hda_codec_generic hdaudioC0D0:    inputs:
[    0.718547] snd_hda_codec_generic hdaudioC0D0:      Internal Mic=0x23
[    0.718552] snd_hda_codec_generic hdaudioC0D0:      Mic=0x1b
[    0.719017] Console: switching to colour frame buffer device 102x42
[    0.723075] snd_hda_codec_generic hdaudioC0D3: ignore pin 0x7, too many assigned pins
[    0.723080] snd_hda_codec_generic hdaudioC0D3: autoconfig for Generic: line_outs=0 (0x0/0x0/0x0/0x0/0x0) type:line
[    0.723083] snd_hda_codec_generic hdaudioC0D3:    speaker_outs=0 (0x0/0x0/0x0/0x0/0x0)
[    0.723087] snd_hda_codec_generic hdaudioC0D3:    hp_outs=0 (0x0/0x0/0x0/0x0/0x0)
[    0.723089] snd_hda_codec_generic hdaudioC0D3:    mono: mono_out=0x0
[    0.723092] snd_hda_codec_generic hdaudioC0D3:    dig-out=0x5/0x6
[    0.723094] snd_hda_codec_generic hdaudioC0D3:    inputs:
[    0.726234] input: HDA Intel PCH Mic as /devices/pci0000:00/0000:00:1b.0/sound/card0/input9
[    0.726525] input: HDA Intel PCH Headphone as /devices/pci0000:00/0000:00:1b.0/sound/card0/input10
[    0.726788] input: HDA Intel PCH HDMI as /devices/pci0000:00/0000:00:1b.0/sound/card0/input11
[    0.727097] input: HDA Intel PCH HDMI as /devices/pci0000:00/0000:00:1b.0/sound/card0/input12
[    0.737182] ata1.00: ACPI cmd ef/02:00:00:00:00:a0 (SET FEATURES) succeeded
[    0.738194] i915 0000:00:02.0: fb0: inteldrmfb frame buffer device
[    0.739195] ata1.00: ACPI cmd f5/00:00:00:00:00:a0 (SECURITY FREEZE LOCK) filtered out
[    0.823670] ata1.00: ACPI cmd ef/10:03:00:00:00:a0 (SET FEATURES) filtered out
[    0.837916] ata1.00: ATA-8: Hitachi HTS545050A7E380, GG2OA7J0, max UDMA/133
[    0.839850] ata1.00: 976773168 sectors, multi 16: LBA48 NCQ (depth 31/32), AA
[    0.843402] ata1.00: ACPI cmd ef/02:00:00:00:00:a0 (SET FEATURES) succeeded
[    0.843409] ata1.00: ACPI cmd f5/00:00:00:00:00:a0 (SECURITY FREEZE LOCK) filtered out
[    0.845446] ata1.00: ACPI cmd ef/10:03:00:00:00:a0 (SET FEATURES) filtered out
[    0.848552] ata1.00: configured for UDMA/133
[    0.850185] scsi 0:0:0:0: Direct-Access     ATA      Hitachi HTS54505 A7J0 PQ: 0 ANSI: 5
[    0.854871] sd 0:0:0:0: [sda] 976773168 512-byte logical blocks: (500 GB/466 GiB)
[    0.854925] sd 0:0:0:0: Attached scsi generic sg0 type 0
[    0.857065] sd 0:0:0:0: [sda] 4096-byte physical blocks
[    0.860536] sd 0:0:0:0: [sda] Write Protect is off
[    0.863447] sd 0:0:0:0: [sda] Mode Sense: 00 3a 00 00
[    0.863617] sd 0:0:0:0: [sda] Write cache: enabled, read cache: enabled, doesn't support DPO or FUA
[    0.900884]  sda: sda1 sda2 sda3 sda4
[    0.907582] sd 0:0:0:0: [sda] Attached SCSI disk
[    0.940154] usb 1-1: new high-speed USB device number 2 using ehci-pci
[    0.960151] usb 2-1: new high-speed USB device number 2 using ehci-pci
[    1.097256] usb 1-1: New USB device found, idVendor=8087, idProduct=0024
[    1.098362] usb 1-1: New USB device strings: Mfr=0, Product=0, SerialNumber=0
[    1.100070] hub 1-1:1.0: USB hub found
[    1.101622] hub 1-1:1.0: 6 ports detected
[    1.116717] usb 2-1: New USB device found, idVendor=8087, idProduct=0024
[    1.118000] usb 2-1: New USB device strings: Mfr=0, Product=0, SerialNumber=0
[    1.120027] hub 2-1:1.0: USB hub found
[    1.121688] hub 2-1:1.0: 8 ports detected
[    1.176157] ata2: SATA link down (SStatus 0 SControl 300)
[    1.216122] tsc: Refined TSC clocksource calibration: 2491.905 MHz
[    1.219291] clocksource: tsc: mask: 0xffffffffffffffff max_cycles: 0x23eb5abbd7b, max_idle_ns: 440795277677 ns
[    1.222691] clocksource: Switched to clocksource tsc
[    1.392107] usb 1-1.3: new full-speed USB device number 3 using ehci-pci
[    1.412177] usb 2-1.1: new high-speed USB device number 3 using ehci-pci
[    1.496157] ata5: SATA link down (SStatus 0 SControl 300)
[    1.502598] usb 1-1.3: New USB device found, idVendor=147e, idProduct=2016
[    1.505874] usb 1-1.3: New USB device strings: Mfr=1, Product=2, SerialNumber=0
[    1.507689] usb 1-1.3: Product: Biometric Coprocessor
[    1.509527] usb 1-1.3: Manufacturer: UPEK
[    1.526586] usb 2-1.1: New USB device found, idVendor=05e3, idProduct=0608
[    1.529644] usb 2-1.1: New USB device strings: Mfr=0, Product=1, SerialNumber=0
[    1.532794] usb 2-1.1: Product: USB2.0 Hub
[    1.536571] hub 2-1.1:1.0: USB hub found
[    1.537835] hub 2-1.1:1.0: 4 ports detected
[    1.592059] usb 1-1.6: new high-speed USB device number 4 using ehci-pci
[    1.624926] psmouse serio1: synaptics: queried max coordinates: x [..5472], y [..4448]
[    1.708841] psmouse serio1: synaptics: Touchpad model: 1, fw: 8.0, id: 0x1e2b1, caps: 0xd001a3/0x940300/0x120c00/0x0, board id: 1611, fw id: 774180
[    1.711722] usb 1-1.6: New USB device found, idVendor=04f2, idProduct=b217
[    1.714768] psmouse serio1: synaptics: serio: Synaptics pass-through port at isa0060/serio1/input0
[    1.716202] usb 1-1.6: New USB device strings: Mfr=1, Product=2, SerialNumber=0
[    1.719277] usb 1-1.6: Product: Integrated Camera
[    1.720780] usb 1-1.6: Manufacturer: Chicony Electronics Co., Ltd.
[    1.724621] uvcvideo: Found UVC 1.00 device Integrated Camera (04f2:b217)
[    1.728801] uvcvideo 1-1.6:1.0: Entity type for entity Extension 3 was not initialized!
[    1.729697] uvcvideo 1-1.6:1.0: Entity type for entity Processing 2 was not initialized!
[    1.730599] uvcvideo 1-1.6:1.0: Entity type for entity Camera 1 was not initialized!
[    1.771635] input: SynPS/2 Synaptics TouchPad as /devices/platform/i8042/serio1/input/input8
[    1.827206] PM: Image not found (code -22)
[    1.827251] ALSA device list:
[    1.828028] usb 2-1.1.1: new high-speed USB device number 4 using ehci-pci
[    1.828131]   #0: HDA Intel PCH at 0xf2520000 irq 22
[    1.937324] usb 2-1.1.1: New USB device found, idVendor=1a40, idProduct=0101
[    1.940822] usb 2-1.1.1: New USB device strings: Mfr=0, Product=1, SerialNumber=0
[    1.944231] usb 2-1.1.1: Product: USB 2.0 Hub
[    1.948441] hub 2-1.1.1:1.0: USB hub found
[    1.949527] hub 2-1.1.1:1.0: 4 ports detected
[    2.032154] usb 2-1.1.2: new high-speed USB device number 5 using ehci-pci
[    2.144917] usb 2-1.1.2: New USB device found, idVendor=058f, idProduct=6254
[    2.148225] usb 2-1.1.2: New USB device strings: Mfr=0, Product=0, SerialNumber=0
[    2.152560] hub 2-1.1.2:1.0: USB hub found
[    2.155972] hub 2-1.1.2:1.0: 4 ports detected
[    2.240154] usb 2-1.1.1.1: new low-speed USB device number 6 using ehci-pci
[    2.357085] usb 2-1.1.1.1: New USB device found, idVendor=046d, idProduct=c05a
[    2.360349] usb 2-1.1.1.1: New USB device strings: Mfr=1, Product=2, SerialNumber=0
[    2.363542] usb 2-1.1.1.1: Product: USB Optical Mouse
[    2.366724] usb 2-1.1.1.1: Manufacturer: Logitech
[    2.371540] input: Logitech USB Optical Mouse as /devices/pci0000:00/0000:00:1d.0/usb2/2-1/2-1.1/2-1.1.1/2-1.1.1.1/2-1.1.1.1:1.0/0003:046D:C05A.0001/input/input14
[    2.374293] hid-generic 0003:046D:C05A.0001: input,hidraw0: USB HID v1.11 Mouse [Logitech USB Optical Mouse] on usb-0000:00:1d.0-1.1.1.1/input0
[    2.432150] usb 2-1.1.3: new low-speed USB device number 7 using ehci-pci
[    2.551278] psmouse serio2: trackpoint: IBM TrackPoint firmware: 0x0e, buttons: 3/3
[    2.568167] usb 2-1.1.3: New USB device found, idVendor=06a3, idProduct=053f
[    2.569834] usb 2-1.1.3: New USB device strings: Mfr=1, Product=2, SerialNumber=3
[    2.571417] usb 2-1.1.3: Product: Saitek X36
[    2.572992] usb 2-1.1.3: Manufacturer: Saitek
[    2.574482] usb 2-1.1.3: SerialNumber: 00103464
[    2.617198] input: Saitek Saitek X36 as /devices/pci0000:00/0000:00:1d.0/usb2/2-1/2-1.1/2-1.1.3/2-1.1.3:1.0/0003:06A3:053F.0002/input/input15
[    2.625630] hid-generic 0003:06A3:053F.0002: input,hidraw1: USB HID v1.00 Joystick [Saitek Saitek X36] on usb-0000:00:1d.0-1.1.3/input0
[    2.636175] usb 2-1.1.2.4: new full-speed USB device number 8 using ehci-pci
[    2.749729] usb 2-1.1.2.4: New USB device found, idVendor=0557, idProduct=2008
[    2.753499] usb 2-1.1.2.4: New USB device strings: Mfr=1, Product=2, SerialNumber=0
[    2.757215] usb 2-1.1.2.4: Product: USB-Serial Controller D
[    2.760807] usb 2-1.1.2.4: Manufacturer: Prolific Technology Inc. 
[    2.762540] pl2303 2-1.1.2.4:1.0: pl2303 converter detected
[    2.765410] usb 2-1.1.2.4: pl2303 converter now attached to ttyUSB0
[    2.828451] input: TPPS/2 IBM TrackPoint as /devices/platform/i8042/serio1/serio2/input/input13
[    2.848146] usb 2-1.1.1.3: new low-speed USB device number 9 using ehci-pci
[    2.939540] md: Waiting for all devices to be available before autodetect
[    2.943314] md: If you don't use raid, use raid=noautodetect
[    2.948218] md: Autodetecting RAID arrays.
[    2.951856] md: autorun ...
[    2.955395] md: ... autorun DONE.
[    2.987058] EXT4-fs (sda4): couldn't mount as ext3 due to feature incompatibilities
[    2.992953] usb 2-1.1.1.3: New USB device found, idVendor=04f2, idProduct=0111
[    2.993987] usb 2-1.1.1.3: New USB device strings: Mfr=1, Product=2, SerialNumber=0
[    2.994931] usb 2-1.1.1.3: Product: USB Keyboard
[    2.995859] usb 2-1.1.1.3: Manufacturer: Chicony
[    3.002489] input: Chicony USB Keyboard as /devices/pci0000:00/0000:00:1d.0/usb2/2-1/2-1.1/2-1.1.1/2-1.1.1.3/2-1.1.1.3:1.0/0003:04F2:0111.0003/input/input16
[    3.022166] EXT4-fs (sda4): mounted filesystem with ordered data mode. Opts: (null)
[    3.025069] VFS: Mounted root (ext4 filesystem) readonly on device 8:4.
[    3.040964] devtmpfs: mounted
[    3.045789] Freeing unused kernel memory: 1000K
[    3.048336] Write protecting the kernel read-only data: 24576k
[    3.052604] Freeing unused kernel memory: 2008K
[    3.055448] Freeing unused kernel memory: 892K
[    3.062332] x86/mm: Checked W+X mappings: passed, no W+X pages found.
[    3.063201] x86/mm: Checking user space page tables
[    3.064641] hid-generic 0003:04F2:0111.0003: input,hidraw2: USB HID v1.10 Keyboard [Chicony USB Keyboard] on usb-0000:00:1d.0-1.1.1.3/input0
[    3.070744] x86/mm: Checked W+X mappings: passed, no W+X pages found.
[    3.071666] rodata_test: all tests were successful
[    3.075098] input: Chicony USB Keyboard as /devices/pci0000:00/0000:00:1d.0/usb2/2-1/2-1.1/2-1.1.1/2-1.1.1.3/2-1.1.1.3:1.1/0003:04F2:0111.0004/input/input17
[    3.140495] hid-generic 0003:04F2:0111.0004: input,hiddev96,hidraw3: USB HID v1.10 Device [Chicony USB Keyboard] on usb-0000:00:1d.0-1.1.1.3/input1
[    3.899648] systemd[1]: systemd 215 running in system mode. (+PAM +AUDIT +SELINUX +IMA +SYSVINIT +LIBCRYPTSETUP +GCRYPT +ACL +XZ -SECCOMP -APPARMOR)
[    3.920437] systemd[1]: Detected architecture 'x86-64'.
[    4.169675] systemd[1]: Failed to insert module 'ipv6'
[    4.189657] systemd[1]: Set hostname to <duo>.
[    5.357796] random: crng init done
[    6.529717] systemd[1]: Binding to IPv6 address not available since kernel does not support IPv6.
[    6.533554] systemd[1]: [/lib/systemd/system/gpsd.socket:6] Failed to parse address value, ignoring: [::1]:2947
[    6.591433] systemd[1]: Starting Forward Password Requests to Wall Directory Watch.
[    6.595307] systemd[1]: Started Forward Password Requests to Wall Directory Watch.
[    6.598440] systemd[1]: Starting Remote File Systems (Pre).
[    6.604091] systemd[1]: Reached target Remote File Systems (Pre).
[    8.108730] systemd-udevd[2501]: starting version 215
[   10.309580] EXT4-fs (sda4): re-mounted. Opts: errors=remount-ro
[   10.566408] e1000e 0000:00:19.0 eth2: renamed from eth0
[   10.592435] systemd-udevd[2592]: renamed network interface eth0 to eth2
[   10.632259] iwlwifi 0000:03:00.0 wlan1: renamed from wlan0
[   10.656363] systemd-udevd[2586]: renamed network interface wlan0 to wlan1
[   14.519827] Adding 1681428k swap on /dev/sda1.  Priority:-2 extents:1 across:1681428k 
[   15.707076] EXT4-fs (sda2): mounted filesystem with ordered data mode. Opts: errors=remount-ro
[   15.967598] systemd-journald[2497]: Received request to flush runtime journal from PID 1
[   24.275814] NFSD: Using /var/lib/nfs/v4recovery as the NFSv4 state recovery directory
[   24.344916] NFSD: starting 90-second grace period (net f0000099)
[   34.787098] e1000e: eth2 NIC Link is Up 100 Mbps Full Duplex, Flow Control: Rx/Tx
[   34.787109] e1000e 0000:00:19.0 eth2: 10/100 speed: disabling TSO
[  113.390504] thinkpad_acpi: EC reports that Thermal Table has changed
[  113.682335] PM: suspend entry (deep)
[  113.682343] PM: Syncing filesystems ... done.
[  114.118550] Freezing user space processes ... (elapsed 0.007 seconds) done.
[  114.125761] OOM killer disabled.
[  114.125764] Freezing remaining freezable tasks ... (elapsed 0.003 seconds) done.
[  114.129731] Suspending console(s) (use no_console_suspend to debug)
[  114.313834] sd 0:0:0:0: [sda] Synchronizing SCSI cache
[  114.385735] sd 0:0:0:0: [sda] Stopping disk
[  114.392674] e1000e: EEE TX LPI TIMER: 00000011
[  114.982438] PM: suspend devices took 0.852 seconds
[  115.010357] ACPI: EC: interrupt blocked
[  115.050627] ACPI: Preparing to enter system sleep state S3
[  115.061683] ACPI: EC: event blocked
[  115.061688] ACPI: EC: EC stopped
[  115.061693] PM: Saving platform NVS memory
[  115.061719] Disabling non-boot CPUs ...
[  115.076111] smpboot: CPU 1 is now offline
[  115.100481] smpboot: CPU 2 is now offline
[  115.123443] IRQ 16: no longer affine to CPU3
[  115.125073] smpboot: CPU 3 is now offline
[  115.129139] ACPI: Low-level resume complete
[  115.129295] ACPI: EC: EC started
[  115.129301] PM: Restoring platform NVS memory
[  115.129803] Enabling non-boot CPUs ...
[  115.132565] x86: Booting SMP configuration:
[  115.132572] smpboot: Booting Node 0 Processor 1 APIC 0x1
[  115.134377] Disabled fast string operations
[  115.137422]  cache: parent cpu1 should not be sleeping
[  115.138091] CPU1 is up
[  115.140125] smpboot: Booting Node 0 Processor 2 APIC 0x2
[  115.140665] Disabled fast string operations
[  115.143569]  cache: parent cpu2 should not be sleeping
[  115.144306] CPU2 is up
[  115.146165] smpboot: Booting Node 0 Processor 3 APIC 0x3
[  115.146704] Disabled fast string operations
[  115.149575]  cache: parent cpu3 should not be sleeping
[  115.150442] CPU3 is up
[  115.153607] ACPI: Waking up from system sleep state S3
[  115.170380] ACPI: EC: interrupt unblocked
[  115.189668] sdhci-pci 0000:0d:00.0: MMC controller base frequency changed to 50Mhz.
[  115.227654] iwlwifi 0000:03:00.0: RF_KILL bit toggled to disable radio.
[  115.228217] ACPI: button: The lid device is not compliant to SW_LID.
[  115.228353] ACPI: EC: event unblocked
[  115.237306] sd 0:0:0:0: [sda] Starting disk
[  115.473229] usb 1-1.6: reset high-speed USB device number 4 using ehci-pci
[  115.577428] ata2: SATA link down (SStatus 0 SControl 300)
[  115.577491] ata5: SATA link down (SStatus 0 SControl 300)
[  115.774301] usb 1-1.3: reset full-speed USB device number 3 using ehci-pci
[  116.175903] psmouse serio1: synaptics: queried max coordinates: x [..5472], y [..4448]
[  116.958124] ata1: SATA link up 1.5 Gbps (SStatus 113 SControl 300)
[  116.959778] ata1.00: ACPI cmd ef/02:00:00:00:00:a0 (SET FEATURES) succeeded
[  116.959791] ata1.00: ACPI cmd f5/00:00:00:00:00:a0 (SECURITY FREEZE LOCK) filtered out
[  116.959799] ata1.00: ACPI cmd ef/10:03:00:00:00:a0 (SET FEATURES) filtered out
[  116.962847] ata1.00: ACPI cmd ef/02:00:00:00:00:a0 (SET FEATURES) succeeded
[  116.962858] ata1.00: ACPI cmd f5/00:00:00:00:00:a0 (SECURITY FREEZE LOCK) filtered out
[  116.962866] ata1.00: ACPI cmd ef/10:03:00:00:00:a0 (SET FEATURES) filtered out
[  116.964157] ata1.00: configured for UDMA/133
[  116.992499] PM: resume devices took 1.764 seconds
[  116.993420] OOM killer enabled.
[  116.993434] Restarting tasks ... 
[  116.993456] ACPI: \_SB_.PCI0.LPC_.EC__.BAT1: docking
[  116.993838] ACPI: \_SB_.PCI0.LPC_.EC__.BAT1: Unable to dock!
[  117.001515] done.
[  117.019621] PM: suspend exit
[  117.143068] e1000e: eth2 NIC Link is Down
[  119.449359] e1000e: eth2 NIC Link is Up 100 Mbps Full Duplex, Flow Control: Rx/Tx
[  119.449382] e1000e 0000:00:19.0 eth2: 10/100 speed: disabling TSO
