[    0.000000] Linux version 5.8.0+ (pavel@duo) (gcc (Debian 8.3.0-6) 8.3.0, GNU ld (GNU Binutils for Debian) 2.31.1) #125 SMP PREEMPT Mon Aug 3 14:39:52 CEST 2020
[    0.000000] Command line: BOOT_IMAGE=(hd1,2)/l/k/o/64/arch/x86/boot/bzImage root=/dev/sdb3 resume=/dev/sda1
[    0.000000] Disabled fast string operations
[    0.000000] x86/fpu: Supporting XSAVE feature 0x001: 'x87 floating point registers'
[    0.000000] x86/fpu: Supporting XSAVE feature 0x002: 'SSE registers'
[    0.000000] x86/fpu: Supporting XSAVE feature 0x004: 'AVX registers'
[    0.000000] x86/fpu: xstate_offset[2]:  576, xstate_sizes[2]:  256
[    0.000000] x86/fpu: Enabled xstate features 0x7, context size is 832 bytes, using 'standard' format.
[    0.000000] BIOS-provided physical RAM map:
[    0.000000] BIOS-e820: [mem 0x0000000000000000-0x000000000009d7ff] usable
[    0.000000] BIOS-e820: [mem 0x000000000009d800-0x000000000009ffff] reserved
[    0.000000] BIOS-e820: [mem 0x00000000000e0000-0x00000000000fffff] reserved
[    0.000000] BIOS-e820: [mem 0x0000000000100000-0x000000001fffffff] usable
[    0.000000] BIOS-e820: [mem 0x0000000020000000-0x00000000201fffff] reserved
[    0.000000] BIOS-e820: [mem 0x0000000020200000-0x000000003fffffff] usable
[    0.000000] BIOS-e820: [mem 0x0000000040000000-0x00000000401fffff] reserved
[    0.000000] BIOS-e820: [mem 0x0000000040200000-0x00000000da99efff] usable
[    0.000000] BIOS-e820: [mem 0x00000000da99f000-0x00000000dae9efff] reserved
[    0.000000] BIOS-e820: [mem 0x00000000dae9f000-0x00000000daf9efff] ACPI NVS
[    0.000000] BIOS-e820: [mem 0x00000000daf9f000-0x00000000daffefff] ACPI data
[    0.000000] BIOS-e820: [mem 0x00000000dafff000-0x00000000daffffff] usable
[    0.000000] BIOS-e820: [mem 0x00000000db000000-0x00000000df9fffff] reserved
[    0.000000] BIOS-e820: [mem 0x00000000f8000000-0x00000000fbffffff] reserved
[    0.000000] BIOS-e820: [mem 0x00000000fec00000-0x00000000fec00fff] reserved
[    0.000000] BIOS-e820: [mem 0x00000000fed08000-0x00000000fed08fff] reserved
[    0.000000] BIOS-e820: [mem 0x00000000fed10000-0x00000000fed19fff] reserved
[    0.000000] BIOS-e820: [mem 0x00000000fed1c000-0x00000000fed1ffff] reserved
[    0.000000] BIOS-e820: [mem 0x00000000fee00000-0x00000000fee00fff] reserved
[    0.000000] BIOS-e820: [mem 0x00000000ffd20000-0x00000000ffffffff] reserved
[    0.000000] BIOS-e820: [mem 0x0000000100000000-0x000000019e5fffff] usable
[    0.000000] BIOS-e820: [mem 0x000000019e600000-0x000000019e7fffff] reserved
[    0.000000] NX (Execute Disable) protection: active
[    0.000000] SMBIOS 2.6 present.
[    0.000000] DMI: LENOVO 42872WU/42872WU, BIOS 8DET74WW (1.44 ) 03/13/2018
[    0.000000] tsc: Fast TSC calibration using PIT
[    0.000000] tsc: Detected 2492.013 MHz processor
[    0.000616] e820: update [mem 0x00000000-0x00000fff] usable ==> reserved
[    0.000619] e820: remove [mem 0x000a0000-0x000fffff] usable
[    0.000627] last_pfn = 0x19e600 max_arch_pfn = 0x400000000
[    0.000633] MTRR default type: uncachable
[    0.000634] MTRR fixed ranges enabled:
[    0.000636]   00000-9FFFF write-back
[    0.000637]   A0000-BFFFF uncachable
[    0.000639]   C0000-FFFFF write-protect
[    0.000640] MTRR variable ranges enabled:
[    0.000642]   0 base 0FFC00000 mask FFFC00000 write-protect
[    0.000644]   1 base 000000000 mask F80000000 write-back
[    0.000646]   2 base 080000000 mask FC0000000 write-back
[    0.000647]   3 base 0C0000000 mask FE0000000 write-back
[    0.000648]   4 base 0DC000000 mask FFC000000 uncachable
[    0.000650]   5 base 0DB000000 mask FFF000000 uncachable
[    0.000651]   6 base 100000000 mask F80000000 write-back
[    0.000653]   7 base 180000000 mask FE0000000 write-back
[    0.000654]   8 base 19F000000 mask FFF000000 uncachable
[    0.000656]   9 base 19E800000 mask FFF800000 uncachable
[    0.001444] x86/PAT: Configuration [0-7]: WB  WC  UC- UC  WB  WP  UC- WT  
[    0.002790] last_pfn = 0xdb000 max_arch_pfn = 0x400000000
[    0.002811] reserving inaccessible SNB gfx pages
[    0.003789] ACPI: Early table checksum verification disabled
[    0.003795] ACPI: RSDP 0x00000000000F00E0 000024 (v02 LENOVO)
[    0.003801] ACPI: XSDT 0x00000000DAFFE120 0000AC (v01 LENOVO TP-8D    00001440 PTEC 00000002)
[    0.003808] ACPI: FACP 0x00000000DAFE7000 0000F4 (v04 LENOVO TP-8D    00001440 PTL  00000002)
[    0.003816] ACPI: DSDT 0x00000000DAFEA000 00FA89 (v01 LENOVO TP-8D    00001440 INTL 20061109)
[    0.003821] ACPI: FACS 0x00000000DAF2D000 000040
[    0.003825] ACPI: FACS 0x00000000DAF2D000 000040
[    0.003829] ACPI: SLIC 0x00000000DAFFD000 000176 (v01 LENOVO TP-8D    00001440 PTEC 00000001)
[    0.003834] ACPI: SSDT 0x00000000DAFFC000 000249 (v01 LENOVO TP-SSDT2 00000200 INTL 20061109)
[    0.003839] ACPI: SSDT 0x00000000DAFFB000 000033 (v01 LENOVO TP-SSDT1 00000100 INTL 20061109)
[    0.003843] ACPI: SSDT 0x00000000DAFFA000 0007D1 (v01 LENOVO SataAhci 00001000 INTL 20061109)
[    0.003848] ACPI: HPET 0x00000000DAFE6000 000038 (v01 LENOVO TP-8D    00001440 PTL  00000002)
[    0.003852] ACPI: APIC 0x00000000DAFE5000 000098 (v01 LENOVO TP-8D    00001440 PTL  00000002)
[    0.003857] ACPI: MCFG 0x00000000DAFE4000 00003C (v01 LENOVO TP-8D    00001440 PTL  00000002)
[    0.003861] ACPI: ECDT 0x00000000DAFE3000 000052 (v01 LENOVO TP-8D    00001440 PTL  00000002)
[    0.003866] ACPI: ASF! 0x00000000DAFE9000 0000A5 (v32 LENOVO TP-8D    00001440 PTL  00000002)
[    0.003871] ACPI: TCPA 0x00000000DAFE2000 000032 (v02 PTL    LENOVO   06040000 LNVO 00000001)
[    0.003876] ACPI: SSDT 0x00000000DAFE1000 000A27 (v01 PmRef  Cpu0Ist  00003000 INTL 20061109)
[    0.003880] ACPI: SSDT 0x00000000DAFE0000 000996 (v01 PmRef  CpuPm    00003000 INTL 20061109)
[    0.003885] ACPI: DMAR 0x00000000DAFDF000 0000E8 (v01 INTEL  SNB      00000001 INTL 00000001)
[    0.003890] ACPI: UEFI 0x00000000DAFDE000 00003E (v01 LENOVO TP-8D    00001440 PTL  00000002)
[    0.003894] ACPI: UEFI 0x00000000DAFDD000 000042 (v01 PTL    COMBUF   00000001 PTL  00000001)
[    0.003899] ACPI: UEFI 0x00000000DAFDC000 000292 (v01 LENOVO TP-8D    00001440 PTL  00000002)
[    0.003907] ACPI: Local APIC address 0xfee00000
[    0.003947] Zone ranges:
[    0.003950]   DMA      [mem 0x0000000000001000-0x0000000000ffffff]
[    0.003952]   DMA32    [mem 0x0000000001000000-0x00000000ffffffff]
[    0.003955]   Normal   [mem 0x0000000100000000-0x000000019e5fffff]
[    0.003957] Movable zone start for each node
[    0.003959] Early memory node ranges
[    0.003961]   node   0: [mem 0x0000000000001000-0x000000000009cfff]
[    0.003963]   node   0: [mem 0x0000000000100000-0x000000001fffffff]
[    0.003965]   node   0: [mem 0x0000000020200000-0x000000003fffffff]
[    0.003967]   node   0: [mem 0x0000000040200000-0x00000000da99efff]
[    0.003970]   node   0: [mem 0x00000000dafff000-0x00000000daffffff]
[    0.003972]   node   0: [mem 0x0000000100000000-0x000000019e5fffff]
[    0.004240] Zeroed struct page in unavailable ranges: 29892 pages
[    0.004241] Initmem setup node 0 [mem 0x0000000000001000-0x000000019e5fffff]
[    0.004245] On node 0 totalpages: 1542972
[    0.004247]   DMA zone: 56 pages used for memmap
[    0.004248]   DMA zone: 156 pages reserved
[    0.004250]   DMA zone: 3996 pages, LIFO batch:0
[    0.004289]   DMA32 zone: 12172 pages used for memmap
[    0.004290]   DMA32 zone: 890272 pages, LIFO batch:63
[    0.012405]   Normal zone: 8869 pages used for memmap
[    0.012409]   Normal zone: 648704 pages, LIFO batch:63
[    0.018311] Reserving Intel graphics memory at [mem 0xdba00000-0xdf9fffff]
[    0.018490] ACPI: PM-Timer IO Port: 0x408
[    0.018493] ACPI: Local APIC address 0xfee00000
[    0.018502] ACPI: LAPIC_NMI (acpi_id[0x00] high edge lint[0x1])
[    0.018504] ACPI: LAPIC_NMI (acpi_id[0x01] high edge lint[0x1])
[    0.018520] IOAPIC[0]: apic_id 2, version 32, address 0xfec00000, GSI 0-23
[    0.018524] ACPI: INT_SRC_OVR (bus 0 bus_irq 0 global_irq 2 dfl dfl)
[    0.018527] ACPI: INT_SRC_OVR (bus 0 bus_irq 9 global_irq 9 high level)
[    0.018530] ACPI: IRQ0 used by override.
[    0.018532] ACPI: IRQ9 used by override.
[    0.018535] Using ACPI (MADT) for SMP configuration information
[    0.018538] ACPI: HPET id: 0x8086a301 base: 0xfed00000
[    0.018543] TSC deadline timer available
[    0.018545] smpboot: Allowing 8 CPUs, 4 hotplug CPUs
[    0.018572] PM: hibernation: Registered nosave memory: [mem 0x00000000-0x00000fff]
[    0.018575] PM: hibernation: Registered nosave memory: [mem 0x0009d000-0x0009dfff]
[    0.018577] PM: hibernation: Registered nosave memory: [mem 0x0009e000-0x0009ffff]
[    0.018579] PM: hibernation: Registered nosave memory: [mem 0x000a0000-0x000dffff]
[    0.018581] PM: hibernation: Registered nosave memory: [mem 0x000e0000-0x000fffff]
[    0.018584] PM: hibernation: Registered nosave memory: [mem 0x20000000-0x201fffff]
[    0.018586] PM: hibernation: Registered nosave memory: [mem 0x40000000-0x401fffff]
[    0.018589] PM: hibernation: Registered nosave memory: [mem 0xda99f000-0xdae9efff]
[    0.018591] PM: hibernation: Registered nosave memory: [mem 0xdae9f000-0xdaf9efff]
[    0.018593] PM: hibernation: Registered nosave memory: [mem 0xdaf9f000-0xdaffefff]
[    0.018596] PM: hibernation: Registered nosave memory: [mem 0xdb000000-0xdf9fffff]
[    0.018598] PM: hibernation: Registered nosave memory: [mem 0xdfa00000-0xf7ffffff]
[    0.018600] PM: hibernation: Registered nosave memory: [mem 0xf8000000-0xfbffffff]
[    0.018602] PM: hibernation: Registered nosave memory: [mem 0xfc000000-0xfebfffff]
[    0.018603] PM: hibernation: Registered nosave memory: [mem 0xfec00000-0xfec00fff]
[    0.018605] PM: hibernation: Registered nosave memory: [mem 0xfec01000-0xfed07fff]
[    0.018607] PM: hibernation: Registered nosave memory: [mem 0xfed08000-0xfed08fff]
[    0.018609] PM: hibernation: Registered nosave memory: [mem 0xfed09000-0xfed0ffff]
[    0.018611] PM: hibernation: Registered nosave memory: [mem 0xfed10000-0xfed19fff]
[    0.018613] PM: hibernation: Registered nosave memory: [mem 0xfed1a000-0xfed1bfff]
[    0.018615] PM: hibernation: Registered nosave memory: [mem 0xfed1c000-0xfed1ffff]
[    0.018617] PM: hibernation: Registered nosave memory: [mem 0xfed20000-0xfedfffff]
[    0.018619] PM: hibernation: Registered nosave memory: [mem 0xfee00000-0xfee00fff]
[    0.018620] PM: hibernation: Registered nosave memory: [mem 0xfee01000-0xffd1ffff]
[    0.018622] PM: hibernation: Registered nosave memory: [mem 0xffd20000-0xffffffff]
[    0.018627] [mem 0xdfa00000-0xf7ffffff] available for PCI devices
[    0.018631] clocksource: refined-jiffies: mask: 0xffffffff max_cycles: 0xffffffff, max_idle_ns: 7645519600211568 ns
[    0.018638] setup_percpu: NR_CPUS:8 nr_cpumask_bits:8 nr_cpu_ids:8 nr_node_ids:1
[    0.020422] percpu: Embedded 60 pages/cpu s208528 r8192 d29040 u262144
[    0.020430] pcpu-alloc: s208528 r8192 d29040 u262144 alloc=1*2097152
[    0.020432] pcpu-alloc: [0] 0 1 2 3 4 5 6 7 
[    0.020457] Built 1 zonelists, mobility grouping on.  Total pages: 1521719
[    0.020461] Kernel command line: BOOT_IMAGE=(hd1,2)/l/k/o/64/arch/x86/boot/bzImage root=/dev/sdb3 resume=/dev/sda1
[    0.024329] Dentry cache hash table entries: 1048576 (order: 11, 8388608 bytes, linear)
[    0.026236] Inode-cache hash table entries: 524288 (order: 10, 4194304 bytes, linear)
[    0.026331] mem auto-init: stack:off, heap alloc:off, heap free:off
[    0.299576] Memory: 5970188K/6171888K available (16387K kernel code, 1103K rwdata, 5808K rodata, 1084K init, 5804K bss, 201700K reserved, 0K cma-reserved)
[    0.299601] random: get_random_u32 called from cache_grow_begin.constprop.84+0x2d8/0xe50 with crng_init=0
[    0.300210] Kernel/User page tables isolation: enabled
[    0.300408] rcu: Preemptible hierarchical RCU implementation.
[    0.300411] 	Trampoline variant of Tasks RCU enabled.
[    0.300414] rcu: RCU calculated value of scheduler-enlistment delay is 25 jiffies.
[    0.300444] NR_IRQS: 4352, nr_irqs: 104, preallocated irqs: 16
[    0.302420] Console: colour VGA+ 80x25
[    0.311417] printk: console [tty0] enabled
[    0.311476] Lock dependency validator: Copyright (c) 2006 Red Hat, Inc., Ingo Molnar
[    0.311548] ... MAX_LOCKDEP_SUBCLASSES:  8
[    0.311607] ... MAX_LOCK_DEPTH:          48
[    0.311667] ... MAX_LOCKDEP_KEYS:        8192
[    0.311727] ... CLASSHASH_SIZE:          4096
[    0.311787] ... MAX_LOCKDEP_ENTRIES:     32768
[    0.311847] ... MAX_LOCKDEP_CHAINS:      65536
[    0.311907] ... CHAINHASH_SIZE:          32768
[    0.311967]  memory used by lock dependency info: 3573 kB
[    0.312031]  per task-struct memory footprint: 1920 bytes
[    0.312101] ACPI: Core revision 20200528
[    0.312448] clocksource: hpet: mask: 0xffffffff max_cycles: 0xffffffff, max_idle_ns: 133484882848 ns
[    0.312558] APIC: Switch to symmetric I/O mode setup
[    0.313080] ..TIMER: vector=0x30 apic1=0 pin1=2 apic2=-1 pin2=-1
[    0.332558] clocksource: tsc-early: mask: 0xffffffffffffffff max_cycles: 0x23ebc0cb862, max_idle_ns: 440795261774 ns
[    0.332657] Calibrating delay loop (skipped), value calculated using timer frequency.. 4984.02 BogoMIPS (lpj=9968052)
[    0.332753] pid_max: default: 32768 minimum: 301
[    0.332965] Mount-cache hash table entries: 16384 (order: 5, 131072 bytes, linear)
[    0.333054] Mountpoint-cache hash table entries: 16384 (order: 5, 131072 bytes, linear)
[    0.333565] Disabled fast string operations
[    0.333636] process: using mwait in idle threads
[    0.333700] Last level iTLB entries: 4KB 512, 2MB 8, 4MB 8
[    0.333765] Last level dTLB entries: 4KB 512, 2MB 32, 4MB 32, 1GB 0
[    0.333833] Spectre V1 : Mitigation: usercopy/swapgs barriers and __user pointer sanitization
[    0.333921] Spectre V2 : Mitigation: Full generic retpoline
[    0.333985] Spectre V2 : Spectre v2 / SpectreRSB mitigation: Filling RSB on context switch
[    0.334060] Spectre V2 : Enabling Restricted Speculation for firmware calls
[    0.334130] Spectre V2 : mitigation: Enabling conditional Indirect Branch Prediction Barrier
[    0.334206] Spectre V2 : User space: Mitigation: STIBP via prctl
[    0.334272] Speculative Store Bypass: Vulnerable
[    0.334335] MDS: Vulnerable: Clear CPU buffers attempted, no microcode
[    0.334532] Freeing SMP alternatives memory: 48K
[    0.335632] smpboot: CPU0: Intel(R) Core(TM) i5-2520M CPU @ 2.50GHz (family: 0x6, model: 0x2a, stepping: 0x7)
[    0.336539] Performance Events: PEBS fmt1+, SandyBridge events, 16-deep LBR, full-width counters, Intel PMU driver.
[    0.336643] ... version:                3
[    0.336656] ... bit width:              48
[    0.336656] ... generic registers:      4
[    0.336656] ... value mask:             0000ffffffffffff
[    0.336656] ... max period:             00007fffffffffff
[    0.336656] ... fixed-purpose events:   3
[    0.336656] ... event mask:             000000070000000f
[    0.336656] rcu: Hierarchical SRCU implementation.
[    0.336656] NMI watchdog: Enabled. Permanently consumes one hw-PMU counter.
[    0.336656] smp: Bringing up secondary CPUs ...
[    0.337103] x86: Booting SMP configuration:
[    0.337169] .... node  #0, CPUs:      #1
[    0.015960] Disabled fast string operations
[    0.339511] MDS CPU bug present and SMT on, data leak possible. See https://www.kernel.org/doc/html/latest/admin-guide/hw-vuln/mds.html for more details.
[    0.339511]  #2
[    0.015960] Disabled fast string operations
[    0.342764]  #3
[    0.015960] Disabled fast string operations
[    0.344785] smp: Brought up 1 node, 4 CPUs
[    0.344946] smpboot: Max logical packages: 2
[    0.345008] smpboot: Total of 4 processors activated (19936.10 BogoMIPS)
[    0.348014] devtmpfs: initialized
[    0.348896] PM: Registering ACPI NVS region [mem 0xdae9f000-0xdaf9efff] (1048576 bytes)
[    0.349317] clocksource: jiffies: mask: 0xffffffff max_cycles: 0xffffffff, max_idle_ns: 7645041785100000 ns
[    0.349317] futex hash table entries: 2048 (order: 6, 262144 bytes, linear)
[    0.349317] thermal_sys: Registered thermal governor 'step_wise'
[    0.349375] NET: Registered protocol family 16
[    0.350292] cpuidle: using governor ladder
[    0.350391] cpuidle: using governor menu
[    0.350525] ACPI FADT declares the system doesn't support PCIe ASPM, so disable it
[    0.350601] ACPI: bus type PCI registered
[    0.350979] PCI: MMCONFIG for domain 0000 [bus 00-3f] at [mem 0xf8000000-0xfbffffff] (base 0xf8000000)
[    0.351098] PCI: MMCONFIG at [mem 0xf8000000-0xfbffffff] reserved in E820
[    0.351180] PCI: Using configuration type 1 for base access
[    0.351276] core: PMU erratum BJ122, BV98, HSD29 worked around, HT is on
[    0.351642] ENERGY_PERF_BIAS: Set to 'normal', was 'performance'
[    0.380885] ACPI: Added _OSI(Module Device)
[    0.380950] ACPI: Added _OSI(Processor Device)
[    0.381012] ACPI: Added _OSI(3.0 _SCP Extensions)
[    0.381076] ACPI: Added _OSI(Processor Aggregator Device)
[    0.381142] ACPI: Added _OSI(Linux-Dell-Video)
[    0.381205] ACPI: Added _OSI(Linux-Lenovo-NV-HDMI-Audio)
[    0.381271] ACPI: Added _OSI(Linux-HPI-Hybrid-Graphics)
[    0.422754] ACPI: 6 ACPI AML tables successfully acquired and loaded
[    0.425470] ACPI: EC: EC started
[    0.425529] ACPI: EC: interrupt blocked
[    0.428303] ACPI: EC: EC_CMD/EC_SC=0x66, EC_DATA=0x62
[    0.428367] ACPI: EC: Boot ECDT EC used to handle transactions
[    0.429073] ACPI: [Firmware Bug]: BIOS _OSI(Linux) query ignored
[    0.439283] ACPI: Dynamic OEM Table Load:
[    0.439358] ACPI: SSDT 0xFFFF888197446000 0008C0 (v01 PmRef  Cpu0Cst  00003001 INTL 20061109)
[    0.442258] ACPI: Dynamic OEM Table Load:
[    0.442330] ACPI: SSDT 0xFFFF888197202800 000303 (v01 PmRef  ApIst    00003000 INTL 20061109)
[    0.444701] ACPI: Dynamic OEM Table Load:
[    0.444772] ACPI: SSDT 0xFFFF88819736E600 000119 (v01 PmRef  ApCst    00003000 INTL 20061109)
[    0.448815] ACPI: Interpreter enabled
[    0.448919] ACPI: (supports S0 S3 S4 S5)
[    0.448983] ACPI: Using IOAPIC for interrupt routing
[    0.449122] PCI: Using host bridge windows from ACPI; if necessary, use "pci=nocrs" and report a bug
[    0.449956] ACPI: Enabled 6 GPEs in block 00 to 3F
[    0.462110] ACPI: Power Resource [PUBS] (on)
[    0.462747] acpi PNP0C0A:01: ACPI dock station (docks/bays count: 1)
[    0.466977] acpi LNXIOBAY:00: ACPI dock station (docks/bays count: 2)
[    0.473759] acpi IBM0079:00: ACPI dock station (docks/bays count: 3)
[    0.475690] ACPI: PCI Interrupt Link [LNKA] (IRQs 3 4 5 6 7 9 10 *11)
[    0.476142] ACPI: PCI Interrupt Link [LNKB] (IRQs 3 4 5 6 7 9 10 *11)
[    0.476581] ACPI: PCI Interrupt Link [LNKC] (IRQs 3 4 5 6 7 9 10 *11)
[    0.477027] ACPI: PCI Interrupt Link [LNKD] (IRQs 3 4 5 6 7 9 *10 11)
[    0.477464] ACPI: PCI Interrupt Link [LNKE] (IRQs 3 4 5 6 *7 9 10 11)
[    0.477804] ACPI: PCI Interrupt Link [LNKF] (IRQs 3 4 5 6 7 9 10 11) *0, disabled.
[    0.478248] ACPI: PCI Interrupt Link [LNKG] (IRQs 3 4 5 6 *7 9 10 11)
[    0.478686] ACPI: PCI Interrupt Link [LNKH] (IRQs 3 4 5 6 7 9 *10 11)
[    0.479015] ACPI: PCI Root Bridge [PCI0] (domain 0000 [bus 00-fe])
[    0.479091] acpi PNP0A08:00: _OSC: OS supports [ExtendedConfig ASPM ClockPM Segments HPX-Type3]
[    0.479604] acpi PNP0A08:00: _OSC: not requesting OS control; OS requires [ExtendedConfig ASPM ClockPM MSI]
[    0.479707] acpi PNP0A08:00: [Firmware Info]: MMCONFIG for domain 0000 [bus 00-3f] only partially covers this bridge
[    0.479955] PCI host bridge to bus 0000:00
[    0.480020] pci_bus 0000:00: root bus resource [io  0x0000-0x0cf7 window]
[    0.480093] pci_bus 0000:00: root bus resource [io  0x0d00-0xffff window]
[    0.480166] pci_bus 0000:00: root bus resource [mem 0x000a0000-0x000bffff window]
[    0.480242] pci_bus 0000:00: root bus resource [mem 0xdfa00000-0xfebfffff window]
[    0.480317] pci_bus 0000:00: root bus resource [mem 0xfed40000-0xfed4bfff window]
[    0.480393] pci_bus 0000:00: root bus resource [bus 00-fe]
[    0.480486] pci 0000:00:00.0: [8086:0104] type 00 class 0x060000
[    0.480797] pci 0000:00:02.0: [8086:0126] type 00 class 0x030000
[    0.480880] pci 0000:00:02.0: reg 0x10: [mem 0xf0000000-0xf03fffff 64bit]
[    0.480958] pci 0000:00:02.0: reg 0x18: [mem 0xe0000000-0xefffffff 64bit pref]
[    0.481036] pci 0000:00:02.0: reg 0x20: [io  0x5000-0x503f]
[    0.481454] pci 0000:00:16.0: [8086:1c3a] type 00 class 0x078000
[    0.481554] pci 0000:00:16.0: reg 0x10: [mem 0xf2525000-0xf252500f 64bit]
[    0.481723] pci 0000:00:16.0: PME# supported from D0 D3hot D3cold
[    0.482023] pci 0000:00:19.0: [8086:1502] type 00 class 0x020000
[    0.482118] pci 0000:00:19.0: reg 0x10: [mem 0xf2500000-0xf251ffff]
[    0.482198] pci 0000:00:19.0: reg 0x14: [mem 0xf252b000-0xf252bfff]
[    0.482277] pci 0000:00:19.0: reg 0x18: [io  0x5080-0x509f]
[    0.482426] pci 0000:00:19.0: PME# supported from D0 D3hot D3cold
[    0.482784] pci 0000:00:1a.0: [8086:1c2d] type 00 class 0x0c0320
[    0.482881] pci 0000:00:1a.0: reg 0x10: [mem 0xf252a000-0xf252a3ff]
[    0.483057] pci 0000:00:1a.0: PME# supported from D0 D3hot D3cold
[    0.483417] pci 0000:00:1b.0: [8086:1c20] type 00 class 0x040300
[    0.483517] pci 0000:00:1b.0: reg 0x10: [mem 0xf2520000-0xf2523fff 64bit]
[    0.483703] pci 0000:00:1b.0: PME# supported from D0 D3hot D3cold
[    0.484064] pci 0000:00:1c.0: [8086:1c10] type 01 class 0x060400
[    0.484289] pci 0000:00:1c.0: PME# supported from D0 D3hot D3cold
[    0.484671] pci 0000:00:1c.1: [8086:1c12] type 01 class 0x060400
[    0.484909] pci 0000:00:1c.1: PME# supported from D0 D3hot D3cold
[    0.485288] pci 0000:00:1c.3: [8086:1c16] type 01 class 0x060400
[    0.485525] pci 0000:00:1c.3: PME# supported from D0 D3hot D3cold
[    0.485902] pci 0000:00:1c.4: [8086:1c18] type 01 class 0x060400
[    0.486138] pci 0000:00:1c.4: PME# supported from D0 D3hot D3cold
[    0.486518] pci 0000:00:1d.0: [8086:1c26] type 00 class 0x0c0320
[    0.486615] pci 0000:00:1d.0: reg 0x10: [mem 0xf2529000-0xf25293ff]
[    0.486790] pci 0000:00:1d.0: PME# supported from D0 D3hot D3cold
[    0.487150] pci 0000:00:1f.0: [8086:1c4f] type 00 class 0x060100
[    0.487615] pci 0000:00:1f.2: [8086:1c03] type 00 class 0x010601
[    0.487711] pci 0000:00:1f.2: reg 0x10: [io  0x50a8-0x50af]
[    0.487787] pci 0000:00:1f.2: reg 0x14: [io  0x50bc-0x50bf]
[    0.487871] pci 0000:00:1f.2: reg 0x18: [io  0x50a0-0x50a7]
[    0.487950] pci 0000:00:1f.2: reg 0x1c: [io  0x50b8-0x50bb]
[    0.488026] pci 0000:00:1f.2: reg 0x20: [io  0x5060-0x507f]
[    0.488103] pci 0000:00:1f.2: reg 0x24: [mem 0xf2528000-0xf25287ff]
[    0.488236] pci 0000:00:1f.2: PME# supported from D3hot
[    0.488589] pci 0000:00:1f.3: [8086:1c22] type 00 class 0x0c0500
[    0.488745] pci 0000:00:1f.3: reg 0x10: [mem 0xf2524000-0xf25240ff 64bit]
[    0.488843] pci 0000:00:1f.3: reg 0x20: [io  0xefa0-0xefbf]
[    0.489300] pci 0000:00:1c.0: PCI bridge to [bus 02]
[    0.489684] pci 0000:03:00.0: [8086:0084] type 00 class 0x028000
[    0.489997] pci 0000:03:00.0: reg 0x10: [mem 0xf2400000-0xf2401fff 64bit]
[    0.491131] pci 0000:03:00.0: PME# supported from D0 D3hot D3cold
[    0.491919] pci 0000:00:1c.1: PCI bridge to [bus 03]
[    0.491992] pci 0000:00:1c.1:   bridge window [mem 0xf2400000-0xf24fffff]
[    0.492177] pci 0000:00:1c.3: PCI bridge to [bus 05-0c]
[    0.492248] pci 0000:00:1c.3:   bridge window [io  0x4000-0x4fff]
[    0.492322] pci 0000:00:1c.3:   bridge window [mem 0xf1c00000-0xf23fffff]
[    0.492401] pci 0000:00:1c.3:   bridge window [mem 0xf0400000-0xf0bfffff 64bit pref]
[    0.492717] pci 0000:0d:00.0: [1180:e822] type 00 class 0x088001
[    0.492997] pci 0000:0d:00.0: MMC controller base frequency changed to 50Mhz.
[    0.493284] pci 0000:0d:00.0: reg 0x10: [mem 0xf1400000-0xf14000ff]
[    0.493821] pci 0000:0d:00.0: supports D1 D2
[    0.493883] pci 0000:0d:00.0: PME# supported from D0 D1 D2 D3hot D3cold
[    0.494450] pci 0000:00:1c.4: PCI bridge to [bus 0d]
[    0.494520] pci 0000:00:1c.4:   bridge window [io  0x3000-0x3fff]
[    0.494594] pci 0000:00:1c.4:   bridge window [mem 0xf1400000-0xf1bfffff]
[    0.494674] pci 0000:00:1c.4:   bridge window [mem 0xf0c00000-0xf13fffff 64bit pref]
[    0.494789] pci_bus 0000:00: on NUMA node 0
[    0.497934] ACPI: EC: interrupt unblocked
[    0.497999] ACPI: EC: event unblocked
[    0.498065] ACPI: EC: EC_CMD/EC_SC=0x66, EC_DATA=0x62
[    0.498131] ACPI: EC: GPE=0x11
[    0.498190] ACPI: \_SB_.PCI0.LPC_.EC__: Boot ECDT EC initialization complete
[    0.498265] ACPI: \_SB_.PCI0.LPC_.EC__: EC: Used to handle transactions and events
[    0.498714] pci 0000:00:02.0: vgaarb: setting as boot VGA device
[    0.498714] pci 0000:00:02.0: vgaarb: VGA device added: decodes=io+mem,owns=io+mem,locks=none
[    0.498714] pci 0000:00:02.0: vgaarb: bridge control possible
[    0.498714] vgaarb: loaded
[    0.498714] SCSI subsystem initialized
[    0.498714] libata version 3.00 loaded.
[    0.498714] ACPI: bus type USB registered
[    0.498714] usbcore: registered new interface driver usbfs
[    0.498714] usbcore: registered new interface driver hub
[    0.498714] usbcore: registered new device driver usb
[    0.498714] mc: Linux media interface: v0.10
[    0.498714] videodev: Linux video capture interface: v2.00
[    0.498714] pps_core: LinuxPPS API ver. 1 registered
[    0.500667] pps_core: Software ver. 5.3.6 - Copyright 2005-2007 Rodolfo Giometti <giometti@linux.it>
[    0.500776] PTP clock support registered
[    0.500918] EDAC MC: Ver: 3.0.0
[    0.501674] Advanced Linux Sound Architecture Driver Initialized.
[    0.501674] Bluetooth: Core ver 2.22
[    0.501694] NET: Registered protocol family 31
[    0.501763] Bluetooth: HCI device and connection manager initialized
[    0.501838] Bluetooth: HCI socket layer initialized
[    0.501903] Bluetooth: L2CAP socket layer initialized
[    0.501979] Bluetooth: SCO socket layer initialized
[    0.502152] PCI: Using ACPI for IRQ routing
[    0.502680] PCI: pci_cache_line_size set to 64 bytes
[    0.503215] e820: reserve RAM buffer [mem 0x0009d800-0x0009ffff]
[    0.503219] e820: reserve RAM buffer [mem 0xda99f000-0xdbffffff]
[    0.503221] e820: reserve RAM buffer [mem 0xdb000000-0xdbffffff]
[    0.503223] e820: reserve RAM buffer [mem 0x19e600000-0x19fffffff]
[    0.504661] clocksource: Switched to clocksource tsc-early
[    0.504666] pnp: PnP ACPI init
[    0.506841] system 00:00: [mem 0x00000000-0x0009ffff] could not be reserved
[    0.506927] system 00:00: [mem 0x000c0000-0x000c3fff] could not be reserved
[    0.507002] system 00:00: [mem 0x000c4000-0x000c7fff] could not be reserved
[    0.507076] system 00:00: [mem 0x000c8000-0x000cbfff] has been reserved
[    0.507148] system 00:00: [mem 0x000cc000-0x000cffff] has been reserved
[    0.507221] system 00:00: [mem 0x000d0000-0x000d3fff] has been reserved
[    0.507293] system 00:00: [mem 0x000d4000-0x000d7fff] has been reserved
[    0.507366] system 00:00: [mem 0x000d8000-0x000dbfff] has been reserved
[    0.507438] system 00:00: [mem 0x000dc000-0x000dffff] has been reserved
[    0.507512] system 00:00: [mem 0x000e0000-0x000e3fff] could not be reserved
[    0.507586] system 00:00: [mem 0x000e4000-0x000e7fff] could not be reserved
[    0.507661] system 00:00: [mem 0x000e8000-0x000ebfff] could not be reserved
[    0.507735] system 00:00: [mem 0x000ec000-0x000effff] could not be reserved
[    0.507810] system 00:00: [mem 0x000f0000-0x000fffff] could not be reserved
[    0.507884] system 00:00: [mem 0x00100000-0xdf9fffff] could not be reserved
[    0.507959] system 00:00: [mem 0xfec00000-0xfed3ffff] could not be reserved
[    0.508034] system 00:00: [mem 0xfed4c000-0xffffffff] could not be reserved
[    0.508134] system 00:00: Plug and Play ACPI device, IDs PNP0c01 (active)
[    0.508458] system 00:01: [io  0x0400-0x047f] has been reserved
[    0.508539] system 00:01: [io  0x0500-0x057f] has been reserved
[    0.508609] system 00:01: [io  0x0800-0x080f] has been reserved
[    0.508693] system 00:01: [io  0x15e0-0x15ef] has been reserved
[    0.508771] system 00:01: [io  0x1600-0x167f] has been reserved
[    0.508842] system 00:01: [mem 0xf8000000-0xfbffffff] has been reserved
[    0.508916] system 00:01: [mem 0x00000000-0x00000fff] could not be reserved
[    0.508990] system 00:01: [mem 0xfed1c000-0xfed1ffff] has been reserved
[    0.509063] system 00:01: [mem 0xfed10000-0xfed13fff] has been reserved
[    0.509135] system 00:01: [mem 0xfed18000-0xfed18fff] has been reserved
[    0.509208] system 00:01: [mem 0xfed19000-0xfed19fff] has been reserved
[    0.509281] system 00:01: [mem 0xfed45000-0xfed4bfff] has been reserved
[    0.509373] system 00:01: Plug and Play ACPI device, IDs PNP0c02 (active)
[    0.509559] pnp 00:02: Plug and Play ACPI device, IDs PNP0b00 (active)
[    0.509657] pnp 00:03: Plug and Play ACPI device, IDs PNP0303 (active)
[    0.509753] pnp 00:04: Plug and Play ACPI device, IDs LEN0020 PNP0f13 (active)
[    0.509935] pnp 00:05: Plug and Play ACPI device, IDs SMO1200 PNP0c31 (active)
[    0.511180] pnp: PnP ACPI: found 6 devices
[    0.522280] clocksource: acpi_pm: mask: 0xffffff max_cycles: 0xffffff, max_idle_ns: 2085701024 ns
[    0.522463] NET: Registered protocol family 2
[    0.522845] tcp_listen_portaddr_hash hash table entries: 4096 (order: 6, 327680 bytes, linear)
[    0.523084] TCP established hash table entries: 65536 (order: 7, 524288 bytes, linear)
[    0.523397] TCP bind hash table entries: 65536 (order: 10, 4718592 bytes, vmalloc)
[    0.525660] TCP: Hash tables configured (established 65536 bind 65536)
[    0.526077] UDP hash table entries: 4096 (order: 7, 655360 bytes, linear)
[    0.526475] UDP-Lite hash table entries: 4096 (order: 7, 655360 bytes, linear)
[    0.526961] NET: Registered protocol family 1
[    0.527399] RPC: Registered named UNIX socket transport module.
[    0.527470] RPC: Registered udp transport module.
[    0.527534] RPC: Registered tcp transport module.
[    0.527598] RPC: Registered tcp NFSv4.1 backchannel transport module.
[    0.527947] pci 0000:00:1c.0: bridge window [io  0x1000-0x0fff] to [bus 02] add_size 1000
[    0.528026] pci 0000:00:1c.0: bridge window [mem 0x00100000-0x000fffff 64bit pref] to [bus 02] add_size 200000 add_align 100000
[    0.528127] pci 0000:00:1c.0: bridge window [mem 0x00100000-0x000fffff] to [bus 02] add_size 200000 add_align 100000
[    0.528232] pci 0000:00:1c.0: BAR 8: assigned [mem 0xdfa00000-0xdfbfffff]
[    0.528307] pci 0000:00:1c.0: BAR 9: assigned [mem 0xdfc00000-0xdfdfffff 64bit pref]
[    0.528383] pci 0000:00:1c.0: BAR 7: assigned [io  0x2000-0x2fff]
[    0.528455] pci 0000:00:1c.0: PCI bridge to [bus 02]
[    0.528522] pci 0000:00:1c.0:   bridge window [io  0x2000-0x2fff]
[    0.528596] pci 0000:00:1c.0:   bridge window [mem 0xdfa00000-0xdfbfffff]
[    0.528686] pci 0000:00:1c.0:   bridge window [mem 0xdfc00000-0xdfdfffff 64bit pref]
[    0.528768] pci 0000:00:1c.1: PCI bridge to [bus 03]
[    0.528838] pci 0000:00:1c.1:   bridge window [mem 0xf2400000-0xf24fffff]
[    0.528920] pci 0000:00:1c.3: PCI bridge to [bus 05-0c]
[    0.528987] pci 0000:00:1c.3:   bridge window [io  0x4000-0x4fff]
[    0.529060] pci 0000:00:1c.3:   bridge window [mem 0xf1c00000-0xf23fffff]
[    0.529134] pci 0000:00:1c.3:   bridge window [mem 0xf0400000-0xf0bfffff 64bit pref]
[    0.529216] pci 0000:00:1c.4: PCI bridge to [bus 0d]
[    0.529281] pci 0000:00:1c.4:   bridge window [io  0x3000-0x3fff]
[    0.529355] pci 0000:00:1c.4:   bridge window [mem 0xf1400000-0xf1bfffff]
[    0.529429] pci 0000:00:1c.4:   bridge window [mem 0xf0c00000-0xf13fffff 64bit pref]
[    0.529511] pci_bus 0000:00: resource 4 [io  0x0000-0x0cf7 window]
[    0.529580] pci_bus 0000:00: resource 5 [io  0x0d00-0xffff window]
[    0.529648] pci_bus 0000:00: resource 6 [mem 0x000a0000-0x000bffff window]
[    0.529718] pci_bus 0000:00: resource 7 [mem 0xdfa00000-0xfebfffff window]
[    0.529789] pci_bus 0000:00: resource 8 [mem 0xfed40000-0xfed4bfff window]
[    0.529860] pci_bus 0000:02: resource 0 [io  0x2000-0x2fff]
[    0.529926] pci_bus 0000:02: resource 1 [mem 0xdfa00000-0xdfbfffff]
[    0.529994] pci_bus 0000:02: resource 2 [mem 0xdfc00000-0xdfdfffff 64bit pref]
[    0.530066] pci_bus 0000:03: resource 1 [mem 0xf2400000-0xf24fffff]
[    0.530135] pci_bus 0000:05: resource 0 [io  0x4000-0x4fff]
[    0.530201] pci_bus 0000:05: resource 1 [mem 0xf1c00000-0xf23fffff]
[    0.530269] pci_bus 0000:05: resource 2 [mem 0xf0400000-0xf0bfffff 64bit pref]
[    0.530341] pci_bus 0000:0d: resource 0 [io  0x3000-0x3fff]
[    0.530407] pci_bus 0000:0d: resource 1 [mem 0xf1400000-0xf1bfffff]
[    0.530475] pci_bus 0000:0d: resource 2 [mem 0xf0c00000-0xf13fffff 64bit pref]
[    0.530748] pci 0000:00:02.0: Video device with shadowed ROM at [mem 0x000c0000-0x000dffff]
[    0.531827] PCI: CLS 64 bytes, default 64
[    0.531949] PCI-DMA: Using software bounce buffering for IO (SWIOTLB)
[    0.532018] software IO TLB: mapped [mem 0xd699f000-0xda99f000] (64MB)
[    0.535030] Initialise system trusted keyrings
[    0.535191] workingset: timestamp_bits=62 max_order=21 bucket_order=0
[    0.536462] Installing knfsd (copyright (C) 1996 okir@monad.swb.de).
[    0.537161] ntfs: driver 2.1.32 [Flags: R/W].
[    0.537358] fuse: init (API version 7.31)
[    0.549637] Key type asymmetric registered
[    0.549705] Asymmetric key parser 'x509' registered
[    0.549801] Block layer SCSI generic (bsg) driver version 0.4 loaded (major 249)
[    0.549888] io scheduler mq-deadline registered
[    0.549976] io scheduler bfq registered
[    0.550263] pcieport 0000:00:1c.0: enabling device (0000 -> 0003)
[    0.552042] intel_idle: MWAIT substates: 0x21120
[    0.552046] intel_idle: v0.5.1 model 0x2A
[    0.552814] intel_idle: Local APIC timer is reliable in all C-states
[    0.553180] ACPI: Deprecated procfs I/F for AC is loaded, please retry with CONFIG_ACPI_PROCFS_POWER cleared
[    0.553494] ACPI: AC Adapter [AC] (on-line)
[    0.553756] input: Lid Switch as /devices/LNXSYSTM:00/LNXSYBUS:00/PNP0C0D:00/input/input0
[    0.561066] ACPI: Lid Switch [LID]
[    0.561303] input: Sleep Button as /devices/LNXSYSTM:00/LNXSYBUS:00/PNP0C0E:00/input/input1
[    0.564759] ACPI: Sleep Button [SLPB]
[    0.564997] input: Power Button as /devices/LNXSYSTM:00/LNXPWRBN:00/input/input2
[    0.565227] ACPI: Power Button [PWRF]
[    0.569175] thermal LNXTHERM:00: registered as thermal_zone0
[    0.569341] ACPI: Thermal Zone [THM0] (86 C)
[    0.569976] battery: ACPI: Deprecated procfs I/F for battery is loaded, please retry with CONFIG_ACPI_PROCFS_POWER cleared
[    0.570069] Serial: 8250/16550 driver, 4 ports, IRQ sharing disabled
[    0.570106] battery: ACPI: Battery Slot [BAT0] (battery absent)
[    0.571453] lp: driver loaded but no devices found
[    0.571608] Non-volatile memory driver v1.3
[    0.571861] Linux agpgart interface v0.103
[    0.572204] [drm] radeon kernel modesetting enabled.
[    0.573206] i915 0000:00:02.0: vgaarb: deactivate vga console
[    0.573759] Console: switching to colour dummy device 80x25
[    0.584835] [drm] Supports vblank timestamp caching Rev 2 (21.10.2013).
[    0.585897] i915 0000:00:02.0: vgaarb: changed VGA decodes: olddecodes=io+mem,decodes=io+mem:owns=io+mem
[    0.676043] [drm] Initialized i915 1.6.0 20200515 for 0000:00:02.0 on minor 0
[    0.678306] ACPI: Video Device [VID] (multi-head: yes  rom: no  post: no)
[    0.678931] input: Video Bus as /devices/LNXSYSTM:00/LNXSYBUS:00/PNP0A08:00/LNXVIDEO:00/input/input3
[    0.679426] usbcore: registered new interface driver udl
[    0.690409] loop: module loaded
[    0.745934] ahci 0000:00:1f.2: version 3.0
[    0.746557] ahci 0000:00:1f.2: SSS flag set, parallel bus scan disabled
[    0.756837] ahci 0000:00:1f.2: AHCI 0001.0300 32 slots 6 ports 6 Gbps 0x17 impl SATA mode
[    0.756865] ahci 0000:00:1f.2: flags: 64bit ncq sntf ilck stag pm led clo pio slum part ems sxs apst 
[    0.795160] scsi host0: ahci
[    0.795583] scsi host1: ahci
[    0.795911] scsi host2: ahci
[    0.796242] scsi host3: ahci
[    0.796562] scsi host4: ahci
[    0.796902] scsi host5: ahci
[    0.797085] ata1: SATA max UDMA/133 abar m2048@0xf2528000 port 0xf2528100 irq 19
[    0.797111] ata2: SATA max UDMA/133 abar m2048@0xf2528000 port 0xf2528180 irq 19
[    0.797130] ata3: SATA max UDMA/133 abar m2048@0xf2528000 port 0xf2528200 irq 19
[    0.797148] ata4: DUMMY
[    0.797156] ata5: SATA max UDMA/133 abar m2048@0xf2528000 port 0xf2528300 irq 19
[    0.797173] ata6: DUMMY
[    0.798273] tun: Universal TUN/TAP device driver, 1.6
[    0.798639] e1000e: Intel(R) PRO/1000 Network Driver - 3.2.6-k
[    0.798659] e1000e: Copyright(c) 1999 - 2015 Intel Corporation.
[    0.799074] e1000e 0000:00:19.0: Interrupt Throttling Rate (ints/sec) set to dynamic conservative mode
[    0.896123] e1000e 0000:00:19.0 0000:00:19.0 (uninitialized): registered PHC clock
[    0.962200] fbcon: i915drmfb (fb0) is primary device
[    0.989646] e1000e 0000:00:19.0 eth0: (PCI Express:2.5GT/s:Width x1) f0:de:f1:e3:99:75
[    0.989663] e1000e 0000:00:19.0 eth0: Intel(R) PRO/1000 Network Connection
[    0.989713] e1000e 0000:00:19.0 eth0: MAC: 10, PHY: 11, PBA No: 1000FF-0FF
[    0.989925] PPP generic driver version 2.4.2
[    0.990146] PPP BSD Compression module registered
[    0.990149] PPP Deflate Compression module registered
[    0.990151] SLIP: version 0.8.4-NET3.019-NEWTTY (dynamic channels, max=256).
[    0.990151] CSLIP: code copyright 1989 Regents of the University of California.
[    0.990206] iwl3945: Intel(R) PRO/Wireless 3945ABG/BG Network Connection driver for Linux, in-tree:ds
[    0.990207] iwl3945: Copyright(c) 2003-2011 Intel Corporation
[    0.990208] iwl3945: hw_scan is disabled
[    0.990247] Intel(R) Wireless WiFi driver for Linux
[    0.990699] iwlwifi 0000:03:00.0: pci_enable_msi failed - -38
[    0.991042] iwlwifi 0000:03:00.0: loaded firmware version 39.31.5.1 build 35138 1000-5.ucode op_mode iwldvm
[    0.991127] iwlwifi 0000:03:00.0: Direct firmware load for iwl-debug-yoyo.bin failed with error -2
[    0.991341] iwlwifi 0000:03:00.0: CONFIG_IWLWIFI_DEBUG disabled
[    0.991344] iwlwifi 0000:03:00.0: CONFIG_IWLWIFI_DEBUGFS disabled
[    0.991345] iwlwifi 0000:03:00.0: CONFIG_IWLWIFI_DEVICE_TRACING disabled
[    0.991348] iwlwifi 0000:03:00.0: Detected Intel(R) Centrino(R) Wireless-N 1000 BGN, REV=0x6C
[    1.033081] ieee80211 phy0: Selected rate control algorithm 'iwl-agn-rs'
[    1.034010] usbcore: registered new interface driver ax88179_178a
[    1.034050] usbcore: registered new interface driver cdc_ether
[    1.034092] usbcore: registered new interface driver cdc_eem
[    1.034131] usbcore: registered new interface driver net1080
[    1.034237] usbcore: registered new interface driver cdc_subset
[    1.034270] usbcore: registered new interface driver zaurus
[    1.034326] usbcore: registered new interface driver cdc_ncm
[    1.034375] usbcore: registered new interface driver cdc_mbim
[    1.034676] ehci_hcd: USB 2.0 'Enhanced' Host Controller (EHCI) Driver
[    1.034689] ehci-pci: EHCI PCI platform driver
[    1.035016] ehci-pci 0000:00:1a.0: EHCI Host Controller
[    1.035182] ehci-pci 0000:00:1a.0: new USB bus registered, assigned bus number 1
[    1.035218] ehci-pci 0000:00:1a.0: debug port 2
[    1.039184] ehci-pci 0000:00:1a.0: cache line size of 64 is not supported
[    1.039194] ehci-pci 0000:00:1a.0: irq 16, io mem 0xf252a000
[    1.052821] ehci-pci 0000:00:1a.0: USB 2.0 started, EHCI 1.00
[    1.053015] usb usb1: New USB device found, idVendor=1d6b, idProduct=0002, bcdDevice= 5.08
[    1.053017] usb usb1: New USB device strings: Mfr=3, Product=2, SerialNumber=1
[    1.053019] usb usb1: Product: EHCI Host Controller
[    1.053020] usb usb1: Manufacturer: Linux 5.8.0+ ehci_hcd
[    1.053021] usb usb1: SerialNumber: 0000:00:1a.0
[    1.053527] hub 1-0:1.0: USB hub found
[    1.053562] hub 1-0:1.0: 3 ports detected
[    1.054589] ehci-pci 0000:00:1d.0: EHCI Host Controller
[    1.054733] ehci-pci 0000:00:1d.0: new USB bus registered, assigned bus number 2
[    1.054766] ehci-pci 0000:00:1d.0: debug port 2
[    1.058714] ehci-pci 0000:00:1d.0: cache line size of 64 is not supported
[    1.058745] ehci-pci 0000:00:1d.0: irq 23, io mem 0xf2529000
[    1.072821] ehci-pci 0000:00:1d.0: USB 2.0 started, EHCI 1.00
[    1.072997] usb usb2: New USB device found, idVendor=1d6b, idProduct=0002, bcdDevice= 5.08
[    1.072999] usb usb2: New USB device strings: Mfr=3, Product=2, SerialNumber=1
[    1.073001] usb usb2: Product: EHCI Host Controller
[    1.073003] usb usb2: Manufacturer: Linux 5.8.0+ ehci_hcd
[    1.073004] usb usb2: SerialNumber: 0000:00:1d.0
[    1.073478] hub 2-0:1.0: USB hub found
[    1.073515] hub 2-0:1.0: 3 ports detected
[    1.074221] ohci_hcd: USB 1.1 'Open' Host Controller (OHCI) Driver
[    1.074234] ohci-pci: OHCI PCI platform driver
[    1.074295] uhci_hcd: USB Universal Host Controller Interface driver
[    1.074472] usbcore: registered new interface driver cdc_acm
[    1.074473] cdc_acm: USB Abstract Control Model driver for USB modems and ISDN adapters
[    1.074528] usbcore: registered new interface driver usblp
[    1.074570] usbcore: registered new interface driver cdc_wdm
[    1.074630] usbcore: registered new interface driver usb-storage
[    1.074666] usbcore: registered new interface driver ums-sddr09
[    1.074798] usbcore: registered new interface driver usbserial_generic
[    1.074856] usbserial: USB Serial support registered for generic
[    1.074902] usbcore: registered new interface driver ch341
[    1.074999] usbserial: USB Serial support registered for ch341-uart
[    1.075041] usbcore: registered new interface driver cp210x
[    1.075068] usbserial: USB Serial support registered for cp210x
[    1.075112] usbcore: registered new interface driver ftdi_sio
[    1.075141] usbserial: USB Serial support registered for FTDI USB Serial Device
[    1.075195] usbcore: registered new interface driver option
[    1.075235] usbserial: USB Serial support registered for GSM modem (1-port)
[    1.075353] usbcore: registered new interface driver pl2303
[    1.075376] usbserial: USB Serial support registered for pl2303
[    1.075418] usbcore: registered new interface driver ti_usb_3410_5052
[    1.075446] usbserial: USB Serial support registered for TI USB 3410 1 port adapter
[    1.075482] usbserial: USB Serial support registered for TI USB 5052 2 port adapter
[    1.075487] ftdi_elan: driver ftdi-elan
[    1.075528] usbcore: registered new interface driver ftdi-elan
[    1.075737] i8042: PNP: PS/2 Controller [PNP0303:KBD,PNP0f13:MOU] at 0x60,0x64 irq 1,12
[    1.079273] serio: i8042 KBD port at 0x60,0x64 irq 1
[    1.079425] serio: i8042 AUX port at 0x60,0x64 irq 12
[    1.079851] mousedev: PS/2 mouse device common for all mice
[    1.080805] input: PC Speaker as /devices/platform/pcspkr/input/input5
[    1.081130] rtc_cmos 00:02: RTC can wake from S4
[    1.081679] rtc_cmos 00:02: registered as rtc0
[    1.081710] rtc_cmos 00:02: setting system clock to 2020-08-03T12:42:28 UTC (1596458548)
[    1.081809] rtc_cmos 00:02: alarms up to one month, y3k, 114 bytes nvram, hpet irqs
[    1.081890] i2c /dev entries driver
[    1.083122] usbcore: registered new interface driver uvcvideo
[    1.083123] USB Video Class driver (1.1.1)
[    1.083856] device-mapper: ioctl: 4.42.0-ioctl (2020-02-27) initialised: dm-devel@redhat.com
[    1.083859] Bluetooth: HCI UART driver ver 2.3
[    1.083860] Bluetooth: HCI UART protocol H4 registered
[    1.083861] Bluetooth: HCI UART protocol BCSP registered
[    1.083951] usbcore: registered new interface driver btusb
[    1.083958] intel_pstate: Intel P-state driver initializing
[    1.084262] input: AT Translated Set 2 keyboard as /devices/platform/i8042/serio0/input/input4
[    1.084524] sdhci: Secure Digital Host Controller Interface driver
[    1.084527] sdhci: Copyright(c) Pierre Ossman
[    1.084617] sdhci-pci 0000:0d:00.0: SDHCI controller found [1180:e822] (rev 7)
[    1.086147] mmc0 bounce up to 128 segments into one, max segment size 65536 bytes
[    1.086919] mmc0: SDHCI controller on PCI [0000:0d:00.0] using DMA
[    1.087715] hid: raw HID events driver (C) Jiri Kosina
[    1.088887] usbcore: registered new interface driver usbhid
[    1.088888] usbhid: USB HID core driver
[    1.089353] thinkpad_acpi: ThinkPad ACPI Extras v0.26
[    1.089354] thinkpad_acpi: http://ibm-acpi.sf.net/
[    1.089355] thinkpad_acpi: ThinkPad BIOS 8DET74WW (1.44 ), EC unknown
[    1.089356] thinkpad_acpi: Lenovo ThinkPad X220, model 42872WU
[    1.090641] thinkpad_acpi: radio switch found; radios are enabled
[    1.090826] thinkpad_acpi: Tablet mode switch found (type: MHKG), currently in laptop mode
[    1.090846] thinkpad_acpi: This ThinkPad has standard ACPI backlight brightness control, supported by the ACPI video driver
[    1.090846] thinkpad_acpi: Disabling thinkpad-acpi brightness events by default...
[    1.100601] thinkpad_acpi: rfkill switch tpacpi_bluetooth_sw: radio is unblocked
[    1.103342] thinkpad_acpi: warning: userspace override of important firmware LEDs is enabled
[    1.103362] thinkpad_acpi: Standard ACPI backlight interface available, not loading native one
[    1.103364] thinkpad_acpi: volume: disabled as there is no ALSA support in this kernel
[    1.103799] battery: new extension: ThinkPad Battery Extension
[    1.103906] input: ThinkPad Extra Buttons as /devices/platform/thinkpad_acpi/input/input7
[    1.104261] random: fast init done
[    1.108507] snd_hda_intel 0000:00:1b.0: bound 0000:00:02.0 (ops i915_audio_component_bind_ops)
[    1.108636] usbcore: registered new interface driver snd-usb-audio
[    1.111326] Console: switching to colour frame buffer device 102x42
[    1.112200] NET: Registered protocol family 17
[    1.112414] Bluetooth: RFCOMM TTY layer initialized
[    1.112444] Bluetooth: RFCOMM socket layer initialized
[    1.112463] Bluetooth: RFCOMM ver 1.11
[    1.112478] Bluetooth: BNEP (Ethernet Emulation) ver 1.3
[    1.112480] Bluetooth: BNEP filters: protocol multicast
[    1.112486] Bluetooth: BNEP socket layer initialized
[    1.112488] Bluetooth: HIDP (Human Interface Emulation) ver 1.2
[    1.112493] Bluetooth: HIDP socket layer initialized
[    1.112736] ata1: SATA link up 1.5 Gbps (SStatus 113 SControl 300)
[    1.112883] microcode: sig=0x206a7, pf=0x10, revision=0x2d
[    1.113047] microcode: Microcode Update Driver: v2.2.
[    1.113051] IPI shorthand broadcast: enabled
[    1.113087] sched_clock: Marking stable (1101057402, 11960294)->(1119138390, -6120694)
[    1.113258] Loading compiled-in X.509 certificates
[    1.113307] Key type ._fscrypt registered
[    1.113308] Key type .fscrypt registered
[    1.113309] Key type fscrypt-provisioning registered
[    1.113846] ata1.00: ACPI cmd ef/02:00:00:00:00:a0 (SET FEATURES) succeeded
[    1.113851] ata1.00: ACPI cmd f5/00:00:00:00:00:a0 (SECURITY FREEZE LOCK) filtered out
[    1.113855] ata1.00: ACPI cmd ef/10:03:00:00:00:a0 (SET FEATURES) filtered out
[    1.114007] Key type encrypted registered
[    1.114546] cfg80211: Loading compiled-in X.509 certificates for regulatory database
[    1.114670] ata1.00: ATA-8: Hitachi HTS545050A7E380, GG2OA7J0, max UDMA/133
[    1.114672] ata1.00: 976773168 sectors, multi 16: LBA48 NCQ (depth 32), AA
[    1.115360] cfg80211: Loaded X.509 cert 'sforshee: 00b28ddf47aef9cea7'
[    1.115515] platform regulatory.0: Direct firmware load for regulatory.db failed with error -2
[    1.115519] cfg80211: failed to load regulatory.db
[    1.115716] ata1.00: ACPI cmd ef/02:00:00:00:00:a0 (SET FEATURES) succeeded
[    1.115719] ata1.00: ACPI cmd f5/00:00:00:00:00:a0 (SECURITY FREEZE LOCK) filtered out
[    1.115721] ata1.00: ACPI cmd ef/10:03:00:00:00:a0 (SET FEATURES) filtered out
[    1.116530] ata1.00: configured for UDMA/133
[    1.135786] snd_hda_codec_generic hdaudioC0D0: autoconfig for Generic: line_outs=1 (0x1f/0x0/0x0/0x0/0x0) type:speaker
[    1.135789] snd_hda_codec_generic hdaudioC0D0:    speaker_outs=0 (0x0/0x0/0x0/0x0/0x0)
[    1.135792] snd_hda_codec_generic hdaudioC0D0:    hp_outs=1 (0x19/0x0/0x0/0x0/0x0)
[    1.135794] snd_hda_codec_generic hdaudioC0D0:    mono: mono_out=0x0
[    1.135796] snd_hda_codec_generic hdaudioC0D0:    inputs:
[    1.135800] snd_hda_codec_generic hdaudioC0D0:      Internal Mic=0x23
[    1.135803] snd_hda_codec_generic hdaudioC0D0:      Mic=0x1b
[    1.140600] snd_hda_codec_generic hdaudioC0D3: ignore pin 0x7, too many assigned pins
[    1.140757] i915 0000:00:02.0: fb0: i915drmfb frame buffer device
[    1.141603] snd_hda_codec_generic hdaudioC0D3: autoconfig for Generic: line_outs=0 (0x0/0x0/0x0/0x0/0x0) type:line
[    1.260234] snd_hda_codec_generic hdaudioC0D3:    speaker_outs=0 (0x0/0x0/0x0/0x0/0x0)
[    1.260531] scsi 0:0:0:0: Direct-Access     ATA      Hitachi HTS54505 A7J0 PQ: 0 ANSI: 5
[    1.261627] snd_hda_codec_generic hdaudioC0D3:    hp_outs=0 (0x0/0x0/0x0/0x0/0x0)
[    1.261629] snd_hda_codec_generic hdaudioC0D3:    mono: mono_out=0x0
[    1.261630] snd_hda_codec_generic hdaudioC0D3:    dig-out=0x5/0x6
[    1.261632] snd_hda_codec_generic hdaudioC0D3:    inputs:
[    1.266644] input: HDA Intel PCH Mic as /devices/pci0000:00/0000:00:1b.0/sound/card0/input9
[    1.268445] sd 0:0:0:0: Attached scsi generic sg0 type 0
[    1.268491] sd 0:0:0:0: [sda] 976773168 512-byte logical blocks: (500 GB/466 GiB)
[    1.268495] sd 0:0:0:0: [sda] 4096-byte physical blocks
[    1.268522] sd 0:0:0:0: [sda] Write Protect is off
[    1.268526] sd 0:0:0:0: [sda] Mode Sense: 00 3a 00 00
[    1.268569] sd 0:0:0:0: [sda] Write cache: enabled, read cache: enabled, doesn't support DPO or FUA
[    1.269527] input: HDA Intel PCH Headphone as /devices/pci0000:00/0000:00:1b.0/sound/card0/input10
[    1.277685] input: HDA Intel PCH HDMI as /devices/pci0000:00/0000:00:1b.0/sound/card0/input11
[    1.278796] input: HDA Intel PCH HDMI as /devices/pci0000:00/0000:00:1b.0/sound/card0/input12
[    1.311551]  sda: sda1 sda2 sda3 sda4
[    1.318447] sd 0:0:0:0: [sda] Attached SCSI disk
[    1.388831] usb 1-1: new high-speed USB device number 2 using ehci-pci
[    1.408819] usb 2-1: new high-speed USB device number 2 using ehci-pci
[    1.550231] usb 1-1: New USB device found, idVendor=8087, idProduct=0024, bcdDevice= 0.00
[    1.553315] usb 1-1: New USB device strings: Mfr=0, Product=0, SerialNumber=0
[    1.557587] hub 1-1:1.0: USB hub found
[    1.559180] hub 1-1:1.0: 6 ports detected
[    1.564816] tsc: Refined TSC clocksource calibration: 2491.906 MHz
[    1.566034] clocksource: tsc: mask: 0xffffffffffffffff max_cycles: 0x23eb5badc15, max_idle_ns: 440795233937 ns
[    1.567318] clocksource: Switched to clocksource tsc
[    1.568497] usb 2-1: New USB device found, idVendor=8087, idProduct=0024, bcdDevice= 0.00
[    1.569711] usb 2-1: New USB device strings: Mfr=0, Product=0, SerialNumber=0
[    1.571487] hub 2-1:1.0: USB hub found
[    1.572630] hub 2-1:1.0: 8 ports detected
[    1.584801] ata2: SATA link down (SStatus 0 SControl 300)
[    1.848743] usb 1-1.3: new full-speed USB device number 3 using ehci-pci
[    1.864854] usb 2-1.2: new high-speed USB device number 3 using ehci-pci
[    1.900827] ata3: SATA link up 3.0 Gbps (SStatus 123 SControl 300)
[    1.916582] ata3.00: ACPI cmd ef/02:00:00:00:00:a0 (SET FEATURES) succeeded
[    1.916589] ata3.00: ACPI cmd f5/00:00:00:00:00:a0 (SECURITY FREEZE LOCK) filtered out
[    1.918527] ata3.00: ACPI cmd ef/10:03:00:00:00:a0 (SET FEATURES) filtered out
[    1.925559] ata3.00: ATA-8: KINGSTON SMS200S3240G, 60AABBF0, max UDMA/133
[    1.927446] ata3.00: 468862128 sectors, multi 1: LBA48 NCQ (depth 32), AA
[    1.934564] ata3.00: ACPI cmd ef/02:00:00:00:00:a0 (SET FEATURES) succeeded
[    1.934571] ata3.00: ACPI cmd f5/00:00:00:00:00:a0 (SECURITY FREEZE LOCK) filtered out
[    1.936304] ata3.00: ACPI cmd ef/10:03:00:00:00:a0 (SET FEATURES) filtered out
[    1.943350] ata3.00: configured for UDMA/133
[    1.945164] scsi 2:0:0:0: Direct-Access     ATA      KINGSTON SMS200S BBF0 PQ: 0 ANSI: 5
[    1.947653] sd 2:0:0:0: Attached scsi generic sg1 type 0
[    1.947812] sd 2:0:0:0: [sdb] 468862128 512-byte logical blocks: (240 GB/224 GiB)
[    1.951216] sd 2:0:0:0: [sdb] Write Protect is off
[    1.952896] sd 2:0:0:0: [sdb] Mode Sense: 00 3a 00 00
[    1.952954] sd 2:0:0:0: [sdb] Write cache: enabled, read cache: enabled, doesn't support DPO or FUA
[    1.955693]  sdb: sdb2 sdb3 sdb4
[    1.957984] sd 2:0:0:0: [sdb] Attached SCSI disk
[    1.963226] usb 1-1.3: New USB device found, idVendor=147e, idProduct=2016, bcdDevice= 0.02
[    1.965255] usb 1-1.3: New USB device strings: Mfr=1, Product=2, SerialNumber=0
[    1.967244] usb 1-1.3: Product: Biometric Coprocessor
[    1.969231] usb 1-1.3: Manufacturer: UPEK
[    1.978072] usb 2-1.2: New USB device found, idVendor=1a40, idProduct=0101, bcdDevice= 1.11
[    1.980219] usb 2-1.2: New USB device strings: Mfr=0, Product=1, SerialNumber=0
[    1.981815] psmouse serio1: synaptics: queried max coordinates: x [..5472], y [..4448]
[    1.982700] usb 2-1.2: Product: USB 2.0 Hub
[    1.989095] hub 2-1.2:1.0: USB hub found
[    1.990245] hub 2-1.2:1.0: 4 ports detected
[    2.052832] usb 1-1.4: new full-speed USB device number 4 using ehci-pci
[    2.066236] psmouse serio1: synaptics: Touchpad model: 1, fw: 8.0, id: 0x1e2b1, caps: 0xd001a3/0x940300/0x120c00/0x0, board id: 1611, fw id: 774180
[    2.072068] psmouse serio1: synaptics: serio: Synaptics pass-through port at isa0060/serio1/input0
[    2.127474] input: SynPS/2 Synaptics TouchPad as /devices/platform/i8042/serio1/input/input8
[    2.172530] usb 1-1.4: New USB device found, idVendor=0a5c, idProduct=217f, bcdDevice= 7.48
[    2.175943] usb 1-1.4: New USB device strings: Mfr=1, Product=2, SerialNumber=3
[    2.179242] usb 1-1.4: Product: Broadcom Bluetooth Device
[    2.182446] usb 1-1.4: Manufacturer: Broadcom Corp
[    2.185700] usb 1-1.4: SerialNumber: 7CE9D3B855AA
[    2.264732] ata5: SATA link down (SStatus 0 SControl 300)
[    2.272730] usb 1-1.6: new high-speed USB device number 5 using ehci-pci
[    2.393952] usb 1-1.6: New USB device found, idVendor=04f2, idProduct=b217, bcdDevice= 8.54
[    2.396758] usb 2-1.2.2: new low-speed USB device number 4 using ehci-pci
[    2.396987] usb 1-1.6: New USB device strings: Mfr=1, Product=2, SerialNumber=0
[    2.402956] usb 1-1.6: Product: Integrated Camera
[    2.405970] usb 1-1.6: Manufacturer: Chicony Electronics Co., Ltd.
[    2.412025] uvcvideo: Found UVC 1.00 device Integrated Camera (04f2:b217)
[    2.425024] uvcvideo 1-1.6:1.0: Entity type for entity Extension 3 was not initialized!
[    2.427170] uvcvideo 1-1.6:1.0: Entity type for entity Processing 2 was not initialized!
[    2.429269] uvcvideo 1-1.6:1.0: Entity type for entity Camera 1 was not initialized!
[    2.617620] usb 2-1.2.2: New USB device found, idVendor=046d, idProduct=c077, bcdDevice=72.00
[    2.621284] usb 2-1.2.2: New USB device strings: Mfr=1, Product=2, SerialNumber=0
[    2.624836] usb 2-1.2.2: Product: USB Optical Mouse
[    2.628277] usb 2-1.2.2: Manufacturer: Logitech
[    2.635482] input: Logitech USB Optical Mouse as /devices/pci0000:00/0000:00:1d.0/usb2/2-1/2-1.2/2-1.2.2/2-1.2.2:1.0/0003:046D:C077.0001/input/input14
[    2.638079] hid-generic 0003:046D:C077.0001: input,hidraw0: USB HID v1.11 Mouse [Logitech USB Optical Mouse] on usb-0000:00:1d.0-1.2.2/input0
[    2.840856] usb 2-1.2.3: new low-speed USB device number 5 using ehci-pci
[    2.882433] psmouse serio2: trackpoint: IBM TrackPoint firmware: 0x0e, buttons: 3/3
[    3.081635] usb 2-1.2.3: New USB device found, idVendor=04f2, idProduct=0111, bcdDevice= 1.02
[    3.085140] usb 2-1.2.3: New USB device strings: Mfr=1, Product=2, SerialNumber=0
[    3.088514] usb 2-1.2.3: Product: USB Keyboard
[    3.091792] usb 2-1.2.3: Manufacturer: Chicony
[    3.101128] input: Chicony USB Keyboard as /devices/pci0000:00/0000:00:1d.0/usb2/2-1/2-1.2/2-1.2.3/2-1.2.3:1.0/0003:04F2:0111.0002/input/input15
[    3.145827] input: TPPS/2 IBM TrackPoint as /devices/platform/i8042/serio1/serio2/input/input13
[    3.162211] hid-generic 0003:04F2:0111.0002: input,hidraw1: USB HID v1.10 Keyboard [Chicony USB Keyboard] on usb-0000:00:1d.0-1.2.3/input0
[    3.173819] input: Chicony USB Keyboard System Control as /devices/pci0000:00/0000:00:1d.0/usb2/2-1/2-1.2/2-1.2.3/2-1.2.3:1.1/0003:04F2:0111.0003/input/input16
[    3.237394] input: Chicony USB Keyboard Consumer Control as /devices/pci0000:00/0000:00:1d.0/usb2/2-1/2-1.2/2-1.2.3/2-1.2.3:1.1/0003:04F2:0111.0003/input/input17
[    3.241536] hid-generic 0003:04F2:0111.0003: input,hiddev96,hidraw2: USB HID v1.10 Device [Chicony USB Keyboard] on usb-0000:00:1d.0-1.2.3/input1
[    3.304465] PM: Image not found (code -22)
[    3.304514] ALSA device list:
[    3.306975]   #0: HDA Intel PCH at 0xf2520000 irq 22
[    3.309922] md: Waiting for all devices to be available before autodetect
[    3.312299] md: If you don't use raid, use raid=noautodetect
[    3.315303] md: Autodetecting RAID arrays.
[    3.316366] md: autorun ...
[    3.317488] md: ... autorun DONE.
[    3.331162] EXT4-fs (sdb3): mounted filesystem with ordered data mode. Opts: (null)
[    3.332491] VFS: Mounted root (ext4 filesystem) readonly on device 8:19.
[    3.335216] devtmpfs: mounted
[    3.338531] Freeing unused kernel image (initmem) memory: 1084K
[    3.352869] Write protecting the kernel read-only data: 24576k
[    3.359211] Freeing unused kernel image (text/rodata gap) memory: 2044K
[    3.363304] Freeing unused kernel image (rodata/data gap) memory: 336K
[    3.409613] x86/mm: Checked W+X mappings: passed, no W+X pages found.
[    3.410663] rodata_test: all tests were successful
[    3.411683] x86/mm: Checking user space page tables
[    3.456766] x86/mm: Checked W+X mappings: passed, no W+X pages found.
[    3.457758] Run /sbin/init as init process
[    3.458705]   with arguments:
[    3.458706]     /sbin/init
[    3.458707]   with environment:
[    3.458708]     HOME=/
[    3.458709]     TERM=linux
[    3.458710]     BOOT_IMAGE=(hd1,2)/l/k/o/64/arch/x86/boot/bzImage
[    3.624698] systemd[1]: systemd 241 running in system mode. (+PAM +AUDIT +SELINUX +IMA +APPARMOR +SMACK +SYSVINIT +UTMP +LIBCRYPTSETUP +GCRYPT +GNUTLS +ACL +XZ +LZ4 +SECCOMP +BLKID +ELFUTILS +KMOD -IDN2 +IDN -PCRE2 default-hierarchy=hybrid)
[    3.645557] systemd[1]: Detected architecture x86-64.
[    3.664092] systemd[1]: Set hostname to <duo>.
[    3.758354] systemd[1]: File /lib/systemd/system/systemd-journald.service:12 configures an IP firewall (IPAddressDeny=any), but the local system does not support BPF/cgroup based firewalling.
[    3.760315] systemd[1]: Proceeding WITHOUT firewalling in effect! (This warning is only shown for the first loaded unit using IP firewalling.)
[    3.814575] systemd[1]: Binding to IPv6 address not available since kernel does not support IPv6.
[    3.815590] systemd[1]: Binding to IPv6 address not available since kernel does not support IPv6.
[    3.821472] systemd[1]: /lib/systemd/system/rpc-statd.service:13: PIDFile= references path below legacy directory /var/run/, updating /var/run/rpc.statd.pid  /run/rpc.statd.pid; please update the unit file accordingly.
[    3.843678] systemd[1]: Binding to IPv6 address not available since kernel does not support IPv6.
[    3.846427] random: systemd: uninitialized urandom read (16 bytes read)
[    3.850287] random: systemd: uninitialized urandom read (16 bytes read)
[    3.851576] systemd[1]: Listening on Journal Socket.
[    3.855230] random: systemd: uninitialized urandom read (16 bytes read)
[    4.587112] EXT4-fs (sdb3): re-mounted. Opts: errors=remount-ro
[    4.631307] systemd-journald[1692]: Received request to flush runtime journal from PID 1
[    4.878486] e1000e 0000:00:19.0 enp0s25: renamed from eth0
[    4.943862] iwlwifi 0000:03:00.0 wlp3s0: renamed from wlan0
[    6.164983] Adding 1681428k swap on /dev/sda1.  Priority:-2 extents:1 across:1681428k 
[    6.399477] random: crng init done
[    6.400234] random: 7 urandom warning(s) missed due to ratelimiting
[    6.616519] EXT4-fs (sda2): mounted filesystem with ordered data mode. Opts: errors=remount-ro
[    6.761220] EXT4-fs (sdb2): mounted filesystem with ordered data mode. Opts: errors=remount-ro
[    7.460365] iwlwifi 0000:03:00.0: Radio type=0x0-0x0-0x3
[    7.532352] iwlwifi 0000:03:00.0: Radio type=0x0-0x0-0x3
[    7.604272] iwlwifi 0000:03:00.0: Radio type=0x0-0x0-0x3
[    7.679651] iwlwifi 0000:03:00.0: Radio type=0x0-0x0-0x3
[    8.400853] NFSD: Using /var/lib/nfs/v4recovery as the NFSv4 state recovery directory
[    8.402005] NFSD: Using legacy client tracking operations.
[    8.402568] NFSD: starting 90-second grace period (net f0000098)
[    8.695969] broken atomic modeset userspace detected, disabling atomic
[    9.462822] e1000e 0000:00:19.0 enp0s25: NIC Link is Up 100 Mbps Full Duplex, Flow Control: Rx/Tx
[    9.462831] e1000e 0000:00:19.0 enp0s25: 10/100 speed: disabling TSO
[   39.431700] iwlwifi 0000:03:00.0: Radio type=0x0-0x0-0x3
[   39.507168] iwlwifi 0000:03:00.0: Radio type=0x0-0x0-0x3
[   70.010409] iwlwifi 0000:03:00.0: Radio type=0x0-0x0-0x3
[   70.082370] iwlwifi 0000:03:00.0: Radio type=0x0-0x0-0x3
[   70.586323] iwlwifi 0000:03:00.0: Radio type=0x0-0x0-0x3
[   70.661633] iwlwifi 0000:03:00.0: Radio type=0x0-0x0-0x3
[   71.201399] wlp3s0: authenticate with 5c:f4:ab:10:d2:bb
[   71.204860] wlp3s0: send auth to 5c:f4:ab:10:d2:bb (try 1/3)
[   71.209962] wlp3s0: authenticated
[   71.214500] wlp3s0: associate with 5c:f4:ab:10:d2:bb (try 1/3)
[   71.218061] wlp3s0: RX AssocResp from 5c:f4:ab:10:d2:bb (capab=0x411 status=0 aid=1)
[   71.222718] wlp3s0: associated
[  829.736165] perf: interrupt took too long (2511 > 2500), lowering kernel.perf_event_max_sample_rate to 79500
[ 1128.440079] perf: interrupt took too long (3176 > 3138), lowering kernel.perf_event_max_sample_rate to 62750
[ 1631.545813] perf: interrupt took too long (4043 > 3970), lowering kernel.perf_event_max_sample_rate to 49250
[ 1980.684938] wlp3s0: deauthenticated from 5c:f4:ab:10:d2:bb (Reason: 16=GROUP_KEY_HANDSHAKE_TIMEOUT)
[ 1981.334043] wlp3s0: authenticate with 5c:f4:ab:10:d2:bb
[ 1981.338283] wlp3s0: send auth to 5c:f4:ab:10:d2:bb (try 1/3)
[ 1981.343842] wlp3s0: authenticated
[ 1981.347670] wlp3s0: associate with 5c:f4:ab:10:d2:bb (try 1/3)
[ 1981.351052] wlp3s0: RX AssocResp from 5c:f4:ab:10:d2:bb (capab=0x411 status=0 aid=1)
[ 1981.353812] wlp3s0: associated
[ 2758.112643] perf: interrupt took too long (5086 > 5053), lowering kernel.perf_event_max_sample_rate to 39250
