[    0.000000] Linux version 4.19.13-cip1-rt1+ (pavel@pollux.denx.de) (gcc version 9.1.1 20190503 (Red Hat 9.1.1-1) (GCC)) #25 SMP PREEMPT RT Fri Jun 21 15:18:38 CEST 2019
[    0.000000] Command line: BOOT_IMAGE=(hd1,2)/l/tmp/bzImage root=/dev/sdb4 resume=/dev/sda1
[    0.000000] Disabled fast string operations
[    0.000000] x86/fpu: Supporting XSAVE feature 0x001: 'x87 floating point registers'
[    0.000000] x86/fpu: Supporting XSAVE feature 0x002: 'SSE registers'
[    0.000000] x86/fpu: Supporting XSAVE feature 0x004: 'AVX registers'
[    0.000000] x86/fpu: xstate_offset[2]:  576, xstate_sizes[2]:  256
[    0.000000] x86/fpu: Enabled xstate features 0x7, context size is 832 bytes, using 'standard' format.
[    0.000000] BIOS-provided physical RAM map:
[    0.000000] BIOS-e820: [mem 0x0000000000000000-0x000000000009d7ff] usable
[    0.000000] BIOS-e820: [mem 0x000000000009d800-0x000000000009ffff] reserved
[    0.000000] BIOS-e820: [mem 0x00000000000e0000-0x00000000000fffff] reserved
[    0.000000] BIOS-e820: [mem 0x0000000000100000-0x000000001fffffff] usable
[    0.000000] BIOS-e820: [mem 0x0000000020000000-0x00000000201fffff] reserved
[    0.000000] BIOS-e820: [mem 0x0000000020200000-0x000000003fffffff] usable
[    0.000000] BIOS-e820: [mem 0x0000000040000000-0x00000000401fffff] reserved
[    0.000000] BIOS-e820: [mem 0x0000000040200000-0x00000000da99efff] usable
[    0.000000] BIOS-e820: [mem 0x00000000da99f000-0x00000000dae9efff] reserved
[    0.000000] BIOS-e820: [mem 0x00000000dae9f000-0x00000000daf9efff] ACPI NVS
[    0.000000] BIOS-e820: [mem 0x00000000daf9f000-0x00000000daffefff] ACPI data
[    0.000000] BIOS-e820: [mem 0x00000000dafff000-0x00000000daffffff] usable
[    0.000000] BIOS-e820: [mem 0x00000000db000000-0x00000000df9fffff] reserved
[    0.000000] BIOS-e820: [mem 0x00000000f8000000-0x00000000fbffffff] reserved
[    0.000000] BIOS-e820: [mem 0x00000000fec00000-0x00000000fec00fff] reserved
[    0.000000] BIOS-e820: [mem 0x00000000fed08000-0x00000000fed08fff] reserved
[    0.000000] BIOS-e820: [mem 0x00000000fed10000-0x00000000fed19fff] reserved
[    0.000000] BIOS-e820: [mem 0x00000000fed1c000-0x00000000fed1ffff] reserved
[    0.000000] BIOS-e820: [mem 0x00000000fee00000-0x00000000fee00fff] reserved
[    0.000000] BIOS-e820: [mem 0x00000000ffd20000-0x00000000ffffffff] reserved
[    0.000000] BIOS-e820: [mem 0x0000000100000000-0x000000019e5fffff] usable
[    0.000000] BIOS-e820: [mem 0x000000019e600000-0x000000019e7fffff] reserved
[    0.000000] NX (Execute Disable) protection: active
[    0.000000] SMBIOS 2.6 present.
[    0.000000] DMI: LENOVO 42872WU/42872WU, BIOS 8DET74WW (1.44 ) 03/13/2018
[    0.000000] tsc: Fast TSC calibration using PIT
[    0.000000] tsc: Detected 2491.847 MHz processor
[    0.002179] e820: update [mem 0x00000000-0x00000fff] usable ==> reserved
[    0.002181] e820: remove [mem 0x000a0000-0x000fffff] usable
[    0.002188] last_pfn = 0x19e600 max_arch_pfn = 0x400000000
[    0.002192] MTRR default type: uncachable
[    0.002193] MTRR fixed ranges enabled:
[    0.002194]   00000-9FFFF write-back
[    0.002195]   A0000-BFFFF uncachable
[    0.002196]   C0000-FFFFF write-protect
[    0.002196] MTRR variable ranges enabled:
[    0.002198]   0 base 0FFC00000 mask FFFC00000 write-protect
[    0.002199]   1 base 000000000 mask F80000000 write-back
[    0.002200]   2 base 080000000 mask FC0000000 write-back
[    0.002200]   3 base 0C0000000 mask FE0000000 write-back
[    0.002201]   4 base 0DC000000 mask FFC000000 uncachable
[    0.002202]   5 base 0DB000000 mask FFF000000 uncachable
[    0.002203]   6 base 100000000 mask F80000000 write-back
[    0.002203]   7 base 180000000 mask FE0000000 write-back
[    0.002204]   8 base 19F000000 mask FFF000000 uncachable
[    0.002205]   9 base 19E800000 mask FFF800000 uncachable
[    0.002968] x86/PAT: Configuration [0-7]: WB  WC  UC- UC  WB  WP  UC- WT  
[    0.003075] last_pfn = 0xdb000 max_arch_pfn = 0x400000000
[    0.003093] Base memory trampoline at [(____ptrval____)] 97000 size 24576
[    0.003094] reserving inaccessible SNB gfx pages
[    0.003099] BRK [0x06601000, 0x06601fff] PGTABLE
[    0.003102] BRK [0x06602000, 0x06602fff] PGTABLE
[    0.003103] BRK [0x06603000, 0x06603fff] PGTABLE
[    0.003164] BRK [0x06604000, 0x06604fff] PGTABLE
[    0.003386] BRK [0x06605000, 0x06605fff] PGTABLE
[    0.003899] BRK [0x06606000, 0x06606fff] PGTABLE
[    0.005059] ACPI: Early table checksum verification disabled
[    0.005107] ACPI: RSDP 0x00000000000F00E0 000024 (v02 LENOVO)
[    0.005110] ACPI: XSDT 0x00000000DAFFE120 0000AC (v01 LENOVO TP-8D    00001440 PTEC 00000002)
[    0.005116] ACPI: FACP 0x00000000DAFE7000 0000F4 (v04 LENOVO TP-8D    00001440 PTL  00000002)
[    0.005121] ACPI: DSDT 0x00000000DAFEA000 00FA89 (v01 LENOVO TP-8D    00001440 INTL 20061109)
[    0.005124] ACPI: FACS 0x00000000DAF2D000 000040
[    0.005126] ACPI: FACS 0x00000000DAF2D000 000040
[    0.005129] ACPI: SLIC 0x00000000DAFFD000 000176 (v01 LENOVO TP-8D    00001440 PTEC 00000001)
[    0.005132] ACPI: SSDT 0x00000000DAFFC000 000249 (v01 LENOVO TP-SSDT2 00000200 INTL 20061109)
[    0.005135] ACPI: SSDT 0x00000000DAFFB000 000033 (v01 LENOVO TP-SSDT1 00000100 INTL 20061109)
[    0.005137] ACPI: SSDT 0x00000000DAFFA000 0007D1 (v01 LENOVO SataAhci 00001000 INTL 20061109)
[    0.005140] ACPI: HPET 0x00000000DAFE6000 000038 (v01 LENOVO TP-8D    00001440 PTL  00000002)
[    0.005143] ACPI: APIC 0x00000000DAFE5000 000098 (v01 LENOVO TP-8D    00001440 PTL  00000002)
[    0.005146] ACPI: MCFG 0x00000000DAFE4000 00003C (v01 LENOVO TP-8D    00001440 PTL  00000002)
[    0.005148] ACPI: ECDT 0x00000000DAFE3000 000052 (v01 LENOVO TP-8D    00001440 PTL  00000002)
[    0.005151] ACPI: ASF! 0x00000000DAFE9000 0000A5 (v32 LENOVO TP-8D    00001440 PTL  00000002)
[    0.005154] ACPI: TCPA 0x00000000DAFE2000 000032 (v02 PTL    LENOVO   06040000 LNVO 00000001)
[    0.005157] ACPI: SSDT 0x00000000DAFE1000 000A27 (v01 PmRef  Cpu0Ist  00003000 INTL 20061109)
[    0.005160] ACPI: SSDT 0x00000000DAFE0000 000996 (v01 PmRef  CpuPm    00003000 INTL 20061109)
[    0.005163] ACPI: DMAR 0x00000000DAFDF000 0000E8 (v01 INTEL  SNB      00000001 INTL 00000001)
[    0.005166] ACPI: UEFI 0x00000000DAFDE000 00003E (v01 LENOVO TP-8D    00001440 PTL  00000002)
[    0.005168] ACPI: UEFI 0x00000000DAFDD000 000042 (v01 PTL    COMBUF   00000001 PTL  00000001)
[    0.005171] ACPI: UEFI 0x00000000DAFDC000 000292 (v01 LENOVO TP-8D    00001440 PTL  00000002)
[    0.005178] ACPI: Local APIC address 0xfee00000
[    0.005233] Zone ranges:
[    0.005233]   DMA      [mem 0x0000000000001000-0x0000000000ffffff]
[    0.005235]   DMA32    [mem 0x0000000001000000-0x00000000ffffffff]
[    0.005236]   Normal   [mem 0x0000000100000000-0x000000019e5fffff]
[    0.005237] Movable zone start for each node
[    0.005237] Early memory node ranges
[    0.005238]   node   0: [mem 0x0000000000001000-0x000000000009cfff]
[    0.005239]   node   0: [mem 0x0000000000100000-0x000000001fffffff]
[    0.005239]   node   0: [mem 0x0000000020200000-0x000000003fffffff]
[    0.005240]   node   0: [mem 0x0000000040200000-0x00000000da99efff]
[    0.005240]   node   0: [mem 0x00000000dafff000-0x00000000daffffff]
[    0.005241]   node   0: [mem 0x0000000100000000-0x000000019e5fffff]
[    0.005244] Reserved but unavailable: 105 pages
[    0.005246] Initmem setup node 0 [mem 0x0000000000001000-0x000000019e5fffff]
[    0.005247] On node 0 totalpages: 1542972
[    0.005248]   DMA zone: 64 pages used for memmap
[    0.005249]   DMA zone: 156 pages reserved
[    0.005250]   DMA zone: 3996 pages, LIFO batch:0
[    0.005745]   DMA32 zone: 13911 pages used for memmap
[    0.005746]   DMA32 zone: 890272 pages, LIFO batch:63
[    0.023500]   Normal zone: 10136 pages used for memmap
[    0.023502]   Normal zone: 648704 pages, LIFO batch:63
[    0.035906] Reserving Intel graphics memory at [mem 0xdba00000-0xdf9fffff]
[    0.036075] ACPI: PM-Timer IO Port: 0x408
[    0.036077] ACPI: Local APIC address 0xfee00000
[    0.036083] ACPI: LAPIC_NMI (acpi_id[0x00] high edge lint[0x1])
[    0.036084] ACPI: LAPIC_NMI (acpi_id[0x01] high edge lint[0x1])
[    0.036103] IOAPIC[0]: apic_id 2, version 32, address 0xfec00000, GSI 0-23
[    0.036106] ACPI: INT_SRC_OVR (bus 0 bus_irq 0 global_irq 2 dfl dfl)
[    0.036107] ACPI: INT_SRC_OVR (bus 0 bus_irq 9 global_irq 9 high level)
[    0.036108] ACPI: IRQ0 used by override.
[    0.036109] ACPI: IRQ9 used by override.
[    0.036111] Using ACPI (MADT) for SMP configuration information
[    0.036113] ACPI: HPET id: 0x8086a301 base: 0xfed00000
[    0.036116] smpboot: Allowing 8 CPUs, 4 hotplug CPUs
[    0.036163] PM: Registered nosave memory: [mem 0x00000000-0x00000fff]
[    0.036164] PM: Registered nosave memory: [mem 0x0009d000-0x0009dfff]
[    0.036165] PM: Registered nosave memory: [mem 0x0009e000-0x0009ffff]
[    0.036165] PM: Registered nosave memory: [mem 0x000a0000-0x000dffff]
[    0.036166] PM: Registered nosave memory: [mem 0x000e0000-0x000fffff]
[    0.036167] PM: Registered nosave memory: [mem 0x20000000-0x201fffff]
[    0.036168] PM: Registered nosave memory: [mem 0x40000000-0x401fffff]
[    0.036170] PM: Registered nosave memory: [mem 0xda99f000-0xdae9efff]
[    0.036170] PM: Registered nosave memory: [mem 0xdae9f000-0xdaf9efff]
[    0.036171] PM: Registered nosave memory: [mem 0xdaf9f000-0xdaffefff]
[    0.036172] PM: Registered nosave memory: [mem 0xdb000000-0xdf9fffff]
[    0.036173] PM: Registered nosave memory: [mem 0xdfa00000-0xf7ffffff]
[    0.036173] PM: Registered nosave memory: [mem 0xf8000000-0xfbffffff]
[    0.036174] PM: Registered nosave memory: [mem 0xfc000000-0xfebfffff]
[    0.036174] PM: Registered nosave memory: [mem 0xfec00000-0xfec00fff]
[    0.036175] PM: Registered nosave memory: [mem 0xfec01000-0xfed07fff]
[    0.036175] PM: Registered nosave memory: [mem 0xfed08000-0xfed08fff]
[    0.036176] PM: Registered nosave memory: [mem 0xfed09000-0xfed0ffff]
[    0.036176] PM: Registered nosave memory: [mem 0xfed10000-0xfed19fff]
[    0.036177] PM: Registered nosave memory: [mem 0xfed1a000-0xfed1bfff]
[    0.036177] PM: Registered nosave memory: [mem 0xfed1c000-0xfed1ffff]
[    0.036178] PM: Registered nosave memory: [mem 0xfed20000-0xfedfffff]
[    0.036178] PM: Registered nosave memory: [mem 0xfee00000-0xfee00fff]
[    0.036179] PM: Registered nosave memory: [mem 0xfee01000-0xffd1ffff]
[    0.036179] PM: Registered nosave memory: [mem 0xffd20000-0xffffffff]
[    0.036192] [mem 0xdfa00000-0xf7ffffff] available for PCI devices
[    0.036194] clocksource: refined-jiffies: mask: 0xffffffff max_cycles: 0xffffffff, max_idle_ns: 7645519600211568 ns
[    0.036209] setup_percpu: NR_CPUS:8 nr_cpumask_bits:8 nr_cpu_ids:8 nr_node_ids:1
[    0.037744] percpu: Embedded 46 pages/cpu @(____ptrval____) s147536 r8192 d32688 u262144
[    0.037752] pcpu-alloc: s147536 r8192 d32688 u262144 alloc=1*2097152
[    0.037753] pcpu-alloc: [0] 0 1 2 3 4 5 6 7 
[    0.037787] Built 1 zonelists, mobility grouping on.  Total pages: 1518705
[    0.037793] Kernel command line: BOOT_IMAGE=(hd1,2)/l/tmp/bzImage root=/dev/sdb4 resume=/dev/sda1
[    0.067932] Dentry cache hash table entries: 1048576 (order: 14, 67108864 bytes)
[    0.103811] Inode-cache hash table entries: 524288 (order: 10, 4194304 bytes)
[    0.367605] Memory: 5896816K/6171888K available (16396K kernel code, 1382K rwdata, 5124K rodata, 1016K init, 11756K bss, 275072K reserved, 0K cma-reserved)
[    0.367679] random: get_random_u64 called from cache_random_seq_create+0x7d/0x130 with crng_init=0
[    0.367798] SLUB: HWalign=64, Order=0-3, MinObjects=0, CPUs=8, Nodes=1
[    0.367819] Kernel/User page tables isolation: enabled
[    0.368123] rcu: Preemptible hierarchical RCU implementation.
[    0.368124] 	No expedited grace period (rcu_normal_after_boot).
[    0.368125] 	Tasks RCU enabled.
[    0.368168] NR_IRQS: 4352, nr_irqs: 104, preallocated irqs: 16
[    0.369826] Console: colour VGA+ 80x25
[    0.378224] console [tty0] enabled
[    0.378225] Lock dependency validator: Copyright (c) 2006 Red Hat, Inc., Ingo Molnar
[    0.378225] ... MAX_LOCKDEP_SUBCLASSES:  8
[    0.378226] ... MAX_LOCK_DEPTH:          48
[    0.378226] ... MAX_LOCKDEP_KEYS:        8191
[    0.378227] ... CLASSHASH_SIZE:          4096
[    0.378227] ... MAX_LOCKDEP_ENTRIES:     32768
[    0.378227] ... MAX_LOCKDEP_CHAINS:      65536
[    0.378228] ... CHAINHASH_SIZE:          32768
[    0.378228]  memory used by lock dependency info: 7359 kB
[    0.378229]  per task-struct memory footprint: 1920 bytes
[    0.378402] ACPI: Core revision 20180810
[    0.378886] clocksource: hpet: mask: 0xffffffff max_cycles: 0xffffffff, max_idle_ns: 133484882848 ns
[    0.378903] hpet clockevent registered
[    0.378911] APIC: Switch to symmetric I/O mode setup
[    0.379377] ..TIMER: vector=0x30 apic1=0 pin1=2 apic2=-1 pin2=-1
[    0.398910] clocksource: tsc-early: mask: 0xffffffffffffffff max_cycles: 0x23eb23ed3eb, max_idle_ns: 440795313462 ns
[    0.398917] Calibrating delay loop (skipped), value calculated using timer frequency.. 4983.69 BogoMIPS (lpj=9967388)
[    0.398919] pid_max: default: 32768 minimum: 301
[    0.399035] Mount-cache hash table entries: 16384 (order: 5, 131072 bytes)
[    0.399053] Mountpoint-cache hash table entries: 16384 (order: 5, 131072 bytes)
[    0.399501] Disabled fast string operations
[    0.399509] ENERGY_PERF_BIAS: Set to 'normal', was 'performance'
[    0.399509] ENERGY_PERF_BIAS: View and update with x86_energy_perf_policy(8)
[    0.399513] process: using mwait in idle threads
[    0.399516] Last level iTLB entries: 4KB 512, 2MB 8, 4MB 8
[    0.399516] Last level dTLB entries: 4KB 512, 2MB 32, 4MB 32, 1GB 0
[    0.399518] Spectre V2 : Mitigation: Full generic retpoline
[    0.399518] Spectre V2 : Spectre v2 / SpectreRSB mitigation: Filling RSB on context switch
[    0.399519] Spectre V2 : Enabling Restricted Speculation for firmware calls
[    0.399520] Spectre V2 : mitigation: Enabling conditional Indirect Branch Prediction Barrier
[    0.399520] Spectre V2 : User space: Mitigation: STIBP via prctl
[    0.399526] Speculative Store Bypass: Vulnerable
[    0.399722] Freeing SMP alternatives memory: 40K
[    0.400826] TSC deadline timer enabled
[    0.400829] smpboot: CPU0: Intel(R) Core(TM) i5-2520M CPU @ 2.50GHz (family: 0x6, model: 0x2a, stepping: 0x7)
[    0.423036] Performance Events: PEBS fmt1+, SandyBridge events, 16-deep LBR, full-width counters, Intel PMU driver.
[    0.423159] ... version:                3
[    0.423706] ... bit width:              48
[    0.423765] ... generic registers:      4
[    0.423824] ... value mask:             0000ffffffffffff
[    0.423887] ... max period:             00007fffffffffff
[    0.423950] ... fixed-purpose events:   3
[    0.424008] ... event mask:             000000070000000f
[    0.438956] rcu: Hierarchical SRCU implementation.
[    0.467531] NMI watchdog: Enabled. Permanently consumes one hw-PMU counter.
[    0.474979] smp: Bringing up secondary CPUs ...
[    0.531037] x86: Booting SMP configuration:
[    0.531102] .... node  #0, CPUs:      #1
[    0.014532] Disabled fast string operations
[    0.587001]  #2
[    0.014532] Disabled fast string operations
[    0.643001]  #3
[    0.014532] Disabled fast string operations
[    0.645432] smp: Brought up 1 node, 4 CPUs
[    0.645432] smpboot: Max logical packages: 2
[    0.645432] smpboot: Total of 4 processors activated (19934.77 BogoMIPS)
[    0.647371] devtmpfs: initialized
[    0.648014] PM: Registering ACPI NVS region [mem 0xdae9f000-0xdaf9efff] (1048576 bytes)
[    0.648530] clocksource: jiffies: mask: 0xffffffff max_cycles: 0xffffffff, max_idle_ns: 7645041785100000 ns
[    0.648530] futex hash table entries: 2048 (order: 7, 524288 bytes)
[    0.648530] NET: Registered protocol family 16
[    0.655053] cpuidle: using governor ladder
[    0.655141] cpuidle: using governor menu
[    0.655141] ACPI FADT declares the system doesn't support PCIe ASPM, so disable it
[    0.655155] ACPI: bus type PCI registered
[    0.655664] PCI: MMCONFIG for domain 0000 [bus 00-3f] at [mem 0xf8000000-0xfbffffff] (base 0xf8000000)
[    0.655783] PCI: MMCONFIG at [mem 0xf8000000-0xfbffffff] reserved in E820
[    0.655783] PCI: Using configuration type 1 for base access
[    0.655792] core: PMU erratum BJ122, BV98, HSD29 worked around, HT is on
[    0.701048] ACPI: Added _OSI(Module Device)
[    0.701048] ACPI: Added _OSI(Processor Device)
[    0.701048] ACPI: Added _OSI(3.0 _SCP Extensions)
[    0.701048] ACPI: Added _OSI(Processor Aggregator Device)
[    0.701048] ACPI: Added _OSI(Linux-Dell-Video)
[    0.701048] ACPI: Added _OSI(Linux-Lenovo-NV-HDMI-Audio)
[    0.701048] ACPI: EC: EC started
[    0.701048] ACPI: EC: interrupt blocked
[    0.701048] ACPI: \: Used as first EC
[    0.701048] ACPI: \: GPE=0x11, EC_CMD/EC_SC=0x66, EC_DATA=0x62
[    0.701048] ACPI: \: Used as boot ECDT EC to handle transactions
[    0.739754] ACPI: 6 ACPI AML tables successfully acquired and loaded
[    0.744099] ACPI: [Firmware Bug]: BIOS _OSI(Linux) query ignored
[    0.758932] ACPI: Dynamic OEM Table Load:
[    0.759020] ACPI: SSDT 0xFFFF888192526000 0008C0 (v01 PmRef  Cpu0Cst  00003001 INTL 20061109)
[    0.760912] ACPI: Dynamic OEM Table Load:
[    0.760997] ACPI: SSDT 0xFFFF888192123400 000303 (v01 PmRef  ApIst    00003000 INTL 20061109)
[    0.762134] ACPI: Dynamic OEM Table Load:
[    0.762218] ACPI: SSDT 0xFFFF888193AD5200 000119 (v01 PmRef  ApCst    00003000 INTL 20061109)
[    0.765453] ACPI: Interpreter enabled
[    0.765591] ACPI: (supports S0 S3 S4 S5)
[    0.765660] ACPI: Using IOAPIC for interrupt routing
[    0.765810] PCI: Using host bridge windows from ACPI; if necessary, use "pci=nocrs" and report a bug
[    0.766721] ACPI: Enabled 6 GPEs in block 00 to 3F
[    0.785224] ACPI: Power Resource [PUBS] (on)
[    0.786056] acpi PNP0C0A:01: ACPI dock station (docks/bays count: 1)
[    0.791246] acpi LNXIOBAY:00: ACPI dock station (docks/bays count: 2)
[    0.799104] acpi IBM0079:00: ACPI dock station (docks/bays count: 3)
[    0.801300] ACPI: PCI Interrupt Link [LNKA] (IRQs 3 4 5 6 7 9 10 *11)
[    0.801861] ACPI: PCI Interrupt Link [LNKB] (IRQs 3 4 5 6 7 9 10 *11)
[    0.802417] ACPI: PCI Interrupt Link [LNKC] (IRQs 3 4 5 6 7 9 10 *11)
[    0.803074] ACPI: PCI Interrupt Link [LNKD] (IRQs 3 4 5 6 7 9 *10 11)
[    0.803634] ACPI: PCI Interrupt Link [LNKE] (IRQs 3 4 5 6 *7 9 10 11)
[    0.804090] ACPI: PCI Interrupt Link [LNKF] (IRQs 3 4 5 6 7 9 10 11) *0, disabled.
[    0.804656] ACPI: PCI Interrupt Link [LNKG] (IRQs 3 4 5 6 *7 9 10 11)
[    0.805211] ACPI: PCI Interrupt Link [LNKH] (IRQs 3 4 5 6 7 9 *10 11)
[    0.805708] ACPI: PCI Root Bridge [PCI0] (domain 0000 [bus 00-fe])
[    0.805782] acpi PNP0A08:00: _OSC: OS supports [ExtendedConfig ASPM ClockPM Segments]
[    0.806477] acpi PNP0A08:00: _OSC: not requesting OS control; OS requires [ExtendedConfig ASPM ClockPM MSI]
[    0.806578] acpi PNP0A08:00: [Firmware Info]: MMCONFIG for domain 0000 [bus 00-3f] only partially covers this bridge
[    0.806903] PCI host bridge to bus 0000:00
[    0.806973] pci_bus 0000:00: root bus resource [io  0x0000-0x0cf7 window]
[    0.807043] pci_bus 0000:00: root bus resource [io  0x0d00-0xffff window]
[    0.807113] pci_bus 0000:00: root bus resource [mem 0x000a0000-0x000bffff window]
[    0.807186] pci_bus 0000:00: root bus resource [mem 0xdfa00000-0xfebfffff window]
[    0.807258] pci_bus 0000:00: root bus resource [mem 0xfed40000-0xfed4bfff window]
[    0.807333] pci_bus 0000:00: root bus resource [bus 00-fe]
[    0.807423] pci 0000:00:00.0: [8086:0104] type 00 class 0x060000
[    0.807804] pci 0000:00:02.0: [8086:0126] type 00 class 0x030000
[    0.807819] pci 0000:00:02.0: reg 0x10: [mem 0xf0000000-0xf03fffff 64bit]
[    0.807828] pci 0000:00:02.0: reg 0x18: [mem 0xe0000000-0xefffffff 64bit pref]
[    0.807834] pci 0000:00:02.0: reg 0x20: [io  0x5000-0x503f]
[    0.808260] pci 0000:00:16.0: [8086:1c3a] type 00 class 0x078000
[    0.808290] pci 0000:00:16.0: reg 0x10: [mem 0xf2525000-0xf252500f 64bit]
[    0.808387] pci 0000:00:16.0: PME# supported from D0 D3hot D3cold
[    0.808751] pci 0000:00:19.0: [8086:1502] type 00 class 0x020000
[    0.808776] pci 0000:00:19.0: reg 0x10: [mem 0xf2500000-0xf251ffff]
[    0.808787] pci 0000:00:19.0: reg 0x14: [mem 0xf252b000-0xf252bfff]
[    0.808797] pci 0000:00:19.0: reg 0x18: [io  0x5080-0x509f]
[    0.808881] pci 0000:00:19.0: PME# supported from D0 D3hot D3cold
[    0.809258] pci 0000:00:1a.0: [8086:1c2d] type 00 class 0x0c0320
[    0.809287] pci 0000:00:1a.0: reg 0x10: [mem 0xf252a000-0xf252a3ff]
[    0.809393] pci 0000:00:1a.0: PME# supported from D0 D3hot D3cold
[    0.809763] pci 0000:00:1b.0: [8086:1c20] type 00 class 0x040300
[    0.809791] pci 0000:00:1b.0: reg 0x10: [mem 0xf2520000-0xf2523fff 64bit]
[    0.809893] pci 0000:00:1b.0: PME# supported from D0 D3hot D3cold
[    0.810282] pci 0000:00:1c.0: [8086:1c10] type 01 class 0x060400
[    0.810425] pci 0000:00:1c.0: PME# supported from D0 D3hot D3cold
[    0.810829] pci 0000:00:1c.1: [8086:1c12] type 01 class 0x060400
[    0.810993] pci 0000:00:1c.1: PME# supported from D0 D3hot D3cold
[    0.811397] pci 0000:00:1c.3: [8086:1c16] type 01 class 0x060400
[    0.811550] pci 0000:00:1c.3: PME# supported from D0 D3hot D3cold
[    0.811973] pci 0000:00:1c.4: [8086:1c18] type 01 class 0x060400
[    0.812127] pci 0000:00:1c.4: PME# supported from D0 D3hot D3cold
[    0.812544] pci 0000:00:1d.0: [8086:1c26] type 00 class 0x0c0320
[    0.812571] pci 0000:00:1d.0: reg 0x10: [mem 0xf2529000-0xf25293ff]
[    0.812680] pci 0000:00:1d.0: PME# supported from D0 D3hot D3cold
[    0.813059] pci 0000:00:1f.0: [8086:1c4f] type 00 class 0x060100
[    0.813523] pci 0000:00:1f.2: [8086:1c03] type 00 class 0x010601
[    0.813549] pci 0000:00:1f.2: reg 0x10: [io  0x50a8-0x50af]
[    0.813559] pci 0000:00:1f.2: reg 0x14: [io  0x50bc-0x50bf]
[    0.813569] pci 0000:00:1f.2: reg 0x18: [io  0x50a0-0x50a7]
[    0.813579] pci 0000:00:1f.2: reg 0x1c: [io  0x50b8-0x50bb]
[    0.813589] pci 0000:00:1f.2: reg 0x20: [io  0x5060-0x507f]
[    0.813599] pci 0000:00:1f.2: reg 0x24: [mem 0xf2528000-0xf25287ff]
[    0.813662] pci 0000:00:1f.2: PME# supported from D3hot
[    0.814022] pci 0000:00:1f.3: [8086:1c22] type 00 class 0x0c0500
[    0.814047] pci 0000:00:1f.3: reg 0x10: [mem 0xf2524000-0xf25240ff 64bit]
[    0.814071] pci 0000:00:1f.3: reg 0x20: [io  0xefa0-0xefbf]
[    0.814578] pci 0000:00:1c.0: PCI bridge to [bus 02]
[    0.815103] pci 0000:03:00.0: [8086:0084] type 00 class 0x028000
[    0.815396] pci 0000:03:00.0: reg 0x10: [mem 0xf2400000-0xf2401fff 64bit]
[    0.816652] pci 0000:03:00.0: PME# supported from D0 D3hot D3cold
[    0.817406] pci 0000:00:1c.1: PCI bridge to [bus 03]
[    0.817478] pci 0000:00:1c.1:   bridge window [mem 0xf2400000-0xf24fffff]
[    0.817643] pci 0000:00:1c.3: PCI bridge to [bus 05-0c]
[    0.817712] pci 0000:00:1c.3:   bridge window [io  0x4000-0x4fff]
[    0.817719] pci 0000:00:1c.3:   bridge window [mem 0xf1c00000-0xf23fffff]
[    0.817729] pci 0000:00:1c.3:   bridge window [mem 0xf0400000-0xf0bfffff 64bit pref]
[    0.818017] pci 0000:0d:00.0: [1180:e822] type 00 class 0x088001
[    0.818047] pci 0000:0d:00.0: MMC controller base frequency changed to 50Mhz.
[    0.818334] pci 0000:0d:00.0: reg 0x10: [mem 0xf1400000-0xf14000ff]
[    0.818629] pci 0000:0d:00.0: supports D1 D2
[    0.818631] pci 0000:0d:00.0: PME# supported from D0 D1 D2 D3hot D3cold
[    0.819211] pci 0000:00:1c.4: PCI bridge to [bus 0d]
[    0.819280] pci 0000:00:1c.4:   bridge window [io  0x3000-0x3fff]
[    0.819286] pci 0000:00:1c.4:   bridge window [mem 0xf1400000-0xf1bfffff]
[    0.819296] pci 0000:00:1c.4:   bridge window [mem 0xf0c00000-0xf13fffff 64bit pref]
[    0.819344] pci_bus 0000:00: on NUMA node 0
[    0.823751] ACPI: EC: interrupt unblocked
[    0.823889] ACPI: EC: event unblocked
[    0.824162] ACPI: \_SB_.PCI0.LPC_.EC__: GPE=0x11, EC_CMD/EC_SC=0x66, EC_DATA=0x62
[    0.824237] ACPI: \_SB_.PCI0.LPC_.EC__: Used as boot DSDT EC to handle transactions and events
[    0.824780] pci 0000:00:02.0: vgaarb: setting as boot VGA device
[    0.824780] pci 0000:00:02.0: vgaarb: VGA device added: decodes=io+mem,owns=io+mem,locks=none
[    0.824780] pci 0000:00:02.0: vgaarb: bridge control possible
[    0.824780] vgaarb: loaded
[    0.824780] SCSI subsystem initialized
[    0.824780] libata version 3.00 loaded.
[    0.824780] ACPI: bus type USB registered
[    0.824780] usbcore: registered new interface driver usbfs
[    0.824780] usbcore: registered new interface driver hub
[    0.824780] usbcore: registered new device driver usb
[    0.824780] media: Linux media interface: v0.10
[    0.827264] videodev: Linux video capture interface: v2.00
[    0.827387] pps_core: LinuxPPS API ver. 1 registered
[    0.827456] pps_core: Software ver. 5.3.6 - Copyright 2005-2007 Rodolfo Giometti <giometti@linux.it>
[    0.827560] PTP clock support registered
[    0.827924] EDAC MC: Ver: 3.0.0
[    0.828575] Advanced Linux Sound Architecture Driver Initialized.
[    0.828575] PCI: Using ACPI for IRQ routing
[    0.829662] PCI: pci_cache_line_size set to 64 bytes
[    0.830967] e820: reserve RAM buffer [mem 0x0009d800-0x0009ffff]
[    0.830973] e820: reserve RAM buffer [mem 0xda99f000-0xdbffffff]
[    0.830978] e820: reserve RAM buffer [mem 0xdb000000-0xdbffffff]
[    0.830983] e820: reserve RAM buffer [mem 0x19e600000-0x19fffffff]
[    0.831789] Bluetooth: Core ver 2.22
[    0.831896] NET: Registered protocol family 31
[    0.831958] Bluetooth: HCI device and connection manager initialized
[    0.832042] Bluetooth: HCI socket layer initialized
[    0.832111] Bluetooth: L2CAP socket layer initialized
[    0.832228] Bluetooth: SCO socket layer initialized
[    0.832437] clocksource: Switched to clocksource tsc-early
[    0.832437] pnp: PnP ACPI init
[    0.833636] system 00:00: [mem 0x00000000-0x0009ffff] could not be reserved
[    0.833713] system 00:00: [mem 0x000c0000-0x000c3fff] could not be reserved
[    0.833789] system 00:00: [mem 0x000c4000-0x000c7fff] could not be reserved
[    0.833863] system 00:00: [mem 0x000c8000-0x000cbfff] has been reserved
[    0.833936] system 00:00: [mem 0x000cc000-0x000cffff] has been reserved
[    0.834009] system 00:00: [mem 0x000d0000-0x000d3fff] has been reserved
[    0.834082] system 00:00: [mem 0x000d4000-0x000d7fff] has been reserved
[    0.834155] system 00:00: [mem 0x000d8000-0x000dbfff] has been reserved
[    0.834228] system 00:00: [mem 0x000dc000-0x000dffff] has been reserved
[    0.834302] system 00:00: [mem 0x000e0000-0x000e3fff] could not be reserved
[    0.834377] system 00:00: [mem 0x000e4000-0x000e7fff] could not be reserved
[    0.834451] system 00:00: [mem 0x000e8000-0x000ebfff] could not be reserved
[    0.834525] system 00:00: [mem 0x000ec000-0x000effff] could not be reserved
[    0.834600] system 00:00: [mem 0x000f0000-0x000fffff] could not be reserved
[    0.834675] system 00:00: [mem 0x00100000-0xdf9fffff] could not be reserved
[    0.834749] system 00:00: [mem 0xfec00000-0xfed3ffff] could not be reserved
[    0.834824] system 00:00: [mem 0xfed4c000-0xffffffff] could not be reserved
[    0.834931] system 00:00: Plug and Play ACPI device, IDs PNP0c01 (active)
[    0.835377] system 00:01: [io  0x0400-0x047f] has been reserved
[    0.835449] system 00:01: [io  0x0500-0x057f] has been reserved
[    0.835520] system 00:01: [io  0x0800-0x080f] has been reserved
[    0.835591] system 00:01: [io  0x15e0-0x15ef] has been reserved
[    0.835662] system 00:01: [io  0x1600-0x167f] has been reserved
[    0.835733] system 00:01: [mem 0xf8000000-0xfbffffff] has been reserved
[    0.835807] system 00:01: [mem 0x00000000-0x00000fff] could not be reserved
[    0.835881] system 00:01: [mem 0xfed1c000-0xfed1ffff] has been reserved
[    0.835954] system 00:01: [mem 0xfed10000-0xfed13fff] has been reserved
[    0.836027] system 00:01: [mem 0xfed18000-0xfed18fff] has been reserved
[    0.836100] system 00:01: [mem 0xfed19000-0xfed19fff] has been reserved
[    0.836173] system 00:01: [mem 0xfed45000-0xfed4bfff] has been reserved
[    0.836267] system 00:01: Plug and Play ACPI device, IDs PNP0c02 (active)
[    0.836473] pnp 00:02: Plug and Play ACPI device, IDs PNP0b00 (active)
[    0.836598] pnp 00:03: Plug and Play ACPI device, IDs PNP0303 (active)
[    0.836722] pnp 00:04: Plug and Play ACPI device, IDs LEN0020 PNP0f13 (active)
[    0.836925] pnp 00:05: Plug and Play ACPI device, IDs SMO1200 PNP0c31 (active)
[    0.851788] pnp: PnP ACPI: found 6 devices
[    0.869815] clocksource: acpi_pm: mask: 0xffffff max_cycles: 0xffffff, max_idle_ns: 2085701024 ns
[    0.869928] pci 0000:00:1c.0: bridge window [io  0x1000-0x0fff] to [bus 02] add_size 1000
[    0.869933] pci 0000:00:1c.0: bridge window [mem 0x00100000-0x000fffff 64bit pref] to [bus 02] add_size 200000 add_align 100000
[    0.869936] pci 0000:00:1c.0: bridge window [mem 0x00100000-0x000fffff] to [bus 02] add_size 200000 add_align 100000
[    0.869984] pci 0000:00:1c.0: BAR 8: assigned [mem 0xdfa00000-0xdfbfffff]
[    0.870066] pci 0000:00:1c.0: BAR 9: assigned [mem 0xdfc00000-0xdfdfffff 64bit pref]
[    0.870142] pci 0000:00:1c.0: BAR 7: assigned [io  0x2000-0x2fff]
[    0.870211] pci 0000:00:1c.0: PCI bridge to [bus 02]
[    0.870276] pci 0000:00:1c.0:   bridge window [io  0x2000-0x2fff]
[    0.870348] pci 0000:00:1c.0:   bridge window [mem 0xdfa00000-0xdfbfffff]
[    0.870420] pci 0000:00:1c.0:   bridge window [mem 0xdfc00000-0xdfdfffff 64bit pref]
[    0.870499] pci 0000:00:1c.1: PCI bridge to [bus 03]
[    0.870567] pci 0000:00:1c.1:   bridge window [mem 0xf2400000-0xf24fffff]
[    0.870647] pci 0000:00:1c.3: PCI bridge to [bus 05-0c]
[    0.870713] pci 0000:00:1c.3:   bridge window [io  0x4000-0x4fff]
[    0.870784] pci 0000:00:1c.3:   bridge window [mem 0xf1c00000-0xf23fffff]
[    0.870856] pci 0000:00:1c.3:   bridge window [mem 0xf0400000-0xf0bfffff 64bit pref]
[    0.871147] pci 0000:00:1c.4: PCI bridge to [bus 0d]
[    0.871213] pci 0000:00:1c.4:   bridge window [io  0x3000-0x3fff]
[    0.871284] pci 0000:00:1c.4:   bridge window [mem 0xf1400000-0xf1bfffff]
[    0.871357] pci 0000:00:1c.4:   bridge window [mem 0xf0c00000-0xf13fffff 64bit pref]
[    0.871436] pci_bus 0000:00: resource 4 [io  0x0000-0x0cf7 window]
[    0.871439] pci_bus 0000:00: resource 5 [io  0x0d00-0xffff window]
[    0.871441] pci_bus 0000:00: resource 6 [mem 0x000a0000-0x000bffff window]
[    0.871444] pci_bus 0000:00: resource 7 [mem 0xdfa00000-0xfebfffff window]
[    0.871446] pci_bus 0000:00: resource 8 [mem 0xfed40000-0xfed4bfff window]
[    0.871449] pci_bus 0000:02: resource 0 [io  0x2000-0x2fff]
[    0.871451] pci_bus 0000:02: resource 1 [mem 0xdfa00000-0xdfbfffff]
[    0.871454] pci_bus 0000:02: resource 2 [mem 0xdfc00000-0xdfdfffff 64bit pref]
[    0.871457] pci_bus 0000:03: resource 1 [mem 0xf2400000-0xf24fffff]
[    0.871459] pci_bus 0000:05: resource 0 [io  0x4000-0x4fff]
[    0.871461] pci_bus 0000:05: resource 1 [mem 0xf1c00000-0xf23fffff]
[    0.871464] pci_bus 0000:05: resource 2 [mem 0xf0400000-0xf0bfffff 64bit pref]
[    0.871466] pci_bus 0000:0d: resource 0 [io  0x3000-0x3fff]
[    0.871469] pci_bus 0000:0d: resource 1 [mem 0xf1400000-0xf1bfffff]
[    0.871471] pci_bus 0000:0d: resource 2 [mem 0xf0c00000-0xf13fffff 64bit pref]
[    0.871755] NET: Registered protocol family 2
[    0.872388] tcp_listen_portaddr_hash hash table entries: 4096 (order: 7, 851968 bytes)
[    0.872860] TCP established hash table entries: 65536 (order: 7, 524288 bytes)
[    0.873432] TCP bind hash table entries: 16384 (order: 9, 3276800 bytes)
[    0.875106] TCP: Hash tables configured (established 65536 bind 16384)
[    0.875544] UDP hash table entries: 4096 (order: 8, 1703936 bytes)
[    0.876589] UDP-Lite hash table entries: 4096 (order: 8, 1703936 bytes)
[    0.878162] NET: Registered protocol family 1
[    0.878664] RPC: Registered named UNIX socket transport module.
[    0.878734] RPC: Registered udp transport module.
[    0.878797] RPC: Registered tcp transport module.
[    0.878859] RPC: Registered tcp NFSv4.1 backchannel transport module.
[    0.879338] pci 0000:00:02.0: Video device with shadowed ROM at [mem 0x000c0000-0x000dffff]
[    0.882371] PCI: CLS 64 bytes, default 64
[    0.882469] PCI-DMA: Using software bounce buffering for IO (SWIOTLB)
[    0.882537] software IO TLB: mapped [mem 0xd699f000-0xda99f000] (64MB)
[    0.888262] Initialise system trusted keyrings
[    0.888507] workingset: timestamp_bits=62 max_order=21 bucket_order=0
[    0.907566] Installing knfsd (copyright (C) 1996 okir@monad.swb.de).
[    0.909244] ntfs: driver 2.1.32 [Flags: R/W].
[    0.909799] fuse init (API version 7.27)
[    0.911432] pstore: using deflate compression
[    0.913776] Key type asymmetric registered
[    0.913850] Asymmetric key parser 'x509' registered
[    0.913954] Block layer SCSI generic (bsg) driver version 0.4 loaded (major 249)
[    0.914051] io scheduler noop registered
[    0.914112] io scheduler deadline registered
[    0.914362] io scheduler cfq registered (default)
[    0.914433] io scheduler mq-deadline registered
[    0.914672] io scheduler bfq registered
[    0.915113] pcieport 0000:00:1c.0: enabling device (0000 -> 0003)
[    0.918773] intel_idle: MWAIT substates: 0x21120
[    0.918777] intel_idle: v0.4.1 model 0x2A
[    0.920098] intel_idle: lapic_timer_reliable_states 0xffffffff
[    0.927006] ACPI: Deprecated procfs I/F for AC is loaded, please retry with CONFIG_ACPI_PROCFS_POWER cleared
[    0.927294] ACPI: AC Adapter [AC] (on-line)
[    0.927763] input: Lid Switch as /devices/LNXSYSTM:00/LNXSYBUS:00/PNP0C0D:00/input/input0
[    0.927991] ACPI: Lid Switch [LID]
[    0.928264] input: Sleep Button as /devices/LNXSYSTM:00/LNXSYBUS:00/PNP0C0E:00/input/input1
[    0.928401] ACPI: Sleep Button [SLPB]
[    0.928785] input: Power Button as /devices/LNXSYSTM:00/LNXPWRBN:00/input/input2
[    0.928907] ACPI: Power Button [PWRF]
[    1.019424] thermal LNXTHERM:00: registered as thermal_zone0
[    1.019498] ACPI: Thermal Zone [THM0] (59 C)
[    1.020430] Serial: 8250/16550 driver, 4 ports, IRQ sharing disabled
[    1.022812] lp: driver loaded but no devices found
[    1.023072] Non-volatile memory driver v1.3
[    1.024006] Linux agpgart interface v0.103
[    1.024874] [drm] radeon kernel modesetting enabled.
[    1.026876] [drm] Replacing VGA console driver
[    1.027654] Console: switching to colour dummy device 80x25
[    1.039171] [drm] Supports vblank timestamp caching Rev 2 (21.10.2013).
[    1.039195] [drm] Driver supports precise vblank timestamp query.
[    1.040804] i915 0000:00:02.0: vgaarb: changed VGA decodes: olddecodes=io+mem,decodes=io+mem:owns=io+mem
[    1.158791] [drm] Initialized i915 1.6.0 20180719 for 0000:00:02.0 on minor 0
[    1.162813] ACPI: Video Device [VID] (multi-head: yes  rom: no  post: no)
[    1.164054] input: Video Bus as /devices/LNXSYSTM:00/LNXSYBUS:00/PNP0A08:00/LNXVIDEO:00/input/input3
[    1.164793] usbcore: registered new interface driver udl
[    1.184977] loop: module loaded
[    1.218855] ahci 0000:00:1f.2: version 3.0
[    1.219939] ahci 0000:00:1f.2: SSS flag set, parallel bus scan disabled
[    1.231078] ahci 0000:00:1f.2: AHCI 0001.0300 32 slots 6 ports 6 Gbps 0x17 impl SATA mode
[    1.231099] ahci 0000:00:1f.2: flags: 64bit ncq sntf ilck stag pm led clo pio slum part ems sxs apst 
[    1.273261] scsi host0: ahci
[    1.274334] scsi host1: ahci
[    1.275164] scsi host2: ahci
[    1.275896] scsi host3: ahci
[    1.276620] scsi host4: ahci
[    1.277338] scsi host5: ahci
[    1.277887] ata1: SATA max UDMA/133 abar m2048@0xf2528000 port 0xf2528100 irq 19
[    1.277914] ata2: SATA max UDMA/133 abar m2048@0xf2528000 port 0xf2528180 irq 19
[    1.277939] ata3: SATA max UDMA/133 abar m2048@0xf2528000 port 0xf2528200 irq 19
[    1.277961] ata4: DUMMY
[    1.277972] ata5: SATA max UDMA/133 abar m2048@0xf2528000 port 0xf2528300 irq 19
[    1.277994] ata6: DUMMY
[    1.279920] tun: Universal TUN/TAP device driver, 1.6
[    1.280776] e1000e: Intel(R) PRO/1000 Network Driver - 3.2.6-k
[    1.280796] e1000e: Copyright(c) 1999 - 2015 Intel Corporation.
[    1.282292] e1000e 0000:00:19.0: Interrupt Throttling Rate (ints/sec) set to dynamic conservative mode
[    1.386514] e1000e 0000:00:19.0 0000:00:19.0 (uninitialized): registered PHC clock
[    1.416146] fbcon: inteldrmfb (fb0) is primary device
[    1.480282] e1000e 0000:00:19.0 eth0: (PCI Express:2.5GT/s:Width x1) f0:de:f1:e3:99:75
[    1.480286] e1000e 0000:00:19.0 eth0: Intel(R) PRO/1000 Network Connection
[    1.480339] e1000e 0000:00:19.0 eth0: MAC: 10, PHY: 11, PBA No: 1000FF-0FF
[    1.480707] PPP generic driver version 2.4.2
[    1.481037] PPP BSD Compression module registered
[    1.481042] PPP Deflate Compression module registered
[    1.481047] SLIP: version 0.8.4-NET3.019-NEWTTY (dynamic channels, max=256).
[    1.481049] CSLIP: code copyright 1989 Regents of the University of California.
[    1.481172] iwl3945: Intel(R) PRO/Wireless 3945ABG/BG Network Connection driver for Linux, in-tree:ds
[    1.481174] iwl3945: Copyright(c) 2003-2011 Intel Corporation
[    1.481176] iwl3945: hw_scan is disabled
[    1.481314] Intel(R) Wireless WiFi driver for Linux
[    1.481316] Copyright(c) 2003- 2015 Intel Corporation
[    1.481804] iwlwifi 0000:03:00.0: can't disable ASPM; OS doesn't have ASPM control
[    1.481985] iwlwifi 0000:03:00.0: pci_enable_msi failed - -38
[    1.482647] iwlwifi 0000:03:00.0: loaded firmware version 39.31.5.1 build 35138 op_mode iwldvm
[    1.482825] iwlwifi 0000:03:00.0: CONFIG_IWLWIFI_DEBUG disabled
[    1.482828] iwlwifi 0000:03:00.0: CONFIG_IWLWIFI_DEBUGFS disabled
[    1.482831] iwlwifi 0000:03:00.0: CONFIG_IWLWIFI_DEVICE_TRACING disabled
[    1.482835] iwlwifi 0000:03:00.0: Detected Intel(R) Centrino(R) Wireless-N 1000 BGN, REV=0x6C
[    1.528141] ieee80211 phy0: Selected rate control algorithm 'iwl-agn-rs'
[    1.529268] usbcore: registered new interface driver ax88179_178a
[    1.529330] usbcore: registered new interface driver cdc_ether
[    1.529395] usbcore: registered new interface driver cdc_eem
[    1.529466] usbcore: registered new interface driver net1080
[    1.529529] usbcore: registered new interface driver cdc_subset
[    1.529595] usbcore: registered new interface driver zaurus
[    1.529694] usbcore: registered new interface driver cdc_ncm
[    1.529772] usbcore: registered new interface driver cdc_mbim
[    1.530322] ehci_hcd: USB 2.0 'Enhanced' Host Controller (EHCI) Driver
[    1.530339] ehci-pci: EHCI PCI platform driver
[    1.531527] ehci-pci 0000:00:1a.0: EHCI Host Controller
[    1.531830] ehci-pci 0000:00:1a.0: new USB bus registered, assigned bus number 1
[    1.531867] ehci-pci 0000:00:1a.0: debug port 2
[    1.535822] ehci-pci 0000:00:1a.0: cache line size of 64 is not supported
[    1.535907] ehci-pci 0000:00:1a.0: irq 16, io mem 0xf252a000
[    1.551128] ehci-pci 0000:00:1a.0: USB 2.0 started, EHCI 1.00
[    1.551478] usb usb1: New USB device found, idVendor=1d6b, idProduct=0002, bcdDevice= 4.19
[    1.551480] usb usb1: New USB device strings: Mfr=3, Product=2, SerialNumber=1
[    1.551483] usb usb1: Product: EHCI Host Controller
[    1.551485] usb usb1: Manufacturer: Linux 4.19.13-cip1-rt1+ ehci_hcd
[    1.551487] usb usb1: SerialNumber: 0000:00:1a.0
[    1.552305] hub 1-0:1.0: USB hub found
[    1.552335] hub 1-0:1.0: 3 ports detected
[    1.554289] ehci-pci 0000:00:1d.0: EHCI Host Controller
[    1.554550] ehci-pci 0000:00:1d.0: new USB bus registered, assigned bus number 2
[    1.554571] ehci-pci 0000:00:1d.0: debug port 2
[    1.558495] ehci-pci 0000:00:1d.0: cache line size of 64 is not supported
[    1.558643] ehci-pci 0000:00:1d.0: irq 23, io mem 0xf2529000
[    1.571158] ehci-pci 0000:00:1d.0: USB 2.0 started, EHCI 1.00
[    1.571414] usb usb2: New USB device found, idVendor=1d6b, idProduct=0002, bcdDevice= 4.19
[    1.571417] usb usb2: New USB device strings: Mfr=3, Product=2, SerialNumber=1
[    1.571420] usb usb2: Product: EHCI Host Controller
[    1.571422] usb usb2: Manufacturer: Linux 4.19.13-cip1-rt1+ ehci_hcd
[    1.571425] usb usb2: SerialNumber: 0000:00:1d.0
[    1.572178] hub 2-0:1.0: USB hub found
[    1.572207] hub 2-0:1.0: 3 ports detected
[    1.573286] ohci_hcd: USB 1.1 'Open' Host Controller (OHCI) Driver
[    1.573335] ohci-pci: OHCI PCI platform driver
[    1.573470] uhci_hcd: USB Universal Host Controller Interface driver
[    1.573722] usbcore: registered new interface driver cdc_acm
[    1.573724] cdc_acm: USB Abstract Control Model driver for USB modems and ISDN adapters
[    1.573827] usbcore: registered new interface driver usblp
[    1.573904] usbcore: registered new interface driver cdc_wdm
[    1.573991] usbcore: registered new interface driver usb-storage
[    1.574057] usbcore: registered new interface driver ums-sddr09
[    1.574207] usbcore: registered new interface driver usbserial_generic
[    1.574301] usbserial: USB Serial support registered for generic
[    1.574363] usbcore: registered new interface driver ch341
[    1.574422] usbserial: USB Serial support registered for ch341-uart
[    1.574506] usbcore: registered new interface driver ftdi_sio
[    1.574568] usbserial: USB Serial support registered for FTDI USB Serial Device
[    1.574662] usbcore: registered new interface driver option
[    1.574729] usbserial: USB Serial support registered for GSM modem (1-port)
[    1.574836] usbcore: registered new interface driver pl2303
[    1.574895] usbserial: USB Serial support registered for pl2303
[    1.575015] usbcore: registered new interface driver ti_usb_3410_5052
[    1.575076] usbserial: USB Serial support registered for TI USB 3410 1 port adapter
[    1.575145] usbserial: USB Serial support registered for TI USB 5052 2 port adapter
[    1.575165] ftdi_elan: driver ftdi-elan
[    1.575244] usbcore: registered new interface driver ftdi-elan
[    1.575482] i8042: PNP: PS/2 Controller [PNP0303:KBD,PNP0f13:MOU] at 0x60,0x64 irq 1,12
[    1.578712] serio: i8042 KBD port at 0x60,0x64 irq 1
[    1.579068] serio: i8042 AUX port at 0x60,0x64 irq 12
[    1.579960] mousedev: PS/2 mouse device common for all mice
[    1.581384] input: PC Speaker as /devices/platform/pcspkr/input/input5
[    1.581905] rtc_cmos 00:02: RTC can wake from S4
[    1.582471] rtc_cmos 00:02: registered as rtc0
[    1.582607] rtc_cmos 00:02: alarms up to one month, y3k, 114 bytes nvram, hpet irqs
[    1.582915] usbcore: registered new interface driver uvcvideo
[    1.582956] USB Video Class driver (1.1.1)
[    1.582959] gspca_main: v2.14.0 registered
[    1.583039] usbcore: registered new interface driver sq930x
[    1.584394] device-mapper: ioctl: 4.39.0-ioctl (2018-04-03) initialised: dm-devel@redhat.com
[    1.584398] Bluetooth: HCI UART driver ver 2.3
[    1.584400] Bluetooth: HCI UART protocol H4 registered
[    1.584401] Bluetooth: HCI UART protocol BCSP registered
[    1.584629] usbcore: registered new interface driver btusb
[    1.584638] intel_pstate: Intel P-state driver initializing
[    1.585777] input: AT Translated Set 2 keyboard as /devices/platform/i8042/serio0/input/input4
[    1.588496] sdhci: Secure Digital Host Controller Interface driver
[    1.588504] sdhci: Copyright(c) Pierre Ossman
[    1.588779] sdhci-pci 0000:0d:00.0: SDHCI controller found [1180:e822] (rev 7)
[    1.590224] mmc0 bounce up to 128 segments into one, max segment size 65536 bytes
[    1.593812] mmc0: SDHCI controller on PCI [0000:0d:00.0] using DMA
[    1.594538] hidraw: raw HID events driver (C) Jiri Kosina
[    1.595051] ata1: SATA link up 1.5 Gbps (SStatus 113 SControl 300)
[    1.597379] ata1.00: ACPI cmd ef/02:00:00:00:00:a0 (SET FEATURES) succeeded
[    1.597395] ata1.00: ACPI cmd f5/00:00:00:00:00:a0 (SECURITY FREEZE LOCK) filtered out
[    1.597409] ata1.00: ACPI cmd ef/10:03:00:00:00:a0 (SET FEATURES) filtered out
[    1.598491] ata1.00: ATA-8: Hitachi HTS545050A7E380, GG2OA7J0, max UDMA/133
[    1.598504] ata1.00: 976773168 sectors, multi 16: LBA48 NCQ (depth 32), AA
[    1.599939] ata1.00: ACPI cmd ef/02:00:00:00:00:a0 (SET FEATURES) succeeded
[    1.599952] ata1.00: ACPI cmd f5/00:00:00:00:00:a0 (SECURITY FREEZE LOCK) filtered out
[    1.599957] ata1.00: ACPI cmd ef/10:03:00:00:00:a0 (SET FEATURES) filtered out
[    1.600817] ata1.00: configured for UDMA/133
[    1.601033] usbcore: registered new interface driver usbhid
[    1.601036] usbhid: USB HID core driver
[    1.601760] thinkpad_acpi: ThinkPad ACPI Extras v0.26
[    1.601761] thinkpad_acpi: http://ibm-acpi.sf.net/
[    1.601762] thinkpad_acpi: ThinkPad BIOS 8DET74WW (1.44 ), EC unknown
[    1.601764] thinkpad_acpi: Lenovo ThinkPad X220, model 42872WU
[    1.619178] thinkpad_acpi: radio switch found; radios are enabled
[    1.639602] thinkpad_acpi: Tablet mode switch found (type: MHKG), currently in laptop mode
[    1.639775] thinkpad_acpi: This ThinkPad has standard ACPI backlight brightness control, supported by the ACPI video driver
[    1.639779] thinkpad_acpi: Disabling thinkpad-acpi brightness events by default...
[    1.665760] battery: ACPI: Deprecated procfs I/F for battery is loaded, please retry with CONFIG_ACPI_PROCFS_POWER cleared
[    1.665825] battery: ACPI: Battery Slot [BAT0] (battery present)
[    1.703811] thinkpad_acpi: rfkill switch tpacpi_bluetooth_sw: radio is unblocked
[    1.712078] random: fast init done
[    1.733426] thinkpad_acpi: warning: userspace override of important firmware LEDs is enabled
[    1.733486] thinkpad_acpi: Standard ACPI backlight interface available, not loading native one
[    1.733490] thinkpad_acpi: volume: disabled as there is no ALSA support in this kernel
[    1.759599] thinkpad_acpi: battery 1 registered (start 0, stop 100)
[    1.759618] battery: new extension: ThinkPad Battery Extension
[    1.759844] input: ThinkPad Extra Buttons as /devices/platform/thinkpad_acpi/input/input8
[    1.765205] usbcore: registered new interface driver snd-usb-audio
[    1.768486] NET: Registered protocol family 17
[    1.768637] Bluetooth: RFCOMM TTY layer initialized
[    1.768649] Bluetooth: RFCOMM socket layer initialized
[    1.768669] Bluetooth: RFCOMM ver 1.11
[    1.768686] Bluetooth: BNEP (Ethernet Emulation) ver 1.3
[    1.768688] Bluetooth: BNEP filters: protocol multicast
[    1.768807] Bluetooth: BNEP socket layer initialized
[    1.768812] Bluetooth: HIDP (Human Interface Emulation) ver 1.2
[    1.768829] Bluetooth: HIDP socket layer initialized
[    1.769250] microcode: sig=0x206a7, pf=0x10, revision=0x2d
[    1.769658] microcode: Microcode Update Driver: v2.2.
[    1.769744] sched_clock: Marking stable (1759029594, 10532256)->(1777030100, -7468250)
[    1.770783] Loading compiled-in X.509 certificates
[    1.772475] Key type encrypted registered
[    1.773250] rtc_cmos 00:02: setting system clock to 2019-06-21 13:24:28 UTC (1561123468)
[    1.773567] cfg80211: Loading compiled-in X.509 certificates for regulatory database
[    1.774741] cfg80211: Loaded X.509 cert 'sforshee: 00b28ddf47aef9cea7'
[    1.774889] platform regulatory.0: Direct firmware load for regulatory.db failed with error -2
[    1.774904] cfg80211: failed to load regulatory.db
[    1.891136] usb 1-1: new high-speed USB device number 2 using ehci-pci
[    1.907127] usb 2-1: new high-speed USB device number 2 using ehci-pci
[    1.919298] tsc: Refined TSC clocksource calibration: 2491.905 MHz
[    1.919327] clocksource: tsc: mask: 0xffffffffffffffff max_cycles: 0x23eb5abbd7b, max_idle_ns: 440795277677 ns
[    1.919432] clocksource: Switched to clocksource tsc
[    2.052785] usb 1-1: New USB device found, idVendor=8087, idProduct=0024, bcdDevice= 0.00
[    2.052796] usb 1-1: New USB device strings: Mfr=0, Product=0, SerialNumber=0
[    2.055341] hub 1-1:1.0: USB hub found
[    2.055765] hub 1-1:1.0: 6 ports detected
[    2.063833] usb 2-1: New USB device found, idVendor=8087, idProduct=0024, bcdDevice= 0.00
[    2.063842] usb 2-1: New USB device strings: Mfr=0, Product=0, SerialNumber=0
[    2.064958] hub 2-1:1.0: USB hub found
[    2.065308] hub 2-1:1.0: 8 ports detected
[    2.167298] snd_hda_intel 0000:00:1b.0: bound 0000:00:02.0 (ops i915_audio_component_bind_ops)
[    2.193145] Console: switching to colour frame buffer device 136x42
[    2.195499] snd_hda_codec_generic hdaudioC0D0: autoconfig for Generic: line_outs=1 (0x1f/0x0/0x0/0x0/0x0) type:speaker
[    2.195501] snd_hda_codec_generic hdaudioC0D0:    speaker_outs=0 (0x0/0x0/0x0/0x0/0x0)
[    2.195503] snd_hda_codec_generic hdaudioC0D0:    hp_outs=1 (0x19/0x0/0x0/0x0/0x0)
[    2.195505] snd_hda_codec_generic hdaudioC0D0:    mono: mono_out=0x0
[    2.195507] snd_hda_codec_generic hdaudioC0D0:    inputs:
[    2.195510] snd_hda_codec_generic hdaudioC0D0:      Internal Mic=0x23
[    2.195513] snd_hda_codec_generic hdaudioC0D0:      Mic=0x1b
[    2.200726] snd_hda_codec_generic hdaudioC0D3: ignore pin 0x7, too many assigned pins
[    2.200730] snd_hda_codec_generic hdaudioC0D3: autoconfig for Generic: line_outs=0 (0x0/0x0/0x0/0x0/0x0) type:line
[    2.200732] snd_hda_codec_generic hdaudioC0D3:    speaker_outs=0 (0x0/0x0/0x0/0x0/0x0)
[    2.200734] snd_hda_codec_generic hdaudioC0D3:    hp_outs=0 (0x0/0x0/0x0/0x0/0x0)
[    2.200736] snd_hda_codec_generic hdaudioC0D3:    mono: mono_out=0x0
[    2.200738] snd_hda_codec_generic hdaudioC0D3:    dig-out=0x5/0x6
[    2.200740] snd_hda_codec_generic hdaudioC0D3:    inputs:
[    2.204090] input: HDA Intel PCH Mic as /devices/pci0000:00/0000:00:1b.0/sound/card0/input9
[    2.204425] input: HDA Intel PCH Headphone as /devices/pci0000:00/0000:00:1b.0/sound/card0/input10
[    2.204776] input: HDA Intel PCH HDMI as /devices/pci0000:00/0000:00:1b.0/sound/card0/input11
[    2.205182] input: HDA Intel PCH HDMI as /devices/pci0000:00/0000:00:1b.0/sound/card0/input12
[    2.350956] usb 1-1.3: new full-speed USB device number 3 using ehci-pci
[    2.380267] i915 0000:00:02.0: fb0: inteldrmfb frame buffer device
[    2.381906] scsi 0:0:0:0: Direct-Access     ATA      Hitachi HTS54505 A7J0 PQ: 0 ANSI: 5
[    2.383067] sd 0:0:0:0: [sda] 976773168 512-byte logical blocks: (500 GB/466 GiB)
[    2.383069] sd 0:0:0:0: [sda] 4096-byte physical blocks
[    2.383100] sd 0:0:0:0: [sda] Write Protect is off
[    2.383102] sd 0:0:0:0: [sda] Mode Sense: 00 3a 00 00
[    2.383148] sd 0:0:0:0: [sda] Write cache: enabled, read cache: enabled, doesn't support DPO or FUA
[    2.383901] sd 0:0:0:0: Attached scsi generic sg0 type 0
[    2.460936] usb 1-1.3: New USB device found, idVendor=147e, idProduct=2016, bcdDevice= 0.02
[    2.461981] usb 1-1.3: New USB device strings: Mfr=1, Product=2, SerialNumber=0
[    2.463005] usb 1-1.3: Product: Biometric Coprocessor
[    2.463975] usb 1-1.3: Manufacturer: UPEK
[    2.473077] psmouse serio1: synaptics: queried max coordinates: x [..5472], y [..4448]
[    2.547089] usb 1-1.4: new full-speed USB device number 4 using ehci-pci
[    2.552723] psmouse serio1: synaptics: Touchpad model: 1, fw: 8.0, id: 0x1e2b1, caps: 0xd001a3/0x940300/0x120c00/0x0, board id: 1611, fw id: 774180
[    2.556898] psmouse serio1: synaptics: serio: Synaptics pass-through port at isa0060/serio1/input0
[    2.610539] input: SynPS/2 Synaptics TouchPad as /devices/platform/i8042/serio1/input/input7
[    2.666910] usb 1-1.4: New USB device found, idVendor=0a5c, idProduct=217f, bcdDevice= 7.48
[    2.669556] usb 1-1.4: New USB device strings: Mfr=1, Product=2, SerialNumber=3
[    2.671135] usb 1-1.4: Product: Broadcom Bluetooth Device
[    2.672645] usb 1-1.4: Manufacturer: Broadcom Corp
[    2.674130] usb 1-1.4: SerialNumber: 7CE9D3B855AA
[    2.698989] ata2: SATA link down (SStatus 0 SControl 300)
[    2.701926]  sda: sda1 sda2 sda3 sda4
[    2.707547] sd 0:0:0:0: [sda] Attached SCSI disk
[    2.758952] usb 1-1.6: new high-speed USB device number 5 using ehci-pci
[    2.875511] usb 1-1.6: New USB device found, idVendor=04f2, idProduct=b217, bcdDevice= 8.54
[    2.877730] usb 1-1.6: New USB device strings: Mfr=1, Product=2, SerialNumber=0
[    2.879959] usb 1-1.6: Product: Integrated Camera
[    2.882119] usb 1-1.6: Manufacturer: Chicony Electronics Co., Ltd.
[    2.887884] uvcvideo: Found UVC 1.00 device Integrated Camera (04f2:b217)
[    2.901417] uvcvideo 1-1.6:1.0: Entity type for entity Extension 3 was not initialized!
[    2.903283] uvcvideo 1-1.6:1.0: Entity type for entity Processing 2 was not initialized!
[    2.904991] uvcvideo 1-1.6:1.0: Entity type for entity Camera 1 was not initialized!
[    3.015103] ata3: SATA link up 3.0 Gbps (SStatus 123 SControl 300)
[    3.039075] ata3.00: ACPI cmd ef/02:00:00:00:00:a0 (SET FEATURES) succeeded
[    3.039086] ata3.00: ACPI cmd f5/00:00:00:00:00:a0 (SECURITY FREEZE LOCK) filtered out
[    3.042691] ata3.00: ACPI cmd ef/10:03:00:00:00:a0 (SET FEATURES) filtered out
[    3.052393] ata3.00: ATA-8: KINGSTON SMS200S3240G, 60AABBF0, max UDMA/133
[    3.054238] ata3.00: 468862128 sectors, multi 1: LBA48 NCQ (depth 32), AA
[    3.061485] ata3.00: ACPI cmd ef/02:00:00:00:00:a0 (SET FEATURES) succeeded
[    3.061508] ata3.00: ACPI cmd f5/00:00:00:00:00:a0 (SECURITY FREEZE LOCK) filtered out
[    3.063385] ata3.00: ACPI cmd ef/10:03:00:00:00:a0 (SET FEATURES) filtered out
[    3.070504] ata3.00: configured for UDMA/133
[    3.073361] scsi 2:0:0:0: Direct-Access     ATA      KINGSTON SMS200S BBF0 PQ: 0 ANSI: 5
[    3.075502] sd 2:0:0:0: [sdb] 468862128 512-byte logical blocks: (240 GB/224 GiB)
[    3.075626] sd 2:0:0:0: [sdb] Write Protect is off
[    3.075630] sd 2:0:0:0: [sdb] Mode Sense: 00 3a 00 00
[    3.075714] sd 2:0:0:0: [sdb] Write cache: enabled, read cache: enabled, doesn't support DPO or FUA
[    3.076363] sd 2:0:0:0: Attached scsi generic sg1 type 0
[    3.078827]  sdb: sdb2 sdb4
[    3.094658] sd 2:0:0:0: [sdb] Attached SCSI disk
[    3.367506] psmouse serio2: trackpoint: IBM TrackPoint firmware: 0x0e, buttons: 3/3
[    3.391061] ata5: SATA link down (SStatus 0 SControl 300)
[    3.417364] PM: Image not found (code -22)
[    3.417506] ALSA device list:
[    3.421697]   #0: HDA Intel PCH at 0xf2520000 irq 22
[    3.633542] input: TPPS/2 IBM TrackPoint as /devices/platform/i8042/serio1/serio2/input/input13
[    3.743715] md: Waiting for all devices to be available before autodetect
[    3.747907] md: If you don't use raid, use raid=noautodetect
[    3.752332] md: Autodetecting RAID arrays.
[    3.753646] md: autorun ...
[    3.754958] md: ... autorun DONE.
[    3.766476] EXT4-fs (sdb4): mounted filesystem with ordered data mode. Opts: (null)
[    3.767939] VFS: Mounted root (ext4 filesystem) readonly on device 8:20.
[    3.769714] devtmpfs: mounted
[    3.773702] Freeing unused kernel image memory: 1016K
[    3.775184] Write protecting the kernel read-only data: 24576k
[    3.781133] Freeing unused kernel image memory: 2008K
[    3.783845] Freeing unused kernel image memory: 1020K
[    3.792608] x86/mm: Checked W+X mappings: passed, no W+X pages found.
[    3.793626] rodata_test: all tests were successful
[    3.794626] x86/mm: Checking user space page tables
[    3.803026] x86/mm: Checked W+X mappings: passed, no W+X pages found.
[    3.804045] Run /sbin/init as init process
[    3.936857] random: systemd: uninitialized urandom read (16 bytes read)
[    3.939289] systemd[1]: systemd 215 running in system mode. (+PAM +AUDIT +SELINUX +IMA +SYSVINIT +LIBCRYPTSETUP +GCRYPT +ACL +XZ -SECCOMP -APPARMOR)
[    3.959667] systemd[1]: Detected architecture 'x86-64'.
[    4.021280] systemd[1]: Failed to insert module 'ipv6'
[    4.023968] systemd[1]: Set hostname to <duo>.
[    4.044644] random: systemd-sysv-ge: uninitialized urandom read (16 bytes read)
[    4.184189] random: systemd-sysv-ge: uninitialized urandom read (16 bytes read)
[    4.313961] systemd[1]: Binding to IPv6 address not available since kernel does not support IPv6.
[    4.315250] systemd[1]: [/lib/systemd/system/gpsd.socket:6] Failed to parse address value, ignoring: [::1]:2947
[    4.321589] systemd[1]: Starting Forward Password Requests to Wall Directory Watch.
[    4.323613] systemd[1]: Started Forward Password Requests to Wall Directory Watch.
[    4.325125] systemd[1]: Starting Remote File Systems (Pre).
[    4.330178] systemd[1]: Reached target Remote File Systems (Pre).
[    4.556494] systemd-udevd[2088]: starting version 215
[    5.457444] e1000e 0000:00:19.0 eth2: renamed from eth0
[    5.491198] systemd-udevd[2137]: renamed network interface eth0 to eth2
[    5.578604] iwlwifi 0000:03:00.0 wlan1: renamed from wlan0
[    5.600138] EXT4-fs (sdb4): re-mounted. Opts: errors=remount-ro
[    5.611134] systemd-udevd[2138]: renamed network interface wlan0 to wlan1
[    6.680096] random: crng init done
[    6.681761] random: 7 urandom warning(s) missed due to ratelimiting
[    7.117680] Adding 1681428k swap on /dev/sda1.  Priority:-2 extents:1 across:1681428k 
[    7.633649] EXT4-fs (sda2): mounted filesystem with ordered data mode. Opts: errors=remount-ro
[    7.716357] EXT4-fs (sdb2): mounted filesystem with ordered data mode. Opts: errors=remount-ro
[    7.807901] systemd-journald[2089]: Received request to flush runtime journal from PID 1
[    8.921516] device-mapper: table: 252:0: thin-pool: unknown target type
[    8.922740] device-mapper: ioctl: error adding target to table
[   10.335083] iwlwifi 0000:03:00.0: Radio type=0x0-0x0-0x3
[   10.414678] iwlwifi 0000:03:00.0: Radio type=0x0-0x0-0x3
[  186.931250] wlan1: authenticate with 4c:5e:0c:5d:99:93
[  186.942313] wlan1: send auth to 4c:5e:0c:5d:99:93 (try 1/3)
[  186.944889] wlan1: authenticated
[  186.947065] wlan1: associate with 4c:5e:0c:5d:99:93 (try 1/3)
[  186.959364] wlan1: RX AssocResp from 4c:5e:0c:5d:99:93 (capab=0x431 status=0 aid=2)
[  186.966707] wlan1: associated
[  904.355492] wlan1: deauthenticating from 4c:5e:0c:5d:99:93 by local choice (Reason: 3=DEAUTH_LEAVING)
[  904.586899] PM: suspend entry (deep)
[  904.586909] PM: Syncing filesystems ... done.
[  904.743424] Freezing user space processes ... (elapsed 0.010 seconds) done.
[  904.754442] OOM killer disabled.
[  904.754446] Freezing remaining freezable tasks ... (elapsed 0.004 seconds) done.
[  904.759159] Suspending console(s) (use no_console_suspend to debug)
[  904.826165] sd 2:0:0:0: [sdb] Synchronizing SCSI cache
[  904.828102] sd 2:0:0:0: [sdb] Stopping disk
[  904.990299] sd 0:0:0:0: [sda] Synchronizing SCSI cache
[  904.990648] sd 0:0:0:0: [sda] Stopping disk
[  905.046936] e1000e: EEE TX LPI TIMER: 00000011
[  905.586705] PM: suspend devices took 0.828 seconds
[  905.646385] ACPI: EC: interrupt blocked
[  905.682482] ACPI: Preparing to enter system sleep state S3
[  905.695798] ACPI: EC: event blocked
[  905.695802] ACPI: EC: EC stopped
[  905.695808] PM: Saving platform NVS memory
[  905.695831] Disabling non-boot CPUs ...
[  905.782455] smpboot: CPU 1 is now offline
[  905.854486] smpboot: CPU 2 is now offline
[  905.892351] IRQ 16: no longer affine to CPU3
[  905.892362] IRQ 17: no longer affine to CPU3
[  905.892373] IRQ 23: no longer affine to CPU3
[  905.894162] smpboot: CPU 3 is now offline
[  905.898107] ACPI: Low-level resume complete
[  905.898249] ACPI: EC: EC started
[  905.898252] PM: Restoring platform NVS memory
[  905.898979] Enabling non-boot CPUs ...
[  905.899309] x86: Booting SMP configuration:
[  905.899321] smpboot: Booting Node 0 Processor 1 APIC 0x1
[  905.900217] Disabled fast string operations
[  905.903936]  cache: parent cpu1 should not be sleeping
[  905.905770] CPU1 is up
[  905.906041] smpboot: Booting Node 0 Processor 2 APIC 0x2
[  905.906795] Disabled fast string operations
[  905.910396]  cache: parent cpu2 should not be sleeping
[  905.912297] CPU2 is up
[  905.912561] smpboot: Booting Node 0 Processor 3 APIC 0x3
[  905.913319] Disabled fast string operations
[  905.916779]  cache: parent cpu3 should not be sleeping
[  905.919412] CPU3 is up
[  905.922762] ACPI: Waking up from system sleep state S3
[  905.944671] ACPI: EC: interrupt unblocked
[  905.961656] sdhci-pci 0000:0d:00.0: MMC controller base frequency changed to 50Mhz.
[  906.013384] sd 0:0:0:0: [sda] Starting disk
[  906.013732] sd 2:0:0:0: [sdb] Starting disk
[  906.017501] ACPI: EC: event unblocked
[  906.249100] usb 1-1.4: reset full-speed USB device number 4 using ehci-pci
[  906.361256] ata5: SATA link down (SStatus 0 SControl 300)
[  906.365164] ata2: SATA link down (SStatus 0 SControl 300)
[  906.365228] ata3: SATA link up 3.0 Gbps (SStatus 123 SControl 300)
[  906.370953] ata3.00: ACPI cmd ef/02:00:00:00:00:a0 (SET FEATURES) succeeded
[  906.370959] ata3.00: ACPI cmd f5/00:00:00:00:00:a0 (SECURITY FREEZE LOCK) filtered out
[  906.370964] ata3.00: ACPI cmd ef/10:03:00:00:00:a0 (SET FEATURES) filtered out
[  906.383504] ata3.00: ACPI cmd ef/02:00:00:00:00:a0 (SET FEATURES) succeeded
[  906.383515] ata3.00: ACPI cmd f5/00:00:00:00:00:a0 (SECURITY FREEZE LOCK) filtered out
[  906.383523] ata3.00: ACPI cmd ef/10:03:00:00:00:a0 (SET FEATURES) filtered out
[  906.390244] ata3.00: configured for UDMA/133
[  906.437482] usb 1-1.3: reset full-speed USB device number 3 using ehci-pci
[  906.625279] usb 1-1.6: reset high-speed USB device number 5 using ehci-pci
[  906.922460] psmouse serio1: synaptics: queried max coordinates: x [..5472], y [..4448]
[  908.041284] ata1: SATA link up 1.5 Gbps (SStatus 113 SControl 300)
[  908.043301] ata1.00: ACPI cmd ef/02:00:00:00:00:a0 (SET FEATURES) succeeded
[  908.043314] ata1.00: ACPI cmd f5/00:00:00:00:00:a0 (SECURITY FREEZE LOCK) filtered out
[  908.043322] ata1.00: ACPI cmd ef/10:03:00:00:00:a0 (SET FEATURES) filtered out
[  908.046690] ata1.00: ACPI cmd ef/02:00:00:00:00:a0 (SET FEATURES) succeeded
[  908.046702] ata1.00: ACPI cmd f5/00:00:00:00:00:a0 (SECURITY FREEZE LOCK) filtered out
[  908.046711] ata1.00: ACPI cmd ef/10:03:00:00:00:a0 (SET FEATURES) filtered out
[  908.048184] ata1.00: configured for UDMA/133
[  908.083531] PM: resume devices took 2.080 seconds
[  908.089598] OOM killer enabled.
[  908.089620] ACPI: \_SB_.PCI0.LPC_.EC__.BAT1: docking
[  908.089622] Restarting tasks ... 
[  908.097238] ACPI: \_SB_.PCI0.LPC_.EC__.BAT1: Unable to dock!
[  908.107946] done.
[  908.765995] PM: suspend exit
[  908.926172] e1000e: eth2 NIC Link is Down
[  909.101039] iwlwifi 0000:03:00.0: Radio type=0x0-0x0-0x3
[  909.180869] iwlwifi 0000:03:00.0: Radio type=0x0-0x0-0x3
