[    0.000000] Linux version 5.6.0+ (pavel@duo) (gcc version 8.3.0 (Debian 8.3.0-6)) #87 SMP PREEMPT Fri Apr 3 09:27:56 CEST 2020
[    0.000000] Command line: BOOT_IMAGE=(hd1,2)/l/k/o/64/arch/x86/boot/bzImage root=/dev/sdb3 resume=/dev/sda1
[    0.000000] Disabled fast string operations
[    0.000000] x86/fpu: Supporting XSAVE feature 0x001: 'x87 floating point registers'
[    0.000000] x86/fpu: Supporting XSAVE feature 0x002: 'SSE registers'
[    0.000000] x86/fpu: Supporting XSAVE feature 0x004: 'AVX registers'
[    0.000000] x86/fpu: xstate_offset[2]:  576, xstate_sizes[2]:  256
[    0.000000] x86/fpu: Enabled xstate features 0x7, context size is 832 bytes, using 'standard' format.
[    0.000000] BIOS-provided physical RAM map:
[    0.000000] BIOS-e820: [mem 0x0000000000000000-0x000000000009d7ff] usable
[    0.000000] BIOS-e820: [mem 0x000000000009d800-0x000000000009ffff] reserved
[    0.000000] BIOS-e820: [mem 0x00000000000e0000-0x00000000000fffff] reserved
[    0.000000] BIOS-e820: [mem 0x0000000000100000-0x000000001fffffff] usable
[    0.000000] BIOS-e820: [mem 0x0000000020000000-0x00000000201fffff] reserved
[    0.000000] BIOS-e820: [mem 0x0000000020200000-0x000000003fffffff] usable
[    0.000000] BIOS-e820: [mem 0x0000000040000000-0x00000000401fffff] reserved
[    0.000000] BIOS-e820: [mem 0x0000000040200000-0x00000000da99efff] usable
[    0.000000] BIOS-e820: [mem 0x00000000da99f000-0x00000000dae9efff] reserved
[    0.000000] BIOS-e820: [mem 0x00000000dae9f000-0x00000000daf9efff] ACPI NVS
[    0.000000] BIOS-e820: [mem 0x00000000daf9f000-0x00000000daffefff] ACPI data
[    0.000000] BIOS-e820: [mem 0x00000000dafff000-0x00000000daffffff] usable
[    0.000000] BIOS-e820: [mem 0x00000000db000000-0x00000000df9fffff] reserved
[    0.000000] BIOS-e820: [mem 0x00000000f8000000-0x00000000fbffffff] reserved
[    0.000000] BIOS-e820: [mem 0x00000000fec00000-0x00000000fec00fff] reserved
[    0.000000] BIOS-e820: [mem 0x00000000fed08000-0x00000000fed08fff] reserved
[    0.000000] BIOS-e820: [mem 0x00000000fed10000-0x00000000fed19fff] reserved
[    0.000000] BIOS-e820: [mem 0x00000000fed1c000-0x00000000fed1ffff] reserved
[    0.000000] BIOS-e820: [mem 0x00000000fee00000-0x00000000fee00fff] reserved
[    0.000000] BIOS-e820: [mem 0x00000000ffd20000-0x00000000ffffffff] reserved
[    0.000000] BIOS-e820: [mem 0x0000000100000000-0x000000019e5fffff] usable
[    0.000000] BIOS-e820: [mem 0x000000019e600000-0x000000019e7fffff] reserved
[    0.000000] NX (Execute Disable) protection: active
[    0.000000] SMBIOS 2.6 present.
[    0.000000] DMI: LENOVO 42872WU/42872WU, BIOS 8DET74WW (1.44 ) 03/13/2018
[    0.000000] tsc: Fast TSC calibration using PIT
[    0.000000] tsc: Detected 2491.981 MHz processor
[    0.001588] e820: update [mem 0x00000000-0x00000fff] usable ==> reserved
[    0.001591] e820: remove [mem 0x000a0000-0x000fffff] usable
[    0.001598] last_pfn = 0x19e600 max_arch_pfn = 0x400000000
[    0.001604] MTRR default type: uncachable
[    0.001605] MTRR fixed ranges enabled:
[    0.001607]   00000-9FFFF write-back
[    0.001608]   A0000-BFFFF uncachable
[    0.001610]   C0000-FFFFF write-protect
[    0.001611] MTRR variable ranges enabled:
[    0.001613]   0 base 0FFC00000 mask FFFC00000 write-protect
[    0.001615]   1 base 000000000 mask F80000000 write-back
[    0.001617]   2 base 080000000 mask FC0000000 write-back
[    0.001618]   3 base 0C0000000 mask FE0000000 write-back
[    0.001620]   4 base 0DC000000 mask FFC000000 uncachable
[    0.001621]   5 base 0DB000000 mask FFF000000 uncachable
[    0.001623]   6 base 100000000 mask F80000000 write-back
[    0.001624]   7 base 180000000 mask FE0000000 write-back
[    0.001625]   8 base 19F000000 mask FFF000000 uncachable
[    0.001627]   9 base 19E800000 mask FFF800000 uncachable
[    0.002409] x86/PAT: Configuration [0-7]: WB  WC  UC- UC  WB  WP  UC- WT  
[    0.003716] last_pfn = 0xdb000 max_arch_pfn = 0x400000000
[    0.003736] reserving inaccessible SNB gfx pages
[    0.003742] BRK [0x06001000, 0x06001fff] PGTABLE
[    0.003745] BRK [0x06002000, 0x06002fff] PGTABLE
[    0.003746] BRK [0x06003000, 0x06003fff] PGTABLE
[    0.003806] BRK [0x06004000, 0x06004fff] PGTABLE
[    0.003956] BRK [0x06005000, 0x06005fff] PGTABLE
[    0.004220] BRK [0x06006000, 0x06006fff] PGTABLE
[    0.004716] ACPI: Early table checksum verification disabled
[    0.004723] ACPI: RSDP 0x00000000000F00E0 000024 (v02 LENOVO)
[    0.004728] ACPI: XSDT 0x00000000DAFFE120 0000AC (v01 LENOVO TP-8D    00001440 PTEC 00000002)
[    0.004735] ACPI: FACP 0x00000000DAFE7000 0000F4 (v04 LENOVO TP-8D    00001440 PTL  00000002)
[    0.004742] ACPI: DSDT 0x00000000DAFEA000 00FA89 (v01 LENOVO TP-8D    00001440 INTL 20061109)
[    0.004747] ACPI: FACS 0x00000000DAF2D000 000040
[    0.004751] ACPI: FACS 0x00000000DAF2D000 000040
[    0.004754] ACPI: SLIC 0x00000000DAFFD000 000176 (v01 LENOVO TP-8D    00001440 PTEC 00000001)
[    0.004759] ACPI: SSDT 0x00000000DAFFC000 000249 (v01 LENOVO TP-SSDT2 00000200 INTL 20061109)
[    0.004763] ACPI: SSDT 0x00000000DAFFB000 000033 (v01 LENOVO TP-SSDT1 00000100 INTL 20061109)
[    0.004767] ACPI: SSDT 0x00000000DAFFA000 0007D1 (v01 LENOVO SataAhci 00001000 INTL 20061109)
[    0.004771] ACPI: HPET 0x00000000DAFE6000 000038 (v01 LENOVO TP-8D    00001440 PTL  00000002)
[    0.004776] ACPI: APIC 0x00000000DAFE5000 000098 (v01 LENOVO TP-8D    00001440 PTL  00000002)
[    0.004780] ACPI: MCFG 0x00000000DAFE4000 00003C (v01 LENOVO TP-8D    00001440 PTL  00000002)
[    0.004784] ACPI: ECDT 0x00000000DAFE3000 000052 (v01 LENOVO TP-8D    00001440 PTL  00000002)
[    0.004788] ACPI: ASF! 0x00000000DAFE9000 0000A5 (v32 LENOVO TP-8D    00001440 PTL  00000002)
[    0.004793] ACPI: TCPA 0x00000000DAFE2000 000032 (v02 PTL    LENOVO   06040000 LNVO 00000001)
[    0.004797] ACPI: SSDT 0x00000000DAFE1000 000A27 (v01 PmRef  Cpu0Ist  00003000 INTL 20061109)
[    0.004802] ACPI: SSDT 0x00000000DAFE0000 000996 (v01 PmRef  CpuPm    00003000 INTL 20061109)
[    0.004806] ACPI: DMAR 0x00000000DAFDF000 0000E8 (v01 INTEL  SNB      00000001 INTL 00000001)
[    0.004810] ACPI: UEFI 0x00000000DAFDE000 00003E (v01 LENOVO TP-8D    00001440 PTL  00000002)
[    0.004815] ACPI: UEFI 0x00000000DAFDD000 000042 (v01 PTL    COMBUF   00000001 PTL  00000001)
[    0.004819] ACPI: UEFI 0x00000000DAFDC000 000292 (v01 LENOVO TP-8D    00001440 PTL  00000002)
[    0.004827] ACPI: Local APIC address 0xfee00000
[    0.004874] Zone ranges:
[    0.004876]   DMA      [mem 0x0000000000001000-0x0000000000ffffff]
[    0.004879]   DMA32    [mem 0x0000000001000000-0x00000000ffffffff]
[    0.004881]   Normal   [mem 0x0000000100000000-0x000000019e5fffff]
[    0.004884] Movable zone start for each node
[    0.004886] Early memory node ranges
[    0.004888]   node   0: [mem 0x0000000000001000-0x000000000009cfff]
[    0.004890]   node   0: [mem 0x0000000000100000-0x000000001fffffff]
[    0.004892]   node   0: [mem 0x0000000020200000-0x000000003fffffff]
[    0.004894]   node   0: [mem 0x0000000040200000-0x00000000da99efff]
[    0.004896]   node   0: [mem 0x00000000dafff000-0x00000000daffffff]
[    0.004898]   node   0: [mem 0x0000000100000000-0x000000019e5fffff]
[    0.005158] Zeroed struct page in unavailable ranges: 29892 pages
[    0.005159] Initmem setup node 0 [mem 0x0000000000001000-0x000000019e5fffff]
[    0.005163] On node 0 totalpages: 1542972
[    0.005165]   DMA zone: 56 pages used for memmap
[    0.005166]   DMA zone: 156 pages reserved
[    0.005168]   DMA zone: 3996 pages, LIFO batch:0
[    0.005211]   DMA32 zone: 12172 pages used for memmap
[    0.005212]   DMA32 zone: 890272 pages, LIFO batch:63
[    0.014131]   Normal zone: 8869 pages used for memmap
[    0.014134]   Normal zone: 648704 pages, LIFO batch:63
[    0.020460] Reserving Intel graphics memory at [mem 0xdba00000-0xdf9fffff]
[    0.020623] ACPI: PM-Timer IO Port: 0x408
[    0.020626] ACPI: Local APIC address 0xfee00000
[    0.020634] ACPI: LAPIC_NMI (acpi_id[0x00] high edge lint[0x1])
[    0.020636] ACPI: LAPIC_NMI (acpi_id[0x01] high edge lint[0x1])
[    0.020653] IOAPIC[0]: apic_id 2, version 32, address 0xfec00000, GSI 0-23
[    0.020657] ACPI: INT_SRC_OVR (bus 0 bus_irq 0 global_irq 2 dfl dfl)
[    0.020660] ACPI: INT_SRC_OVR (bus 0 bus_irq 9 global_irq 9 high level)
[    0.020663] ACPI: IRQ0 used by override.
[    0.020664] ACPI: IRQ9 used by override.
[    0.020667] Using ACPI (MADT) for SMP configuration information
[    0.020670] ACPI: HPET id: 0x8086a301 base: 0xfed00000
[    0.020676] smpboot: Allowing 8 CPUs, 4 hotplug CPUs
[    0.020703] PM: hibernation: Registered nosave memory: [mem 0x00000000-0x00000fff]
[    0.020706] PM: hibernation: Registered nosave memory: [mem 0x0009d000-0x0009dfff]
[    0.020708] PM: hibernation: Registered nosave memory: [mem 0x0009e000-0x0009ffff]
[    0.020710] PM: hibernation: Registered nosave memory: [mem 0x000a0000-0x000dffff]
[    0.020712] PM: hibernation: Registered nosave memory: [mem 0x000e0000-0x000fffff]
[    0.020715] PM: hibernation: Registered nosave memory: [mem 0x20000000-0x201fffff]
[    0.020717] PM: hibernation: Registered nosave memory: [mem 0x40000000-0x401fffff]
[    0.020720] PM: hibernation: Registered nosave memory: [mem 0xda99f000-0xdae9efff]
[    0.020722] PM: hibernation: Registered nosave memory: [mem 0xdae9f000-0xdaf9efff]
[    0.020724] PM: hibernation: Registered nosave memory: [mem 0xdaf9f000-0xdaffefff]
[    0.020727] PM: hibernation: Registered nosave memory: [mem 0xdb000000-0xdf9fffff]
[    0.020729] PM: hibernation: Registered nosave memory: [mem 0xdfa00000-0xf7ffffff]
[    0.020731] PM: hibernation: Registered nosave memory: [mem 0xf8000000-0xfbffffff]
[    0.020732] PM: hibernation: Registered nosave memory: [mem 0xfc000000-0xfebfffff]
[    0.020734] PM: hibernation: Registered nosave memory: [mem 0xfec00000-0xfec00fff]
[    0.020736] PM: hibernation: Registered nosave memory: [mem 0xfec01000-0xfed07fff]
[    0.020738] PM: hibernation: Registered nosave memory: [mem 0xfed08000-0xfed08fff]
[    0.020740] PM: hibernation: Registered nosave memory: [mem 0xfed09000-0xfed0ffff]
[    0.020742] PM: hibernation: Registered nosave memory: [mem 0xfed10000-0xfed19fff]
[    0.020744] PM: hibernation: Registered nosave memory: [mem 0xfed1a000-0xfed1bfff]
[    0.020746] PM: hibernation: Registered nosave memory: [mem 0xfed1c000-0xfed1ffff]
[    0.020748] PM: hibernation: Registered nosave memory: [mem 0xfed20000-0xfedfffff]
[    0.020750] PM: hibernation: Registered nosave memory: [mem 0xfee00000-0xfee00fff]
[    0.020751] PM: hibernation: Registered nosave memory: [mem 0xfee01000-0xffd1ffff]
[    0.020753] PM: hibernation: Registered nosave memory: [mem 0xffd20000-0xffffffff]
[    0.020758] [mem 0xdfa00000-0xf7ffffff] available for PCI devices
[    0.020761] clocksource: refined-jiffies: mask: 0xffffffff max_cycles: 0xffffffff, max_idle_ns: 7645519600211568 ns
[    0.020770] setup_percpu: NR_CPUS:8 nr_cpumask_bits:8 nr_cpu_ids:8 nr_node_ids:1
[    0.022565] percpu: Embedded 61 pages/cpu s211848 r8192 d29816 u262144
[    0.022574] pcpu-alloc: s211848 r8192 d29816 u262144 alloc=1*2097152
[    0.022576] pcpu-alloc: [0] 0 1 2 3 4 5 6 7 
[    0.022600] Built 1 zonelists, mobility grouping on.  Total pages: 1521719
[    0.022604] Kernel command line: BOOT_IMAGE=(hd1,2)/l/k/o/64/arch/x86/boot/bzImage root=/dev/sdb3 resume=/dev/sda1
[    0.026472] Dentry cache hash table entries: 1048576 (order: 11, 8388608 bytes, linear)
[    0.028380] Inode-cache hash table entries: 524288 (order: 10, 4194304 bytes, linear)
[    0.028476] mem auto-init: stack:off, heap alloc:off, heap free:off
[    0.299842] Memory: 5970156K/6171888K available (16388K kernel code, 1093K rwdata, 5724K rodata, 1080K init, 5824K bss, 201732K reserved, 0K cma-reserved)
[    0.299866] random: get_random_u32 called from cache_grow_begin.constprop.83+0x2d8/0xe40 with crng_init=0
[    0.300468] Kernel/User page tables isolation: enabled
[    0.300655] rcu: Preemptible hierarchical RCU implementation.
[    0.300658] 	Tasks RCU enabled.
[    0.300660] rcu: RCU calculated value of scheduler-enlistment delay is 25 jiffies.
[    0.300691] NR_IRQS: 4352, nr_irqs: 104, preallocated irqs: 16
[    0.302656] Console: colour VGA+ 80x25
[    0.311540] printk: console [tty0] enabled
[    0.311599] Lock dependency validator: Copyright (c) 2006 Red Hat, Inc., Ingo Molnar
[    0.311671] ... MAX_LOCKDEP_SUBCLASSES:  8
[    0.311730] ... MAX_LOCK_DEPTH:          48
[    0.311790] ... MAX_LOCKDEP_KEYS:        8192
[    0.311849] ... CLASSHASH_SIZE:          4096
[    0.311909] ... MAX_LOCKDEP_ENTRIES:     32768
[    0.311969] ... MAX_LOCKDEP_CHAINS:      65536
[    0.312029] ... CHAINHASH_SIZE:          32768
[    0.312090]  memory used by lock dependency info: 3509 kB
[    0.312153]  per task-struct memory footprint: 1920 bytes
[    0.312223] ACPI: Core revision 20200110
[    0.312564] clocksource: hpet: mask: 0xffffffff max_cycles: 0xffffffff, max_idle_ns: 133484882848 ns
[    0.312672] APIC: Switch to symmetric I/O mode setup
[    0.313187] ..TIMER: vector=0x30 apic1=0 pin1=2 apic2=-1 pin2=-1
[    0.332671] clocksource: tsc-early: mask: 0xffffffffffffffff max_cycles: 0x23eba23d1c3, max_idle_ns: 440795204777 ns
[    0.332769] Calibrating delay loop (skipped), value calculated using timer frequency.. 4983.96 BogoMIPS (lpj=9967924)
[    0.332865] pid_max: default: 32768 minimum: 301
[    0.333078] Mount-cache hash table entries: 16384 (order: 5, 131072 bytes, linear)
[    0.333167] Mountpoint-cache hash table entries: 16384 (order: 5, 131072 bytes, linear)
[    0.333294] *** VALIDATE tmpfs ***
[    0.333646] *** VALIDATE proc ***
[    0.333759] *** VALIDATE cgroup ***
[    0.333818] *** VALIDATE cgroup2 ***
[    0.333906] Disabled fast string operations
[    0.333976] process: using mwait in idle threads
[    0.334039] Last level iTLB entries: 4KB 512, 2MB 8, 4MB 8
[    0.334104] Last level dTLB entries: 4KB 512, 2MB 32, 4MB 32, 1GB 0
[    0.334173] Spectre V1 : Mitigation: usercopy/swapgs barriers and __user pointer sanitization
[    0.334260] Spectre V2 : Mitigation: Full generic retpoline
[    0.334325] Spectre V2 : Spectre v2 / SpectreRSB mitigation: Filling RSB on context switch
[    0.334400] Spectre V2 : Enabling Restricted Speculation for firmware calls
[    0.334470] Spectre V2 : mitigation: Enabling conditional Indirect Branch Prediction Barrier
[    0.334545] Spectre V2 : User space: Mitigation: STIBP via prctl
[    0.334612] Speculative Store Bypass: Vulnerable
[    0.335161] MDS: Vulnerable: Clear CPU buffers attempted, no microcode
[    0.335390] Freeing SMP alternatives memory: 48K
[    0.336516] TSC deadline timer enabled
[    0.336520] smpboot: CPU0: Intel(R) Core(TM) i5-2520M CPU @ 2.50GHz (family: 0x6, model: 0x2a, stepping: 0x7)
[    0.356835] Performance Events: PEBS fmt1+, SandyBridge events, 16-deep LBR, full-width counters, Intel PMU driver.
[    0.356963] ... version:                3
[    0.357023] ... bit width:              48
[    0.357083] ... generic registers:      4
[    0.357143] ... value mask:             0000ffffffffffff
[    0.357207] ... max period:             00007fffffffffff
[    0.357271] ... fixed-purpose events:   3
[    0.357331] ... event mask:             000000070000000f
[    0.364789] rcu: Hierarchical SRCU implementation.
[    0.377109] NMI watchdog: Enabled. Permanently consumes one hw-PMU counter.
[    0.384814] smp: Bringing up secondary CPUs ...
[    0.417162] x86: Booting SMP configuration:
[    0.417227] .... node  #0, CPUs:      #1
[    0.015837] Disabled fast string operations
[    0.419547] MDS CPU bug present and SMT on, data leak possible. See https://www.kernel.org/doc/html/latest/admin-guide/hw-vuln/mds.html for more details.
[    0.449180]  #2
[    0.015837] Disabled fast string operations
[    0.481179]  #3
[    0.015837] Disabled fast string operations
[    0.483460] smp: Brought up 1 node, 4 CPUs
[    0.483460] smpboot: Max logical packages: 2
[    0.483460] smpboot: Total of 4 processors activated (19935.84 BogoMIPS)
[    0.485107] devtmpfs: initialized
[    0.485297] PM: Registering ACPI NVS region [mem 0xdae9f000-0xdaf9efff] (1048576 bytes)
[    0.485698] clocksource: jiffies: mask: 0xffffffff max_cycles: 0xffffffff, max_idle_ns: 7645041785100000 ns
[    0.485698] futex hash table entries: 2048 (order: 6, 262144 bytes, linear)
[    0.485698] thermal_sys: Registered thermal governor 'step_wise'
[    0.485698] NET: Registered protocol family 16
[    0.486509] cpuidle: using governor ladder
[    0.486612] cpuidle: using governor menu
[    0.486740] ACPI FADT declares the system doesn't support PCIe ASPM, so disable it
[    0.486813] ACPI: bus type PCI registered
[    0.487212] PCI: MMCONFIG for domain 0000 [bus 00-3f] at [mem 0xf8000000-0xfbffffff] (base 0xf8000000)
[    0.488803] PCI: MMCONFIG at [mem 0xf8000000-0xfbffffff] reserved in E820
[    0.488883] PCI: Using configuration type 1 for base access
[    0.488984] core: PMU erratum BJ122, BV98, HSD29 worked around, HT is on
[    0.489415] ENERGY_PERF_BIAS: Set to 'normal', was 'performance'
[    0.520961] ACPI: Added _OSI(Module Device)
[    0.521026] ACPI: Added _OSI(Processor Device)
[    0.521088] ACPI: Added _OSI(3.0 _SCP Extensions)
[    0.521150] ACPI: Added _OSI(Processor Aggregator Device)
[    0.521216] ACPI: Added _OSI(Linux-Dell-Video)
[    0.521278] ACPI: Added _OSI(Linux-Lenovo-NV-HDMI-Audio)
[    0.521344] ACPI: Added _OSI(Linux-HPI-Hybrid-Graphics)
[    0.562221] ACPI: 6 ACPI AML tables successfully acquired and loaded
[    0.564830] ACPI: EC: EC started
[    0.564889] ACPI: EC: interrupt blocked
[    0.567545] ACPI: \: Used as first EC
[    0.567606] ACPI: \: GPE=0x11, IRQ=-1, EC_CMD/EC_SC=0x66, EC_DATA=0x62
[    0.567676] ACPI: EC: Boot ECDT EC used to handle transactions
[    0.568322] ACPI: [Firmware Bug]: BIOS _OSI(Linux) query ignored
[    0.578273] ACPI: Dynamic OEM Table Load:
[    0.578347] ACPI: SSDT 0xFFFF888197742000 0008C0 (v01 PmRef  Cpu0Cst  00003001 INTL 20061109)
[    0.581137] ACPI: Dynamic OEM Table Load:
[    0.581209] ACPI: SSDT 0xFFFF8881976C8800 000303 (v01 PmRef  ApIst    00003000 INTL 20061109)
[    0.583470] ACPI: Dynamic OEM Table Load:
[    0.583541] ACPI: SSDT 0xFFFF8881976DE800 000119 (v01 PmRef  ApCst    00003000 INTL 20061109)
[    0.587416] ACPI: Interpreter enabled
[    0.587521] ACPI: (supports S0 S3 S4 S5)
[    0.587584] ACPI: Using IOAPIC for interrupt routing
[    0.587717] PCI: Using host bridge windows from ACPI; if necessary, use "pci=nocrs" and report a bug
[    0.588538] ACPI: Enabled 6 GPEs in block 00 to 3F
[    0.600217] ACPI: Power Resource [PUBS] (on)
[    0.600826] acpi PNP0C0A:01: ACPI dock station (docks/bays count: 1)
[    0.604887] acpi LNXIOBAY:00: ACPI dock station (docks/bays count: 2)
[    0.611477] acpi IBM0079:00: ACPI dock station (docks/bays count: 3)
[    0.613513] ACPI: PCI Interrupt Link [LNKA] (IRQs 3 4 5 6 7 9 10 *11)
[    0.613942] ACPI: PCI Interrupt Link [LNKB] (IRQs 3 4 5 6 7 9 10 *11)
[    0.614367] ACPI: PCI Interrupt Link [LNKC] (IRQs 3 4 5 6 7 9 10 *11)
[    0.614791] ACPI: PCI Interrupt Link [LNKD] (IRQs 3 4 5 6 7 9 *10 11)
[    0.615219] ACPI: PCI Interrupt Link [LNKE] (IRQs 3 4 5 6 *7 9 10 11)
[    0.615550] ACPI: PCI Interrupt Link [LNKF] (IRQs 3 4 5 6 7 9 10 11) *0, disabled.
[    0.615980] ACPI: PCI Interrupt Link [LNKG] (IRQs 3 4 5 6 *7 9 10 11)
[    0.616421] ACPI: PCI Interrupt Link [LNKH] (IRQs 3 4 5 6 7 9 *10 11)
[    0.616811] ACPI: PCI Root Bridge [PCI0] (domain 0000 [bus 00-fe])
[    0.616811] acpi PNP0A08:00: _OSC: OS supports [ExtendedConfig ASPM ClockPM Segments HPX-Type3]
[    0.617274] acpi PNP0A08:00: _OSC: not requesting OS control; OS requires [ExtendedConfig ASPM ClockPM MSI]
[    0.617376] acpi PNP0A08:00: [Firmware Info]: MMCONFIG for domain 0000 [bus 00-3f] only partially covers this bridge
[    0.617610] PCI host bridge to bus 0000:00
[    0.617674] pci_bus 0000:00: root bus resource [io  0x0000-0x0cf7 window]
[    0.617747] pci_bus 0000:00: root bus resource [io  0x0d00-0xffff window]
[    0.617819] pci_bus 0000:00: root bus resource [mem 0x000a0000-0x000bffff window]
[    0.617894] pci_bus 0000:00: root bus resource [mem 0xdfa00000-0xfebfffff window]
[    0.617969] pci_bus 0000:00: root bus resource [mem 0xfed40000-0xfed4bfff window]
[    0.618045] pci_bus 0000:00: root bus resource [bus 00-fe]
[    0.618137] pci 0000:00:00.0: [8086:0104] type 00 class 0x060000
[    0.618437] pci 0000:00:02.0: [8086:0126] type 00 class 0x030000
[    0.618519] pci 0000:00:02.0: reg 0x10: [mem 0xf0000000-0xf03fffff 64bit]
[    0.618597] pci 0000:00:02.0: reg 0x18: [mem 0xe0000000-0xefffffff 64bit pref]
[    0.618674] pci 0000:00:02.0: reg 0x20: [io  0x5000-0x503f]
[    0.619072] pci 0000:00:16.0: [8086:1c3a] type 00 class 0x078000
[    0.619174] pci 0000:00:16.0: reg 0x10: [mem 0xf2525000-0xf252500f 64bit]
[    0.619340] pci 0000:00:16.0: PME# supported from D0 D3hot D3cold
[    0.619626] pci 0000:00:19.0: [8086:1502] type 00 class 0x020000
[    0.619721] pci 0000:00:19.0: reg 0x10: [mem 0xf2500000-0xf251ffff]
[    0.619799] pci 0000:00:19.0: reg 0x14: [mem 0xf252b000-0xf252bfff]
[    0.619878] pci 0000:00:19.0: reg 0x18: [io  0x5080-0x509f]
[    0.620023] pci 0000:00:19.0: PME# supported from D0 D3hot D3cold
[    0.620808] pci 0000:00:1a.0: [8086:1c2d] type 00 class 0x0c0320
[    0.620808] pci 0000:00:1a.0: reg 0x10: [mem 0xf252a000-0xf252a3ff]
[    0.620808] pci 0000:00:1a.0: PME# supported from D0 D3hot D3cold
[    0.620983] pci 0000:00:1b.0: [8086:1c20] type 00 class 0x040300
[    0.621083] pci 0000:00:1b.0: reg 0x10: [mem 0xf2520000-0xf2523fff 64bit]
[    0.621259] pci 0000:00:1b.0: PME# supported from D0 D3hot D3cold
[    0.621597] pci 0000:00:1c.0: [8086:1c10] type 01 class 0x060400
[    0.621822] pci 0000:00:1c.0: PME# supported from D0 D3hot D3cold
[    0.622181] pci 0000:00:1c.1: [8086:1c12] type 01 class 0x060400
[    0.622417] pci 0000:00:1c.1: PME# supported from D0 D3hot D3cold
[    0.622778] pci 0000:00:1c.3: [8086:1c16] type 01 class 0x060400
[    0.623012] pci 0000:00:1c.3: PME# supported from D0 D3hot D3cold
[    0.623377] pci 0000:00:1c.4: [8086:1c18] type 01 class 0x060400
[    0.623612] pci 0000:00:1c.4: PME# supported from D0 D3hot D3cold
[    0.623974] pci 0000:00:1d.0: [8086:1c26] type 00 class 0x0c0320
[    0.624075] pci 0000:00:1d.0: reg 0x10: [mem 0xf2529000-0xf25293ff]
[    0.624250] pci 0000:00:1d.0: PME# supported from D0 D3hot D3cold
[    0.624809] pci 0000:00:1f.0: [8086:1c4f] type 00 class 0x060100
[    0.625037] pci 0000:00:1f.2: [8086:1c03] type 00 class 0x010601
[    0.625131] pci 0000:00:1f.2: reg 0x10: [io  0x50a8-0x50af]
[    0.625206] pci 0000:00:1f.2: reg 0x14: [io  0x50bc-0x50bf]
[    0.625281] pci 0000:00:1f.2: reg 0x18: [io  0x50a0-0x50a7]
[    0.625356] pci 0000:00:1f.2: reg 0x1c: [io  0x50b8-0x50bb]
[    0.625432] pci 0000:00:1f.2: reg 0x20: [io  0x5060-0x507f]
[    0.625508] pci 0000:00:1f.2: reg 0x24: [mem 0xf2528000-0xf25287ff]
[    0.625636] pci 0000:00:1f.2: PME# supported from D3hot
[    0.625960] pci 0000:00:1f.3: [8086:1c22] type 00 class 0x0c0500
[    0.626055] pci 0000:00:1f.3: reg 0x10: [mem 0xf2524000-0xf25240ff 64bit]
[    0.626150] pci 0000:00:1f.3: reg 0x20: [io  0xefa0-0xefbf]
[    0.626577] pci 0000:00:1c.0: PCI bridge to [bus 02]
[    0.626920] pci 0000:03:00.0: [8086:0084] type 00 class 0x028000
[    0.627264] pci 0000:03:00.0: reg 0x10: [mem 0xf2400000-0xf2401fff 64bit]
[    0.628349] pci 0000:03:00.0: PME# supported from D0 D3hot D3cold
[    0.629162] pci 0000:00:1c.1: PCI bridge to [bus 03]
[    0.629235] pci 0000:00:1c.1:   bridge window [mem 0xf2400000-0xf24fffff]
[    0.629413] pci 0000:00:1c.3: PCI bridge to [bus 05-0c]
[    0.629483] pci 0000:00:1c.3:   bridge window [io  0x4000-0x4fff]
[    0.629556] pci 0000:00:1c.3:   bridge window [mem 0xf1c00000-0xf23fffff]
[    0.629635] pci 0000:00:1c.3:   bridge window [mem 0xf0400000-0xf0bfffff 64bit pref]
[    0.629889] pci 0000:0d:00.0: [1180:e822] type 00 class 0x088001
[    0.630168] pci 0000:0d:00.0: MMC controller base frequency changed to 50Mhz.
[    0.630454] pci 0000:0d:00.0: reg 0x10: [mem 0xf1400000-0xf14000ff]
[    0.630997] pci 0000:0d:00.0: supports D1 D2
[    0.631059] pci 0000:0d:00.0: PME# supported from D0 D1 D2 D3hot D3cold
[    0.631630] pci 0000:00:1c.4: PCI bridge to [bus 0d]
[    0.631699] pci 0000:00:1c.4:   bridge window [io  0x3000-0x3fff]
[    0.631773] pci 0000:00:1c.4:   bridge window [mem 0xf1400000-0xf1bfffff]
[    0.631852] pci 0000:00:1c.4:   bridge window [mem 0xf0c00000-0xf13fffff 64bit pref]
[    0.631968] pci_bus 0000:00: on NUMA node 0
[    0.634995] ACPI: EC: interrupt unblocked
[    0.635069] ACPI: EC: event unblocked
[    0.635136] ACPI: \_SB_.PCI0.LPC_.EC__: GPE=0x11, IRQ=-1, EC_CMD/EC_SC=0x66, EC_DATA=0x62
[    0.635215] ACPI: \_SB_.PCI0.LPC_.EC__: Boot DSDT EC used to handle transactions and events
[    0.635652] pci 0000:00:02.0: vgaarb: setting as boot VGA device
[    0.635652] pci 0000:00:02.0: vgaarb: VGA device added: decodes=io+mem,owns=io+mem,locks=none
[    0.635652] pci 0000:00:02.0: vgaarb: bridge control possible
[    0.635652] vgaarb: loaded
[    0.636820] SCSI subsystem initialized
[    0.636883] libata version 3.00 loaded.
[    0.637001] ACPI: bus type USB registered
[    0.637001] usbcore: registered new interface driver usbfs
[    0.637078] usbcore: registered new interface driver hub
[    0.637198] usbcore: registered new device driver usb
[    0.637322] mc: Linux media interface: v0.10
[    0.637421] videodev: Linux video capture interface: v2.00
[    0.637520] pps_core: LinuxPPS API ver. 1 registered
[    0.637590] pps_core: Software ver. 5.3.6 - Copyright 2005-2007 Rodolfo Giometti <giometti@linux.it>
[    0.638185] PTP clock support registered
[    0.638361] EDAC MC: Ver: 3.0.0
[    0.638361] Advanced Linux Sound Architecture Driver Initialized.
[    0.638361] PCI: Using ACPI for IRQ routing
[    0.641374] PCI: pci_cache_line_size set to 64 bytes
[    0.641907] e820: reserve RAM buffer [mem 0x0009d800-0x0009ffff]
[    0.641911] e820: reserve RAM buffer [mem 0xda99f000-0xdbffffff]
[    0.641913] e820: reserve RAM buffer [mem 0xdb000000-0xdbffffff]
[    0.641915] e820: reserve RAM buffer [mem 0x19e600000-0x19fffffff]
[    0.642342] Bluetooth: Core ver 2.22
[    0.642435] NET: Registered protocol family 31
[    0.642497] Bluetooth: HCI device and connection manager initialized
[    0.642571] Bluetooth: HCI socket layer initialized
[    0.642636] Bluetooth: L2CAP socket layer initialized
[    0.642710] Bluetooth: SCO socket layer initialized
[    0.642855] clocksource: Switched to clocksource tsc-early
[    0.642855] *** VALIDATE ramfs ***
[    0.642855] pnp: PnP ACPI init
[    0.642927] system 00:00: [mem 0x00000000-0x0009ffff] could not be reserved
[    0.643003] system 00:00: [mem 0x000c0000-0x000c3fff] could not be reserved
[    0.643078] system 00:00: [mem 0x000c4000-0x000c7fff] could not be reserved
[    0.643152] system 00:00: [mem 0x000c8000-0x000cbfff] has been reserved
[    0.643224] system 00:00: [mem 0x000cc000-0x000cffff] has been reserved
[    0.643296] system 00:00: [mem 0x000d0000-0x000d3fff] has been reserved
[    0.643368] system 00:00: [mem 0x000d4000-0x000d7fff] has been reserved
[    0.643440] system 00:00: [mem 0x000d8000-0x000dbfff] has been reserved
[    0.643513] system 00:00: [mem 0x000dc000-0x000dffff] has been reserved
[    0.643586] system 00:00: [mem 0x000e0000-0x000e3fff] could not be reserved
[    0.643660] system 00:00: [mem 0x000e4000-0x000e7fff] could not be reserved
[    0.643734] system 00:00: [mem 0x000e8000-0x000ebfff] could not be reserved
[    0.643808] system 00:00: [mem 0x000ec000-0x000effff] could not be reserved
[    0.643882] system 00:00: [mem 0x000f0000-0x000fffff] could not be reserved
[    0.643956] system 00:00: [mem 0x00100000-0xdf9fffff] could not be reserved
[    0.644030] system 00:00: [mem 0xfec00000-0xfed3ffff] could not be reserved
[    0.644104] system 00:00: [mem 0xfed4c000-0xffffffff] could not be reserved
[    0.644201] system 00:00: Plug and Play ACPI device, IDs PNP0c01 (active)
[    0.644489] system 00:01: [io  0x0400-0x047f] has been reserved
[    0.644560] system 00:01: [io  0x0500-0x057f] has been reserved
[    0.644630] system 00:01: [io  0x0800-0x080f] has been reserved
[    0.644700] system 00:01: [io  0x15e0-0x15ef] has been reserved
[    0.644769] system 00:01: [io  0x1600-0x167f] has been reserved
[    0.644839] system 00:01: [mem 0xf8000000-0xfbffffff] has been reserved
[    0.644913] system 00:01: [mem 0x00000000-0x00000fff] could not be reserved
[    0.644986] system 00:01: [mem 0xfed1c000-0xfed1ffff] has been reserved
[    0.645058] system 00:01: [mem 0xfed10000-0xfed13fff] has been reserved
[    0.645131] system 00:01: [mem 0xfed18000-0xfed18fff] has been reserved
[    0.645204] system 00:01: [mem 0xfed19000-0xfed19fff] has been reserved
[    0.645276] system 00:01: [mem 0xfed45000-0xfed4bfff] has been reserved
[    0.645364] system 00:01: Plug and Play ACPI device, IDs PNP0c02 (active)
[    0.645515] pnp 00:02: Plug and Play ACPI device, IDs PNP0b00 (active)
[    0.645585] pnp 00:03: Plug and Play ACPI device, IDs PNP0303 (active)
[    0.645657] pnp 00:04: Plug and Play ACPI device, IDs LEN0020 PNP0f13 (active)
[    0.645802] pnp 00:05: Plug and Play ACPI device, IDs SMO1200 PNP0c31 (active)
[    0.647013] pnp: PnP ACPI: found 6 devices
[    0.658336] clocksource: acpi_pm: mask: 0xffffff max_cycles: 0xffffff, max_idle_ns: 2085701024 ns
[    0.658438] pci 0000:00:1c.0: bridge window [io  0x1000-0x0fff] to [bus 02] add_size 1000
[    0.658515] pci 0000:00:1c.0: bridge window [mem 0x00100000-0x000fffff 64bit pref] to [bus 02] add_size 200000 add_align 100000
[    0.658614] pci 0000:00:1c.0: bridge window [mem 0x00100000-0x000fffff] to [bus 02] add_size 200000 add_align 100000
[    0.658720] pci 0000:00:1c.0: BAR 8: assigned [mem 0xdfa00000-0xdfbfffff]
[    0.658794] pci 0000:00:1c.0: BAR 9: assigned [mem 0xdfc00000-0xdfdfffff 64bit pref]
[    0.658869] pci 0000:00:1c.0: BAR 7: assigned [io  0x2000-0x2fff]
[    0.658940] pci 0000:00:1c.0: PCI bridge to [bus 02]
[    0.659007] pci 0000:00:1c.0:   bridge window [io  0x2000-0x2fff]
[    0.659081] pci 0000:00:1c.0:   bridge window [mem 0xdfa00000-0xdfbfffff]
[    0.659155] pci 0000:00:1c.0:   bridge window [mem 0xdfc00000-0xdfdfffff 64bit pref]
[    0.659236] pci 0000:00:1c.1: PCI bridge to [bus 03]
[    0.659305] pci 0000:00:1c.1:   bridge window [mem 0xf2400000-0xf24fffff]
[    0.659387] pci 0000:00:1c.3: PCI bridge to [bus 05-0c]
[    0.659453] pci 0000:00:1c.3:   bridge window [io  0x4000-0x4fff]
[    0.659526] pci 0000:00:1c.3:   bridge window [mem 0xf1c00000-0xf23fffff]
[    0.659600] pci 0000:00:1c.3:   bridge window [mem 0xf0400000-0xf0bfffff 64bit pref]
[    0.659681] pci 0000:00:1c.4: PCI bridge to [bus 0d]
[    0.659746] pci 0000:00:1c.4:   bridge window [io  0x3000-0x3fff]
[    0.659819] pci 0000:00:1c.4:   bridge window [mem 0xf1400000-0xf1bfffff]
[    0.659893] pci 0000:00:1c.4:   bridge window [mem 0xf0c00000-0xf13fffff 64bit pref]
[    0.659975] pci_bus 0000:00: resource 4 [io  0x0000-0x0cf7 window]
[    0.660043] pci_bus 0000:00: resource 5 [io  0x0d00-0xffff window]
[    0.660111] pci_bus 0000:00: resource 6 [mem 0x000a0000-0x000bffff window]
[    0.660181] pci_bus 0000:00: resource 7 [mem 0xdfa00000-0xfebfffff window]
[    0.660251] pci_bus 0000:00: resource 8 [mem 0xfed40000-0xfed4bfff window]
[    0.660322] pci_bus 0000:02: resource 0 [io  0x2000-0x2fff]
[    0.660387] pci_bus 0000:02: resource 1 [mem 0xdfa00000-0xdfbfffff]
[    0.660455] pci_bus 0000:02: resource 2 [mem 0xdfc00000-0xdfdfffff 64bit pref]
[    0.660527] pci_bus 0000:03: resource 1 [mem 0xf2400000-0xf24fffff]
[    0.660595] pci_bus 0000:05: resource 0 [io  0x4000-0x4fff]
[    0.660661] pci_bus 0000:05: resource 1 [mem 0xf1c00000-0xf23fffff]
[    0.660729] pci_bus 0000:05: resource 2 [mem 0xf0400000-0xf0bfffff 64bit pref]
[    0.660844] pci_bus 0000:0d: resource 0 [io  0x3000-0x3fff]
[    0.660918] pci_bus 0000:0d: resource 1 [mem 0xf1400000-0xf1bfffff]
[    0.660995] pci_bus 0000:0d: resource 2 [mem 0xf0c00000-0xf13fffff 64bit pref]
[    0.661344] NET: Registered protocol family 2
[    0.661734] tcp_listen_portaddr_hash hash table entries: 4096 (order: 6, 294912 bytes, linear)
[    0.661959] TCP established hash table entries: 65536 (order: 7, 524288 bytes, linear)
[    0.662136] TCP bind hash table entries: 65536 (order: 10, 4194304 bytes, linear)
[    0.664143] TCP: Hash tables configured (established 65536 bind 65536)
[    0.664557] UDP hash table entries: 4096 (order: 7, 655360 bytes, linear)
[    0.664976] UDP-Lite hash table entries: 4096 (order: 7, 655360 bytes, linear)
[    0.665436] NET: Registered protocol family 1
[    0.665848] RPC: Registered named UNIX socket transport module.
[    0.665918] RPC: Registered udp transport module.
[    0.665981] RPC: Registered tcp transport module.
[    0.666045] RPC: Registered tcp NFSv4.1 backchannel transport module.
[    0.666379] pci 0000:00:02.0: Video device with shadowed ROM at [mem 0x000c0000-0x000dffff]
[    0.667454] PCI: CLS 64 bytes, default 64
[    0.667576] PCI-DMA: Using software bounce buffering for IO (SWIOTLB)
[    0.667646] software IO TLB: mapped [mem 0xd699f000-0xda99f000] (64MB)
[    0.670441] Initialise system trusted keyrings
[    0.670606] workingset: timestamp_bits=62 max_order=21 bucket_order=0
[    0.671899] *** VALIDATE nfs ***
[    0.671987] Installing knfsd (copyright (C) 1996 okir@monad.swb.de).
[    0.672823] ntfs: driver 2.1.32 [Flags: R/W].
[    0.673010] fuse: init (API version 7.31)
[    0.673084] *** VALIDATE fuseblk ***
[    0.673143] *** VALIDATE fuse ***
[    0.677911] Key type asymmetric registered
[    0.677978] Asymmetric key parser 'x509' registered
[    0.678071] Block layer SCSI generic (bsg) driver version 0.4 loaded (major 249)
[    0.678148] io scheduler mq-deadline registered
[    0.678234] io scheduler bfq registered
[    0.678485] pcieport 0000:00:1c.0: enabling device (0000 -> 0003)
[    0.680095] intel_idle: MWAIT substates: 0x21120
[    0.680097] intel_idle: v0.4.1 model 0x2A
[    0.680800] intel_idle: lapic_timer_reliable_states 0xffffffff
[    0.681228] ACPI: Deprecated procfs I/F for AC is loaded, please retry with CONFIG_ACPI_PROCFS_POWER cleared
[    0.681539] ACPI: AC Adapter [AC] (on-line)
[    0.681813] input: Lid Switch as /devices/LNXSYSTM:00/LNXSYBUS:00/PNP0C0D:00/input/input0
[    0.685041] ACPI: Lid Switch [LID]
[    0.685275] input: Sleep Button as /devices/LNXSYSTM:00/LNXSYBUS:00/PNP0C0E:00/input/input1
[    0.688861] ACPI: Sleep Button [SLPB]
[    0.689111] input: Power Button as /devices/LNXSYSTM:00/LNXPWRBN:00/input/input2
[    0.689331] ACPI: Power Button [PWRF]
[    0.692866] thermal LNXTHERM:00: registered as thermal_zone0
[    0.692945] ACPI: Thermal Zone [THM0] (62 C)
[    0.693476] Serial: 8250/16550 driver, 4 ports, IRQ sharing disabled
[    0.693485] battery: ACPI: Deprecated procfs I/F for battery is loaded, please retry with CONFIG_ACPI_PROCFS_POWER cleared
[    0.693675] battery: ACPI: Battery Slot [BAT0] (battery absent)
[    0.694747] lp: driver loaded but no devices found
[    0.694894] Non-volatile memory driver v1.3
[    0.695139] Linux agpgart interface v0.103
[    0.695495] [drm] radeon kernel modesetting enabled.
[    0.696462] i915 0000:00:02.0: vgaarb: deactivate vga console
[    0.697024] Console: switching to colour dummy device 80x25
[    0.708932] [drm] Supports vblank timestamp caching Rev 2 (21.10.2013).
[    0.708953] [drm] Driver supports precise vblank timestamp query.
[    0.710061] i915 0000:00:02.0: vgaarb: changed VGA decodes: olddecodes=io+mem,decodes=io+mem:owns=io+mem
[    0.801202] [drm] Initialized i915 1.6.0 20200114 for 0000:00:02.0 on minor 0
[    0.803176] ACPI: Video Device [VID] (multi-head: yes  rom: no  post: no)
[    0.803785] input: Video Bus as /devices/LNXSYSTM:00/LNXSYBUS:00/PNP0A08:00/LNXVIDEO:00/input/input3
[    0.804246] usbcore: registered new interface driver udl
[    0.814211] loop: module loaded
[    0.863049] ahci 0000:00:1f.2: version 3.0
[    0.863656] ahci 0000:00:1f.2: SSS flag set, parallel bus scan disabled
[    0.876947] ahci 0000:00:1f.2: AHCI 0001.0300 32 slots 6 ports 6 Gbps 0x17 impl SATA mode
[    0.876980] ahci 0000:00:1f.2: flags: 64bit ncq sntf ilck stag pm led clo pio slum part ems sxs apst 
[    0.915460] scsi host0: ahci
[    0.915862] scsi host1: ahci
[    0.916226] scsi host2: ahci
[    0.916536] scsi host3: ahci
[    0.916897] scsi host4: ahci
[    0.917187] scsi host5: ahci
[    0.917394] ata1: SATA max UDMA/133 abar m2048@0xf2528000 port 0xf2528100 irq 19
[    0.917426] ata2: SATA max UDMA/133 abar m2048@0xf2528000 port 0xf2528180 irq 19
[    0.917446] ata3: SATA max UDMA/133 abar m2048@0xf2528000 port 0xf2528200 irq 19
[    0.917464] ata4: DUMMY
[    0.917471] ata5: SATA max UDMA/133 abar m2048@0xf2528000 port 0xf2528300 irq 19
[    0.917489] ata6: DUMMY
[    0.918249] tun: Universal TUN/TAP device driver, 1.6
[    0.918511] e1000e: Intel(R) PRO/1000 Network Driver - 3.2.6-k
[    0.918524] e1000e: Copyright(c) 1999 - 2015 Intel Corporation.
[    0.918914] e1000e 0000:00:19.0: Interrupt Throttling Rate (ints/sec) set to dynamic conservative mode
[    1.020800] e1000e 0000:00:19.0 0000:00:19.0 (uninitialized): registered PHC clock
[    1.086376] fbcon: i915drmfb (fb0) is primary device
[    1.117712] e1000e 0000:00:19.0 eth0: (PCI Express:2.5GT/s:Width x1) f0:de:f1:e3:99:75
[    1.117729] e1000e 0000:00:19.0 eth0: Intel(R) PRO/1000 Network Connection
[    1.117779] e1000e 0000:00:19.0 eth0: MAC: 10, PHY: 11, PBA No: 1000FF-0FF
[    1.117951] PPP generic driver version 2.4.2
[    1.118106] PPP BSD Compression module registered
[    1.118109] PPP Deflate Compression module registered
[    1.118111] SLIP: version 0.8.4-NET3.019-NEWTTY (dynamic channels, max=256).
[    1.118112] CSLIP: code copyright 1989 Regents of the University of California.
[    1.118167] iwl3945: Intel(R) PRO/Wireless 3945ABG/BG Network Connection driver for Linux, in-tree:ds
[    1.118168] iwl3945: Copyright(c) 2003-2011 Intel Corporation
[    1.118169] iwl3945: hw_scan is disabled
[    1.118235] Intel(R) Wireless WiFi driver for Linux
[    1.118236] Copyright(c) 2003- 2015 Intel Corporation
[    1.118693] iwlwifi 0000:03:00.0: pci_enable_msi failed - -38
[    1.119028] iwlwifi 0000:03:00.0: loaded firmware version 39.31.5.1 build 35138 1000-5.ucode op_mode iwldvm
[    1.119234] iwlwifi 0000:03:00.0: CONFIG_IWLWIFI_DEBUG disabled
[    1.119236] iwlwifi 0000:03:00.0: CONFIG_IWLWIFI_DEBUGFS disabled
[    1.119238] iwlwifi 0000:03:00.0: CONFIG_IWLWIFI_DEVICE_TRACING disabled
[    1.119240] iwlwifi 0000:03:00.0: Detected Intel(R) Centrino(R) Wireless-N 1000 BGN, REV=0x6C
[    1.161440] ieee80211 phy0: Selected rate control algorithm 'iwl-agn-rs'
[    1.162069] usbcore: registered new interface driver ax88179_178a
[    1.162106] usbcore: registered new interface driver cdc_ether
[    1.162140] usbcore: registered new interface driver cdc_eem
[    1.162237] usbcore: registered new interface driver net1080
[    1.162270] usbcore: registered new interface driver cdc_subset
[    1.162296] usbcore: registered new interface driver zaurus
[    1.162346] usbcore: registered new interface driver cdc_ncm
[    1.162385] usbcore: registered new interface driver cdc_mbim
[    1.162764] ehci_hcd: USB 2.0 'Enhanced' Host Controller (EHCI) Driver
[    1.162777] ehci-pci: EHCI PCI platform driver
[    1.163107] ehci-pci 0000:00:1a.0: EHCI Host Controller
[    1.163263] ehci-pci 0000:00:1a.0: new USB bus registered, assigned bus number 1
[    1.163301] ehci-pci 0000:00:1a.0: debug port 2
[    1.167245] ehci-pci 0000:00:1a.0: cache line size of 64 is not supported
[    1.167256] ehci-pci 0000:00:1a.0: irq 16, io mem 0xf252a000
[    1.180929] ehci-pci 0000:00:1a.0: USB 2.0 started, EHCI 1.00
[    1.181140] usb usb1: New USB device found, idVendor=1d6b, idProduct=0002, bcdDevice= 5.06
[    1.181142] usb usb1: New USB device strings: Mfr=3, Product=2, SerialNumber=1
[    1.181144] usb usb1: Product: EHCI Host Controller
[    1.181145] usb usb1: Manufacturer: Linux 5.6.0+ ehci_hcd
[    1.181147] usb usb1: SerialNumber: 0000:00:1a.0
[    1.181704] hub 1-0:1.0: USB hub found
[    1.181743] hub 1-0:1.0: 3 ports detected
[    1.182731] ehci-pci 0000:00:1d.0: EHCI Host Controller
[    1.182934] ehci-pci 0000:00:1d.0: new USB bus registered, assigned bus number 2
[    1.182962] ehci-pci 0000:00:1d.0: debug port 2
[    1.186898] ehci-pci 0000:00:1d.0: cache line size of 64 is not supported
[    1.186929] ehci-pci 0000:00:1d.0: irq 23, io mem 0xf2529000
[    1.200932] ehci-pci 0000:00:1d.0: USB 2.0 started, EHCI 1.00
[    1.201108] usb usb2: New USB device found, idVendor=1d6b, idProduct=0002, bcdDevice= 5.06
[    1.201110] usb usb2: New USB device strings: Mfr=3, Product=2, SerialNumber=1
[    1.201112] usb usb2: Product: EHCI Host Controller
[    1.201114] usb usb2: Manufacturer: Linux 5.6.0+ ehci_hcd
[    1.201115] usb usb2: SerialNumber: 0000:00:1d.0
[    1.201635] hub 2-0:1.0: USB hub found
[    1.201669] hub 2-0:1.0: 3 ports detected
[    1.202335] ohci_hcd: USB 1.1 'Open' Host Controller (OHCI) Driver
[    1.202349] ohci-pci: OHCI PCI platform driver
[    1.202460] uhci_hcd: USB Universal Host Controller Interface driver
[    1.202631] usbcore: registered new interface driver cdc_acm
[    1.202632] cdc_acm: USB Abstract Control Model driver for USB modems and ISDN adapters
[    1.202692] usbcore: registered new interface driver usblp
[    1.202781] usbcore: registered new interface driver cdc_wdm
[    1.202840] usbcore: registered new interface driver usb-storage
[    1.202862] usbcore: registered new interface driver ums-sddr09
[    1.202980] usbcore: registered new interface driver usbserial_generic
[    1.203039] usbserial: USB Serial support registered for generic
[    1.203068] usbcore: registered new interface driver ch341
[    1.203100] usbserial: USB Serial support registered for ch341-uart
[    1.203195] usbcore: registered new interface driver cp210x
[    1.203217] usbserial: USB Serial support registered for cp210x
[    1.203261] usbcore: registered new interface driver ftdi_sio
[    1.203294] usbserial: USB Serial support registered for FTDI USB Serial Device
[    1.203350] usbcore: registered new interface driver option
[    1.203380] usbserial: USB Serial support registered for GSM modem (1-port)
[    1.203494] usbcore: registered new interface driver pl2303
[    1.203518] usbserial: USB Serial support registered for pl2303
[    1.203545] usbcore: registered new interface driver ti_usb_3410_5052
[    1.203577] usbserial: USB Serial support registered for TI USB 3410 1 port adapter
[    1.203665] usbserial: USB Serial support registered for TI USB 5052 2 port adapter
[    1.203670] ftdi_elan: driver ftdi-elan
[    1.203710] usbcore: registered new interface driver ftdi-elan
[    1.203828] i8042: PNP: PS/2 Controller [PNP0303:KBD,PNP0f13:MOU] at 0x60,0x64 irq 1,12
[    1.207274] serio: i8042 KBD port at 0x60,0x64 irq 1
[    1.207416] serio: i8042 AUX port at 0x60,0x64 irq 12
[    1.207805] mousedev: PS/2 mouse device common for all mice
[    1.208909] input: PC Speaker as /devices/platform/pcspkr/input/input5
[    1.209207] rtc_cmos 00:02: RTC can wake from S4
[    1.209791] rtc_cmos 00:02: registered as rtc0
[    1.209868] rtc_cmos 00:02: alarms up to one month, y3k, 114 bytes nvram, hpet irqs
[    1.209914] i2c /dev entries driver
[    1.210899] usbcore: registered new interface driver uvcvideo
[    1.210901] USB Video Class driver (1.1.1)
[    1.210902] gspca_main: v2.14.0 registered
[    1.210942] usbcore: registered new interface driver sq930x
[    1.211677] device-mapper: ioctl: 4.42.0-ioctl (2020-02-27) initialised: dm-devel@redhat.com
[    1.211679] Bluetooth: HCI UART driver ver 2.3
[    1.211681] Bluetooth: HCI UART protocol H4 registered
[    1.211682] Bluetooth: HCI UART protocol BCSP registered
[    1.211744] usbcore: registered new interface driver btusb
[    1.211750] intel_pstate: Intel P-state driver initializing
[    1.212350] sdhci: Secure Digital Host Controller Interface driver
[    1.212354] sdhci: Copyright(c) Pierre Ossman
[    1.212861] input: AT Translated Set 2 keyboard as /devices/platform/i8042/serio0/input/input4
[    1.214620] sdhci-pci 0000:0d:00.0: SDHCI controller found [1180:e822] (rev 7)
[    1.216137] mmc0 bounce up to 128 segments into one, max segment size 65536 bytes
[    1.217642] mmc0: SDHCI controller on PCI [0000:0d:00.0] using DMA
[    1.218528] hid: raw HID events driver (C) Jiri Kosina
[    1.222991] usbcore: registered new interface driver usbhid
[    1.222992] usbhid: USB HID core driver
[    1.223810] thinkpad_acpi: ThinkPad ACPI Extras v0.26
[    1.223812] thinkpad_acpi: http://ibm-acpi.sf.net/
[    1.223814] thinkpad_acpi: ThinkPad BIOS 8DET74WW (1.44 ), EC unknown
[    1.223815] thinkpad_acpi: Lenovo ThinkPad X220, model 42872WU
[    1.225818] thinkpad_acpi: radio switch found; radios are enabled
[    1.226049] thinkpad_acpi: Tablet mode switch found (type: MHKG), currently in laptop mode
[    1.226080] thinkpad_acpi: This ThinkPad has standard ACPI backlight brightness control, supported by the ACPI video driver
[    1.226081] thinkpad_acpi: Disabling thinkpad-acpi brightness events by default...
[    1.232928] ata1: SATA link up 1.5 Gbps (SStatus 113 SControl 300)
[    1.233050] thinkpad_acpi: rfkill switch tpacpi_bluetooth_sw: radio is unblocked
[    1.234338] ata1.00: ACPI cmd ef/02:00:00:00:00:a0 (SET FEATURES) succeeded
[    1.234340] ata1.00: ACPI cmd f5/00:00:00:00:00:a0 (SECURITY FREEZE LOCK) filtered out
[    1.234343] ata1.00: ACPI cmd ef/10:03:00:00:00:a0 (SET FEATURES) filtered out
[    1.235036] thinkpad_acpi: warning: userspace override of important firmware LEDs is enabled
[    1.235058] thinkpad_acpi: Standard ACPI backlight interface available, not loading native one
[    1.235059] thinkpad_acpi: volume: disabled as there is no ALSA support in this kernel
[    1.235377] Console: switching to colour frame buffer device 102x42
[    1.235420] ata1.00: ATA-8: Hitachi HTS545050A7E380, GG2OA7J0, max UDMA/133
[    1.235423] ata1.00: 976773168 sectors, multi 16: LBA48 NCQ (depth 32), AA
[    1.235503] battery: new extension: ThinkPad Battery Extension
[    1.235604] input: ThinkPad Extra Buttons as /devices/platform/thinkpad_acpi/input/input8
[    1.236185] random: fast init done
[    1.236496] ata1.00: ACPI cmd ef/02:00:00:00:00:a0 (SET FEATURES) succeeded
[    1.236500] ata1.00: ACPI cmd f5/00:00:00:00:00:a0 (SECURITY FREEZE LOCK) filtered out
[    1.236502] ata1.00: ACPI cmd ef/10:03:00:00:00:a0 (SET FEATURES) filtered out
[    1.237817] ata1.00: configured for UDMA/133
[    1.238421] usbcore: registered new interface driver snd-usb-audio
[    1.240925] NET: Registered protocol family 17
[    1.240993] Bluetooth: RFCOMM TTY layer initialized
[    1.241020] Bluetooth: RFCOMM socket layer initialized
[    1.241028] Bluetooth: RFCOMM ver 1.11
[    1.241035] Bluetooth: BNEP (Ethernet Emulation) ver 1.3
[    1.241036] Bluetooth: BNEP filters: protocol multicast
[    1.241038] Bluetooth: BNEP socket layer initialized
[    1.241039] Bluetooth: HIDP (Human Interface Emulation) ver 1.2
[    1.241041] Bluetooth: HIDP socket layer initialized
[    1.241264] microcode: sig=0x206a7, pf=0x10, revision=0x2d
[    1.241494] microcode: Microcode Update Driver: v2.2.
[    1.241500] IPI shorthand broadcast: enabled
[    1.241546] sched_clock: Marking stable (1229621253, 11837807)->(1250823657, -9364597)
[    1.241825] Loading compiled-in X.509 certificates
[    1.241887] Key type ._fscrypt registered
[    1.241889] Key type .fscrypt registered
[    1.241891] Key type fscrypt-provisioning registered
[    1.242717] Key type encrypted registered
[    1.243163] rtc_cmos 00:02: setting system clock to 2020-04-03T07:55:10 UTC (1585900510)
[    1.243335] cfg80211: Loading compiled-in X.509 certificates for regulatory database
[    1.244559] cfg80211: Loaded X.509 cert 'sforshee: 00b28ddf47aef9cea7'
[    1.244818] platform regulatory.0: Direct firmware load for regulatory.db failed with error -2
[    1.244844] cfg80211: failed to load regulatory.db
[    1.249438] snd_hda_intel 0000:00:1b.0: bound 0000:00:02.0 (ops i915_audio_component_bind_ops)
[    1.272361] snd_hda_codec_generic hdaudioC0D0: autoconfig for Generic: line_outs=1 (0x1f/0x0/0x0/0x0/0x0) type:speaker
[    1.272624] i915 0000:00:02.0: fb0: i915drmfb frame buffer device
[    1.273822] snd_hda_codec_generic hdaudioC0D0:    speaker_outs=0 (0x0/0x0/0x0/0x0/0x0)
[    1.388346] snd_hda_codec_generic hdaudioC0D0:    hp_outs=1 (0x19/0x0/0x0/0x0/0x0)
[    1.388490] scsi 0:0:0:0: Direct-Access     ATA      Hitachi HTS54505 A7J0 PQ: 0 ANSI: 5
[    1.389818] snd_hda_codec_generic hdaudioC0D0:    mono: mono_out=0x0
[    1.391977] sd 0:0:0:0: [sda] 976773168 512-byte logical blocks: (500 GB/466 GiB)
[    1.392139] sd 0:0:0:0: Attached scsi generic sg0 type 0
[    1.392602] snd_hda_codec_generic hdaudioC0D0:    inputs:
[    1.393482] sd 0:0:0:0: [sda] 4096-byte physical blocks
[    1.394368] snd_hda_codec_generic hdaudioC0D0:      Internal Mic=0x23
[    1.395336] sd 0:0:0:0: [sda] Write Protect is off
[    1.396298] snd_hda_codec_generic hdaudioC0D0:      Mic=0x1b
[    1.397156] sd 0:0:0:0: [sda] Mode Sense: 00 3a 00 00
[    1.399447] sd 0:0:0:0: [sda] Write cache: enabled, read cache: enabled, doesn't support DPO or FUA
[    1.403040] snd_hda_codec_generic hdaudioC0D3: ignore pin 0x7, too many assigned pins
[    1.404005] snd_hda_codec_generic hdaudioC0D3: autoconfig for Generic: line_outs=0 (0x0/0x0/0x0/0x0/0x0) type:line
[    1.405235] snd_hda_codec_generic hdaudioC0D3:    speaker_outs=0 (0x0/0x0/0x0/0x0/0x0)
[    1.406248] snd_hda_codec_generic hdaudioC0D3:    hp_outs=0 (0x0/0x0/0x0/0x0/0x0)
[    1.407211] snd_hda_codec_generic hdaudioC0D3:    mono: mono_out=0x0
[    1.408129] snd_hda_codec_generic hdaudioC0D3:    dig-out=0x5/0x6
[    1.409180] snd_hda_codec_generic hdaudioC0D3:    inputs:
[    1.413475] input: HDA Intel PCH Mic as /devices/pci0000:00/0000:00:1b.0/sound/card0/input9
[    1.414681] input: HDA Intel PCH Headphone as /devices/pci0000:00/0000:00:1b.0/sound/card0/input10
[    1.416039] input: HDA Intel PCH HDMI as /devices/pci0000:00/0000:00:1b.0/sound/card0/input11
[    1.417260] input: HDA Intel PCH HDMI as /devices/pci0000:00/0000:00:1b.0/sound/card0/input12
[    1.516913] usb 1-1: new high-speed USB device number 2 using ehci-pci
[    1.540912] usb 2-1: new high-speed USB device number 2 using ehci-pci
[    1.550166] usb 1-1: New USB device found, idVendor=8087, idProduct=0024, bcdDevice= 0.00
[    1.554057] usb 1-1: New USB device strings: Mfr=0, Product=0, SerialNumber=0
[    1.556610] hub 1-1:1.0: USB hub found
[    1.558857] hub 1-1:1.0: 6 ports detected
[    1.573541] usb 2-1: New USB device found, idVendor=8087, idProduct=0024, bcdDevice= 0.00
[    1.575299] usb 2-1: New USB device strings: Mfr=0, Product=0, SerialNumber=0
[    1.577519] hub 2-1:1.0: USB hub found
[    1.579286] hub 2-1:1.0: 8 ports detected
[    1.688924] tsc: Refined TSC clocksource calibration: 2491.905 MHz
[    1.692224] clocksource: tsc: mask: 0xffffffffffffffff max_cycles: 0x23eb5abbd7b, max_idle_ns: 440795277677 ns
[    1.695697] clocksource: Switched to clocksource tsc
[    1.704930] ata2: SATA link down (SStatus 0 SControl 300)
[    1.720920]  sda: sda1 sda2 sda3 sda4
[    1.728357] sd 0:0:0:0: [sda] Attached SCSI disk
[    1.848927] usb 1-1.3: new full-speed USB device number 3 using ehci-pci
[    1.872902] usb 2-1.2: new high-speed USB device number 3 using ehci-pci
[    1.905621] usb 2-1.2: New USB device found, idVendor=1a40, idProduct=0101, bcdDevice= 1.11
[    1.907335] usb 2-1.2: New USB device strings: Mfr=0, Product=1, SerialNumber=0
[    1.909200] usb 2-1.2: Product: USB 2.0 Hub
[    1.911574] hub 2-1.2:1.0: USB hub found
[    1.913533] hub 2-1.2:1.0: 4 ports detected
[    1.967545] usb 1-1.3: New USB device found, idVendor=147e, idProduct=2016, bcdDevice= 0.02
[    1.968449] usb 1-1.3: New USB device strings: Mfr=1, Product=2, SerialNumber=0
[    1.969480] usb 1-1.3: Product: Biometric Coprocessor
[    1.970304] usb 1-1.3: Manufacturer: UPEK
[    2.028868] ata3: SATA link up 3.0 Gbps (SStatus 123 SControl 300)
[    2.045491] ata3.00: ACPI cmd ef/02:00:00:00:00:a0 (SET FEATURES) succeeded
[    2.045503] ata3.00: ACPI cmd f5/00:00:00:00:00:a0 (SECURITY FREEZE LOCK) filtered out
[    2.048614] ata3.00: ACPI cmd ef/10:03:00:00:00:a0 (SET FEATURES) filtered out
[    2.051755] usb 1-1.4: new full-speed USB device number 4 using ehci-pci
[    2.057765] ata3.00: ATA-8: KINGSTON SMS200S3240G, 60AABBF0, max UDMA/133
[    2.058662] ata3.00: 468862128 sectors, multi 1: LBA48 NCQ (depth 32), AA
[    2.064622] ata3.00: ACPI cmd ef/02:00:00:00:00:a0 (SET FEATURES) succeeded
[    2.064633] ata3.00: ACPI cmd f5/00:00:00:00:00:a0 (SECURITY FREEZE LOCK) filtered out
[    2.065533] ata3.00: ACPI cmd ef/10:03:00:00:00:a0 (SET FEATURES) filtered out
[    2.071990] ata3.00: configured for UDMA/133
[    2.074352] scsi 2:0:0:0: Direct-Access     ATA      KINGSTON SMS200S BBF0 PQ: 0 ANSI: 5
[    2.078674] sd 2:0:0:0: Attached scsi generic sg1 type 0
[    2.079151] sd 2:0:0:0: [sdb] 468862128 512-byte logical blocks: (240 GB/224 GiB)
[    2.084950] sd 2:0:0:0: [sdb] Write Protect is off
[    2.087919] sd 2:0:0:0: [sdb] Mode Sense: 00 3a 00 00
[    2.088023] sd 2:0:0:0: [sdb] Write cache: enabled, read cache: enabled, doesn't support DPO or FUA
[    2.106245]  sdb: sdb2 sdb3 sdb4
[    2.112138] sd 2:0:0:0: [sdb] Attached SCSI disk
[    2.168612] usb 1-1.4: New USB device found, idVendor=0a5c, idProduct=217f, bcdDevice= 7.48
[    2.172178] usb 1-1.4: New USB device strings: Mfr=1, Product=2, SerialNumber=3
[    2.175655] usb 1-1.4: Product: Broadcom Bluetooth Device
[    2.176857] usb 1-1.4: Manufacturer: Broadcom Corp
[    2.177974] usb 1-1.4: SerialNumber: 7CE9D3B855AA
[    2.219878] psmouse serio1: synaptics: queried max coordinates: x [..5472], y [..4448]
[    2.260906] usb 1-1.6: new high-speed USB device number 5 using ehci-pci
[    2.302328] usb 1-1.6: New USB device found, idVendor=04f2, idProduct=b217, bcdDevice= 8.54
[    2.303521] psmouse serio1: synaptics: Touchpad model: 1, fw: 8.0, id: 0x1e2b1, caps: 0xd001a3/0x940300/0x120c00/0x0, board id: 1611, fw id: 774180
[    2.305853] usb 1-1.6: New USB device strings: Mfr=1, Product=2, SerialNumber=0
[    2.310393] psmouse serio1: synaptics: serio: Synaptics pass-through port at isa0060/serio1/input0
[    2.312614] usb 1-1.6: Product: Integrated Camera
[    2.317233] usb 1-1.6: Manufacturer: Chicony Electronics Co., Ltd.
[    2.320976] usb 2-1.2.2: new low-speed USB device number 4 using ehci-pci
[    2.321069] uvcvideo: Found UVC 1.00 device Integrated Camera (04f2:b217)
[    2.335622] uvcvideo 1-1.6:1.0: Entity type for entity Extension 3 was not initialized!
[    2.337120] uvcvideo 1-1.6:1.0: Entity type for entity Processing 2 was not initialized!
[    2.338537] uvcvideo 1-1.6:1.0: Entity type for entity Camera 1 was not initialized!
[    2.366530] input: SynPS/2 Synaptics TouchPad as /devices/platform/i8042/serio1/input/input7
[    2.439983] ata5: SATA link down (SStatus 0 SControl 300)
[    2.469470] PM: Image not found (code -22)
[    2.469548] ALSA device list:
[    2.473344]   #0: HDA Intel PCH at 0xf2520000 irq 22
[    2.540049] usb 2-1.2.2: New USB device found, idVendor=046d, idProduct=c050, bcdDevice=27.20
[    2.543987] usb 2-1.2.2: New USB device strings: Mfr=1, Product=2, SerialNumber=0
[    2.545920] usb 2-1.2.2: Product: USB-PS/2 Optical Mouse
[    2.547818] usb 2-1.2.2: Manufacturer: Logitech
[    2.555478] input: Logitech USB-PS/2 Optical Mouse as /devices/pci0000:00/0000:00:1d.0/usb2/2-1/2-1.2/2-1.2.2/2-1.2.2:1.0/0003:046D:C050.0001/input/input14
[    2.560163] hid-generic 0003:046D:C050.0001: input,hidraw0: USB HID v1.10 Mouse [Logitech USB-PS/2 Optical Mouse] on usb-0000:00:1d.0-1.2.2/input0
[    2.760877] usb 2-1.2.3: new low-speed USB device number 5 using ehci-pci
[    3.001698] usb 2-1.2.3: New USB device found, idVendor=04f2, idProduct=0111, bcdDevice= 1.02
[    3.005783] usb 2-1.2.3: New USB device strings: Mfr=1, Product=2, SerialNumber=0
[    3.007926] usb 2-1.2.3: Product: USB Keyboard
[    3.009985] usb 2-1.2.3: Manufacturer: Chicony
[    3.017640] input: Chicony USB Keyboard as /devices/pci0000:00/0000:00:1d.0/usb2/2-1/2-1.2/2-1.2.3/2-1.2.3:1.0/0003:04F2:0111.0002/input/input15
[    3.078140] hid-generic 0003:04F2:0111.0002: input,hidraw1: USB HID v1.10 Keyboard [Chicony USB Keyboard] on usb-0000:00:1d.0-1.2.3/input0
[    3.090807] input: Chicony USB Keyboard System Control as /devices/pci0000:00/0000:00:1d.0/usb2/2-1/2-1.2/2-1.2.3/2-1.2.3:1.1/0003:04F2:0111.0003/input/input16
[    3.142296] psmouse serio2: trackpoint: IBM TrackPoint firmware: 0x0e, buttons: 3/3
[    3.153804] input: Chicony USB Keyboard Consumer Control as /devices/pci0000:00/0000:00:1d.0/usb2/2-1/2-1.2/2-1.2.3/2-1.2.3:1.1/0003:04F2:0111.0003/input/input17
[    3.164181] hid-generic 0003:04F2:0111.0003: input,hiddev96,hidraw2: USB HID v1.10 Device [Chicony USB Keyboard] on usb-0000:00:1d.0-1.2.3/input1
[    3.419711] input: TPPS/2 IBM TrackPoint as /devices/platform/i8042/serio1/serio2/input/input13
[    3.530406] md: Waiting for all devices to be available before autodetect
[    3.534777] md: If you don't use raid, use raid=noautodetect
[    3.540470] md: Autodetecting RAID arrays.
[    3.544857] md: autorun ...
[    3.549102] md: ... autorun DONE.
[    3.561934] EXT4-fs (sdb3): mounted filesystem with ordered data mode. Opts: (null)
[    3.563917] VFS: Mounted root (ext4 filesystem) readonly on device 8:19.
[    3.567465] devtmpfs: mounted
[    3.573535] Freeing unused kernel image (initmem) memory: 1080K
[    3.588960] Write protecting the kernel read-only data: 24576k
[    3.593919] Freeing unused kernel image (text/rodata gap) memory: 2040K
[    3.596103] Freeing unused kernel image (rodata/data gap) memory: 420K
[    3.630092] x86/mm: Checked W+X mappings: passed, no W+X pages found.
[    3.631169] rodata_test: all tests were successful
[    3.632230] x86/mm: Checking user space page tables
[    3.661960] x86/mm: Checked W+X mappings: passed, no W+X pages found.
[    3.663015] Run /sbin/init as init process
[    3.664039]   with arguments:
[    3.664040]     /sbin/init
[    3.664041]   with environment:
[    3.664042]     HOME=/
[    3.664043]     TERM=linux
[    3.664044]     BOOT_IMAGE=(hd1,2)/l/k/o/64/arch/x86/boot/bzImage
[    3.828038] systemd[1]: systemd 241 running in system mode. (+PAM +AUDIT +SELINUX +IMA +APPARMOR +SMACK +SYSVINIT +UTMP +LIBCRYPTSETUP +GCRYPT +GNUTLS +ACL +XZ +LZ4 +SECCOMP +BLKID +ELFUTILS +KMOD -IDN2 +IDN -PCRE2 default-hierarchy=hybrid)
[    3.849017] systemd[1]: Detected architecture x86-64.
[    3.860851] systemd[1]: Set hostname to <duo>.
[    3.948439] systemd[1]: File /lib/systemd/system/systemd-journald.service:12 configures an IP firewall (IPAddressDeny=any), but the local system does not support BPF/cgroup based firewalling.
[    3.953103] systemd[1]: Proceeding WITHOUT firewalling in effect! (This warning is only shown for the first loaded unit using IP firewalling.)
[    4.013286] systemd[1]: Binding to IPv6 address not available since kernel does not support IPv6.
[    4.014440] systemd[1]: Binding to IPv6 address not available since kernel does not support IPv6.
[    4.023173] systemd[1]: /lib/systemd/system/rpc-statd.service:13: PIDFile= references path below legacy directory /var/run/, updating /var/run/rpc.statd.pid  /run/rpc.statd.pid; please update the unit file accordingly.
[    4.049660] systemd[1]: Binding to IPv6 address not available since kernel does not support IPv6.
[    4.052096] random: systemd: uninitialized urandom read (16 bytes read)
[    4.055967] random: systemd: uninitialized urandom read (16 bytes read)
[    4.057736] systemd[1]: Created slice system-systemd\x2dfsck.slice.
[    4.061394] random: systemd: uninitialized urandom read (16 bytes read)
[    5.086692] EXT4-fs (sdb3): re-mounted. Opts: errors=remount-ro
[    5.113255] systemd-journald[1728]: Received request to flush runtime journal from PID 1
[    5.414373] e1000e 0000:00:19.0 enp0s25: renamed from eth0
[    5.454535] iwlwifi 0000:03:00.0 wlp3s0: renamed from wlan0
[    6.644943] Adding 1681428k swap on /dev/sda1.  Priority:-2 extents:1 across:1681428k 
[    6.752402] random: crng init done
[    6.755305] random: 7 urandom warning(s) missed due to ratelimiting
[    7.195654] EXT4-fs (sda2): mounted filesystem with ordered data mode. Opts: errors=remount-ro
[    7.358773] EXT4-fs (sdb2): mounted filesystem with ordered data mode. Opts: errors=remount-ro
[    8.020428] iwlwifi 0000:03:00.0: Radio type=0x0-0x0-0x3
[    8.092315] iwlwifi 0000:03:00.0: Radio type=0x0-0x0-0x3
[    8.164406] iwlwifi 0000:03:00.0: Radio type=0x0-0x0-0x3
[    8.247468] iwlwifi 0000:03:00.0: Radio type=0x0-0x0-0x3
[    8.940302] NFSD: Using /var/lib/nfs/v4recovery as the NFSv4 state recovery directory
[    8.943099] NFSD: Using legacy client tracking operations.
[    8.945427] NFSD: starting 90-second grace period (net f0000098)
[    9.270056] broken atomic modeset userspace detected, disabling atomic
[  353.092304] iwlwifi 0000:03:00.0: Radio type=0x0-0x0-0x3
[  353.167456] iwlwifi 0000:03:00.0: Radio type=0x0-0x0-0x3
[  668.108427] iwlwifi 0000:03:00.0: Radio type=0x0-0x0-0x3
[  668.179460] iwlwifi 0000:03:00.0: Radio type=0x0-0x0-0x3
[  966.532254] iwlwifi 0000:03:00.0: Radio type=0x0-0x0-0x3
[  966.604486] iwlwifi 0000:03:00.0: Radio type=0x0-0x0-0x3
[  997.056265] iwlwifi 0000:03:00.0: Radio type=0x0-0x0-0x3
[  997.131462] iwlwifi 0000:03:00.0: Radio type=0x0-0x0-0x3
[  997.620330] iwlwifi 0000:03:00.0: Radio type=0x0-0x0-0x3
[  997.695392] iwlwifi 0000:03:00.0: Radio type=0x0-0x0-0x3
[  998.271746] wlp3s0: authenticate with 5c:f4:ab:10:d2:bb
[  998.275877] wlp3s0: send auth to 5c:f4:ab:10:d2:bb (try 1/3)
[  998.278634] wlp3s0: authenticated
[  998.280809] wlp3s0: associate with 5c:f4:ab:10:d2:bb (try 1/3)
[  998.284173] wlp3s0: RX AssocResp from 5c:f4:ab:10:d2:bb (capab=0x411 status=0 aid=2)
[  998.288455] wlp3s0: associated
