[    0.000000] Linux version 4.16.0-rc7-next-20180329+ (pavel@amd) (gcc version 4.9.2 (Debian 4.9.2-10+deb8u1)) #33 SMP Mon Apr 2 20:34:54 CEST 2018
[    0.000000] Disabled fast string operations
[    0.000000] x86/fpu: x87 FPU will use FXSAVE
[    0.000000] e820: BIOS-provided physical RAM map:
[    0.000000] BIOS-e820: [mem 0x0000000000000000-0x000000000009efff] usable
[    0.000000] BIOS-e820: [mem 0x000000000009f000-0x000000000009ffff] reserved
[    0.000000] BIOS-e820: [mem 0x00000000000dc000-0x00000000000fffff] reserved
[    0.000000] BIOS-e820: [mem 0x0000000000100000-0x00000000bf6cffff] usable
[    0.000000] BIOS-e820: [mem 0x00000000bf6d0000-0x00000000bf6defff] ACPI data
[    0.000000] BIOS-e820: [mem 0x00000000bf6df000-0x00000000bf6fffff] ACPI NVS
[    0.000000] BIOS-e820: [mem 0x00000000bf700000-0x00000000bfffffff] reserved
[    0.000000] BIOS-e820: [mem 0x00000000f0000000-0x00000000f3ffffff] reserved
[    0.000000] BIOS-e820: [mem 0x00000000fec00000-0x00000000fec0ffff] reserved
[    0.000000] BIOS-e820: [mem 0x00000000fed00000-0x00000000fed003ff] reserved
[    0.000000] BIOS-e820: [mem 0x00000000fed14000-0x00000000fed19fff] reserved
[    0.000000] BIOS-e820: [mem 0x00000000fed1c000-0x00000000fed8ffff] reserved
[    0.000000] BIOS-e820: [mem 0x00000000fee00000-0x00000000fee00fff] reserved
[    0.000000] BIOS-e820: [mem 0x00000000ff800000-0x00000000ffffffff] reserved
[    0.000000] NX (Execute Disable) protection: active
[    0.000000] random: fast init done
[    0.000000] SMBIOS 2.4 present.
[    0.000000] DMI: LENOVO 17097HU/17097HU, BIOS 7BETD8WW (2.19 ) 03/31/2011
[    0.000000] e820: update [mem 0x00000000-0x00000fff] usable ==> reserved
[    0.000000] e820: remove [mem 0x000a0000-0x000fffff] usable
[    0.000000] e820: last_pfn = 0xbf6d0 max_arch_pfn = 0x1000000
[    0.000000] MTRR default type: uncachable
[    0.000000] MTRR fixed ranges enabled:
[    0.000000]   00000-9FFFF write-back
[    0.000000]   A0000-BFFFF uncachable
[    0.000000]   C0000-CFFFF write-protect
[    0.000000]   D0000-DBFFF uncachable
[    0.000000]   DC000-DFFFF write-back
[    0.000000]   E0000-FFFFF write-protect
[    0.000000] MTRR variable ranges enabled:
[    0.000000]   0 base 000000000 mask F80000000 write-back
[    0.000000]   1 base 080000000 mask FC0000000 write-back
[    0.000000]   2 base 0BF700000 mask FFFF00000 uncachable
[    0.000000]   3 base 0BF800000 mask FFF800000 uncachable
[    0.000000]   4 disabled
[    0.000000]   5 disabled
[    0.000000]   6 disabled
[    0.000000]   7 disabled
[    0.000000] x86/PAT: PAT not supported by CPU.
[    0.000000] x86/PAT: Configuration [0-7]: WB  WT  UC- UC  WB  WT  UC- UC  
[    0.000000] initial memory mapped: [mem 0x00000000-0x05dfffff]
[    0.000000] Base memory trampoline at [(ptrval)] 9b000 size 16384
[    0.000000] BRK [0x0580c000, 0x0580cfff] PGTABLE
[    0.000000] BRK [0x0580d000, 0x0580dfff] PGTABLE
[    0.000000] ACPI: Early table checksum verification disabled
[    0.000000] ACPI: RSDP 0x00000000000F67C0 000024 (v02 LENOVO)
[    0.000000] ACPI: XSDT 0x00000000BF6D191C 000084 (v01 LENOVO TP-7B    00002190  LTP 00000000)
[    0.000000] ACPI: FACP 0x00000000BF6D1A00 0000F4 (v03 LENOVO TP-7B    00002190 LNVO 00000001)
[    0.000000] ACPI BIOS Warning (bug): 32/64X length mismatch in FADT/Gpe0Block: 64/32 (20180313/tbfadt-569)
[    0.000000] ACPI BIOS Warning (bug): Optional FADT field Gpe1Block has valid Address but zero Length: 0x000000000000102C/0x0 (20180313/tbfadt-624)
[    0.000000] ACPI: DSDT 0x00000000BF6D1D90 00CFB9 (v01 LENOVO TP-7B    00002190 MSFT 0100000E)
[    0.000000] ACPI: FACS 0x00000000BF6F4000 000040
[    0.000000] ACPI: FACS 0x00000000BF6F4000 000040
[    0.000000] ACPI: SSDT 0x00000000BF6D1BB4 0001DC (v01 LENOVO TP-7B    00002190 MSFT 0100000E)
[    0.000000] ACPI: ECDT 0x00000000BF6DED49 000052 (v01 LENOVO TP-7B    00002190 LNVO 00000001)
[    0.000000] ACPI: TCPA 0x00000000BF6DED9B 000032 (v02 LENOVO TP-7B    00002190 LNVO 00000001)
[    0.000000] ACPI: APIC 0x00000000BF6DEDCD 000068 (v01 LENOVO TP-7B    00002190 LNVO 00000001)
[    0.000000] ACPI: MCFG 0x00000000BF6DEE35 00003C (v01 LENOVO TP-7B    00002190 LNVO 00000001)
[    0.000000] ACPI: HPET 0x00000000BF6DEE71 000038 (v01 LENOVO TP-7B    00002190 LNVO 00000001)
[    0.000000] ACPI: BOOT 0x00000000BF6DEFD8 000028 (v01 LENOVO TP-7B    00002190  LTP 00000001)
[    0.000000] ACPI: SSDT 0x00000000BF6F2645 00025F (v01 LENOVO TP-7B    00002190 INTL 20050513)
[    0.000000] ACPI: SSDT 0x00000000BF6F28A4 0000A6 (v01 LENOVO TP-7B    00002190 INTL 20050513)
[    0.000000] ACPI: SSDT 0x00000000BF6F294A 0004F7 (v01 LENOVO TP-7B    00002190 INTL 20050513)
[    0.000000] ACPI: SSDT 0x00000000BF6F2E41 0001D8 (v01 LENOVO TP-7B    00002190 INTL 20050513)
[    0.000000] ACPI: Local APIC address 0xfee00000
[    0.000000] 2174MB HIGHMEM available.
[    0.000000] 887MB LOWMEM available.
[    0.000000]   mapped low ram: 0 - 377fe000
[    0.000000]   low ram: 0 - 377fe000
[    0.000000] tsc: Fast TSC calibration using PIT
[    0.000000] BRK [0x0580e000, 0x0580efff] PGTABLE
[    0.000000] Zone ranges:
[    0.000000]   DMA      [mem 0x0000000000001000-0x0000000000ffffff]
[    0.000000]   Normal   [mem 0x0000000001000000-0x00000000377fdfff]
[    0.000000]   HighMem  [mem 0x00000000377fe000-0x00000000bf6cffff]
[    0.000000] Movable zone start for each node
[    0.000000] Early memory node ranges
[    0.000000]   node   0: [mem 0x0000000000001000-0x000000000009efff]
[    0.000000]   node   0: [mem 0x0000000000100000-0x00000000bf6cffff]
[    0.000000] Initmem setup node 0 [mem 0x0000000000001000-0x00000000bf6cffff]
[    0.000000] On node 0 totalpages: 783982
[    0.000000]   DMA zone: 32 pages used for memmap
[    0.000000]   DMA zone: 0 pages reserved
[    0.000000]   DMA zone: 3998 pages, LIFO batch:0
[    0.000000]   Normal zone: 1744 pages used for memmap
[    0.000000]   Normal zone: 223230 pages, LIFO batch:31
[    0.000000]   HighMem zone: 556754 pages, LIFO batch:31
[    0.000000] Reserved but unavailable: 98 pages
[    0.000000] Using APIC driver default
[    0.000000] Reserving Intel graphics memory at [mem 0xbf800000-0xbfffffff]
[    0.000000] ACPI: PM-Timer IO Port: 0x1008
[    0.000000] ACPI: Local APIC address 0xfee00000
[    0.000000] ACPI: LAPIC_NMI (acpi_id[0x00] high edge lint[0x1])
[    0.000000] ACPI: LAPIC_NMI (acpi_id[0x01] high edge lint[0x1])
[    0.000000] IOAPIC[0]: apic_id 1, version 32, address 0xfec00000, GSI 0-23
[    0.000000] ACPI: INT_SRC_OVR (bus 0 bus_irq 0 global_irq 2 dfl dfl)
[    0.000000] ACPI: INT_SRC_OVR (bus 0 bus_irq 9 global_irq 9 high level)
[    0.000000] ACPI: IRQ0 used by override.
[    0.000000] ACPI: IRQ9 used by override.
[    0.000000] Using ACPI (MADT) for SMP configuration information
[    0.000000] ACPI: HPET id: 0x8086a201 base: 0xfed00000
[    0.000000] smpboot: Allowing 2 CPUs, 0 hotplug CPUs
[    0.000000] PM: Registered nosave memory: [mem 0x00000000-0x00000fff]
[    0.000000] PM: Registered nosave memory: [mem 0x0009f000-0x0009ffff]
[    0.000000] PM: Registered nosave memory: [mem 0x000a0000-0x000dbfff]
[    0.000000] PM: Registered nosave memory: [mem 0x000dc000-0x000fffff]
[    0.000000] e820: [mem 0xc0000000-0xefffffff] available for PCI devices
[    0.000000] clocksource: refined-jiffies: mask: 0xffffffff max_cycles: 0xffffffff, max_idle_ns: 7645519600211568 ns
[    0.000000] setup_percpu: NR_CPUS:8 nr_cpumask_bits:8 nr_cpu_ids:2 nr_node_ids:1
[    0.000000] percpu: Embedded 28 pages/cpu @(ptrval) s85480 r0 d29208 u114688
[    0.000000] pcpu-alloc: s85480 r0 d29208 u114688 alloc=28*4096
[    0.000000] pcpu-alloc: [0] 0 [0] 1 
[    0.000000] Built 1 zonelists, mobility grouping on.  Total pages: 782206
[    0.000000] Kernel command line: BOOT_IMAGE=(hd0,2)/fast/l/linux-next-32/arch/x86/boot/bzImage root=/dev/sda4 resume=/dev/sda1
[    0.000000] Dentry cache hash table entries: 131072 (order: 7, 524288 bytes)
[    0.000000] Inode-cache hash table entries: 65536 (order: 6, 262144 bytes)
[    0.000000] Initializing CPU#0
[    0.000000] Initializing HighMem for node 0 (000377fe:000bf6d0)
[    0.000000] Initializing Movable for node 0 (00000000:00000000)
[    0.000000] Memory: 3085692K/3135928K available (12035K kernel code, 699K rwdata, 4728K rodata, 592K init, 6172K bss, 50236K reserved, 0K cma-reserved, 2227016K highmem)
[    0.000000] virtual kernel memory layout:
    fixmap  : 0xffe70000 - 0xfffff000   (1596 kB)
  cpu_entry : 0xffa00000 - 0xffb39000   (1252 kB)
    pkmap   : 0xff800000 - 0xffa00000   (2048 kB)
    vmalloc : 0xf7ffe000 - 0xff7fe000   ( 120 MB)
    lowmem  : 0xc0000000 - 0xf77fe000   ( 887 MB)
      .init : 0xc5137000 - 0xc51cb000   ( 592 kB)
      .data : 0xc4bc0e24 - 0xc5114f80   (5456 kB)
      .text : 0xc4000000 - 0xc4bc0e24   (12035 kB)
[    0.000000] Checking if this processor honours the WP bit even in supervisor mode...Ok.
[    0.000000] Hierarchical RCU implementation.
[    0.000000] 	RCU restricting CPUs from NR_CPUS=8 to nr_cpu_ids=2.
[    0.000000] RCU: Adjusting geometry for rcu_fanout_leaf=16, nr_cpu_ids=2
[    0.000000] NR_IRQS: 2304, nr_irqs: 56, preallocated irqs: 16
[    0.000000] CPU 0 irqstacks, hard=(ptrval) soft=(ptrval)
[    0.000000] Console: colour VGA+ 80x25
[    0.000000] console [tty0] enabled
[    0.000000] Lock dependency validator: Copyright (c) 2006 Red Hat, Inc., Ingo Molnar
[    0.000000] ... MAX_LOCKDEP_SUBCLASSES:  8
[    0.000000] ... MAX_LOCK_DEPTH:          48
[    0.000000] ... MAX_LOCKDEP_KEYS:        8191
[    0.000000] ... CLASSHASH_SIZE:          4096
[    0.000000] ... MAX_LOCKDEP_ENTRIES:     32768
[    0.000000] ... MAX_LOCKDEP_CHAINS:      65536
[    0.000000] ... CHAINHASH_SIZE:          32768
[    0.000000]  memory used by lock dependency info: 4383 kB
[    0.000000]  per task-struct memory footprint: 1344 bytes
[    0.000000] ACPI: Core revision 20180313
[    0.000000] clocksource: hpet: mask: 0xffffffff max_cycles: 0xffffffff, max_idle_ns: 133484882848 ns
[    0.000000] hpet clockevent registered
[    0.000000] APIC: Switch to symmetric I/O mode setup
[    0.000000] Enabling APIC mode:  Flat.  Using 1 I/O APICs
[    0.000000] ..TIMER: vector=0x30 apic1=0 pin1=2 apic2=-1 pin2=-1
[    0.020000] tsc: Fast TSC calibration using PIT
[    0.024000] tsc: Detected 1828.702 MHz processor
[    0.024000] clocksource: tsc-early: mask: 0xffffffffffffffff max_cycles: 0x1a5c13458e9, max_idle_ns: 440795236170 ns
[    0.024000] Calibrating delay loop (skipped), value calculated using timer frequency.. 3657.40 BogoMIPS (lpj=7314808)
[    0.024000] pid_max: default: 32768 minimum: 301
[    0.024000] Mount-cache hash table entries: 2048 (order: 1, 8192 bytes)
[    0.024000] Mountpoint-cache hash table entries: 2048 (order: 1, 8192 bytes)
[    0.024000] Disabled fast string operations
[    0.024000] CPU: Physical Processor ID: 0
[    0.024000] CPU: Processor Core ID: 0
[    0.024000] process: using mwait in idle threads
[    0.024000] Last level iTLB entries: 4KB 128, 2MB 0, 4MB 2
[    0.024000] Last level dTLB entries: 4KB 128, 2MB 0, 4MB 8, 1GB 0
[    0.024000] Spectre V2 : Mitigation: Full generic retpoline
[    0.024000] Spectre V2 : Spectre v2 mitigation: Filling RSB on context switch
[    0.024000] Freeing SMP alternatives memory: 40K
[    0.032000] smpboot: CPU0: Genuine Intel(R) CPU           T2400  @ 1.83GHz (family: 0x6, model: 0xe, stepping: 0x8)
[    0.032000] Performance Events: Core events, core PMU driver.
[    0.032000] ... version:                1
[    0.032000] ... bit width:              40
[    0.032000] ... generic registers:      2
[    0.032000] ... value mask:             000000ffffffffff
[    0.032000] ... max period:             000000007fffffff
[    0.032000] ... fixed-purpose events:   0
[    0.032000] ... event mask:             0000000000000003
[    0.032000] Hierarchical SRCU implementation.
[    0.032000] smp: Bringing up secondary CPUs ...
[    0.032142] NMI watchdog: Enabled. Permanently consumes one hw-PMU counter.
[    0.033136] CPU 1 irqstacks, hard=2fc23859 soft=127ed520
[    0.033140] x86: Booting SMP configuration:
[    0.033225] .... node  #0, CPUs:      #1
[    0.004000] Initializing CPU#1
[    0.004000] Disabled fast string operations
[    0.035681] TSC synchronization [CPU#0 -> CPU#1]:
[    0.035998] Measured 579865 cycles TSC warp between CPUs, turning off TSC clock.
[    0.036000] tsc: Marking TSC unstable due to check_tsc_sync_source failed
[    0.036126] smp: Brought up 1 node, 2 CPUs
[    0.036126] smpboot: Max logical packages: 1
[    0.036169] smpboot: Total of 2 processors activated (7314.80 BogoMIPS)
[    0.037866] devtmpfs: initialized
[    0.037866] PM: Registering ACPI NVS region [mem 0xbf6df000-0xbf6fffff] (135168 bytes)
[    0.040110] clocksource: jiffies: mask: 0xffffffff max_cycles: 0xffffffff, max_idle_ns: 7645041785100000 ns
[    0.040227] futex hash table entries: 512 (order: 3, 32768 bytes)
[    0.040985] NET: Registered protocol family 16
[    0.042860] cpuidle: using governor ladder
[    0.042904] cpuidle: using governor menu
[    0.042904] Simple Boot Flag at 0x35 set to 0x1
[    0.042904] ACPI FADT declares the system doesn't support PCIe ASPM, so disable it
[    0.042904] ACPI: bus type PCI registered
[    0.044041] PCI: MMCONFIG for domain 0000 [bus 00-3f] at [mem 0xf0000000-0xf3ffffff] (base 0xf0000000)
[    0.044128] PCI: MMCONFIG at [mem 0xf0000000-0xf3ffffff] reserved in E820
[    0.044128] PCI: Using MMCONFIG for extended config space
[    0.044956] PCI: Using configuration type 1 for base access
[    0.045429] mtrr: your CPUs had inconsistent variable MTRR settings
[    0.045517] mtrr: probably your BIOS does not setup all CPUs.
[    0.045599] mtrr: corrected configuration.
[    0.106030] ACPI: Added _OSI(Module Device)
[    0.106030] ACPI: Added _OSI(Processor Device)
[    0.106030] ACPI: Added _OSI(3.0 _SCP Extensions)
[    0.106030] ACPI: Added _OSI(Processor Aggregator Device)
[    0.106030] ACPI: Added _OSI(Linux-Dell-Video)
[    0.106030] ACPI: EC: EC started
[    0.106030] ACPI: EC: interrupt blocked
[    0.106030] ACPI: \: Used as first EC
[    0.106030] ACPI: \: GPE=0x1c, EC_CMD/EC_SC=0x66, EC_DATA=0x62
[    0.106030] ACPI: \: Used as boot ECDT EC to handle transactions
[    0.174223] ACPI: 6 ACPI AML tables successfully acquired and loaded
[    0.207097] ACPI: Dynamic OEM Table Load:
[    0.207194] ACPI: SSDT 0x00000000F597EC00 000240 (v01 PmRef  Cpu0Ist  00000100 INTL 20050513)
[    0.208762] ACPI: Dynamic OEM Table Load:
[    0.208856] ACPI: SSDT 0x00000000F526D000 00065A (v01 PmRef  Cpu0Cst  00000100 INTL 20050513)
[    0.217454] ACPI: Dynamic OEM Table Load:
[    0.217555] ACPI: SSDT 0x00000000F5815500 0000C8 (v01 PmRef  Cpu1Ist  00000100 INTL 20050513)
[    0.218499] ACPI: Dynamic OEM Table Load:
[    0.218591] ACPI: SSDT 0x00000000F5870000 000085 (v01 PmRef  Cpu1Cst  00000100 INTL 20050513)
[    0.220468] ACPI: Interpreter enabled
[    0.220649] ACPI: (supports S0 S3 S4 S5)
[    0.220731] ACPI: Using IOAPIC for interrupt routing
[    0.220950] PCI: Using host bridge windows from ACPI; if necessary, use "pci=nocrs" and report a bug
[    0.222023] ACPI: Enabled 4 GPEs in block 00 to 1F
[    0.245797] ACPI: Power Resource [PUBS] (on)
[    0.246979] acpi PNP0C0A:01: ACPI dock station (docks/bays count: 1)
[    0.254895] acpi LNXIOBAY:00: ACPI dock station (docks/bays count: 2)
[    0.269375] acpi IBM0079:00: ACPI dock station (docks/bays count: 3)
[    0.272005] ACPI: PCI Interrupt Link [LNKA] (IRQs 3 4 5 6 7 9 10 *11)
[    0.272698] ACPI: PCI Interrupt Link [LNKB] (IRQs 3 4 5 6 7 9 10 *11)
[    0.273563] ACPI: PCI Interrupt Link [LNKC] (IRQs 3 4 5 6 7 9 10 *11)
[    0.274428] ACPI: PCI Interrupt Link [LNKD] (IRQs 3 4 5 6 7 9 10 *11)
[    0.275294] ACPI: PCI Interrupt Link [LNKE] (IRQs 3 4 5 6 7 9 10 *11)
[    0.276170] ACPI: PCI Interrupt Link [LNKF] (IRQs 3 4 5 6 7 9 10 *11)
[    0.277035] ACPI: PCI Interrupt Link [LNKG] (IRQs 3 4 5 6 7 9 10 *11)
[    0.277899] ACPI: PCI Interrupt Link [LNKH] (IRQs 3 4 5 6 7 9 10 *11)
[    0.278464] ACPI: PCI Root Bridge [PCI0] (domain 0000 [bus 00-ff])
[    0.278565] acpi PNP0A08:00: _OSC: OS supports [ExtendedConfig ASPM ClockPM Segments]
[    0.279609] acpi PNP0A08:00: _OSC: not requesting OS control; OS requires [ExtendedConfig ASPM ClockPM MSI]
[    0.279744] acpi PNP0A08:00: [Firmware Info]: MMCONFIG for domain 0000 [bus 00-3f] only partially covers this bridge
[    0.280131] PCI host bridge to bus 0000:00
[    0.280212] pci_bus 0000:00: root bus resource [io  0x0000-0x0cf7 window]
[    0.280305] pci_bus 0000:00: root bus resource [io  0x0d00-0xffff window]
[    0.280398] pci_bus 0000:00: root bus resource [mem 0x000a0000-0x000bffff window]
[    0.280495] pci_bus 0000:00: root bus resource [mem 0x000d0000-0x000d3fff window]
[    0.280592] pci_bus 0000:00: root bus resource [mem 0x000d4000-0x000d7fff window]
[    0.280689] pci_bus 0000:00: root bus resource [mem 0x000d8000-0x000dbfff window]
[    0.280786] pci_bus 0000:00: root bus resource [mem 0xc0000000-0xfebfffff window]
[    0.280883] pci_bus 0000:00: root bus resource [mem 0xfed40000-0xfed40fff window]
[    0.280980] pci_bus 0000:00: root bus resource [bus 00-ff]
[    0.281100] pci 0000:00:00.0: [8086:27a0] type 00 class 0x060000
[    0.281560] pci 0000:00:02.0: [8086:27a2] type 00 class 0x030000
[    0.281583] pci 0000:00:02.0: reg 0x10: [mem 0xee100000-0xee17ffff]
[    0.281594] pci 0000:00:02.0: reg 0x14: [io  0x1800-0x1807]
[    0.281606] pci 0000:00:02.0: reg 0x18: [mem 0xd0000000-0xdfffffff pref]
[    0.281617] pci 0000:00:02.0: reg 0x1c: [mem 0xee200000-0xee23ffff]
[    0.282083] pci 0000:00:02.1: [8086:27a6] type 00 class 0x038000
[    0.282103] pci 0000:00:02.1: reg 0x10: [mem 0xee180000-0xee1fffff]
[    0.282606] pci 0000:00:1b.0: [8086:27d8] type 00 class 0x040300
[    0.282652] pci 0000:00:1b.0: reg 0x10: [mem 0xee240000-0xee243fff 64bit]
[    0.282815] pci 0000:00:1b.0: PME# supported from D0 D3hot D3cold
[    0.283293] pci 0000:00:1c.0: [8086:27d0] type 01 class 0x060400
[    0.283470] pci 0000:00:1c.0: PME# supported from D0 D3hot D3cold
[    0.284027] pci 0000:00:1c.1: [8086:27d2] type 01 class 0x060400
[    0.284122] pci 0000:00:1c.1: PME# supported from D0 D3hot D3cold
[    0.284556] pci 0000:00:1c.2: [8086:27d4] type 01 class 0x060400
[    0.284733] pci 0000:00:1c.2: PME# supported from D0 D3hot D3cold
[    0.285183] pci 0000:00:1c.3: [8086:27d6] type 01 class 0x060400
[    0.285360] pci 0000:00:1c.3: PME# supported from D0 D3hot D3cold
[    0.285813] pci 0000:00:1d.0: [8086:27c8] type 00 class 0x0c0300
[    0.285893] pci 0000:00:1d.0: reg 0x20: [io  0x1820-0x183f]
[    0.286352] pci 0000:00:1d.1: [8086:27c9] type 00 class 0x0c0300
[    0.286431] pci 0000:00:1d.1: reg 0x20: [io  0x1840-0x185f]
[    0.286888] pci 0000:00:1d.2: [8086:27ca] type 00 class 0x0c0300
[    0.286967] pci 0000:00:1d.2: reg 0x20: [io  0x1860-0x187f]
[    0.287421] pci 0000:00:1d.3: [8086:27cb] type 00 class 0x0c0300
[    0.287501] pci 0000:00:1d.3: reg 0x20: [io  0x1880-0x189f]
[    0.288007] pci 0000:00:1d.7: [8086:27cc] type 00 class 0x0c0320
[    0.288007] pci 0000:00:1d.7: reg 0x10: [mem 0xee444000-0xee4443ff]
[    0.288139] pci 0000:00:1d.7: PME# supported from D0 D3hot D3cold
[    0.288559] pci 0000:00:1e.0: [8086:2448] type 01 class 0x060401
[    0.289090] pci 0000:00:1f.0: [8086:27b9] type 00 class 0x060100
[    0.289250] pci 0000:00:1f.0: quirk: [io  0x1000-0x107f] claimed by ICH6 ACPI/GPIO/TCO
[    0.289355] pci 0000:00:1f.0: quirk: [io  0x1180-0x11bf] claimed by ICH6 GPIO
[    0.289453] pci 0000:00:1f.0: ICH7 LPC Generic IO decode 1 PIO at 1600 (mask 007f)
[    0.289552] pci 0000:00:1f.0: ICH7 LPC Generic IO decode 2 PIO at 15e0 (mask 000f)
[    0.289651] pci 0000:00:1f.0: ICH7 LPC Generic IO decode 3 PIO at 1680 (mask 001f)
[    0.290189] pci 0000:00:1f.1: [8086:27df] type 00 class 0x01018a
[    0.290219] pci 0000:00:1f.1: reg 0x10: [io  0x0000-0x0007]
[    0.290236] pci 0000:00:1f.1: reg 0x14: [io  0x0000-0x0003]
[    0.290252] pci 0000:00:1f.1: reg 0x18: [io  0x0000-0x0007]
[    0.290269] pci 0000:00:1f.1: reg 0x1c: [io  0x0000-0x0003]
[    0.290285] pci 0000:00:1f.1: reg 0x20: [io  0x1810-0x181f]
[    0.290320] pci 0000:00:1f.1: legacy IDE quirk: reg 0x10: [io  0x01f0-0x01f7]
[    0.290415] pci 0000:00:1f.1: legacy IDE quirk: reg 0x14: [io  0x03f6]
[    0.290506] pci 0000:00:1f.1: legacy IDE quirk: reg 0x18: [io  0x0170-0x0177]
[    0.290600] pci 0000:00:1f.1: legacy IDE quirk: reg 0x1c: [io  0x0376]
[    0.291102] pci 0000:00:1f.2: [8086:27c5] type 00 class 0x010601
[    0.291138] pci 0000:00:1f.2: reg 0x10: [io  0x18d0-0x18d7]
[    0.291155] pci 0000:00:1f.2: reg 0x14: [io  0x18c4-0x18c7]
[    0.291172] pci 0000:00:1f.2: reg 0x18: [io  0x18c8-0x18cf]
[    0.291188] pci 0000:00:1f.2: reg 0x1c: [io  0x18c0-0x18c3]
[    0.291205] pci 0000:00:1f.2: reg 0x20: [io  0x18b0-0x18bf]
[    0.291222] pci 0000:00:1f.2: reg 0x24: [mem 0xee444400-0xee4447ff]
[    0.291306] pci 0000:00:1f.2: PME# supported from D3hot
[    0.291723] pci 0000:00:1f.3: [8086:27da] type 00 class 0x0c0500
[    0.291822] pci 0000:00:1f.3: reg 0x20: [io  0x18e0-0x18ff]
[    0.292518] pci 0000:02:00.0: [8086:109a] type 00 class 0x020000
[    0.292584] pci 0000:02:00.0: reg 0x10: [mem 0xee000000-0xee01ffff]
[    0.292632] pci 0000:02:00.0: reg 0x18: [io  0x2000-0x201f]
[    0.292886] pci 0000:02:00.0: PME# supported from D0 D3hot D3cold
[    0.293261] pci 0000:00:1c.0: PCI bridge to [bus 02]
[    0.293348] pci 0000:00:1c.0:   bridge window [io  0x2000-0x2fff]
[    0.293356] pci 0000:00:1c.0:   bridge window [mem 0xee000000-0xee0fffff]
[    0.293620] pci 0000:03:00.0: [8086:4227] type 00 class 0x028000
[    0.293729] pci 0000:03:00.0: reg 0x10: [mem 0xedf00000-0xedf00fff]
[    0.294236] pci 0000:03:00.0: PME# supported from D0 D3hot D3cold
[    0.294649] pci 0000:00:1c.1: PCI bridge to [bus 03]
[    0.294736] pci 0000:00:1c.1:   bridge window [io  0x3000-0x4fff]
[    0.294744] pci 0000:00:1c.1:   bridge window [mem 0xec000000-0xedffffff]
[    0.294756] pci 0000:00:1c.1:   bridge window [mem 0xe4000000-0xe40fffff 64bit pref]
[    0.294906] pci 0000:00:1c.2: PCI bridge to [bus 04-0b]
[    0.294996] pci 0000:00:1c.2:   bridge window [io  0x5000-0x6fff]
[    0.295003] pci 0000:00:1c.2:   bridge window [mem 0xe8000000-0xe9ffffff]
[    0.295015] pci 0000:00:1c.2:   bridge window [mem 0xe4100000-0xe41fffff 64bit pref]
[    0.295169] pci 0000:00:1c.3: PCI bridge to [bus 0c-13]
[    0.295259] pci 0000:00:1c.3:   bridge window [io  0x7000-0x8fff]
[    0.295267] pci 0000:00:1c.3:   bridge window [mem 0xea000000-0xebffffff]
[    0.295278] pci 0000:00:1c.3:   bridge window [mem 0xe4200000-0xe42fffff 64bit pref]
[    0.295429] pci 0000:15:00.0: [1180:0476] type 02 class 0x060700
[    0.295469] pci 0000:15:00.0: reg 0x10: [mem 0xe4300000-0xe4300fff]
[    0.295541] pci 0000:15:00.0: supports D1 D2
[    0.295546] pci 0000:15:00.0: PME# supported from D0 D1 D2 D3hot D3cold
[    0.295800] pci 0000:15:00.1: [1180:0552] type 00 class 0x0c0010
[    0.295834] pci 0000:15:00.1: reg 0x10: [mem 0xe4301000-0xe43017ff]
[    0.295982] pci 0000:15:00.1: PME# supported from D0 D3hot D3cold
[    0.296198] pci 0000:15:00.2: [1180:0822] type 00 class 0x080500
[    0.296234] pci 0000:15:00.2: reg 0x10: [mem 0xe4301800-0xe43018ff]
[    0.296392] pci 0000:15:00.2: supports D1 D2
[    0.296397] pci 0000:15:00.2: PME# supported from D0 D1 D2 D3hot D3cold
[    0.296672] pci 0000:00:1e.0: PCI bridge to [bus 15-18] (subtractive decode)
[    0.296771] pci 0000:00:1e.0:   bridge window [io  0x9000-0xcfff]
[    0.296779] pci 0000:00:1e.0:   bridge window [mem 0xe4300000-0xe7ffffff]
[    0.296790] pci 0000:00:1e.0:   bridge window [mem 0xe0000000-0xe3ffffff 64bit pref]
[    0.296795] pci 0000:00:1e.0:   bridge window [io  0x0000-0x0cf7 window] (subtractive decode)
[    0.296800] pci 0000:00:1e.0:   bridge window [io  0x0d00-0xffff window] (subtractive decode)
[    0.296805] pci 0000:00:1e.0:   bridge window [mem 0x000a0000-0x000bffff window] (subtractive decode)
[    0.296810] pci 0000:00:1e.0:   bridge window [mem 0x000d0000-0x000d3fff window] (subtractive decode)
[    0.296815] pci 0000:00:1e.0:   bridge window [mem 0x000d4000-0x000d7fff window] (subtractive decode)
[    0.296820] pci 0000:00:1e.0:   bridge window [mem 0x000d8000-0x000dbfff window] (subtractive decode)
[    0.296825] pci 0000:00:1e.0:   bridge window [mem 0xc0000000-0xfebfffff window] (subtractive decode)
[    0.296829] pci 0000:00:1e.0:   bridge window [mem 0xfed40000-0xfed40fff window] (subtractive decode)
[    0.296975] pci_bus 0000:16: busn_res: [bus 16-18] end is updated to 17
[    0.297033] pci_bus 0000:00: on NUMA node 0
[    0.303592] ACPI: EC: interrupt unblocked
[    0.304005] ACPI: EC: event unblocked
[    0.304005] ACPI: \_SB_.PCI0.LPC_.EC__: GPE=0x1c, EC_CMD/EC_SC=0x66, EC_DATA=0x62
[    0.304005] ACPI: \_SB_.PCI0.LPC_.EC__: Used as boot DSDT EC to handle transactions and events
[    0.304671] pci 0000:00:02.0: vgaarb: setting as boot VGA device
[    0.304757] pci 0000:00:02.0: vgaarb: VGA device added: decodes=io+mem,owns=io+mem,locks=none
[    0.304894] pci 0000:00:02.0: vgaarb: bridge control possible
[    0.304977] vgaarb: loaded
[    0.305593] SCSI subsystem initialized
[    0.305932] libata version 3.00 loaded.
[    0.306128] ACPI: bus type USB registered
[    0.306335] usbcore: registered new interface driver usbfs
[    0.306490] usbcore: registered new interface driver hub
[    0.306641] usbcore: registered new device driver usb
[    0.306851] media: Linux media interface: v0.10
[    0.306978] Linux video capture interface: v2.00
[    0.307131] pps_core: LinuxPPS API ver. 1 registered
[    0.307212] pps_core: Software ver. 5.3.6 - Copyright 2005-2007 Rodolfo Giometti <giometti@linux.it>
[    0.307365] PTP clock support registered
[    0.308330] EDAC MC: Ver: 3.0.0
[    0.308737] Advanced Linux Sound Architecture Driver Initialized.
[    0.308737] PCI: Using ACPI for IRQ routing
[    0.312438] PCI: pci_cache_line_size set to 64 bytes
[    0.312770] e820: reserve RAM buffer [mem 0x0009f000-0x0009ffff]
[    0.312776] e820: reserve RAM buffer [mem 0xbf6d0000-0xbfffffff]
[    0.313409] Bluetooth: Core ver 2.22
[    0.313546] NET: Registered protocol family 31
[    0.313624] Bluetooth: HCI device and connection manager initialized
[    0.313723] Bluetooth: HCI socket layer initialized
[    0.313806] Bluetooth: L2CAP socket layer initialized
[    0.313924] Bluetooth: SCO socket layer initialized
[    0.314408] clocksource: Switched to clocksource tsc-early
[    0.314408] pnp: PnP ACPI init
[    0.315849] system 00:00: [mem 0x00000000-0x0009ffff] could not be reserved
[    0.315950] system 00:00: [mem 0x000c0000-0x000c3fff] could not be reserved
[    0.316047] system 00:00: [mem 0x000c4000-0x000c7fff] could not be reserved
[    0.316142] system 00:00: [mem 0x000c8000-0x000cbfff] has been reserved
[    0.316236] system 00:00: [mem 0x000cc000-0x000cffff] has been reserved
[    0.316332] system 00:00: [mem 0x000dc000-0x000dffff] could not be reserved
[    0.316429] system 00:00: [mem 0x000e0000-0x000e3fff] could not be reserved
[    0.316526] system 00:00: [mem 0x000e4000-0x000e7fff] could not be reserved
[    0.316623] system 00:00: [mem 0x000e8000-0x000ebfff] could not be reserved
[    0.316720] system 00:00: [mem 0x000ec000-0x000effff] could not be reserved
[    0.316817] system 00:00: [mem 0x000f0000-0x000fffff] could not be reserved
[    0.316915] system 00:00: [mem 0x00100000-0xbfffffff] could not be reserved
[    0.317012] system 00:00: [mem 0xfec00000-0xfed3ffff] could not be reserved
[    0.317109] system 00:00: [mem 0xfed41000-0xffffffff] could not be reserved
[    0.317262] system 00:00: Plug and Play ACPI device, IDs PNP0c01 (active)
[    0.317788] system 00:01: [io  0x164e-0x164f] has been reserved
[    0.317860] system 00:01: [io  0x1000-0x107f] has been reserved
[    0.317950] system 00:01: [io  0x1180-0x11bf] has been reserved
[    0.318041] system 00:01: [io  0x0800-0x080f] has been reserved
[    0.318131] system 00:01: [io  0x15e0-0x15ef] has been reserved
[    0.318223] system 00:01: [io  0x1600-0x165f] could not be reserved
[    0.318316] system 00:01: [mem 0xf0000000-0xf3ffffff] has been reserved
[    0.318411] system 00:01: [mem 0xfed1c000-0xfed1ffff] has been reserved
[    0.318505] system 00:01: [mem 0xfed14000-0xfed17fff] has been reserved
[    0.318599] system 00:01: [mem 0xfed18000-0xfed18fff] has been reserved
[    0.318693] system 00:01: [mem 0xfed19000-0xfed19fff] has been reserved
[    0.318821] system 00:01: Plug and Play ACPI device, IDs PNP0c02 (active)
[    0.319251] pnp 00:02: Plug and Play ACPI device, IDs PNP0b00 (active)
[    0.319558] pnp 00:03: Plug and Play ACPI device, IDs PNP0303 (active)
[    0.319701] pnp 00:04: Plug and Play ACPI device, IDs IBM3780 PNP0f13 (active)
[    0.320163] pnp 00:05: [dma 3]
[    0.320378] pnp 00:05: Plug and Play ACPI device, IDs IBM0071 PNP0511 (active)
[    0.320808] pnp 00:06: Plug and Play ACPI device, IDs ATM1200 PNP0c31 (active)
[    0.324371] pnp: PnP ACPI: found 7 devices
[    0.370845] clocksource: acpi_pm: mask: 0xffffff max_cycles: 0xffffff, max_idle_ns: 2085701024 ns
[    0.370993] pci 0000:00:1c.0: bridge window [mem 0x00100000-0x000fffff 64bit pref] to [bus 02] add_size 200000 add_align 100000
[    0.371078] pci 0000:00:1c.0: BAR 9: assigned [mem 0xc0000000-0xc01fffff 64bit pref]
[    0.371176] pci 0000:00:1c.0: PCI bridge to [bus 02]
[    0.371259] pci 0000:00:1c.0:   bridge window [io  0x2000-0x2fff]
[    0.371350] pci 0000:00:1c.0:   bridge window [mem 0xee000000-0xee0fffff]
[    0.371442] pci 0000:00:1c.0:   bridge window [mem 0xc0000000-0xc01fffff 64bit pref]
[    0.371544] pci 0000:00:1c.1: PCI bridge to [bus 03]
[    0.371625] pci 0000:00:1c.1:   bridge window [io  0x3000-0x4fff]
[    0.371716] pci 0000:00:1c.1:   bridge window [mem 0xec000000-0xedffffff]
[    0.371809] pci 0000:00:1c.1:   bridge window [mem 0xe4000000-0xe40fffff 64bit pref]
[    0.371910] pci 0000:00:1c.2: PCI bridge to [bus 04-0b]
[    0.371993] pci 0000:00:1c.2:   bridge window [io  0x5000-0x6fff]
[    0.372083] pci 0000:00:1c.2:   bridge window [mem 0xe8000000-0xe9ffffff]
[    0.372176] pci 0000:00:1c.2:   bridge window [mem 0xe4100000-0xe41fffff 64bit pref]
[    0.372277] pci 0000:00:1c.3: PCI bridge to [bus 0c-13]
[    0.372360] pci 0000:00:1c.3:   bridge window [io  0x7000-0x8fff]
[    0.372451] pci 0000:00:1c.3:   bridge window [mem 0xea000000-0xebffffff]
[    0.372543] pci 0000:00:1c.3:   bridge window [mem 0xe4200000-0xe42fffff 64bit pref]
[    0.372654] pci 0000:15:00.0: BAR 9: assigned [mem 0xe0000000-0xe3ffffff pref]
[    0.372750] pci 0000:15:00.0: BAR 10: assigned [mem 0xc4000000-0xc7ffffff]
[    0.372840] pci 0000:15:00.0: BAR 7: assigned [io  0x9000-0x90ff]
[    0.372927] pci 0000:15:00.0: BAR 8: assigned [io  0x9400-0x94ff]
[    0.373021] pci 0000:15:00.0: CardBus bridge to [bus 16-17]
[    0.373104] pci 0000:15:00.0:   bridge window [io  0x9000-0x90ff]
[    0.373193] pci 0000:15:00.0:   bridge window [io  0x9400-0x94ff]
[    0.373291] pci 0000:15:00.0:   bridge window [mem 0xe0000000-0xe3ffffff pref]
[    0.373385] pci 0000:15:00.0:   bridge window [mem 0xc4000000-0xc7ffffff]
[    0.373786] pci 0000:00:1e.0: PCI bridge to [bus 15-18]
[    0.373786] pci 0000:00:1e.0:   bridge window [io  0x9000-0xcfff]
[    0.373786] pci 0000:00:1e.0:   bridge window [mem 0xe4300000-0xe7ffffff]
[    0.373786] pci 0000:00:1e.0:   bridge window [mem 0xe0000000-0xe3ffffff 64bit pref]
[    0.373845] pci_bus 0000:00: resource 4 [io  0x0000-0x0cf7 window]
[    0.373850] pci_bus 0000:00: resource 5 [io  0x0d00-0xffff window]
[    0.373854] pci_bus 0000:00: resource 6 [mem 0x000a0000-0x000bffff window]
[    0.373858] pci_bus 0000:00: resource 7 [mem 0x000d0000-0x000d3fff window]
[    0.373862] pci_bus 0000:00: resource 8 [mem 0x000d4000-0x000d7fff window]
[    0.373866] pci_bus 0000:00: resource 9 [mem 0x000d8000-0x000dbfff window]
[    0.373871] pci_bus 0000:00: resource 10 [mem 0xc0000000-0xfebfffff window]
[    0.373875] pci_bus 0000:00: resource 11 [mem 0xfed40000-0xfed40fff window]
[    0.373879] pci_bus 0000:02: resource 0 [io  0x2000-0x2fff]
[    0.373883] pci_bus 0000:02: resource 1 [mem 0xee000000-0xee0fffff]
[    0.373887] pci_bus 0000:02: resource 2 [mem 0xc0000000-0xc01fffff 64bit pref]
[    0.373892] pci_bus 0000:03: resource 0 [io  0x3000-0x4fff]
[    0.373896] pci_bus 0000:03: resource 1 [mem 0xec000000-0xedffffff]
[    0.373900] pci_bus 0000:03: resource 2 [mem 0xe4000000-0xe40fffff 64bit pref]
[    0.373904] pci_bus 0000:04: resource 0 [io  0x5000-0x6fff]
[    0.373908] pci_bus 0000:04: resource 1 [mem 0xe8000000-0xe9ffffff]
[    0.373912] pci_bus 0000:04: resource 2 [mem 0xe4100000-0xe41fffff 64bit pref]
[    0.373917] pci_bus 0000:0c: resource 0 [io  0x7000-0x8fff]
[    0.373921] pci_bus 0000:0c: resource 1 [mem 0xea000000-0xebffffff]
[    0.373925] pci_bus 0000:0c: resource 2 [mem 0xe4200000-0xe42fffff 64bit pref]
[    0.373929] pci_bus 0000:15: resource 0 [io  0x9000-0xcfff]
[    0.373933] pci_bus 0000:15: resource 1 [mem 0xe4300000-0xe7ffffff]
[    0.373937] pci_bus 0000:15: resource 2 [mem 0xe0000000-0xe3ffffff 64bit pref]
[    0.373941] pci_bus 0000:15: resource 4 [io  0x0000-0x0cf7 window]
[    0.373946] pci_bus 0000:15: resource 5 [io  0x0d00-0xffff window]
[    0.373950] pci_bus 0000:15: resource 6 [mem 0x000a0000-0x000bffff window]
[    0.373954] pci_bus 0000:15: resource 7 [mem 0x000d0000-0x000d3fff window]
[    0.373958] pci_bus 0000:15: resource 8 [mem 0x000d4000-0x000d7fff window]
[    0.373962] pci_bus 0000:15: resource 9 [mem 0x000d8000-0x000dbfff window]
[    0.373966] pci_bus 0000:15: resource 10 [mem 0xc0000000-0xfebfffff window]
[    0.373970] pci_bus 0000:15: resource 11 [mem 0xfed40000-0xfed40fff window]
[    0.373975] pci_bus 0000:16: resource 0 [io  0x9000-0x90ff]
[    0.373979] pci_bus 0000:16: resource 1 [io  0x9400-0x94ff]
[    0.373983] pci_bus 0000:16: resource 2 [mem 0xe0000000-0xe3ffffff pref]
[    0.373987] pci_bus 0000:16: resource 3 [mem 0xc4000000-0xc7ffffff]
[    0.374445] NET: Registered protocol family 2
[    0.375359] tcp_listen_portaddr_hash hash table entries: 512 (order: 2, 20480 bytes)
[    0.375359] TCP established hash table entries: 8192 (order: 3, 32768 bytes)
[    0.375480] TCP bind hash table entries: 8192 (order: 6, 294912 bytes)
[    0.376064] TCP: Hash tables configured (established 8192 bind 8192)
[    0.376486] UDP hash table entries: 512 (order: 3, 40960 bytes)
[    0.376647] UDP-Lite hash table entries: 512 (order: 3, 40960 bytes)
[    0.376996] NET: Registered protocol family 1
[    0.378476] RPC: Registered named UNIX socket transport module.
[    0.378487] RPC: Registered udp transport module.
[    0.378567] RPC: Registered tcp transport module.
[    0.378648] RPC: Registered tcp NFSv4.1 backchannel transport module.
[    0.379536] pci 0000:00:02.0: Video device with shadowed ROM at [mem 0x000c0000-0x000dffff]
[    0.383482] PCI: CLS mismatch (64 != 32), using 64 bytes
[    0.386557] Initialise system trusted keyrings
[    0.386923] workingset: timestamp_bits=30 max_order=20 bucket_order=0
[    0.389830] Installing knfsd (copyright (C) 1996 okir@monad.swb.de).
[    0.390331] ntfs: driver 2.1.32 [Flags: R/W].
[    0.390640] fuse init (API version 7.27)
[    0.391172] pstore: using deflate compression
[    0.394495] Key type asymmetric registered
[    0.394583] Asymmetric key parser 'x509' registered
[    0.394802] bounce: pool size: 64 pages
[    0.394985] Block layer SCSI generic (bsg) driver version 0.4 loaded (major 249)
[    0.395092] io scheduler noop registered
[    0.395167] io scheduler deadline registered
[    0.395280] io scheduler cfq registered (default)
[    0.395358] io scheduler mq-deadline registered
[    0.395467] io scheduler bfq registered
[    0.398206] intel_idle: does not run on family 6 model 14
[    0.398699] ACPI: Deprecated procfs I/F for AC is loaded, please retry with CONFIG_ACPI_PROCFS_POWER cleared
[    0.398729] ACPI: AC Adapter [AC] (on-line)
[    0.399359] input: Lid Switch as /devices/LNXSYSTM:00/LNXSYBUS:00/PNP0C0D:00/input/input0
[    0.399731] ACPI: Lid Switch [LID]
[    0.400045] input: Sleep Button as /devices/LNXSYSTM:00/LNXSYBUS:00/PNP0C0E:00/input/input1
[    0.400202] ACPI: Sleep Button [SLPB]
[    0.400456] input: Power Button as /devices/LNXSYSTM:00/LNXPWRBN:00/input/input2
[    0.400705] ACPI: Power Button [PWRF]
[    0.401234] ACPI: Video Device [VID] (multi-head: yes  rom: no  post: no)
[    0.409153] acpi device:01: registered as cooling_device0
[    0.409648] input: Video Bus as /devices/LNXSYSTM:00/LNXSYBUS:00/PNP0A08:00/LNXVIDEO:00/input/input3
[    0.411490] ACPI Error: No pointer back to namespace node in package 1f932719 (20180313/dsargs-303)
[    0.411646] ACPI Error: Method parse/execution failed \_PR.CPU0._TSS, AE_AML_INTERNAL (20180313/psparse-516)
[    0.411828] ACPI Error: AE_AML_INTERNAL, Evaluating _TSS (20180313/processor_throttling-520)
[    0.414412] ACPI Error: No pointer back to namespace node in package 8bbeea6f (20180313/dsargs-303)
[    0.414568] ACPI Error: Method parse/execution failed \_PR.CPU0._TSS, AE_AML_INTERNAL (20180313/psparse-516)
[    0.414746] ACPI Error: Method parse/execution failed \_PR.CPU1._TSS, AE_AML_INTERNAL (20180313/psparse-516)
[    0.415033] ACPI Error: AE_AML_INTERNAL, Evaluating _TSS (20180313/processor_throttling-520)
[    0.420877] thermal LNXTHERM:00: registered as thermal_zone0
[    0.420968] ACPI: Thermal Zone [THM0] (76 C)
[    0.425004] thermal LNXTHERM:01: registered as thermal_zone1
[    0.425095] ACPI: Thermal Zone [THM1] (76 C)
[    0.425821] Serial: 8250/16550 driver, 4 ports, IRQ sharing disabled
[    0.427430] serial8250: ttyS1 at I/O 0x2f8 (irq = 3, base_baud = 921600) is a NS16550A
[    0.430429] lp: driver loaded but no devices found
[    0.431111] Non-volatile memory driver v1.3
[    0.431475] intel_rng: FWH not detected
[    0.431597] Linux agpgart interface v0.103
[    0.432503] [drm] radeon kernel modesetting enabled.
[    0.433646] pci 0000:00:00.0: Intel 945GM Chipset
[    0.433792] pci 0000:00:00.0: detected gtt size: 262144K total, 262144K mappable
[    0.434539] pci 0000:00:00.0: detected 8192K stolen memory
[    0.434809] [drm] Replacing VGA console driver
[    0.435976] Console: switching to colour dummy device 80x25
[    0.437707] [drm] Supports vblank timestamp caching Rev 2 (21.10.2013).
[    0.437707] [drm] Driver supports precise vblank timestamp query.
[    0.437707] resource sanity check: requesting [mem 0x000c0000-0x000dffff], which spans more than pnp 00:00 [mem 0x000c8000-0x000cbfff]
[    0.437709] caller pci_map_rom+0x58/0xf0 mapping multiple BARs
[    0.439791] i915 0000:00:02.0: vgaarb: changed VGA decodes: olddecodes=io+mem,decodes=io+mem:owns=io+mem
[    0.459433] ACPI: Deprecated procfs I/F for battery is loaded, please retry with CONFIG_ACPI_PROCFS_POWER cleared
[    0.459519] ACPI: Battery Slot [BAT0] (battery present)
[    0.487965] [drm] RC6 disabled, disabling runtime PM support
[    0.488111] [drm] initialized overlay support
[    0.489992] [drm] Initialized i915 1.6.0 20180308 for 0000:00:02.0 on minor 0
[    0.491084] usbcore: registered new interface driver udl
[    0.503760] loop: module loaded
[    0.507537] fbcon: inteldrmfb (fb0) is primary device
[    0.526780] ahci 0000:00:1f.2: version 3.0
[    0.527579] ahci 0000:00:1f.2: AHCI 0001.0100 32 slots 4 ports 1.5 Gbps 0x1 impl SATA mode
[    0.527585] ahci 0000:00:1f.2: flags: 64bit ncq pm led clo pio slum part 
[    0.530136] scsi host0: ahci
[    0.530700] scsi host1: ahci
[    0.531206] scsi host2: ahci
[    0.531664] scsi host3: ahci
[    0.531900] ata1: SATA max UDMA/133 abar m1024@0xee444400 port 0xee444500 irq 16
[    0.531900] ata2: DUMMY
[    0.531900] ata3: DUMMY
[    0.531900] ata4: DUMMY
[    0.531992] ata_piix 0000:00:1f.1: version 2.13
[    0.535433] scsi host4: ata_piix
[    0.536516] scsi host5: ata_piix
[    0.536688] ata5: PATA max UDMA/100 cmd 0x1f0 ctl 0x3f6 bmdma 0x1810 irq 14
[    0.536688] ata6: PATA max UDMA/100 cmd 0x170 ctl 0x376 bmdma 0x1818 irq 15
[    0.537422] tun: Universal TUN/TAP device driver, 1.6
[    0.538291] e1000: Intel(R) PRO/1000 Network Driver - version 7.3.21-k8-NAPI
[    0.538291] e1000: Copyright (c) 1999-2006 Intel Corporation.
[    0.538402] e1000e: Intel(R) PRO/1000 Network Driver - 3.2.6-k
[    0.538402] e1000e: Copyright(c) 1999 - 2015 Intel Corporation.
[    0.538512] e1000e 0000:02:00.0: Disabling ASPM  L1
[    0.538512] e1000e 0000:02:00.0: can't disable ASPM; OS doesn't have ASPM control
[    0.538950] e1000e 0000:02:00.0: Interrupt Throttling Rate (ints/sec) set to dynamic conservative mode
[    0.539446] ata6: port disabled--ignoring
[    0.634095] e1000e 0000:02:00.0 eth0: (PCI Express:2.5GT/s:Width x1) 00:16:d3:25:19:04
[    0.634099] e1000e 0000:02:00.0 eth0: Intel(R) PRO/1000 Network Connection
[    0.634182] e1000e 0000:02:00.0 eth0: MAC: 2, PHY: 2, PBA No: 005302-003
[    0.634422] PPP generic driver version 2.4.2
[    0.634658] PPP BSD Compression module registered
[    0.634660] PPP Deflate Compression module registered
[    0.634663] SLIP: version 0.8.4-NET3.019-NEWTTY (dynamic channels, max=256).
[    0.634665] CSLIP: code copyright 1989 Regents of the University of California.
[    0.634760] iwl3945: Intel(R) PRO/Wireless 3945ABG/BG Network Connection driver for Linux, in-tree:ds
[    0.634762] iwl3945: Copyright(c) 2003-2011 Intel Corporation
[    0.634763] iwl3945: hw_scan is disabled
[    0.634984] iwl3945 0000:03:00.0: can't disable ASPM; OS doesn't have ASPM control
[    0.689346] iwl3945 0000:03:00.0: Tunable channels: 11 802.11bg, 13 802.11a channels
[    0.689349] iwl3945 0000:03:00.0: Detected Intel Wireless WiFi Link 3945ABG
[    0.690251] ieee80211 phy0: Selected rate control algorithm 'iwl-3945-rs'
[    0.691170] Intel(R) Wireless WiFi driver for Linux
[    0.691171] Copyright(c) 2003- 2015 Intel Corporation
[    0.691395] usbcore: registered new interface driver ax88179_178a
[    0.691445] usbcore: registered new interface driver cdc_ether
[    0.691488] usbcore: registered new interface driver net1080
[    0.691540] usbcore: registered new interface driver cdc_subset
[    0.691582] usbcore: registered new interface driver zaurus
[    0.691645] usbcore: registered new interface driver cdc_ncm
[    0.691730] pci 0000:00:1e.0: enabling device (0005 -> 0007)
[    0.691982] yenta_cardbus 0000:15:00.0: CardBus bridge found [17aa:201c]
[    0.755463] ata1: SATA link up 1.5 Gbps (SStatus 113 SControl 300)
[    0.797204] ata1.00: ACPI cmd ef/02:00:00:00:00:a0 (SET FEATURES) succeeded
[    0.797209] ata1.00: ACPI cmd f5/00:00:00:00:00:a0 (SECURITY FREEZE LOCK) filtered out
[    0.797214] ata1.00: ACPI cmd ef/10:03:00:00:00:a0 (SET FEATURES) filtered out
[    0.841171] ata1.00: ATA-9: ST1000LM014-1EJ164, SM11, max UDMA/133
[    0.841174] ata1.00: 1953525168 sectors, multi 16: LBA48 NCQ (depth 31/32), AA
[    0.885908] ata1.00: ACPI cmd ef/02:00:00:00:00:a0 (SET FEATURES) succeeded
[    0.885913] ata1.00: ACPI cmd f5/00:00:00:00:00:a0 (SECURITY FREEZE LOCK) filtered out
[    0.885917] ata1.00: ACPI cmd ef/10:03:00:00:00:a0 (SET FEATURES) filtered out
[    0.923765] clocksource: timekeeping watchdog on CPU1: Marking clocksource 'tsc-early' as unstable because the skew is too large:
[    0.923768] clocksource:                       'hpet' wd_now: 10cb3df wd_last: 9b1b69 mask: ffffffff
[    0.923771] clocksource:                       'tsc-early' cs_now: 6db761df0 cs_last: 6aeac1193 mask: ffffffffffffffff
[    0.923947] clocksource: Switched to clocksource hpet
[    0.929967] ata1.00: configured for UDMA/133
[    1.102645] Console: switching to colour frame buffer device 102x42
[    1.246323] i915 0000:00:02.0: fb0: inteldrmfb frame buffer device
[    1.249674] scsi 0:0:0:0: Direct-Access     ATA      ST1000LM014-1EJ1 SM11 PQ: 0 ANSI: 5
[    1.253614] sd 0:0:0:0: [sda] 1953525168 512-byte logical blocks: (1.00 TB/932 GiB)
[    1.253642] sd 0:0:0:0: Attached scsi generic sg0 type 0
[    1.256454] sd 0:0:0:0: [sda] 4096-byte physical blocks
[    1.256520] sd 0:0:0:0: [sda] Write Protect is off
[    1.264609] sd 0:0:0:0: [sda] Mode Sense: 00 3a 00 00
[    1.264760] sd 0:0:0:0: [sda] Write cache: enabled, read cache: enabled, doesn't support DPO or FUA
[    1.269229]  sda: sda1 sda2 sda3 sda4
[    1.273888] sd 0:0:0:0: [sda] Attached SCSI disk
[    1.412887] yenta_cardbus 0000:15:00.0: ISA IRQ mask 0x0cb8, PCI irq 16
[    1.415579] yenta_cardbus 0000:15:00.0: Socket status: 30000006
[    1.418286] yenta_cardbus 0000:15:00.0: pcmcia: parent PCI bridge window: [io  0x9000-0xcfff]
[    1.421012] yenta_cardbus 0000:15:00.0: pcmcia: parent PCI bridge window: [mem 0xe4300000-0xe7ffffff]
[    1.423713] pcmcia_socket pcmcia_socket0: cs: memory probe 0xe4300000-0xe7ffffff:
[    1.426450]  excluding 0xe4300000-0xe46cffff
[    1.429273] yenta_cardbus 0000:15:00.0: pcmcia: parent PCI bridge window: [mem 0xe0000000-0xe3ffffff 64bit pref]
[    1.432253] pcmcia_socket pcmcia_socket0: cs: memory probe 0xe0000000-0xe3ffffff:
[    1.435328]  excluding 0xe0000000-0xe3ffffff
[    1.439437] ehci_hcd: USB 2.0 'Enhanced' Host Controller (EHCI) Driver
[    1.442587] ehci-pci: EHCI PCI platform driver
[    1.446246] ehci-pci 0000:00:1d.7: EHCI Host Controller
[    1.449674] ehci-pci 0000:00:1d.7: new USB bus registered, assigned bus number 1
[    1.452890] ehci-pci 0000:00:1d.7: debug port 1
[    1.459942] ehci-pci 0000:00:1d.7: cache line size of 64 is not supported
[    1.459995] ehci-pci 0000:00:1d.7: irq 19, io mem 0xee444000
[    1.476130] ehci-pci 0000:00:1d.7: USB 2.0 started, EHCI 1.00
[    1.479675] usb usb1: New USB device found, idVendor=1d6b, idProduct=0002, bcdDevice= 4.16
[    1.482826] usb usb1: New USB device strings: Mfr=3, Product=2, SerialNumber=1
[    1.485922] usb usb1: Product: EHCI Host Controller
[    1.488979] usb usb1: Manufacturer: Linux 4.16.0-rc7-next-20180329+ ehci_hcd
[    1.491990] usb usb1: SerialNumber: 0000:00:1d.7
[    1.495641] hub 1-0:1.0: USB hub found
[    1.498611] hub 1-0:1.0: 8 ports detected
[    1.503440] ohci_hcd: USB 1.1 'Open' Host Controller (OHCI) Driver
[    1.506199] ohci-pci: OHCI PCI platform driver
[    1.508997] uhci_hcd: USB Universal Host Controller Interface driver
[    1.512351] uhci_hcd 0000:00:1d.0: UHCI Host Controller
[    1.515369] uhci_hcd 0000:00:1d.0: new USB bus registered, assigned bus number 2
[    1.518205] uhci_hcd 0000:00:1d.0: detected 2 ports
[    1.520956] uhci_hcd 0000:00:1d.0: irq 16, io base 0x00001820
[    1.524129] usb usb2: New USB device found, idVendor=1d6b, idProduct=0001, bcdDevice= 4.16
[    1.526883] usb usb2: New USB device strings: Mfr=3, Product=2, SerialNumber=1
[    1.529657] usb usb2: Product: UHCI Host Controller
[    1.532423] usb usb2: Manufacturer: Linux 4.16.0-rc7-next-20180329+ uhci_hcd
[    1.535180] usb usb2: SerialNumber: 0000:00:1d.0
[    1.538472] hub 2-0:1.0: USB hub found
[    1.541233] hub 2-0:1.0: 2 ports detected
[    1.545039] uhci_hcd 0000:00:1d.1: UHCI Host Controller
[    1.547912] uhci_hcd 0000:00:1d.1: new USB bus registered, assigned bus number 3
[    1.550612] uhci_hcd 0000:00:1d.1: detected 2 ports
[    1.553282] uhci_hcd 0000:00:1d.1: irq 17, io base 0x00001840
[    1.556350] usb usb3: New USB device found, idVendor=1d6b, idProduct=0001, bcdDevice= 4.16
[    1.558989] usb usb3: New USB device strings: Mfr=3, Product=2, SerialNumber=1
[    1.561582] usb usb3: Product: UHCI Host Controller
[    1.564032] usb usb3: Manufacturer: Linux 4.16.0-rc7-next-20180329+ uhci_hcd
[    1.566482] usb usb3: SerialNumber: 0000:00:1d.1
[    1.569536] hub 3-0:1.0: USB hub found
[    1.571986] hub 3-0:1.0: 2 ports detected
[    1.575606] uhci_hcd 0000:00:1d.2: UHCI Host Controller
[    1.578237] uhci_hcd 0000:00:1d.2: new USB bus registered, assigned bus number 4
[    1.580673] uhci_hcd 0000:00:1d.2: detected 2 ports
[    1.583096] uhci_hcd 0000:00:1d.2: irq 18, io base 0x00001860
[    1.585940] usb usb4: New USB device found, idVendor=1d6b, idProduct=0001, bcdDevice= 4.16
[    1.588427] usb usb4: New USB device strings: Mfr=3, Product=2, SerialNumber=1
[    1.590837] usb usb4: Product: UHCI Host Controller
[    1.593212] usb usb4: Manufacturer: Linux 4.16.0-rc7-next-20180329+ uhci_hcd
[    1.595617] usb usb4: SerialNumber: 0000:00:1d.2
[    1.598636] hub 4-0:1.0: USB hub found
[    1.601103] hub 4-0:1.0: 2 ports detected
[    1.604666] uhci_hcd 0000:00:1d.3: UHCI Host Controller
[    1.607269] uhci_hcd 0000:00:1d.3: new USB bus registered, assigned bus number 5
[    1.609703] uhci_hcd 0000:00:1d.3: detected 2 ports
[    1.612104] uhci_hcd 0000:00:1d.3: irq 19, io base 0x00001880
[    1.614861] usb usb5: New USB device found, idVendor=1d6b, idProduct=0001, bcdDevice= 4.16
[    1.617303] usb usb5: New USB device strings: Mfr=3, Product=2, SerialNumber=1
[    1.619697] usb usb5: Product: UHCI Host Controller
[    1.622095] usb usb5: Manufacturer: Linux 4.16.0-rc7-next-20180329+ uhci_hcd
[    1.624503] usb usb5: SerialNumber: 0000:00:1d.3
[    1.627466] hub 5-0:1.0: USB hub found
[    1.629910] hub 5-0:1.0: 2 ports detected
[    1.633201] usbcore: registered new interface driver cdc_acm
[    1.635452] cdc_acm: USB Abstract Control Model driver for USB modems and ISDN adapters
[    1.637935] usbcore: registered new interface driver usblp
[    1.640402] usbcore: registered new interface driver usb-storage
[    1.642780] usbcore: registered new interface driver ums-sddr09
[    1.645228] usbcore: registered new interface driver usbserial_generic
[    1.647560] usbserial: USB Serial support registered for generic
[    1.649922] usbcore: registered new interface driver ch341
[    1.652220] usbserial: USB Serial support registered for ch341-uart
[    1.654538] usbcore: registered new interface driver ftdi_sio
[    1.656837] usbserial: USB Serial support registered for FTDI USB Serial Device
[    1.659239] usbcore: registered new interface driver option
[    1.661575] usbserial: USB Serial support registered for GSM modem (1-port)
[    1.664070] usbcore: registered new interface driver pl2303
[    1.666475] usbserial: USB Serial support registered for pl2303
[    1.668939] usbcore: registered new interface driver ti_usb_3410_5052
[    1.671377] usbserial: USB Serial support registered for TI USB 3410 1 port adapter
[    1.673895] usbserial: USB Serial support registered for TI USB 5052 2 port adapter
[    1.676345] ftdi_elan: driver ftdi-elan
[    1.678744] usbcore: registered new interface driver ftdi-elan
[    1.681341] i8042: PNP: PS/2 Controller [PNP0303:KBD,PNP0f13:MOU] at 0x60,0x64 irq 1,12
[    1.697301] serio: i8042 KBD port at 0x60,0x64 irq 1
[    1.699766] serio: i8042 AUX port at 0x60,0x64 irq 12
[    1.703023] mousedev: PS/2 mouse device common for all mice
[    1.706588] input: PC Speaker as /devices/platform/pcspkr/input/input4
[    1.709751] rtc_cmos 00:02: RTC can wake from S4
[    1.712713] rtc_cmos 00:02: registered as rtc0
[    1.715261] rtc_cmos 00:02: alarms up to one month, y3k, 114 bytes nvram, hpet irqs
[    1.717954] usbcore: registered new interface driver uvcvideo
[    1.720468] USB Video Class driver (1.1.1)
[    1.723189] gspca_main: v2.14.0 registered
[    1.725660] usbcore: registered new interface driver sq930x
[    1.729140] device-mapper: ioctl: 4.38.0-ioctl (2018-02-28) initialised: dm-devel@redhat.com
[    1.731651] Bluetooth: HCI UART driver ver 2.3
[    1.734149] Bluetooth: HCI UART protocol H4 registered
[    1.736654] Bluetooth: HCI UART protocol BCSP registered
[    1.739238] usbcore: registered new interface driver btusb
[    1.741853] sdhci: Secure Digital Host Controller Interface driver
[    1.744327] sdhci: Copyright(c) Pierre Ossman
[    1.746776] sdhci-pci 0000:15:00.2: SDHCI controller found [1180:0822] (rev 18)
[    1.749654] sdhci-pci 0000:15:00.2: Will use DMA mode even though HW doesn't fully claim to support it.
[    1.752805] mmc0 bounce up to 128 segments into one, max segment size 65536 bytes
[    1.755521] sdhci-pci 0000:15:00.2: Will use DMA mode even though HW doesn't fully claim to support it.
[    1.758803] mmc0: SDHCI controller on PCI [0000:15:00.2] using DMA
[    1.761815] hidraw: raw HID events driver (C) Jiri Kosina
[    1.765924] usbcore: registered new interface driver usbhid
[    1.768716] usbhid: USB HID core driver
[    1.772208] thinkpad_acpi: ThinkPad ACPI Extras v0.26
[    1.774909] thinkpad_acpi: http://ibm-acpi.sf.net/
[    1.777590] thinkpad_acpi: ThinkPad BIOS 7BETD8WW (2.19 ), EC 7BHT40WW-1.13
[    1.780261] thinkpad_acpi: Lenovo ThinkPad X60, model 17097HU
[    1.780498] input: AT Translated Set 2 keyboard as /devices/platform/i8042/serio0/input/input5
[    1.789975] thinkpad_acpi: ACPI backlight control delay disabled
[    1.793140] thinkpad_acpi: radio switch found; radios are enabled
[    1.795929] thinkpad_acpi: This ThinkPad has standard ACPI backlight brightness control, supported by the ACPI video driver
[    1.801581] thinkpad_acpi: Disabling thinkpad-acpi brightness events by default...
[    1.815892] thinkpad_acpi: rfkill switch tpacpi_bluetooth_sw: radio is unblocked
[    1.821572] thinkpad_acpi: warning: userspace override of important firmware LEDs is enabled
[    1.829977] thinkpad_acpi: Standard ACPI backlight interface available, not loading native one
[    1.833227] thinkpad_acpi: volume: disabled as there is no ALSA support in this kernel
[    1.836788] thinkpad_acpi: battery 1 registered (start 0, stop 0)
[    1.836799] battery: new extension: ThinkPad Battery Extension
[    1.842981] input: ThinkPad Extra Buttons as /devices/platform/thinkpad_acpi/input/input6
[    1.850028] snd_hda_intel 0000:00:1b.0: probe_mask set to 0x1 for device 17aa:2010
[    1.853341] usbcore: registered new interface driver snd-usb-audio
[    1.858118] NET: Registered protocol family 17
[    1.861308] Bluetooth: RFCOMM TTY layer initialized
[    1.864706] Bluetooth: RFCOMM socket layer initialized
[    1.867680] Bluetooth: RFCOMM ver 1.11
[    1.870567] Bluetooth: BNEP (Ethernet Emulation) ver 1.3
[    1.873489] Bluetooth: BNEP filters: protocol multicast
[    1.876418] Bluetooth: BNEP socket layer initialized
[    1.879307] Bluetooth: HIDP (Human Interface Emulation) ver 1.2
[    1.881076] snd_hda_codec_analog hdaudioC0D0: autoconfig for AD1981: line_outs=1 (0x5/0x0/0x0/0x0/0x0) type:speaker
[    1.882218] Bluetooth: HIDP socket layer initialized
[    1.888263] snd_hda_codec_analog hdaudioC0D0:    speaker_outs=0 (0x0/0x0/0x0/0x0/0x0)
[    1.891555] microcode: sig=0x6e8, pf=0x20, revision=0x39
[    1.894251] snd_hda_codec_analog hdaudioC0D0:    hp_outs=0 (0x0/0x0/0x0/0x0/0x0)
[    1.900175] snd_hda_codec_analog hdaudioC0D0:    mono: mono_out=0x0
[    1.900719] microcode: Microcode Update Driver: v2.2.
[    1.903080] Using IPI No-Shortcut mode
[    1.903156] snd_hda_codec_analog hdaudioC0D0:    inputs:
[    1.907124] Loading compiled-in X.509 certificates
[    1.908843] snd_hda_codec_analog hdaudioC0D0:      Mic=0x8
[    1.913164] Key type encrypted registered
[    1.914612] snd_hda_codec_analog hdaudioC0D0:      CD=0x19
[    1.918697] rtc_cmos 00:02: setting system clock to 2018-04-02 18:56:25 UTC (1522695385)
[    1.928795] sdhci-pci 0000:15:00.2: Will use DMA mode even though HW doesn't fully claim to support it.
[    1.933332] cfg80211: Loading compiled-in X.509 certificates for regulatory database
[    1.938848] cfg80211: Loaded X.509 cert 'sforshee: 00b28ddf47aef9cea7'
[    1.942172] platform regulatory.0: Direct firmware load for regulatory.db failed with error -2
[    1.942318] PM: Image not found (code -22)
[    1.945124] cfg80211: failed to load regulatory.db
[    1.948032] ALSA device list:
[    1.950818]   #0: HDA Intel at 0xee240000 irq 17
[    1.986032] sdhci-pci 0000:15:00.2: Will use DMA mode even though HW doesn't fully claim to support it.
[    2.056630] sdhci-pci 0000:15:00.2: Will use DMA mode even though HW doesn't fully claim to support it.
[    2.128991] sdhci-pci 0000:15:00.2: Will use DMA mode even though HW doesn't fully claim to support it.
[    2.136080] usb 5-1: new full-speed USB device number 2 using uhci_hcd
[    2.325578] usb 5-1: New USB device found, idVendor=0a5c, idProduct=2110, bcdDevice= 1.00
[    2.330513] usb 5-1: New USB device strings: Mfr=1, Product=2, SerialNumber=0
[    2.335327] usb 5-1: Product: BCM2045B
[    2.340054] usb 5-1: Manufacturer: Broadcom Corp
[    2.452937] psmouse serio1: trackpoint: IBM TrackPoint firmware: 0x0e, buttons: 3/3
[    2.476809] input: TPPS/2 IBM TrackPoint as /devices/platform/i8042/serio1/input/input8
[    2.485405] md: Waiting for all devices to be available before autodetect
[    2.489232] md: If you don't use raid, use raid=noautodetect
[    2.494006] md: Autodetecting RAID arrays.
[    2.496943] md: autorun ...
[    2.499774] md: ... autorun DONE.
[    2.514040] EXT4-fs (sda4): mounted filesystem with ordered data mode. Opts: (null)
[    2.516900] VFS: Mounted root (ext4 filesystem) readonly on device 8:4.
[    2.521258] devtmpfs: mounted
[    2.525552] Freeing unused kernel memory: 592K
[    2.528489] Write protecting the kernel text: 12036k
[    2.531215] Write protecting the kernel read-only data: 4756k
[    2.533873] NX-protecting the kernel data: 6396k
[    2.536980] x86/mm: Checked W+X mappings: passed, no W+X pages found.
[    2.539660] rodata_test: all tests were successful
[    2.882460] systemd[1]: systemd 215 running in system mode. (+PAM +AUDIT +SELINUX +IMA +SYSVINIT +LIBCRYPTSETUP +GCRYPT +ACL +XZ -SECCOMP -APPARMOR)
[    2.908365] systemd[1]: Detected architecture 'x86'.
[    2.990892] systemd[1]: Failed to insert module 'ipv6'
[    3.006999] systemd[1]: Set hostname to <amd>.
[    3.176088] usb 5-2: new full-speed USB device number 3 using uhci_hcd
[    3.378572] usb 5-2: New USB device found, idVendor=0483, idProduct=2016, bcdDevice= 0.01
[    3.382184] usb 5-2: New USB device strings: Mfr=1, Product=2, SerialNumber=0
[    3.386947] usb 5-2: Product: Biometric Coprocessor
[    3.391563] usb 5-2: Manufacturer: STMicroelectronics
[    3.910165] systemd[1]: Binding to IPv6 address not available since kernel does not support IPv6.
[    3.913849] systemd[1]: [/lib/systemd/system/gpsd.socket:6] Failed to parse address value, ignoring: [::1]:2947
[    3.949457] systemd[1]: Starting Forward Password Requests to Wall Directory Watch.
[    3.953931] systemd[1]: Started Forward Password Requests to Wall Directory Watch.
[    3.957651] systemd[1]: Starting Remote File Systems (Pre).
[    3.967252] systemd[1]: Reached target Remote File Systems (Pre).
[    4.655804] systemd-udevd[2306]: starting version 215
[    5.133234] random: crng init done
[    5.877529] EXT4-fs (sda4): re-mounted. Opts: errors=remount-ro
[    6.467570] e1000e 0000:02:00.0 eth1: renamed from eth0
[    6.484517] systemd-udevd[2361]: renamed network interface eth0 to eth1
[    7.744831] Adding 2097148k swap on /dev/sda1.  Priority:-2 extents:1 across:2097148k 
[  141.382777] EXT4-fs (sda2): mounted filesystem with ordered data mode. Opts: errors=remount-ro
[  141.531370] systemd-journald[1829]: Received request to flush runtime journal from PID 1
[  145.619584] NFSD: Using /var/lib/nfs/v4recovery as the NFSv4 state recovery directory
[  145.622260] NFSD: starting 90-second grace period (net f0000098)
[  148.882186] iwl3945 0000:03:00.0: loaded firmware version 15.32.2.9
[  150.746639] e1000e: eth1 NIC Link is Up 100 Mbps Full Duplex, Flow Control: None
[  150.746823] e1000e 0000:02:00.0 eth1: 10/100 speed: disabling TSO
[  152.910910] wlan0: authenticate with 00:00:00:00:00:01
[  152.913469] wlan0: send auth to 00:00:00:00:00:01 (try 1/3)
[  152.915361] wlan0: authenticated
[  152.916333] wlan0: associate with 00:00:00:00:00:01 (try 1/3)
[  152.919116] wlan0: RX AssocResp from 00:00:00:00:00:01 (capab=0x401 status=0 aid=6)
[  152.921180] wlan0: associated
[  593.555842] snd_hda_intel 0000:00:1b.0: IRQ timing workaround is activated for card #0. Suggest a bigger bdl_pos_adj.
