[    0.000000] Booting Linux on physical CPU 0x0
[    0.000000] Linux version 4.16.0-rc1-00001-gee33355 (pavel@duo) (gcc version 4.7.2 (GCC)) #81 Wed Apr 4 22:26:32 CEST 2018
[    0.000000] CPU: ARMv7 Processor [411fc083] revision 3 (ARMv7), cr=10c5387d
[    0.000000] CPU: PIPT / VIPT nonaliasing data cache, VIPT nonaliasing instruction cache
[    0.000000] OF: fdt: Machine model: Nokia N900
[    0.000000] Memory policy: Data cache writeback
[    0.000000] cma: Reserved 16 MiB at 0x8e800000
[    0.000000] On node 0 totalpages: 65280
[    0.000000]   Normal zone: 510 pages used for memmap
[    0.000000]   Normal zone: 0 pages reserved
[    0.000000]   Normal zone: 65280 pages, LIFO batch:15
[    0.000000] CPU: All CPU(s) started in SVC mode.
[    0.000000] OMAP3430/3530 ES3.1 (l2cache iva sgx neon isp)
[    0.000000] random: fast init done
[    0.000000] pcpu-alloc: s0 r0 d32768 u32768 alloc=1*32768
[    0.000000] pcpu-alloc: [0] 0 
[    0.000000] Built 1 zonelists, mobility grouping on.  Total pages: 64770
[    0.000000] Kernel command line: root=/dev/mmcblk0p4 console=ttyO2,115200 console=tty1 rootwait no-omap-wd no-ext-wd
[    0.000000] Dentry cache hash table entries: 32768 (order: 5, 131072 bytes)
[    0.000000] Inode-cache hash table entries: 16384 (order: 4, 65536 bytes)
[    0.000000] Memory: 230260K/261120K available (7168K kernel code, 332K rwdata, 2192K rodata, 1024K init, 258K bss, 14476K reserved, 16384K cma-reserved, 0K highmem)
[    0.000000] Virtual kernel memory layout:
[    0.000000]     vector  : 0xffff0000 - 0xffff1000   (   4 kB)
[    0.000000]     fixmap  : 0xffc00000 - 0xfff00000   (3072 kB)
[    0.000000]     vmalloc : 0xd0000000 - 0xff800000   ( 760 MB)
[    0.000000]     lowmem  : 0xc0000000 - 0xcff00000   ( 255 MB)
[    0.000000]     pkmap   : 0xbfe00000 - 0xc0000000   (   2 MB)
[    0.000000]     modules : 0xbf000000 - 0xbfe00000   (  14 MB)
[    0.000000]       .text : 0x(ptrval) - 0x(ptrval)   (8160 kB)
[    0.000000]       .init : 0x(ptrval) - 0x(ptrval)   (1024 kB)
[    0.000000]       .data : 0x(ptrval) - 0x(ptrval)   ( 333 kB)
[    0.000000]        .bss : 0x(ptrval) - 0x(ptrval)   ( 259 kB)
[    0.000000] NR_IRQS: 16, nr_irqs: 16, preallocated irqs: 16
[    0.000000] IRQ: Found an INTC at 0x(ptrval) (revision 4.0) with 96 interrupts
[    0.000000] Clocking rate (Crystal/Core/MPU): 19.2/332/500 MHz
[    0.000000] OMAP clockevent source: timer1 at 32768 Hz
[    0.000000] clocksource: 32k_counter: mask: 0xffffffff max_cycles: 0xffffffff, max_idle_ns: 58327039986419 ns
[    0.000000] sched_clock: 32 bits at 32kHz, resolution 30517ns, wraps every 65535999984741ns
[    0.000030] OMAP clocksource: 32k_counter at 32768 Hz
[    0.000946] Console: colour dummy device 80x30
[    0.001556] console [tty1] enabled
[    0.001617] Calibrating delay loop... 496.43 BogoMIPS (lpj=2482176)
[    0.047851] pid_max: default: 32768 minimum: 301
[    0.048095] Security Framework initialized
[    0.048217] Mount-cache hash table entries: 1024 (order: 0, 4096 bytes)
[    0.048278] Mountpoint-cache hash table entries: 1024 (order: 0, 4096 bytes)
[    0.049377] CPU: Testing write buffer coherency: ok
[    0.050506] Setting up static identity map for 0x80100000 - 0x80100078
[    0.054046] devtmpfs: initialized
[    0.077545] VFP support v0.3: implementor 41 architecture 3 part 30 variant c rev 1
[    0.078124] clocksource: jiffies: mask: 0xffffffff max_cycles: 0xffffffff, max_idle_ns: 19112604462750000 ns
[    0.078186] futex hash table entries: 256 (order: 0, 7168 bytes)
[    0.079772] pinctrl core: initialized pinctrl subsystem
[    0.081634] NET: Registered protocol family 16
[    0.085754] DMA: preallocated 256 KiB pool for atomic coherent allocations
[    0.109863] omap_hwmod: mcbsp2_sidetone using broken dt data from mcbsp
[    0.110656] omap_hwmod: mcbsp3_sidetone using broken dt data from mcbsp
[    0.158050] cpuidle: using governor menu
[    0.158599] Reprogramming SDRC clock to 332000000 Hz
[    0.165405] gpio gpiochip0: (gpio-0-31): added GPIO chardev (254:0)
[    0.165527] gpiochip_setup_dev: registered GPIOs 0 to 31 on device: gpiochip0 (gpio-0-31)
[    0.165588] OMAP GPIO hardware version 2.5
[    0.166870] gpio gpiochip1: (gpio-32-63): added GPIO chardev (254:1)
[    0.167022] gpiochip_setup_dev: registered GPIOs 32 to 63 on device: gpiochip1 (gpio-32-63)
[    0.168365] gpio gpiochip2: (gpio-64-95): added GPIO chardev (254:2)
[    0.168487] gpiochip_setup_dev: registered GPIOs 64 to 95 on device: gpiochip2 (gpio-64-95)
[    0.169677] gpio gpiochip3: (gpio-96-127): added GPIO chardev (254:3)
[    0.169830] gpiochip_setup_dev: registered GPIOs 96 to 127 on device: gpiochip3 (gpio-96-127)
[    0.170989] gpio gpiochip4: (gpio-128-159): added GPIO chardev (254:4)
[    0.171112] gpiochip_setup_dev: registered GPIOs 128 to 159 on device: gpiochip4 (gpio-128-159)
[    0.172271] gpio gpiochip5: (gpio-160-191): added GPIO chardev (254:5)
[    0.172424] gpiochip_setup_dev: registered GPIOs 160 to 191 on device: gpiochip5 (gpio-160-191)
[    0.186340] omap-gpmc 6e000000.gpmc: could not find pctldev for node /ocp@68000000/l4@48000000/scm@2000/pinmux@30/pinmux_gpmc_pins, deferring probe
[    0.191406] RX-51: Enabling ARM errata 430973 workaround
[    0.193237] RX-51: Registering OMAP3 HWRNG device
[    0.198455] Reserving DMA channels 0 and 1 for HS ROM code
[    0.198516] OMAP DMA hardware revision 4.0
[    0.226043] omap-dma-engine 48056000.dma-controller: OMAP DMA engine driver
[    0.232421] omap-iommu 480bd400.mmu: 480bd400.mmu registered
[    0.233062] iommu: Adding device 480bc000.isp to group 0
[    0.233856] SCSI subsystem initialized
[    0.234283] usbcore: registered new interface driver usbfs
[    0.234436] usbcore: registered new interface driver hub
[    0.234558] usbcore: registered new device driver usb
[    0.235168] omap_i2c 48070000.i2c: could not find pctldev for node /ocp@68000000/l4@48000000/scm@2000/pinmux@30/pinmux_i2c1_pins, deferring probe
[    0.235290] omap_i2c 48072000.i2c: could not find pctldev for node /ocp@68000000/l4@48000000/scm@2000/pinmux@30/pinmux_i2c2_pins, deferring probe
[    0.235382] omap_i2c 48060000.i2c: could not find pctldev for node /ocp@68000000/l4@48000000/scm@2000/pinmux@30/pinmux_i2c3_pins, deferring probe
[    0.235717] media: Linux media interface: v0.10
[    0.235809] Linux video capture interface: v2.00
[    0.235931] pps_core: LinuxPPS API ver. 1 registered
[    0.235961] pps_core: Software ver. 5.3.6 - Copyright 2005-2007 Rodolfo Giometti <giometti@linux.it>
[    0.236053] PTP clock support registered
[    0.236511] Advanced Linux Sound Architecture Driver Initialized.
[    0.237915] clocksource: Switched to clocksource 32k_counter
[    0.252227] NET: Registered protocol family 2
[    0.253295] tcp_listen_portaddr_hash hash table entries: 256 (order: 0, 6144 bytes)
[    0.253387] TCP established hash table entries: 2048 (order: 1, 8192 bytes)
[    0.253479] TCP bind hash table entries: 2048 (order: 3, 40960 bytes)
[    0.253631] TCP: Hash tables configured (established 2048 bind 2048)
[    0.253845] UDP hash table entries: 256 (order: 1, 12288 bytes)
[    0.253906] UDP-Lite hash table entries: 256 (order: 1, 12288 bytes)
[    0.254211] NET: Registered protocol family 1
[    0.255096] RPC: Registered named UNIX socket transport module.
[    0.255157] RPC: Registered udp transport module.
[    0.255187] RPC: Registered tcp transport module.
[    0.255187] RPC: Registered tcp NFSv4.1 backchannel transport module.
[    0.260131] Initialise system trusted keyrings
[    0.260650] workingset: timestamp_bits=30 max_order=16 bucket_order=0
[    0.261779] NFS: Registering the id_resolver key type
[    0.261871] Key type id_resolver registered
[    0.261901] Key type id_legacy registered
[    0.266845] jitterentropy: Initialization failed with host not compliant with requirements: 2
[    0.267089] Key type asymmetric registered
[    0.267120] Asymmetric key parser 'x509' registered
[    0.267181] io scheduler noop registered
[    0.267211] io scheduler deadline registered
[    0.267303] io scheduler cfq registered (default)
[    0.267333] io scheduler mq-deadline registered
[    0.267364] io scheduler kyber registered
[    0.272308] pinctrl-single 48002030.pinmux: 284 pins, size 568
[    0.272979] pinctrl-single 48002a00.pinmux: 46 pins, size 92
[    0.273712] pinctrl-single 480025d8.pinmux: 18 pins, size 36
[    0.277069] DSS: set fck to 172800000
[    0.277160] omapdss_dss 48050000.dss: 48050000.dss supply vdda_video not found, using dummy regulator
[    0.277343] DSS: dss_runtime_get
[    0.277465] DSS: dss_restore_context
[    0.277496] OMAP DSS rev 2.0
[    0.277526] DSS: dss_runtime_put
[    0.277618] DISPC: dispc_runtime_get
[    0.277679] DISPC: fifo(0) threshold (bytes), old 960/1023, new 960/1023
[    0.277709] DISPC: fifo(1) threshold (bytes), old 960/1023, new 960/1023
[    0.277709] DISPC: fifo(2) threshold (bytes), old 960/1023, new 960/1023
[    0.277709] DISPC: dispc_restore_context
[    0.277740] DISPC: fifo(0) threshold (bytes), old 960/1023, new 960/1023
[    0.277740] DISPC: fifo(1) threshold (bytes), old 960/1023, new 960/1023
[    0.277770] DISPC: fifo(2) threshold (bytes), old 960/1023, new 960/1023
[    0.277770] omapdss_dispc 48050400.dispc: OMAP DISPC rev 3.0
[    0.277801] DISPC: dispc_runtime_put
[    0.277801] DISPC: dispc_save_context
[    0.277862] DISPC: context saved
[    0.277954] omapdss_dss 48050000.dss: bound 48050400.dispc (ops dispc_component_ops)
[    0.278259] VENC: venc_runtime_get
[    0.278289] DISPC: dispc_runtime_get
[    0.278320] omapdss_venc 48050c00.encoder: OMAP VENC rev 2
[    0.278350] VENC: venc_runtime_put
[    0.278350] DISPC: dispc_runtime_put
[    0.278381] DISPC: dispc_save_context
[    0.278411] DISPC: context saved
[    0.278503] omapdss_dss 48050000.dss: bound 48050c00.encoder (ops venc_component_ops)
[    0.279632] DISPC: dispc_runtime_get
[    0.279724] DISPC: dispc_runtime_put
[    0.279754] DISPC: dispc_save_context
[    0.279815] DISPC: context saved
[    0.279846] omapfb omapfb: no displays
[    0.280029] omapfb omapfb: failed to setup omapfb
[    0.282135] DSS: dss_save_context
[    0.282135] DSS: context saved
[    0.282440] Serial: 8250/16550 driver, 4 ports, IRQ sharing enabled
[    0.285583] omap_uart 4806c000.serial: no wakeirq for uart1
[    0.285675] of_get_named_gpiod_flags: can't parse 'rts-gpio' property of node '/ocp@68000000/serial@4806c000[0]'
[    0.285888] 4806c000.serial: ttyO1 at MMIO 0x4806c000 (irq = 89, base_baud = 3000000) is a OMAP UART1
[    0.286834] of_get_named_gpiod_flags: can't parse 'rts-gpio' property of node '/ocp@68000000/serial@49020000[0]'
[    0.286987] 49020000.serial: ttyO2 at MMIO 0x49020000 (irq = 90, base_baud = 3000000) is a OMAP UART2
[    1.015075] console [ttyO2] enabled
[    1.034790] brd: module loaded
[    1.050964] loop: module loaded
[    1.055755] mtdoops: mtd device (mtddev=name/number) must be supplied
[    1.066009] of_get_named_gpiod_flags: parsed 'reset-gpios' property of node '/ocp@68000000/spi@48098000/acx565akm@2[0]' - status (0)
[    1.076538] acx565akm spi0.2: omapfb: acx565akm rev ab LCD detected
[    1.088317] omap_ssi 48058000.ssi-controller: ssi controller 0 initialized (1 ports)!
[    1.097198] omap_ssi_port 4805a000.ssi-port: GPIO lookup for consumer ti,ssi-cawake
[    1.097229] omap_ssi_port 4805a000.ssi-port: using device tree for GPIO lookup
[    1.097259] of_get_named_gpiod_flags: can't parse 'ti,ssi-cawake-gpios' property of node '/ocp@68000000/ssi-controller@48058000/ssi-port@4805a000[0]'
[    1.097381] of_get_named_gpiod_flags: parsed 'ti,ssi-cawake-gpio' property of node '/ocp@68000000/ssi-controller@48058000/ssi-port@4805a000[0]' - status (0)
[    1.097442] gpio gpiochip4: Persistence not supported for GPIO 23
[    1.098693] omap_ssi_port 4805a000.ssi-port: ssi port 0 successfully initialized
[    1.107238] nokia-modem n900-modem: GPIO lookup for consumer (null)
[    1.107269] nokia-modem n900-modem: using device tree for GPIO lookup
[    1.107330] of_get_named_gpiod_flags: parsed 'gpios' property of node '/ocp@68000000/ssi-controller@48058000/ssi-port@4805a000/hsi-client[0]' - status (0)
[    1.107360] gpio gpiochip2: Persistence not supported for GPIO 6
[    1.107604] nokia-modem n900-modem: GPIO lookup for consumer (null)
[    1.107635] nokia-modem n900-modem: using device tree for GPIO lookup
[    1.107727] of_get_named_gpiod_flags: parsed 'gpios' property of node '/ocp@68000000/ssi-controller@48058000/ssi-port@4805a000/hsi-client[1]' - status (0)
[    1.107757] gpio gpiochip2: Persistence not supported for GPIO 9
[    1.107971] nokia-modem n900-modem: GPIO lookup for consumer (null)
[    1.107971] nokia-modem n900-modem: using device tree for GPIO lookup
[    1.108184] of_get_named_gpiod_flags: parsed 'gpios' property of node '/ocp@68000000/ssi-controller@48058000/ssi-port@4805a000/hsi-client[2]' - status (0)
[    1.108215] gpio gpiochip2: Persistence not supported for GPIO 10
[    1.108428] nokia-modem n900-modem: GPIO lookup for consumer (null)
[    1.108428] nokia-modem n900-modem: using device tree for GPIO lookup
[    1.108612] of_get_named_gpiod_flags: parsed 'gpios' property of node '/ocp@68000000/ssi-controller@48058000/ssi-port@4805a000/hsi-client[3]' - status (0)
[    1.108612] gpio gpiochip2: Persistence not supported for GPIO 11
[    1.108825] nokia-modem n900-modem: GPIO lookup for consumer (null)
[    1.108825] nokia-modem n900-modem: using device tree for GPIO lookup
[    1.109008] of_get_named_gpiod_flags: parsed 'gpios' property of node '/ocp@68000000/ssi-controller@48058000/ssi-port@4805a000/hsi-client[4]' - status (0)
[    1.109039] gpio gpiochip4: Persistence not supported for GPIO 29
[    1.110076] SSI protocol aka McSAAB added
[    1.114379] CMT speech driver added
[    1.118286] HSI/SSI char device loaded
[    1.122558] mdio_bus fixed-0: GPIO lookup for consumer reset
[    1.122589] mdio_bus fixed-0: using lookup tables for GPIO lookup
[    1.122589] mdio_bus fixed-0: lookup for GPIO reset failed
[    1.122619] libphy: Fixed MDIO Bus: probed
[    1.127532] of_get_named_gpiod_flags: parsed 'ti,power-gpio' property of node '/ocp@68000000/spi@480ba000/wl1251@0[0]' - status (0)
[    1.127685] wl1251: ERROR vio regulator missing: -517
[    1.134582] udc-core: couldn't find an available UDC - added [g_ether] to list of pending drivers
[    1.144866] mousedev: PS/2 mouse device common for all mice
[    1.151763] tsc2005 spi0.0: GPIO lookup for consumer reset
[    1.151794] tsc2005 spi0.0: using device tree for GPIO lookup
[    1.151885] of_get_named_gpiod_flags: parsed 'reset-gpios' property of node '/ocp@68000000/spi@48098000/tsc2005@0[0]' - status (0)
[    1.151916] gpio gpiochip3: Persistence not supported for GPIO 8
[    1.152008] tsc2005 spi0.0: error acquiring vio regulator: -517
[    1.159210] i2c /dev entries driver
[    1.163208] IR NEC protocol handler initialized
[    1.167968] IR RC5(x/sz) protocol handler initialized
[    1.173339] IR RC6 protocol handler initialized
[    1.178131] IR JVC protocol handler initialized
[    1.182891] IR Sony protocol handler initialized
[    1.187744] IR SANYO protocol handler initialized
[    1.192718] IR Sharp protocol handler initialized
[    1.197662] IR MCE Keyboard/mouse protocol handler initialized
[    1.203826] IR XMP protocol handler initialized
[    1.209411] omap3isp 480bc000.isp: 480bc000.isp supply vdd-csiphy1 not found, using dummy regulator
[    1.219116] omap3isp 480bc000.isp: 480bc000.isp supply vdd-csiphy2 not found, using dummy regulator
[    1.229064] omap3isp 480bc000.isp: Revision 2.0 found
[    1.234985] omap-iommu 480bd400.mmu: 480bd400.mmu: version 1.1
[    1.241668] ------------[ cut here ]------------
[    1.246582] WARNING: CPU: 0 PID: 1 at lib/refcount.c:187 refcount_sub_and_test+0x94/0xa8
[    1.255126] refcount_t: underflow; use-after-free.
[    1.260192] Modules linked in:
[    1.263427] CPU: 0 PID: 1 Comm: swapper Not tainted 4.16.0-rc1-00001-gee33355 #81
[    1.271331] Hardware name: Nokia RX-51 board
[    1.275848] [<c010d6cc>] (unwind_backtrace) from [<c010b55c>] (show_stack+0x10/0x14)
[    1.284057] [<c010b55c>] (show_stack) from [<c01283f8>] (__warn+0xe8/0x110)
[    1.291412] [<c01283f8>] (__warn) from [<c01284e8>] (warn_slowpath_fmt+0x38/0x48)
[    1.299316] [<c01284e8>] (warn_slowpath_fmt) from [<c034da24>] (refcount_sub_and_test+0x94/0xa8)
[    1.308593] [<c034da24>] (refcount_sub_and_test) from [<c0110994>] (arm_iommu_release_mapping+0x18/0x2c)
[    1.318603] [<c0110994>] (arm_iommu_release_mapping) from [<c0415c24>] (driver_probe_device+0x24c/0x314)
[    1.328613] [<c0415c24>] (driver_probe_device) from [<c0415d98>] (__driver_attach+0xac/0xb0)
[    1.337493] [<c0415d98>] (__driver_attach) from [<c0414298>] (bus_for_each_dev+0x58/0x7c)
[    1.346160] [<c0414298>] (bus_for_each_dev) from [<c041510c>] (bus_add_driver+0xdc/0x1ec)
[    1.354797] [<c041510c>] (bus_add_driver) from [<c0416608>] (driver_register+0x78/0xf4)
[    1.363250] [<c0416608>] (driver_register) from [<c010257c>] (do_one_initcall+0x3c/0x168)
[    1.371887] [<c010257c>] (do_one_initcall) from [<c0b00d58>] (kernel_init_freeable+0xf8/0x1c4)
[    1.380981] [<c0b00d58>] (kernel_init_freeable) from [<c0712ec8>] (kernel_init+0x8/0x10c)
[    1.389617] [<c0712ec8>] (kernel_init) from [<c01010e8>] (ret_from_fork+0x14/0x2c)
[    1.397583] Exception stack(0xce049fb0 to 0xce049ff8)
[    1.402923] 9fa0:                                     00000000 00000000 00000000 00000000
[    1.411560] 9fc0: 00000000 00000000 00000000 00000000 00000000 00000000 00000000 00000000
[    1.420196] 9fe0: 00000000 00000000 00000000 00000000 00000013 00000000
[    1.427154] ---[ end trace 18c783e0de634a40 ]---
[    1.433929] ti-soc-thermal 48002524.bandgap: This OMAP thermal sensor is unreliable. You've been warned
[    1.443908] ti-soc-thermal 48002524.bandgap: Non-trimmed BGAP, Temp not accurate
[    1.451751] ti-soc-thermal 48002524.bandgap: thermal zone device is NULL
[    1.460052] omap_wdt: OMAP Watchdog Timer Rev 0x31: initial timeout 60 sec
[    1.470001] omap_hsmmc 4809c000.mmc: GPIO lookup for consumer cd
[    1.470031] omap_hsmmc 4809c000.mmc: using device tree for GPIO lookup
[    1.470123] of_get_named_gpiod_flags: parsed 'cd-gpios' property of node '/ocp@68000000/mmc@4809c000[0]' - status (0)
[    1.470214] gpio gpiochip5: Persistence not supported for GPIO 0
[    1.470214] omap_hsmmc 4809c000.mmc: Got CD GPIO
[    1.475097] omap_hsmmc 4809c000.mmc: GPIO lookup for consumer wp
[    1.475128] omap_hsmmc 4809c000.mmc: using device tree for GPIO lookup
[    1.475128] of_get_named_gpiod_flags: can't parse 'wp-gpios' property of node '/ocp@68000000/mmc@4809c000[0]'
[    1.475158] of_get_named_gpiod_flags: can't parse 'wp-gpio' property of node '/ocp@68000000/mmc@4809c000[0]'
[    1.475158] omap_hsmmc 4809c000.mmc: using lookup tables for GPIO lookup
[    1.475189] omap_hsmmc 4809c000.mmc: lookup for GPIO wp failed
[    1.476654] omap_hsmmc 480b4000.mmc: GPIO lookup for consumer wp
[    1.476654] omap_hsmmc 480b4000.mmc: using device tree for GPIO lookup
[    1.476684] of_get_named_gpiod_flags: can't parse 'wp-gpios' property of node '/ocp@68000000/mmc@480b4000[0]'
[    1.476684] of_get_named_gpiod_flags: can't parse 'wp-gpio' property of node '/ocp@68000000/mmc@480b4000[0]'
[    1.476715] omap_hsmmc 480b4000.mmc: using lookup tables for GPIO lookup
[    1.476715] omap_hsmmc 480b4000.mmc: lookup for GPIO wp failed
[    1.478515] of_get_named_gpiod_flags: parsed 'gpios' property of node '/leds/heartbeat[0]' - status (0)
[    1.478576] gpio gpiochip5: Persistence not supported for GPIO 2
[    1.478576] no flags found for gpios
[    1.478973] ledtrig-cpu: registered to indicate activity on CPUs
[    1.488586] rx51-audio n900-audio: GPIO lookup for consumer tvout-selection
[    1.488616] rx51-audio n900-audio: using device tree for GPIO lookup
[    1.488677] of_get_named_gpiod_flags: parsed 'tvout-selection-gpios' property of node '/n900-audio[0]' - status (0)
[    1.488708] gpio gpiochip1: Persistence not supported for GPIO 8
[    1.488739] rx51-audio n900-audio: GPIO lookup for consumer jack-detection
[    1.488739] rx51-audio n900-audio: using device tree for GPIO lookup
[    1.488800] of_get_named_gpiod_flags: parsed 'jack-detection-gpios' property of node '/n900-audio[0]' - status (0)
[    1.488830] gpio gpiochip5: Persistence not supported for GPIO 17
[    1.488830] no flags found for jack-detection
[    1.488830] rx51-audio n900-audio: GPIO lookup for consumer eci-switch
[    1.488861] rx51-audio n900-audio: using device tree for GPIO lookup
[    1.488891] of_get_named_gpiod_flags: parsed 'eci-switch-gpios' property of node '/n900-audio[0]' - status (0)
[    1.488922] gpio gpiochip5: Persistence not supported for GPIO 22
[    1.488952] rx51-audio n900-audio: GPIO lookup for consumer speaker-amplifier
[    1.488952] rx51-audio n900-audio: using device tree for GPIO lookup
[    1.489013] rx51-audio n900-audio: using lookup tables for GPIO lookup
[    1.489013] rx51-audio n900-audio: lookup for GPIO speaker-amplifier failed
[    1.489044] rx51-audio n900-audio: could not get speaker enable gpio
[    1.495788] rx51-audio: probe of n900-audio failed with error -2
[    1.502716] Initializing XFRM netlink socket
[    1.507263] NET: Registered protocol family 17
[    1.512023] NET: Registered protocol family 15
[    1.516845] NET: Registered protocol family 35
[    1.521728] Key type dns_resolver registered
[    1.526489] omap2_set_init_voltage: unable to find boot up OPP for vdd_mpu_iva
[    1.534149] omap2_set_init_voltage: unable to set vdd_mpu_iva
[    1.540252] omap2_set_init_voltage: unable to find boot up OPP for vdd_core
[    1.547546] omap2_set_init_voltage: unable to set vdd_core
[    1.558593] ThumbEE CPU extension supported.
[    1.563140] Registering SWP/SWPB emulation handler
[    1.568206] SmartReflex Class3 initialized
[    1.573547] Loading compiled-in X.509 certificates
[    1.599609] omap-gpmc 6e000000.gpmc: GPMC revision 5.0
[    1.605072] gpmc_mem_init: disabling cs 0 mapped at 0x0-0x1000000
[    1.611602] gpiochip_find_base: found new base at 508
[    1.612060] gpio gpiochip6: (omap-gpmc): added GPIO chardev (254:6)
[    1.612213] gpiochip_setup_dev: registered GPIOs 508 to 511 on device: gpiochip6 (omap-gpmc)
[    1.613189] omap2-onenand 1000000.onenand: GPIO lookup for consumer int
[    1.613220] omap2-onenand 1000000.onenand: using device tree for GPIO lookup
[    1.613250] of_get_named_gpiod_flags: can't parse 'int-gpios' property of node '/ocp@68000000/gpmc@6e000000/onenand@0,0[0]'
[    1.613250] of_get_named_gpiod_flags: can't parse 'int-gpio' property of node '/ocp@68000000/gpmc@6e000000/onenand@0,0[0]'
[    1.613281] omap2-onenand 1000000.onenand: using lookup tables for GPIO lookup
[    1.613281] omap2-onenand 1000000.onenand: lookup for GPIO int failed
[    1.613342] omap2-onenand 1000000.onenand: initializing on CS0 (0x01000000), va c91dc086, DMA mode
[    1.622863] OneNAND Manufacturer: Unknown (0xa0)
[    1.627624] Skipping twl internal clock init and using bootloader value (unknown osc rate)
[    1.641174] twl 1-0048: PIH (irq 23) chaining IRQs 155..163
[    1.647155] twl 1-0048: power (irq 160) chaining IRQs 163..170
[    1.655364] twl_rtc 48070000.i2c:twl@48:rtc: Enabling TWL-RTC
[    1.664062] twl_rtc 48070000.i2c:twl@48:rtc: rtc core: registered 48070000.i2c:twl@48:rtc as rtc0
[    1.716857] twl4030_gpio twl4030-gpio: gpio (irq 155) chaining IRQs 171..188
[    1.724731] gpiochip_find_base: found new base at 490
[    1.725097] gpio gpiochip7: (twl4030): added GPIO chardev (254:7)
[    1.725219] gpiochip_setup_dev: registered GPIOs 490 to 507 on device: gpiochip7 (twl4030)
[    1.798767] twl4030_usb 48070000.i2c:twl@48:twl4030-usb: Initialized TWL4030 USB module
[    1.809906] input: twl4030_pwrbutton as /devices/platform/68000000.ocp/48070000.i2c/i2c-1/1-0048/48070000.i2c:twl@48:pwrbutton/input/input1
[    1.824493] input: TWL4030 Keypad as /devices/platform/68000000.ocp/48070000.i2c/i2c-1/1-0048/48070000.i2c:twl@48:keypad/input/input2
[    1.842285] twl4030_madc 48070000.i2c:twl@48:madc: 48070000.i2c:twl@48:madc supply vusb3v1 not found, using dummy regulator
[    1.856719] input: twl4030:vibrator as /devices/platform/68000000.ocp/48070000.i2c/i2c-1/1-0048/48070000.i2c:twl@48:audio/twl4030-vibra/input/input3
[    1.918792] omap_i2c 48070000.i2c: bus 1 rev3.3 at 2200 kHz
[    1.927062] of_get_named_gpiod_flags: parsed 'reset-gpios' property of node '/ocp@68000000/i2c@48072000/tlv320aic3x@18[0]' - status (0)
[    1.929382] of_get_named_gpiod_flags: parsed 'reset-gpios' property of node '/ocp@68000000/i2c@48072000/tlv320aic3x@19[0]' - status (0)
[    1.933258] tsl2563 2-0029: model 7, rev. 0
[    1.940979] adp1653 2-0030: GPIO lookup for consumer enable
[    1.940979] adp1653 2-0030: using device tree for GPIO lookup
[    1.941070] of_get_named_gpiod_flags: parsed 'enable-gpios' property of node '/ocp@68000000/i2c@48072000/led-controller@30[0]' - status (0)
[    1.941101] gpio gpiochip2: Persistence not supported for GPIO 24
[    1.941711] of_get_named_gpiod_flags: parsed 'enable-gpio' property of node '/ocp@68000000/i2c@48072000/lp5523@32[0]' - status (0)
[    2.958374] omap_i2c 48072000.i2c: controller timed out
[    3.069000] lp5523x 2-0032: lp5523 Programmable led chip found
[    3.081665] (NULL device *): hwmon: 'bq27200-0' is not a valid name attribute, please fix
[    3.102050] of_get_named_gpiod_flags: parsed 'power-gpio' property of node '/ocp@68000000/i2c@48072000/tpa6130a2@60[0]' - status (0)
[    3.128692] bq2415x-charger 2-006b: automode supported, waiting for events
[    3.137298] bq2415x-charger 2-006b: driver registered
[    3.142822] omap_i2c 48072000.i2c: bus 2 rev3.3 at 100 kHz
[    3.172607] lis3lv02d: 8 bits sensor found
[    3.248565] input: ST LIS3LV02DL Accelerometer as /devices/platform/lis3lv02d/input/input4
[    3.262054] et8ek8 3-003e: GPIO lookup for consumer reset
[    3.262084] et8ek8 3-003e: using device tree for GPIO lookup
[    3.262115] of_get_named_gpiod_flags: can't parse 'reset-gpios' property of node '/ocp@68000000/i2c@48060000/camera@3e[0]'
[    3.262176] of_get_named_gpiod_flags: parsed 'reset-gpio' property of node '/ocp@68000000/i2c@48060000/camera@3e[0]' - status (0)
[    3.262207] gpio gpiochip3: Persistence not supported for GPIO 6
[    3.262542] et8ek8 3-003e: could not get clock
[    3.268218] omap_i2c 48060000.i2c: bus 3 rev3.3 at 400 kHz
[    3.274475] DISPC: dispc_runtime_get
[    3.274566] DSS: dss_restore_context
[    3.274566] DSS: context restored
[    3.274627] DISPC: dispc_runtime_put
[    3.274658] DISPC: dispc_save_context
[    3.274719] DISPC: context saved
[    3.275268] DISPC: dispc_runtime_get
[    3.275329] DISPC: dispc_runtime_put
[    3.275329] DISPC: dispc_save_context
[    3.275390] DISPC: context saved
[    3.275421] DISPC: dispc_runtime_get
[    3.275421] DISPC: dispc_runtime_put
[    3.275451] DISPC: dispc_save_context
[    3.275482] DISPC: context saved
[    3.275512] DISPC: dispc_runtime_get
[    3.275512] DISPC: dispc_runtime_put
[    3.275512] DISPC: dispc_save_context
[    3.275573] DISPC: context saved
[    3.275726] DSS: dss_save_context
[    3.275756] DSS: context saved
[    3.286804] APPLY: omap_dss_mgr_apply(lcd)
[    3.299011] Console: switching to colour frame buffer device 100x30
[    3.323028] APPLY: omap_dss_mgr_apply(lcd)
[    3.323059] APPLY: omap_dss_mgr_apply(lcd)
[    3.323059] APPLY: omap_dss_mgr_apply(tv)
[    3.323089] DISPC: dispc_runtime_get
[    3.323150] DSS: dss_restore_context
[    3.323150] DSS: context restored
[    3.323211] DSS: set fck to 72000000
[    3.323242] DISPC: lck = 72000000 (1)
[    3.323272] DISPC: pck = 24000000 (3)
[    3.325378] APPLY: writing mgr 0 regs
[    3.325378] APPLY: writing ovl 0 regs
[    3.325408] DISPC: dispc_ovl_setup 0, pa 0x8e900000, pa_uv 0x00000000, sw 800, 0,0, 800x480 -> 800x480, cmode 80, rot 0, mir 0, chan 0 repl 0
[    3.325439] DISPC: calc_rot(0): scrw 800, 800x480
[    3.325439] DISPC: offset0 0, offset1 0, row_inc 1, pix_inc 1
[    3.325469] DISPC: 0,0 800x480 -> 800x480
[    3.325469] APPLY: writing ovl 0 regs extra
[    3.325469] DISPC: dispc_enable_plane 0, 1
[    3.325500] DISPC: fifo(0) threshold (bytes), old 960/1023, new 960/1023
[    3.325500] APPLY: writing ovl 1 regs
[    3.325500] APPLY: writing ovl 1 regs extra
[    3.325500] APPLY: writing ovl 2 regs
[    3.325531] APPLY: writing ovl 2 regs extra
[    3.325531] APPLY: writing mgr 0 regs extra
[    3.325531] DISPC: channel 0 xres 800 yres 480
[    3.325561] DISPC: pck 24000000
[    3.325561] DISPC: hsw 4 hfp 28 hbp 24 vsw 3 vfp 3 vbp 4
[    3.325561] DISPC: vsync_level 0 hsync_level 0 data_pclk_edge 1 de_level 1 sync_pclk_edge 1
[    3.325561] DISPC: hsync 28037Hz, vsync 57Hz
[    3.325592] DISPC: lck = 72000000 (1)
[    3.325592] DISPC: pck = 24000000 (3)
[    3.388488] omapfb omapfb: using display 'lcd' mode 800x480
[    3.401794] nokia-modem n900-modem: GPIO lookup for consumer (null)
[    3.401824] nokia-modem n900-modem: using device tree for GPIO lookup
[    3.401885] of_get_named_gpiod_flags: parsed 'gpios' property of node '/ocp@68000000/ssi-controller@48058000/ssi-port@4805a000/hsi-client[0]' - status (0)
[    3.401916] gpio gpiochip2: Persistence not supported for GPIO 6
[    3.402130] nokia-modem n900-modem: GPIO lookup for consumer (null)
[    3.402160] nokia-modem n900-modem: using device tree for GPIO lookup
[    3.402252] of_get_named_gpiod_flags: parsed 'gpios' property of node '/ocp@68000000/ssi-controller@48058000/ssi-port@4805a000/hsi-client[1]' - status (0)
[    3.402282] gpio gpiochip2: Persistence not supported for GPIO 9
[    3.402435] nokia-modem n900-modem: GPIO lookup for consumer (null)
[    3.402435] nokia-modem n900-modem: using device tree for GPIO lookup
[    3.402557] of_get_named_gpiod_flags: parsed 'gpios' property of node '/ocp@68000000/ssi-controller@48058000/ssi-port@4805a000/hsi-client[2]' - status (0)
[    3.402587] gpio gpiochip2: Persistence not supported for GPIO 10
[    3.402709] nokia-modem n900-modem: GPIO lookup for consumer (null)
[    3.402740] nokia-modem n900-modem: using device tree for GPIO lookup
[    3.402893] of_get_named_gpiod_flags: parsed 'gpios' property of node '/ocp@68000000/ssi-controller@48058000/ssi-port@4805a000/hsi-client[3]' - status (0)
[    3.402923] gpio gpiochip2: Persistence not supported for GPIO 11
[    3.403076] nokia-modem n900-modem: GPIO lookup for consumer (null)
[    3.403076] nokia-modem n900-modem: using device tree for GPIO lookup
[    3.403259] of_get_named_gpiod_flags: parsed 'gpios' property of node '/ocp@68000000/ssi-controller@48058000/ssi-port@4805a000/hsi-client[4]' - status (0)
[    3.403289] gpio gpiochip4: Persistence not supported for GPIO 29
[    3.404876] nokia-modem n900-modem: Registered Nokia HSI modem
[    3.418487] of_get_named_gpiod_flags: parsed 'ti,power-gpio' property of node '/ocp@68000000/spi@480ba000/wl1251@0[0]' - status (0)
[    3.419250] ieee80211 phy1: Selected rate control algorithm 'minstrel_ht'
[    3.420257] wl1251: loaded
[    3.430511] wl1251: initialized
[    3.441070] udc musb-hdrc.0.auto: registering UDC driver [g_ether]
[    3.441162] using random self ethernet address
[    3.452026] using random host ethernet address
[    3.463104] usb0: HOST MAC 6a:f8:36:2f:95:0e
[    3.473297] usb0: MAC fe:41:d2:94:af:a9
[    3.482696] using random self ethernet address
[    3.492584] using random host ethernet address
[    3.502258] g_ether gadget: adding config #2 'RNDIS'/50c72133
[    3.502319] rndis_register: configNr = 0
[    3.502319] g_ether gadget: adding 'rndis'/1809e5ed to config 'RNDIS'/50c72133
[    3.502380] rndis_set_param_medium: 0 0
[    3.502380] g_ether gadget: RNDIS: dual speed IN/ep1in OUT/ep1out NOTIFY/ep2in
[    3.502380] g_ether gadget: cfg 2/50c72133 speeds: high full
[    3.502410] g_ether gadget:   interface 0 = rndis/1809e5ed
[    3.502410] g_ether gadget:   interface 1 = rndis/1809e5ed
[    3.502441] g_ether gadget: adding config #1 'CDC Ethernet (ECM)'/e9b6e9d5
[    3.502441] g_ether gadget: adding 'cdc_ethernet'/19ee5cb3 to config 'CDC Ethernet (ECM)'/e9b6e9d5
[    3.502471] g_ether gadget: CDC Ethernet: dual speed IN/ep1in OUT/ep1out NOTIFY/ep2in
[    3.502502] g_ether gadget: cfg 1/e9b6e9d5 speeds: high full
[    3.502502] g_ether gadget:   interface 0 = cdc_ethernet/19ee5cb3
[    3.502502] g_ether gadget:   interface 1 = cdc_ethernet/19ee5cb3
[    3.502532] g_ether gadget: Ethernet Gadget, version: Memorial Day 2008
[    3.514587] g_ether gadget: g_ether ready
[    3.524444] tsc2005 spi0.0: GPIO lookup for consumer reset
[    3.524444] tsc2005 spi0.0: using device tree for GPIO lookup
[    3.524566] of_get_named_gpiod_flags: parsed 'reset-gpios' property of node '/ocp@68000000/spi@48098000/tsc2005@0[0]' - status (0)
[    3.524597] gpio gpiochip3: Persistence not supported for GPIO 8
[    3.525695] input: TSC2005 touchscreen as /devices/platform/68000000.ocp/48098000.spi/spi_master/spi0/spi0.0/input/input5
[    3.549652] omap3isp 480bc000.isp: 480bc000.isp supply vdd-csiphy1 not found, using dummy regulator
[    3.570159] omap3isp 480bc000.isp: 480bc000.isp supply vdd-csiphy2 not found, using dummy regulator
[    3.591491] omap3isp 480bc000.isp: Revision 2.0 found
[    3.603515] omap-iommu 480bd400.mmu: 480bd400.mmu: version 1.1
[    3.616149] omap3isp 480bc000.isp: Entity type for entity OMAP3 ISP CCP2 was not initialized!
[    3.631530] omap3isp 480bc000.isp: Entity type for entity OMAP3 ISP CSI2a was not initialized!
[    3.646728] omap3isp 480bc000.isp: Entity type for entity OMAP3 ISP CCDC was not initialized!
[    3.661712] omap3isp 480bc000.isp: Entity type for entity OMAP3 ISP preview was not initialized!
[    3.677093] omap3isp 480bc000.isp: Entity type for entity OMAP3 ISP resizer was not initialized!
[    3.692260] omap3isp 480bc000.isp: Entity type for entity OMAP3 ISP AEWB was not initialized!
[    3.706634] omap3isp 480bc000.isp: Entity type for entity OMAP3 ISP AF was not initialized!
[    3.720703] omap3isp 480bc000.isp: Entity type for entity OMAP3 ISP histogram was not initialized!
[    3.741943] (NULL device *): hwmon: 'rx51-battery' is not a valid name attribute, please fix
[    3.757812] omap_hsmmc 4809c000.mmc: GPIO lookup for consumer cd
[    3.757812] omap_hsmmc 4809c000.mmc: using device tree for GPIO lookup
[    3.757934] of_get_named_gpiod_flags: parsed 'cd-gpios' property of node '/ocp@68000000/mmc@4809c000[0]' - status (0)
[    3.757965] gpio gpiochip5: Persistence not supported for GPIO 0
[    3.757965] omap_hsmmc 4809c000.mmc: Got CD GPIO
[    3.768829] omap_hsmmc 4809c000.mmc: GPIO lookup for consumer wp
[    3.768859] omap_hsmmc 4809c000.mmc: using device tree for GPIO lookup
[    3.768859] of_get_named_gpiod_flags: can't parse 'wp-gpios' property of node '/ocp@68000000/mmc@4809c000[0]'
[    3.768890] of_get_named_gpiod_flags: can't parse 'wp-gpio' property of node '/ocp@68000000/mmc@4809c000[0]'
[    3.768890] omap_hsmmc 4809c000.mmc: using lookup tables for GPIO lookup
[    3.768920] omap_hsmmc 4809c000.mmc: lookup for GPIO wp failed
[    3.802886] omap_hsmmc 480b4000.mmc: GPIO lookup for consumer wp
[    3.802886] omap_hsmmc 480b4000.mmc: using device tree for GPIO lookup
[    3.802917] of_get_named_gpiod_flags: can't parse 'wp-gpios' property of node '/ocp@68000000/mmc@480b4000[0]'
[    3.802947] of_get_named_gpiod_flags: can't parse 'wp-gpio' property of node '/ocp@68000000/mmc@480b4000[0]'
[    3.802947] omap_hsmmc 480b4000.mmc: using lookup tables for GPIO lookup
[    3.802978] omap_hsmmc 480b4000.mmc: lookup for GPIO wp failed
[    3.838500] et8ek8 3-003e: GPIO lookup for consumer reset
[    3.838500] et8ek8 3-003e: using device tree for GPIO lookup
[    3.838531] of_get_named_gpiod_flags: can't parse 'reset-gpios' property of node '/ocp@68000000/i2c@48060000/camera@3e[0]'
[    3.838623] of_get_named_gpiod_flags: parsed 'reset-gpio' property of node '/ocp@68000000/i2c@48060000/camera@3e[0]' - status (0)
[    3.838653] gpio gpiochip3: Persistence not supported for GPIO 6
[    3.839172] omap3isp 480bc000.isp: Entity type for entity et8ek8 3-003e was not initialized!
[    3.887451] et8ek8 3-003e: meta_reglist version V14 03-June-2008
[    3.961608] mmc0: host does not support reading read-only switch, assuming write-enable
[    3.985015] mmc0: new high speed SDHC card at address e624
[    3.999420] mmcblk0: mmc0:e624 SU16G 14.8 GiB 
[    4.020416] omap3isp 480bc000.isp: Entity type for entity ad5820 focus was not initialized!
[    4.036773]  mmcblk0: p1 p2 p3 p4
[    4.050994] of_get_named_gpiod_flags: parsed 'gpios' property of node '/gpio_keys/camera_lens_cover[0]' - status (0)
[    4.051025] gpio gpiochip3: Persistence not supported for GPIO 14
[    4.051361] of_get_named_gpiod_flags: parsed 'gpios' property of node '/gpio_keys/camera_focus[0]' - status (0)
[    4.051391] gpio gpiochip2: Persistence not supported for GPIO 4
[    4.051605] of_get_named_gpiod_flags: parsed 'gpios' property of node '/gpio_keys/camera_capture[0]' - status (0)
[    4.051605] gpio gpiochip2: Persistence not supported for GPIO 5
[    4.051788] of_get_named_gpiod_flags: parsed 'gpios' property of node '/gpio_keys/lock_button[0]' - status (0)
[    4.051818] gpio gpiochip3: Persistence not supported for GPIO 17
[    4.052001] of_get_named_gpiod_flags: parsed 'gpios' property of node '/gpio_keys/keypad_slide[0]' - status (0)
[    4.052032] gpio gpiochip2: Persistence not supported for GPIO 7
[    4.052215] of_get_named_gpiod_flags: parsed 'gpios' property of node '/gpio_keys/proximity_sensor[0]' - status (0)
[    4.052246] gpio gpiochip2: Persistence not supported for GPIO 25
[    4.052673] input: gpio_keys as /devices/platform/gpio_keys/input/input6
[    4.069702] mmc1: switch to bus width 8 failed
[    4.081604] twl_rtc 48070000.i2c:twl@48:rtc: setting system clock to 2018-04-04 20:28:18 UTC (1522873698)
[    4.103973] sr_init: No PMIC hook to init smartreflex
[    4.116088] smartreflex smartreflex.0: omap_sr_probe: SmartReflex driver initialized
[    4.131317] smartreflex smartreflex.1: omap_sr_probe: SmartReflex driver initialized
[    4.146942] cfg80211: Loading compiled-in X.509 certificates for regulatory database
[    4.161437] g_ether gadget: high-speed config #1: CDC Ethernet (ECM)
[    4.161468] g_ether gadget: init ecm
[    4.161499] g_ether gadget: notify connect false
[    4.175170] mmc1: switch to bus width 4 failed
[    4.186309] g_ether gadget: activate ecm
[    4.186370] usb0: qlen 10
[    4.186370] g_ether gadget: ecm_close
[    4.186492] mmc1: new high speed MMC card at address 0001
[    4.198760] g_ether gadget: packet filter 0c
[    4.198791] g_ether gadget: ecm req21.43 v000c i0000 l0
[    4.200805] mmcblk1: mmc1:0001 MMC32G 29.8 GiB 
[    4.213806] mmcblk1boot0: mmc1:0001 MMC32G partition 1 512 KiB
[    4.228210] mmcblk1boot1: mmc1:0001 MMC32G partition 2 512 KiB
[    4.243408]  mmcblk1: p1 p2 p3 p4
[    4.259124] cfg80211: Loaded X.509 cert 'sforshee: 00b28ddf47aef9cea7'
[    4.277252] platform regulatory.0: Direct firmware load for regulatory.db failed with error -2
[    4.293090] cfg80211: failed to load regulatory.db
[    4.304687] VCSI: disabling
[    4.314819] VDAC: disabling
[    4.324218] ALSA device list:
[    4.333007]   No soundcards found.
[    4.350677] EXT4-fs (mmcblk0p4): couldn't mount as ext3 due to feature incompatibilities
[    4.380096] EXT4-fs (mmcblk0p4): mounted filesystem with ordered data mode. Opts: (null)
[    4.394622] VFS: Mounted root (ext4 filesystem) readonly on device 179:4.
[    4.421630] devtmpfs: mounted
[    4.433593] Freeing unused kernel memory: 1024K
[    4.445312] ------------[ cut here ]------------
[    4.455444] WARNING: CPU: 0 PID: 1 at arch/arm/mm/dump.c:253 note_page+0x2f8/0x328
[    4.468841] arm/mm: Found insecure W+X mapping at address 0xd0008000
[    4.480895] Modules linked in:
[    4.489532] CPU: 0 PID: 1 Comm: swapper Tainted: G        W        4.16.0-rc1-00001-gee33355 #81
[    4.504425] Hardware name: Nokia RX-51 board
[    4.514404] [<c010d6cc>] (unwind_backtrace) from [<c010b55c>] (show_stack+0x10/0x14)
[    4.528198] [<c010b55c>] (show_stack) from [<c01283f8>] (__warn+0xe8/0x110)
[    4.541229] [<c01283f8>] (__warn) from [<c01284e8>] (warn_slowpath_fmt+0x38/0x48)
[    4.554931] [<c01284e8>] (warn_slowpath_fmt) from [<c0113a88>] (note_page+0x2f8/0x328)
[    4.569183] [<c0113a88>] (note_page) from [<c0113b40>] (walk_pgd+0x88/0x178)
[    4.582702] [<c0113b40>] (walk_pgd) from [<c0113d08>] (ptdump_check_wx+0x64/0xb8)
[    4.596740] [<c0113d08>] (ptdump_check_wx) from [<c0712ee4>] (kernel_init+0x24/0x10c)
[    4.611206] [<c0712ee4>] (kernel_init) from [<c01010e8>] (ret_from_fork+0x14/0x2c)
[    4.625305] Exception stack(0xce049fb0 to 0xce049ff8)
[    4.636627] 9fa0:                                     00000000 00000000 00000000 00000000
[    4.651519] 9fc0: 00000000 00000000 00000000 00000000 00000000 00000000 00000000 00000000
[    4.666503] 9fe0: 00000000 00000000 00000000 00000000 00000013 00000000
[    4.679809] ---[ end trace 18c783e0de634a42 ]---
[    4.691314] Checked W+X mappings: FAILED, 7 W+X pages found
[    4.703521] rodata_test: all tests were successful
[    4.733703] twl4030_bci 48070000.i2c:twl@48:bci: battery temperature out of range
[    6.180297] udevd[186]: starting version 175
[   15.125183] EXT4-fs (mmcblk0p4): re-mounted. Opts: (null)
[   20.359374] random: crng init done
[   21.016265] EXT4-fs (mmcblk0p1): mounted filesystem with ordered data mode. Opts: errors=remount-ro
[   23.479034] usb0: eth_open
[   23.479064] usb0: eth_start
[   23.479156] g_ether gadget: ecm_open
[   33.037567] DISPC: dispc_runtime_put
[   33.037597] DISPC: dispc_save_context
[   33.037719] DISPC: context saved
[   33.037933] DSS: dss_save_context
[   33.037963] DSS: context saved
[   37.515350] DISPC: dispc_runtime_get
[   37.515441] DSS: dss_restore_context
[   37.515441] DSS: context restored
[   37.515502] DSS: set fck to 72000000
[   37.515533] DISPC: lck = 72000000 (1)
[   37.515533] DISPC: pck = 24000000 (3)
[   37.517639] APPLY: writing mgr 0 regs
[   37.517639] APPLY: writing ovl 0 regs
[   37.517669] APPLY: writing ovl 0 regs extra
[   37.517669] APPLY: writing ovl 1 regs
[   37.517669] APPLY: writing ovl 1 regs extra
[   37.517669] APPLY: writing ovl 2 regs
[   37.517669] APPLY: writing ovl 2 regs extra
[   37.517700] APPLY: writing mgr 0 regs extra
[   37.517700] DISPC: channel 0 xres 800 yres 480
[   37.517700] DISPC: pck 24000000
[   37.517730] DISPC: hsw 4 hfp 28 hbp 24 vsw 3 vfp 3 vbp 4
[   37.517730] DISPC: vsync_level 0 hsync_level 0 data_pclk_edge 1 de_level 1 sync_pclk_edge 1
[   37.517730] DISPC: hsync 28037Hz, vsync 57Hz
[   37.517730] DISPC: lck = 72000000 (1)
[   37.517761] DISPC: pck = 24000000 (3)
[   84.058197] wl1251: 151 tx blocks at 0x3b788, 35 rx blocks at 0x3a780
[   84.088226] wl1251: firmware booted (Rev 4.0.4.3.7)
[   89.944702] twl4030_bci 48070000.i2c:twl@48:bci: battery temperature out of range
[  102.721313] ssi-protocol ssi-protocol: WAKELINES TEST OK
[  124.219207] wl1251: down
[  130.078369] wl1251: 151 tx blocks at 0x3b788, 35 rx blocks at 0x3a780
[  130.108306] wl1251: firmware booted (Rev 4.0.4.3.7)
[  132.166168] wlan0: authenticate with 00:00:00:00:00:01
[  132.638397] wlan0: send auth to 00:00:00:00:00:01 (try 1/3)
[  132.646392] wlan0: authenticated
[  132.648468] wlan0: associate with 00:00:00:00:00:01 (try 1/3)
[  132.651672] wlan0: RX AssocResp from 00:00:00:00:00:01 (capab=0x401 status=0 aid=5)
[  132.978302] wlan0: associated
[  157.850219] DISPC: dispc_runtime_put
[  157.850219] DISPC: dispc_save_context
[  157.850311] DISPC: context saved
[  157.852325] DSS: dss_save_context
[  157.852325] DSS: context saved
[  171.693939] DISPC: dispc_runtime_get
[  171.694030] DSS: dss_restore_context
[  171.694030] DSS: context restored
[  171.694091] DSS: set fck to 72000000
[  171.694122] DISPC: lck = 72000000 (1)
[  171.694122] DISPC: pck = 24000000 (3)
[  171.696228] APPLY: writing mgr 0 regs
[  171.696228] APPLY: writing ovl 0 regs
[  171.696258] APPLY: writing ovl 0 regs extra
[  171.696258] APPLY: writing ovl 1 regs
[  171.696258] APPLY: writing ovl 1 regs extra
[  171.696258] APPLY: writing ovl 2 regs
[  171.696258] APPLY: writing ovl 2 regs extra
[  171.696258] APPLY: writing mgr 0 regs extra
[  171.696289] DISPC: channel 0 xres 800 yres 480
[  171.696289] DISPC: pck 24000000
[  171.696289] DISPC: hsw 4 hfp 28 hbp 24 vsw 3 vfp 3 vbp 4
[  171.696319] DISPC: vsync_level 0 hsync_level 0 data_pclk_edge 1 de_level 1 sync_pclk_edge 1
[  171.696319] DISPC: hsync 28037Hz, vsync 57Hz
[  171.696319] DISPC: lck = 72000000 (1)
[  171.696319] DISPC: pck = 24000000 (3)
