[    0.000000] Linux version 4.17.0-rc7-next-20180601 (pavel@amd) (gcc version 4.9.2 (Debian 4.9.2-10+deb8u1)) #130 SMP Sun Jun 3 12:02:28 CEST 2018
[    0.000000] Disabled fast string operations
[    0.000000] x86/fpu: x87 FPU will use FXSAVE
[    0.000000] BIOS-provided physical RAM map:
[    0.000000] BIOS-e820: [mem 0x0000000000000000-0x000000000009efff] usable
[    0.000000] BIOS-e820: [mem 0x000000000009f000-0x000000000009ffff] reserved
[    0.000000] BIOS-e820: [mem 0x00000000000dc000-0x00000000000fffff] reserved
[    0.000000] BIOS-e820: [mem 0x0000000000100000-0x00000000bf6cffff] usable
[    0.000000] BIOS-e820: [mem 0x00000000bf6d0000-0x00000000bf6defff] ACPI data
[    0.000000] BIOS-e820: [mem 0x00000000bf6df000-0x00000000bf6fffff] ACPI NVS
[    0.000000] BIOS-e820: [mem 0x00000000bf700000-0x00000000bfffffff] reserved
[    0.000000] BIOS-e820: [mem 0x00000000f0000000-0x00000000f3ffffff] reserved
[    0.000000] BIOS-e820: [mem 0x00000000fec00000-0x00000000fec0ffff] reserved
[    0.000000] BIOS-e820: [mem 0x00000000fed00000-0x00000000fed003ff] reserved
[    0.000000] BIOS-e820: [mem 0x00000000fed14000-0x00000000fed19fff] reserved
[    0.000000] BIOS-e820: [mem 0x00000000fed1c000-0x00000000fed8ffff] reserved
[    0.000000] BIOS-e820: [mem 0x00000000fee00000-0x00000000fee00fff] reserved
[    0.000000] BIOS-e820: [mem 0x00000000ff800000-0x00000000ffffffff] reserved
[    0.000000] NX (Execute Disable) protection: active
[    0.000000] SMBIOS 2.4 present.
[    0.000000] DMI: LENOVO 17097HU/17097HU, BIOS 7BETD8WW (2.19 ) 03/31/2011
[    0.000000] e820: update [mem 0x00000000-0x00000fff] usable ==> reserved
[    0.000000] e820: remove [mem 0x000a0000-0x000fffff] usable
[    0.000000] last_pfn = 0xbf6d0 max_arch_pfn = 0x1000000
[    0.000000] MTRR default type: uncachable
[    0.000000] MTRR fixed ranges enabled:
[    0.000000]   00000-9FFFF write-back
[    0.000000]   A0000-BFFFF uncachable
[    0.000000]   C0000-CFFFF write-protect
[    0.000000]   D0000-DBFFF uncachable
[    0.000000]   DC000-DFFFF write-back
[    0.000000]   E0000-FFFFF write-protect
[    0.000000] MTRR variable ranges enabled:
[    0.000000]   0 base 000000000 mask F80000000 write-back
[    0.000000]   1 base 080000000 mask FC0000000 write-back
[    0.000000]   2 base 0BF700000 mask FFFF00000 uncachable
[    0.000000]   3 base 0BF800000 mask FFF800000 uncachable
[    0.000000]   4 disabled
[    0.000000]   5 disabled
[    0.000000]   6 disabled
[    0.000000]   7 disabled
[    0.000000] x86/PAT: PAT not supported by CPU.
[    0.000000] x86/PAT: Configuration [0-7]: WB  WT  UC- UC  WB  WT  UC- UC  
[    0.000000] initial memory mapped: [mem 0x00000000-0x05bfffff]
[    0.000000] Base memory trampoline at [(ptrval)] 9b000 size 16384
[    0.000000] BRK [0x057ed000, 0x057edfff] PGTABLE
[    0.000000] BRK [0x057ee000, 0x057eefff] PGTABLE
[    0.000000] ACPI: Early table checksum verification disabled
[    0.000000] ACPI: RSDP 0x00000000000F67C0 000024 (v02 LENOVO)
[    0.000000] ACPI: XSDT 0x00000000BF6D191C 000084 (v01 LENOVO TP-7B    00002190  LTP 00000000)
[    0.000000] ACPI: FACP 0x00000000BF6D1A00 0000F4 (v03 LENOVO TP-7B    00002190 LNVO 00000001)
[    0.000000] ACPI BIOS Warning (bug): 32/64X length mismatch in FADT/Gpe0Block: 64/32 (20180508/tbfadt-569)
[    0.000000] ACPI BIOS Warning (bug): Optional FADT field Gpe1Block has valid Address but zero Length: 0x000000000000102C/0x0 (20180508/tbfadt-624)
[    0.000000] ACPI: DSDT 0x00000000BF6D1D90 00CFB9 (v01 LENOVO TP-7B    00002190 MSFT 0100000E)
[    0.000000] ACPI: FACS 0x00000000BF6F4000 000040
[    0.000000] ACPI: FACS 0x00000000BF6F4000 000040
[    0.000000] ACPI: SSDT 0x00000000BF6D1BB4 0001DC (v01 LENOVO TP-7B    00002190 MSFT 0100000E)
[    0.000000] ACPI: ECDT 0x00000000BF6DED49 000052 (v01 LENOVO TP-7B    00002190 LNVO 00000001)
[    0.000000] ACPI: TCPA 0x00000000BF6DED9B 000032 (v02 LENOVO TP-7B    00002190 LNVO 00000001)
[    0.000000] ACPI: APIC 0x00000000BF6DEDCD 000068 (v01 LENOVO TP-7B    00002190 LNVO 00000001)
[    0.000000] ACPI: MCFG 0x00000000BF6DEE35 00003C (v01 LENOVO TP-7B    00002190 LNVO 00000001)
[    0.000000] ACPI: HPET 0x00000000BF6DEE71 000038 (v01 LENOVO TP-7B    00002190 LNVO 00000001)
[    0.000000] ACPI: BOOT 0x00000000BF6DEFD8 000028 (v01 LENOVO TP-7B    00002190  LTP 00000001)
[    0.000000] ACPI: SSDT 0x00000000BF6F2645 00025F (v01 LENOVO TP-7B    00002190 INTL 20050513)
[    0.000000] ACPI: SSDT 0x00000000BF6F28A4 0000A6 (v01 LENOVO TP-7B    00002190 INTL 20050513)
[    0.000000] ACPI: SSDT 0x00000000BF6F294A 0004F7 (v01 LENOVO TP-7B    00002190 INTL 20050513)
[    0.000000] ACPI: SSDT 0x00000000BF6F2E41 0001D8 (v01 LENOVO TP-7B    00002190 INTL 20050513)
[    0.000000] ACPI: Local APIC address 0xfee00000
[    0.000000] 2174MB HIGHMEM available.
[    0.000000] 887MB LOWMEM available.
[    0.000000]   mapped low ram: 0 - 377fe000
[    0.000000]   low ram: 0 - 377fe000
[    0.000000] tsc: Fast TSC calibration using PIT
[    0.000000] BRK [0x057ef000, 0x057effff] PGTABLE
[    0.000000] Zone ranges:
[    0.000000]   DMA      [mem 0x0000000000001000-0x0000000000ffffff]
[    0.000000]   Normal   [mem 0x0000000001000000-0x00000000377fdfff]
[    0.000000]   HighMem  [mem 0x00000000377fe000-0x00000000bf6cffff]
[    0.000000] Movable zone start for each node
[    0.000000] Early memory node ranges
[    0.000000]   node   0: [mem 0x0000000000001000-0x000000000009efff]
[    0.000000]   node   0: [mem 0x0000000000100000-0x00000000bf6cffff]
[    0.000000] Initmem setup node 0 [mem 0x0000000000001000-0x00000000bf6cffff]
[    0.000000] On node 0 totalpages: 783982
[    0.000000]   DMA zone: 32 pages used for memmap
[    0.000000]   DMA zone: 0 pages reserved
[    0.000000]   DMA zone: 3998 pages, LIFO batch:0
[    0.000000]   Normal zone: 1744 pages used for memmap
[    0.000000]   Normal zone: 223230 pages, LIFO batch:31
[    0.000000]   HighMem zone: 556754 pages, LIFO batch:31
[    0.000000] Reserved but unavailable: 98 pages
[    0.000000] Using APIC driver default
[    0.000000] Reserving Intel graphics memory at [mem 0xbf800000-0xbfffffff]
[    0.000000] ACPI: PM-Timer IO Port: 0x1008
[    0.000000] ACPI: Local APIC address 0xfee00000
[    0.000000] ACPI: LAPIC_NMI (acpi_id[0x00] high edge lint[0x1])
[    0.000000] ACPI: LAPIC_NMI (acpi_id[0x01] high edge lint[0x1])
[    0.000000] IOAPIC[0]: apic_id 1, version 32, address 0xfec00000, GSI 0-23
[    0.000000] ACPI: INT_SRC_OVR (bus 0 bus_irq 0 global_irq 2 dfl dfl)
[    0.000000] ACPI: INT_SRC_OVR (bus 0 bus_irq 9 global_irq 9 high level)
[    0.000000] ACPI: IRQ0 used by override.
[    0.000000] ACPI: IRQ9 used by override.
[    0.000000] Using ACPI (MADT) for SMP configuration information
[    0.000000] ACPI: HPET id: 0x8086a201 base: 0xfed00000
[    0.000000] smpboot: Allowing 2 CPUs, 0 hotplug CPUs
[    0.000000] PM: Registered nosave memory: [mem 0x00000000-0x00000fff]
[    0.000000] PM: Registered nosave memory: [mem 0x0009f000-0x0009ffff]
[    0.000000] PM: Registered nosave memory: [mem 0x000a0000-0x000dbfff]
[    0.000000] PM: Registered nosave memory: [mem 0x000dc000-0x000fffff]
[    0.000000] [mem 0xc0000000-0xefffffff] available for PCI devices
[    0.000000] clocksource: refined-jiffies: mask: 0xffffffff max_cycles: 0xffffffff, max_idle_ns: 7645519600211568 ns
[    0.000000] random: get_random_bytes called from start_kernel+0x69/0x32b with crng_init=0
[    0.000000] setup_percpu: NR_CPUS:8 nr_cpumask_bits:8 nr_cpu_ids:2 nr_node_ids:1
[    0.000000] percpu: Embedded 29 pages/cpu @(ptrval) s86248 r0 d32536 u118784
[    0.000000] pcpu-alloc: s86248 r0 d32536 u118784 alloc=29*4096
[    0.000000] pcpu-alloc: [0] 0 [0] 1 
[    0.000000] Built 1 zonelists, mobility grouping on.  Total pages: 782206
[    0.000000] Kernel command line: BOOT_IMAGE=(hd0,2)/fast/l/linux-next-32/arch/x86/boot/bzImage root=/dev/sda4 resume=/dev/sda1
[    0.000000] Dentry cache hash table entries: 131072 (order: 7, 524288 bytes)
[    0.000000] Inode-cache hash table entries: 65536 (order: 6, 262144 bytes)
[    0.000000] Initializing CPU#0
[    0.000000] Initializing HighMem for node 0 (000377fe:000bf6d0)
[    0.000000] Initializing Movable for node 0 (00000000:00000000)
[    0.000000] Memory: 3085808K/3135928K available (11902K kernel code, 703K rwdata, 4764K rodata, 596K init, 6136K bss, 50120K reserved, 0K cma-reserved, 2227016K highmem)
[    0.000000] virtual kernel memory layout:
    fixmap  : 0xffe70000 - 0xfffff000   (1596 kB)
  cpu_entry : 0xffa00000 - 0xffb39000   (1252 kB)
    pkmap   : 0xff800000 - 0xffa00000   (2048 kB)
    vmalloc : 0xf7ffe000 - 0xff7fe000   ( 120 MB)
    lowmem  : 0xc0000000 - 0xf77fe000   ( 887 MB)
      .init : 0xc5120000 - 0xc51b5000   ( 596 kB)
      .data : 0xc4b9f90c - 0xc50fde40   (5497 kB)
      .text : 0xc4000000 - 0xc4b9f90c   (11902 kB)
[    0.000000] Checking if this processor honours the WP bit even in supervisor mode...Ok.
[    0.000000] rcu: Hierarchical RCU implementation.
[    0.000000] rcu: 	RCU restricting CPUs from NR_CPUS=8 to nr_cpu_ids=2.
[    0.000000] rcu: Adjusting geometry for rcu_fanout_leaf=16, nr_cpu_ids=2
[    0.000000] NR_IRQS: 2304, nr_irqs: 56, preallocated irqs: 16
[    0.000000] CPU 0 irqstacks, hard=(ptrval) soft=(ptrval)
[    0.000000] Console: colour VGA+ 80x25
[    0.000000] console [tty0] enabled
[    0.000000] Lock dependency validator: Copyright (c) 2006 Red Hat, Inc., Ingo Molnar
[    0.000000] ... MAX_LOCKDEP_SUBCLASSES:  8
[    0.000000] ... MAX_LOCK_DEPTH:          48
[    0.000000] ... MAX_LOCKDEP_KEYS:        8191
[    0.000000] ... CLASSHASH_SIZE:          4096
[    0.000000] ... MAX_LOCKDEP_ENTRIES:     32768
[    0.000000] ... MAX_LOCKDEP_CHAINS:      65536
[    0.000000] ... CHAINHASH_SIZE:          32768
[    0.000000]  memory used by lock dependency info: 4383 kB
[    0.000000]  per task-struct memory footprint: 1344 bytes
[    0.000000] ACPI: Core revision 20180508
[    0.000000] clocksource: hpet: mask: 0xffffffff max_cycles: 0xffffffff, max_idle_ns: 133484882848 ns
[    0.000000] hpet clockevent registered
[    0.000000] APIC: Switch to symmetric I/O mode setup
[    0.000000] Enabling APIC mode:  Flat.  Using 1 I/O APICs
[    0.000000] ..TIMER: vector=0x30 apic1=0 pin1=2 apic2=-1 pin2=-1
[    0.020000] tsc: Fast TSC calibration using PIT
[    0.024000] tsc: Detected 1828.821 MHz processor
[    0.024000] clocksource: tsc-early: mask: 0xffffffffffffffff max_cycles: 0x1a5c83bf89f, max_idle_ns: 440795268273 ns
[    0.024000] Calibrating delay loop (skipped), value calculated using timer frequency.. 3657.64 BogoMIPS (lpj=7315284)
[    0.024000] pid_max: default: 32768 minimum: 301
[    0.024000] Mount-cache hash table entries: 2048 (order: 1, 8192 bytes)
[    0.024000] Mountpoint-cache hash table entries: 2048 (order: 1, 8192 bytes)
[    0.024000] Disabled fast string operations
[    0.024000] CPU: Physical Processor ID: 0
[    0.024000] CPU: Processor Core ID: 0
[    0.024000] process: using mwait in idle threads
[    0.024000] Last level iTLB entries: 4KB 128, 2MB 0, 4MB 2
[    0.024000] Last level dTLB entries: 4KB 128, 2MB 0, 4MB 8, 1GB 0
[    0.024000] Spectre V2 : Mitigation: Full generic retpoline
[    0.024000] Spectre V2 : Spectre v2 mitigation: Filling RSB on context switch
[    0.024000] Freeing SMP alternatives memory: 44K
[    0.032000] smpboot: CPU0: Genuine Intel(R) CPU           T2400  @ 1.83GHz (family: 0x6, model: 0xe, stepping: 0x8)
[    0.032000] Performance Events: Core events, core PMU driver.
[    0.032000] ... version:                1
[    0.032000] ... bit width:              40
[    0.032000] ... generic registers:      2
[    0.032000] ... value mask:             000000ffffffffff
[    0.032000] ... max period:             000000007fffffff
[    0.032000] ... fixed-purpose events:   0
[    0.032000] ... event mask:             0000000000000003
[    0.032000] rcu: Hierarchical SRCU implementation.
[    0.032000] NMI watchdog: Enabled. Permanently consumes one hw-PMU counter.
[    0.032057] smp: Bringing up secondary CPUs ...
[    0.033111] CPU 1 irqstacks, hard=(ptrval) soft=(ptrval)
[    0.033115] x86: Booting SMP configuration:
[    0.033197] .... node  #0, CPUs:      #1
[    0.004000] Initializing CPU#1
[    0.004000] Disabled fast string operations
[    0.035661] TSC synchronization [CPU#0 -> CPU#1]:
[    0.035971] Measured 580261 cycles TSC warp between CPUs, turning off TSC clock.
[    0.036000] tsc: Marking TSC unstable due to check_tsc_sync_source failed
[    0.036100] smp: Brought up 1 node, 2 CPUs
[    0.036100] smpboot: Max logical packages: 1
[    0.036168] smpboot: Total of 2 processors activated (7315.28 BogoMIPS)
[    0.037849] devtmpfs: initialized
[    0.037849] PM: Registering ACPI NVS region [mem 0xbf6df000-0xbf6fffff] (135168 bytes)
[    0.040074] clocksource: jiffies: mask: 0xffffffff max_cycles: 0xffffffff, max_idle_ns: 7645041785100000 ns
[    0.040188] futex hash table entries: 512 (order: 3, 32768 bytes)
[    0.040993] NET: Registered protocol family 16
[    0.042560] cpuidle: using governor ladder
[    0.042727] cpuidle: using governor menu
[    0.042948] Simple Boot Flag at 0x35 set to 0x1
[    0.043063] ACPI FADT declares the system doesn't support PCIe ASPM, so disable it
[    0.043162] ACPI: bus type PCI registered
[    0.043466] PCI: MMCONFIG for domain 0000 [bus 00-3f] at [mem 0xf0000000-0xf3ffffff] (base 0xf0000000)
[    0.043586] PCI: MMCONFIG at [mem 0xf0000000-0xf3ffffff] reserved in E820
[    0.043673] PCI: Using MMCONFIG for extended config space
[    0.044024] PCI: Using configuration type 1 for base access
[    0.044492] mtrr: your CPUs had inconsistent variable MTRR settings
[    0.044580] mtrr: probably your BIOS does not setup all CPUs.
[    0.044662] mtrr: corrected configuration.
[    0.109635] ACPI: Added _OSI(Module Device)
[    0.109635] ACPI: Added _OSI(Processor Device)
[    0.109635] ACPI: Added _OSI(3.0 _SCP Extensions)
[    0.109635] ACPI: Added _OSI(Processor Aggregator Device)
[    0.109635] ACPI: Added _OSI(Linux-Dell-Video)
[    0.109635] ACPI: EC: EC started
[    0.109635] ACPI: EC: interrupt blocked
[    0.109635] ACPI: \: Used as first EC
[    0.109635] ACPI: \: GPE=0x1c, EC_CMD/EC_SC=0x66, EC_DATA=0x62
[    0.109635] ACPI: \: Used as boot ECDT EC to handle transactions
[    0.175376] ACPI: 6 ACPI AML tables successfully acquired and loaded
[    0.207557] ACPI: Dynamic OEM Table Load:
[    0.207654] ACPI: SSDT 0x00000000F5B58400 000240 (v01 PmRef  Cpu0Ist  00000100 INTL 20050513)
[    0.209239] ACPI: Dynamic OEM Table Load:
[    0.209333] ACPI: SSDT 0x00000000F5B4C800 00065A (v01 PmRef  Cpu0Cst  00000100 INTL 20050513)
[    0.213126] ACPI: Dynamic OEM Table Load:
[    0.213219] ACPI: SSDT 0x00000000F5815A00 0000C8 (v01 PmRef  Cpu1Ist  00000100 INTL 20050513)
[    0.214138] ACPI: Dynamic OEM Table Load:
[    0.214230] ACPI: SSDT 0x00000000F5A8A0C0 000085 (v01 PmRef  Cpu1Cst  00000100 INTL 20050513)
[    0.214714] ACPI: Interpreter enabled
[    0.216162] ACPI: (supports S0 S3 S4 S5)
[    0.216243] ACPI: Using IOAPIC for interrupt routing
[    0.216459] PCI: Using host bridge windows from ACPI; if necessary, use "pci=nocrs" and report a bug
[    0.217504] ACPI: Enabled 4 GPEs in block 00 to 1F
[    0.240121] ACPI: Power Resource [PUBS] (on)
[    0.241270] acpi PNP0C0A:01: ACPI dock station (docks/bays count: 1)
[    0.248995] acpi LNXIOBAY:00: ACPI dock station (docks/bays count: 2)
[    0.262862] acpi IBM0079:00: ACPI dock station (docks/bays count: 3)
[    0.265258] ACPI: PCI Interrupt Link [LNKA] (IRQs 3 4 5 6 7 9 10 *11)
[    0.266102] ACPI: PCI Interrupt Link [LNKB] (IRQs 3 4 5 6 7 9 10 *11)
[    0.266944] ACPI: PCI Interrupt Link [LNKC] (IRQs 3 4 5 6 7 9 10 *11)
[    0.267786] ACPI: PCI Interrupt Link [LNKD] (IRQs 3 4 5 6 7 9 10 *11)
[    0.268639] ACPI: PCI Interrupt Link [LNKE] (IRQs 3 4 5 6 7 9 10 *11)
[    0.269479] ACPI: PCI Interrupt Link [LNKF] (IRQs 3 4 5 6 7 9 10 *11)
[    0.270321] ACPI: PCI Interrupt Link [LNKG] (IRQs 3 4 5 6 7 9 10 *11)
[    0.271162] ACPI: PCI Interrupt Link [LNKH] (IRQs 3 4 5 6 7 9 10 *11)
[    0.271716] ACPI: PCI Root Bridge [PCI0] (domain 0000 [bus 00-ff])
[    0.271815] acpi PNP0A08:00: _OSC: OS supports [ExtendedConfig ASPM ClockPM Segments]
[    0.272834] acpi PNP0A08:00: _OSC: not requesting OS control; OS requires [ExtendedConfig ASPM ClockPM MSI]
[    0.272969] acpi PNP0A08:00: [Firmware Info]: MMCONFIG for domain 0000 [bus 00-3f] only partially covers this bridge
[    0.273335] PCI host bridge to bus 0000:00
[    0.273416] pci_bus 0000:00: root bus resource [io  0x0000-0x0cf7 window]
[    0.273508] pci_bus 0000:00: root bus resource [io  0x0d00-0xffff window]
[    0.273601] pci_bus 0000:00: root bus resource [mem 0x000a0000-0x000bffff window]
[    0.273697] pci_bus 0000:00: root bus resource [mem 0x000d0000-0x000d3fff window]
[    0.273792] pci_bus 0000:00: root bus resource [mem 0x000d4000-0x000d7fff window]
[    0.273888] pci_bus 0000:00: root bus resource [mem 0x000d8000-0x000dbfff window]
[    0.273985] pci_bus 0000:00: root bus resource [mem 0xc0000000-0xfebfffff window]
[    0.274080] pci_bus 0000:00: root bus resource [mem 0xfed40000-0xfed40fff window]
[    0.274177] pci_bus 0000:00: root bus resource [bus 00-ff]
[    0.274292] pci 0000:00:00.0: [8086:27a0] type 00 class 0x060000
[    0.274748] pci 0000:00:02.0: [8086:27a2] type 00 class 0x030000
[    0.274770] pci 0000:00:02.0: reg 0x10: [mem 0xee100000-0xee17ffff]
[    0.274781] pci 0000:00:02.0: reg 0x14: [io  0x1800-0x1807]
[    0.274792] pci 0000:00:02.0: reg 0x18: [mem 0xd0000000-0xdfffffff pref]
[    0.274803] pci 0000:00:02.0: reg 0x1c: [mem 0xee200000-0xee23ffff]
[    0.275263] pci 0000:00:02.1: [8086:27a6] type 00 class 0x038000
[    0.275283] pci 0000:00:02.1: reg 0x10: [mem 0xee180000-0xee1fffff]
[    0.275771] pci 0000:00:1b.0: [8086:27d8] type 00 class 0x040300
[    0.275817] pci 0000:00:1b.0: reg 0x10: [mem 0xee240000-0xee243fff 64bit]
[    0.275978] pci 0000:00:1b.0: PME# supported from D0 D3hot D3cold
[    0.276440] pci 0000:00:1c.0: [8086:27d0] type 01 class 0x060400
[    0.276616] pci 0000:00:1c.0: PME# supported from D0 D3hot D3cold
[    0.277067] pci 0000:00:1c.1: [8086:27d2] type 01 class 0x060400
[    0.277244] pci 0000:00:1c.1: PME# supported from D0 D3hot D3cold
[    0.277687] pci 0000:00:1c.2: [8086:27d4] type 01 class 0x060400
[    0.277863] pci 0000:00:1c.2: PME# supported from D0 D3hot D3cold
[    0.278311] pci 0000:00:1c.3: [8086:27d6] type 01 class 0x060400
[    0.278487] pci 0000:00:1c.3: PME# supported from D0 D3hot D3cold
[    0.278926] pci 0000:00:1d.0: [8086:27c8] type 00 class 0x0c0300
[    0.279005] pci 0000:00:1d.0: reg 0x20: [io  0x1820-0x183f]
[    0.279462] pci 0000:00:1d.1: [8086:27c9] type 00 class 0x0c0300
[    0.279541] pci 0000:00:1d.1: reg 0x20: [io  0x1840-0x185f]
[    0.279983] pci 0000:00:1d.2: [8086:27ca] type 00 class 0x0c0300
[    0.280072] pci 0000:00:1d.2: reg 0x20: [io  0x1860-0x187f]
[    0.280524] pci 0000:00:1d.3: [8086:27cb] type 00 class 0x0c0300
[    0.280602] pci 0000:00:1d.3: reg 0x20: [io  0x1880-0x189f]
[    0.281037] pci 0000:00:1d.7: [8086:27cc] type 00 class 0x0c0320
[    0.281072] pci 0000:00:1d.7: reg 0x10: [mem 0xee444000-0xee4443ff]
[    0.281214] pci 0000:00:1d.7: PME# supported from D0 D3hot D3cold
[    0.281626] pci 0000:00:1e.0: [8086:2448] type 01 class 0x060401
[    0.282146] pci 0000:00:1f.0: [8086:27b9] type 00 class 0x060100
[    0.282306] pci 0000:00:1f.0: quirk: [io  0x1000-0x107f] claimed by ICH6 ACPI/GPIO/TCO
[    0.282410] pci 0000:00:1f.0: quirk: [io  0x1180-0x11bf] claimed by ICH6 GPIO
[    0.282506] pci 0000:00:1f.0: ICH7 LPC Generic IO decode 1 PIO at 1600 (mask 007f)
[    0.282604] pci 0000:00:1f.0: ICH7 LPC Generic IO decode 2 PIO at 15e0 (mask 000f)
[    0.282703] pci 0000:00:1f.0: ICH7 LPC Generic IO decode 3 PIO at 1680 (mask 001f)
[    0.283228] pci 0000:00:1f.1: [8086:27df] type 00 class 0x01018a
[    0.283259] pci 0000:00:1f.1: reg 0x10: [io  0x0000-0x0007]
[    0.283275] pci 0000:00:1f.1: reg 0x14: [io  0x0000-0x0003]
[    0.283292] pci 0000:00:1f.1: reg 0x18: [io  0x0000-0x0007]
[    0.283308] pci 0000:00:1f.1: reg 0x1c: [io  0x0000-0x0003]
[    0.283324] pci 0000:00:1f.1: reg 0x20: [io  0x1810-0x181f]
[    0.283357] pci 0000:00:1f.1: legacy IDE quirk: reg 0x10: [io  0x01f0-0x01f7]
[    0.283452] pci 0000:00:1f.1: legacy IDE quirk: reg 0x14: [io  0x03f6]
[    0.283542] pci 0000:00:1f.1: legacy IDE quirk: reg 0x18: [io  0x0170-0x0177]
[    0.283635] pci 0000:00:1f.1: legacy IDE quirk: reg 0x1c: [io  0x0376]
[    0.284132] pci 0000:00:1f.2: [8086:27c5] type 00 class 0x010601
[    0.284167] pci 0000:00:1f.2: reg 0x10: [io  0x18d0-0x18d7]
[    0.284183] pci 0000:00:1f.2: reg 0x14: [io  0x18c4-0x18c7]
[    0.284200] pci 0000:00:1f.2: reg 0x18: [io  0x18c8-0x18cf]
[    0.284216] pci 0000:00:1f.2: reg 0x1c: [io  0x18c0-0x18c3]
[    0.284232] pci 0000:00:1f.2: reg 0x20: [io  0x18b0-0x18bf]
[    0.284249] pci 0000:00:1f.2: reg 0x24: [mem 0xee444400-0xee4447ff]
[    0.284333] pci 0000:00:1f.2: PME# supported from D3hot
[    0.284748] pci 0000:00:1f.3: [8086:27da] type 00 class 0x0c0500
[    0.284845] pci 0000:00:1f.3: reg 0x20: [io  0x18e0-0x18ff]
[    0.285518] pci 0000:02:00.0: [8086:109a] type 00 class 0x020000
[    0.285583] pci 0000:02:00.0: reg 0x10: [mem 0xee000000-0xee01ffff]
[    0.285631] pci 0000:02:00.0: reg 0x18: [io  0x2000-0x201f]
[    0.285883] pci 0000:02:00.0: PME# supported from D0 D3hot D3cold
[    0.286247] pci 0000:00:1c.0: PCI bridge to [bus 02]
[    0.286334] pci 0000:00:1c.0:   bridge window [io  0x2000-0x2fff]
[    0.286342] pci 0000:00:1c.0:   bridge window [mem 0xee000000-0xee0fffff]
[    0.286615] pci 0000:03:00.0: [8086:4227] type 00 class 0x028000
[    0.286723] pci 0000:03:00.0: reg 0x10: [mem 0xedf00000-0xedf00fff]
[    0.287229] pci 0000:03:00.0: PME# supported from D0 D3hot D3cold
[    0.287640] pci 0000:00:1c.1: PCI bridge to [bus 03]
[    0.287726] pci 0000:00:1c.1:   bridge window [io  0x3000-0x4fff]
[    0.287734] pci 0000:00:1c.1:   bridge window [mem 0xec000000-0xedffffff]
[    0.287746] pci 0000:00:1c.1:   bridge window [mem 0xe4000000-0xe40fffff 64bit pref]
[    0.287896] pci 0000:00:1c.2: PCI bridge to [bus 04-0b]
[    0.287985] pci 0000:00:1c.2:   bridge window [io  0x5000-0x6fff]
[    0.287993] pci 0000:00:1c.2:   bridge window [mem 0xe8000000-0xe9ffffff]
[    0.288013] pci 0000:00:1c.2:   bridge window [mem 0xe4100000-0xe41fffff 64bit pref]
[    0.288164] pci 0000:00:1c.3: PCI bridge to [bus 0c-13]
[    0.288254] pci 0000:00:1c.3:   bridge window [io  0x7000-0x8fff]
[    0.288262] pci 0000:00:1c.3:   bridge window [mem 0xea000000-0xebffffff]
[    0.288273] pci 0000:00:1c.3:   bridge window [mem 0xe4200000-0xe42fffff 64bit pref]
[    0.288314] pci_bus 0000:15: extended config space not accessible
[    0.288512] pci 0000:15:00.0: [1180:0476] type 02 class 0x060700
[    0.288545] pci 0000:15:00.0: reg 0x10: [mem 0xe4300000-0xe4300fff]
[    0.288618] pci 0000:15:00.0: supports D1 D2
[    0.288623] pci 0000:15:00.0: PME# supported from D0 D1 D2 D3hot D3cold
[    0.288883] pci 0000:15:00.1: [1180:0552] type 00 class 0x0c0010
[    0.288912] pci 0000:15:00.1: reg 0x10: [mem 0xe4301000-0xe43017ff]
[    0.289060] pci 0000:15:00.1: PME# supported from D0 D3hot D3cold
[    0.289267] pci 0000:15:00.2: [1180:0822] type 00 class 0x080500
[    0.289296] pci 0000:15:00.2: reg 0x10: [mem 0xe4301800-0xe43018ff]
[    0.289442] pci 0000:15:00.2: supports D1 D2
[    0.289446] pci 0000:15:00.2: PME# supported from D0 D1 D2 D3hot D3cold
[    0.289716] pci 0000:00:1e.0: PCI bridge to [bus 15-18] (subtractive decode)
[    0.289815] pci 0000:00:1e.0:   bridge window [io  0x9000-0xcfff]
[    0.289823] pci 0000:00:1e.0:   bridge window [mem 0xe4300000-0xe7ffffff]
[    0.289834] pci 0000:00:1e.0:   bridge window [mem 0xe0000000-0xe3ffffff 64bit pref]
[    0.289840] pci 0000:00:1e.0:   bridge window [io  0x0000-0x0cf7 window] (subtractive decode)
[    0.289844] pci 0000:00:1e.0:   bridge window [io  0x0d00-0xffff window] (subtractive decode)
[    0.289849] pci 0000:00:1e.0:   bridge window [mem 0x000a0000-0x000bffff window] (subtractive decode)
[    0.289868] pci 0000:00:1e.0:   bridge window [mem 0x000d0000-0x000d3fff window] (subtractive decode)
[    0.289872] pci 0000:00:1e.0:   bridge window [mem 0x000d4000-0x000d7fff window] (subtractive decode)
[    0.289877] pci 0000:00:1e.0:   bridge window [mem 0x000d8000-0x000dbfff window] (subtractive decode)
[    0.289882] pci 0000:00:1e.0:   bridge window [mem 0xc0000000-0xfebfffff window] (subtractive decode)
[    0.289887] pci 0000:00:1e.0:   bridge window [mem 0xfed40000-0xfed40fff window] (subtractive decode)
[    0.289935] pci_bus 0000:16: extended config space not accessible
[    0.290123] pci_bus 0000:16: busn_res: [bus 16-18] end is updated to 17
[    0.290180] pci_bus 0000:00: on NUMA node 0
[    0.296435] ACPI: EC: interrupt unblocked
[    0.296548] ACPI: EC: event unblocked
[    0.296656] ACPI: \_SB_.PCI0.LPC_.EC__: GPE=0x1c, EC_CMD/EC_SC=0x66, EC_DATA=0x62
[    0.296754] ACPI: \_SB_.PCI0.LPC_.EC__: Used as boot DSDT EC to handle transactions and events
[    0.297922] pci 0000:00:02.0: vgaarb: setting as boot VGA device
[    0.298014] pci 0000:00:02.0: vgaarb: VGA device added: decodes=io+mem,owns=io+mem,locks=none
[    0.298153] pci 0000:00:02.0: vgaarb: bridge control possible
[    0.298235] vgaarb: loaded
[    0.298850] SCSI subsystem initialized
[    0.299218] libata version 3.00 loaded.
[    0.299419] ACPI: bus type USB registered
[    0.299630] usbcore: registered new interface driver usbfs
[    0.299782] usbcore: registered new interface driver hub
[    0.299928] usbcore: registered new device driver usb
[    0.300143] media: Linux media interface: v0.10
[    0.300266] videodev: Linux video capture interface: v2.00
[    0.300409] pps_core: LinuxPPS API ver. 1 registered
[    0.300489] pps_core: Software ver. 5.3.6 - Copyright 2005-2007 Rodolfo Giometti <giometti@linux.it>
[    0.300641] PTP clock support registered
[    0.301112] EDAC MC: Ver: 3.0.0
[    0.301664] Advanced Linux Sound Architecture Driver Initialized.
[    0.301664] PCI: Using ACPI for IRQ routing
[    0.305182] PCI: pci_cache_line_size set to 64 bytes
[    0.305515] e820: reserve RAM buffer [mem 0x0009f000-0x0009ffff]
[    0.305521] e820: reserve RAM buffer [mem 0xbf6d0000-0xbfffffff]
[    0.306127] Bluetooth: Core ver 2.22
[    0.306256] NET: Registered protocol family 31
[    0.306333] Bluetooth: HCI device and connection manager initialized
[    0.306429] Bluetooth: HCI socket layer initialized
[    0.306518] Bluetooth: L2CAP socket layer initialized
[    0.306638] Bluetooth: SCO socket layer initialized
[    0.308680] clocksource: Switched to clocksource hpet
[    0.309143] pnp: PnP ACPI init
[    0.312000] system 00:00: [mem 0x00000000-0x0009ffff] could not be reserved
[    0.312000] system 00:00: [mem 0x000c0000-0x000c3fff] could not be reserved
[    0.312038] system 00:00: [mem 0x000c4000-0x000c7fff] could not be reserved
[    0.312134] system 00:00: [mem 0x000c8000-0x000cbfff] has been reserved
[    0.312231] system 00:00: [mem 0x000cc000-0x000cffff] has been reserved
[    0.312328] system 00:00: [mem 0x000dc000-0x000dffff] could not be reserved
[    0.312426] system 00:00: [mem 0x000e0000-0x000e3fff] could not be reserved
[    0.312522] system 00:00: [mem 0x000e4000-0x000e7fff] could not be reserved
[    0.312619] system 00:00: [mem 0x000e8000-0x000ebfff] could not be reserved
[    0.312715] system 00:00: [mem 0x000ec000-0x000effff] could not be reserved
[    0.312812] system 00:00: [mem 0x000f0000-0x000fffff] could not be reserved
[    0.312908] system 00:00: [mem 0x00100000-0xbfffffff] could not be reserved
[    0.313005] system 00:00: [mem 0xfec00000-0xfed3ffff] could not be reserved
[    0.313101] system 00:00: [mem 0xfed41000-0xffffffff] could not be reserved
[    0.313252] system 00:00: Plug and Play ACPI device, IDs PNP0c01 (active)
[    0.313765] system 00:01: [io  0x164e-0x164f] has been reserved
[    0.313857] system 00:01: [io  0x1000-0x107f] has been reserved
[    0.313948] system 00:01: [io  0x1180-0x11bf] has been reserved
[    0.314039] system 00:01: [io  0x0800-0x080f] has been reserved
[    0.314128] system 00:01: [io  0x15e0-0x15ef] has been reserved
[    0.314220] system 00:01: [io  0x1600-0x165f] could not be reserved
[    0.314312] system 00:01: [mem 0xf0000000-0xf3ffffff] has been reserved
[    0.314406] system 00:01: [mem 0xfed1c000-0xfed1ffff] has been reserved
[    0.314499] system 00:01: [mem 0xfed14000-0xfed17fff] has been reserved
[    0.314592] system 00:01: [mem 0xfed18000-0xfed18fff] has been reserved
[    0.314686] system 00:01: [mem 0xfed19000-0xfed19fff] has been reserved
[    0.314813] system 00:01: Plug and Play ACPI device, IDs PNP0c02 (active)
[    0.315124] pnp 00:02: Plug and Play ACPI device, IDs PNP0b00 (active)
[    0.315259] pnp 00:03: Plug and Play ACPI device, IDs PNP0303 (active)
[    0.315395] pnp 00:04: Plug and Play ACPI device, IDs IBM3780 PNP0f13 (active)
[    0.316161] pnp 00:05: [dma 3]
[    0.316365] pnp 00:05: Plug and Play ACPI device, IDs IBM0071 PNP0511 (active)
[    0.316605] pnp 00:06: Plug and Play ACPI device, IDs ATM1200 PNP0c31 (active)
[    0.319024] pnp: PnP ACPI: found 7 devices
[    0.365931] clocksource: acpi_pm: mask: 0xffffff max_cycles: 0xffffff, max_idle_ns: 2085701024 ns
[    0.366074] pci 0000:00:1c.0: bridge window [mem 0x00100000-0x000fffff 64bit pref] to [bus 02] add_size 200000 add_align 100000
[    0.366159] pci 0000:00:1c.0: BAR 9: assigned [mem 0xc0000000-0xc01fffff 64bit pref]
[    0.366257] pci 0000:00:1c.0: PCI bridge to [bus 02]
[    0.366339] pci 0000:00:1c.0:   bridge window [io  0x2000-0x2fff]
[    0.366430] pci 0000:00:1c.0:   bridge window [mem 0xee000000-0xee0fffff]
[    0.366522] pci 0000:00:1c.0:   bridge window [mem 0xc0000000-0xc01fffff 64bit pref]
[    0.366622] pci 0000:00:1c.1: PCI bridge to [bus 03]
[    0.366704] pci 0000:00:1c.1:   bridge window [io  0x3000-0x4fff]
[    0.366794] pci 0000:00:1c.1:   bridge window [mem 0xec000000-0xedffffff]
[    0.366886] pci 0000:00:1c.1:   bridge window [mem 0xe4000000-0xe40fffff 64bit pref]
[    0.366985] pci 0000:00:1c.2: PCI bridge to [bus 04-0b]
[    0.367068] pci 0000:00:1c.2:   bridge window [io  0x5000-0x6fff]
[    0.367158] pci 0000:00:1c.2:   bridge window [mem 0xe8000000-0xe9ffffff]
[    0.367250] pci 0000:00:1c.2:   bridge window [mem 0xe4100000-0xe41fffff 64bit pref]
[    0.367350] pci 0000:00:1c.3: PCI bridge to [bus 0c-13]
[    0.367432] pci 0000:00:1c.3:   bridge window [io  0x7000-0x8fff]
[    0.367523] pci 0000:00:1c.3:   bridge window [mem 0xea000000-0xebffffff]
[    0.367616] pci 0000:00:1c.3:   bridge window [mem 0xe4200000-0xe42fffff 64bit pref]
[    0.367726] pci 0000:15:00.0: BAR 9: assigned [mem 0xe0000000-0xe3ffffff pref]
[    0.367822] pci 0000:15:00.0: BAR 10: assigned [mem 0xc4000000-0xc7ffffff]
[    0.367912] pci 0000:15:00.0: BAR 7: assigned [io  0x9000-0x90ff]
[    0.367998] pci 0000:15:00.0: BAR 8: assigned [io  0x9400-0x94ff]
[    0.368108] pci 0000:15:00.0: CardBus bridge to [bus 16-17]
[    0.368191] pci 0000:15:00.0:   bridge window [io  0x9000-0x90ff]
[    0.368280] pci 0000:15:00.0:   bridge window [io  0x9400-0x94ff]
[    0.368368] pci 0000:15:00.0:   bridge window [mem 0xe0000000-0xe3ffffff pref]
[    0.368462] pci 0000:15:00.0:   bridge window [mem 0xc4000000-0xc7ffffff]
[    0.368555] pci 0000:00:1e.0: PCI bridge to [bus 15-18]
[    0.368637] pci 0000:00:1e.0:   bridge window [io  0x9000-0xcfff]
[    0.368728] pci 0000:00:1e.0:   bridge window [mem 0xe4300000-0xe7ffffff]
[    0.368820] pci 0000:00:1e.0:   bridge window [mem 0xe0000000-0xe3ffffff 64bit pref]
[    0.368921] pci_bus 0000:00: resource 4 [io  0x0000-0x0cf7 window]
[    0.368925] pci_bus 0000:00: resource 5 [io  0x0d00-0xffff window]
[    0.368930] pci_bus 0000:00: resource 6 [mem 0x000a0000-0x000bffff window]
[    0.368934] pci_bus 0000:00: resource 7 [mem 0x000d0000-0x000d3fff window]
[    0.368938] pci_bus 0000:00: resource 8 [mem 0x000d4000-0x000d7fff window]
[    0.368942] pci_bus 0000:00: resource 9 [mem 0x000d8000-0x000dbfff window]
[    0.368946] pci_bus 0000:00: resource 10 [mem 0xc0000000-0xfebfffff window]
[    0.368950] pci_bus 0000:00: resource 11 [mem 0xfed40000-0xfed40fff window]
[    0.368955] pci_bus 0000:02: resource 0 [io  0x2000-0x2fff]
[    0.368959] pci_bus 0000:02: resource 1 [mem 0xee000000-0xee0fffff]
[    0.368963] pci_bus 0000:02: resource 2 [mem 0xc0000000-0xc01fffff 64bit pref]
[    0.368967] pci_bus 0000:03: resource 0 [io  0x3000-0x4fff]
[    0.368971] pci_bus 0000:03: resource 1 [mem 0xec000000-0xedffffff]
[    0.368976] pci_bus 0000:03: resource 2 [mem 0xe4000000-0xe40fffff 64bit pref]
[    0.368980] pci_bus 0000:04: resource 0 [io  0x5000-0x6fff]
[    0.368984] pci_bus 0000:04: resource 1 [mem 0xe8000000-0xe9ffffff]
[    0.368988] pci_bus 0000:04: resource 2 [mem 0xe4100000-0xe41fffff 64bit pref]
[    0.368992] pci_bus 0000:0c: resource 0 [io  0x7000-0x8fff]
[    0.368996] pci_bus 0000:0c: resource 1 [mem 0xea000000-0xebffffff]
[    0.369000] pci_bus 0000:0c: resource 2 [mem 0xe4200000-0xe42fffff 64bit pref]
[    0.369004] pci_bus 0000:15: resource 0 [io  0x9000-0xcfff]
[    0.369009] pci_bus 0000:15: resource 1 [mem 0xe4300000-0xe7ffffff]
[    0.369013] pci_bus 0000:15: resource 2 [mem 0xe0000000-0xe3ffffff 64bit pref]
[    0.369017] pci_bus 0000:15: resource 4 [io  0x0000-0x0cf7 window]
[    0.369021] pci_bus 0000:15: resource 5 [io  0x0d00-0xffff window]
[    0.369025] pci_bus 0000:15: resource 6 [mem 0x000a0000-0x000bffff window]
[    0.369029] pci_bus 0000:15: resource 7 [mem 0x000d0000-0x000d3fff window]
[    0.369033] pci_bus 0000:15: resource 8 [mem 0x000d4000-0x000d7fff window]
[    0.369037] pci_bus 0000:15: resource 9 [mem 0x000d8000-0x000dbfff window]
[    0.369041] pci_bus 0000:15: resource 10 [mem 0xc0000000-0xfebfffff window]
[    0.369045] pci_bus 0000:15: resource 11 [mem 0xfed40000-0xfed40fff window]
[    0.369049] pci_bus 0000:16: resource 0 [io  0x9000-0x90ff]
[    0.369053] pci_bus 0000:16: resource 1 [io  0x9400-0x94ff]
[    0.369057] pci_bus 0000:16: resource 2 [mem 0xe0000000-0xe3ffffff pref]
[    0.369061] pci_bus 0000:16: resource 3 [mem 0xc4000000-0xc7ffffff]
[    0.369510] NET: Registered protocol family 2
[    0.370222] tcp_listen_portaddr_hash hash table entries: 512 (order: 2, 20480 bytes)
[    0.370370] TCP established hash table entries: 8192 (order: 3, 32768 bytes)
[    0.370524] TCP bind hash table entries: 8192 (order: 6, 294912 bytes)
[    0.371105] TCP: Hash tables configured (established 8192 bind 8192)
[    0.371514] UDP hash table entries: 512 (order: 3, 40960 bytes)
[    0.371672] UDP-Lite hash table entries: 512 (order: 3, 40960 bytes)
[    0.371994] NET: Registered protocol family 1
[    0.372720] RPC: Registered named UNIX socket transport module.
[    0.372807] RPC: Registered udp transport module.
[    0.372888] RPC: Registered tcp transport module.
[    0.372967] RPC: Registered tcp NFSv4.1 backchannel transport module.
[    0.373578] pci 0000:00:02.0: Video device with shadowed ROM at [mem 0x000c0000-0x000dffff]
[    0.378554] PCI: CLS mismatch (64 != 32), using 64 bytes
[    0.381524] Initialise system trusted keyrings
[    0.381961] workingset: timestamp_bits=30 max_order=20 bucket_order=0
[    0.383936] Installing knfsd (copyright (C) 1996 okir@monad.swb.de).
[    0.384484] ntfs: driver 2.1.32 [Flags: R/W].
[    0.384788] fuse init (API version 7.27)
[    0.385477] pstore: using deflate compression
[    0.388963] Key type asymmetric registered
[    0.389050] Asymmetric key parser 'x509' registered
[    0.389265] bounce: pool size: 64 pages
[    0.389441] Block layer SCSI generic (bsg) driver version 0.4 loaded (major 249)
[    0.389547] io scheduler noop registered
[    0.389623] io scheduler deadline registered
[    0.389734] io scheduler cfq registered (default)
[    0.389813] io scheduler mq-deadline registered
[    0.389921] io scheduler bfq registered
[    0.392505] intel_idle: does not run on family 6 model 14
[    0.392962] ACPI: Deprecated procfs I/F for AC is loaded, please retry with CONFIG_ACPI_PROCFS_POWER cleared
[    0.393241] ACPI: AC Adapter [AC] (on-line)
[    0.393635] input: Lid Switch as /devices/LNXSYSTM:00/LNXSYBUS:00/PNP0C0D:00/input/input0
[    0.393901] ACPI: Lid Switch [LID]
[    0.394187] input: Sleep Button as /devices/LNXSYSTM:00/LNXSYBUS:00/PNP0C0E:00/input/input1
[    0.394357] ACPI: Sleep Button [SLPB]
[    0.394671] input: Power Button as /devices/LNXSYSTM:00/LNXPWRBN:00/input/input2
[    0.394820] ACPI: Power Button [PWRF]
[    0.395335] ACPI: Video Device [VID] (multi-head: yes  rom: no  post: no)
[    0.402936] acpi device:01: registered as cooling_device0
[    0.403408] input: Video Bus as /devices/LNXSYSTM:00/LNXSYBUS:00/PNP0A08:00/LNXVIDEO:00/input/input3
[    0.420670] thermal LNXTHERM:00: registered as thermal_zone0
[    0.420759] ACPI: Thermal Zone [THM0] (53 C)
[    0.424565] thermal LNXTHERM:01: registered as thermal_zone1
[    0.424653] ACPI: Thermal Zone [THM1] (54 C)
[    0.425510] Serial: 8250/16550 driver, 4 ports, IRQ sharing disabled
[    0.426932] serial8250: ttyS1 at I/O 0x2f8 (irq = 3, base_baud = 921600) is a NS16550A
[    0.428989] lp: driver loaded but no devices found
[    0.429232] Non-volatile memory driver v1.3
[    0.429716] intel_rng: FWH not detected
[    0.429909] Linux agpgart interface v0.103
[    0.430689] [drm] radeon kernel modesetting enabled.
[    0.432194] pci 0000:00:00.0: Intel 945GM Chipset
[    0.432334] pci 0000:00:00.0: detected gtt size: 262144K total, 262144K mappable
[    0.433011] pci 0000:00:00.0: detected 8192K stolen memory
[    0.433344] [drm] Replacing VGA console driver
[    0.434392] Console: switching to colour dummy device 80x25
[    0.435962] [drm] Supports vblank timestamp caching Rev 2 (21.10.2013).
[    0.436037] [drm] Driver supports precise vblank timestamp query.
[    0.436085] resource sanity check: requesting [mem 0x000c0000-0x000dffff], which spans more than pnp 00:00 [mem 0x000c8000-0x000cbfff]
[    0.436261] caller pci_map_rom+0x58/0xf0 mapping multiple BARs
[    0.438014] i915 0000:00:02.0: vgaarb: changed VGA decodes: olddecodes=io+mem,decodes=io+mem:owns=io+mem
[    0.459834] ACPI: Deprecated procfs I/F for battery is loaded, please retry with CONFIG_ACPI_PROCFS_POWER cleared
[    0.459909] ACPI: Battery Slot [BAT0] (battery present)
[    0.496076] random: fast init done
[    0.515018] [drm] RC6 disabled, disabling runtime PM support
[    0.515314] [drm] initialized overlay support
[    0.516838] [drm] Initialized i915 1.6.0 20180514 for 0000:00:02.0 on minor 0
[    0.517961] usbcore: registered new interface driver udl
[    0.530919] loop: module loaded
[    0.542289] fbcon: inteldrmfb (fb0) is primary device
[    0.554318] ahci 0000:00:1f.2: version 3.0
[    0.555085] ahci 0000:00:1f.2: AHCI 0001.0100 32 slots 4 ports 1.5 Gbps 0x1 impl SATA mode
[    0.555091] ahci 0000:00:1f.2: flags: 64bit ncq pm led clo pio slum part 
[    0.557607] scsi host0: ahci
[    0.558169] scsi host1: ahci
[    0.558689] scsi host2: ahci
[    0.559188] scsi host3: ahci
[    0.559420] ata1: SATA max UDMA/133 abar m1024@0xee444400 port 0xee444500 irq 16
[    0.559422] ata2: DUMMY
[    0.559425] ata3: DUMMY
[    0.559426] ata4: DUMMY
[    0.559602] ata_piix 0000:00:1f.1: version 2.13
[    0.562572] scsi host4: ata_piix
[    0.563863] scsi host5: ata_piix
[    0.564109] ata5: PATA max UDMA/100 cmd 0x1f0 ctl 0x3f6 bmdma 0x1810 irq 14
[    0.564112] ata6: PATA max UDMA/100 cmd 0x170 ctl 0x376 bmdma 0x1818 irq 15
[    0.565075] tun: Universal TUN/TAP device driver, 1.6
[    0.565385] ata6: port disabled--ignoring
[    0.565747] e1000: Intel(R) PRO/1000 Network Driver - version 7.3.21-k8-NAPI
[    0.565749] e1000: Copyright (c) 1999-2006 Intel Corporation.
[    0.565827] e1000e: Intel(R) PRO/1000 Network Driver - 3.2.6-k
[    0.565828] e1000e: Copyright(c) 1999 - 2015 Intel Corporation.
[    0.565944] e1000e 0000:02:00.0: Disabling ASPM  L1
[    0.565948] e1000e 0000:02:00.0: can't disable ASPM; OS doesn't have ASPM control
[    0.566391] e1000e 0000:02:00.0: Interrupt Throttling Rate (ints/sec) set to dynamic conservative mode
[    0.692923] e1000e 0000:02:00.0 eth0: (PCI Express:2.5GT/s:Width x1) 00:16:d3:25:19:04
[    0.692927] e1000e 0000:02:00.0 eth0: Intel(R) PRO/1000 Network Connection
[    0.693006] e1000e 0000:02:00.0 eth0: MAC: 2, PHY: 2, PBA No: 005302-003
[    0.693276] PPP generic driver version 2.4.2
[    0.693526] PPP BSD Compression module registered
[    0.693530] PPP Deflate Compression module registered
[    0.693533] SLIP: version 0.8.4-NET3.019-NEWTTY (dynamic channels, max=256).
[    0.693535] CSLIP: code copyright 1989 Regents of the University of California.
[    0.693626] iwl3945: Intel(R) PRO/Wireless 3945ABG/BG Network Connection driver for Linux, in-tree:ds
[    0.693628] iwl3945: Copyright(c) 2003-2011 Intel Corporation
[    0.693629] iwl3945: hw_scan is disabled
[    0.693845] iwl3945 0000:03:00.0: can't disable ASPM; OS doesn't have ASPM control
[    0.748663] iwl3945 0000:03:00.0: Tunable channels: 11 802.11bg, 13 802.11a channels
[    0.748666] iwl3945 0000:03:00.0: Detected Intel Wireless WiFi Link 3945ABG
[    0.749578] ieee80211 phy0: Selected rate control algorithm 'iwl-3945-rs'
[    0.750487] Intel(R) Wireless WiFi driver for Linux
[    0.750488] Copyright(c) 2003- 2015 Intel Corporation
[    0.750710] usbcore: registered new interface driver ax88179_178a
[    0.750755] usbcore: registered new interface driver cdc_ether
[    0.750802] usbcore: registered new interface driver net1080
[    0.750853] usbcore: registered new interface driver cdc_subset
[    0.750897] usbcore: registered new interface driver zaurus
[    0.750952] usbcore: registered new interface driver cdc_ncm
[    0.751037] pci 0000:00:1e.0: enabling device (0005 -> 0007)
[    0.751269] yenta_cardbus 0000:15:00.0: CardBus bridge found [17aa:201c]
[    0.876130] ata1: SATA link up 1.5 Gbps (SStatus 113 SControl 300)
[    0.992657] ata1.00: ACPI cmd ef/02:00:00:00:00:a0 (SET FEATURES) succeeded
[    0.992662] ata1.00: ACPI cmd f5/00:00:00:00:00:a0 (SECURITY FREEZE LOCK) filtered out
[    0.992666] ata1.00: ACPI cmd ef/10:03:00:00:00:a0 (SET FEATURES) filtered out
[    1.097525] ata1.00: ATA-9: ST1000LM014-1EJ164, SM11, max UDMA/133
[    1.097529] ata1.00: 1953525168 sectors, multi 16: LBA48 NCQ (depth 32), AA
[    1.136835] ata1.00: ACPI cmd ef/02:00:00:00:00:a0 (SET FEATURES) succeeded
[    1.136839] ata1.00: ACPI cmd f5/00:00:00:00:00:a0 (SECURITY FREEZE LOCK) filtered out
[    1.136844] ata1.00: ACPI cmd ef/10:03:00:00:00:a0 (SET FEATURES) filtered out
[    1.180950] ata1.00: configured for UDMA/133
[    1.243289] Console: switching to colour frame buffer device 102x42
[    1.370066] i915 0000:00:02.0: fb0: inteldrmfb frame buffer device
[    1.373192] scsi 0:0:0:0: Direct-Access     ATA      ST1000LM014-1EJ1 SM11 PQ: 0 ANSI: 5
[    1.376930] sd 0:0:0:0: [sda] 1953525168 512-byte logical blocks: (1.00 TB/932 GiB)
[    1.377060] sd 0:0:0:0: Attached scsi generic sg0 type 0
[    1.379505] sd 0:0:0:0: [sda] 4096-byte physical blocks
[    1.384647] sd 0:0:0:0: [sda] Write Protect is off
[    1.387124] sd 0:0:0:0: [sda] Mode Sense: 00 3a 00 00
[    1.387274] sd 0:0:0:0: [sda] Write cache: enabled, read cache: enabled, doesn't support DPO or FUA
[    1.391822]  sda: sda1 sda2 sda3 sda4
[    1.397090] sd 0:0:0:0: [sda] Attached SCSI disk
[    1.533081] yenta_cardbus 0000:15:00.0: ISA IRQ mask 0x0cb8, PCI irq 16
[    1.535675] yenta_cardbus 0000:15:00.0: Socket status: 30000006
[    1.538264] yenta_cardbus 0000:15:00.0: pcmcia: parent PCI bridge window: [io  0x9000-0xcfff]
[    1.540821] yenta_cardbus 0000:15:00.0: pcmcia: parent PCI bridge window: [mem 0xe4300000-0xe7ffffff]
[    1.543301] pcmcia_socket pcmcia_socket0: cs: memory probe 0xe4300000-0xe7ffffff:
[    1.545835]  excluding 0xe4300000-0xe46cffff
[    1.548368] yenta_cardbus 0000:15:00.0: pcmcia: parent PCI bridge window: [mem 0xe0000000-0xe3ffffff 64bit pref]
[    1.550995] pcmcia_socket pcmcia_socket0: cs: memory probe 0xe0000000-0xe3ffffff:
[    1.553703]  excluding 0xe0000000-0xe3ffffff
[    1.557340] ehci_hcd: USB 2.0 'Enhanced' Host Controller (EHCI) Driver
[    1.559993] ehci-pci: EHCI PCI platform driver
[    1.563151] ehci-pci 0000:00:1d.7: EHCI Host Controller
[    1.566141] ehci-pci 0000:00:1d.7: new USB bus registered, assigned bus number 1
[    1.568972] ehci-pci 0000:00:1d.7: debug port 1
[    1.575945] ehci-pci 0000:00:1d.7: cache line size of 64 is not supported
[    1.576001] ehci-pci 0000:00:1d.7: irq 19, io mem 0xee444000
[    1.592139] ehci-pci 0000:00:1d.7: USB 2.0 started, EHCI 1.00
[    1.595549] usb usb1: New USB device found, idVendor=1d6b, idProduct=0002, bcdDevice= 4.17
[    1.598521] usb usb1: New USB device strings: Mfr=3, Product=2, SerialNumber=1
[    1.601445] usb usb1: Product: EHCI Host Controller
[    1.604313] usb usb1: Manufacturer: Linux 4.17.0-rc7-next-20180601 ehci_hcd
[    1.607178] usb usb1: SerialNumber: 0000:00:1d.7
[    1.610737] hub 1-0:1.0: USB hub found
[    1.613685] hub 1-0:1.0: 8 ports detected
[    1.618386] ohci_hcd: USB 1.1 'Open' Host Controller (OHCI) Driver
[    1.621169] ohci-pci: OHCI PCI platform driver
[    1.624274] uhci_hcd: USB Universal Host Controller Interface driver
[    1.627542] uhci_hcd 0000:00:1d.0: UHCI Host Controller
[    1.630571] uhci_hcd 0000:00:1d.0: new USB bus registered, assigned bus number 2
[    1.633394] uhci_hcd 0000:00:1d.0: detected 2 ports
[    1.636129] uhci_hcd 0000:00:1d.0: irq 16, io base 0x00001820
[    1.639254] usb usb2: New USB device found, idVendor=1d6b, idProduct=0001, bcdDevice= 4.17
[    1.642019] usb usb2: New USB device strings: Mfr=3, Product=2, SerialNumber=1
[    1.644789] usb usb2: Product: UHCI Host Controller
[    1.647515] usb usb2: Manufacturer: Linux 4.17.0-rc7-next-20180601 uhci_hcd
[    1.650275] usb usb2: SerialNumber: 0000:00:1d.0
[    1.653532] hub 2-0:1.0: USB hub found
[    1.656299] hub 2-0:1.0: 2 ports detected
[    1.659979] uhci_hcd 0000:00:1d.1: UHCI Host Controller
[    1.662847] uhci_hcd 0000:00:1d.1: new USB bus registered, assigned bus number 3
[    1.665539] uhci_hcd 0000:00:1d.1: detected 2 ports
[    1.668191] uhci_hcd 0000:00:1d.1: irq 17, io base 0x00001840
[    1.671176] usb usb3: New USB device found, idVendor=1d6b, idProduct=0001, bcdDevice= 4.17
[    1.673844] usb usb3: New USB device strings: Mfr=3, Product=2, SerialNumber=1
[    1.676390] usb usb3: Product: UHCI Host Controller
[    1.678813] usb usb3: Manufacturer: Linux 4.17.0-rc7-next-20180601 uhci_hcd
[    1.681554] usb usb3: SerialNumber: 0000:00:1d.1
[    1.684597] hub 3-0:1.0: USB hub found
[    1.687048] hub 3-0:1.0: 2 ports detected
[    1.690574] uhci_hcd 0000:00:1d.2: UHCI Host Controller
[    1.693190] uhci_hcd 0000:00:1d.2: new USB bus registered, assigned bus number 4
[    1.695580] uhci_hcd 0000:00:1d.2: detected 2 ports
[    1.698011] uhci_hcd 0000:00:1d.2: irq 18, io base 0x00001860
[    1.700842] usb usb4: New USB device found, idVendor=1d6b, idProduct=0001, bcdDevice= 4.17
[    1.703273] usb usb4: New USB device strings: Mfr=3, Product=2, SerialNumber=1
[    1.705705] usb usb4: Product: UHCI Host Controller
[    1.708105] usb usb4: Manufacturer: Linux 4.17.0-rc7-next-20180601 uhci_hcd
[    1.710501] usb usb4: SerialNumber: 0000:00:1d.2
[    1.713488] hub 4-0:1.0: USB hub found
[    1.715932] hub 4-0:1.0: 2 ports detected
[    1.719431] uhci_hcd 0000:00:1d.3: UHCI Host Controller
[    1.722095] uhci_hcd 0000:00:1d.3: new USB bus registered, assigned bus number 5
[    1.724509] uhci_hcd 0000:00:1d.3: detected 2 ports
[    1.726877] uhci_hcd 0000:00:1d.3: irq 19, io base 0x00001880
[    1.729637] usb usb5: New USB device found, idVendor=1d6b, idProduct=0001, bcdDevice= 4.17
[    1.732075] usb usb5: New USB device strings: Mfr=3, Product=2, SerialNumber=1
[    1.734466] usb usb5: Product: UHCI Host Controller
[    1.736887] usb usb5: Manufacturer: Linux 4.17.0-rc7-next-20180601 uhci_hcd
[    1.739272] usb usb5: SerialNumber: 0000:00:1d.3
[    1.742216] hub 5-0:1.0: USB hub found
[    1.744654] hub 5-0:1.0: 2 ports detected
[    1.747843] usbcore: registered new interface driver cdc_acm
[    1.750126] cdc_acm: USB Abstract Control Model driver for USB modems and ISDN adapters
[    1.752551] usbcore: registered new interface driver usblp
[    1.755018] usbcore: registered new interface driver usb-storage
[    1.757413] usbcore: registered new interface driver ums-sddr09
[    1.759842] usbcore: registered new interface driver usbserial_generic
[    1.762202] usbserial: USB Serial support registered for generic
[    1.764568] usbcore: registered new interface driver ch341
[    1.766856] usbserial: USB Serial support registered for ch341-uart
[    1.769206] usbcore: registered new interface driver ftdi_sio
[    1.771494] usbserial: USB Serial support registered for FTDI USB Serial Device
[    1.773915] usbcore: registered new interface driver option
[    1.776252] usbserial: USB Serial support registered for GSM modem (1-port)
[    1.778729] usbcore: registered new interface driver pl2303
[    1.781153] usbserial: USB Serial support registered for pl2303
[    1.783601] usbcore: registered new interface driver ti_usb_3410_5052
[    1.786066] usbserial: USB Serial support registered for TI USB 3410 1 port adapter
[    1.788578] usbserial: USB Serial support registered for TI USB 5052 2 port adapter
[    1.791011] ftdi_elan: driver ftdi-elan
[    1.793436] usbcore: registered new interface driver ftdi-elan
[    1.796025] i8042: PNP: PS/2 Controller [PNP0303:KBD,PNP0f13:MOU] at 0x60,0x64 irq 1,12
[    1.807849] serio: i8042 KBD port at 0x60,0x64 irq 1
[    1.810323] serio: i8042 AUX port at 0x60,0x64 irq 12
[    1.813494] mousedev: PS/2 mouse device common for all mice
[    1.816964] input: PC Speaker as /devices/platform/pcspkr/input/input4
[    1.820181] rtc_cmos 00:02: RTC can wake from S4
[    1.823087] rtc_cmos 00:02: registered as rtc0
[    1.825662] rtc_cmos 00:02: alarms up to one month, y3k, 114 bytes nvram, hpet irqs
[    1.828382] usbcore: registered new interface driver uvcvideo
[    1.830877] USB Video Class driver (1.1.1)
[    1.833318] gspca_main: v2.14.0 registered
[    1.835773] usbcore: registered new interface driver sq930x
[    1.839303] device-mapper: ioctl: 4.39.0-ioctl (2018-04-03) initialised: dm-devel@redhat.com
[    1.841841] Bluetooth: HCI UART driver ver 2.3
[    1.844352] Bluetooth: HCI UART protocol H4 registered
[    1.846815] Bluetooth: HCI UART protocol BCSP registered
[    1.849408] usbcore: registered new interface driver btusb
[    1.851993] sdhci: Secure Digital Host Controller Interface driver
[    1.854464] sdhci: Copyright(c) Pierre Ossman
[    1.856925] sdhci-pci 0000:15:00.2: SDHCI controller found [1180:0822] (rev 18)
[    1.859772] sdhci-pci 0000:15:00.2: Will use DMA mode even though HW doesn't fully claim to support it.
[    1.862904] mmc0 bounce up to 128 segments into one, max segment size 65536 bytes
[    1.865622] sdhci-pci 0000:15:00.2: Will use DMA mode even though HW doesn't fully claim to support it.
[    1.868877] mmc0: SDHCI controller on PCI [0000:15:00.2] using DMA
[    1.871853] hidraw: raw HID events driver (C) Jiri Kosina
[    1.876349] usbcore: registered new interface driver usbhid
[    1.876762] input: AT Translated Set 2 keyboard as /devices/platform/i8042/serio0/input/input5
[    1.879104] usbhid: USB HID core driver
[    1.880730] thinkpad_acpi: ThinkPad ACPI Extras v0.26
[    1.887555] thinkpad_acpi: http://ibm-acpi.sf.net/
[    1.890276] thinkpad_acpi: ThinkPad BIOS 7BETD8WW (2.19 ), EC 7BHT40WW-1.13
[    1.893071] thinkpad_acpi: Lenovo ThinkPad X60, model 17097HU
[    1.902094] thinkpad_acpi: ACPI backlight control delay disabled
[    1.905244] thinkpad_acpi: radio switch found; radios are enabled
[    1.908043] thinkpad_acpi: This ThinkPad has standard ACPI backlight brightness control, supported by the ACPI video driver
[    1.913620] thinkpad_acpi: Disabling thinkpad-acpi brightness events by default...
[    1.927444] thinkpad_acpi: rfkill switch tpacpi_bluetooth_sw: radio is unblocked
[    1.928165] sdhci-pci 0000:15:00.2: Will use DMA mode even though HW doesn't fully claim to support it.
[    1.935629] thinkpad_acpi: warning: userspace override of important firmware LEDs is enabled
[    1.943641] thinkpad_acpi: Standard ACPI backlight interface available, not loading native one
[    1.946916] thinkpad_acpi: volume: disabled as there is no ALSA support in this kernel
[    1.950511] thinkpad_acpi: battery 1 registered (start 0, stop 0)
[    1.950521] battery: new extension: ThinkPad Battery Extension
[    1.956830] input: ThinkPad Extra Buttons as /devices/platform/thinkpad_acpi/input/input8
[    1.965767] snd_hda_intel 0000:00:1b.0: probe_mask set to 0x1 for device 17aa:2010
[    1.969164] usbcore: registered new interface driver snd-usb-audio
[    1.974048] NET: Registered protocol family 17
[    1.977359] Bluetooth: RFCOMM TTY layer initialized
[    1.980464] Bluetooth: RFCOMM socket layer initialized
[    1.983475] Bluetooth: RFCOMM ver 1.11
[    1.986467] Bluetooth: BNEP (Ethernet Emulation) ver 1.3
[    1.989532] Bluetooth: BNEP filters: protocol multicast
[    1.992557] Bluetooth: BNEP socket layer initialized
[    1.995519] Bluetooth: HIDP (Human Interface Emulation) ver 1.2
[    1.996091] sdhci-pci 0000:15:00.2: Will use DMA mode even though HW doesn't fully claim to support it.
[    1.998493] Bluetooth: HIDP socket layer initialized
[    2.002596] snd_hda_codec_analog hdaudioC0D0: autoconfig for AD1981: line_outs=1 (0x5/0x0/0x0/0x0/0x0) type:speaker
[    2.004955] microcode: sig=0x6e8, pf=0x20, revision=0x39
[    2.010858] snd_hda_codec_analog hdaudioC0D0:    speaker_outs=0 (0x0/0x0/0x0/0x0/0x0)
[    2.017013] snd_hda_codec_analog hdaudioC0D0:    hp_outs=0 (0x0/0x0/0x0/0x0/0x0)
[    2.017790] microcode: Microcode Update Driver: v2.2.
[    2.020131] snd_hda_codec_analog hdaudioC0D0:    mono: mono_out=0x0
[    2.020132] Using IPI No-Shortcut mode
[    2.021323] Loading compiled-in X.509 certificates
[    2.023176] snd_hda_codec_analog hdaudioC0D0:    inputs:
[    2.027598] Key type encrypted registered
[    2.029200] snd_hda_codec_analog hdaudioC0D0:      Mic=0x8
[    2.033421] rtc_cmos 00:02: setting system clock to 2018-06-03 11:01:31 UTC (1528023691)
[    2.035226] snd_hda_codec_analog hdaudioC0D0:      CD=0x19
[    2.049785] cfg80211: Loading compiled-in X.509 certificates for regulatory database
[    2.055393] cfg80211: Loaded X.509 cert 'sforshee: 00b28ddf47aef9cea7'
[    2.059473] platform regulatory.0: Direct firmware load for regulatory.db failed with error -2
[    2.060545] PM: Image not found (code -22)
[    2.062560] ALSA device list:
[    2.062616] cfg80211: failed to load regulatory.db
[    2.065514]   #0: HDA Intel at 0xee240000 irq 17
[    2.120477] sdhci-pci 0000:15:00.2: Will use DMA mode even though HW doesn't fully claim to support it.
[    2.196548] sdhci-pci 0000:15:00.2: Will use DMA mode even though HW doesn't fully claim to support it.
[    2.216139] usb 5-1: new full-speed USB device number 2 using uhci_hcd
[    2.405573] usb 5-1: New USB device found, idVendor=0a5c, idProduct=2110, bcdDevice= 1.00
[    2.410776] usb 5-1: New USB device strings: Mfr=1, Product=2, SerialNumber=0
[    2.415874] usb 5-1: Product: BCM2045B
[    2.420823] usb 5-1: Manufacturer: Broadcom Corp
[    2.539804] psmouse serio1: trackpoint: IBM TrackPoint firmware: 0x0e, buttons: 3/3
[    2.562573] input: TPPS/2 IBM TrackPoint as /devices/platform/i8042/serio1/input/input7
[    2.571176] md: Waiting for all devices to be available before autodetect
[    2.575146] md: If you don't use raid, use raid=noautodetect
[    2.579947] md: Autodetecting RAID arrays.
[    2.582995] md: autorun ...
[    2.585977] md: ... autorun DONE.
[    2.601584] EXT4-fs (sda4): mounted filesystem with ordered data mode. Opts: (null)
[    2.605669] VFS: Mounted root (ext4 filesystem) readonly on device 8:4.
[    2.610124] devtmpfs: mounted
[    2.613533] Freeing unused kernel memory: 596K
[    2.632542] Write protecting the kernel text: 11904k
[    2.637515] Write protecting the kernel read-only data: 4792k
[    2.642219] NX-protecting the kernel data: 6528k
[    2.647860] x86/mm: Checked W+X mappings: passed, no W+X pages found.
[    2.652612] rodata_test: all tests were successful
[    3.125265] random: systemd: uninitialized urandom read (16 bytes read)
[    3.132418] systemd[1]: systemd 215 running in system mode. (+PAM +AUDIT +SELINUX +IMA +SYSVINIT +LIBCRYPTSETUP +GCRYPT +ACL +XZ -SECCOMP -APPARMOR)
[    3.156141] usb 5-2: new full-speed USB device number 3 using uhci_hcd
[    3.161428] systemd[1]: Detected architecture 'x86'.
[    3.277066] systemd[1]: Failed to insert module 'ipv6'
[    3.291229] systemd[1]: Set hostname to <amd>.
[    3.359576] usb 5-2: New USB device found, idVendor=0483, idProduct=2016, bcdDevice= 0.01
[    3.364518] usb 5-2: New USB device strings: Mfr=1, Product=2, SerialNumber=0
[    3.369378] usb 5-2: Product: Biometric Coprocessor
[    3.373423] usb 5-2: Manufacturer: STMicroelectronics
[    3.412303] random: systemd-sysv-ge: uninitialized urandom read (16 bytes read)
[    3.701732] random: systemd-sysv-ge: uninitialized urandom read (16 bytes read)
[    4.316364] systemd[1]: Binding to IPv6 address not available since kernel does not support IPv6.
[    4.319990] systemd[1]: [/lib/systemd/system/gpsd.socket:6] Failed to parse address value, ignoring: [::1]:2947
[    4.345772] systemd[1]: Starting Forward Password Requests to Wall Directory Watch.
[    4.351413] systemd[1]: Started Forward Password Requests to Wall Directory Watch.
[    4.354258] systemd[1]: Starting Remote File Systems (Pre).
[    4.362675] systemd[1]: Reached target Remote File Systems (Pre).
[    5.248474] systemd-udevd[2314]: starting version 215
[    5.380792] random: crng init done
[    5.383654] random: 7 urandom warning(s) missed due to ratelimiting
[    6.365502] EXT4-fs (sda4): re-mounted. Opts: errors=remount-ro
[    6.859267] e1000e 0000:02:00.0 eth1: renamed from eth0
[    6.872451] systemd-udevd[2370]: renamed network interface eth0 to eth1
[    8.694599] Adding 2097148k swap on /dev/sda1.  Priority:-2 extents:1 across:2097148k 
[    8.842456] EXT4-fs (sda2): mounted filesystem with ordered data mode. Opts: errors=remount-ro
[    9.012191] systemd-journald[2167]: Received request to flush runtime journal from PID 1
[   14.204858] NFSD: Using /var/lib/nfs/v4recovery as the NFSv4 state recovery directory
[   14.214553] NFSD: starting 90-second grace period (net f0000098)
[   18.284659] iwl3945 0000:03:00.0: loaded firmware version 15.32.2.9
[   22.759875] wlan0: authenticate with 00:00:00:00:00:01
[   22.763364] wlan0: send auth to 00:00:00:00:00:01 (try 1/3)
[   22.765253] wlan0: authenticated
[   22.768201] wlan0: associate with 00:00:00:00:00:01 (try 1/3)
[   22.772886] wlan0: RX AssocResp from 00:00:00:00:00:01 (capab=0x401 status=0 aid=8)
[   22.774529] wlan0: associated
