[    0.000000] Linux version 4.20.0-rc6-next-20181213+ (pavel@amd) (gcc version 4.9.2 (Debian 4.9.2-10+deb8u1)) #203 SMP Fri Dec 14 11:07:19 CET 2018
[    0.000000] Disabled fast string operations
[    0.000000] x86/fpu: x87 FPU will use FXSAVE
[    0.000000] BIOS-provided physical RAM map:
[    0.000000] BIOS-e820: [mem 0x0000000000000000-0x000000000009efff] usable
[    0.000000] BIOS-e820: [mem 0x000000000009f000-0x000000000009ffff] reserved
[    0.000000] BIOS-e820: [mem 0x00000000000dc000-0x00000000000fffff] reserved
[    0.000000] BIOS-e820: [mem 0x0000000000100000-0x00000000bf6cffff] usable
[    0.000000] BIOS-e820: [mem 0x00000000bf6d0000-0x00000000bf6defff] ACPI data
[    0.000000] BIOS-e820: [mem 0x00000000bf6df000-0x00000000bf6fffff] ACPI NVS
[    0.000000] BIOS-e820: [mem 0x00000000bf700000-0x00000000bfffffff] reserved
[    0.000000] BIOS-e820: [mem 0x00000000f0000000-0x00000000f3ffffff] reserved
[    0.000000] BIOS-e820: [mem 0x00000000fec00000-0x00000000fec0ffff] reserved
[    0.000000] BIOS-e820: [mem 0x00000000fed00000-0x00000000fed003ff] reserved
[    0.000000] BIOS-e820: [mem 0x00000000fed14000-0x00000000fed19fff] reserved
[    0.000000] BIOS-e820: [mem 0x00000000fed1c000-0x00000000fed8ffff] reserved
[    0.000000] BIOS-e820: [mem 0x00000000fee00000-0x00000000fee00fff] reserved
[    0.000000] BIOS-e820: [mem 0x00000000ff800000-0x00000000ffffffff] reserved
[    0.000000] NX (Execute Disable) protection: active
[    0.000000] SMBIOS 2.4 present.
[    0.000000] DMI: LENOVO 17097HU/17097HU, BIOS 7BETD8WW (2.19 ) 03/31/2011
[    0.000000] tsc: Fast TSC calibration using PIT
[    0.000000] tsc: Detected 1828.764 MHz processor
[    0.014174] e820: update [mem 0x00000000-0x00000fff] usable ==> reserved
[    0.014179] e820: remove [mem 0x000a0000-0x000fffff] usable
[    0.014192] last_pfn = 0xbf6d0 max_arch_pfn = 0x1000000
[    0.014205] MTRR default type: uncachable
[    0.014208] MTRR fixed ranges enabled:
[    0.014212]   00000-9FFFF write-back
[    0.014214]   A0000-BFFFF uncachable
[    0.014217]   C0000-CFFFF write-protect
[    0.014220]   D0000-DBFFF uncachable
[    0.014223]   DC000-DFFFF write-back
[    0.014226]   E0000-FFFFF write-protect
[    0.014228] MTRR variable ranges enabled:
[    0.014231]   0 base 000000000 mask F80000000 write-back
[    0.014235]   1 base 080000000 mask FC0000000 write-back
[    0.014238]   2 base 0BF700000 mask FFFF00000 uncachable
[    0.014241]   3 base 0BF800000 mask FFF800000 uncachable
[    0.014243]   4 disabled
[    0.014245]   5 disabled
[    0.014248]   6 disabled
[    0.014250]   7 disabled
[    0.015335] x86/PAT: PAT not supported by CPU.
[    0.016487] x86/PAT: Configuration [0-7]: WB  WT  UC- UC  WB  WT  UC- UC  
[    0.016507] initial memory mapped: [mem 0x00000000-0x05dfffff]
[    0.016515] Base memory trampoline at [(ptrval)] 9b000 size 16384
[    0.016595] BRK [0x0586f000, 0x0586ffff] PGTABLE
[    0.016614] BRK [0x05870000, 0x05870fff] PGTABLE
[    0.016624] ACPI: Early table checksum verification disabled
[    0.016807] ACPI: RSDP 0x00000000000F67C0 000024 (v02 LENOVO)
[    0.016816] ACPI: XSDT 0x00000000BF6D191C 000084 (v01 LENOVO TP-7B    00002190  LTP 00000000)
[    0.016828] ACPI: FACP 0x00000000BF6D1A00 0000F4 (v03 LENOVO TP-7B    00002190 LNVO 00000001)
[    0.016839] ACPI BIOS Warning (bug): 32/64X length mismatch in FADT/Gpe0Block: 64/32 (20181031/tbfadt-569)
[    0.016846] ACPI BIOS Warning (bug): Optional FADT field Gpe1Block has valid Address but zero Length: 0x000000000000102C/0x0 (20181031/tbfadt-624)
[    0.016856] ACPI: DSDT 0x00000000BF6D1D90 00CFB9 (v01 LENOVO TP-7B    00002190 MSFT 0100000E)
[    0.016865] ACPI: FACS 0x00000000BF6F4000 000040
[    0.016872] ACPI: FACS 0x00000000BF6F4000 000040
[    0.016880] ACPI: SSDT 0x00000000BF6D1BB4 0001DC (v01 LENOVO TP-7B    00002190 MSFT 0100000E)
[    0.016889] ACPI: ECDT 0x00000000BF6DED49 000052 (v01 LENOVO TP-7B    00002190 LNVO 00000001)
[    0.016897] ACPI: TCPA 0x00000000BF6DED9B 000032 (v02 LENOVO TP-7B    00002190 LNVO 00000001)
[    0.016906] ACPI: APIC 0x00000000BF6DEDCD 000068 (v01 LENOVO TP-7B    00002190 LNVO 00000001)
[    0.016915] ACPI: MCFG 0x00000000BF6DEE35 00003C (v01 LENOVO TP-7B    00002190 LNVO 00000001)
[    0.016923] ACPI: HPET 0x00000000BF6DEE71 000038 (v01 LENOVO TP-7B    00002190 LNVO 00000001)
[    0.016932] ACPI: BOOT 0x00000000BF6DEFD8 000028 (v01 LENOVO TP-7B    00002190  LTP 00000001)
[    0.016940] ACPI: SSDT 0x00000000BF6F2645 00025F (v01 LENOVO TP-7B    00002190 INTL 20050513)
[    0.016949] ACPI: SSDT 0x00000000BF6F28A4 0000A6 (v01 LENOVO TP-7B    00002190 INTL 20050513)
[    0.016958] ACPI: SSDT 0x00000000BF6F294A 0004F7 (v01 LENOVO TP-7B    00002190 INTL 20050513)
[    0.016966] ACPI: SSDT 0x00000000BF6F2E41 0001D8 (v01 LENOVO TP-7B    00002190 INTL 20050513)
[    0.016986] ACPI: Local APIC address 0xfee00000
[    0.016992] 2176MB HIGHMEM available.
[    0.016997] 885MB LOWMEM available.
[    0.017001]   mapped low ram: 0 - 375fe000
[    0.017004]   low ram: 0 - 375fe000
[    0.017016] BRK [0x05871000, 0x05871fff] PGTABLE
[    0.017021] Zone ranges:
[    0.017025]   DMA      [mem 0x0000000000001000-0x0000000000ffffff]
[    0.017030]   Normal   [mem 0x0000000001000000-0x00000000375fdfff]
[    0.017035]   HighMem  [mem 0x00000000375fe000-0x00000000bf6cffff]
[    0.017039] Movable zone start for each node
[    0.017043] Early memory node ranges
[    0.017047]   node   0: [mem 0x0000000000001000-0x000000000009efff]
[    0.017051]   node   0: [mem 0x0000000000100000-0x00000000bf6cffff]
[    0.017056] Initmem setup node 0 [mem 0x0000000000001000-0x00000000bf6cffff]
[    0.017061] On node 0 totalpages: 783982
[    0.028435]   DMA zone: 32 pages used for memmap
[    0.028438]   DMA zone: 0 pages reserved
[    0.028441]   DMA zone: 3998 pages, LIFO batch:0
[    0.028552]   Normal zone: 1740 pages used for memmap
[    0.028555]   Normal zone: 222718 pages, LIFO batch:63
[    0.034244]   HighMem zone: 557266 pages, LIFO batch:63
[    0.048524] Using APIC driver default
[    0.048540] Reserving Intel graphics memory at [mem 0xbf800000-0xbfffffff]
[    0.049024] ACPI: PM-Timer IO Port: 0x1008
[    0.049029] ACPI: Local APIC address 0xfee00000
[    0.049041] ACPI: LAPIC_NMI (acpi_id[0x00] high edge lint[0x1])
[    0.049046] ACPI: LAPIC_NMI (acpi_id[0x01] high edge lint[0x1])
[    0.049078] IOAPIC[0]: apic_id 1, version 32, address 0xfec00000, GSI 0-23
[    0.049085] ACPI: INT_SRC_OVR (bus 0 bus_irq 0 global_irq 2 dfl dfl)
[    0.049091] ACPI: INT_SRC_OVR (bus 0 bus_irq 9 global_irq 9 high level)
[    0.049097] ACPI: IRQ0 used by override.
[    0.049101] ACPI: IRQ9 used by override.
[    0.049107] Using ACPI (MADT) for SMP configuration information
[    0.049112] ACPI: HPET id: 0x8086a201 base: 0xfed00000
[    0.049125] smpboot: Allowing 2 CPUs, 0 hotplug CPUs
[    0.049166] PM: Registered nosave memory: [mem 0x00000000-0x00000fff]
[    0.049173] PM: Registered nosave memory: [mem 0x0009f000-0x0009ffff]
[    0.049177] PM: Registered nosave memory: [mem 0x000a0000-0x000dbfff]
[    0.049181] PM: Registered nosave memory: [mem 0x000dc000-0x000fffff]
[    0.049190] [mem 0xc0000000-0xefffffff] available for PCI devices
[    0.049198] clocksource: refined-jiffies: mask: 0xffffffff max_cycles: 0xffffffff, max_idle_ns: 7645519600211568 ns
[    0.049226] random: get_random_bytes called from start_kernel+0x74/0x357 with crng_init=0
[    0.049240] setup_percpu: NR_CPUS:8 nr_cpumask_bits:8 nr_cpu_ids:2 nr_node_ids:1
[    0.049502] percpu: Embedded 37 pages/cpu @(ptrval) s119144 r0 d32408 u151552
[    0.049515] pcpu-alloc: s119144 r0 d32408 u151552 alloc=37*4096
[    0.049519] pcpu-alloc: [0] 0 [0] 1 
[    0.049554] Built 1 zonelists, mobility grouping on.  Total pages: 782210
[    0.049566] Kernel command line: BOOT_IMAGE=(hd0,2)/fast/l/linux-next-32/arch/x86/boot/bzImage root=/dev/sda4 resume=/dev/sda1
[    0.049979] Dentry cache hash table entries: 131072 (order: 7, 524288 bytes)
[    0.050096] Inode-cache hash table entries: 65536 (order: 6, 262144 bytes)
[    0.050121] Initializing CPU#0
[    0.082364] Initializing HighMem for node 0 (000375fe:000bf6d0)
[    0.434667] Initializing Movable for node 0 (00000000:00000000)
[    0.506601] Memory: 3019304K/3135928K available (12340K kernel code, 715K rwdata, 4792K rodata, 640K init, 6116K bss, 116624K reserved, 0K cma-reserved, 2229064K highmem)
[    0.506613] virtual kernel memory layout:
    fixmap  : 0xffe70000 - 0xfffff000   (1596 kB)
  cpu_entry : 0xffa00000 - 0xffb31000   (1220 kB)
    pkmap   : 0xff600000 - 0xff800000   (2048 kB)
    vmalloc : 0xf7dfe000 - 0xff5fe000   ( 120 MB)
    lowmem  : 0xc0000000 - 0xf75fe000   ( 885 MB)
      .init : 0xc519a000 - 0xc523a000   ( 640 kB)
      .data : 0xc4c0d2f8 - 0xc5176d00   (5542 kB)
      .text : 0xc4000000 - 0xc4c0d2f8   (12340 kB)
[    0.506618] Checking if this processor honours the WP bit even in supervisor mode...Ok.
[    0.507996] Kernel/User page tables isolation: enabled
[    0.508273] rcu: Hierarchical RCU implementation.
[    0.508280] rcu: 	RCU restricting CPUs from NR_CPUS=8 to nr_cpu_ids=2.
[    0.508285] rcu: RCU calculated value of scheduler-enlistment delay is 25 jiffies.
[    0.508289] rcu: Adjusting geometry for rcu_fanout_leaf=16, nr_cpu_ids=2
[    0.508333] NR_IRQS: 2304, nr_irqs: 56, preallocated irqs: 16
[    0.508629] CPU 0 irqstacks, hard=(ptrval) soft=(ptrval)
[    0.511241] Console: colour VGA+ 80x25
[    0.519315] printk: console [tty0] enabled
[    0.519386] Lock dependency validator: Copyright (c) 2006 Red Hat, Inc., Ingo Molnar
[    0.519474] ... MAX_LOCKDEP_SUBCLASSES:  8
[    0.519546] ... MAX_LOCK_DEPTH:          48
[    0.519618] ... MAX_LOCKDEP_KEYS:        8191
[    0.519692] ... CLASSHASH_SIZE:          4096
[    0.519764] ... MAX_LOCKDEP_ENTRIES:     32768
[    0.519837] ... MAX_LOCKDEP_CHAINS:      65536
[    0.519910] ... CHAINHASH_SIZE:          32768
[    0.519983]  memory used by lock dependency info: 4351 kB
[    0.520060]  per task-struct memory footprint: 1344 bytes
[    0.520149] ACPI: Core revision 20181031
[    0.520584] ACPI: EC: EC started
[    0.520655] ACPI: EC: interrupt blocked
[    0.520767] ACPI: \: Used as first EC
[    0.520840] ACPI: \: GPE=0x1c, EC_CMD/EC_SC=0x66, EC_DATA=0x62
[    0.520922] ACPI: \: Used as boot ECDT EC to handle transactions
[    0.521131] clocksource: hpet: mask: 0xffffffff max_cycles: 0xffffffff, max_idle_ns: 133484882848 ns
[    0.521260] hpet clockevent registered
[    0.521274] APIC: Switch to symmetric I/O mode setup
[    0.521350] Enabling APIC mode:  Flat.  Using 1 I/O APICs
[    0.521985] ..TIMER: vector=0x30 apic1=0 pin1=2 apic2=-1 pin2=-1
[    0.541268] clocksource: tsc-early: mask: 0xffffffffffffffff max_cycles: 0x1a5c4dcc620, max_idle_ns: 440795215744 ns
[    0.541389] Calibrating delay loop (skipped), value calculated using timer frequency.. 3657.52 BogoMIPS (lpj=7315056)
[    0.541508] pid_max: default: 32768 minimum: 301
[    0.541852] Mount-cache hash table entries: 2048 (order: 1, 8192 bytes)
[    0.541943] Mountpoint-cache hash table entries: 2048 (order: 1, 8192 bytes)
[    0.542644] *** VALIDATE proc ***
[    0.542820] *** VALIDATE cgroup1 ***
[    0.542892] *** VALIDATE cgroup2 ***
[    0.542978] Disabled fast string operations
[    0.543063] process: using mwait in idle threads
[    0.543147] Last level iTLB entries: 4KB 128, 2MB 0, 4MB 2
[    0.543227] Last level dTLB entries: 4KB 128, 2MB 0, 4MB 8, 1GB 0
[    0.543312] Spectre V2 : Mitigation: Full generic retpoline
[    0.543392] Spectre V2 : Spectre v2 / SpectreRSB mitigation: Filling RSB on context switch
[    0.543490] L1TF: System has more than MAX_PA/2 memory. L1TF mitigation not effective.
[    0.543581] L1TF: You may make it effective by booting the kernel with mem=2147483648 parameter.
[    0.543689] L1TF: However, doing so will make a part of your RAM unusable.
[    0.543775] L1TF: Reading https://www.kernel.org/doc/html/latest/admin-guide/l1tf.html might help you decide.
[    0.544111] Freeing SMP alternatives memory: 44K
[    0.549388] smpboot: CPU0: Genuine Intel(R) CPU           T2400  @ 1.83GHz (family: 0x6, model: 0xe, stepping: 0x8)
[    0.549388] Performance Events: Core events, core PMU driver.
[    0.549388] ... version:                1
[    0.549388] ... bit width:              40
[    0.549388] ... generic registers:      2
[    0.549388] ... value mask:             000000ffffffffff
[    0.549388] ... max period:             000000007fffffff
[    0.549388] ... fixed-purpose events:   0
[    0.549388] ... event mask:             0000000000000003
[    0.549388] rcu: Hierarchical SRCU implementation.
[    0.549388] NMI watchdog: Enabled. Permanently consumes one hw-PMU counter.
[    0.549429] smp: Bringing up secondary CPUs ...
[    0.550414] CPU 1 irqstacks, hard=(ptrval) soft=(ptrval)
[    0.550418] x86: Booting SMP configuration:
[    0.550499] .... node  #0, CPUs:      #1
[    0.016722] Initializing CPU#1
[    0.016722] Disabled fast string operations
[    0.552936] TSC synchronization [CPU#0 -> CPU#1]:
[    0.553245] Measured 580316 cycles TSC warp between CPUs, turning off TSC clock.
[    0.553345] tsc: Marking TSC unstable due to check_tsc_sync_source failed
[    0.553578] smp: Brought up 1 node, 2 CPUs
[    0.553578] smpboot: Max logical packages: 1
[    0.553578] smpboot: Total of 2 processors activated (7315.05 BogoMIPS)
[    0.555273] devtmpfs: initialized
[    0.555273] PM: Registering ACPI NVS region [mem 0xbf6df000-0xbf6fffff] (135168 bytes)
[    0.557464] clocksource: jiffies: mask: 0xffffffff max_cycles: 0xffffffff, max_idle_ns: 7645041785100000 ns
[    0.558356] futex hash table entries: 512 (order: 3, 32768 bytes)
[    0.559370] NET: Registered protocol family 16
[    0.561061] cpuidle: using governor ladder
[    0.561061] cpuidle: using governor menu
[    0.561544] Simple Boot Flag at 0x35 set to 0x1
[    0.561657] ACPI FADT declares the system doesn't support PCIe ASPM, so disable it
[    0.561748] ACPI: bus type PCI registered
[    0.562043] PCI: MMCONFIG for domain 0000 [bus 00-3f] at [mem 0xf0000000-0xf3ffffff] (base 0xf0000000)
[    0.562159] PCI: MMCONFIG at [mem 0xf0000000-0xf3ffffff] reserved in E820
[    0.562245] PCI: Using MMCONFIG for extended config space
[    0.562325] PCI: Using configuration type 1 for base access
[    0.562792] mtrr: your CPUs had inconsistent variable MTRR settings
[    0.562877] mtrr: probably your BIOS does not setup all CPUs.
[    0.562958] mtrr: corrected configuration.
[    0.626025] ACPI: Added _OSI(Module Device)
[    0.626108] ACPI: Added _OSI(Processor Device)
[    0.626184] ACPI: Added _OSI(3.0 _SCP Extensions)
[    0.626262] ACPI: Added _OSI(Processor Aggregator Device)
[    0.626344] ACPI: Added _OSI(Linux-Dell-Video)
[    0.626422] ACPI: Added _OSI(Linux-Lenovo-NV-HDMI-Audio)
[    0.690676] ACPI: 6 ACPI AML tables successfully acquired and loaded
[    0.715585] ACPI: Dynamic OEM Table Load:
[    0.715676] ACPI: SSDT 0x00000000F1237800 000240 (v01 PmRef  Cpu0Ist  00000100 INTL 20050513)
[    0.717489] ACPI: Dynamic OEM Table Load:
[    0.717579] ACPI: SSDT 0x00000000F1228800 00065A (v01 PmRef  Cpu0Cst  00000100 INTL 20050513)
[    0.721627] ACPI: Dynamic OEM Table Load:
[    0.721716] ACPI: SSDT 0x00000000F18B7900 0000C8 (v01 PmRef  Cpu1Ist  00000100 INTL 20050513)
[    0.722631] ACPI: Dynamic OEM Table Load:
[    0.722718] ACPI: SSDT 0x00000000F18BDF00 000085 (v01 PmRef  Cpu1Cst  00000100 INTL 20050513)
[    0.723615] ACPI: Interpreter enabled
[    0.723615] ACPI: (supports S0 S3 S4 S5)
[    0.723615] ACPI: Using IOAPIC for interrupt routing
[    0.723626] PCI: Using host bridge windows from ACPI; if necessary, use "pci=nocrs" and report a bug
[    0.726319] ACPI: Enabled 4 GPEs in block 00 to 1F
[    0.748552] ACPI: Power Resource [PUBS] (on)
[    0.749681] acpi PNP0C0A:01: ACPI dock station (docks/bays count: 1)
[    0.757176] acpi LNXIOBAY:00: ACPI dock station (docks/bays count: 2)
[    0.771562] acpi IBM0079:00: ACPI dock station (docks/bays count: 3)
[    0.773887] ACPI: PCI Interrupt Link [LNKA] (IRQs 3 4 5 6 7 9 10 *11)
[    0.774699] ACPI: PCI Interrupt Link [LNKB] (IRQs 3 4 5 6 7 9 10 *11)
[    0.775509] ACPI: PCI Interrupt Link [LNKC] (IRQs 3 4 5 6 7 9 10 *11)
[    0.776318] ACPI: PCI Interrupt Link [LNKD] (IRQs 3 4 5 6 7 9 10 *11)
[    0.777128] ACPI: PCI Interrupt Link [LNKE] (IRQs 3 4 5 6 7 9 10 *11)
[    0.777951] ACPI: PCI Interrupt Link [LNKF] (IRQs 3 4 5 6 7 9 10 *11)
[    0.778761] ACPI: PCI Interrupt Link [LNKG] (IRQs 3 4 5 6 7 9 10 *11)
[    0.779572] ACPI: PCI Interrupt Link [LNKH] (IRQs 3 4 5 6 7 9 10 *11)
[    0.780115] ACPI: PCI Root Bridge [PCI0] (domain 0000 [bus 00-ff])
[    0.780212] acpi PNP0A08:00: _OSC: OS supports [ExtendedConfig ASPM ClockPM Segments]
[    0.781205] acpi PNP0A08:00: _OSC: not requesting OS control; OS requires [ExtendedConfig ASPM ClockPM MSI]
[    0.781337] acpi PNP0A08:00: [Firmware Info]: MMCONFIG for domain 0000 [bus 00-3f] only partially covers this bridge
[    0.781636] PCI host bridge to bus 0000:00
[    0.781716] pci_bus 0000:00: root bus resource [io  0x0000-0x0cf7 window]
[    0.781807] pci_bus 0000:00: root bus resource [io  0x0d00-0xffff window]
[    0.781899] pci_bus 0000:00: root bus resource [mem 0x000a0000-0x000bffff window]
[    0.781994] pci_bus 0000:00: root bus resource [mem 0x000d0000-0x000d3fff window]
[    0.782090] pci_bus 0000:00: root bus resource [mem 0x000d4000-0x000d7fff window]
[    0.782185] pci_bus 0000:00: root bus resource [mem 0x000d8000-0x000dbfff window]
[    0.782280] pci_bus 0000:00: root bus resource [mem 0xc0000000-0xfebfffff window]
[    0.782375] pci_bus 0000:00: root bus resource [mem 0xfed40000-0xfed40fff window]
[    0.782471] pci_bus 0000:00: root bus resource [bus 00-ff]
[    0.782585] pci 0000:00:00.0: [8086:27a0] type 00 class 0x060000
[    0.783033] pci 0000:00:02.0: [8086:27a2] type 00 class 0x030000
[    0.783056] pci 0000:00:02.0: reg 0x10: [mem 0xee100000-0xee17ffff]
[    0.783066] pci 0000:00:02.0: reg 0x14: [io  0x1800-0x1807]
[    0.783077] pci 0000:00:02.0: reg 0x18: [mem 0xd0000000-0xdfffffff pref]
[    0.783088] pci 0000:00:02.0: reg 0x1c: [mem 0xee200000-0xee23ffff]
[    0.783533] pci 0000:00:02.1: [8086:27a6] type 00 class 0x038000
[    0.783552] pci 0000:00:02.1: reg 0x10: [mem 0xee180000-0xee1fffff]
[    0.784028] pci 0000:00:1b.0: [8086:27d8] type 00 class 0x040300
[    0.784072] pci 0000:00:1b.0: reg 0x10: [mem 0xee240000-0xee243fff 64bit]
[    0.784230] pci 0000:00:1b.0: PME# supported from D0 D3hot D3cold
[    0.784675] pci 0000:00:1c.0: [8086:27d0] type 01 class 0x060400
[    0.784850] pci 0000:00:1c.0: PME# supported from D0 D3hot D3cold
[    0.785289] pci 0000:00:1c.1: [8086:27d2] type 01 class 0x060400
[    0.785548] pci 0000:00:1c.1: PME# supported from D0 D3hot D3cold
[    0.785978] pci 0000:00:1c.2: [8086:27d4] type 01 class 0x060400
[    0.786151] pci 0000:00:1c.2: PME# supported from D0 D3hot D3cold
[    0.786595] pci 0000:00:1c.3: [8086:27d6] type 01 class 0x060400
[    0.786768] pci 0000:00:1c.3: PME# supported from D0 D3hot D3cold
[    0.787198] pci 0000:00:1d.0: [8086:27c8] type 00 class 0x0c0300
[    0.787276] pci 0000:00:1d.0: reg 0x20: [io  0x1820-0x183f]
[    0.787718] pci 0000:00:1d.1: [8086:27c9] type 00 class 0x0c0300
[    0.787795] pci 0000:00:1d.1: reg 0x20: [io  0x1840-0x185f]
[    0.788230] pci 0000:00:1d.2: [8086:27ca] type 00 class 0x0c0300
[    0.788307] pci 0000:00:1d.2: reg 0x20: [io  0x1860-0x187f]
[    0.788750] pci 0000:00:1d.3: [8086:27cb] type 00 class 0x0c0300
[    0.788827] pci 0000:00:1d.3: reg 0x20: [io  0x1880-0x189f]
[    0.789251] pci 0000:00:1d.7: [8086:27cc] type 00 class 0x0c0320
[    0.789286] pci 0000:00:1d.7: reg 0x10: [mem 0xee444000-0xee4443ff]
[    0.789435] pci 0000:00:1d.7: PME# supported from D0 D3hot D3cold
[    0.789843] pci 0000:00:1e.0: [8086:2448] type 01 class 0x060401
[    0.790351] pci 0000:00:1f.0: [8086:27b9] type 00 class 0x060100
[    0.790506] pci 0000:00:1f.0: quirk: [io  0x1000-0x107f] claimed by ICH6 ACPI/GPIO/TCO
[    0.790609] pci 0000:00:1f.0: quirk: [io  0x1180-0x11bf] claimed by ICH6 GPIO
[    0.790706] pci 0000:00:1f.0: ICH7 LPC Generic IO decode 1 PIO at 1600 (mask 007f)
[    0.790802] pci 0000:00:1f.0: ICH7 LPC Generic IO decode 2 PIO at 15e0 (mask 000f)
[    0.790899] pci 0000:00:1f.0: ICH7 LPC Generic IO decode 3 PIO at 1680 (mask 001f)
[    0.791416] pci 0000:00:1f.1: [8086:27df] type 00 class 0x01018a
[    0.791446] pci 0000:00:1f.1: reg 0x10: [io  0x0000-0x0007]
[    0.791462] pci 0000:00:1f.1: reg 0x14: [io  0x0000-0x0003]
[    0.791478] pci 0000:00:1f.1: reg 0x18: [io  0x0000-0x0007]
[    0.791493] pci 0000:00:1f.1: reg 0x1c: [io  0x0000-0x0003]
[    0.791510] pci 0000:00:1f.1: reg 0x20: [io  0x1810-0x181f]
[    0.791543] pci 0000:00:1f.1: legacy IDE quirk: reg 0x10: [io  0x01f0-0x01f7]
[    0.791636] pci 0000:00:1f.1: legacy IDE quirk: reg 0x14: [io  0x03f6]
[    0.791725] pci 0000:00:1f.1: legacy IDE quirk: reg 0x18: [io  0x0170-0x0177]
[    0.791818] pci 0000:00:1f.1: legacy IDE quirk: reg 0x1c: [io  0x0376]
[    0.792301] pci 0000:00:1f.2: [8086:27c5] type 00 class 0x010601
[    0.792336] pci 0000:00:1f.2: reg 0x10: [io  0x18d0-0x18d7]
[    0.792352] pci 0000:00:1f.2: reg 0x14: [io  0x18c4-0x18c7]
[    0.792368] pci 0000:00:1f.2: reg 0x18: [io  0x18c8-0x18cf]
[    0.792384] pci 0000:00:1f.2: reg 0x1c: [io  0x18c0-0x18c3]
[    0.792400] pci 0000:00:1f.2: reg 0x20: [io  0x18b0-0x18bf]
[    0.792417] pci 0000:00:1f.2: reg 0x24: [mem 0xee444400-0xee4447ff]
[    0.792499] pci 0000:00:1f.2: PME# supported from D3hot
[    0.792913] pci 0000:00:1f.3: [8086:27da] type 00 class 0x0c0500
[    0.793009] pci 0000:00:1f.3: reg 0x20: [io  0x18e0-0x18ff]
[    0.793689] pci 0000:02:00.0: [8086:109a] type 00 class 0x020000
[    0.793753] pci 0000:02:00.0: reg 0x10: [mem 0xee000000-0xee01ffff]
[    0.793801] pci 0000:02:00.0: reg 0x18: [io  0x2000-0x201f]
[    0.794051] pci 0000:02:00.0: PME# supported from D0 D3hot D3cold
[    0.794446] pci 0000:00:1c.0: PCI bridge to [bus 02]
[    0.794532] pci 0000:00:1c.0:   bridge window [io  0x2000-0x2fff]
[    0.794540] pci 0000:00:1c.0:   bridge window [mem 0xee000000-0xee0fffff]
[    0.794801] pci 0000:03:00.0: [8086:4227] type 00 class 0x028000
[    0.794909] pci 0000:03:00.0: reg 0x10: [mem 0xedf00000-0xedf00fff]
[    0.795412] pci 0000:03:00.0: PME# supported from D0 D3hot D3cold
[    0.795858] pci 0000:00:1c.1: PCI bridge to [bus 03]
[    0.795944] pci 0000:00:1c.1:   bridge window [io  0x3000-0x4fff]
[    0.795952] pci 0000:00:1c.1:   bridge window [mem 0xec000000-0xedffffff]
[    0.795963] pci 0000:00:1c.1:   bridge window [mem 0xe4000000-0xe40fffff 64bit pref]
[    0.796111] pci 0000:00:1c.2: PCI bridge to [bus 04-0b]
[    0.796199] pci 0000:00:1c.2:   bridge window [io  0x5000-0x6fff]
[    0.796207] pci 0000:00:1c.2:   bridge window [mem 0xe8000000-0xe9ffffff]
[    0.796218] pci 0000:00:1c.2:   bridge window [mem 0xe4100000-0xe41fffff 64bit pref]
[    0.796367] pci 0000:00:1c.3: PCI bridge to [bus 0c-13]
[    0.796455] pci 0000:00:1c.3:   bridge window [io  0x7000-0x8fff]
[    0.796462] pci 0000:00:1c.3:   bridge window [mem 0xea000000-0xebffffff]
[    0.796474] pci 0000:00:1c.3:   bridge window [mem 0xe4200000-0xe42fffff 64bit pref]
[    0.796513] pci_bus 0000:15: extended config space not accessible
[    0.796711] pci 0000:15:00.0: [1180:0476] type 02 class 0x060700
[    0.796743] pci 0000:15:00.0: reg 0x10: [mem 0xe4300000-0xe4300fff]
[    0.796814] pci 0000:15:00.0: supports D1 D2
[    0.796818] pci 0000:15:00.0: PME# supported from D0 D1 D2 D3hot D3cold
[    0.797072] pci 0000:15:00.1: [1180:0552] type 00 class 0x0c0010
[    0.797101] pci 0000:15:00.1: reg 0x10: [mem 0xe4301000-0xe43017ff]
[    0.797245] pci 0000:15:00.1: PME# supported from D0 D3hot D3cold
[    0.797462] pci 0000:15:00.2: [1180:0822] type 00 class 0x080500
[    0.797491] pci 0000:15:00.2: reg 0x10: [mem 0xe4301800-0xe43018ff]
[    0.797637] pci 0000:15:00.2: supports D1 D2
[    0.797642] pci 0000:15:00.2: PME# supported from D0 D1 D2 D3hot D3cold
[    0.797915] pci 0000:00:1e.0: PCI bridge to [bus 15-18] (subtractive decode)
[    0.798012] pci 0000:00:1e.0:   bridge window [io  0x9000-0xcfff]
[    0.798019] pci 0000:00:1e.0:   bridge window [mem 0xe4300000-0xe7ffffff]
[    0.798031] pci 0000:00:1e.0:   bridge window [mem 0xe0000000-0xe3ffffff 64bit pref]
[    0.798036] pci 0000:00:1e.0:   bridge window [io  0x0000-0x0cf7 window] (subtractive decode)
[    0.798041] pci 0000:00:1e.0:   bridge window [io  0x0d00-0xffff window] (subtractive decode)
[    0.798046] pci 0000:00:1e.0:   bridge window [mem 0x000a0000-0x000bffff window] (subtractive decode)
[    0.798051] pci 0000:00:1e.0:   bridge window [mem 0x000d0000-0x000d3fff window] (subtractive decode)
[    0.798056] pci 0000:00:1e.0:   bridge window [mem 0x000d4000-0x000d7fff window] (subtractive decode)
[    0.798060] pci 0000:00:1e.0:   bridge window [mem 0x000d8000-0x000dbfff window] (subtractive decode)
[    0.798065] pci 0000:00:1e.0:   bridge window [mem 0xc0000000-0xfebfffff window] (subtractive decode)
[    0.798070] pci 0000:00:1e.0:   bridge window [mem 0xfed40000-0xfed40fff window] (subtractive decode)
[    0.798115] pci_bus 0000:16: extended config space not accessible
[    0.798296] pci_bus 0000:16: busn_res: [bus 16-18] end is updated to 17
[    0.798351] pci_bus 0000:00: on NUMA node 0
[    0.804866] ACPI: EC: interrupt unblocked
[    0.804979] ACPI: EC: event unblocked
[    0.805086] ACPI: \_SB_.PCI0.LPC_.EC__: GPE=0x1c, EC_CMD/EC_SC=0x66, EC_DATA=0x62
[    0.805182] ACPI: \_SB_.PCI0.LPC_.EC__: Used as boot DSDT EC to handle transactions and events
[    0.805840] pci 0000:00:02.0: vgaarb: setting as boot VGA device
[    0.805931] pci 0000:00:02.0: vgaarb: VGA device added: decodes=io+mem,owns=io+mem,locks=none
[    0.806066] pci 0000:00:02.0: vgaarb: bridge control possible
[    0.806148] vgaarb: loaded
[    0.806775] SCSI subsystem initialized
[    0.807132] libata version 3.00 loaded.
[    0.807333] ACPI: bus type USB registered
[    0.807537] usbcore: registered new interface driver usbfs
[    0.807683] usbcore: registered new interface driver hub
[    0.807831] usbcore: registered new device driver usb
[    0.808036] media: Linux media interface: v0.10
[    0.808166] videodev: Linux video capture interface: v2.00
[    0.808320] pps_core: LinuxPPS API ver. 1 registered
[    0.808399] pps_core: Software ver. 5.3.6 - Copyright 2005-2007 Rodolfo Giometti <giometti@linux.it>
[    0.808545] PTP clock support registered
[    0.809294] EDAC MC: Ver: 3.0.0
[    0.809917] Advanced Linux Sound Architecture Driver Initialized.
[    0.809975] PCI: Using ACPI for IRQ routing
[    0.813478] PCI: pci_cache_line_size set to 64 bytes
[    0.813805] e820: reserve RAM buffer [mem 0x0009f000-0x0009ffff]
[    0.813812] e820: reserve RAM buffer [mem 0xbf6d0000-0xbfffffff]
[    0.814485] Bluetooth: Core ver 2.22
[    0.814625] NET: Registered protocol family 31
[    0.814702] Bluetooth: HCI device and connection manager initialized
[    0.814798] Bluetooth: HCI socket layer initialized
[    0.814879] Bluetooth: L2CAP socket layer initialized
[    0.814980] Bluetooth: SCO socket layer initialized
[    0.815271] clocksource: Switched to clocksource hpet
[    0.815271] pnp: PnP ACPI init
[    0.816954] system 00:00: [mem 0x00000000-0x0009ffff] could not be reserved
[    0.817052] system 00:00: [mem 0x000c0000-0x000c3fff] could not be reserved
[    0.817148] system 00:00: [mem 0x000c4000-0x000c7fff] could not be reserved
[    0.817242] system 00:00: [mem 0x000c8000-0x000cbfff] has been reserved
[    0.817334] system 00:00: [mem 0x000cc000-0x000cffff] has been reserved
[    0.817445] system 00:00: [mem 0x000dc000-0x000dffff] could not be reserved
[    0.817541] system 00:00: [mem 0x000e0000-0x000e3fff] could not be reserved
[    0.817636] system 00:00: [mem 0x000e4000-0x000e7fff] could not be reserved
[    0.817731] system 00:00: [mem 0x000e8000-0x000ebfff] could not be reserved
[    0.817826] system 00:00: [mem 0x000ec000-0x000effff] could not be reserved
[    0.817921] system 00:00: [mem 0x000f0000-0x000fffff] could not be reserved
[    0.818016] system 00:00: [mem 0x00100000-0xbfffffff] could not be reserved
[    0.818112] system 00:00: [mem 0xfec00000-0xfed3ffff] could not be reserved
[    0.818207] system 00:00: [mem 0xfed41000-0xffffffff] could not be reserved
[    0.818345] system 00:00: Plug and Play ACPI device, IDs PNP0c01 (active)
[    0.818838] system 00:01: [io  0x164e-0x164f] has been reserved
[    0.818928] system 00:01: [io  0x1000-0x107f] has been reserved
[    0.819017] system 00:01: [io  0x1180-0x11bf] has been reserved
[    0.819106] system 00:01: [io  0x0800-0x080f] has been reserved
[    0.819195] system 00:01: [io  0x15e0-0x15ef] has been reserved
[    0.819286] system 00:01: [io  0x1600-0x165f] could not be reserved
[    0.819377] system 00:01: [mem 0xf0000000-0xf3ffffff] has been reserved
[    0.819470] system 00:01: [mem 0xfed1c000-0xfed1ffff] has been reserved
[    0.819562] system 00:01: [mem 0xfed14000-0xfed17fff] has been reserved
[    0.819654] system 00:01: [mem 0xfed18000-0xfed18fff] has been reserved
[    0.819746] system 00:01: [mem 0xfed19000-0xfed19fff] has been reserved
[    0.819872] system 00:01: Plug and Play ACPI device, IDs PNP0c02 (active)
[    0.820173] pnp 00:02: Plug and Play ACPI device, IDs PNP0b00 (active)
[    0.820311] pnp 00:03: Plug and Play ACPI device, IDs PNP0303 (active)
[    0.820441] pnp 00:04: Plug and Play ACPI device, IDs IBM3780 PNP0f13 (active)
[    0.821166] pnp 00:05: [dma 3]
[    0.821385] pnp 00:05: Plug and Play ACPI device, IDs IBM0071 PNP0511 (active)
[    0.821630] pnp 00:06: Plug and Play ACPI device, IDs ATM1200 PNP0c31 (active)
[    0.823989] pnp: PnP ACPI: found 7 devices
[    0.871554] clocksource: acpi_pm: mask: 0xffffff max_cycles: 0xffffff, max_idle_ns: 2085701024 ns
[    0.871701] pci 0000:00:1c.0: bridge window [mem 0x00100000-0x000fffff 64bit pref] to [bus 02] add_size 200000 add_align 100000
[    0.871787] pci 0000:00:1c.0: BAR 9: assigned [mem 0xc0000000-0xc01fffff 64bit pref]
[    0.871884] pci 0000:00:1c.0: PCI bridge to [bus 02]
[    0.871966] pci 0000:00:1c.0:   bridge window [io  0x2000-0x2fff]
[    0.872055] pci 0000:00:1c.0:   bridge window [mem 0xee000000-0xee0fffff]
[    0.872146] pci 0000:00:1c.0:   bridge window [mem 0xc0000000-0xc01fffff 64bit pref]
[    0.872245] pci 0000:00:1c.1: PCI bridge to [bus 03]
[    0.872326] pci 0000:00:1c.1:   bridge window [io  0x3000-0x4fff]
[    0.872415] pci 0000:00:1c.1:   bridge window [mem 0xec000000-0xedffffff]
[    0.872506] pci 0000:00:1c.1:   bridge window [mem 0xe4000000-0xe40fffff 64bit pref]
[    0.872605] pci 0000:00:1c.2: PCI bridge to [bus 04-0b]
[    0.872687] pci 0000:00:1c.2:   bridge window [io  0x5000-0x6fff]
[    0.872776] pci 0000:00:1c.2:   bridge window [mem 0xe8000000-0xe9ffffff]
[    0.872867] pci 0000:00:1c.2:   bridge window [mem 0xe4100000-0xe41fffff 64bit pref]
[    0.872966] pci 0000:00:1c.3: PCI bridge to [bus 0c-13]
[    0.873048] pci 0000:00:1c.3:   bridge window [io  0x7000-0x8fff]
[    0.873137] pci 0000:00:1c.3:   bridge window [mem 0xea000000-0xebffffff]
[    0.873228] pci 0000:00:1c.3:   bridge window [mem 0xe4200000-0xe42fffff 64bit pref]
[    0.873339] pci 0000:15:00.0: BAR 9: assigned [mem 0xe0000000-0xe3ffffff pref]
[    0.873450] pci 0000:15:00.0: BAR 10: assigned [mem 0xc4000000-0xc7ffffff]
[    0.873539] pci 0000:15:00.0: BAR 7: assigned [io  0x9000-0x90ff]
[    0.873624] pci 0000:15:00.0: BAR 8: assigned [io  0x9400-0x94ff]
[    0.873717] pci 0000:15:00.0: CardBus bridge to [bus 16-17]
[    0.873799] pci 0000:15:00.0:   bridge window [io  0x9000-0x90ff]
[    0.873886] pci 0000:15:00.0:   bridge window [io  0x9400-0x94ff]
[    0.873974] pci 0000:15:00.0:   bridge window [mem 0xe0000000-0xe3ffffff pref]
[    0.874067] pci 0000:15:00.0:   bridge window [mem 0xc4000000-0xc7ffffff]
[    0.874158] pci 0000:00:1e.0: PCI bridge to [bus 15-18]
[    0.874240] pci 0000:00:1e.0:   bridge window [io  0x9000-0xcfff]
[    0.874329] pci 0000:00:1e.0:   bridge window [mem 0xe4300000-0xe7ffffff]
[    0.874420] pci 0000:00:1e.0:   bridge window [mem 0xe0000000-0xe3ffffff 64bit pref]
[    0.874520] pci_bus 0000:00: resource 4 [io  0x0000-0x0cf7 window]
[    0.874525] pci_bus 0000:00: resource 5 [io  0x0d00-0xffff window]
[    0.874529] pci_bus 0000:00: resource 6 [mem 0x000a0000-0x000bffff window]
[    0.874533] pci_bus 0000:00: resource 7 [mem 0x000d0000-0x000d3fff window]
[    0.874537] pci_bus 0000:00: resource 8 [mem 0x000d4000-0x000d7fff window]
[    0.874541] pci_bus 0000:00: resource 9 [mem 0x000d8000-0x000dbfff window]
[    0.874545] pci_bus 0000:00: resource 10 [mem 0xc0000000-0xfebfffff window]
[    0.874549] pci_bus 0000:00: resource 11 [mem 0xfed40000-0xfed40fff window]
[    0.874553] pci_bus 0000:02: resource 0 [io  0x2000-0x2fff]
[    0.874557] pci_bus 0000:02: resource 1 [mem 0xee000000-0xee0fffff]
[    0.874562] pci_bus 0000:02: resource 2 [mem 0xc0000000-0xc01fffff 64bit pref]
[    0.874566] pci_bus 0000:03: resource 0 [io  0x3000-0x4fff]
[    0.874570] pci_bus 0000:03: resource 1 [mem 0xec000000-0xedffffff]
[    0.874574] pci_bus 0000:03: resource 2 [mem 0xe4000000-0xe40fffff 64bit pref]
[    0.874578] pci_bus 0000:04: resource 0 [io  0x5000-0x6fff]
[    0.874582] pci_bus 0000:04: resource 1 [mem 0xe8000000-0xe9ffffff]
[    0.874586] pci_bus 0000:04: resource 2 [mem 0xe4100000-0xe41fffff 64bit pref]
[    0.874591] pci_bus 0000:0c: resource 0 [io  0x7000-0x8fff]
[    0.874595] pci_bus 0000:0c: resource 1 [mem 0xea000000-0xebffffff]
[    0.874599] pci_bus 0000:0c: resource 2 [mem 0xe4200000-0xe42fffff 64bit pref]
[    0.874603] pci_bus 0000:15: resource 0 [io  0x9000-0xcfff]
[    0.874607] pci_bus 0000:15: resource 1 [mem 0xe4300000-0xe7ffffff]
[    0.874611] pci_bus 0000:15: resource 2 [mem 0xe0000000-0xe3ffffff 64bit pref]
[    0.874615] pci_bus 0000:15: resource 4 [io  0x0000-0x0cf7 window]
[    0.874619] pci_bus 0000:15: resource 5 [io  0x0d00-0xffff window]
[    0.874623] pci_bus 0000:15: resource 6 [mem 0x000a0000-0x000bffff window]
[    0.874627] pci_bus 0000:15: resource 7 [mem 0x000d0000-0x000d3fff window]
[    0.874631] pci_bus 0000:15: resource 8 [mem 0x000d4000-0x000d7fff window]
[    0.874635] pci_bus 0000:15: resource 9 [mem 0x000d8000-0x000dbfff window]
[    0.874639] pci_bus 0000:15: resource 10 [mem 0xc0000000-0xfebfffff window]
[    0.874643] pci_bus 0000:15: resource 11 [mem 0xfed40000-0xfed40fff window]
[    0.874648] pci_bus 0000:16: resource 0 [io  0x9000-0x90ff]
[    0.874652] pci_bus 0000:16: resource 1 [io  0x9400-0x94ff]
[    0.874656] pci_bus 0000:16: resource 2 [mem 0xe0000000-0xe3ffffff pref]
[    0.874660] pci_bus 0000:16: resource 3 [mem 0xc4000000-0xc7ffffff]
[    0.875118] NET: Registered protocol family 2
[    0.875912] tcp_listen_portaddr_hash hash table entries: 512 (order: 2, 20480 bytes)
[    0.876057] TCP established hash table entries: 8192 (order: 3, 32768 bytes)
[    0.876211] TCP bind hash table entries: 8192 (order: 6, 294912 bytes)
[    0.876794] TCP: Hash tables configured (established 8192 bind 8192)
[    0.878222] UDP hash table entries: 512 (order: 3, 40960 bytes)
[    0.878381] UDP-Lite hash table entries: 512 (order: 3, 40960 bytes)
[    0.878692] NET: Registered protocol family 1
[    0.879611] RPC: Registered named UNIX socket transport module.
[    0.879697] RPC: Registered udp transport module.
[    0.879777] RPC: Registered tcp transport module.
[    0.879856] RPC: Registered tcp NFSv4.1 backchannel transport module.
[    0.880482] pci 0000:00:02.0: Video device with shadowed ROM at [mem 0x000c0000-0x000dffff]
[    0.884555] PCI: CLS mismatch (64 != 32), using 64 bytes
[    0.884681] PCI-DMA: Using software bounce buffering for IO (SWIOTLB)
[    0.884768] software IO TLB: mapped [mem 0x31d00000-0x35d00000] (64MB)
[    0.887939] Initialise system trusted keyrings
[    0.888410] workingset: timestamp_bits=30 max_order=20 bucket_order=0
[    0.890660] Installing knfsd (copyright (C) 1996 okir@monad.swb.de).
[    0.891159] ntfs: driver 2.1.32 [Flags: R/W].
[    0.891485] fuse init (API version 7.28)
[    0.900057] Key type asymmetric registered
[    0.900143] Asymmetric key parser 'x509' registered
[    0.900355] bounce: pool size: 64 pages
[    0.900509] Block layer SCSI generic (bsg) driver version 0.4 loaded (major 249)
[    0.900611] io scheduler mq-deadline registered
[    0.900734] io scheduler bfq registered
[    0.903278] intel_idle: does not run on family 6 model 14
[    0.903730] ACPI: Deprecated procfs I/F for AC is loaded, please retry with CONFIG_ACPI_PROCFS_POWER cleared
[    0.904011] ACPI: AC Adapter [AC] (on-line)
[    0.904407] input: Lid Switch as /devices/LNXSYSTM:00/LNXSYBUS:00/PNP0C0D:00/input/input0
[    0.904682] ACPI: Lid Switch [LID]
[    0.904966] input: Sleep Button as /devices/LNXSYSTM:00/LNXSYBUS:00/PNP0C0E:00/input/input1
[    0.905130] ACPI: Sleep Button [SLPB]
[    0.905691] input: Power Button as /devices/LNXSYSTM:00/LNXPWRBN:00/input/input2
[    0.905973] ACPI: Power Button [PWRF]
[    0.906499] ACPI: Video Device [VID] (multi-head: yes  rom: no  post: no)
[    0.913933] acpi device:01: registered as cooling_device0
[    0.914399] input: Video Bus as /devices/LNXSYSTM:00/LNXSYBUS:00/PNP0A08:00/LNXVIDEO:00/input/input3
[    0.930285] thermal LNXTHERM:00: registered as thermal_zone0
[    0.930374] ACPI: Thermal Zone [THM0] (78 C)
[    0.934096] thermal LNXTHERM:01: registered as thermal_zone1
[    0.934184] ACPI: Thermal Zone [THM1] (79 C)
[    0.934992] Serial: 8250/16550 driver, 4 ports, IRQ sharing disabled
[    0.935785] serial8250: ttyS1 at I/O 0x2f8 (irq = 3, base_baud = 921600) is a NS16550A
[    0.938492] lp: driver loaded but no devices found
[    0.938766] Non-volatile memory driver v1.3
[    0.939205] intel_rng: FWH not detected
[    0.939463] Linux agpgart interface v0.103
[    0.940311] [drm] radeon kernel modesetting enabled.
[    0.941540] pci 0000:00:00.0: Intel 945GM Chipset
[    0.941648] pci 0000:00:00.0: detected gtt size: 262144K total, 262144K mappable
[    0.942308] pci 0000:00:00.0: detected 8192K stolen memory
[    0.942603] [drm] Replacing VGA console driver
[    0.943652] Console: switching to colour dummy device 80x25
[    0.945344] [drm] Supports vblank timestamp caching Rev 2 (21.10.2013).
[    0.945380] [drm] Driver supports precise vblank timestamp query.
[    0.945483] resource sanity check: requesting [mem 0x000c0000-0x000dffff], which spans more than pnp 00:00 [mem 0x000c8000-0x000cbfff]
[    0.945553] caller pci_map_rom+0x67/0x1d0 mapping multiple BARs
[    0.947212] i915 0000:00:02.0: vgaarb: changed VGA decodes: olddecodes=io+mem,decodes=io+mem:owns=io+mem
[    0.967722] battery: ACPI: Deprecated procfs I/F for battery is loaded, please retry with CONFIG_ACPI_PROCFS_POWER cleared
[    0.967801] battery: ACPI: Battery Slot [BAT0] (battery present)
[    1.005477] random: fast init done
[    1.032021] [drm] RC6 disabled, disabling runtime PM support
[    1.032251] [drm] Initialized overlay support.
[    1.033937] [drm] Initialized i915 1.6.0 20181204 for 0000:00:02.0 on minor 0
[    1.035011] usbcore: registered new interface driver udl
[    1.047928] loop: module loaded
[    1.059957] fbcon: inteldrmfb (fb0) is primary device
[    1.072747] ahci 0000:00:1f.2: version 3.0
[    1.073553] ahci 0000:00:1f.2: AHCI 0001.0100 32 slots 4 ports 1.5 Gbps 0x1 impl SATA mode
[    1.073559] ahci 0000:00:1f.2: flags: 64bit ncq pm led clo pio slum part 
[    1.075943] scsi host0: ahci
[    1.076638] scsi host1: ahci
[    1.077266] scsi host2: ahci
[    1.077935] scsi host3: ahci
[    1.078305] ata1: SATA max UDMA/133 abar m1024@0xee444400 port 0xee444500 irq 16
[    1.078308] ata2: DUMMY
[    1.078310] ata3: DUMMY
[    1.078312] ata4: DUMMY
[    1.078497] ata_piix 0000:00:1f.1: version 2.13
[    1.082053] scsi host4: ata_piix
[    1.082610] scsi host5: ata_piix
[    1.082833] ata5: PATA max UDMA/100 cmd 0x1f0 ctl 0x3f6 bmdma 0x1810 irq 14
[    1.082835] ata6: PATA max UDMA/100 cmd 0x170 ctl 0x376 bmdma 0x1818 irq 15
[    1.084155] tun: Universal TUN/TAP device driver, 1.6
[    1.084852] e1000e: Intel(R) PRO/1000 Network Driver - 3.2.6-k
[    1.084854] e1000e: Copyright(c) 1999 - 2015 Intel Corporation.
[    1.084971] e1000e 0000:02:00.0: Disabling ASPM  L1
[    1.084975] e1000e 0000:02:00.0: can't disable ASPM; OS doesn't have ASPM control
[    1.085456] e1000e 0000:02:00.0: Interrupt Throttling Rate (ints/sec) set to dynamic conservative mode
[    1.085774] ata6: port disabled--ignoring
[    1.222309] e1000e 0000:02:00.0 eth0: (PCI Express:2.5GT/s:Width x1) 00:16:d3:25:19:04
[    1.222313] e1000e 0000:02:00.0 eth0: Intel(R) PRO/1000 Network Connection
[    1.222392] e1000e 0000:02:00.0 eth0: MAC: 2, PHY: 2, PBA No: 005302-003
[    1.222654] PPP generic driver version 2.4.2
[    1.222903] PPP BSD Compression module registered
[    1.222905] PPP Deflate Compression module registered
[    1.222908] SLIP: version 0.8.4-NET3.019-NEWTTY (dynamic channels, max=256).
[    1.222910] CSLIP: code copyright 1989 Regents of the University of California.
[    1.222996] iwl3945: Intel(R) PRO/Wireless 3945ABG/BG Network Connection driver for Linux, in-tree:ds
[    1.222998] iwl3945: Copyright(c) 2003-2011 Intel Corporation
[    1.222999] iwl3945: hw_scan is disabled
[    1.223209] iwl3945 0000:03:00.0: can't disable ASPM; OS doesn't have ASPM control
[    1.278167] iwl3945 0000:03:00.0: Tunable channels: 11 802.11bg, 13 802.11a channels
[    1.278171] iwl3945 0000:03:00.0: Detected Intel Wireless WiFi Link 3945ABG
[    1.279069] ieee80211 phy0: Selected rate control algorithm 'iwl-3945-rs'
[    1.280003] Intel(R) Wireless WiFi driver for Linux
[    1.280005] Copyright(c) 2003- 2015 Intel Corporation
[    1.280243] usbcore: registered new interface driver ax88179_178a
[    1.280285] usbcore: registered new interface driver cdc_ether
[    1.280331] usbcore: registered new interface driver net1080
[    1.280373] usbcore: registered new interface driver cdc_subset
[    1.280417] usbcore: registered new interface driver zaurus
[    1.280471] usbcore: registered new interface driver cdc_ncm
[    1.280514] usbcore: registered new interface driver aqc111
[    1.280609] pci 0000:00:1e.0: enabling device (0005 -> 0007)
[    1.280836] yenta_cardbus 0000:15:00.0: CardBus bridge found [17aa:201c]
[    1.397519] ata1: SATA link up 1.5 Gbps (SStatus 113 SControl 300)
[    1.466602] ata1.00: ACPI cmd ef/02:00:00:00:00:a0 (SET FEATURES) succeeded
[    1.466607] ata1.00: ACPI cmd f5/00:00:00:00:00:a0 (SECURITY FREEZE LOCK) filtered out
[    1.466612] ata1.00: ACPI cmd ef/10:03:00:00:00:a0 (SET FEATURES) filtered out
[    1.510715] ata1.00: ATA-9: ST1000LM014-1EJ164, SM11, max UDMA/133
[    1.510719] ata1.00: 1953525168 sectors, multi 16: LBA48 NCQ (depth 32), AA
[    1.555299] ata1.00: ACPI cmd ef/02:00:00:00:00:a0 (SET FEATURES) succeeded
[    1.555303] ata1.00: ACPI cmd f5/00:00:00:00:00:a0 (SECURITY FREEZE LOCK) filtered out
[    1.555308] ata1.00: ACPI cmd ef/10:03:00:00:00:a0 (SET FEATURES) filtered out
[    1.599454] ata1.00: configured for UDMA/133
[    1.760611] Console: switching to colour frame buffer device 102x42
[    1.883689] i915 0000:00:02.0: fb0: inteldrmfb frame buffer device
[    1.886951] scsi 0:0:0:0: Direct-Access     ATA      ST1000LM014-1EJ1 SM11 PQ: 0 ANSI: 5
[    1.890567] sd 0:0:0:0: [sda] 1953525168 512-byte logical blocks: (1.00 TB/932 GiB)
[    1.890642] sd 0:0:0:0: Attached scsi generic sg0 type 0
[    1.893055] sd 0:0:0:0: [sda] 4096-byte physical blocks
[    1.898097] sd 0:0:0:0: [sda] Write Protect is off
[    1.900493] sd 0:0:0:0: [sda] Mode Sense: 00 3a 00 00
[    1.900627] sd 0:0:0:0: [sda] Write cache: enabled, read cache: enabled, doesn't support DPO or FUA
[    1.919557]  sda: sda1 sda2 sda3 sda4
[    1.924462] sd 0:0:0:0: [sda] Attached SCSI disk
[    2.062598] yenta_cardbus 0000:15:00.0: ISA IRQ mask 0x0cb8, PCI irq 16
[    2.065112] yenta_cardbus 0000:15:00.0: Socket status: 30000006
[    2.067583] yenta_cardbus 0000:15:00.0: pcmcia: parent PCI bridge window: [io  0x9000-0xcfff]
[    2.070039] yenta_cardbus 0000:15:00.0: pcmcia: parent PCI bridge window: [mem 0xe4300000-0xe7ffffff]
[    2.072472] pcmcia_socket pcmcia_socket0: cs: memory probe 0xe4300000-0xe7ffffff:
[    2.074917]  excluding 0xe4300000-0xe46cffff
[    2.077368] yenta_cardbus 0000:15:00.0: pcmcia: parent PCI bridge window: [mem 0xe0000000-0xe3ffffff 64bit pref]
[    2.079963] pcmcia_socket pcmcia_socket0: cs: memory probe 0xe0000000-0xe3ffffff:
[    2.082596]  excluding 0xe0000000-0xe3ffffff
[    2.086209] ehci_hcd: USB 2.0 'Enhanced' Host Controller (EHCI) Driver
[    2.088800] ehci-pci: EHCI PCI platform driver
[    2.091946] ehci-pci 0000:00:1d.7: EHCI Host Controller
[    2.094938] ehci-pci 0000:00:1d.7: new USB bus registered, assigned bus number 1
[    2.097772] ehci-pci 0000:00:1d.7: debug port 1
[    2.104499] ehci-pci 0000:00:1d.7: cache line size of 64 is not supported
[    2.104559] ehci-pci 0000:00:1d.7: irq 19, io mem 0xee444000
[    2.121475] ehci-pci 0000:00:1d.7: USB 2.0 started, EHCI 1.00
[    2.124855] usb usb1: New USB device found, idVendor=1d6b, idProduct=0002, bcdDevice= 4.20
[    2.127800] usb usb1: New USB device strings: Mfr=3, Product=2, SerialNumber=1
[    2.130702] usb usb1: Product: EHCI Host Controller
[    2.133555] usb usb1: Manufacturer: Linux 4.20.0-rc6-next-20181213+ ehci_hcd
[    2.136410] usb usb1: SerialNumber: 0000:00:1d.7
[    2.139978] hub 1-0:1.0: USB hub found
[    2.142895] hub 1-0:1.0: 8 ports detected
[    2.147631] ohci_hcd: USB 1.1 'Open' Host Controller (OHCI) Driver
[    2.150399] ohci-pci: OHCI PCI platform driver
[    2.153166] uhci_hcd: USB Universal Host Controller Interface driver
[    2.156448] uhci_hcd 0000:00:1d.0: UHCI Host Controller
[    2.159463] uhci_hcd 0000:00:1d.0: new USB bus registered, assigned bus number 2
[    2.162273] uhci_hcd 0000:00:1d.0: detected 2 ports
[    2.164978] uhci_hcd 0000:00:1d.0: irq 16, io base 0x00001820
[    2.168110] usb usb2: New USB device found, idVendor=1d6b, idProduct=0001, bcdDevice= 4.20
[    2.170884] usb usb2: New USB device strings: Mfr=3, Product=2, SerialNumber=1
[    2.173623] usb usb2: Product: UHCI Host Controller
[    2.176339] usb usb2: Manufacturer: Linux 4.20.0-rc6-next-20181213+ uhci_hcd
[    2.179080] usb usb2: SerialNumber: 0000:00:1d.0
[    2.182313] hub 2-0:1.0: USB hub found
[    2.185038] hub 2-0:1.0: 2 ports detected
[    2.188712] uhci_hcd 0000:00:1d.1: UHCI Host Controller
[    2.191589] uhci_hcd 0000:00:1d.1: new USB bus registered, assigned bus number 3
[    2.194257] uhci_hcd 0000:00:1d.1: detected 2 ports
[    2.196885] uhci_hcd 0000:00:1d.1: irq 17, io base 0x00001840
[    2.199873] usb usb3: New USB device found, idVendor=1d6b, idProduct=0001, bcdDevice= 4.20
[    2.202532] usb usb3: New USB device strings: Mfr=3, Product=2, SerialNumber=1
[    2.205049] usb usb3: Product: UHCI Host Controller
[    2.207478] usb usb3: Manufacturer: Linux 4.20.0-rc6-next-20181213+ uhci_hcd
[    2.209923] usb usb3: SerialNumber: 0000:00:1d.1
[    2.212910] hub 3-0:1.0: USB hub found
[    2.215388] hub 3-0:1.0: 2 ports detected
[    2.218895] uhci_hcd 0000:00:1d.2: UHCI Host Controller
[    2.221472] uhci_hcd 0000:00:1d.2: new USB bus registered, assigned bus number 4
[    2.223856] uhci_hcd 0000:00:1d.2: detected 2 ports
[    2.226283] uhci_hcd 0000:00:1d.2: irq 18, io base 0x00001860
[    2.229063] usb usb4: New USB device found, idVendor=1d6b, idProduct=0001, bcdDevice= 4.20
[    2.231512] usb usb4: New USB device strings: Mfr=3, Product=2, SerialNumber=1
[    2.233945] usb usb4: Product: UHCI Host Controller
[    2.236597] usb usb4: Manufacturer: Linux 4.20.0-rc6-next-20181213+ uhci_hcd
[    2.238995] usb usb4: SerialNumber: 0000:00:1d.2
[    2.241981] hub 4-0:1.0: USB hub found
[    2.244415] hub 4-0:1.0: 2 ports detected
[    2.247882] uhci_hcd 0000:00:1d.3: UHCI Host Controller
[    2.250494] uhci_hcd 0000:00:1d.3: new USB bus registered, assigned bus number 5
[    2.252881] uhci_hcd 0000:00:1d.3: detected 2 ports
[    2.255316] uhci_hcd 0000:00:1d.3: irq 19, io base 0x00001880
[    2.258079] usb usb5: New USB device found, idVendor=1d6b, idProduct=0001, bcdDevice= 4.20
[    2.260482] usb usb5: New USB device strings: Mfr=3, Product=2, SerialNumber=1
[    2.262902] usb usb5: Product: UHCI Host Controller
[    2.265269] usb usb5: Manufacturer: Linux 4.20.0-rc6-next-20181213+ uhci_hcd
[    2.267659] usb usb5: SerialNumber: 0000:00:1d.3
[    2.270603] hub 5-0:1.0: USB hub found
[    2.272990] hub 5-0:1.0: 2 ports detected
[    2.276215] usbcore: registered new interface driver cdc_acm
[    2.278486] cdc_acm: USB Abstract Control Model driver for USB modems and ISDN adapters
[    2.280891] usbcore: registered new interface driver usblp
[    2.283355] usbcore: registered new interface driver usb-storage
[    2.286060] usbcore: registered new interface driver ums-sddr09
[    2.288472] usbcore: registered new interface driver usbserial_generic
[    2.290806] usbserial: USB Serial support registered for generic
[    2.293149] usbcore: registered new interface driver ch341
[    2.295448] usbserial: USB Serial support registered for ch341-uart
[    2.297774] usbcore: registered new interface driver ftdi_sio
[    2.300043] usbserial: USB Serial support registered for FTDI USB Serial Device
[    2.302458] usbcore: registered new interface driver option
[    2.304769] usbserial: USB Serial support registered for GSM modem (1-port)
[    2.307252] usbcore: registered new interface driver pl2303
[    2.309671] usbserial: USB Serial support registered for pl2303
[    2.312106] usbcore: registered new interface driver ti_usb_3410_5052
[    2.314552] usbserial: USB Serial support registered for TI USB 3410 1 port adapter
[    2.317035] usbserial: USB Serial support registered for TI USB 5052 2 port adapter
[    2.319474] ftdi_elan: driver ftdi-elan
[    2.321878] usbcore: registered new interface driver ftdi-elan
[    2.324433] i8042: PNP: PS/2 Controller [PNP0303:KBD,PNP0f13:MOU] at 0x60,0x64 irq 1,12
[    2.337775] serio: i8042 KBD port at 0x60,0x64 irq 1
[    2.340220] serio: i8042 AUX port at 0x60,0x64 irq 12
[    2.343357] mousedev: PS/2 mouse device common for all mice
[    2.346958] input: PC Speaker as /devices/platform/pcspkr/input/input4
[    2.350189] rtc_cmos 00:02: RTC can wake from S4
[    2.353120] rtc_cmos 00:02: registered as rtc0
[    2.355725] rtc_cmos 00:02: alarms up to one month, y3k, 114 bytes nvram, hpet irqs
[    2.358379] usbcore: registered new interface driver uvcvideo
[    2.360861] USB Video Class driver (1.1.1)
[    2.363289] gspca_main: v2.14.0 registered
[    2.365750] usbcore: registered new interface driver sq930x
[    2.369456] device-mapper: ioctl: 4.39.0-ioctl (2018-04-03) initialised: dm-devel@redhat.com
[    2.371952] Bluetooth: HCI UART driver ver 2.3
[    2.374423] Bluetooth: HCI UART protocol H4 registered
[    2.376872] Bluetooth: HCI UART protocol BCSP registered
[    2.379460] usbcore: registered new interface driver btusb
[    2.382058] sdhci: Secure Digital Host Controller Interface driver
[    2.384505] sdhci: Copyright(c) Pierre Ossman
[    2.386956] sdhci-pci 0000:15:00.2: SDHCI controller found [1180:0822] (rev 18)
[    2.389813] sdhci-pci 0000:15:00.2: Will use DMA mode even though HW doesn't fully claim to support it.
[    2.392920] mmc0 bounce up to 128 segments into one, max segment size 65536 bytes
[    2.395633] sdhci-pci 0000:15:00.2: Will use DMA mode even though HW doesn't fully claim to support it.
[    2.398930] mmc0: SDHCI controller on PCI [0000:15:00.2] using DMA
[    2.401952] hidraw: raw HID events driver (C) Jiri Kosina
[    2.406122] usbcore: registered new interface driver usbhid
[    2.408886] usbhid: USB HID core driver
[    2.411881] input: AT Translated Set 2 keyboard as /devices/platform/i8042/serio0/input/input5
[    2.415394] thinkpad_acpi: ThinkPad ACPI Extras v0.26
[    2.418187] thinkpad_acpi: http://ibm-acpi.sf.net/
[    2.420874] thinkpad_acpi: ThinkPad BIOS 7BETD8WW (2.19 ), EC 7BHT40WW-1.13
[    2.423616] thinkpad_acpi: Lenovo ThinkPad X60, model 17097HU
[    2.432358] thinkpad_acpi: ACPI backlight control delay disabled
[    2.435555] thinkpad_acpi: radio switch found; radios are enabled
[    2.438356] thinkpad_acpi: This ThinkPad has standard ACPI backlight brightness control, supported by the ACPI video driver
[    2.443919] thinkpad_acpi: Disabling thinkpad-acpi brightness events by default...
[    2.457660] thinkpad_acpi: rfkill switch tpacpi_bluetooth_sw: radio is unblocked
[    2.463115] thinkpad_acpi: warning: userspace override of important firmware LEDs is enabled
[    2.471201] thinkpad_acpi: Standard ACPI backlight interface available, not loading native one
[    2.474190] thinkpad_acpi: volume: disabled as there is no ALSA support in this kernel
[    2.477699] thinkpad_acpi: battery 1 registered (start 0, stop 0)
[    2.477708] battery: new extension: ThinkPad Battery Extension
[    2.481232] sdhci-pci 0000:15:00.2: Will use DMA mode even though HW doesn't fully claim to support it.
[    2.483788] input: ThinkPad Extra Buttons as /devices/platform/thinkpad_acpi/input/input8
[    2.494807] snd_hda_intel 0000:00:1b.0: probe_mask set to 0x1 for device 17aa:2010
[    2.498145] usbcore: registered new interface driver snd-usb-audio
[    2.503456] NET: Registered protocol family 17
[    2.506792] Bluetooth: RFCOMM TTY layer initialized
[    2.509858] Bluetooth: RFCOMM socket layer initialized
[    2.512845] Bluetooth: RFCOMM ver 1.11
[    2.515821] Bluetooth: BNEP (Ethernet Emulation) ver 1.3
[    2.518843] Bluetooth: BNEP filters: protocol multicast
[    2.521835] Bluetooth: BNEP socket layer initialized
[    2.524770] Bluetooth: HIDP (Human Interface Emulation) ver 1.2
[    2.527729] Bluetooth: HIDP socket layer initialized
[    2.530975] microcode: sig=0x6e8, pf=0x20, revision=0x39
[    2.534181] microcode: Microcode Update Driver: v2.2.
[    2.534186] Using IPI No-Shortcut mode
[    2.540890] Loading compiled-in X.509 certificates
[    2.544761] Key type encrypted registered
[    2.548539] rtc_cmos 00:02: setting system clock to 2018-12-14T10:24:31 UTC (1544783071)
[    2.554830] cfg80211: Loading compiled-in X.509 certificates for regulatory database
[    2.557074] snd_hda_codec_analog hdaudioC0D0: autoconfig for AD1981: line_outs=1 (0x5/0x0/0x0/0x0/0x0) type:speaker
[    2.563267] snd_hda_codec_analog hdaudioC0D0:    speaker_outs=0 (0x0/0x0/0x0/0x0/0x0)
[    2.564405] cfg80211: Loaded X.509 cert 'sforshee: 00b28ddf47aef9cea7'
[    2.566205] snd_hda_codec_analog hdaudioC0D0:    hp_outs=0 (0x0/0x0/0x0/0x0/0x0)
[    2.566208] snd_hda_codec_analog hdaudioC0D0:    mono: mono_out=0x0
[    2.566211] snd_hda_codec_analog hdaudioC0D0:    inputs:
[    2.566216] snd_hda_codec_analog hdaudioC0D0:      Mic=0x8
[    2.566220] snd_hda_codec_analog hdaudioC0D0:      CD=0x19
[    2.576402] sdhci-pci 0000:15:00.2: Will use DMA mode even though HW doesn't fully claim to support it.
[    2.578464] platform regulatory.0: Direct firmware load for regulatory.db failed with error -2
[    2.588921] cfg80211: failed to load regulatory.db
[    2.595976] PM: Image not found (code -22)
[    2.596014] ALSA device list:
[    2.598797]   #0: HDA Intel at 0xee240000 irq 17
[    2.655244] sdhci-pci 0000:15:00.2: Will use DMA mode even though HW doesn't fully claim to support it.
[    2.729878] sdhci-pci 0000:15:00.2: Will use DMA mode even though HW doesn't fully claim to support it.
[    2.769457] usb 5-1: new full-speed USB device number 2 using uhci_hcd
[    2.959027] usb 5-1: New USB device found, idVendor=0a5c, idProduct=2110, bcdDevice= 1.00
[    2.963763] usb 5-1: New USB device strings: Mfr=1, Product=2, SerialNumber=0
[    2.968392] usb 5-1: Product: BCM2045B
[    2.972860] usb 5-1: Manufacturer: Broadcom Corp
[    3.046568] psmouse serio1: trackpoint: IBM TrackPoint firmware: 0x0e, buttons: 3/3
[    3.069078] input: TPPS/2 IBM TrackPoint as /devices/platform/i8042/serio1/input/input7
[    3.078646] md: Waiting for all devices to be available before autodetect
[    3.082272] md: If you don't use raid, use raid=noautodetect
[    3.086846] md: Autodetecting RAID arrays.
[    3.090317] md: autorun ...
[    3.093005] md: ... autorun DONE.
[    3.102908] EXT4-fs (sda4): mounted filesystem with ordered data mode. Opts: (null)
[    3.105783] VFS: Mounted root (ext4 filesystem) readonly on device 8:4.
[    3.110167] devtmpfs: mounted
[    3.114657] Freeing unused kernel image memory: 640K
[    3.133616] Write protecting kernel text and read-only data: 17164k
[    3.137373] NX-protecting the kernel data: 8136k
[    3.142345] x86/mm: Checked W+X mappings: passed, no W+X pages found.
[    3.146106] rodata_test: all tests were successful
[    3.149848] x86/mm: Checking user space page tables
[    3.153543] x86/mm: Checked W+X mappings: passed, no W+X pages found.
[    3.156242] Run /sbin/init as init process
[    3.365893] random: systemd: uninitialized urandom read (16 bytes read)
[    3.371374] systemd[1]: systemd 215 running in system mode. (+PAM +AUDIT +SELINUX +IMA +SYSVINIT +LIBCRYPTSETUP +GCRYPT +ACL +XZ -SECCOMP -APPARMOR)
[    3.397736] systemd[1]: Detected architecture 'x86'.
[    3.483937] systemd[1]: Failed to insert module 'ipv6'
[    3.498855] systemd[1]: Set hostname to <amd>.
[    3.567985] random: systemd-sysv-ge: uninitialized urandom read (16 bytes read)
[    3.685497] usb 5-2: new full-speed USB device number 3 using uhci_hcd
[    3.887027] usb 5-2: New USB device found, idVendor=0483, idProduct=2016, bcdDevice= 0.01
[    3.890917] usb 5-2: New USB device strings: Mfr=1, Product=2, SerialNumber=0
[    3.894689] usb 5-2: Product: Biometric Coprocessor
[    3.898369] usb 5-2: Manufacturer: STMicroelectronics
[    3.898525] random: systemd-sysv-ge: uninitialized urandom read (16 bytes read)
[    4.313257] systemd[1]: Binding to IPv6 address not available since kernel does not support IPv6.
[    4.318265] systemd[1]: [/lib/systemd/system/gpsd.socket:6] Failed to parse address value, ignoring: [::1]:2947
[    4.330776] systemd[1]: Starting Forward Password Requests to Wall Directory Watch.
[    4.334640] systemd[1]: Started Forward Password Requests to Wall Directory Watch.
[    4.337594] systemd[1]: Starting Remote File Systems (Pre).
[    4.346393] systemd[1]: Reached target Remote File Systems (Pre).
[    4.907377] systemd-udevd[2295]: starting version 215
[    6.024674] EXT4-fs (sda4): re-mounted. Opts: errors=remount-ro
[    6.180611] e1000e 0000:02:00.0 eth1: renamed from eth0
[    6.192667] systemd-udevd[2427]: renamed network interface eth0 to eth1
[    6.469929] random: crng init done
[    6.472999] random: 7 urandom warning(s) missed due to ratelimiting
[    7.563664] Adding 2097148k swap on /dev/sda1.  Priority:-2 extents:1 across:2097148k 
[    8.027846] EXT4-fs (sda2): mounted filesystem with ordered data mode. Opts: errors=remount-ro
[    8.098837] systemd-journald[1541]: Received request to flush runtime journal from PID 1
[   16.683869] iwl3945 0000:03:00.0: loaded firmware version 15.32.2.9
[   19.346839] wlan0: authenticate with 00:00:00:00:00:01
[   19.348763] wlan0: send auth to 00:00:00:00:00:01 (try 1/3)
[   19.350610] wlan0: authenticated
[   19.353574] wlan0: associate with 00:00:00:00:00:01 (try 1/3)
[   19.356398] wlan0: RX AssocResp from 00:00:00:00:00:01 (capab=0x401 status=0 aid=5)
[   19.358523] wlan0: associated
