[    0.000000] Linux version 4.20.0-rc6-next-20181210 (pavel@duo) (gcc version 4.9.2 (Debian 4.9.2-10+deb8u1)) #3 SMP Mon Dec 10 11:10:38 CET 2018
[    0.000000] Command line: BOOT_IMAGE=(hd1,2)/l/k/o/next/64/arch/x86/boot/bzImage root=/dev/sdb4 resume=/dev/sda1
[    0.000000] Disabled fast string operations
[    0.000000] x86/fpu: Supporting XSAVE feature 0x001: 'x87 floating point registers'
[    0.000000] x86/fpu: Supporting XSAVE feature 0x002: 'SSE registers'
[    0.000000] x86/fpu: Supporting XSAVE feature 0x004: 'AVX registers'
[    0.000000] x86/fpu: xstate_offset[2]:  576, xstate_sizes[2]:  256
[    0.000000] x86/fpu: Enabled xstate features 0x7, context size is 832 bytes, using 'standard' format.
[    0.000000] BIOS-provided physical RAM map:
[    0.000000] BIOS-e820: [mem 0x0000000000000000-0x000000000009d7ff] usable
[    0.000000] BIOS-e820: [mem 0x000000000009d800-0x000000000009ffff] reserved
[    0.000000] BIOS-e820: [mem 0x00000000000e0000-0x00000000000fffff] reserved
[    0.000000] BIOS-e820: [mem 0x0000000000100000-0x000000001fffffff] usable
[    0.000000] BIOS-e820: [mem 0x0000000020000000-0x00000000201fffff] reserved
[    0.000000] BIOS-e820: [mem 0x0000000020200000-0x000000003fffffff] usable
[    0.000000] BIOS-e820: [mem 0x0000000040000000-0x00000000401fffff] reserved
[    0.000000] BIOS-e820: [mem 0x0000000040200000-0x00000000da99efff] usable
[    0.000000] BIOS-e820: [mem 0x00000000da99f000-0x00000000dae9efff] reserved
[    0.000000] BIOS-e820: [mem 0x00000000dae9f000-0x00000000daf9efff] ACPI NVS
[    0.000000] BIOS-e820: [mem 0x00000000daf9f000-0x00000000daffefff] ACPI data
[    0.000000] BIOS-e820: [mem 0x00000000dafff000-0x00000000daffffff] usable
[    0.000000] BIOS-e820: [mem 0x00000000db000000-0x00000000df9fffff] reserved
[    0.000000] BIOS-e820: [mem 0x00000000f8000000-0x00000000fbffffff] reserved
[    0.000000] BIOS-e820: [mem 0x00000000fec00000-0x00000000fec00fff] reserved
[    0.000000] BIOS-e820: [mem 0x00000000fed08000-0x00000000fed08fff] reserved
[    0.000000] BIOS-e820: [mem 0x00000000fed10000-0x00000000fed19fff] reserved
[    0.000000] BIOS-e820: [mem 0x00000000fed1c000-0x00000000fed1ffff] reserved
[    0.000000] BIOS-e820: [mem 0x00000000fee00000-0x00000000fee00fff] reserved
[    0.000000] BIOS-e820: [mem 0x00000000ffd20000-0x00000000ffffffff] reserved
[    0.000000] BIOS-e820: [mem 0x0000000100000000-0x000000019e5fffff] usable
[    0.000000] BIOS-e820: [mem 0x000000019e600000-0x000000019e7fffff] reserved
[    0.000000] NX (Execute Disable) protection: active
[    0.000000] SMBIOS 2.6 present.
[    0.000000] DMI: LENOVO 42872WU/42872WU, BIOS 8DET74WW (1.44 ) 03/13/2018
[    0.000000] tsc: Fast TSC calibration using PIT
[    0.000000] tsc: Detected 2491.686 MHz processor
[    0.001590] e820: update [mem 0x00000000-0x00000fff] usable ==> reserved
[    0.001593] e820: remove [mem 0x000a0000-0x000fffff] usable
[    0.001601] last_pfn = 0x19e600 max_arch_pfn = 0x400000000
[    0.001606] MTRR default type: uncachable
[    0.001608] MTRR fixed ranges enabled:
[    0.001610]   00000-9FFFF write-back
[    0.001611]   A0000-BFFFF uncachable
[    0.001612]   C0000-FFFFF write-protect
[    0.001614] MTRR variable ranges enabled:
[    0.001615]   0 base 0FFC00000 mask FFFC00000 write-protect
[    0.001617]   1 base 000000000 mask F80000000 write-back
[    0.001618]   2 base 080000000 mask FC0000000 write-back
[    0.001620]   3 base 0C0000000 mask FE0000000 write-back
[    0.001621]   4 base 0DC000000 mask FFC000000 uncachable
[    0.001622]   5 base 0DB000000 mask FFF000000 uncachable
[    0.001624]   6 base 100000000 mask F80000000 write-back
[    0.001625]   7 base 180000000 mask FE0000000 write-back
[    0.001626]   8 base 19F000000 mask FFF000000 uncachable
[    0.001628]   9 base 19E800000 mask FFF800000 uncachable
[    0.002387] x86/PAT: Configuration [0-7]: WB  WC  UC- UC  WB  WP  UC- WT  
[    0.003569] last_pfn = 0xdb000 max_arch_pfn = 0x400000000
[    0.003589] Base memory trampoline at [(____ptrval____)] 97000 size 24576
[    0.003592] reserving inaccessible SNB gfx pages
[    0.003598] BRK [0x06601000, 0x06601fff] PGTABLE
[    0.003600] BRK [0x06602000, 0x06602fff] PGTABLE
[    0.003602] BRK [0x06603000, 0x06603fff] PGTABLE
[    0.003666] BRK [0x06604000, 0x06604fff] PGTABLE
[    0.003825] BRK [0x06605000, 0x06605fff] PGTABLE
[    0.004097] BRK [0x06606000, 0x06606fff] PGTABLE
[    0.004589] ACPI: Early table checksum verification disabled
[    0.004635] ACPI: RSDP 0x00000000000F00E0 000024 (v02 LENOVO)
[    0.004639] ACPI: XSDT 0x00000000DAFFE120 0000AC (v01 LENOVO TP-8D    00001440 PTEC 00000002)
[    0.004646] ACPI: FACP 0x00000000DAFE7000 0000F4 (v04 LENOVO TP-8D    00001440 PTL  00000002)
[    0.004652] ACPI: DSDT 0x00000000DAFEA000 00FA89 (v01 LENOVO TP-8D    00001440 INTL 20061109)
[    0.004657] ACPI: FACS 0x00000000DAF2D000 000040
[    0.004660] ACPI: FACS 0x00000000DAF2D000 000040
[    0.004664] ACPI: SLIC 0x00000000DAFFD000 000176 (v01 LENOVO TP-8D    00001440 PTEC 00000001)
[    0.004668] ACPI: SSDT 0x00000000DAFFC000 000249 (v01 LENOVO TP-SSDT2 00000200 INTL 20061109)
[    0.004672] ACPI: SSDT 0x00000000DAFFB000 000033 (v01 LENOVO TP-SSDT1 00000100 INTL 20061109)
[    0.004676] ACPI: SSDT 0x00000000DAFFA000 0007D1 (v01 LENOVO SataAhci 00001000 INTL 20061109)
[    0.004680] ACPI: HPET 0x00000000DAFE6000 000038 (v01 LENOVO TP-8D    00001440 PTL  00000002)
[    0.004684] ACPI: APIC 0x00000000DAFE5000 000098 (v01 LENOVO TP-8D    00001440 PTL  00000002)
[    0.004688] ACPI: MCFG 0x00000000DAFE4000 00003C (v01 LENOVO TP-8D    00001440 PTL  00000002)
[    0.004692] ACPI: ECDT 0x00000000DAFE3000 000052 (v01 LENOVO TP-8D    00001440 PTL  00000002)
[    0.004696] ACPI: ASF! 0x00000000DAFE9000 0000A5 (v32 LENOVO TP-8D    00001440 PTL  00000002)
[    0.004700] ACPI: TCPA 0x00000000DAFE2000 000032 (v02 PTL    LENOVO   06040000 LNVO 00000001)
[    0.004704] ACPI: SSDT 0x00000000DAFE1000 000A27 (v01 PmRef  Cpu0Ist  00003000 INTL 20061109)
[    0.004708] ACPI: SSDT 0x00000000DAFE0000 000996 (v01 PmRef  CpuPm    00003000 INTL 20061109)
[    0.004712] ACPI: DMAR 0x00000000DAFDF000 0000E8 (v01 INTEL  SNB      00000001 INTL 00000001)
[    0.004716] ACPI: UEFI 0x00000000DAFDE000 00003E (v01 LENOVO TP-8D    00001440 PTL  00000002)
[    0.004720] ACPI: UEFI 0x00000000DAFDD000 000042 (v01 PTL    COMBUF   00000001 PTL  00000001)
[    0.004724] ACPI: UEFI 0x00000000DAFDC000 000292 (v01 LENOVO TP-8D    00001440 PTL  00000002)
[    0.004732] ACPI: Local APIC address 0xfee00000
[    0.004777] Zone ranges:
[    0.004779]   DMA      [mem 0x0000000000001000-0x0000000000ffffff]
[    0.004782]   DMA32    [mem 0x0000000001000000-0x00000000ffffffff]
[    0.004784]   Normal   [mem 0x0000000100000000-0x000000019e5fffff]
[    0.004786] Movable zone start for each node
[    0.004788] Early memory node ranges
[    0.004790]   node   0: [mem 0x0000000000001000-0x000000000009cfff]
[    0.004792]   node   0: [mem 0x0000000000100000-0x000000001fffffff]
[    0.004794]   node   0: [mem 0x0000000020200000-0x000000003fffffff]
[    0.004795]   node   0: [mem 0x0000000040200000-0x00000000da99efff]
[    0.004797]   node   0: [mem 0x00000000dafff000-0x00000000daffffff]
[    0.004799]   node   0: [mem 0x0000000100000000-0x000000019e5fffff]
[    0.005004] Zeroed struct page in unavailable ranges: 23236 pages
[    0.005005] Initmem setup node 0 [mem 0x0000000000001000-0x000000019e5fffff]
[    0.005009] On node 0 totalpages: 1542972
[    0.005010]   DMA zone: 56 pages used for memmap
[    0.005012]   DMA zone: 156 pages reserved
[    0.005013]   DMA zone: 3996 pages, LIFO batch:0
[    0.005053]   DMA32 zone: 12172 pages used for memmap
[    0.005054]   DMA32 zone: 890272 pages, LIFO batch:63
[    0.013691]   Normal zone: 8869 pages used for memmap
[    0.013695]   Normal zone: 648704 pages, LIFO batch:63
[    0.019633] Reserving Intel graphics memory at [mem 0xdba00000-0xdf9fffff]
[    0.019805] ACPI: PM-Timer IO Port: 0x408
[    0.019809] ACPI: Local APIC address 0xfee00000
[    0.019816] ACPI: LAPIC_NMI (acpi_id[0x00] high edge lint[0x1])
[    0.019817] ACPI: LAPIC_NMI (acpi_id[0x01] high edge lint[0x1])
[    0.019835] IOAPIC[0]: apic_id 2, version 32, address 0xfec00000, GSI 0-23
[    0.019839] ACPI: INT_SRC_OVR (bus 0 bus_irq 0 global_irq 2 dfl dfl)
[    0.019842] ACPI: INT_SRC_OVR (bus 0 bus_irq 9 global_irq 9 high level)
[    0.019845] ACPI: IRQ0 used by override.
[    0.019847] ACPI: IRQ9 used by override.
[    0.019850] Using ACPI (MADT) for SMP configuration information
[    0.019853] ACPI: HPET id: 0x8086a301 base: 0xfed00000
[    0.019858] smpboot: Allowing 8 CPUs, 4 hotplug CPUs
[    0.019885] PM: Registered nosave memory: [mem 0x00000000-0x00000fff]
[    0.019887] PM: Registered nosave memory: [mem 0x0009d000-0x0009dfff]
[    0.019889] PM: Registered nosave memory: [mem 0x0009e000-0x0009ffff]
[    0.019891] PM: Registered nosave memory: [mem 0x000a0000-0x000dffff]
[    0.019893] PM: Registered nosave memory: [mem 0x000e0000-0x000fffff]
[    0.019895] PM: Registered nosave memory: [mem 0x20000000-0x201fffff]
[    0.019898] PM: Registered nosave memory: [mem 0x40000000-0x401fffff]
[    0.019900] PM: Registered nosave memory: [mem 0xda99f000-0xdae9efff]
[    0.019902] PM: Registered nosave memory: [mem 0xdae9f000-0xdaf9efff]
[    0.019904] PM: Registered nosave memory: [mem 0xdaf9f000-0xdaffefff]
[    0.019906] PM: Registered nosave memory: [mem 0xdb000000-0xdf9fffff]
[    0.019908] PM: Registered nosave memory: [mem 0xdfa00000-0xf7ffffff]
[    0.019910] PM: Registered nosave memory: [mem 0xf8000000-0xfbffffff]
[    0.019912] PM: Registered nosave memory: [mem 0xfc000000-0xfebfffff]
[    0.019913] PM: Registered nosave memory: [mem 0xfec00000-0xfec00fff]
[    0.019915] PM: Registered nosave memory: [mem 0xfec01000-0xfed07fff]
[    0.019917] PM: Registered nosave memory: [mem 0xfed08000-0xfed08fff]
[    0.019918] PM: Registered nosave memory: [mem 0xfed09000-0xfed0ffff]
[    0.019920] PM: Registered nosave memory: [mem 0xfed10000-0xfed19fff]
[    0.019922] PM: Registered nosave memory: [mem 0xfed1a000-0xfed1bfff]
[    0.019923] PM: Registered nosave memory: [mem 0xfed1c000-0xfed1ffff]
[    0.019925] PM: Registered nosave memory: [mem 0xfed20000-0xfedfffff]
[    0.019927] PM: Registered nosave memory: [mem 0xfee00000-0xfee00fff]
[    0.019928] PM: Registered nosave memory: [mem 0xfee01000-0xffd1ffff]
[    0.019930] PM: Registered nosave memory: [mem 0xffd20000-0xffffffff]
[    0.019934] [mem 0xdfa00000-0xf7ffffff] available for PCI devices
[    0.019937] clocksource: refined-jiffies: mask: 0xffffffff max_cycles: 0xffffffff, max_idle_ns: 7645519600211568 ns
[    0.019951] random: get_random_bytes called from start_kernel+0x97/0x3d5 with crng_init=0
[    0.019959] setup_percpu: NR_CPUS:8 nr_cpumask_bits:8 nr_cpu_ids:8 nr_node_ids:1
[    0.021714] percpu: Embedded 59 pages/cpu @(____ptrval____) s202760 r8192 d30712 u262144
[    0.021723] pcpu-alloc: s202760 r8192 d30712 u262144 alloc=1*2097152
[    0.021724] pcpu-alloc: [0] 0 1 2 3 4 5 6 7 
[    0.021750] Built 1 zonelists, mobility grouping on.  Total pages: 1521719
[    0.021756] Kernel command line: BOOT_IMAGE=(hd1,2)/l/k/o/next/64/arch/x86/boot/bzImage root=/dev/sdb4 resume=/dev/sda1
[    0.025622] Dentry cache hash table entries: 1048576 (order: 11, 8388608 bytes)
[    0.027527] Inode-cache hash table entries: 524288 (order: 10, 4194304 bytes)
[    0.280045] Memory: 5964016K/6171888K available (16389K kernel code, 1126K rwdata, 5320K rodata, 1072K init, 11952K bss, 207872K reserved, 0K cma-reserved)
[    0.280682] Kernel/User page tables isolation: enabled
[    0.280863] rcu: Hierarchical RCU implementation.
[    0.280866] rcu: RCU calculated value of scheduler-enlistment delay is 25 jiffies.
[    0.280897] NR_IRQS: 4352, nr_irqs: 104, preallocated irqs: 16
[    0.282833] Console: colour VGA+ 80x25
[    0.291197] printk: console [tty0] enabled
[    0.291255] Lock dependency validator: Copyright (c) 2006 Red Hat, Inc., Ingo Molnar
[    0.291324] ... MAX_LOCKDEP_SUBCLASSES:  8
[    0.291382] ... MAX_LOCK_DEPTH:          48
[    0.291440] ... MAX_LOCKDEP_KEYS:        8191
[    0.291498] ... CLASSHASH_SIZE:          4096
[    0.291557] ... MAX_LOCKDEP_ENTRIES:     32768
[    0.291616] ... MAX_LOCKDEP_CHAINS:      65536
[    0.291675] ... CHAINHASH_SIZE:          32768
[    0.291734]  memory used by lock dependency info: 7231 kB
[    0.291796]  per task-struct memory footprint: 1920 bytes
[    0.291864] ACPI: Core revision 20181031
[    0.292192] ACPI: EC: EC started
[    0.292249] ACPI: EC: interrupt blocked
[    0.292325] ACPI: \: Used as first EC
[    0.292384] ACPI: \: GPE=0x11, EC_CMD/EC_SC=0x66, EC_DATA=0x62
[    0.292448] ACPI: \: Used as boot ECDT EC to handle transactions
[    0.292610] clocksource: hpet: mask: 0xffffffff max_cycles: 0xffffffff, max_idle_ns: 133484882848 ns
[    0.292710] hpet clockevent registered
[    0.292718] APIC: Switch to symmetric I/O mode setup
[    0.293236] ..TIMER: vector=0x30 apic1=0 pin1=2 apic2=-1 pin2=-1
[    0.312718] clocksource: tsc-early: mask: 0xffffffffffffffff max_cycles: 0x23ea8bcdaa3, max_idle_ns: 440795293574 ns
[    0.312812] Calibrating delay loop (skipped), value calculated using timer frequency.. 4983.37 BogoMIPS (lpj=9966744)
[    0.312904] pid_max: default: 32768 minimum: 301
[    0.313120] Mount-cache hash table entries: 16384 (order: 5, 131072 bytes)
[    0.313204] Mountpoint-cache hash table entries: 16384 (order: 5, 131072 bytes)
[    0.313601] *** VALIDATE proc ***
[    0.313717] *** VALIDATE cgroup1 ***
[    0.313775] *** VALIDATE cgroup2 ***
[    0.313842] Disabled fast string operations
[    0.313906] ENERGY_PERF_BIAS: Set to 'normal', was 'performance'
[    0.313970] ENERGY_PERF_BIAS: View and update with x86_energy_perf_policy(8)
[    0.314041] process: using mwait in idle threads
[    0.314103] Last level iTLB entries: 4KB 512, 2MB 8, 4MB 8
[    0.314165] Last level dTLB entries: 4KB 512, 2MB 32, 4MB 32, 1GB 0
[    0.314232] Spectre V2 : Mitigation: Full generic retpoline
[    0.314294] Spectre V2 : Spectre v2 / SpectreRSB mitigation: Filling RSB on context switch
[    0.314365] Spectre V2 : Enabling Restricted Speculation for firmware calls
[    0.314433] Spectre V2 : mitigation: Enabling conditional Indirect Branch Prediction Barrier
[    0.314505] Spectre V2 : User space: Mitigation: STIBP via prctl
[    0.314571] Speculative Store Bypass: Vulnerable
[    0.315274] Freeing SMP alternatives memory: 44K
[    0.316410] TSC deadline timer enabled
[    0.316414] smpboot: CPU0: Intel(R) Core(TM) i5-2520M CPU @ 2.50GHz (family: 0x6, model: 0x2a, stepping: 0x7)
[    0.316799] Performance Events: PEBS fmt1+, SandyBridge events, 16-deep LBR, full-width counters, Intel PMU driver.
[    0.316812] ... version:                3
[    0.316812] ... bit width:              48
[    0.316812] ... generic registers:      4
[    0.316812] ... value mask:             0000ffffffffffff
[    0.316812] ... max period:             00007fffffffffff
[    0.316812] ... fixed-purpose events:   3
[    0.316812] ... event mask:             000000070000000f
[    0.316812] rcu: Hierarchical SRCU implementation.
[    0.316812] NMI watchdog: Enabled. Permanently consumes one hw-PMU counter.
[    0.316812] smp: Bringing up secondary CPUs ...
[    0.316812] x86: Booting SMP configuration:
[    0.316812] .... node  #0, CPUs:      #1
[    0.015684] Disabled fast string operations
[    0.318914]  #2
[    0.015684] Disabled fast string operations
[    0.321332]  #3
[    0.015684] Disabled fast string operations
[    0.323630] smp: Brought up 1 node, 4 CPUs
[    0.323630] smpboot: Max logical packages: 2
[    0.323630] smpboot: Total of 4 processors activated (19933.48 BogoMIPS)
[    0.325145] devtmpfs: initialized
[    0.325301] PM: Registering ACPI NVS region [mem 0xdae9f000-0xdaf9efff] (1048576 bytes)
[    0.325615] clocksource: jiffies: mask: 0xffffffff max_cycles: 0xffffffff, max_idle_ns: 7645041785100000 ns
[    0.325708] futex hash table entries: 2048 (order: 6, 262144 bytes)
[    0.326386] NET: Registered protocol family 16
[    0.327156] cpuidle: using governor ladder
[    0.327244] cpuidle: using governor menu
[    0.327244] ACPI FADT declares the system doesn't support PCIe ASPM, so disable it
[    0.327244] ACPI: bus type PCI registered
[    0.327244] PCI: MMCONFIG for domain 0000 [bus 00-3f] at [mem 0xf8000000-0xfbffffff] (base 0xf8000000)
[    0.327244] PCI: MMCONFIG at [mem 0xf8000000-0xfbffffff] reserved in E820
[    0.327244] PCI: Using configuration type 1 for base access
[    0.327244] core: PMU erratum BJ122, BV98, HSD29 worked around, HT is on
[    0.350067] ACPI: Added _OSI(Module Device)
[    0.350067] ACPI: Added _OSI(Processor Device)
[    0.350067] ACPI: Added _OSI(3.0 _SCP Extensions)
[    0.350067] ACPI: Added _OSI(Processor Aggregator Device)
[    0.350067] ACPI: Added _OSI(Linux-Dell-Video)
[    0.350067] ACPI: Added _OSI(Linux-Lenovo-NV-HDMI-Audio)
[    0.389742] ACPI: 6 ACPI AML tables successfully acquired and loaded
[    0.393769] ACPI: [Firmware Bug]: BIOS _OSI(Linux) query ignored
[    0.402868] ACPI: Dynamic OEM Table Load:
[    0.402868] ACPI: SSDT 0xFFFF8881973D5000 0008C0 (v01 PmRef  Cpu0Cst  00003001 INTL 20061109)
[    0.405648] ACPI: Dynamic OEM Table Load:
[    0.405719] ACPI: SSDT 0xFFFF888196934800 000303 (v01 PmRef  ApIst    00003000 INTL 20061109)
[    0.409095] ACPI: Dynamic OEM Table Load:
[    0.409167] ACPI: SSDT 0xFFFF8881973E5400 000119 (v01 PmRef  ApCst    00003000 INTL 20061109)
[    0.410936] ACPI: Interpreter enabled
[    0.411049] ACPI: (supports S0 S3 S4 S5)
[    0.411112] ACPI: Using IOAPIC for interrupt routing
[    0.411251] PCI: Using host bridge windows from ACPI; if necessary, use "pci=nocrs" and report a bug
[    0.412056] ACPI: Enabled 6 GPEs in block 00 to 3F
[    0.424298] ACPI: Power Resource [PUBS] (on)
[    0.424874] acpi PNP0C0A:01: ACPI dock station (docks/bays count: 1)
[    0.428551] acpi LNXIOBAY:00: ACPI dock station (docks/bays count: 2)
[    0.434141] acpi IBM0079:00: ACPI dock station (docks/bays count: 3)
[    0.435845] ACPI: PCI Interrupt Link [LNKA] (IRQs 3 4 5 6 7 9 10 *11)
[    0.436251] ACPI: PCI Interrupt Link [LNKB] (IRQs 3 4 5 6 7 9 10 *11)
[    0.436653] ACPI: PCI Interrupt Link [LNKC] (IRQs 3 4 5 6 7 9 10 *11)
[    0.437064] ACPI: PCI Interrupt Link [LNKD] (IRQs 3 4 5 6 7 9 *10 11)
[    0.437466] ACPI: PCI Interrupt Link [LNKE] (IRQs 3 4 5 6 *7 9 10 11)
[    0.437776] ACPI: PCI Interrupt Link [LNKF] (IRQs 3 4 5 6 7 9 10 11) *0, disabled.
[    0.438182] ACPI: PCI Interrupt Link [LNKG] (IRQs 3 4 5 6 *7 9 10 11)
[    0.438583] ACPI: PCI Interrupt Link [LNKH] (IRQs 3 4 5 6 7 9 *10 11)
[    0.438875] ACPI: PCI Root Bridge [PCI0] (domain 0000 [bus 00-fe])
[    0.438948] acpi PNP0A08:00: _OSC: OS supports [ExtendedConfig ASPM ClockPM Segments]
[    0.439413] acpi PNP0A08:00: _OSC: not requesting OS control; OS requires [ExtendedConfig ASPM ClockPM MSI]
[    0.439514] acpi PNP0A08:00: [Firmware Info]: MMCONFIG for domain 0000 [bus 00-3f] only partially covers this bridge
[    0.439738] PCI host bridge to bus 0000:00
[    0.439800] pci_bus 0000:00: root bus resource [io  0x0000-0x0cf7 window]
[    0.439870] pci_bus 0000:00: root bus resource [io  0x0d00-0xffff window]
[    0.439939] pci_bus 0000:00: root bus resource [mem 0x000a0000-0x000bffff window]
[    0.440011] pci_bus 0000:00: root bus resource [mem 0xdfa00000-0xfebfffff window]
[    0.440083] pci_bus 0000:00: root bus resource [mem 0xfed40000-0xfed4bfff window]
[    0.440156] pci_bus 0000:00: root bus resource [bus 00-fe]
[    0.440239] pci 0000:00:00.0: [8086:0104] type 00 class 0x060000
[    0.440451] pci 0000:00:02.0: [8086:0126] type 00 class 0x030000
[    0.440466] pci 0000:00:02.0: reg 0x10: [mem 0xf0000000-0xf03fffff 64bit]
[    0.440473] pci 0000:00:02.0: reg 0x18: [mem 0xe0000000-0xefffffff 64bit pref]
[    0.440478] pci 0000:00:02.0: reg 0x20: [io  0x5000-0x503f]
[    0.440730] pci 0000:00:16.0: [8086:1c3a] type 00 class 0x078000
[    0.440759] pci 0000:00:16.0: reg 0x10: [mem 0xf2525000-0xf252500f 64bit]
[    0.440856] pci 0000:00:16.0: PME# supported from D0 D3hot D3cold
[    0.441056] pci 0000:00:19.0: [8086:1502] type 00 class 0x020000
[    0.441081] pci 0000:00:19.0: reg 0x10: [mem 0xf2500000-0xf251ffff]
[    0.441091] pci 0000:00:19.0: reg 0x14: [mem 0xf252b000-0xf252bfff]
[    0.441101] pci 0000:00:19.0: reg 0x18: [io  0x5080-0x509f]
[    0.441177] pci 0000:00:19.0: PME# supported from D0 D3hot D3cold
[    0.441378] pci 0000:00:1a.0: [8086:1c2d] type 00 class 0x0c0320
[    0.441405] pci 0000:00:1a.0: reg 0x10: [mem 0xf252a000-0xf252a3ff]
[    0.441506] pci 0000:00:1a.0: PME# supported from D0 D3hot D3cold
[    0.441702] pci 0000:00:1b.0: [8086:1c20] type 00 class 0x040300
[    0.441728] pci 0000:00:1b.0: reg 0x10: [mem 0xf2520000-0xf2523fff 64bit]
[    0.441823] pci 0000:00:1b.0: PME# supported from D0 D3hot D3cold
[    0.442017] pci 0000:00:1c.0: [8086:1c10] type 01 class 0x060400
[    0.442154] pci 0000:00:1c.0: PME# supported from D0 D3hot D3cold
[    0.442377] pci 0000:00:1c.1: [8086:1c12] type 01 class 0x060400
[    0.442525] pci 0000:00:1c.1: PME# supported from D0 D3hot D3cold
[    0.442742] pci 0000:00:1c.3: [8086:1c16] type 01 class 0x060400
[    0.442891] pci 0000:00:1c.3: PME# supported from D0 D3hot D3cold
[    0.443103] pci 0000:00:1c.4: [8086:1c18] type 01 class 0x060400
[    0.443251] pci 0000:00:1c.4: PME# supported from D0 D3hot D3cold
[    0.443469] pci 0000:00:1d.0: [8086:1c26] type 00 class 0x0c0320
[    0.443494] pci 0000:00:1d.0: reg 0x10: [mem 0xf2529000-0xf25293ff]
[    0.443595] pci 0000:00:1d.0: PME# supported from D0 D3hot D3cold
[    0.443789] pci 0000:00:1f.0: [8086:1c4f] type 00 class 0x060100
[    0.444084] pci 0000:00:1f.2: [8086:1c03] type 00 class 0x010601
[    0.444107] pci 0000:00:1f.2: reg 0x10: [io  0x50a8-0x50af]
[    0.444116] pci 0000:00:1f.2: reg 0x14: [io  0x50bc-0x50bf]
[    0.444126] pci 0000:00:1f.2: reg 0x18: [io  0x50a0-0x50a7]
[    0.444135] pci 0000:00:1f.2: reg 0x1c: [io  0x50b8-0x50bb]
[    0.444144] pci 0000:00:1f.2: reg 0x20: [io  0x5060-0x507f]
[    0.444154] pci 0000:00:1f.2: reg 0x24: [mem 0xf2528000-0xf25287ff]
[    0.444207] pci 0000:00:1f.2: PME# supported from D3hot
[    0.444394] pci 0000:00:1f.3: [8086:1c22] type 00 class 0x0c0500
[    0.444417] pci 0000:00:1f.3: reg 0x10: [mem 0xf2524000-0xf25240ff 64bit]
[    0.444441] pci 0000:00:1f.3: reg 0x20: [io  0xefa0-0xefbf]
[    0.444723] pci 0000:00:1c.0: PCI bridge to [bus 02]
[    0.445048] pci 0000:03:00.0: [8086:0084] type 00 class 0x028000
[    0.445301] pci 0000:03:00.0: reg 0x10: [mem 0xf2400000-0xf2401fff 64bit]
[    0.446150] pci 0000:03:00.0: PME# supported from D0 D3hot D3cold
[    0.446713] pci 0000:00:1c.1: PCI bridge to [bus 03]
[    0.446784] pci 0000:00:1c.1:   bridge window [mem 0xf2400000-0xf24fffff]
[    0.446887] pci 0000:00:1c.3: PCI bridge to [bus 05-0c]
[    0.446955] pci 0000:00:1c.3:   bridge window [io  0x4000-0x4fff]
[    0.446961] pci 0000:00:1c.3:   bridge window [mem 0xf1c00000-0xf23fffff]
[    0.446970] pci 0000:00:1c.3:   bridge window [mem 0xf0400000-0xf0bfffff 64bit pref]
[    0.447249] pci 0000:0d:00.0: [1180:e822] type 00 class 0x088001
[    0.447277] pci 0000:0d:00.0: MMC controller base frequency changed to 50Mhz.
[    0.447563] pci 0000:0d:00.0: reg 0x10: [mem 0xf1400000-0xf14000ff]
[    0.447832] pci 0000:0d:00.0: supports D1 D2
[    0.447834] pci 0000:0d:00.0: PME# supported from D0 D1 D2 D3hot D3cold
[    0.448205] pci 0000:00:1c.4: PCI bridge to [bus 0d]
[    0.448272] pci 0000:00:1c.4:   bridge window [io  0x3000-0x3fff]
[    0.448278] pci 0000:00:1c.4:   bridge window [mem 0xf1400000-0xf1bfffff]
[    0.448287] pci 0000:00:1c.4:   bridge window [mem 0xf0c00000-0xf13fffff 64bit pref]
[    0.448328] pci_bus 0000:00: on NUMA node 0
[    0.451003] ACPI: EC: interrupt unblocked
[    0.451085] ACPI: EC: event unblocked
[    0.451183] ACPI: \_SB_.PCI0.LPC_.EC__: GPE=0x11, EC_CMD/EC_SC=0x66, EC_DATA=0x62
[    0.451256] ACPI: \_SB_.PCI0.LPC_.EC__: Used as boot DSDT EC to handle transactions and events
[    0.451539] pci 0000:00:02.0: vgaarb: setting as boot VGA device
[    0.451539] pci 0000:00:02.0: vgaarb: VGA device added: decodes=io+mem,owns=io+mem,locks=none
[    0.451539] pci 0000:00:02.0: vgaarb: bridge control possible
[    0.451539] vgaarb: loaded
[    0.451750] SCSI subsystem initialized
[    0.451750] libata version 3.00 loaded.
[    0.451750] ACPI: bus type USB registered
[    0.451750] usbcore: registered new interface driver usbfs
[    0.452851] usbcore: registered new interface driver hub
[    0.452960] usbcore: registered new device driver usb
[    0.453084] media: Linux media interface: v0.10
[    0.453183] videodev: Linux video capture interface: v2.00
[    0.453279] pps_core: LinuxPPS API ver. 1 registered
[    0.453342] pps_core: Software ver. 5.3.6 - Copyright 2005-2007 Rodolfo Giometti <giometti@linux.it>
[    0.453446] PTP clock support registered
[    0.453564] EDAC MC: Ver: 3.0.0
[    0.453564] Advanced Linux Sound Architecture Driver Initialized.
[    0.453564] PCI: Using ACPI for IRQ routing
[    0.455214] PCI: pci_cache_line_size set to 64 bytes
[    0.457077] e820: reserve RAM buffer [mem 0x0009d800-0x0009ffff]
[    0.457081] e820: reserve RAM buffer [mem 0xda99f000-0xdbffffff]
[    0.457085] e820: reserve RAM buffer [mem 0xdb000000-0xdbffffff]
[    0.457088] e820: reserve RAM buffer [mem 0x19e600000-0x19fffffff]
[    0.457559] Bluetooth: Core ver 2.22
[    0.457650] NET: Registered protocol family 31
[    0.457716] Bluetooth: HCI device and connection manager initialized
[    0.457789] Bluetooth: HCI socket layer initialized
[    0.457851] Bluetooth: L2CAP socket layer initialized
[    0.457925] Bluetooth: SCO socket layer initialized
[    0.458080] clocksource: Switched to clocksource tsc-early
[    0.458080] pnp: PnP ACPI init
[    0.458710] system 00:00: [mem 0x00000000-0x0009ffff] could not be reserved
[    0.458789] system 00:00: [mem 0x000c0000-0x000c3fff] could not be reserved
[    0.458861] system 00:00: [mem 0x000c4000-0x000c7fff] could not be reserved
[    0.458932] system 00:00: [mem 0x000c8000-0x000cbfff] has been reserved
[    0.459001] system 00:00: [mem 0x000cc000-0x000cffff] has been reserved
[    0.459070] system 00:00: [mem 0x000d0000-0x000d3fff] has been reserved
[    0.459140] system 00:00: [mem 0x000d4000-0x000d7fff] has been reserved
[    0.459209] system 00:00: [mem 0x000d8000-0x000dbfff] has been reserved
[    0.459279] system 00:00: [mem 0x000dc000-0x000dffff] has been reserved
[    0.459349] system 00:00: [mem 0x000e0000-0x000e3fff] could not be reserved
[    0.459420] system 00:00: [mem 0x000e4000-0x000e7fff] could not be reserved
[    0.459491] system 00:00: [mem 0x000e8000-0x000ebfff] could not be reserved
[    0.459491] system 00:00: [mem 0x000ec000-0x000effff] could not be reserved
[    0.459529] system 00:00: [mem 0x000f0000-0x000fffff] could not be reserved
[    0.459600] system 00:00: [mem 0x00100000-0xdf9fffff] could not be reserved
[    0.459671] system 00:00: [mem 0xfec00000-0xfed3ffff] could not be reserved
[    0.459743] system 00:00: [mem 0xfed4c000-0xffffffff] could not be reserved
[    0.459840] system 00:00: Plug and Play ACPI device, IDs PNP0c01 (active)
[    0.460140] system 00:01: [io  0x0400-0x047f] has been reserved
[    0.460216] system 00:01: [io  0x0500-0x057f] has been reserved
[    0.460286] system 00:01: [io  0x0800-0x080f] has been reserved
[    0.460353] system 00:01: [io  0x15e0-0x15ef] has been reserved
[    0.460420] system 00:01: [io  0x1600-0x167f] has been reserved
[    0.460488] system 00:01: [mem 0xf8000000-0xfbffffff] has been reserved
[    0.460558] system 00:01: [mem 0x00000000-0x00000fff] could not be reserved
[    0.460629] system 00:01: [mem 0xfed1c000-0xfed1ffff] has been reserved
[    0.460699] system 00:01: [mem 0xfed10000-0xfed13fff] has been reserved
[    0.460768] system 00:01: [mem 0xfed18000-0xfed18fff] has been reserved
[    0.460837] system 00:01: [mem 0xfed19000-0xfed19fff] has been reserved
[    0.460907] system 00:01: [mem 0xfed45000-0xfed4bfff] has been reserved
[    0.460994] system 00:01: Plug and Play ACPI device, IDs PNP0c02 (active)
[    0.461154] pnp 00:02: Plug and Play ACPI device, IDs PNP0b00 (active)
[    0.461239] pnp 00:03: Plug and Play ACPI device, IDs PNP0303 (active)
[    0.461320] pnp 00:04: Plug and Play ACPI device, IDs LEN0020 PNP0f13 (active)
[    0.461480] pnp 00:05: Plug and Play ACPI device, IDs SMO1200 PNP0c31 (active)
[    0.462539] pnp: PnP ACPI: found 6 devices
[    0.473650] clocksource: acpi_pm: mask: 0xffffff max_cycles: 0xffffff, max_idle_ns: 2085701024 ns
[    0.473761] pci 0000:00:1c.0: bridge window [io  0x1000-0x0fff] to [bus 02] add_size 1000
[    0.473766] pci 0000:00:1c.0: bridge window [mem 0x00100000-0x000fffff 64bit pref] to [bus 02] add_size 200000 add_align 100000
[    0.473768] pci 0000:00:1c.0: bridge window [mem 0x00100000-0x000fffff] to [bus 02] add_size 200000 add_align 100000
[    0.473813] pci 0000:00:1c.0: BAR 8: assigned [mem 0xdfa00000-0xdfbfffff]
[    0.473884] pci 0000:00:1c.0: BAR 9: assigned [mem 0xdfc00000-0xdfdfffff 64bit pref]
[    0.473957] pci 0000:00:1c.0: BAR 7: assigned [io  0x2000-0x2fff]
[    0.474026] pci 0000:00:1c.0: PCI bridge to [bus 02]
[    0.474090] pci 0000:00:1c.0:   bridge window [io  0x2000-0x2fff]
[    0.474161] pci 0000:00:1c.0:   bridge window [mem 0xdfa00000-0xdfbfffff]
[    0.474233] pci 0000:00:1c.0:   bridge window [mem 0xdfc00000-0xdfdfffff 64bit pref]
[    0.474311] pci 0000:00:1c.1: PCI bridge to [bus 03]
[    0.474379] pci 0000:00:1c.1:   bridge window [mem 0xf2400000-0xf24fffff]
[    0.474457] pci 0000:00:1c.3: PCI bridge to [bus 05-0c]
[    0.474522] pci 0000:00:1c.3:   bridge window [io  0x4000-0x4fff]
[    0.474593] pci 0000:00:1c.3:   bridge window [mem 0xf1c00000-0xf23fffff]
[    0.474664] pci 0000:00:1c.3:   bridge window [mem 0xf0400000-0xf0bfffff 64bit pref]
[    0.474742] pci 0000:00:1c.4: PCI bridge to [bus 0d]
[    0.474806] pci 0000:00:1c.4:   bridge window [io  0x3000-0x3fff]
[    0.474877] pci 0000:00:1c.4:   bridge window [mem 0xf1400000-0xf1bfffff]
[    0.474949] pci 0000:00:1c.4:   bridge window [mem 0xf0c00000-0xf13fffff 64bit pref]
[    0.475028] pci_bus 0000:00: resource 4 [io  0x0000-0x0cf7 window]
[    0.475030] pci_bus 0000:00: resource 5 [io  0x0d00-0xffff window]
[    0.475032] pci_bus 0000:00: resource 6 [mem 0x000a0000-0x000bffff window]
[    0.475034] pci_bus 0000:00: resource 7 [mem 0xdfa00000-0xfebfffff window]
[    0.475036] pci_bus 0000:00: resource 8 [mem 0xfed40000-0xfed4bfff window]
[    0.475038] pci_bus 0000:02: resource 0 [io  0x2000-0x2fff]
[    0.475040] pci_bus 0000:02: resource 1 [mem 0xdfa00000-0xdfbfffff]
[    0.475042] pci_bus 0000:02: resource 2 [mem 0xdfc00000-0xdfdfffff 64bit pref]
[    0.475044] pci_bus 0000:03: resource 1 [mem 0xf2400000-0xf24fffff]
[    0.475047] pci_bus 0000:05: resource 0 [io  0x4000-0x4fff]
[    0.475048] pci_bus 0000:05: resource 1 [mem 0xf1c00000-0xf23fffff]
[    0.475050] pci_bus 0000:05: resource 2 [mem 0xf0400000-0xf0bfffff 64bit pref]
[    0.475053] pci_bus 0000:0d: resource 0 [io  0x3000-0x3fff]
[    0.475054] pci_bus 0000:0d: resource 1 [mem 0xf1400000-0xf1bfffff]
[    0.475056] pci_bus 0000:0d: resource 2 [mem 0xf0c00000-0xf13fffff 64bit pref]
[    0.475333] NET: Registered protocol family 2
[    0.475916] tcp_listen_portaddr_hash hash table entries: 4096 (order: 6, 294912 bytes)
[    0.476134] TCP established hash table entries: 65536 (order: 7, 524288 bytes)
[    0.476303] TCP bind hash table entries: 65536 (order: 10, 4194304 bytes)
[    0.478473] TCP: Hash tables configured (established 65536 bind 65536)
[    0.478887] UDP hash table entries: 4096 (order: 7, 655360 bytes)
[    0.479765] UDP-Lite hash table entries: 4096 (order: 7, 655360 bytes)
[    0.480242] NET: Registered protocol family 1
[    0.480637] RPC: Registered named UNIX socket transport module.
[    0.480704] RPC: Registered udp transport module.
[    0.480766] RPC: Registered tcp transport module.
[    0.480968] RPC: Registered tcp NFSv4.1 backchannel transport module.
[    0.481312] pci 0000:00:02.0: Video device with shadowed ROM at [mem 0x000c0000-0x000dffff]
[    0.482499] PCI: CLS 64 bytes, default 64
[    0.482561] PCI-DMA: Using software bounce buffering for IO (SWIOTLB)
[    0.482629] software IO TLB: mapped [mem 0xd699f000-0xda99f000] (64MB)
[    0.485206] Initialise system trusted keyrings
[    0.485360] workingset: timestamp_bits=62 max_order=21 bucket_order=0
[    0.486701] Installing knfsd (copyright (C) 1996 okir@monad.swb.de).
[    0.487374] ntfs: driver 2.1.32 [Flags: R/W].
[    0.487557] fuse init (API version 7.28)
[    0.492092] Key type asymmetric registered
[    0.492159] Asymmetric key parser 'x509' registered
[    0.492249] Block layer SCSI generic (bsg) driver version 0.4 loaded (major 249)
[    0.492324] io scheduler mq-deadline registered
[    0.492413] io scheduler bfq registered
[    0.492714] pcieport 0000:00:1c.0: enabling device (0000 -> 0003)
[    0.494012] intel_idle: MWAIT substates: 0x21120
[    0.494014] intel_idle: v0.4.1 model 0x2A
[    0.494546] intel_idle: lapic_timer_reliable_states 0xffffffff
[    0.494859] ACPI: Deprecated procfs I/F for AC is loaded, please retry with CONFIG_ACPI_PROCFS_POWER cleared
[    0.495043] ACPI: AC Adapter [AC] (on-line)
[    0.495318] input: Lid Switch as /devices/LNXSYSTM:00/LNXSYBUS:00/PNP0C0D:00/input/input0
[    0.495535] ACPI: Lid Switch [LID]
[    0.495706] input: Sleep Button as /devices/LNXSYSTM:00/LNXSYBUS:00/PNP0C0E:00/input/input1
[    0.495820] ACPI: Sleep Button [SLPB]
[    0.496012] input: Power Button as /devices/LNXSYSTM:00/LNXPWRBN:00/input/input2
[    0.496120] ACPI: Power Button [PWRF]
[    0.499371] thermal LNXTHERM:00: registered as thermal_zone0
[    0.499439] ACPI: Thermal Zone [THM0] (66 C)
[    0.499821] Serial: 8250/16550 driver, 4 ports, IRQ sharing disabled
[    0.499935] battery: ACPI: Deprecated procfs I/F for battery is loaded, please retry with CONFIG_ACPI_PROCFS_POWER cleared
[    0.500045] battery: ACPI: Battery Slot [BAT0] (battery absent)
[    0.501086] lp: driver loaded but no devices found
[    0.501224] Non-volatile memory driver v1.3
[    0.501450] Linux agpgart interface v0.103
[    0.501795] [drm] radeon kernel modesetting enabled.
[    0.502757] [drm] Replacing VGA console driver
[    0.503294] Console: switching to colour dummy device 80x25
[    0.512969] [drm] Supports vblank timestamp caching Rev 2 (21.10.2013).
[    0.512985] [drm] Driver supports precise vblank timestamp query.
[    0.513960] i915 0000:00:02.0: vgaarb: changed VGA decodes: olddecodes=io+mem,decodes=io+mem:owns=io+mem
[    0.606361] [drm] Initialized i915 1.6.0 20181204 for 0000:00:02.0 on minor 0
[    0.608315] ACPI: Video Device [VID] (multi-head: yes  rom: no  post: no)
[    0.608902] input: Video Bus as /devices/LNXSYSTM:00/LNXSYBUS:00/PNP0A08:00/LNXVIDEO:00/input/input3
[    0.609267] usbcore: registered new interface driver udl
[    0.617637] loop: module loaded
[    0.631531] ahci 0000:00:1f.2: version 3.0
[    0.632134] ahci 0000:00:1f.2: SSS flag set, parallel bus scan disabled
[    0.644923] ahci 0000:00:1f.2: AHCI 0001.0300 32 slots 6 ports 6 Gbps 0x17 impl SATA mode
[    0.644968] ahci 0000:00:1f.2: flags: 64bit ncq sntf ilck stag pm led clo pio slum part ems sxs apst 
[    0.683103] scsi host0: ahci
[    0.683478] scsi host1: ahci
[    0.683766] scsi host2: ahci
[    0.684047] scsi host3: ahci
[    0.684368] scsi host4: ahci
[    0.684638] scsi host5: ahci
[    0.684794] ata1: SATA max UDMA/133 abar m2048@0xf2528000 port 0xf2528100 irq 19
[    0.684812] ata2: SATA max UDMA/133 abar m2048@0xf2528000 port 0xf2528180 irq 19
[    0.684858] ata3: SATA max UDMA/133 abar m2048@0xf2528000 port 0xf2528200 irq 19
[    0.684873] ata4: DUMMY
[    0.684879] ata5: SATA max UDMA/133 abar m2048@0xf2528000 port 0xf2528300 irq 19
[    0.684894] ata6: DUMMY
[    0.685533] tun: Universal TUN/TAP device driver, 1.6
[    0.685884] e1000e: Intel(R) PRO/1000 Network Driver - 3.2.6-k
[    0.685902] e1000e: Copyright(c) 1999 - 2015 Intel Corporation.
[    0.686379] e1000e 0000:00:19.0: Interrupt Throttling Rate (ints/sec) set to dynamic conservative mode
[    0.783924] e1000e 0000:00:19.0 0000:00:19.0 (uninitialized): registered PHC clock
[    0.877587] e1000e 0000:00:19.0 eth0: (PCI Express:2.5GT/s:Width x1) f0:de:f1:e3:99:75
[    0.877605] e1000e 0000:00:19.0 eth0: Intel(R) PRO/1000 Network Connection
[    0.877666] e1000e 0000:00:19.0 eth0: MAC: 10, PHY: 11, PBA No: 1000FF-0FF
[    0.877843] PPP generic driver version 2.4.2
[    0.878017] PPP BSD Compression module registered
[    0.878028] PPP Deflate Compression module registered
[    0.878038] SLIP: version 0.8.4-NET3.019-NEWTTY (dynamic channels, max=256).
[    0.878051] CSLIP: code copyright 1989 Regents of the University of California.
[    0.878112] iwl3945: Intel(R) PRO/Wireless 3945ABG/BG Network Connection driver for Linux, in-tree:ds
[    0.878129] iwl3945: Copyright(c) 2003-2011 Intel Corporation
[    0.878139] iwl3945: hw_scan is disabled
[    0.878178] Intel(R) Wireless WiFi driver for Linux
[    0.878187] Copyright(c) 2003- 2015 Intel Corporation
[    0.878577] iwlwifi 0000:03:00.0: can't disable ASPM; OS doesn't have ASPM control
[    0.878725] iwlwifi 0000:03:00.0: pci_enable_msi failed - -38
[    0.879040] usbcore: registered new interface driver ax88179_178a
[    0.879093] usbcore: registered new interface driver cdc_ether
[    0.879145] usbcore: registered new interface driver cdc_eem
[    0.879194] usbcore: registered new interface driver net1080
[    0.879232] usbcore: registered new interface driver cdc_subset
[    0.879282] usbcore: registered new interface driver zaurus
[    0.879325] usbcore: registered new interface driver cdc_ncm
[    0.879373] usbcore: registered new interface driver cdc_mbim
[    0.879668] ehci_hcd: USB 2.0 'Enhanced' Host Controller (EHCI) Driver
[    0.879700] ehci-pci: EHCI PCI platform driver
[    0.879735] iwlwifi 0000:03:00.0: loaded firmware version 39.31.5.1 build 35138 op_mode iwldvm
[    0.879865] iwlwifi 0000:03:00.0: CONFIG_IWLWIFI_DEBUG disabled
[    0.879881] iwlwifi 0000:03:00.0: CONFIG_IWLWIFI_DEBUGFS disabled
[    0.879896] iwlwifi 0000:03:00.0: CONFIG_IWLWIFI_DEVICE_TRACING disabled
[    0.879913] iwlwifi 0000:03:00.0: Detected Intel(R) Centrino(R) Wireless-N 1000 BGN, REV=0x6C
[    0.880058] ehci-pci 0000:00:1a.0: EHCI Host Controller
[    0.880226] ehci-pci 0000:00:1a.0: new USB bus registered, assigned bus number 1
[    0.880291] ehci-pci 0000:00:1a.0: debug port 2
[    0.884241] ehci-pci 0000:00:1a.0: cache line size of 64 is not supported
[    0.884252] ehci-pci 0000:00:1a.0: irq 16, io mem 0xf252a000
[    0.896848] ehci-pci 0000:00:1a.0: USB 2.0 started, EHCI 1.00
[    0.896910] fbcon: inteldrmfb (fb0) is primary device
[    0.897118] usb usb1: New USB device found, idVendor=1d6b, idProduct=0002, bcdDevice= 4.20
[    0.897120] usb usb1: New USB device strings: Mfr=3, Product=2, SerialNumber=1
[    0.897122] usb usb1: Product: EHCI Host Controller
[    0.897124] usb usb1: Manufacturer: Linux 4.20.0-rc6-next-20181210 ehci_hcd
[    0.897125] usb usb1: SerialNumber: 0000:00:1a.0
[    0.897577] hub 1-0:1.0: USB hub found
[    0.897639] hub 1-0:1.0: 3 ports detected
[    0.898484] ehci-pci 0000:00:1d.0: EHCI Host Controller
[    0.898606] ehci-pci 0000:00:1d.0: new USB bus registered, assigned bus number 2
[    0.898643] ehci-pci 0000:00:1d.0: debug port 2
[    0.902593] ehci-pci 0000:00:1d.0: cache line size of 64 is not supported
[    0.902621] ehci-pci 0000:00:1d.0: irq 23, io mem 0xf2529000
[    0.916998] ehci-pci 0000:00:1d.0: USB 2.0 started, EHCI 1.00
[    0.917348] usb usb2: New USB device found, idVendor=1d6b, idProduct=0002, bcdDevice= 4.20
[    0.917351] usb usb2: New USB device strings: Mfr=3, Product=2, SerialNumber=1
[    0.917353] usb usb2: Product: EHCI Host Controller
[    0.917356] usb usb2: Manufacturer: Linux 4.20.0-rc6-next-20181210 ehci_hcd
[    0.917358] usb usb2: SerialNumber: 0000:00:1d.0
[    0.917825] hub 2-0:1.0: USB hub found
[    0.917867] hub 2-0:1.0: 3 ports detected
[    0.918598] ohci_hcd: USB 1.1 'Open' Host Controller (OHCI) Driver
[    0.918612] ohci-pci: OHCI PCI platform driver
[    0.918661] uhci_hcd: USB Universal Host Controller Interface driver
[    0.918875] usbcore: registered new interface driver cdc_acm
[    0.918876] cdc_acm: USB Abstract Control Model driver for USB modems and ISDN adapters
[    0.918925] usbcore: registered new interface driver usblp
[    0.918951] usbcore: registered new interface driver cdc_wdm
[    0.919002] usbcore: registered new interface driver usb-storage
[    0.919035] usbcore: registered new interface driver ums-sddr09
[    0.919157] usbcore: registered new interface driver usbserial_generic
[    0.919190] usbserial: USB Serial support registered for generic
[    0.919212] usbcore: registered new interface driver ch341
[    0.919231] usbserial: USB Serial support registered for ch341-uart
[    0.919253] usbcore: registered new interface driver ftdi_sio
[    0.919270] usbserial: USB Serial support registered for FTDI USB Serial Device
[    0.919301] usbcore: registered new interface driver option
[    0.919319] usbserial: USB Serial support registered for GSM modem (1-port)
[    0.919356] usbcore: registered new interface driver pl2303
[    0.919374] usbserial: USB Serial support registered for pl2303
[    0.919395] usbcore: registered new interface driver ti_usb_3410_5052
[    0.919412] usbserial: USB Serial support registered for TI USB 3410 1 port adapter
[    0.919431] usbserial: USB Serial support registered for TI USB 5052 2 port adapter
[    0.919434] ftdi_elan: driver ftdi-elan
[    0.919457] usbcore: registered new interface driver ftdi-elan
[    0.919539] i8042: PNP: PS/2 Controller [PNP0303:KBD,PNP0f13:MOU] at 0x60,0x64 irq 1,12
[    0.922688] serio: i8042 KBD port at 0x60,0x64 irq 1
[    0.922713] serio: i8042 AUX port at 0x60,0x64 irq 12
[    0.923047] mousedev: PS/2 mouse device common for all mice
[    0.923619] input: PC Speaker as /devices/platform/pcspkr/input/input4
[    0.923900] rtc_cmos 00:02: RTC can wake from S4
[    0.924171] rtc_cmos 00:02: registered as rtc0
[    0.924250] rtc_cmos 00:02: alarms up to one month, y3k, 114 bytes nvram, hpet irqs
[    0.924348] usbcore: registered new interface driver uvcvideo
[    0.924349] USB Video Class driver (1.1.1)
[    0.924350] gspca_main: v2.14.0 registered
[    0.924385] usbcore: registered new interface driver sq930x
[    0.925237] device-mapper: ioctl: 4.39.0-ioctl (2018-04-03) initialised: dm-devel@redhat.com
[    0.925240] Bluetooth: HCI UART driver ver 2.3
[    0.925242] Bluetooth: HCI UART protocol H4 registered
[    0.925243] Bluetooth: HCI UART protocol BCSP registered
[    0.925338] usbcore: registered new interface driver btusb
[    0.925345] intel_pstate: Intel P-state driver initializing
[    0.925458] ieee80211 phy0: Selected rate control algorithm 'iwl-agn-rs'
[    0.925949] sdhci: Secure Digital Host Controller Interface driver
[    0.925953] sdhci: Copyright(c) Pierre Ossman
[    0.926054] sdhci-pci 0000:0d:00.0: SDHCI controller found [1180:e822] (rev 7)
[    0.927892] mmc0 bounce up to 128 segments into one, max segment size 65536 bytes
[    0.928977] mmc0: SDHCI controller on PCI [0000:0d:00.0] using DMA
[    0.929511] hidraw: raw HID events driver (C) Jiri Kosina
[    0.931106] input: AT Translated Set 2 keyboard as /devices/platform/i8042/serio0/input/input5
[    0.934540] usbcore: registered new interface driver usbhid
[    0.934544] usbhid: USB HID core driver
[    0.936206] thinkpad_acpi: ThinkPad ACPI Extras v0.26
[    0.936209] thinkpad_acpi: http://ibm-acpi.sf.net/
[    0.936212] thinkpad_acpi: ThinkPad BIOS 8DET74WW (1.44 ), EC unknown
[    0.936216] thinkpad_acpi: Lenovo ThinkPad X220, model 42872WU
[    0.940235] thinkpad_acpi: radio switch found; radios are enabled
[    0.940505] thinkpad_acpi: Tablet mode switch found (type: MHKG), currently in laptop mode
[    0.940530] thinkpad_acpi: This ThinkPad has standard ACPI backlight brightness control, supported by the ACPI video driver
[    0.940531] thinkpad_acpi: Disabling thinkpad-acpi brightness events by default...
[    0.944903] thinkpad_acpi: rfkill switch tpacpi_bluetooth_sw: radio is unblocked
[    0.946353] thinkpad_acpi: warning: userspace override of important firmware LEDs is enabled
[    0.946370] thinkpad_acpi: Standard ACPI backlight interface available, not loading native one
[    0.946371] thinkpad_acpi: volume: disabled as there is no ALSA support in this kernel
[    0.946841] battery: new extension: ThinkPad Battery Extension
[    0.946925] input: ThinkPad Extra Buttons as /devices/platform/thinkpad_acpi/input/input7
[    0.947382] random: fast init done
[    0.948853] usbcore: registered new interface driver snd-usb-audio
[    0.951480] NET: Registered protocol family 17
[    0.952350] Bluetooth: RFCOMM TTY layer initialized
[    0.952398] Bluetooth: RFCOMM socket layer initialized
[    0.952416] Bluetooth: RFCOMM ver 1.11
[    0.952428] Bluetooth: BNEP (Ethernet Emulation) ver 1.3
[    0.952429] Bluetooth: BNEP filters: protocol multicast
[    0.952435] Bluetooth: BNEP socket layer initialized
[    0.952436] Bluetooth: HIDP (Human Interface Emulation) ver 1.2
[    0.952441] Bluetooth: HIDP socket layer initialized
[    0.952611] microcode: sig=0x206a7, pf=0x10, revision=0x2d
[    0.952771] snd_hda_intel 0000:00:1b.0: Linked as a consumer to 0000:00:02.0
[    0.952783] microcode: Microcode Update Driver: v2.2.
[    0.952971] sched_clock: Marking stable (941132597, 11684010)->(961227903, -8411296)
[    0.953481] Loading compiled-in X.509 certificates
[    0.954211] Key type encrypted registered
[    0.954812] rtc_cmos 00:02: setting system clock to 2018-12-10 10:15:10 UTC (1544436910)
[    0.955008] cfg80211: Loading compiled-in X.509 certificates for regulatory database
[    0.955894] cfg80211: Loaded X.509 cert 'sforshee: 00b28ddf47aef9cea7'
[    0.956057] platform regulatory.0: Direct firmware load for regulatory.db failed with error -2
[    0.956073] cfg80211: failed to load regulatory.db
[    1.004964] ata1: SATA link up 1.5 Gbps (SStatus 113 SControl 300)
[    1.006506] ata1.00: ACPI cmd ef/02:00:00:00:00:a0 (SET FEATURES) succeeded
[    1.006516] ata1.00: ACPI cmd f5/00:00:00:00:00:a0 (SECURITY FREEZE LOCK) filtered out
[    1.006523] ata1.00: ACPI cmd ef/10:03:00:00:00:a0 (SET FEATURES) filtered out
[    1.007658] ata1.00: ATA-8: Hitachi HTS545050A7E380, GG2OA7J0, max UDMA/133
[    1.007665] ata1.00: 976773168 sectors, multi 16: LBA48 NCQ (depth 32), AA
[    1.008800] snd_hda_intel 0000:00:1b.0: bound 0000:00:02.0 (ops i915_audio_component_bind_ops)
[    1.009230] ata1.00: ACPI cmd ef/02:00:00:00:00:a0 (SET FEATURES) succeeded
[    1.009238] ata1.00: ACPI cmd f5/00:00:00:00:00:a0 (SECURITY FREEZE LOCK) filtered out
[    1.009245] ata1.00: ACPI cmd ef/10:03:00:00:00:a0 (SET FEATURES) filtered out
[    1.010230] ata1.00: configured for UDMA/133
[    1.032081] snd_hda_codec_generic hdaudioC0D0: autoconfig for Generic: line_outs=1 (0x1f/0x0/0x0/0x0/0x0) type:speaker
[    1.032093] snd_hda_codec_generic hdaudioC0D0:    speaker_outs=0 (0x0/0x0/0x0/0x0/0x0)
[    1.032103] snd_hda_codec_generic hdaudioC0D0:    hp_outs=1 (0x19/0x0/0x0/0x0/0x0)
[    1.032110] snd_hda_codec_generic hdaudioC0D0:    mono: mono_out=0x0
[    1.032117] snd_hda_codec_generic hdaudioC0D0:    inputs:
[    1.032128] snd_hda_codec_generic hdaudioC0D0:      Internal Mic=0x23
[    1.032139] snd_hda_codec_generic hdaudioC0D0:      Mic=0x1b
[    1.034184] Console: switching to colour frame buffer device 102x42
[    1.037244] snd_hda_codec_generic hdaudioC0D3: ignore pin 0x7, too many assigned pins
[    1.037247] snd_hda_codec_generic hdaudioC0D3: autoconfig for Generic: line_outs=0 (0x0/0x0/0x0/0x0/0x0) type:line
[    1.037248] snd_hda_codec_generic hdaudioC0D3:    speaker_outs=0 (0x0/0x0/0x0/0x0/0x0)
[    1.037250] snd_hda_codec_generic hdaudioC0D3:    hp_outs=0 (0x0/0x0/0x0/0x0/0x0)
[    1.037251] snd_hda_codec_generic hdaudioC0D3:    mono: mono_out=0x0
[    1.037253] snd_hda_codec_generic hdaudioC0D3:    dig-out=0x5/0x6
[    1.037254] snd_hda_codec_generic hdaudioC0D3:    inputs:
[    1.040273] input: HDA Intel PCH Mic as /devices/pci0000:00/0000:00:1b.0/sound/card0/input9
[    1.040521] input: HDA Intel PCH Headphone as /devices/pci0000:00/0000:00:1b.0/sound/card0/input10
[    1.040759] input: HDA Intel PCH HDMI as /devices/pci0000:00/0000:00:1b.0/sound/card0/input11
[    1.040929] input: HDA Intel PCH HDMI as /devices/pci0000:00/0000:00:1b.0/sound/card0/input12
[    1.229289] i915 0000:00:02.0: fb0: inteldrmfb frame buffer device
[    1.233100] scsi 0:0:0:0: Direct-Access     ATA      Hitachi HTS54505 A7J0 PQ: 0 ANSI: 5
[    1.236690] sd 0:0:0:0: [sda] 976773168 512-byte logical blocks: (500 GB/466 GiB)
[    1.236818] sd 0:0:0:0: Attached scsi generic sg0 type 0
[    1.238167] sd 0:0:0:0: [sda] 4096-byte physical blocks
[    1.240841] usb 1-1: new high-speed USB device number 2 using ehci-pci
[    1.241114] sd 0:0:0:0: [sda] Write Protect is off
[    1.242891] sd 0:0:0:0: [sda] Mode Sense: 00 3a 00 00
[    1.242950] sd 0:0:0:0: [sda] Write cache: enabled, read cache: enabled, doesn't support DPO or FUA
[    1.264956] usb 2-1: new high-speed USB device number 2 using ehci-pci
[    1.394129] usb 1-1: New USB device found, idVendor=8087, idProduct=0024, bcdDevice= 0.00
[    1.399869] usb 1-1: New USB device strings: Mfr=0, Product=0, SerialNumber=0
[    1.402421] hub 1-1:1.0: USB hub found
[    1.404382] hub 1-1:1.0: 6 ports detected
[    1.421329] usb 2-1: New USB device found, idVendor=8087, idProduct=0024, bcdDevice= 0.00
[    1.423019] usb 2-1: New USB device strings: Mfr=0, Product=0, SerialNumber=0
[    1.425444] hub 2-1:1.0: USB hub found
[    1.427353] hub 2-1:1.0: 8 ports detected
[    1.509784] tsc: Refined TSC clocksource calibration: 2491.905 MHz
[    1.510607] clocksource: tsc: mask: 0xffffffffffffffff max_cycles: 0x23eb5abbd7b, max_idle_ns: 440795277677 ns
[    1.511487] clocksource: Switched to clocksource tsc
[    1.552945] ata2: SATA link down (SStatus 0 SControl 300)
[    1.562028]  sda: sda1 sda2 sda3 sda4
[    1.568835] sd 0:0:0:0: [sda] Attached SCSI disk
[    1.696950] usb 1-1.3: new full-speed USB device number 3 using ehci-pci
[    1.716829] usb 2-1.1: new high-speed USB device number 3 using ehci-pci
[    1.815283] usb 1-1.3: New USB device found, idVendor=147e, idProduct=2016, bcdDevice= 0.02
[    1.818560] usb 1-1.3: New USB device strings: Mfr=1, Product=2, SerialNumber=0
[    1.821279] usb 1-1.3: Product: Biometric Coprocessor
[    1.824130] usb 1-1.3: Manufacturer: UPEK
[    1.831272] usb 2-1.1: New USB device found, idVendor=05e3, idProduct=0608, bcdDevice=77.64
[    1.832801] usb 2-1.1: New USB device strings: Mfr=0, Product=1, SerialNumber=0
[    1.834331] usb 2-1.1: Product: USB2.0 Hub
[    1.836747] hub 2-1.1:1.0: USB hub found
[    1.838994] hub 2-1.1:1.0: 4 ports detected
[    1.839933] psmouse serio1: synaptics: queried max coordinates: x [..5472], y [..4448]
[    1.873029] ata3: SATA link up 3.0 Gbps (SStatus 123 SControl 300)
[    1.889306] ata3.00: ACPI cmd ef/02:00:00:00:00:a0 (SET FEATURES) succeeded
[    1.889320] ata3.00: ACPI cmd f5/00:00:00:00:00:a0 (SECURITY FREEZE LOCK) filtered out
[    1.891624] ata3.00: ACPI cmd ef/10:03:00:00:00:a0 (SET FEATURES) filtered out
[    1.899062] ata3.00: ATA-8: KINGSTON SMS200S3240G, 60AABBF0, max UDMA/133
[    1.900881] ata3.00: 468862128 sectors, multi 1: LBA48 NCQ (depth 32), AA
[    1.904920] usb 1-1.4: new full-speed USB device number 4 using ehci-pci
[    1.907678] ata3.00: ACPI cmd ef/02:00:00:00:00:a0 (SET FEATURES) succeeded
[    1.907687] ata3.00: ACPI cmd f5/00:00:00:00:00:a0 (SECURITY FREEZE LOCK) filtered out
[    1.911067] ata3.00: ACPI cmd ef/10:03:00:00:00:a0 (SET FEATURES) filtered out
[    1.919511] ata3.00: configured for UDMA/133
[    1.921433] scsi 2:0:0:0: Direct-Access     ATA      KINGSTON SMS200S BBF0 PQ: 0 ANSI: 5
[    1.924928] psmouse serio1: synaptics: Touchpad model: 1, fw: 8.0, id: 0x1e2b1, caps: 0xd001a3/0x940300/0x120c00/0x0, board id: 1611, fw id: 774180
[    1.925757] usb 2-1.2: new high-speed USB device number 4 using ehci-pci
[    1.925832] sd 2:0:0:0: [sdb] 468862128 512-byte logical blocks: (240 GB/224 GiB)
[    1.925855] sd 2:0:0:0: [sdb] Write Protect is off
[    1.925857] sd 2:0:0:0: [sdb] Mode Sense: 00 3a 00 00
[    1.925896] sd 2:0:0:0: [sdb] Write cache: enabled, read cache: enabled, doesn't support DPO or FUA
[    1.927634] psmouse serio1: synaptics: serio: Synaptics pass-through port at isa0060/serio1/input0
[    1.927635]  sdb: sdb2 sdb4
[    1.927805] sd 2:0:0:0: Attached scsi generic sg1 type 0
[    1.939958] sd 2:0:0:0: [sdb] Attached SCSI disk
[    1.978745] input: SynPS/2 Synaptics TouchPad as /devices/platform/i8042/serio1/input/input8
[    2.020671] usb 1-1.4: New USB device found, idVendor=0a5c, idProduct=217f, bcdDevice= 7.48
[    2.023361] usb 1-1.4: New USB device strings: Mfr=1, Product=2, SerialNumber=3
[    2.025975] usb 1-1.4: Product: Broadcom Bluetooth Device
[    2.028573] usb 1-1.4: Manufacturer: Broadcom Corp
[    2.031136] usb 1-1.4: SerialNumber: 7CE9D3B855AA
[    2.038214] usb 2-1.2: New USB device found, idVendor=1a40, idProduct=0101, bcdDevice= 1.11
[    2.040975] usb 2-1.2: New USB device strings: Mfr=0, Product=1, SerialNumber=0
[    2.043964] usb 2-1.2: Product: USB 2.0 Hub
[    2.047375] hub 2-1.2:1.0: USB hub found
[    2.049071] hub 2-1.2:1.0: 4 ports detected
[    2.116970] usb 1-1.6: new high-speed USB device number 5 using ehci-pci
[    2.132940] usb 2-1.1.1: new high-speed USB device number 5 using ehci-pci
[    2.237523] usb 1-1.6: New USB device found, idVendor=04f2, idProduct=b217, bcdDevice= 8.54
[    2.241232] usb 1-1.6: New USB device strings: Mfr=1, Product=2, SerialNumber=0
[    2.244892] usb 1-1.6: Product: Integrated Camera
[    2.248617] usb 1-1.6: Manufacturer: Chicony Electronics Co., Ltd.
[    2.248885] ata5: SATA link down (SStatus 0 SControl 300)
[    2.254587] uvcvideo: Found UVC 1.00 device Integrated Camera (04f2:b217)
[    2.258457] usb 2-1.1.1: New USB device found, idVendor=0525, idProduct=a4a1, bcdDevice= 4.20
[    2.259544] usb 2-1.1.1: New USB device strings: Mfr=1, Product=2, SerialNumber=0
[    2.260530] usb 2-1.1.1: Product: Ethernet Gadget
[    2.261510] usb 2-1.1.1: Manufacturer: Linux 4.20.0-rc2-00237-gb9f7715-dirty with musb-hdrc
[    2.264662] cdc_ether 2-1.1.1:1.0 usb0: register 'cdc_ether' at usb-0000:00:1d.0-1.1.1, CDC Ethernet Device, 3e:89:8c:f3:2f:84
[    2.272177] uvcvideo 1-1.6:1.0: Entity type for entity Extension 3 was not initialized!
[    2.273341] uvcvideo 1-1.6:1.0: Entity type for entity Processing 2 was not initialized!
[    2.274549] uvcvideo 1-1.6:1.0: Entity type for entity Camera 1 was not initialized!
[    2.288300] PM: Image not found (code -22)
[    2.288363] ALSA device list:
[    2.290335]   #0: HDA Intel PCH at 0xf2520000 irq 22
[    2.456960] usb 2-1.2.1: new low-speed USB device number 6 using ehci-pci
[    2.707347] usb 2-1.2.1: New USB device found, idVendor=06a3, idProduct=053f, bcdDevice= 0.02
[    2.710984] usb 2-1.2.1: New USB device strings: Mfr=1, Product=2, SerialNumber=3
[    2.714478] usb 2-1.2.1: Product: Saitek X36
[    2.717856] usb 2-1.2.1: Manufacturer: Saitek
[    2.718806] usb 2-1.2.1: SerialNumber: 00103464
[    2.760469] psmouse serio2: trackpoint: IBM TrackPoint firmware: 0x0e, buttons: 3/3
[    2.764867] input: Saitek Saitek X36 as /devices/pci0000:00/0000:00:1d.0/usb2/2-1/2-1.2/2-1.2.1/2-1.2.1:1.0/0003:06A3:053F.0001/input/input14
[    2.772707] hid-generic 0003:06A3:053F.0001: input,hidraw0: USB HID v1.00 Joystick [Saitek Saitek X36] on usb-0000:00:1d.0-1.2.1/input0
[    2.772839] usb 2-1.1.4: new full-speed USB device number 7 using ehci-pci
[    2.904647] usb 2-1.1.4: New USB device found, idVendor=0a12, idProduct=0001, bcdDevice=88.91
[    2.908433] usb 2-1.1.4: New USB device strings: Mfr=0, Product=2, SerialNumber=0
[    2.910324] usb 2-1.1.4: Product: CSR8510 A10
[    3.026647] input: TPPS/2 IBM TrackPoint as /devices/platform/i8042/serio1/serio2/input/input13
[    3.096892] usb 2-1.2.2: new low-speed USB device number 8 using ehci-pci
[    3.137175] md: Waiting for all devices to be available before autodetect
[    3.141166] md: If you don't use raid, use raid=noautodetect
[    3.146377] md: Autodetecting RAID arrays.
[    3.150222] md: autorun ...
[    3.153856] md: ... autorun DONE.
[    3.166376] EXT4-fs (sdb4): mounted filesystem with ordered data mode. Opts: (null)
[    3.170301] VFS: Mounted root (ext4 filesystem) readonly on device 8:20.
[    3.174559] devtmpfs: mounted
[    3.176084] Freeing unused kernel image memory: 1072K
[    3.193592] Write protecting the kernel read-only data: 24576k
[    3.196418] Freeing unused kernel image memory: 2012K
[    3.198535] Freeing unused kernel image memory: 824K
[    3.213301] x86/mm: Checked W+X mappings: passed, no W+X pages found.
[    3.214213] rodata_test: all tests were successful
[    3.215088] x86/mm: Checking user space page tables
[    3.224387] x86/mm: Checked W+X mappings: passed, no W+X pages found.
[    3.225260] Run /sbin/init as init process
[    3.281502] random: systemd: uninitialized urandom read (16 bytes read)
[    3.283062] systemd[1]: systemd 215 running in system mode. (+PAM +AUDIT +SELINUX +IMA +SYSVINIT +LIBCRYPTSETUP +GCRYPT +ACL +XZ -SECCOMP -APPARMOR)
[    3.305373] systemd[1]: Detected architecture 'x86-64'.
[    3.333508] usb 2-1.2.2: New USB device found, idVendor=046d, idProduct=c05a, bcdDevice=63.00
[    3.334088] systemd[1]: Failed to insert module 'ipv6'
[    3.335475] usb 2-1.2.2: New USB device strings: Mfr=1, Product=2, SerialNumber=0
[    3.337758] systemd[1]: Set hostname to <duo>.
[    3.339096] usb 2-1.2.2: Product: USB Optical Mouse
[    3.342904] usb 2-1.2.2: Manufacturer: Logitech
[    3.346120] input: Logitech USB Optical Mouse as /devices/pci0000:00/0000:00:1d.0/usb2/2-1/2-1.2/2-1.2.2/2-1.2.2:1.0/0003:046D:C05A.0002/input/input15
[    3.350714] hid-generic 0003:046D:C05A.0002: input,hidraw1: USB HID v1.11 Mouse [Logitech USB Optical Mouse] on usb-0000:00:1d.0-1.2.2/input0
[    3.353942] random: systemd-sysv-ge: uninitialized urandom read (16 bytes read)
[    3.393422] random: systemd-sysv-ge: uninitialized urandom read (16 bytes read)
[    3.474009] systemd[1]: Binding to IPv6 address not available since kernel does not support IPv6.
[    3.475400] systemd[1]: [/lib/systemd/system/gpsd.socket:6] Failed to parse address value, ignoring: [::1]:2947
[    3.480755] systemd[1]: Starting Forward Password Requests to Wall Directory Watch.
[    3.482559] systemd[1]: Started Forward Password Requests to Wall Directory Watch.
[    3.483983] systemd[1]: Starting Remote File Systems (Pre).
[    3.489325] systemd[1]: Reached target Remote File Systems (Pre).
[    3.552834] usb 2-1.2.3: new low-speed USB device number 9 using ehci-pci
[    3.602026] systemd-udevd[2001]: starting version 215
[    3.791853] usb 2-1.2.3: New USB device found, idVendor=04f2, idProduct=0111, bcdDevice= 1.02
[    3.793082] usb 2-1.2.3: New USB device strings: Mfr=1, Product=2, SerialNumber=0
[    3.794286] usb 2-1.2.3: Product: USB Keyboard
[    3.795464] usb 2-1.2.3: Manufacturer: Chicony
[    3.804237] input: Chicony USB Keyboard as /devices/pci0000:00/0000:00:1d.0/usb2/2-1/2-1.2/2-1.2.3/2-1.2.3:1.0/0003:04F2:0111.0003/input/input16
[    3.831959] e1000e 0000:00:19.0 eth2: renamed from eth0
[    3.865182] systemd-udevd[2583]: renamed network interface eth0 to eth2
[    3.866132] hid-generic 0003:04F2:0111.0003: input,hidraw2: USB HID v1.10 Keyboard [Chicony USB Keyboard] on usb-0000:00:1d.0-1.2.3/input0
[    3.870284] iwlwifi 0000:03:00.0 wlan1: renamed from wlan0
[    3.876983] input: Chicony USB Keyboard System Control as /devices/pci0000:00/0000:00:1d.0/usb2/2-1/2-1.2/2-1.2.3/2-1.2.3:1.1/0003:04F2:0111.0004/input/input17
[    3.897134] systemd-udevd[2579]: renamed network interface wlan0 to wlan1
[    3.913251] Bluetooth: hci0: urb (____ptrval____) failed to resubmit (2)
[    3.937155] input: Chicony USB Keyboard Consumer Control as /devices/pci0000:00/0000:00:1d.0/usb2/2-1/2-1.2/2-1.2.3/2-1.2.3:1.1/0003:04F2:0111.0004/input/input18
[    3.941016] hid-generic 0003:04F2:0111.0004: input,hiddev96,hidraw3: USB HID v1.10 Device [Chicony USB Keyboard] on usb-0000:00:1d.0-1.2.3/input1
[    4.955023] EXT4-fs (sdb4): re-mounted. Opts: errors=remount-ro
[    5.125089] Adding 1681428k swap on /dev/sda1.  Priority:-2 extents:1 across:1681428k 
[    5.142137] random: crng init done
[    5.143203] random: 7 urandom warning(s) missed due to ratelimiting
[    5.656904] EXT4-fs (sda2): mounted filesystem with ordered data mode. Opts: errors=remount-ro
[    5.713936] EXT4-fs (sdb2): mounted filesystem with ordered data mode. Opts: errors=remount-ro
[    5.757003] systemd-journald[2003]: Received request to flush runtime journal from PID 1
[    6.376249] device-mapper: table: 251:0: thin-pool: unknown target type
[    6.377010] device-mapper: ioctl: error adding target to table
[    7.608581] iwlwifi 0000:03:00.0: Radio type=0x0-0x0-0x3
[    7.691379] iwlwifi 0000:03:00.0: Radio type=0x0-0x0-0x3
[    9.226896] e1000e: eth2 NIC Link is Up 100 Mbps Full Duplex, Flow Control: Rx/Tx
[    9.226905] e1000e 0000:00:19.0 eth2: 10/100 speed: disabling TSO
[   11.712115] wlan1: authenticate with 00:00:00:00:00:01
[   11.717128] wlan1: send auth to 00:00:00:00:00:01 (try 1/3)
[   11.719585] wlan1: authenticated
[   11.719733] wlan1: waiting for beacon from 00:00:00:00:00:01
[   11.781119] wlan1: associate with 00:00:00:00:00:01 (try 1/3)
[   11.785377] wlan1: RX AssocResp from 00:00:00:00:00:01 (capab=0x401 status=0 aid=5)
[   11.800287] wlan1: associated
