[    0.000000] Linux version 5.0.0-rc4-next-20190131 (pavel@amd) (gcc version 4.9.2 (Debian 4.9.2-10+deb8u2)) #216 SMP Fri Feb 1 13:04:10 CET 2019
[    0.000000] Disabled fast string operations
[    0.000000] x86/fpu: x87 FPU will use FXSAVE
[    0.000000] BIOS-provided physical RAM map:
[    0.000000] BIOS-e820: [mem 0x0000000000000000-0x000000000009efff] usable
[    0.000000] BIOS-e820: [mem 0x000000000009f000-0x000000000009ffff] reserved
[    0.000000] BIOS-e820: [mem 0x00000000000dc000-0x00000000000fffff] reserved
[    0.000000] BIOS-e820: [mem 0x0000000000100000-0x00000000bf6cffff] usable
[    0.000000] BIOS-e820: [mem 0x00000000bf6d0000-0x00000000bf6defff] ACPI data
[    0.000000] BIOS-e820: [mem 0x00000000bf6df000-0x00000000bf6fffff] ACPI NVS
[    0.000000] BIOS-e820: [mem 0x00000000bf700000-0x00000000bfffffff] reserved
[    0.000000] BIOS-e820: [mem 0x00000000f0000000-0x00000000f3ffffff] reserved
[    0.000000] BIOS-e820: [mem 0x00000000fec00000-0x00000000fec0ffff] reserved
[    0.000000] BIOS-e820: [mem 0x00000000fed00000-0x00000000fed003ff] reserved
[    0.000000] BIOS-e820: [mem 0x00000000fed14000-0x00000000fed19fff] reserved
[    0.000000] BIOS-e820: [mem 0x00000000fed1c000-0x00000000fed8ffff] reserved
[    0.000000] BIOS-e820: [mem 0x00000000fee00000-0x00000000fee00fff] reserved
[    0.000000] BIOS-e820: [mem 0x00000000ff800000-0x00000000ffffffff] reserved
[    0.000000] NX (Execute Disable) protection: active
[    0.000000] SMBIOS 2.4 present.
[    0.000000] DMI: LENOVO 17097HU/17097HU, BIOS 7BETD8WW (2.19 ) 03/31/2011
[    0.000000] tsc: Fast TSC calibration using PIT
[    0.000000] tsc: Detected 1828.715 MHz processor
[    0.014176] e820: update [mem 0x00000000-0x00000fff] usable ==> reserved
[    0.014181] e820: remove [mem 0x000a0000-0x000fffff] usable
[    0.014194] last_pfn = 0xbf6d0 max_arch_pfn = 0x1000000
[    0.014206] MTRR default type: uncachable
[    0.014209] MTRR fixed ranges enabled:
[    0.014213]   00000-9FFFF write-back
[    0.014215]   A0000-BFFFF uncachable
[    0.014218]   C0000-CFFFF write-protect
[    0.014221]   D0000-DBFFF uncachable
[    0.014224]   DC000-DFFFF write-back
[    0.014226]   E0000-FFFFF write-protect
[    0.014229] MTRR variable ranges enabled:
[    0.014232]   0 base 000000000 mask F80000000 write-back
[    0.014235]   1 base 080000000 mask FC0000000 write-back
[    0.014238]   2 base 0BF700000 mask FFFF00000 uncachable
[    0.014241]   3 base 0BF800000 mask FFF800000 uncachable
[    0.014244]   4 disabled
[    0.014246]   5 disabled
[    0.014248]   6 disabled
[    0.014250]   7 disabled
[    0.015331] x86/PAT: PAT not supported by CPU.
[    0.016476] x86/PAT: Configuration [0-7]: WB  WT  UC- UC  WB  WT  UC- UC  
[    0.016496] initial memory mapped: [mem 0x00000000-0x05dfffff]
[    0.016503] Base memory trampoline at [(ptrval)] 9b000 size 16384
[    0.016585] BRK [0x05865000, 0x05865fff] PGTABLE
[    0.016603] BRK [0x05866000, 0x05866fff] PGTABLE
[    0.016613] ACPI: Early table checksum verification disabled
[    0.016795] ACPI: RSDP 0x00000000000F67C0 000024 (v02 LENOVO)
[    0.016803] ACPI: XSDT 0x00000000BF6D191C 000084 (v01 LENOVO TP-7B    00002190  LTP 00000000)
[    0.016815] ACPI: FACP 0x00000000BF6D1A00 0000F4 (v03 LENOVO TP-7B    00002190 LNVO 00000001)
[    0.016827] ACPI BIOS Warning (bug): 32/64X length mismatch in FADT/Gpe0Block: 64/32 (20190108/tbfadt-569)
[    0.016834] ACPI BIOS Warning (bug): Optional FADT field Gpe1Block has valid Address but zero Length: 0x000000000000102C/0x0 (20190108/tbfadt-624)
[    0.016845] ACPI: DSDT 0x00000000BF6D1D90 00CFB9 (v01 LENOVO TP-7B    00002190 MSFT 0100000E)
[    0.016854] ACPI: FACS 0x00000000BF6F4000 000040
[    0.016861] ACPI: FACS 0x00000000BF6F4000 000040
[    0.016868] ACPI: SSDT 0x00000000BF6D1BB4 0001DC (v01 LENOVO TP-7B    00002190 MSFT 0100000E)
[    0.016877] ACPI: ECDT 0x00000000BF6DED49 000052 (v01 LENOVO TP-7B    00002190 LNVO 00000001)
[    0.016886] ACPI: TCPA 0x00000000BF6DED9B 000032 (v02 LENOVO TP-7B    00002190 LNVO 00000001)
[    0.016894] ACPI: APIC 0x00000000BF6DEDCD 000068 (v01 LENOVO TP-7B    00002190 LNVO 00000001)
[    0.016903] ACPI: MCFG 0x00000000BF6DEE35 00003C (v01 LENOVO TP-7B    00002190 LNVO 00000001)
[    0.016912] ACPI: HPET 0x00000000BF6DEE71 000038 (v01 LENOVO TP-7B    00002190 LNVO 00000001)
[    0.016920] ACPI: BOOT 0x00000000BF6DEFD8 000028 (v01 LENOVO TP-7B    00002190  LTP 00000001)
[    0.016929] ACPI: SSDT 0x00000000BF6F2645 00025F (v01 LENOVO TP-7B    00002190 INTL 20050513)
[    0.016938] ACPI: SSDT 0x00000000BF6F28A4 0000A6 (v01 LENOVO TP-7B    00002190 INTL 20050513)
[    0.016947] ACPI: SSDT 0x00000000BF6F294A 0004F7 (v01 LENOVO TP-7B    00002190 INTL 20050513)
[    0.016955] ACPI: SSDT 0x00000000BF6F2E41 0001D8 (v01 LENOVO TP-7B    00002190 INTL 20050513)
[    0.016975] ACPI: Local APIC address 0xfee00000
[    0.016981] 2176MB HIGHMEM available.
[    0.016986] 885MB LOWMEM available.
[    0.016989]   mapped low ram: 0 - 375fe000
[    0.016993]   low ram: 0 - 375fe000
[    0.017004] BRK [0x05867000, 0x05867fff] PGTABLE
[    0.017009] Zone ranges:
[    0.017013]   DMA      [mem 0x0000000000001000-0x0000000000ffffff]
[    0.017018]   Normal   [mem 0x0000000001000000-0x00000000375fdfff]
[    0.017023]   HighMem  [mem 0x00000000375fe000-0x00000000bf6cffff]
[    0.017027] Movable zone start for each node
[    0.017031] Early memory node ranges
[    0.017035]   node   0: [mem 0x0000000000001000-0x000000000009efff]
[    0.017039]   node   0: [mem 0x0000000000100000-0x00000000bf6cffff]
[    0.017045] Initmem setup node 0 [mem 0x0000000000001000-0x00000000bf6cffff]
[    0.017049] On node 0 totalpages: 783982
[    0.028409]   DMA zone: 32 pages used for memmap
[    0.028412]   DMA zone: 0 pages reserved
[    0.028415]   DMA zone: 3998 pages, LIFO batch:0
[    0.028527]   Normal zone: 1740 pages used for memmap
[    0.028531]   Normal zone: 222718 pages, LIFO batch:63
[    0.034298]   HighMem zone: 557266 pages, LIFO batch:63
[    0.048756] Using APIC driver default
[    0.048773] Reserving Intel graphics memory at [mem 0xbf800000-0xbfffffff]
[    0.049257] ACPI: PM-Timer IO Port: 0x1008
[    0.049262] ACPI: Local APIC address 0xfee00000
[    0.049273] ACPI: LAPIC_NMI (acpi_id[0x00] high edge lint[0x1])
[    0.049278] ACPI: LAPIC_NMI (acpi_id[0x01] high edge lint[0x1])
[    0.049310] IOAPIC[0]: apic_id 1, version 32, address 0xfec00000, GSI 0-23
[    0.049317] ACPI: INT_SRC_OVR (bus 0 bus_irq 0 global_irq 2 dfl dfl)
[    0.049323] ACPI: INT_SRC_OVR (bus 0 bus_irq 9 global_irq 9 high level)
[    0.049328] ACPI: IRQ0 used by override.
[    0.049332] ACPI: IRQ9 used by override.
[    0.049339] Using ACPI (MADT) for SMP configuration information
[    0.049344] ACPI: HPET id: 0x8086a201 base: 0xfed00000
[    0.049356] smpboot: Allowing 2 CPUs, 0 hotplug CPUs
[    0.049398] PM: Registered nosave memory: [mem 0x00000000-0x00000fff]
[    0.049403] PM: Registered nosave memory: [mem 0x0009f000-0x0009ffff]
[    0.049407] PM: Registered nosave memory: [mem 0x000a0000-0x000dbfff]
[    0.049411] PM: Registered nosave memory: [mem 0x000dc000-0x000fffff]
[    0.049420] [mem 0xc0000000-0xefffffff] available for PCI devices
[    0.049429] clocksource: refined-jiffies: mask: 0xffffffff max_cycles: 0xffffffff, max_idle_ns: 7645519600211568 ns
[    0.049456] random: get_random_bytes called from start_kernel+0x74/0x375 with crng_init=0
[    0.049469] setup_percpu: NR_CPUS:8 nr_cpumask_bits:8 nr_cpu_ids:2 nr_node_ids:1
[    0.049732] percpu: Embedded 37 pages/cpu @(ptrval) s119272 r0 d32280 u151552
[    0.049746] pcpu-alloc: s119272 r0 d32280 u151552 alloc=37*4096
[    0.049749] pcpu-alloc: [0] 0 [0] 1 
[    0.049784] Built 1 zonelists, mobility grouping on.  Total pages: 782210
[    0.049795] Kernel command line: BOOT_IMAGE=(hd0,2)/fast/l/linux-next-32/arch/x86/boot/bzImage root=/dev/sda4 resume=/dev/sda1
[    0.050210] Dentry cache hash table entries: 131072 (order: 7, 524288 bytes)
[    0.050326] Inode-cache hash table entries: 65536 (order: 6, 262144 bytes)
[    0.050350] Initializing CPU#0
[    0.083132] Initializing HighMem for node 0 (000375fe:000bf6d0)
[    0.435522] Initializing Movable for node 0 (00000000:00000000)
[    0.507500] Memory: 3019344K/3135928K available (12339K kernel code, 715K rwdata, 4796K rodata, 640K init, 6084K bss, 116584K reserved, 0K cma-reserved, 2229064K highmem)
[    0.507512] virtual kernel memory layout:
    fixmap  : 0xffe70000 - 0xfffff000   (1596 kB)
  cpu_entry : 0xffa00000 - 0xffb31000   (1220 kB)
    pkmap   : 0xff600000 - 0xff800000   (2048 kB)
    vmalloc : 0xf7dfe000 - 0xff5fe000   ( 120 MB)
    lowmem  : 0xc0000000 - 0xf75fe000   ( 885 MB)
      .init : 0xc5199000 - 0xc5239000   ( 640 kB)
      .data : 0xc4c0cc24 - 0xc5176f80   (5544 kB)
      .text : 0xc4000000 - 0xc4c0cc24   (12339 kB)
[    0.507518] Checking if this processor honours the WP bit even in supervisor mode...Ok.
[    0.508901] Kernel/User page tables isolation: enabled
[    0.509174] rcu: Hierarchical RCU implementation.
[    0.509178] rcu: 	RCU restricting CPUs from NR_CPUS=8 to nr_cpu_ids=2.
[    0.509183] rcu: RCU calculated value of scheduler-enlistment delay is 25 jiffies.
[    0.509187] rcu: Adjusting geometry for rcu_fanout_leaf=16, nr_cpu_ids=2
[    0.509231] NR_IRQS: 2304, nr_irqs: 56, preallocated irqs: 16
[    0.509525] CPU 0 irqstacks, hard=(ptrval) soft=(ptrval)
[    0.512146] Console: colour VGA+ 80x25
[    0.520213] printk: console [tty0] enabled
[    0.520285] Lock dependency validator: Copyright (c) 2006 Red Hat, Inc., Ingo Molnar
[    0.520373] ... MAX_LOCKDEP_SUBCLASSES:  8
[    0.520444] ... MAX_LOCK_DEPTH:          48
[    0.520516] ... MAX_LOCKDEP_KEYS:        8191
[    0.520589] ... CLASSHASH_SIZE:          4096
[    0.520662] ... MAX_LOCKDEP_ENTRIES:     32768
[    0.520735] ... MAX_LOCKDEP_CHAINS:      65536
[    0.520808] ... CHAINHASH_SIZE:          32768
[    0.520881]  memory used by lock dependency info: 4319 kB
[    0.520959]  per task-struct memory footprint: 1344 bytes
[    0.521047] ACPI: Core revision 20190108
[    0.521595] clocksource: hpet: mask: 0xffffffff max_cycles: 0xffffffff, max_idle_ns: 133484882848 ns
[    0.521725] hpet clockevent registered
[    0.521739] APIC: Switch to symmetric I/O mode setup
[    0.521815] Enabling APIC mode:  Flat.  Using 1 I/O APICs
[    0.522453] ..TIMER: vector=0x30 apic1=0 pin1=2 apic2=-1 pin2=-1
[    0.541735] clocksource: tsc-early: mask: 0xffffffffffffffff max_cycles: 0x1a5c1f7c52e, max_idle_ns: 440795221580 ns
[    0.541856] Calibrating delay loop (skipped), value calculated using timer frequency.. 3657.43 BogoMIPS (lpj=7314860)
[    0.541977] pid_max: default: 32768 minimum: 301
[    0.542317] Mount-cache hash table entries: 2048 (order: 1, 8192 bytes)
[    0.542408] Mountpoint-cache hash table entries: 2048 (order: 1, 8192 bytes)
[    0.543111] *** VALIDATE proc ***
[    0.543285] *** VALIDATE cgroup1 ***
[    0.543358] *** VALIDATE cgroup2 ***
[    0.543444] Disabled fast string operations
[    0.543531] process: using mwait in idle threads
[    0.543615] Last level iTLB entries: 4KB 128, 2MB 0, 4MB 2
[    0.543694] Last level dTLB entries: 4KB 128, 2MB 0, 4MB 8, 1GB 0
[    0.543780] Spectre V2 : Mitigation: Full generic retpoline
[    0.543860] Spectre V2 : Spectre v2 / SpectreRSB mitigation: Filling RSB on context switch
[    0.543957] L1TF: System has more than MAX_PA/2 memory. L1TF mitigation not effective.
[    0.544049] L1TF: You may make it effective by booting the kernel with mem=2147483648 parameter.
[    0.544157] L1TF: However, doing so will make a part of your RAM unusable.
[    0.544244] L1TF: Reading https://www.kernel.org/doc/html/latest/admin-guide/l1tf.html might help you decide.
[    0.544583] Freeing SMP alternatives memory: 44K
[    0.549855] smpboot: CPU0: Genuine Intel(R) CPU           T2400  @ 1.83GHz (family: 0x6, model: 0xe, stepping: 0x8)
[    0.549855] Performance Events: Core events, core PMU driver.
[    0.549855] ... version:                1
[    0.549855] ... bit width:              40
[    0.549855] ... generic registers:      2
[    0.549855] ... value mask:             000000ffffffffff
[    0.549855] ... max period:             000000007fffffff
[    0.549855] ... fixed-purpose events:   0
[    0.549855] ... event mask:             0000000000000003
[    0.549855] rcu: Hierarchical SRCU implementation.
[    0.549855] NMI watchdog: Enabled. Permanently consumes one hw-PMU counter.
[    0.549855] smp: Bringing up secondary CPUs ...
[    0.550794] CPU 1 irqstacks, hard=(ptrval) soft=(ptrval)
[    0.550798] x86: Booting SMP configuration:
[    0.550879] .... node  #0, CPUs:      #1
[    0.016294] Initializing CPU#1
[    0.016294] Disabled fast string operations
[    0.553341] TSC synchronization [CPU#0 -> CPU#1]:
[    0.553653] Measured 579964 cycles TSC warp between CPUs, turning off TSC clock.
[    0.553753] tsc: Marking TSC unstable due to check_tsc_sync_source failed
[    0.554041] smp: Brought up 1 node, 2 CPUs
[    0.554041] smpboot: Max logical packages: 1
[    0.554041] smpboot: Total of 2 processors activated (7314.86 BogoMIPS)
[    0.555743] devtmpfs: initialized
[    0.555743] PM: Registering ACPI NVS region [mem 0xbf6df000-0xbf6fffff] (135168 bytes)
[    0.558070] clocksource: jiffies: mask: 0xffffffff max_cycles: 0xffffffff, max_idle_ns: 7645041785100000 ns
[    0.558196] futex hash table entries: 512 (order: 3, 32768 bytes)
[    0.559056] NET: Registered protocol family 16
[    0.560723] cpuidle: using governor ladder
[    0.560896] cpuidle: using governor menu
[    0.561922] Simple Boot Flag at 0x35 set to 0x1
[    0.562031] ACPI FADT declares the system doesn't support PCIe ASPM, so disable it
[    0.562122] ACPI: bus type PCI registered
[    0.562418] PCI: MMCONFIG for domain 0000 [bus 00-3f] at [mem 0xf0000000-0xf3ffffff] (base 0xf0000000)
[    0.562534] PCI: MMCONFIG at [mem 0xf0000000-0xf3ffffff] reserved in E820
[    0.562621] PCI: Using MMCONFIG for extended config space
[    0.562701] PCI: Using configuration type 1 for base access
[    0.563169] mtrr: your CPUs had inconsistent variable MTRR settings
[    0.563254] mtrr: probably your BIOS does not setup all CPUs.
[    0.563335] mtrr: corrected configuration.
[    0.626471] ACPI: Added _OSI(Module Device)
[    0.626554] ACPI: Added _OSI(Processor Device)
[    0.626630] ACPI: Added _OSI(3.0 _SCP Extensions)
[    0.626708] ACPI: Added _OSI(Processor Aggregator Device)
[    0.626791] ACPI: Added _OSI(Linux-Dell-Video)
[    0.626869] ACPI: Added _OSI(Linux-Lenovo-NV-HDMI-Audio)
[    0.626951] ACPI: Added _OSI(Linux-HPI-Hybrid-Graphics)
[    0.691588] ACPI: 6 ACPI AML tables successfully acquired and loaded
[    0.695714] ACPI: EC: EC started
[    0.695787] ACPI: EC: interrupt blocked
[    0.700659] ACPI: \: Used as first EC
[    0.700736] ACPI: \: GPE=0x1c, EC_CMD/EC_SC=0x66, EC_DATA=0x62
[    0.700819] ACPI: EC: Boot ECDT EC used to handle transactions
[    0.721943] ACPI: Dynamic OEM Table Load:
[    0.722034] ACPI: SSDT 0x00000000F1360800 000240 (v01 PmRef  Cpu0Ist  00000100 INTL 20050513)
[    0.723641] ACPI: Dynamic OEM Table Load:
[    0.723731] ACPI: SSDT 0x00000000F1A5D800 00065A (v01 PmRef  Cpu0Cst  00000100 INTL 20050513)
[    0.727178] ACPI: Dynamic OEM Table Load:
[    0.727267] ACPI: SSDT 0x00000000F1370F00 0000C8 (v01 PmRef  Cpu1Ist  00000100 INTL 20050513)
[    0.728191] ACPI: Dynamic OEM Table Load:
[    0.728278] ACPI: SSDT 0x00000000F0CAE300 000085 (v01 PmRef  Cpu1Cst  00000100 INTL 20050513)
[    0.730311] ACPI: Interpreter enabled
[    0.730465] ACPI: (supports S0 S3 S4 S5)
[    0.730546] ACPI: Using IOAPIC for interrupt routing
[    0.730758] PCI: Using host bridge windows from ACPI; if necessary, use "pci=nocrs" and report a bug
[    0.731828] ACPI: Enabled 4 GPEs in block 00 to 1F
[    0.754601] ACPI: Power Resource [PUBS] (on)
[    0.755722] acpi PNP0C0A:01: ACPI dock station (docks/bays count: 1)
[    0.763257] acpi LNXIOBAY:00: ACPI dock station (docks/bays count: 2)
[    0.777546] acpi IBM0079:00: ACPI dock station (docks/bays count: 3)
[    0.779865] ACPI: PCI Interrupt Link [LNKA] (IRQs 3 4 5 6 7 9 10 *11)
[    0.780686] ACPI: PCI Interrupt Link [LNKB] (IRQs 3 4 5 6 7 9 10 *11)
[    0.781506] ACPI: PCI Interrupt Link [LNKC] (IRQs 3 4 5 6 7 9 10 *11)
[    0.782338] ACPI: PCI Interrupt Link [LNKD] (IRQs 3 4 5 6 7 9 10 *11)
[    0.783156] ACPI: PCI Interrupt Link [LNKE] (IRQs 3 4 5 6 7 9 10 *11)
[    0.783974] ACPI: PCI Interrupt Link [LNKF] (IRQs 3 4 5 6 7 9 10 *11)
[    0.784793] ACPI: PCI Interrupt Link [LNKG] (IRQs 3 4 5 6 7 9 10 *11)
[    0.785611] ACPI: PCI Interrupt Link [LNKH] (IRQs 3 4 5 6 7 9 10 *11)
[    0.786174] ACPI: PCI Root Bridge [PCI0] (domain 0000 [bus 00-ff])
[    0.786273] acpi PNP0A08:00: _OSC: OS supports [ExtendedConfig ASPM ClockPM Segments]
[    0.787275] acpi PNP0A08:00: _OSC: not requesting OS control; OS requires [ExtendedConfig ASPM ClockPM MSI]
[    0.787408] acpi PNP0A08:00: [Firmware Info]: MMCONFIG for domain 0000 [bus 00-3f] only partially covers this bridge
[    0.787784] PCI host bridge to bus 0000:00
[    0.787864] pci_bus 0000:00: root bus resource [io  0x0000-0x0cf7 window]
[    0.787956] pci_bus 0000:00: root bus resource [io  0x0d00-0xffff window]
[    0.788047] pci_bus 0000:00: root bus resource [mem 0x000a0000-0x000bffff window]
[    0.788143] pci_bus 0000:00: root bus resource [mem 0x000d0000-0x000d3fff window]
[    0.788238] pci_bus 0000:00: root bus resource [mem 0x000d4000-0x000d7fff window]
[    0.788333] pci_bus 0000:00: root bus resource [mem 0x000d8000-0x000dbfff window]
[    0.788428] pci_bus 0000:00: root bus resource [mem 0xc0000000-0xfebfffff window]
[    0.788523] pci_bus 0000:00: root bus resource [mem 0xfed40000-0xfed40fff window]
[    0.788620] pci_bus 0000:00: root bus resource [bus 00-ff]
[    0.788733] pci 0000:00:00.0: [8086:27a0] type 00 class 0x060000
[    0.789178] pci 0000:00:02.0: [8086:27a2] type 00 class 0x030000
[    0.789200] pci 0000:00:02.0: reg 0x10: [mem 0xee100000-0xee17ffff]
[    0.789211] pci 0000:00:02.0: reg 0x14: [io  0x1800-0x1807]
[    0.789222] pci 0000:00:02.0: reg 0x18: [mem 0xd0000000-0xdfffffff pref]
[    0.789233] pci 0000:00:02.0: reg 0x1c: [mem 0xee200000-0xee23ffff]
[    0.789679] pci 0000:00:02.1: [8086:27a6] type 00 class 0x038000
[    0.789698] pci 0000:00:02.1: reg 0x10: [mem 0xee180000-0xee1fffff]
[    0.790190] pci 0000:00:1b.0: [8086:27d8] type 00 class 0x040300
[    0.790235] pci 0000:00:1b.0: reg 0x10: [mem 0xee240000-0xee243fff 64bit]
[    0.790393] pci 0000:00:1b.0: PME# supported from D0 D3hot D3cold
[    0.790839] pci 0000:00:1c.0: [8086:27d0] type 01 class 0x060400
[    0.791024] pci 0000:00:1c.0: PME# supported from D0 D3hot D3cold
[    0.791463] pci 0000:00:1c.1: [8086:27d2] type 01 class 0x060400
[    0.791649] pci 0000:00:1c.1: PME# supported from D0 D3hot D3cold
[    0.792087] pci 0000:00:1c.2: [8086:27d4] type 01 class 0x060400
[    0.792272] pci 0000:00:1c.2: PME# supported from D0 D3hot D3cold
[    0.792711] pci 0000:00:1c.3: [8086:27d6] type 01 class 0x060400
[    0.792895] pci 0000:00:1c.3: PME# supported from D0 D3hot D3cold
[    0.793326] pci 0000:00:1d.0: [8086:27c8] type 00 class 0x0c0300
[    0.793403] pci 0000:00:1d.0: reg 0x20: [io  0x1820-0x183f]
[    0.793849] pci 0000:00:1d.1: [8086:27c9] type 00 class 0x0c0300
[    0.793935] pci 0000:00:1d.1: reg 0x20: [io  0x1840-0x185f]
[    0.794373] pci 0000:00:1d.2: [8086:27ca] type 00 class 0x0c0300
[    0.794451] pci 0000:00:1d.2: reg 0x20: [io  0x1860-0x187f]
[    0.794900] pci 0000:00:1d.3: [8086:27cb] type 00 class 0x0c0300
[    0.794979] pci 0000:00:1d.3: reg 0x20: [io  0x1880-0x189f]
[    0.795406] pci 0000:00:1d.7: [8086:27cc] type 00 class 0x0c0320
[    0.795441] pci 0000:00:1d.7: reg 0x10: [mem 0xee444000-0xee4443ff]
[    0.795583] pci 0000:00:1d.7: PME# supported from D0 D3hot D3cold
[    0.795992] pci 0000:00:1e.0: [8086:2448] type 01 class 0x060401
[    0.796517] pci 0000:00:1f.0: [8086:27b9] type 00 class 0x060100
[    0.796673] pci 0000:00:1f.0: quirk: [io  0x1000-0x107f] claimed by ICH6 ACPI/GPIO/TCO
[    0.796776] pci 0000:00:1f.0: quirk: [io  0x1180-0x11bf] claimed by ICH6 GPIO
[    0.796871] pci 0000:00:1f.0: ICH7 LPC Generic IO decode 1 PIO at 1600 (mask 007f)
[    0.796968] pci 0000:00:1f.0: ICH7 LPC Generic IO decode 2 PIO at 15e0 (mask 000f)
[    0.797065] pci 0000:00:1f.0: ICH7 LPC Generic IO decode 3 PIO at 1680 (mask 001f)
[    0.797583] pci 0000:00:1f.1: [8086:27df] type 00 class 0x01018a
[    0.797613] pci 0000:00:1f.1: reg 0x10: [io  0x0000-0x0007]
[    0.797629] pci 0000:00:1f.1: reg 0x14: [io  0x0000-0x0003]
[    0.797645] pci 0000:00:1f.1: reg 0x18: [io  0x0000-0x0007]
[    0.797661] pci 0000:00:1f.1: reg 0x1c: [io  0x0000-0x0003]
[    0.797677] pci 0000:00:1f.1: reg 0x20: [io  0x1810-0x181f]
[    0.797710] pci 0000:00:1f.1: legacy IDE quirk: reg 0x10: [io  0x01f0-0x01f7]
[    0.797804] pci 0000:00:1f.1: legacy IDE quirk: reg 0x14: [io  0x03f6]
[    0.797863] pci 0000:00:1f.1: legacy IDE quirk: reg 0x18: [io  0x0170-0x0177]
[    0.797956] pci 0000:00:1f.1: legacy IDE quirk: reg 0x1c: [io  0x0376]
[    0.798451] pci 0000:00:1f.2: [8086:27c5] type 00 class 0x010601
[    0.798486] pci 0000:00:1f.2: reg 0x10: [io  0x18d0-0x18d7]
[    0.798502] pci 0000:00:1f.2: reg 0x14: [io  0x18c4-0x18c7]
[    0.798518] pci 0000:00:1f.2: reg 0x18: [io  0x18c8-0x18cf]
[    0.798534] pci 0000:00:1f.2: reg 0x1c: [io  0x18c0-0x18c3]
[    0.798550] pci 0000:00:1f.2: reg 0x20: [io  0x18b0-0x18bf]
[    0.798566] pci 0000:00:1f.2: reg 0x24: [mem 0xee444400-0xee4447ff]
[    0.798650] pci 0000:00:1f.2: PME# supported from D3hot
[    0.799065] pci 0000:00:1f.3: [8086:27da] type 00 class 0x0c0500
[    0.799161] pci 0000:00:1f.3: reg 0x20: [io  0x18e0-0x18ff]
[    0.799823] pci 0000:02:00.0: [8086:109a] type 00 class 0x020000
[    0.799886] pci 0000:02:00.0: reg 0x10: [mem 0xee000000-0xee01ffff]
[    0.799934] pci 0000:02:00.0: reg 0x18: [io  0x2000-0x201f]
[    0.800183] pci 0000:02:00.0: PME# supported from D0 D3hot D3cold
[    0.800572] pci 0000:00:1c.0: PCI bridge to [bus 02]
[    0.800658] pci 0000:00:1c.0:   bridge window [io  0x2000-0x2fff]
[    0.800666] pci 0000:00:1c.0:   bridge window [mem 0xee000000-0xee0fffff]
[    0.800937] pci 0000:03:00.0: [8086:4227] type 00 class 0x028000
[    0.801045] pci 0000:03:00.0: reg 0x10: [mem 0xedf00000-0xedf00fff]
[    0.801547] pci 0000:03:00.0: PME# supported from D0 D3hot D3cold
[    0.802044] pci 0000:00:1c.1: PCI bridge to [bus 03]
[    0.802130] pci 0000:00:1c.1:   bridge window [io  0x3000-0x4fff]
[    0.802138] pci 0000:00:1c.1:   bridge window [mem 0xec000000-0xedffffff]
[    0.802149] pci 0000:00:1c.1:   bridge window [mem 0xe4000000-0xe40fffff 64bit pref]
[    0.802296] pci 0000:00:1c.2: PCI bridge to [bus 04-0b]
[    0.802383] pci 0000:00:1c.2:   bridge window [io  0x5000-0x6fff]
[    0.802391] pci 0000:00:1c.2:   bridge window [mem 0xe8000000-0xe9ffffff]
[    0.802402] pci 0000:00:1c.2:   bridge window [mem 0xe4100000-0xe41fffff 64bit pref]
[    0.802550] pci 0000:00:1c.3: PCI bridge to [bus 0c-13]
[    0.802637] pci 0000:00:1c.3:   bridge window [io  0x7000-0x8fff]
[    0.802645] pci 0000:00:1c.3:   bridge window [mem 0xea000000-0xebffffff]
[    0.802656] pci 0000:00:1c.3:   bridge window [mem 0xe4200000-0xe42fffff 64bit pref]
[    0.802700] pci_bus 0000:15: extended config space not accessible
[    0.802895] pci 0000:15:00.0: [1180:0476] type 02 class 0x060700
[    0.802928] pci 0000:15:00.0: reg 0x10: [mem 0xe4300000-0xe4300fff]
[    0.802999] pci 0000:15:00.0: supports D1 D2
[    0.803003] pci 0000:15:00.0: PME# supported from D0 D1 D2 D3hot D3cold
[    0.803259] pci 0000:15:00.1: [1180:0552] type 00 class 0x0c0010
[    0.803289] pci 0000:15:00.1: reg 0x10: [mem 0xe4301000-0xe43017ff]
[    0.803433] pci 0000:15:00.1: PME# supported from D0 D3hot D3cold
[    0.803640] pci 0000:15:00.2: [1180:0822] type 00 class 0x080500
[    0.803669] pci 0000:15:00.2: reg 0x10: [mem 0xe4301800-0xe43018ff]
[    0.803814] pci 0000:15:00.2: supports D1 D2
[    0.803818] pci 0000:15:00.2: PME# supported from D0 D1 D2 D3hot D3cold
[    0.804091] pci 0000:00:1e.0: PCI bridge to [bus 15-18] (subtractive decode)
[    0.804187] pci 0000:00:1e.0:   bridge window [io  0x9000-0xcfff]
[    0.804195] pci 0000:00:1e.0:   bridge window [mem 0xe4300000-0xe7ffffff]
[    0.804206] pci 0000:00:1e.0:   bridge window [mem 0xe0000000-0xe3ffffff 64bit pref]
[    0.804212] pci 0000:00:1e.0:   bridge window [io  0x0000-0x0cf7 window] (subtractive decode)
[    0.804216] pci 0000:00:1e.0:   bridge window [io  0x0d00-0xffff window] (subtractive decode)
[    0.804222] pci 0000:00:1e.0:   bridge window [mem 0x000a0000-0x000bffff window] (subtractive decode)
[    0.804227] pci 0000:00:1e.0:   bridge window [mem 0x000d0000-0x000d3fff window] (subtractive decode)
[    0.804232] pci 0000:00:1e.0:   bridge window [mem 0x000d4000-0x000d7fff window] (subtractive decode)
[    0.804236] pci 0000:00:1e.0:   bridge window [mem 0x000d8000-0x000dbfff window] (subtractive decode)
[    0.804241] pci 0000:00:1e.0:   bridge window [mem 0xc0000000-0xfebfffff window] (subtractive decode)
[    0.804246] pci 0000:00:1e.0:   bridge window [mem 0xfed40000-0xfed40fff window] (subtractive decode)
[    0.804290] pci_bus 0000:16: extended config space not accessible
[    0.804472] pci_bus 0000:16: busn_res: [bus 16-18] end is updated to 17
[    0.804526] pci_bus 0000:00: on NUMA node 0
[    0.810953] ACPI: EC: interrupt unblocked
[    0.811065] ACPI: EC: event unblocked
[    0.811173] ACPI: \_SB_.PCI0.LPC_.EC__: GPE=0x1c, EC_CMD/EC_SC=0x66, EC_DATA=0x62
[    0.811270] ACPI: \_SB_.PCI0.LPC_.EC__: Boot DSDT EC used to handle transactions and events
[    0.811610] ACPI: \_SB_.PCI0.LPC_.EC__: GPE=0x1c, EC_CMD/EC_SC=0x66, EC_DATA=0x62
[    0.811707] ACPI: \_SB_.PCI0.LPC_.EC__: Boot ECDT EC used to handle transactions and events
[    0.811808] ------------[ cut here ]------------
[    0.811887] Could not request EC data io port 0x62
[    0.811924] WARNING: CPU: 0 PID: 1 at drivers/acpi/ec.c:1613 acpi_ec_add+0x22d/0x290
[    0.812096] Modules linked in:
[    0.812170] CPU: 0 PID: 1 Comm: swapper/0 Not tainted 5.0.0-rc4-next-20190131 #216
[    0.812264] Hardware name: LENOVO 17097HU/17097HU, BIOS 7BETD8WW (2.19 ) 03/31/2011
[    0.812360] EIP: acpi_ec_add+0x22d/0x290
[    0.812437] Code: 68 b0 27 f9 c4 e8 f3 54 c8 ff 0f 0b 58 5a e9 b9 fe ff ff 8d 76 00 8d bc 27 00 00 00 00 ff 73 0c 68 88 27 f9 c4 e8 d3 54 c8 ff <0f> 0b 59 5e e9 74 fe ff ff 8d 76 00 8d bc 27 00 00 00 00 68 35 2c
[    0.812616] EAX: 00000026 EBX: f1825200 ECX: 2f282e1d EDX: 00000000
[    0.812703] ESI: f1bb0000 EDI: 00000000 EBP: f1871db8 ESP: f1871d98
[    0.812791] DS: 007b ES: 007b FS: 00d8 GS: 00e0 SS: 0068 EFLAGS: 00210296
[    0.812882] CR0: 80050033 CR2: ffbff000 CR3: 05248000 CR4: 000006b0
[    0.812969] Call Trace:
[    0.813041]  ? sysfs_do_create_link_sd.isra.2+0x41/0xc0
[    0.813125]  acpi_device_probe+0x3c/0x1b0
[    0.813201]  ? acpi_device_probe+0x3c/0x1b0
[    0.813281]  ? driver_sysfs_add+0x52/0xb0
[    0.813358]  really_probe+0x1b5/0x3e0
[    0.813433]  driver_probe_device+0x129/0x1b0
[    0.813511]  ? driver_probe_device+0x129/0x1b0
[    0.813592]  ? klist_next+0x6c/0xe0
[    0.813667]  __device_attach_driver+0x7a/0x120
[    0.813745]  ? __device_attach_driver+0x7a/0x120
[    0.813825]  ? klist_next+0x6c/0xe0
[    0.813855]  bus_for_each_drv+0x52/0x90
[    0.813855]  ? driver_allows_async_probing+0x30/0x30
[    0.813855]  ? driver_allows_async_probing+0x30/0x30
[    0.813855]  ? bus_for_each_drv+0x52/0x90
[    0.813855]  __device_attach+0xc3/0x140
[    0.813855]  ? driver_allows_async_probing+0x30/0x30
[    0.813855]  device_attach+0xa/0x10
[    0.813855]  ? device_attach+0xa/0x10
[    0.813855]  acpi_bus_register_early_device+0x3e/0x60
[    0.813855]  acpi_ec_init+0x102/0x119
[    0.813855]  ? mutex_unlock+0xb/0x10
[    0.813855]  ? acpi_scan_init+0x1e3/0x1fd
[    0.813855]  acpi_init+0x298/0x2ea
[    0.813855]  ? acpi_init+0x298/0x2ea
[    0.813855]  ? acpi_sleep_proc_init+0x20/0x20
[    0.813855]  do_one_initcall+0x44/0x180
[    0.813855]  ? kernel_init_freeable+0xd3/0x16f
[    0.813855]  ? up_write+0x16/0x40
[    0.813855]  kernel_init_freeable+0xf5/0x16f
[    0.813855]  ? rest_init+0x100/0x100
[    0.813855]  kernel_init+0x8/0xf0
[    0.813855]  ret_from_fork+0x2e/0x38
[    0.813855] ---[ end trace 73fe3d01f3f466ee ]---
[    0.813863] ------------[ cut here ]------------
[    0.813942] Could not request EC cmd io port 0x66
[    0.813955] WARNING: CPU: 0 PID: 1 at drivers/acpi/ec.c:1615 acpi_ec_add+0x20d/0x290
[    0.814125] Modules linked in:
[    0.814198] CPU: 0 PID: 1 Comm: swapper/0 Tainted: G        W         5.0.0-rc4-next-20190131 #216
[    0.814312] Hardware name: LENOVO 17097HU/17097HU, BIOS 7BETD8WW (2.19 ) 03/31/2011
[    0.814407] EIP: acpi_ec_add+0x20d/0x290
[    0.814483] Code: 54 27 f9 c4 ff 33 68 47 60 f4 c4 e8 3d 2f ff ff 83 c4 10 e9 84 fe ff ff 90 8d 74 26 00 ff 73 08 68 b0 27 f9 c4 e8 f3 54 c8 ff <0f> 0b 58 5a e9 b9 fe ff ff 8d 76 00 8d bc 27 00 00 00 00 ff 73 0c
[    0.814661] EAX: 00000025 EBX: f1825200 ECX: 2f282e1d EDX: 00000000
[    0.814749] ESI: 00000062 EDI: 00000000 EBP: f1871db8 ESP: f1871d98
[    0.814837] DS: 007b ES: 007b FS: 00d8 GS: 00e0 SS: 0068 EFLAGS: 00210296
[    0.814927] CR0: 80050033 CR2: ffbff000 CR3: 05248000 CR4: 000006b0
[    0.815014] Call Trace:
[    0.815083]  ? sysfs_do_create_link_sd.isra.2+0x41/0xc0
[    0.815166]  acpi_device_probe+0x3c/0x1b0
[    0.815243]  ? acpi_device_probe+0x3c/0x1b0
[    0.815321]  ? driver_sysfs_add+0x52/0xb0
[    0.815398]  really_probe+0x1b5/0x3e0
[    0.815473]  driver_probe_device+0x129/0x1b0
[    0.815551]  ? driver_probe_device+0x129/0x1b0
[    0.815630]  ? klist_next+0x6c/0xe0
[    0.815705]  __device_attach_driver+0x7a/0x120
[    0.815783]  ? __device_attach_driver+0x7a/0x120
[    0.815863]  ? klist_next+0x6c/0xe0
[    0.815938]  bus_for_each_drv+0x52/0x90
[    0.816013]  ? driver_allows_async_probing+0x30/0x30
[    0.816095]  ? driver_allows_async_probing+0x30/0x30
[    0.816176]  ? bus_for_each_drv+0x52/0x90
[    0.816253]  __device_attach+0xc3/0x140
[    0.816329]  ? driver_allows_async_probing+0x30/0x30
[    0.816411]  device_attach+0xa/0x10
[    0.816485]  ? device_attach+0xa/0x10
[    0.816560]  acpi_bus_register_early_device+0x3e/0x60
[    0.816642]  acpi_ec_init+0x102/0x119
[    0.816718]  ? mutex_unlock+0xb/0x10
[    0.816792]  ? acpi_scan_init+0x1e3/0x1fd
[    0.817652]  acpi_init+0x298/0x2ea
[    0.817726]  ? acpi_init+0x298/0x2ea
[    0.817801]  ? acpi_sleep_proc_init+0x20/0x20
[    0.817855]  do_one_initcall+0x44/0x180
[    0.817855]  ? kernel_init_freeable+0xd3/0x16f
[    0.817855]  ? up_write+0x16/0x40
[    0.817855]  kernel_init_freeable+0xf5/0x16f
[    0.817855]  ? rest_init+0x100/0x100
[    0.817855]  kernel_init+0x8/0xf0
[    0.817855]  ret_from_fork+0x2e/0x38
[    0.817855] ---[ end trace 73fe3d01f3f466ef ]---
[    0.818280] pci 0000:00:02.0: vgaarb: setting as boot VGA device
[    0.818369] pci 0000:00:02.0: vgaarb: VGA device added: decodes=io+mem,owns=io+mem,locks=none
[    0.818507] pci 0000:00:02.0: vgaarb: bridge control possible
[    0.818589] vgaarb: loaded
[    0.819194] SCSI subsystem initialized
[    0.822240] libata version 3.00 loaded.
[    0.822451] ACPI: bus type USB registered
[    0.822656] usbcore: registered new interface driver usbfs
[    0.822803] usbcore: registered new interface driver hub
[    0.822946] usbcore: registered new device driver usb
[    0.823142] media: Linux media interface: v0.10
[    0.823274] videodev: Linux video capture interface: v2.00
[    0.823426] pps_core: LinuxPPS API ver. 1 registered
[    0.823505] pps_core: Software ver. 5.3.6 - Copyright 2005-2007 Rodolfo Giometti <giometti@linux.it>
[    0.823651] PTP clock support registered
[    0.824222] EDAC MC: Ver: 3.0.0
[    0.824581] Advanced Linux Sound Architecture Driver Initialized.
[    0.824581] PCI: Using ACPI for IRQ routing
[    0.828766] PCI: pci_cache_line_size set to 64 bytes
[    0.829096] e820: reserve RAM buffer [mem 0x0009f000-0x0009ffff]
[    0.829102] e820: reserve RAM buffer [mem 0xbf6d0000-0xbfffffff]
[    0.829783] Bluetooth: Core ver 2.22
[    0.829928] NET: Registered protocol family 31
[    0.830004] Bluetooth: HCI device and connection manager initialized
[    0.830101] Bluetooth: HCI socket layer initialized
[    0.830184] Bluetooth: L2CAP socket layer initialized
[    0.830284] Bluetooth: SCO socket layer initialized
[    0.831455] clocksource: Switched to clocksource hpet
[    0.831925] pnp: PnP ACPI init
[    0.833855] system 00:00: [mem 0x00000000-0x0009ffff] could not be reserved
[    0.833855] system 00:00: [mem 0x000c0000-0x000c3fff] could not be reserved
[    0.833855] system 00:00: [mem 0x000c4000-0x000c7fff] could not be reserved
[    0.833855] system 00:00: [mem 0x000c8000-0x000cbfff] has been reserved
[    0.833856] system 00:00: [mem 0x000cc000-0x000cffff] has been reserved
[    0.833969] system 00:00: [mem 0x000dc000-0x000dffff] could not be reserved
[    0.834065] system 00:00: [mem 0x000e0000-0x000e3fff] could not be reserved
[    0.834161] system 00:00: [mem 0x000e4000-0x000e7fff] could not be reserved
[    0.834257] system 00:00: [mem 0x000e8000-0x000ebfff] could not be reserved
[    0.834353] system 00:00: [mem 0x000ec000-0x000effff] could not be reserved
[    0.834448] system 00:00: [mem 0x000f0000-0x000fffff] could not be reserved
[    0.834546] system 00:00: [mem 0x00100000-0xbfffffff] could not be reserved
[    0.834643] system 00:00: [mem 0xfec00000-0xfed3ffff] could not be reserved
[    0.834739] system 00:00: [mem 0xfed41000-0xffffffff] could not be reserved
[    0.834903] system 00:00: Plug and Play ACPI device, IDs PNP0c01 (active)
[    0.835442] system 00:01: [io  0x164e-0x164f] has been reserved
[    0.835535] system 00:01: [io  0x1000-0x107f] has been reserved
[    0.835624] system 00:01: [io  0x1180-0x11bf] has been reserved
[    0.835713] system 00:01: [io  0x0800-0x080f] has been reserved
[    0.835802] system 00:01: [io  0x15e0-0x15ef] has been reserved
[    0.835892] system 00:01: [io  0x1600-0x165f] could not be reserved
[    0.835985] system 00:01: [mem 0xf0000000-0xf3ffffff] has been reserved
[    0.836077] system 00:01: [mem 0xfed1c000-0xfed1ffff] has been reserved
[    0.836170] system 00:01: [mem 0xfed14000-0xfed17fff] has been reserved
[    0.836263] system 00:01: [mem 0xfed18000-0xfed18fff] has been reserved
[    0.836356] system 00:01: [mem 0xfed19000-0xfed19fff] has been reserved
[    0.836483] system 00:01: Plug and Play ACPI device, IDs PNP0c02 (active)
[    0.836789] pnp 00:02: Plug and Play ACPI device, IDs PNP0b00 (active)
[    0.836926] pnp 00:03: Plug and Play ACPI device, IDs PNP0303 (active)
[    0.837066] pnp 00:04: Plug and Play ACPI device, IDs IBM3780 PNP0f13 (active)
[    0.837806] pnp 00:05: [dma 3]
[    0.838040] pnp 00:05: Plug and Play ACPI device, IDs IBM0071 PNP0511 (active)
[    0.838274] pnp 00:06: Plug and Play ACPI device, IDs ATM1200 PNP0c31 (active)
[    0.840591] pnp: PnP ACPI: found 7 devices
[    0.887224] clocksource: acpi_pm: mask: 0xffffff max_cycles: 0xffffff, max_idle_ns: 2085701024 ns
[    0.887376] pci 0000:00:1c.0: PCI bridge to [bus 02]
[    0.887459] pci 0000:00:1c.0:   bridge window [io  0x2000-0x2fff]
[    0.887549] pci 0000:00:1c.0:   bridge window [mem 0xee000000-0xee0fffff]
[    0.887648] pci 0000:00:1c.1: PCI bridge to [bus 03]
[    0.887729] pci 0000:00:1c.1:   bridge window [io  0x3000-0x4fff]
[    0.887819] pci 0000:00:1c.1:   bridge window [mem 0xec000000-0xedffffff]
[    0.887909] pci 0000:00:1c.1:   bridge window [mem 0xe4000000-0xe40fffff 64bit pref]
[    0.888010] pci 0000:00:1c.2: PCI bridge to [bus 04-0b]
[    0.888092] pci 0000:00:1c.2:   bridge window [io  0x5000-0x6fff]
[    0.888182] pci 0000:00:1c.2:   bridge window [mem 0xe8000000-0xe9ffffff]
[    0.888273] pci 0000:00:1c.2:   bridge window [mem 0xe4100000-0xe41fffff 64bit pref]
[    0.888372] pci 0000:00:1c.3: PCI bridge to [bus 0c-13]
[    0.888454] pci 0000:00:1c.3:   bridge window [io  0x7000-0x8fff]
[    0.888544] pci 0000:00:1c.3:   bridge window [mem 0xea000000-0xebffffff]
[    0.888635] pci 0000:00:1c.3:   bridge window [mem 0xe4200000-0xe42fffff 64bit pref]
[    0.888750] pci 0000:15:00.0: BAR 9: assigned [mem 0xe0000000-0xe3ffffff pref]
[    0.888845] pci 0000:15:00.0: BAR 10: assigned [mem 0xc0000000-0xc3ffffff]
[    0.888935] pci 0000:15:00.0: BAR 7: assigned [io  0x9000-0x90ff]
[    0.889020] pci 0000:15:00.0: BAR 8: assigned [io  0x9400-0x94ff]
[    0.889113] pci 0000:15:00.0: CardBus bridge to [bus 16-17]
[    0.889195] pci 0000:15:00.0:   bridge window [io  0x9000-0x90ff]
[    0.889284] pci 0000:15:00.0:   bridge window [io  0x9400-0x94ff]
[    0.889372] pci 0000:15:00.0:   bridge window [mem 0xe0000000-0xe3ffffff pref]
[    0.889465] pci 0000:15:00.0:   bridge window [mem 0xc0000000-0xc3ffffff]
[    0.889556] pci 0000:00:1e.0: PCI bridge to [bus 15-18]
[    0.889638] pci 0000:00:1e.0:   bridge window [io  0x9000-0xcfff]
[    0.889728] pci 0000:00:1e.0:   bridge window [mem 0xe4300000-0xe7ffffff]
[    0.889818] pci 0000:00:1e.0:   bridge window [mem 0xe0000000-0xe3ffffff 64bit pref]
[    0.889937] pci_bus 0000:00: resource 4 [io  0x0000-0x0cf7 window]
[    0.889941] pci_bus 0000:00: resource 5 [io  0x0d00-0xffff window]
[    0.889945] pci_bus 0000:00: resource 6 [mem 0x000a0000-0x000bffff window]
[    0.889950] pci_bus 0000:00: resource 7 [mem 0x000d0000-0x000d3fff window]
[    0.889954] pci_bus 0000:00: resource 8 [mem 0x000d4000-0x000d7fff window]
[    0.889958] pci_bus 0000:00: resource 9 [mem 0x000d8000-0x000dbfff window]
[    0.889962] pci_bus 0000:00: resource 10 [mem 0xc0000000-0xfebfffff window]
[    0.889966] pci_bus 0000:00: resource 11 [mem 0xfed40000-0xfed40fff window]
[    0.889970] pci_bus 0000:02: resource 0 [io  0x2000-0x2fff]
[    0.889974] pci_bus 0000:02: resource 1 [mem 0xee000000-0xee0fffff]
[    0.889979] pci_bus 0000:03: resource 0 [io  0x3000-0x4fff]
[    0.889983] pci_bus 0000:03: resource 1 [mem 0xec000000-0xedffffff]
[    0.889987] pci_bus 0000:03: resource 2 [mem 0xe4000000-0xe40fffff 64bit pref]
[    0.889991] pci_bus 0000:04: resource 0 [io  0x5000-0x6fff]
[    0.889995] pci_bus 0000:04: resource 1 [mem 0xe8000000-0xe9ffffff]
[    0.889999] pci_bus 0000:04: resource 2 [mem 0xe4100000-0xe41fffff 64bit pref]
[    0.890003] pci_bus 0000:0c: resource 0 [io  0x7000-0x8fff]
[    0.890007] pci_bus 0000:0c: resource 1 [mem 0xea000000-0xebffffff]
[    0.890011] pci_bus 0000:0c: resource 2 [mem 0xe4200000-0xe42fffff 64bit pref]
[    0.890016] pci_bus 0000:15: resource 0 [io  0x9000-0xcfff]
[    0.890020] pci_bus 0000:15: resource 1 [mem 0xe4300000-0xe7ffffff]
[    0.890024] pci_bus 0000:15: resource 2 [mem 0xe0000000-0xe3ffffff 64bit pref]
[    0.890028] pci_bus 0000:15: resource 4 [io  0x0000-0x0cf7 window]
[    0.890032] pci_bus 0000:15: resource 5 [io  0x0d00-0xffff window]
[    0.890036] pci_bus 0000:15: resource 6 [mem 0x000a0000-0x000bffff window]
[    0.890040] pci_bus 0000:15: resource 7 [mem 0x000d0000-0x000d3fff window]
[    0.890044] pci_bus 0000:15: resource 8 [mem 0x000d4000-0x000d7fff window]
[    0.890048] pci_bus 0000:15: resource 9 [mem 0x000d8000-0x000dbfff window]
[    0.890052] pci_bus 0000:15: resource 10 [mem 0xc0000000-0xfebfffff window]
[    0.890056] pci_bus 0000:15: resource 11 [mem 0xfed40000-0xfed40fff window]
[    0.890060] pci_bus 0000:16: resource 0 [io  0x9000-0x90ff]
[    0.890064] pci_bus 0000:16: resource 1 [io  0x9400-0x94ff]
[    0.890068] pci_bus 0000:16: resource 2 [mem 0xe0000000-0xe3ffffff pref]
[    0.890072] pci_bus 0000:16: resource 3 [mem 0xc0000000-0xc3ffffff]
[    0.890523] NET: Registered protocol family 2
[    0.891770] tcp_listen_portaddr_hash hash table entries: 512 (order: 2, 20480 bytes)
[    0.891921] TCP established hash table entries: 8192 (order: 3, 32768 bytes)
[    0.892086] TCP bind hash table entries: 8192 (order: 6, 294912 bytes)
[    0.892628] TCP: Hash tables configured (established 8192 bind 8192)
[    0.893049] UDP hash table entries: 512 (order: 3, 40960 bytes)
[    0.893204] UDP-Lite hash table entries: 512 (order: 3, 40960 bytes)
[    0.893509] NET: Registered protocol family 1
[    0.894251] RPC: Registered named UNIX socket transport module.
[    0.894340] RPC: Registered udp transport module.
[    0.894420] RPC: Registered tcp transport module.
[    0.894501] RPC: Registered tcp NFSv4.1 backchannel transport module.
[    0.895126] pci 0000:00:02.0: Video device with shadowed ROM at [mem 0x000c0000-0x000dffff]
[    0.899228] PCI: CLS mismatch (64 != 32), using 64 bytes
[    0.899359] PCI-DMA: Using software bounce buffering for IO (SWIOTLB)
[    0.899446] software IO TLB: mapped [mem 0x31d00000-0x35d00000] (64MB)
[    0.902156] Initialise system trusted keyrings
[    0.902633] workingset: timestamp_bits=30 max_order=20 bucket_order=0
[    0.904635] Installing knfsd (copyright (C) 1996 okir@monad.swb.de).
[    0.905125] ntfs: driver 2.1.32 [Flags: R/W].
[    0.905433] fuse init (API version 7.29)
[    0.914047] Key type asymmetric registered
[    0.914135] Asymmetric key parser 'x509' registered
[    0.914345] bounce: pool size: 64 pages
[    0.914502] Block layer SCSI generic (bsg) driver version 0.4 loaded (major 249)
[    0.914603] io scheduler mq-deadline registered
[    0.914732] io scheduler bfq registered
[    0.917240] intel_idle: does not run on family 6 model 14
[    0.917703] ACPI: Deprecated procfs I/F for AC is loaded, please retry with CONFIG_ACPI_PROCFS_POWER cleared
[    0.918019] ACPI: AC Adapter [AC] (on-line)
[    0.918394] input: Lid Switch as /devices/LNXSYSTM:00/LNXSYBUS:00/PNP0C0D:00/input/input0
[    0.918669] ACPI: Lid Switch [LID]
[    0.918950] input: Sleep Button as /devices/LNXSYSTM:00/LNXSYBUS:00/PNP0C0E:00/input/input1
[    0.919111] ACPI: Sleep Button [SLPB]
[    0.919427] input: Power Button as /devices/LNXSYSTM:00/LNXPWRBN:00/input/input2
[    0.919572] ACPI: Power Button [PWRF]
[    0.920078] ACPI: Video Device [VID] (multi-head: yes  rom: no  post: no)
[    0.927831] acpi device:01: registered as cooling_device0
[    0.928300] input: Video Bus as /devices/LNXSYSTM:00/LNXSYBUS:00/PNP0A08:00/LNXVIDEO:00/input/input3
[    0.944526] thermal LNXTHERM:00: registered as thermal_zone0
[    0.944615] ACPI: Thermal Zone [THM0] (39 C)
[    0.948406] thermal LNXTHERM:01: registered as thermal_zone1
[    0.948493] ACPI: Thermal Zone [THM1] (40 C)
[    0.949413] Serial: 8250/16550 driver, 4 ports, IRQ sharing disabled
[    0.950701] serial8250: ttyS1 at I/O 0x2f8 (irq = 3, base_baud = 921600) is a NS16550A
[    0.952515] lp: driver loaded but no devices found
[    0.952771] Non-volatile memory driver v1.3
[    0.953256] intel_rng: FWH not detected
[    0.953450] Linux agpgart interface v0.103
[    0.954306] [drm] radeon kernel modesetting enabled.
[    0.955497] pci 0000:00:00.0: Intel 945GM Chipset
[    0.955625] pci 0000:00:00.0: detected gtt size: 262144K total, 262144K mappable
[    0.956333] pci 0000:00:00.0: detected 8192K stolen memory
[    0.956539] [drm] Replacing VGA console driver
[    0.957881] Console: switching to colour dummy device 80x25
[    0.959816] [drm] Supports vblank timestamp caching Rev 2 (21.10.2013).
[    0.959853] [drm] Driver supports precise vblank timestamp query.
[    0.959898] resource sanity check: requesting [mem 0x000c0000-0x000dffff], which spans more than pnp 00:00 [mem 0x000c8000-0x000cbfff]
[    0.959966] caller pci_map_rom+0x67/0x1d0 mapping multiple BARs
[    0.961679] i915 0000:00:02.0: vgaarb: changed VGA decodes: olddecodes=io+mem,decodes=io+mem:owns=io+mem
[    0.981255] battery: ACPI: Deprecated procfs I/F for battery is loaded, please retry with CONFIG_ACPI_PROCFS_POWER cleared
[    0.981334] battery: ACPI: Battery Slot [BAT0] (battery present)
[    1.017944] random: fast init done
[    1.043832] [drm] RC6 disabled, disabling runtime PM support
[    1.044065] [drm] Initialized overlay support.
[    1.045695] [drm] Initialized i915 1.6.0 20190129 for 0000:00:02.0 on minor 0
[    1.046759] usbcore: registered new interface driver udl
[    1.060079] loop: module loaded
[    1.068820] fbcon: inteldrmfb (fb0) is primary device
[    1.083748] ahci 0000:00:1f.2: version 3.0
[    1.084505] ahci 0000:00:1f.2: AHCI 0001.0100 32 slots 4 ports 1.5 Gbps 0x1 impl SATA mode
[    1.084511] ahci 0000:00:1f.2: flags: 64bit ncq pm led clo pio slum part 
[    1.087009] scsi host0: ahci
[    1.087718] scsi host1: ahci
[    1.088340] scsi host2: ahci
[    1.088928] scsi host3: ahci
[    1.089318] ata1: SATA max UDMA/133 abar m1024@0xee444400 port 0xee444500 irq 16
[    1.089320] ata2: DUMMY
[    1.089322] ata3: DUMMY
[    1.089324] ata4: DUMMY
[    1.089511] ata_piix 0000:00:1f.1: version 2.13
[    1.092444] scsi host4: ata_piix
[    1.093508] scsi host5: ata_piix
[    1.093741] ata5: PATA max UDMA/100 cmd 0x1f0 ctl 0x3f6 bmdma 0x1810 irq 14
[    1.093744] ata6: PATA max UDMA/100 cmd 0x170 ctl 0x376 bmdma 0x1818 irq 15
[    1.095205] tun: Universal TUN/TAP device driver, 1.6
[    1.095725] e1000e: Intel(R) PRO/1000 Network Driver - 3.2.6-k
[    1.095727] e1000e: Copyright(c) 1999 - 2015 Intel Corporation.
[    1.095842] e1000e 0000:02:00.0: Disabling ASPM  L1
[    1.095845] e1000e 0000:02:00.0: can't disable ASPM; OS doesn't have ASPM control
[    1.096251] e1000e 0000:02:00.0: Interrupt Throttling Rate (ints/sec) set to dynamic conservative mode
[    1.096572] ata6: port disabled--ignoring
[    1.226736] e1000e 0000:02:00.0 eth0: (PCI Express:2.5GT/s:Width x1) 00:16:d3:25:19:04
[    1.226740] e1000e 0000:02:00.0 eth0: Intel(R) PRO/1000 Network Connection
[    1.226819] e1000e 0000:02:00.0 eth0: MAC: 2, PHY: 2, PBA No: 005302-003
[    1.227098] PPP generic driver version 2.4.2
[    1.227362] PPP BSD Compression module registered
[    1.227365] PPP Deflate Compression module registered
[    1.227368] SLIP: version 0.8.4-NET3.019-NEWTTY (dynamic channels, max=256).
[    1.227369] CSLIP: code copyright 1989 Regents of the University of California.
[    1.227454] iwl3945: Intel(R) PRO/Wireless 3945ABG/BG Network Connection driver for Linux, in-tree:ds
[    1.227455] iwl3945: Copyright(c) 2003-2011 Intel Corporation
[    1.227457] iwl3945: hw_scan is disabled
[    1.227682] iwl3945 0000:03:00.0: can't disable ASPM; OS doesn't have ASPM control
[    1.282646] iwl3945 0000:03:00.0: Tunable channels: 11 802.11bg, 13 802.11a channels
[    1.282650] iwl3945 0000:03:00.0: Detected Intel Wireless WiFi Link 3945ABG
[    1.283544] ieee80211 phy0: Selected rate control algorithm 'iwl-3945-rs'
[    1.284473] Intel(R) Wireless WiFi driver for Linux
[    1.284475] Copyright(c) 2003- 2015 Intel Corporation
[    1.284724] usbcore: registered new interface driver ax88179_178a
[    1.284776] usbcore: registered new interface driver cdc_ether
[    1.284819] usbcore: registered new interface driver net1080
[    1.284866] usbcore: registered new interface driver cdc_subset
[    1.284908] usbcore: registered new interface driver zaurus
[    1.284963] usbcore: registered new interface driver cdc_ncm
[    1.285005] usbcore: registered new interface driver aqc111
[    1.285090] pci 0000:00:1e.0: enabling device (0005 -> 0007)
[    1.285316] yenta_cardbus 0000:15:00.0: CardBus bridge found [17aa:201c]
[    1.413956] ata1: SATA link up 1.5 Gbps (SStatus 113 SControl 300)
[    1.521384] ata1.00: ACPI cmd ef/02:00:00:00:00:a0 (SET FEATURES) succeeded
[    1.521389] ata1.00: ACPI cmd f5/00:00:00:00:00:a0 (SECURITY FREEZE LOCK) filtered out
[    1.521393] ata1.00: ACPI cmd ef/10:03:00:00:00:a0 (SET FEATURES) filtered out
[    1.565337] ata1.00: ATA-9: ST1000LM014-1EJ164, SM11, max UDMA/133
[    1.565341] ata1.00: 1953525168 sectors, multi 16: LBA48 NCQ (depth 32), AA
[    1.610118] ata1.00: ACPI cmd ef/02:00:00:00:00:a0 (SET FEATURES) succeeded
[    1.610123] ata1.00: ACPI cmd f5/00:00:00:00:00:a0 (SECURITY FREEZE LOCK) filtered out
[    1.610127] ata1.00: ACPI cmd ef/10:03:00:00:00:a0 (SET FEATURES) filtered out
[    1.654111] ata1.00: configured for UDMA/133
[    1.749074] Console: switching to colour frame buffer device 102x42
[    1.872188] i915 0000:00:02.0: fb0: inteldrmfb frame buffer device
[    1.875577] scsi 0:0:0:0: Direct-Access     ATA      ST1000LM014-1EJ1 SM11 PQ: 0 ANSI: 5
[    1.879197] sd 0:0:0:0: [sda] 1953525168 512-byte logical blocks: (1.00 TB/932 GiB)
[    1.879274] sd 0:0:0:0: Attached scsi generic sg0 type 0
[    1.881686] sd 0:0:0:0: [sda] 4096-byte physical blocks
[    1.886781] sd 0:0:0:0: [sda] Write Protect is off
[    1.889182] sd 0:0:0:0: [sda] Mode Sense: 00 3a 00 00
[    1.889314] sd 0:0:0:0: [sda] Write cache: enabled, read cache: enabled, doesn't support DPO or FUA
[    1.893791]  sda: sda1 sda2 sda3 sda4
[    1.898883] sd 0:0:0:0: [sda] Attached SCSI disk
[    2.034736] yenta_cardbus 0000:15:00.0: ISA IRQ mask 0x0cb8, PCI irq 16
[    2.037248] yenta_cardbus 0000:15:00.0: Socket status: 30000006
[    2.039722] yenta_cardbus 0000:15:00.0: pcmcia: parent PCI bridge window: [io  0x9000-0xcfff]
[    2.042179] yenta_cardbus 0000:15:00.0: pcmcia: parent PCI bridge window: [mem 0xe4300000-0xe7ffffff]
[    2.044613] pcmcia_socket pcmcia_socket0: cs: memory probe 0xe4300000-0xe7ffffff:
[    2.047068]  excluding 0xe4300000-0xe46cffff
[    2.049519] yenta_cardbus 0000:15:00.0: pcmcia: parent PCI bridge window: [mem 0xe0000000-0xe3ffffff 64bit pref]
[    2.052103] pcmcia_socket pcmcia_socket0: cs: memory probe 0xe0000000-0xe3ffffff:
[    2.054734]  excluding 0xe0000000-0xe3ffffff
[    2.058348] ehci_hcd: USB 2.0 'Enhanced' Host Controller (EHCI) Driver
[    2.060941] ehci-pci: EHCI PCI platform driver
[    2.064076] ehci-pci 0000:00:1d.7: EHCI Host Controller
[    2.067045] ehci-pci 0000:00:1d.7: new USB bus registered, assigned bus number 1
[    2.069848] ehci-pci 0000:00:1d.7: debug port 1
[    2.076609] ehci-pci 0000:00:1d.7: cache line size of 64 is not supported
[    2.076667] ehci-pci 0000:00:1d.7: irq 19, io mem 0xee444000
[    2.093987] ehci-pci 0000:00:1d.7: USB 2.0 started, EHCI 1.00
[    2.097334] usb usb1: New USB device found, idVendor=1d6b, idProduct=0002, bcdDevice= 5.00
[    2.100288] usb usb1: New USB device strings: Mfr=3, Product=2, SerialNumber=1
[    2.103204] usb usb1: Product: EHCI Host Controller
[    2.106067] usb usb1: Manufacturer: Linux 5.0.0-rc4-next-20190131 ehci_hcd
[    2.108924] usb usb1: SerialNumber: 0000:00:1d.7
[    2.112488] hub 1-0:1.0: USB hub found
[    2.115707] hub 1-0:1.0: 8 ports detected
[    2.120518] ohci_hcd: USB 1.1 'Open' Host Controller (OHCI) Driver
[    2.123303] ohci-pci: OHCI PCI platform driver
[    2.126096] uhci_hcd: USB Universal Host Controller Interface driver
[    2.129335] uhci_hcd 0000:00:1d.0: UHCI Host Controller
[    2.132340] uhci_hcd 0000:00:1d.0: new USB bus registered, assigned bus number 2
[    2.135145] uhci_hcd 0000:00:1d.0: detected 2 ports
[    2.137848] uhci_hcd 0000:00:1d.0: irq 16, io base 0x00001820
[    2.140972] usb usb2: New USB device found, idVendor=1d6b, idProduct=0001, bcdDevice= 5.00
[    2.143729] usb usb2: New USB device strings: Mfr=3, Product=2, SerialNumber=1
[    2.146499] usb usb2: Product: UHCI Host Controller
[    2.149216] usb usb2: Manufacturer: Linux 5.0.0-rc4-next-20190131 uhci_hcd
[    2.151959] usb usb2: SerialNumber: 0000:00:1d.0
[    2.155189] hub 2-0:1.0: USB hub found
[    2.157950] hub 2-0:1.0: 2 ports detected
[    2.161612] uhci_hcd 0000:00:1d.1: UHCI Host Controller
[    2.164485] uhci_hcd 0000:00:1d.1: new USB bus registered, assigned bus number 3
[    2.167176] uhci_hcd 0000:00:1d.1: detected 2 ports
[    2.169800] uhci_hcd 0000:00:1d.1: irq 17, io base 0x00001840
[    2.172777] usb usb3: New USB device found, idVendor=1d6b, idProduct=0001, bcdDevice= 5.00
[    2.175425] usb usb3: New USB device strings: Mfr=3, Product=2, SerialNumber=1
[    2.177985] usb usb3: Product: UHCI Host Controller
[    2.180400] usb usb3: Manufacturer: Linux 5.0.0-rc4-next-20190131 uhci_hcd
[    2.182840] usb usb3: SerialNumber: 0000:00:1d.1
[    2.185833] hub 3-0:1.0: USB hub found
[    2.188313] hub 3-0:1.0: 2 ports detected
[    2.191852] uhci_hcd 0000:00:1d.2: UHCI Host Controller
[    2.194442] uhci_hcd 0000:00:1d.2: new USB bus registered, assigned bus number 4
[    2.196822] uhci_hcd 0000:00:1d.2: detected 2 ports
[    2.199245] uhci_hcd 0000:00:1d.2: irq 18, io base 0x00001860
[    2.202095] usb usb4: New USB device found, idVendor=1d6b, idProduct=0001, bcdDevice= 5.00
[    2.204517] usb usb4: New USB device strings: Mfr=3, Product=2, SerialNumber=1
[    2.206949] usb usb4: Product: UHCI Host Controller
[    2.209294] usb usb4: Manufacturer: Linux 5.0.0-rc4-next-20190131 uhci_hcd
[    2.211691] usb usb4: SerialNumber: 0000:00:1d.2
[    2.214655] hub 4-0:1.0: USB hub found
[    2.217089] hub 4-0:1.0: 2 ports detected
[    2.220574] uhci_hcd 0000:00:1d.3: UHCI Host Controller
[    2.223213] uhci_hcd 0000:00:1d.3: new USB bus registered, assigned bus number 5
[    2.225594] uhci_hcd 0000:00:1d.3: detected 2 ports
[    2.227973] uhci_hcd 0000:00:1d.3: irq 19, io base 0x00001880
[    2.230710] usb usb5: New USB device found, idVendor=1d6b, idProduct=0001, bcdDevice= 5.00
[    2.233113] usb usb5: New USB device strings: Mfr=3, Product=2, SerialNumber=1
[    2.235520] usb usb5: Product: UHCI Host Controller
[    2.237927] usb usb5: Manufacturer: Linux 5.0.0-rc4-next-20190131 uhci_hcd
[    2.240299] usb usb5: SerialNumber: 0000:00:1d.3
[    2.243228] hub 5-0:1.0: USB hub found
[    2.245619] hub 5-0:1.0: 2 ports detected
[    2.248851] usbcore: registered new interface driver cdc_acm
[    2.251128] cdc_acm: USB Abstract Control Model driver for USB modems and ISDN adapters
[    2.253533] usbcore: registered new interface driver usblp
[    2.255991] usbcore: registered new interface driver usb-storage
[    2.258376] usbcore: registered new interface driver ums-sddr09
[    2.260797] usbcore: registered new interface driver usbserial_generic
[    2.263141] usbserial: USB Serial support registered for generic
[    2.265485] usbcore: registered new interface driver ch341
[    2.267773] usbserial: USB Serial support registered for ch341-uart
[    2.270096] usbcore: registered new interface driver ftdi_sio
[    2.272366] usbserial: USB Serial support registered for FTDI USB Serial Device
[    2.274780] usbcore: registered new interface driver option
[    2.277093] usbserial: USB Serial support registered for GSM modem (1-port)
[    2.279580] usbcore: registered new interface driver pl2303
[    2.281993] usbserial: USB Serial support registered for pl2303
[    2.284432] usbcore: registered new interface driver ti_usb_3410_5052
[    2.286879] usbserial: USB Serial support registered for TI USB 3410 1 port adapter
[    2.289365] usbserial: USB Serial support registered for TI USB 5052 2 port adapter
[    2.291814] ftdi_elan: driver ftdi-elan
[    2.291875] usbcore: registered new interface driver ftdi-elan
[    2.296737] i8042: PNP: PS/2 Controller [PNP0303:KBD,PNP0f13:MOU] at 0x60,0x64 irq 1,12
[    2.309433] serio: i8042 KBD port at 0x60,0x64 irq 1
[    2.311894] serio: i8042 AUX port at 0x60,0x64 irq 12
[    2.315069] mousedev: PS/2 mouse device common for all mice
[    2.318537] input: PC Speaker as /devices/platform/pcspkr/input/input4
[    2.321768] rtc_cmos 00:02: RTC can wake from S4
[    2.324769] rtc_cmos 00:02: registered as rtc0
[    2.327382] rtc_cmos 00:02: alarms up to one month, y3k, 114 bytes nvram, hpet irqs
[    2.330032] usbcore: registered new interface driver uvcvideo
[    2.332513] USB Video Class driver (1.1.1)
[    2.334941] gspca_main: v2.14.0 registered
[    2.337390] usbcore: registered new interface driver sq930x
[    2.341072] device-mapper: ioctl: 4.39.0-ioctl (2018-04-03) initialised: dm-devel@redhat.com
[    2.343603] Bluetooth: HCI UART driver ver 2.3
[    2.346145] Bluetooth: HCI UART protocol H4 registered
[    2.348594] Bluetooth: HCI UART protocol BCSP registered
[    2.351183] usbcore: registered new interface driver btusb
[    2.353771] sdhci: Secure Digital Host Controller Interface driver
[    2.356231] sdhci: Copyright(c) Pierre Ossman
[    2.358680] sdhci-pci 0000:15:00.2: SDHCI controller found [1180:0822] (rev 18)
[    2.361518] sdhci-pci 0000:15:00.2: Will use DMA mode even though HW doesn't fully claim to support it.
[    2.364635] mmc0 bounce up to 128 segments into one, max segment size 65536 bytes
[    2.367347] sdhci-pci 0000:15:00.2: Will use DMA mode even though HW doesn't fully claim to support it.
[    2.370678] mmc0: SDHCI controller on PCI [0000:15:00.2] using DMA
[    2.373017] input: AT Translated Set 2 keyboard as /devices/platform/i8042/serio0/input/input5
[    2.373628] hidraw: raw HID events driver (C) Jiri Kosina
[    2.380573] usbcore: registered new interface driver usbhid
[    2.383396] usbhid: USB HID core driver
[    2.387581] thinkpad_acpi: ThinkPad ACPI Extras v0.26
[    2.390349] thinkpad_acpi: http://ibm-acpi.sf.net/
[    2.393029] thinkpad_acpi: ThinkPad BIOS 7BETD8WW (2.19 ), EC 7BHT40WW-1.13
[    2.395755] thinkpad_acpi: Lenovo ThinkPad X60, model 17097HU
[    2.404425] thinkpad_acpi: ACPI backlight control delay disabled
[    2.407888] thinkpad_acpi: radio switch found; radios are enabled
[    2.410660] thinkpad_acpi: This ThinkPad has standard ACPI backlight brightness control, supported by the ACPI video driver
[    2.416223] thinkpad_acpi: Disabling thinkpad-acpi brightness events by default...
[    2.430320] thinkpad_acpi: rfkill switch tpacpi_bluetooth_sw: radio is unblocked
[    2.435974] thinkpad_acpi: warning: userspace override of important firmware LEDs is enabled
[    2.444094] thinkpad_acpi: Standard ACPI backlight interface available, not loading native one
[    2.447311] thinkpad_acpi: volume: disabled as there is no ALSA support in this kernel
[    2.451362] thinkpad_acpi: battery 1 registered (start 0, stop 0)
[    2.451371] battery: new extension: ThinkPad Battery Extension
[    2.457400] input: ThinkPad Extra Buttons as /devices/platform/thinkpad_acpi/input/input8
[    2.463440] sdhci-pci 0000:15:00.2: Will use DMA mode even though HW doesn't fully claim to support it.
[    2.464626] snd_hda_intel 0000:00:1b.0: probe_mask set to 0x1 for device 17aa:2010
[    2.470335] usbcore: registered new interface driver snd-usb-audio
[    2.475561] NET: Registered protocol family 17
[    2.479006] Bluetooth: RFCOMM TTY layer initialized
[    2.482062] Bluetooth: RFCOMM socket layer initialized
[    2.485033] Bluetooth: RFCOMM ver 1.11
[    2.487993] Bluetooth: BNEP (Ethernet Emulation) ver 1.3
[    2.490994] Bluetooth: BNEP filters: protocol multicast
[    2.493986] Bluetooth: BNEP socket layer initialized
[    2.496986] Bluetooth: HIDP (Human Interface Emulation) ver 1.2
[    2.499946] Bluetooth: HIDP socket layer initialized
[    2.503234] microcode: sig=0x6e8, pf=0x20, revision=0x39
[    2.506666] microcode: Microcode Update Driver: v2.2.
[    2.506671] Using IPI No-Shortcut mode
[    2.513357] Loading compiled-in X.509 certificates
[    2.517264] Key type encrypted registered
[    2.520928] rtc_cmos 00:02: setting system clock to 2019-02-02T00:32:57 UTC (1549067577)
[    2.527031] cfg80211: Loading compiled-in X.509 certificates for regulatory database
[    2.530818] snd_hda_codec_analog hdaudioC0D0: autoconfig for AD1981: line_outs=1 (0x5/0x0/0x0/0x0/0x0) type:speaker
[    2.532396] cfg80211: Loaded X.509 cert 'sforshee: 00b28ddf47aef9cea7'
[    2.536438] snd_hda_codec_analog hdaudioC0D0:    speaker_outs=0 (0x0/0x0/0x0/0x0/0x0)
[    2.536442] snd_hda_codec_analog hdaudioC0D0:    hp_outs=0 (0x0/0x0/0x0/0x0/0x0)
[    2.536446] snd_hda_codec_analog hdaudioC0D0:    mono: mono_out=0x0
[    2.539827] platform regulatory.0: Direct firmware load for regulatory.db failed with error -2
[    2.542428] snd_hda_codec_analog hdaudioC0D0:    inputs:
[    2.545309] cfg80211: failed to load regulatory.db
[    2.548187] snd_hda_codec_analog hdaudioC0D0:      Mic=0x8
[    2.548191] snd_hda_codec_analog hdaudioC0D0:      CD=0x19
[    2.562587] PM: Image not found (code -22)
[    2.562607] ALSA device list:
[    2.565334]   #0: HDA Intel at 0xee240000 irq 17
[    2.565381] sdhci-pci 0000:15:00.2: Will use DMA mode even though HW doesn't fully claim to support it.
[    2.650383] sdhci-pci 0000:15:00.2: Will use DMA mode even though HW doesn't fully claim to support it.
[    2.722370] sdhci-pci 0000:15:00.2: Will use DMA mode even though HW doesn't fully claim to support it.
[    2.741938] usb 5-1: new full-speed USB device number 2 using uhci_hcd
[    2.931288] usb 5-1: New USB device found, idVendor=0a5c, idProduct=2110, bcdDevice= 1.00
[    2.935896] usb 5-1: New USB device strings: Mfr=1, Product=2, SerialNumber=0
[    2.940353] usb 5-1: Product: BCM2045B
[    2.944659] usb 5-1: Manufacturer: Broadcom Corp
[    3.037829] psmouse serio1: trackpoint: IBM TrackPoint firmware: 0x0e, buttons: 3/3
[    3.059733] input: TPPS/2 IBM TrackPoint as /devices/platform/i8042/serio1/input/input7
[    3.069838] md: Waiting for all devices to be available before autodetect
[    3.074429] md: If you don't use raid, use raid=noautodetect
[    3.080082] md: Autodetecting RAID arrays.
[    3.083598] md: autorun ...
[    3.087044] md: ... autorun DONE.
[    3.096777] EXT4-fs (sda4): mounted filesystem with ordered data mode. Opts: (null)
[    3.099570] VFS: Mounted root (ext4 filesystem) readonly on device 8:4.
[    3.102876] devtmpfs: mounted
[    3.106387] Freeing unused kernel image memory: 640K
[    3.114145] Write protecting kernel text and read-only data: 17164k
[    3.116945] NX-protecting the kernel data: 8140k
[    3.120549] x86/mm: Checked W+X mappings: passed, no W+X pages found.
[    3.123601] rodata_test: all tests were successful
[    3.126335] x86/mm: Checking user space page tables
[    3.129012] x86/mm: Checked W+X mappings: passed, no W+X pages found.
[    3.131584] Run /sbin/init as init process
[    3.598178] random: systemd: uninitialized urandom read (16 bytes read)
[    3.603594] systemd[1]: systemd 215 running in system mode. (+PAM +AUDIT +SELINUX +IMA +SYSVINIT +LIBCRYPTSETUP +GCRYPT +ACL +XZ -SECCOMP -APPARMOR)
[    3.630211] systemd[1]: Detected architecture 'x86'.
[    3.697945] usb 5-2: new full-speed USB device number 3 using uhci_hcd
[    3.720304] systemd[1]: Failed to insert module 'ipv6'
[    3.731047] systemd[1]: Set hostname to <amd>.
[    3.867935] random: systemd-sysv-ge: uninitialized urandom read (16 bytes read)
[    3.899265] usb 5-2: New USB device found, idVendor=0483, idProduct=2016, bcdDevice= 0.01
[    3.903039] usb 5-2: New USB device strings: Mfr=1, Product=2, SerialNumber=0
[    3.906871] usb 5-2: Product: Biometric Coprocessor
[    3.910581] usb 5-2: Manufacturer: STMicroelectronics
[    4.271742] random: systemd-sysv-ge: uninitialized urandom read (16 bytes read)
[    4.833995] systemd[1]: Binding to IPv6 address not available since kernel does not support IPv6.
[    4.837787] systemd[1]: [/lib/systemd/system/gpsd.socket:6] Failed to parse address value, ignoring: [::1]:2947
[    4.849809] systemd[1]: Starting Forward Password Requests to Wall Directory Watch.
[    4.854363] systemd[1]: Started Forward Password Requests to Wall Directory Watch.
[    4.857258] systemd[1]: Starting Remote File Systems (Pre).
[    4.866159] systemd[1]: Reached target Remote File Systems (Pre).
[    5.373259] systemd-udevd[1888]: starting version 215
[    6.187566] random: crng init done
[    6.191299] random: 7 urandom warning(s) missed due to ratelimiting
[    6.450339] EXT4-fs (sda4): re-mounted. Opts: errors=remount-ro
[    6.797156] e1000e 0000:02:00.0 eth1: renamed from eth0
[    6.806248] systemd-udevd[2427]: renamed network interface eth0 to eth1
[    8.501556] Adding 2097148k swap on /dev/sda1.  Priority:-2 extents:1 across:2097148k 
[    8.734780] EXT4-fs (sda2): mounted filesystem with ordered data mode. Opts: errors=remount-ro
[    8.795737] systemd-journald[1883]: Received request to flush runtime journal from PID 1
[   18.749315] iwl3945 0000:03:00.0: loaded firmware version 15.32.2.9
[  116.451533] wlan0: authenticate with 5c:f4:ab:10:d2:bb
[  116.451853] wlan0: send auth to 5c:f4:ab:10:d2:bb (try 1/3)
[  116.453937] wlan0: authenticated
[  116.458041] wlan0: associate with 5c:f4:ab:10:d2:bb (try 1/3)
[  116.460880] wlan0: RX AssocResp from 5c:f4:ab:10:d2:bb (capab=0x411 status=0 aid=1)
[  116.463078] wlan0: associated
