[    0.000000] Linux version 4.15.0-rc8autobisect1514286372+ (pavel@duo) (gcc version 4.9.2 (Debian 4.9.2-10)) #500 SMP Fri Jan 19 12:30:47 CET 2018
[    0.000000] x86/fpu: x87 FPU will use FXSAVE
[    0.000000] e820: BIOS-provided physical RAM map:
[    0.000000] BIOS-e820: [mem 0x0000000000000000-0x000000000009efff] usable
[    0.000000] BIOS-e820: [mem 0x000000000009f000-0x000000000009ffff] reserved
[    0.000000] BIOS-e820: [mem 0x00000000000d2000-0x00000000000d3fff] reserved
[    0.000000] BIOS-e820: [mem 0x00000000000dc000-0x00000000000fffff] reserved
[    0.000000] BIOS-e820: [mem 0x0000000000100000-0x000000005ff5ffff] usable
[    0.000000] BIOS-e820: [mem 0x000000005ff60000-0x000000005ff76fff] ACPI data
[    0.000000] BIOS-e820: [mem 0x000000005ff77000-0x000000005ff78fff] ACPI NVS
[    0.000000] BIOS-e820: [mem 0x000000005ff80000-0x000000005fffffff] reserved
[    0.000000] BIOS-e820: [mem 0x00000000ff800000-0x00000000ffffffff] reserved
[    0.000000] Notice: NX (Execute Disable) protection missing in CPU!
[    0.000000] random: fast init done
[    0.000000] SMBIOS 2.3 present.
[    0.000000] DMI: IBM 2373G3U/2373G3U, BIOS 1RETDNWW (3.19 ) 10/13/2005
[    0.000000] e820: update [mem 0x00000000-0x00000fff] usable ==> reserved
[    0.000000] e820: remove [mem 0x000a0000-0x000fffff] usable
[    0.000000] e820: last_pfn = 0x5ff60 max_arch_pfn = 0x1000000
[    0.000000] MTRR default type: uncachable
[    0.000000] MTRR fixed ranges enabled:
[    0.000000]   00000-9FFFF write-back
[    0.000000]   A0000-BFFFF uncachable
[    0.000000]   C0000-CFFFF write-protect
[    0.000000]   D0000-DBFFF uncachable
[    0.000000]   DC000-DFFFF write-back
[    0.000000]   E0000-FFFFF write-protect
[    0.000000] MTRR variable ranges enabled:
[    0.000000]   0 base 000000000 mask FC0000000 write-back
[    0.000000]   1 base 040000000 mask FE0000000 write-back
[    0.000000]   2 base 05FF80000 mask FFFF80000 uncachable
[    0.000000]   3 disabled
[    0.000000]   4 disabled
[    0.000000]   5 disabled
[    0.000000]   6 disabled
[    0.000000]   7 disabled
[    0.000000] x86/PAT: PAT not supported by CPU.
[    0.000000] x86/PAT: Configuration [0-7]: WB  WT  UC- UC  WB  WT  UC- UC  
[    0.000000] initial memory mapped: [mem 0x00000000-0x055fffff]
[    0.000000] Base memory trampoline at [(ptrval)] 9b000 size 16384
[    0.000000] BRK [0x05081000, 0x05081fff] PGTABLE
[    0.000000] BRK [0x05082000, 0x05082fff] PGTABLE
[    0.000000] ACPI: Early table checksum verification disabled
[    0.000000] ACPI: RSDP 0x00000000000F6D70 000024 (v02 IBM   )
[    0.000000] ACPI: XSDT 0x000000005FF6A6CD 00004C (v01 IBM    TP-1R    00003190  LTP 00000000)
[    0.000000] ACPI: FACP 0x000000005FF6A800 0000F4 (v03 IBM    TP-1R    00003190 IBM  00000001)
[    0.000000] ACPI BIOS Warning (bug): 32/64X length mismatch in FADT/Gpe0Block: 64/32 (20170831/tbfadt-603)
[    0.000000] ACPI BIOS Warning (bug): Optional FADT field Gpe1Block has valid Address but zero Length: 0x000000000000102C/0x0 (20170831/tbfadt-658)
[    0.000000] ACPI: DSDT 0x000000005FF6A9E7 00C4D5 (v01 IBM    TP-1R    00003190 MSFT 0100000E)
[    0.000000] ACPI: FACS 0x000000005FF78000 000040
[    0.000000] ACPI: FACS 0x000000005FF78000 000040
[    0.000000] ACPI: SSDT 0x000000005FF6A9B4 000033 (v01 IBM    TP-1R    00003190 MSFT 0100000E)
[    0.000000] ACPI: ECDT 0x000000005FF76EBC 000052 (v01 IBM    TP-1R    00003190 IBM  00000001)
[    0.000000] ACPI: TCPA 0x000000005FF76F0E 000032 (v01 IBM    TP-1R    00003190 PTL  00000001)
[    0.000000] ACPI: BOOT 0x000000005FF76FD8 000028 (v01 IBM    TP-1R    00003190  LTP 00000001)
[    0.000000] 647MB HIGHMEM available.
[    0.000000] 887MB LOWMEM available.
[    0.000000]   mapped low ram: 0 - 377fe000
[    0.000000]   low ram: 0 - 377fe000
[    0.000000] tsc: Fast TSC calibration using PIT
[    0.000000] BRK [0x05083000, 0x05083fff] PGTABLE
[    0.000000] Zone ranges:
[    0.000000]   DMA      [mem 0x0000000000001000-0x0000000000ffffff]
[    0.000000]   Normal   [mem 0x0000000001000000-0x00000000377fdfff]
[    0.000000]   HighMem  [mem 0x00000000377fe000-0x000000005ff5ffff]
[    0.000000] Movable zone start for each node
[    0.000000] Early memory node ranges
[    0.000000]   node   0: [mem 0x0000000000001000-0x000000000009efff]
[    0.000000]   node   0: [mem 0x0000000000100000-0x000000005ff5ffff]
[    0.000000] Initmem setup node 0 [mem 0x0000000000001000-0x000000005ff5ffff]
[    0.000000] On node 0 totalpages: 392958
[    0.000000]   DMA zone: 32 pages used for memmap
[    0.000000]   DMA zone: 0 pages reserved
[    0.000000]   DMA zone: 3998 pages, LIFO batch:0
[    0.000000]   Normal zone: 1744 pages used for memmap
[    0.000000]   Normal zone: 223230 pages, LIFO batch:31
[    0.000000]   HighMem zone: 165730 pages, LIFO batch:31
[    0.000000] Reserved but unavailable: 98 pages
[    0.000000] Using APIC driver default
[    0.000000] ACPI: PM-Timer IO Port: 0x1008
[    0.000000] Local APIC disabled by BIOS -- you can enable it with "lapic"
[    0.000000] APIC: disable apic facility
[    0.000000] APIC: switched to apic NOOP
[    0.000000] smpboot: Allowing 1 CPUs, 0 hotplug CPUs
[    0.000000] e820: [mem 0x60000000-0xff7fffff] available for PCI devices
[    0.000000] clocksource: refined-jiffies: mask: 0xffffffff max_cycles: 0xffffffff, max_idle_ns: 7645519600211568 ns
[    0.000000] setup_percpu: NR_CPUS:8 nr_cpumask_bits:8 nr_cpu_ids:1 nr_node_ids:1
[    0.000000] percpu: Embedded 28 pages/cpu @(ptrval) s82828 r0 d31860 u114688
[    0.000000] pcpu-alloc: s82828 r0 d31860 u114688 alloc=28*4096
[    0.000000] pcpu-alloc: [0] 0 
[    0.000000] Built 1 zonelists, mobility grouping on.  Total pages: 391182
[    0.000000] Kernel command line: BOOT_IMAGE=(hd0,2)/l/linux/arch/x86/boot/bzImage root=/dev/sda4 resume=/dev/sda1 thinkpad_acpi.fan_control=1
[    0.000000] Dentry cache hash table entries: 131072 (order: 7, 524288 bytes)
[    0.000000] Inode-cache hash table entries: 65536 (order: 6, 262144 bytes)
[    0.000000] Initializing CPU#0
[    0.000000] Initializing HighMem for node 0 (000377fe:0005ff60)
[    0.000000] Initializing Movable for node 0 (00000000:00000000)
[    0.000000] Memory: 1541656K/1571832K available (11175K kernel code, 553K rwdata, 3736K rodata, 564K init, 508K bss, 30176K reserved, 0K cma-reserved, 662920K highmem)
[    0.000000] virtual kernel memory layout:
    fixmap  : 0xfff18000 - 0xfffff000   ( 924 kB)
  cpu_entry : 0xffc00000 - 0xffd39000   (1252 kB)
    pkmap   : 0xff800000 - 0xffa00000   (2048 kB)
    vmalloc : 0xf7ffe000 - 0xff7fe000   ( 120 MB)
    lowmem  : 0xc0000000 - 0xf77fe000   ( 887 MB)
      .init : 0xc4f3e000 - 0xc4fcb000   ( 564 kB)
      .data : 0xc4ae9e28 - 0xc4f226c0   (4322 kB)
      .text : 0xc4000000 - 0xc4ae9e28   (11175 kB)
[    0.000000] Checking if this processor honours the WP bit even in supervisor mode...Ok.
[    0.000000] Kernel/User page tables isolation: enabled
[    0.000000] Hierarchical RCU implementation.
[    0.000000] 	RCU restricting CPUs from NR_CPUS=8 to nr_cpu_ids=1.
[    0.000000] RCU: Adjusting geometry for rcu_fanout_leaf=16, nr_cpu_ids=1
[    0.000000] NR_IRQS: 2304, nr_irqs: 24, preallocated irqs: 16
[    0.000000] CPU 0 irqstacks, hard=(ptrval) soft=(ptrval)
[    0.000000] Console: colour VGA+ 80x25
[    0.000000] console [tty0] enabled
[    0.000000] ACPI: Core revision 20170831
[    0.000000] ACPI: 2 ACPI AML tables successfully acquired and loaded
[    0.000000] ACPI: setting ELCR to 0200 (from 0800)
[    0.004000] APIC: Keep in PIC mode(8259)
[    0.004000] tsc: Fast TSC calibration using PIT
[    0.008000] tsc: Detected 1598.600 MHz processor
[    0.008000] Calibrating delay loop (skipped), value calculated using timer frequency.. 3197.20 BogoMIPS (lpj=6394400)
[    0.008000] pid_max: default: 32768 minimum: 301
[    0.012076] Mount-cache hash table entries: 2048 (order: 1, 8192 bytes)
[    0.012144] Mountpoint-cache hash table entries: 2048 (order: 1, 8192 bytes)
[    0.012548] Last level iTLB entries: 4KB 128, 2MB 0, 4MB 2
[    0.012607] Last level dTLB entries: 4KB 128, 2MB 0, 4MB 8, 1GB 0
[    0.012666] Spectre V2 mitigation: Vulnerable: Minimal generic ASM retpoline
[    0.030344] Freeing SMP alternatives memory: 44K
[    0.032137] smpboot: weird, boot CPU (#0) not listed by the BIOS
[    0.032196] smpboot: SMP disabled
[    0.032370] Performance Events: 
[    0.032374] no APIC, boot with the "lapic" boot parameter to force-enable it.
[    0.032484] no hardware sampling interrupt available.
[    0.032540] p6 PMU driver.
[    0.032596] ... version:                0
[    0.032650] ... bit width:              32
[    0.032704] ... generic registers:      2
[    0.032759] ... value mask:             00000000ffffffff
[    0.032814] ... max period:             000000007fffffff
[    0.032869] ... fixed-purpose events:   0
[    0.032923] ... event mask:             0000000000000003
[    0.033064] Hierarchical SRCU implementation.
[    0.037208] smp: Bringing up secondary CPUs ...
[    0.037267] smp: Brought up 1 node, 1 CPU
[    0.037322] smpboot: Max logical packages: 1
[    0.037379] smpboot: Total of 1 processors activated (3197.20 BogoMIPS)
[    0.037693] devtmpfs: initialized
[    0.038396] PM: Registering ACPI NVS region [mem 0x5ff77000-0x5ff78fff] (8192 bytes)
[    0.038546] clocksource: jiffies: mask: 0xffffffff max_cycles: 0xffffffff, max_idle_ns: 7645041785100000 ns
[    0.038620] futex hash table entries: 256 (order: 2, 16384 bytes)
[    0.038902] NET: Registered protocol family 16
[    0.039404] cpuidle: using governor ladder
[    0.039459] cpuidle: using governor menu
[    0.039704] Simple Boot Flag at 0x35 set to 0x80
[    0.039767] clocksource: pit: mask: 0xffffffff max_cycles: 0xffffffff, max_idle_ns: 1601818034827 ns
[    0.039842] ACPI: bus type PCI registered
[    0.040417] PCI: PCI BIOS revision 2.10 entry at 0xfd8d6, last bus=8
[    0.040474] PCI: Using configuration type 1 for base access
[    0.073041] ACPI: Added _OSI(Module Device)
[    0.073104] ACPI: Added _OSI(Processor Device)
[    0.073159] ACPI: Added _OSI(3.0 _SCP Extensions)
[    0.073215] ACPI: Added _OSI(Processor Aggregator Device)
[    0.073282] ACPI: EC: EC started
[    0.073335] ACPI: EC: interrupt blocked
[    0.074955] ACPI: \: Used as first EC
[    0.075012] ACPI: \: GPE=0x1c, EC_CMD/EC_SC=0x66, EC_DATA=0x62
[    0.075069] ACPI: \: Used as boot ECDT EC to handle transactions
[    0.095495] ACPI: Interpreter enabled
[    0.095586] ACPI: (supports S0 S3 S5)
[    0.095642] ACPI: Using PIC for interrupt routing
[    0.095731] PCI: Using host bridge windows from ACPI; if necessary, use "pci=nocrs" and report a bug
[    0.096178] ACPI: Enabled 1 GPEs in block 00 to 1F
[    0.102704] ACPI: Power Resource [PUBS] (on)
[    0.109566] acpi PNP0C0A:01: ACPI dock station (docks/bays count: 1)
[    0.111634] acpi LNXDOCK:00: ACPI dock station (docks/bays count: 2)
[    0.113573] acpi LNXIOBAY:00: ACPI dock station (docks/bays count: 3)
[    0.119651] ACPI: PCI Interrupt Link [LNKA] (IRQs 3 4 5 6 7 9 10 *11)
[    0.120028] ACPI: PCI Interrupt Link [LNKB] (IRQs 3 4 5 6 7 9 10 *11)
[    0.120383] ACPI: PCI Interrupt Link [LNKC] (IRQs 3 4 5 6 7 9 10 *11)
[    0.120737] ACPI: PCI Interrupt Link [LNKD] (IRQs 3 4 5 6 7 9 10 *11)
[    0.121013] ACPI: PCI Interrupt Link [LNKE] (IRQs 3 4 5 6 7 9 10 11) *0, disabled.
[    0.121291] ACPI: PCI Interrupt Link [LNKF] (IRQs 3 4 5 6 7 9 10 11) *0, disabled.
[    0.121569] ACPI: PCI Interrupt Link [LNKG] (IRQs 3 4 5 6 7 9 10 11) *0, disabled.
[    0.121924] ACPI: PCI Interrupt Link [LNKH] (IRQs 3 4 5 6 7 9 10 *11)
[    0.122505] ACPI: PCI Root Bridge [PCI0] (domain 0000 [bus 00-ff])
[    0.122569] acpi PNP0A03:00: _OSC: OS supports [ASPM ClockPM Segments]
[    0.122636] acpi PNP0A03:00: _OSC failed (AE_NOT_FOUND); disabling ASPM
[    0.122699] acpi PNP0A03:00: fail to add MMCONFIG information, can't access extended PCI configuration space under this bridge.
[    0.122879] PCI host bridge to bus 0000:00
[    0.122937] pci_bus 0000:00: root bus resource [io  0x0000-0x0cf7 window]
[    0.122996] pci_bus 0000:00: root bus resource [io  0x0d00-0xffff window]
[    0.123054] pci_bus 0000:00: root bus resource [mem 0x000a0000-0x000bffff window]
[    0.123113] pci_bus 0000:00: root bus resource [mem 0x000d4000-0x000d7fff window]
[    0.123173] pci_bus 0000:00: root bus resource [mem 0x000d8000-0x000dbfff window]
[    0.123232] pci_bus 0000:00: root bus resource [mem 0x60000000-0xfebfffff window]
[    0.123291] pci_bus 0000:00: root bus resource [bus 00-ff]
[    0.123363] pci 0000:00:00.0: [8086:3340] type 00 class 0x060000
[    0.123379] pci 0000:00:00.0: reg 0x10: [mem 0xd0000000-0xdfffffff pref]
[    0.123517] pci 0000:00:01.0: [8086:3341] type 01 class 0x060400
[    0.123683] pci 0000:00:1d.0: [8086:24c2] type 00 class 0x0c0300
[    0.123732] pci 0000:00:1d.0: reg 0x20: [io  0x1800-0x181f]
[    0.123877] pci 0000:00:1d.1: [8086:24c4] type 00 class 0x0c0300
[    0.123925] pci 0000:00:1d.1: reg 0x20: [io  0x1820-0x183f]
[    0.124084] pci 0000:00:1d.2: [8086:24c7] type 00 class 0x0c0300
[    0.124133] pci 0000:00:1d.2: reg 0x20: [io  0x1840-0x185f]
[    0.124275] pci 0000:00:1d.7: [8086:24cd] type 00 class 0x0c0320
[    0.124300] pci 0000:00:1d.7: reg 0x10: [mem 0xc0000000-0xc00003ff]
[    0.124394] pci 0000:00:1d.7: PME# supported from D0 D3hot D3cold
[    0.124520] pci 0000:00:1e.0: [8086:2448] type 01 class 0x060400
[    0.124682] pci 0000:00:1f.0: [8086:24cc] type 00 class 0x060100
[    0.124757] pci 0000:00:1f.0: quirk: [io  0x1000-0x107f] claimed by ICH4 ACPI/GPIO/TCO
[    0.124821] pci 0000:00:1f.0: quirk: [io  0x1180-0x11bf] claimed by ICH4 GPIO
[    0.124989] pci 0000:00:1f.1: [8086:24ca] type 00 class 0x01018a
[    0.125008] pci 0000:00:1f.1: reg 0x10: [io  0x0000-0x0007]
[    0.125018] pci 0000:00:1f.1: reg 0x14: [io  0x0000-0x0003]
[    0.125028] pci 0000:00:1f.1: reg 0x18: [io  0x0000-0x0007]
[    0.125038] pci 0000:00:1f.1: reg 0x1c: [io  0x0000-0x0003]
[    0.125048] pci 0000:00:1f.1: reg 0x20: [io  0x1860-0x186f]
[    0.125058] pci 0000:00:1f.1: reg 0x24: [mem 0x00000000-0x000003ff]
[    0.125072] pci 0000:00:1f.1: legacy IDE quirk: reg 0x10: [io  0x01f0-0x01f7]
[    0.125131] pci 0000:00:1f.1: legacy IDE quirk: reg 0x14: [io  0x03f6]
[    0.125189] pci 0000:00:1f.1: legacy IDE quirk: reg 0x18: [io  0x0170-0x0177]
[    0.125247] pci 0000:00:1f.1: legacy IDE quirk: reg 0x1c: [io  0x0376]
[    0.125423] pci 0000:00:1f.3: [8086:24c3] type 00 class 0x0c0500
[    0.125471] pci 0000:00:1f.3: reg 0x20: [io  0x1880-0x189f]
[    0.125598] pci 0000:00:1f.5: [8086:24c5] type 00 class 0x040100
[    0.125617] pci 0000:00:1f.5: reg 0x10: [io  0x1c00-0x1cff]
[    0.125626] pci 0000:00:1f.5: reg 0x14: [io  0x18c0-0x18ff]
[    0.125636] pci 0000:00:1f.5: reg 0x18: [mem 0xc0000c00-0xc0000dff]
[    0.125645] pci 0000:00:1f.5: reg 0x1c: [mem 0xc0000800-0xc00008ff]
[    0.125695] pci 0000:00:1f.5: PME# supported from D0 D3hot D3cold
[    0.125801] pci 0000:00:1f.6: [8086:24c6] type 00 class 0x070300
[    0.125820] pci 0000:00:1f.6: reg 0x10: [io  0x2400-0x24ff]
[    0.125829] pci 0000:00:1f.6: reg 0x14: [io  0x2000-0x207f]
[    0.125892] pci 0000:00:1f.6: PME# supported from D0 D3hot D3cold
[    0.126047] pci 0000:01:00.0: [1002:4c66] type 00 class 0x030000
[    0.126064] pci 0000:01:00.0: reg 0x10: [mem 0xe0000000-0xe7ffffff pref]
[    0.126072] pci 0000:01:00.0: reg 0x14: [io  0x3000-0x30ff]
[    0.126080] pci 0000:01:00.0: reg 0x18: [mem 0xc0100000-0xc010ffff]
[    0.126103] pci 0000:01:00.0: reg 0x30: [mem 0x00000000-0x0001ffff pref]
[    0.126139] pci 0000:01:00.0: supports D1 D2
[    0.126234] pci 0000:00:01.0: PCI bridge to [bus 01]
[    0.126293] pci 0000:00:01.0:   bridge window [io  0x3000-0x3fff]
[    0.126296] pci 0000:00:01.0:   bridge window [mem 0xc0100000-0xc01fffff]
[    0.126300] pci 0000:00:01.0:   bridge window [mem 0xe0000000-0xe7ffffff pref]
[    0.126352] pci 0000:02:00.0: [104c:ac55] type 02 class 0x060700
[    0.126372] pci 0000:02:00.0: reg 0x10: [mem 0xb0000000-0xb0000fff]
[    0.126409] pci 0000:02:00.0: supports D1 D2
[    0.126411] pci 0000:02:00.0: PME# supported from D0 D1 D2 D3hot D3cold
[    0.126510] pci 0000:02:00.1: [104c:ac55] type 02 class 0x060700
[    0.126531] pci 0000:02:00.1: reg 0x10: [mem 0xb1000000-0xb1000fff]
[    0.126566] pci 0000:02:00.1: supports D1 D2
[    0.126569] pci 0000:02:00.1: PME# supported from D0 D1 D2 D3hot D3cold
[    0.126673] pci 0000:02:01.0: [8086:101e] type 00 class 0x020000
[    0.126695] pci 0000:02:01.0: reg 0x10: [mem 0xc0220000-0xc023ffff]
[    0.126705] pci 0000:02:01.0: reg 0x14: [mem 0xc0200000-0xc020ffff]
[    0.126714] pci 0000:02:01.0: reg 0x18: [io  0x8000-0x803f]
[    0.126745] pci 0000:02:01.0: reg 0x30: [mem 0x00000000-0x0000ffff pref]
[    0.126789] pci 0000:02:01.0: PME# supported from D0 D3hot D3cold
[    0.126874] pci 0000:02:02.0: [168c:0012] type 00 class 0x020000
[    0.126895] pci 0000:02:02.0: reg 0x10: [mem 0xc0210000-0xc021ffff]
[    0.127065] pci 0000:00:1e.0: PCI bridge to [bus 02-08] (subtractive decode)
[    0.127127] pci 0000:00:1e.0:   bridge window [io  0x4000-0x8fff]
[    0.127131] pci 0000:00:1e.0:   bridge window [mem 0xc0200000-0xcfffffff]
[    0.127136] pci 0000:00:1e.0:   bridge window [mem 0xe8000000-0xefffffff pref]
[    0.127140] pci 0000:00:1e.0:   bridge window [io  0x0000-0x0cf7 window] (subtractive decode)
[    0.127143] pci 0000:00:1e.0:   bridge window [io  0x0d00-0xffff window] (subtractive decode)
[    0.127146] pci 0000:00:1e.0:   bridge window [mem 0x000a0000-0x000bffff window] (subtractive decode)
[    0.127148] pci 0000:00:1e.0:   bridge window [mem 0x000d4000-0x000d7fff window] (subtractive decode)
[    0.127151] pci 0000:00:1e.0:   bridge window [mem 0x000d8000-0x000dbfff window] (subtractive decode)
[    0.127154] pci 0000:00:1e.0:   bridge window [mem 0x60000000-0xfebfffff window] (subtractive decode)
[    0.127218] pci_bus 0000:03: busn_res: [bus 03-08] end is updated to 06
[    0.127267] pci_bus 0000:07: busn_res: [bus 07-08] end is updated to 07
[    0.127282] pci_bus 0000:00: on NUMA node 0
[    0.129529] ACPI: EC: interrupt unblocked
[    0.129593] ACPI: EC: event unblocked
[    0.129654] ACPI: \_SB_.PCI0.LPC_.EC__: GPE=0x1c, EC_CMD/EC_SC=0x66, EC_DATA=0x62
[    0.129713] ACPI: \_SB_.PCI0.LPC_.EC__: Used as boot DSDT EC to handle transactions and events
[    0.134752] pci 0000:01:00.0: vgaarb: setting as boot VGA device
[    0.134821] pci 0000:01:00.0: vgaarb: VGA device added: decodes=io+mem,owns=io+mem,locks=none
[    0.134893] pci 0000:01:00.0: vgaarb: bridge control possible
[    0.134949] vgaarb: loaded
[    0.135228] SCSI subsystem initialized
[    0.135452] libata version 3.00 loaded.
[    0.135517] ACPI: bus type USB registered
[    0.135647] usbcore: registered new interface driver usbfs
[    0.135721] usbcore: registered new interface driver hub
[    0.135796] usbcore: registered new device driver usb
[    0.135883] media: Linux media interface: v0.10
[    0.135951] Linux video capture interface: v2.00
[    0.136050] pps_core: LinuxPPS API ver. 1 registered
[    0.136106] pps_core: Software ver. 5.3.6 - Copyright 2005-2007 Rodolfo Giometti <giometti@linux.it>
[    0.136180] PTP clock support registered
[    0.136929] EDAC MC: Ver: 3.0.0
[    0.137279] Advanced Linux Sound Architecture Driver Initialized.
[    0.137371] PCI: Using ACPI for IRQ routing
[    0.137562] PCI: pci_cache_line_size set to 64 bytes
[    0.137627] e820: reserve RAM buffer [mem 0x0009f000-0x0009ffff]
[    0.137630] e820: reserve RAM buffer [mem 0x5ff60000-0x5fffffff]
[    0.137822] Bluetooth: Core ver 2.22
[    0.137893] NET: Registered protocol family 31
[    0.137949] Bluetooth: HCI device and connection manager initialized
[    0.138007] Bluetooth: HCI socket layer initialized
[    0.138064] Bluetooth: L2CAP socket layer initialized
[    0.138126] Bluetooth: SCO socket layer initialized
[    0.138758] clocksource: Switched to clocksource pit
[    0.138945] pnp: PnP ACPI init
[    0.138945] system 00:00: [mem 0x00000000-0x0009ffff] could not be reserved
[    0.138945] system 00:00: [mem 0x000c0000-0x000c3fff] could not be reserved
[    0.138945] system 00:00: [mem 0x000c4000-0x000c7fff] could not be reserved
[    0.138945] system 00:00: [mem 0x000c8000-0x000cbfff] could not be reserved
[    0.138945] system 00:00: [mem 0x000cc000-0x000cffff] could not be reserved
[    0.138945] system 00:00: [mem 0x000d0000-0x000d3fff] could not be reserved
[    0.138945] system 00:00: [mem 0x000dc000-0x000dffff] could not be reserved
[    0.138945] system 00:00: [mem 0x000e0000-0x000e3fff] could not be reserved
[    0.138945] system 00:00: [mem 0x000e4000-0x000e7fff] could not be reserved
[    0.138945] system 00:00: [mem 0x000e8000-0x000ebfff] could not be reserved
[    0.138945] system 00:00: [mem 0x000ec000-0x000effff] could not be reserved
[    0.138945] system 00:00: [mem 0x000f0000-0x000fffff] could not be reserved
[    0.138945] system 00:00: [mem 0x00100000-0x5fffffff] could not be reserved
[    0.138945] system 00:00: [mem 0xfec00000-0xffffffff] could not be reserved
[    0.138945] system 00:00: Plug and Play ACPI device, IDs PNP0c01 (active)
[    0.138945] system 00:01: [io  0x1000-0x107f] has been reserved
[    0.138976] system 00:01: [io  0x1180-0x11bf] has been reserved
[    0.139033] system 00:01: [io  0x15e0-0x15ef] has been reserved
[    0.139091] system 00:01: [io  0x1600-0x162f] has been reserved
[    0.139149] system 00:01: [io  0x1632-0x167f] has been reserved
[    0.139206] system 00:01: [io  0x1630-0x1631] has been reserved
[    0.139270] system 00:01: Plug and Play ACPI device, IDs PNP0c02 (active)
[    0.139346] pnp 00:02: Plug and Play ACPI device, IDs PNP0b00 (active)
[    0.139398] pnp 00:03: Plug and Play ACPI device, IDs PNP0303 (active)
[    0.139447] pnp 00:04: Plug and Play ACPI device, IDs IBM0057 PNP0f13 (active)
[    0.139512] pnp 00:05: [dma 2]
[    0.139564] pnp 00:05: Plug and Play ACPI device, IDs PNP0700 (active)
[    0.139709] pnp 00:06: Plug and Play ACPI device, IDs PNP0501 (disabled)
[    0.140035] pnp 00:07: Plug and Play ACPI device, IDs PNP0400 (active)
[    0.140227] pnp 00:08: Plug and Play ACPI device, IDs IBM0071 PNP0511 (disabled)
[    0.142146] pnp: PnP ACPI: found 9 devices
[    0.183356] clocksource: acpi_pm: mask: 0xffffff max_cycles: 0xffffff, max_idle_ns: 2085701024 ns
[    0.183938] clocksource: Switched to clocksource acpi_pm
[    0.184056] pci 0000:00:1f.1: BAR 5: assigned [mem 0x60000000-0x600003ff]
[    0.184123] pci 0000:01:00.0: BAR 6: assigned [mem 0xc0120000-0xc013ffff pref]
[    0.184184] pci 0000:00:01.0: PCI bridge to [bus 01]
[    0.184242] pci 0000:00:01.0:   bridge window [io  0x3000-0x3fff]
[    0.184301] pci 0000:00:01.0:   bridge window [mem 0xc0100000-0xc01fffff]
[    0.184361] pci 0000:00:01.0:   bridge window [mem 0xe0000000-0xe7ffffff pref]
[    0.184431] pci 0000:02:00.0: BAR 9: assigned [mem 0xe8000000-0xebffffff pref]
[    0.184491] pci 0000:02:00.0: BAR 10: assigned [mem 0xc4000000-0xc7ffffff]
[    0.184551] pci 0000:02:00.1: BAR 9: assigned [mem 0xec000000-0xefffffff pref]
[    0.184610] pci 0000:02:00.1: BAR 10: assigned [mem 0xc8000000-0xcbffffff]
[    0.184671] pci 0000:02:01.0: BAR 6: assigned [mem 0xc0240000-0xc024ffff pref]
[    0.184730] pci 0000:02:00.0: BAR 7: assigned [io  0x4000-0x40ff]
[    0.184788] pci 0000:02:00.0: BAR 8: assigned [io  0x4400-0x44ff]
[    0.184846] pci 0000:02:00.1: BAR 7: assigned [io  0x4800-0x48ff]
[    0.184905] pci 0000:02:00.1: BAR 8: assigned [io  0x4c00-0x4cff]
[    0.184965] pci 0000:02:00.0: CardBus bridge to [bus 03-06]
[    0.185022] pci 0000:02:00.0:   bridge window [io  0x4000-0x40ff]
[    0.185081] pci 0000:02:00.0:   bridge window [io  0x4400-0x44ff]
[    0.185141] pci 0000:02:00.0:   bridge window [mem 0xe8000000-0xebffffff pref]
[    0.185202] pci 0000:02:00.0:   bridge window [mem 0xc4000000-0xc7ffffff]
[    0.185262] pci 0000:02:00.1: CardBus bridge to [bus 07]
[    0.185357] pci 0000:02:00.1:   bridge window [io  0x4800-0x48ff]
[    0.185417] pci 0000:02:00.1:   bridge window [io  0x4c00-0x4cff]
[    0.185477] pci 0000:02:00.1:   bridge window [mem 0xec000000-0xefffffff pref]
[    0.185538] pci 0000:02:00.1:   bridge window [mem 0xc8000000-0xcbffffff]
[    0.185598] pci 0000:00:1e.0: PCI bridge to [bus 02-08]
[    0.185656] pci 0000:00:1e.0:   bridge window [io  0x4000-0x8fff]
[    0.185717] pci 0000:00:1e.0:   bridge window [mem 0xc0200000-0xcfffffff]
[    0.185778] pci 0000:00:1e.0:   bridge window [mem 0xe8000000-0xefffffff pref]
[    0.185843] pci_bus 0000:00: resource 4 [io  0x0000-0x0cf7 window]
[    0.185846] pci_bus 0000:00: resource 5 [io  0x0d00-0xffff window]
[    0.185849] pci_bus 0000:00: resource 6 [mem 0x000a0000-0x000bffff window]
[    0.185852] pci_bus 0000:00: resource 7 [mem 0x000d4000-0x000d7fff window]
[    0.185854] pci_bus 0000:00: resource 8 [mem 0x000d8000-0x000dbfff window]
[    0.185857] pci_bus 0000:00: resource 9 [mem 0x60000000-0xfebfffff window]
[    0.185860] pci_bus 0000:01: resource 0 [io  0x3000-0x3fff]
[    0.185863] pci_bus 0000:01: resource 1 [mem 0xc0100000-0xc01fffff]
[    0.185865] pci_bus 0000:01: resource 2 [mem 0xe0000000-0xe7ffffff pref]
[    0.185868] pci_bus 0000:02: resource 0 [io  0x4000-0x8fff]
[    0.185871] pci_bus 0000:02: resource 1 [mem 0xc0200000-0xcfffffff]
[    0.185874] pci_bus 0000:02: resource 2 [mem 0xe8000000-0xefffffff pref]
[    0.185876] pci_bus 0000:02: resource 4 [io  0x0000-0x0cf7 window]
[    0.185879] pci_bus 0000:02: resource 5 [io  0x0d00-0xffff window]
[    0.185882] pci_bus 0000:02: resource 6 [mem 0x000a0000-0x000bffff window]
[    0.185884] pci_bus 0000:02: resource 7 [mem 0x000d4000-0x000d7fff window]
[    0.185887] pci_bus 0000:02: resource 8 [mem 0x000d8000-0x000dbfff window]
[    0.185889] pci_bus 0000:02: resource 9 [mem 0x60000000-0xfebfffff window]
[    0.185892] pci_bus 0000:03: resource 0 [io  0x4000-0x40ff]
[    0.185895] pci_bus 0000:03: resource 1 [io  0x4400-0x44ff]
[    0.185898] pci_bus 0000:03: resource 2 [mem 0xe8000000-0xebffffff pref]
[    0.185900] pci_bus 0000:03: resource 3 [mem 0xc4000000-0xc7ffffff]
[    0.185903] pci_bus 0000:07: resource 0 [io  0x4800-0x48ff]
[    0.185906] pci_bus 0000:07: resource 1 [io  0x4c00-0x4cff]
[    0.185908] pci_bus 0000:07: resource 2 [mem 0xec000000-0xefffffff pref]
[    0.185911] pci_bus 0000:07: resource 3 [mem 0xc8000000-0xcbffffff]
[    0.186162] NET: Registered protocol family 2
[    0.186489] TCP established hash table entries: 8192 (order: 3, 32768 bytes)
[    0.186587] TCP bind hash table entries: 8192 (order: 4, 65536 bytes)
[    0.186719] TCP: Hash tables configured (established 8192 bind 8192)
[    0.186855] UDP hash table entries: 512 (order: 2, 16384 bytes)
[    0.186932] UDP-Lite hash table entries: 512 (order: 2, 16384 bytes)
[    0.187084] NET: Registered protocol family 1
[    0.187572] RPC: Registered named UNIX socket transport module.
[    0.187631] RPC: Registered udp transport module.
[    0.187686] RPC: Registered tcp transport module.
[    0.187741] RPC: Registered tcp NFSv4.1 backchannel transport module.
[    0.188930] ACPI: PCI Interrupt Link [LNKA] enabled at IRQ 11
[    0.188991] PCI: setting IRQ 11 as level-triggered
[    0.189549] ACPI: PCI Interrupt Link [LNKD] enabled at IRQ 11
[    0.190018] ACPI: PCI Interrupt Link [LNKC] enabled at IRQ 11
[    0.190487] ACPI: PCI Interrupt Link [LNKH] enabled at IRQ 11
[    0.190644] pci 0000:01:00.0: Video device with shadowed ROM at [mem 0x000c0000-0x000dffff]
[    0.190721] PCI: CLS 32 bytes, default 64
[    0.191639] Initialise system trusted keyrings
[    0.191994] workingset: timestamp_bits=30 max_order=19 bucket_order=0
[    0.192906] Installing knfsd (copyright (C) 1996 okir@monad.swb.de).
[    0.193047] ntfs: driver 2.1.32 [Flags: R/W].
[    0.193154] fuse init (API version 7.26)
[    0.194645] Key type asymmetric registered
[    0.194701] Asymmetric key parser 'x509' registered
[    0.194774] bounce: pool size: 64 pages
[    0.194846] Block layer SCSI generic (bsg) driver version 0.4 loaded (major 249)
[    0.194905] io scheduler noop registered
[    0.194959] io scheduler deadline registered
[    0.195018] io scheduler cfq registered (default)
[    0.195073] io scheduler mq-deadline registered
[    0.195144] io scheduler bfq registered
[    0.195428] intel_idle: does not run on family 6 model 9
[    0.195716] ACPI: Deprecated procfs I/F for AC is loaded, please retry with CONFIG_ACPI_PROCFS_POWER cleared
[    0.195858] ACPI: AC Adapter [AC] (on-line)
[    0.196073] input: Lid Switch as /devices/LNXSYSTM:00/LNXSYBUS:00/PNP0C0D:00/input/input0
[    0.196223] ACPI: Lid Switch [LID]
[    0.196351] input: Sleep Button as /devices/LNXSYSTM:00/LNXSYBUS:00/PNP0C0E:00/input/input1
[    0.196449] ACPI: Sleep Button [SLPB]
[    0.196586] input: Power Button as /devices/LNXSYSTM:00/LNXPWRBN:00/input/input2
[    0.196680] ACPI: Power Button [PWRF]
[    0.196940] ACPI: Video Device [VID] (multi-head: yes  rom: no  post: no)
[    0.197332] input: Video Bus as /devices/LNXSYSTM:00/LNXSYBUS:00/PNP0A03:00/device:02/LNXVIDEO:00/input/input3
[    0.197917] tsc: Marking TSC unstable due to TSC halts in idle
[    0.199347] (NULL device *): hwmon_device_register() is deprecated. Please convert the driver to use hwmon_device_register_with_info().
[    0.199783] thermal LNXTHERM:00: registered as thermal_zone0
[    0.199840] ACPI: Thermal Zone [THM0] (40 C)
[    0.200408] ACPI: Deprecated procfs I/F for battery is loaded, please retry with CONFIG_ACPI_PROCFS_POWER cleared
[    0.200485] ACPI: Battery Slot [BAT0] (battery absent)
[    0.200626] Serial: 8250/16550 driver, 4 ports, IRQ sharing disabled
[    0.200816] serial 00:06: [io  0x03f8-0x03ff]
[    0.200872] serial 00:06: [irq 4]
[    0.201454] serial 00:06: activated
[    0.201575] 00:06: ttyS0 at I/O 0x3f8 (irq = 4, base_baud = 921600) is a NS16550A
[    0.202544] ACPI: PCI Interrupt Link [LNKB] enabled at IRQ 11
[    0.203219] lp: driver loaded but no devices found
[    0.203325] Non-volatile memory driver v1.3
[    0.203474] intel_rng: FWH not detected
[    0.203562] Linux agpgart interface v0.103
[    0.203723] agpgart-intel 0000:00:00.0: Intel 855PM Chipset
[    0.217853] agpgart-intel 0000:00:00.0: AGP aperture is 256M @ 0xd0000000
[    0.218067] [drm] radeon kernel modesetting enabled.
[    0.218868] [drm] initializing kernel modesetting (RV250 0x1002:0x4C66 0x1014:0x054D 0x02).
[    0.219005] resource sanity check: requesting [mem 0x000c0000-0x000dffff], which spans more than PCI Bus 0000:00 [mem 0x000d4000-0x000d7fff window]
[    0.219082] caller pci_map_rom+0x58/0xf0 mapping multiple BARs
[    0.219549] agpgart-intel 0000:00:00.0: AGP 2.0 bridge
[    0.219615] agpgart-intel 0000:00:00.0: putting AGP V2 device into 1x mode
[    0.219702] radeon 0000:01:00.0: putting AGP V2 device into 1x mode
[    0.219778] radeon 0000:01:00.0: GTT: 256M 0xD0000000 - 0xDFFFFFFF
[    0.219842] radeon 0000:01:00.0: VRAM: 128M 0x00000000E0000000 - 0x00000000E7FFFFFF (64M used)
[    0.220530] [drm] Detected VRAM RAM=128M, BAR=128M
[    0.220593] [drm] RAM width 128bits DDR
[    0.220725] [TTM] Zone  kernel: Available graphics memory: 439390 kiB
[    0.220782] [TTM] Zone highmem: Available graphics memory: 770850 kiB
[    0.220838] [TTM] Initializing pool allocator
[    0.220899] [TTM] Initializing DMA pool allocator
[    0.221001] [drm] radeon: 64M of VRAM memory ready
[    0.221058] [drm] radeon: 256M of GTT memory ready.
[    0.221140] [drm] radeon: power management initialized
[    0.222105] radeon 0000:01:00.0: WB disabled
[    0.222176] radeon 0000:01:00.0: fence driver on ring 0 use gpu addr 0x00000000d0000000 and cpu addr 0x49333396
[    0.222246] [drm] Supports vblank timestamp caching Rev 2 (21.10.2013).
[    0.222303] [drm] Driver supports precise vblank timestamp query.
[    0.222379] [drm] radeon: irq initialized.
[    0.222451] [drm] Loading R200 Microcode
[    0.222720] [drm] radeon: ring at 0x00000000D0001000
[    0.222797] [drm] ring test succeeded in 1 usecs
[    0.223048] [drm] ib test succeeded in 0 usecs
[    0.223545] [drm] Panel ID String: SXGA+ Single (85MHz)    
[    0.223601] [drm] Panel Size 1400x1050
[    0.223703] [drm] No TV DAC info found in BIOS
[    0.223798] [drm] Radeon Display Connectors
[    0.223853] [drm] Connector 0:
[    0.223906] [drm]   VGA-1
[    0.223961] [drm]   DDC: 0x60 0x60 0x60 0x60 0x60 0x60 0x60 0x60
[    0.224073] [drm]   Encoders:
[    0.224127] [drm]     CRT1: INTERNAL_DAC1
[    0.224181] [drm] Connector 1:
[    0.224951] [drm]   DVI-D-1
[    0.225004] [drm]   HPD1
[    0.225058] [drm]   DDC: 0x64 0x64 0x64 0x64 0x64 0x64 0x64 0x64
[    0.225114] [drm]   Encoders:
[    0.225167] [drm]     DFP1: INTERNAL_TMDS1
[    0.225221] [drm] Connector 2:
[    0.225274] [drm]   LVDS-1
[    0.225327] [drm]   Encoders:
[    0.225380] [drm]     LCD1: INTERNAL_LVDS
[    0.225434] [drm] Connector 3:
[    0.225487] [drm]   SVIDEO-1
[    0.225540] [drm]   Encoders:
[    0.225593] [drm]     TV1: INTERNAL_DAC2
[    0.286870] [drm] fb mappable at 0xE0040000
[    0.286926] [drm] vram apper at 0xE0000000
[    0.286979] [drm] size 5914624
[    0.287032] [drm] fb depth is 24
[    0.287085] [drm]    pitch is 5632
[    0.287242] fbcon: radeondrmfb (fb0) is primary device
[    0.394119] Console: switching to colour frame buffer device 140x58
[    0.429183] radeon 0000:01:00.0: fb0: radeondrmfb frame buffer device
[    0.429480] [drm] Initialized radeon 2.50.0 20080528 for 0000:01:00.0 on minor 0
[    0.429966] usbcore: registered new interface driver udl
[    0.430490] parport_pc 00:07: reported by Plug and Play ACPI
[    0.430769] parport0: PC-style at 0x3bc, irq 7 [PCSPP(,...)]
[    0.431250] lp0: using parport0 (interrupt-driven).
[    0.436828] loop: module loaded
[    0.447633] ata_piix 0000:00:1f.1: version 2.13
[    0.447653] ata_piix 0000:00:1f.1: enabling device (0005 -> 0007)
[    0.450067] scsi host0: ata_piix
[    0.450392] scsi host1: ata_piix
[    0.450570] ata1: PATA max UDMA/100 cmd 0x1f0 ctl 0x3f6 bmdma 0x1860 irq 14
[    0.450881] ata2: PATA max UDMA/100 cmd 0x170 ctl 0x376 bmdma 0x1868 irq 15
[    0.451519] tun: Universal TUN/TAP device driver, 1.6
[    0.452321] e1000: Intel(R) PRO/1000 Network Driver - version 7.3.21-k8-NAPI
[    0.452635] e1000: Copyright (c) 1999-2006 Intel Corporation.
[    0.622058] ata1.00: ATA-7: SAMSUNG MP0402H, UC200-16, max UDMA/100
[    0.622334] ata1.00: 78242976 sectors, multi 16: LBA48 
[    0.623037] ata2.00: ATAPI: UJDA765 DVD/CDRW, 1.70, max UDMA/33
[    0.630888] ata2.00: configured for UDMA/33
[    0.631133] ata1.00: configured for UDMA/100
[    0.631487] scsi 0:0:0:0: Direct-Access     ATA      SAMSUNG MP0402H  0-16 PQ: 0 ANSI: 5
[    0.632299] sd 0:0:0:0: [sda] 78242976 512-byte logical blocks: (40.1 GB/37.3 GiB)
[    0.632665] sd 0:0:0:0: [sda] Write Protect is off
[    0.632863] sd 0:0:0:0: [sda] Mode Sense: 00 3a 00 00
[    0.632892] sd 0:0:0:0: [sda] Write cache: enabled, read cache: enabled, doesn't support DPO or FUA
[    0.633336] sd 0:0:0:0: Attached scsi generic sg0 type 0
[    0.641186]  sda: sda1 sda2 sda4
[    0.641733] sd 0:0:0:0: [sda] Attached SCSI disk
[    0.651321] scsi 1:0:0:0: CD-ROM            MATSHITA UJDA765 DVD/CDRW 1.70 PQ: 0 ANSI: 5
[    0.695486] sr 1:0:0:0: [sr0] scsi3-mmc drive: 24x/24x writer cd/rw xa/form2 cdda tray
[    0.705757] cdrom: Uniform CD-ROM driver Revision: 3.20
[    0.749592] sr 1:0:0:0: Attached scsi CD-ROM sr0
[    0.749790] sr 1:0:0:0: Attached scsi generic sg1 type 5
[    0.817156] e1000 0000:02:01.0 eth0: (PCI:33MHz:32-bit) 00:16:41:13:c6:41
[    0.827665] e1000 0000:02:01.0 eth0: Intel(R) PRO/1000 Network Connection
[    0.838259] e1000e: Intel(R) PRO/1000 Network Driver - 3.2.6-k
[    0.848954] e1000e: Copyright(c) 1999 - 2015 Intel Corporation.
[    0.859831] PPP generic driver version 2.4.2
[    0.870928] PPP BSD Compression module registered
[    0.881871] PPP Deflate Compression module registered
[    0.892951] SLIP: version 0.8.4-NET3.019-NEWTTY (dynamic channels, max=256).
[    0.904312] CSLIP: code copyright 1989 Regents of the University of California.
[    0.916108] ath5k 0000:02:02.0: registered as 'phy0'
[    1.216124] clocksource: tsc: mask: 0xffffffffffffffff max_cycles: 0x170afa7a626, max_idle_ns: 440795264198 ns
[    5.008122] ath: EEPROM regdomain: 0x61
[    5.008123] ath: EEPROM indicates we should expect a direct regpair map
[    5.008127] ath: Country alpha2 being used: 00
[    5.008128] ath: Regpair used: 0x61
[    5.008329] ieee80211 phy0: Selected rate control algorithm 'minstrel_ht'
[    5.008660] ath5k: phy0: Atheros AR5211 chip found (MAC: 0x42, PHY: 0x30)
[    5.021226] ath5k: phy0: RF5111 5GHz radio found (0x17)
[    5.033794] ath5k: phy0: RF2111 2GHz radio found (0x23)
[    5.046347] iwl3945: Intel(R) PRO/Wireless 3945ABG/BG Network Connection driver for Linux, in-tree:ds
[    5.059358] iwl3945: Copyright(c) 2003-2011 Intel Corporation
[    5.072465] iwl3945: hw_scan is disabled
[    5.085597] Intel(R) Wireless WiFi driver for Linux
[    5.098812] Copyright(c) 2003- 2015 Intel Corporation
[    5.112344] usbcore: registered new interface driver ax88179_178a
[    5.125871] usbcore: registered new interface driver cdc_ether
[    5.139202] usbcore: registered new interface driver net1080
[    5.152295] usbcore: registered new interface driver cdc_subset
[    5.165141] usbcore: registered new interface driver zaurus
[    5.177720] usbcore: registered new interface driver cdc_ncm
[    5.190225] yenta_cardbus 0000:02:00.0: CardBus bridge found [1014:0512]
[    5.202773] yenta_cardbus 0000:02:00.0: Using INTVAL to route CSC interrupts to PCI
[    5.215329] yenta_cardbus 0000:02:00.0: Routing CardBus interrupts to PCI
[    5.227866] yenta_cardbus 0000:02:00.0: TI: mfunc 0x01d21022, devctl 0x64
[    5.484646] yenta_cardbus 0000:02:00.0: ISA IRQ mask 0x0478, PCI irq 11
[    5.496997] yenta_cardbus 0000:02:00.0: Socket status: 30000006
[    5.509446] yenta_cardbus 0000:02:00.0: pcmcia: parent PCI bridge window: [io  0x4000-0x8fff]
[    5.521961] yenta_cardbus 0000:02:00.0: pcmcia: parent PCI bridge window: [mem 0xc0200000-0xcfffffff]
[    5.534581] pcmcia_socket pcmcia_socket0: cs: memory probe 0xc0200000-0xcfffffff:
[    5.547225]  excluding 0xc0200000-0xc09fffff 0xc3a00000-0xcc1fffff 0xcfa00000-0xd01fffff
[    5.560003] yenta_cardbus 0000:02:00.0: pcmcia: parent PCI bridge window: [mem 0xe8000000-0xefffffff pref]
[    5.572978] pcmcia_socket pcmcia_socket0: cs: memory probe 0xe8000000-0xefffffff:
[    5.586021]  excluding 0xe8000000-0xefffffff
[    5.599332] yenta_cardbus 0000:02:00.1: CardBus bridge found [1014:0512]
[    5.612519] yenta_cardbus 0000:02:00.1: Using INTVAL to route CSC interrupts to PCI
[    5.625743] yenta_cardbus 0000:02:00.1: Routing CardBus interrupts to PCI
[    5.639094] yenta_cardbus 0000:02:00.1: TI: mfunc 0x01d21022, devctl 0x64
[    5.896642] yenta_cardbus 0000:02:00.1: ISA IRQ mask 0x0478, PCI irq 11
[    5.909665] yenta_cardbus 0000:02:00.1: Socket status: 30000006
[    5.922535] yenta_cardbus 0000:02:00.1: pcmcia: parent PCI bridge window: [io  0x4000-0x8fff]
[    5.935464] yenta_cardbus 0000:02:00.1: pcmcia: parent PCI bridge window: [mem 0xc0200000-0xcfffffff]
[    5.948181] pcmcia_socket pcmcia_socket1: cs: memory probe 0xc0200000-0xcfffffff:
[    5.961004]  excluding 0xc0200000-0xc09fffff 0xc3a00000-0xcc1fffff 0xcfa00000-0xd01fffff
[    5.974099] yenta_cardbus 0000:02:00.1: pcmcia: parent PCI bridge window: [mem 0xe8000000-0xefffffff pref]
[    5.987335] pcmcia_socket pcmcia_socket1: cs: memory probe 0xe8000000-0xefffffff:
[    6.000564]  excluding 0xe8000000-0xefffffff
[    6.014011] ehci_hcd: USB 2.0 'Enhanced' Host Controller (EHCI) Driver
[    6.027254] ehci-pci: EHCI PCI platform driver
[    6.040465] ehci-pci 0000:00:1d.7: EHCI Host Controller
[    6.053774] ehci-pci 0000:00:1d.7: new USB bus registered, assigned bus number 1
[    6.067018] ehci-pci 0000:00:1d.7: debug port 1
[    6.084035] ehci-pci 0000:00:1d.7: cache line size of 32 is not supported
[    6.084045] ehci-pci 0000:00:1d.7: irq 11, io mem 0xc0000000
[    6.112128] ehci-pci 0000:00:1d.7: USB 2.0 started, EHCI 1.00
[    6.125217] usb usb1: New USB device found, idVendor=1d6b, idProduct=0002
[    6.138369] usb usb1: New USB device strings: Mfr=3, Product=2, SerialNumber=1
[    6.151440] usb usb1: Product: EHCI Host Controller
[    6.164336] usb usb1: Manufacturer: Linux 4.15.0-rc8autobisect1514286372+ ehci_hcd
[    6.177331] usb usb1: SerialNumber: 0000:00:1d.7
[    6.190197] hub 1-0:1.0: USB hub found
[    6.202591] hub 1-0:1.0: 6 ports detected
[    6.215130] ohci_hcd: USB 1.1 'Open' Host Controller (OHCI) Driver
[    6.227681] ohci-pci: OHCI PCI platform driver
[    6.239952] uhci_hcd: USB Universal Host Controller Interface driver
[    6.252242] uhci_hcd 0000:00:1d.0: UHCI Host Controller
[    6.264627] uhci_hcd 0000:00:1d.0: new USB bus registered, assigned bus number 2
[    6.276980] uhci_hcd 0000:00:1d.0: detected 2 ports
[    6.289232] uhci_hcd 0000:00:1d.0: irq 11, io base 0x00001800
[    6.301535] usb usb2: New USB device found, idVendor=1d6b, idProduct=0001
[    6.313982] usb usb2: New USB device strings: Mfr=3, Product=2, SerialNumber=1
[    6.326590] usb usb2: Product: UHCI Host Controller
[    6.339283] usb usb2: Manufacturer: Linux 4.15.0-rc8autobisect1514286372+ uhci_hcd
[    6.352340] usb usb2: SerialNumber: 0000:00:1d.0
[    6.365749] hub 2-0:1.0: USB hub found
[    6.378768] hub 2-0:1.0: 2 ports detected
[    6.391866] uhci_hcd 0000:00:1d.1: UHCI Host Controller
[    6.404934] uhci_hcd 0000:00:1d.1: new USB bus registered, assigned bus number 3
[    6.418018] uhci_hcd 0000:00:1d.1: detected 2 ports
[    6.431042] uhci_hcd 0000:00:1d.1: irq 11, io base 0x00001820
[    6.444210] usb usb3: New USB device found, idVendor=1d6b, idProduct=0001
[    6.457348] usb usb3: New USB device strings: Mfr=3, Product=2, SerialNumber=1
[    6.470581] usb usb3: Product: UHCI Host Controller
[    6.483544] usb usb3: Manufacturer: Linux 4.15.0-rc8autobisect1514286372+ uhci_hcd
[    6.496576] usb usb3: SerialNumber: 0000:00:1d.1
[    6.509489] hub 3-0:1.0: USB hub found
[    6.521926] hub 3-0:1.0: 2 ports detected
[    6.534306] uhci_hcd 0000:00:1d.2: UHCI Host Controller
[    6.546601] uhci_hcd 0000:00:1d.2: new USB bus registered, assigned bus number 4
[    6.558883] uhci_hcd 0000:00:1d.2: detected 2 ports
[    6.571057] uhci_hcd 0000:00:1d.2: irq 11, io base 0x00001840
[    6.583348] usb usb4: New USB device found, idVendor=1d6b, idProduct=0001
[    6.595700] usb usb4: New USB device strings: Mfr=3, Product=2, SerialNumber=1
[    6.608111] usb usb4: Product: UHCI Host Controller
[    6.620432] usb usb4: Manufacturer: Linux 4.15.0-rc8autobisect1514286372+ uhci_hcd
[    6.633058] usb usb4: SerialNumber: 0000:00:1d.2
[    6.645598] hub 4-0:1.0: USB hub found
[    6.657747] hub 4-0:1.0: 2 ports detected
[    6.669737] usbcore: registered new interface driver cdc_acm
[    6.681357] cdc_acm: USB Abstract Control Model driver for USB modems and ISDN adapters
[    6.693133] usbcore: registered new interface driver usblp
[    6.704866] usbcore: registered new interface driver usb-storage
[    6.716388] usbcore: registered new interface driver ums-sddr09
[    6.727804] usbcore: registered new interface driver usbserial_generic
[    6.739099] usbserial: USB Serial support registered for generic
[    6.750412] usbcore: registered new interface driver ch341
[    6.761807] usbserial: USB Serial support registered for ch341-uart
[    6.773350] usbcore: registered new interface driver ftdi_sio
[    6.784830] usbserial: USB Serial support registered for FTDI USB Serial Device
[    6.796563] usbcore: registered new interface driver option
[    6.808169] usbserial: USB Serial support registered for GSM modem (1-port)
[    6.819951] usbcore: registered new interface driver pl2303
[    6.831579] usbserial: USB Serial support registered for pl2303
[    6.843290] usbcore: registered new interface driver ti_usb_3410_5052
[    6.855193] usbserial: USB Serial support registered for TI USB 3410 1 port adapter
[    6.867212] usbserial: USB Serial support registered for TI USB 5052 2 port adapter
[    6.879022] ftdi_elan: driver ftdi-elan
[    6.890708] usbcore: registered new interface driver ftdi-elan
[    6.902571] i8042: PNP: PS/2 Controller [PNP0303:KBD,PNP0f13:MOU] at 0x60,0x64 irq 1,12
[    6.920234] serio: i8042 KBD port at 0x60,0x64 irq 1
[    6.932226] serio: i8042 AUX port at 0x60,0x64 irq 12
[    6.945269] mousedev: PS/2 mouse device common for all mice
[    6.957623] input: PC Speaker as /devices/platform/pcspkr/input/input4
[    6.970052] rtc_cmos 00:02: RTC can wake from S4
[    6.982209] rtc_cmos 00:02: rtc core: registered rtc_cmos as rtc0
[    6.994116] rtc_cmos 00:02: alarms up to one month, y3k, 114 bytes nvram
[    7.006022] usbcore: registered new interface driver uvcvideo
[    7.017934] USB Video Class driver (1.1.1)
[    7.029894] gspca_main: v2.14.0 registered
[    7.041827] usbcore: registered new interface driver sq930x
[    7.054114] device-mapper: ioctl: 4.37.0-ioctl (2017-09-20) initialised: dm-devel@redhat.com
[    7.066424] Bluetooth: HCI UART driver ver 2.3
[    7.078735] Bluetooth: HCI UART protocol H4 registered
[    7.090909] Bluetooth: HCI UART protocol BCSP registered
[    7.103024] usbcore: registered new interface driver btusb
[    7.115112] sdhci: Secure Digital Host Controller Interface driver
[    7.127165] sdhci: Copyright(c) Pierre Ossman
[    7.139145] hidraw: raw HID events driver (C) Jiri Kosina
[    7.151544] usbcore: registered new interface driver usbhid
[    7.163708] usbhid: USB HID core driver
[    7.177049] thinkpad_acpi: ThinkPad ACPI Extras v0.25
[    7.189205] thinkpad_acpi: http://ibm-acpi.sf.net/
[    7.201234] thinkpad_acpi: ThinkPad BIOS 1RETDNWW (3.19 ), EC 1RHT71WW-3.04
[    7.213492] thinkpad_acpi: IBM ThinkPad T40p, model 2373G3U
[    7.225627] thinkpad_acpi: WARNING: Outdated ThinkPad BIOS/EC firmware
[    7.237820] thinkpad_acpi: WARNING: This firmware may be missing critical bug fixes and/or important features
[    7.255284] input: AT Translated Set 2 keyboard as /devices/platform/i8042/serio0/input/input5
[    7.270553] thinkpad_acpi: rfkill switch tpacpi_bluetooth_sw: radio is blocked
[    7.283588] thinkpad_acpi: warning: userspace override of important firmware LEDs is enabled
[    7.302256] thinkpad_acpi: volume: disabled as there is no ALSA support in this kernel
[    7.315523] input: ThinkPad Extra Buttons as /devices/platform/thinkpad_acpi/input/input6
[    8.049663] psmouse serio1: synaptics: Touchpad model: 1, fw: 5.9, id: 0x2c6ab1, caps: 0x884793/0x0/0x0/0x0, board id: 0, fw id: 4797594
[    8.063249] psmouse serio1: synaptics: serio: Synaptics pass-through port at isa0060/serio1/input0
[    8.121103] input: SynPS/2 Synaptics TouchPad as /devices/platform/i8042/serio1/input/input8
[    8.268041] snd_intel8x0 0000:00:1f.5: intel8x0_measure_ac97_clock: measured 59824 usecs (11 samples)
[    8.282300] snd_intel8x0 0000:00:1f.5: measured clock 183 rejected
[    8.668039] snd_intel8x0 0000:00:1f.5: intel8x0_measure_ac97_clock: measured 59884 usecs (2884 samples)
[    8.682536] snd_intel8x0 0000:00:1f.5: clocking to 48000
[    8.698234] usbcore: registered new interface driver snd-usb-audio
[    8.712793] nf_conntrack version 0.5.0 (16384 buckets, 65536 max)
[    8.727616] ip_tables: (C) 2000-2006 Netfilter Core Team
[    8.742000] NET: Registered protocol family 17
[    8.756663] Bluetooth: RFCOMM TTY layer initialized
[    8.770784] Bluetooth: RFCOMM socket layer initialized
[    8.784746] Bluetooth: RFCOMM ver 1.11
[    8.798537] Bluetooth: BNEP (Ethernet Emulation) ver 1.3
[    8.812309] Bluetooth: BNEP filters: protocol multicast
[    8.825916] Bluetooth: BNEP socket layer initialized
[    8.839600] Bluetooth: HIDP (Human Interface Emulation) ver 1.2
[    8.853225] Bluetooth: HIDP socket layer initialized
[    8.867043] microcode: sig=0x695, pf=0x20, revision=0x7
[    8.880593] microcode: Microcode Update Driver: v2.2.
[    8.880598] Using IPI No-Shortcut mode
[    8.907340] Loading compiled-in X.509 certificates
[    8.920966] Key type encrypted registered
[    8.934523] rtc_cmos 00:02: setting system clock to 2007-01-01 00:03:45 UTC (1167609825)
[    8.949209] cfg80211: Loading compiled-in X.509 certificates for regulatory database
[    8.964261] psmouse serio2: trackpoint: IBM TrackPoint firmware: 0x0e, buttons: 3/3
[    8.978881] cfg80211: Loaded X.509 cert 'sforshee: 00b28ddf47aef9cea7'
[    8.992626] ALSA device list:
[    9.006226]   #0: Intel 82801DB-ICH4 with AD1981B at irq 11
[    9.020249] platform regulatory.0: Direct firmware load for regulatory.db failed with error -2
[    9.034371] cfg80211: failed to load regulatory.db
[    9.284083] input: TPPS/2 IBM TrackPoint as /devices/platform/i8042/serio1/serio2/input/input9
[    9.385427] md: Waiting for all devices to be available before autodetect
[    9.402524] md: If you don't use raid, use raid=noautodetect
[    9.420356] md: Autodetecting RAID arrays.
[    9.435078] md: autorun ...
[    9.449246] md: ... autorun DONE.
[    9.962234] EXT4-fs (sda4): couldn't mount as ext3 due to feature incompatibilities
[    9.980967] EXT4-fs (sda4): INFO: recovery required on readonly filesystem
[    9.995331] EXT4-fs (sda4): write access will be enabled during recovery
[   13.148375] EXT4-fs (sda4): orphan cleanup on readonly fs
[   13.279964] random: crng init done
[   13.354076] EXT4-fs (sda4): 30 orphan inodes deleted
[   13.370011] EXT4-fs (sda4): recovery complete
[   13.599881] EXT4-fs (sda4): mounted filesystem with ordered data mode. Opts: (null)
[   13.617058] VFS: Mounted root (ext4 filesystem) readonly on device 8:4.
[   13.648100] devtmpfs: mounted
[   13.665227] Freeing unused kernel memory: 564K
[   13.681871] Write protecting the kernel text: 11176k
[   13.698319] Write protecting the kernel read-only data: 3764k
[   13.714438] rodata_test: all tests were successful
[   14.718950] systemd[1]: systemd 215 running in system mode. (+PAM +AUDIT +SELINUX +IMA +SYSVINIT +LIBCRYPTSETUP +GCRYPT +ACL +XZ -SECCOMP -APPARMOR)
[   14.736205] systemd[1]: Detected architecture 'x86'.
[   15.051562] systemd[1]: Failed to insert module 'ipv6'
[   15.102780] systemd[1]: Set hostname to <hobit>.
[   18.193402] systemd[1]: Starting Forward Password Requests to Wall Directory Watch.
[   18.208242] systemd[1]: Started Forward Password Requests to Wall Directory Watch.
[   18.221390] systemd[1]: Starting Remote File Systems (Pre).
[   18.247372] systemd[1]: Reached target Remote File Systems (Pre).
[   18.260336] systemd[1]: Starting Arbitrary Executable File Formats File System Automount Point.
[   18.287674] systemd[1]: Set up automount Arbitrary Executable File Formats File System Automount Point.
[   19.948119] systemd-udevd[2163]: starting version 215
[   23.436430] EXT4-fs (sda4): re-mounted. Opts: errors=remount-ro
[   23.695712] ath5k 0000:02:02.0 wlan1: renamed from wlan0
[   23.707347] e1000 0000:02:01.0 eth2: renamed from eth0
[   23.725780] systemd-udevd[2221]: renamed network interface eth0 to eth2
[   23.737503] systemd-udevd[2227]: renamed network interface wlan0 to wlan1
[   24.740083] usb 4-1: new full-speed USB device number 2 using uhci_hcd
[   25.217180] usb 4-1: New USB device found, idVendor=1668, idProduct=0441
[   25.231611] usb 4-1: New USB device strings: Mfr=0, Product=0, SerialNumber=0
[   26.529192] Adding 2097148k swap on /dev/sda1.  Priority:-2 extents:1 across:2097148k 
[   30.114085] EXT4-fs (sda2): mounted filesystem with ordered data mode. Opts: errors=remount-ro
[   30.367576] systemd-journald[2159]: Received request to flush runtime journal from PID 1
[   40.964301] NFSD: Using /var/lib/nfs/v4recovery as the NFSv4 state recovery directory
[   41.496340] NFSD: starting 90-second grace period (net f0000099)
[   62.949044] ath5k: ath5k_hw_get_isr: ISR: 0x00000400 IMR: 0x80081035
[   67.456990] wlan1: authenticate with 00:33:13:01:31:45
[   67.505050] wlan1: send auth to 00:33:13:01:31:45 (try 1/3)
[   67.506542] wlan1: authenticated
[   67.524083] wlan1: associate with 00:33:13:01:31:45 (try 1/3)
[   67.529250] wlan1: RX AssocResp from 00:33:13:01:31:45 (capab=0x1 status=0 aid=5)
[   67.529366] wlan1: associated
[   86.315098] ath5k: ath5k_hw_get_isr: ISR: 0x00000400 IMR: 0x80081035
[  194.161065] ath5k: ath5k_hw_get_isr: ISR: 0x00000400 IMR: 0x80081035
[  478.368436] e1000: eth2 NIC Link is Up 100 Mbps Full Duplex, Flow Control: RX/TX
[  679.705726] wlan1: deauthenticating from 00:33:13:01:31:45 by local choice (Reason: 3=DEAUTH_LEAVING)
[  835.429505] WARNING: CPU: 0 PID: 0 at net/mac80211/rx.c:629 ieee80211_rx_napi+0x810/0x950
[  835.429515] Modules linked in:
[  835.429524] CPU: 0 PID: 0 Comm: swapper/0 Not tainted 4.15.0-rc8autobisect1514286372+ #500
[  835.429527] Hardware name: IBM 2373G3U/2373G3U, BIOS 1RETDNWW (3.19 ) 10/13/2005
[  835.429532] EIP: ieee80211_rx_napi+0x810/0x950
[  835.429535] EFLAGS: 00210246 CPU: 0
[  835.429538] EAX: 00010000 EBX: 00000000 ECX: 00000004 EDX: 00000002
[  835.429542] ESI: f08f3a80 EDI: 00000000 EBP: f640df6c ESP: f640df0c
[  835.429545]  DS: 007b ES: 007b FS: 00d8 GS: 00e0 SS: 0068
[  835.429549] CR0: 80050033 CR2: b7fbc000 CR3: 325b6000 CR4: 000006b0
[  835.429552] Call Trace:
[  835.429557]  <SOFTIRQ>
[  835.429572]  ? ath5k_rx_skb_alloc+0x6c/0x140
[  835.429577]  ath5k_tasklet_rx+0x2b5/0x650
[  835.429585]  tasklet_action+0x8e/0xa0
[  835.429594]  __do_softirq+0xcf/0x1a8
[  835.429599]  ? __softirqentry_text_start+0x8/0x8
[  835.429607]  do_softirq_own_stack+0x50/0x60
[  835.429610]  </SOFTIRQ>
[  835.429613]  irq_exit+0x87/0xa0
[  835.429617]  do_IRQ+0x40/0xb0
[  835.429622]  common_interrupt+0x6e/0x74
[  835.429628] EIP: cpuidle_enter_state+0xa4/0x220
[  835.429631] EFLAGS: 00200286 CPU: 0
[  835.429634] EAX: 83772d55 EBX: 83772d55 ECX: 83772c45 EDX: f6bf2900
[  835.429637] ESI: 000000c2 EDI: 00000002 EBP: c4e99f24 ESP: c4e99f08
[  835.429641]  DS: 007b ES: 007b FS: 00d8 GS: 00e0 SS: 0068
[  835.429647]  cpuidle_enter+0xf/0x20
[  835.429655]  call_cpuidle+0x23/0x40
[  835.429659]  do_idle+0x174/0x1b0
[  835.429664]  cpu_startup_entry+0x55/0x60
[  835.429671]  rest_init+0x86/0x90
[  835.429676]  start_kernel+0x30f/0x316
[  835.429681]  i386_start_kernel+0x8a/0x8e
[  835.429685]  startup_32_smp+0x164/0x168
[  835.429688] Code: ff 8d 76 00 8d bc 27 00 00 00 00 8b 75 a4 e9 d5 fe ff ff 90 8d b4 26 00 00 00 00 c6 45 af 00 e9 3b fb ff ff 8d b4 26 00 00 00 00 <0f> ff 89 f0 e8 17 58 e7 ff e9 f1 fa ff ff 66 90 0f ff e9 e1 fa
[  835.429755] ---[ end trace 52ff47cbab419e53 ]---
[ 1654.407230] WARNING: CPU: 0 PID: 0 at net/mac80211/rx.c:629 ieee80211_rx_napi+0x810/0x950
[ 1654.407240] Modules linked in:
[ 1654.407253] CPU: 0 PID: 0 Comm: swapper/0 Tainted: G        W        4.15.0-rc8autobisect1514286372+ #500
[ 1654.407258] Hardware name: IBM 2373G3U/2373G3U, BIOS 1RETDNWW (3.19 ) 10/13/2005
[ 1654.407266] EIP: ieee80211_rx_napi+0x810/0x950
[ 1654.407270] EFLAGS: 00010246 CPU: 0
[ 1654.407275] EAX: 00010000 EBX: 00000000 ECX: 00000004 EDX: 00000002
[ 1654.407281] ESI: f38bb240 EDI: 00000000 EBP: f640df6c ESP: f640df0c
[ 1654.407287]  DS: 007b ES: 007b FS: 00d8 GS: 00e0 SS: 0068
[ 1654.407293] CR0: 80050033 CR2: b7f36000 CR3: 3556c000 CR4: 000006b0
[ 1654.407297] Call Trace:
[ 1654.407305]  <SOFTIRQ>
[ 1654.407321]  ? ath5k_rx_skb_alloc+0x6c/0x140
[ 1654.407329]  ath5k_tasklet_rx+0x2b5/0x650
[ 1654.407341]  tasklet_action+0x8e/0xa0
[ 1654.407351]  __do_softirq+0xcf/0x1a8
[ 1654.407359]  ? __softirqentry_text_start+0x8/0x8
[ 1654.407370]  do_softirq_own_stack+0x50/0x60
[ 1654.407374]  </SOFTIRQ>
[ 1654.407381]  irq_exit+0x87/0xa0
[ 1654.407387]  do_IRQ+0x40/0xb0
[ 1654.407395]  common_interrupt+0x6e/0x74
[ 1654.407404] EIP: cpuidle_enter_state+0xa4/0x220
[ 1654.407408] EFLAGS: 00000286 CPU: 0
[ 1654.407413] EAX: 3257e47f EBX: 3257e47f ECX: 3257e2b3 EDX: f6bf2900
[ 1654.407418] ESI: 00000181 EDI: 00000002 EBP: c4e99f24 ESP: c4e99f08
[ 1654.407424]  DS: 007b ES: 007b FS: 00d8 GS: 00e0 SS: 0068
[ 1654.407434]  cpuidle_enter+0xf/0x20
[ 1654.407444]  call_cpuidle+0x23/0x40
[ 1654.407451]  do_idle+0x174/0x1b0
[ 1654.407460]  cpu_startup_entry+0x55/0x60
[ 1654.407469]  rest_init+0x86/0x90
[ 1654.407477]  start_kernel+0x30f/0x316
[ 1654.407485]  i386_start_kernel+0x8a/0x8e
[ 1654.407492]  startup_32_smp+0x164/0x168
[ 1654.407497] Code: ff 8d 76 00 8d bc 27 00 00 00 00 8b 75 a4 e9 d5 fe ff ff 90 8d b4 26 00 00 00 00 c6 45 af 00 e9 3b fb ff ff 8d b4 26 00 00 00 00 <0f> ff 89 f0 e8 17 58 e7 ff e9 f1 fa ff ff 66 90 0f ff e9 e1 fa
[ 1654.407608] ---[ end trace 52ff47cbab419e54 ]---
[ 1969.095170] WARNING: CPU: 0 PID: 0 at net/mac80211/rx.c:629 ieee80211_rx_napi+0x810/0x950
[ 1969.095179] Modules linked in:
[ 1969.095192] CPU: 0 PID: 0 Comm: swapper/0 Tainted: G        W        4.15.0-rc8autobisect1514286372+ #500
[ 1969.095196] Hardware name: IBM 2373G3U/2373G3U, BIOS 1RETDNWW (3.19 ) 10/13/2005
[ 1969.095204] EIP: ieee80211_rx_napi+0x810/0x950
[ 1969.095209] EFLAGS: 00210246 CPU: 0
[ 1969.095214] EAX: 00010000 EBX: 00000000 ECX: 00000004 EDX: 00000002
[ 1969.095220] ESI: f0872c00 EDI: 00000000 EBP: f640df6c ESP: f640df0c
[ 1969.095226]  DS: 007b ES: 007b FS: 00d8 GS: 00e0 SS: 0068
[ 1969.095232] CR0: 80050033 CR2: b7fbc000 CR3: 32aba000 CR4: 000006b0
[ 1969.095236] Call Trace:
[ 1969.095243]  <SOFTIRQ>
[ 1969.095259]  ? ath5k_rx_skb_alloc+0x6c/0x140
[ 1969.095267]  ath5k_tasklet_rx+0x2b5/0x650
[ 1969.095279]  tasklet_action+0x8e/0xa0
[ 1969.095288]  __do_softirq+0xcf/0x1a8
[ 1969.095297]  ? __softirqentry_text_start+0x8/0x8
[ 1969.095307]  do_softirq_own_stack+0x50/0x60
[ 1969.095311]  </SOFTIRQ>
[ 1969.095317]  irq_exit+0x87/0xa0
[ 1969.095324]  do_IRQ+0x40/0xb0
[ 1969.095332]  common_interrupt+0x6e/0x74
[ 1969.095340] EIP: cpuidle_enter_state+0xa4/0x220
[ 1969.095344] EFLAGS: 00200286 CPU: 0
[ 1969.095350] EAX: 77351734 EBX: 77351734 ECX: 77351576 EDX: f6bf2900
[ 1969.095355] ESI: 000001ca EDI: 00000002 EBP: c4e99f24 ESP: c4e99f08
[ 1969.095361]  DS: 007b ES: 007b FS: 00d8 GS: 00e0 SS: 0068
[ 1969.095371]  cpuidle_enter+0xf/0x20
[ 1969.095381]  call_cpuidle+0x23/0x40
[ 1969.095389]  do_idle+0x174/0x1b0
[ 1969.095397]  cpu_startup_entry+0x55/0x60
[ 1969.095406]  rest_init+0x86/0x90
[ 1969.095414]  start_kernel+0x30f/0x316
[ 1969.095422]  i386_start_kernel+0x8a/0x8e
[ 1969.095429]  startup_32_smp+0x164/0x168
[ 1969.095434] Code: ff 8d 76 00 8d bc 27 00 00 00 00 8b 75 a4 e9 d5 fe ff ff 90 8d b4 26 00 00 00 00 c6 45 af 00 e9 3b fb ff ff 8d b4 26 00 00 00 00 <0f> ff 89 f0 e8 17 58 e7 ff e9 f1 fa ff ff 66 90 0f ff e9 e1 fa
[ 1969.095545] ---[ end trace 52ff47cbab419e55 ]---
[ 3292.789844] PM: suspend entry (deep)
[ 3292.789853] PM: Syncing filesystems ... done.
[ 3293.750244] Freezing user space processes ... (elapsed 0.005 seconds) done.
[ 3293.756351] OOM killer disabled.
[ 3293.756422] Freezing remaining freezable tasks ... (elapsed 0.003 seconds) done.
[ 3293.760349] Suspending console(s) (use no_console_suspend to debug)
[ 3293.942890] parport_pc 00:07: disabled
[ 3293.943076] serial 00:06: disabled
[ 3293.968116] sd 0:0:0:0: [sda] Synchronizing SCSI cache
[ 3293.968474] sd 0:0:0:0: [sda] Stopping disk
[ 3294.076129] radeon 0000:01:00.0: Refused to change power state, currently in D0
[ 3294.406553] PM: suspend devices took 0.644 seconds
[ 3294.532285] ACPI: Preparing to enter system sleep state S3
[ 3294.916072] ACPI: EC: event blocked
[ 3294.916073] ACPI: EC: EC stopped
[ 3294.916074] PM: Saving platform NVS memory
[ 3294.916104] Disabling non-boot CPUs ...
[ 3294.916104] ACPI: Low-level resume complete
[ 3294.916104] ACPI: EC: EC started
[ 3294.916104] PM: Restoring platform NVS memory
[ 3294.916214] ACPI: Waking up from system sleep state S3
[ 3295.697068] [drm] AGP mode requested: 1
[ 3295.697075] agpgart-intel 0000:00:00.0: AGP 2.0 bridge
[ 3295.697090] agpgart-intel 0000:00:00.0: putting AGP V2 device into 1x mode
[ 3295.697116] radeon 0000:01:00.0: putting AGP V2 device into 1x mode
[ 3295.697136] radeon 0000:01:00.0: GTT: 256M 0xD0000000 - 0xDFFFFFFF
[ 3295.718655] radeon 0000:01:00.0: WB disabled
[ 3295.718662] radeon 0000:01:00.0: fence driver on ring 0 use gpu addr 0x00000000d0000000 and cpu addr 0x49333396
[ 3295.718707] [drm] radeon: ring at 0x00000000D0001000
[ 3295.718729] [drm] ring test succeeded in 1 usecs
[ 3295.718765] [drm] ib test succeeded in 0 usecs
[ 3295.866329] ACPI: button: The lid device is not compliant to SW_LID.
[ 3295.866351] ACPI: EC: event unblocked
[ 3295.868581] serial 00:06: activated
[ 3295.869203] parport_pc 00:07: activated
[ 3295.869520] sd 0:0:0:0: [sda] Starting disk
[ 3295.869662] usb usb2: root hub lost power or was reset
[ 3295.869759] usb usb3: root hub lost power or was reset
[ 3295.869835] usb usb4: root hub lost power or was reset
[ 3296.028443] ata2.00: ACPI cmd ef/03:42:00:00:00:a0 (SET FEATURES) filtered out
[ 3296.028447] ata2.00: ACPI cmd ef/03:0c:00:00:00:a0 (SET FEATURES) filtered out
[ 3296.028648] ata2.00: ACPI cmd e3/00:1f:00:00:00:a0 (IDLE) succeeded
[ 3296.028848] ata2.00: ACPI cmd e3/00:02:00:00:00:a0 (IDLE) succeeded
[ 3296.040347] ata2.00: configured for UDMA/33
[ 3296.224050] usb 4-1: reset full-speed USB device number 2 using uhci_hcd
[ 3297.348730] ata1.00: ACPI cmd ef/02:00:00:00:00:a0 (SET FEATURES) succeeded
[ 3297.348734] ata1.00: ACPI cmd f5/00:00:00:00:00:a0 (SECURITY FREEZE LOCK) filtered out
[ 3297.348738] ata1.00: ACPI cmd ef/03:45:00:00:00:a0 (SET FEATURES) filtered out
[ 3297.348741] ata1.00: ACPI cmd ef/03:0c:00:00:00:a0 (SET FEATURES) filtered out
[ 3297.356309] ata1.00: configured for UDMA/100
[ 3297.661173] usb 4-1:1.0: rebind failed: -517
[ 3297.661218] usb 4-1:1.1: rebind failed: -517
[ 3297.661474] PM: resume devices took 1.964 seconds
[ 3297.668290] OOM killer enabled.
[ 3297.668361] Restarting tasks ... done.
[ 3297.724631] PM: suspend exit
[ 3298.327153] [drm] crtc 1 is connected to a TV
[ 3301.504426] e1000: eth2 NIC Link is Up 100 Mbps Full Duplex, Flow Control: RX/TX
[ 3305.172791] wlan1: authenticate with 00:33:13:01:31:45
[ 3305.197037] wlan1: send auth to 00:33:13:01:31:45 (try 1/3)
[ 3305.200998] wlan1: authenticated
[ 3305.204113] wlan1: associate with 00:33:13:01:31:45 (try 1/3)
[ 3305.209967] wlan1: RX AssocResp from 00:33:13:01:31:45 (capab=0x1 status=0 aid=4)
[ 3305.210081] wlan1: associated
