[    0.000000] Linux version 4.17.0-rc1-next-20180416 (pavel@amd) (gcc version 4.9.2 (Debian 4.9.2-10+deb8u1)) #123 SMP Mon Apr 16 10:15:50 CEST 2018
[    0.000000] Disabled fast string operations
[    0.000000] x86/fpu: x87 FPU will use FXSAVE
[    0.000000] e820: BIOS-provided physical RAM map:
[    0.000000] BIOS-e820: [mem 0x0000000000000000-0x000000000009efff] usable
[    0.000000] BIOS-e820: [mem 0x000000000009f000-0x000000000009ffff] reserved
[    0.000000] BIOS-e820: [mem 0x00000000000dc000-0x00000000000fffff] reserved
[    0.000000] BIOS-e820: [mem 0x0000000000100000-0x00000000bf6cffff] usable
[    0.000000] BIOS-e820: [mem 0x00000000bf6d0000-0x00000000bf6defff] ACPI data
[    0.000000] BIOS-e820: [mem 0x00000000bf6df000-0x00000000bf6fffff] ACPI NVS
[    0.000000] BIOS-e820: [mem 0x00000000bf700000-0x00000000bfffffff] reserved
[    0.000000] BIOS-e820: [mem 0x00000000f0000000-0x00000000f3ffffff] reserved
[    0.000000] BIOS-e820: [mem 0x00000000fec00000-0x00000000fec0ffff] reserved
[    0.000000] BIOS-e820: [mem 0x00000000fed00000-0x00000000fed003ff] reserved
[    0.000000] BIOS-e820: [mem 0x00000000fed14000-0x00000000fed19fff] reserved
[    0.000000] BIOS-e820: [mem 0x00000000fed1c000-0x00000000fed8ffff] reserved
[    0.000000] BIOS-e820: [mem 0x00000000fee00000-0x00000000fee00fff] reserved
[    0.000000] BIOS-e820: [mem 0x00000000ff800000-0x00000000ffffffff] reserved
[    0.000000] NX (Execute Disable) protection: active
[    0.000000] random: fast init done
[    0.000000] SMBIOS 2.4 present.
[    0.000000] DMI: LENOVO 17097HU/17097HU, BIOS 7BETD8WW (2.19 ) 03/31/2011
[    0.000000] e820: update [mem 0x00000000-0x00000fff] usable ==> reserved
[    0.000000] e820: remove [mem 0x000a0000-0x000fffff] usable
[    0.000000] e820: last_pfn = 0xbf6d0 max_arch_pfn = 0x1000000
[    0.000000] MTRR default type: uncachable
[    0.000000] MTRR fixed ranges enabled:
[    0.000000]   00000-9FFFF write-back
[    0.000000]   A0000-BFFFF uncachable
[    0.000000]   C0000-CFFFF write-protect
[    0.000000]   D0000-DBFFF uncachable
[    0.000000]   DC000-DFFFF write-back
[    0.000000]   E0000-FFFFF write-protect
[    0.000000] MTRR variable ranges enabled:
[    0.000000]   0 base 000000000 mask F80000000 write-back
[    0.000000]   1 base 080000000 mask FC0000000 write-back
[    0.000000]   2 base 0BF700000 mask FFFF00000 uncachable
[    0.000000]   3 base 0BF800000 mask FFF800000 uncachable
[    0.000000]   4 disabled
[    0.000000]   5 disabled
[    0.000000]   6 disabled
[    0.000000]   7 disabled
[    0.000000] x86/PAT: PAT not supported by CPU.
[    0.000000] x86/PAT: Configuration [0-7]: WB  WT  UC- UC  WB  WT  UC- UC  
[    0.000000] initial memory mapped: [mem 0x00000000-0x05dfffff]
[    0.000000] Base memory trampoline at [(ptrval)] 9b000 size 16384
[    0.000000] BRK [0x0580c000, 0x0580cfff] PGTABLE
[    0.000000] BRK [0x0580d000, 0x0580dfff] PGTABLE
[    0.000000] ACPI: Early table checksum verification disabled
[    0.000000] ACPI: RSDP 0x00000000000F67C0 000024 (v02 LENOVO)
[    0.000000] ACPI: XSDT 0x00000000BF6D191C 000084 (v01 LENOVO TP-7B    00002190  LTP 00000000)
[    0.000000] ACPI: FACP 0x00000000BF6D1A00 0000F4 (v03 LENOVO TP-7B    00002190 LNVO 00000001)
[    0.000000] ACPI BIOS Warning (bug): 32/64X length mismatch in FADT/Gpe0Block: 64/32 (20180313/tbfadt-569)
[    0.000000] ACPI BIOS Warning (bug): Optional FADT field Gpe1Block has valid Address but zero Length: 0x000000000000102C/0x0 (20180313/tbfadt-624)
[    0.000000] ACPI: DSDT 0x00000000BF6D1D90 00CFB9 (v01 LENOVO TP-7B    00002190 MSFT 0100000E)
[    0.000000] ACPI: FACS 0x00000000BF6F4000 000040
[    0.000000] ACPI: FACS 0x00000000BF6F4000 000040
[    0.000000] ACPI: SSDT 0x00000000BF6D1BB4 0001DC (v01 LENOVO TP-7B    00002190 MSFT 0100000E)
[    0.000000] ACPI: ECDT 0x00000000BF6DED49 000052 (v01 LENOVO TP-7B    00002190 LNVO 00000001)
[    0.000000] ACPI: TCPA 0x00000000BF6DED9B 000032 (v02 LENOVO TP-7B    00002190 LNVO 00000001)
[    0.000000] ACPI: APIC 0x00000000BF6DEDCD 000068 (v01 LENOVO TP-7B    00002190 LNVO 00000001)
[    0.000000] ACPI: MCFG 0x00000000BF6DEE35 00003C (v01 LENOVO TP-7B    00002190 LNVO 00000001)
[    0.000000] ACPI: HPET 0x00000000BF6DEE71 000038 (v01 LENOVO TP-7B    00002190 LNVO 00000001)
[    0.000000] ACPI: BOOT 0x00000000BF6DEFD8 000028 (v01 LENOVO TP-7B    00002190  LTP 00000001)
[    0.000000] ACPI: SSDT 0x00000000BF6F2645 00025F (v01 LENOVO TP-7B    00002190 INTL 20050513)
[    0.000000] ACPI: SSDT 0x00000000BF6F28A4 0000A6 (v01 LENOVO TP-7B    00002190 INTL 20050513)
[    0.000000] ACPI: SSDT 0x00000000BF6F294A 0004F7 (v01 LENOVO TP-7B    00002190 INTL 20050513)
[    0.000000] ACPI: SSDT 0x00000000BF6F2E41 0001D8 (v01 LENOVO TP-7B    00002190 INTL 20050513)
[    0.000000] ACPI: Local APIC address 0xfee00000
[    0.000000] 2174MB HIGHMEM available.
[    0.000000] 887MB LOWMEM available.
[    0.000000]   mapped low ram: 0 - 377fe000
[    0.000000]   low ram: 0 - 377fe000
[    0.000000] tsc: Fast TSC calibration using PIT
[    0.000000] BRK [0x0580e000, 0x0580efff] PGTABLE
[    0.000000] Zone ranges:
[    0.000000]   DMA      [mem 0x0000000000001000-0x0000000000ffffff]
[    0.000000]   Normal   [mem 0x0000000001000000-0x00000000377fdfff]
[    0.000000]   HighMem  [mem 0x00000000377fe000-0x00000000bf6cffff]
[    0.000000] Movable zone start for each node
[    0.000000] Early memory node ranges
[    0.000000]   node   0: [mem 0x0000000000001000-0x000000000009efff]
[    0.000000]   node   0: [mem 0x0000000000100000-0x00000000bf6cffff]
[    0.000000] Initmem setup node 0 [mem 0x0000000000001000-0x00000000bf6cffff]
[    0.000000] On node 0 totalpages: 783982
[    0.000000]   DMA zone: 32 pages used for memmap
[    0.000000]   DMA zone: 0 pages reserved
[    0.000000]   DMA zone: 3998 pages, LIFO batch:0
[    0.000000]   Normal zone: 1744 pages used for memmap
[    0.000000]   Normal zone: 223230 pages, LIFO batch:31
[    0.000000]   HighMem zone: 556754 pages, LIFO batch:31
[    0.000000] Reserved but unavailable: 98 pages
[    0.000000] Using APIC driver default
[    0.000000] Reserving Intel graphics memory at [mem 0xbf800000-0xbfffffff]
[    0.000000] ACPI: PM-Timer IO Port: 0x1008
[    0.000000] ACPI: Local APIC address 0xfee00000
[    0.000000] ACPI: LAPIC_NMI (acpi_id[0x00] high edge lint[0x1])
[    0.000000] ACPI: LAPIC_NMI (acpi_id[0x01] high edge lint[0x1])
[    0.000000] IOAPIC[0]: apic_id 1, version 32, address 0xfec00000, GSI 0-23
[    0.000000] ACPI: INT_SRC_OVR (bus 0 bus_irq 0 global_irq 2 dfl dfl)
[    0.000000] ACPI: INT_SRC_OVR (bus 0 bus_irq 9 global_irq 9 high level)
[    0.000000] ACPI: IRQ0 used by override.
[    0.000000] ACPI: IRQ9 used by override.
[    0.000000] Using ACPI (MADT) for SMP configuration information
[    0.000000] ACPI: HPET id: 0x8086a201 base: 0xfed00000
[    0.000000] smpboot: Allowing 2 CPUs, 0 hotplug CPUs
[    0.000000] PM: Registered nosave memory: [mem 0x00000000-0x00000fff]
[    0.000000] PM: Registered nosave memory: [mem 0x0009f000-0x0009ffff]
[    0.000000] PM: Registered nosave memory: [mem 0x000a0000-0x000dbfff]
[    0.000000] PM: Registered nosave memory: [mem 0x000dc000-0x000fffff]
[    0.000000] e820: [mem 0xc0000000-0xefffffff] available for PCI devices
[    0.000000] clocksource: refined-jiffies: mask: 0xffffffff max_cycles: 0xffffffff, max_idle_ns: 7645519600211568 ns
[    0.000000] setup_percpu: NR_CPUS:8 nr_cpumask_bits:8 nr_cpu_ids:2 nr_node_ids:1
[    0.000000] percpu: Embedded 28 pages/cpu @(ptrval) s85544 r0 d29144 u114688
[    0.000000] pcpu-alloc: s85544 r0 d29144 u114688 alloc=28*4096
[    0.000000] pcpu-alloc: [0] 0 [0] 1 
[    0.000000] Built 1 zonelists, mobility grouping on.  Total pages: 782206
[    0.000000] Kernel command line: BOOT_IMAGE=(hd0,2)/fast/l/linux-next-32/arch/x86/boot/bzImage root=/dev/sda4 resume=/dev/sda1
[    0.000000] Dentry cache hash table entries: 131072 (order: 7, 524288 bytes)
[    0.000000] Inode-cache hash table entries: 65536 (order: 6, 262144 bytes)
[    0.000000] Initializing CPU#0
[    0.000000] Initializing HighMem for node 0 (000377fe:000bf6d0)
[    0.000000] Initializing Movable for node 0 (00000000:00000000)
[    0.000000] Memory: 3085692K/3135928K available (12050K kernel code, 704K rwdata, 4740K rodata, 592K init, 6136K bss, 50236K reserved, 0K cma-reserved, 2227016K highmem)
[    0.000000] virtual kernel memory layout:
    fixmap  : 0xffe70000 - 0xfffff000   (1596 kB)
  cpu_entry : 0xffa00000 - 0xffb39000   (1252 kB)
    pkmap   : 0xff800000 - 0xffa00000   (2048 kB)
    vmalloc : 0xf7ffe000 - 0xff7fe000   ( 120 MB)
    lowmem  : 0xc0000000 - 0xf77fe000   ( 887 MB)
      .init : 0xc513f000 - 0xc51d3000   ( 592 kB)
      .data : 0xc4bc4a64 - 0xc511d140   (5473 kB)
      .text : 0xc4000000 - 0xc4bc4a64   (12050 kB)
[    0.000000] Checking if this processor honours the WP bit even in supervisor mode...Ok.
[    0.000000] Hierarchical RCU implementation.
[    0.000000] 	RCU restricting CPUs from NR_CPUS=8 to nr_cpu_ids=2.
[    0.000000] RCU: Adjusting geometry for rcu_fanout_leaf=16, nr_cpu_ids=2
[    0.000000] NR_IRQS: 2304, nr_irqs: 56, preallocated irqs: 16
[    0.000000] CPU 0 irqstacks, hard=(ptrval) soft=(ptrval)
[    0.000000] Console: colour VGA+ 80x25
[    0.000000] console [tty0] enabled
[    0.000000] Lock dependency validator: Copyright (c) 2006 Red Hat, Inc., Ingo Molnar
[    0.000000] ... MAX_LOCKDEP_SUBCLASSES:  8
[    0.000000] ... MAX_LOCK_DEPTH:          48
[    0.000000] ... MAX_LOCKDEP_KEYS:        8191
[    0.000000] ... CLASSHASH_SIZE:          4096
[    0.000000] ... MAX_LOCKDEP_ENTRIES:     32768
[    0.000000] ... MAX_LOCKDEP_CHAINS:      65536
[    0.000000] ... CHAINHASH_SIZE:          32768
[    0.000000]  memory used by lock dependency info: 4383 kB
[    0.000000]  per task-struct memory footprint: 1344 bytes
[    0.000000] ACPI: Core revision 20180313
[    0.000000] clocksource: hpet: mask: 0xffffffff max_cycles: 0xffffffff, max_idle_ns: 133484882848 ns
[    0.000000] hpet clockevent registered
[    0.000000] APIC: Switch to symmetric I/O mode setup
[    0.000000] Enabling APIC mode:  Flat.  Using 1 I/O APICs
[    0.000000] ..TIMER: vector=0x30 apic1=0 pin1=2 apic2=-1 pin2=-1
[    0.020000] tsc: Fast TSC calibration using PIT
[    0.024000] tsc: Detected 1828.694 MHz processor
[    0.024000] clocksource: tsc-early: mask: 0xffffffffffffffff max_cycles: 0x1a5c0bcec6d, max_idle_ns: 440795275078 ns
[    0.024000] Calibrating delay loop (skipped), value calculated using timer frequency.. 3657.38 BogoMIPS (lpj=7314776)
[    0.024000] pid_max: default: 32768 minimum: 301
[    0.024000] Mount-cache hash table entries: 2048 (order: 1, 8192 bytes)
[    0.024000] Mountpoint-cache hash table entries: 2048 (order: 1, 8192 bytes)
[    0.024000] Disabled fast string operations
[    0.024000] CPU: Physical Processor ID: 0
[    0.024000] CPU: Processor Core ID: 0
[    0.024000] process: using mwait in idle threads
[    0.024000] Last level iTLB entries: 4KB 128, 2MB 0, 4MB 2
[    0.024000] Last level dTLB entries: 4KB 128, 2MB 0, 4MB 8, 1GB 0
[    0.024000] Spectre V2 : Mitigation: Full generic retpoline
[    0.024000] Spectre V2 : Spectre v2 mitigation: Filling RSB on context switch
[    0.024000] Freeing SMP alternatives memory: 44K
[    0.032000] smpboot: CPU0: Genuine Intel(R) CPU           T2400  @ 1.83GHz (family: 0x6, model: 0xe, stepping: 0x8)
[    0.032000] Performance Events: Core events, core PMU driver.
[    0.032000] ... version:                1
[    0.032000] ... bit width:              40
[    0.032000] ... generic registers:      2
[    0.032000] ... value mask:             000000ffffffffff
[    0.032000] ... max period:             000000007fffffff
[    0.032000] ... fixed-purpose events:   0
[    0.032000] ... event mask:             0000000000000003
[    0.032000] Hierarchical SRCU implementation.
[    0.032000] smp: Bringing up secondary CPUs ...
[    0.032082] NMI watchdog: Enabled. Permanently consumes one hw-PMU counter.
[    0.033052] CPU 1 irqstacks, hard=8d605e33 soft=c5f47aef
[    0.033056] x86: Booting SMP configuration:
[    0.033139] .... node  #0, CPUs:      #1
[    0.004000] Initializing CPU#1
[    0.004000] Disabled fast string operations
[    0.035605] TSC synchronization [CPU#0 -> CPU#1]:
[    0.035918] Measured 579975 cycles TSC warp between CPUs, turning off TSC clock.
[    0.036000] tsc: Marking TSC unstable due to check_tsc_sync_source failed
[    0.036117] smp: Brought up 1 node, 2 CPUs
[    0.036117] smpboot: Max logical packages: 1
[    0.036168] smpboot: Total of 2 processors activated (7314.77 BogoMIPS)
[    0.037861] devtmpfs: initialized
[    0.037861] PM: Registering ACPI NVS region [mem 0xbf6df000-0xbf6fffff] (135168 bytes)
[    0.040025] clocksource: jiffies: mask: 0xffffffff max_cycles: 0xffffffff, max_idle_ns: 7645041785100000 ns
[    0.040197] futex hash table entries: 512 (order: 3, 32768 bytes)
[    0.040991] NET: Registered protocol family 16
[    0.042564] cpuidle: using governor ladder
[    0.042727] cpuidle: using governor menu
[    0.042952] Simple Boot Flag at 0x35 set to 0x1
[    0.043068] ACPI FADT declares the system doesn't support PCIe ASPM, so disable it
[    0.043168] ACPI: bus type PCI registered
[    0.043472] PCI: MMCONFIG for domain 0000 [bus 00-3f] at [mem 0xf0000000-0xf3ffffff] (base 0xf0000000)
[    0.043591] PCI: MMCONFIG at [mem 0xf0000000-0xf3ffffff] reserved in E820
[    0.043678] PCI: Using MMCONFIG for extended config space
[    0.044024] PCI: Using configuration type 1 for base access
[    0.044495] mtrr: your CPUs had inconsistent variable MTRR settings
[    0.044581] mtrr: probably your BIOS does not setup all CPUs.
[    0.044663] mtrr: corrected configuration.
[    0.109445] ACPI: Added _OSI(Module Device)
[    0.109445] ACPI: Added _OSI(Processor Device)
[    0.109445] ACPI: Added _OSI(3.0 _SCP Extensions)
[    0.109445] ACPI: Added _OSI(Processor Aggregator Device)
[    0.109445] ACPI: Added _OSI(Linux-Dell-Video)
[    0.109470] ACPI: EC: EC started
[    0.109543] ACPI: EC: interrupt blocked
[    0.109672] ACPI: \: Used as first EC
[    0.109748] ACPI: \: GPE=0x1c, EC_CMD/EC_SC=0x66, EC_DATA=0x62
[    0.109834] ACPI: \: Used as boot ECDT EC to handle transactions
[    0.177725] ACPI: 6 ACPI AML tables successfully acquired and loaded
[    0.211073] ACPI: Dynamic OEM Table Load:
[    0.211170] ACPI: SSDT 0x00000000F5977C00 000240 (v01 PmRef  Cpu0Ist  00000100 INTL 20050513)
[    0.212706] ACPI: Dynamic OEM Table Load:
[    0.212802] ACPI: SSDT 0x00000000F529A800 00065A (v01 PmRef  Cpu0Cst  00000100 INTL 20050513)
[    0.216414] ACPI: Dynamic OEM Table Load:
[    0.216509] ACPI: SSDT 0x00000000F5395500 0000C8 (v01 PmRef  Cpu1Ist  00000100 INTL 20050513)
[    0.217421] ACPI: Dynamic OEM Table Load:
[    0.217514] ACPI: SSDT 0x00000000F4D09E40 000085 (v01 PmRef  Cpu1Cst  00000100 INTL 20050513)
[    0.217972] ACPI: Interpreter enabled
[    0.217972] ACPI: (supports S0 S3 S4 S5)
[    0.217972] ACPI: Using IOAPIC for interrupt routing
[    0.217985] PCI: Using host bridge windows from ACPI; if necessary, use "pci=nocrs" and report a bug
[    0.220651] ACPI: Enabled 4 GPEs in block 00 to 1F
[    0.245646] ACPI: Power Resource [PUBS] (on)
[    0.246802] acpi PNP0C0A:01: ACPI dock station (docks/bays count: 1)
[    0.254672] acpi LNXIOBAY:00: ACPI dock station (docks/bays count: 2)
[    0.270401] acpi IBM0079:00: ACPI dock station (docks/bays count: 3)
[    0.272858] ACPI: PCI Interrupt Link [LNKA] (IRQs 3 4 5 6 7 9 10 *11)
[    0.273722] ACPI: PCI Interrupt Link [LNKB] (IRQs 3 4 5 6 7 9 10 *11)
[    0.274586] ACPI: PCI Interrupt Link [LNKC] (IRQs 3 4 5 6 7 9 10 *11)
[    0.275448] ACPI: PCI Interrupt Link [LNKD] (IRQs 3 4 5 6 7 9 10 *11)
[    0.276324] ACPI: PCI Interrupt Link [LNKE] (IRQs 3 4 5 6 7 9 10 *11)
[    0.277187] ACPI: PCI Interrupt Link [LNKF] (IRQs 3 4 5 6 7 9 10 *11)
[    0.278050] ACPI: PCI Interrupt Link [LNKG] (IRQs 3 4 5 6 7 9 10 *11)
[    0.278913] ACPI: PCI Interrupt Link [LNKH] (IRQs 3 4 5 6 7 9 10 *11)
[    0.279476] ACPI: PCI Root Bridge [PCI0] (domain 0000 [bus 00-ff])
[    0.279577] acpi PNP0A08:00: _OSC: OS supports [ExtendedConfig ASPM ClockPM Segments]
[    0.280633] acpi PNP0A08:00: _OSC: not requesting OS control; OS requires [ExtendedConfig ASPM ClockPM MSI]
[    0.280769] acpi PNP0A08:00: [Firmware Info]: MMCONFIG for domain 0000 [bus 00-3f] only partially covers this bridge
[    0.281140] PCI host bridge to bus 0000:00
[    0.281222] pci_bus 0000:00: root bus resource [io  0x0000-0x0cf7 window]
[    0.281315] pci_bus 0000:00: root bus resource [io  0x0d00-0xffff window]
[    0.281408] pci_bus 0000:00: root bus resource [mem 0x000a0000-0x000bffff window]
[    0.281505] pci_bus 0000:00: root bus resource [mem 0x000d0000-0x000d3fff window]
[    0.281602] pci_bus 0000:00: root bus resource [mem 0x000d4000-0x000d7fff window]
[    0.281700] pci_bus 0000:00: root bus resource [mem 0x000d8000-0x000dbfff window]
[    0.281797] pci_bus 0000:00: root bus resource [mem 0xc0000000-0xfebfffff window]
[    0.281894] pci_bus 0000:00: root bus resource [mem 0xfed40000-0xfed40fff window]
[    0.281991] pci_bus 0000:00: root bus resource [bus 00-ff]
[    0.282108] pci 0000:00:00.0: [8086:27a0] type 00 class 0x060000
[    0.282570] pci 0000:00:02.0: [8086:27a2] type 00 class 0x030000
[    0.282593] pci 0000:00:02.0: reg 0x10: [mem 0xee100000-0xee17ffff]
[    0.282604] pci 0000:00:02.0: reg 0x14: [io  0x1800-0x1807]
[    0.282615] pci 0000:00:02.0: reg 0x18: [mem 0xd0000000-0xdfffffff pref]
[    0.282626] pci 0000:00:02.0: reg 0x1c: [mem 0xee200000-0xee23ffff]
[    0.283087] pci 0000:00:02.1: [8086:27a6] type 00 class 0x038000
[    0.283107] pci 0000:00:02.1: reg 0x10: [mem 0xee180000-0xee1fffff]
[    0.283604] pci 0000:00:1b.0: [8086:27d8] type 00 class 0x040300
[    0.283649] pci 0000:00:1b.0: reg 0x10: [mem 0xee240000-0xee243fff 64bit]
[    0.283811] pci 0000:00:1b.0: PME# supported from D0 D3hot D3cold
[    0.284297] pci 0000:00:1c.0: [8086:27d0] type 01 class 0x060400
[    0.284474] pci 0000:00:1c.0: PME# supported from D0 D3hot D3cold
[    0.284928] pci 0000:00:1c.1: [8086:27d2] type 01 class 0x060400
[    0.285105] pci 0000:00:1c.1: PME# supported from D0 D3hot D3cold
[    0.285553] pci 0000:00:1c.2: [8086:27d4] type 01 class 0x060400
[    0.285730] pci 0000:00:1c.2: PME# supported from D0 D3hot D3cold
[    0.286178] pci 0000:00:1c.3: [8086:27d6] type 01 class 0x060400
[    0.286355] pci 0000:00:1c.3: PME# supported from D0 D3hot D3cold
[    0.286807] pci 0000:00:1d.0: [8086:27c8] type 00 class 0x0c0300
[    0.286886] pci 0000:00:1d.0: reg 0x20: [io  0x1820-0x183f]
[    0.287343] pci 0000:00:1d.1: [8086:27c9] type 00 class 0x0c0300
[    0.287422] pci 0000:00:1d.1: reg 0x20: [io  0x1840-0x185f]
[    0.287880] pci 0000:00:1d.2: [8086:27ca] type 00 class 0x0c0300
[    0.287959] pci 0000:00:1d.2: reg 0x20: [io  0x1860-0x187f]
[    0.288427] pci 0000:00:1d.3: [8086:27cb] type 00 class 0x0c0300
[    0.288506] pci 0000:00:1d.3: reg 0x20: [io  0x1880-0x189f]
[    0.288949] pci 0000:00:1d.7: [8086:27cc] type 00 class 0x0c0320
[    0.288986] pci 0000:00:1d.7: reg 0x10: [mem 0xee444000-0xee4443ff]
[    0.289129] pci 0000:00:1d.7: PME# supported from D0 D3hot D3cold
[    0.289556] pci 0000:00:1e.0: [8086:2448] type 01 class 0x060401
[    0.290079] pci 0000:00:1f.0: [8086:27b9] type 00 class 0x060100
[    0.290238] pci 0000:00:1f.0: quirk: [io  0x1000-0x107f] claimed by ICH6 ACPI/GPIO/TCO
[    0.290342] pci 0000:00:1f.0: quirk: [io  0x1180-0x11bf] claimed by ICH6 GPIO
[    0.290439] pci 0000:00:1f.0: ICH7 LPC Generic IO decode 1 PIO at 1600 (mask 007f)
[    0.290538] pci 0000:00:1f.0: ICH7 LPC Generic IO decode 2 PIO at 15e0 (mask 000f)
[    0.290637] pci 0000:00:1f.0: ICH7 LPC Generic IO decode 3 PIO at 1680 (mask 001f)
[    0.291170] pci 0000:00:1f.1: [8086:27df] type 00 class 0x01018a
[    0.291201] pci 0000:00:1f.1: reg 0x10: [io  0x0000-0x0007]
[    0.291217] pci 0000:00:1f.1: reg 0x14: [io  0x0000-0x0003]
[    0.291233] pci 0000:00:1f.1: reg 0x18: [io  0x0000-0x0007]
[    0.291250] pci 0000:00:1f.1: reg 0x1c: [io  0x0000-0x0003]
[    0.291266] pci 0000:00:1f.1: reg 0x20: [io  0x1810-0x181f]
[    0.291300] pci 0000:00:1f.1: legacy IDE quirk: reg 0x10: [io  0x01f0-0x01f7]
[    0.291395] pci 0000:00:1f.1: legacy IDE quirk: reg 0x14: [io  0x03f6]
[    0.291486] pci 0000:00:1f.1: legacy IDE quirk: reg 0x18: [io  0x0170-0x0177]
[    0.291580] pci 0000:00:1f.1: legacy IDE quirk: reg 0x1c: [io  0x0376]
[    0.292088] pci 0000:00:1f.2: [8086:27c5] type 00 class 0x010601
[    0.292124] pci 0000:00:1f.2: reg 0x10: [io  0x18d0-0x18d7]
[    0.292140] pci 0000:00:1f.2: reg 0x14: [io  0x18c4-0x18c7]
[    0.292157] pci 0000:00:1f.2: reg 0x18: [io  0x18c8-0x18cf]
[    0.292174] pci 0000:00:1f.2: reg 0x1c: [io  0x18c0-0x18c3]
[    0.292190] pci 0000:00:1f.2: reg 0x20: [io  0x18b0-0x18bf]
[    0.292207] pci 0000:00:1f.2: reg 0x24: [mem 0xee444400-0xee4447ff]
[    0.292291] pci 0000:00:1f.2: PME# supported from D3hot
[    0.292724] pci 0000:00:1f.3: [8086:27da] type 00 class 0x0c0500
[    0.292822] pci 0000:00:1f.3: reg 0x20: [io  0x18e0-0x18ff]
[    0.293507] pci 0000:02:00.0: [8086:109a] type 00 class 0x020000
[    0.293572] pci 0000:02:00.0: reg 0x10: [mem 0xee000000-0xee01ffff]
[    0.293620] pci 0000:02:00.0: reg 0x18: [io  0x2000-0x201f]
[    0.293874] pci 0000:02:00.0: PME# supported from D0 D3hot D3cold
[    0.294241] pci 0000:00:1c.0: PCI bridge to [bus 02]
[    0.294329] pci 0000:00:1c.0:   bridge window [io  0x2000-0x2fff]
[    0.294337] pci 0000:00:1c.0:   bridge window [mem 0xee000000-0xee0fffff]
[    0.294605] pci 0000:03:00.0: [8086:4227] type 00 class 0x028000
[    0.294714] pci 0000:03:00.0: reg 0x10: [mem 0xedf00000-0xedf00fff]
[    0.295220] pci 0000:03:00.0: PME# supported from D0 D3hot D3cold
[    0.295631] pci 0000:00:1c.1: PCI bridge to [bus 03]
[    0.295718] pci 0000:00:1c.1:   bridge window [io  0x3000-0x4fff]
[    0.295726] pci 0000:00:1c.1:   bridge window [mem 0xec000000-0xedffffff]
[    0.295738] pci 0000:00:1c.1:   bridge window [mem 0xe4000000-0xe40fffff 64bit pref]
[    0.295888] pci 0000:00:1c.2: PCI bridge to [bus 04-0b]
[    0.295977] pci 0000:00:1c.2:   bridge window [io  0x5000-0x6fff]
[    0.295985] pci 0000:00:1c.2:   bridge window [mem 0xe8000000-0xe9ffffff]
[    0.296006] pci 0000:00:1c.2:   bridge window [mem 0xe4100000-0xe41fffff 64bit pref]
[    0.296155] pci 0000:00:1c.3: PCI bridge to [bus 0c-13]
[    0.296245] pci 0000:00:1c.3:   bridge window [io  0x7000-0x8fff]
[    0.296253] pci 0000:00:1c.3:   bridge window [mem 0xea000000-0xebffffff]
[    0.296264] pci 0000:00:1c.3:   bridge window [mem 0xe4200000-0xe42fffff 64bit pref]
[    0.296417] pci 0000:15:00.0: [1180:0476] type 02 class 0x060700
[    0.296455] pci 0000:15:00.0: reg 0x10: [mem 0xe4300000-0xe4300fff]
[    0.296530] pci 0000:15:00.0: supports D1 D2
[    0.296534] pci 0000:15:00.0: PME# supported from D0 D1 D2 D3hot D3cold
[    0.296801] pci 0000:15:00.1: [1180:0552] type 00 class 0x0c0010
[    0.296837] pci 0000:15:00.1: reg 0x10: [mem 0xe4301000-0xe43017ff]
[    0.296984] pci 0000:15:00.1: PME# supported from D0 D3hot D3cold
[    0.297195] pci 0000:15:00.2: [1180:0822] type 00 class 0x080500
[    0.297230] pci 0000:15:00.2: reg 0x10: [mem 0xe4301800-0xe43018ff]
[    0.297378] pci 0000:15:00.2: supports D1 D2
[    0.297382] pci 0000:15:00.2: PME# supported from D0 D1 D2 D3hot D3cold
[    0.297656] pci 0000:00:1e.0: PCI bridge to [bus 15-18] (subtractive decode)
[    0.297754] pci 0000:00:1e.0:   bridge window [io  0x9000-0xcfff]
[    0.297762] pci 0000:00:1e.0:   bridge window [mem 0xe4300000-0xe7ffffff]
[    0.297774] pci 0000:00:1e.0:   bridge window [mem 0xe0000000-0xe3ffffff 64bit pref]
[    0.297779] pci 0000:00:1e.0:   bridge window [io  0x0000-0x0cf7 window] (subtractive decode)
[    0.297784] pci 0000:00:1e.0:   bridge window [io  0x0d00-0xffff window] (subtractive decode)
[    0.297789] pci 0000:00:1e.0:   bridge window [mem 0x000a0000-0x000bffff window] (subtractive decode)
[    0.297794] pci 0000:00:1e.0:   bridge window [mem 0x000d0000-0x000d3fff window] (subtractive decode)
[    0.297799] pci 0000:00:1e.0:   bridge window [mem 0x000d4000-0x000d7fff window] (subtractive decode)
[    0.297803] pci 0000:00:1e.0:   bridge window [mem 0x000d8000-0x000dbfff window] (subtractive decode)
[    0.297808] pci 0000:00:1e.0:   bridge window [mem 0xc0000000-0xfebfffff window] (subtractive decode)
[    0.297813] pci 0000:00:1e.0:   bridge window [mem 0xfed40000-0xfed40fff window] (subtractive decode)
[    0.297956] pci_bus 0000:16: busn_res: [bus 16-18] end is updated to 17
[    0.298013] pci_bus 0000:00: on NUMA node 0
[    0.304222] ACPI: EC: interrupt unblocked
[    0.304339] ACPI: EC: event unblocked
[    0.304448] ACPI: \_SB_.PCI0.LPC_.EC__: GPE=0x1c, EC_CMD/EC_SC=0x66, EC_DATA=0x62
[    0.304550] ACPI: \_SB_.PCI0.LPC_.EC__: Used as boot DSDT EC to handle transactions and events
[    0.305267] pci 0000:00:02.0: vgaarb: setting as boot VGA device
[    0.305358] pci 0000:00:02.0: vgaarb: VGA device added: decodes=io+mem,owns=io+mem,locks=none
[    0.305494] pci 0000:00:02.0: vgaarb: bridge control possible
[    0.305577] vgaarb: loaded
[    0.306197] SCSI subsystem initialized
[    0.306568] libata version 3.00 loaded.
[    0.306774] ACPI: bus type USB registered
[    0.306989] usbcore: registered new interface driver usbfs
[    0.307140] usbcore: registered new interface driver hub
[    0.307286] usbcore: registered new device driver usb
[    0.307496] media: Linux media interface: v0.10
[    0.307623] Linux video capture interface: v2.00
[    0.307761] pps_core: LinuxPPS API ver. 1 registered
[    0.307841] pps_core: Software ver. 5.3.6 - Copyright 2005-2007 Rodolfo Giometti <giometti@linux.it>
[    0.307988] PTP clock support registered
[    0.308728] EDAC MC: Ver: 3.0.0
[    0.309707] Advanced Linux Sound Architecture Driver Initialized.
[    0.309945] PCI: Using ACPI for IRQ routing
[    0.313121] PCI: pci_cache_line_size set to 64 bytes
[    0.313451] e820: reserve RAM buffer [mem 0x0009f000-0x0009ffff]
[    0.313457] e820: reserve RAM buffer [mem 0xbf6d0000-0xbfffffff]
[    0.314089] Bluetooth: Core ver 2.22
[    0.314231] NET: Registered protocol family 31
[    0.314308] Bluetooth: HCI device and connection manager initialized
[    0.314410] Bluetooth: HCI socket layer initialized
[    0.314492] Bluetooth: L2CAP socket layer initialized
[    0.314613] Bluetooth: SCO socket layer initialized
[    0.315094] clocksource: Switched to clocksource tsc-early
[    0.315094] pnp: PnP ACPI init
[    0.316202] system 00:00: [mem 0x00000000-0x0009ffff] could not be reserved
[    0.316303] system 00:00: [mem 0x000c0000-0x000c3fff] could not be reserved
[    0.316400] system 00:00: [mem 0x000c4000-0x000c7fff] could not be reserved
[    0.316496] system 00:00: [mem 0x000c8000-0x000cbfff] has been reserved
[    0.316589] system 00:00: [mem 0x000cc000-0x000cffff] has been reserved
[    0.316684] system 00:00: [mem 0x000dc000-0x000dffff] could not be reserved
[    0.316781] system 00:00: [mem 0x000e0000-0x000e3fff] could not be reserved
[    0.316878] system 00:00: [mem 0x000e4000-0x000e7fff] could not be reserved
[    0.316975] system 00:00: [mem 0x000e8000-0x000ebfff] could not be reserved
[    0.317073] system 00:00: [mem 0x000ec000-0x000effff] could not be reserved
[    0.317171] system 00:00: [mem 0x000f0000-0x000fffff] could not be reserved
[    0.317276] system 00:00: [mem 0x00100000-0xbfffffff] could not be reserved
[    0.317373] system 00:00: [mem 0xfec00000-0xfed3ffff] could not be reserved
[    0.317470] system 00:00: [mem 0xfed41000-0xffffffff] could not be reserved
[    0.317615] system 00:00: Plug and Play ACPI device, IDs PNP0c01 (active)
[    0.318115] system 00:01: [io  0x164e-0x164f] has been reserved
[    0.318207] system 00:01: [io  0x1000-0x107f] has been reserved
[    0.318297] system 00:01: [io  0x1180-0x11bf] has been reserved
[    0.318388] system 00:01: [io  0x0800-0x080f] has been reserved
[    0.318478] system 00:01: [io  0x15e0-0x15ef] has been reserved
[    0.318570] system 00:01: [io  0x1600-0x165f] could not be reserved
[    0.318663] system 00:01: [mem 0xf0000000-0xf3ffffff] has been reserved
[    0.318756] system 00:01: [mem 0xfed1c000-0xfed1ffff] has been reserved
[    0.318850] system 00:01: [mem 0xfed14000-0xfed17fff] has been reserved
[    0.318944] system 00:01: [mem 0xfed18000-0xfed18fff] has been reserved
[    0.319038] system 00:01: [mem 0xfed19000-0xfed19fff] has been reserved
[    0.319164] system 00:01: Plug and Play ACPI device, IDs PNP0c02 (active)
[    0.319473] pnp 00:02: Plug and Play ACPI device, IDs PNP0b00 (active)
[    0.319616] pnp 00:03: Plug and Play ACPI device, IDs PNP0303 (active)
[    0.319750] pnp 00:04: Plug and Play ACPI device, IDs IBM3780 PNP0f13 (active)
[    0.320517] pnp 00:05: [dma 3]
[    0.320731] pnp 00:05: Plug and Play ACPI device, IDs IBM0071 PNP0511 (active)
[    0.320973] pnp 00:06: Plug and Play ACPI device, IDs ATM1200 PNP0c31 (active)
[    0.323100] pnp: PnP ACPI: found 7 devices
[    0.370920] clocksource: acpi_pm: mask: 0xffffff max_cycles: 0xffffff, max_idle_ns: 2085701024 ns
[    0.371070] pci 0000:00:1c.0: bridge window [mem 0x00100000-0x000fffff 64bit pref] to [bus 02] add_size 200000 add_align 100000
[    0.371157] pci 0000:00:1c.0: BAR 9: assigned [mem 0xc0000000-0xc01fffff 64bit pref]
[    0.371255] pci 0000:00:1c.0: PCI bridge to [bus 02]
[    0.371337] pci 0000:00:1c.0:   bridge window [io  0x2000-0x2fff]
[    0.371428] pci 0000:00:1c.0:   bridge window [mem 0xee000000-0xee0fffff]
[    0.371521] pci 0000:00:1c.0:   bridge window [mem 0xc0000000-0xc01fffff 64bit pref]
[    0.371622] pci 0000:00:1c.1: PCI bridge to [bus 03]
[    0.371704] pci 0000:00:1c.1:   bridge window [io  0x3000-0x4fff]
[    0.371795] pci 0000:00:1c.1:   bridge window [mem 0xec000000-0xedffffff]
[    0.371888] pci 0000:00:1c.1:   bridge window [mem 0xe4000000-0xe40fffff 64bit pref]
[    0.371988] pci 0000:00:1c.2: PCI bridge to [bus 04-0b]
[    0.372071] pci 0000:00:1c.2:   bridge window [io  0x5000-0x6fff]
[    0.372162] pci 0000:00:1c.2:   bridge window [mem 0xe8000000-0xe9ffffff]
[    0.372254] pci 0000:00:1c.2:   bridge window [mem 0xe4100000-0xe41fffff 64bit pref]
[    0.372354] pci 0000:00:1c.3: PCI bridge to [bus 0c-13]
[    0.372437] pci 0000:00:1c.3:   bridge window [io  0x7000-0x8fff]
[    0.372528] pci 0000:00:1c.3:   bridge window [mem 0xea000000-0xebffffff]
[    0.372621] pci 0000:00:1c.3:   bridge window [mem 0xe4200000-0xe42fffff 64bit pref]
[    0.372734] pci 0000:15:00.0: BAR 9: assigned [mem 0xe0000000-0xe3ffffff pref]
[    0.372831] pci 0000:15:00.0: BAR 10: assigned [mem 0xc4000000-0xc7ffffff]
[    0.372921] pci 0000:15:00.0: BAR 7: assigned [io  0x9000-0x90ff]
[    0.373007] pci 0000:15:00.0: BAR 8: assigned [io  0x9400-0x94ff]
[    0.373101] pci 0000:15:00.0: CardBus bridge to [bus 16-17]
[    0.373185] pci 0000:15:00.0:   bridge window [io  0x9000-0x90ff]
[    0.373281] pci 0000:15:00.0:   bridge window [io  0x9400-0x94ff]
[    0.373370] pci 0000:15:00.0:   bridge window [mem 0xe0000000-0xe3ffffff pref]
[    0.373465] pci 0000:15:00.0:   bridge window [mem 0xc4000000-0xc7ffffff]
[    0.373558] pci 0000:00:1e.0: PCI bridge to [bus 15-18]
[    0.373641] pci 0000:00:1e.0:   bridge window [io  0x9000-0xcfff]
[    0.373731] pci 0000:00:1e.0:   bridge window [mem 0xe4300000-0xe7ffffff]
[    0.373823] pci 0000:00:1e.0:   bridge window [mem 0xe0000000-0xe3ffffff 64bit pref]
[    0.373925] pci_bus 0000:00: resource 4 [io  0x0000-0x0cf7 window]
[    0.373929] pci_bus 0000:00: resource 5 [io  0x0d00-0xffff window]
[    0.373934] pci_bus 0000:00: resource 6 [mem 0x000a0000-0x000bffff window]
[    0.373938] pci_bus 0000:00: resource 7 [mem 0x000d0000-0x000d3fff window]
[    0.373942] pci_bus 0000:00: resource 8 [mem 0x000d4000-0x000d7fff window]
[    0.373946] pci_bus 0000:00: resource 9 [mem 0x000d8000-0x000dbfff window]
[    0.373950] pci_bus 0000:00: resource 10 [mem 0xc0000000-0xfebfffff window]
[    0.373955] pci_bus 0000:00: resource 11 [mem 0xfed40000-0xfed40fff window]
[    0.373959] pci_bus 0000:02: resource 0 [io  0x2000-0x2fff]
[    0.373963] pci_bus 0000:02: resource 1 [mem 0xee000000-0xee0fffff]
[    0.373967] pci_bus 0000:02: resource 2 [mem 0xc0000000-0xc01fffff 64bit pref]
[    0.373971] pci_bus 0000:03: resource 0 [io  0x3000-0x4fff]
[    0.373976] pci_bus 0000:03: resource 1 [mem 0xec000000-0xedffffff]
[    0.373980] pci_bus 0000:03: resource 2 [mem 0xe4000000-0xe40fffff 64bit pref]
[    0.373984] pci_bus 0000:04: resource 0 [io  0x5000-0x6fff]
[    0.373988] pci_bus 0000:04: resource 1 [mem 0xe8000000-0xe9ffffff]
[    0.373992] pci_bus 0000:04: resource 2 [mem 0xe4100000-0xe41fffff 64bit pref]
[    0.373997] pci_bus 0000:0c: resource 0 [io  0x7000-0x8fff]
[    0.374001] pci_bus 0000:0c: resource 1 [mem 0xea000000-0xebffffff]
[    0.374005] pci_bus 0000:0c: resource 2 [mem 0xe4200000-0xe42fffff 64bit pref]
[    0.374009] pci_bus 0000:15: resource 0 [io  0x9000-0xcfff]
[    0.374013] pci_bus 0000:15: resource 1 [mem 0xe4300000-0xe7ffffff]
[    0.374017] pci_bus 0000:15: resource 2 [mem 0xe0000000-0xe3ffffff 64bit pref]
[    0.374021] pci_bus 0000:15: resource 4 [io  0x0000-0x0cf7 window]
[    0.374025] pci_bus 0000:15: resource 5 [io  0x0d00-0xffff window]
[    0.374030] pci_bus 0000:15: resource 6 [mem 0x000a0000-0x000bffff window]
[    0.374034] pci_bus 0000:15: resource 7 [mem 0x000d0000-0x000d3fff window]
[    0.374038] pci_bus 0000:15: resource 8 [mem 0x000d4000-0x000d7fff window]
[    0.374042] pci_bus 0000:15: resource 9 [mem 0x000d8000-0x000dbfff window]
[    0.374046] pci_bus 0000:15: resource 10 [mem 0xc0000000-0xfebfffff window]
[    0.374050] pci_bus 0000:15: resource 11 [mem 0xfed40000-0xfed40fff window]
[    0.374055] pci_bus 0000:16: resource 0 [io  0x9000-0x90ff]
[    0.374059] pci_bus 0000:16: resource 1 [io  0x9400-0x94ff]
[    0.374063] pci_bus 0000:16: resource 2 [mem 0xe0000000-0xe3ffffff pref]
[    0.374067] pci_bus 0000:16: resource 3 [mem 0xc4000000-0xc7ffffff]
[    0.374529] NET: Registered protocol family 2
[    0.375257] tcp_listen_portaddr_hash hash table entries: 512 (order: 2, 20480 bytes)
[    0.375410] TCP established hash table entries: 8192 (order: 3, 32768 bytes)
[    0.375573] TCP bind hash table entries: 8192 (order: 6, 294912 bytes)
[    0.376157] TCP: Hash tables configured (established 8192 bind 8192)
[    0.376866] UDP hash table entries: 512 (order: 3, 40960 bytes)
[    0.377025] UDP-Lite hash table entries: 512 (order: 3, 40960 bytes)
[    0.377347] NET: Registered protocol family 1
[    0.377718] RPC: Registered named UNIX socket transport module.
[    0.377808] RPC: Registered udp transport module.
[    0.377892] RPC: Registered tcp transport module.
[    0.377971] RPC: Registered tcp NFSv4.1 backchannel transport module.
[    0.378868] pci 0000:00:02.0: Video device with shadowed ROM at [mem 0x000c0000-0x000dffff]
[    0.383149] PCI: CLS mismatch (64 != 32), using 64 bytes
[    0.385895] Initialise system trusted keyrings
[    0.386098] workingset: timestamp_bits=30 max_order=20 bucket_order=0
[    0.388945] Installing knfsd (copyright (C) 1996 okir@monad.swb.de).
[    0.389461] ntfs: driver 2.1.32 [Flags: R/W].
[    0.390046] fuse init (API version 7.27)
[    0.390305] pstore: using deflate compression
[    0.393858] Key type asymmetric registered
[    0.393858] Asymmetric key parser 'x509' registered
[    0.393858] bounce: pool size: 64 pages
[    0.394040] Block layer SCSI generic (bsg) driver version 0.4 loaded (major 249)
[    0.394146] io scheduler noop registered
[    0.394221] io scheduler deadline registered
[    0.394333] io scheduler cfq registered (default)
[    0.394413] io scheduler mq-deadline registered
[    0.394519] io scheduler bfq registered
[    0.397610] intel_idle: does not run on family 6 model 14
[    0.398061] ACPI: Deprecated procfs I/F for AC is loaded, please retry with CONFIG_ACPI_PROCFS_POWER cleared
[    0.398089] ACPI: AC Adapter [AC] (on-line)
[    0.398718] input: Lid Switch as /devices/LNXSYSTM:00/LNXSYBUS:00/PNP0C0D:00/input/input0
[    0.399098] ACPI: Lid Switch [LID]
[    0.399400] input: Sleep Button as /devices/LNXSYSTM:00/LNXSYBUS:00/PNP0C0E:00/input/input1
[    0.399556] ACPI: Sleep Button [SLPB]
[    0.399811] input: Power Button as /devices/LNXSYSTM:00/LNXPWRBN:00/input/input2
[    0.400054] ACPI: Power Button [PWRF]
[    0.400583] ACPI: Video Device [VID] (multi-head: yes  rom: no  post: no)
[    0.408447] acpi device:01: registered as cooling_device0
[    0.408956] input: Video Bus as /devices/LNXSYSTM:00/LNXSYBUS:00/PNP0A08:00/LNXVIDEO:00/input/input3
[    0.410764] ACPI Error: No pointer back to namespace node in package e621cf49 (20180313/dsargs-303)
[    0.410922] ACPI Error: Method parse/execution failed \_PR.CPU0._TSS, AE_AML_INTERNAL (20180313/psparse-516)
[    0.411104] ACPI Error: AE_AML_INTERNAL, Evaluating _TSS (20180313/processor_throttling-520)
[    0.413571] ACPI Error: No pointer back to namespace node in package 1621d2c7 (20180313/dsargs-303)
[    0.413726] ACPI Error: Method parse/execution failed \_PR.CPU0._TSS, AE_AML_INTERNAL (20180313/psparse-516)
[    0.413905] ACPI Error: Method parse/execution failed \_PR.CPU1._TSS, AE_AML_INTERNAL (20180313/psparse-516)
[    0.414054] ACPI Error: AE_AML_INTERNAL, Evaluating _TSS (20180313/processor_throttling-520)
[    0.419544] thermal LNXTHERM:00: registered as thermal_zone0
[    0.419635] ACPI: Thermal Zone [THM0] (49 C)
[    0.423641] thermal LNXTHERM:01: registered as thermal_zone1
[    0.423731] ACPI: Thermal Zone [THM1] (49 C)
[    0.424709] Serial: 8250/16550 driver, 4 ports, IRQ sharing disabled
[    0.425481] serial8250: ttyS1 at I/O 0x2f8 (irq = 3, base_baud = 921600) is a NS16550A
[    0.428049] lp: driver loaded but no devices found
[    0.428627] Non-volatile memory driver v1.3
[    0.429114] intel_rng: FWH not detected
[    0.429332] Linux agpgart interface v0.103
[    0.429982] [drm] radeon kernel modesetting enabled.
[    0.431191] pci 0000:00:00.0: Intel 945GM Chipset
[    0.431312] pci 0000:00:00.0: detected gtt size: 262144K total, 262144K mappable
[    0.431988] pci 0000:00:00.0: detected 8192K stolen memory
[    0.432246] [drm] Replacing VGA console driver
[    0.433305] Console: switching to colour dummy device 80x25
[    0.435145] [drm] Supports vblank timestamp caching Rev 2 (21.10.2013).
[    0.435145] [drm] Driver supports precise vblank timestamp query.
[    0.435145] resource sanity check: requesting [mem 0x000c0000-0x000dffff], which spans more than pnp 00:00 [mem 0x000c8000-0x000cbfff]
[    0.435145] caller pci_map_rom+0x58/0xf0 mapping multiple BARs
[    0.436867] i915 0000:00:02.0: vgaarb: changed VGA decodes: olddecodes=io+mem,decodes=io+mem:owns=io+mem
[    0.455441] ACPI: Deprecated procfs I/F for battery is loaded, please retry with CONFIG_ACPI_PROCFS_POWER cleared
[    0.455526] ACPI: Battery Slot [BAT0] (battery present)
[    0.477522] [drm] RC6 disabled, disabling runtime PM support
[    0.477843] [drm] initialized overlay support
[    0.479433] [drm] Initialized i915 1.6.0 20180308 for 0000:00:02.0 on minor 0
[    0.480624] usbcore: registered new interface driver udl
[    0.494935] loop: module loaded
[    0.497306] fbcon: inteldrmfb (fb0) is primary device
[    0.518141] ahci 0000:00:1f.2: version 3.0
[    0.518979] ahci 0000:00:1f.2: AHCI 0001.0100 32 slots 4 ports 1.5 Gbps 0x1 impl SATA mode
[    0.518985] ahci 0000:00:1f.2: flags: 64bit ncq pm led clo pio slum part 
[    0.521446] scsi host0: ahci
[    0.521997] scsi host1: ahci
[    0.522503] scsi host2: ahci
[    0.523034] scsi host3: ahci
[    0.523268] ata1: SATA max UDMA/133 abar m1024@0xee444400 port 0xee444500 irq 16
[    0.523268] ata2: DUMMY
[    0.523268] ata3: DUMMY
[    0.523268] ata4: DUMMY
[    0.523268] ata_piix 0000:00:1f.1: version 2.13
[    0.526562] scsi host4: ata_piix
[    0.527092] scsi host5: ata_piix
[    0.527092] ata5: PATA max UDMA/100 cmd 0x1f0 ctl 0x3f6 bmdma 0x1810 irq 14
[    0.527092] ata6: PATA max UDMA/100 cmd 0x170 ctl 0x376 bmdma 0x1818 irq 15
[    0.527956] tun: Universal TUN/TAP device driver, 1.6
[    0.529259] e1000: Intel(R) PRO/1000 Network Driver - version 7.3.21-k8-NAPI
[    0.529261] e1000: Copyright (c) 1999-2006 Intel Corporation.
[    0.529337] e1000e: Intel(R) PRO/1000 Network Driver - 3.2.6-k
[    0.529339] e1000e: Copyright(c) 1999 - 2015 Intel Corporation.
[    0.529454] e1000e 0000:02:00.0: Disabling ASPM  L1
[    0.529458] e1000e 0000:02:00.0: can't disable ASPM; OS doesn't have ASPM control
[    0.529886] e1000e 0000:02:00.0: Interrupt Throttling Rate (ints/sec) set to dynamic conservative mode
[    0.530598] ata6: port disabled--ignoring
[    0.621037] e1000e 0000:02:00.0 eth0: (PCI Express:2.5GT/s:Width x1) 00:16:d3:25:19:04
[    0.621037] e1000e 0000:02:00.0 eth0: Intel(R) PRO/1000 Network Connection
[    0.621117] e1000e 0000:02:00.0 eth0: MAC: 2, PHY: 2, PBA No: 005302-003
[    0.621411] PPP generic driver version 2.4.2
[    0.621610] PPP BSD Compression module registered
[    0.621610] PPP Deflate Compression module registered
[    0.621610] SLIP: version 0.8.4-NET3.019-NEWTTY (dynamic channels, max=256).
[    0.621610] CSLIP: code copyright 1989 Regents of the University of California.
[    0.621783] iwl3945: Intel(R) PRO/Wireless 3945ABG/BG Network Connection driver for Linux, in-tree:ds
[    0.621783] iwl3945: Copyright(c) 2003-2011 Intel Corporation
[    0.621783] iwl3945: hw_scan is disabled
[    0.621991] iwl3945 0000:03:00.0: can't disable ASPM; OS doesn't have ASPM control
[    0.676430] iwl3945 0000:03:00.0: Tunable channels: 11 802.11bg, 13 802.11a channels
[    0.676434] iwl3945 0000:03:00.0: Detected Intel Wireless WiFi Link 3945ABG
[    0.677650] ieee80211 phy0: Selected rate control algorithm 'iwl-3945-rs'
[    0.678572] Intel(R) Wireless WiFi driver for Linux
[    0.678574] Copyright(c) 2003- 2015 Intel Corporation
[    0.678810] usbcore: registered new interface driver ax88179_178a
[    0.678855] usbcore: registered new interface driver cdc_ether
[    0.678897] usbcore: registered new interface driver net1080
[    0.678955] usbcore: registered new interface driver cdc_subset
[    0.678999] usbcore: registered new interface driver zaurus
[    0.679055] usbcore: registered new interface driver cdc_ncm
[    0.679145] pci 0000:00:1e.0: enabling device (0005 -> 0007)
[    0.679395] yenta_cardbus 0000:15:00.0: CardBus bridge found [17aa:201c]
[    0.744745] ata1: SATA link up 1.5 Gbps (SStatus 113 SControl 300)
[    0.857386] ata1.00: ACPI cmd ef/02:00:00:00:00:a0 (SET FEATURES) succeeded
[    0.857391] ata1.00: ACPI cmd f5/00:00:00:00:00:a0 (SECURITY FREEZE LOCK) filtered out
[    0.857395] ata1.00: ACPI cmd ef/10:03:00:00:00:a0 (SET FEATURES) filtered out
[    0.901470] ata1.00: ATA-9: ST1000LM014-1EJ164, SM11, max UDMA/133
[    0.901473] ata1.00: 1953525168 sectors, multi 16: LBA48 NCQ (depth 31/32), AA
[    0.925040] clocksource: timekeeping watchdog on CPU1: Marking clocksource 'tsc-early' as unstable because the skew is too large:
[    0.925046] clocksource:                       'hpet' wd_now: 11025b3 wd_last: a04d57 mask: ffffffff
[    0.925051] clocksource:                       'tsc-early' cs_now: 5aaa26f38 cs_last: 57cffbf90 mask: ffffffffffffffff
[    0.925329] clocksource: Switched to clocksource hpet
[    0.946109] ata1.00: ACPI cmd ef/02:00:00:00:00:a0 (SET FEATURES) succeeded
[    0.946114] ata1.00: ACPI cmd f5/00:00:00:00:00:a0 (SECURITY FREEZE LOCK) filtered out
[    0.946118] ata1.00: ACPI cmd ef/10:03:00:00:00:a0 (SET FEATURES) filtered out
[    0.990239] ata1.00: configured for UDMA/133
[    1.111916] Console: switching to colour frame buffer device 102x42
[    1.256093] i915 0000:00:02.0: fb0: inteldrmfb frame buffer device
[    1.259398] scsi 0:0:0:0: Direct-Access     ATA      ST1000LM014-1EJ1 SM11 PQ: 0 ANSI: 5
[    1.263379] sd 0:0:0:0: [sda] 1953525168 512-byte logical blocks: (1.00 TB/932 GiB)
[    1.263402] sd 0:0:0:0: Attached scsi generic sg0 type 0
[    1.266243] sd 0:0:0:0: [sda] 4096-byte physical blocks
[    1.271889] sd 0:0:0:0: [sda] Write Protect is off
[    1.274572] sd 0:0:0:0: [sda] Mode Sense: 00 3a 00 00
[    1.274744] sd 0:0:0:0: [sda] Write cache: enabled, read cache: enabled, doesn't support DPO or FUA
[    1.279475]  sda: sda1 sda2 sda3 sda4
[    1.285059] sd 0:0:0:0: [sda] Attached SCSI disk
[    1.420886] yenta_cardbus 0000:15:00.0: ISA IRQ mask 0x0cb8, PCI irq 16
[    1.423599] yenta_cardbus 0000:15:00.0: Socket status: 30000006
[    1.426327] yenta_cardbus 0000:15:00.0: pcmcia: parent PCI bridge window: [io  0x9000-0xcfff]
[    1.429071] yenta_cardbus 0000:15:00.0: pcmcia: parent PCI bridge window: [mem 0xe4300000-0xe7ffffff]
[    1.431793] pcmcia_socket pcmcia_socket0: cs: memory probe 0xe4300000-0xe7ffffff:
[    1.434551]  excluding 0xe4300000-0xe46cffff
[    1.437391] yenta_cardbus 0000:15:00.0: pcmcia: parent PCI bridge window: [mem 0xe0000000-0xe3ffffff 64bit pref]
[    1.440389] pcmcia_socket pcmcia_socket0: cs: memory probe 0xe0000000-0xe3ffffff:
[    1.443486]  excluding 0xe0000000-0xe3ffffff
[    1.447591] ehci_hcd: USB 2.0 'Enhanced' Host Controller (EHCI) Driver
[    1.450756] ehci-pci: EHCI PCI platform driver
[    1.454441] ehci-pci 0000:00:1d.7: EHCI Host Controller
[    1.457899] ehci-pci 0000:00:1d.7: new USB bus registered, assigned bus number 1
[    1.461131] ehci-pci 0000:00:1d.7: debug port 1
[    1.468206] ehci-pci 0000:00:1d.7: cache line size of 64 is not supported
[    1.468268] ehci-pci 0000:00:1d.7: irq 19, io mem 0xee444000
[    1.484142] ehci-pci 0000:00:1d.7: USB 2.0 started, EHCI 1.00
[    1.487767] usb usb1: New USB device found, idVendor=1d6b, idProduct=0002, bcdDevice= 4.17
[    1.490946] usb usb1: New USB device strings: Mfr=3, Product=2, SerialNumber=1
[    1.494015] usb usb1: Product: EHCI Host Controller
[    1.496965] usb usb1: Manufacturer: Linux 4.17.0-rc1-next-20180416 ehci_hcd
[    1.499909] usb usb1: SerialNumber: 0000:00:1d.7
[    1.503544] hub 1-0:1.0: USB hub found
[    1.506491] hub 1-0:1.0: 8 ports detected
[    1.511320] ohci_hcd: USB 1.1 'Open' Host Controller (OHCI) Driver
[    1.514106] ohci-pci: OHCI PCI platform driver
[    1.516921] uhci_hcd: USB Universal Host Controller Interface driver
[    1.520243] uhci_hcd 0000:00:1d.0: UHCI Host Controller
[    1.523269] uhci_hcd 0000:00:1d.0: new USB bus registered, assigned bus number 2
[    1.526100] uhci_hcd 0000:00:1d.0: detected 2 ports
[    1.528850] uhci_hcd 0000:00:1d.0: irq 16, io base 0x00001820
[    1.532040] usb usb2: New USB device found, idVendor=1d6b, idProduct=0001, bcdDevice= 4.17
[    1.534798] usb usb2: New USB device strings: Mfr=3, Product=2, SerialNumber=1
[    1.537584] usb usb2: Product: UHCI Host Controller
[    1.540341] usb usb2: Manufacturer: Linux 4.17.0-rc1-next-20180416 uhci_hcd
[    1.543096] usb usb2: SerialNumber: 0000:00:1d.0
[    1.546391] hub 2-0:1.0: USB hub found
[    1.549164] hub 2-0:1.0: 2 ports detected
[    1.552946] uhci_hcd 0000:00:1d.1: UHCI Host Controller
[    1.555821] uhci_hcd 0000:00:1d.1: new USB bus registered, assigned bus number 3
[    1.558526] uhci_hcd 0000:00:1d.1: detected 2 ports
[    1.561191] uhci_hcd 0000:00:1d.1: irq 17, io base 0x00001840
[    1.564219] usb usb3: New USB device found, idVendor=1d6b, idProduct=0001, bcdDevice= 4.17
[    1.566860] usb usb3: New USB device strings: Mfr=3, Product=2, SerialNumber=1
[    1.569425] usb usb3: Product: UHCI Host Controller
[    1.571861] usb usb3: Manufacturer: Linux 4.17.0-rc1-next-20180416 uhci_hcd
[    1.574333] usb usb3: SerialNumber: 0000:00:1d.1
[    1.577392] hub 3-0:1.0: USB hub found
[    1.579849] hub 3-0:1.0: 2 ports detected
[    1.583450] uhci_hcd 0000:00:1d.2: UHCI Host Controller
[    1.586081] uhci_hcd 0000:00:1d.2: new USB bus registered, assigned bus number 4
[    1.588508] uhci_hcd 0000:00:1d.2: detected 2 ports
[    1.590933] uhci_hcd 0000:00:1d.2: irq 18, io base 0x00001860
[    1.593790] usb usb4: New USB device found, idVendor=1d6b, idProduct=0001, bcdDevice= 4.17
[    1.596270] usb usb4: New USB device strings: Mfr=3, Product=2, SerialNumber=1
[    1.598683] usb usb4: Product: UHCI Host Controller
[    1.601095] usb usb4: Manufacturer: Linux 4.17.0-rc1-next-20180416 uhci_hcd
[    1.603501] usb usb4: SerialNumber: 0000:00:1d.2
[    1.606529] hub 4-0:1.0: USB hub found
[    1.609017] hub 4-0:1.0: 2 ports detected
[    1.612658] uhci_hcd 0000:00:1d.3: UHCI Host Controller
[    1.615273] uhci_hcd 0000:00:1d.3: new USB bus registered, assigned bus number 5
[    1.617703] uhci_hcd 0000:00:1d.3: detected 2 ports
[    1.620106] uhci_hcd 0000:00:1d.3: irq 19, io base 0x00001880
[    1.622868] usb usb5: New USB device found, idVendor=1d6b, idProduct=0001, bcdDevice= 4.17
[    1.625327] usb usb5: New USB device strings: Mfr=3, Product=2, SerialNumber=1
[    1.627724] usb usb5: Product: UHCI Host Controller
[    1.630155] usb usb5: Manufacturer: Linux 4.17.0-rc1-next-20180416 uhci_hcd
[    1.632569] usb usb5: SerialNumber: 0000:00:1d.3
[    1.635535] hub 5-0:1.0: USB hub found
[    1.637991] hub 5-0:1.0: 2 ports detected
[    1.641250] usbcore: registered new interface driver cdc_acm
[    1.643511] cdc_acm: USB Abstract Control Model driver for USB modems and ISDN adapters
[    1.645997] usbcore: registered new interface driver usblp
[    1.648483] usbcore: registered new interface driver usb-storage
[    1.650876] usbcore: registered new interface driver ums-sddr09
[    1.653339] usbcore: registered new interface driver usbserial_generic
[    1.655670] usbserial: USB Serial support registered for generic
[    1.658050] usbcore: registered new interface driver ch341
[    1.660354] usbserial: USB Serial support registered for ch341-uart
[    1.662676] usbcore: registered new interface driver ftdi_sio
[    1.664975] usbserial: USB Serial support registered for FTDI USB Serial Device
[    1.667385] usbcore: registered new interface driver option
[    1.669729] usbserial: USB Serial support registered for GSM modem (1-port)
[    1.672226] usbcore: registered new interface driver pl2303
[    1.674636] usbserial: USB Serial support registered for pl2303
[    1.677105] usbcore: registered new interface driver ti_usb_3410_5052
[    1.679547] usbserial: USB Serial support registered for TI USB 3410 1 port adapter
[    1.682371] usbserial: USB Serial support registered for TI USB 5052 2 port adapter
[    1.684832] ftdi_elan: driver ftdi-elan
[    1.687235] usbcore: registered new interface driver ftdi-elan
[    1.689833] i8042: PNP: PS/2 Controller [PNP0303:KBD,PNP0f13:MOU] at 0x60,0x64 irq 1,12
[    1.702034] serio: i8042 KBD port at 0x60,0x64 irq 1
[    1.704523] serio: i8042 AUX port at 0x60,0x64 irq 12
[    1.707694] mousedev: PS/2 mouse device common for all mice
[    1.711270] input: PC Speaker as /devices/platform/pcspkr/input/input4
[    1.714501] rtc_cmos 00:02: RTC can wake from S4
[    1.717508] rtc_cmos 00:02: registered as rtc0
[    1.720116] rtc_cmos 00:02: alarms up to one month, y3k, 114 bytes nvram, hpet irqs
[    1.722784] usbcore: registered new interface driver uvcvideo
[    1.725299] USB Video Class driver (1.1.1)
[    1.727724] gspca_main: v2.14.0 registered
[    1.730207] usbcore: registered new interface driver sq930x
[    1.733794] device-mapper: ioctl: 4.39.0-ioctl (2018-04-03) initialised: dm-devel@redhat.com
[    1.736347] Bluetooth: HCI UART driver ver 2.3
[    1.738817] Bluetooth: HCI UART protocol H4 registered
[    1.741310] Bluetooth: HCI UART protocol BCSP registered
[    1.743894] usbcore: registered new interface driver btusb
[    1.746517] sdhci: Secure Digital Host Controller Interface driver
[    1.748987] sdhci: Copyright(c) Pierre Ossman
[    1.751434] sdhci-pci 0000:15:00.2: SDHCI controller found [1180:0822] (rev 18)
[    1.754307] sdhci-pci 0000:15:00.2: Will use DMA mode even though HW doesn't fully claim to support it.
[    1.757454] mmc0 bounce up to 128 segments into one, max segment size 65536 bytes
[    1.760191] sdhci-pci 0000:15:00.2: Will use DMA mode even though HW doesn't fully claim to support it.
[    1.763494] mmc0: SDHCI controller on PCI [0000:15:00.2] using DMA
[    1.765520] input: AT Translated Set 2 keyboard as /devices/platform/i8042/serio0/input/input5
[    1.766477] hidraw: raw HID events driver (C) Jiri Kosina
[    1.773411] usbcore: registered new interface driver usbhid
[    1.776301] usbhid: USB HID core driver
[    1.780329] thinkpad_acpi: ThinkPad ACPI Extras v0.26
[    1.783078] thinkpad_acpi: http://ibm-acpi.sf.net/
[    1.785797] thinkpad_acpi: ThinkPad BIOS 7BETD8WW (2.19 ), EC 7BHT40WW-1.13
[    1.788545] thinkpad_acpi: Lenovo ThinkPad X60, model 17097HU
[    1.797335] thinkpad_acpi: ACPI backlight control delay disabled
[    1.800774] thinkpad_acpi: radio switch found; radios are enabled
[    1.803528] thinkpad_acpi: This ThinkPad has standard ACPI backlight brightness control, supported by the ACPI video driver
[    1.809090] thinkpad_acpi: Disabling thinkpad-acpi brightness events by default...
[    1.823409] thinkpad_acpi: rfkill switch tpacpi_bluetooth_sw: radio is unblocked
[    1.829413] thinkpad_acpi: warning: userspace override of important firmware LEDs is enabled
[    1.837458] thinkpad_acpi: Standard ACPI backlight interface available, not loading native one
[    1.840660] thinkpad_acpi: volume: disabled as there is no ALSA support in this kernel
[    1.844715] thinkpad_acpi: battery 1 registered (start 0, stop 0)
[    1.844725] battery: new extension: ThinkPad Battery Extension
[    1.850776] input: ThinkPad Extra Buttons as /devices/platform/thinkpad_acpi/input/input8
[    1.859465] sdhci-pci 0000:15:00.2: Will use DMA mode even though HW doesn't fully claim to support it.
[    1.859536] snd_hda_intel 0000:00:1b.0: probe_mask set to 0x1 for device 17aa:2010
[    1.866093] usbcore: registered new interface driver snd-usb-audio
[    1.870945] NET: Registered protocol family 17
[    1.874452] Bluetooth: RFCOMM TTY layer initialized
[    1.877520] Bluetooth: RFCOMM socket layer initialized
[    1.880540] Bluetooth: RFCOMM ver 1.11
[    1.883491] Bluetooth: BNEP (Ethernet Emulation) ver 1.3
[    1.886499] Bluetooth: BNEP filters: protocol multicast
[    1.889493] Bluetooth: BNEP socket layer initialized
[    1.892430] Bluetooth: HIDP (Human Interface Emulation) ver 1.2
[    1.895367] Bluetooth: HIDP socket layer initialized
[    1.898636] microcode: sig=0x6e8, pf=0x20, revision=0x39
[    1.902406] microcode: Microcode Update Driver: v2.2.
[    1.902413] Using IPI No-Shortcut mode
[    1.908862] Loading compiled-in X.509 certificates
[    1.912711] Key type encrypted registered
[    1.916223] rtc_cmos 00:02: setting system clock to 2018-04-16 09:46:42 UTC (1523872002)
[    1.922360] snd_hda_codec_analog hdaudioC0D0: autoconfig for AD1981: line_outs=1 (0x5/0x0/0x0/0x0/0x0) type:speaker
[    1.922521] cfg80211: Loading compiled-in X.509 certificates for regulatory database
[    1.927899] snd_hda_codec_analog hdaudioC0D0:    speaker_outs=0 (0x0/0x0/0x0/0x0/0x0)
[    1.927904] snd_hda_codec_analog hdaudioC0D0:    hp_outs=0 (0x0/0x0/0x0/0x0/0x0)
[    1.927907] snd_hda_codec_analog hdaudioC0D0:    mono: mono_out=0x0
[    1.927910] snd_hda_codec_analog hdaudioC0D0:    inputs:
[    1.927914] snd_hda_codec_analog hdaudioC0D0:      Mic=0x8
[    1.927918] snd_hda_codec_analog hdaudioC0D0:      CD=0x19
[    1.950563] cfg80211: Loaded X.509 cert 'sforshee: 00b28ddf47aef9cea7'
[    1.953864] PM: Image not found (code -22)
[    1.953893] ALSA device list:
[    1.954095] platform regulatory.0: Direct firmware load for regulatory.db failed with error -2
[    1.957297]   #0: HDA Intel at 0xee240000 irq 17
[    1.960905] cfg80211: failed to load regulatory.db
[    1.970325] sdhci-pci 0000:15:00.2: Will use DMA mode even though HW doesn't fully claim to support it.
[    2.039862] sdhci-pci 0000:15:00.2: Will use DMA mode even though HW doesn't fully claim to support it.
[    2.112598] sdhci-pci 0000:15:00.2: Will use DMA mode even though HW doesn't fully claim to support it.
[    2.136169] usb 5-1: new full-speed USB device number 2 using uhci_hcd
[    2.329752] usb 5-1: New USB device found, idVendor=0a5c, idProduct=2110, bcdDevice= 1.00
[    2.334249] usb 5-1: New USB device strings: Mfr=1, Product=2, SerialNumber=0
[    2.338611] usb 5-1: Product: BCM2045B
[    2.342818] usb 5-1: Manufacturer: Broadcom Corp
[    2.409474] psmouse serio1: trackpoint: IBM TrackPoint firmware: 0x0e, buttons: 3/3
[    2.431172] input: TPPS/2 IBM TrackPoint as /devices/platform/i8042/serio1/input/input7
[    2.441185] md: Waiting for all devices to be available before autodetect
[    2.444606] md: If you don't use raid, use raid=noautodetect
[    2.448988] md: Autodetecting RAID arrays.
[    2.452456] md: autorun ...
[    2.455814] md: ... autorun DONE.
[    2.471570] EXT4-fs (sda4): mounted filesystem with ordered data mode. Opts: (null)
[    2.475194] VFS: Mounted root (ext4 filesystem) readonly on device 8:4.
[    2.479388] devtmpfs: mounted
[    2.483582] Freeing unused kernel memory: 592K
[    2.486486] Write protecting the kernel text: 12052k
[    2.489230] Write protecting the kernel read-only data: 4768k
[    2.491853] NX-protecting the kernel data: 6380k
[    2.495213] x86/mm: Checked W+X mappings: passed, no W+X pages found.
[    2.497802] rodata_test: all tests were successful
[    2.936996] systemd[1]: systemd 215 running in system mode. (+PAM +AUDIT +SELINUX +IMA +SYSVINIT +LIBCRYPTSETUP +GCRYPT +ACL +XZ -SECCOMP -APPARMOR)
[    2.964343] systemd[1]: Detected architecture 'x86'.
[    3.072539] systemd[1]: Failed to insert module 'ipv6'
[    3.089421] systemd[1]: Set hostname to <amd>.
[    3.156084] usb 5-2: new full-speed USB device number 3 using uhci_hcd
[    3.354756] usb 5-2: New USB device found, idVendor=0483, idProduct=2016, bcdDevice= 0.01
[    3.359573] usb 5-2: New USB device strings: Mfr=1, Product=2, SerialNumber=0
[    3.364220] usb 5-2: Product: Biometric Coprocessor
[    3.367712] usb 5-2: Manufacturer: STMicroelectronics
[    4.236646] systemd[1]: Binding to IPv6 address not available since kernel does not support IPv6.
[    4.241510] systemd[1]: [/lib/systemd/system/gpsd.socket:6] Failed to parse address value, ignoring: [::1]:2947
[    4.276288] systemd[1]: Starting Forward Password Requests to Wall Directory Watch.
[    4.280756] systemd[1]: Started Forward Password Requests to Wall Directory Watch.
[    4.284508] systemd[1]: Starting Remote File Systems (Pre).
[    4.294102] systemd[1]: Reached target Remote File Systems (Pre).
[    4.964805] random: crng init done
[    5.105471] systemd-udevd[2308]: starting version 215
[    6.252485] EXT4-fs (sda4): re-mounted. Opts: errors=remount-ro
[    6.776292] e1000e 0000:02:00.0 eth1: renamed from eth0
[    6.784420] systemd-udevd[2364]: renamed network interface eth0 to eth1
[    8.848300] Adding 2097148k swap on /dev/sda1.  Priority:-2 extents:1 across:2097148k 
[  144.198737] EXT4-fs (sda2): mounted filesystem with ordered data mode. Opts: errors=remount-ro
[  144.338372] systemd-journald[1831]: Received request to flush runtime journal from PID 1
[  149.297215] NFSD: Using /var/lib/nfs/v4recovery as the NFSv4 state recovery directory
[  149.308343] NFSD: starting 90-second grace period (net f0000098)
[  152.403203] iwl3945 0000:03:00.0: loaded firmware version 15.32.2.9
[  154.098627] e1000e: eth1 NIC Link is Up 100 Mbps Full Duplex, Flow Control: None
[  154.098811] e1000e 0000:02:00.0 eth1: 10/100 speed: disabling TSO
[  156.949315] wlan0: authenticate with 00:00:00:00:00:01
[  156.956714] wlan0: send auth to 00:00:00:00:00:01 (try 1/3)
[  156.958556] wlan0: authenticated
[  156.960379] wlan0: associate with 00:00:00:00:00:01 (try 1/3)
[  156.963193] wlan0: RX AssocResp from 00:00:00:00:00:01 (capab=0x401 status=0 aid=7)
[  156.963436] wlan0: AP has invalid WMM params (CWmin/max=15/1023 for ACI 0), using defaults
[  156.965312] wlan0: associated
