[    0.000000] Linux version 5.5.0-rc6-next-20200120+ (pavel@pollux.denx.de) (gcc version 9.2.1 20190827 (Red Hat 9.2.1-1) (GCC)) #94 SMP PREEMPT Mon Jan 20 22:11:04 CET 2020
[    0.000000] Disabled fast string operations
[    0.000000] x86/fpu: x87 FPU will use FXSAVE
[    0.000000] BIOS-provided physical RAM map:
[    0.000000] BIOS-e820: [mem 0x0000000000000000-0x000000000009efff] usable
[    0.000000] BIOS-e820: [mem 0x000000000009f000-0x000000000009ffff] reserved
[    0.000000] BIOS-e820: [mem 0x00000000000dc000-0x00000000000fffff] reserved
[    0.000000] BIOS-e820: [mem 0x0000000000100000-0x00000000bf6cffff] usable
[    0.000000] BIOS-e820: [mem 0x00000000bf6d0000-0x00000000bf6defff] ACPI data
[    0.000000] BIOS-e820: [mem 0x00000000bf6df000-0x00000000bf6fffff] ACPI NVS
[    0.000000] BIOS-e820: [mem 0x00000000bf700000-0x00000000bfffffff] reserved
[    0.000000] BIOS-e820: [mem 0x00000000f0000000-0x00000000f3ffffff] reserved
[    0.000000] BIOS-e820: [mem 0x00000000fec00000-0x00000000fec0ffff] reserved
[    0.000000] BIOS-e820: [mem 0x00000000fed00000-0x00000000fed003ff] reserved
[    0.000000] BIOS-e820: [mem 0x00000000fed14000-0x00000000fed19fff] reserved
[    0.000000] BIOS-e820: [mem 0x00000000fed1c000-0x00000000fed8ffff] reserved
[    0.000000] BIOS-e820: [mem 0x00000000fee00000-0x00000000fee00fff] reserved
[    0.000000] BIOS-e820: [mem 0x00000000ff800000-0x00000000ffffffff] reserved
[    0.000000] NX (Execute Disable) protection: active
[    0.000000] SMBIOS 2.4 present.
[    0.000000] DMI: LENOVO 17097HU/17097HU, BIOS 7BETD8WW (2.19 ) 03/31/2011
[    0.000000] tsc: Fast TSC calibration using PIT
[    0.000000] tsc: Detected 1828.685 MHz processor
[    0.013418] e820: update [mem 0x00000000-0x00000fff] usable ==> reserved
[    0.013423] e820: remove [mem 0x000a0000-0x000fffff] usable
[    0.013434] last_pfn = 0xbf6d0 max_arch_pfn = 0x1000000
[    0.013446] MTRR default type: uncachable
[    0.013449] MTRR fixed ranges enabled:
[    0.013453]   00000-9FFFF write-back
[    0.013456]   A0000-BFFFF uncachable
[    0.013459]   C0000-CFFFF write-protect
[    0.013461]   D0000-DBFFF uncachable
[    0.013464]   DC000-DFFFF write-back
[    0.013467]   E0000-FFFFF write-protect
[    0.013470] MTRR variable ranges enabled:
[    0.013473]   0 base 000000000 mask F80000000 write-back
[    0.013477]   1 base 080000000 mask FC0000000 write-back
[    0.013480]   2 base 0BF700000 mask FFFF00000 uncachable
[    0.013483]   3 base 0BF800000 mask FFF800000 uncachable
[    0.013485]   4 disabled
[    0.013488]   5 disabled
[    0.013490]   6 disabled
[    0.013492]   7 disabled
[    0.014586] x86/PAT: PAT not supported by the CPU.
[    0.015832] x86/PAT: Configuration [0-7]: WB  WT  UC- UC  WB  WT  UC- UC  
[    0.015853] initial memory mapped: [mem 0x00000000-0x05bfffff]
[    0.015937] BRK [0x0565c000, 0x0565cfff] PGTABLE
[    0.015958] BRK [0x0565d000, 0x0565dfff] PGTABLE
[    0.015968] ACPI: Early table checksum verification disabled
[    0.015978] ACPI: RSDP 0x00000000000F67C0 000024 (v02 LENOVO)
[    0.015988] ACPI: XSDT 0x00000000BF6D191C 000084 (v01 LENOVO TP-7B    00002190  LTP 00000000)
[    0.016000] ACPI: FACP 0x00000000BF6D1A00 0000F4 (v03 LENOVO TP-7B    00002190 LNVO 00000001)
[    0.016011] ACPI BIOS Warning (bug): 32/64X length mismatch in FADT/Gpe0Block: 64/32 (20200110/tbfadt-564)
[    0.016018] ACPI BIOS Warning (bug): Optional FADT field Gpe1Block has valid Address but zero Length: 0x000000000000102C/0x0 (20200110/tbfadt-615)
[    0.016028] ACPI: DSDT 0x00000000BF6D1D90 00CFB9 (v01 LENOVO TP-7B    00002190 MSFT 0100000E)
[    0.016037] ACPI: FACS 0x00000000BF6F4000 000040
[    0.016044] ACPI: FACS 0x00000000BF6F4000 000040
[    0.016052] ACPI: SSDT 0x00000000BF6D1BB4 0001DC (v01 LENOVO TP-7B    00002190 MSFT 0100000E)
[    0.016061] ACPI: ECDT 0x00000000BF6DED49 000052 (v01 LENOVO TP-7B    00002190 LNVO 00000001)
[    0.016070] ACPI: TCPA 0x00000000BF6DED9B 000032 (v02 LENOVO TP-7B    00002190 LNVO 00000001)
[    0.016078] ACPI: APIC 0x00000000BF6DEDCD 000068 (v01 LENOVO TP-7B    00002190 LNVO 00000001)
[    0.016087] ACPI: MCFG 0x00000000BF6DEE35 00003C (v01 LENOVO TP-7B    00002190 LNVO 00000001)
[    0.016096] ACPI: HPET 0x00000000BF6DEE71 000038 (v01 LENOVO TP-7B    00002190 LNVO 00000001)
[    0.016105] ACPI: BOOT 0x00000000BF6DEFD8 000028 (v01 LENOVO TP-7B    00002190  LTP 00000001)
[    0.016113] ACPI: SSDT 0x00000000BF6F2645 00025F (v01 LENOVO TP-7B    00002190 INTL 20050513)
[    0.016122] ACPI: SSDT 0x00000000BF6F28A4 0000A6 (v01 LENOVO TP-7B    00002190 INTL 20050513)
[    0.016131] ACPI: SSDT 0x00000000BF6F294A 0004F7 (v01 LENOVO TP-7B    00002190 INTL 20050513)
[    0.016140] ACPI: SSDT 0x00000000BF6F2E41 0001D8 (v01 LENOVO TP-7B    00002190 INTL 20050513)
[    0.016161] ACPI: Local APIC address 0xfee00000
[    0.016167] 2176MB HIGHMEM available.
[    0.016171] 885MB LOWMEM available.
[    0.016175]   mapped low ram: 0 - 375fe000
[    0.016179]   low ram: 0 - 375fe000
[    0.016190] BRK [0x0565e000, 0x0565efff] PGTABLE
[    0.016195] Zone ranges:
[    0.016199]   DMA      [mem 0x0000000000001000-0x0000000000ffffff]
[    0.016204]   Normal   [mem 0x0000000001000000-0x00000000375fdfff]
[    0.016208]   HighMem  [mem 0x00000000375fe000-0x00000000bf6cffff]
[    0.016213] Movable zone start for each node
[    0.016217] Early memory node ranges
[    0.016221]   node   0: [mem 0x0000000000001000-0x000000000009efff]
[    0.016225]   node   0: [mem 0x0000000000100000-0x00000000bf6cffff]
[    0.016230] Initmem setup node 0 [mem 0x0000000000001000-0x00000000bf6cffff]
[    0.016236] On node 0 totalpages: 783982
[    0.027636]   DMA zone: 32 pages used for memmap
[    0.027639]   DMA zone: 0 pages reserved
[    0.027642]   DMA zone: 3998 pages, LIFO batch:0
[    0.027754]   Normal zone: 1740 pages used for memmap
[    0.027757]   Normal zone: 222718 pages, LIFO batch:63
[    0.033464]   HighMem zone: 557266 pages, LIFO batch:63
[    0.047815] Using APIC driver default
[    0.047832] Reserving Intel graphics memory at [mem 0xbf800000-0xbfffffff]
[    0.048313] ACPI: PM-Timer IO Port: 0x1008
[    0.048319] ACPI: Local APIC address 0xfee00000
[    0.048334] ACPI: LAPIC_NMI (acpi_id[0x00] high edge lint[0x1])
[    0.048338] ACPI: LAPIC_NMI (acpi_id[0x01] high edge lint[0x1])
[    0.048363] IOAPIC[0]: apic_id 1, version 32, address 0xfec00000, GSI 0-23
[    0.048370] ACPI: INT_SRC_OVR (bus 0 bus_irq 0 global_irq 2 dfl dfl)
[    0.048377] ACPI: INT_SRC_OVR (bus 0 bus_irq 9 global_irq 9 high level)
[    0.048382] ACPI: IRQ0 used by override.
[    0.048386] ACPI: IRQ9 used by override.
[    0.048391] Using ACPI (MADT) for SMP configuration information
[    0.048396] ACPI: HPET id: 0x8086a201 base: 0xfed00000
[    0.048407] smpboot: Allowing 2 CPUs, 0 hotplug CPUs
[    0.048448] PM: hibernation: Registered nosave memory: [mem 0x00000000-0x00000fff]
[    0.048453] PM: hibernation: Registered nosave memory: [mem 0x0009f000-0x0009ffff]
[    0.048457] PM: hibernation: Registered nosave memory: [mem 0x000a0000-0x000dbfff]
[    0.048461] PM: hibernation: Registered nosave memory: [mem 0x000dc000-0x000fffff]
[    0.048470] [mem 0xc0000000-0xefffffff] available for PCI devices
[    0.048477] clocksource: refined-jiffies: mask: 0xffffffff max_cycles: 0xffffffff, max_idle_ns: 7645519600211568 ns
[    0.048491] setup_percpu: NR_CPUS:8 nr_cpumask_bits:8 nr_cpu_ids:2 nr_node_ids:1
[    0.048774] percpu: Embedded 39 pages/cpu s127592 r0 d32152 u159744
[    0.048787] pcpu-alloc: s127592 r0 d32152 u159744 alloc=39*4096
[    0.048791] pcpu-alloc: [0] 0 [0] 1 
[    0.048822] Built 1 zonelists, mobility grouping on.  Total pages: 782210
[    0.048831] Kernel command line: BOOT_IMAGE=(hd0,2)/fast/l/linux-next-32/arch/x86/boot/bzImage root=/dev/sda4 resume=/dev/sda1
[    0.049255] Dentry cache hash table entries: 131072 (order: 7, 524288 bytes, linear)
[    0.049373] Inode-cache hash table entries: 65536 (order: 6, 262144 bytes, linear)
[    0.049414] mem auto-init: stack:off, heap alloc:off, heap free:off
[    0.081678] Initializing HighMem for node 0 (000375fe:000bf6d0)
[    0.435625] Initializing Movable for node 0 (00000000:00000000)
[    0.509268] Memory: 3021412K/3135928K available (12995K kernel code, 683K rwdata, 5268K rodata, 656K init, 2916K bss, 114516K reserved, 0K cma-reserved, 2229064K highmem)
[    0.509280] virtual kernel memory layout:
    fixmap  : 0xffe72000 - 0xfffff000   (1588 kB)
  cpu_entry : 0xffa00000 - 0xffb59000   (1380 kB)
    pkmap   : 0xff600000 - 0xff800000   (2048 kB)
    vmalloc : 0xf7dfe000 - 0xff5fe000   ( 120 MB)
    lowmem  : 0xc0000000 - 0xf75fe000   ( 885 MB)
      .init : 0xc52a5000 - 0xc5349000   ( 656 kB)
      .data : 0xc4cb0df0 - 0xc5280e00   (5952 kB)
      .text : 0xc4000000 - 0xc4cb0df0   (12995 kB)
[    0.509286] Checking if this processor honours the WP bit even in supervisor mode...Ok.
[    0.509351] random: get_random_u32 called from cache_alloc_refill+0x627/0xb00 with crng_init=0
[    0.510562] Kernel/User page tables isolation: enabled
[    0.510854] rcu: Preemptible hierarchical RCU implementation.
[    0.510859] rcu: 	RCU restricting CPUs from NR_CPUS=8 to nr_cpu_ids=2.
[    0.510863] 	Tasks RCU enabled.
[    0.510867] rcu: RCU calculated value of scheduler-enlistment delay is 25 jiffies.
[    0.510871] rcu: Adjusting geometry for rcu_fanout_leaf=16, nr_cpu_ids=2
[    0.510915] NR_IRQS: 2304, nr_irqs: 56, preallocated irqs: 16
[    0.513877] Console: colour VGA+ 80x25
[    0.522240] printk: console [tty0] enabled
[    0.522313] Lock dependency validator: Copyright (c) 2006 Red Hat, Inc., Ingo Molnar
[    0.522404] ... MAX_LOCKDEP_SUBCLASSES:  8
[    0.522477] ... MAX_LOCK_DEPTH:          48
[    0.522550] ... MAX_LOCKDEP_KEYS:        8192
[    0.522624] ... CLASSHASH_SIZE:          4096
[    0.522698] ... MAX_LOCKDEP_ENTRIES:     32768
[    0.522773] ... MAX_LOCKDEP_CHAINS:      65536
[    0.522847] ... CHAINHASH_SIZE:          32768
[    0.522922]  memory used by lock dependency info: 1797 kB
[    0.523002]  per task-struct memory footprint: 1344 bytes
[    0.523092] ACPI: Core revision 20200110
[    0.523521] clocksource: hpet: mask: 0xffffffff max_cycles: 0xffffffff, max_idle_ns: 133484882848 ns
[    0.523661] APIC: Switch to symmetric I/O mode setup
[    0.523739] Enabling APIC mode:  Flat.  Using 1 I/O APICs
[    0.524371] ..TIMER: vector=0x30 apic1=0 pin1=2 apic2=-1 pin2=-1
[    0.543661] clocksource: tsc-early: mask: 0xffffffffffffffff max_cycles: 0x1a5c035374a, max_idle_ns: 440795270214 ns
[    0.543789] Calibrating delay loop (skipped), value calculated using timer frequency.. 3657.37 BogoMIPS (lpj=7314740)
[    0.543912] pid_max: default: 32768 minimum: 301
[    0.544243] Mount-cache hash table entries: 2048 (order: 1, 8192 bytes, linear)
[    0.544342] Mountpoint-cache hash table entries: 2048 (order: 1, 8192 bytes, linear)
[    0.545235] Disabled fast string operations
[    0.545324] process: using mwait in idle threads
[    0.545411] Last level iTLB entries: 4KB 128, 2MB 0, 4MB 2
[    0.545493] Last level dTLB entries: 4KB 128, 2MB 0, 4MB 8, 1GB 0
[    0.545579] Spectre V1 : Mitigation: usercopy/swapgs barriers and __user pointer sanitization
[    0.545691] Spectre V2 : Mitigation: Full generic retpoline
[    0.545773] Spectre V2 : Spectre v2 / SpectreRSB mitigation: Filling RSB on context switch
[    0.545870] L1TF: System has more than MAX_PA/2 memory. L1TF mitigation not effective.
[    0.545965] L1TF: You may make it effective by booting the kernel with mem=2147483648 parameter.
[    0.546077] L1TF: However, doing so will make a part of your RAM unusable.
[    0.546166] L1TF: Reading https://www.kernel.org/doc/html/latest/admin-guide/hw-vuln/l1tf.html might help you decide.
[    0.546287] MDS: Vulnerable: Clear CPU buffers attempted, no microcode
[    0.546627] Freeing SMP alternatives memory: 44K
[    0.657780] smpboot: CPU0: Genuine Intel(R) CPU           T2400  @ 1.83GHz (family: 0x6, model: 0xe, stepping: 0x8)
[    0.679817] Performance Events: Core events, core PMU driver.
[    0.679912] ... version:                1
[    0.679986] ... bit width:              40
[    0.680060] ... generic registers:      2
[    0.680134] ... value mask:             000000ffffffffff
[    0.680215] ... max period:             000000007fffffff
[    0.680295] ... fixed-purpose events:   0
[    0.680369] ... event mask:             0000000000000003
[    0.687800] rcu: Hierarchical SRCU implementation.
[    0.703800] smp: Bringing up secondary CPUs ...
[    0.736291] x86: Booting SMP configuration:
[    0.736374] .... node  #0, CPUs:      #1
[    0.016550] Disabled fast string operations
[    0.738831] TSC synchronization [CPU#0 -> CPU#1]:
[    0.739072] Measured 579876 cycles TSC warp between CPUs, turning off TSC clock.
[    0.739176] tsc: Marking TSC unstable due to check_tsc_sync_source failed
[    0.739342] smp: Brought up 1 node, 2 CPUs
[    0.739342] smpboot: Max logical packages: 1
[    0.739342] smpboot: Total of 2 processors activated (7314.74 BogoMIPS)
[    0.743853] NMI watchdog: Enabled. Permanently consumes one hw-PMU counter.
[    0.744130] devtmpfs: initialized
[    0.744924] PM: Registering ACPI NVS region [mem 0xbf6df000-0xbf6fffff] (135168 bytes)
[    0.745413] clocksource: jiffies: mask: 0xffffffff max_cycles: 0xffffffff, max_idle_ns: 7645041785100000 ns
[    0.745413] futex hash table entries: 512 (order: 3, 32768 bytes, linear)
[    0.745413] thermal_sys: Registered thermal governor 'step_wise'
[    0.745413] NET: Registered protocol family 16
[    0.749094] cpuidle: using governor ladder
[    0.749204] cpuidle: using governor menu
[    0.749443] Simple Boot Flag at 0x35 set to 0x1
[    0.749574] ACPI FADT declares the system doesn't support PCIe ASPM, so disable it
[    0.749666] ACPI: bus type PCI registered
[    0.749979] PCI: MMCONFIG for domain 0000 [bus 00-3f] at [mem 0xf0000000-0xf3ffffff] (base 0xf0000000)
[    0.750099] PCI: MMCONFIG at [mem 0xf0000000-0xf3ffffff] reserved in E820
[    0.750187] PCI: Using MMCONFIG for extended config space
[    0.750268] PCI: Using configuration type 1 for base access
[    0.750758] mtrr: your CPUs had inconsistent variable MTRR settings
[    0.750844] mtrr: probably your BIOS does not setup all CPUs.
[    0.750927] mtrr: corrected configuration.
[    0.824104] ACPI: Added _OSI(Module Device)
[    0.824188] ACPI: Added _OSI(Processor Device)
[    0.824269] ACPI: Added _OSI(3.0 _SCP Extensions)
[    0.824348] ACPI: Added _OSI(Processor Aggregator Device)
[    0.824432] ACPI: Added _OSI(Linux-Dell-Video)
[    0.824512] ACPI: Added _OSI(Linux-Lenovo-NV-HDMI-Audio)
[    0.824598] ACPI: Added _OSI(Linux-HPI-Hybrid-Graphics)
[    0.889034] ACPI: 6 ACPI AML tables successfully acquired and loaded
[    0.893263] ACPI: EC: EC started
[    0.893336] ACPI: EC: interrupt blocked
[    0.898441] ACPI: \: Used as first EC
[    0.898518] ACPI: \: GPE=0x1c, IRQ=-1, EC_CMD/EC_SC=0x66, EC_DATA=0x62
[    0.898605] ACPI: EC: Boot ECDT EC used to handle transactions
[    0.918810] ACPI: Dynamic OEM Table Load:
[    0.918901] ACPI: SSDT 0x00000000F118C400 000240 (v01 PmRef  Cpu0Ist  00000100 INTL 20050513)
[    0.923128] ACPI: Dynamic OEM Table Load:
[    0.923219] ACPI: SSDT 0x00000000F118F000 00065A (v01 PmRef  Cpu0Cst  00000100 INTL 20050513)
[    0.929704] ACPI: Dynamic OEM Table Load:
[    0.929793] ACPI: SSDT 0x00000000F10CC700 0000C8 (v01 PmRef  Cpu1Ist  00000100 INTL 20050513)
[    0.933253] ACPI: Dynamic OEM Table Load:
[    0.933341] ACPI: SSDT 0x00000000F1BAE780 000085 (v01 PmRef  Cpu1Cst  00000100 INTL 20050513)
[    0.937361] ACPI: Interpreter enabled
[    0.937507] ACPI: (supports S0 S3 S4 S5)
[    0.937587] ACPI: Using IOAPIC for interrupt routing
[    0.937791] PCI: Using host bridge windows from ACPI; if necessary, use "pci=nocrs" and report a bug
[    0.938894] ACPI: Enabled 4 GPEs in block 00 to 1F
[    0.962871] ACPI: Power Resource [PUBS] (on)
[    0.964121] acpi PNP0C0A:01: ACPI dock station (docks/bays count: 1)
[    0.972137] acpi LNXIOBAY:00: ACPI dock station (docks/bays count: 2)
[    0.987011] acpi IBM0079:00: ACPI dock station (docks/bays count: 3)
[    0.989487] ACPI: PCI Interrupt Link [LNKA] (IRQs 3 4 5 6 7 9 10 *11)
[    0.990349] ACPI: PCI Interrupt Link [LNKB] (IRQs 3 4 5 6 7 9 10 *11)
[    0.991208] ACPI: PCI Interrupt Link [LNKC] (IRQs 3 4 5 6 7 9 10 *11)
[    0.992079] ACPI: PCI Interrupt Link [LNKD] (IRQs 3 4 5 6 7 9 10 *11)
[    0.992938] ACPI: PCI Interrupt Link [LNKE] (IRQs 3 4 5 6 7 9 10 *11)
[    0.993796] ACPI: PCI Interrupt Link [LNKF] (IRQs 3 4 5 6 7 9 10 *11)
[    0.994654] ACPI: PCI Interrupt Link [LNKG] (IRQs 3 4 5 6 7 9 10 *11)
[    0.995512] ACPI: PCI Interrupt Link [LNKH] (IRQs 3 4 5 6 7 9 10 *11)
[    0.996098] ACPI: PCI Root Bridge [PCI0] (domain 0000 [bus 00-ff])
[    0.996197] acpi PNP0A08:00: _OSC: OS supports [ExtendedConfig ASPM ClockPM Segments HPX-Type3]
[    0.997290] acpi PNP0A08:00: _OSC: not requesting OS control; OS requires [ExtendedConfig ASPM ClockPM MSI]
[    0.997425] acpi PNP0A08:00: [Firmware Info]: MMCONFIG for domain 0000 [bus 00-3f] only partially covers this bridge
[    0.997811] PCI host bridge to bus 0000:00
[    0.997892] pci_bus 0000:00: root bus resource [io  0x0000-0x0cf7 window]
[    0.997986] pci_bus 0000:00: root bus resource [io  0x0d00-0xffff window]
[    0.998079] pci_bus 0000:00: root bus resource [mem 0x000a0000-0x000bffff window]
[    0.998176] pci_bus 0000:00: root bus resource [mem 0x000d0000-0x000d3fff window]
[    0.998273] pci_bus 0000:00: root bus resource [mem 0x000d4000-0x000d7fff window]
[    0.998369] pci_bus 0000:00: root bus resource [mem 0x000d8000-0x000dbfff window]
[    0.998466] pci_bus 0000:00: root bus resource [mem 0xc0000000-0xfebfffff window]
[    0.998563] pci_bus 0000:00: root bus resource [mem 0xfed40000-0xfed40fff window]
[    0.998661] pci_bus 0000:00: root bus resource [bus 00-ff]
[    0.998791] pci 0000:00:00.0: [8086:27a0] type 00 class 0x060000
[    0.999357] pci 0000:00:02.0: [8086:27a2] type 00 class 0x030000
[    0.999464] pci 0000:00:02.0: reg 0x10: [mem 0xee100000-0xee17ffff]
[    0.999562] pci 0000:00:02.0: reg 0x14: [io  0x1800-0x1807]
[    0.999655] pci 0000:00:02.0: reg 0x18: [mem 0xd0000000-0xdfffffff pref]
[    0.999755] pci 0000:00:02.0: reg 0x1c: [mem 0xee200000-0xee23ffff]
[    1.000378] pci 0000:00:02.1: [8086:27a6] type 00 class 0x038000
[    1.000483] pci 0000:00:02.1: reg 0x10: [mem 0xee180000-0xee1fffff]
[    1.001088] pci 0000:00:1b.0: [8086:27d8] type 00 class 0x040300
[    1.001218] pci 0000:00:1b.0: reg 0x10: [mem 0xee240000-0xee243fff 64bit]
[    1.001474] pci 0000:00:1b.0: PME# supported from D0 D3hot D3cold
[    1.002143] pci 0000:00:1c.0: [8086:27d0] type 01 class 0x060400
[    1.002423] pci 0000:00:1c.0: PME# supported from D0 D3hot D3cold
[    1.003100] pci 0000:00:1c.1: [8086:27d2] type 01 class 0x060400
[    1.003379] pci 0000:00:1c.1: PME# supported from D0 D3hot D3cold
[    1.004118] pci 0000:00:1c.2: [8086:27d4] type 01 class 0x060400
[    1.004398] pci 0000:00:1c.2: PME# supported from D0 D3hot D3cold
[    1.005064] pci 0000:00:1c.3: [8086:27d6] type 01 class 0x060400
[    1.005345] pci 0000:00:1c.3: PME# supported from D0 D3hot D3cold
[    1.006013] pci 0000:00:1d.0: [8086:27c8] type 00 class 0x0c0300
[    1.006175] pci 0000:00:1d.0: reg 0x20: [io  0x1820-0x183f]
[    1.006848] pci 0000:00:1d.1: [8086:27c9] type 00 class 0x0c0300
[    1.007011] pci 0000:00:1d.1: reg 0x20: [io  0x1840-0x185f]
[    1.007673] pci 0000:00:1d.2: [8086:27ca] type 00 class 0x0c0300
[    1.007847] pci 0000:00:1d.2: reg 0x20: [io  0x1860-0x187f]
[    1.008507] pci 0000:00:1d.3: [8086:27cb] type 00 class 0x0c0300
[    1.008670] pci 0000:00:1d.3: reg 0x20: [io  0x1880-0x189f]
[    1.009333] pci 0000:00:1d.7: [8086:27cc] type 00 class 0x0c0320
[    1.009453] pci 0000:00:1d.7: reg 0x10: [mem 0xee444000-0xee4443ff]
[    1.009681] pci 0000:00:1d.7: PME# supported from D0 D3hot D3cold
[    1.010316] pci 0000:00:1e.0: [8086:2448] type 01 class 0x060401
[    1.011069] pci 0000:00:1f.0: [8086:27b9] type 00 class 0x060100
[    1.011310] pci 0000:00:1f.0: quirk: [io  0x1000-0x107f] claimed by ICH6 ACPI/GPIO/TCO
[    1.011415] pci 0000:00:1f.0: quirk: [io  0x1180-0x11bf] claimed by ICH6 GPIO
[    1.011513] pci 0000:00:1f.0: ICH7 LPC Generic IO decode 1 PIO at 1600 (mask 007f)
[    1.011612] pci 0000:00:1f.0: ICH7 LPC Generic IO decode 2 PIO at 15e0 (mask 000f)
[    1.011710] pci 0000:00:1f.0: ICH7 LPC Generic IO decode 3 PIO at 1680 (mask 001f)
[    1.012351] pci 0000:00:1f.1: [8086:27df] type 00 class 0x01018a
[    1.012467] pci 0000:00:1f.1: reg 0x10: [io  0x0000-0x0007]
[    1.012565] pci 0000:00:1f.1: reg 0x14: [io  0x0000-0x0003]
[    1.012663] pci 0000:00:1f.1: reg 0x18: [io  0x0000-0x0007]
[    1.012762] pci 0000:00:1f.1: reg 0x1c: [io  0x0000-0x0003]
[    1.012860] pci 0000:00:1f.1: reg 0x20: [io  0x1810-0x181f]
[    1.012975] pci 0000:00:1f.1: legacy IDE quirk: reg 0x10: [io  0x01f0-0x01f7]
[    1.013071] pci 0000:00:1f.1: legacy IDE quirk: reg 0x14: [io  0x03f6]
[    1.013163] pci 0000:00:1f.1: legacy IDE quirk: reg 0x18: [io  0x0170-0x0177]
[    1.013258] pci 0000:00:1f.1: legacy IDE quirk: reg 0x1c: [io  0x0376]
[    1.013889] pci 0000:00:1f.2: [8086:27c5] type 00 class 0x010601
[    1.014010] pci 0000:00:1f.2: reg 0x10: [io  0x18d0-0x18d7]
[    1.014108] pci 0000:00:1f.2: reg 0x14: [io  0x18c4-0x18c7]
[    1.014206] pci 0000:00:1f.2: reg 0x18: [io  0x18c8-0x18cf]
[    1.014305] pci 0000:00:1f.2: reg 0x1c: [io  0x18c0-0x18c3]
[    1.014403] pci 0000:00:1f.2: reg 0x20: [io  0x18b0-0x18bf]
[    1.014502] pci 0000:00:1f.2: reg 0x24: [mem 0xee444400-0xee4447ff]
[    1.014672] pci 0000:00:1f.2: PME# supported from D3hot
[    1.015301] pci 0000:00:1f.3: [8086:27da] type 00 class 0x0c0500
[    1.015483] pci 0000:00:1f.3: reg 0x20: [io  0x18e0-0x18ff]
[    1.016406] pci 0000:02:00.0: [8086:109a] type 00 class 0x020000
[    1.016618] pci 0000:02:00.0: reg 0x10: [mem 0xee000000-0xee01ffff]
[    1.016812] pci 0000:02:00.0: reg 0x18: [io  0x2000-0x201f]
[    1.017213] pci 0000:02:00.0: PME# supported from D0 D3hot D3cold
[    1.017793] pci 0000:00:1c.0: PCI bridge to [bus 02]
[    1.017880] pci 0000:00:1c.0:   bridge window [io  0x2000-0x2fff]
[    1.017973] pci 0000:00:1c.0:   bridge window [mem 0xee000000-0xee0fffff]
[    1.018330] pci 0000:03:00.0: [8086:4227] type 00 class 0x028000
[    1.018563] pci 0000:03:00.0: reg 0x10: [mem 0xedf00000-0xedf00fff]
[    1.019205] pci 0000:03:00.0: PME# supported from D0 D3hot D3cold
[    1.019831] pci 0000:00:1c.1: PCI bridge to [bus 03]
[    1.019918] pci 0000:00:1c.1:   bridge window [io  0x3000-0x4fff]
[    1.020010] pci 0000:00:1c.1:   bridge window [mem 0xec000000-0xedffffff]
[    1.020111] pci 0000:00:1c.1:   bridge window [mem 0xe4000000-0xe40fffff 64bit pref]
[    1.020354] pci 0000:00:1c.2: PCI bridge to [bus 04-0b]
[    1.020443] pci 0000:00:1c.2:   bridge window [io  0x5000-0x6fff]
[    1.020535] pci 0000:00:1c.2:   bridge window [mem 0xe8000000-0xe9ffffff]
[    1.020635] pci 0000:00:1c.2:   bridge window [mem 0xe4100000-0xe41fffff 64bit pref]
[    1.020889] pci 0000:00:1c.3: PCI bridge to [bus 0c-13]
[    1.020978] pci 0000:00:1c.3:   bridge window [io  0x7000-0x8fff]
[    1.021071] pci 0000:00:1c.3:   bridge window [mem 0xea000000-0xebffffff]
[    1.021172] pci 0000:00:1c.3:   bridge window [mem 0xe4200000-0xe42fffff 64bit pref]
[    1.021306] pci_bus 0000:15: extended config space not accessible
[    1.021510] pci 0000:15:00.0: [1180:0476] type 02 class 0x060700
[    1.021627] pci 0000:15:00.0: reg 0x10: [mem 0xe4300000-0xe4300fff]
[    1.021787] pci 0000:15:00.0: supports D1 D2
[    1.021866] pci 0000:15:00.0: PME# supported from D0 D1 D2 D3hot D3cold
[    1.022338] pci 0000:15:00.1: [1180:0552] type 00 class 0x0c0010
[    1.022452] pci 0000:15:00.1: reg 0x10: [mem 0xe4301000-0xe43017ff]
[    1.022686] pci 0000:15:00.1: PME# supported from D0 D3hot D3cold
[    1.023006] pci 0000:15:00.2: [1180:0822] type 00 class 0x080500
[    1.023121] pci 0000:15:00.2: reg 0x10: [mem 0xe4301800-0xe43018ff]
[    1.023353] pci 0000:15:00.2: supports D1 D2
[    1.023432] pci 0000:15:00.2: PME# supported from D0 D1 D2 D3hot D3cold
[    1.023827] pci 0000:00:1e.0: PCI bridge to [bus 15-18] (subtractive decode)
[    1.023925] pci 0000:00:1e.0:   bridge window [io  0x9000-0xcfff]
[    1.024018] pci 0000:00:1e.0:   bridge window [mem 0xe4300000-0xe7ffffff]
[    1.024118] pci 0000:00:1e.0:   bridge window [mem 0xe0000000-0xe3ffffff 64bit pref]
[    1.024218] pci 0000:00:1e.0:   bridge window [io  0x0000-0x0cf7 window] (subtractive decode)
[    1.024336] pci 0000:00:1e.0:   bridge window [io  0x0d00-0xffff window] (subtractive decode)
[    1.024453] pci 0000:00:1e.0:   bridge window [mem 0x000a0000-0x000bffff window] (subtractive decode)
[    1.024574] pci 0000:00:1e.0:   bridge window [mem 0x000d0000-0x000d3fff window] (subtractive decode)
[    1.024695] pci 0000:00:1e.0:   bridge window [mem 0x000d4000-0x000d7fff window] (subtractive decode)
[    1.024816] pci 0000:00:1e.0:   bridge window [mem 0x000d8000-0x000dbfff window] (subtractive decode)
[    1.025705] pci 0000:00:1e.0:   bridge window [mem 0xc0000000-0xfebfffff window] (subtractive decode)
[    1.025826] pci 0000:00:1e.0:   bridge window [mem 0xfed40000-0xfed40fff window] (subtractive decode)
[    1.025987] pci_bus 0000:16: extended config space not accessible
[    1.026187] pci_bus 0000:16: busn_res: [bus 16-18] end is updated to 17
[    1.026331] pci_bus 0000:00: on NUMA node 0
[    1.033270] ACPI: EC: interrupt unblocked
[    1.033366] ACPI: EC: event unblocked
[    1.033453] ACPI: \_SB_.PCI0.LPC_.EC__: GPE=0x1c, IRQ=-1, EC_CMD/EC_SC=0x66, EC_DATA=0x62
[    1.033556] ACPI: \_SB_.PCI0.LPC_.EC__: Boot DSDT EC used to handle transactions and events
[    1.034326] pci 0000:00:02.0: vgaarb: setting as boot VGA device
[    1.034417] pci 0000:00:02.0: vgaarb: VGA device added: decodes=io+mem,owns=io+mem,locks=none
[    1.034555] pci 0000:00:02.0: vgaarb: bridge control possible
[    1.034638] vgaarb: loaded
[    1.035402] SCSI subsystem initialized
[    1.036017] libata version 3.00 loaded.
[    1.036208] ACPI: bus type USB registered
[    1.036406] usbcore: registered new interface driver usbfs
[    1.036570] usbcore: registered new interface driver hub
[    1.036729] usbcore: registered new device driver usb
[    1.036936] mc: Linux media interface: v0.10
[    1.037060] videodev: Linux video capture interface: v2.00
[    1.037210] pps_core: LinuxPPS API ver. 1 registered
[    1.037290] pps_core: Software ver. 5.3.6 - Copyright 2005-2007 Rodolfo Giometti <giometti@linux.it>
[    1.037438] PTP clock support registered
[    1.037758] EDAC MC: Ver: 3.0.0
[    1.037758] Advanced Linux Sound Architecture Driver Initialized.
[    1.037758] PCI: Using ACPI for IRQ routing
[    1.042780] PCI: pci_cache_line_size set to 64 bytes
[    1.043108] e820: reserve RAM buffer [mem 0x0009f000-0x0009ffff]
[    1.043114] e820: reserve RAM buffer [mem 0xbf6d0000-0xbfffffff]
[    1.043916] Bluetooth: Core ver 2.22
[    1.044050] NET: Registered protocol family 31
[    1.044127] Bluetooth: HCI device and connection manager initialized
[    1.044225] Bluetooth: HCI socket layer initialized
[    1.044308] Bluetooth: L2CAP socket layer initialized
[    1.044409] Bluetooth: SCO socket layer initialized
[    1.044982] clocksource: Switched to clocksource hpet
[    1.045854] pnp: PnP ACPI init
[    1.047767] system 00:00: [mem 0x00000000-0x0009ffff] could not be reserved
[    1.047891] system 00:00: [mem 0x000c0000-0x000c3fff] could not be reserved
[    1.047990] system 00:00: [mem 0x000c4000-0x000c7fff] could not be reserved
[    1.048088] system 00:00: [mem 0x000c8000-0x000cbfff] has been reserved
[    1.048182] system 00:00: [mem 0x000cc000-0x000cffff] has been reserved
[    1.048279] system 00:00: [mem 0x000dc000-0x000dffff] could not be reserved
[    1.048377] system 00:00: [mem 0x000e0000-0x000e3fff] could not be reserved
[    1.048475] system 00:00: [mem 0x000e4000-0x000e7fff] could not be reserved
[    1.048572] system 00:00: [mem 0x000e8000-0x000ebfff] could not be reserved
[    1.048670] system 00:00: [mem 0x000ec000-0x000effff] could not be reserved
[    1.048767] system 00:00: [mem 0x000f0000-0x000fffff] could not be reserved
[    1.048864] system 00:00: [mem 0x00100000-0xbfffffff] could not be reserved
[    1.048963] system 00:00: [mem 0xfec00000-0xfed3ffff] could not be reserved
[    1.049060] system 00:00: [mem 0xfed41000-0xffffffff] could not be reserved
[    1.049202] system 00:00: Plug and Play ACPI device, IDs PNP0c01 (active)
[    1.049694] system 00:01: [io  0x164e-0x164f] has been reserved
[    1.049786] system 00:01: [io  0x1000-0x107f] has been reserved
[    1.049876] system 00:01: [io  0x1180-0x11bf] has been reserved
[    1.049967] system 00:01: [io  0x0800-0x080f] has been reserved
[    1.050067] system 00:01: [io  0x15e0-0x15ef] has been reserved
[    1.050159] system 00:01: [io  0x1600-0x165f] could not be reserved
[    1.050252] system 00:01: [mem 0xf0000000-0xf3ffffff] has been reserved
[    1.050345] system 00:01: [mem 0xfed1c000-0xfed1ffff] has been reserved
[    1.050440] system 00:01: [mem 0xfed14000-0xfed17fff] has been reserved
[    1.050534] system 00:01: [mem 0xfed18000-0xfed18fff] has been reserved
[    1.050628] system 00:01: [mem 0xfed19000-0xfed19fff] has been reserved
[    1.050755] system 00:01: Plug and Play ACPI device, IDs PNP0c02 (active)
[    1.051067] pnp 00:02: Plug and Play ACPI device, IDs PNP0b00 (active)
[    1.051202] pnp 00:03: Plug and Play ACPI device, IDs PNP0303 (active)
[    1.051341] pnp 00:04: Plug and Play ACPI device, IDs IBM3780 PNP0f13 (active)
[    1.052106] pnp 00:05: [dma 3]
[    1.052311] pnp 00:05: Plug and Play ACPI device, IDs IBM0071 PNP0511 (active)
[    1.052556] pnp 00:06: Plug and Play ACPI device, IDs ATM1200 PNP0c31 (active)
[    1.054939] pnp: PnP ACPI: found 7 devices
[    1.100515] clocksource: acpi_pm: mask: 0xffffff max_cycles: 0xffffff, max_idle_ns: 2085701024 ns
[    1.100647] pci 0000:00:1c.0: bridge window [mem 0x00100000-0x000fffff 64bit pref] to [bus 02] add_size 200000 add_align 100000
[    1.100815] pci 0000:00:1c.0: BAR 9: assigned [mem 0xc0000000-0xc01fffff 64bit pref]
[    1.100913] pci 0000:00:1c.0: PCI bridge to [bus 02]
[    1.100995] pci 0000:00:1c.0:   bridge window [io  0x2000-0x2fff]
[    1.101086] pci 0000:00:1c.0:   bridge window [mem 0xee000000-0xee0fffff]
[    1.101179] pci 0000:00:1c.0:   bridge window [mem 0xc0000000-0xc01fffff 64bit pref]
[    1.101281] pci 0000:00:1c.1: PCI bridge to [bus 03]
[    1.101362] pci 0000:00:1c.1:   bridge window [io  0x3000-0x4fff]
[    1.101453] pci 0000:00:1c.1:   bridge window [mem 0xec000000-0xedffffff]
[    1.101546] pci 0000:00:1c.1:   bridge window [mem 0xe4000000-0xe40fffff 64bit pref]
[    1.101647] pci 0000:00:1c.2: PCI bridge to [bus 04-0b]
[    1.101730] pci 0000:00:1c.2:   bridge window [io  0x5000-0x6fff]
[    1.101821] pci 0000:00:1c.2:   bridge window [mem 0xe8000000-0xe9ffffff]
[    1.101914] pci 0000:00:1c.2:   bridge window [mem 0xe4100000-0xe41fffff 64bit pref]
[    1.102015] pci 0000:00:1c.3: PCI bridge to [bus 0c-13]
[    1.102098] pci 0000:00:1c.3:   bridge window [io  0x7000-0x8fff]
[    1.102189] pci 0000:00:1c.3:   bridge window [mem 0xea000000-0xebffffff]
[    1.102281] pci 0000:00:1c.3:   bridge window [mem 0xe4200000-0xe42fffff 64bit pref]
[    1.102393] pci 0000:15:00.0: BAR 9: assigned [mem 0xe0000000-0xe3ffffff pref]
[    1.102490] pci 0000:15:00.0: BAR 10: assigned [mem 0xc4000000-0xc7ffffff]
[    1.102580] pci 0000:15:00.0: BAR 7: assigned [io  0x9000-0x90ff]
[    1.102667] pci 0000:15:00.0: BAR 8: assigned [io  0x9400-0x94ff]
[    1.102761] pci 0000:15:00.0: CardBus bridge to [bus 16-17]
[    1.102844] pci 0000:15:00.0:   bridge window [io  0x9000-0x90ff]
[    1.102933] pci 0000:15:00.0:   bridge window [io  0x9400-0x94ff]
[    1.103023] pci 0000:15:00.0:   bridge window [mem 0xe0000000-0xe3ffffff pref]
[    1.103119] pci 0000:15:00.0:   bridge window [mem 0xc4000000-0xc7ffffff]
[    1.103212] pci 0000:00:1e.0: PCI bridge to [bus 15-18]
[    1.103294] pci 0000:00:1e.0:   bridge window [io  0x9000-0xcfff]
[    1.103385] pci 0000:00:1e.0:   bridge window [mem 0xe4300000-0xe7ffffff]
[    1.103478] pci 0000:00:1e.0:   bridge window [mem 0xe0000000-0xe3ffffff 64bit pref]
[    1.103580] pci_bus 0000:00: resource 4 [io  0x0000-0x0cf7 window]
[    1.103666] pci_bus 0000:00: resource 5 [io  0x0d00-0xffff window]
[    1.103753] pci_bus 0000:00: resource 6 [mem 0x000a0000-0x000bffff window]
[    1.103862] pci_bus 0000:00: resource 7 [mem 0x000d0000-0x000d3fff window]
[    1.103952] pci_bus 0000:00: resource 8 [mem 0x000d4000-0x000d7fff window]
[    1.104041] pci_bus 0000:00: resource 9 [mem 0x000d8000-0x000dbfff window]
[    1.104131] pci_bus 0000:00: resource 10 [mem 0xc0000000-0xfebfffff window]
[    1.104221] pci_bus 0000:00: resource 11 [mem 0xfed40000-0xfed40fff window]
[    1.104312] pci_bus 0000:02: resource 0 [io  0x2000-0x2fff]
[    1.104396] pci_bus 0000:02: resource 1 [mem 0xee000000-0xee0fffff]
[    1.104482] pci_bus 0000:02: resource 2 [mem 0xc0000000-0xc01fffff 64bit pref]
[    1.104574] pci_bus 0000:03: resource 0 [io  0x3000-0x4fff]
[    1.104657] pci_bus 0000:03: resource 1 [mem 0xec000000-0xedffffff]
[    1.104744] pci_bus 0000:03: resource 2 [mem 0xe4000000-0xe40fffff 64bit pref]
[    1.104836] pci_bus 0000:04: resource 0 [io  0x5000-0x6fff]
[    1.104919] pci_bus 0000:04: resource 1 [mem 0xe8000000-0xe9ffffff]
[    1.105006] pci_bus 0000:04: resource 2 [mem 0xe4100000-0xe41fffff 64bit pref]
[    1.105097] pci_bus 0000:0c: resource 0 [io  0x7000-0x8fff]
[    1.105181] pci_bus 0000:0c: resource 1 [mem 0xea000000-0xebffffff]
[    1.105267] pci_bus 0000:0c: resource 2 [mem 0xe4200000-0xe42fffff 64bit pref]
[    1.105360] pci_bus 0000:15: resource 0 [io  0x9000-0xcfff]
[    1.105443] pci_bus 0000:15: resource 1 [mem 0xe4300000-0xe7ffffff]
[    1.105529] pci_bus 0000:15: resource 2 [mem 0xe0000000-0xe3ffffff 64bit pref]
[    1.105621] pci_bus 0000:15: resource 4 [io  0x0000-0x0cf7 window]
[    1.105708] pci_bus 0000:15: resource 5 [io  0x0d00-0xffff window]
[    1.105794] pci_bus 0000:15: resource 6 [mem 0x000a0000-0x000bffff window]
[    1.105884] pci_bus 0000:15: resource 7 [mem 0x000d0000-0x000d3fff window]
[    1.105974] pci_bus 0000:15: resource 8 [mem 0x000d4000-0x000d7fff window]
[    1.106064] pci_bus 0000:15: resource 9 [mem 0x000d8000-0x000dbfff window]
[    1.106154] pci_bus 0000:15: resource 10 [mem 0xc0000000-0xfebfffff window]
[    1.106244] pci_bus 0000:15: resource 11 [mem 0xfed40000-0xfed40fff window]
[    1.106335] pci_bus 0000:16: resource 0 [io  0x9000-0x90ff]
[    1.106418] pci_bus 0000:16: resource 1 [io  0x9400-0x94ff]
[    1.106502] pci_bus 0000:16: resource 2 [mem 0xe0000000-0xe3ffffff pref]
[    1.106591] pci_bus 0000:16: resource 3 [mem 0xc4000000-0xc7ffffff]
[    1.107126] NET: Registered protocol family 2
[    1.107745] tcp_listen_portaddr_hash hash table entries: 512 (order: 2, 20480 bytes, linear)
[    1.107919] TCP established hash table entries: 8192 (order: 3, 32768 bytes, linear)
[    1.108080] TCP bind hash table entries: 8192 (order: 6, 294912 bytes, linear)
[    1.108647] TCP: Hash tables configured (established 8192 bind 8192)
[    1.109047] UDP hash table entries: 512 (order: 3, 40960 bytes, linear)
[    1.109208] UDP-Lite hash table entries: 512 (order: 3, 40960 bytes, linear)
[    1.109496] NET: Registered protocol family 1
[    1.110216] RPC: Registered named UNIX socket transport module.
[    1.110305] RPC: Registered udp transport module.
[    1.110386] RPC: Registered tcp transport module.
[    1.110466] RPC: Registered tcp NFSv4.1 backchannel transport module.
[    1.111084] pci 0000:00:02.0: Video device with shadowed ROM at [mem 0x000c0000-0x000dffff]
[    1.114643] pci 0000:15:00.0: CLS mismatch (64 != 32), using 64 bytes
[    1.114852] PCI-DMA: Using software bounce buffering for IO (SWIOTLB)
[    1.114940] software IO TLB: mapped [mem 0x31cfc000-0x35cfc000] (64MB)
[    1.117834] Initialise system trusted keyrings
[    1.118455] workingset: timestamp_bits=30 max_order=20 bucket_order=0
[    1.120632] Installing knfsd (copyright (C) 1996 okir@monad.swb.de).
[    1.121345] ntfs: driver 2.1.32 [Flags: R/W].
[    1.121662] fuse: init (API version 7.31)
[    1.131046] Key type asymmetric registered
[    1.131132] Asymmetric key parser 'x509' registered
[    1.131345] bounce: pool size: 64 pages
[    1.131493] Block layer SCSI generic (bsg) driver version 0.4 loaded (major 249)
[    1.131595] io scheduler mq-deadline registered
[    1.131711] io scheduler bfq registered
[    1.135209] intel_idle: MWAIT substates: 0x22220
[    1.136034] ACPI: \_PR_.CPU0: Found 3 idle states
[    1.136917] ACPI: \_PR_.CPU1: Found 3 idle states
[    1.136997] intel_idle: ACPI _CST not found or not usable
[    1.137497] ACPI: Deprecated procfs I/F for AC is loaded, please retry with CONFIG_ACPI_PROCFS_POWER cleared
[    1.138001] ACPI: AC Adapter [AC] (on-line)
[    1.138417] input: Lid Switch as /devices/LNXSYSTM:00/LNXSYBUS:00/PNP0C0D:00/input/input0
[    1.144102] ACPI: Lid Switch [LID]
[    1.144389] input: Sleep Button as /devices/LNXSYSTM:00/LNXSYBUS:00/PNP0C0E:00/input/input1
[    1.152101] ACPI: Sleep Button [SLPB]
[    1.152460] input: Power Button as /devices/LNXSYSTM:00/LNXPWRBN:00/input/input2
[    1.152814] ACPI: Power Button [PWRF]
[    1.153326] ACPI: Video Device [VID] (multi-head: yes  rom: no  post: no)
[    1.161138] acpi device:01: registered as cooling_device0
[    1.161630] input: Video Bus as /devices/LNXSYSTM:00/LNXSYBUS:00/PNP0A08:00/LNXVIDEO:00/input/input3
[    1.162975] ACPI: \_PR_.CPU0: Found 3 idle states
[    1.172415] ACPI: \_PR_.CPU1: Found 3 idle states
[    1.182413] thermal LNXTHERM:00: registered as thermal_zone0
[    1.182501] ACPI: Thermal Zone [THM0] (68 C)
[    1.186404] thermal LNXTHERM:01: registered as thermal_zone1
[    1.187258] ACPI: Thermal Zone [THM1] (70 C)
[    1.187760] Serial: 8250/16550 driver, 4 ports, IRQ sharing disabled
[    1.188569] serial8250: ttyS1 at I/O 0x2f8 (irq = 3, base_baud = 921600) is a NS16550A
[    1.192577] lp: driver loaded but no devices found
[    1.193055] Non-volatile memory driver v1.3
[    1.193696] intel_rng: FWH not detected
[    1.193825] Linux agpgart interface v0.103
[    1.195184] [drm] radeon kernel modesetting enabled.
[    1.197717] pci 0000:00:00.0: Intel 945GM Chipset
[    1.197927] pci 0000:00:00.0: detected gtt size: 262144K total, 262144K mappable
[    1.198797] pci 0000:00:00.0: detected 8192K stolen memory
[    1.200211] i915 0000:00:02.0: vgaarb: deactivate vga console
[    1.203185] Console: switching to colour dummy device 80x25
[    1.205555] [drm] Supports vblank timestamp caching Rev 2 (21.10.2013).
[    1.205594] [drm] Driver supports precise vblank timestamp query.
[    1.205644] resource sanity check: requesting [mem 0x000c0000-0x000dffff], which spans more than pnp 00:00 [mem 0x000c8000-0x000cbfff]
[    1.205809] caller pci_map_rom+0x6f/0x174 mapping multiple BARs
[    1.211373] i915 0000:00:02.0: vgaarb: changed VGA decodes: olddecodes=io+mem,decodes=io+mem:owns=io+mem
[    1.215631] random: fast init done
[    1.219375] battery: ACPI: Deprecated procfs I/F for battery is loaded, please retry with CONFIG_ACPI_PROCFS_POWER cleared
[    1.219464] battery: ACPI: Battery Slot [BAT0] (battery present)
[    1.244314] [drm] Initialized overlay support.
[    1.246090] [drm] Initialized i915 1.6.0 20200114 for 0000:00:02.0 on minor 0
[    1.247563] usbcore: registered new interface driver udl
[    1.261033] fbcon: i915drmfb (fb0) is primary device
[    1.262131] loop: module loaded
[    1.328334] ahci 0000:00:1f.2: version 3.0
[    1.329061] ahci 0000:00:1f.2: AHCI 0001.0100 32 slots 4 ports 1.5 Gbps 0x1 impl SATA mode
[    1.329067] ahci 0000:00:1f.2: flags: 64bit ncq pm led clo pio slum part 
[    1.331583] scsi host0: ahci
[    1.332283] scsi host1: ahci
[    1.332881] scsi host2: ahci
[    1.333504] scsi host3: ahci
[    1.333826] ata1: SATA max UDMA/133 abar m1024@0xee444400 port 0xee444500 irq 16
[    1.333829] ata2: DUMMY
[    1.333831] ata3: DUMMY
[    1.333833] ata4: DUMMY
[    1.334203] ata_piix 0000:00:1f.1: version 2.13
[    1.337292] scsi host4: ata_piix
[    1.337792] scsi host5: ata_piix
[    1.338021] ata5: PATA max UDMA/100 cmd 0x1f0 ctl 0x3f6 bmdma 0x1810 irq 14
[    1.338023] ata6: PATA max UDMA/100 cmd 0x170 ctl 0x376 bmdma 0x1818 irq 15
[    1.339532] tun: Universal TUN/TAP device driver, 1.6
[    1.341047] e1000: Intel(R) PRO/1000 Network Driver - version 7.3.21-k8-NAPI
[    1.341049] e1000: Copyright (c) 1999-2006 Intel Corporation.
[    1.341122] e1000e: Intel(R) PRO/1000 Network Driver - 3.2.6-k
[    1.341124] e1000e: Copyright(c) 1999 - 2015 Intel Corporation.
[    1.341238] e1000e 0000:02:00.0: Disabling ASPM  L1
[    1.341242] e1000e 0000:02:00.0: can't disable ASPM; OS doesn't have ASPM control
[    1.341672] e1000e 0000:02:00.0: Interrupt Throttling Rate (ints/sec) set to dynamic conservative mode
[    1.342022] ata6: port disabled--ignoring
[    1.491080] e1000e 0000:02:00.0 eth0: (PCI Express:2.5GT/s:Width x1) 00:16:d3:25:19:04
[    1.491111] e1000e 0000:02:00.0 eth0: Intel(R) PRO/1000 Network Connection
[    1.491192] e1000e 0000:02:00.0 eth0: MAC: 2, PHY: 2, PBA No: 005302-003
[    1.491467] PPP generic driver version 2.4.2
[    1.491859] PPP BSD Compression module registered
[    1.491863] PPP Deflate Compression module registered
[    1.491865] SLIP: version 0.8.4-NET3.019-NEWTTY (dynamic channels, max=256).
[    1.491867] CSLIP: code copyright 1989 Regents of the University of California.
[    1.491954] iwl3945: Intel(R) PRO/Wireless 3945ABG/BG Network Connection driver for Linux, in-tree:ds
[    1.491956] iwl3945: Copyright(c) 2003-2011 Intel Corporation
[    1.491957] iwl3945: hw_scan is disabled
[    1.492144] iwl3945 0000:03:00.0: can't disable ASPM; OS doesn't have ASPM control
[    1.546928] iwl3945 0000:03:00.0: Tunable channels: 11 802.11bg, 13 802.11a channels
[    1.546932] iwl3945 0000:03:00.0: Detected Intel Wireless WiFi Link 3945ABG
[    1.547889] ieee80211 phy0: Selected rate control algorithm 'iwl-3945-rs'
[    1.548879] Intel(R) Wireless WiFi driver for Linux
[    1.548880] Copyright(c) 2003- 2015 Intel Corporation
[    1.549129] usbcore: registered new interface driver ax88179_178a
[    1.549175] usbcore: registered new interface driver cdc_ether
[    1.549216] usbcore: registered new interface driver net1080
[    1.549260] usbcore: registered new interface driver cdc_subset
[    1.549301] usbcore: registered new interface driver zaurus
[    1.549364] usbcore: registered new interface driver cdc_ncm
[    1.549447] pci 0000:00:1e.0: enabling device (0005 -> 0007)
[    1.549684] yenta_cardbus 0000:15:00.0: CardBus bridge found [17aa:201c]
[    1.651913] ata1: SATA link up 1.5 Gbps (SStatus 113 SControl 300)
[    1.746203] ata1.00: ACPI cmd ef/02:00:00:00:00:a0 (SET FEATURES) succeeded
[    1.746207] ata1.00: ACPI cmd f5/00:00:00:00:00:a0 (SECURITY FREEZE LOCK) filtered out
[    1.746211] ata1.00: ACPI cmd ef/10:03:00:00:00:a0 (SET FEATURES) filtered out
[    1.790216] ata1.00: ATA-9: ST1000LM014-1EJ164, SM11, max UDMA/133
[    1.790219] ata1.00: 1953525168 sectors, multi 16: LBA48 NCQ (depth 32), AA
[    1.834913] ata1.00: ACPI cmd ef/02:00:00:00:00:a0 (SET FEATURES) succeeded
[    1.834917] ata1.00: ACPI cmd f5/00:00:00:00:00:a0 (SECURITY FREEZE LOCK) filtered out
[    1.834921] ata1.00: ACPI cmd ef/10:03:00:00:00:a0 (SET FEATURES) filtered out
[    1.878967] ata1.00: configured for UDMA/133
[    1.916072] Console: switching to colour frame buffer device 102x42
[    2.056244] i915 0000:00:02.0: fb0: i915drmfb frame buffer device
[    2.059523] scsi 0:0:0:0: Direct-Access     ATA      ST1000LM014-1EJ1 SM11 PQ: 0 ANSI: 5
[    2.063490] sd 0:0:0:0: [sda] 1953525168 512-byte logical blocks: (1.00 TB/932 GiB)
[    2.063859] sd 0:0:0:0: Attached scsi generic sg0 type 0
[    2.066407] sd 0:0:0:0: [sda] 4096-byte physical blocks
[    2.072073] sd 0:0:0:0: [sda] Write Protect is off
[    2.074859] sd 0:0:0:0: [sda] Mode Sense: 00 3a 00 00
[    2.074976] sd 0:0:0:0: [sda] Write cache: enabled, read cache: enabled, doesn't support DPO or FUA
[    2.082684]  sda: sda1 sda2 sda3 sda4
[    2.087845] sd 0:0:0:0: [sda] Attached SCSI disk
[    2.224672] yenta_cardbus 0000:15:00.0: ISA IRQ mask 0x0cb8, PCI irq 16
[    2.227517] yenta_cardbus 0000:15:00.0: Socket status: 30000006
[    2.230358] yenta_cardbus 0000:15:00.0: pcmcia: parent PCI bridge window: [io  0x9000-0xcfff]
[    2.233179] yenta_cardbus 0000:15:00.0: pcmcia: parent PCI bridge window: [mem 0xe4300000-0xe7ffffff]
[    2.235932] pcmcia_socket pcmcia_socket0: cs: memory probe 0xe4300000-0xe7ffffff:
[    2.238709]  excluding 0xe4300000-0xe46cffff
[    2.241499] yenta_cardbus 0000:15:00.0: pcmcia: parent PCI bridge window: [mem 0xe0000000-0xe3ffffff 64bit pref]
[    2.244419] pcmcia_socket pcmcia_socket0: cs: memory probe 0xe0000000-0xe3ffffff:
[    2.247385]  excluding 0xe0000000-0xe3ffffff
[    2.251537] ehci_hcd: USB 2.0 'Enhanced' Host Controller (EHCI) Driver
[    2.254499] ehci-pci: EHCI PCI platform driver
[    2.257944] ehci-pci 0000:00:1d.7: EHCI Host Controller
[    2.261219] ehci-pci 0000:00:1d.7: new USB bus registered, assigned bus number 1
[    2.264339] ehci-pci 0000:00:1d.7: debug port 1
[    2.271350] ehci-pci 0000:00:1d.7: cache line size of 64 is not supported
[    2.274573] ehci-pci 0000:00:1d.7: irq 19, io mem 0xee444000
[    2.291902] ehci-pci 0000:00:1d.7: USB 2.0 started, EHCI 1.00
[    2.295394] usb usb1: New USB device found, idVendor=1d6b, idProduct=0002, bcdDevice= 5.05
[    2.298652] usb usb1: New USB device strings: Mfr=3, Product=2, SerialNumber=1
[    2.301867] usb usb1: Product: EHCI Host Controller
[    2.305014] usb usb1: Manufacturer: Linux 5.5.0-rc6-next-20200120+ ehci_hcd
[    2.308213] usb usb1: SerialNumber: 0000:00:1d.7
[    2.312113] hub 1-0:1.0: USB hub found
[    2.315260] hub 1-0:1.0: 8 ports detected
[    2.320322] ohci_hcd: USB 1.1 'Open' Host Controller (OHCI) Driver
[    2.323387] ohci-pci: OHCI PCI platform driver
[    2.326466] uhci_hcd: USB Universal Host Controller Interface driver
[    2.330050] uhci_hcd 0000:00:1d.0: UHCI Host Controller
[    2.333381] uhci_hcd 0000:00:1d.0: new USB bus registered, assigned bus number 2
[    2.336464] uhci_hcd 0000:00:1d.0: detected 2 ports
[    2.339442] uhci_hcd 0000:00:1d.0: irq 16, io base 0x00001820
[    2.342648] usb usb2: New USB device found, idVendor=1d6b, idProduct=0001, bcdDevice= 5.05
[    2.345821] usb usb2: New USB device strings: Mfr=3, Product=2, SerialNumber=1
[    2.348910] usb usb2: Product: UHCI Host Controller
[    2.351933] usb usb2: Manufacturer: Linux 5.5.0-rc6-next-20200120+ uhci_hcd
[    2.354914] usb usb2: SerialNumber: 0000:00:1d.0
[    2.358525] hub 2-0:1.0: USB hub found
[    2.361527] hub 2-0:1.0: 2 ports detected
[    2.365560] uhci_hcd 0000:00:1d.1: UHCI Host Controller
[    2.368740] uhci_hcd 0000:00:1d.1: new USB bus registered, assigned bus number 3
[    2.371717] uhci_hcd 0000:00:1d.1: detected 2 ports
[    2.374620] uhci_hcd 0000:00:1d.1: irq 17, io base 0x00001840
[    2.377692] usb usb3: New USB device found, idVendor=1d6b, idProduct=0001, bcdDevice= 5.05
[    2.380549] usb usb3: New USB device strings: Mfr=3, Product=2, SerialNumber=1
[    2.383293] usb usb3: Product: UHCI Host Controller
[    2.385994] usb usb3: Manufacturer: Linux 5.5.0-rc6-next-20200120+ uhci_hcd
[    2.388722] usb usb3: SerialNumber: 0000:00:1d.1
[    2.392059] hub 3-0:1.0: USB hub found
[    2.394755] hub 3-0:1.0: 2 ports detected
[    2.398602] uhci_hcd 0000:00:1d.2: UHCI Host Controller
[    2.401497] uhci_hcd 0000:00:1d.2: new USB bus registered, assigned bus number 4
[    2.404202] uhci_hcd 0000:00:1d.2: detected 2 ports
[    2.406875] uhci_hcd 0000:00:1d.2: irq 18, io base 0x00001860
[    2.409764] usb usb4: New USB device found, idVendor=1d6b, idProduct=0001, bcdDevice= 5.05
[    2.412530] usb usb4: New USB device strings: Mfr=3, Product=2, SerialNumber=1
[    2.415199] usb usb4: Product: UHCI Host Controller
[    2.417843] usb usb4: Manufacturer: Linux 5.5.0-rc6-next-20200120+ uhci_hcd
[    2.420555] usb usb4: SerialNumber: 0000:00:1d.2
[    2.423856] hub 4-0:1.0: USB hub found
[    2.426500] hub 4-0:1.0: 2 ports detected
[    2.430283] uhci_hcd 0000:00:1d.3: UHCI Host Controller
[    2.433176] uhci_hcd 0000:00:1d.3: new USB bus registered, assigned bus number 5
[    2.435855] uhci_hcd 0000:00:1d.3: detected 2 ports
[    2.438491] uhci_hcd 0000:00:1d.3: irq 19, io base 0x00001880
[    2.441314] usb usb5: New USB device found, idVendor=1d6b, idProduct=0001, bcdDevice= 5.05
[    2.444007] usb usb5: New USB device strings: Mfr=3, Product=2, SerialNumber=1
[    2.446660] usb usb5: Product: UHCI Host Controller
[    2.449329] usb usb5: Manufacturer: Linux 5.5.0-rc6-next-20200120+ uhci_hcd
[    2.452008] usb usb5: SerialNumber: 0000:00:1d.3
[    2.455246] hub 5-0:1.0: USB hub found
[    2.457888] hub 5-0:1.0: 2 ports detected
[    2.461365] usbcore: registered new interface driver cdc_acm
[    2.463906] cdc_acm: USB Abstract Control Model driver for USB modems and ISDN adapters
[    2.466584] usbcore: registered new interface driver usblp
[    2.469338] usbcore: registered new interface driver usb-storage
[    2.472016] usbcore: registered new interface driver ums-sddr09
[    2.474715] usbcore: registered new interface driver usbserial_generic
[    2.477307] usbserial: USB Serial support registered for generic
[    2.479948] usbcore: registered new interface driver ch341
[    2.482488] usbserial: USB Serial support registered for ch341-uart
[    2.485087] usbcore: registered new interface driver cp210x
[    2.487620] usbserial: USB Serial support registered for cp210x
[    2.490212] usbcore: registered new interface driver ftdi_sio
[    2.492754] usbserial: USB Serial support registered for FTDI USB Serial Device
[    2.495432] usbcore: registered new interface driver option
[    2.498091] usbserial: USB Serial support registered for GSM modem (1-port)
[    2.500923] usbcore: registered new interface driver pl2303
[    2.503601] usbserial: USB Serial support registered for pl2303
[    2.506348] usbcore: registered new interface driver ti_usb_3410_5052
[    2.509105] usbserial: USB Serial support registered for TI USB 3410 1 port adapter
[    2.511889] usbserial: USB Serial support registered for TI USB 5052 2 port adapter
[    2.514550] ftdi_elan: driver ftdi-elan
[    2.517208] usbcore: registered new interface driver ftdi-elan
[    2.520030] i8042: PNP: PS/2 Controller [PNP0303:KBD,PNP0f13:MOU] at 0x60,0x64 irq 1,12
[    2.534650] serio: i8042 KBD port at 0x60,0x64 irq 1
[    2.537642] serio: i8042 AUX port at 0x60,0x64 irq 12
[    2.541023] mousedev: PS/2 mouse device common for all mice
[    2.545028] input: PC Speaker as /devices/platform/pcspkr/input/input5
[    2.548335] rtc_cmos 00:02: RTC can wake from S4
[    2.551757] rtc_cmos 00:02: registered as rtc0
[    2.554665] rtc_cmos 00:02: alarms up to one month, y3k, 114 bytes nvram, hpet irqs
[    2.557645] usbcore: registered new interface driver uvcvideo
[    2.560439] USB Video Class driver (1.1.1)
[    2.563336] input: AT Translated Set 2 keyboard as /devices/platform/i8042/serio0/input/input4
[    2.567034] gspca_main: v2.14.0 registered
[    2.570393] usbcore: registered new interface driver sq930x
[    2.574412] device-mapper: ioctl: 4.41.0-ioctl (2019-09-16) initialised: dm-devel@redhat.com
[    2.577431] Bluetooth: HCI UART driver ver 2.3
[    2.582478] Bluetooth: HCI UART protocol H4 registered
[    2.585365] Bluetooth: HCI UART protocol BCSP registered
[    2.588326] usbcore: registered new interface driver btusb
[    2.591340] intel_pstate: CPU model not supported
[    2.594643] sdhci: Secure Digital Host Controller Interface driver
[    2.597636] sdhci: Copyright(c) Pierre Ossman
[    2.600827] sdhci-pci 0000:15:00.2: SDHCI controller found [1180:0822] (rev 18)
[    2.604491] sdhci-pci 0000:15:00.2: Will use DMA mode even though HW doesn't fully claim to support it.
[    2.608039] mmc0 bounce up to 128 segments into one, max segment size 65536 bytes
[    2.611534] sdhci-pci 0000:15:00.2: Will use DMA mode even though HW doesn't fully claim to support it.
[    2.615453] mmc0: SDHCI controller on PCI [0000:15:00.2] using DMA
[    2.619477] hid: raw HID events driver (C) Jiri Kosina
[    2.624349] usbcore: registered new interface driver usbhid
[    2.627688] usbhid: USB HID core driver
[    2.631883] thinkpad_acpi: ThinkPad ACPI Extras v0.26
[    2.635090] thinkpad_acpi: http://ibm-acpi.sf.net/
[    2.638141] thinkpad_acpi: ThinkPad BIOS 7BETD8WW (2.19 ), EC 7BHT40WW-1.13
[    2.641828] thinkpad_acpi: Lenovo ThinkPad X60, model 17097HU
[    2.650961] thinkpad_acpi: ACPI backlight control delay disabled
[    2.654657] thinkpad_acpi: radio switch found; radios are enabled
[    2.658045] thinkpad_acpi: This ThinkPad has standard ACPI backlight brightness control, supported by the ACPI video driver
[    2.664333] thinkpad_acpi: Disabling thinkpad-acpi brightness events by default...
[    2.672846] sdhci-pci 0000:15:00.2: Will use DMA mode even though HW doesn't fully claim to support it.
[    2.679638] thinkpad_acpi: rfkill switch tpacpi_bluetooth_sw: radio is unblocked
[    2.686574] thinkpad_acpi: warning: userspace override of important firmware LEDs is enabled
[    2.695194] thinkpad_acpi: Standard ACPI backlight interface available, not loading native one
[    2.698821] thinkpad_acpi: volume: disabled as there is no ALSA support in this kernel
[    2.702991] thinkpad_acpi: battery 1 registered (start 0, stop 0)
[    2.703119] battery: new extension: ThinkPad Battery Extension
[    2.710291] input: ThinkPad Extra Buttons as /devices/platform/thinkpad_acpi/input/input8
[    2.720339] snd_hda_intel 0000:00:1b.0: probe_mask set to 0x1 for device 17aa:2010
[    2.724694] usbcore: registered new interface driver snd-usb-audio
[    2.729945] NET: Registered protocol family 17
[    2.734122] sdhci-pci 0000:15:00.2: Will use DMA mode even though HW doesn't fully claim to support it.
[    2.738099] Bluetooth: RFCOMM TTY layer initialized
[    2.741606] Bluetooth: RFCOMM socket layer initialized
[    2.745102] Bluetooth: RFCOMM ver 1.11
[    2.748840] Bluetooth: BNEP (Ethernet Emulation) ver 1.3
[    2.752306] Bluetooth: BNEP filters: protocol multicast
[    2.755723] Bluetooth: BNEP socket layer initialized
[    2.759115] Bluetooth: HIDP (Human Interface Emulation) ver 1.2
[    2.762532] Bluetooth: HIDP socket layer initialized
[    2.766121] start plist test
[    2.770698] end plist test
[    2.771114] microcode: sig=0x6e8, pf=0x20, revision=0x39
[    2.774697] microcode: Microcode Update Driver: v2.2.
[    2.774702] IPI shorthand broadcast: enabled
[    2.781331] snd_hda_codec_analog hdaudioC0D0: autoconfig for AD1981: line_outs=1 (0x5/0x0/0x0/0x0/0x0) type:speaker
[    2.781578] Loading compiled-in X.509 certificates
[    2.787872] snd_hda_codec_analog hdaudioC0D0:    speaker_outs=0 (0x0/0x0/0x0/0x0/0x0)
[    2.791128] Key type ._fscrypt registered
[    2.794377] snd_hda_codec_analog hdaudioC0D0:    hp_outs=0 (0x0/0x0/0x0/0x0/0x0)
[    2.797623] Key type .fscrypt registered
[    2.801337] snd_hda_codec_analog hdaudioC0D0:    mono: mono_out=0x0
[    2.804464] Key type fscrypt-provisioning registered
[    2.808012] snd_hda_codec_analog hdaudioC0D0:    inputs:
[    2.812220] Key type encrypted registered
[    2.814810] snd_hda_codec_analog hdaudioC0D0:      Mic=0x8
[    2.821076] rtc_cmos 00:02: setting system clock to 2020-01-20T21:26:02 UTC (1579555562)
[    2.824889] snd_hda_codec_analog hdaudioC0D0:      CD=0x19
[    2.826483] cfg80211: Loading compiled-in X.509 certificates for regulatory database
[    2.835555] cfg80211: Loaded X.509 cert 'sforshee: 00b28ddf47aef9cea7'
[    2.839301] platform regulatory.0: Direct firmware load for regulatory.db failed with error -2
[    2.843824] sdhci-pci 0000:15:00.2: Will use DMA mode even though HW doesn't fully claim to support it.
[    2.848458] cfg80211: failed to load regulatory.db
[    2.864458] PM: Image not found (code -22)
[    2.864547] ALSA device list:
[    2.869557]   #0: HDA Intel at 0xee240000 irq 17
[    2.913485] sdhci-pci 0000:15:00.2: Will use DMA mode even though HW doesn't fully claim to support it.
[    2.947952] usb 5-1: new full-speed USB device number 2 using uhci_hcd
[    3.145217] usb 5-1: New USB device found, idVendor=0a5c, idProduct=2110, bcdDevice= 1.00
[    3.151170] usb 5-1: New USB device strings: Mfr=1, Product=2, SerialNumber=0
[    3.156990] usb 5-1: Product: BCM2045B
[    3.162572] usb 5-1: Manufacturer: Broadcom Corp
[    3.228955] psmouse serio1: trackpoint: IBM TrackPoint firmware: 0x0e, buttons: 3/3
[    3.253020] input: TPPS/2 IBM TrackPoint as /devices/platform/i8042/serio1/input/input7
[    3.265034] md: Waiting for all devices to be available before autodetect
[    3.268507] md: If you don't use raid, use raid=noautodetect
[    3.272722] md: Autodetecting RAID arrays.
[    3.276153] md: autorun ...
[    3.279483] md: ... autorun DONE.
[    3.289930] EXT4-fs (sda4): mounted filesystem with ordered data mode. Opts: (null)
[    3.294688] VFS: Mounted root (ext4 filesystem) readonly on device 8:4.
[    3.299900] devtmpfs: mounted
[    3.305229] Freeing unused kernel image (initmem) memory: 656K
[    3.310062] Write protecting kernel text and read-only data: 18264k
[    3.313435] NX-protecting the kernel data: 7484k
[    3.317683] x86/mm: Checked W+X mappings: passed, no W+X pages found.
[    3.320997] rodata_test: all tests were successful
[    3.324365] x86/mm: Checking user space page tables
[    3.327699] x86/mm: Checked W+X mappings: passed, no W+X pages found.
[    3.330946] Run /sbin/init as init process
[    3.334152]   with arguments:
[    3.334155]     /sbin/init
[    3.334157]   with environment:
[    3.334160]     HOME=/
[    3.334162]     TERM=linux
[    3.334165]     BOOT_IMAGE=(hd0,2)/fast/l/linux-next-32/arch/x86/boot/bzImage
[    3.490856] random: systemd: uninitialized urandom read (16 bytes read)
[    3.499011] systemd[1]: systemd 215 running in system mode. (+PAM +AUDIT +SELINUX +IMA +SYSVINIT +LIBCRYPTSETUP +GCRYPT +ACL +XZ -SECCOMP -APPARMOR)
[    3.532096] systemd[1]: Detected architecture 'x86'.
[    3.624336] systemd[1]: Failed to insert module 'ipv6'
[    3.634178] systemd[1]: Set hostname to <amd>.
[    3.792083] random: systemd-sysv-ge: uninitialized urandom read (16 bytes read)
[    3.923928] usb 5-2: new full-speed USB device number 3 using uhci_hcd
[    4.017606] random: systemd: uninitialized urandom read (16 bytes read)
[    4.124220] usb 5-2: New USB device found, idVendor=0483, idProduct=2016, bcdDevice= 0.01
[    4.129913] usb 5-2: New USB device strings: Mfr=1, Product=2, SerialNumber=0
[    4.135447] usb 5-2: Product: Biometric Coprocessor
[    4.140973] usb 5-2: Manufacturer: STMicroelectronics
[    4.282804] systemd[1]: [/lib/systemd/system/anacron.timer:6] Unknown lvalue 'RandomizedDelaySec' in section 'Timer'
[    4.386811] systemd[1]: Binding to IPv6 address not available since kernel does not support IPv6.
[    4.392738] systemd[1]: [/lib/systemd/system/gpsd.socket:6] Failed to parse address value, ignoring: [::1]:2947
[    4.689772] systemd[1]: Starting User and Group Name Lookups.
[    4.701962] systemd[1]: Reached target User and Group Name Lookups.
[    4.705304] systemd[1]: Starting Forward Password Requests to Wall Directory Watch.
[    5.259775] systemd-udevd[2517]: starting version 215
[    5.637759] EXT4-fs (sda4): re-mounted. Opts: errors=remount-ro
[    6.144735] random: crng init done
[    6.147210] random: 7 urandom warning(s) missed due to ratelimiting
[    6.533224] e1000e 0000:02:00.0 eth1: renamed from eth0
[    6.568175] systemd-udevd[2532]: renamed network interface eth0 to eth1
[    7.424070] Adding 2097148k swap on /dev/sda1.  Priority:-2 extents:1 across:2097148k 
[    7.640298] EXT4-fs (sda2): mounted filesystem with ordered data mode. Opts: errors=remount-ro
[    9.008949] systemd-journald[1615]: Received request to flush runtime journal from PID 1
[   15.145235] iwl3945 0000:03:00.0: loaded firmware version 15.32.2.9
[   65.628991] traps: clock-applet[3624] trap int3 ip:b7225fc0 sp:bf888110 error:0 in libglib-2.0.so.0.5000.3[b71d9000+12a000]
[   68.246785] wlan0: authenticate with 5c:f4:ab:10:d2:bb
[   68.247217] wlan0: send auth to 5c:f4:ab:10:d2:bb (try 1/3)
[   68.251862] wlan0: authenticated
[   68.256009] wlan0: associate with 5c:f4:ab:10:d2:bb (try 1/3)
[   68.304383] wlan0: RX AssocResp from 5c:f4:ab:10:d2:bb (capab=0x411 status=0 aid=1)
[   68.309969] wlan0: associated
