[    0.000000] Linux version 4.19.0-rc6 (pavel@duo) (gcc version 4.9.2 (Debian 4.9.2-10+deb8u1)) #12 SMP Mon Oct 1 22:34:10 CEST 2018
[    0.000000] Command line: BOOT_IMAGE=(hd1,2)/l/linux-64/arch/x86/boot/bzImage root=/dev/sdb4 resume=/dev/sda1
[    0.000000] Disabled fast string operations
[    0.000000] x86/fpu: Supporting XSAVE feature 0x001: 'x87 floating point registers'
[    0.000000] x86/fpu: Supporting XSAVE feature 0x002: 'SSE registers'
[    0.000000] x86/fpu: Supporting XSAVE feature 0x004: 'AVX registers'
[    0.000000] x86/fpu: xstate_offset[2]:  576, xstate_sizes[2]:  256
[    0.000000] x86/fpu: Enabled xstate features 0x7, context size is 832 bytes, using 'standard' format.
[    0.000000] BIOS-provided physical RAM map:
[    0.000000] BIOS-e820: [mem 0x0000000000000000-0x000000000009d7ff] usable
[    0.000000] BIOS-e820: [mem 0x000000000009d800-0x000000000009ffff] reserved
[    0.000000] BIOS-e820: [mem 0x00000000000e0000-0x00000000000fffff] reserved
[    0.000000] BIOS-e820: [mem 0x0000000000100000-0x000000001fffffff] usable
[    0.000000] BIOS-e820: [mem 0x0000000020000000-0x00000000201fffff] reserved
[    0.000000] BIOS-e820: [mem 0x0000000020200000-0x000000003fffffff] usable
[    0.000000] BIOS-e820: [mem 0x0000000040000000-0x00000000401fffff] reserved
[    0.000000] BIOS-e820: [mem 0x0000000040200000-0x00000000da99efff] usable
[    0.000000] BIOS-e820: [mem 0x00000000da99f000-0x00000000dae9efff] reserved
[    0.000000] BIOS-e820: [mem 0x00000000dae9f000-0x00000000daf9efff] ACPI NVS
[    0.000000] BIOS-e820: [mem 0x00000000daf9f000-0x00000000daffefff] ACPI data
[    0.000000] BIOS-e820: [mem 0x00000000dafff000-0x00000000daffffff] usable
[    0.000000] BIOS-e820: [mem 0x00000000db000000-0x00000000df9fffff] reserved
[    0.000000] BIOS-e820: [mem 0x00000000f8000000-0x00000000fbffffff] reserved
[    0.000000] BIOS-e820: [mem 0x00000000fec00000-0x00000000fec00fff] reserved
[    0.000000] BIOS-e820: [mem 0x00000000fed08000-0x00000000fed08fff] reserved
[    0.000000] BIOS-e820: [mem 0x00000000fed10000-0x00000000fed19fff] reserved
[    0.000000] BIOS-e820: [mem 0x00000000fed1c000-0x00000000fed1ffff] reserved
[    0.000000] BIOS-e820: [mem 0x00000000fee00000-0x00000000fee00fff] reserved
[    0.000000] BIOS-e820: [mem 0x00000000ffd20000-0x00000000ffffffff] reserved
[    0.000000] BIOS-e820: [mem 0x0000000100000000-0x000000019e5fffff] usable
[    0.000000] BIOS-e820: [mem 0x000000019e600000-0x000000019e7fffff] reserved
[    0.000000] NX (Execute Disable) protection: active
[    0.000000] SMBIOS 2.6 present.
[    0.000000] DMI: LENOVO 42872WU/42872WU, BIOS 8DET74WW (1.44 ) 03/13/2018
[    0.000000] tsc: Fast TSC calibration using PIT
[    0.000000] tsc: Detected 2492.097 MHz processor
[    0.001589] e820: update [mem 0x00000000-0x00000fff] usable ==> reserved
[    0.001595] e820: remove [mem 0x000a0000-0x000fffff] usable
[    0.001604] last_pfn = 0x19e600 max_arch_pfn = 0x400000000
[    0.001610] MTRR default type: uncachable
[    0.001611] MTRR fixed ranges enabled:
[    0.001613]   00000-9FFFF write-back
[    0.001614]   A0000-BFFFF uncachable
[    0.001616]   C0000-FFFFF write-protect
[    0.001617] MTRR variable ranges enabled:
[    0.001619]   0 base 0FFC00000 mask FFFC00000 write-protect
[    0.001621]   1 base 000000000 mask F80000000 write-back
[    0.001622]   2 base 080000000 mask FC0000000 write-back
[    0.001624]   3 base 0C0000000 mask FE0000000 write-back
[    0.001625]   4 base 0DC000000 mask FFC000000 uncachable
[    0.001627]   5 base 0DB000000 mask FFF000000 uncachable
[    0.001628]   6 base 100000000 mask F80000000 write-back
[    0.001629]   7 base 180000000 mask FE0000000 write-back
[    0.001631]   8 base 19F000000 mask FFF000000 uncachable
[    0.001632]   9 base 19E800000 mask FFF800000 uncachable
[    0.002395] x86/PAT: Configuration [0-7]: WB  WC  UC- UC  WB  WP  UC- WT  
[    0.003645] last_pfn = 0xdb000 max_arch_pfn = 0x400000000
[    0.003669] Base memory trampoline at [(____ptrval____)] 97000 size 24576
[    0.003671] reserving inaccessible SNB gfx pages
[    0.003676] BRK [0x06601000, 0x06601fff] PGTABLE
[    0.003679] BRK [0x06602000, 0x06602fff] PGTABLE
[    0.003680] BRK [0x06603000, 0x06603fff] PGTABLE
[    0.003744] BRK [0x06604000, 0x06604fff] PGTABLE
[    0.003897] BRK [0x06605000, 0x06605fff] PGTABLE
[    0.004169] BRK [0x06606000, 0x06606fff] PGTABLE
[    0.004675] ACPI: Early table checksum verification disabled
[    0.004722] ACPI: RSDP 0x00000000000F00E0 000024 (v02 LENOVO)
[    0.004728] ACPI: XSDT 0x00000000DAFFE120 0000AC (v01 LENOVO TP-8D    00001440 PTEC 00000002)
[    0.004737] ACPI: FACP 0x00000000DAFE7000 0000F4 (v04 LENOVO TP-8D    00001440 PTL  00000002)
[    0.004745] ACPI: DSDT 0x00000000DAFEA000 00FA89 (v01 LENOVO TP-8D    00001440 INTL 20061109)
[    0.004751] ACPI: FACS 0x00000000DAF2D000 000040
[    0.004756] ACPI: FACS 0x00000000DAF2D000 000040
[    0.004761] ACPI: SLIC 0x00000000DAFFD000 000176 (v01 LENOVO TP-8D    00001440 PTEC 00000001)
[    0.004767] ACPI: SSDT 0x00000000DAFFC000 000249 (v01 LENOVO TP-SSDT2 00000200 INTL 20061109)
[    0.004773] ACPI: SSDT 0x00000000DAFFB000 000033 (v01 LENOVO TP-SSDT1 00000100 INTL 20061109)
[    0.004778] ACPI: SSDT 0x00000000DAFFA000 0007D1 (v01 LENOVO SataAhci 00001000 INTL 20061109)
[    0.004784] ACPI: HPET 0x00000000DAFE6000 000038 (v01 LENOVO TP-8D    00001440 PTL  00000002)
[    0.004790] ACPI: APIC 0x00000000DAFE5000 000098 (v01 LENOVO TP-8D    00001440 PTL  00000002)
[    0.004795] ACPI: MCFG 0x00000000DAFE4000 00003C (v01 LENOVO TP-8D    00001440 PTL  00000002)
[    0.004801] ACPI: ECDT 0x00000000DAFE3000 000052 (v01 LENOVO TP-8D    00001440 PTL  00000002)
[    0.004806] ACPI: ASF! 0x00000000DAFE9000 0000A5 (v32 LENOVO TP-8D    00001440 PTL  00000002)
[    0.004812] ACPI: TCPA 0x00000000DAFE2000 000032 (v02 PTL    LENOVO   06040000 LNVO 00000001)
[    0.004818] ACPI: SSDT 0x00000000DAFE1000 000A27 (v01 PmRef  Cpu0Ist  00003000 INTL 20061109)
[    0.004824] ACPI: SSDT 0x00000000DAFE0000 000996 (v01 PmRef  CpuPm    00003000 INTL 20061109)
[    0.004829] ACPI: DMAR 0x00000000DAFDF000 0000E8 (v01 INTEL  SNB      00000001 INTL 00000001)
[    0.004835] ACPI: UEFI 0x00000000DAFDE000 00003E (v01 LENOVO TP-8D    00001440 PTL  00000002)
[    0.004840] ACPI: UEFI 0x00000000DAFDD000 000042 (v01 PTL    COMBUF   00000001 PTL  00000001)
[    0.004846] ACPI: UEFI 0x00000000DAFDC000 000292 (v01 LENOVO TP-8D    00001440 PTL  00000002)
[    0.004855] ACPI: Local APIC address 0xfee00000
[    0.004902] Zone ranges:
[    0.004904]   DMA      [mem 0x0000000000001000-0x0000000000ffffff]
[    0.004908]   DMA32    [mem 0x0000000001000000-0x00000000ffffffff]
[    0.004911]   Normal   [mem 0x0000000100000000-0x000000019e5fffff]
[    0.004914] Movable zone start for each node
[    0.004916] Early memory node ranges
[    0.004918]   node   0: [mem 0x0000000000001000-0x000000000009cfff]
[    0.004920]   node   0: [mem 0x0000000000100000-0x000000001fffffff]
[    0.004922]   node   0: [mem 0x0000000020200000-0x000000003fffffff]
[    0.004924]   node   0: [mem 0x0000000040200000-0x00000000da99efff]
[    0.004926]   node   0: [mem 0x00000000dafff000-0x00000000daffffff]
[    0.004928]   node   0: [mem 0x0000000100000000-0x000000019e5fffff]
[    0.005350] Reserved but unavailable: 23748 pages
[    0.005352] Initmem setup node 0 [mem 0x0000000000001000-0x000000019e5fffff]
[    0.005356] On node 0 totalpages: 1542972
[    0.005358]   DMA zone: 56 pages used for memmap
[    0.005359]   DMA zone: 156 pages reserved
[    0.005361]   DMA zone: 3996 pages, LIFO batch:0
[    0.005440]   DMA32 zone: 12172 pages used for memmap
[    0.005442]   DMA32 zone: 890272 pages, LIFO batch:63
[    0.023200]   Normal zone: 8869 pages used for memmap
[    0.023204]   Normal zone: 648704 pages, LIFO batch:63
[    0.035518] Reserving Intel graphics memory at [mem 0xdba00000-0xdf9fffff]
[    0.035649] ACPI: PM-Timer IO Port: 0x408
[    0.035652] ACPI: Local APIC address 0xfee00000
[    0.035660] ACPI: LAPIC_NMI (acpi_id[0x00] high edge lint[0x1])
[    0.035662] ACPI: LAPIC_NMI (acpi_id[0x01] high edge lint[0x1])
[    0.035680] IOAPIC[0]: apic_id 2, version 32, address 0xfec00000, GSI 0-23
[    0.035684] ACPI: INT_SRC_OVR (bus 0 bus_irq 0 global_irq 2 dfl dfl)
[    0.035687] ACPI: INT_SRC_OVR (bus 0 bus_irq 9 global_irq 9 high level)
[    0.035690] ACPI: IRQ0 used by override.
[    0.035692] ACPI: IRQ9 used by override.
[    0.035695] Using ACPI (MADT) for SMP configuration information
[    0.035698] ACPI: HPET id: 0x8086a301 base: 0xfed00000
[    0.035704] smpboot: Allowing 8 CPUs, 4 hotplug CPUs
[    0.035731] PM: Registered nosave memory: [mem 0x00000000-0x00000fff]
[    0.035734] PM: Registered nosave memory: [mem 0x0009d000-0x0009dfff]
[    0.035736] PM: Registered nosave memory: [mem 0x0009e000-0x0009ffff]
[    0.035738] PM: Registered nosave memory: [mem 0x000a0000-0x000dffff]
[    0.035739] PM: Registered nosave memory: [mem 0x000e0000-0x000fffff]
[    0.035742] PM: Registered nosave memory: [mem 0x20000000-0x201fffff]
[    0.035745] PM: Registered nosave memory: [mem 0x40000000-0x401fffff]
[    0.035748] PM: Registered nosave memory: [mem 0xda99f000-0xdae9efff]
[    0.035750] PM: Registered nosave memory: [mem 0xdae9f000-0xdaf9efff]
[    0.035751] PM: Registered nosave memory: [mem 0xdaf9f000-0xdaffefff]
[    0.035754] PM: Registered nosave memory: [mem 0xdb000000-0xdf9fffff]
[    0.035756] PM: Registered nosave memory: [mem 0xdfa00000-0xf7ffffff]
[    0.035758] PM: Registered nosave memory: [mem 0xf8000000-0xfbffffff]
[    0.035760] PM: Registered nosave memory: [mem 0xfc000000-0xfebfffff]
[    0.035761] PM: Registered nosave memory: [mem 0xfec00000-0xfec00fff]
[    0.035763] PM: Registered nosave memory: [mem 0xfec01000-0xfed07fff]
[    0.035765] PM: Registered nosave memory: [mem 0xfed08000-0xfed08fff]
[    0.035767] PM: Registered nosave memory: [mem 0xfed09000-0xfed0ffff]
[    0.035769] PM: Registered nosave memory: [mem 0xfed10000-0xfed19fff]
[    0.035771] PM: Registered nosave memory: [mem 0xfed1a000-0xfed1bfff]
[    0.035772] PM: Registered nosave memory: [mem 0xfed1c000-0xfed1ffff]
[    0.035774] PM: Registered nosave memory: [mem 0xfed20000-0xfedfffff]
[    0.035776] PM: Registered nosave memory: [mem 0xfee00000-0xfee00fff]
[    0.035778] PM: Registered nosave memory: [mem 0xfee01000-0xffd1ffff]
[    0.035780] PM: Registered nosave memory: [mem 0xffd20000-0xffffffff]
[    0.035784] [mem 0xdfa00000-0xf7ffffff] available for PCI devices
[    0.035787] clocksource: refined-jiffies: mask: 0xffffffff max_cycles: 0xffffffff, max_idle_ns: 7645519600211568 ns
[    0.035801] random: get_random_bytes called from start_kernel+0x97/0x3c6 with crng_init=0
[    0.035809] setup_percpu: NR_CPUS:8 nr_cpumask_bits:8 nr_cpu_ids:8 nr_node_ids:1
[    0.037308] percpu: Embedded 43 pages/cpu @(____ptrval____) s137736 r8192 d30200 u262144
[    0.037317] pcpu-alloc: s137736 r8192 d30200 u262144 alloc=1*2097152
[    0.037319] pcpu-alloc: [0] 0 1 2 3 4 5 6 7 
[    0.037352] Built 1 zonelists, mobility grouping on.  Total pages: 1521719
[    0.037357] Kernel command line: BOOT_IMAGE=(hd1,2)/l/linux-64/arch/x86/boot/bzImage root=/dev/sdb4 resume=/dev/sda1
[    0.041223] Dentry cache hash table entries: 1048576 (order: 11, 8388608 bytes)
[    0.043130] Inode-cache hash table entries: 524288 (order: 10, 4194304 bytes)
[    0.317041] Memory: 5964496K/6171888K available (16396K kernel code, 1120K rwdata, 5248K rodata, 1008K init, 12024K bss, 207392K reserved, 0K cma-reserved)
[    0.317190] Kernel/User page tables isolation: enabled
[    0.317415] rcu: Hierarchical RCU implementation.
[    0.317449] NR_IRQS: 4352, nr_irqs: 104, preallocated irqs: 16
[    0.319315] Console: colour VGA+ 80x25
[    0.327756] console [tty0] enabled
[    0.327813] Lock dependency validator: Copyright (c) 2006 Red Hat, Inc., Ingo Molnar
[    0.327884] ... MAX_LOCKDEP_SUBCLASSES:  8
[    0.327942] ... MAX_LOCK_DEPTH:          48
[    0.328001] ... MAX_LOCKDEP_KEYS:        8191
[    0.328060] ... CLASSHASH_SIZE:          4096
[    0.328119] ... MAX_LOCKDEP_ENTRIES:     32768
[    0.328179] ... MAX_LOCKDEP_CHAINS:      65536
[    0.328238] ... CHAINHASH_SIZE:          32768
[    0.328298]  memory used by lock dependency info: 7359 kB
[    0.328361]  per task-struct memory footprint: 1920 bytes
[    0.328757] ACPI: Core revision 20180810
[    0.329188] clocksource: hpet: mask: 0xffffffff max_cycles: 0xffffffff, max_idle_ns: 133484882848 ns
[    0.329291] hpet clockevent registered
[    0.329299] APIC: Switch to symmetric I/O mode setup
[    0.329809] ..TIMER: vector=0x30 apic1=0 pin1=2 apic2=-1 pin2=-1
[    0.349296] clocksource: tsc-early: mask: 0xffffffffffffffff max_cycles: 0x23ec102e9ed, max_idle_ns: 440795265753 ns
[    0.349391] Calibrating delay loop (skipped), value calculated using timer frequency.. 4984.19 BogoMIPS (lpj=9968388)
[    0.349486] pid_max: default: 32768 minimum: 301
[    0.349697] Mount-cache hash table entries: 16384 (order: 5, 131072 bytes)
[    0.349782] Mountpoint-cache hash table entries: 16384 (order: 5, 131072 bytes)
[    0.350225] Disabled fast string operations
[    0.350292] ENERGY_PERF_BIAS: Set to 'normal', was 'performance'
[    0.350357] ENERGY_PERF_BIAS: View and update with x86_energy_perf_policy(8)
[    0.350429] process: using mwait in idle threads
[    0.350492] Last level iTLB entries: 4KB 512, 2MB 8, 4MB 8
[    0.350556] Last level dTLB entries: 4KB 512, 2MB 32, 4MB 32, 1GB 0
[    0.350623] Spectre V2 : Mitigation: Full generic retpoline
[    0.350687] Spectre V2 : Spectre v2 / SpectreRSB mitigation: Filling RSB on context switch
[    0.350759] Spectre V2 : Spectre v2 mitigation: Enabling Indirect Branch Prediction Barrier
[    0.350832] Spectre V2 : Enabling Restricted Speculation for firmware calls
[    0.350900] Speculative Store Bypass: Vulnerable
[    0.351132] Freeing SMP alternatives memory: 44K
[    0.352264] TSC deadline timer enabled
[    0.352268] smpboot: CPU0: Intel(R) Core(TM) i5-2520M CPU @ 2.50GHz (family: 0x6, model: 0x2a, stepping: 0x7)
[    0.352670] Performance Events: PEBS fmt1+, SandyBridge events, 16-deep LBR, full-width counters, Intel PMU driver.
[    0.352791] ... version:                3
[    0.352850] ... bit width:              48
[    0.352909] ... generic registers:      4
[    0.352969] ... value mask:             0000ffffffffffff
[    0.353032] ... max period:             00007fffffffffff
[    0.353391] ... fixed-purpose events:   3
[    0.353391] ... event mask:             000000070000000f
[    0.353391] rcu: Hierarchical SRCU implementation.
[    0.353391] NMI watchdog: Enabled. Permanently consumes one hw-PMU counter.
[    0.353391] smp: Bringing up secondary CPUs ...
[    0.353606] x86: Booting SMP configuration:
[    0.353669] .... node  #0, CPUs:      #1
[    0.015710] Disabled fast string operations
[    0.356034]  #2
[    0.015710] Disabled fast string operations
[    0.357883]  #3
[    0.015710] Disabled fast string operations
[    0.360296] smp: Brought up 1 node, 4 CPUs
[    0.360296] smpboot: Max logical packages: 2
[    0.360296] smpboot: Total of 4 processors activated (19936.77 BogoMIPS)
[    0.361670] devtmpfs: initialized
[    0.361885] PM: Registering ACPI NVS region [mem 0xdae9f000-0xdaf9efff] (1048576 bytes)
[    0.362219] clocksource: jiffies: mask: 0xffffffff max_cycles: 0xffffffff, max_idle_ns: 7645041785100000 ns
[    0.362316] futex hash table entries: 2048 (order: 6, 262144 bytes)
[    0.362990] NET: Registered protocol family 16
[    0.363750] cpuidle: using governor ladder
[    0.363750] cpuidle: using governor menu
[    0.363750] ACPI FADT declares the system doesn't support PCIe ASPM, so disable it
[    0.363750] ACPI: bus type PCI registered
[    0.363750] PCI: MMCONFIG for domain 0000 [bus 00-3f] at [mem 0xf8000000-0xfbffffff] (base 0xf8000000)
[    0.363750] PCI: MMCONFIG at [mem 0xf8000000-0xfbffffff] reserved in E820
[    0.363750] PCI: Using configuration type 1 for base access
[    0.365409] core: PMU erratum BJ122, BV98, HSD29 worked around, HT is on
[    0.388216] ACPI: Added _OSI(Module Device)
[    0.388216] ACPI: Added _OSI(Processor Device)
[    0.388216] ACPI: Added _OSI(3.0 _SCP Extensions)
[    0.388216] ACPI: Added _OSI(Processor Aggregator Device)
[    0.388216] ACPI: Added _OSI(Linux-Dell-Video)
[    0.388216] ACPI: Added _OSI(Linux-Lenovo-NV-HDMI-Audio)
[    0.388216] ACPI: EC: EC started
[    0.389414] ACPI: EC: interrupt blocked
[    0.389501] ACPI: \: Used as first EC
[    0.389561] ACPI: \: GPE=0x11, EC_CMD/EC_SC=0x66, EC_DATA=0x62
[    0.389627] ACPI: \: Used as boot ECDT EC to handle transactions
[    0.428963] ACPI: 6 ACPI AML tables successfully acquired and loaded
[    0.433225] ACPI: [Firmware Bug]: BIOS _OSI(Linux) query ignored
[    0.447075] ACPI: Dynamic OEM Table Load:
[    0.447153] ACPI: SSDT 0xFFFF880197AF1000 0008C0 (v01 PmRef  Cpu0Cst  00003001 INTL 20061109)
[    0.449623] ACPI: Dynamic OEM Table Load:
[    0.449696] ACPI: SSDT 0xFFFF880196D9C000 000303 (v01 PmRef  ApIst    00003000 INTL 20061109)
[    0.450389] ACPI: Dynamic OEM Table Load:
[    0.450389] ACPI: SSDT 0xFFFF880197132000 000119 (v01 PmRef  ApCst    00003000 INTL 20061109)
[    0.451577] ACPI: Interpreter enabled
[    0.453408] ACPI: (supports S0 S3 S4 S5)
[    0.453472] ACPI: Using IOAPIC for interrupt routing
[    0.453606] PCI: Using host bridge windows from ACPI; if necessary, use "pci=nocrs" and report a bug
[    0.454363] ACPI: Enabled 6 GPEs in block 00 to 3F
[    0.461903] ACPI: Power Resource [PUBS] (on)
[    0.465453] acpi PNP0C0A:01: ACPI dock station (docks/bays count: 1)
[    0.469432] acpi LNXIOBAY:00: ACPI dock station (docks/bays count: 2)
[    0.473439] acpi IBM0079:00: ACPI dock station (docks/bays count: 3)
[    0.477414] ACPI: PCI Interrupt Link [LNKA] (IRQs 3 4 5 6 7 9 10 *11)
[    0.477414] ACPI: PCI Interrupt Link [LNKB] (IRQs 3 4 5 6 7 9 10 *11)
[    0.477414] ACPI: PCI Interrupt Link [LNKC] (IRQs 3 4 5 6 7 9 10 *11)
[    0.477414] ACPI: PCI Interrupt Link [LNKD] (IRQs 3 4 5 6 7 9 *10 11)
[    0.477414] ACPI: PCI Interrupt Link [LNKE] (IRQs 3 4 5 6 *7 9 10 11)
[    0.477414] ACPI: PCI Interrupt Link [LNKF] (IRQs 3 4 5 6 7 9 10 11) *0, disabled.
[    0.477414] ACPI: PCI Interrupt Link [LNKG] (IRQs 3 4 5 6 *7 9 10 11)
[    0.477414] ACPI: PCI Interrupt Link [LNKH] (IRQs 3 4 5 6 7 9 *10 11)
[    0.477429] ACPI: PCI Root Bridge [PCI0] (domain 0000 [bus 00-fe])
[    0.477429] acpi PNP0A08:00: _OSC: OS supports [ExtendedConfig ASPM ClockPM Segments]
[    0.481399] acpi PNP0A08:00: _OSC: not requesting OS control; OS requires [ExtendedConfig ASPM ClockPM MSI]
[    0.481399] acpi PNP0A08:00: [Firmware Info]: MMCONFIG for domain 0000 [bus 00-3f] only partially covers this bridge
[    0.481399] PCI host bridge to bus 0000:00
[    0.481432] pci_bus 0000:00: root bus resource [io  0x0000-0x0cf7 window]
[    0.481432] pci_bus 0000:00: root bus resource [io  0x0d00-0xffff window]
[    0.481432] pci_bus 0000:00: root bus resource [mem 0x000a0000-0x000bffff window]
[    0.481432] pci_bus 0000:00: root bus resource [mem 0xdfa00000-0xfebfffff window]
[    0.481432] pci_bus 0000:00: root bus resource [mem 0xfed40000-0xfed4bfff window]
[    0.481434] pci_bus 0000:00: root bus resource [bus 00-fe]
[    0.481434] pci 0000:00:00.0: [8086:0104] type 00 class 0x060000
[    0.481434] pci 0000:00:02.0: [8086:0126] type 00 class 0x030000
[    0.481434] pci 0000:00:02.0: reg 0x10: [mem 0xf0000000-0xf03fffff 64bit]
[    0.481434] pci 0000:00:02.0: reg 0x18: [mem 0xe0000000-0xefffffff 64bit pref]
[    0.481434] pci 0000:00:02.0: reg 0x20: [io  0x5000-0x503f]
[    0.481434] pci 0000:00:16.0: [8086:1c3a] type 00 class 0x078000
[    0.481434] pci 0000:00:16.0: reg 0x10: [mem 0xf2525000-0xf252500f 64bit]
[    0.481434] pci 0000:00:16.0: PME# supported from D0 D3hot D3cold
[    0.481434] pci 0000:00:19.0: [8086:1502] type 00 class 0x020000
[    0.481434] pci 0000:00:19.0: reg 0x10: [mem 0xf2500000-0xf251ffff]
[    0.481434] pci 0000:00:19.0: reg 0x14: [mem 0xf252b000-0xf252bfff]
[    0.481434] pci 0000:00:19.0: reg 0x18: [io  0x5080-0x509f]
[    0.481434] pci 0000:00:19.0: PME# supported from D0 D3hot D3cold
[    0.481434] pci 0000:00:1a.0: [8086:1c2d] type 00 class 0x0c0320
[    0.481434] pci 0000:00:1a.0: reg 0x10: [mem 0xf252a000-0xf252a3ff]
[    0.481434] pci 0000:00:1a.0: PME# supported from D0 D3hot D3cold
[    0.481434] pci 0000:00:1b.0: [8086:1c20] type 00 class 0x040300
[    0.481434] pci 0000:00:1b.0: reg 0x10: [mem 0xf2520000-0xf2523fff 64bit]
[    0.481434] pci 0000:00:1b.0: PME# supported from D0 D3hot D3cold
[    0.481434] pci 0000:00:1c.0: [8086:1c10] type 01 class 0x060400
[    0.481434] pci 0000:00:1c.0: PME# supported from D0 D3hot D3cold
[    0.481434] pci 0000:00:1c.1: [8086:1c12] type 01 class 0x060400
[    0.481434] pci 0000:00:1c.1: PME# supported from D0 D3hot D3cold
[    0.481434] pci 0000:00:1c.3: [8086:1c16] type 01 class 0x060400
[    0.481434] pci 0000:00:1c.3: PME# supported from D0 D3hot D3cold
[    0.481434] pci 0000:00:1c.4: [8086:1c18] type 01 class 0x060400
[    0.485409] pci 0000:00:1c.4: PME# supported from D0 D3hot D3cold
[    0.485409] pci 0000:00:1d.0: [8086:1c26] type 00 class 0x0c0320
[    0.485429] pci 0000:00:1d.0: reg 0x10: [mem 0xf2529000-0xf25293ff]
[    0.485429] pci 0000:00:1d.0: PME# supported from D0 D3hot D3cold
[    0.485431] pci 0000:00:1f.0: [8086:1c4f] type 00 class 0x060100
[    0.485433] pci 0000:00:1f.2: [8086:1c03] type 00 class 0x010601
[    0.485438] pci 0000:00:1f.2: reg 0x10: [io  0x50a8-0x50af]
[    0.485438] pci 0000:00:1f.2: reg 0x14: [io  0x50bc-0x50bf]
[    0.485438] pci 0000:00:1f.2: reg 0x18: [io  0x50a0-0x50a7]
[    0.485438] pci 0000:00:1f.2: reg 0x1c: [io  0x50b8-0x50bb]
[    0.485438] pci 0000:00:1f.2: reg 0x20: [io  0x5060-0x507f]
[    0.485438] pci 0000:00:1f.2: reg 0x24: [mem 0xf2528000-0xf25287ff]
[    0.485438] pci 0000:00:1f.2: PME# supported from D3hot
[    0.485438] pci 0000:00:1f.3: [8086:1c22] type 00 class 0x0c0500
[    0.485438] pci 0000:00:1f.3: reg 0x10: [mem 0xf2524000-0xf25240ff 64bit]
[    0.485438] pci 0000:00:1f.3: reg 0x20: [io  0xefa0-0xefbf]
[    0.485438] pci 0000:00:1c.0: PCI bridge to [bus 02]
[    0.485438] pci 0000:03:00.0: [8086:0084] type 00 class 0x028000
[    0.485438] pci 0000:03:00.0: reg 0x10: [mem 0xf2400000-0xf2401fff 64bit]
[    0.485438] pci 0000:03:00.0: PME# supported from D0 D3hot D3cold
[    0.485438] pci 0000:03:00.0: 2.000 Gb/s available PCIe bandwidth, limited by 2.5 GT/s x1 link at 0000:00:1c.1 (capable of 7.876 Gb/s with 8 GT/s x1 link)
[    0.485438] pci 0000:00:1c.1: PCI bridge to [bus 03]
[    0.485438] pci 0000:00:1c.1:   bridge window [mem 0xf2400000-0xf24fffff]
[    0.485438] pci 0000:00:1c.3: PCI bridge to [bus 05-0c]
[    0.485438] pci 0000:00:1c.3:   bridge window [io  0x4000-0x4fff]
[    0.485438] pci 0000:00:1c.3:   bridge window [mem 0xf1c00000-0xf23fffff]
[    0.485438] pci 0000:00:1c.3:   bridge window [mem 0xf0400000-0xf0bfffff 64bit pref]
[    0.485438] pci 0000:0d:00.0: [1180:e823] type 00 class 0x088001
[    0.485438] pci 0000:0d:00.0: MMC controller base frequency changed to 50Mhz.
[    0.485438] pci 0000:0d:00.0: reg 0x10: [mem 0xf1400000-0xf14000ff]
[    0.485438] pci 0000:0d:00.0: supports D1 D2
[    0.485438] pci 0000:0d:00.0: PME# supported from D0 D1 D2 D3hot D3cold
[    0.485438] pci 0000:0d:00.0: 2.000 Gb/s available PCIe bandwidth, limited by 2.5 GT/s x1 link at 0000:00:1c.4 (capable of 7.876 Gb/s with 8 GT/s x1 link)
[    0.489502] pci 0000:00:1c.4: PCI bridge to [bus 0d]
[    0.489570] pci 0000:00:1c.4:   bridge window [io  0x3000-0x3fff]
[    0.489577] pci 0000:00:1c.4:   bridge window [mem 0xf1400000-0xf1bfffff]
[    0.489586] pci 0000:00:1c.4:   bridge window [mem 0xf0c00000-0xf13fffff 64bit pref]
[    0.489621] pci_bus 0000:00: on NUMA node 0
[    0.492454] ACPI: EC: interrupt unblocked
[    0.492620] ACPI: EC: event unblocked
[    0.492579] ACPI: \_SB_.PCI0.LPC_.EC__: GPE=0x11, EC_CMD/EC_SC=0x66, EC_DATA=0x62
[    0.492579] ACPI: \_SB_.PCI0.LPC_.EC__: Used as boot DSDT EC to handle transactions and events
[    0.493068] pci 0000:00:02.0: vgaarb: setting as boot VGA device
[    0.493068] pci 0000:00:02.0: vgaarb: VGA device added: decodes=io+mem,owns=io+mem,locks=none
[    0.493398] pci 0000:00:02.0: vgaarb: bridge control possible
[    0.493398] vgaarb: loaded
[    0.493455] SCSI subsystem initialized
[    0.493495] libata version 3.00 loaded.
[    0.493651] ACPI: bus type USB registered
[    0.493735] usbcore: registered new interface driver usbfs
[    0.493735] usbcore: registered new interface driver hub
[    0.493735] usbcore: registered new device driver usb
[    0.493818] media: Linux media interface: v0.10
[    0.493917] videodev: Linux video capture interface: v2.00
[    0.494021] pps_core: LinuxPPS API ver. 1 registered
[    0.494090] pps_core: Software ver. 5.3.6 - Copyright 2005-2007 Rodolfo Giometti <giometti@linux.it>
[    0.494198] PTP clock support registered
[    0.494413] EDAC MC: Ver: 3.0.0
[    0.494413] Advanced Linux Sound Architecture Driver Initialized.
[    0.494413] PCI: Using ACPI for IRQ routing
[    0.498041] PCI: pci_cache_line_size set to 64 bytes
[    0.498298] e820: reserve RAM buffer [mem 0x0009d800-0x0009ffff]
[    0.498301] e820: reserve RAM buffer [mem 0xda99f000-0xdbffffff]
[    0.498303] e820: reserve RAM buffer [mem 0xdb000000-0xdbffffff]
[    0.498306] e820: reserve RAM buffer [mem 0x19e600000-0x19fffffff]
[    0.498656] Bluetooth: Core ver 2.22
[    0.498748] NET: Registered protocol family 31
[    0.498815] Bluetooth: HCI device and connection manager initialized
[    0.498890] Bluetooth: HCI socket layer initialized
[    0.498953] Bluetooth: L2CAP socket layer initialized
[    0.499040] Bluetooth: SCO socket layer initialized
[    0.499196] clocksource: Switched to clocksource tsc-early
[    0.499196] pnp: PnP ACPI init
[    0.499340] system 00:00: [mem 0x00000000-0x0009ffff] could not be reserved
[    0.499422] system 00:00: [mem 0x000c0000-0x000c3fff] could not be reserved
[    0.499495] system 00:00: [mem 0x000c4000-0x000c7fff] could not be reserved
[    0.499495] system 00:00: [mem 0x000c8000-0x000cbfff] has been reserved
[    0.499529] system 00:00: [mem 0x000cc000-0x000cffff] has been reserved
[    0.499599] system 00:00: [mem 0x000d0000-0x000d3fff] has been reserved
[    0.499670] system 00:00: [mem 0x000d4000-0x000d7fff] has been reserved
[    0.499741] system 00:00: [mem 0x000d8000-0x000dbfff] has been reserved
[    0.499811] system 00:00: [mem 0x000dc000-0x000dffff] has been reserved
[    0.499883] system 00:00: [mem 0x000e0000-0x000e3fff] could not be reserved
[    0.499955] system 00:00: [mem 0x000e4000-0x000e7fff] could not be reserved
[    0.500027] system 00:00: [mem 0x000e8000-0x000ebfff] could not be reserved
[    0.500100] system 00:00: [mem 0x000ec000-0x000effff] could not be reserved
[    0.500172] system 00:00: [mem 0x000f0000-0x000fffff] could not be reserved
[    0.500245] system 00:00: [mem 0x00100000-0xdf9fffff] could not be reserved
[    0.500317] system 00:00: [mem 0xfec00000-0xfed3ffff] could not be reserved
[    0.500390] system 00:00: [mem 0xfed4c000-0xffffffff] could not be reserved
[    0.500489] system 00:00: Plug and Play ACPI device, IDs PNP0c01 (active)
[    0.500796] system 00:01: [io  0x0400-0x047f] has been reserved
[    0.500872] system 00:01: [io  0x0500-0x057f] has been reserved
[    0.500941] system 00:01: [io  0x0800-0x080f] has been reserved
[    0.501010] system 00:01: [io  0x15e0-0x15ef] has been reserved
[    0.501078] system 00:01: [io  0x1600-0x167f] has been reserved
[    0.501147] system 00:01: [mem 0xf8000000-0xfbffffff] has been reserved
[    0.501218] system 00:01: [mem 0x00000000-0x00000fff] could not be reserved
[    0.501290] system 00:01: [mem 0xfed1c000-0xfed1ffff] has been reserved
[    0.501361] system 00:01: [mem 0xfed10000-0xfed13fff] has been reserved
[    0.501431] system 00:01: [mem 0xfed18000-0xfed18fff] has been reserved
[    0.501502] system 00:01: [mem 0xfed19000-0xfed19fff] has been reserved
[    0.501573] system 00:01: [mem 0xfed45000-0xfed4bfff] has been reserved
[    0.501661] system 00:01: Plug and Play ACPI device, IDs PNP0c02 (active)
[    0.501829] pnp 00:02: Plug and Play ACPI device, IDs PNP0b00 (active)
[    0.501918] pnp 00:03: Plug and Play ACPI device, IDs PNP0303 (active)
[    0.502001] pnp 00:04: Plug and Play ACPI device, IDs LEN0020 PNP0f13 (active)
[    0.502162] pnp 00:05: Plug and Play ACPI device, IDs SMO1200 PNP0c31 (active)
[    0.503325] pnp: PnP ACPI: found 6 devices
[    0.514945] clocksource: acpi_pm: mask: 0xffffff max_cycles: 0xffffff, max_idle_ns: 2085701024 ns
[    0.515056] pci 0000:00:1c.0: bridge window [io  0x1000-0x0fff] to [bus 02] add_size 1000
[    0.515061] pci 0000:00:1c.0: bridge window [mem 0x00100000-0x000fffff 64bit pref] to [bus 02] add_size 200000 add_align 100000
[    0.515064] pci 0000:00:1c.0: bridge window [mem 0x00100000-0x000fffff] to [bus 02] add_size 200000 add_align 100000
[    0.515103] pci 0000:00:1c.0: BAR 8: assigned [mem 0xdfa00000-0xdfbfffff]
[    0.515176] pci 0000:00:1c.0: BAR 9: assigned [mem 0xdfc00000-0xdfdfffff 64bit pref]
[    0.515250] pci 0000:00:1c.0: BAR 7: assigned [io  0x2000-0x2fff]
[    0.515320] pci 0000:00:1c.0: PCI bridge to [bus 02]
[    0.515385] pci 0000:00:1c.0:   bridge window [io  0x2000-0x2fff]
[    0.515456] pci 0000:00:1c.0:   bridge window [mem 0xdfa00000-0xdfbfffff]
[    0.515527] pci 0000:00:1c.0:   bridge window [mem 0xdfc00000-0xdfdfffff 64bit pref]
[    0.515606] pci 0000:00:1c.1: PCI bridge to [bus 03]
[    0.515672] pci 0000:00:1c.1:   bridge window [mem 0xf2400000-0xf24fffff]
[    0.515750] pci 0000:00:1c.3: PCI bridge to [bus 05-0c]
[    0.515815] pci 0000:00:1c.3:   bridge window [io  0x4000-0x4fff]
[    0.515885] pci 0000:00:1c.3:   bridge window [mem 0xf1c00000-0xf23fffff]
[    0.515957] pci 0000:00:1c.3:   bridge window [mem 0xf0400000-0xf0bfffff 64bit pref]
[    0.516035] pci 0000:00:1c.4: PCI bridge to [bus 0d]
[    0.516100] pci 0000:00:1c.4:   bridge window [io  0x3000-0x3fff]
[    0.516172] pci 0000:00:1c.4:   bridge window [mem 0xf1400000-0xf1bfffff]
[    0.516244] pci 0000:00:1c.4:   bridge window [mem 0xf0c00000-0xf13fffff 64bit pref]
[    0.516325] pci_bus 0000:00: resource 4 [io  0x0000-0x0cf7 window]
[    0.516328] pci_bus 0000:00: resource 5 [io  0x0d00-0xffff window]
[    0.516330] pci_bus 0000:00: resource 6 [mem 0x000a0000-0x000bffff window]
[    0.516332] pci_bus 0000:00: resource 7 [mem 0xdfa00000-0xfebfffff window]
[    0.516334] pci_bus 0000:00: resource 8 [mem 0xfed40000-0xfed4bfff window]
[    0.516336] pci_bus 0000:02: resource 0 [io  0x2000-0x2fff]
[    0.516338] pci_bus 0000:02: resource 1 [mem 0xdfa00000-0xdfbfffff]
[    0.516340] pci_bus 0000:02: resource 2 [mem 0xdfc00000-0xdfdfffff 64bit pref]
[    0.516342] pci_bus 0000:03: resource 1 [mem 0xf2400000-0xf24fffff]
[    0.516344] pci_bus 0000:05: resource 0 [io  0x4000-0x4fff]
[    0.516346] pci_bus 0000:05: resource 1 [mem 0xf1c00000-0xf23fffff]
[    0.516348] pci_bus 0000:05: resource 2 [mem 0xf0400000-0xf0bfffff 64bit pref]
[    0.516350] pci_bus 0000:0d: resource 0 [io  0x3000-0x3fff]
[    0.516352] pci_bus 0000:0d: resource 1 [mem 0xf1400000-0xf1bfffff]
[    0.516354] pci_bus 0000:0d: resource 2 [mem 0xf0c00000-0xf13fffff 64bit pref]
[    0.516630] NET: Registered protocol family 2
[    0.517093] tcp_listen_portaddr_hash hash table entries: 4096 (order: 6, 294912 bytes)
[    0.517317] TCP established hash table entries: 65536 (order: 7, 524288 bytes)
[    0.517801] TCP bind hash table entries: 65536 (order: 10, 4194304 bytes)
[    0.519962] TCP: Hash tables configured (established 65536 bind 65536)
[    0.520398] UDP hash table entries: 4096 (order: 7, 655360 bytes)
[    0.520781] UDP-Lite hash table entries: 4096 (order: 7, 655360 bytes)
[    0.521769] NET: Registered protocol family 1
[    0.522184] RPC: Registered named UNIX socket transport module.
[    0.522252] RPC: Registered udp transport module.
[    0.522315] RPC: Registered tcp transport module.
[    0.522377] RPC: Registered tcp NFSv4.1 backchannel transport module.
[    0.522703] pci 0000:00:02.0: Video device with shadowed ROM at [mem 0x000c0000-0x000dffff]
[    0.523869] PCI: CLS 64 bytes, default 64
[    0.523931] PCI-DMA: Using software bounce buffering for IO (SWIOTLB)
[    0.524001] software IO TLB: mapped [mem 0xd699f000-0xda99f000] (64MB)
[    0.526642] Initialise system trusted keyrings
[    0.526805] workingset: timestamp_bits=62 max_order=21 bucket_order=0
[    0.528140] Installing knfsd (copyright (C) 1996 okir@monad.swb.de).
[    0.528809] ntfs: driver 2.1.32 [Flags: R/W].
[    0.528986] fuse init (API version 7.27)
[    0.529404] pstore: using deflate compression
[    0.531100] Key type asymmetric registered
[    0.531166] Asymmetric key parser 'x509' registered
[    0.531261] Block layer SCSI generic (bsg) driver version 0.4 loaded (major 249)
[    0.531346] io scheduler noop registered
[    0.531405] io scheduler deadline registered
[    0.531488] io scheduler cfq registered (default)
[    0.531550] io scheduler mq-deadline registered
[    0.531629] io scheduler bfq registered
[    0.531902] pcieport 0000:00:1c.0: enabling device (0000 -> 0003)
[    0.533241] intel_idle: MWAIT substates: 0x21120
[    0.533244] intel_idle: v0.4.1 model 0x2A
[    0.533723] intel_idle: lapic_timer_reliable_states 0xffffffff
[    0.534074] ACPI: Deprecated procfs I/F for AC is loaded, please retry with CONFIG_ACPI_PROCFS_POWER cleared
[    0.534249] ACPI: AC Adapter [AC] (on-line)
[    0.534486] input: Lid Switch as /devices/LNXSYSTM:00/LNXSYBUS:00/PNP0C0D:00/input/input0
[    0.534655] ACPI: Lid Switch [LID]
[    0.534860] input: Sleep Button as /devices/LNXSYSTM:00/LNXSYBUS:00/PNP0C0E:00/input/input1
[    0.534985] ACPI: Sleep Button [SLPB]
[    0.535200] input: Power Button as /devices/LNXSYSTM:00/LNXPWRBN:00/input/input2
[    0.535310] ACPI: Power Button [PWRF]
[    0.538846] thermal LNXTHERM:00: registered as thermal_zone0
[    0.538915] ACPI: Thermal Zone [THM0] (74 C)
[    0.539424] battery: ACPI: Deprecated procfs I/F for battery is loaded, please retry with CONFIG_ACPI_PROCFS_POWER cleared
[    0.539425] Serial: 8250/16550 driver, 4 ports, IRQ sharing disabled
[    0.539645] battery: ACPI: Battery Slot [BAT0] (battery absent)
[    0.540580] lp: driver loaded but no devices found
[    0.540723] Non-volatile memory driver v1.3
[    0.540963] Linux agpgart interface v0.103
[    0.541306] [drm] radeon kernel modesetting enabled.
[    0.542320] [drm] Replacing VGA console driver
[    0.542854] Console: switching to colour dummy device 80x25
[    0.553515] [drm] Supports vblank timestamp caching Rev 2 (21.10.2013).
[    0.553538] [drm] Driver supports precise vblank timestamp query.
[    0.554500] i915 0000:00:02.0: vgaarb: changed VGA decodes: olddecodes=io+mem,decodes=io+mem:owns=io+mem
[    0.637048] [drm] Initialized i915 1.6.0 20180719 for 0000:00:02.0 on minor 0
[    0.639055] ACPI: Video Device [VID] (multi-head: yes  rom: no  post: no)
[    0.639636] input: Video Bus as /devices/LNXSYSTM:00/LNXSYBUS:00/PNP0A08:00/LNXVIDEO:00/input/input3
[    0.639953] usbcore: registered new interface driver udl
[    0.648472] loop: module loaded
[    0.663417] ahci 0000:00:1f.2: version 3.0
[    0.664022] ahci 0000:00:1f.2: SSS flag set, parallel bus scan disabled
[    0.677500] ahci 0000:00:1f.2: AHCI 0001.0300 32 slots 6 ports 6 Gbps 0x17 impl SATA mode
[    0.677553] ahci 0000:00:1f.2: flags: 64bit ncq sntf ilck stag pm led clo pio slum part ems sxs apst 
[    0.715945] scsi host0: ahci
[    0.716354] scsi host1: ahci
[    0.716714] scsi host2: ahci
[    0.717000] scsi host3: ahci
[    0.717312] scsi host4: ahci
[    0.717634] scsi host5: ahci
[    0.717828] ata1: SATA max UDMA/133 abar m2048@0xf2528000 port 0xf2528100 irq 19
[    0.717857] ata2: SATA max UDMA/133 abar m2048@0xf2528000 port 0xf2528180 irq 19
[    0.717878] ata3: SATA max UDMA/133 abar m2048@0xf2528000 port 0xf2528200 irq 19
[    0.717895] ata4: DUMMY
[    0.717902] ata5: SATA max UDMA/133 abar m2048@0xf2528000 port 0xf2528300 irq 19
[    0.717918] ata6: DUMMY
[    0.718796] tun: Universal TUN/TAP device driver, 1.6
[    0.719218] e1000e: Intel(R) PRO/1000 Network Driver - 3.2.6-k
[    0.719236] e1000e: Copyright(c) 1999 - 2015 Intel Corporation.
[    0.719636] e1000e 0000:00:19.0: Interrupt Throttling Rate (ints/sec) set to dynamic conservative mode
[    0.816620] e1000e 0000:00:19.0 0000:00:19.0 (uninitialized): registered PHC clock
[    0.910173] e1000e 0000:00:19.0 eth0: (PCI Express:2.5GT/s:Width x1) f0:de:f1:e3:99:75
[    0.910192] e1000e 0000:00:19.0 eth0: Intel(R) PRO/1000 Network Connection
[    0.910255] e1000e 0000:00:19.0 eth0: MAC: 10, PHY: 11, PBA No: 1000FF-0FF
[    0.910434] PPP generic driver version 2.4.2
[    0.910576] PPP BSD Compression module registered
[    0.910592] PPP Deflate Compression module registered
[    0.910609] SLIP: version 0.8.4-NET3.019-NEWTTY (dynamic channels, max=256).
[    0.910624] CSLIP: code copyright 1989 Regents of the University of California.
[    0.910680] iwl3945: Intel(R) PRO/Wireless 3945ABG/BG Network Connection driver for Linux, in-tree:ds
[    0.910708] iwl3945: Copyright(c) 2003-2011 Intel Corporation
[    0.910725] iwl3945: hw_scan is disabled
[    0.910775] Intel(R) Wireless WiFi driver for Linux
[    0.910789] Copyright(c) 2003- 2015 Intel Corporation
[    0.911186] iwlwifi 0000:03:00.0: pci_enable_msi failed - -38
[    0.911482] usbcore: registered new interface driver ax88179_178a
[    0.911537] usbcore: registered new interface driver cdc_ether
[    0.911580] usbcore: registered new interface driver cdc_eem
[    0.911634] usbcore: registered new interface driver net1080
[    0.911687] usbcore: registered new interface driver cdc_subset
[    0.911738] usbcore: registered new interface driver zaurus
[    0.911798] usbcore: registered new interface driver cdc_ncm
[    0.911848] usbcore: registered new interface driver cdc_mbim
[    0.912140] ehci_hcd: USB 2.0 'Enhanced' Host Controller (EHCI) Driver
[    0.912167] ehci-pci: EHCI PCI platform driver
[    0.912232] iwlwifi 0000:03:00.0: loaded firmware version 39.31.5.1 build 35138 op_mode iwldvm
[    0.912340] iwlwifi 0000:03:00.0: CONFIG_IWLWIFI_DEBUG disabled
[    0.912356] iwlwifi 0000:03:00.0: CONFIG_IWLWIFI_DEBUGFS disabled
[    0.912373] iwlwifi 0000:03:00.0: CONFIG_IWLWIFI_DEVICE_TRACING disabled
[    0.912391] iwlwifi 0000:03:00.0: Detected Intel(R) Centrino(R) Wireless-N 1000 BGN, REV=0x6C
[    0.912517] ehci-pci 0000:00:1a.0: EHCI Host Controller
[    0.912683] ehci-pci 0000:00:1a.0: new USB bus registered, assigned bus number 1
[    0.912728] ehci-pci 0000:00:1a.0: debug port 2
[    0.916682] ehci-pci 0000:00:1a.0: cache line size of 64 is not supported
[    0.916692] ehci-pci 0000:00:1a.0: irq 16, io mem 0xf252a000
[    0.922733] fbcon: inteldrmfb (fb0) is primary device
[    0.929424] ehci-pci 0000:00:1a.0: USB 2.0 started, EHCI 1.00
[    0.929702] usb usb1: New USB device found, idVendor=1d6b, idProduct=0002, bcdDevice= 4.19
[    0.929705] usb usb1: New USB device strings: Mfr=3, Product=2, SerialNumber=1
[    0.929706] usb usb1: Product: EHCI Host Controller
[    0.929708] usb usb1: Manufacturer: Linux 4.19.0-rc6 ehci_hcd
[    0.929710] usb usb1: SerialNumber: 0000:00:1a.0
[    0.930211] hub 1-0:1.0: USB hub found
[    0.930251] hub 1-0:1.0: 3 ports detected
[    0.931120] ehci-pci 0000:00:1d.0: EHCI Host Controller
[    0.931265] ehci-pci 0000:00:1d.0: new USB bus registered, assigned bus number 2
[    0.931296] ehci-pci 0000:00:1d.0: debug port 2
[    0.935264] ehci-pci 0000:00:1d.0: cache line size of 64 is not supported
[    0.935290] ehci-pci 0000:00:1d.0: irq 23, io mem 0xf2529000
[    0.949562] ehci-pci 0000:00:1d.0: USB 2.0 started, EHCI 1.00
[    0.950090] usb usb2: New USB device found, idVendor=1d6b, idProduct=0002, bcdDevice= 4.19
[    0.950092] usb usb2: New USB device strings: Mfr=3, Product=2, SerialNumber=1
[    0.950094] usb usb2: Product: EHCI Host Controller
[    0.950096] usb usb2: Manufacturer: Linux 4.19.0-rc6 ehci_hcd
[    0.950098] usb usb2: SerialNumber: 0000:00:1d.0
[    0.950465] hub 2-0:1.0: USB hub found
[    0.950497] hub 2-0:1.0: 3 ports detected
[    0.951009] ohci_hcd: USB 1.1 'Open' Host Controller (OHCI) Driver
[    0.951022] ohci-pci: OHCI PCI platform driver
[    0.951073] uhci_hcd: USB Universal Host Controller Interface driver
[    0.951262] usbcore: registered new interface driver cdc_acm
[    0.951263] cdc_acm: USB Abstract Control Model driver for USB modems and ISDN adapters
[    0.951308] usbcore: registered new interface driver usblp
[    0.951347] usbcore: registered new interface driver cdc_wdm
[    0.951390] usbcore: registered new interface driver usb-storage
[    0.951415] usbcore: registered new interface driver ums-sddr09
[    0.951514] usbcore: registered new interface driver usbserial_generic
[    0.951560] usbserial: USB Serial support registered for generic
[    0.951597] usbcore: registered new interface driver ch341
[    0.951636] usbserial: USB Serial support registered for ch341-uart
[    0.951674] usbcore: registered new interface driver ftdi_sio
[    0.951706] usbserial: USB Serial support registered for FTDI USB Serial Device
[    0.951763] usbcore: registered new interface driver option
[    0.951792] usbserial: USB Serial support registered for GSM modem (1-port)
[    0.951858] usbcore: registered new interface driver pl2303
[    0.951895] usbserial: USB Serial support registered for pl2303
[    0.951924] usbcore: registered new interface driver ti_usb_3410_5052
[    0.951948] usbserial: USB Serial support registered for TI USB 3410 1 port adapter
[    0.951981] usbserial: USB Serial support registered for TI USB 5052 2 port adapter
[    0.951986] ftdi_elan: driver ftdi-elan
[    0.952027] usbcore: registered new interface driver ftdi-elan
[    0.952168] i8042: PNP: PS/2 Controller [PNP0303:KBD,PNP0f13:MOU] at 0x60,0x64 irq 1,12
[    0.955288] serio: i8042 KBD port at 0x60,0x64 irq 1
[    0.955309] serio: i8042 AUX port at 0x60,0x64 irq 12
[    0.955651] mousedev: PS/2 mouse device common for all mice
[    0.956281] input: PC Speaker as /devices/platform/pcspkr/input/input4
[    0.956568] rtc_cmos 00:02: RTC can wake from S4
[    0.956828] rtc_cmos 00:02: registered as rtc0
[    0.956898] rtc_cmos 00:02: alarms up to one month, y3k, 114 bytes nvram, hpet irqs
[    0.957004] usbcore: registered new interface driver uvcvideo
[    0.957005] USB Video Class driver (1.1.1)
[    0.957006] gspca_main: v2.14.0 registered
[    0.957046] usbcore: registered new interface driver sq930x
[    0.957892] device-mapper: ioctl: 4.39.0-ioctl (2018-04-03) initialised: dm-devel@redhat.com
[    0.957895] Bluetooth: HCI UART driver ver 2.3
[    0.957897] Bluetooth: HCI UART protocol H4 registered
[    0.957899] Bluetooth: HCI UART protocol BCSP registered
[    0.957982] usbcore: registered new interface driver btusb
[    0.957988] intel_pstate: Intel P-state driver initializing
[    0.957995] ieee80211 phy0: Selected rate control algorithm 'iwl-agn-rs'
[    0.958561] sdhci: Secure Digital Host Controller Interface driver
[    0.958564] sdhci: Copyright(c) Pierre Ossman
[    0.958674] sdhci-pci 0000:0d:00.0: SDHCI controller found [1180:e823] (rev 4)
[    0.960607] mmc0 bounce up to 128 segments into one, max segment size 65536 bytes
[    0.960855] input: AT Translated Set 2 keyboard as /devices/platform/i8042/serio0/input/input5
[    0.962931] mmc0: SDHCI controller on PCI [0000:0d:00.0] using DMA
[    0.963399] hidraw: raw HID events driver (C) Jiri Kosina
[    0.966366] usbcore: registered new interface driver usbhid
[    0.966370] usbhid: USB HID core driver
[    0.968608] thinkpad_acpi: ThinkPad ACPI Extras v0.26
[    0.968612] thinkpad_acpi: http://ibm-acpi.sf.net/
[    0.968615] thinkpad_acpi: ThinkPad BIOS 8DET74WW (1.44 ), EC unknown
[    0.968618] thinkpad_acpi: Lenovo ThinkPad X220, model 42872WU
[    0.970510] thinkpad_acpi: radio switch found; radios are enabled
[    0.970813] thinkpad_acpi: Tablet mode switch found (type: MHKG), currently in laptop mode
[    0.970830] thinkpad_acpi: This ThinkPad has standard ACPI backlight brightness control, supported by the ACPI video driver
[    0.970831] thinkpad_acpi: Disabling thinkpad-acpi brightness events by default...
[    0.975383] thinkpad_acpi: rfkill switch tpacpi_bluetooth_sw: radio is unblocked
[    0.976791] thinkpad_acpi: warning: userspace override of important firmware LEDs is enabled
[    0.976807] thinkpad_acpi: Standard ACPI backlight interface available, not loading native one
[    0.976808] thinkpad_acpi: volume: disabled as there is no ALSA support in this kernel
[    0.977971] random: fast init done
[    0.978068] battery: new extension: ThinkPad Battery Extension
[    0.978139] input: ThinkPad Extra Buttons as /devices/platform/thinkpad_acpi/input/input8
[    0.979580] usbcore: registered new interface driver snd-usb-audio
[    0.981919] NET: Registered protocol family 17
[    0.981988] Bluetooth: RFCOMM TTY layer initialized
[    0.982016] Bluetooth: RFCOMM socket layer initialized
[    0.982024] Bluetooth: RFCOMM ver 1.11
[    0.982029] Bluetooth: BNEP (Ethernet Emulation) ver 1.3
[    0.982030] Bluetooth: BNEP filters: protocol multicast
[    0.982033] Bluetooth: BNEP socket layer initialized
[    0.982034] Bluetooth: HIDP (Human Interface Emulation) ver 1.2
[    0.982036] Bluetooth: HIDP socket layer initialized
[    0.982238] microcode: sig=0x206a7, pf=0x10, revision=0x2d
[    0.982411] microcode: Microcode Update Driver: v2.2.
[    0.982463] sched_clock: Marking stable (970669050, 11710679)->(991088287, -8708558)
[    0.982923] Loading compiled-in X.509 certificates
[    0.983290] Key type encrypted registered
[    0.983614] rtc_cmos 00:02: setting system clock to 2018-10-04 11:07:33 UTC (1538651253)
[    0.983714] cfg80211: Loading compiled-in X.509 certificates for regulatory database
[    0.984226] cfg80211: Loaded X.509 cert 'sforshee: 00b28ddf47aef9cea7'
[    0.984530] platform regulatory.0: Direct firmware load for regulatory.db failed with error -2
[    0.984541] cfg80211: failed to load regulatory.db
[    1.033569] ata1: SATA link up 1.5 Gbps (SStatus 113 SControl 300)
[    1.035138] ata1.00: ACPI cmd ef/02:00:00:00:00:a0 (SET FEATURES) succeeded
[    1.035147] ata1.00: ACPI cmd f5/00:00:00:00:00:a0 (SECURITY FREEZE LOCK) filtered out
[    1.035154] ata1.00: ACPI cmd ef/10:03:00:00:00:a0 (SET FEATURES) filtered out
[    1.036408] ata1.00: ATA-8: Hitachi HTS545050A7E380, GG2OA7J0, max UDMA/133
[    1.036415] ata1.00: 976773168 sectors, multi 16: LBA48 NCQ (depth 32), AA
[    1.038053] ata1.00: ACPI cmd ef/02:00:00:00:00:a0 (SET FEATURES) succeeded
[    1.038062] ata1.00: ACPI cmd f5/00:00:00:00:00:a0 (SECURITY FREEZE LOCK) filtered out
[    1.038069] ata1.00: ACPI cmd ef/10:03:00:00:00:a0 (SET FEATURES) filtered out
[    1.039244] ata1.00: configured for UDMA/133
[    1.265535] usb 1-1: new high-speed USB device number 2 using ehci-pci
[    1.277171] Console: switching to colour frame buffer device 102x42
[    1.277497] snd_hda_intel 0000:00:1b.0: bound 0000:00:02.0 (ops i915_audio_component_bind_ops)
[    1.285551] usb 2-1: new high-speed USB device number 2 using ehci-pci
[    1.298558] snd_hda_codec_generic hdaudioC0D0: autoconfig for Generic: line_outs=1 (0x1f/0x0/0x0/0x0/0x0) type:speaker
[    1.298561] snd_hda_codec_generic hdaudioC0D0:    speaker_outs=0 (0x0/0x0/0x0/0x0/0x0)
[    1.298563] snd_hda_codec_generic hdaudioC0D0:    hp_outs=1 (0x19/0x0/0x0/0x0/0x0)
[    1.298565] snd_hda_codec_generic hdaudioC0D0:    mono: mono_out=0x0
[    1.298566] snd_hda_codec_generic hdaudioC0D0:    inputs:
[    1.298569] snd_hda_codec_generic hdaudioC0D0:      Internal Mic=0x23
[    1.298571] snd_hda_codec_generic hdaudioC0D0:      Mic=0x1b
[    1.302373] snd_hda_codec_generic hdaudioC0D3: ignore pin 0x7, too many assigned pins
[    1.302425] i915 0000:00:02.0: fb0: inteldrmfb frame buffer device
[    1.303356] snd_hda_codec_generic hdaudioC0D3: autoconfig for Generic: line_outs=0 (0x0/0x0/0x0/0x0/0x0) type:line
[    1.394183] snd_hda_codec_generic hdaudioC0D3:    speaker_outs=0 (0x0/0x0/0x0/0x0/0x0)
[    1.395093] snd_hda_codec_generic hdaudioC0D3:    hp_outs=0 (0x0/0x0/0x0/0x0/0x0)
[    1.395994] snd_hda_codec_generic hdaudioC0D3:    mono: mono_out=0x0
[    1.396885] snd_hda_codec_generic hdaudioC0D3:    dig-out=0x5/0x6
[    1.397786] snd_hda_codec_generic hdaudioC0D3:    inputs:
[    1.399027] scsi 0:0:0:0: Direct-Access     ATA      Hitachi HTS54505 A7J0 PQ: 0 ANSI: 5
[    1.400563] sd 0:0:0:0: [sda] 976773168 512-byte logical blocks: (500 GB/466 GiB)
[    1.400719] sd 0:0:0:0: Attached scsi generic sg0 type 0
[    1.400975] input: HDA Intel PCH Mic as /devices/pci0000:00/0000:00:1b.0/sound/card0/input9
[    1.401165] input: HDA Intel PCH Headphone as /devices/pci0000:00/0000:00:1b.0/sound/card0/input10
[    1.401368] input: HDA Intel PCH HDMI as /devices/pci0000:00/0000:00:1b.0/sound/card0/input11
[    1.401567] input: HDA Intel PCH HDMI as /devices/pci0000:00/0000:00:1b.0/sound/card0/input12
[    1.402184] sd 0:0:0:0: [sda] 4096-byte physical blocks
[    1.402202] sd 0:0:0:0: [sda] Write Protect is off
[    1.412189] sd 0:0:0:0: [sda] Mode Sense: 00 3a 00 00
[    1.412218] sd 0:0:0:0: [sda] Write cache: enabled, read cache: enabled, doesn't support DPO or FUA
[    1.443012] usb 1-1: New USB device found, idVendor=8087, idProduct=0024, bcdDevice= 0.00
[    1.445289] usb 1-1: New USB device strings: Mfr=0, Product=0, SerialNumber=0
[    1.447958] usb 2-1: New USB device found, idVendor=8087, idProduct=0024, bcdDevice= 0.00
[    1.449811] usb 2-1: New USB device strings: Mfr=0, Product=0, SerialNumber=0
[    1.452346] hub 1-1:1.0: USB hub found
[    1.454443] hub 2-1:1.0: USB hub found
[    1.456345] hub 1-1:1.0: 6 ports detected
[    1.458318] hub 2-1:1.0: 8 ports detected
[    1.459263]  sda: sda1 sda2 sda3 sda4
[    1.463822] sd 0:0:0:0: [sda] Attached SCSI disk
[    1.545649] tsc: Refined TSC clocksource calibration: 2491.912 MHz
[    1.548579] clocksource: tsc: mask: 0xffffffffffffffff max_cycles: 0x23eb61593c1, max_idle_ns: 440795265748 ns
[    1.551749] clocksource: Switched to clocksource tsc
[    1.721483] ata2: SATA link down (SStatus 0 SControl 300)
[    1.749556] usb 1-1.3: new full-speed USB device number 3 using ehci-pci
[    1.749566] usb 2-1.1: new high-speed USB device number 3 using ehci-pci
[    1.846880] psmouse serio1: synaptics: queried max coordinates: x [..5472], y [..4448]
[    1.859428] usb 2-1.1: New USB device found, idVendor=05e3, idProduct=0608, bcdDevice=77.64
[    1.863874] usb 2-1.1: New USB device strings: Mfr=0, Product=1, SerialNumber=0
[    1.867367] usb 2-1.1: Product: USB2.0 Hub
[    1.871412] hub 2-1.1:1.0: USB hub found
[    1.871502] usb 1-1.3: New USB device found, idVendor=147e, idProduct=2016, bcdDevice= 0.02
[    1.873070] hub 2-1.1:1.0: 4 ports detected
[    1.874298] usb 1-1.3: New USB device strings: Mfr=1, Product=2, SerialNumber=0
[    1.877103] usb 1-1.3: Product: Biometric Coprocessor
[    1.878519] usb 1-1.3: Manufacturer: UPEK
[    1.928275] psmouse serio1: synaptics: Touchpad model: 1, fw: 8.0, id: 0x1e2b1, caps: 0xd001a3/0x940300/0x120c00/0x0, board id: 1611, fw id: 774180
[    1.931861] psmouse serio1: synaptics: serio: Synaptics pass-through port at isa0060/serio1/input0
[    1.961473] usb 2-1.2: new high-speed USB device number 4 using ehci-pci
[    1.965404] usb 1-1.4: new full-speed USB device number 4 using ehci-pci
[    1.984099] input: SynPS/2 Synaptics TouchPad as /devices/platform/i8042/serio1/input/input7
[    2.047826] ata3: SATA link up 3.0 Gbps (SStatus 123 SControl 300)
[    2.064522] ata3.00: ACPI cmd ef/02:00:00:00:00:a0 (SET FEATURES) succeeded
[    2.064531] ata3.00: ACPI cmd f5/00:00:00:00:00:a0 (SECURITY FREEZE LOCK) filtered out
[    2.066732] ata3.00: ACPI cmd ef/10:03:00:00:00:a0 (SET FEATURES) filtered out
[    2.070799] usb 2-1.2: New USB device found, idVendor=1a40, idProduct=0101, bcdDevice= 1.11
[    2.073659] usb 2-1.2: New USB device strings: Mfr=0, Product=1, SerialNumber=0
[    2.074616] ata3.00: ATA-8: KINGSTON SMS200S3240G, 60AABBF0, max UDMA/133
[    2.076424] usb 2-1.2: Product: USB 2.0 Hub
[    2.077308] hub 2-1.2:1.0: USB hub found
[    2.079766] usb 1-1.4: New USB device found, idVendor=0a5c, idProduct=217f, bcdDevice= 7.48
[    2.079775] usb 1-1.4: New USB device strings: Mfr=1, Product=2, SerialNumber=3
[    2.079782] usb 1-1.4: Product: Broadcom Bluetooth Device
[    2.079788] usb 1-1.4: Manufacturer: Broadcom Corp
[    2.079795] usb 1-1.4: SerialNumber: 7CE9D3B855AA
[    2.081051] ata3.00: 468862128 sectors, multi 1: LBA48 NCQ (depth 32), AA
[    2.086215] ata3.00: ACPI cmd ef/02:00:00:00:00:a0 (SET FEATURES) succeeded
[    2.087443] hub 2-1.2:1.0: 4 ports detected
[    2.088338] ata3.00: ACPI cmd f5/00:00:00:00:00:a0 (SECURITY FREEZE LOCK) filtered out
[    2.088340] ata3.00: ACPI cmd ef/10:03:00:00:00:a0 (SET FEATURES) filtered out
[    2.093347] ata3.00: configured for UDMA/133
[    2.095181] scsi 2:0:0:0: Direct-Access     ATA      KINGSTON SMS200S BBF0 PQ: 0 ANSI: 5
[    2.098189] sd 2:0:0:0: Attached scsi generic sg1 type 0
[    2.098240] sd 2:0:0:0: [sdb] 468862128 512-byte logical blocks: (240 GB/224 GiB)
[    2.101354] sd 2:0:0:0: [sdb] Write Protect is off
[    2.103347] sd 2:0:0:0: [sdb] Mode Sense: 00 3a 00 00
[    2.103381] sd 2:0:0:0: [sdb] Write cache: enabled, read cache: enabled, doesn't support DPO or FUA
[    2.107105]  sdb: sdb2 sdb4
[    2.110255] sd 2:0:0:0: [sdb] Attached SCSI disk
[    2.165549] usb 1-1.6: new high-speed USB device number 5 using ehci-pci
[    2.165557] usb 2-1.1.4: new full-speed USB device number 5 using ehci-pci
[    2.286113] usb 1-1.6: New USB device found, idVendor=04f2, idProduct=b217, bcdDevice= 8.54
[    2.289976] usb 1-1.6: New USB device strings: Mfr=1, Product=2, SerialNumber=0
[    2.291716] usb 1-1.6: Product: Integrated Camera
[    2.293411] usb 1-1.6: Manufacturer: Chicony Electronics Co., Ltd.
[    2.297689] uvcvideo: Found UVC 1.00 device Integrated Camera (04f2:b217)
[    2.300694] usb 2-1.1.4: New USB device found, idVendor=0a12, idProduct=0001, bcdDevice=88.91
[    2.304042] usb 2-1.1.4: New USB device strings: Mfr=0, Product=2, SerialNumber=0
[    2.306727] usb 2-1.1.4: Product: CSR8510 A10
[    2.309811] uvcvideo 1-1.6:1.0: Entity type for entity Extension 3 was not initialized!
[    2.310934] uvcvideo 1-1.6:1.0: Entity type for entity Processing 2 was not initialized!
[    2.311991] uvcvideo 1-1.6:1.0: Entity type for entity Camera 1 was not initialized!
[    2.401486] usb 2-1.2.1: new low-speed USB device number 6 using ehci-pci
[    2.413533] ata5: SATA link down (SStatus 0 SControl 300)
[    2.451795] PM: Image not found (code -22)
[    2.451897] ALSA device list:
[    2.455379]   #0: HDA Intel PCH at 0xf2520000 irq 22
[    2.536436] usb 2-1.2.1: New USB device found, idVendor=06a3, idProduct=053f, bcdDevice= 0.02
[    2.540016] usb 2-1.2.1: New USB device strings: Mfr=1, Product=2, SerialNumber=3
[    2.543566] usb 2-1.2.1: Product: Saitek X36
[    2.546981] usb 2-1.2.1: Manufacturer: Saitek
[    2.550349] usb 2-1.2.1: SerialNumber: 00103464
[    2.591838] input: Saitek Saitek X36 as /devices/pci0000:00/0000:00:1d.0/usb2/2-1/2-1.2/2-1.2.1/2-1.2.1:1.0/0003:06A3:053F.0001/input/input14
[    2.594507] hid-generic 0003:06A3:053F.0001: input,hidraw0: USB HID v1.00 Joystick [Saitek Saitek X36] on usb-0000:00:1d.0-1.2.1/input0
[    2.697566] usb 2-1.2.2: new low-speed USB device number 7 using ehci-pci
[    2.754368] psmouse serio2: trackpoint: IBM TrackPoint firmware: 0x0e, buttons: 3/3
[    2.834959] usb 2-1.2.2: New USB device found, idVendor=046d, idProduct=c05a, bcdDevice=63.00
[    2.838851] usb 2-1.2.2: New USB device strings: Mfr=1, Product=2, SerialNumber=0
[    2.842769] usb 2-1.2.2: Product: USB Optical Mouse
[    2.844017] usb 2-1.2.2: Manufacturer: Logitech
[    2.848657] input: Logitech USB Optical Mouse as /devices/pci0000:00/0000:00:1d.0/usb2/2-1/2-1.2/2-1.2.2/2-1.2.2:1.0/0003:046D:C05A.0002/input/input15
[    2.851624] hid-generic 0003:046D:C05A.0002: input,hidraw1: USB HID v1.11 Mouse [Logitech USB Optical Mouse] on usb-0000:00:1d.0-1.2.2/input0
[    2.953533] usb 2-1.2.3: new low-speed USB device number 8 using ehci-pci
[    3.016853] input: TPPS/2 IBM TrackPoint as /devices/platform/i8042/serio1/serio2/input/input13
[    3.094468] usb 2-1.2.3: New USB device found, idVendor=04f2, idProduct=0111, bcdDevice= 1.02
[    3.098504] usb 2-1.2.3: New USB device strings: Mfr=1, Product=2, SerialNumber=0
[    3.100624] usb 2-1.2.3: Product: USB Keyboard
[    3.102680] usb 2-1.2.3: Manufacturer: Chicony
[    3.110649] input: Chicony USB Keyboard as /devices/pci0000:00/0000:00:1d.0/usb2/2-1/2-1.2/2-1.2.3/2-1.2.3:1.0/0003:04F2:0111.0003/input/input16
[    3.175621] hid-generic 0003:04F2:0111.0003: input,hidraw2: USB HID v1.10 Keyboard [Chicony USB Keyboard] on usb-0000:00:1d.0-1.2.3/input0
[    3.191466] input: Chicony USB Keyboard System Control as /devices/pci0000:00/0000:00:1d.0/usb2/2-1/2-1.2/2-1.2.3/2-1.2.3:1.1/0003:04F2:0111.0004/input/input17
[    3.254085] input: Chicony USB Keyboard Consumer Control as /devices/pci0000:00/0000:00:1d.0/usb2/2-1/2-1.2/2-1.2.3/2-1.2.3:1.1/0003:04F2:0111.0004/input/input18
[    3.259260] hid-generic 0003:04F2:0111.0004: input,hiddev96,hidraw3: USB HID v1.10 Device [Chicony USB Keyboard] on usb-0000:00:1d.0-1.2.3/input1
[    3.263643] md: Waiting for all devices to be available before autodetect
[    3.267276] md: If you don't use raid, use raid=noautodetect
[    3.270896] md: Autodetecting RAID arrays.
[    3.273689] md: autorun ...
[    3.276351] md: ... autorun DONE.
[    3.285177] EXT4-fs (sdb4): INFO: recovery required on readonly filesystem
[    3.286431] EXT4-fs (sdb4): write access will be enabled during recovery
[    3.484507] EXT4-fs (sdb4): orphan cleanup on readonly fs
[    3.493045] EXT4-fs (sdb4): 118 orphan inodes deleted
[    3.494387] EXT4-fs (sdb4): recovery complete
[    3.498658] EXT4-fs (sdb4): mounted filesystem with ordered data mode. Opts: (null)
[    3.500017] VFS: Mounted root (ext4 filesystem) readonly on device 8:20.
[    3.501528] devtmpfs: mounted
[    3.503690] Freeing unused kernel image memory: 1008K
[    3.518257] Write protecting the kernel read-only data: 24576k
[    3.521777] Freeing unused kernel image memory: 2008K
[    3.524243] Freeing unused kernel image memory: 896K
[    3.536069] x86/mm: Checked W+X mappings: passed, no W+X pages found.
[    3.537067] rodata_test: all tests were successful
[    3.538034] x86/mm: Checking user space page tables
[    3.547093] x86/mm: Checked W+X mappings: passed, no W+X pages found.
[    3.548031] Run /sbin/init as init process
[    3.600870] random: systemd: uninitialized urandom read (16 bytes read)
[    3.602686] systemd[1]: systemd 215 running in system mode. (+PAM +AUDIT +SELINUX +IMA +SYSVINIT +LIBCRYPTSETUP +GCRYPT +ACL +XZ -SECCOMP -APPARMOR)
[    3.621835] systemd[1]: Detected architecture 'x86-64'.
[    3.639776] systemd[1]: Failed to insert module 'ipv6'
[    3.641122] systemd[1]: Set hostname to <duo>.
[    3.657128] random: systemd-sysv-ge: uninitialized urandom read (16 bytes read)
[    3.696295] random: systemd-sysv-ge: uninitialized urandom read (16 bytes read)
[    3.772583] systemd[1]: Binding to IPv6 address not available since kernel does not support IPv6.
[    3.773679] systemd[1]: [/lib/systemd/system/gpsd.socket:6] Failed to parse address value, ignoring: [::1]:2947
[    3.778533] systemd[1]: Starting Forward Password Requests to Wall Directory Watch.
[    3.779965] systemd[1]: Started Forward Password Requests to Wall Directory Watch.
[    3.781080] systemd[1]: Starting Remote File Systems (Pre).
[    3.784780] systemd[1]: Reached target Remote File Systems (Pre).
[    3.880754] systemd-udevd[1985]: starting version 215
[    4.116150] e1000e 0000:00:19.0 eth2: renamed from eth0
[    4.143710] systemd-udevd[2019]: renamed network interface eth0 to eth2
[    4.153443] iwlwifi 0000:03:00.0 wlan1: renamed from wlan0
[    4.174020] systemd-udevd[2022]: renamed network interface wlan0 to wlan1
[    4.843275] random: crng init done
[    4.846378] random: 7 urandom warning(s) missed due to ratelimiting
[    5.345941] EXT4-fs (sdb4): re-mounted. Opts: errors=remount-ro
[    5.510297] Adding 1681428k swap on /dev/sda1.  Priority:-2 extents:1 across:1681428k 
[   16.518887] EXT4-fs (sda2): mounted filesystem with ordered data mode. Opts: errors=remount-ro
[   16.577290] EXT4-fs (sdb2): mounted filesystem with ordered data mode. Opts: errors=remount-ro
[   16.625811] systemd-journald[1987]: Received request to flush runtime journal from PID 1
[   17.036848] NFSD: Using /var/lib/nfs/v4recovery as the NFSv4 state recovery directory
[   17.038074] NFSD: starting 45-second grace period (net f0000098)
[   17.317514] device-mapper: table: 251:0: thin-pool: unknown target type
[   17.318404] device-mapper: ioctl: error adding target to table
[   18.152975] iwlwifi 0000:03:00.0: Radio type=0x0-0x0-0x3
[   18.224892] iwlwifi 0000:03:00.0: Radio type=0x0-0x0-0x3
[   19.983360] e1000e: eth2 NIC Link is Up 100 Mbps Full Duplex, Flow Control: Rx/Tx
[   19.983368] e1000e 0000:00:19.0 eth2: 10/100 speed: disabling TSO
[   22.530119] wlan1: authenticate with 00:00:00:00:00:01
[   22.536398] wlan1: send auth to 00:00:00:00:00:01 (try 1/3)
[   22.538669] wlan1: authenticated
[   22.538836] wlan1: waiting for beacon from 00:00:00:00:00:01
[   22.589583] wlan1: associate with 00:00:00:00:00:01 (try 1/3)
[   22.593809] wlan1: RX AssocResp from 00:00:00:00:00:01 (capab=0x401 status=0 aid=8)
[   22.598016] wlan1: associated
[   37.404953] wlan1: deauthenticating from 00:00:00:00:00:01 by local choice (Reason: 3=DEAUTH_LEAVING)
[   37.470166] PM: suspend entry (deep)
[   37.470173] PM: Syncing filesystems ... done.
[   38.598970] Freezing user space processes ... (elapsed 0.002 seconds) done.
[   38.601572] OOM killer disabled.
[   38.601575] Freezing remaining freezable tasks ... (elapsed 0.003 seconds) done.
[   38.605614] Suspending console(s) (use no_console_suspend to debug)
[   38.625711] sd 2:0:0:0: [sdb] Synchronizing SCSI cache
[   38.626494] sd 2:0:0:0: [sdb] Stopping disk
[   38.793656] sd 0:0:0:0: [sda] Synchronizing SCSI cache
[   38.793947] sd 0:0:0:0: [sda] Stopping disk
[   38.870218] e1000e: EEE TX LPI TIMER: 00000011
[   39.385961] PM: suspend devices took 0.780 seconds
[   39.408776] ACPI: EC: interrupt blocked
[   39.446019] ACPI: Preparing to enter system sleep state S3
[   39.456500] ACPI: EC: event blocked
[   39.456506] ACPI: EC: EC stopped
[   39.456511] PM: Saving platform NVS memory
[   39.456535] Disabling non-boot CPUs ...
[   39.472652] smpboot: CPU 1 is now offline
[   39.491405] smpboot: CPU 2 is now offline
[   39.506723] IRQ 16: no longer affine to CPU3
[   39.506736] IRQ 17: no longer affine to CPU3
[   39.506748] IRQ 23: no longer affine to CPU3
[   39.507785] smpboot: CPU 3 is now offline
[   39.510927] ACPI: Low-level resume complete
[   39.510989] ACPI: EC: EC started
[   39.510991] PM: Restoring platform NVS memory
[   39.511370] Enabling non-boot CPUs ...
[   39.512531] x86: Booting SMP configuration:
[   39.512533] smpboot: Booting Node 0 Processor 1 APIC 0x1
[   39.512826] Disabled fast string operations
[   39.515273]  cache: parent cpu1 should not be sleeping
[   39.515713] CPU1 is up
[   39.516945] smpboot: Booting Node 0 Processor 2 APIC 0x2
[   39.517191] Disabled fast string operations
[   39.519771]  cache: parent cpu2 should not be sleeping
[   39.520269] CPU2 is up
[   39.521578] smpboot: Booting Node 0 Processor 3 APIC 0x3
[   39.521953] Disabled fast string operations
[   39.524450]  cache: parent cpu3 should not be sleeping
[   39.525071] CPU3 is up
[   39.528929] ACPI: Waking up from system sleep state S3
[   39.546889] ACPI: EC: interrupt unblocked
[   39.563737] sdhci-pci 0000:0d:00.0: MMC controller base frequency changed to 50Mhz.
[   39.601783] ACPI: button: The lid device is not compliant to SW_LID.
[   39.601886] ACPI: EC: event unblocked
[   39.601916] sd 0:0:0:0: [sda] Starting disk
[   39.601920] sd 2:0:0:0: [sdb] Starting disk
[   39.847085] usb 1-1.3: reset full-speed USB device number 3 using ehci-pci
[   39.947194] ata3: SATA link up 3.0 Gbps (SStatus 123 SControl 300)
[   39.947241] ata5: SATA link down (SStatus 0 SControl 300)
[   39.951194] ata2: SATA link down (SStatus 0 SControl 300)
[   39.953375] ata3.00: ACPI cmd ef/02:00:00:00:00:a0 (SET FEATURES) succeeded
[   39.953386] ata3.00: ACPI cmd f5/00:00:00:00:00:a0 (SECURITY FREEZE LOCK) filtered out
[   39.953394] ata3.00: ACPI cmd ef/10:03:00:00:00:a0 (SET FEATURES) filtered out
[   39.965954] ata3.00: ACPI cmd ef/02:00:00:00:00:a0 (SET FEATURES) succeeded
[   39.965968] ata3.00: ACPI cmd f5/00:00:00:00:00:a0 (SECURITY FREEZE LOCK) filtered out
[   39.965977] ata3.00: ACPI cmd ef/10:03:00:00:00:a0 (SET FEATURES) filtered out
[   39.972652] ata3.00: configured for UDMA/133
[   40.035185] usb 1-1.4: reset full-speed USB device number 4 using ehci-pci
[   40.223198] usb 1-1.6: reset high-speed USB device number 5 using ehci-pci
[   40.509625] psmouse serio1: synaptics: queried max coordinates: x [..5472], y [..4448]
[   41.369307] e1000e: eth2 NIC Link is Up 100 Mbps Full Duplex, Flow Control: Rx/Tx
[   41.369323] e1000e 0000:00:19.0 eth2: 10/100 speed: disabling TSO
[   41.627156] ata1: SATA link up 1.5 Gbps (SStatus 113 SControl 300)
[   41.628813] ata1.00: ACPI cmd ef/02:00:00:00:00:a0 (SET FEATURES) succeeded
[   41.628824] ata1.00: ACPI cmd f5/00:00:00:00:00:a0 (SECURITY FREEZE LOCK) filtered out
[   41.628832] ata1.00: ACPI cmd ef/10:03:00:00:00:a0 (SET FEATURES) filtered out
[   41.631936] ata1.00: ACPI cmd ef/02:00:00:00:00:a0 (SET FEATURES) succeeded
[   41.631948] ata1.00: ACPI cmd f5/00:00:00:00:00:a0 (SECURITY FREEZE LOCK) filtered out
[   41.631956] ata1.00: ACPI cmd ef/10:03:00:00:00:a0 (SET FEATURES) filtered out
[   41.633202] ata1.00: configured for UDMA/133
[   41.664918] PM: resume devices took 2.068 seconds
[   41.665918] OOM killer enabled.
[   41.665931] ACPI: \_SB_.PCI0.LPC_.EC__.BAT1: docking
[   41.665941] Restarting tasks ... 
[   41.666807] ACPI: \_SB_.PCI0.LPC_.EC__.BAT1: Unable to dock!
[   41.670890] done.
[   41.676974] PM: suspend exit
[   41.816128] e1000e: eth2 NIC Link is Down
[   41.982617] iwlwifi 0000:03:00.0: Radio type=0x0-0x0-0x3
[   42.056975] iwlwifi 0000:03:00.0: Radio type=0x0-0x0-0x3
[   42.553633] wlan1: authenticate with 00:00:00:00:00:01
[   42.556855] wlan1: send auth to 00:00:00:00:00:01 (try 1/3)
[   42.559185] wlan1: authenticated
[   42.563067] wlan1: associate with 00:00:00:00:00:01 (try 1/3)
[   42.566958] wlan1: RX AssocResp from 00:00:00:00:00:01 (capab=0x401 status=0 aid=8)
[   42.570659] wlan1: associated
[   43.597260] e1000e: eth2 NIC Link is Up 100 Mbps Full Duplex, Flow Control: Rx/Tx
[   43.597284] e1000e 0000:00:19.0 eth2: 10/100 speed: disabling TSO
[ 1024.489661] fgfs[4910]: segfault at 8b58308 ip 0000000008b58308 sp 00000000ff906dac error 15
[ 1024.489669] Code: 00 00 00 00 00 00 29 00 00 00 f0 83 b5 08 38 82 b5 08 00 00 00 00 00 00 00 00 04 00 00 00 00 00 00 00 a8 82 b5 08 00 00 00 00 <00> 00 00 00 11 00 00 00 08 8d b5 08 00 00 00 00 00 00 00 00 21 00
