[    0.000000] Linux version 5.3.0-rc6-next-20190826+ (pavel@pollux.denx.de) (gcc version 9.1.1 20190503 (Red Hat 9.1.1-1) (GCC)) #78 SMP PREEMPT Tue Aug 27 08:54:21 CEST 2019
[    0.000000] Disabled fast string operations
[    0.000000] x86/fpu: x87 FPU will use FXSAVE
[    0.000000] BIOS-provided physical RAM map:
[    0.000000] BIOS-e820: [mem 0x0000000000000000-0x000000000009efff] usable
[    0.000000] BIOS-e820: [mem 0x000000000009f000-0x000000000009ffff] reserved
[    0.000000] BIOS-e820: [mem 0x00000000000dc000-0x00000000000fffff] reserved
[    0.000000] BIOS-e820: [mem 0x0000000000100000-0x00000000bf6cffff] usable
[    0.000000] BIOS-e820: [mem 0x00000000bf6d0000-0x00000000bf6defff] ACPI data
[    0.000000] BIOS-e820: [mem 0x00000000bf6df000-0x00000000bf6fffff] ACPI NVS
[    0.000000] BIOS-e820: [mem 0x00000000bf700000-0x00000000bfffffff] reserved
[    0.000000] BIOS-e820: [mem 0x00000000f0000000-0x00000000f3ffffff] reserved
[    0.000000] BIOS-e820: [mem 0x00000000fec00000-0x00000000fec0ffff] reserved
[    0.000000] BIOS-e820: [mem 0x00000000fed00000-0x00000000fed003ff] reserved
[    0.000000] BIOS-e820: [mem 0x00000000fed14000-0x00000000fed19fff] reserved
[    0.000000] BIOS-e820: [mem 0x00000000fed1c000-0x00000000fed8ffff] reserved
[    0.000000] BIOS-e820: [mem 0x00000000fee00000-0x00000000fee00fff] reserved
[    0.000000] BIOS-e820: [mem 0x00000000ff800000-0x00000000ffffffff] reserved
[    0.000000] NX (Execute Disable) protection: active
[    0.000000] SMBIOS 2.4 present.
[    0.000000] DMI: LENOVO 17097HU/17097HU, BIOS 7BETD8WW (2.19 ) 03/31/2011
[    0.000000] tsc: Fast TSC calibration using PIT
[    0.000000] tsc: Detected 1828.879 MHz processor
[    0.013417] e820: update [mem 0x00000000-0x00000fff] usable ==> reserved
[    0.013423] e820: remove [mem 0x000a0000-0x000fffff] usable
[    0.013435] last_pfn = 0xbf6d0 max_arch_pfn = 0x1000000
[    0.013448] MTRR default type: uncachable
[    0.013451] MTRR fixed ranges enabled:
[    0.013454]   00000-9FFFF write-back
[    0.013457]   A0000-BFFFF uncachable
[    0.013460]   C0000-CFFFF write-protect
[    0.013463]   D0000-DBFFF uncachable
[    0.013465]   DC000-DFFFF write-back
[    0.013468]   E0000-FFFFF write-protect
[    0.013471] MTRR variable ranges enabled:
[    0.013474]   0 base 000000000 mask F80000000 write-back
[    0.013478]   1 base 080000000 mask FC0000000 write-back
[    0.013481]   2 base 0BF700000 mask FFFF00000 uncachable
[    0.013484]   3 base 0BF800000 mask FFF800000 uncachable
[    0.013486]   4 disabled
[    0.013489]   5 disabled
[    0.013491]   6 disabled
[    0.013493]   7 disabled
[    0.014590] x86/PAT: PAT not supported by CPU.
[    0.015808] x86/PAT: Configuration [0-7]: WB  WT  UC- UC  WB  WT  UC- UC  
[    0.015829] initial memory mapped: [mem 0x00000000-0x059fffff]
[    0.015911] BRK [0x055cd000, 0x055cdfff] PGTABLE
[    0.015932] BRK [0x055ce000, 0x055cefff] PGTABLE
[    0.015943] ACPI: Early table checksum verification disabled
[    0.015952] ACPI: RSDP 0x00000000000F67C0 000024 (v02 LENOVO)
[    0.015961] ACPI: XSDT 0x00000000BF6D191C 000084 (v01 LENOVO TP-7B    00002190  LTP 00000000)
[    0.015974] ACPI: FACP 0x00000000BF6D1A00 0000F4 (v03 LENOVO TP-7B    00002190 LNVO 00000001)
[    0.015985] ACPI BIOS Warning (bug): 32/64X length mismatch in FADT/Gpe0Block: 64/32 (20190816/tbfadt-564)
[    0.015993] ACPI BIOS Warning (bug): Optional FADT field Gpe1Block has valid Address but zero Length: 0x000000000000102C/0x0 (20190816/tbfadt-615)
[    0.016002] ACPI: DSDT 0x00000000BF6D1D90 00CFB9 (v01 LENOVO TP-7B    00002190 MSFT 0100000E)
[    0.016011] ACPI: FACS 0x00000000BF6F4000 000040
[    0.016018] ACPI: FACS 0x00000000BF6F4000 000040
[    0.016026] ACPI: SSDT 0x00000000BF6D1BB4 0001DC (v01 LENOVO TP-7B    00002190 MSFT 0100000E)
[    0.016034] ACPI: ECDT 0x00000000BF6DED49 000052 (v01 LENOVO TP-7B    00002190 LNVO 00000001)
[    0.016043] ACPI: TCPA 0x00000000BF6DED9B 000032 (v02 LENOVO TP-7B    00002190 LNVO 00000001)
[    0.016052] ACPI: APIC 0x00000000BF6DEDCD 000068 (v01 LENOVO TP-7B    00002190 LNVO 00000001)
[    0.016060] ACPI: MCFG 0x00000000BF6DEE35 00003C (v01 LENOVO TP-7B    00002190 LNVO 00000001)
[    0.016069] ACPI: HPET 0x00000000BF6DEE71 000038 (v01 LENOVO TP-7B    00002190 LNVO 00000001)
[    0.016077] ACPI: BOOT 0x00000000BF6DEFD8 000028 (v01 LENOVO TP-7B    00002190  LTP 00000001)
[    0.016086] ACPI: SSDT 0x00000000BF6F2645 00025F (v01 LENOVO TP-7B    00002190 INTL 20050513)
[    0.016094] ACPI: SSDT 0x00000000BF6F28A4 0000A6 (v01 LENOVO TP-7B    00002190 INTL 20050513)
[    0.016103] ACPI: SSDT 0x00000000BF6F294A 0004F7 (v01 LENOVO TP-7B    00002190 INTL 20050513)
[    0.016112] ACPI: SSDT 0x00000000BF6F2E41 0001D8 (v01 LENOVO TP-7B    00002190 INTL 20050513)
[    0.016133] ACPI: Local APIC address 0xfee00000
[    0.016139] 2176MB HIGHMEM available.
[    0.016143] 885MB LOWMEM available.
[    0.016147]   mapped low ram: 0 - 375fe000
[    0.016151]   low ram: 0 - 375fe000
[    0.016162] BRK [0x055cf000, 0x055cffff] PGTABLE
[    0.016167] Zone ranges:
[    0.016170]   DMA      [mem 0x0000000000001000-0x0000000000ffffff]
[    0.016175]   Normal   [mem 0x0000000001000000-0x00000000375fdfff]
[    0.016180]   HighMem  [mem 0x00000000375fe000-0x00000000bf6cffff]
[    0.016185] Movable zone start for each node
[    0.016188] Early memory node ranges
[    0.016192]   node   0: [mem 0x0000000000001000-0x000000000009efff]
[    0.016196]   node   0: [mem 0x0000000000100000-0x00000000bf6cffff]
[    0.016201] Initmem setup node 0 [mem 0x0000000000001000-0x00000000bf6cffff]
[    0.016206] On node 0 totalpages: 783982
[    0.027584]   DMA zone: 32 pages used for memmap
[    0.027588]   DMA zone: 0 pages reserved
[    0.027591]   DMA zone: 3998 pages, LIFO batch:0
[    0.027701]   Normal zone: 1740 pages used for memmap
[    0.027704]   Normal zone: 222718 pages, LIFO batch:63
[    0.033361]   HighMem zone: 557266 pages, LIFO batch:63
[    0.047544] Using APIC driver default
[    0.047561] Reserving Intel graphics memory at [mem 0xbf800000-0xbfffffff]
[    0.048037] ACPI: PM-Timer IO Port: 0x1008
[    0.048042] ACPI: Local APIC address 0xfee00000
[    0.048054] ACPI: LAPIC_NMI (acpi_id[0x00] high edge lint[0x1])
[    0.048058] ACPI: LAPIC_NMI (acpi_id[0x01] high edge lint[0x1])
[    0.048084] IOAPIC[0]: apic_id 1, version 32, address 0xfec00000, GSI 0-23
[    0.048091] ACPI: INT_SRC_OVR (bus 0 bus_irq 0 global_irq 2 dfl dfl)
[    0.048097] ACPI: INT_SRC_OVR (bus 0 bus_irq 9 global_irq 9 high level)
[    0.048103] ACPI: IRQ0 used by override.
[    0.048106] ACPI: IRQ9 used by override.
[    0.048111] Using ACPI (MADT) for SMP configuration information
[    0.048116] ACPI: HPET id: 0x8086a201 base: 0xfed00000
[    0.048127] smpboot: Allowing 2 CPUs, 0 hotplug CPUs
[    0.048167] PM: Registered nosave memory: [mem 0x00000000-0x00000fff]
[    0.048173] PM: Registered nosave memory: [mem 0x0009f000-0x0009ffff]
[    0.048177] PM: Registered nosave memory: [mem 0x000a0000-0x000dbfff]
[    0.048180] PM: Registered nosave memory: [mem 0x000dc000-0x000fffff]
[    0.048189] [mem 0xc0000000-0xefffffff] available for PCI devices
[    0.048197] clocksource: refined-jiffies: mask: 0xffffffff max_cycles: 0xffffffff, max_idle_ns: 7645519600211568 ns
[    0.048212] setup_percpu: NR_CPUS:8 nr_cpumask_bits:8 nr_cpu_ids:2 nr_node_ids:1
[    0.048470] percpu: Embedded 36 pages/cpu s115112 r0 d32344 u147456
[    0.048483] pcpu-alloc: s115112 r0 d32344 u147456 alloc=36*4096
[    0.048487] pcpu-alloc: [0] 0 [0] 1 
[    0.048519] Built 1 zonelists, mobility grouping on.  Total pages: 782210
[    0.048528] Kernel command line: BOOT_IMAGE=(hd0,2)/fast/l/linux-next-32/arch/x86/boot/bzImage root=/dev/sda4 resume=/dev/sda1
[    0.048958] Dentry cache hash table entries: 131072 (order: 7, 524288 bytes, linear)
[    0.049076] Inode-cache hash table entries: 65536 (order: 6, 262144 bytes, linear)
[    0.049100] Initializing CPU#0
[    0.049109] mem auto-init: stack:off, heap alloc:off, heap free:off
[    0.081383] Initializing HighMem for node 0 (000375fe:000bf6d0)
[    0.436205] Initializing Movable for node 0 (00000000:00000000)
[    0.508093] Memory: 3022008K/3135928K available (12707K kernel code, 689K rwdata, 4936K rodata, 636K init, 2948K bss, 113920K reserved, 0K cma-reserved, 2229064K highmem)
[    0.508104] virtual kernel memory layout:
    fixmap  : 0xffe72000 - 0xfffff000   (1588 kB)
  cpu_entry : 0xffa00000 - 0xffb31000   (1220 kB)
    pkmap   : 0xff600000 - 0xff800000   (2048 kB)
    vmalloc : 0xf7dfe000 - 0xff5fe000   ( 120 MB)
    lowmem  : 0xc0000000 - 0xf75fe000   ( 885 MB)
      .init : 0xc5213000 - 0xc52b2000   ( 636 kB)
      .data : 0xc4c68d50 - 0xc51f0740   (5662 kB)
      .text : 0xc4000000 - 0xc4c68d50   (12707 kB)
[    0.508110] Checking if this processor honours the WP bit even in supervisor mode...Ok.
[    0.508180] random: get_random_u32 called from cache_alloc_refill+0x646/0xae0 with crng_init=0
[    0.509447] Kernel/User page tables isolation: enabled
[    0.509720] rcu: Preemptible hierarchical RCU implementation.
[    0.509724] rcu: 	RCU restricting CPUs from NR_CPUS=8 to nr_cpu_ids=2.
[    0.509728] 	Tasks RCU enabled.
[    0.509732] rcu: RCU calculated value of scheduler-enlistment delay is 25 jiffies.
[    0.509736] rcu: Adjusting geometry for rcu_fanout_leaf=16, nr_cpu_ids=2
[    0.509781] NR_IRQS: 2304, nr_irqs: 56, preallocated irqs: 16
[    0.512777] Console: colour VGA+ 80x25
[    0.521171] printk: console [tty0] enabled
[    0.521243] Lock dependency validator: Copyright (c) 2006 Red Hat, Inc., Ingo Molnar
[    0.521334] ... MAX_LOCKDEP_SUBCLASSES:  8
[    0.521407] ... MAX_LOCK_DEPTH:          48
[    0.521479] ... MAX_LOCKDEP_KEYS:        8192
[    0.521553] ... CLASSHASH_SIZE:          4096
[    0.521626] ... MAX_LOCKDEP_ENTRIES:     32768
[    0.521700] ... MAX_LOCKDEP_CHAINS:      65536
[    0.521774] ... CHAINHASH_SIZE:          32768
[    0.521849]  memory used by lock dependency info: 1797 kB
[    0.521928]  per task-struct memory footprint: 1344 bytes
[    0.522017] ACPI: Core revision 20190816
[    0.522438] clocksource: hpet: mask: 0xffffffff max_cycles: 0xffffffff, max_idle_ns: 133484882848 ns
[    0.522579] APIC: Switch to symmetric I/O mode setup
[    0.522656] Enabling APIC mode:  Flat.  Using 1 I/O APICs
[    0.523294] ..TIMER: vector=0x30 apic1=0 pin1=2 apic2=-1 pin2=-1
[    0.542575] clocksource: tsc-early: mask: 0xffffffffffffffff max_cycles: 0x1a5cba8cbc1, max_idle_ns: 440795267303 ns
[    0.542702] Calibrating delay loop (skipped), value calculated using timer frequency.. 3657.75 BogoMIPS (lpj=7315516)
[    0.542824] pid_max: default: 32768 minimum: 301
[    0.543155] Mount-cache hash table entries: 2048 (order: 1, 8192 bytes, linear)
[    0.543254] Mountpoint-cache hash table entries: 2048 (order: 1, 8192 bytes, linear)
[    0.543431] *** VALIDATE shmem ***
[    0.544033] *** VALIDATE proc ***
[    0.544198] *** VALIDATE cgroup1 ***
[    0.544272] *** VALIDATE cgroup2 ***
[    0.544419] Disabled fast string operations
[    0.544506] process: using mwait in idle threads
[    0.544590] Last level iTLB entries: 4KB 128, 2MB 0, 4MB 2
[    0.544672] Last level dTLB entries: 4KB 128, 2MB 0, 4MB 8, 1GB 0
[    0.544757] Spectre V1 : Mitigation: usercopy/swapgs barriers and __user pointer sanitization
[    0.544868] Spectre V2 : Mitigation: Full generic retpoline
[    0.544950] Spectre V2 : Spectre v2 / SpectreRSB mitigation: Filling RSB on context switch
[    0.545046] L1TF: System has more than MAX_PA/2 memory. L1TF mitigation not effective.
[    0.545140] L1TF: You may make it effective by booting the kernel with mem=2147483648 parameter.
[    0.545251] L1TF: However, doing so will make a part of your RAM unusable.
[    0.545338] L1TF: Reading https://www.kernel.org/doc/html/latest/admin-guide/hw-vuln/l1tf.html might help you decide.
[    0.545458] MDS: Vulnerable: Clear CPU buffers attempted, no microcode
[    0.545797] Freeing SMP alternatives memory: 44K
[    0.658627] smpboot: CPU0: Genuine Intel(R) CPU           T2400  @ 1.83GHz (family: 0x6, model: 0xe, stepping: 0x8)
[    0.678729] Performance Events: Core events, core PMU driver.
[    0.678823] ... version:                1
[    0.678897] ... bit width:              40
[    0.678970] ... generic registers:      2
[    0.679044] ... value mask:             000000ffffffffff
[    0.679124] ... max period:             000000007fffffff
[    0.679204] ... fixed-purpose events:   0
[    0.679278] ... event mask:             0000000000000003
[    0.686711] rcu: Hierarchical SRCU implementation.
[    0.698776] NMI watchdog: Enabled. Permanently consumes one hw-PMU counter.
[    0.706726] smp: Bringing up secondary CPUs ...
[    0.739192] x86: Booting SMP configuration:
[    0.739274] .... node  #0, CPUs:      #1
[    0.016599] Initializing CPU#1
[    0.016599] Disabled fast string operations
[    0.741702] TSC synchronization [CPU#0 -> CPU#1]:
[    0.742013] Measured 580118 cycles TSC warp between CPUs, turning off TSC clock.
[    0.742116] tsc: Marking TSC unstable due to check_tsc_sync_source failed
[    0.742293] smp: Brought up 1 node, 2 CPUs
[    0.742293] smpboot: Max logical packages: 1
[    0.742293] smpboot: Total of 2 processors activated (7315.51 BogoMIPS)
[    0.744317] devtmpfs: initialized
[    0.744317] PM: Registering ACPI NVS region [mem 0xbf6df000-0xbf6fffff] (135168 bytes)
[    0.746800] clocksource: jiffies: mask: 0xffffffff max_cycles: 0xffffffff, max_idle_ns: 7645041785100000 ns
[    0.746837] futex hash table entries: 512 (order: 3, 32768 bytes, linear)
[    0.747104] *** VALIDATE debugfs ***
[    0.747667] NET: Registered protocol family 16
[    0.748821] cpuidle: using governor ladder
[    0.748821] cpuidle: using governor menu
[    0.748821] Simple Boot Flag at 0x35 set to 0x1
[    0.748821] ACPI FADT declares the system doesn't support PCIe ASPM, so disable it
[    0.748821] ACPI: bus type PCI registered
[    0.748821] PCI: MMCONFIG for domain 0000 [bus 00-3f] at [mem 0xf0000000-0xf3ffffff] (base 0xf0000000)
[    0.748821] PCI: MMCONFIG at [mem 0xf0000000-0xf3ffffff] reserved in E820
[    0.748821] PCI: Using MMCONFIG for extended config space
[    0.748821] PCI: Using configuration type 1 for base access
[    0.750907] mtrr: your CPUs had inconsistent variable MTRR settings
[    0.750993] mtrr: probably your BIOS does not setup all CPUs.
[    0.751075] mtrr: corrected configuration.
[    0.819010] ACPI: Added _OSI(Module Device)
[    0.819093] ACPI: Added _OSI(Processor Device)
[    0.819171] ACPI: Added _OSI(3.0 _SCP Extensions)
[    0.822720] ACPI: Added _OSI(Processor Aggregator Device)
[    0.822720] ACPI: Added _OSI(Linux-Dell-Video)
[    0.822720] ACPI: Added _OSI(Linux-Lenovo-NV-HDMI-Audio)
[    0.822720] ACPI: Added _OSI(Linux-HPI-Hybrid-Graphics)
[    0.887015] ACPI: 6 ACPI AML tables successfully acquired and loaded
[    0.891207] ACPI: EC: EC started
[    0.891279] ACPI: EC: interrupt blocked
[    0.896303] ACPI: \: Used as first EC
[    0.896380] ACPI: \: GPE=0x1c, EC_CMD/EC_SC=0x66, EC_DATA=0x62
[    0.896463] ACPI: EC: Boot ECDT EC used to handle transactions
[    0.915160] ACPI: Dynamic OEM Table Load:
[    0.915251] ACPI: SSDT 0x00000000F19EBC00 000240 (v01 PmRef  Cpu0Ist  00000100 INTL 20050513)
[    0.919393] ACPI: Dynamic OEM Table Load:
[    0.919482] ACPI: SSDT 0x00000000F19C8000 00065A (v01 PmRef  Cpu0Cst  00000100 INTL 20050513)
[    0.925932] ACPI: Dynamic OEM Table Load:
[    0.926021] ACPI: SSDT 0x00000000F1B77100 0000C8 (v01 PmRef  Cpu1Ist  00000100 INTL 20050513)
[    0.929481] ACPI: Dynamic OEM Table Load:
[    0.929569] ACPI: SSDT 0x00000000F18BF240 000085 (v01 PmRef  Cpu1Cst  00000100 INTL 20050513)
[    0.933565] ACPI: Interpreter enabled
[    0.933711] ACPI: (supports S0 S3 S4 S5)
[    0.933791] ACPI: Using IOAPIC for interrupt routing
[    0.933989] PCI: Using host bridge windows from ACPI; if necessary, use "pci=nocrs" and report a bug
[    0.935077] ACPI: Enabled 4 GPEs in block 00 to 1F
[    0.958489] ACPI: Power Resource [PUBS] (on)
[    0.959615] acpi PNP0C0A:01: ACPI dock station (docks/bays count: 1)
[    0.967270] acpi LNXIOBAY:00: ACPI dock station (docks/bays count: 2)
[    0.981663] acpi IBM0079:00: ACPI dock station (docks/bays count: 3)
[    0.984087] ACPI: PCI Interrupt Link [LNKA] (IRQs 3 4 5 6 7 9 10 *11)
[    0.984945] ACPI: PCI Interrupt Link [LNKB] (IRQs 3 4 5 6 7 9 10 *11)
[    0.985801] ACPI: PCI Interrupt Link [LNKC] (IRQs 3 4 5 6 7 9 10 *11)
[    0.986657] ACPI: PCI Interrupt Link [LNKD] (IRQs 3 4 5 6 7 9 10 *11)
[    0.987461] ACPI: PCI Interrupt Link [LNKE] (IRQs 3 4 5 6 7 9 10 *11)
[    0.988316] ACPI: PCI Interrupt Link [LNKF] (IRQs 3 4 5 6 7 9 10 *11)
[    0.989172] ACPI: PCI Interrupt Link [LNKG] (IRQs 3 4 5 6 7 9 10 *11)
[    0.990027] ACPI: PCI Interrupt Link [LNKH] (IRQs 3 4 5 6 7 9 10 *11)
[    0.990547] ACPI: PCI Root Bridge [PCI0] (domain 0000 [bus 00-ff])
[    0.990716] acpi PNP0A08:00: _OSC: OS supports [ExtendedConfig ASPM ClockPM Segments HPX-Type3]
[    0.991803] acpi PNP0A08:00: _OSC: not requesting OS control; OS requires [ExtendedConfig ASPM ClockPM MSI]
[    0.991937] acpi PNP0A08:00: [Firmware Info]: MMCONFIG for domain 0000 [bus 00-3f] only partially covers this bridge
[    0.992296] PCI host bridge to bus 0000:00
[    0.992377] pci_bus 0000:00: root bus resource [io  0x0000-0x0cf7 window]
[    0.992470] pci_bus 0000:00: root bus resource [io  0x0d00-0xffff window]
[    0.992564] pci_bus 0000:00: root bus resource [mem 0x000a0000-0x000bffff window]
[    0.992661] pci_bus 0000:00: root bus resource [mem 0x000d0000-0x000d3fff window]
[    0.992757] pci_bus 0000:00: root bus resource [mem 0x000d4000-0x000d7fff window]
[    0.992854] pci_bus 0000:00: root bus resource [mem 0x000d8000-0x000dbfff window]
[    0.992951] pci_bus 0000:00: root bus resource [mem 0xc0000000-0xfebfffff window]
[    0.993048] pci_bus 0000:00: root bus resource [mem 0xfed40000-0xfed40fff window]
[    0.993145] pci_bus 0000:00: root bus resource [bus 00-ff]
[    0.993280] pci 0000:00:00.0: [8086:27a0] type 00 class 0x060000
[    0.993822] pci 0000:00:02.0: [8086:27a2] type 00 class 0x030000
[    0.993929] pci 0000:00:02.0: reg 0x10: [mem 0xee100000-0xee17ffff]
[    0.994025] pci 0000:00:02.0: reg 0x14: [io  0x1800-0x1807]
[    0.994118] pci 0000:00:02.0: reg 0x18: [mem 0xd0000000-0xdfffffff pref]
[    0.994216] pci 0000:00:02.0: reg 0x1c: [mem 0xee200000-0xee23ffff]
[    0.994876] pci 0000:00:02.1: [8086:27a6] type 00 class 0x038000
[    0.994981] pci 0000:00:02.1: reg 0x10: [mem 0xee180000-0xee1fffff]
[    0.995556] pci 0000:00:1b.0: [8086:27d8] type 00 class 0x040300
[    0.995685] pci 0000:00:1b.0: reg 0x10: [mem 0xee240000-0xee243fff 64bit]
[    0.995938] pci 0000:00:1b.0: PME# supported from D0 D3hot D3cold
[    0.996573] pci 0000:00:1c.0: [8086:27d0] type 01 class 0x060400
[    0.996852] pci 0000:00:1c.0: PME# supported from D0 D3hot D3cold
[    0.997469] pci 0000:00:1c.1: [8086:27d2] type 01 class 0x060400
[    0.997749] pci 0000:00:1c.1: PME# supported from D0 D3hot D3cold
[    0.998369] pci 0000:00:1c.2: [8086:27d4] type 01 class 0x060400
[    0.998651] pci 0000:00:1c.2: PME# supported from D0 D3hot D3cold
[    0.999236] pci 0000:00:1c.3: [8086:27d6] type 01 class 0x060400
[    0.999515] pci 0000:00:1c.3: PME# supported from D0 D3hot D3cold
[    1.000156] pci 0000:00:1d.0: [8086:27c8] type 00 class 0x0c0300
[    1.000318] pci 0000:00:1d.0: reg 0x20: [io  0x1820-0x183f]
[    1.000939] pci 0000:00:1d.1: [8086:27c9] type 00 class 0x0c0300
[    1.001102] pci 0000:00:1d.1: reg 0x20: [io  0x1840-0x185f]
[    1.001727] pci 0000:00:1d.2: [8086:27ca] type 00 class 0x0c0300
[    1.001889] pci 0000:00:1d.2: reg 0x20: [io  0x1860-0x187f]
[    1.002509] pci 0000:00:1d.3: [8086:27cb] type 00 class 0x0c0300
[    1.002724] pci 0000:00:1d.3: reg 0x20: [io  0x1880-0x189f]
[    1.003342] pci 0000:00:1d.7: [8086:27cc] type 00 class 0x0c0320
[    1.003463] pci 0000:00:1d.7: reg 0x10: [mem 0xee444000-0xee4443ff]
[    1.003689] pci 0000:00:1d.7: PME# supported from D0 D3hot D3cold
[    1.004278] pci 0000:00:1e.0: [8086:2448] type 01 class 0x060401
[    1.004991] pci 0000:00:1f.0: [8086:27b9] type 00 class 0x060100
[    1.005232] pci 0000:00:1f.0: quirk: [io  0x1000-0x107f] claimed by ICH6 ACPI/GPIO/TCO
[    1.005337] pci 0000:00:1f.0: quirk: [io  0x1180-0x11bf] claimed by ICH6 GPIO
[    1.005434] pci 0000:00:1f.0: ICH7 LPC Generic IO decode 1 PIO at 1600 (mask 007f)
[    1.005533] pci 0000:00:1f.0: ICH7 LPC Generic IO decode 2 PIO at 15e0 (mask 000f)
[    1.005633] pci 0000:00:1f.0: ICH7 LPC Generic IO decode 3 PIO at 1680 (mask 001f)
[    1.006251] pci 0000:00:1f.1: [8086:27df] type 00 class 0x01018a
[    1.006366] pci 0000:00:1f.1: reg 0x10: [io  0x0000-0x0007]
[    1.006464] pci 0000:00:1f.1: reg 0x14: [io  0x0000-0x0003]
[    1.006561] pci 0000:00:1f.1: reg 0x18: [io  0x0000-0x0007]
[    1.006659] pci 0000:00:1f.1: reg 0x1c: [io  0x0000-0x0003]
[    1.006719] pci 0000:00:1f.1: reg 0x20: [io  0x1810-0x181f]
[    1.006834] pci 0000:00:1f.1: legacy IDE quirk: reg 0x10: [io  0x01f0-0x01f7]
[    1.006928] pci 0000:00:1f.1: legacy IDE quirk: reg 0x14: [io  0x03f6]
[    1.007019] pci 0000:00:1f.1: legacy IDE quirk: reg 0x18: [io  0x0170-0x0177]
[    1.007113] pci 0000:00:1f.1: legacy IDE quirk: reg 0x1c: [io  0x0376]
[    1.007705] pci 0000:00:1f.2: [8086:27c5] type 00 class 0x010601
[    1.007825] pci 0000:00:1f.2: reg 0x10: [io  0x18d0-0x18d7]
[    1.007923] pci 0000:00:1f.2: reg 0x14: [io  0x18c4-0x18c7]
[    1.008020] pci 0000:00:1f.2: reg 0x18: [io  0x18c8-0x18cf]
[    1.008118] pci 0000:00:1f.2: reg 0x1c: [io  0x18c0-0x18c3]
[    1.008215] pci 0000:00:1f.2: reg 0x20: [io  0x18b0-0x18bf]
[    1.008313] pci 0000:00:1f.2: reg 0x24: [mem 0xee444400-0xee4447ff]
[    1.008483] pci 0000:00:1f.2: PME# supported from D3hot
[    1.009070] pci 0000:00:1f.3: [8086:27da] type 00 class 0x0c0500
[    1.009252] pci 0000:00:1f.3: reg 0x20: [io  0x18e0-0x18ff]
[    1.010096] pci 0000:02:00.0: [8086:109a] type 00 class 0x020000
[    1.010308] pci 0000:02:00.0: reg 0x10: [mem 0xee000000-0xee01ffff]
[    1.010501] pci 0000:02:00.0: reg 0x18: [io  0x2000-0x201f]
[    1.010956] pci 0000:02:00.0: PME# supported from D0 D3hot D3cold
[    1.011489] pci 0000:00:1c.0: PCI bridge to [bus 02]
[    1.011576] pci 0000:00:1c.0:   bridge window [io  0x2000-0x2fff]
[    1.011668] pci 0000:00:1c.0:   bridge window [mem 0xee000000-0xee0fffff]
[    1.012015] pci 0000:03:00.0: [8086:4227] type 00 class 0x028000
[    1.012248] pci 0000:03:00.0: reg 0x10: [mem 0xedf00000-0xedf00fff]
[    1.012889] pci 0000:03:00.0: PME# supported from D0 D3hot D3cold
[    1.013452] pci 0000:00:1c.1: PCI bridge to [bus 03]
[    1.013539] pci 0000:00:1c.1:   bridge window [io  0x3000-0x4fff]
[    1.013631] pci 0000:00:1c.1:   bridge window [mem 0xec000000-0xedffffff]
[    1.013730] pci 0000:00:1c.1:   bridge window [mem 0xe4000000-0xe40fffff 64bit pref]
[    1.013968] pci 0000:00:1c.2: PCI bridge to [bus 04-0b]
[    1.014056] pci 0000:00:1c.2:   bridge window [io  0x5000-0x6fff]
[    1.014148] pci 0000:00:1c.2:   bridge window [mem 0xe8000000-0xe9ffffff]
[    1.014248] pci 0000:00:1c.2:   bridge window [mem 0xe4100000-0xe41fffff 64bit pref]
[    1.014483] pci 0000:00:1c.3: PCI bridge to [bus 0c-13]
[    1.014571] pci 0000:00:1c.3:   bridge window [io  0x7000-0x8fff]
[    1.014663] pci 0000:00:1c.3:   bridge window [mem 0xea000000-0xebffffff]
[    1.014713] pci 0000:00:1c.3:   bridge window [mem 0xe4200000-0xe42fffff 64bit pref]
[    1.014847] pci_bus 0000:15: extended config space not accessible
[    1.015047] pci 0000:15:00.0: [1180:0476] type 02 class 0x060700
[    1.015163] pci 0000:15:00.0: reg 0x10: [mem 0xe4300000-0xe4300fff]
[    1.015321] pci 0000:15:00.0: supports D1 D2
[    1.015400] pci 0000:15:00.0: PME# supported from D0 D1 D2 D3hot D3cold
[    1.015835] pci 0000:15:00.1: [1180:0552] type 00 class 0x0c0010
[    1.015950] pci 0000:15:00.1: reg 0x10: [mem 0xe4301000-0xe43017ff]
[    1.016182] pci 0000:15:00.1: PME# supported from D0 D3hot D3cold
[    1.016472] pci 0000:15:00.2: [1180:0822] type 00 class 0x080500
[    1.016586] pci 0000:15:00.2: reg 0x10: [mem 0xe4301800-0xe43018ff]
[    1.016819] pci 0000:15:00.2: supports D1 D2
[    1.016898] pci 0000:15:00.2: PME# supported from D0 D1 D2 D3hot D3cold
[    1.017254] pci 0000:00:1e.0: PCI bridge to [bus 15-18] (subtractive decode)
[    1.017353] pci 0000:00:1e.0:   bridge window [io  0x9000-0xcfff]
[    1.017445] pci 0000:00:1e.0:   bridge window [mem 0xe4300000-0xe7ffffff]
[    1.017544] pci 0000:00:1e.0:   bridge window [mem 0xe0000000-0xe3ffffff 64bit pref]
[    1.017643] pci 0000:00:1e.0:   bridge window [io  0x0000-0x0cf7 window] (subtractive decode)
[    1.017759] pci 0000:00:1e.0:   bridge window [io  0x0d00-0xffff window] (subtractive decode)
[    1.017875] pci 0000:00:1e.0:   bridge window [mem 0x000a0000-0x000bffff window] (subtractive decode)
[    1.018708] pci 0000:00:1e.0:   bridge window [mem 0x000d0000-0x000d3fff window] (subtractive decode)
[    1.018828] pci 0000:00:1e.0:   bridge window [mem 0x000d4000-0x000d7fff window] (subtractive decode)
[    1.018949] pci 0000:00:1e.0:   bridge window [mem 0x000d8000-0x000dbfff window] (subtractive decode)
[    1.019069] pci 0000:00:1e.0:   bridge window [mem 0xc0000000-0xfebfffff window] (subtractive decode)
[    1.019188] pci 0000:00:1e.0:   bridge window [mem 0xfed40000-0xfed40fff window] (subtractive decode)
[    1.019349] pci_bus 0000:16: extended config space not accessible
[    1.019528] pci_bus 0000:16: busn_res: [bus 16-18] end is updated to 17
[    1.019670] pci_bus 0000:00: on NUMA node 0
[    1.026474] ACPI: EC: interrupt unblocked
[    1.026570] ACPI: EC: event unblocked
[    1.026656] ACPI: \_SB_.PCI0.LPC_.EC__: GPE=0x1c, EC_CMD/EC_SC=0x66, EC_DATA=0x62
[    1.026717] ACPI: \_SB_.PCI0.LPC_.EC__: Boot DSDT EC used to handle transactions and events
[    1.027584] pci 0000:00:02.0: vgaarb: setting as boot VGA device
[    1.027674] pci 0000:00:02.0: vgaarb: VGA device added: decodes=io+mem,owns=io+mem,locks=none
[    1.027809] pci 0000:00:02.0: vgaarb: bridge control possible
[    1.027891] vgaarb: loaded
[    1.028579] SCSI subsystem initialized
[    1.028919] libata version 3.00 loaded.
[    1.029110] ACPI: bus type USB registered
[    1.029295] usbcore: registered new interface driver usbfs
[    1.029437] usbcore: registered new interface driver hub
[    1.029593] usbcore: registered new device driver usb
[    1.029786] mc: Linux media interface: v0.10
[    1.029908] videodev: Linux video capture interface: v2.00
[    1.030062] pps_core: LinuxPPS API ver. 1 registered
[    1.030141] pps_core: Software ver. 5.3.6 - Copyright 2005-2007 Rodolfo Giometti <giometti@linux.it>
[    1.030288] PTP clock support registered
[    1.031341] EDAC MC: Ver: 3.0.0
[    1.031933] Advanced Linux Sound Architecture Driver Initialized.
[    1.031933] PCI: Using ACPI for IRQ routing
[    1.032274] PCI: pci_cache_line_size set to 64 bytes
[    1.032601] e820: reserve RAM buffer [mem 0x0009f000-0x0009ffff]
[    1.032614] e820: reserve RAM buffer [mem 0xbf6d0000-0xbfffffff]
[    1.034890] Bluetooth: Core ver 2.22
[    1.034890] NET: Registered protocol family 31
[    1.034890] Bluetooth: HCI device and connection manager initialized
[    1.034890] Bluetooth: HCI socket layer initialized
[    1.034890] Bluetooth: L2CAP socket layer initialized
[    1.034890] Bluetooth: SCO socket layer initialized
[    1.034890] clocksource: Switched to clocksource hpet
[    1.036352] *** VALIDATE ramfs ***
[    1.036541] pnp: PnP ACPI init
[    1.039600] system 00:00: [mem 0x00000000-0x0009ffff] could not be reserved
[    1.039700] system 00:00: [mem 0x000c0000-0x000c3fff] could not be reserved
[    1.039798] system 00:00: [mem 0x000c4000-0x000c7fff] could not be reserved
[    1.039894] system 00:00: [mem 0x000c8000-0x000cbfff] has been reserved
[    1.039987] system 00:00: [mem 0x000cc000-0x000cffff] has been reserved
[    1.040082] system 00:00: [mem 0x000dc000-0x000dffff] could not be reserved
[    1.040179] system 00:00: [mem 0x000e0000-0x000e3fff] could not be reserved
[    1.040277] system 00:00: [mem 0x000e4000-0x000e7fff] could not be reserved
[    1.040375] system 00:00: [mem 0x000e8000-0x000ebfff] could not be reserved
[    1.040472] system 00:00: [mem 0x000ec000-0x000effff] could not be reserved
[    1.040569] system 00:00: [mem 0x000f0000-0x000fffff] could not be reserved
[    1.040667] system 00:00: [mem 0x00100000-0xbfffffff] could not be reserved
[    1.040764] system 00:00: [mem 0xfec00000-0xfed3ffff] could not be reserved
[    1.040861] system 00:00: [mem 0xfed41000-0xffffffff] could not be reserved
[    1.041003] system 00:00: Plug and Play ACPI device, IDs PNP0c01 (active)
[    1.041481] system 00:01: [io  0x164e-0x164f] has been reserved
[    1.041574] system 00:01: [io  0x1000-0x107f] has been reserved
[    1.041665] system 00:01: [io  0x1180-0x11bf] has been reserved
[    1.041765] system 00:01: [io  0x0800-0x080f] has been reserved
[    1.041855] system 00:01: [io  0x15e0-0x15ef] has been reserved
[    1.041947] system 00:01: [io  0x1600-0x165f] could not be reserved
[    1.042039] system 00:01: [mem 0xf0000000-0xf3ffffff] has been reserved
[    1.042133] system 00:01: [mem 0xfed1c000-0xfed1ffff] has been reserved
[    1.042227] system 00:01: [mem 0xfed14000-0xfed17fff] has been reserved
[    1.042321] system 00:01: [mem 0xfed18000-0xfed18fff] has been reserved
[    1.042415] system 00:01: [mem 0xfed19000-0xfed19fff] has been reserved
[    1.042540] system 00:01: Plug and Play ACPI device, IDs PNP0c02 (active)
[    1.043062] pnp 00:02: Plug and Play ACPI device, IDs PNP0b00 (active)
[    1.043195] pnp 00:03: Plug and Play ACPI device, IDs PNP0303 (active)
[    1.043322] pnp 00:04: Plug and Play ACPI device, IDs IBM3780 PNP0f13 (active)
[    1.044057] pnp 00:05: [dma 3]
[    1.044252] pnp 00:05: Plug and Play ACPI device, IDs IBM0071 PNP0511 (active)
[    1.044476] pnp 00:06: Plug and Play ACPI device, IDs ATM1200 PNP0c31 (active)
[    1.046913] pnp: PnP ACPI: found 7 devices
[    1.057632] thermal_sys: Registered thermal governor 'step_wise'
[    1.092237] clocksource: acpi_pm: mask: 0xffffff max_cycles: 0xffffff, max_idle_ns: 2085701024 ns
[    1.092454] pci 0000:00:1c.0: bridge window [mem 0x00100000-0x000fffff 64bit pref] to [bus 02] add_size 200000 add_align 100000
[    1.092621] pci 0000:00:1c.0: BAR 9: assigned [mem 0xc0000000-0xc01fffff 64bit pref]
[    1.092720] pci 0000:00:1c.0: PCI bridge to [bus 02]
[    1.092802] pci 0000:00:1c.0:   bridge window [io  0x2000-0x2fff]
[    1.092892] pci 0000:00:1c.0:   bridge window [mem 0xee000000-0xee0fffff]
[    1.092985] pci 0000:00:1c.0:   bridge window [mem 0xc0000000-0xc01fffff 64bit pref]
[    1.093085] pci 0000:00:1c.1: PCI bridge to [bus 03]
[    1.093167] pci 0000:00:1c.1:   bridge window [io  0x3000-0x4fff]
[    1.093257] pci 0000:00:1c.1:   bridge window [mem 0xec000000-0xedffffff]
[    1.093349] pci 0000:00:1c.1:   bridge window [mem 0xe4000000-0xe40fffff 64bit pref]
[    1.093450] pci 0000:00:1c.2: PCI bridge to [bus 04-0b]
[    1.093533] pci 0000:00:1c.2:   bridge window [io  0x5000-0x6fff]
[    1.093624] pci 0000:00:1c.2:   bridge window [mem 0xe8000000-0xe9ffffff]
[    1.093716] pci 0000:00:1c.2:   bridge window [mem 0xe4100000-0xe41fffff 64bit pref]
[    1.093816] pci 0000:00:1c.3: PCI bridge to [bus 0c-13]
[    1.093899] pci 0000:00:1c.3:   bridge window [io  0x7000-0x8fff]
[    1.093989] pci 0000:00:1c.3:   bridge window [mem 0xea000000-0xebffffff]
[    1.094081] pci 0000:00:1c.3:   bridge window [mem 0xe4200000-0xe42fffff 64bit pref]
[    1.094193] pci 0000:15:00.0: BAR 9: assigned [mem 0xe0000000-0xe3ffffff pref]
[    1.094289] pci 0000:15:00.0: BAR 10: assigned [mem 0xc4000000-0xc7ffffff]
[    1.094379] pci 0000:15:00.0: BAR 7: assigned [io  0x9000-0x90ff]
[    1.094465] pci 0000:15:00.0: BAR 8: assigned [io  0x9400-0x94ff]
[    1.094559] pci 0000:15:00.0: CardBus bridge to [bus 16-17]
[    1.094642] pci 0000:15:00.0:   bridge window [io  0x9000-0x90ff]
[    1.094747] pci 0000:15:00.0:   bridge window [io  0x9400-0x94ff]
[    1.094836] pci 0000:15:00.0:   bridge window [mem 0xe0000000-0xe3ffffff pref]
[    1.094930] pci 0000:15:00.0:   bridge window [mem 0xc4000000-0xc7ffffff]
[    1.095023] pci 0000:00:1e.0: PCI bridge to [bus 15-18]
[    1.095106] pci 0000:00:1e.0:   bridge window [io  0x9000-0xcfff]
[    1.095197] pci 0000:00:1e.0:   bridge window [mem 0xe4300000-0xe7ffffff]
[    1.095289] pci 0000:00:1e.0:   bridge window [mem 0xe0000000-0xe3ffffff 64bit pref]
[    1.095390] pci_bus 0000:00: resource 4 [io  0x0000-0x0cf7 window]
[    1.095476] pci_bus 0000:00: resource 5 [io  0x0d00-0xffff window]
[    1.095562] pci_bus 0000:00: resource 6 [mem 0x000a0000-0x000bffff window]
[    1.095652] pci_bus 0000:00: resource 7 [mem 0x000d0000-0x000d3fff window]
[    1.095741] pci_bus 0000:00: resource 8 [mem 0x000d4000-0x000d7fff window]
[    1.095830] pci_bus 0000:00: resource 9 [mem 0x000d8000-0x000dbfff window]
[    1.095920] pci_bus 0000:00: resource 10 [mem 0xc0000000-0xfebfffff window]
[    1.096010] pci_bus 0000:00: resource 11 [mem 0xfed40000-0xfed40fff window]
[    1.096100] pci_bus 0000:02: resource 0 [io  0x2000-0x2fff]
[    1.096183] pci_bus 0000:02: resource 1 [mem 0xee000000-0xee0fffff]
[    1.096270] pci_bus 0000:02: resource 2 [mem 0xc0000000-0xc01fffff 64bit pref]
[    1.096361] pci_bus 0000:03: resource 0 [io  0x3000-0x4fff]
[    1.096444] pci_bus 0000:03: resource 1 [mem 0xec000000-0xedffffff]
[    1.096530] pci_bus 0000:03: resource 2 [mem 0xe4000000-0xe40fffff 64bit pref]
[    1.096622] pci_bus 0000:04: resource 0 [io  0x5000-0x6fff]
[    1.096705] pci_bus 0000:04: resource 1 [mem 0xe8000000-0xe9ffffff]
[    1.096791] pci_bus 0000:04: resource 2 [mem 0xe4100000-0xe41fffff 64bit pref]
[    1.096882] pci_bus 0000:0c: resource 0 [io  0x7000-0x8fff]
[    1.096965] pci_bus 0000:0c: resource 1 [mem 0xea000000-0xebffffff]
[    1.097051] pci_bus 0000:0c: resource 2 [mem 0xe4200000-0xe42fffff 64bit pref]
[    1.097142] pci_bus 0000:15: resource 0 [io  0x9000-0xcfff]
[    1.097225] pci_bus 0000:15: resource 1 [mem 0xe4300000-0xe7ffffff]
[    1.097311] pci_bus 0000:15: resource 2 [mem 0xe0000000-0xe3ffffff 64bit pref]
[    1.097402] pci_bus 0000:15: resource 4 [io  0x0000-0x0cf7 window]
[    1.097488] pci_bus 0000:15: resource 5 [io  0x0d00-0xffff window]
[    1.097574] pci_bus 0000:15: resource 6 [mem 0x000a0000-0x000bffff window]
[    1.097664] pci_bus 0000:15: resource 7 [mem 0x000d0000-0x000d3fff window]
[    1.097754] pci_bus 0000:15: resource 8 [mem 0x000d4000-0x000d7fff window]
[    1.097843] pci_bus 0000:15: resource 9 [mem 0x000d8000-0x000dbfff window]
[    1.097933] pci_bus 0000:15: resource 10 [mem 0xc0000000-0xfebfffff window]
[    1.098023] pci_bus 0000:15: resource 11 [mem 0xfed40000-0xfed40fff window]
[    1.098113] pci_bus 0000:16: resource 0 [io  0x9000-0x90ff]
[    1.098195] pci_bus 0000:16: resource 1 [io  0x9400-0x94ff]
[    1.098279] pci_bus 0000:16: resource 2 [mem 0xe0000000-0xe3ffffff pref]
[    1.098367] pci_bus 0000:16: resource 3 [mem 0xc4000000-0xc7ffffff]
[    1.098935] NET: Registered protocol family 2
[    1.099514] tcp_listen_portaddr_hash hash table entries: 512 (order: 2, 20480 bytes, linear)
[    1.099668] TCP established hash table entries: 8192 (order: 3, 32768 bytes, linear)
[    1.099826] TCP bind hash table entries: 8192 (order: 6, 294912 bytes, linear)
[    1.100394] TCP: Hash tables configured (established 8192 bind 8192)
[    1.100794] UDP hash table entries: 512 (order: 3, 40960 bytes, linear)
[    1.100954] UDP-Lite hash table entries: 512 (order: 3, 40960 bytes, linear)
[    1.101239] NET: Registered protocol family 1
[    1.101943] RPC: Registered named UNIX socket transport module.
[    1.102031] RPC: Registered udp transport module.
[    1.102111] RPC: Registered tcp transport module.
[    1.102191] RPC: Registered tcp NFSv4.1 backchannel transport module.
[    1.106797] pci 0000:00:02.0: Video device with shadowed ROM at [mem 0x000c0000-0x000dffff]
[    1.110226] pci 0000:15:00.0: CLS mismatch (64 != 32), using 64 bytes
[    1.110428] PCI-DMA: Using software bounce buffering for IO (SWIOTLB)
[    1.110516] software IO TLB: mapped [mem 0x31d02000-0x35d02000] (64MB)
[    1.113472] Initialise system trusted keyrings
[    1.113716] workingset: timestamp_bits=30 max_order=20 bucket_order=0
[    1.114148] *** VALIDATE devpts ***
[    1.115519] *** VALIDATE coda ***
[    1.120105] Installing knfsd (copyright (C) 1996 okir@monad.swb.de).
[    1.120814] ntfs: driver 2.1.32 [Flags: R/W].
[    1.121118] *** VALIDATE autofs ***
[    1.121194] fuse: init (API version 7.31)
[    1.121280] *** VALIDATE fuse ***
[    1.121352] *** VALIDATE fuse ***
[    1.130632] Key type asymmetric registered
[    1.130844] Asymmetric key parser 'x509' registered
[    1.131055] bounce: pool size: 64 pages
[    1.131201] Block layer SCSI generic (bsg) driver version 0.4 loaded (major 249)
[    1.131309] io scheduler mq-deadline registered
[    1.131424] io scheduler bfq registered
[    1.134395] intel_idle: does not run on family 6 model 14
[    1.134870] ACPI: Deprecated procfs I/F for AC is loaded, please retry with CONFIG_ACPI_PROCFS_POWER cleared
[    1.135349] ACPI: AC Adapter [AC] (on-line)
[    1.135730] input: Lid Switch as /devices/LNXSYSTM:00/LNXSYBUS:00/PNP0C0D:00/input/input0
[    1.142975] ACPI: Lid Switch [LID]
[    1.143244] input: Sleep Button as /devices/LNXSYSTM:00/LNXSYBUS:00/PNP0C0E:00/input/input1
[    1.146857] ACPI: Sleep Button [SLPB]
[    1.147168] input: Power Button as /devices/LNXSYSTM:00/LNXPWRBN:00/input/input2
[    1.151001] ACPI: Power Button [PWRF]
[    1.151642] ACPI: Video Device [VID] (multi-head: yes  rom: no  post: no)
[    1.159799] acpi device:01: registered as cooling_device0
[    1.160275] input: Video Bus as /devices/LNXSYSTM:00/LNXSYBUS:00/PNP0A08:00/LNXVIDEO:00/input/input3
[    1.176490] thermal LNXTHERM:00: registered as thermal_zone0
[    1.176579] ACPI: Thermal Zone [THM0] (81 C)
[    1.180419] thermal LNXTHERM:01: registered as thermal_zone1
[    1.180506] ACPI: Thermal Zone [THM1] (79 C)
[    1.181273] Serial: 8250/16550 driver, 4 ports, IRQ sharing disabled
[    1.182032] serial8250: ttyS1 at I/O 0x2f8 (irq = 3, base_baud = 921600) is a NS16550A
[    1.184369] lp: driver loaded but no devices found
[    1.184720] Non-volatile memory driver v1.3
[    1.185083] intel_rng: FWH not detected
[    1.185271] Linux agpgart interface v0.103
[    1.186037] [drm] radeon kernel modesetting enabled.
[    1.187810] pci 0000:00:00.0: Intel 945GM Chipset
[    1.187953] pci 0000:00:00.0: detected gtt size: 262144K total, 262144K mappable
[    1.188723] pci 0000:00:00.0: detected 8192K stolen memory
[    1.189017] i915 0000:00:02.0: vgaarb: deactivate vga console
[    1.190299] Console: switching to colour dummy device 80x25
[    1.192176] [drm] Supports vblank timestamp caching Rev 2 (21.10.2013).
[    1.192214] [drm] Driver supports precise vblank timestamp query.
[    1.192263] resource sanity check: requesting [mem 0x000c0000-0x000dffff], which spans more than pnp 00:00 [mem 0x000c8000-0x000cbfff]
[    1.192335] caller pci_map_rom+0x6f/0x174 mapping multiple BARs
[    1.194060] i915 0000:00:02.0: vgaarb: changed VGA decodes: olddecodes=io+mem,decodes=io+mem:owns=io+mem
[    1.212256] random: fast init done
[    1.215222] battery: ACPI: Deprecated procfs I/F for battery is loaded, please retry with CONFIG_ACPI_PROCFS_POWER cleared
[    1.215305] battery: ACPI: Battery Slot [BAT0] (battery present)
[    1.219687] [drm] RC6 disabled, disabling runtime PM support
[    1.220070] [drm] Initialized overlay support.
[    1.221747] [drm] Initialized i915 1.6.0 20190822 for 0000:00:02.0 on minor 0
[    1.222841] usbcore: registered new interface driver udl
[    1.236392] fbcon: i915drmfb (fb0) is primary device
[    1.238012] loop: module loaded
[    1.260834] ahci 0000:00:1f.2: version 3.0
[    1.261569] ahci 0000:00:1f.2: AHCI 0001.0100 32 slots 4 ports 1.5 Gbps 0x1 impl SATA mode
[    1.261574] ahci 0000:00:1f.2: flags: 64bit ncq pm led clo pio slum part 
[    1.263937] scsi host0: ahci
[    1.264565] scsi host1: ahci
[    1.265107] scsi host2: ahci
[    1.265613] scsi host3: ahci
[    1.265919] ata1: SATA max UDMA/133 abar m1024@0xee444400 port 0xee444500 irq 16
[    1.265921] ata2: DUMMY
[    1.265923] ata3: DUMMY
[    1.265925] ata4: DUMMY
[    1.266091] ata_piix 0000:00:1f.1: version 2.13
[    1.273162] scsi host4: ata_piix
[    1.273786] scsi host5: ata_piix
[    1.274011] ata5: PATA max UDMA/100 cmd 0x1f0 ctl 0x3f6 bmdma 0x1810 irq 14
[    1.274013] ata6: PATA max UDMA/100 cmd 0x170 ctl 0x376 bmdma 0x1818 irq 15
[    1.274309] ata6: port disabled--ignoring
[    1.275278] tun: Universal TUN/TAP device driver, 1.6
[    1.275782] e1000: Intel(R) PRO/1000 Network Driver - version 7.3.21-k8-NAPI
[    1.275784] e1000: Copyright (c) 1999-2006 Intel Corporation.
[    1.275865] e1000e: Intel(R) PRO/1000 Network Driver - 3.2.6-k
[    1.275867] e1000e: Copyright(c) 1999 - 2015 Intel Corporation.
[    1.275979] e1000e 0000:02:00.0: Disabling ASPM  L1
[    1.275983] e1000e 0000:02:00.0: can't disable ASPM; OS doesn't have ASPM control
[    1.276393] e1000e 0000:02:00.0: Interrupt Throttling Rate (ints/sec) set to dynamic conservative mode
[    1.385949] e1000e 0000:02:00.0 eth0: (PCI Express:2.5GT/s:Width x1) 00:16:d3:25:19:04
[    1.385979] e1000e 0000:02:00.0 eth0: Intel(R) PRO/1000 Network Connection
[    1.386059] e1000e 0000:02:00.0 eth0: MAC: 2, PHY: 2, PBA No: 005302-003
[    1.386372] PPP generic driver version 2.4.2
[    1.386695] PPP BSD Compression module registered
[    1.386698] PPP Deflate Compression module registered
[    1.386722] SLIP: version 0.8.4-NET3.019-NEWTTY (dynamic channels, max=256).
[    1.386724] CSLIP: code copyright 1989 Regents of the University of California.
[    1.386824] iwl3945: Intel(R) PRO/Wireless 3945ABG/BG Network Connection driver for Linux, in-tree:ds
[    1.386826] iwl3945: Copyright(c) 2003-2011 Intel Corporation
[    1.386827] iwl3945: hw_scan is disabled
[    1.387016] iwl3945 0000:03:00.0: can't disable ASPM; OS doesn't have ASPM control
[    1.441618] iwl3945 0000:03:00.0: Tunable channels: 11 802.11bg, 13 802.11a channels
[    1.441622] iwl3945 0000:03:00.0: Detected Intel Wireless WiFi Link 3945ABG
[    1.446855] ieee80211 phy0: Selected rate control algorithm 'iwl-3945-rs'
[    1.448235] Intel(R) Wireless WiFi driver for Linux
[    1.448236] Copyright(c) 2003- 2015 Intel Corporation
[    1.448593] usbcore: registered new interface driver ax88179_178a
[    1.448712] usbcore: registered new interface driver cdc_ether
[    1.448817] usbcore: registered new interface driver net1080
[    1.448923] usbcore: registered new interface driver cdc_subset
[    1.449032] usbcore: registered new interface driver zaurus
[    1.449152] usbcore: registered new interface driver cdc_ncm
[    1.449233] pci 0000:00:1e.0: enabling device (0005 -> 0007)
[    1.449497] yenta_cardbus 0000:15:00.0: CardBus bridge found [17aa:201c]
[    1.586823] ata1: SATA link up 1.5 Gbps (SStatus 113 SControl 300)
[    1.650967] ata1.00: ACPI cmd ef/02:00:00:00:00:a0 (SET FEATURES) succeeded
[    1.650971] ata1.00: ACPI cmd f5/00:00:00:00:00:a0 (SECURITY FREEZE LOCK) filtered out
[    1.650975] ata1.00: ACPI cmd ef/10:03:00:00:00:a0 (SET FEATURES) filtered out
[    1.695109] ata1.00: ATA-9: ST1000LM014-1EJ164, SM11, max UDMA/133
[    1.695113] ata1.00: 1953525168 sectors, multi 16: LBA48 NCQ (depth 32), AA
[    1.739648] ata1.00: ACPI cmd ef/02:00:00:00:00:a0 (SET FEATURES) succeeded
[    1.739652] ata1.00: ACPI cmd f5/00:00:00:00:00:a0 (SECURITY FREEZE LOCK) filtered out
[    1.739656] ata1.00: ACPI cmd ef/10:03:00:00:00:a0 (SET FEATURES) filtered out
[    1.783784] ata1.00: configured for UDMA/133
[    1.891027] Console: switching to colour frame buffer device 102x42
[    2.030204] i915 0000:00:02.0: fb0: i915drmfb frame buffer device
[    2.033605] scsi 0:0:0:0: Direct-Access     ATA      ST1000LM014-1EJ1 SM11 PQ: 0 ANSI: 5
[    2.037500] sd 0:0:0:0: [sda] 1953525168 512-byte logical blocks: (1.00 TB/932 GiB)
[    2.037533] sd 0:0:0:0: Attached scsi generic sg0 type 0
[    2.040452] sd 0:0:0:0: [sda] 4096-byte physical blocks
[    2.046030] sd 0:0:0:0: [sda] Write Protect is off
[    2.048815] sd 0:0:0:0: [sda] Mode Sense: 00 3a 00 00
[    2.048932] sd 0:0:0:0: [sda] Write cache: enabled, read cache: enabled, doesn't support DPO or FUA
[    2.053994]  sda: sda1 sda2 sda3 sda4
[    2.059192] sd 0:0:0:0: [sda] Attached SCSI disk
[    2.199932] yenta_cardbus 0000:15:00.0: ISA IRQ mask 0x0cb8, PCI irq 16
[    2.202783] yenta_cardbus 0000:15:00.0: Socket status: 30000006
[    2.205576] yenta_cardbus 0000:15:00.0: pcmcia: parent PCI bridge window: [io  0x9000-0xcfff]
[    2.208376] yenta_cardbus 0000:15:00.0: pcmcia: parent PCI bridge window: [mem 0xe4300000-0xe7ffffff]
[    2.211112] pcmcia_socket pcmcia_socket0: cs: memory probe 0xe4300000-0xe7ffffff:
[    2.213869]  excluding 0xe4300000-0xe46cffff
[    2.216637] yenta_cardbus 0000:15:00.0: pcmcia: parent PCI bridge window: [mem 0xe0000000-0xe3ffffff 64bit pref]
[    2.219538] pcmcia_socket pcmcia_socket0: cs: memory probe 0xe0000000-0xe3ffffff:
[    2.222482]  excluding 0xe0000000-0xe3ffffff
[    2.226537] ehci_hcd: USB 2.0 'Enhanced' Host Controller (EHCI) Driver
[    2.229475] ehci-pci: EHCI PCI platform driver
[    2.232885] ehci-pci 0000:00:1d.7: EHCI Host Controller
[    2.236127] ehci-pci 0000:00:1d.7: new USB bus registered, assigned bus number 1
[    2.239233] ehci-pci 0000:00:1d.7: debug port 1
[    2.246216] ehci-pci 0000:00:1d.7: cache line size of 64 is not supported
[    2.249409] ehci-pci 0000:00:1d.7: irq 19, io mem 0xee444000
[    2.266809] ehci-pci 0000:00:1d.7: USB 2.0 started, EHCI 1.00
[    2.270369] usb usb1: New USB device found, idVendor=1d6b, idProduct=0002, bcdDevice= 5.03
[    2.273608] usb usb1: New USB device strings: Mfr=3, Product=2, SerialNumber=1
[    2.276809] usb usb1: Product: EHCI Host Controller
[    2.279939] usb usb1: Manufacturer: Linux 5.3.0-rc6-next-20190826+ ehci_hcd
[    2.283126] usb usb1: SerialNumber: 0000:00:1d.7
[    2.286940] hub 1-0:1.0: USB hub found
[    2.290069] hub 1-0:1.0: 8 ports detected
[    2.294954] ohci_hcd: USB 1.1 'Open' Host Controller (OHCI) Driver
[    2.297992] ohci-pci: OHCI PCI platform driver
[    2.301057] uhci_hcd: USB Universal Host Controller Interface driver
[    2.304607] uhci_hcd 0000:00:1d.0: UHCI Host Controller
[    2.307909] uhci_hcd 0000:00:1d.0: new USB bus registered, assigned bus number 2
[    2.310969] uhci_hcd 0000:00:1d.0: detected 2 ports
[    2.313927] uhci_hcd 0000:00:1d.0: irq 16, io base 0x00001820
[    2.317421] usb usb2: New USB device found, idVendor=1d6b, idProduct=0001, bcdDevice= 5.03
[    2.320482] usb usb2: New USB device strings: Mfr=3, Product=2, SerialNumber=1
[    2.323551] usb usb2: Product: UHCI Host Controller
[    2.326528] usb usb2: Manufacturer: Linux 5.3.0-rc6-next-20190826+ uhci_hcd
[    2.329521] usb usb2: SerialNumber: 0000:00:1d.0
[    2.333052] hub 2-0:1.0: USB hub found
[    2.336026] hub 2-0:1.0: 2 ports detected
[    2.339962] uhci_hcd 0000:00:1d.1: UHCI Host Controller
[    2.343229] uhci_hcd 0000:00:1d.1: new USB bus registered, assigned bus number 3
[    2.346198] uhci_hcd 0000:00:1d.1: detected 2 ports
[    2.349088] uhci_hcd 0000:00:1d.1: irq 17, io base 0x00001840
[    2.352154] usb usb3: New USB device found, idVendor=1d6b, idProduct=0001, bcdDevice= 5.03
[    2.354996] usb usb3: New USB device strings: Mfr=3, Product=2, SerialNumber=1
[    2.357721] usb usb3: Product: UHCI Host Controller
[    2.360403] usb usb3: Manufacturer: Linux 5.3.0-rc6-next-20190826+ uhci_hcd
[    2.363117] usb usb3: SerialNumber: 0000:00:1d.1
[    2.366348] hub 3-0:1.0: USB hub found
[    2.369051] hub 3-0:1.0: 2 ports detected
[    2.372787] uhci_hcd 0000:00:1d.2: UHCI Host Controller
[    2.375665] uhci_hcd 0000:00:1d.2: new USB bus registered, assigned bus number 4
[    2.378317] uhci_hcd 0000:00:1d.2: detected 2 ports
[    2.381006] uhci_hcd 0000:00:1d.2: irq 18, io base 0x00001860
[    2.383873] usb usb4: New USB device found, idVendor=1d6b, idProduct=0001, bcdDevice= 5.03
[    2.386547] usb usb4: New USB device strings: Mfr=3, Product=2, SerialNumber=1
[    2.389220] usb usb4: Product: UHCI Host Controller
[    2.391846] usb usb4: Manufacturer: Linux 5.3.0-rc6-next-20190826+ uhci_hcd
[    2.394491] usb usb4: SerialNumber: 0000:00:1d.2
[    2.398041] hub 4-0:1.0: USB hub found
[    2.400705] hub 4-0:1.0: 2 ports detected
[    2.404398] uhci_hcd 0000:00:1d.3: UHCI Host Controller
[    2.407250] uhci_hcd 0000:00:1d.3: new USB bus registered, assigned bus number 5
[    2.409886] uhci_hcd 0000:00:1d.3: detected 2 ports
[    2.412574] uhci_hcd 0000:00:1d.3: irq 19, io base 0x00001880
[    2.415382] usb usb5: New USB device found, idVendor=1d6b, idProduct=0001, bcdDevice= 5.03
[    2.418035] usb usb5: New USB device strings: Mfr=3, Product=2, SerialNumber=1
[    2.420694] usb usb5: Product: UHCI Host Controller
[    2.423349] usb usb5: Manufacturer: Linux 5.3.0-rc6-next-20190826+ uhci_hcd
[    2.425988] usb usb5: SerialNumber: 0000:00:1d.3
[    2.429159] hub 5-0:1.0: USB hub found
[    2.431783] hub 5-0:1.0: 2 ports detected
[    2.435152] usbcore: registered new interface driver cdc_acm
[    2.437649] cdc_acm: USB Abstract Control Model driver for USB modems and ISDN adapters
[    2.440331] usbcore: registered new interface driver usblp
[    2.443064] usbcore: registered new interface driver usb-storage
[    2.445698] usbcore: registered new interface driver ums-sddr09
[    2.448394] usbcore: registered new interface driver usbserial_generic
[    2.450982] usbserial: USB Serial support registered for generic
[    2.453576] usbcore: registered new interface driver ch341
[    2.456126] usbserial: USB Serial support registered for ch341-uart
[    2.458684] usbcore: registered new interface driver cp210x
[    2.461225] usbserial: USB Serial support registered for cp210x
[    2.463807] usbcore: registered new interface driver ftdi_sio
[    2.466321] usbserial: USB Serial support registered for FTDI USB Serial Device
[    2.469003] usbcore: registered new interface driver option
[    2.471651] usbserial: USB Serial support registered for GSM modem (1-port)
[    2.474422] usbcore: registered new interface driver pl2303
[    2.477112] usbserial: USB Serial support registered for pl2303
[    2.479843] usbcore: registered new interface driver ti_usb_3410_5052
[    2.482573] usbserial: USB Serial support registered for TI USB 3410 1 port adapter
[    2.485344] usbserial: USB Serial support registered for TI USB 5052 2 port adapter
[    2.488017] ftdi_elan: driver ftdi-elan
[    2.490637] usbcore: registered new interface driver ftdi-elan
[    2.493447] i8042: PNP: PS/2 Controller [PNP0303:KBD,PNP0f13:MOU] at 0x60,0x64 irq 1,12
[    2.507070] serio: i8042 KBD port at 0x60,0x64 irq 1
[    2.509998] serio: i8042 AUX port at 0x60,0x64 irq 12
[    2.513321] mousedev: PS/2 mouse device common for all mice
[    2.517163] input: PC Speaker as /devices/platform/pcspkr/input/input5
[    2.520464] rtc_cmos 00:02: RTC can wake from S4
[    2.523850] rtc_cmos 00:02: registered as rtc0
[    2.526735] rtc_cmos 00:02: alarms up to one month, y3k, 114 bytes nvram, hpet irqs
[    2.529638] usbcore: registered new interface driver uvcvideo
[    2.532399] USB Video Class driver (1.1.1)
[    2.535143] gspca_main: v2.14.0 registered
[    2.537958] input: AT Translated Set 2 keyboard as /devices/platform/i8042/serio0/input/input4
[    2.538218] usbcore: registered new interface driver sq930x
[    2.545087] device-mapper: ioctl: 4.40.0-ioctl (2019-01-18) initialised: dm-devel@redhat.com
[    2.548025] Bluetooth: HCI UART driver ver 2.3
[    2.550904] Bluetooth: HCI UART protocol H4 registered
[    2.553717] Bluetooth: HCI UART protocol BCSP registered
[    2.556587] usbcore: registered new interface driver btusb
[    2.559454] intel_pstate: CPU model not supported
[    2.562425] sdhci: Secure Digital Host Controller Interface driver
[    2.565419] sdhci: Copyright(c) Pierre Ossman
[    2.568387] sdhci-pci 0000:15:00.2: SDHCI controller found [1180:0822] (rev 18)
[    2.571928] sdhci-pci 0000:15:00.2: Will use DMA mode even though HW doesn't fully claim to support it.
[    2.575456] mmc0 bounce up to 128 segments into one, max segment size 65536 bytes
[    2.578660] sdhci-pci 0000:15:00.2: Will use DMA mode even though HW doesn't fully claim to support it.
[    2.582311] mmc0: SDHCI controller on PCI [0000:15:00.2] using DMA
[    2.585778] hidraw: raw HID events driver (C) Jiri Kosina
[    2.590124] usbcore: registered new interface driver usbhid
[    2.593310] usbhid: USB HID core driver
[    2.597121] thinkpad_acpi: ThinkPad ACPI Extras v0.26
[    2.600157] thinkpad_acpi: http://ibm-acpi.sf.net/
[    2.603150] thinkpad_acpi: ThinkPad BIOS 7BETD8WW (2.19 ), EC 7BHT40WW-1.13
[    2.606163] thinkpad_acpi: Lenovo ThinkPad X60, model 17097HU
[    2.615562] thinkpad_acpi: ACPI backlight control delay disabled
[    2.619126] thinkpad_acpi: radio switch found; radios are enabled
[    2.622220] thinkpad_acpi: This ThinkPad has standard ACPI backlight brightness control, supported by the ACPI video driver
[    2.624571] sdhci-pci 0000:15:00.2: Will use DMA mode even though HW doesn't fully claim to support it.
[    2.628922] thinkpad_acpi: Disabling thinkpad-acpi brightness events by default...
[    2.631512] usb 1-1: new high-speed USB device number 2 using ehci-pci
[    2.647022] thinkpad_acpi: rfkill switch tpacpi_bluetooth_sw: radio is unblocked
[    2.653052] thinkpad_acpi: warning: userspace override of important firmware LEDs is enabled
[    2.661860] thinkpad_acpi: Standard ACPI backlight interface available, not loading native one
[    2.665307] thinkpad_acpi: volume: disabled as there is no ALSA support in this kernel
[    2.669493] thinkpad_acpi: battery 1 registered (start 0, stop 0)
[    2.669507] battery: new extension: ThinkPad Battery Extension
[    2.676432] input: ThinkPad Extra Buttons as /devices/platform/thinkpad_acpi/input/input8
[    2.685560] snd_hda_intel 0000:00:1b.0: probe_mask set to 0x1 for device 17aa:2010
[    2.689869] usbcore: registered new interface driver snd-usb-audio
[    2.689970] sdhci-pci 0000:15:00.2: Will use DMA mode even though HW doesn't fully claim to support it.
[    2.695997] NET: Registered protocol family 17
[    2.703427] Bluetooth: RFCOMM TTY layer initialized
[    2.707013] Bluetooth: RFCOMM socket layer initialized
[    2.710500] Bluetooth: RFCOMM ver 1.11
[    2.714209] Bluetooth: BNEP (Ethernet Emulation) ver 1.3
[    2.717655] Bluetooth: BNEP filters: protocol multicast
[    2.721054] Bluetooth: BNEP socket layer initialized
[    2.724433] Bluetooth: HIDP (Human Interface Emulation) ver 1.2
[    2.727948] Bluetooth: HIDP socket layer initialized
[    2.732064] microcode: sig=0x6e8, pf=0x20, revision=0x39
[    2.735667] microcode: Microcode Update Driver: v2.2.
[    2.735700] IPI shorthand broadcast: enabled
[    2.742080] snd_hda_codec_analog hdaudioC0D0: autoconfig for AD1981: line_outs=1 (0x5/0x0/0x0/0x0/0x0) type:speaker
[    2.742509] Loading compiled-in X.509 certificates
[    2.748788] snd_hda_codec_analog hdaudioC0D0:    speaker_outs=0 (0x0/0x0/0x0/0x0/0x0)
[    2.751783] Key type ._fscrypt registered
[    2.755018] snd_hda_codec_analog hdaudioC0D0:    hp_outs=0 (0x0/0x0/0x0/0x0/0x0)
[    2.758283] Key type .fscrypt registered
[    2.761707] snd_hda_codec_analog hdaudioC0D0:    mono: mono_out=0x0
[    2.765180] *** VALIDATE pstore ***
[    2.768836] snd_hda_codec_analog hdaudioC0D0:    inputs:
[    2.773004] Key type encrypted registered
[    2.775366] snd_hda_codec_analog hdaudioC0D0:      Mic=0x8
[    2.781602] rtc_cmos 00:02: setting system clock to 2019-08-27T07:08:17 UTC (1566889697)
[    2.785511] snd_hda_codec_analog hdaudioC0D0:      CD=0x19
[    2.787235] cfg80211: Loading compiled-in X.509 certificates for regulatory database
[    2.794013] sdhci-pci 0000:15:00.2: Will use DMA mode even though HW doesn't fully claim to support it.
[    2.799934] cfg80211: Problem loading in-kernel X.509 certificate (-13)
[    2.803744] platform regulatory.0: Direct firmware load for regulatory.db failed with error -2
[    2.807137] cfg80211: failed to load regulatory.db
[    2.811170] usb 1-1: New USB device found, idVendor=058f, idProduct=6254, bcdDevice= 1.00
[    2.814589] usb 1-1: New USB device strings: Mfr=0, Product=0, SerialNumber=0
[    2.818046] PM: Image not found (code -22)
[    2.818066] ALSA device list:
[    2.821317]   No soundcards found.
[    2.825674] hub 1-1:1.0: USB hub found
[    2.829152] hub 1-1:1.0: 4 ports detected
[    2.862571] sdhci-pci 0000:15:00.2: Will use DMA mode even though HW doesn't fully claim to support it.
[    3.170766] psmouse serio1: trackpoint: IBM TrackPoint firmware: 0x0e, buttons: 3/3
[    3.193644] input: TPPS/2 IBM TrackPoint as /devices/platform/i8042/serio1/input/input7
[    3.204874] md: Waiting for all devices to be available before autodetect
[    3.209297] md: If you don't use raid, use raid=noautodetect
[    3.214688] md: Autodetecting RAID arrays.
[    3.219165] md: autorun ...
[    3.223550] md: ... autorun DONE.
[    3.236063] EXT4-fs (sda4): mounted filesystem with ordered data mode. Opts: (null)
[    3.239598] VFS: Mounted root (ext4 filesystem) readonly on device 8:4.
[    3.244687] devtmpfs: mounted
[    3.250109] Freeing unused kernel image memory: 636K
[    3.254957] Write protecting kernel text and read-only data: 17676k
[    3.258215] NX-protecting the kernel data: 7772k
[    3.262283] x86/mm: Checked W+X mappings: passed, no W+X pages found.
[    3.265555] rodata_test: all tests were successful
[    3.268842] x86/mm: Checking user space page tables
[    3.272094] x86/mm: Checked W+X mappings: passed, no W+X pages found.
[    3.275266] Run /sbin/init as init process
[    3.370781] usb 5-1: new full-speed USB device number 2 using uhci_hcd
[    3.451147] random: systemd: uninitialized urandom read (16 bytes read)
[    3.458668] systemd[1]: systemd 215 running in system mode. (+PAM +AUDIT +SELINUX +IMA +SYSVINIT +LIBCRYPTSETUP +GCRYPT +ACL +XZ -SECCOMP -APPARMOR)
[    3.487069] systemd[1]: Detected architecture 'x86'.
[    3.555004] systemd[1]: Failed to insert module 'ipv6'
[    3.563872] usb 5-1: New USB device found, idVendor=0a5c, idProduct=2110, bcdDevice= 1.00
[    3.568139] usb 5-1: New USB device strings: Mfr=1, Product=2, SerialNumber=0
[    3.572318] usb 5-1: Product: BCM2045B
[    3.572403] systemd[1]: Set hostname to <amd>.
[    3.576296] usb 5-1: Manufacturer: Broadcom Corp
[    3.632128] random: systemd-sysv-ge: uninitialized urandom read (16 bytes read)
[    3.818784] usb 1-1.1: new full-speed USB device number 4 using ehci-pci
[    3.957616] random: systemd-sysv-ge: uninitialized urandom read (16 bytes read)
[    3.982387] usb 1-1.1: New USB device found, idVendor=10c4, idProduct=ea60, bcdDevice= 1.00
[    3.985620] usb 1-1.1: New USB device strings: Mfr=1, Product=2, SerialNumber=3
[    3.988754] usb 1-1.1: Product: CP2102 USB to UART Bridge Controller
[    3.991865] usb 1-1.1: Manufacturer: Silicon Labs
[    3.994870] usb 1-1.1: SerialNumber: 0001
[    4.006340] cp210x 1-1.1:1.0: cp210x converter detected
[    4.014196] usb 1-1.1: cp210x converter now attached to ttyUSB0
[    4.442838] usb 5-2: new full-speed USB device number 3 using uhci_hcd
[    4.485833] systemd[1]: Binding to IPv6 address not available since kernel does not support IPv6.
[    4.490048] systemd[1]: [/lib/systemd/system/gpsd.socket:6] Failed to parse address value, ignoring: [::1]:2947
[    4.507537] systemd[1]: Starting Forward Password Requests to Wall Directory Watch.
[    4.512513] systemd[1]: Started Forward Password Requests to Wall Directory Watch.
[    4.516821] systemd[1]: Starting Remote File Systems (Pre).
[    4.526185] systemd[1]: Reached target Remote File Systems (Pre).
[    4.647877] usb 5-2: New USB device found, idVendor=0483, idProduct=2016, bcdDevice= 0.01
[    4.652071] usb 5-2: New USB device strings: Mfr=1, Product=2, SerialNumber=0
[    4.656158] usb 5-2: Product: Biometric Coprocessor
[    4.660211] usb 5-2: Manufacturer: STMicroelectronics
[    5.033802] systemd-udevd[2321]: starting version 215
[    6.094585] EXT4-fs (sda4): re-mounted. Opts: errors=remount-ro
[    6.191969] random: crng init done
[    6.194393] random: 7 urandom warning(s) missed due to ratelimiting
[    6.304217] e1000e 0000:02:00.0 eth1: renamed from eth0
[    6.328062] systemd-udevd[2560]: renamed network interface eth0 to eth1
[    7.578870] Adding 2097148k swap on /dev/sda1.  Priority:-2 extents:1 across:2097148k 
[    7.807599] EXT4-fs (sda2): mounted filesystem with ordered data mode. Opts: errors=remount-ro
[    7.885403] systemd-journald[1671]: Received request to flush runtime journal from PID 1
[   16.335709] iwl3945 0000:03:00.0: loaded firmware version 15.32.2.9
[   27.429215] wlan0: authenticate with 5c:f4:ab:10:d2:bb
[   27.429465] wlan0: send auth to 5c:f4:ab:10:d2:bb (try 1/3)
[   27.431371] wlan0: authenticated
[   27.434834] wlan0: associate with 5c:f4:ab:10:d2:bb (try 1/3)
[   27.438801] wlan0: RX AssocResp from 5c:f4:ab:10:d2:bb (capab=0x411 status=0 aid=1)
[   27.440269] wlan0: associated
[  579.470626] usb 1-1: USB disconnect, device number 2
[  579.470646] usb 1-1.1: USB disconnect, device number 4
[  579.474045] cp210x ttyUSB0: cp210x converter now disconnected from ttyUSB0
[  579.474280] cp210x 1-1.1:1.0: device disconnected
[ 1204.011960] perf: interrupt took too long (2513 > 2500), lowering kernel.perf_event_max_sample_rate to 79500
