[    0.000000] Linux version 5.6.0-rc7-next-20200323+ (pavel@pollux.denx.de) (gcc version 9.2.1 20190827 (Red Hat 9.2.1-1) (GCC)) #103 SMP PREEMPT Thu Apr 2 18:41:04 CEST 2020
[    0.000000] Disabled fast string operations
[    0.000000] x86/fpu: x87 FPU will use FXSAVE
[    0.000000] BIOS-provided physical RAM map:
[    0.000000] BIOS-e820: [mem 0x0000000000000000-0x000000000009efff] usable
[    0.000000] BIOS-e820: [mem 0x000000000009f000-0x000000000009ffff] reserved
[    0.000000] BIOS-e820: [mem 0x00000000000dc000-0x00000000000fffff] reserved
[    0.000000] BIOS-e820: [mem 0x0000000000100000-0x00000000bf6cffff] usable
[    0.000000] BIOS-e820: [mem 0x00000000bf6d0000-0x00000000bf6defff] ACPI data
[    0.000000] BIOS-e820: [mem 0x00000000bf6df000-0x00000000bf6fffff] ACPI NVS
[    0.000000] BIOS-e820: [mem 0x00000000bf700000-0x00000000bfffffff] reserved
[    0.000000] BIOS-e820: [mem 0x00000000f0000000-0x00000000f3ffffff] reserved
[    0.000000] BIOS-e820: [mem 0x00000000fec00000-0x00000000fec0ffff] reserved
[    0.000000] BIOS-e820: [mem 0x00000000fed00000-0x00000000fed003ff] reserved
[    0.000000] BIOS-e820: [mem 0x00000000fed14000-0x00000000fed19fff] reserved
[    0.000000] BIOS-e820: [mem 0x00000000fed1c000-0x00000000fed8ffff] reserved
[    0.000000] BIOS-e820: [mem 0x00000000fee00000-0x00000000fee00fff] reserved
[    0.000000] BIOS-e820: [mem 0x00000000ff800000-0x00000000ffffffff] reserved
[    0.000000] NX (Execute Disable) protection: active
[    0.000000] SMBIOS 2.4 present.
[    0.000000] DMI: LENOVO 17097HU/17097HU, BIOS 7BETD8WW (2.19 ) 03/31/2011
[    0.000000] tsc: Fast TSC calibration using PIT
[    0.000000] tsc: Detected 1828.789 MHz processor
[    0.013944] e820: update [mem 0x00000000-0x00000fff] usable ==> reserved
[    0.013949] e820: remove [mem 0x000a0000-0x000fffff] usable
[    0.013961] last_pfn = 0xbf6d0 max_arch_pfn = 0x1000000
[    0.013973] MTRR default type: uncachable
[    0.013976] MTRR fixed ranges enabled:
[    0.013979]   00000-9FFFF write-back
[    0.013982]   A0000-BFFFF uncachable
[    0.013985]   C0000-CFFFF write-protect
[    0.013988]   D0000-DBFFF uncachable
[    0.013991]   DC000-DFFFF write-back
[    0.013994]   E0000-FFFFF write-protect
[    0.013997] MTRR variable ranges enabled:
[    0.014001]   0 base 000000000 mask F80000000 write-back
[    0.014004]   1 base 080000000 mask FC0000000 write-back
[    0.014007]   2 base 0BF700000 mask FFFF00000 uncachable
[    0.014010]   3 base 0BF800000 mask FFF800000 uncachable
[    0.014013]   4 disabled
[    0.014015]   5 disabled
[    0.014018]   6 disabled
[    0.014020]   7 disabled
[    0.015111] x86/PAT: PAT not supported by the CPU.
[    0.016314] x86/PAT: Configuration [0-7]: WB  WT  UC- UC  WB  WT  UC- UC  
[    0.016335] initial memory mapped: [mem 0x00000000-0x05bfffff]
[    0.016419] BRK [0x05684000, 0x05684fff] PGTABLE
[    0.016441] BRK [0x05685000, 0x05685fff] PGTABLE
[    0.016451] ACPI: Early table checksum verification disabled
[    0.016461] ACPI: RSDP 0x00000000000F67C0 000024 (v02 LENOVO)
[    0.016470] ACPI: XSDT 0x00000000BF6D191C 000084 (v01 LENOVO TP-7B    00002190  LTP 00000000)
[    0.016483] ACPI: FACP 0x00000000BF6D1A00 0000F4 (v03 LENOVO TP-7B    00002190 LNVO 00000001)
[    0.016494] ACPI BIOS Warning (bug): 32/64X length mismatch in FADT/Gpe0Block: 64/32 (20200214/tbfadt-564)
[    0.016501] ACPI BIOS Warning (bug): Optional FADT field Gpe1Block has valid Address but zero Length: 0x000000000000102C/0x0 (20200214/tbfadt-615)
[    0.016511] ACPI: DSDT 0x00000000BF6D1D90 00CFB9 (v01 LENOVO TP-7B    00002190 MSFT 0100000E)
[    0.016520] ACPI: FACS 0x00000000BF6F4000 000040
[    0.016527] ACPI: FACS 0x00000000BF6F4000 000040
[    0.016535] ACPI: SSDT 0x00000000BF6D1BB4 0001DC (v01 LENOVO TP-7B    00002190 MSFT 0100000E)
[    0.016544] ACPI: ECDT 0x00000000BF6DED49 000052 (v01 LENOVO TP-7B    00002190 LNVO 00000001)
[    0.016553] ACPI: TCPA 0x00000000BF6DED9B 000032 (v02 LENOVO TP-7B    00002190 LNVO 00000001)
[    0.016561] ACPI: APIC 0x00000000BF6DEDCD 000068 (v01 LENOVO TP-7B    00002190 LNVO 00000001)
[    0.016570] ACPI: MCFG 0x00000000BF6DEE35 00003C (v01 LENOVO TP-7B    00002190 LNVO 00000001)
[    0.016579] ACPI: HPET 0x00000000BF6DEE71 000038 (v01 LENOVO TP-7B    00002190 LNVO 00000001)
[    0.016587] ACPI: BOOT 0x00000000BF6DEFD8 000028 (v01 LENOVO TP-7B    00002190  LTP 00000001)
[    0.016596] ACPI: SSDT 0x00000000BF6F2645 00025F (v01 LENOVO TP-7B    00002190 INTL 20050513)
[    0.016605] ACPI: SSDT 0x00000000BF6F28A4 0000A6 (v01 LENOVO TP-7B    00002190 INTL 20050513)
[    0.016614] ACPI: SSDT 0x00000000BF6F294A 0004F7 (v01 LENOVO TP-7B    00002190 INTL 20050513)
[    0.016623] ACPI: SSDT 0x00000000BF6F2E41 0001D8 (v01 LENOVO TP-7B    00002190 INTL 20050513)
[    0.016644] ACPI: Local APIC address 0xfee00000
[    0.016650] 2176MB HIGHMEM available.
[    0.016655] 885MB LOWMEM available.
[    0.016658]   mapped low ram: 0 - 375fe000
[    0.016662]   low ram: 0 - 375fe000
[    0.016673] BRK [0x05686000, 0x05686fff] PGTABLE
[    0.016678] Zone ranges:
[    0.016682]   DMA      [mem 0x0000000000001000-0x0000000000ffffff]
[    0.016687]   Normal   [mem 0x0000000001000000-0x00000000375fdfff]
[    0.016692]   HighMem  [mem 0x00000000375fe000-0x00000000bf6cffff]
[    0.016696] Movable zone start for each node
[    0.016700] Early memory node ranges
[    0.016704]   node   0: [mem 0x0000000000001000-0x000000000009efff]
[    0.016708]   node   0: [mem 0x0000000000100000-0x00000000bf6cffff]
[    0.016714] Initmem setup node 0 [mem 0x0000000000001000-0x00000000bf6cffff]
[    0.016719] On node 0 totalpages: 783982
[    0.028118]   DMA zone: 32 pages used for memmap
[    0.028121]   DMA zone: 0 pages reserved
[    0.028124]   DMA zone: 3998 pages, LIFO batch:0
[    0.028234]   Normal zone: 1740 pages used for memmap
[    0.028236]   Normal zone: 222718 pages, LIFO batch:63
[    0.033864]   HighMem zone: 557266 pages, LIFO batch:63
[    0.048075] Using APIC driver default
[    0.048091] Reserving Intel graphics memory at [mem 0xbf800000-0xbfffffff]
[    0.048576] ACPI: PM-Timer IO Port: 0x1008
[    0.048582] ACPI: Local APIC address 0xfee00000
[    0.048595] ACPI: LAPIC_NMI (acpi_id[0x00] high edge lint[0x1])
[    0.048600] ACPI: LAPIC_NMI (acpi_id[0x01] high edge lint[0x1])
[    0.048626] IOAPIC[0]: apic_id 1, version 32, address 0xfec00000, GSI 0-23
[    0.048633] ACPI: INT_SRC_OVR (bus 0 bus_irq 0 global_irq 2 dfl dfl)
[    0.048640] ACPI: INT_SRC_OVR (bus 0 bus_irq 9 global_irq 9 high level)
[    0.048645] ACPI: IRQ0 used by override.
[    0.048649] ACPI: IRQ9 used by override.
[    0.048654] Using ACPI (MADT) for SMP configuration information
[    0.048659] ACPI: HPET id: 0x8086a201 base: 0xfed00000
[    0.048672] smpboot: Allowing 2 CPUs, 0 hotplug CPUs
[    0.048711] PM: hibernation: Registered nosave memory: [mem 0x00000000-0x00000fff]
[    0.048717] PM: hibernation: Registered nosave memory: [mem 0x0009f000-0x0009ffff]
[    0.048721] PM: hibernation: Registered nosave memory: [mem 0x000a0000-0x000dbfff]
[    0.048725] PM: hibernation: Registered nosave memory: [mem 0x000dc000-0x000fffff]
[    0.048734] [mem 0xc0000000-0xefffffff] available for PCI devices
[    0.048741] clocksource: refined-jiffies: mask: 0xffffffff max_cycles: 0xffffffff, max_idle_ns: 7645519600211568 ns
[    0.048754] setup_percpu: NR_CPUS:8 nr_cpumask_bits:8 nr_cpu_ids:2 nr_node_ids:1
[    0.049038] percpu: Embedded 39 pages/cpu s127656 r0 d32088 u159744
[    0.049052] pcpu-alloc: s127656 r0 d32088 u159744 alloc=39*4096
[    0.049055] pcpu-alloc: [0] 0 [0] 1 
[    0.049086] Built 1 zonelists, mobility grouping on.  Total pages: 782210
[    0.049097] Kernel command line: BOOT_IMAGE=(hd0,2)/fast/l/linux-next-32/arch/x86/boot/bzImage root=/dev/sda4 resume=/dev/sda1
[    0.049526] Dentry cache hash table entries: 131072 (order: 7, 524288 bytes, linear)
[    0.049644] Inode-cache hash table entries: 65536 (order: 6, 262144 bytes, linear)
[    0.049685] mem auto-init: stack:off, heap alloc:off, heap free:off
[    0.081955] Initializing HighMem for node 0 (000375fe:000bf6d0)
[    0.439475] Initializing Movable for node 0 (00000000:00000000)
[    0.512562] Memory: 3021252K/3135928K available (13102K kernel code, 664K rwdata, 5320K rodata, 668K init, 2916K bss, 114676K reserved, 0K cma-reserved, 2229064K highmem)
[    0.512569] Checking if this processor honours the WP bit even in supervisor mode...Ok.
[    0.512635] random: get_random_u32 called from cache_alloc_refill+0x627/0xb00 with crng_init=0
[    0.513828] Kernel/User page tables isolation: enabled
[    0.514127] rcu: Preemptible hierarchical RCU implementation.
[    0.514132] rcu: 	RCU restricting CPUs from NR_CPUS=8 to nr_cpu_ids=2.
[    0.514136] 	Trampoline variant of Tasks RCU enabled.
[    0.514140] rcu: RCU calculated value of scheduler-enlistment delay is 25 jiffies.
[    0.514144] rcu: Adjusting geometry for rcu_fanout_leaf=16, nr_cpu_ids=2
[    0.514189] NR_IRQS: 2304, nr_irqs: 56, preallocated irqs: 16
[    0.517141] Console: colour VGA+ 80x25
[    0.525769] printk: console [tty0] enabled
[    0.525841] Lock dependency validator: Copyright (c) 2006 Red Hat, Inc., Ingo Molnar
[    0.525932] ... MAX_LOCKDEP_SUBCLASSES:  8
[    0.526004] ... MAX_LOCK_DEPTH:          48
[    0.526078] ... MAX_LOCKDEP_KEYS:        8192
[    0.526152] ... CLASSHASH_SIZE:          4096
[    0.526225] ... MAX_LOCKDEP_ENTRIES:     32768
[    0.526299] ... MAX_LOCKDEP_CHAINS:      65536
[    0.526373] ... CHAINHASH_SIZE:          32768
[    0.526448]  memory used by lock dependency info: 1797 kB
[    0.526528]  per task-struct memory footprint: 1344 bytes
[    0.526618] ACPI: Core revision 20200214
[    0.527046] clocksource: hpet: mask: 0xffffffff max_cycles: 0xffffffff, max_idle_ns: 133484882848 ns
[    0.527187] APIC: Switch to symmetric I/O mode setup
[    0.527264] Enabling APIC mode:  Flat.  Using 1 I/O APICs
[    0.527894] ..TIMER: vector=0x30 apic1=0 pin1=2 apic2=-1 pin2=-1
[    0.547187] clocksource: tsc-early: mask: 0xffffffffffffffff max_cycles: 0x1a5c658ca8e, max_idle_ns: 440795229363 ns
[    0.547314] Calibrating delay loop (skipped), value calculated using timer frequency.. 3657.57 BogoMIPS (lpj=7315156)
[    0.547437] pid_max: default: 32768 minimum: 301
[    0.547769] Mount-cache hash table entries: 2048 (order: 1, 8192 bytes, linear)
[    0.547868] Mountpoint-cache hash table entries: 2048 (order: 1, 8192 bytes, linear)
[    0.548757] Disabled fast string operations
[    0.548848] process: using mwait in idle threads
[    0.548933] Last level iTLB entries: 4KB 128, 2MB 0, 4MB 2
[    0.549016] Last level dTLB entries: 4KB 128, 2MB 0, 4MB 8, 1GB 0
[    0.549102] Spectre V1 : Mitigation: usercopy/swapgs barriers and __user pointer sanitization
[    0.549214] Spectre V2 : Mitigation: Full generic retpoline
[    0.549296] Spectre V2 : Spectre v2 / SpectreRSB mitigation: Filling RSB on context switch
[    0.549393] L1TF: System has more than MAX_PA/2 memory. L1TF mitigation not effective.
[    0.549487] L1TF: You may make it effective by booting the kernel with mem=2147483648 parameter.
[    0.549598] L1TF: However, doing so will make a part of your RAM unusable.
[    0.549686] L1TF: Reading https://www.kernel.org/doc/html/latest/admin-guide/hw-vuln/l1tf.html might help you decide.
[    0.549807] MDS: Vulnerable: Clear CPU buffers attempted, no microcode
[    0.550143] Freeing SMP alternatives memory: 44K
[    0.659700] smpboot: CPU0: Genuine Intel(R) CPU           T2400  @ 1.83GHz (family: 0x6, model: 0xe, stepping: 0x8)
[    0.683343] Performance Events: Core events, core PMU driver.
[    0.683437] ... version:                1
[    0.683511] ... bit width:              40
[    0.683585] ... generic registers:      2
[    0.683659] ... value mask:             000000ffffffffff
[    0.683739] ... max period:             000000007fffffff
[    0.683820] ... fixed-purpose events:   0
[    0.683894] ... event mask:             0000000000000003
[    0.691325] rcu: Hierarchical SRCU implementation.
[    0.703388] NMI watchdog: Enabled. Permanently consumes one hw-PMU counter.
[    0.711341] smp: Bringing up secondary CPUs ...
[    0.743811] x86: Booting SMP configuration:
[    0.743893] .... node  #0, CPUs:      #1
[    0.016800] Disabled fast string operations
[    0.746340] TSC synchronization [CPU#0 -> CPU#1]:
[    0.746581] Measured 580129 cycles TSC warp between CPUs, turning off TSC clock.
[    0.746683] tsc: Marking TSC unstable due to check_tsc_sync_source failed
[    0.746855] smp: Brought up 1 node, 2 CPUs
[    0.746855] smpboot: Max logical packages: 1
[    0.746855] smpboot: Total of 2 processors activated (7315.15 BogoMIPS)
[    0.748918] devtmpfs: initialized
[    0.748918] PM: Registering ACPI NVS region [mem 0xbf6df000-0xbf6fffff] (135168 bytes)
[    0.748918] clocksource: jiffies: mask: 0xffffffff max_cycles: 0xffffffff, max_idle_ns: 7645041785100000 ns
[    0.748918] futex hash table entries: 512 (order: 3, 32768 bytes, linear)
[    0.751509] thermal_sys: Registered thermal governor 'step_wise'
[    0.751954] NET: Registered protocol family 16
[    0.753424] cpuidle: using governor ladder
[    0.753544] cpuidle: using governor menu
[    0.753775] Simple Boot Flag at 0x35 set to 0x1
[    0.753904] ACPI FADT declares the system doesn't support PCIe ASPM, so disable it
[    0.753996] ACPI: bus type PCI registered
[    0.754315] PCI: MMCONFIG for domain 0000 [bus 00-3f] at [mem 0xf0000000-0xf3ffffff] (base 0xf0000000)
[    0.754434] PCI: MMCONFIG at [mem 0xf0000000-0xf3ffffff] reserved in E820
[    0.755320] PCI: Using MMCONFIG for extended config space
[    0.755402] PCI: Using configuration type 1 for base access
[    0.755888] mtrr: your CPUs had inconsistent variable MTRR settings
[    0.755974] mtrr: probably your BIOS does not setup all CPUs.
[    0.756057] mtrr: corrected configuration.
[    0.831860] ACPI: Added _OSI(Module Device)
[    0.831944] ACPI: Added _OSI(Processor Device)
[    0.832021] ACPI: Added _OSI(3.0 _SCP Extensions)
[    0.832099] ACPI: Added _OSI(Processor Aggregator Device)
[    0.832182] ACPI: Added _OSI(Linux-Dell-Video)
[    0.832261] ACPI: Added _OSI(Linux-Lenovo-NV-HDMI-Audio)
[    0.832343] ACPI: Added _OSI(Linux-HPI-Hybrid-Graphics)
[    0.895268] ACPI: 6 ACPI AML tables successfully acquired and loaded
[    0.899263] ACPI: EC: EC started
[    0.899317] ACPI: EC: interrupt blocked
[    0.904209] ACPI: EC: EC_CMD/EC_SC=0x66, EC_DATA=0x62
[    0.904288] ACPI: EC: Boot ECDT EC used to handle transactions
[    0.922289] ACPI: Dynamic OEM Table Load:
[    0.922381] ACPI: SSDT 0x00000000F1A8F800 000240 (v01 PmRef  Cpu0Ist  00000100 INTL 20050513)
[    0.926495] ACPI: Dynamic OEM Table Load:
[    0.926584] ACPI: SSDT 0x00000000F1910800 00065A (v01 PmRef  Cpu0Cst  00000100 INTL 20050513)
[    0.932884] ACPI: Dynamic OEM Table Load:
[    0.932973] ACPI: SSDT 0x00000000F1141A00 0000C8 (v01 PmRef  Cpu1Ist  00000100 INTL 20050513)
[    0.936288] ACPI: Dynamic OEM Table Load:
[    0.936376] ACPI: SSDT 0x00000000F1BA33C0 000085 (v01 PmRef  Cpu1Cst  00000100 INTL 20050513)
[    0.940228] ACPI: Interpreter enabled
[    0.940375] ACPI: (supports S0 S3 S4 S5)
[    0.940456] ACPI: Using IOAPIC for interrupt routing
[    0.940656] PCI: Using host bridge windows from ACPI; if necessary, use "pci=nocrs" and report a bug
[    0.941722] ACPI: Enabled 4 GPEs in block 00 to 1F
[    0.964864] ACPI: Power Resource [PUBS] (on)
[    0.966019] acpi PNP0C0A:01: ACPI dock station (docks/bays count: 1)
[    0.973756] acpi LNXIOBAY:00: ACPI dock station (docks/bays count: 2)
[    0.987774] acpi IBM0079:00: ACPI dock station (docks/bays count: 3)
[    0.990130] ACPI: PCI Interrupt Link [LNKA] (IRQs 3 4 5 6 7 9 10 *11)
[    0.990980] ACPI: PCI Interrupt Link [LNKB] (IRQs 3 4 5 6 7 9 10 *11)
[    0.991838] ACPI: PCI Interrupt Link [LNKC] (IRQs 3 4 5 6 7 9 10 *11)
[    0.992685] ACPI: PCI Interrupt Link [LNKD] (IRQs 3 4 5 6 7 9 10 *11)
[    0.993532] ACPI: PCI Interrupt Link [LNKE] (IRQs 3 4 5 6 7 9 10 *11)
[    0.994380] ACPI: PCI Interrupt Link [LNKF] (IRQs 3 4 5 6 7 9 10 *11)
[    0.995227] ACPI: PCI Interrupt Link [LNKG] (IRQs 3 4 5 6 7 9 10 *11)
[    0.996065] ACPI: PCI Interrupt Link [LNKH] (IRQs 3 4 5 6 7 9 10 *11)
[    0.996634] ACPI: PCI Root Bridge [PCI0] (domain 0000 [bus 00-ff])
[    0.996733] acpi PNP0A08:00: _OSC: OS supports [ExtendedConfig ASPM ClockPM Segments HPX-Type3]
[    0.997816] acpi PNP0A08:00: _OSC: not requesting OS control; OS requires [ExtendedConfig ASPM ClockPM MSI]
[    0.997951] acpi PNP0A08:00: [Firmware Info]: MMCONFIG for domain 0000 [bus 00-3f] only partially covers this bridge
[    0.998331] PCI host bridge to bus 0000:00
[    0.998412] pci_bus 0000:00: root bus resource [io  0x0000-0x0cf7 window]
[    0.998505] pci_bus 0000:00: root bus resource [io  0x0d00-0xffff window]
[    0.998598] pci_bus 0000:00: root bus resource [mem 0x000a0000-0x000bffff window]
[    0.998695] pci_bus 0000:00: root bus resource [mem 0x000d0000-0x000d3fff window]
[    0.998792] pci_bus 0000:00: root bus resource [mem 0x000d4000-0x000d7fff window]
[    0.998890] pci_bus 0000:00: root bus resource [mem 0x000d8000-0x000dbfff window]
[    0.998987] pci_bus 0000:00: root bus resource [mem 0xc0000000-0xfebfffff window]
[    0.999085] pci_bus 0000:00: root bus resource [mem 0xfed40000-0xfed40fff window]
[    0.999183] pci_bus 0000:00: root bus resource [bus 00-ff]
[    0.999352] pci 0000:00:00.0: [8086:27a0] type 00 class 0x060000
[    0.999910] pci 0000:00:02.0: [8086:27a2] type 00 class 0x030000
[    1.000019] pci 0000:00:02.0: reg 0x10: [mem 0xee100000-0xee17ffff]
[    1.000115] pci 0000:00:02.0: reg 0x14: [io  0x1800-0x1807]
[    1.000208] pci 0000:00:02.0: reg 0x18: [mem 0xd0000000-0xdfffffff pref]
[    1.000307] pci 0000:00:02.0: reg 0x1c: [mem 0xee200000-0xee23ffff]
[    1.000980] pci 0000:00:02.1: [8086:27a6] type 00 class 0x038000
[    1.001086] pci 0000:00:02.1: reg 0x10: [mem 0xee180000-0xee1fffff]
[    1.001671] pci 0000:00:1b.0: [8086:27d8] type 00 class 0x040300
[    1.001802] pci 0000:00:1b.0: reg 0x10: [mem 0xee240000-0xee243fff 64bit]
[    1.002055] pci 0000:00:1b.0: PME# supported from D0 D3hot D3cold
[    1.002717] pci 0000:00:1c.0: [8086:27d0] type 01 class 0x060400
[    1.003001] pci 0000:00:1c.0: PME# supported from D0 D3hot D3cold
[    1.003670] pci 0000:00:1c.1: [8086:27d2] type 01 class 0x060400
[    1.003949] pci 0000:00:1c.1: PME# supported from D0 D3hot D3cold
[    1.004607] pci 0000:00:1c.2: [8086:27d4] type 01 class 0x060400
[    1.004886] pci 0000:00:1c.2: PME# supported from D0 D3hot D3cold
[    1.005544] pci 0000:00:1c.3: [8086:27d6] type 01 class 0x060400
[    1.005822] pci 0000:00:1c.3: PME# supported from D0 D3hot D3cold
[    1.006489] pci 0000:00:1d.0: [8086:27c8] type 00 class 0x0c0300
[    1.006651] pci 0000:00:1d.0: reg 0x20: [io  0x1820-0x183f]
[    1.007343] pci 0000:00:1d.1: [8086:27c9] type 00 class 0x0c0300
[    1.007506] pci 0000:00:1d.1: reg 0x20: [io  0x1840-0x185f]
[    1.008166] pci 0000:00:1d.2: [8086:27ca] type 00 class 0x0c0300
[    1.008329] pci 0000:00:1d.2: reg 0x20: [io  0x1860-0x187f]
[    1.008982] pci 0000:00:1d.3: [8086:27cb] type 00 class 0x0c0300
[    1.009144] pci 0000:00:1d.3: reg 0x20: [io  0x1880-0x189f]
[    1.009792] pci 0000:00:1d.7: [8086:27cc] type 00 class 0x0c0320
[    1.009912] pci 0000:00:1d.7: reg 0x10: [mem 0xee444000-0xee4443ff]
[    1.010141] pci 0000:00:1d.7: PME# supported from D0 D3hot D3cold
[    1.010766] pci 0000:00:1e.0: [8086:2448] type 01 class 0x060401
[    1.011541] pci 0000:00:1f.0: [8086:27b9] type 00 class 0x060100
[    1.011783] pci 0000:00:1f.0: quirk: [io  0x1000-0x107f] claimed by ICH6 ACPI/GPIO/TCO
[    1.011888] pci 0000:00:1f.0: quirk: [io  0x1180-0x11bf] claimed by ICH6 GPIO
[    1.011985] pci 0000:00:1f.0: ICH7 LPC Generic IO decode 1 PIO at 1600 (mask 007f)
[    1.012084] pci 0000:00:1f.0: ICH7 LPC Generic IO decode 2 PIO at 15e0 (mask 000f)
[    1.012183] pci 0000:00:1f.0: ICH7 LPC Generic IO decode 3 PIO at 1680 (mask 001f)
[    1.012834] pci 0000:00:1f.1: [8086:27df] type 00 class 0x01018a
[    1.012949] pci 0000:00:1f.1: reg 0x10: [io  0x0000-0x0007]
[    1.013047] pci 0000:00:1f.1: reg 0x14: [io  0x0000-0x0003]
[    1.013144] pci 0000:00:1f.1: reg 0x18: [io  0x0000-0x0007]
[    1.013242] pci 0000:00:1f.1: reg 0x1c: [io  0x0000-0x0003]
[    1.013340] pci 0000:00:1f.1: reg 0x20: [io  0x1810-0x181f]
[    1.013455] pci 0000:00:1f.1: legacy IDE quirk: reg 0x10: [io  0x01f0-0x01f7]
[    1.013549] pci 0000:00:1f.1: legacy IDE quirk: reg 0x14: [io  0x03f6]
[    1.013640] pci 0000:00:1f.1: legacy IDE quirk: reg 0x18: [io  0x0170-0x0177]
[    1.013735] pci 0000:00:1f.1: legacy IDE quirk: reg 0x1c: [io  0x0376]
[    1.014341] pci 0000:00:1f.2: [8086:27c5] type 00 class 0x010601
[    1.014461] pci 0000:00:1f.2: reg 0x10: [io  0x18d0-0x18d7]
[    1.014559] pci 0000:00:1f.2: reg 0x14: [io  0x18c4-0x18c7]
[    1.014657] pci 0000:00:1f.2: reg 0x18: [io  0x18c8-0x18cf]
[    1.014755] pci 0000:00:1f.2: reg 0x1c: [io  0x18c0-0x18c3]
[    1.014853] pci 0000:00:1f.2: reg 0x20: [io  0x18b0-0x18bf]
[    1.014951] pci 0000:00:1f.2: reg 0x24: [mem 0xee444400-0xee4447ff]
[    1.015122] pci 0000:00:1f.2: PME# supported from D3hot
[    1.015759] pci 0000:00:1f.3: [8086:27da] type 00 class 0x0c0500
[    1.015941] pci 0000:00:1f.3: reg 0x20: [io  0x18e0-0x18ff]
[    1.016817] pci 0000:02:00.0: [8086:109a] type 00 class 0x020000
[    1.017028] pci 0000:02:00.0: reg 0x10: [mem 0xee000000-0xee01ffff]
[    1.017222] pci 0000:02:00.0: reg 0x18: [io  0x2000-0x201f]
[    1.017626] pci 0000:02:00.0: PME# supported from D0 D3hot D3cold
[    1.018202] pci 0000:00:1c.0: PCI bridge to [bus 02]
[    1.018290] pci 0000:00:1c.0:   bridge window [io  0x2000-0x2fff]
[    1.018383] pci 0000:00:1c.0:   bridge window [mem 0xee000000-0xee0fffff]
[    1.018738] pci 0000:03:00.0: [8086:4227] type 00 class 0x028000
[    1.018995] pci 0000:03:00.0: reg 0x10: [mem 0xedf00000-0xedf00fff]
[    1.019646] pci 0000:03:00.0: PME# supported from D0 D3hot D3cold
[    1.020259] pci 0000:00:1c.1: PCI bridge to [bus 03]
[    1.020347] pci 0000:00:1c.1:   bridge window [io  0x3000-0x4fff]
[    1.020440] pci 0000:00:1c.1:   bridge window [mem 0xec000000-0xedffffff]
[    1.020540] pci 0000:00:1c.1:   bridge window [mem 0xe4000000-0xe40fffff 64bit pref]
[    1.020790] pci 0000:00:1c.2: PCI bridge to [bus 04-0b]
[    1.020879] pci 0000:00:1c.2:   bridge window [io  0x5000-0x6fff]
[    1.020972] pci 0000:00:1c.2:   bridge window [mem 0xe8000000-0xe9ffffff]
[    1.021072] pci 0000:00:1c.2:   bridge window [mem 0xe4100000-0xe41fffff 64bit pref]
[    1.021316] pci 0000:00:1c.3: PCI bridge to [bus 0c-13]
[    1.021404] pci 0000:00:1c.3:   bridge window [io  0x7000-0x8fff]
[    1.021497] pci 0000:00:1c.3:   bridge window [mem 0xea000000-0xebffffff]
[    1.021597] pci 0000:00:1c.3:   bridge window [mem 0xe4200000-0xe42fffff 64bit pref]
[    1.021735] pci_bus 0000:15: extended config space not accessible
[    1.021951] pci 0000:15:00.0: [1180:0476] type 02 class 0x060700
[    1.022068] pci 0000:15:00.0: reg 0x10: [mem 0xe4300000-0xe4300fff]
[    1.022227] pci 0000:15:00.0: supports D1 D2
[    1.022307] pci 0000:15:00.0: PME# supported from D0 D1 D2 D3hot D3cold
[    1.022772] pci 0000:15:00.1: [1180:0552] type 00 class 0x0c0010
[    1.022887] pci 0000:15:00.1: reg 0x10: [mem 0xe4301000-0xe43017ff]
[    1.023140] pci 0000:15:00.1: PME# supported from D0 D3hot D3cold
[    1.023482] pci 0000:15:00.2: [1180:0822] type 00 class 0x080500
[    1.023596] pci 0000:15:00.2: reg 0x10: [mem 0xe4301800-0xe43018ff]
[    1.023828] pci 0000:15:00.2: supports D1 D2
[    1.023907] pci 0000:15:00.2: PME# supported from D0 D1 D2 D3hot D3cold
[    1.024290] pci 0000:00:1e.0: PCI bridge to [bus 15-18] (subtractive decode)
[    1.024388] pci 0000:00:1e.0:   bridge window [io  0x9000-0xcfff]
[    1.024481] pci 0000:00:1e.0:   bridge window [mem 0xe4300000-0xe7ffffff]
[    1.024581] pci 0000:00:1e.0:   bridge window [mem 0xe0000000-0xe3ffffff 64bit pref]
[    1.024680] pci 0000:00:1e.0:   bridge window [io  0x0000-0x0cf7 window] (subtractive decode)
[    1.024797] pci 0000:00:1e.0:   bridge window [io  0x0d00-0xffff window] (subtractive decode)
[    1.024914] pci 0000:00:1e.0:   bridge window [mem 0x000a0000-0x000bffff window] (subtractive decode)
[    1.025034] pci 0000:00:1e.0:   bridge window [mem 0x000d0000-0x000d3fff window] (subtractive decode)
[    1.025155] pci 0000:00:1e.0:   bridge window [mem 0x000d4000-0x000d7fff window] (subtractive decode)
[    1.025276] pci 0000:00:1e.0:   bridge window [mem 0x000d8000-0x000dbfff window] (subtractive decode)
[    1.025396] pci 0000:00:1e.0:   bridge window [mem 0xc0000000-0xfebfffff window] (subtractive decode)
[    1.025517] pci 0000:00:1e.0:   bridge window [mem 0xfed40000-0xfed40fff window] (subtractive decode)
[    1.025677] pci_bus 0000:16: extended config space not accessible
[    1.025871] pci_bus 0000:16: busn_res: [bus 16-18] end is updated to 17
[    1.026015] pci_bus 0000:00: on NUMA node 0
[    1.032548] ACPI: EC: interrupt unblocked
[    1.032630] ACPI: EC: event unblocked
[    1.032713] ACPI: EC: EC_CMD/EC_SC=0x66, EC_DATA=0x62
[    1.033560] ACPI: EC: GPE=0x1c
[    1.033635] ACPI: \_SB_.PCI0.LPC_.EC__: Boot ECDT EC initialization complete
[    1.033731] ACPI: \_SB_.PCI0.LPC_.EC__: EC: Used to handle transactions and events
[    1.034490] pci 0000:00:02.0: vgaarb: setting as boot VGA device
[    1.034581] pci 0000:00:02.0: vgaarb: VGA device added: decodes=io+mem,owns=io+mem,locks=none
[    1.034717] pci 0000:00:02.0: vgaarb: bridge control possible
[    1.034800] vgaarb: loaded
[    1.035596] SCSI subsystem initialized
[    1.035905] libata version 3.00 loaded.
[    1.036099] ACPI: bus type USB registered
[    1.036309] usbcore: registered new interface driver usbfs
[    1.036464] usbcore: registered new interface driver hub
[    1.036713] usbcore: registered new device driver usb
[    1.036916] mc: Linux media interface: v0.10
[    1.037043] videodev: Linux video capture interface: v2.00
[    1.037201] pps_core: LinuxPPS API ver. 1 registered
[    1.037280] pps_core: Software ver. 5.3.6 - Copyright 2005-2007 Rodolfo Giometti <giometti@linux.it>
[    1.037429] PTP clock support registered
[    1.039394] EDAC MC: Ver: 3.0.0
[    1.039944] Advanced Linux Sound Architecture Driver Initialized.
[    1.039944] PCI: Using ACPI for IRQ routing
[    1.043639] PCI: pci_cache_line_size set to 64 bytes
[    1.043965] e820: reserve RAM buffer [mem 0x0009f000-0x0009ffff]
[    1.043979] e820: reserve RAM buffer [mem 0xbf6d0000-0xbfffffff]
[    1.044772] Bluetooth: Core ver 2.22
[    1.044905] NET: Registered protocol family 31
[    1.044982] Bluetooth: HCI device and connection manager initialized
[    1.045079] Bluetooth: HCI socket layer initialized
[    1.045161] Bluetooth: L2CAP socket layer initialized
[    1.045262] Bluetooth: SCO socket layer initialized
[    1.045834] clocksource: Switched to clocksource hpet
[    1.046710] pnp: PnP ACPI init
[    1.047246] system 00:00: [mem 0x00000000-0x0009ffff] could not be reserved
[    1.047380] system 00:00: [mem 0x000c0000-0x000c3fff] could not be reserved
[    1.047481] system 00:00: [mem 0x000c4000-0x000c7fff] could not be reserved
[    1.047579] system 00:00: [mem 0x000c8000-0x000cbfff] has been reserved
[    1.047674] system 00:00: [mem 0x000cc000-0x000cffff] has been reserved
[    1.047771] system 00:00: [mem 0x000dc000-0x000dffff] could not be reserved
[    1.047868] system 00:00: [mem 0x000e0000-0x000e3fff] could not be reserved
[    1.047966] system 00:00: [mem 0x000e4000-0x000e7fff] could not be reserved
[    1.048063] system 00:00: [mem 0x000e8000-0x000ebfff] could not be reserved
[    1.048161] system 00:00: [mem 0x000ec000-0x000effff] could not be reserved
[    1.048258] system 00:00: [mem 0x000f0000-0x000fffff] could not be reserved
[    1.048356] system 00:00: [mem 0x00100000-0xbfffffff] could not be reserved
[    1.048454] system 00:00: [mem 0xfec00000-0xfed3ffff] could not be reserved
[    1.048551] system 00:00: [mem 0xfed41000-0xffffffff] could not be reserved
[    1.048696] system 00:00: Plug and Play ACPI device, IDs PNP0c01 (active)
[    1.049197] system 00:01: [io  0x164e-0x164f] has been reserved
[    1.049289] system 00:01: [io  0x1000-0x107f] has been reserved
[    1.049380] system 00:01: [io  0x1180-0x11bf] has been reserved
[    1.049470] system 00:01: [io  0x0800-0x080f] has been reserved
[    1.049560] system 00:01: [io  0x15e0-0x15ef] has been reserved
[    1.049653] system 00:01: [io  0x1600-0x165f] could not be reserved
[    1.049746] system 00:01: [mem 0xf0000000-0xf3ffffff] has been reserved
[    1.049840] system 00:01: [mem 0xfed1c000-0xfed1ffff] has been reserved
[    1.049934] system 00:01: [mem 0xfed14000-0xfed17fff] has been reserved
[    1.050028] system 00:01: [mem 0xfed18000-0xfed18fff] has been reserved
[    1.050122] system 00:01: [mem 0xfed19000-0xfed19fff] has been reserved
[    1.050250] system 00:01: Plug and Play ACPI device, IDs PNP0c02 (active)
[    1.050560] pnp 00:02: Plug and Play ACPI device, IDs PNP0b00 (active)
[    1.050701] pnp 00:03: Plug and Play ACPI device, IDs PNP0303 (active)
[    1.050837] pnp 00:04: Plug and Play ACPI device, IDs IBM3780 PNP0f13 (active)
[    1.051597] pnp 00:05: [dma 3]
[    1.051804] pnp 00:05: Plug and Play ACPI device, IDs IBM0071 PNP0511 (active)
[    1.052042] pnp 00:06: Plug and Play ACPI device, IDs ATM1200 PNP0c31 (active)
[    1.054382] pnp: PnP ACPI: found 7 devices
[    1.100108] clocksource: acpi_pm: mask: 0xffffff max_cycles: 0xffffff, max_idle_ns: 2085701024 ns
[    1.100244] pci 0000:00:1c.0: bridge window [mem 0x00100000-0x000fffff 64bit pref] to [bus 02] add_size 200000 add_align 100000
[    1.100411] pci 0000:00:1c.0: BAR 9: assigned [mem 0xc0000000-0xc01fffff 64bit pref]
[    1.100509] pci 0000:00:1c.0: PCI bridge to [bus 02]
[    1.100591] pci 0000:00:1c.0:   bridge window [io  0x2000-0x2fff]
[    1.100682] pci 0000:00:1c.0:   bridge window [mem 0xee000000-0xee0fffff]
[    1.100775] pci 0000:00:1c.0:   bridge window [mem 0xc0000000-0xc01fffff 64bit pref]
[    1.100876] pci 0000:00:1c.1: PCI bridge to [bus 03]
[    1.100958] pci 0000:00:1c.1:   bridge window [io  0x3000-0x4fff]
[    1.101049] pci 0000:00:1c.1:   bridge window [mem 0xec000000-0xedffffff]
[    1.101142] pci 0000:00:1c.1:   bridge window [mem 0xe4000000-0xe40fffff 64bit pref]
[    1.101243] pci 0000:00:1c.2: PCI bridge to [bus 04-0b]
[    1.101326] pci 0000:00:1c.2:   bridge window [io  0x5000-0x6fff]
[    1.101417] pci 0000:00:1c.2:   bridge window [mem 0xe8000000-0xe9ffffff]
[    1.101510] pci 0000:00:1c.2:   bridge window [mem 0xe4100000-0xe41fffff 64bit pref]
[    1.101611] pci 0000:00:1c.3: PCI bridge to [bus 0c-13]
[    1.101693] pci 0000:00:1c.3:   bridge window [io  0x7000-0x8fff]
[    1.101784] pci 0000:00:1c.3:   bridge window [mem 0xea000000-0xebffffff]
[    1.101877] pci 0000:00:1c.3:   bridge window [mem 0xe4200000-0xe42fffff 64bit pref]
[    1.101988] pci 0000:15:00.0: BAR 9: assigned [mem 0xe0000000-0xe3ffffff pref]
[    1.102085] pci 0000:15:00.0: BAR 10: assigned [mem 0xc4000000-0xc7ffffff]
[    1.102175] pci 0000:15:00.0: BAR 7: assigned [io  0x9000-0x90ff]
[    1.102262] pci 0000:15:00.0: BAR 8: assigned [io  0x9400-0x94ff]
[    1.102355] pci 0000:15:00.0: CardBus bridge to [bus 16-17]
[    1.102438] pci 0000:15:00.0:   bridge window [io  0x9000-0x90ff]
[    1.102527] pci 0000:15:00.0:   bridge window [io  0x9400-0x94ff]
[    1.102616] pci 0000:15:00.0:   bridge window [mem 0xe0000000-0xe3ffffff pref]
[    1.102712] pci 0000:15:00.0:   bridge window [mem 0xc4000000-0xc7ffffff]
[    1.102805] pci 0000:00:1e.0: PCI bridge to [bus 15-18]
[    1.102888] pci 0000:00:1e.0:   bridge window [io  0x9000-0xcfff]
[    1.102979] pci 0000:00:1e.0:   bridge window [mem 0xe4300000-0xe7ffffff]
[    1.103071] pci 0000:00:1e.0:   bridge window [mem 0xe0000000-0xe3ffffff 64bit pref]
[    1.103173] pci_bus 0000:00: resource 4 [io  0x0000-0x0cf7 window]
[    1.103259] pci_bus 0000:00: resource 5 [io  0x0d00-0xffff window]
[    1.103367] pci_bus 0000:00: resource 6 [mem 0x000a0000-0x000bffff window]
[    1.103457] pci_bus 0000:00: resource 7 [mem 0x000d0000-0x000d3fff window]
[    1.103546] pci_bus 0000:00: resource 8 [mem 0x000d4000-0x000d7fff window]
[    1.103636] pci_bus 0000:00: resource 9 [mem 0x000d8000-0x000dbfff window]
[    1.103726] pci_bus 0000:00: resource 10 [mem 0xc0000000-0xfebfffff window]
[    1.103817] pci_bus 0000:00: resource 11 [mem 0xfed40000-0xfed40fff window]
[    1.103907] pci_bus 0000:02: resource 0 [io  0x2000-0x2fff]
[    1.103990] pci_bus 0000:02: resource 1 [mem 0xee000000-0xee0fffff]
[    1.104076] pci_bus 0000:02: resource 2 [mem 0xc0000000-0xc01fffff 64bit pref]
[    1.104168] pci_bus 0000:03: resource 0 [io  0x3000-0x4fff]
[    1.104251] pci_bus 0000:03: resource 1 [mem 0xec000000-0xedffffff]
[    1.104337] pci_bus 0000:03: resource 2 [mem 0xe4000000-0xe40fffff 64bit pref]
[    1.104429] pci_bus 0000:04: resource 0 [io  0x5000-0x6fff]
[    1.104512] pci_bus 0000:04: resource 1 [mem 0xe8000000-0xe9ffffff]
[    1.104598] pci_bus 0000:04: resource 2 [mem 0xe4100000-0xe41fffff 64bit pref]
[    1.104690] pci_bus 0000:0c: resource 0 [io  0x7000-0x8fff]
[    1.104773] pci_bus 0000:0c: resource 1 [mem 0xea000000-0xebffffff]
[    1.104859] pci_bus 0000:0c: resource 2 [mem 0xe4200000-0xe42fffff 64bit pref]
[    1.104951] pci_bus 0000:15: resource 0 [io  0x9000-0xcfff]
[    1.105033] pci_bus 0000:15: resource 1 [mem 0xe4300000-0xe7ffffff]
[    1.105120] pci_bus 0000:15: resource 2 [mem 0xe0000000-0xe3ffffff 64bit pref]
[    1.105211] pci_bus 0000:15: resource 4 [io  0x0000-0x0cf7 window]
[    1.105297] pci_bus 0000:15: resource 5 [io  0x0d00-0xffff window]
[    1.105383] pci_bus 0000:15: resource 6 [mem 0x000a0000-0x000bffff window]
[    1.105473] pci_bus 0000:15: resource 7 [mem 0x000d0000-0x000d3fff window]
[    1.105562] pci_bus 0000:15: resource 8 [mem 0x000d4000-0x000d7fff window]
[    1.105652] pci_bus 0000:15: resource 9 [mem 0x000d8000-0x000dbfff window]
[    1.105741] pci_bus 0000:15: resource 10 [mem 0xc0000000-0xfebfffff window]
[    1.105831] pci_bus 0000:15: resource 11 [mem 0xfed40000-0xfed40fff window]
[    1.105921] pci_bus 0000:16: resource 0 [io  0x9000-0x90ff]
[    1.106004] pci_bus 0000:16: resource 1 [io  0x9400-0x94ff]
[    1.106087] pci_bus 0000:16: resource 2 [mem 0xe0000000-0xe3ffffff pref]
[    1.106176] pci_bus 0000:16: resource 3 [mem 0xc4000000-0xc7ffffff]
[    1.106707] NET: Registered protocol family 2
[    1.107340] tcp_listen_portaddr_hash hash table entries: 512 (order: 2, 20480 bytes, linear)
[    1.107490] TCP established hash table entries: 8192 (order: 3, 32768 bytes, linear)
[    1.107651] TCP bind hash table entries: 8192 (order: 6, 294912 bytes, linear)
[    1.108217] TCP: Hash tables configured (established 8192 bind 8192)
[    1.108615] UDP hash table entries: 512 (order: 3, 40960 bytes, linear)
[    1.108777] UDP-Lite hash table entries: 512 (order: 3, 40960 bytes, linear)
[    1.109064] NET: Registered protocol family 1
[    1.109792] RPC: Registered named UNIX socket transport module.
[    1.109881] RPC: Registered udp transport module.
[    1.109961] RPC: Registered tcp transport module.
[    1.110041] RPC: Registered tcp NFSv4.1 backchannel transport module.
[    1.114659] pci 0000:00:02.0: Video device with shadowed ROM at [mem 0x000c0000-0x000dffff]
[    1.118112] pci 0000:15:00.0: CLS mismatch (64 != 32), using 64 bytes
[    1.118313] PCI-DMA: Using software bounce buffering for IO (SWIOTLB)
[    1.118401] software IO TLB: mapped [mem 0x31cfc000-0x35cfc000] (64MB)
[    1.121068] Initialise system trusted keyrings
[    1.121307] workingset: timestamp_bits=30 max_order=20 bucket_order=0
[    1.127519] Installing knfsd (copyright (C) 1996 okir@monad.swb.de).
[    1.128238] ntfs: driver 2.1.32 [Flags: R/W].
[    1.128548] fuse: init (API version 7.31)
[    1.138156] Key type asymmetric registered
[    1.138244] Asymmetric key parser 'x509' registered
[    1.138453] bounce: pool size: 64 pages
[    1.138600] Block layer SCSI generic (bsg) driver version 0.4 loaded (major 249)
[    1.138703] io scheduler mq-deadline registered
[    1.138819] io scheduler bfq registered
[    1.141884] intel_idle: MWAIT substates: 0x22220
[    1.142632] ACPI: \_PR_.CPU0: Found 3 idle states
[    1.143613] ACPI: \_PR_.CPU1: Found 3 idle states
[    1.143693] intel_idle: ACPI _CST not found or not usable
[    1.144187] ACPI: Deprecated procfs I/F for AC is loaded, please retry with CONFIG_ACPI_PROCFS_POWER cleared
[    1.144697] ACPI: AC Adapter [AC] (on-line)
[    1.145103] input: Lid Switch as /devices/LNXSYSTM:00/LNXSYBUS:00/PNP0C0D:00/input/input0
[    1.147731] ACPI: Lid Switch [LID]
[    1.148013] input: Sleep Button as /devices/LNXSYSTM:00/LNXSYBUS:00/PNP0C0E:00/input/input1
[    1.148349] ACPI: Sleep Button [SLPB]
[    1.148677] input: Power Button as /devices/LNXSYSTM:00/LNXPWRBN:00/input/input2
[    1.148990] ACPI: Power Button [PWRF]
[    1.149500] ACPI: Video Device [VID] (multi-head: yes  rom: no  post: no)
[    1.157296] acpi device:01: registered as cooling_device0
[    1.157791] input: Video Bus as /devices/LNXSYSTM:00/LNXSYBUS:00/PNP0A08:00/LNXVIDEO:00/input/input3
[    1.159128] ACPI: \_PR_.CPU0: Found 3 idle states
[    1.169276] ACPI: \_PR_.CPU1: Found 3 idle states
[    1.175523] thermal LNXTHERM:00: registered as thermal_zone0
[    1.175611] ACPI: Thermal Zone [THM0] (65 C)
[    1.179462] thermal LNXTHERM:01: registered as thermal_zone1
[    1.179550] ACPI: Thermal Zone [THM1] (65 C)
[    1.180249] Serial: 8250/16550 driver, 4 ports, IRQ sharing disabled
[    1.181033] serial8250: ttyS1 at I/O 0x2f8 (irq = 3, base_baud = 921600) is a NS16550A
[    1.184093] lp: driver loaded but no devices found
[    1.184453] Non-volatile memory driver v1.3
[    1.184898] intel_rng: FWH not detected
[    1.185133] Linux agpgart interface v0.103
[    1.186341] [drm] radeon kernel modesetting enabled.
[    1.188574] pci 0000:00:00.0: Intel 945GM Chipset
[    1.188683] pci 0000:00:00.0: detected gtt size: 262144K total, 262144K mappable
[    1.189348] pci 0000:00:00.0: detected 8192K stolen memory
[    1.189686] i915 0000:00:02.0: vgaarb: deactivate vga console
[    1.191156] Console: switching to colour dummy device 80x25
[    1.192734] [drm] Supports vblank timestamp caching Rev 2 (21.10.2013).
[    1.192795] resource sanity check: requesting [mem 0x000c0000-0x000dffff], which spans more than pnp 00:00 [mem 0x000c8000-0x000cbfff]
[    1.192869] caller pci_map_rom+0x6f/0x174 mapping multiple BARs
[    1.194408] i915 0000:00:02.0: vgaarb: changed VGA decodes: olddecodes=io+mem,decodes=io+mem:owns=io+mem
[    1.207791] random: fast init done
[    1.211067] battery: ACPI: Deprecated procfs I/F for battery is loaded, please retry with CONFIG_ACPI_PROCFS_POWER cleared
[    1.211151] battery: ACPI: Battery Slot [BAT0] (battery present)
[    1.218456] i915 0000:00:02.0: [drm] Initialized overlay support.
[    1.220269] [drm] Initialized i915 1.6.0 20200313 for 0000:00:02.0 on minor 0
[    1.221764] usbcore: registered new interface driver udl
[    1.237259] fbcon: i915drmfb (fb0) is primary device
[    1.241595] loop: module loaded
[    1.303790] ahci 0000:00:1f.2: version 3.0
[    1.304526] ahci 0000:00:1f.2: AHCI 0001.0100 32 slots 4 ports 1.5 Gbps 0x1 impl SATA mode
[    1.304532] ahci 0000:00:1f.2: flags: 64bit ncq pm led clo pio slum part 
[    1.307076] scsi host0: ahci
[    1.307816] scsi host1: ahci
[    1.308365] scsi host2: ahci
[    1.308960] scsi host3: ahci
[    1.309296]  ata1: SATA max UDMA/133 abar m1024@0xee444400 port 0xee444500 irq 16
[    1.309298]  ata2: DUMMY
[    1.309300]  ata3: DUMMY
[    1.309302]  ata4: DUMMY
[    1.309474] ata_piix 0000:00:1f.1: version 2.13
[    1.312647] scsi host4: ata_piix
[    1.313176] scsi host5: ata_piix
[    1.313405]  ata5: PATA max UDMA/100 cmd 0x1f0 ctl 0x3f6 bmdma 0x1810 irq 14
[    1.313408]  ata6: PATA max UDMA/100 cmd 0x170 ctl 0x376 bmdma 0x1818 irq 15
[    1.314800] tun: Universal TUN/TAP device driver, 1.6
[    1.315254] e1000: Intel(R) PRO/1000 Network Driver - version 7.3.21-k8-NAPI
[    1.315256] e1000: Copyright (c) 1999-2006 Intel Corporation.
[    1.315396] e1000e: Intel(R) PRO/1000 Network Driver - 3.2.6-k
[    1.315398] e1000e: Copyright(c) 1999 - 2015 Intel Corporation.
[    1.315511] e1000e 0000:02:00.0: Disabling ASPM  L1
[    1.315515] e1000e 0000:02:00.0: can't disable ASPM; OS doesn't have ASPM control
[    1.315936] e1000e 0000:02:00.0: Interrupt Throttling Rate (ints/sec) set to dynamic conservative mode
[    1.422810] e1000e 0000:02:00.0 eth0: (PCI Express:2.5GT/s:Width x1) 00:16:d3:25:19:04
[    1.422840] e1000e 0000:02:00.0 eth0: Intel(R) PRO/1000 Network Connection
[    1.422918] e1000e 0000:02:00.0 eth0: MAC: 2, PHY: 2, PBA No: 005302-003
[    1.423393] PPP generic driver version 2.4.2
[    1.423710] PPP BSD Compression module registered
[    1.423714] PPP Deflate Compression module registered
[    1.423716] SLIP: version 0.8.4-NET3.019-NEWTTY (dynamic channels, max=256).
[    1.423717] CSLIP: code copyright 1989 Regents of the University of California.
[    1.423865] iwl3945: Intel(R) PRO/Wireless 3945ABG/BG Network Connection driver for Linux, in-tree:ds
[    1.423867] iwl3945: Copyright(c) 2003-2011 Intel Corporation
[    1.423868] iwl3945: hw_scan is disabled
[    1.424056] iwl3945 0000:03:00.0: can't disable ASPM; OS doesn't have ASPM control
[    1.478479] iwl3945 0000:03:00.0: Tunable channels: 11 802.11bg, 13 802.11a channels
[    1.478482] iwl3945 0000:03:00.0: Detected Intel Wireless WiFi Link 3945ABG
[    1.491608] ieee80211 phy0: Selected rate control algorithm 'iwl-3945-rs'
[    1.492592] Intel(R) Wireless WiFi driver for Linux
[    1.492593] Copyright(c) 2003- 2015 Intel Corporation
[    1.492813] usbcore: registered new interface driver ax88179_178a
[    1.492860] usbcore: registered new interface driver cdc_ether
[    1.492902] usbcore: registered new interface driver net1080
[    1.492952] usbcore: registered new interface driver cdc_subset
[    1.492994] usbcore: registered new interface driver zaurus
[    1.493048] usbcore: registered new interface driver cdc_ncm
[    1.493131] pci 0000:00:1e.0: enabling device (0005 -> 0007)
[    1.493364] yenta_cardbus 0000:15:00.0: CardBus bridge found [17aa:201c]
[    1.627450]  link1: SATA link up 1.5 Gbps (SStatus 113 SControl 300)
[    1.689781]  dev1.0: ACPI cmd f5/00:00:00:00:00:a0(SECURITY FREEZE LOCK) filtered out
[    1.689785]  dev1.0: ACPI cmd ef/10:03:00:00:00:a0(SET FEATURES) filtered out
[    1.733786]  dev1.0: ATA-9: ST1000LM014-1EJ164, SM11, max UDMA/133
[    1.733789]  dev1.0: 1953525168 sectors, multi 16: LBA48 NCQ (depth 32), AA
[    1.778503]  dev1.0: ACPI cmd f5/00:00:00:00:00:a0(SECURITY FREEZE LOCK) filtered out
[    1.778507]  dev1.0: ACPI cmd ef/10:03:00:00:00:a0(SET FEATURES) filtered out
[    1.822537]  dev1.0: configured for UDMA/133
[    1.895651] Console: switching to colour frame buffer device 102x42
[    2.036368] i915 0000:00:02.0: fb0: i915drmfb frame buffer device
[    2.039588] scsi 0:0:0:0: Direct-Access     ATA      ST1000LM014-1EJ1 SM11 PQ: 0 ANSI: 5
[    2.043572] sd 0:0:0:0: [sda] 1953525168 512-byte logical blocks: (1.00 TB/932 GiB)
[    2.043920] sd 0:0:0:0: Attached scsi generic sg0 type 0
[    2.046451] sd 0:0:0:0: [sda] 4096-byte physical blocks
[    2.052129] sd 0:0:0:0: [sda] Write Protect is off
[    2.054901] sd 0:0:0:0: [sda] Mode Sense: 00 3a 00 00
[    2.055020] sd 0:0:0:0: [sda] Write cache: enabled, read cache: enabled, doesn't support DPO or FUA
[    2.060411]  sda: sda1 sda2 sda3 sda4
[    2.065570] sd 0:0:0:0: [sda] Attached SCSI disk
[    2.208436] yenta_cardbus 0000:15:00.0: ISA IRQ mask 0x0cb8, PCI irq 16
[    2.211268] yenta_cardbus 0000:15:00.0: Socket status: 30000006
[    2.214098] yenta_cardbus 0000:15:00.0: pcmcia: parent PCI bridge window: [io  0x9000-0xcfff]
[    2.216907] yenta_cardbus 0000:15:00.0: pcmcia: parent PCI bridge window: [mem 0xe4300000-0xe7ffffff]
[    2.219648] pcmcia_socket pcmcia_socket0: cs: memory probe 0xe4300000-0xe7ffffff:
[    2.222410]  excluding 0xe4300000-0xe46cffff
[    2.225184] yenta_cardbus 0000:15:00.0: pcmcia: parent PCI bridge window: [mem 0xe0000000-0xe3ffffff 64bit pref]
[    2.228091] pcmcia_socket pcmcia_socket0: cs: memory probe 0xe0000000-0xe3ffffff:
[    2.231044]  excluding 0xe0000000-0xe3ffffff
[    2.234980] ehci_hcd: USB 2.0 'Enhanced' Host Controller (EHCI) Driver
[    2.237912] ehci-pci: EHCI PCI platform driver
[    2.241335] ehci-pci 0000:00:1d.7: EHCI Host Controller
[    2.244580] ehci-pci 0000:00:1d.7: new USB bus registered, assigned bus number 1
[    2.247671] ehci-pci 0000:00:1d.7: debug port 1
[    2.254668] ehci-pci 0000:00:1d.7: cache line size of 64 is not supported
[    2.257854] ehci-pci 0000:00:1d.7: irq 19, io mem 0xee444000
[    2.275453] ehci-pci 0000:00:1d.7: USB 2.0 started, EHCI 1.00
[    2.278968] usb usb1: New USB device found, idVendor=1d6b, idProduct=0002, bcdDevice= 5.06
[    2.282201] usb usb1: New USB device strings: Mfr=3, Product=2, SerialNumber=1
[    2.285401] usb usb1: Product: EHCI Host Controller
[    2.288520] usb usb1: Manufacturer: Linux 5.6.0-rc7-next-20200323+ ehci_hcd
[    2.291705] usb usb1: SerialNumber: 0000:00:1d.7
[    2.295598] hub 1-0:1.0: USB hub found
[    2.298737] hub 1-0:1.0: 8 ports detected
[    2.303773] ohci_hcd: USB 1.1 'Open' Host Controller (OHCI) Driver
[    2.306829] ohci-pci: OHCI PCI platform driver
[    2.309914] uhci_hcd: USB Universal Host Controller Interface driver
[    2.313476] uhci_hcd 0000:00:1d.0: UHCI Host Controller
[    2.316801] uhci_hcd 0000:00:1d.0: new USB bus registered, assigned bus number 2
[    2.320163] uhci_hcd 0000:00:1d.0: detected 2 ports
[    2.323143] uhci_hcd 0000:00:1d.0: irq 16, io base 0x00001820
[    2.326340] usb usb2: New USB device found, idVendor=1d6b, idProduct=0001, bcdDevice= 5.06
[    2.329408] usb usb2: New USB device strings: Mfr=3, Product=2, SerialNumber=1
[    2.332495] usb usb2: Product: UHCI Host Controller
[    2.335507] usb usb2: Manufacturer: Linux 5.6.0-rc7-next-20200323+ uhci_hcd
[    2.338489] usb usb2: SerialNumber: 0000:00:1d.0
[    2.342106] hub 2-0:1.0: USB hub found
[    2.345094] hub 2-0:1.0: 2 ports detected
[    2.349234] uhci_hcd 0000:00:1d.1: UHCI Host Controller
[    2.352416] uhci_hcd 0000:00:1d.1: new USB bus registered, assigned bus number 3
[    2.355429] uhci_hcd 0000:00:1d.1: detected 2 ports
[    2.358310] uhci_hcd 0000:00:1d.1: irq 17, io base 0x00001840
[    2.361420] usb usb3: New USB device found, idVendor=1d6b, idProduct=0001, bcdDevice= 5.06
[    2.364282] usb usb3: New USB device strings: Mfr=3, Product=2, SerialNumber=1
[    2.367028] usb usb3: Product: UHCI Host Controller
[    2.369731] usb usb3: Manufacturer: Linux 5.6.0-rc7-next-20200323+ uhci_hcd
[    2.372467] usb usb3: SerialNumber: 0000:00:1d.1
[    2.375814] hub 3-0:1.0: USB hub found
[    2.378501] hub 3-0:1.0: 2 ports detected
[    2.382340] uhci_hcd 0000:00:1d.2: UHCI Host Controller
[    2.385241] uhci_hcd 0000:00:1d.2: new USB bus registered, assigned bus number 4
[    2.387943] uhci_hcd 0000:00:1d.2: detected 2 ports
[    2.390625] uhci_hcd 0000:00:1d.2: irq 18, io base 0x00001860
[    2.393525] usb usb4: New USB device found, idVendor=1d6b, idProduct=0001, bcdDevice= 5.06
[    2.396241] usb usb4: New USB device strings: Mfr=3, Product=2, SerialNumber=1
[    2.398909] usb usb4: Product: UHCI Host Controller
[    2.401556] usb usb4: Manufacturer: Linux 5.6.0-rc7-next-20200323+ uhci_hcd
[    2.404241] usb usb4: SerialNumber: 0000:00:1d.2
[    2.407854] hub 4-0:1.0: USB hub found
[    2.410500] hub 4-0:1.0: 2 ports detected
[    2.414290] uhci_hcd 0000:00:1d.3: UHCI Host Controller
[    2.417221] uhci_hcd 0000:00:1d.3: new USB bus registered, assigned bus number 5
[    2.419904] uhci_hcd 0000:00:1d.3: detected 2 ports
[    2.422546] uhci_hcd 0000:00:1d.3: irq 19, io base 0x00001880
[    2.425372] usb usb5: New USB device found, idVendor=1d6b, idProduct=0001, bcdDevice= 5.06
[    2.428066] usb usb5: New USB device strings: Mfr=3, Product=2, SerialNumber=1
[    2.430722] usb usb5: Product: UHCI Host Controller
[    2.433399] usb usb5: Manufacturer: Linux 5.6.0-rc7-next-20200323+ uhci_hcd
[    2.436077] usb usb5: SerialNumber: 0000:00:1d.3
[    2.439297] hub 5-0:1.0: USB hub found
[    2.441945] hub 5-0:1.0: 2 ports detected
[    2.445436] usbcore: registered new interface driver cdc_acm
[    2.447979] cdc_acm: USB Abstract Control Model driver for USB modems and ISDN adapters
[    2.450666] usbcore: registered new interface driver usblp
[    2.453437] usbcore: registered new interface driver usb-storage
[    2.456116] usbcore: registered new interface driver ums-sddr09
[    2.458809] usbcore: registered new interface driver usbserial_generic
[    2.461412] usbserial: USB Serial support registered for generic
[    2.464054] usbcore: registered new interface driver ch341
[    2.466594] usbserial: USB Serial support registered for ch341-uart
[    2.469203] usbcore: registered new interface driver cp210x
[    2.471761] usbserial: USB Serial support registered for cp210x
[    2.474330] usbcore: registered new interface driver ftdi_sio
[    2.476879] usbserial: USB Serial support registered for FTDI USB Serial Device
[    2.479582] usbcore: registered new interface driver option
[    2.482216] usbserial: USB Serial support registered for GSM modem (1-port)
[    2.485037] usbcore: registered new interface driver pl2303
[    2.487743] usbserial: USB Serial support registered for pl2303
[    2.490462] usbcore: registered new interface driver ti_usb_3410_5052
[    2.493223] usbserial: USB Serial support registered for TI USB 3410 1 port adapter
[    2.496017] usbserial: USB Serial support registered for TI USB 5052 2 port adapter
[    2.498677] ftdi_elan: driver ftdi-elan
[    2.501343] usbcore: registered new interface driver ftdi-elan
[    2.504166] i8042: PNP: PS/2 Controller [PNP0303:KBD,PNP0f13:MOU] at 0x60,0x64 irq 1,12
[    2.519085] serio: i8042 KBD port at 0x60,0x64 irq 1
[    2.522069] serio: i8042 AUX port at 0x60,0x64 irq 12
[    2.525453] mousedev: PS/2 mouse device common for all mice
[    2.529426] input: PC Speaker as /devices/platform/pcspkr/input/input5
[    2.532716] rtc_cmos 00:02: RTC can wake from S4
[    2.536407] rtc_cmos 00:02: registered as rtc0
[    2.539291] rtc_cmos 00:02: alarms up to one month, y3k, 114 bytes nvram, hpet irqs
[    2.542246] usbcore: registered new interface driver uvcvideo
[    2.545059] USB Video Class driver (1.1.1)
[    2.547988] input: AT Translated Set 2 keyboard as /devices/platform/i8042/serio0/input/input4
[    2.552285] gspca_main: v2.14.0 registered
[    2.555121] usbcore: registered new interface driver sq930x
[    2.559112] device-mapper: ioctl: 4.42.0-ioctl (2020-02-27) initialised: dm-devel@redhat.com
[    2.562132] Bluetooth: HCI UART driver ver 2.3
[    2.566923] Bluetooth: HCI UART protocol H4 registered
[    2.569809] Bluetooth: HCI UART protocol BCSP registered
[    2.572769] usbcore: registered new interface driver btusb
[    2.576233] intel_pstate: CPU model not supported
[    2.579205] sdhci: Secure Digital Host Controller Interface driver
[    2.582399] sdhci: Copyright(c) Pierre Ossman
[    2.585398] sdhci-pci 0000:15:00.2: SDHCI controller found [1180:0822] (rev 18)
[    2.588892] sdhci-pci 0000:15:00.2: Will use DMA mode even though HW doesn't fully claim to support it.
[    2.592539] mmc0 bounce up to 128 segments into one, max segment size 65536 bytes
[    2.599982] sdhci-pci 0000:15:00.2: Will use DMA mode even though HW doesn't fully claim to support it.
[    2.603757] mmc0: SDHCI controller on PCI [0000:15:00.2] using DMA
[    2.607404] hid: raw HID events driver (C) Jiri Kosina
[    2.612069] usbcore: registered new interface driver usbhid
[    2.615692] usbhid: USB HID core driver
[    2.619956] thinkpad_acpi: ThinkPad ACPI Extras v0.26
[    2.623342] thinkpad_acpi: http://ibm-acpi.sf.net/
[    2.626456] thinkpad_acpi: ThinkPad BIOS 7BETD8WW (2.19 ), EC 7BHT40WW-1.13
[    2.629550] thinkpad_acpi: Lenovo ThinkPad X60, model 17097HU
[    2.643665] thinkpad_acpi: ACPI backlight control delay disabled
[    2.647279] thinkpad_acpi: radio switch found; radios are enabled
[    2.650677] thinkpad_acpi: This ThinkPad has standard ACPI backlight brightness control, supported by the ACPI video driver
[    2.657027] thinkpad_acpi: Disabling thinkpad-acpi brightness events by default...
[    2.661390] sdhci-pci 0000:15:00.2: Will use DMA mode even though HW doesn't fully claim to support it.
[    2.671707] thinkpad_acpi: rfkill switch tpacpi_bluetooth_sw: radio is unblocked
[    2.678443] thinkpad_acpi: warning: userspace override of important firmware LEDs is enabled
[    2.687105] thinkpad_acpi: Standard ACPI backlight interface available, not loading native one
[    2.690639] thinkpad_acpi: volume: disabled as there is no ALSA support in this kernel
[    2.694772] thinkpad_acpi: battery 1 registered (start 0, stop 0)
[    2.694787] battery: new extension: ThinkPad Battery Extension
[    2.701977] input: ThinkPad Extra Buttons as /devices/platform/thinkpad_acpi/input/input8
[    2.710632] snd_hda_intel 0000:00:1b.0: probe_mask set to 0x1 for device 17aa:2010
[    2.714768] usbcore: registered new interface driver snd-usb-audio
[    2.720163] NET: Registered protocol family 17
[    2.723890] Bluetooth: RFCOMM TTY layer initialized
[    2.727841] Bluetooth: RFCOMM socket layer initialized
[    2.731311] Bluetooth: RFCOMM ver 1.11
[    2.734697] Bluetooth: BNEP (Ethernet Emulation) ver 1.3
[    2.738125] Bluetooth: BNEP filters: protocol multicast
[    2.738143] sdhci-pci 0000:15:00.2: Will use DMA mode even though HW doesn't fully claim to support it.
[    2.741442] Bluetooth: BNEP socket layer initialized
[    2.748283] Bluetooth: HIDP (Human Interface Emulation) ver 1.2
[    2.751722] Bluetooth: HIDP socket layer initialized
[    2.755185] start plist test
[    2.759987] snd_hda_codec_analog hdaudioC0D0: autoconfig for AD1981: line_outs=1 (0x5/0x0/0x0/0x0/0x0) type:speaker
[    2.767824] end plist test
[    2.768118] microcode: sig=0x6e8, pf=0x20, revision=0x39
[    2.771578] snd_hda_codec_analog hdaudioC0D0:    speaker_outs=0 (0x0/0x0/0x0/0x0/0x0)
[    2.775052] snd_hda_codec_analog hdaudioC0D0:    hp_outs=0 (0x0/0x0/0x0/0x0/0x0)
[    2.778548] microcode: Microcode Update Driver: v2.2.
[    2.778554] IPI shorthand broadcast: enabled
[    2.785179] snd_hda_codec_analog hdaudioC0D0:    mono: mono_out=0x0
[    2.788669] snd_hda_codec_analog hdaudioC0D0:    inputs:
[    2.792153] snd_hda_codec_analog hdaudioC0D0:      Mic=0x8
[    2.792474] Loading compiled-in X.509 certificates
[    2.795543] snd_hda_codec_analog hdaudioC0D0:      CD=0x19
[    2.798882] Key type ._fscrypt registered
[    2.805614] Key type .fscrypt registered
[    2.808804] Key type fscrypt-provisioning registered
[    2.813427] Key type encrypted registered
[    2.817790] rtc_cmos 00:02: setting system clock to 2020-04-02T16:45:13 UTC (1585845913)
[    2.825095] cfg80211: Loading compiled-in X.509 certificates for regulatory database
[    2.828170] sdhci-pci 0000:15:00.2: Will use DMA mode even though HW doesn't fully claim to support it.
[    2.834449] cfg80211: Loaded X.509 cert 'sforshee: 00b28ddf47aef9cea7'
[    2.838044] platform regulatory.0: Direct firmware load for regulatory.db failed with error -2
[    2.838486] PM: Image not found (code -22)
[    2.841212] cfg80211: failed to load regulatory.db
[    2.841223] ALSA device list:
[    2.847495]   #0: HDA Intel at 0xee240000 irq 17
[    2.891889] sdhci-pci 0000:15:00.2: Will use DMA mode even though HW doesn't fully claim to support it.
[    2.935392] usb 5-1: new full-speed USB device number 2 using uhci_hcd
[    3.129275] usb 5-1: New USB device found, idVendor=0a5c, idProduct=2110, bcdDevice= 1.00
[    3.134875] usb 5-1: New USB device strings: Mfr=1, Product=2, SerialNumber=0
[    3.140444] usb 5-1: Product: BCM2045B
[    3.145950] usb 5-1: Manufacturer: Broadcom Corp
[    3.175159] psmouse serio1: trackpoint: IBM TrackPoint firmware: 0x0e, buttons: 3/3
[    3.197118] input: TPPS/2 IBM TrackPoint as /devices/platform/i8042/serio1/input/input7
[    3.208000] md: Waiting for all devices to be available before autodetect
[    3.212382] md: If you don't use raid, use raid=noautodetect
[    3.217584] md: Autodetecting RAID arrays.
[    3.220803] md: autorun ...
[    3.223966] md: ... autorun DONE.
[    3.252129] EXT4-fs (sda4): mounted filesystem with ordered data mode. Opts: (null)
[    3.257748] VFS: Mounted root (ext4 filesystem) readonly on device 8:4.
[    3.262511] devtmpfs: mounted
[    3.267389] Freeing unused kernel image (initmem) memory: 668K
[    3.271832] Write protecting kernel text and read-only data: 18424k
[    3.274866] NX-protecting the kernel data: 7376k
[    3.278808] x86/mm: Checked W+X mappings: passed, no W+X pages found.
[    3.281883] rodata_test: all tests were successful
[    3.285078] x86/mm: Checking user space page tables
[    3.288315] x86/mm: Checked W+X mappings: passed, no W+X pages found.
[    3.291467] Run /sbin/init as init process
[    3.294589]   with arguments:
[    3.294592]     /sbin/init
[    3.294595]   with environment:
[    3.294597]     HOME=/
[    3.294600]     TERM=linux
[    3.294602]     BOOT_IMAGE=(hd0,2)/fast/l/linux-next-32/arch/x86/boot/bzImage
[    3.600635] random: systemd: uninitialized urandom read (16 bytes read)
[    3.608086] systemd[1]: systemd 215 running in system mode. (+PAM +AUDIT +SELINUX +IMA +SYSVINIT +LIBCRYPTSETUP +GCRYPT +ACL +XZ -SECCOMP -APPARMOR)
[    3.635600] systemd[1]: Detected architecture 'x86'.
[    3.731590] systemd[1]: Failed to insert module 'ipv6'
[    3.744169] systemd[1]: Set hostname to <amd>.
[    3.820835] random: systemd-sysv-ge: uninitialized urandom read (16 bytes read)
[    3.927419] usb 5-2: new full-speed USB device number 3 using uhci_hcd
[    4.129276] usb 5-2: New USB device found, idVendor=0483, idProduct=2016, bcdDevice= 0.01
[    4.133799] usb 5-2: New USB device strings: Mfr=1, Product=2, SerialNumber=0
[    4.138085] usb 5-2: Product: Biometric Coprocessor
[    4.142179] usb 5-2: Manufacturer: STMicroelectronics
[    4.511645] random: systemd: uninitialized urandom read (16 bytes read)
[    4.606639] urandom_read: 2 callbacks suppressed
[    4.606643] random: systemd: uninitialized urandom read (16 bytes read)
[    4.617747] random: systemd: uninitialized urandom read (16 bytes read)
[    4.621823] random: systemd: uninitialized urandom read (16 bytes read)
[    4.814353] systemd[1]: [/lib/systemd/system/anacron.timer:6] Unknown lvalue 'RandomizedDelaySec' in section 'Timer'
[    4.940573] systemd[1]: Binding to IPv6 address not available since kernel does not support IPv6.
[    4.946128] systemd[1]: [/lib/systemd/system/gpsd.socket:6] Failed to parse address value, ignoring: [::1]:2947
[    5.241681] systemd[1]: Starting User and Group Name Lookups.
[    5.254634] systemd[1]: Reached target User and Group Name Lookups.
[    5.257863] systemd[1]: Starting Forward Password Requests to Wall Directory Watch.
[    6.015447] systemd-udevd[2515]: starting version 215
[    6.124059] random: crng init done
[    6.128207] random: 2 urandom warning(s) missed due to ratelimiting
[    6.649955] EXT4-fs (sda4): re-mounted. Opts: errors=remount-ro
[    7.780539] e1000e 0000:02:00.0 eth1: renamed from eth0
[    7.801343] systemd-udevd[2532]: renamed network interface eth0 to eth1
[    8.659491] Adding 2097148k swap on /dev/sda1.  Priority:-2 extents:1 across:2097148k 
[    8.902658] EXT4-fs (sda2): mounted filesystem with ordered data mode. Opts: errors=remount-ro
[    9.213024] systemd-journald[1984]: Received request to flush runtime journal from PID 1
[   18.182430] iwl3945 0000:03:00.0: loaded firmware version 15.32.2.9
[  188.731689] traps: clock-applet[3621] trap int3 ip:b71d0fc0 sp:bfc1f4f0 error:0 in libglib-2.0.so.0.5000.3[b7184000+12a000]
[  194.019038] wlan0: authenticate with 5c:f4:ab:10:d2:bb
[  194.025143] wlan0: send auth to 5c:f4:ab:10:d2:bb (try 1/3)
[  194.049256] wlan0: authenticated
[  194.051707] wlan0: associate with 5c:f4:ab:10:d2:bb (try 1/3)
[  194.055206] wlan0: RX AssocResp from 5c:f4:ab:10:d2:bb (capab=0x411 status=0 aid=2)
[  194.069326] wlan0: associated
[  752.466693] wlan0: authenticate with 5c:f4:ab:10:d2:bb
[  752.470965] wlan0: send auth to 5c:f4:ab:10:d2:bb (try 1/3)
[  752.480096] wlan0: authenticated
[  752.487392] wlan0: associate with 5c:f4:ab:10:d2:bb (try 1/3)
[  752.492680] wlan0: RX AssocResp from 5c:f4:ab:10:d2:bb (capab=0x411 status=0 aid=2)
[  752.504102] wlan0: associated
[ 1883.196909] perf: interrupt took too long (2501 > 2500), lowering kernel.perf_event_max_sample_rate to 79750
[ 2026.579617] perf: interrupt took too long (3130 > 3126), lowering kernel.perf_event_max_sample_rate to 63750
[ 2199.685265] perf: interrupt took too long (3923 > 3912), lowering kernel.perf_event_max_sample_rate to 50750
[10206.308584] wlan0: deauthenticating from 5c:f4:ab:10:d2:bb by local choice (Reason: 3=DEAUTH_LEAVING)
[10206.671825] PM: suspend entry (deep)
[10206.719987] Filesystems sync: 0.048 seconds
[10206.741421] Freezing user space processes ... (elapsed 0.006 seconds) done.
[10206.747824] OOM killer disabled.
[10206.747833] Freezing remaining freezable tasks ... (elapsed 0.001 seconds) done.
[10206.749761] printk: Suspending console(s) (use no_console_suspend to debug)
[10207.570663] e1000e: EEE TX LPI TIMER: 00000000
[10207.575496] sd 0:0:0:0: [sda] Synchronizing SCSI cache
[10207.605938] sd 0:0:0:0: [sda] Stopping disk
[10207.922014] PM: suspend devices took 1.172 seconds
[10207.946308] ACPI: EC: interrupt blocked
[10207.964155] ACPI: Preparing to enter system sleep state S3
[10207.979677] ACPI: EC: event blocked
[10207.979682] ACPI: EC: EC stopped
[10207.979688] PM: Saving platform NVS memory
[10207.980023] Disabling non-boot CPUs ...
[10207.981946] IRQ 1: no longer affine to CPU1
[10207.981958] IRQ 9: no longer affine to CPU1
[10207.981969] IRQ 12: no longer affine to CPU1
[10207.981987] IRQ 16: no longer affine to CPU1
[10207.981997] IRQ 17: no longer affine to CPU1
[10207.983039] smpboot: CPU 1 is now offline
[10207.986147] ACPI: Low-level resume complete
[10207.986147] ACPI: EC: EC started
[10207.986147] PM: Restoring platform NVS memory
[10207.986147] Enabling non-boot CPUs ...
[10207.987866] x86: Booting SMP configuration:
[10207.987871] smpboot: Booting Node 0 Processor 1 APIC 0x1
[10207.983020] Disabled fast string operations
[10207.990871] ACPI: \_PR_.CPU1: Found 3 idle states
[10207.992758] CPU1 is up
[10207.994146] ACPI: Waking up from system sleep state S3
[10208.007291] ACPI: \_PR_.CPU0: Found 3 idle states
[10208.009182] ACPI: \_PR_.CPU0: Found 3 idle states
[10208.010970] ACPI: \_PR_.CPU1: Found 3 idle states
[10208.022713] ACPI: EC: interrupt unblocked
[10208.047283] usb usb5: root hub lost power or was reset
[10208.047517] sdhci-pci 0000:15:00.2: Will use DMA mode even though HW doesn't fully claim to support it.
[10208.047529] sdhci-pci 0000:15:00.2: Will use DMA mode even though HW doesn't fully claim to support it.
[10208.051478] usb usb2: root hub lost power or was reset
[10208.051621] usb usb3: root hub lost power or was reset
[10208.051850] usb usb4: root hub lost power or was reset
[10208.055439] ACPI: EC: event unblocked
[10208.068726] sd 0:0:0:0: [sda] Starting disk
[10208.224333] thinkpad_acpi: ACPI backlight control delay disabled
[10208.367073]  link1: SATA link up 1.5 Gbps (SStatus 113 SControl 300)
[10208.368039]  dev1.0: ACPI cmd f5/00:00:00:00:00:a0(SECURITY FREEZE LOCK) filtered out
[10208.368048]  dev1.0: ACPI cmd ef/10:03:00:00:00:a0(SET FEATURES) filtered out
[10208.369830]  dev1.0: ACPI cmd f5/00:00:00:00:00:a0(SECURITY FREEZE LOCK) filtered out
[10208.369838]  dev1.0: ACPI cmd ef/10:03:00:00:00:a0(SET FEATURES) filtered out
[10208.370302]  dev1.0: configured for UDMA/133
[10208.427396] usb 5-1: reset full-speed USB device number 2 using uhci_hcd
[10208.715522] usb 5-2: reset full-speed USB device number 3 using uhci_hcd
[10212.168733] PM: resume devices took 4.124 seconds
[10212.169505] OOM killer enabled.
[10212.169518] Restarting tasks ... done.
[10212.209091] video LNXVIDEO:00: Restoring backlight state
[10212.251766] PM: suspend exit
[10212.290724] sdhci-pci 0000:15:00.2: Will use DMA mode even though HW doesn't fully claim to support it.
[10212.330639] sdhci-pci 0000:15:00.2: Will use DMA mode even though HW doesn't fully claim to support it.
[10212.384524] sdhci-pci 0000:15:00.2: Will use DMA mode even though HW doesn't fully claim to support it.
[10212.446966] sdhci-pci 0000:15:00.2: Will use DMA mode even though HW doesn't fully claim to support it.
[10212.722869] e1000e 0000:02:00.0 eth1: NIC Link is Down
[10215.303512] wlan0: authenticate with 5c:f4:ab:10:d2:bb
[10215.303676] wlan0: send auth to 5c:f4:ab:10:d2:bb (try 1/3)
[10215.306331] wlan0: authenticated
[10215.311491] wlan0: associate with 5c:f4:ab:10:d2:bb (try 1/3)
[10215.314261] wlan0: RX AssocResp from 5c:f4:ab:10:d2:bb (capab=0x411 status=0 aid=2)
[10215.316362] wlan0: associated
