[    0.000000] Linux version 5.6.0-next-20200412+ (pavel@pollux.denx.de) (gcc version 9.2.1 20190827 (Red Hat 9.2.1-1) (GCC), GNU ld version 2.32-31.fc31) #105 SMP PREEMPT Sun Apr 12 10:27:07 CEST 2020
[    0.000000] Disabled fast string operations
[    0.000000] x86/fpu: x87 FPU will use FXSAVE
[    0.000000] BIOS-provided physical RAM map:
[    0.000000] BIOS-e820: [mem 0x0000000000000000-0x000000000009efff] usable
[    0.000000] BIOS-e820: [mem 0x000000000009f000-0x000000000009ffff] reserved
[    0.000000] BIOS-e820: [mem 0x00000000000dc000-0x00000000000fffff] reserved
[    0.000000] BIOS-e820: [mem 0x0000000000100000-0x00000000bf6cffff] usable
[    0.000000] BIOS-e820: [mem 0x00000000bf6d0000-0x00000000bf6defff] ACPI data
[    0.000000] BIOS-e820: [mem 0x00000000bf6df000-0x00000000bf6fffff] ACPI NVS
[    0.000000] BIOS-e820: [mem 0x00000000bf700000-0x00000000bfffffff] reserved
[    0.000000] BIOS-e820: [mem 0x00000000f0000000-0x00000000f3ffffff] reserved
[    0.000000] BIOS-e820: [mem 0x00000000fec00000-0x00000000fec0ffff] reserved
[    0.000000] BIOS-e820: [mem 0x00000000fed00000-0x00000000fed003ff] reserved
[    0.000000] BIOS-e820: [mem 0x00000000fed14000-0x00000000fed19fff] reserved
[    0.000000] BIOS-e820: [mem 0x00000000fed1c000-0x00000000fed8ffff] reserved
[    0.000000] BIOS-e820: [mem 0x00000000fee00000-0x00000000fee00fff] reserved
[    0.000000] BIOS-e820: [mem 0x00000000ff800000-0x00000000ffffffff] reserved
[    0.000000] NX (Execute Disable) protection: active
[    0.000000] SMBIOS 2.4 present.
[    0.000000] DMI: LENOVO 17097HU/17097HU, BIOS 7BETD8WW (2.19 ) 03/31/2011
[    0.000000] tsc: Fast TSC calibration using PIT
[    0.000000] tsc: Detected 1828.573 MHz processor
[    0.013421] e820: update [mem 0x00000000-0x00000fff] usable ==> reserved
[    0.013426] e820: remove [mem 0x000a0000-0x000fffff] usable
[    0.013437] last_pfn = 0xbf6d0 max_arch_pfn = 0x1000000
[    0.013450] MTRR default type: uncachable
[    0.013452] MTRR fixed ranges enabled:
[    0.013456]   00000-9FFFF write-back
[    0.013459]   A0000-BFFFF uncachable
[    0.013462]   C0000-CFFFF write-protect
[    0.013464]   D0000-DBFFF uncachable
[    0.013467]   DC000-DFFFF write-back
[    0.013470]   E0000-FFFFF write-protect
[    0.013473] MTRR variable ranges enabled:
[    0.013476]   0 base 000000000 mask F80000000 write-back
[    0.013480]   1 base 080000000 mask FC0000000 write-back
[    0.013483]   2 base 0BF700000 mask FFFF00000 uncachable
[    0.013486]   3 base 0BF800000 mask FFF800000 uncachable
[    0.013488]   4 disabled
[    0.013491]   5 disabled
[    0.013493]   6 disabled
[    0.013495]   7 disabled
[    0.014560] x86/PAT: PAT not supported by the CPU.
[    0.015772] x86/PAT: Configuration [0-7]: WB  WT  UC- UC  WB  WT  UC- UC  
[    0.015792] initial memory mapped: [mem 0x00000000-0x05bfffff]
[    0.015876] BRK [0x05696000, 0x05696fff] PGTABLE
[    0.015898] BRK [0x05697000, 0x05697fff] PGTABLE
[    0.015909] ACPI: Early table checksum verification disabled
[    0.015920] ACPI: RSDP 0x00000000000F67C0 000024 (v02 LENOVO)
[    0.015929] ACPI: XSDT 0x00000000BF6D191C 000084 (v01 LENOVO TP-7B    00002190  LTP 00000000)
[    0.015942] ACPI: FACP 0x00000000BF6D1A00 0000F4 (v03 LENOVO TP-7B    00002190 LNVO 00000001)
[    0.015953] ACPI BIOS Warning (bug): 32/64X length mismatch in FADT/Gpe0Block: 64/32 (20200326/tbfadt-564)
[    0.015961] ACPI BIOS Warning (bug): Optional FADT field Gpe1Block has valid Address but zero Length: 0x000000000000102C/0x0 (20200326/tbfadt-615)
[    0.015971] ACPI: DSDT 0x00000000BF6D1D90 00CFB9 (v01 LENOVO TP-7B    00002190 MSFT 0100000E)
[    0.015980] ACPI: FACS 0x00000000BF6F4000 000040
[    0.015987] ACPI: FACS 0x00000000BF6F4000 000040
[    0.015995] ACPI: SSDT 0x00000000BF6D1BB4 0001DC (v01 LENOVO TP-7B    00002190 MSFT 0100000E)
[    0.016004] ACPI: ECDT 0x00000000BF6DED49 000052 (v01 LENOVO TP-7B    00002190 LNVO 00000001)
[    0.016013] ACPI: TCPA 0x00000000BF6DED9B 000032 (v02 LENOVO TP-7B    00002190 LNVO 00000001)
[    0.016021] ACPI: APIC 0x00000000BF6DEDCD 000068 (v01 LENOVO TP-7B    00002190 LNVO 00000001)
[    0.016030] ACPI: MCFG 0x00000000BF6DEE35 00003C (v01 LENOVO TP-7B    00002190 LNVO 00000001)
[    0.016039] ACPI: HPET 0x00000000BF6DEE71 000038 (v01 LENOVO TP-7B    00002190 LNVO 00000001)
[    0.016048] ACPI: BOOT 0x00000000BF6DEFD8 000028 (v01 LENOVO TP-7B    00002190  LTP 00000001)
[    0.016057] ACPI: SSDT 0x00000000BF6F2645 00025F (v01 LENOVO TP-7B    00002190 INTL 20050513)
[    0.016066] ACPI: SSDT 0x00000000BF6F28A4 0000A6 (v01 LENOVO TP-7B    00002190 INTL 20050513)
[    0.016075] ACPI: SSDT 0x00000000BF6F294A 0004F7 (v01 LENOVO TP-7B    00002190 INTL 20050513)
[    0.016083] ACPI: SSDT 0x00000000BF6F2E41 0001D8 (v01 LENOVO TP-7B    00002190 INTL 20050513)
[    0.016104] ACPI: Local APIC address 0xfee00000
[    0.016110] 2176MB HIGHMEM available.
[    0.016115] 885MB LOWMEM available.
[    0.016119]   mapped low ram: 0 - 375fe000
[    0.016122]   low ram: 0 - 375fe000
[    0.016134] BRK [0x05698000, 0x05698fff] PGTABLE
[    0.016139] Zone ranges:
[    0.016143]   DMA      [mem 0x0000000000001000-0x0000000000ffffff]
[    0.016148]   Normal   [mem 0x0000000001000000-0x00000000375fdfff]
[    0.016153]   HighMem  [mem 0x00000000375fe000-0x00000000bf6cffff]
[    0.016158] Movable zone start for each node
[    0.016161] Early memory node ranges
[    0.016166]   node   0: [mem 0x0000000000001000-0x000000000009efff]
[    0.016170]   node   0: [mem 0x0000000000100000-0x00000000bf6cffff]
[    0.016175] Initmem setup node 0 [mem 0x0000000000001000-0x00000000bf6cffff]
[    0.016180] On node 0 totalpages: 783982
[    0.027580]   DMA zone: 32 pages used for memmap
[    0.027583]   DMA zone: 0 pages reserved
[    0.027587]   DMA zone: 3998 pages, LIFO batch:0
[    0.027697]   Normal zone: 1740 pages used for memmap
[    0.027699]   Normal zone: 222718 pages, LIFO batch:63
[    0.033289]   HighMem zone: 557266 pages, LIFO batch:63
[    0.047433] Using APIC driver default
[    0.047449] Reserving Intel graphics memory at [mem 0xbf800000-0xbfffffff]
[    0.047932] ACPI: PM-Timer IO Port: 0x1008
[    0.047937] ACPI: Local APIC address 0xfee00000
[    0.047950] ACPI: LAPIC_NMI (acpi_id[0x00] high edge lint[0x1])
[    0.047955] ACPI: LAPIC_NMI (acpi_id[0x01] high edge lint[0x1])
[    0.047980] IOAPIC[0]: apic_id 1, version 32, address 0xfec00000, GSI 0-23
[    0.047987] ACPI: INT_SRC_OVR (bus 0 bus_irq 0 global_irq 2 dfl dfl)
[    0.047994] ACPI: INT_SRC_OVR (bus 0 bus_irq 9 global_irq 9 high level)
[    0.047999] ACPI: IRQ0 used by override.
[    0.048003] ACPI: IRQ9 used by override.
[    0.048008] Using ACPI (MADT) for SMP configuration information
[    0.048013] ACPI: HPET id: 0x8086a201 base: 0xfed00000
[    0.048025] smpboot: Allowing 2 CPUs, 0 hotplug CPUs
[    0.048066] PM: hibernation: Registered nosave memory: [mem 0x00000000-0x00000fff]
[    0.048072] PM: hibernation: Registered nosave memory: [mem 0x0009f000-0x0009ffff]
[    0.048076] PM: hibernation: Registered nosave memory: [mem 0x000a0000-0x000dbfff]
[    0.048080] PM: hibernation: Registered nosave memory: [mem 0x000dc000-0x000fffff]
[    0.048090] [mem 0xc0000000-0xefffffff] available for PCI devices
[    0.048098] clocksource: refined-jiffies: mask: 0xffffffff max_cycles: 0xffffffff, max_idle_ns: 7645519600211568 ns
[    0.048111] setup_percpu: NR_CPUS:8 nr_cpumask_bits:8 nr_cpu_ids:2 nr_node_ids:1
[    0.048395] percpu: Embedded 39 pages/cpu s127916 r0 d31828 u159744
[    0.048410] pcpu-alloc: s127916 r0 d31828 u159744 alloc=39*4096
[    0.048413] pcpu-alloc: [0] 0 [0] 1 
[    0.048445] Built 1 zonelists, mobility grouping on.  Total pages: 782210
[    0.048454] Kernel command line: BOOT_IMAGE=(hd0,2)/fast/l/linux-next-32/arch/x86/boot/bzImage root=/dev/sda4 resume=/dev/sda1
[    0.048887] Dentry cache hash table entries: 131072 (order: 7, 524288 bytes, linear)
[    0.049004] Inode-cache hash table entries: 65536 (order: 6, 262144 bytes, linear)
[    0.049046] mem auto-init: stack:off, heap alloc:off, heap free:off
[    0.081312] Initializing HighMem for node 0 (000375fe:000bf6d0)
[    0.438250] Initializing Movable for node 0 (00000000:00000000)
[    0.512437] Memory: 3021180K/3135928K available (13090K kernel code, 680K rwdata, 5300K rodata, 664K init, 3012K bss, 114748K reserved, 0K cma-reserved, 2229064K highmem)
[    0.512444] Checking if this processor honours the WP bit even in supervisor mode...Ok.
[    0.512510] random: get_random_u32 called from cache_alloc_refill+0x627/0xb00 with crng_init=0
[    0.513747] Kernel/User page tables isolation: enabled
[    0.514046] rcu: Preemptible hierarchical RCU implementation.
[    0.514051] rcu: 	RCU restricting CPUs from NR_CPUS=8 to nr_cpu_ids=2.
[    0.514055] 	Tasks RCU enabled.
[    0.514060] rcu: RCU calculated value of scheduler-enlistment delay is 25 jiffies.
[    0.514064] rcu: Adjusting geometry for rcu_fanout_leaf=16, nr_cpu_ids=2
[    0.514107] NR_IRQS: 2304, nr_irqs: 56, preallocated irqs: 16
[    0.517043] Console: colour VGA+ 80x25
[    0.525206] printk: console [tty0] enabled
[    0.525279] Lock dependency validator: Copyright (c) 2006 Red Hat, Inc., Ingo Molnar
[    0.525371] ... MAX_LOCKDEP_SUBCLASSES:  8
[    0.525444] ... MAX_LOCK_DEPTH:          48
[    0.525518] ... MAX_LOCKDEP_KEYS:        8192
[    0.525593] ... CLASSHASH_SIZE:          4096
[    0.525667] ... MAX_LOCKDEP_ENTRIES:     32768
[    0.525742] ... MAX_LOCKDEP_CHAINS:      65536
[    0.525817] ... CHAINHASH_SIZE:          32768
[    0.525892]  memory used by lock dependency info: 1829 kB
[    0.525973]  per task-struct memory footprint: 1344 bytes
[    0.526063] ACPI: Core revision 20200326
[    0.526497] clocksource: hpet: mask: 0xffffffff max_cycles: 0xffffffff, max_idle_ns: 133484882848 ns
[    0.526639] APIC: Switch to symmetric I/O mode setup
[    0.526718] Enabling APIC mode:  Flat.  Using 1 I/O APICs
[    0.527354] ..TIMER: vector=0x30 apic1=0 pin1=2 apic2=-1 pin2=-1
[    0.546641] clocksource: tsc-early: mask: 0xffffffffffffffff max_cycles: 0x1a5b997b299, max_idle_ns: 440795252702 ns
[    0.546770] Calibrating delay loop (skipped), value calculated using timer frequency.. 3657.14 BogoMIPS (lpj=7314292)
[    0.546895] pid_max: default: 32768 minimum: 301
[    0.547224] Mount-cache hash table entries: 2048 (order: 1, 8192 bytes, linear)
[    0.547323] Mountpoint-cache hash table entries: 2048 (order: 1, 8192 bytes, linear)
[    0.548225] Disabled fast string operations
[    0.548316] process: using mwait in idle threads
[    0.548402] Last level iTLB entries: 4KB 128, 2MB 0, 4MB 2
[    0.548484] Last level dTLB entries: 4KB 128, 2MB 0, 4MB 8, 1GB 0
[    0.548572] Spectre V1 : Mitigation: usercopy/swapgs barriers and __user pointer sanitization
[    0.548685] Spectre V2 : Mitigation: Full generic retpoline
[    0.548768] Spectre V2 : Spectre v2 / SpectreRSB mitigation: Filling RSB on context switch
[    0.548866] L1TF: System has more than MAX_PA/2 memory. L1TF mitigation not effective.
[    0.548961] L1TF: You may make it effective by booting the kernel with mem=2147483648 parameter.
[    0.549073] L1TF: However, doing so will make a part of your RAM unusable.
[    0.549163] L1TF: Reading https://www.kernel.org/doc/html/latest/admin-guide/hw-vuln/l1tf.html might help you decide.
[    0.549286] MDS: Vulnerable: Clear CPU buffers attempted, no microcode
[    0.549622] Freeing SMP alternatives memory: 44K
[    0.660291] smpboot: CPU0: Genuine Intel(R) CPU           T2400  @ 1.83GHz (family: 0x6, model: 0xe, stepping: 0x8)
[    0.660961] Performance Events: Core events, core PMU driver.
[    0.661055] ... version:                1
[    0.661130] ... bit width:              40
[    0.661205] ... generic registers:      2
[    0.661279] ... value mask:             000000ffffffffff
[    0.661361] ... max period:             000000007fffffff
[    0.661442] ... fixed-purpose events:   0
[    0.661516] ... event mask:             0000000000000003
[    0.661745] rcu: Hierarchical SRCU implementation.
[    0.662768] NMI watchdog: Enabled. Permanently consumes one hw-PMU counter.
[    0.662837] smp: Bringing up secondary CPUs ...
[    0.663876] x86: Booting SMP configuration:
[    0.663959] .... node  #0, CPUs:      #1
[    0.016340] Disabled fast string operations
[    0.666416] TSC synchronization [CPU#0 -> CPU#1]:
[    0.666660] Measured 580096 cycles TSC warp between CPUs, turning off TSC clock.
[    0.666764] tsc: Marking TSC unstable due to check_tsc_sync_source failed
[    0.666956] smp: Brought up 1 node, 2 CPUs
[    0.666956] smpboot: Max logical packages: 1
[    0.666956] smpboot: Total of 2 processors activated (7314.29 BogoMIPS)
[    0.668635] devtmpfs: initialized
[    0.668635] PM: Registering ACPI NVS region [mem 0xbf6df000-0xbf6fffff] (135168 bytes)
[    0.671039] clocksource: jiffies: mask: 0xffffffff max_cycles: 0xffffffff, max_idle_ns: 7645041785100000 ns
[    0.671039] futex hash table entries: 512 (order: 3, 32768 bytes, linear)
[    0.671263] thermal_sys: Registered thermal governor 'step_wise'
[    0.671713] NET: Registered protocol family 16
[    0.673235] cpuidle: using governor ladder
[    0.673344] cpuidle: using governor menu
[    0.673556] Simple Boot Flag at 0x35 set to 0x1
[    0.673684] ACPI FADT declares the system doesn't support PCIe ASPM, so disable it
[    0.673778] ACPI: bus type PCI registered
[    0.674103] PCI: MMCONFIG for domain 0000 [bus 00-3f] at [mem 0xf0000000-0xf3ffffff] (base 0xf0000000)
[    0.674784] PCI: MMCONFIG at [mem 0xf0000000-0xf3ffffff] reserved in E820
[    0.674873] PCI: Using MMCONFIG for extended config space
[    0.674955] PCI: Using configuration type 1 for base access
[    0.675450] mtrr: your CPUs had inconsistent variable MTRR settings
[    0.675537] mtrr: probably your BIOS does not setup all CPUs.
[    0.675620] mtrr: corrected configuration.
[    0.751380] ACPI: Added _OSI(Module Device)
[    0.751465] ACPI: Added _OSI(Processor Device)
[    0.751543] ACPI: Added _OSI(3.0 _SCP Extensions)
[    0.751622] ACPI: Added _OSI(Processor Aggregator Device)
[    0.751708] ACPI: Added _OSI(Linux-Dell-Video)
[    0.751787] ACPI: Added _OSI(Linux-Lenovo-NV-HDMI-Audio)
[    0.751871] ACPI: Added _OSI(Linux-HPI-Hybrid-Graphics)
[    0.815447] ACPI: 6 ACPI AML tables successfully acquired and loaded
[    0.819502] ACPI: EC: EC started
[    0.819576] ACPI: EC: interrupt blocked
[    0.824398] ACPI: EC: EC_CMD/EC_SC=0x66, EC_DATA=0x62
[    0.824478] ACPI: EC: Boot ECDT EC used to handle transactions
[    0.841728] ACPI: Dynamic OEM Table Load:
[    0.841821] ACPI: SSDT 0x00000000F18DA000 000240 (v01 PmRef  Cpu0Ist  00000100 INTL 20050513)
[    0.846018] ACPI: Dynamic OEM Table Load:
[    0.846110] ACPI: SSDT 0x00000000F11E0000 00065A (v01 PmRef  Cpu0Cst  00000100 INTL 20050513)
[    0.852398] ACPI: Dynamic OEM Table Load:
[    0.852488] ACPI: SSDT 0x00000000F1B4F200 0000C8 (v01 PmRef  Cpu1Ist  00000100 INTL 20050513)
[    0.855782] ACPI: Dynamic OEM Table Load:
[    0.855871] ACPI: SSDT 0x00000000F18BE300 000085 (v01 PmRef  Cpu1Cst  00000100 INTL 20050513)
[    0.859694] ACPI: Interpreter enabled
[    0.859841] ACPI: (supports S0 S3 S4 S5)
[    0.859923] ACPI: Using IOAPIC for interrupt routing
[    0.860121] PCI: Using host bridge windows from ACPI; if necessary, use "pci=nocrs" and report a bug
[    0.861181] ACPI: Enabled 4 GPEs in block 00 to 1F
[    0.884787] ACPI: Power Resource [PUBS] (on)
[    0.885965] acpi PNP0C0A:01: ACPI dock station (docks/bays count: 1)
[    0.893832] acpi LNXIOBAY:00: ACPI dock station (docks/bays count: 2)
[    0.908824] acpi IBM0079:00: ACPI dock station (docks/bays count: 3)
[    0.911242] ACPI: PCI Interrupt Link [LNKA] (IRQs 3 4 5 6 7 9 10 *11)
[    0.912090] ACPI: PCI Interrupt Link [LNKB] (IRQs 3 4 5 6 7 9 10 *11)
[    0.912935] ACPI: PCI Interrupt Link [LNKC] (IRQs 3 4 5 6 7 9 10 *11)
[    0.913779] ACPI: PCI Interrupt Link [LNKD] (IRQs 3 4 5 6 7 9 10 *11)
[    0.914622] ACPI: PCI Interrupt Link [LNKE] (IRQs 3 4 5 6 7 9 10 *11)
[    0.915486] ACPI: PCI Interrupt Link [LNKF] (IRQs 3 4 5 6 7 9 10 *11)
[    0.916330] ACPI: PCI Interrupt Link [LNKG] (IRQs 3 4 5 6 7 9 10 *11)
[    0.917175] ACPI: PCI Interrupt Link [LNKH] (IRQs 3 4 5 6 7 9 10 *11)
[    0.917736] ACPI: PCI Root Bridge [PCI0] (domain 0000 [bus 00-ff])
[    0.917837] acpi PNP0A08:00: _OSC: OS supports [ExtendedConfig ASPM ClockPM Segments HPX-Type3]
[    0.918922] acpi PNP0A08:00: _OSC: not requesting OS control; OS requires [ExtendedConfig ASPM ClockPM MSI]
[    0.919059] acpi PNP0A08:00: [Firmware Info]: MMCONFIG for domain 0000 [bus 00-3f] only partially covers this bridge
[    0.919446] PCI host bridge to bus 0000:00
[    0.919528] pci_bus 0000:00: root bus resource [io  0x0000-0x0cf7 window]
[    0.919622] pci_bus 0000:00: root bus resource [io  0x0d00-0xffff window]
[    0.919716] pci_bus 0000:00: root bus resource [mem 0x000a0000-0x000bffff window]
[    0.919814] pci_bus 0000:00: root bus resource [mem 0x000d0000-0x000d3fff window]
[    0.919913] pci_bus 0000:00: root bus resource [mem 0x000d4000-0x000d7fff window]
[    0.920012] pci_bus 0000:00: root bus resource [mem 0x000d8000-0x000dbfff window]
[    0.920110] pci_bus 0000:00: root bus resource [mem 0xc0000000-0xfebfffff window]
[    0.920208] pci_bus 0000:00: root bus resource [mem 0xfed40000-0xfed40fff window]
[    0.920307] pci_bus 0000:00: root bus resource [bus 00-ff]
[    0.920441] pci 0000:00:00.0: [8086:27a0] type 00 class 0x060000
[    0.921001] pci 0000:00:02.0: [8086:27a2] type 00 class 0x030000
[    0.921109] pci 0000:00:02.0: reg 0x10: [mem 0xee100000-0xee17ffff]
[    0.921207] pci 0000:00:02.0: reg 0x14: [io  0x1800-0x1807]
[    0.921301] pci 0000:00:02.0: reg 0x18: [mem 0xd0000000-0xdfffffff pref]
[    0.921400] pci 0000:00:02.0: reg 0x1c: [mem 0xee200000-0xee23ffff]
[    0.922084] pci 0000:00:02.1: [8086:27a6] type 00 class 0x038000
[    0.922190] pci 0000:00:02.1: reg 0x10: [mem 0xee180000-0xee1fffff]
[    0.922818] pci 0000:00:1b.0: [8086:27d8] type 00 class 0x040300
[    0.922949] pci 0000:00:1b.0: reg 0x10: [mem 0xee240000-0xee243fff 64bit]
[    0.923206] pci 0000:00:1b.0: PME# supported from D0 D3hot D3cold
[    0.923881] pci 0000:00:1c.0: [8086:27d0] type 01 class 0x060400
[    0.924162] pci 0000:00:1c.0: PME# supported from D0 D3hot D3cold
[    0.924844] pci 0000:00:1c.1: [8086:27d2] type 01 class 0x060400
[    0.925124] pci 0000:00:1c.1: PME# supported from D0 D3hot D3cold
[    0.925794] pci 0000:00:1c.2: [8086:27d4] type 01 class 0x060400
[    0.926075] pci 0000:00:1c.2: PME# supported from D0 D3hot D3cold
[    0.926771] pci 0000:00:1c.3: [8086:27d6] type 01 class 0x060400
[    0.926994] pci 0000:00:1c.3: PME# supported from D0 D3hot D3cold
[    0.927664] pci 0000:00:1d.0: [8086:27c8] type 00 class 0x0c0300
[    0.927828] pci 0000:00:1d.0: reg 0x20: [io  0x1820-0x183f]
[    0.928491] pci 0000:00:1d.1: [8086:27c9] type 00 class 0x0c0300
[    0.928655] pci 0000:00:1d.1: reg 0x20: [io  0x1840-0x185f]
[    0.929316] pci 0000:00:1d.2: [8086:27ca] type 00 class 0x0c0300
[    0.929481] pci 0000:00:1d.2: reg 0x20: [io  0x1860-0x187f]
[    0.930145] pci 0000:00:1d.3: [8086:27cb] type 00 class 0x0c0300
[    0.930309] pci 0000:00:1d.3: reg 0x20: [io  0x1880-0x189f]
[    0.931046] pci 0000:00:1d.7: [8086:27cc] type 00 class 0x0c0320
[    0.931167] pci 0000:00:1d.7: reg 0x10: [mem 0xee444000-0xee4443ff]
[    0.931396] pci 0000:00:1d.7: PME# supported from D0 D3hot D3cold
[    0.932028] pci 0000:00:1e.0: [8086:2448] type 01 class 0x060401
[    0.932786] pci 0000:00:1f.0: [8086:27b9] type 00 class 0x060100
[    0.933030] pci 0000:00:1f.0: quirk: [io  0x1000-0x107f] claimed by ICH6 ACPI/GPIO/TCO
[    0.933135] pci 0000:00:1f.0: quirk: [io  0x1180-0x11bf] claimed by ICH6 GPIO
[    0.933235] pci 0000:00:1f.0: ICH7 LPC Generic IO decode 1 PIO at 1600 (mask 007f)
[    0.933335] pci 0000:00:1f.0: ICH7 LPC Generic IO decode 2 PIO at 15e0 (mask 000f)
[    0.933435] pci 0000:00:1f.0: ICH7 LPC Generic IO decode 3 PIO at 1680 (mask 001f)
[    0.934095] pci 0000:00:1f.1: [8086:27df] type 00 class 0x01018a
[    0.934211] pci 0000:00:1f.1: reg 0x10: [io  0x0000-0x0007]
[    0.934310] pci 0000:00:1f.1: reg 0x14: [io  0x0000-0x0003]
[    0.934409] pci 0000:00:1f.1: reg 0x18: [io  0x0000-0x0007]
[    0.934508] pci 0000:00:1f.1: reg 0x1c: [io  0x0000-0x0003]
[    0.934607] pci 0000:00:1f.1: reg 0x20: [io  0x1810-0x181f]
[    0.934724] pci 0000:00:1f.1: legacy IDE quirk: reg 0x10: [io  0x01f0-0x01f7]
[    0.934814] pci 0000:00:1f.1: legacy IDE quirk: reg 0x14: [io  0x03f6]
[    0.934907] pci 0000:00:1f.1: legacy IDE quirk: reg 0x18: [io  0x0170-0x0177]
[    0.935002] pci 0000:00:1f.1: legacy IDE quirk: reg 0x1c: [io  0x0376]
[    0.935630] pci 0000:00:1f.2: [8086:27c5] type 00 class 0x010601
[    0.935751] pci 0000:00:1f.2: reg 0x10: [io  0x18d0-0x18d7]
[    0.935851] pci 0000:00:1f.2: reg 0x14: [io  0x18c4-0x18c7]
[    0.935950] pci 0000:00:1f.2: reg 0x18: [io  0x18c8-0x18cf]
[    0.936049] pci 0000:00:1f.2: reg 0x1c: [io  0x18c0-0x18c3]
[    0.936147] pci 0000:00:1f.2: reg 0x20: [io  0x18b0-0x18bf]
[    0.936247] pci 0000:00:1f.2: reg 0x24: [mem 0xee444400-0xee4447ff]
[    0.936418] pci 0000:00:1f.2: PME# supported from D3hot
[    0.937044] pci 0000:00:1f.3: [8086:27da] type 00 class 0x0c0500
[    0.937227] pci 0000:00:1f.3: reg 0x20: [io  0x18e0-0x18ff]
[    0.938119] pci 0000:02:00.0: [8086:109a] type 00 class 0x020000
[    0.938331] pci 0000:02:00.0: reg 0x10: [mem 0xee000000-0xee01ffff]
[    0.938526] pci 0000:02:00.0: reg 0x18: [io  0x2000-0x201f]
[    0.938995] pci 0000:02:00.0: PME# supported from D0 D3hot D3cold
[    0.939587] pci 0000:00:1c.0: PCI bridge to [bus 02]
[    0.939675] pci 0000:00:1c.0:   bridge window [io  0x2000-0x2fff]
[    0.939769] pci 0000:00:1c.0:   bridge window [mem 0xee000000-0xee0fffff]
[    0.940123] pci 0000:03:00.0: [8086:4227] type 00 class 0x028000
[    0.940358] pci 0000:03:00.0: reg 0x10: [mem 0xedf00000-0xedf00fff]
[    0.941003] pci 0000:03:00.0: PME# supported from D0 D3hot D3cold
[    0.941629] pci 0000:00:1c.1: PCI bridge to [bus 03]
[    0.941717] pci 0000:00:1c.1:   bridge window [io  0x3000-0x4fff]
[    0.941810] pci 0000:00:1c.1:   bridge window [mem 0xec000000-0xedffffff]
[    0.941911] pci 0000:00:1c.1:   bridge window [mem 0xe4000000-0xe40fffff 64bit pref]
[    0.942157] pci 0000:00:1c.2: PCI bridge to [bus 04-0b]
[    0.942247] pci 0000:00:1c.2:   bridge window [io  0x5000-0x6fff]
[    0.942340] pci 0000:00:1c.2:   bridge window [mem 0xe8000000-0xe9ffffff]
[    0.942441] pci 0000:00:1c.2:   bridge window [mem 0xe4100000-0xe41fffff 64bit pref]
[    0.942771] pci 0000:00:1c.3: PCI bridge to [bus 0c-13]
[    0.942783] pci 0000:00:1c.3:   bridge window [io  0x7000-0x8fff]
[    0.942876] pci 0000:00:1c.3:   bridge window [mem 0xea000000-0xebffffff]
[    0.942977] pci 0000:00:1c.3:   bridge window [mem 0xe4200000-0xe42fffff 64bit pref]
[    0.943112] pci_bus 0000:15: extended config space not accessible
[    0.943322] pci 0000:15:00.0: [1180:0476] type 02 class 0x060700
[    0.943440] pci 0000:15:00.0: reg 0x10: [mem 0xe4300000-0xe4300fff]
[    0.943600] pci 0000:15:00.0: supports D1 D2
[    0.943681] pci 0000:15:00.0: PME# supported from D0 D1 D2 D3hot D3cold
[    0.944165] pci 0000:15:00.1: [1180:0552] type 00 class 0x0c0010
[    0.944280] pci 0000:15:00.1: reg 0x10: [mem 0xe4301000-0xe43017ff]
[    0.944514] pci 0000:15:00.1: PME# supported from D0 D3hot D3cold
[    0.944843] pci 0000:15:00.2: [1180:0822] type 00 class 0x080500
[    0.944958] pci 0000:15:00.2: reg 0x10: [mem 0xe4301800-0xe43018ff]
[    0.945191] pci 0000:15:00.2: supports D1 D2
[    0.945271] pci 0000:15:00.2: PME# supported from D0 D1 D2 D3hot D3cold
[    0.945660] pci 0000:00:1e.0: PCI bridge to [bus 15-18] (subtractive decode)
[    0.945760] pci 0000:00:1e.0:   bridge window [io  0x9000-0xcfff]
[    0.945853] pci 0000:00:1e.0:   bridge window [mem 0xe4300000-0xe7ffffff]
[    0.945954] pci 0000:00:1e.0:   bridge window [mem 0xe0000000-0xe3ffffff 64bit pref]
[    0.946054] pci 0000:00:1e.0:   bridge window [io  0x0000-0x0cf7 window] (subtractive decode)
[    0.946171] pci 0000:00:1e.0:   bridge window [io  0x0d00-0xffff window] (subtractive decode)
[    0.946289] pci 0000:00:1e.0:   bridge window [mem 0x000a0000-0x000bffff window] (subtractive decode)
[    0.946411] pci 0000:00:1e.0:   bridge window [mem 0x000d0000-0x000d3fff window] (subtractive decode)
[    0.946533] pci 0000:00:1e.0:   bridge window [mem 0x000d4000-0x000d7fff window] (subtractive decode)
[    0.946654] pci 0000:00:1e.0:   bridge window [mem 0x000d8000-0x000dbfff window] (subtractive decode)
[    0.946782] pci 0000:00:1e.0:   bridge window [mem 0xc0000000-0xfebfffff window] (subtractive decode)
[    0.946904] pci 0000:00:1e.0:   bridge window [mem 0xfed40000-0xfed40fff window] (subtractive decode)
[    0.947065] pci_bus 0000:16: extended config space not accessible
[    0.947264] pci_bus 0000:16: busn_res: [bus 16-18] end is updated to 17
[    0.947409] pci_bus 0000:00: on NUMA node 0
[    0.954845] ACPI: EC: interrupt unblocked
[    0.954928] ACPI: EC: event unblocked
[    0.955775] ACPI: EC: EC_CMD/EC_SC=0x66, EC_DATA=0x62
[    0.955858] ACPI: EC: GPE=0x1c
[    0.955933] ACPI: \_SB_.PCI0.LPC_.EC__: Boot ECDT EC initialization complete
[    0.956031] ACPI: \_SB_.PCI0.LPC_.EC__: EC: Used to handle transactions and events
[    0.956812] pci 0000:00:02.0: vgaarb: setting as boot VGA device
[    0.956905] pci 0000:00:02.0: vgaarb: VGA device added: decodes=io+mem,owns=io+mem,locks=none
[    0.957046] pci 0000:00:02.0: vgaarb: bridge control possible
[    0.957130] vgaarb: loaded
[    0.957903] SCSI subsystem initialized
[    0.958254] libata version 3.00 loaded.
[    0.958458] ACPI: bus type USB registered
[    0.958652] usbcore: registered new interface driver usbfs
[    0.958937] usbcore: registered new interface driver hub
[    0.959174] usbcore: registered new device driver usb
[    0.959300] mc: Linux media interface: v0.10
[    0.959426] videodev: Linux video capture interface: v2.00
[    0.959577] pps_core: LinuxPPS API ver. 1 registered
[    0.959658] pps_core: Software ver. 5.3.6 - Copyright 2005-2007 Rodolfo Giometti <giometti@linux.it>
[    0.959806] PTP clock support registered
[    0.960129] EDAC MC: Ver: 3.0.0
[    0.961059] Advanced Linux Sound Architecture Driver Initialized.
[    0.961291] PCI: Using ACPI for IRQ routing
[    0.964392] PCI: pci_cache_line_size set to 64 bytes
[    0.964720] e820: reserve RAM buffer [mem 0x0009f000-0x0009ffff]
[    0.964726] e820: reserve RAM buffer [mem 0xbf6d0000-0xbfffffff]
[    0.965563] Bluetooth: Core ver 2.22
[    0.965704] NET: Registered protocol family 31
[    0.965783] Bluetooth: HCI device and connection manager initialized
[    0.965882] Bluetooth: HCI socket layer initialized
[    0.965966] Bluetooth: L2CAP socket layer initialized
[    0.966075] Bluetooth: SCO socket layer initialized
[    0.966681] clocksource: Switched to clocksource hpet
[    0.967746] pnp: PnP ACPI init
[    0.970762] system 00:00: [mem 0x00000000-0x0009ffff] could not be reserved
[    0.970907] system 00:00: [mem 0x000c0000-0x000c3fff] could not be reserved
[    0.971007] system 00:00: [mem 0x000c4000-0x000c7fff] could not be reserved
[    0.971106] system 00:00: [mem 0x000c8000-0x000cbfff] has been reserved
[    0.971202] system 00:00: [mem 0x000cc000-0x000cffff] has been reserved
[    0.971299] system 00:00: [mem 0x000dc000-0x000dffff] could not be reserved
[    0.971397] system 00:00: [mem 0x000e0000-0x000e3fff] could not be reserved
[    0.971496] system 00:00: [mem 0x000e4000-0x000e7fff] could not be reserved
[    0.971594] system 00:00: [mem 0x000e8000-0x000ebfff] could not be reserved
[    0.971692] system 00:00: [mem 0x000ec000-0x000effff] could not be reserved
[    0.971791] system 00:00: [mem 0x000f0000-0x000fffff] could not be reserved
[    0.971889] system 00:00: [mem 0x00100000-0xbfffffff] could not be reserved
[    0.971988] system 00:00: [mem 0xfec00000-0xfed3ffff] could not be reserved
[    0.972086] system 00:00: [mem 0xfed41000-0xffffffff] could not be reserved
[    0.972231] system 00:00: Plug and Play ACPI device, IDs PNP0c01 (active)
[    0.972724] system 00:01: [io  0x164e-0x164f] has been reserved
[    0.972817] system 00:01: [io  0x1000-0x107f] has been reserved
[    0.972908] system 00:01: [io  0x1180-0x11bf] has been reserved
[    0.973000] system 00:01: [io  0x0800-0x080f] has been reserved
[    0.973091] system 00:01: [io  0x15e0-0x15ef] has been reserved
[    0.973184] system 00:01: [io  0x1600-0x165f] could not be reserved
[    0.973277] system 00:01: [mem 0xf0000000-0xf3ffffff] has been reserved
[    0.973373] system 00:01: [mem 0xfed1c000-0xfed1ffff] has been reserved
[    0.973469] system 00:01: [mem 0xfed14000-0xfed17fff] has been reserved
[    0.973564] system 00:01: [mem 0xfed18000-0xfed18fff] has been reserved
[    0.973659] system 00:01: [mem 0xfed19000-0xfed19fff] has been reserved
[    0.973787] system 00:01: Plug and Play ACPI device, IDs PNP0c02 (active)
[    0.974108] pnp 00:02: Plug and Play ACPI device, IDs PNP0b00 (active)
[    0.974246] pnp 00:03: Plug and Play ACPI device, IDs PNP0303 (active)
[    0.974389] pnp 00:04: Plug and Play ACPI device, IDs IBM3780 PNP0f13 (active)
[    0.975150] pnp 00:05: [dma 3]
[    0.975349] pnp 00:05: Plug and Play ACPI device, IDs IBM0071 PNP0511 (active)
[    0.975590] pnp 00:06: Plug and Play ACPI device, IDs ATM1200 PNP0c31 (active)
[    0.977898] pnp: PnP ACPI: found 7 devices
[    1.024883] clocksource: acpi_pm: mask: 0xffffff max_cycles: 0xffffff, max_idle_ns: 2085701024 ns
[    1.025018] pci 0000:00:1c.0: bridge window [mem 0x00100000-0x000fffff 64bit pref] to [bus 02] add_size 200000 add_align 100000
[    1.025185] pci 0000:00:1c.0: BAR 9: assigned [mem 0xc0000000-0xc01fffff 64bit pref]
[    1.025285] pci 0000:00:1c.0: PCI bridge to [bus 02]
[    1.025368] pci 0000:00:1c.0:   bridge window [io  0x2000-0x2fff]
[    1.025460] pci 0000:00:1c.0:   bridge window [mem 0xee000000-0xee0fffff]
[    1.025554] pci 0000:00:1c.0:   bridge window [mem 0xc0000000-0xc01fffff 64bit pref]
[    1.025657] pci 0000:00:1c.1: PCI bridge to [bus 03]
[    1.025739] pci 0000:00:1c.1:   bridge window [io  0x3000-0x4fff]
[    1.025830] pci 0000:00:1c.1:   bridge window [mem 0xec000000-0xedffffff]
[    1.025924] pci 0000:00:1c.1:   bridge window [mem 0xe4000000-0xe40fffff 64bit pref]
[    1.026026] pci 0000:00:1c.2: PCI bridge to [bus 04-0b]
[    1.026109] pci 0000:00:1c.2:   bridge window [io  0x5000-0x6fff]
[    1.026200] pci 0000:00:1c.2:   bridge window [mem 0xe8000000-0xe9ffffff]
[    1.026294] pci 0000:00:1c.2:   bridge window [mem 0xe4100000-0xe41fffff 64bit pref]
[    1.026396] pci 0000:00:1c.3: PCI bridge to [bus 0c-13]
[    1.026480] pci 0000:00:1c.3:   bridge window [io  0x7000-0x8fff]
[    1.026571] pci 0000:00:1c.3:   bridge window [mem 0xea000000-0xebffffff]
[    1.026664] pci 0000:00:1c.3:   bridge window [mem 0xe4200000-0xe42fffff 64bit pref]
[    1.026797] pci 0000:15:00.0: BAR 9: assigned [mem 0xe0000000-0xe3ffffff pref]
[    1.026895] pci 0000:15:00.0: BAR 10: assigned [mem 0xc4000000-0xc7ffffff]
[    1.026987] pci 0000:15:00.0: BAR 7: assigned [io  0x9000-0x90ff]
[    1.027074] pci 0000:15:00.0: BAR 8: assigned [io  0x9400-0x94ff]
[    1.027169] pci 0000:15:00.0: CardBus bridge to [bus 16-17]
[    1.027253] pci 0000:15:00.0:   bridge window [io  0x9000-0x90ff]
[    1.027342] pci 0000:15:00.0:   bridge window [io  0x9400-0x94ff]
[    1.027432] pci 0000:15:00.0:   bridge window [mem 0xe0000000-0xe3ffffff pref]
[    1.027528] pci 0000:15:00.0:   bridge window [mem 0xc4000000-0xc7ffffff]
[    1.027622] pci 0000:00:1e.0: PCI bridge to [bus 15-18]
[    1.027705] pci 0000:00:1e.0:   bridge window [io  0x9000-0xcfff]
[    1.027797] pci 0000:00:1e.0:   bridge window [mem 0xe4300000-0xe7ffffff]
[    1.027890] pci 0000:00:1e.0:   bridge window [mem 0xe0000000-0xe3ffffff 64bit pref]
[    1.027993] pci_bus 0000:00: resource 4 [io  0x0000-0x0cf7 window]
[    1.028080] pci_bus 0000:00: resource 5 [io  0x0d00-0xffff window]
[    1.028167] pci_bus 0000:00: resource 6 [mem 0x000a0000-0x000bffff window]
[    1.028257] pci_bus 0000:00: resource 7 [mem 0x000d0000-0x000d3fff window]
[    1.028347] pci_bus 0000:00: resource 8 [mem 0x000d4000-0x000d7fff window]
[    1.028437] pci_bus 0000:00: resource 9 [mem 0x000d8000-0x000dbfff window]
[    1.028528] pci_bus 0000:00: resource 10 [mem 0xc0000000-0xfebfffff window]
[    1.028618] pci_bus 0000:00: resource 11 [mem 0xfed40000-0xfed40fff window]
[    1.028709] pci_bus 0000:02: resource 0 [io  0x2000-0x2fff]
[    1.028793] pci_bus 0000:02: resource 1 [mem 0xee000000-0xee0fffff]
[    1.028881] pci_bus 0000:02: resource 2 [mem 0xc0000000-0xc01fffff 64bit pref]
[    1.028973] pci_bus 0000:03: resource 0 [io  0x3000-0x4fff]
[    1.029058] pci_bus 0000:03: resource 1 [mem 0xec000000-0xedffffff]
[    1.029145] pci_bus 0000:03: resource 2 [mem 0xe4000000-0xe40fffff 64bit pref]
[    1.029238] pci_bus 0000:04: resource 0 [io  0x5000-0x6fff]
[    1.029321] pci_bus 0000:04: resource 1 [mem 0xe8000000-0xe9ffffff]
[    1.029409] pci_bus 0000:04: resource 2 [mem 0xe4100000-0xe41fffff 64bit pref]
[    1.029502] pci_bus 0000:0c: resource 0 [io  0x7000-0x8fff]
[    1.029586] pci_bus 0000:0c: resource 1 [mem 0xea000000-0xebffffff]
[    1.029674] pci_bus 0000:0c: resource 2 [mem 0xe4200000-0xe42fffff 64bit pref]
[    1.029766] pci_bus 0000:15: resource 0 [io  0x9000-0xcfff]
[    1.029850] pci_bus 0000:15: resource 1 [mem 0xe4300000-0xe7ffffff]
[    1.029937] pci_bus 0000:15: resource 2 [mem 0xe0000000-0xe3ffffff 64bit pref]
[    1.030030] pci_bus 0000:15: resource 4 [io  0x0000-0x0cf7 window]
[    1.030117] pci_bus 0000:15: resource 5 [io  0x0d00-0xffff window]
[    1.030205] pci_bus 0000:15: resource 6 [mem 0x000a0000-0x000bffff window]
[    1.030295] pci_bus 0000:15: resource 7 [mem 0x000d0000-0x000d3fff window]
[    1.030386] pci_bus 0000:15: resource 8 [mem 0x000d4000-0x000d7fff window]
[    1.030476] pci_bus 0000:15: resource 9 [mem 0x000d8000-0x000dbfff window]
[    1.030567] pci_bus 0000:15: resource 10 [mem 0xc0000000-0xfebfffff window]
[    1.030658] pci_bus 0000:15: resource 11 [mem 0xfed40000-0xfed40fff window]
[    1.030749] pci_bus 0000:16: resource 0 [io  0x9000-0x90ff]
[    1.030858] pci_bus 0000:16: resource 1 [io  0x9400-0x94ff]
[    1.030942] pci_bus 0000:16: resource 2 [mem 0xe0000000-0xe3ffffff pref]
[    1.031031] pci_bus 0000:16: resource 3 [mem 0xc4000000-0xc7ffffff]
[    1.031568] NET: Registered protocol family 2
[    1.032171] tcp_listen_portaddr_hash hash table entries: 512 (order: 2, 22528 bytes, linear)
[    1.032324] TCP established hash table entries: 8192 (order: 3, 32768 bytes, linear)
[    1.032486] TCP bind hash table entries: 8192 (order: 6, 327680 bytes, linear)
[    1.033109] TCP: Hash tables configured (established 8192 bind 8192)
[    1.033507] UDP hash table entries: 512 (order: 3, 49152 bytes, linear)
[    1.033675] UDP-Lite hash table entries: 512 (order: 3, 49152 bytes, linear)
[    1.033968] NET: Registered protocol family 1
[    1.034731] RPC: Registered named UNIX socket transport module.
[    1.034900] RPC: Registered udp transport module.
[    1.034982] RPC: Registered tcp transport module.
[    1.035063] RPC: Registered tcp NFSv4.1 backchannel transport module.
[    1.035664] pci 0000:00:02.0: Video device with shadowed ROM at [mem 0x000c0000-0x000dffff]
[    1.039119] pci 0000:15:00.0: CLS mismatch (64 != 32), using 64 bytes
[    1.039323] PCI-DMA: Using software bounce buffering for IO (SWIOTLB)
[    1.039412] software IO TLB: mapped [mem 0x31cfc000-0x35cfc000] (64MB)
[    1.042040] Initialise system trusted keyrings
[    1.042291] workingset: timestamp_bits=30 max_order=20 bucket_order=0
[    1.044549] Installing knfsd (copyright (C) 1996 okir@monad.swb.de).
[    1.045281] ntfs: driver 2.1.32 [Flags: R/W].
[    1.045588] fuse: init (API version 7.31)
[    1.055526] Key type asymmetric registered
[    1.055613] Asymmetric key parser 'x509' registered
[    1.055816] bounce: pool size: 64 pages
[    1.055964] Block layer SCSI generic (bsg) driver version 0.4 loaded (major 249)
[    1.056069] io scheduler mq-deadline registered
[    1.056187] io scheduler bfq registered
[    1.056483] start plist test
[    1.060580] end plist test
[    1.063628] intel_idle: MWAIT substates: 0x22220
[    1.064389] ACPI: \_PR_.CPU0: Found 3 idle states
[    1.065255] ACPI: \_PR_.CPU1: Found 3 idle states
[    1.065335] intel_idle: ACPI _CST not found or not usable
[    1.065834] ACPI: Deprecated procfs I/F for AC is loaded, please retry with CONFIG_ACPI_PROCFS_POWER cleared
[    1.066354] ACPI: AC Adapter [AC] (on-line)
[    1.066820] input: Lid Switch as /devices/LNXSYSTM:00/LNXSYBUS:00/PNP0C0D:00/input/input0
[    1.079358] ACPI: Lid Switch [LID]
[    1.079764] input: Sleep Button as /devices/LNXSYSTM:00/LNXSYBUS:00/PNP0C0E:00/input/input1
[    1.080110] ACPI: Sleep Button [SLPB]
[    1.080444] input: Power Button as /devices/LNXSYSTM:00/LNXPWRBN:00/input/input2
[    1.080768] ACPI: Power Button [PWRF]
[    1.081287] ACPI: Video Device [VID] (multi-head: yes  rom: no  post: no)
[    1.089020] acpi device:01: registered as cooling_device0
[    1.089517] input: Video Bus as /devices/LNXSYSTM:00/LNXSYBUS:00/PNP0A08:00/LNXVIDEO:00/input/input3
[    1.090893] ACPI: \_PR_.CPU0: Found 3 idle states
[    1.100035] ACPI: \_PR_.CPU1: Found 3 idle states
[    1.106204] thermal LNXTHERM:00: registered as thermal_zone0
[    1.106293] ACPI: Thermal Zone [THM0] (81 C)
[    1.110061] thermal LNXTHERM:01: registered as thermal_zone1
[    1.110150] ACPI: Thermal Zone [THM1] (83 C)
[    1.111452] Serial: 8250/16550 driver, 4 ports, IRQ sharing disabled
[    1.112250] serial8250: ttyS1 at I/O 0x2f8 (irq = 3, base_baud = 921600) is a NS16550A
[    1.113907] lp: driver loaded but no devices found
[    1.114137] Non-volatile memory driver v1.3
[    1.114503] intel_rng: FWH not detected
[    1.114635] Linux agpgart interface v0.103
[    1.116479] [drm] radeon kernel modesetting enabled.
[    1.117909] pci 0000:00:00.0: Intel 945GM Chipset
[    1.118048] pci 0000:00:00.0: detected gtt size: 262144K total, 262144K mappable
[    1.118943] pci 0000:00:00.0: detected 8192K stolen memory
[    1.119183] i915 0000:00:02.0: vgaarb: deactivate vga console
[    1.120515] Console: switching to colour dummy device 80x25
[    1.121998] [drm] Supports vblank timestamp caching Rev 2 (21.10.2013).
[    1.122058] resource sanity check: requesting [mem 0x000c0000-0x000dffff], which spans more than pnp 00:00 [mem 0x000c8000-0x000cbfff]
[    1.122135] caller pci_map_rom+0x6f/0x174 mapping multiple BARs
[    1.123812] i915 0000:00:02.0: vgaarb: changed VGA decodes: olddecodes=io+mem,decodes=io+mem:owns=io+mem
[    1.134201] random: fast init done
[    1.145865] battery: ACPI: Deprecated procfs I/F for battery is loaded, please retry with CONFIG_ACPI_PROCFS_POWER cleared
[    1.145951] battery: ACPI: Battery Slot [BAT0] (battery present)
[    1.151723] i915 0000:00:02.0: [drm] Initialized overlay support.
[    1.153506] [drm] Initialized i915 1.6.0 20200313 for 0000:00:02.0 on minor 0
[    1.155093] usbcore: registered new interface driver udl
[    1.170145] fbcon: i915drmfb (fb0) is primary device
[    1.170671] loop: module loaded
[    1.227421] ahci 0000:00:1f.2: version 3.0
[    1.228144] ahci 0000:00:1f.2: AHCI 0001.0100 32 slots 4 ports 1.5 Gbps 0x1 impl SATA mode
[    1.228150] ahci 0000:00:1f.2: flags: 64bit ncq pm led clo pio slum part 
[    1.230708] scsi host0: ahci
[    1.231455] scsi host1: ahci
[    1.232027] scsi host2: ahci
[    1.232592] scsi host3: ahci
[    1.232937] ata1: SATA max UDMA/133 abar m1024@0xee444400 port 0xee444500 irq 16
[    1.232940] ata2: DUMMY
[    1.232942] ata3: DUMMY
[    1.232944] ata4: DUMMY
[    1.233127] ata_piix 0000:00:1f.1: version 2.13
[    1.236472] scsi host4: ata_piix
[    1.236971] scsi host5: ata_piix
[    1.237247] ata5: PATA max UDMA/100 cmd 0x1f0 ctl 0x3f6 bmdma 0x1810 irq 14
[    1.237250] ata6: PATA max UDMA/100 cmd 0x170 ctl 0x376 bmdma 0x1818 irq 15
[    1.238670] tun: Universal TUN/TAP device driver, 1.6
[    1.239122] ata6: port disabled--ignoring
[    1.239276] e1000: Intel(R) PRO/1000 Network Driver - version 7.3.21-k8-NAPI
[    1.239278] e1000: Copyright (c) 1999-2006 Intel Corporation.
[    1.239362] e1000e: Intel(R) PRO/1000 Network Driver - 3.2.6-k
[    1.239363] e1000e: Copyright(c) 1999 - 2015 Intel Corporation.
[    1.239481] e1000e 0000:02:00.0: Disabling ASPM  L1
[    1.239485] e1000e 0000:02:00.0: can't disable ASPM; OS doesn't have ASPM control
[    1.239926] e1000e 0000:02:00.0: Interrupt Throttling Rate (ints/sec) set to dynamic conservative mode
[    1.350226] e1000e 0000:02:00.0 eth0: (PCI Express:2.5GT/s:Width x1) 00:16:d3:25:19:04
[    1.350257] e1000e 0000:02:00.0 eth0: Intel(R) PRO/1000 Network Connection
[    1.350337] e1000e 0000:02:00.0 eth0: MAC: 2, PHY: 2, PBA No: 005302-003
[    1.350828] PPP generic driver version 2.4.2
[    1.351121] PPP BSD Compression module registered
[    1.351124] PPP Deflate Compression module registered
[    1.351126] SLIP: version 0.8.4-NET3.019-NEWTTY (dynamic channels, max=256).
[    1.351127] CSLIP: code copyright 1989 Regents of the University of California.
[    1.351215] iwl3945: Intel(R) PRO/Wireless 3945ABG/BG Network Connection driver for Linux, in-tree:ds
[    1.351217] iwl3945: Copyright(c) 2003-2011 Intel Corporation
[    1.351218] iwl3945: hw_scan is disabled
[    1.351529] iwl3945 0000:03:00.0: can't disable ASPM; OS doesn't have ASPM control
[    1.406159] iwl3945 0000:03:00.0: Tunable channels: 11 802.11bg, 13 802.11a channels
[    1.406162] iwl3945 0000:03:00.0: Detected Intel Wireless WiFi Link 3945ABG
[    1.407121] ieee80211 phy0: Selected rate control algorithm 'iwl-3945-rs'
[    1.408084] Intel(R) Wireless WiFi driver for Linux
[    1.408085] Copyright(c) 2003- 2015 Intel Corporation
[    1.408278] usbcore: registered new interface driver ax88179_178a
[    1.408322] usbcore: registered new interface driver cdc_ether
[    1.408364] usbcore: registered new interface driver net1080
[    1.408413] usbcore: registered new interface driver cdc_subset
[    1.408464] usbcore: registered new interface driver zaurus
[    1.408519] usbcore: registered new interface driver cdc_ncm
[    1.408608] pci 0000:00:1e.0: enabling device (0005 -> 0007)
[    1.408831] yenta_cardbus 0000:15:00.0: CardBus bridge found [17aa:201c]
[    1.550280] ata1: SATA link up 1.5 Gbps (SStatus 113 SControl 300)
[    1.627654] ata1.00: ACPI cmd ef/02:00:00:00:00:a0 (SET FEATURES) succeeded
[    1.627658] ata1.00: ACPI cmd f5/00:00:00:00:00:a0 (SECURITY FREEZE LOCK) filtered out
[    1.627662] ata1.00: ACPI cmd ef/10:03:00:00:00:a0 (SET FEATURES) filtered out
[    1.671626] ata1.00: ATA-9: ST1000LM014-1EJ164, SM11, max UDMA/133
[    1.671630] ata1.00: 1953525168 sectors, multi 16: LBA48 NCQ (depth 32), AA
[    1.716322] ata1.00: ACPI cmd ef/02:00:00:00:00:a0 (SET FEATURES) succeeded
[    1.716326] ata1.00: ACPI cmd f5/00:00:00:00:00:a0 (SECURITY FREEZE LOCK) filtered out
[    1.716330] ata1.00: ACPI cmd ef/10:03:00:00:00:a0 (SET FEATURES) filtered out
[    1.760381] ata1.00: configured for UDMA/133
[    1.927391] Console: switching to colour frame buffer device 102x42
[    2.067484] i915 0000:00:02.0: fb0: i915drmfb frame buffer device
[    2.070700] scsi 0:0:0:0: Direct-Access     ATA      ST1000LM014-1EJ1 SM11 PQ: 0 ANSI: 5
[    2.074870] sd 0:0:0:0: [sda] 1953525168 512-byte logical blocks: (1.00 TB/932 GiB)
[    2.075093] sd 0:0:0:0: Attached scsi generic sg0 type 0
[    2.077812] sd 0:0:0:0: [sda] 4096-byte physical blocks
[    2.083469] sd 0:0:0:0: [sda] Write Protect is off
[    2.086250] sd 0:0:0:0: [sda] Mode Sense: 00 3a 00 00
[    2.086368] sd 0:0:0:0: [sda] Write cache: enabled, read cache: enabled, doesn't support DPO or FUA
[    2.091768]  sda: sda1 sda2 sda3 sda4
[    2.096887] sd 0:0:0:0: [sda] Attached SCSI disk
[    2.239653] yenta_cardbus 0000:15:00.0: ISA IRQ mask 0x0cb8, PCI irq 16
[    2.242491] yenta_cardbus 0000:15:00.0: Socket status: 30000006
[    2.245329] yenta_cardbus 0000:15:00.0: pcmcia: parent PCI bridge window: [io  0x9000-0xcfff]
[    2.248142] yenta_cardbus 0000:15:00.0: pcmcia: parent PCI bridge window: [mem 0xe4300000-0xe7ffffff]
[    2.250888] pcmcia_socket pcmcia_socket0: cs: memory probe 0xe4300000-0xe7ffffff:
[    2.253655]  excluding 0xe4300000-0xe46cffff
[    2.256437] yenta_cardbus 0000:15:00.0: pcmcia: parent PCI bridge window: [mem 0xe0000000-0xe3ffffff 64bit pref]
[    2.259347] pcmcia_socket pcmcia_socket0: cs: memory probe 0xe0000000-0xe3ffffff:
[    2.262301]  excluding 0xe0000000-0xe3ffffff
[    2.266260] ehci_hcd: USB 2.0 'Enhanced' Host Controller (EHCI) Driver
[    2.269203] ehci-pci: EHCI PCI platform driver
[    2.272645] ehci-pci 0000:00:1d.7: EHCI Host Controller
[    2.275907] ehci-pci 0000:00:1d.7: new USB bus registered, assigned bus number 1
[    2.279006] ehci-pci 0000:00:1d.7: debug port 1
[    2.286028] ehci-pci 0000:00:1d.7: cache line size of 64 is not supported
[    2.289221] ehci-pci 0000:00:1d.7: irq 19, io mem 0xee444000
[    2.306885] ehci-pci 0000:00:1d.7: USB 2.0 started, EHCI 1.00
[    2.310320] usb usb1: New USB device found, idVendor=1d6b, idProduct=0002, bcdDevice= 5.06
[    2.313566] usb usb1: New USB device strings: Mfr=3, Product=2, SerialNumber=1
[    2.316763] usb usb1: Product: EHCI Host Controller
[    2.319896] usb usb1: Manufacturer: Linux 5.6.0-next-20200412+ ehci_hcd
[    2.323073] usb usb1: SerialNumber: 0000:00:1d.7
[    2.326991] hub 1-0:1.0: USB hub found
[    2.330126] hub 1-0:1.0: 8 ports detected
[    2.335182] ohci_hcd: USB 1.1 'Open' Host Controller (OHCI) Driver
[    2.338224] ohci-pci: OHCI PCI platform driver
[    2.341283] uhci_hcd: USB Universal Host Controller Interface driver
[    2.344831] uhci_hcd 0000:00:1d.0: UHCI Host Controller
[    2.348179] uhci_hcd 0000:00:1d.0: new USB bus registered, assigned bus number 2
[    2.351238] uhci_hcd 0000:00:1d.0: detected 2 ports
[    2.354195] uhci_hcd 0000:00:1d.0: irq 16, io base 0x00001820
[    2.357361] usb usb2: New USB device found, idVendor=1d6b, idProduct=0001, bcdDevice= 5.06
[    2.360418] usb usb2: New USB device strings: Mfr=3, Product=2, SerialNumber=1
[    2.363478] usb usb2: Product: UHCI Host Controller
[    2.366454] usb usb2: Manufacturer: Linux 5.6.0-next-20200412+ uhci_hcd
[    2.369427] usb usb2: SerialNumber: 0000:00:1d.0
[    2.373029] hub 2-0:1.0: USB hub found
[    2.375985] hub 2-0:1.0: 2 ports detected
[    2.379980] uhci_hcd 0000:00:1d.1: UHCI Host Controller
[    2.383137] uhci_hcd 0000:00:1d.1: new USB bus registered, assigned bus number 3
[    2.386085] uhci_hcd 0000:00:1d.1: detected 2 ports
[    2.388949] uhci_hcd 0000:00:1d.1: irq 17, io base 0x00001840
[    2.391988] usb usb3: New USB device found, idVendor=1d6b, idProduct=0001, bcdDevice= 5.06
[    2.394812] usb usb3: New USB device strings: Mfr=3, Product=2, SerialNumber=1
[    2.397524] usb usb3: Product: UHCI Host Controller
[    2.400198] usb usb3: Manufacturer: Linux 5.6.0-next-20200412+ uhci_hcd
[    2.400202] usb usb3: SerialNumber: 0000:00:1d.1
[    2.406134] hub 3-0:1.0: USB hub found
[    2.408806] hub 3-0:1.0: 2 ports detected
[    2.412602] uhci_hcd 0000:00:1d.2: UHCI Host Controller
[    2.415491] uhci_hcd 0000:00:1d.2: new USB bus registered, assigned bus number 4
[    2.418139] uhci_hcd 0000:00:1d.2: detected 2 ports
[    2.420799] uhci_hcd 0000:00:1d.2: irq 18, io base 0x00001860
[    2.423641] usb usb4: New USB device found, idVendor=1d6b, idProduct=0001, bcdDevice= 5.06
[    2.426293] usb usb4: New USB device strings: Mfr=3, Product=2, SerialNumber=1
[    2.428942] usb usb4: Product: UHCI Host Controller
[    2.431529] usb usb4: Manufacturer: Linux 5.6.0-next-20200412+ uhci_hcd
[    2.434141] usb usb4: SerialNumber: 0000:00:1d.2
[    2.437470] hub 4-0:1.0: USB hub found
[    2.440117] hub 4-0:1.0: 2 ports detected
[    2.443946] uhci_hcd 0000:00:1d.3: UHCI Host Controller
[    2.446809] uhci_hcd 0000:00:1d.3: new USB bus registered, assigned bus number 5
[    2.449726] uhci_hcd 0000:00:1d.3: detected 2 ports
[    2.452342] uhci_hcd 0000:00:1d.3: irq 19, io base 0x00001880
[    2.455120] usb usb5: New USB device found, idVendor=1d6b, idProduct=0001, bcdDevice= 5.06
[    2.457752] usb usb5: New USB device strings: Mfr=3, Product=2, SerialNumber=1
[    2.460399] usb usb5: Product: UHCI Host Controller
[    2.463026] usb usb5: Manufacturer: Linux 5.6.0-next-20200412+ uhci_hcd
[    2.465627] usb usb5: SerialNumber: 0000:00:1d.3
[    2.468859] hub 5-0:1.0: USB hub found
[    2.471448] hub 5-0:1.0: 2 ports detected
[    2.474919] usbcore: registered new interface driver cdc_acm
[    2.477393] cdc_acm: USB Abstract Control Model driver for USB modems and ISDN adapters
[    2.480058] usbcore: registered new interface driver usblp
[    2.482748] usbcore: registered new interface driver usb-storage
[    2.485395] usbcore: registered new interface driver ums-sddr09
[    2.488067] usbcore: registered new interface driver usbserial_generic
[    2.490608] usbserial: USB Serial support registered for generic
[    2.493209] usbcore: registered new interface driver ch341
[    2.495733] usbserial: USB Serial support registered for ch341-uart
[    2.498275] usbcore: registered new interface driver cp210x
[    2.500792] usbserial: USB Serial support registered for cp210x
[    2.503356] usbcore: registered new interface driver ftdi_sio
[    2.505861] usbserial: USB Serial support registered for FTDI USB Serial Device
[    2.508533] usbcore: registered new interface driver option
[    2.511164] usbserial: USB Serial support registered for GSM modem (1-port)
[    2.513927] usbcore: registered new interface driver pl2303
[    2.516597] usbserial: USB Serial support registered for pl2303
[    2.519322] usbcore: registered new interface driver ti_usb_3410_5052
[    2.522033] usbserial: USB Serial support registered for TI USB 3410 1 port adapter
[    2.524785] usbserial: USB Serial support registered for TI USB 5052 2 port adapter
[    2.527448] ftdi_elan: driver ftdi-elan
[    2.530062] usbcore: registered new interface driver ftdi-elan
[    2.532875] i8042: PNP: PS/2 Controller [PNP0303:KBD,PNP0f13:MOU] at 0x60,0x64 irq 1,12
[    2.547591] serio: i8042 KBD port at 0x60,0x64 irq 1
[    2.550548] serio: i8042 AUX port at 0x60,0x64 irq 12
[    2.553930] mousedev: PS/2 mouse device common for all mice
[    2.557910] input: PC Speaker as /devices/platform/pcspkr/input/input5
[    2.561235] rtc_cmos 00:02: RTC can wake from S4
[    2.564926] rtc_cmos 00:02: registered as rtc0
[    2.567739] rtc_cmos 00:02: setting system clock to 2020-04-12T09:00:31 UTC (1586682031)
[    2.570652] rtc_cmos 00:02: alarms up to one month, y3k, 114 bytes nvram, hpet irqs
[    2.573682] usbcore: registered new interface driver uvcvideo
[    2.576656] input: AT Translated Set 2 keyboard as /devices/platform/i8042/serio0/input/input4
[    2.579594] USB Video Class driver (1.1.1)
[    2.582686] gspca_main: v2.14.0 registered
[    2.585579] usbcore: registered new interface driver sq930x
[    2.589757] device-mapper: ioctl: 4.42.0-ioctl (2020-02-27) initialised: dm-devel@redhat.com
[    2.592726] Bluetooth: HCI UART driver ver 2.3
[    2.595606] Bluetooth: HCI UART protocol H4 registered
[    2.598420] Bluetooth: HCI UART protocol BCSP registered
[    2.601395] usbcore: registered new interface driver btusb
[    2.604348] intel_pstate: CPU model not supported
[    2.607778] sdhci: Secure Digital Host Controller Interface driver
[    2.610727] sdhci: Copyright(c) Pierre Ossman
[    2.613746] sdhci-pci 0000:15:00.2: SDHCI controller found [1180:0822] (rev 18)
[    2.617081] sdhci-pci 0000:15:00.2: Will use DMA mode even though HW doesn't fully claim to support it.
[    2.620603] mmc0 bounce up to 128 segments into one, max segment size 65536 bytes
[    2.623854] sdhci-pci 0000:15:00.2: Will use DMA mode even though HW doesn't fully claim to support it.
[    2.627574] mmc0: SDHCI controller on PCI [0000:15:00.2] using DMA
[    2.630834] sdhci-pci 0000:15:00.2: Will use DMA mode even though HW doesn't fully claim to support it.
[    2.634338] hid: raw HID events driver (C) Jiri Kosina
[    2.639037] usbcore: registered new interface driver usbhid
[    2.642252] usbhid: USB HID core driver
[    2.645995] thinkpad_acpi: ThinkPad ACPI Extras v0.26
[    2.649173] thinkpad_acpi: http://ibm-acpi.sf.net/
[    2.652285] thinkpad_acpi: ThinkPad BIOS 7BETD8WW (2.19 ), EC 7BHT40WW-1.13
[    2.655504] thinkpad_acpi: Lenovo ThinkPad X60, model 17097HU
[    2.665664] thinkpad_acpi: ACPI backlight control delay disabled
[    2.669806] thinkpad_acpi: radio switch found; radios are enabled
[    2.673996] thinkpad_acpi: This ThinkPad has standard ACPI backlight brightness control, supported by the ACPI video driver
[    2.680541] thinkpad_acpi: Disabling thinkpad-acpi brightness events by default...
[    2.695999] thinkpad_acpi: rfkill switch tpacpi_bluetooth_sw: radio is unblocked
[    2.702120] thinkpad_acpi: warning: userspace override of important firmware LEDs is enabled
[    2.710825] thinkpad_acpi: Standard ACPI backlight interface available, not loading native one
[    2.714239] thinkpad_acpi: volume: disabled as there is no ALSA support in this kernel
[    2.718451] thinkpad_acpi: battery 1 registered (start 0, stop 0)
[    2.718469] battery: new extension: ThinkPad Battery Extension
[    2.725615] input: ThinkPad Extra Buttons as /devices/platform/thinkpad_acpi/input/input8
[    2.735092] snd_hda_intel 0000:00:1b.0: probe_mask set to 0x1 for device 17aa:2010
[    2.739218] usbcore: registered new interface driver snd-usb-audio
[    2.744461] NET: Registered protocol family 17
[    2.748587] Bluetooth: RFCOMM TTY layer initialized
[    2.752201] Bluetooth: RFCOMM socket layer initialized
[    2.755537] Bluetooth: RFCOMM ver 1.11
[    2.758818] Bluetooth: BNEP (Ethernet Emulation) ver 1.3
[    2.762123] Bluetooth: BNEP filters: protocol multicast
[    2.765417] Bluetooth: BNEP socket layer initialized
[    2.768690] Bluetooth: HIDP (Human Interface Emulation) ver 1.2
[    2.771983] Bluetooth: HIDP socket layer initialized
[    2.775721] microcode: sig=0x6e8, pf=0x20, revision=0x39
[    2.779209] microcode: Microcode Update Driver: v2.2.
[    2.779214] IPI shorthand broadcast: enabled
[    2.785758] Loading compiled-in X.509 certificates
[    2.788963] Key type ._fscrypt registered
[    2.791887] Key type .fscrypt registered
[    2.794687] Key type fscrypt-provisioning registered
[    2.798941] Key type encrypted registered
[    2.804837] snd_hda_codec_analog hdaudioC0D0: autoconfig for AD1981: line_outs=1 (0x5/0x0/0x0/0x0/0x0) type:speaker
[    2.810972] snd_hda_codec_analog hdaudioC0D0:    speaker_outs=0 (0x0/0x0/0x0/0x0/0x0)
[    2.812600] cfg80211: Loading compiled-in X.509 certificates for regulatory database
[    2.813945] snd_hda_codec_analog hdaudioC0D0:    hp_outs=0 (0x0/0x0/0x0/0x0/0x0)
[    2.820408] snd_hda_codec_analog hdaudioC0D0:    mono: mono_out=0x0
[    2.823428] snd_hda_codec_analog hdaudioC0D0:    inputs:
[    2.826734] snd_hda_codec_analog hdaudioC0D0:      Mic=0x8
[    2.829590] snd_hda_codec_analog hdaudioC0D0:      CD=0x19
[    2.835613] cfg80211: Loaded X.509 cert 'sforshee: 00b28ddf47aef9cea7'
[    2.839756] platform regulatory.0: Direct firmware load for regulatory.db failed with error -2
[    2.843579] cfg80211: failed to load regulatory.db
[    2.848209] PM: Image not found (code -22)
[    2.848285] ALSA device list:
[    2.851225]   No soundcards found.
[    3.162922] usb 5-1: new full-speed USB device number 2 using uhci_hcd
[    3.177984] psmouse serio1: trackpoint: IBM TrackPoint firmware: 0x0e, buttons: 3/3
[    3.202620] input: TPPS/2 IBM TrackPoint as /devices/platform/i8042/serio1/input/input7
[    3.212707] md: Waiting for all devices to be available before autodetect
[    3.216295] md: If you don't use raid, use raid=noautodetect
[    3.220951] md: Autodetecting RAID arrays.
[    3.224483] md: autorun ...
[    3.227902] md: ... autorun DONE.
[    3.272569] EXT4-fs (sda4): mounted filesystem with ordered data mode. Opts: (null)
[    3.277508] VFS: Mounted root (ext4 filesystem) readonly on device 8:4.
[    3.281757] devtmpfs: mounted
[    3.286219] Freeing unused kernel image (initmem) memory: 664K
[    3.290312] Write protecting kernel text and read-only data: 18392k
[    3.293143] NX-protecting the kernel data: 7388k
[    3.296901] x86/mm: Checked W+X mappings: passed, no W+X pages found.
[    3.299771] rodata_test: all tests were successful
[    3.302769] x86/mm: Checking user space page tables
[    3.305749] x86/mm: Checked W+X mappings: passed, no W+X pages found.
[    3.308649] Run /sbin/init as init process
[    3.311525]   with arguments:
[    3.311528]     /sbin/init
[    3.311530]   with environment:
[    3.311533]     HOME=/
[    3.311535]     TERM=linux
[    3.311538]     BOOT_IMAGE=(hd0,2)/fast/l/linux-next-32/arch/x86/boot/bzImage
[    3.361026] usb 5-1: New USB device found, idVendor=0a5c, idProduct=2110, bcdDevice= 1.00
[    3.366452] usb 5-1: New USB device strings: Mfr=1, Product=2, SerialNumber=0
[    3.371880] usb 5-1: Product: BCM2045B
[    3.377231] usb 5-1: Manufacturer: Broadcom Corp
[    3.782403] random: systemd: uninitialized urandom read (16 bytes read)
[    3.788028] systemd[1]: systemd 215 running in system mode. (+PAM +AUDIT +SELINUX +IMA +SYSVINIT +LIBCRYPTSETUP +GCRYPT +ACL +XZ -SECCOMP -APPARMOR)
[    3.819057] systemd[1]: Detected architecture 'x86'.
[    3.930890] usb 5-2: new full-speed USB device number 3 using uhci_hcd
[    3.975558] systemd[1]: Failed to insert module 'ipv6'
[    3.992693] systemd[1]: Set hostname to <amd>.
[    4.138004] usb 5-2: New USB device found, idVendor=0483, idProduct=2016, bcdDevice= 0.01
[    4.142304] usb 5-2: New USB device strings: Mfr=1, Product=2, SerialNumber=0
[    4.149420] usb 5-2: Product: Biometric Coprocessor
[    4.153101] usb 5-2: Manufacturer: STMicroelectronics
[    4.200870] random: systemd-sysv-ge: uninitialized urandom read (16 bytes read)
[    4.671532] random: systemd: uninitialized urandom read (16 bytes read)
[    4.883779] urandom_read: 5 callbacks suppressed
[    4.883783] random: systemd: uninitialized urandom read (16 bytes read)
[    4.895521] random: systemd: uninitialized urandom read (16 bytes read)
[    4.918645] systemd[1]: [/lib/systemd/system/anacron.timer:6] Unknown lvalue 'RandomizedDelaySec' in section 'Timer'
[    5.033783] systemd[1]: Binding to IPv6 address not available since kernel does not support IPv6.
[    5.039629] systemd[1]: [/lib/systemd/system/gpsd.socket:6] Failed to parse address value, ignoring: [::1]:2947
[    5.343498] systemd[1]: Starting User and Group Name Lookups.
[    5.355310] systemd[1]: Reached target User and Group Name Lookups.
[    5.358571] systemd[1]: Starting Forward Password Requests to Wall Directory Watch.
[    6.292823] random: crng init done
[    6.366457] systemd-udevd[2508]: starting version 215
[    6.407343] EXT4-fs (sda4): re-mounted. Opts: errors=remount-ro
[    7.690199] e1000e 0000:02:00.0 eth1: renamed from eth0
[    7.719164] systemd-udevd[2517]: renamed network interface eth0 to eth1
[    9.338132] EXT4-fs (sda2): mounted filesystem with ordered data mode. Opts: errors=remount-ro
[   11.130283] systemd-journald[2006]: Received request to flush runtime journal from PID 1
[  105.400908] iwl3945 0000:03:00.0: loaded firmware version 15.32.2.9
[  124.443827] traps: clock-applet[3585] trap int3 ip:b71f7fc0 sp:bf955ca0 error:0 in libglib-2.0.so.0.5000.3[b71ab000+12a000]
[  126.870845] wlan0: authenticate with 5c:f4:ab:10:d2:bb
[  126.871106] wlan0: send auth to 5c:f4:ab:10:d2:bb (try 1/3)
[  126.873044] wlan0: authenticated
[  126.874929] wlan0: associate with 5c:f4:ab:10:d2:bb (try 1/3)
[  126.877876] wlan0: RX AssocResp from 5c:f4:ab:10:d2:bb (capab=0x411 status=0 aid=1)
[  126.879710] wlan0: associated
