[    0.000000] Linux version 4.20.0+ (pavel@duo) (gcc version 4.9.2 (Debian 4.9.2-10+deb8u1)) #6 SMP Tue Dec 25 00:14:46 CET 2018
[    0.000000] Disabled fast string operations
[    0.000000] x86/fpu: x87 FPU will use FXSAVE
[    0.000000] BIOS-provided physical RAM map:
[    0.000000] BIOS-e820: [mem 0x0000000000000000-0x000000000009efff] usable
[    0.000000] BIOS-e820: [mem 0x000000000009f000-0x000000000009ffff] reserved
[    0.000000] BIOS-e820: [mem 0x00000000000dc000-0x00000000000fffff] reserved
[    0.000000] BIOS-e820: [mem 0x0000000000100000-0x00000000bf6cffff] usable
[    0.000000] BIOS-e820: [mem 0x00000000bf6d0000-0x00000000bf6defff] ACPI data
[    0.000000] BIOS-e820: [mem 0x00000000bf6df000-0x00000000bf6fffff] ACPI NVS
[    0.000000] BIOS-e820: [mem 0x00000000bf700000-0x00000000bfffffff] reserved
[    0.000000] BIOS-e820: [mem 0x00000000f0000000-0x00000000f3ffffff] reserved
[    0.000000] BIOS-e820: [mem 0x00000000fec00000-0x00000000fec0ffff] reserved
[    0.000000] BIOS-e820: [mem 0x00000000fed00000-0x00000000fed003ff] reserved
[    0.000000] BIOS-e820: [mem 0x00000000fed14000-0x00000000fed19fff] reserved
[    0.000000] BIOS-e820: [mem 0x00000000fed1c000-0x00000000fed8ffff] reserved
[    0.000000] BIOS-e820: [mem 0x00000000fee00000-0x00000000fee00fff] reserved
[    0.000000] BIOS-e820: [mem 0x00000000ff800000-0x00000000ffffffff] reserved
[    0.000000] NX (Execute Disable) protection: active
[    0.000000] SMBIOS 2.4 present.
[    0.000000] DMI: LENOVO 17097HU/17097HU, BIOS 7BETD8WW (2.19 ) 03/31/2011
[    0.000000] tsc: Fast TSC calibration using PIT
[    0.000000] tsc: Detected 1828.720 MHz processor
[    0.014173] e820: update [mem 0x00000000-0x00000fff] usable ==> reserved
[    0.014178] e820: remove [mem 0x000a0000-0x000fffff] usable
[    0.014190] last_pfn = 0xbf6d0 max_arch_pfn = 0x1000000
[    0.014204] MTRR default type: uncachable
[    0.014206] MTRR fixed ranges enabled:
[    0.014210]   00000-9FFFF write-back
[    0.014213]   A0000-BFFFF uncachable
[    0.014215]   C0000-CFFFF write-protect
[    0.014218]   D0000-DBFFF uncachable
[    0.014221]   DC000-DFFFF write-back
[    0.014224]   E0000-FFFFF write-protect
[    0.014226] MTRR variable ranges enabled:
[    0.014230]   0 base 000000000 mask F80000000 write-back
[    0.014233]   1 base 080000000 mask FC0000000 write-back
[    0.014236]   2 base 0BF700000 mask FFFF00000 uncachable
[    0.014239]   3 base 0BF800000 mask FFF800000 uncachable
[    0.014241]   4 disabled
[    0.014243]   5 disabled
[    0.014246]   6 disabled
[    0.014248]   7 disabled
[    0.015327] x86/PAT: PAT not supported by CPU.
[    0.016498] x86/PAT: Configuration [0-7]: WB  WT  UC- UC  WB  WT  UC- UC  
[    0.016518] initial memory mapped: [mem 0x00000000-0x05dfffff]
[    0.016525] Base memory trampoline at [(ptrval)] 9b000 size 16384
[    0.016607] BRK [0x0585d000, 0x0585dfff] PGTABLE
[    0.016625] BRK [0x0585e000, 0x0585efff] PGTABLE
[    0.016636] ACPI: Early table checksum verification disabled
[    0.016819] ACPI: RSDP 0x00000000000F67C0 000024 (v02 LENOVO)
[    0.016826] ACPI: XSDT 0x00000000BF6D191C 000084 (v01 LENOVO TP-7B    00002190  LTP 00000000)
[    0.016839] ACPI: FACP 0x00000000BF6D1A00 0000F4 (v03 LENOVO TP-7B    00002190 LNVO 00000001)
[    0.016850] ACPI BIOS Warning (bug): 32/64X length mismatch in FADT/Gpe0Block: 64/32 (20181003/tbfadt-569)
[    0.016857] ACPI BIOS Warning (bug): Optional FADT field Gpe1Block has valid Address but zero Length: 0x000000000000102C/0x0 (20181003/tbfadt-624)
[    0.016866] ACPI: DSDT 0x00000000BF6D1D90 00CFB9 (v01 LENOVO TP-7B    00002190 MSFT 0100000E)
[    0.016875] ACPI: FACS 0x00000000BF6F4000 000040
[    0.016882] ACPI: FACS 0x00000000BF6F4000 000040
[    0.016889] ACPI: SSDT 0x00000000BF6D1BB4 0001DC (v01 LENOVO TP-7B    00002190 MSFT 0100000E)
[    0.016898] ACPI: ECDT 0x00000000BF6DED49 000052 (v01 LENOVO TP-7B    00002190 LNVO 00000001)
[    0.016907] ACPI: TCPA 0x00000000BF6DED9B 000032 (v02 LENOVO TP-7B    00002190 LNVO 00000001)
[    0.016915] ACPI: APIC 0x00000000BF6DEDCD 000068 (v01 LENOVO TP-7B    00002190 LNVO 00000001)
[    0.016924] ACPI: MCFG 0x00000000BF6DEE35 00003C (v01 LENOVO TP-7B    00002190 LNVO 00000001)
[    0.016932] ACPI: HPET 0x00000000BF6DEE71 000038 (v01 LENOVO TP-7B    00002190 LNVO 00000001)
[    0.016940] ACPI: BOOT 0x00000000BF6DEFD8 000028 (v01 LENOVO TP-7B    00002190  LTP 00000001)
[    0.016949] ACPI: SSDT 0x00000000BF6F2645 00025F (v01 LENOVO TP-7B    00002190 INTL 20050513)
[    0.016957] ACPI: SSDT 0x00000000BF6F28A4 0000A6 (v01 LENOVO TP-7B    00002190 INTL 20050513)
[    0.016966] ACPI: SSDT 0x00000000BF6F294A 0004F7 (v01 LENOVO TP-7B    00002190 INTL 20050513)
[    0.016974] ACPI: SSDT 0x00000000BF6F2E41 0001D8 (v01 LENOVO TP-7B    00002190 INTL 20050513)
[    0.016994] ACPI: Local APIC address 0xfee00000
[    0.017000] 2176MB HIGHMEM available.
[    0.017006] 885MB LOWMEM available.
[    0.017010]   mapped low ram: 0 - 375fe000
[    0.017013]   low ram: 0 - 375fe000
[    0.017024] BRK [0x0585f000, 0x0585ffff] PGTABLE
[    0.017029] Zone ranges:
[    0.017032]   DMA      [mem 0x0000000000001000-0x0000000000ffffff]
[    0.017037]   Normal   [mem 0x0000000001000000-0x00000000375fdfff]
[    0.017042]   HighMem  [mem 0x00000000375fe000-0x00000000bf6cffff]
[    0.017047] Movable zone start for each node
[    0.017050] Early memory node ranges
[    0.017054]   node   0: [mem 0x0000000000001000-0x000000000009efff]
[    0.017058]   node   0: [mem 0x0000000000100000-0x00000000bf6cffff]
[    0.017063] Initmem setup node 0 [mem 0x0000000000001000-0x00000000bf6cffff]
[    0.017068] On node 0 totalpages: 783982
[    0.028438]   DMA zone: 32 pages used for memmap
[    0.028441]   DMA zone: 0 pages reserved
[    0.028444]   DMA zone: 3998 pages, LIFO batch:0
[    0.028555]   Normal zone: 1740 pages used for memmap
[    0.028558]   Normal zone: 222718 pages, LIFO batch:63
[    0.034244]   HighMem zone: 557266 pages, LIFO batch:63
[    0.048484] Using APIC driver default
[    0.048501] Reserving Intel graphics memory at [mem 0xbf800000-0xbfffffff]
[    0.048985] ACPI: PM-Timer IO Port: 0x1008
[    0.048990] ACPI: Local APIC address 0xfee00000
[    0.049002] ACPI: LAPIC_NMI (acpi_id[0x00] high edge lint[0x1])
[    0.049007] ACPI: LAPIC_NMI (acpi_id[0x01] high edge lint[0x1])
[    0.049038] IOAPIC[0]: apic_id 1, version 32, address 0xfec00000, GSI 0-23
[    0.049045] ACPI: INT_SRC_OVR (bus 0 bus_irq 0 global_irq 2 dfl dfl)
[    0.049051] ACPI: INT_SRC_OVR (bus 0 bus_irq 9 global_irq 9 high level)
[    0.049056] ACPI: IRQ0 used by override.
[    0.049061] ACPI: IRQ9 used by override.
[    0.049067] Using ACPI (MADT) for SMP configuration information
[    0.049072] ACPI: HPET id: 0x8086a201 base: 0xfed00000
[    0.049085] smpboot: Allowing 2 CPUs, 0 hotplug CPUs
[    0.049125] PM: Registered nosave memory: [mem 0x00000000-0x00000fff]
[    0.049131] PM: Registered nosave memory: [mem 0x0009f000-0x0009ffff]
[    0.049134] PM: Registered nosave memory: [mem 0x000a0000-0x000dbfff]
[    0.049138] PM: Registered nosave memory: [mem 0x000dc000-0x000fffff]
[    0.049147] [mem 0xc0000000-0xefffffff] available for PCI devices
[    0.049154] clocksource: refined-jiffies: mask: 0xffffffff max_cycles: 0xffffffff, max_idle_ns: 7645519600211568 ns
[    0.049180] random: get_random_bytes called from start_kernel+0x74/0x357 with crng_init=0
[    0.049194] setup_percpu: NR_CPUS:8 nr_cpumask_bits:8 nr_cpu_ids:2 nr_node_ids:1
[    0.049457] percpu: Embedded 37 pages/cpu @(ptrval) s119144 r0 d32408 u151552
[    0.049470] pcpu-alloc: s119144 r0 d32408 u151552 alloc=37*4096
[    0.049474] pcpu-alloc: [0] 0 [0] 1 
[    0.049508] Built 1 zonelists, mobility grouping on.  Total pages: 782210
[    0.049520] Kernel command line: BOOT_IMAGE=(hd0,2)/fast/l/k/o/32/arch/x86/boot/bzImage root=/dev/sda4 resume=/dev/sda1
[    0.049935] Dentry cache hash table entries: 131072 (order: 7, 524288 bytes)
[    0.050052] Inode-cache hash table entries: 65536 (order: 6, 262144 bytes)
[    0.050076] Initializing CPU#0
[    0.082335] Initializing HighMem for node 0 (000375fe:000bf6d0)
[    0.407984] Initializing Movable for node 0 (00000000:00000000)
[    0.480434] Memory: 3019376K/3135928K available (12271K kernel code, 702K rwdata, 4808K rodata, 640K init, 6116K bss, 116552K reserved, 0K cma-reserved, 2229064K highmem)
[    0.480447] virtual kernel memory layout:
    fixmap  : 0xffe70000 - 0xfffff000   (1596 kB)
  cpu_entry : 0xffa00000 - 0xffb31000   (1220 kB)
    pkmap   : 0xff600000 - 0xff800000   (2048 kB)
    vmalloc : 0xf7dfe000 - 0xff5fe000   ( 120 MB)
    lowmem  : 0xc0000000 - 0xf75fe000   ( 885 MB)
      .init : 0xc5188000 - 0xc5228000   ( 640 kB)
      .data : 0xc4bfbefc - 0xc5165800   (5542 kB)
      .text : 0xc4000000 - 0xc4bfbefc   (12271 kB)
[    0.480452] Checking if this processor honours the WP bit even in supervisor mode...Ok.
[    0.480889] Kernel/User page tables isolation: enabled
[    0.481161] rcu: Hierarchical RCU implementation.
[    0.481166] rcu: 	RCU restricting CPUs from NR_CPUS=8 to nr_cpu_ids=2.
[    0.481171] rcu: RCU calculated value of scheduler-enlistment delay is 25 jiffies.
[    0.481175] rcu: Adjusting geometry for rcu_fanout_leaf=16, nr_cpu_ids=2
[    0.481218] NR_IRQS: 2304, nr_irqs: 56, preallocated irqs: 16
[    0.481513] CPU 0 irqstacks, hard=(ptrval) soft=(ptrval)
[    0.484094] Console: colour VGA+ 80x25
[    0.492110] printk: console [tty0] enabled
[    0.492181] Lock dependency validator: Copyright (c) 2006 Red Hat, Inc., Ingo Molnar
[    0.492269] ... MAX_LOCKDEP_SUBCLASSES:  8
[    0.492340] ... MAX_LOCK_DEPTH:          48
[    0.492411] ... MAX_LOCKDEP_KEYS:        8191
[    0.492483] ... CLASSHASH_SIZE:          4096
[    0.492555] ... MAX_LOCKDEP_ENTRIES:     32768
[    0.492627] ... MAX_LOCKDEP_CHAINS:      65536
[    0.492700] ... CHAINHASH_SIZE:          32768
[    0.492773]  memory used by lock dependency info: 4351 kB
[    0.492850]  per task-struct memory footprint: 1344 bytes
[    0.493578] ACPI: Core revision 20181003
[    0.494013] ACPI: EC: EC started
[    0.494083] ACPI: EC: interrupt blocked
[    0.494194] ACPI: \: Used as first EC
[    0.494267] ACPI: \: GPE=0x1c, EC_CMD/EC_SC=0x66, EC_DATA=0x62
[    0.494348] ACPI: \: Used as boot ECDT EC to handle transactions
[    0.494557] clocksource: hpet: mask: 0xffffffff max_cycles: 0xffffffff, max_idle_ns: 133484882848 ns
[    0.494684] hpet clockevent registered
[    0.494697] APIC: Switch to symmetric I/O mode setup
[    0.494773] Enabling APIC mode:  Flat.  Using 1 I/O APICs
[    0.495405] ..TIMER: vector=0x30 apic1=0 pin1=2 apic2=-1 pin2=-1
[    0.514693] clocksource: tsc-early: mask: 0xffffffffffffffff max_cycles: 0x1a5c243c4cf, max_idle_ns: 440795245898 ns
[    0.514815] Calibrating delay loop (skipped), value calculated using timer frequency.. 3657.44 BogoMIPS (lpj=7314880)
[    0.514933] pid_max: default: 32768 minimum: 301
[    0.515273] Mount-cache hash table entries: 2048 (order: 1, 8192 bytes)
[    0.515365] Mountpoint-cache hash table entries: 2048 (order: 1, 8192 bytes)
[    0.516132] Disabled fast string operations
[    0.516218] process: using mwait in idle threads
[    0.516302] Last level iTLB entries: 4KB 128, 2MB 0, 4MB 2
[    0.516381] Last level dTLB entries: 4KB 128, 2MB 0, 4MB 8, 1GB 0
[    0.516465] Spectre V2 : Mitigation: Full generic retpoline
[    0.516545] Spectre V2 : Spectre v2 / SpectreRSB mitigation: Filling RSB on context switch
[    0.516642] L1TF: System has more than MAX_PA/2 memory. L1TF mitigation not effective.
[    0.516732] L1TF: You may make it effective by booting the kernel with mem=2147483648 parameter.
[    0.516840] L1TF: However, doing so will make a part of your RAM unusable.
[    0.516925] L1TF: Reading https://www.kernel.org/doc/html/latest/admin-guide/l1tf.html might help you decide.
[    0.517270] Freeing SMP alternatives memory: 44K
[    0.522813] smpboot: CPU0: Genuine Intel(R) CPU           T2400  @ 1.83GHz (family: 0x6, model: 0xe, stepping: 0x8)
[    0.522813] Performance Events: Core events, core PMU driver.
[    0.522813] ... version:                1
[    0.522813] ... bit width:              40
[    0.522813] ... generic registers:      2
[    0.522813] ... value mask:             000000ffffffffff
[    0.522813] ... max period:             000000007fffffff
[    0.522813] ... fixed-purpose events:   0
[    0.522813] ... event mask:             0000000000000003
[    0.522813] rcu: Hierarchical SRCU implementation.
[    0.522813] NMI watchdog: Enabled. Permanently consumes one hw-PMU counter.
[    0.522973] smp: Bringing up secondary CPUs ...
[    0.523959] CPU 1 irqstacks, hard=(ptrval) soft=(ptrval)
[    0.523962] x86: Booting SMP configuration:
[    0.524043] .... node  #0, CPUs:      #1
[    0.017264] Initializing CPU#1
[    0.017264] Disabled fast string operations
[    0.526494] TSC synchronization [CPU#0 -> CPU#1]:
[    0.526801] Measured 580096 cycles TSC warp between CPUs, turning off TSC clock.
[    0.526813] tsc: Marking TSC unstable due to check_tsc_sync_source failed
[    0.527002] smp: Brought up 1 node, 2 CPUs
[    0.527002] smpboot: Max logical packages: 1
[    0.527002] smpboot: Total of 2 processors activated (7314.88 BogoMIPS)
[    0.528685] devtmpfs: initialized
[    0.528685] PM: Registering ACPI NVS region [mem 0xbf6df000-0xbf6fffff] (135168 bytes)
[    0.530863] clocksource: jiffies: mask: 0xffffffff max_cycles: 0xffffffff, max_idle_ns: 7645041785100000 ns
[    0.531031] futex hash table entries: 512 (order: 3, 32768 bytes)
[    0.531804] NET: Registered protocol family 16
[    0.534031] cpuidle: using governor ladder
[    0.534193] cpuidle: using governor menu
[    0.534424] Simple Boot Flag at 0x35 set to 0x1
[    0.534536] ACPI FADT declares the system doesn't support PCIe ASPM, so disable it
[    0.534838] ACPI: bus type PCI registered
[    0.535020] PCI: MMCONFIG for domain 0000 [bus 00-3f] at [mem 0xf0000000-0xf3ffffff] (base 0xf0000000)
[    0.535136] PCI: MMCONFIG at [mem 0xf0000000-0xf3ffffff] reserved in E820
[    0.535221] PCI: Using MMCONFIG for extended config space
[    0.535301] PCI: Using configuration type 1 for base access
[    0.535765] mtrr: your CPUs had inconsistent variable MTRR settings
[    0.535848] mtrr: probably your BIOS does not setup all CPUs.
[    0.535929] mtrr: corrected configuration.
[    0.597143] ACPI: Added _OSI(Module Device)
[    0.597143] ACPI: Added _OSI(Processor Device)
[    0.597143] ACPI: Added _OSI(3.0 _SCP Extensions)
[    0.597143] ACPI: Added _OSI(Processor Aggregator Device)
[    0.599003] ACPI: Added _OSI(Linux-Dell-Video)
[    0.599081] ACPI: Added _OSI(Linux-Lenovo-NV-HDMI-Audio)
[    0.662465] ACPI: 6 ACPI AML tables successfully acquired and loaded
[    0.687147] ACPI: Dynamic OEM Table Load:
[    0.687238] ACPI: SSDT 0x00000000F1352000 000240 (v01 PmRef  Cpu0Ist  00000100 INTL 20050513)
[    0.688829] ACPI: Dynamic OEM Table Load:
[    0.688918] ACPI: SSDT 0x00000000F135F800 00065A (v01 PmRef  Cpu0Cst  00000100 INTL 20050513)
[    0.692127] ACPI: Dynamic OEM Table Load:
[    0.692217] ACPI: SSDT 0x00000000F18B7C00 0000C8 (v01 PmRef  Cpu1Ist  00000100 INTL 20050513)
[    0.693143] ACPI: Dynamic OEM Table Load:
[    0.693229] ACPI: SSDT 0x00000000F13D90C0 000085 (v01 PmRef  Cpu1Cst  00000100 INTL 20050513)
[    0.695477] ACPI: Interpreter enabled
[    0.695636] ACPI: (supports S0 S3 S4 S5)
[    0.695716] ACPI: Using IOAPIC for interrupt routing
[    0.695923] PCI: Using host bridge windows from ACPI; if necessary, use "pci=nocrs" and report a bug
[    0.696991] ACPI: Enabled 4 GPEs in block 00 to 1F
[    0.720567] ACPI: Power Resource [PUBS] (on)
[    0.721679] acpi PNP0C0A:01: ACPI dock station (docks/bays count: 1)
[    0.729182] acpi LNXIOBAY:00: ACPI dock station (docks/bays count: 2)
[    0.744370] acpi IBM0079:00: ACPI dock station (docks/bays count: 3)
[    0.746680] ACPI: PCI Interrupt Link [LNKA] (IRQs 3 4 5 6 7 9 10 *11)
[    0.747503] ACPI: PCI Interrupt Link [LNKB] (IRQs 3 4 5 6 7 9 10 *11)
[    0.748313] ACPI: PCI Interrupt Link [LNKC] (IRQs 3 4 5 6 7 9 10 *11)
[    0.749123] ACPI: PCI Interrupt Link [LNKD] (IRQs 3 4 5 6 7 9 10 *11)
[    0.749934] ACPI: PCI Interrupt Link [LNKE] (IRQs 3 4 5 6 7 9 10 *11)
[    0.750745] ACPI: PCI Interrupt Link [LNKF] (IRQs 3 4 5 6 7 9 10 *11)
[    0.751534] ACPI: PCI Interrupt Link [LNKG] (IRQs 3 4 5 6 7 9 10 *11)
[    0.752344] ACPI: PCI Interrupt Link [LNKH] (IRQs 3 4 5 6 7 9 10 *11)
[    0.752879] ACPI: PCI Root Bridge [PCI0] (domain 0000 [bus 00-ff])
[    0.752975] acpi PNP0A08:00: _OSC: OS supports [ExtendedConfig ASPM ClockPM Segments]
[    0.753977] acpi PNP0A08:00: _OSC: not requesting OS control; OS requires [ExtendedConfig ASPM ClockPM MSI]
[    0.754110] acpi PNP0A08:00: [Firmware Info]: MMCONFIG for domain 0000 [bus 00-3f] only partially covers this bridge
[    0.754481] PCI host bridge to bus 0000:00
[    0.754562] pci_bus 0000:00: root bus resource [io  0x0000-0x0cf7 window]
[    0.754653] pci_bus 0000:00: root bus resource [io  0x0d00-0xffff window]
[    0.754745] pci_bus 0000:00: root bus resource [mem 0x000a0000-0x000bffff window]
[    0.754822] pci_bus 0000:00: root bus resource [mem 0x000d0000-0x000d3fff window]
[    0.754917] pci_bus 0000:00: root bus resource [mem 0x000d4000-0x000d7fff window]
[    0.755012] pci_bus 0000:00: root bus resource [mem 0x000d8000-0x000dbfff window]
[    0.755107] pci_bus 0000:00: root bus resource [mem 0xc0000000-0xfebfffff window]
[    0.755201] pci_bus 0000:00: root bus resource [mem 0xfed40000-0xfed40fff window]
[    0.755297] pci_bus 0000:00: root bus resource [bus 00-ff]
[    0.755409] pci 0000:00:00.0: [8086:27a0] type 00 class 0x060000
[    0.755852] pci 0000:00:02.0: [8086:27a2] type 00 class 0x030000
[    0.755874] pci 0000:00:02.0: reg 0x10: [mem 0xee100000-0xee17ffff]
[    0.755884] pci 0000:00:02.0: reg 0x14: [io  0x1800-0x1807]
[    0.755895] pci 0000:00:02.0: reg 0x18: [mem 0xd0000000-0xdfffffff pref]
[    0.755905] pci 0000:00:02.0: reg 0x1c: [mem 0xee200000-0xee23ffff]
[    0.756346] pci 0000:00:02.1: [8086:27a6] type 00 class 0x038000
[    0.756365] pci 0000:00:02.1: reg 0x10: [mem 0xee180000-0xee1fffff]
[    0.756844] pci 0000:00:1b.0: [8086:27d8] type 00 class 0x040300
[    0.756888] pci 0000:00:1b.0: reg 0x10: [mem 0xee240000-0xee243fff 64bit]
[    0.757045] pci 0000:00:1b.0: PME# supported from D0 D3hot D3cold
[    0.757484] pci 0000:00:1c.0: [8086:27d0] type 01 class 0x060400
[    0.757657] pci 0000:00:1c.0: PME# supported from D0 D3hot D3cold
[    0.758093] pci 0000:00:1c.1: [8086:27d2] type 01 class 0x060400
[    0.758265] pci 0000:00:1c.1: PME# supported from D0 D3hot D3cold
[    0.758693] pci 0000:00:1c.2: [8086:27d4] type 01 class 0x060400
[    0.758937] pci 0000:00:1c.2: PME# supported from D0 D3hot D3cold
[    0.759373] pci 0000:00:1c.3: [8086:27d6] type 01 class 0x060400
[    0.759546] pci 0000:00:1c.3: PME# supported from D0 D3hot D3cold
[    0.759975] pci 0000:00:1d.0: [8086:27c8] type 00 class 0x0c0300
[    0.760053] pci 0000:00:1d.0: reg 0x20: [io  0x1820-0x183f]
[    0.760493] pci 0000:00:1d.1: [8086:27c9] type 00 class 0x0c0300
[    0.760570] pci 0000:00:1d.1: reg 0x20: [io  0x1840-0x185f]
[    0.761003] pci 0000:00:1d.2: [8086:27ca] type 00 class 0x0c0300
[    0.761080] pci 0000:00:1d.2: reg 0x20: [io  0x1860-0x187f]
[    0.761519] pci 0000:00:1d.3: [8086:27cb] type 00 class 0x0c0300
[    0.761595] pci 0000:00:1d.3: reg 0x20: [io  0x1880-0x189f]
[    0.762018] pci 0000:00:1d.7: [8086:27cc] type 00 class 0x0c0320
[    0.762053] pci 0000:00:1d.7: reg 0x10: [mem 0xee444000-0xee4443ff]
[    0.762192] pci 0000:00:1d.7: PME# supported from D0 D3hot D3cold
[    0.762596] pci 0000:00:1e.0: [8086:2448] type 01 class 0x060401
[    0.763115] pci 0000:00:1f.0: [8086:27b9] type 00 class 0x060100
[    0.763271] pci 0000:00:1f.0: quirk: [io  0x1000-0x107f] claimed by ICH6 ACPI/GPIO/TCO
[    0.763374] pci 0000:00:1f.0: quirk: [io  0x1180-0x11bf] claimed by ICH6 GPIO
[    0.763469] pci 0000:00:1f.0: ICH7 LPC Generic IO decode 1 PIO at 1600 (mask 007f)
[    0.763565] pci 0000:00:1f.0: ICH7 LPC Generic IO decode 2 PIO at 15e0 (mask 000f)
[    0.763662] pci 0000:00:1f.0: ICH7 LPC Generic IO decode 3 PIO at 1680 (mask 001f)
[    0.764177] pci 0000:00:1f.1: [8086:27df] type 00 class 0x01018a
[    0.764206] pci 0000:00:1f.1: reg 0x10: [io  0x0000-0x0007]
[    0.764222] pci 0000:00:1f.1: reg 0x14: [io  0x0000-0x0003]
[    0.764238] pci 0000:00:1f.1: reg 0x18: [io  0x0000-0x0007]
[    0.764254] pci 0000:00:1f.1: reg 0x1c: [io  0x0000-0x0003]
[    0.764270] pci 0000:00:1f.1: reg 0x20: [io  0x1810-0x181f]
[    0.764303] pci 0000:00:1f.1: legacy IDE quirk: reg 0x10: [io  0x01f0-0x01f7]
[    0.764396] pci 0000:00:1f.1: legacy IDE quirk: reg 0x14: [io  0x03f6]
[    0.764485] pci 0000:00:1f.1: legacy IDE quirk: reg 0x18: [io  0x0170-0x0177]
[    0.764576] pci 0000:00:1f.1: legacy IDE quirk: reg 0x1c: [io  0x0376]
[    0.765051] pci 0000:00:1f.2: [8086:27c5] type 00 class 0x010601
[    0.765086] pci 0000:00:1f.2: reg 0x10: [io  0x18d0-0x18d7]
[    0.765102] pci 0000:00:1f.2: reg 0x14: [io  0x18c4-0x18c7]
[    0.765118] pci 0000:00:1f.2: reg 0x18: [io  0x18c8-0x18cf]
[    0.765133] pci 0000:00:1f.2: reg 0x1c: [io  0x18c0-0x18c3]
[    0.765149] pci 0000:00:1f.2: reg 0x20: [io  0x18b0-0x18bf]
[    0.765166] pci 0000:00:1f.2: reg 0x24: [mem 0xee444400-0xee4447ff]
[    0.765248] pci 0000:00:1f.2: PME# supported from D3hot
[    0.765668] pci 0000:00:1f.3: [8086:27da] type 00 class 0x0c0500
[    0.765764] pci 0000:00:1f.3: reg 0x20: [io  0x18e0-0x18ff]
[    0.766424] pci 0000:02:00.0: [8086:109a] type 00 class 0x020000
[    0.766487] pci 0000:02:00.0: reg 0x10: [mem 0xee000000-0xee01ffff]
[    0.766535] pci 0000:02:00.0: reg 0x18: [io  0x2000-0x201f]
[    0.766784] pci 0000:02:00.0: PME# supported from D0 D3hot D3cold
[    0.767105] pci 0000:02:00.0: disabling ASPM on pre-1.1 PCIe device.  You can enable it with 'pcie_aspm=force'
[    0.767328] pci 0000:00:1c.0: PCI bridge to [bus 02]
[    0.767414] pci 0000:00:1c.0:   bridge window [io  0x2000-0x2fff]
[    0.767421] pci 0000:00:1c.0:   bridge window [mem 0xee000000-0xee0fffff]
[    0.767681] pci 0000:03:00.0: [8086:4227] type 00 class 0x028000
[    0.767788] pci 0000:03:00.0: reg 0x10: [mem 0xedf00000-0xedf00fff]
[    0.768290] pci 0000:03:00.0: PME# supported from D0 D3hot D3cold
[    0.768637] pci 0000:03:00.0: disabling ASPM on pre-1.1 PCIe device.  You can enable it with 'pcie_aspm=force'
[    0.768839] pci 0000:00:1c.1: PCI bridge to [bus 03]
[    0.768924] pci 0000:00:1c.1:   bridge window [io  0x3000-0x4fff]
[    0.768931] pci 0000:00:1c.1:   bridge window [mem 0xec000000-0xedffffff]
[    0.768943] pci 0000:00:1c.1:   bridge window [mem 0xe4000000-0xe40fffff 64bit pref]
[    0.769088] pci 0000:00:1c.2: PCI bridge to [bus 04-0b]
[    0.769176] pci 0000:00:1c.2:   bridge window [io  0x5000-0x6fff]
[    0.769184] pci 0000:00:1c.2:   bridge window [mem 0xe8000000-0xe9ffffff]
[    0.769195] pci 0000:00:1c.2:   bridge window [mem 0xe4100000-0xe41fffff 64bit pref]
[    0.769340] pci 0000:00:1c.3: PCI bridge to [bus 0c-13]
[    0.769428] pci 0000:00:1c.3:   bridge window [io  0x7000-0x8fff]
[    0.769435] pci 0000:00:1c.3:   bridge window [mem 0xea000000-0xebffffff]
[    0.769446] pci 0000:00:1c.3:   bridge window [mem 0xe4200000-0xe42fffff 64bit pref]
[    0.769485] pci_bus 0000:15: extended config space not accessible
[    0.769688] pci 0000:15:00.0: [1180:0476] type 02 class 0x060700
[    0.769720] pci 0000:15:00.0: reg 0x10: [mem 0xe4300000-0xe4300fff]
[    0.769790] pci 0000:15:00.0: supports D1 D2
[    0.769794] pci 0000:15:00.0: PME# supported from D0 D1 D2 D3hot D3cold
[    0.770038] pci 0000:15:00.1: [1180:0552] type 00 class 0x0c0010
[    0.770068] pci 0000:15:00.1: reg 0x10: [mem 0xe4301000-0xe43017ff]
[    0.770212] pci 0000:15:00.1: PME# supported from D0 D3hot D3cold
[    0.770413] pci 0000:15:00.2: [1180:0822] type 00 class 0x080500
[    0.770442] pci 0000:15:00.2: reg 0x10: [mem 0xe4301800-0xe43018ff]
[    0.770586] pci 0000:15:00.2: supports D1 D2
[    0.770590] pci 0000:15:00.2: PME# supported from D0 D1 D2 D3hot D3cold
[    0.770870] pci 0000:00:1e.0: PCI bridge to [bus 15-18] (subtractive decode)
[    0.770966] pci 0000:00:1e.0:   bridge window [io  0x9000-0xcfff]
[    0.770974] pci 0000:00:1e.0:   bridge window [mem 0xe4300000-0xe7ffffff]
[    0.770985] pci 0000:00:1e.0:   bridge window [mem 0xe0000000-0xe3ffffff 64bit pref]
[    0.770990] pci 0000:00:1e.0:   bridge window [io  0x0000-0x0cf7 window] (subtractive decode)
[    0.770995] pci 0000:00:1e.0:   bridge window [io  0x0d00-0xffff window] (subtractive decode)
[    0.771000] pci 0000:00:1e.0:   bridge window [mem 0x000a0000-0x000bffff window] (subtractive decode)
[    0.771004] pci 0000:00:1e.0:   bridge window [mem 0x000d0000-0x000d3fff window] (subtractive decode)
[    0.771010] pci 0000:00:1e.0:   bridge window [mem 0x000d4000-0x000d7fff window] (subtractive decode)
[    0.771014] pci 0000:00:1e.0:   bridge window [mem 0x000d8000-0x000dbfff window] (subtractive decode)
[    0.771019] pci 0000:00:1e.0:   bridge window [mem 0xc0000000-0xfebfffff window] (subtractive decode)
[    0.771023] pci 0000:00:1e.0:   bridge window [mem 0xfed40000-0xfed40fff window] (subtractive decode)
[    0.771067] pci_bus 0000:16: extended config space not accessible
[    0.771243] pci_bus 0000:16: busn_res: [bus 16-18] end is updated to 17
[    0.771298] pci_bus 0000:00: on NUMA node 0
[    0.777959] ACPI: EC: interrupt unblocked
[    0.778072] ACPI: EC: event unblocked
[    0.778178] ACPI: \_SB_.PCI0.LPC_.EC__: GPE=0x1c, EC_CMD/EC_SC=0x66, EC_DATA=0x62
[    0.778274] ACPI: \_SB_.PCI0.LPC_.EC__: Used as boot DSDT EC to handle transactions and events
[    0.779223] pci 0000:00:02.0: vgaarb: setting as boot VGA device
[    0.779314] pci 0000:00:02.0: vgaarb: VGA device added: decodes=io+mem,owns=io+mem,locks=none
[    0.779449] pci 0000:00:02.0: vgaarb: bridge control possible
[    0.779532] vgaarb: loaded
[    0.780141] SCSI subsystem initialized
[    0.780442] libata version 3.00 loaded.
[    0.780645] ACPI: bus type USB registered
[    0.780843] usbcore: registered new interface driver usbfs
[    0.780986] usbcore: registered new interface driver hub
[    0.781120] usbcore: registered new device driver usb
[    0.781307] media: Linux media interface: v0.10
[    0.781425] videodev: Linux video capture interface: v2.00
[    0.781571] pps_core: LinuxPPS API ver. 1 registered
[    0.781649] pps_core: Software ver. 5.3.6 - Copyright 2005-2007 Rodolfo Giometti <giometti@linux.it>
[    0.781790] PTP clock support registered
[    0.782805] EDAC MC: Ver: 3.0.0
[    0.783489] Advanced Linux Sound Architecture Driver Initialized.
[    0.783702] PCI: Using ACPI for IRQ routing
[    0.786824] PCI: pci_cache_line_size set to 64 bytes
[    0.787207] e820: reserve RAM buffer [mem 0x0009f000-0x0009ffff]
[    0.787207] e820: reserve RAM buffer [mem 0xbf6d0000-0xbfffffff]
[    0.787795] Bluetooth: Core ver 2.22
[    0.787984] NET: Registered protocol family 31
[    0.787984] Bluetooth: HCI device and connection manager initialized
[    0.787993] Bluetooth: HCI socket layer initialized
[    0.788074] Bluetooth: L2CAP socket layer initialized
[    0.788288] Bluetooth: SCO socket layer initialized
[    0.788868] clocksource: Switched to clocksource hpet
[    0.789303] pnp: PnP ACPI init
[    0.790353] system 00:00: [mem 0x00000000-0x0009ffff] could not be reserved
[    0.790451] system 00:00: [mem 0x000c0000-0x000c3fff] could not be reserved
[    0.790546] system 00:00: [mem 0x000c4000-0x000c7fff] could not be reserved
[    0.790639] system 00:00: [mem 0x000c8000-0x000cbfff] has been reserved
[    0.790731] system 00:00: [mem 0x000cc000-0x000cffff] has been reserved
[    0.790838] system 00:00: [mem 0x000dc000-0x000dffff] could not be reserved
[    0.790933] system 00:00: [mem 0x000e0000-0x000e3fff] could not be reserved
[    0.791029] system 00:00: [mem 0x000e4000-0x000e7fff] could not be reserved
[    0.791123] system 00:00: [mem 0x000e8000-0x000ebfff] could not be reserved
[    0.791218] system 00:00: [mem 0x000ec000-0x000effff] could not be reserved
[    0.791312] system 00:00: [mem 0x000f0000-0x000fffff] could not be reserved
[    0.791407] system 00:00: [mem 0x00100000-0xbfffffff] could not be reserved
[    0.791501] system 00:00: [mem 0xfec00000-0xfed3ffff] could not be reserved
[    0.791596] system 00:00: [mem 0xfed41000-0xffffffff] could not be reserved
[    0.791734] system 00:00: Plug and Play ACPI device, IDs PNP0c01 (active)
[    0.792233] system 00:01: [io  0x164e-0x164f] has been reserved
[    0.792323] system 00:01: [io  0x1000-0x107f] has been reserved
[    0.792411] system 00:01: [io  0x1180-0x11bf] has been reserved
[    0.792499] system 00:01: [io  0x0800-0x080f] has been reserved
[    0.792587] system 00:01: [io  0x15e0-0x15ef] has been reserved
[    0.792677] system 00:01: [io  0x1600-0x165f] could not be reserved
[    0.792767] system 00:01: [mem 0xf0000000-0xf3ffffff] has been reserved
[    0.792859] system 00:01: [mem 0xfed1c000-0xfed1ffff] has been reserved
[    0.792951] system 00:01: [mem 0xfed14000-0xfed17fff] has been reserved
[    0.793042] system 00:01: [mem 0xfed18000-0xfed18fff] has been reserved
[    0.793135] system 00:01: [mem 0xfed19000-0xfed19fff] has been reserved
[    0.793260] system 00:01: Plug and Play ACPI device, IDs PNP0c02 (active)
[    0.793559] pnp 00:02: Plug and Play ACPI device, IDs PNP0b00 (active)
[    0.793688] pnp 00:03: Plug and Play ACPI device, IDs PNP0303 (active)
[    0.793824] pnp 00:04: Plug and Play ACPI device, IDs IBM3780 PNP0f13 (active)
[    0.794556] pnp 00:05: [dma 3]
[    0.794767] pnp 00:05: Plug and Play ACPI device, IDs IBM0071 PNP0511 (active)
[    0.795017] pnp 00:06: Plug and Play ACPI device, IDs ATM1200 PNP0c31 (active)
[    0.797443] pnp: PnP ACPI: found 7 devices
[    0.845444] clocksource: acpi_pm: mask: 0xffffff max_cycles: 0xffffff, max_idle_ns: 2085701024 ns
[    0.845587] pci 0000:00:1c.0: bridge window [mem 0x00100000-0x000fffff 64bit pref] to [bus 02] add_size 200000 add_align 100000
[    0.845671] pci 0000:00:1c.0: BAR 9: assigned [mem 0xc0000000-0xc01fffff 64bit pref]
[    0.845767] pci 0000:00:1c.0: PCI bridge to [bus 02]
[    0.845847] pci 0000:00:1c.0:   bridge window [io  0x2000-0x2fff]
[    0.845936] pci 0000:00:1c.0:   bridge window [mem 0xee000000-0xee0fffff]
[    0.846026] pci 0000:00:1c.0:   bridge window [mem 0xc0000000-0xc01fffff 64bit pref]
[    0.846125] pci 0000:00:1c.1: PCI bridge to [bus 03]
[    0.846205] pci 0000:00:1c.1:   bridge window [io  0x3000-0x4fff]
[    0.846294] pci 0000:00:1c.1:   bridge window [mem 0xec000000-0xedffffff]
[    0.846384] pci 0000:00:1c.1:   bridge window [mem 0xe4000000-0xe40fffff 64bit pref]
[    0.846482] pci 0000:00:1c.2: PCI bridge to [bus 04-0b]
[    0.846563] pci 0000:00:1c.2:   bridge window [io  0x5000-0x6fff]
[    0.846651] pci 0000:00:1c.2:   bridge window [mem 0xe8000000-0xe9ffffff]
[    0.846742] pci 0000:00:1c.2:   bridge window [mem 0xe4100000-0xe41fffff 64bit pref]
[    0.846854] pci 0000:00:1c.3: PCI bridge to [bus 0c-13]
[    0.846936] pci 0000:00:1c.3:   bridge window [io  0x7000-0x8fff]
[    0.847025] pci 0000:00:1c.3:   bridge window [mem 0xea000000-0xebffffff]
[    0.847115] pci 0000:00:1c.3:   bridge window [mem 0xe4200000-0xe42fffff 64bit pref]
[    0.847225] pci 0000:15:00.0: BAR 9: assigned [mem 0xe0000000-0xe3ffffff pref]
[    0.847319] pci 0000:15:00.0: BAR 10: assigned [mem 0xc4000000-0xc7ffffff]
[    0.847407] pci 0000:15:00.0: BAR 7: assigned [io  0x9000-0x90ff]
[    0.847491] pci 0000:15:00.0: BAR 8: assigned [io  0x9400-0x94ff]
[    0.847583] pci 0000:15:00.0: CardBus bridge to [bus 16-17]
[    0.847665] pci 0000:15:00.0:   bridge window [io  0x9000-0x90ff]
[    0.847752] pci 0000:15:00.0:   bridge window [io  0x9400-0x94ff]
[    0.847839] pci 0000:15:00.0:   bridge window [mem 0xe0000000-0xe3ffffff pref]
[    0.847931] pci 0000:15:00.0:   bridge window [mem 0xc4000000-0xc7ffffff]
[    0.848021] pci 0000:00:1e.0: PCI bridge to [bus 15-18]
[    0.848102] pci 0000:00:1e.0:   bridge window [io  0x9000-0xcfff]
[    0.848191] pci 0000:00:1e.0:   bridge window [mem 0xe4300000-0xe7ffffff]
[    0.848281] pci 0000:00:1e.0:   bridge window [mem 0xe0000000-0xe3ffffff 64bit pref]
[    0.848381] pci_bus 0000:00: resource 4 [io  0x0000-0x0cf7 window]
[    0.848385] pci_bus 0000:00: resource 5 [io  0x0d00-0xffff window]
[    0.848389] pci_bus 0000:00: resource 6 [mem 0x000a0000-0x000bffff window]
[    0.848393] pci_bus 0000:00: resource 7 [mem 0x000d0000-0x000d3fff window]
[    0.848397] pci_bus 0000:00: resource 8 [mem 0x000d4000-0x000d7fff window]
[    0.848401] pci_bus 0000:00: resource 9 [mem 0x000d8000-0x000dbfff window]
[    0.848405] pci_bus 0000:00: resource 10 [mem 0xc0000000-0xfebfffff window]
[    0.848409] pci_bus 0000:00: resource 11 [mem 0xfed40000-0xfed40fff window]
[    0.848413] pci_bus 0000:02: resource 0 [io  0x2000-0x2fff]
[    0.848417] pci_bus 0000:02: resource 1 [mem 0xee000000-0xee0fffff]
[    0.848421] pci_bus 0000:02: resource 2 [mem 0xc0000000-0xc01fffff 64bit pref]
[    0.848425] pci_bus 0000:03: resource 0 [io  0x3000-0x4fff]
[    0.848429] pci_bus 0000:03: resource 1 [mem 0xec000000-0xedffffff]
[    0.848433] pci_bus 0000:03: resource 2 [mem 0xe4000000-0xe40fffff 64bit pref]
[    0.848437] pci_bus 0000:04: resource 0 [io  0x5000-0x6fff]
[    0.848441] pci_bus 0000:04: resource 1 [mem 0xe8000000-0xe9ffffff]
[    0.848445] pci_bus 0000:04: resource 2 [mem 0xe4100000-0xe41fffff 64bit pref]
[    0.848449] pci_bus 0000:0c: resource 0 [io  0x7000-0x8fff]
[    0.848453] pci_bus 0000:0c: resource 1 [mem 0xea000000-0xebffffff]
[    0.848457] pci_bus 0000:0c: resource 2 [mem 0xe4200000-0xe42fffff 64bit pref]
[    0.848461] pci_bus 0000:15: resource 0 [io  0x9000-0xcfff]
[    0.848465] pci_bus 0000:15: resource 1 [mem 0xe4300000-0xe7ffffff]
[    0.848469] pci_bus 0000:15: resource 2 [mem 0xe0000000-0xe3ffffff 64bit pref]
[    0.848472] pci_bus 0000:15: resource 4 [io  0x0000-0x0cf7 window]
[    0.848476] pci_bus 0000:15: resource 5 [io  0x0d00-0xffff window]
[    0.848480] pci_bus 0000:15: resource 6 [mem 0x000a0000-0x000bffff window]
[    0.848484] pci_bus 0000:15: resource 7 [mem 0x000d0000-0x000d3fff window]
[    0.848488] pci_bus 0000:15: resource 8 [mem 0x000d4000-0x000d7fff window]
[    0.848492] pci_bus 0000:15: resource 9 [mem 0x000d8000-0x000dbfff window]
[    0.848496] pci_bus 0000:15: resource 10 [mem 0xc0000000-0xfebfffff window]
[    0.848500] pci_bus 0000:15: resource 11 [mem 0xfed40000-0xfed40fff window]
[    0.848504] pci_bus 0000:16: resource 0 [io  0x9000-0x90ff]
[    0.848508] pci_bus 0000:16: resource 1 [io  0x9400-0x94ff]
[    0.848512] pci_bus 0000:16: resource 2 [mem 0xe0000000-0xe3ffffff pref]
[    0.848516] pci_bus 0000:16: resource 3 [mem 0xc4000000-0xc7ffffff]
[    0.848963] NET: Registered protocol family 2
[    0.849874] tcp_listen_portaddr_hash hash table entries: 512 (order: 2, 20480 bytes)
[    0.850021] TCP established hash table entries: 8192 (order: 3, 32768 bytes)
[    0.850172] TCP bind hash table entries: 8192 (order: 6, 294912 bytes)
[    0.851747] TCP: Hash tables configured (established 8192 bind 8192)
[    0.852167] UDP hash table entries: 512 (order: 3, 40960 bytes)
[    0.852325] UDP-Lite hash table entries: 512 (order: 3, 40960 bytes)
[    0.852633] NET: Registered protocol family 1
[    0.853395] RPC: Registered named UNIX socket transport module.
[    0.853481] RPC: Registered udp transport module.
[    0.853560] RPC: Registered tcp transport module.
[    0.853638] RPC: Registered tcp NFSv4.1 backchannel transport module.
[    0.854252] pci 0000:00:02.0: Video device with shadowed ROM at [mem 0x000c0000-0x000dffff]
[    0.858241] PCI: CLS mismatch (64 != 32), using 64 bytes
[    0.858362] PCI-DMA: Using software bounce buffering for IO (SWIOTLB)
[    0.858449] software IO TLB: mapped [mem 0x31d00000-0x35d00000] (64MB)
[    0.861132] Initialise system trusted keyrings
[    0.861587] workingset: timestamp_bits=30 max_order=20 bucket_order=0
[    0.863747] Installing knfsd (copyright (C) 1996 okir@monad.swb.de).
[    0.864246] ntfs: driver 2.1.32 [Flags: R/W].
[    0.864548] fuse init (API version 7.28)
[    0.873068] Key type asymmetric registered
[    0.873154] Asymmetric key parser 'x509' registered
[    0.873364] bounce: pool size: 64 pages
[    0.873518] Block layer SCSI generic (bsg) driver version 0.4 loaded (major 249)
[    0.873622] io scheduler noop registered
[    0.873697] io scheduler deadline registered
[    0.873811] io scheduler cfq registered (default)
[    0.873889] io scheduler mq-deadline registered
[    0.873998] io scheduler bfq registered
[    0.876566] intel_idle: does not run on family 6 model 14
[    0.877021] ACPI: Deprecated procfs I/F for AC is loaded, please retry with CONFIG_ACPI_PROCFS_POWER cleared
[    0.877297] ACPI: AC Adapter [AC] (on-line)
[    0.877678] input: Lid Switch as /devices/LNXSYSTM:00/LNXSYBUS:00/PNP0C0D:00/input/input0
[    0.877940] ACPI: Lid Switch [LID]
[    0.878220] input: Sleep Button as /devices/LNXSYSTM:00/LNXSYBUS:00/PNP0C0E:00/input/input1
[    0.878383] ACPI: Sleep Button [SLPB]
[    0.878694] input: Power Button as /devices/LNXSYSTM:00/LNXPWRBN:00/input/input2
[    0.879148] ACPI: Power Button [PWRF]
[    0.879667] ACPI: Video Device [VID] (multi-head: yes  rom: no  post: no)
[    0.887152] acpi device:01: registered as cooling_device0
[    0.887608] input: Video Bus as /devices/LNXSYSTM:00/LNXSYBUS:00/PNP0A08:00/LNXVIDEO:00/input/input3
[    0.904024] thermal LNXTHERM:00: registered as thermal_zone0
[    0.904113] ACPI: Thermal Zone [THM0] (75 C)
[    0.907905] thermal LNXTHERM:01: registered as thermal_zone1
[    0.907991] ACPI: Thermal Zone [THM1] (76 C)
[    0.908624] Serial: 8250/16550 driver, 4 ports, IRQ sharing disabled
[    0.909446] serial8250: ttyS1 at I/O 0x2f8 (irq = 3, base_baud = 921600) is a NS16550A
[    0.911444] lp: driver loaded but no devices found
[    0.911681] Non-volatile memory driver v1.3
[    0.912076] intel_rng: FWH not detected
[    0.912269] Linux agpgart interface v0.103
[    0.913052] [drm] radeon kernel modesetting enabled.
[    0.914387] pci 0000:00:00.0: Intel 945GM Chipset
[    0.914526] pci 0000:00:00.0: detected gtt size: 262144K total, 262144K mappable
[    0.915271] pci 0000:00:00.0: detected 8192K stolen memory
[    0.915471] [drm] Replacing VGA console driver
[    0.916861] Console: switching to colour dummy device 80x25
[    0.918376] [drm] Supports vblank timestamp caching Rev 2 (21.10.2013).
[    0.918411] [drm] Driver supports precise vblank timestamp query.
[    0.918455] resource sanity check: requesting [mem 0x000c0000-0x000dffff], which spans more than pnp 00:00 [mem 0x000c8000-0x000cbfff]
[    0.918523] caller pci_map_rom+0x67/0x1d0 mapping multiple BARs
[    0.920782] i915 0000:00:02.0: vgaarb: changed VGA decodes: olddecodes=io+mem,decodes=io+mem:owns=io+mem
[    0.944397] battery: ACPI: Deprecated procfs I/F for battery is loaded, please retry with CONFIG_ACPI_PROCFS_POWER cleared
[    0.944477] battery: ACPI: Battery Slot [BAT0] (battery present)
[    0.978903] random: fast init done
[    1.012233] [drm] RC6 disabled, disabling runtime PM support
[    1.012452] [drm] Initialized overlay support.
[    1.014078] [drm] Initialized i915 1.6.0 20180921 for 0000:00:02.0 on minor 0
[    1.015186] usbcore: registered new interface driver udl
[    1.027115] loop: module loaded
[    1.037427] fbcon: inteldrmfb (fb0) is primary device
[    1.049462] ahci 0000:00:1f.2: version 3.0
[    1.050220] ahci 0000:00:1f.2: AHCI 0001.0100 32 slots 4 ports 1.5 Gbps 0x1 impl SATA mode
[    1.050226] ahci 0000:00:1f.2: flags: 64bit ncq pm led clo pio slum part 
[    1.052574] scsi host0: ahci
[    1.053135] scsi host1: ahci
[    1.053626] scsi host2: ahci
[    1.054062] scsi host3: ahci
[    1.054286] ata1: SATA max UDMA/133 abar m1024@0xee444400 port 0xee444500 irq 16
[    1.054288] ata2: DUMMY
[    1.054290] ata3: DUMMY
[    1.054291] ata4: DUMMY
[    1.054459] ata_piix 0000:00:1f.1: version 2.13
[    1.057446] scsi host4: ata_piix
[    1.058593] scsi host5: ata_piix
[    1.058795] ata5: PATA max UDMA/100 cmd 0x1f0 ctl 0x3f6 bmdma 0x1810 irq 14
[    1.058797] ata6: PATA max UDMA/100 cmd 0x170 ctl 0x376 bmdma 0x1818 irq 15
[    1.059265] ata6: port disabled--ignoring
[    1.060217] tun: Universal TUN/TAP device driver, 1.6
[    1.060728] e1000e: Intel(R) PRO/1000 Network Driver - 3.2.6-k
[    1.060730] e1000e: Copyright(c) 1999 - 2015 Intel Corporation.
[    1.061191] e1000e 0000:02:00.0: Interrupt Throttling Rate (ints/sec) set to dynamic conservative mode
[    1.195694] e1000e 0000:02:00.0 eth0: (PCI Express:2.5GT/s:Width x1) 00:16:d3:25:19:04
[    1.195697] e1000e 0000:02:00.0 eth0: Intel(R) PRO/1000 Network Connection
[    1.195775] e1000e 0000:02:00.0 eth0: MAC: 2, PHY: 2, PBA No: 005302-003
[    1.196046] PPP generic driver version 2.4.2
[    1.196271] PPP BSD Compression module registered
[    1.196273] PPP Deflate Compression module registered
[    1.196277] SLIP: version 0.8.4-NET3.019-NEWTTY (dynamic channels, max=256).
[    1.196279] CSLIP: code copyright 1989 Regents of the University of California.
[    1.196365] iwl3945: Intel(R) PRO/Wireless 3945ABG/BG Network Connection driver for Linux, in-tree:ds
[    1.196367] iwl3945: Copyright(c) 2003-2011 Intel Corporation
[    1.196368] iwl3945: hw_scan is disabled
[    1.251071] iwl3945 0000:03:00.0: Tunable channels: 11 802.11bg, 13 802.11a channels
[    1.251074] iwl3945 0000:03:00.0: Detected Intel Wireless WiFi Link 3945ABG
[    1.251954] ieee80211 phy0: Selected rate control algorithm 'iwl-3945-rs'
[    1.252867] Intel(R) Wireless WiFi driver for Linux
[    1.252869] Copyright(c) 2003- 2015 Intel Corporation
[    1.253105] usbcore: registered new interface driver ax88179_178a
[    1.253146] usbcore: registered new interface driver cdc_ether
[    1.253187] usbcore: registered new interface driver net1080
[    1.253228] usbcore: registered new interface driver cdc_subset
[    1.253268] usbcore: registered new interface driver zaurus
[    1.253327] usbcore: registered new interface driver cdc_ncm
[    1.253415] pci 0000:00:1e.0: enabling device (0005 -> 0007)
[    1.253639] yenta_cardbus 0000:15:00.0: CardBus bridge found [17aa:201c]
[    1.378909] ata1: SATA link up 1.5 Gbps (SStatus 113 SControl 300)
[    1.543278] ata1.00: ACPI cmd ef/02:00:00:00:00:a0 (SET FEATURES) succeeded
[    1.543283] ata1.00: ACPI cmd f5/00:00:00:00:00:a0 (SECURITY FREEZE LOCK) filtered out
[    1.543287] ata1.00: ACPI cmd ef/10:03:00:00:00:a0 (SET FEATURES) filtered out
[    1.587256] ata1.00: ATA-9: ST1000LM014-1EJ164, SM11, max UDMA/133
[    1.587259] ata1.00: 1953525168 sectors, multi 16: LBA48 NCQ (depth 32), AA
[    1.631961] ata1.00: ACPI cmd ef/02:00:00:00:00:a0 (SET FEATURES) succeeded
[    1.631966] ata1.00: ACPI cmd f5/00:00:00:00:00:a0 (SECURITY FREEZE LOCK) filtered out
[    1.631970] ata1.00: ACPI cmd ef/10:03:00:00:00:a0 (SET FEATURES) filtered out
[    1.676046] ata1.00: configured for UDMA/133
[    1.758113] Console: switching to colour frame buffer device 102x42
[    1.872525] i915 0000:00:02.0: fb0: inteldrmfb frame buffer device
[    1.875755] scsi 0:0:0:0: Direct-Access     ATA      ST1000LM014-1EJ1 SM11 PQ: 0 ANSI: 5
[    1.879507] sd 0:0:0:0: [sda] 1953525168 512-byte logical blocks: (1.00 TB/932 GiB)
[    1.879528] sd 0:0:0:0: Attached scsi generic sg0 type 0
[    1.882116] sd 0:0:0:0: [sda] 4096-byte physical blocks
[    1.887295] sd 0:0:0:0: [sda] Write Protect is off
[    1.889747] sd 0:0:0:0: [sda] Mode Sense: 00 3a 00 00
[    1.889898] sd 0:0:0:0: [sda] Write cache: enabled, read cache: enabled, doesn't support DPO or FUA
[    1.907476]  sda: sda1 sda2 sda3 sda4
[    1.911941] sd 0:0:0:0: [sda] Attached SCSI disk
[    2.051689] yenta_cardbus 0000:15:00.0: ISA IRQ mask 0x0cb8, PCI irq 16
[    2.054288] yenta_cardbus 0000:15:00.0: Socket status: 30000006
[    2.056880] yenta_cardbus 0000:15:00.0: pcmcia: parent PCI bridge window: [io  0x9000-0xcfff]
[    2.059492] yenta_cardbus 0000:15:00.0: pcmcia: parent PCI bridge window: [mem 0xe4300000-0xe7ffffff]
[    2.062006] pcmcia_socket pcmcia_socket0: cs: memory probe 0xe4300000-0xe7ffffff:
[    2.064516]  excluding 0xe4300000-0xe46cffff
[    2.067060] yenta_cardbus 0000:15:00.0: pcmcia: parent PCI bridge window: [mem 0xe0000000-0xe3ffffff 64bit pref]
[    2.069685] pcmcia_socket pcmcia_socket0: cs: memory probe 0xe0000000-0xe3ffffff:
[    2.072389]  excluding 0xe0000000-0xe3ffffff
[    2.076020] ehci_hcd: USB 2.0 'Enhanced' Host Controller (EHCI) Driver
[    2.078670] ehci-pci: EHCI PCI platform driver
[    2.081830] ehci-pci 0000:00:1d.7: EHCI Host Controller
[    2.084802] ehci-pci 0000:00:1d.7: new USB bus registered, assigned bus number 1
[    2.087633] ehci-pci 0000:00:1d.7: debug port 1
[    2.094345] ehci-pci 0000:00:1d.7: cache line size of 64 is not supported
[    2.094402] ehci-pci 0000:00:1d.7: irq 19, io mem 0xee444000
[    2.110986] ehci-pci 0000:00:1d.7: USB 2.0 started, EHCI 1.00
[    2.114369] usb usb1: New USB device found, idVendor=1d6b, idProduct=0002, bcdDevice= 4.20
[    2.117327] usb usb1: New USB device strings: Mfr=3, Product=2, SerialNumber=1
[    2.120244] usb usb1: Product: EHCI Host Controller
[    2.123111] usb usb1: Manufacturer: Linux 4.20.0+ ehci_hcd
[    2.125927] usb usb1: SerialNumber: 0000:00:1d.7
[    2.129450] hub 1-0:1.0: USB hub found
[    2.132343] hub 1-0:1.0: 8 ports detected
[    2.137007] ohci_hcd: USB 1.1 'Open' Host Controller (OHCI) Driver
[    2.139745] ohci-pci: OHCI PCI platform driver
[    2.142484] uhci_hcd: USB Universal Host Controller Interface driver
[    2.145726] uhci_hcd 0000:00:1d.0: UHCI Host Controller
[    2.148689] uhci_hcd 0000:00:1d.0: new USB bus registered, assigned bus number 2
[    2.151464] uhci_hcd 0000:00:1d.0: detected 2 ports
[    2.154136] uhci_hcd 0000:00:1d.0: irq 16, io base 0x00001820
[    2.157211] usb usb2: New USB device found, idVendor=1d6b, idProduct=0001, bcdDevice= 4.20
[    2.159933] usb usb2: New USB device strings: Mfr=3, Product=2, SerialNumber=1
[    2.162622] usb usb2: Product: UHCI Host Controller
[    2.165332] usb usb2: Manufacturer: Linux 4.20.0+ uhci_hcd
[    2.167993] usb usb2: SerialNumber: 0000:00:1d.0
[    2.171139] hub 2-0:1.0: USB hub found
[    2.173789] hub 2-0:1.0: 2 ports detected
[    2.177364] uhci_hcd 0000:00:1d.1: UHCI Host Controller
[    2.180166] uhci_hcd 0000:00:1d.1: new USB bus registered, assigned bus number 3
[    2.182733] uhci_hcd 0000:00:1d.1: detected 2 ports
[    2.185305] uhci_hcd 0000:00:1d.1: irq 17, io base 0x00001840
[    2.188215] usb usb3: New USB device found, idVendor=1d6b, idProduct=0001, bcdDevice= 4.20
[    2.190756] usb usb3: New USB device strings: Mfr=3, Product=2, SerialNumber=1
[    2.193228] usb usb3: Product: UHCI Host Controller
[    2.195608] usb usb3: Manufacturer: Linux 4.20.0+ uhci_hcd
[    2.197913] usb usb3: SerialNumber: 0000:00:1d.1
[    2.200786] hub 3-0:1.0: USB hub found
[    2.203141] hub 3-0:1.0: 2 ports detected
[    2.206497] uhci_hcd 0000:00:1d.2: UHCI Host Controller
[    2.208976] uhci_hcd 0000:00:1d.2: new USB bus registered, assigned bus number 4
[    2.211273] uhci_hcd 0000:00:1d.2: detected 2 ports
[    2.213558] uhci_hcd 0000:00:1d.2: irq 18, io base 0x00001860
[    2.216262] usb usb4: New USB device found, idVendor=1d6b, idProduct=0001, bcdDevice= 4.20
[    2.218568] usb usb4: New USB device strings: Mfr=3, Product=2, SerialNumber=1
[    2.220881] usb usb4: Product: UHCI Host Controller
[    2.223129] usb usb4: Manufacturer: Linux 4.20.0+ uhci_hcd
[    2.225371] usb usb4: SerialNumber: 0000:00:1d.2
[    2.228220] hub 4-0:1.0: USB hub found
[    2.230536] hub 4-0:1.0: 2 ports detected
[    2.233892] uhci_hcd 0000:00:1d.3: UHCI Host Controller
[    2.236383] uhci_hcd 0000:00:1d.3: new USB bus registered, assigned bus number 5
[    2.238653] uhci_hcd 0000:00:1d.3: detected 2 ports
[    2.240962] uhci_hcd 0000:00:1d.3: irq 19, io base 0x00001880
[    2.243597] usb usb5: New USB device found, idVendor=1d6b, idProduct=0001, bcdDevice= 4.20
[    2.245883] usb usb5: New USB device strings: Mfr=3, Product=2, SerialNumber=1
[    2.248175] usb usb5: Product: UHCI Host Controller
[    2.250428] usb usb5: Manufacturer: Linux 4.20.0+ uhci_hcd
[    2.252681] usb usb5: SerialNumber: 0000:00:1d.3
[    2.255454] hub 5-0:1.0: USB hub found
[    2.257696] hub 5-0:1.0: 2 ports detected
[    2.260760] usbcore: registered new interface driver cdc_acm
[    2.262923] cdc_acm: USB Abstract Control Model driver for USB modems and ISDN adapters
[    2.265205] usbcore: registered new interface driver usblp
[    2.267557] usbcore: registered new interface driver usb-storage
[    2.269818] usbcore: registered new interface driver ums-sddr09
[    2.272140] usbcore: registered new interface driver usbserial_generic
[    2.274350] usbserial: USB Serial support registered for generic
[    2.276588] usbcore: registered new interface driver ch341
[    2.278748] usbserial: USB Serial support registered for ch341-uart
[    2.280973] usbcore: registered new interface driver ftdi_sio
[    2.283150] usbserial: USB Serial support registered for FTDI USB Serial Device
[    2.285453] usbcore: registered new interface driver option
[    2.287714] usbserial: USB Serial support registered for GSM modem (1-port)
[    2.290110] usbcore: registered new interface driver pl2303
[    2.292453] usbserial: USB Serial support registered for pl2303
[    2.294831] usbcore: registered new interface driver ti_usb_3410_5052
[    2.297202] usbserial: USB Serial support registered for TI USB 3410 1 port adapter
[    2.299630] usbserial: USB Serial support registered for TI USB 5052 2 port adapter
[    2.301983] ftdi_elan: driver ftdi-elan
[    2.304308] usbcore: registered new interface driver ftdi-elan
[    2.306792] i8042: PNP: PS/2 Controller [PNP0303:KBD,PNP0f13:MOU] at 0x60,0x64 irq 1,12
[    2.319616] serio: i8042 KBD port at 0x60,0x64 irq 1
[    2.322010] serio: i8042 AUX port at 0x60,0x64 irq 12
[    2.325176] mousedev: PS/2 mouse device common for all mice
[    2.328628] input: PC Speaker as /devices/platform/pcspkr/input/input4
[    2.331691] rtc_cmos 00:02: RTC can wake from S4
[    2.334585] rtc_cmos 00:02: registered as rtc0
[    2.337169] rtc_cmos 00:02: alarms up to one month, y3k, 114 bytes nvram, hpet irqs
[    2.339791] usbcore: registered new interface driver uvcvideo
[    2.342238] USB Video Class driver (1.1.1)
[    2.344633] gspca_main: v2.14.0 registered
[    2.347070] usbcore: registered new interface driver sq930x
[    2.350688] device-mapper: ioctl: 4.39.0-ioctl (2018-04-03) initialised: dm-devel@redhat.com
[    2.353218] Bluetooth: HCI UART driver ver 2.3
[    2.355697] Bluetooth: HCI UART protocol H4 registered
[    2.358151] Bluetooth: HCI UART protocol BCSP registered
[    2.360744] usbcore: registered new interface driver btusb
[    2.363353] sdhci: Secure Digital Host Controller Interface driver
[    2.365807] sdhci: Copyright(c) Pierre Ossman
[    2.368261] sdhci-pci 0000:15:00.2: SDHCI controller found [1180:0822] (rev 18)
[    2.371111] sdhci-pci 0000:15:00.2: Will use DMA mode even though HW doesn't fully claim to support it.
[    2.374226] mmc0 bounce up to 128 segments into one, max segment size 65536 bytes
[    2.376945] sdhci-pci 0000:15:00.2: Will use DMA mode even though HW doesn't fully claim to support it.
[    2.380191] mmc0: SDHCI controller on PCI [0000:15:00.2] using DMA
[    2.383214] hidraw: raw HID events driver (C) Jiri Kosina
[    2.387255] usbcore: registered new interface driver usbhid
[    2.390029] usbhid: USB HID core driver
[    2.393684] thinkpad_acpi: ThinkPad ACPI Extras v0.26
[    2.396401] thinkpad_acpi: http://ibm-acpi.sf.net/
[    2.399040] thinkpad_acpi: ThinkPad BIOS 7BETD8WW (2.19 ), EC 7BHT40WW-1.13
[    2.401685] thinkpad_acpi: Lenovo ThinkPad X60, model 17097HU
[    2.405877] input: AT Translated Set 2 keyboard as /devices/platform/i8042/serio0/input/input5
[    2.411160] thinkpad_acpi: ACPI backlight control delay disabled
[    2.414235] thinkpad_acpi: radio switch found; radios are enabled
[    2.417065] thinkpad_acpi: This ThinkPad has standard ACPI backlight brightness control, supported by the ACPI video driver
[    2.422660] thinkpad_acpi: Disabling thinkpad-acpi brightness events by default...
[    2.436786] thinkpad_acpi: rfkill switch tpacpi_bluetooth_sw: radio is unblocked
[    2.440661] sdhci-pci 0000:15:00.2: Will use DMA mode even though HW doesn't fully claim to support it.
[    2.445258] thinkpad_acpi: warning: userspace override of important firmware LEDs is enabled
[    2.453870] thinkpad_acpi: Standard ACPI backlight interface available, not loading native one
[    2.457026] thinkpad_acpi: volume: disabled as there is no ALSA support in this kernel
[    2.461001] thinkpad_acpi: battery 1 registered (start 0, stop 0)
[    2.461017] battery: new extension: ThinkPad Battery Extension
[    2.467580] input: ThinkPad Extra Buttons as /devices/platform/thinkpad_acpi/input/input6
[    2.476138] snd_hda_intel 0000:00:1b.0: probe_mask set to 0x1 for device 17aa:2010
[    2.479676] usbcore: registered new interface driver snd-usb-audio
[    2.484959] NET: Registered protocol family 17
[    2.488537] Bluetooth: RFCOMM TTY layer initialized
[    2.491647] Bluetooth: RFCOMM socket layer initialized
[    2.494662] Bluetooth: RFCOMM ver 1.11
[    2.497691] Bluetooth: BNEP (Ethernet Emulation) ver 1.3
[    2.500735] Bluetooth: BNEP filters: protocol multicast
[    2.503755] Bluetooth: BNEP socket layer initialized
[    2.506719] Bluetooth: HIDP (Human Interface Emulation) ver 1.2
[    2.509705] Bluetooth: HIDP socket layer initialized
[    2.512970] microcode: sig=0x6e8, pf=0x20, revision=0x39
[    2.516386] microcode: Microcode Update Driver: v2.2.
[    2.516391] Using IPI No-Shortcut mode
[    2.522876] Loading compiled-in X.509 certificates
[    2.529723] Key type encrypted registered
[    2.534638] sdhci-pci 0000:15:00.2: Will use DMA mode even though HW doesn't fully claim to support it.
[    2.538762] snd_hda_codec_analog hdaudioC0D0: autoconfig for AD1981: line_outs=1 (0x5/0x0/0x0/0x0/0x0) type:speaker
[    2.544583] snd_hda_codec_analog hdaudioC0D0:    speaker_outs=0 (0x0/0x0/0x0/0x0/0x0)
[    2.547629] snd_hda_codec_analog hdaudioC0D0:    hp_outs=0 (0x0/0x0/0x0/0x0/0x0)
[    2.550627] snd_hda_codec_analog hdaudioC0D0:    mono: mono_out=0x0
[    2.553598] snd_hda_codec_analog hdaudioC0D0:    inputs:
[    2.556476] snd_hda_codec_analog hdaudioC0D0:      Mic=0x8
[    2.559269] snd_hda_codec_analog hdaudioC0D0:      CD=0x19
[    2.573445] rtc_cmos 00:02: setting system clock to 2018-12-28 10:21:17 UTC (1545992477)
[    2.580133] cfg80211: Loading compiled-in X.509 certificates for regulatory database
[    2.585726] cfg80211: Loaded X.509 cert 'sforshee: 00b28ddf47aef9cea7'
[    2.588992] PM: Image not found (code -22)
[    2.589012] ALSA device list:
[    2.589128] platform regulatory.0: Direct firmware load for regulatory.db failed with error -2
[    2.591635]   #0: HDA Intel at 0xee240000 irq 17
[    2.597016] cfg80211: failed to load regulatory.db
[    2.640710] sdhci-pci 0000:15:00.2: Will use DMA mode even though HW doesn't fully claim to support it.
[    2.710924] usb 2-2: new full-speed USB device number 2 using uhci_hcd
[    2.715317] sdhci-pci 0000:15:00.2: Will use DMA mode even though HW doesn't fully claim to support it.
[    2.911884] usb 2-2: New USB device found, idVendor=0a12, idProduct=0001, bcdDevice=88.91
[    2.916845] usb 2-2: New USB device strings: Mfr=0, Product=2, SerialNumber=0
[    2.921704] usb 2-2: Product: CSR8510 A10
[    3.074455] psmouse serio1: trackpoint: IBM TrackPoint firmware: 0x0e, buttons: 3/3
[    3.098508] input: TPPS/2 IBM TrackPoint as /devices/platform/i8042/serio1/input/input8
[    3.108784] md: Waiting for all devices to be available before autodetect
[    3.112553] md: If you don't use raid, use raid=noautodetect
[    3.117374] md: Autodetecting RAID arrays.
[    3.121225] md: autorun ...
[    3.125044] md: ... autorun DONE.
[    3.141310] EXT4-fs (sda4): mounted filesystem with ordered data mode. Opts: (null)
[    3.145295] VFS: Mounted root (ext4 filesystem) readonly on device 8:4.
[    3.163336] devtmpfs: mounted
[    3.167188] Freeing unused kernel image memory: 640K
[    3.179083] Write protecting kernel text and read-only data: 17108k
[    3.183055] NX-protecting the kernel data: 8208k
[    3.187955] x86/mm: Checked W+X mappings: passed, no W+X pages found.
[    3.191954] rodata_test: all tests were successful
[    3.196128] x86/mm: Checking user space page tables
[    3.200025] x86/mm: Checked W+X mappings: passed, no W+X pages found.
[    3.202895] Run /sbin/init as init process
[    3.594903] usb 5-1: new full-speed USB device number 2 using uhci_hcd
[    3.787979] usb 5-1: New USB device found, idVendor=0a5c, idProduct=2110, bcdDevice= 1.00
[    3.793171] usb 5-1: New USB device strings: Mfr=1, Product=2, SerialNumber=0
[    3.798463] usb 5-1: Product: BCM2045B
[    3.803648] usb 5-1: Manufacturer: Broadcom Corp
[    4.840724] random: systemd: uninitialized urandom read (16 bytes read)
[    4.848573] systemd[1]: systemd 215 running in system mode. (+PAM +AUDIT +SELINUX +IMA +SYSVINIT +LIBCRYPTSETUP +GCRYPT +ACL +XZ -SECCOMP -APPARMOR)
[    4.879194] systemd[1]: Detected architecture 'x86'.
[    5.058892] usb 5-2: new full-speed USB device number 3 using uhci_hcd
[    5.261035] usb 5-2: New USB device found, idVendor=0483, idProduct=2016, bcdDevice= 0.01
[    5.266439] usb 5-2: New USB device strings: Mfr=1, Product=2, SerialNumber=0
[    5.271868] usb 5-2: Product: Biometric Coprocessor
[    5.277066] usb 5-2: Manufacturer: STMicroelectronics
[    5.664536] systemd[1]: Failed to insert module 'ipv6'
[    5.683492] systemd[1]: Set hostname to <amd>.
[    6.081236] random: systemd-sysv-ge: uninitialized urandom read (16 bytes read)
[    7.599910] random: systemd-sysv-ge: uninitialized urandom read (16 bytes read)
[    7.623088] random: systemd: uninitialized urandom read (16 bytes read)
[    7.626437] random: systemd: uninitialized urandom read (16 bytes read)
[    7.703341] random: crng init done
[    7.706644] random: 4 urandom warning(s) missed due to ratelimiting
[    8.361763] systemd[1]: Binding to IPv6 address not available since kernel does not support IPv6.
[    8.366512] systemd[1]: [/lib/systemd/system/gpsd.socket:6] Failed to parse address value, ignoring: [::1]:2947
[    8.390133] systemd[1]: Starting Forward Password Requests to Wall Directory Watch.
[    8.394501] systemd[1]: Started Forward Password Requests to Wall Directory Watch.
[    8.398161] systemd[1]: Starting Remote File Systems (Pre).
[    8.407574] systemd[1]: Reached target Remote File Systems (Pre).
[    9.461991] systemd-udevd[2372]: starting version 215
[   11.049874] EXT4-fs (sda4): re-mounted. Opts: errors=remount-ro
[   11.244022] e1000e 0000:02:00.0 eth1: renamed from eth0
[   11.259191] systemd-udevd[2432]: renamed network interface eth0 to eth1
[   12.837790] Adding 2097148k swap on /dev/sda1.  Priority:-2 extents:1 across:2097148k 
[   13.206676] EXT4-fs (sda2): mounted filesystem with ordered data mode. Opts: errors=remount-ro
[   13.358611] systemd-journald[1882]: Received request to flush runtime journal from PID 1
[   22.474258] iwl3945 0000:03:00.0: loaded firmware version 15.32.2.9
[   24.903864] wlan0: authenticate with 00:00:00:00:00:01
[   24.905983] wlan0: send auth to 00:00:00:00:00:01 (try 1/3)
[   24.907832] wlan0: authenticated
[   24.915062] wlan0: associate with 00:00:00:00:00:01 (try 1/3)
[   24.919652] wlan0: RX AssocResp from 00:00:00:00:00:01 (capab=0x401 status=0 aid=1)
[   24.921534] wlan0: associated
