[    0.000000] Linux version 5.8.0-rc2-next-20200623+ (pavel@pollux.denx.de) (gcc (GCC) 9.2.1 20190827 (Red Hat 9.2.1-1), GNU ld version 2.32-31.fc31) #126 SMP PREEMPT Tue Jun 23 19:24:36 CEST 2020
[    0.000000] Disabled fast string operations
[    0.000000] x86/fpu: x87 FPU will use FXSAVE
[    0.000000] BIOS-provided physical RAM map:
[    0.000000] BIOS-e820: [mem 0x0000000000000000-0x000000000009efff] usable
[    0.000000] BIOS-e820: [mem 0x000000000009f000-0x000000000009ffff] reserved
[    0.000000] BIOS-e820: [mem 0x00000000000dc000-0x00000000000fffff] reserved
[    0.000000] BIOS-e820: [mem 0x0000000000100000-0x00000000bf6cffff] usable
[    0.000000] BIOS-e820: [mem 0x00000000bf6d0000-0x00000000bf6defff] ACPI data
[    0.000000] BIOS-e820: [mem 0x00000000bf6df000-0x00000000bf6fffff] ACPI NVS
[    0.000000] BIOS-e820: [mem 0x00000000bf700000-0x00000000bfffffff] reserved
[    0.000000] BIOS-e820: [mem 0x00000000f0000000-0x00000000f3ffffff] reserved
[    0.000000] BIOS-e820: [mem 0x00000000fec00000-0x00000000fec0ffff] reserved
[    0.000000] BIOS-e820: [mem 0x00000000fed00000-0x00000000fed003ff] reserved
[    0.000000] BIOS-e820: [mem 0x00000000fed14000-0x00000000fed19fff] reserved
[    0.000000] BIOS-e820: [mem 0x00000000fed1c000-0x00000000fed8ffff] reserved
[    0.000000] BIOS-e820: [mem 0x00000000fee00000-0x00000000fee00fff] reserved
[    0.000000] BIOS-e820: [mem 0x00000000ff800000-0x00000000ffffffff] reserved
[    0.000000] NX (Execute Disable) protection: active
[    0.000000] SMBIOS 2.4 present.
[    0.000000] DMI: LENOVO 17097HU/17097HU, BIOS 7BETD8WW (2.19 ) 03/31/2011
[    0.000000] tsc: Fast TSC calibration using PIT
[    0.000000] tsc: Detected 1828.852 MHz processor
[    0.003602] e820: update [mem 0x00000000-0x00000fff] usable ==> reserved
[    0.003607] e820: remove [mem 0x000a0000-0x000fffff] usable
[    0.003619] last_pfn = 0xbf6d0 max_arch_pfn = 0x1000000
[    0.003631] MTRR default type: uncachable
[    0.003634] MTRR fixed ranges enabled:
[    0.003637]   00000-9FFFF write-back
[    0.003640]   A0000-BFFFF uncachable
[    0.003643]   C0000-CFFFF write-protect
[    0.003646]   D0000-DBFFF uncachable
[    0.003649]   DC000-DFFFF write-back
[    0.003652]   E0000-FFFFF write-protect
[    0.003654] MTRR variable ranges enabled:
[    0.003658]   0 base 000000000 mask F80000000 write-back
[    0.003661]   1 base 080000000 mask FC0000000 write-back
[    0.003664]   2 base 0BF700000 mask FFFF00000 uncachable
[    0.003668]   3 base 0BF800000 mask FFF800000 uncachable
[    0.003670]   4 disabled
[    0.003673]   5 disabled
[    0.003675]   6 disabled
[    0.003677]   7 disabled
[    0.004748] x86/PAT: PAT not supported by the CPU.
[    0.006035] x86/PAT: Configuration [0-7]: WB  WT  UC- UC  WB  WT  UC- UC  
[    0.006056] initial memory mapped: [mem 0x00000000-0x05bfffff]
[    0.006166] ACPI: Early table checksum verification disabled
[    0.006176] ACPI: RSDP 0x00000000000F67C0 000024 (v02 LENOVO)
[    0.006185] ACPI: XSDT 0x00000000BF6D191C 000084 (v01 LENOVO TP-7B    00002190  LTP 00000000)
[    0.006198] ACPI: FACP 0x00000000BF6D1A00 0000F4 (v03 LENOVO TP-7B    00002190 LNVO 00000001)
[    0.006210] ACPI BIOS Warning (bug): 32/64X length mismatch in FADT/Gpe0Block: 64/32 (20200528/tbfadt-564)
[    0.006217] ACPI BIOS Warning (bug): Optional FADT field Gpe1Block has valid Address but zero Length: 0x000000000000102C/0x0 (20200528/tbfadt-615)
[    0.006227] ACPI: DSDT 0x00000000BF6D1D90 00CFB9 (v01 LENOVO TP-7B    00002190 MSFT 0100000E)
[    0.006237] ACPI: FACS 0x00000000BF6F4000 000040
[    0.006244] ACPI: FACS 0x00000000BF6F4000 000040
[    0.006252] ACPI: SSDT 0x00000000BF6D1BB4 0001DC (v01 LENOVO TP-7B    00002190 MSFT 0100000E)
[    0.006261] ACPI: ECDT 0x00000000BF6DED49 000052 (v01 LENOVO TP-7B    00002190 LNVO 00000001)
[    0.006270] ACPI: TCPA 0x00000000BF6DED9B 000032 (v02 LENOVO TP-7B    00002190 LNVO 00000001)
[    0.006278] ACPI: APIC 0x00000000BF6DEDCD 000068 (v01 LENOVO TP-7B    00002190 LNVO 00000001)
[    0.006287] ACPI: MCFG 0x00000000BF6DEE35 00003C (v01 LENOVO TP-7B    00002190 LNVO 00000001)
[    0.006296] ACPI: HPET 0x00000000BF6DEE71 000038 (v01 LENOVO TP-7B    00002190 LNVO 00000001)
[    0.006305] ACPI: BOOT 0x00000000BF6DEFD8 000028 (v01 LENOVO TP-7B    00002190  LTP 00000001)
[    0.006314] ACPI: SSDT 0x00000000BF6F2645 00025F (v01 LENOVO TP-7B    00002190 INTL 20050513)
[    0.006323] ACPI: SSDT 0x00000000BF6F28A4 0000A6 (v01 LENOVO TP-7B    00002190 INTL 20050513)
[    0.006332] ACPI: SSDT 0x00000000BF6F294A 0004F7 (v01 LENOVO TP-7B    00002190 INTL 20050513)
[    0.006341] ACPI: SSDT 0x00000000BF6F2E41 0001D8 (v01 LENOVO TP-7B    00002190 INTL 20050513)
[    0.006363] ACPI: Local APIC address 0xfee00000
[    0.006369] 2176MB HIGHMEM available.
[    0.006373] 885MB LOWMEM available.
[    0.006377]   mapped low ram: 0 - 375fe000
[    0.006381]   low ram: 0 - 375fe000
[    0.006396] Zone ranges:
[    0.006402]   DMA      [mem 0x0000000000001000-0x0000000000ffffff]
[    0.006407]   Normal   [mem 0x0000000001000000-0x00000000375fdfff]
[    0.006412]   HighMem  [mem 0x00000000375fe000-0x00000000bf6cffff]
[    0.006417] Movable zone start for each node
[    0.006420] Early memory node ranges
[    0.006425]   node   0: [mem 0x0000000000001000-0x000000000009efff]
[    0.006429]   node   0: [mem 0x0000000000100000-0x00000000bf6cffff]
[    0.006434] Initmem setup node 0 [mem 0x0000000000001000-0x00000000bf6cffff]
[    0.006440] On node 0 totalpages: 783982
[    0.017812]   DMA zone: 32 pages used for memmap
[    0.017816]   DMA zone: 0 pages reserved
[    0.017819]   DMA zone: 3998 pages, LIFO batch:0
[    0.017928]   Normal zone: 1740 pages used for memmap
[    0.017931]   Normal zone: 222718 pages, LIFO batch:63
[    0.023649]   HighMem zone: 557266 pages, LIFO batch:63
[    0.037985] Using APIC driver default
[    0.038002] Reserving Intel graphics memory at [mem 0xbf800000-0xbfffffff]
[    0.038427] ACPI: PM-Timer IO Port: 0x1008
[    0.038432] ACPI: Local APIC address 0xfee00000
[    0.038445] ACPI: LAPIC_NMI (acpi_id[0x00] high edge lint[0x1])
[    0.038449] ACPI: LAPIC_NMI (acpi_id[0x01] high edge lint[0x1])
[    0.038476] IOAPIC[0]: apic_id 1, version 32, address 0xfec00000, GSI 0-23
[    0.038484] ACPI: INT_SRC_OVR (bus 0 bus_irq 0 global_irq 2 dfl dfl)
[    0.038490] ACPI: INT_SRC_OVR (bus 0 bus_irq 9 global_irq 9 high level)
[    0.038496] ACPI: IRQ0 used by override.
[    0.038500] ACPI: IRQ9 used by override.
[    0.038505] Using ACPI (MADT) for SMP configuration information
[    0.038510] ACPI: HPET id: 0x8086a201 base: 0xfed00000
[    0.038522] smpboot: Allowing 2 CPUs, 0 hotplug CPUs
[    0.038560] PM: hibernation: Registered nosave memory: [mem 0x00000000-0x00000fff]
[    0.038568] PM: hibernation: Registered nosave memory: [mem 0x0009f000-0x0009ffff]
[    0.038572] PM: hibernation: Registered nosave memory: [mem 0x000a0000-0x000dbfff]
[    0.038576] PM: hibernation: Registered nosave memory: [mem 0x000dc000-0x000fffff]
[    0.038585] [mem 0xc0000000-0xefffffff] available for PCI devices
[    0.038593] clocksource: refined-jiffies: mask: 0xffffffff max_cycles: 0xffffffff, max_idle_ns: 7645519600211568 ns
[    0.038606] setup_percpu: NR_CPUS:8 nr_cpumask_bits:8 nr_cpu_ids:2 nr_node_ids:1
[    0.038890] percpu: Embedded 39 pages/cpu s128108 r0 d31636 u159744
[    0.038903] pcpu-alloc: s128108 r0 d31636 u159744 alloc=39*4096
[    0.038906] pcpu-alloc: [0] 0 [0] 1 
[    0.038939] Built 1 zonelists, mobility grouping on.  Total pages: 782210
[    0.038948] Kernel command line: BOOT_IMAGE=(hd0,2)/fast/l/linux-next-32/arch/x86/boot/bzImage resume=/dev/sda1 console=tty0 console=ttyUSB0 root=/dev/sda4
[    0.039481] Dentry cache hash table entries: 131072 (order: 7, 524288 bytes, linear)
[    0.039598] Inode-cache hash table entries: 65536 (order: 6, 262144 bytes, linear)
[    0.039640] mem auto-init: stack:off, heap alloc:off, heap free:off
[    0.039648] Initializing HighMem for node 0 (000375fe:000bf6d0)
[    0.400263] Initializing Movable for node 0 (00000000:00000000)
[    0.481894] Memory: 3086632K/3135928K available (13400K kernel code, 709K rwdata, 5368K rodata, 672K init, 3048K bss, 49296K reserved, 0K cma-reserved, 2229064K highmem)
[    0.481902] Checking if this processor honours the WP bit even in supervisor mode...Ok.
[    0.481968] random: get_random_u32 called from cache_alloc_refill+0x627/0xb00 with crng_init=0
[    0.483212] Kernel/User page tables isolation: enabled
[    0.483520] rcu: Preemptible hierarchical RCU implementation.
[    0.483525] rcu: 	RCU restricting CPUs from NR_CPUS=8 to nr_cpu_ids=2.
[    0.483530] 	Trampoline variant of Tasks RCU enabled.
[    0.483534] rcu: RCU calculated value of scheduler-enlistment delay is 25 jiffies.
[    0.483538] rcu: Adjusting geometry for rcu_fanout_leaf=16, nr_cpu_ids=2
[    0.483583] NR_IRQS: 2304, nr_irqs: 56, preallocated irqs: 16
[    0.486531] Console: colour VGA+ 80x25
[    0.494945] printk: console [tty0] enabled
[    0.495019] Lock dependency validator: Copyright (c) 2006 Red Hat, Inc., Ingo Molnar
[    0.495114] ... MAX_LOCKDEP_SUBCLASSES:  8
[    0.495189] ... MAX_LOCK_DEPTH:          48
[    0.495264] ... MAX_LOCKDEP_KEYS:        8192
[    0.495340] ... CLASSHASH_SIZE:          4096
[    0.495416] ... MAX_LOCKDEP_ENTRIES:     32768
[    0.495492] ... MAX_LOCKDEP_CHAINS:      65536
[    0.495568] ... CHAINHASH_SIZE:          32768
[    0.495644]  memory used by lock dependency info: 1829 kB
[    0.495726]  per task-struct memory footprint: 1344 bytes
[    0.495819] ACPI: Core revision 20200528
[    0.496286] clocksource: hpet: mask: 0xffffffff max_cycles: 0xffffffff, max_idle_ns: 133484882848 ns
[    0.496430] APIC: Switch to symmetric I/O mode setup
[    0.496510] Enabling APIC mode:  Flat.  Using 1 I/O APICs
[    0.497144] ..TIMER: vector=0x30 apic1=0 pin1=2 apic2=-1 pin2=-1
[    0.516429] clocksource: tsc-early: mask: 0xffffffffffffffff max_cycles: 0x1a5ca119848, max_idle_ns: 440795252710 ns
[    0.516560] Calibrating delay loop (skipped), value calculated using timer frequency.. 3657.70 BogoMIPS (lpj=7315408)
[    0.516689] pid_max: default: 32768 minimum: 301
[    0.517021] Mount-cache hash table entries: 2048 (order: 1, 8192 bytes, linear)
[    0.517124] Mountpoint-cache hash table entries: 2048 (order: 1, 8192 bytes, linear)
[    0.518049] Disabled fast string operations
[    0.518137] process: using mwait in idle threads
[    0.518224] Last level iTLB entries: 4KB 128, 2MB 0, 4MB 2
[    0.518308] Last level dTLB entries: 4KB 128, 2MB 0, 4MB 8, 1GB 0
[    0.518398] Spectre V1 : Mitigation: usercopy/swapgs barriers and __user pointer sanitization
[    0.518515] Spectre V2 : Mitigation: Full generic retpoline
[    0.518600] Spectre V2 : Spectre v2 / SpectreRSB mitigation: Filling RSB on context switch
[    0.518700] L1TF: System has more than MAX_PA/2 memory. L1TF mitigation not effective.
[    0.518798] L1TF: You may make it effective by booting the kernel with mem=2147483648 parameter.
[    0.518913] L1TF: However, doing so will make a part of your RAM unusable.
[    0.519004] L1TF: Reading https://www.kernel.org/doc/html/latest/admin-guide/hw-vuln/l1tf.html might help you decide.
[    0.519130] MDS: Vulnerable: Clear CPU buffers attempted, no microcode
[    0.519415] Freeing SMP alternatives memory: 48K
[    0.631835] smpboot: CPU0: Genuine Intel(R) CPU           T2400  @ 1.83GHz (family: 0x6, model: 0xe, stepping: 0x8)
[    0.632547] Performance Events: Core events, core PMU driver.
[    0.632558] ... version:                1
[    0.632558] ... bit width:              40
[    0.632558] ... generic registers:      2
[    0.632558] ... value mask:             000000ffffffffff
[    0.632558] ... max period:             000000007fffffff
[    0.632558] ... fixed-purpose events:   0
[    0.632558] ... event mask:             0000000000000003
[    0.632558] rcu: Hierarchical SRCU implementation.
[    0.632558] NMI watchdog: Enabled. Permanently consumes one hw-PMU counter.
[    0.632775] smp: Bringing up secondary CPUs ...
[    0.633877] x86: Booting SMP configuration:
[    0.633961] .... node  #0, CPUs:      #1
[    0.016636] Disabled fast string operations
[    0.636428] TSC synchronization [CPU#0 -> CPU#1]:
[    0.636558] Measured 579832 cycles TSC warp between CPUs, turning off TSC clock.
[    0.636558] tsc: Marking TSC unstable due to check_tsc_sync_source failed
[    0.636754] smp: Brought up 1 node, 2 CPUs
[    0.636754] smpboot: Max logical packages: 1
[    0.636754] smpboot: Total of 2 processors activated (7315.40 BogoMIPS)
[    0.638452] devtmpfs: initialized
[    0.638452] PM: Registering ACPI NVS region [mem 0xbf6df000-0xbf6fffff] (135168 bytes)
[    0.641123] clocksource: jiffies: mask: 0xffffffff max_cycles: 0xffffffff, max_idle_ns: 7645041785100000 ns
[    0.641123] futex hash table entries: 512 (order: 3, 32768 bytes, linear)
[    0.641123] thermal_sys: Registered thermal governor 'step_wise'
[    0.641548] NET: Registered protocol family 16
[    0.643351] cpuidle: using governor ladder
[    0.643463] cpuidle: using governor menu
[    0.644862] Simple Boot Flag at 0x35 set to 0x1
[    0.644992] ACPI FADT declares the system doesn't support PCIe ASPM, so disable it
[    0.645088] ACPI: bus type PCI registered
[    0.645450] PCI: MMCONFIG for domain 0000 [bus 00-3f] at [mem 0xf0000000-0xf3ffffff] (base 0xf0000000)
[    0.646341] PCI: MMCONFIG at [mem 0xf0000000-0xf3ffffff] reserved in E820
[    0.646432] PCI: Using MMCONFIG for extended config space
[    0.646515] PCI: Using configuration type 1 for base access
[    0.647116] mtrr: your CPUs had inconsistent variable MTRR settings
[    0.647205] mtrr: probably your BIOS does not setup all CPUs.
[    0.647289] mtrr: corrected configuration.
[    0.713213] ACPI: Added _OSI(Module Device)
[    0.713298] ACPI: Added _OSI(Processor Device)
[    0.713377] ACPI: Added _OSI(3.0 _SCP Extensions)
[    0.713457] ACPI: Added _OSI(Processor Aggregator Device)
[    0.713544] ACPI: Added _OSI(Linux-Dell-Video)
[    0.713625] ACPI: Added _OSI(Linux-Lenovo-NV-HDMI-Audio)
[    0.713710] ACPI: Added _OSI(Linux-HPI-Hybrid-Graphics)
[    0.788539] ACPI: 6 ACPI AML tables successfully acquired and loaded
[    0.792850] ACPI: EC: EC started
[    0.792924] ACPI: EC: interrupt blocked
[    0.797806] ACPI: EC: EC_CMD/EC_SC=0x66, EC_DATA=0x62
[    0.797888] ACPI: EC: Boot ECDT EC used to handle transactions
[    0.816646] ACPI: Dynamic OEM Table Load:
[    0.816740] ACPI: SSDT 0x00000000F5BBF800 000240 (v01 PmRef  Cpu0Ist  00000100 INTL 20050513)
[    0.820891] ACPI: Dynamic OEM Table Load:
[    0.820983] ACPI: SSDT 0x00000000F5A3E000 00065A (v01 PmRef  Cpu0Cst  00000100 INTL 20050513)
[    0.827812] ACPI: Dynamic OEM Table Load:
[    0.827902] ACPI: SSDT 0x00000000F5115900 0000C8 (v01 PmRef  Cpu1Ist  00000100 INTL 20050513)
[    0.831319] ACPI: Dynamic OEM Table Load:
[    0.831409] ACPI: SSDT 0x00000000F58C3E40 000085 (v01 PmRef  Cpu1Cst  00000100 INTL 20050513)
[    0.835408] ACPI: Interpreter enabled
[    0.835562] ACPI: (supports S0 S3 S4 S5)
[    0.835645] ACPI: Using IOAPIC for interrupt routing
[    0.835865] PCI: Using host bridge windows from ACPI; if necessary, use "pci=nocrs" and report a bug
[    0.837052] ACPI: Enabled 4 GPEs in block 00 to 1F
[    0.863143] ACPI: Power Resource [PUBS] (on)
[    0.864868] acpi PNP0C0A:01: ACPI dock station (docks/bays count: 1)
[    0.873273] acpi LNXIOBAY:00: ACPI dock station (docks/bays count: 2)
[    0.888946] acpi IBM0079:00: ACPI dock station (docks/bays count: 3)
[    0.891557] ACPI: PCI Interrupt Link [LNKA] (IRQs 3 4 5 6 7 9 10 *11)
[    0.892564] ACPI: PCI Interrupt Link [LNKB] (IRQs 3 4 5 6 7 9 10 *11)
[    0.893420] ACPI: PCI Interrupt Link [LNKC] (IRQs 3 4 5 6 7 9 10 *11)
[    0.894377] ACPI: PCI Interrupt Link [LNKD] (IRQs 3 4 5 6 7 9 10 *11)
[    0.895333] ACPI: PCI Interrupt Link [LNKE] (IRQs 3 4 5 6 7 9 10 *11)
[    0.896290] ACPI: PCI Interrupt Link [LNKF] (IRQs 3 4 5 6 7 9 10 *11)
[    0.897327] ACPI: PCI Interrupt Link [LNKG] (IRQs 3 4 5 6 7 9 10 *11)
[    0.898283] ACPI: PCI Interrupt Link [LNKH] (IRQs 3 4 5 6 7 9 10 *11)
[    0.898912] ACPI: PCI Root Bridge [PCI0] (domain 0000 [bus 00-ff])
[    0.899015] acpi PNP0A08:00: _OSC: OS supports [ExtendedConfig ASPM ClockPM Segments HPX-Type3]
[    0.900232] acpi PNP0A08:00: _OSC: not requesting OS control; OS requires [ExtendedConfig ASPM ClockPM MSI]
[    0.900371] acpi PNP0A08:00: [Firmware Info]: MMCONFIG for domain 0000 [bus 00-3f] only partially covers this bridge
[    0.900821] PCI host bridge to bus 0000:00
[    0.900904] pci_bus 0000:00: root bus resource [io  0x0000-0x0cf7 window]
[    0.901002] pci_bus 0000:00: root bus resource [io  0x0d00-0xffff window]
[    0.901099] pci_bus 0000:00: root bus resource [mem 0x000a0000-0x000bffff window]
[    0.901200] pci_bus 0000:00: root bus resource [mem 0x000d0000-0x000d3fff window]
[    0.901302] pci_bus 0000:00: root bus resource [mem 0x000d4000-0x000d7fff window]
[    0.901403] pci_bus 0000:00: root bus resource [mem 0x000d8000-0x000dbfff window]
[    0.901504] pci_bus 0000:00: root bus resource [mem 0xc0000000-0xfebfffff window]
[    0.901604] pci_bus 0000:00: root bus resource [mem 0xfed40000-0xfed40fff window]
[    0.901706] pci_bus 0000:00: root bus resource [bus 00-ff]
[    0.901847] pci 0000:00:00.0: [8086:27a0] type 00 class 0x060000
[    0.902461] pci 0000:00:02.0: [8086:27a2] type 00 class 0x030000
[    0.902570] pci 0000:00:02.0: reg 0x10: [mem 0xee100000-0xee17ffff]
[    0.902669] pci 0000:00:02.0: reg 0x14: [io  0x1800-0x1807]
[    0.902763] pci 0000:00:02.0: reg 0x18: [mem 0xd0000000-0xdfffffff pref]
[    0.902865] pci 0000:00:02.0: reg 0x1c: [mem 0xee200000-0xee23ffff]
[    0.903613] pci 0000:00:02.1: [8086:27a6] type 00 class 0x038000
[    0.903720] pci 0000:00:02.1: reg 0x10: [mem 0xee180000-0xee1fffff]
[    0.904592] pci 0000:00:1b.0: [8086:27d8] type 00 class 0x040300
[    0.904592] pci 0000:00:1b.0: reg 0x10: [mem 0xee240000-0xee243fff 64bit]
[    0.904728] pci 0000:00:1b.0: PME# supported from D0 D3hot D3cold
[    0.905489] pci 0000:00:1c.0: [8086:27d0] type 01 class 0x060400
[    0.905768] pci 0000:00:1c.0: PME# supported from D0 D3hot D3cold
[    0.906535] pci 0000:00:1c.1: [8086:27d2] type 01 class 0x060400
[    0.906813] pci 0000:00:1c.1: PME# supported from D0 D3hot D3cold
[    0.907573] pci 0000:00:1c.2: [8086:27d4] type 01 class 0x060400
[    0.907852] pci 0000:00:1c.2: PME# supported from D0 D3hot D3cold
[    0.908692] pci 0000:00:1c.3: [8086:27d6] type 01 class 0x060400
[    0.908919] pci 0000:00:1c.3: PME# supported from D0 D3hot D3cold
[    0.909676] pci 0000:00:1d.0: [8086:27c8] type 00 class 0x0c0300
[    0.909839] pci 0000:00:1d.0: reg 0x20: [io  0x1820-0x183f]
[    0.910588] pci 0000:00:1d.1: [8086:27c9] type 00 class 0x0c0300
[    0.910751] pci 0000:00:1d.1: reg 0x20: [io  0x1840-0x185f]
[    0.911500] pci 0000:00:1d.2: [8086:27ca] type 00 class 0x0c0300
[    0.911662] pci 0000:00:1d.2: reg 0x20: [io  0x1860-0x187f]
[    0.912692] pci 0000:00:1d.3: [8086:27cb] type 00 class 0x0c0300
[    0.912692] pci 0000:00:1d.3: reg 0x20: [io  0x1880-0x189f]
[    0.913356] pci 0000:00:1d.7: [8086:27cc] type 00 class 0x0c0320
[    0.913478] pci 0000:00:1d.7: reg 0x10: [mem 0xee444000-0xee4443ff]
[    0.913707] pci 0000:00:1d.7: PME# supported from D0 D3hot D3cold
[    0.914436] pci 0000:00:1e.0: [8086:2448] type 01 class 0x060401
[    0.915283] pci 0000:00:1f.0: [8086:27b9] type 00 class 0x060100
[    0.915525] pci 0000:00:1f.0: quirk: [io  0x1000-0x107f] claimed by ICH6 ACPI/GPIO/TCO
[    0.915634] pci 0000:00:1f.0: quirk: [io  0x1180-0x11bf] claimed by ICH6 GPIO
[    0.915734] pci 0000:00:1f.0: ICH7 LPC Generic IO decode 1 PIO at 1600 (mask 007f)
[    0.915837] pci 0000:00:1f.0: ICH7 LPC Generic IO decode 2 PIO at 15e0 (mask 000f)
[    0.915939] pci 0000:00:1f.0: ICH7 LPC Generic IO decode 3 PIO at 1680 (mask 001f)
[    0.916697] pci 0000:00:1f.1: [8086:27df] type 00 class 0x01018a
[    0.916813] pci 0000:00:1f.1: reg 0x10: [io  0x0000-0x0007]
[    0.916913] pci 0000:00:1f.1: reg 0x14: [io  0x0000-0x0003]
[    0.917013] pci 0000:00:1f.1: reg 0x18: [io  0x0000-0x0007]
[    0.917112] pci 0000:00:1f.1: reg 0x1c: [io  0x0000-0x0003]
[    0.917212] pci 0000:00:1f.1: reg 0x20: [io  0x1810-0x181f]
[    0.917328] pci 0000:00:1f.1: legacy IDE quirk: reg 0x10: [io  0x01f0-0x01f7]
[    0.917426] pci 0000:00:1f.1: legacy IDE quirk: reg 0x14: [io  0x03f6]
[    0.917520] pci 0000:00:1f.1: legacy IDE quirk: reg 0x18: [io  0x0170-0x0177]
[    0.917617] pci 0000:00:1f.1: legacy IDE quirk: reg 0x1c: [io  0x0376]
[    0.918322] pci 0000:00:1f.2: [8086:27c5] type 00 class 0x010601
[    0.918445] pci 0000:00:1f.2: reg 0x10: [io  0x18d0-0x18d7]
[    0.918545] pci 0000:00:1f.2: reg 0x14: [io  0x18c4-0x18c7]
[    0.918644] pci 0000:00:1f.2: reg 0x18: [io  0x18c8-0x18cf]
[    0.918744] pci 0000:00:1f.2: reg 0x1c: [io  0x18c0-0x18c3]
[    0.918844] pci 0000:00:1f.2: reg 0x20: [io  0x18b0-0x18bf]
[    0.918944] pci 0000:00:1f.2: reg 0x24: [mem 0xee444400-0xee4447ff]
[    0.919118] pci 0000:00:1f.2: PME# supported from D3hot
[    0.919830] pci 0000:00:1f.3: [8086:27da] type 00 class 0x0c0500
[    0.920011] pci 0000:00:1f.3: reg 0x20: [io  0x18e0-0x18ff]
[    0.920973] pci 0000:02:00.0: [8086:109a] type 00 class 0x020000
[    0.921124] pci 0000:02:00.0: reg 0x10: [mem 0xee000000-0xee01ffff]
[    0.921259] pci 0000:02:00.0: reg 0x18: [io  0x2000-0x201f]
[    0.921603] pci 0000:02:00.0: PME# supported from D0 D3hot D3cold
[    0.922101] pci 0000:00:1c.0: PCI bridge to [bus 02]
[    0.922190] pci 0000:00:1c.0:   bridge window [io  0x2000-0x2fff]
[    0.922285] pci 0000:00:1c.0:   bridge window [mem 0xee000000-0xee0fffff]
[    0.922655] pci 0000:03:00.0: [8086:4227] type 00 class 0x028000
[    0.922890] pci 0000:03:00.0: reg 0x10: [mem 0xedf00000-0xedf00fff]
[    0.923532] pci 0000:03:00.0: PME# supported from D0 D3hot D3cold
[    0.924174] pci 0000:00:1c.1: PCI bridge to [bus 03]
[    0.924263] pci 0000:00:1c.1:   bridge window [io  0x3000-0x4fff]
[    0.924358] pci 0000:00:1c.1:   bridge window [mem 0xec000000-0xedffffff]
[    0.924461] pci 0000:00:1c.1:   bridge window [mem 0xe4000000-0xe40fffff 64bit pref]
[    0.924731] pci 0000:00:1c.2: PCI bridge to [bus 04-0b]
[    0.924821] pci 0000:00:1c.2:   bridge window [io  0x5000-0x6fff]
[    0.924916] pci 0000:00:1c.2:   bridge window [mem 0xe8000000-0xe9ffffff]
[    0.925018] pci 0000:00:1c.2:   bridge window [mem 0xe4100000-0xe41fffff 64bit pref]
[    0.925296] pci 0000:00:1c.3: PCI bridge to [bus 0c-13]
[    0.925387] pci 0000:00:1c.3:   bridge window [io  0x7000-0x8fff]
[    0.925482] pci 0000:00:1c.3:   bridge window [mem 0xea000000-0xebffffff]
[    0.925584] pci 0000:00:1c.3:   bridge window [mem 0xe4200000-0xe42fffff 64bit pref]
[    0.925720] pci_bus 0000:15: extended config space not accessible
[    0.925948] pci 0000:15:00.0: [1180:0476] type 02 class 0x060700
[    0.926066] pci 0000:15:00.0: reg 0x10: [mem 0xe4300000-0xe4300fff]
[    0.926229] pci 0000:15:00.0: supports D1 D2
[    0.926310] pci 0000:15:00.0: PME# supported from D0 D1 D2 D3hot D3cold
[    0.926855] pci 0000:15:00.1: [1180:0552] type 00 class 0x0c0010
[    0.926971] pci 0000:15:00.1: reg 0x10: [mem 0xe4301000-0xe43017ff]
[    0.927207] pci 0000:15:00.1: PME# supported from D0 D3hot D3cold
[    0.927577] pci 0000:15:00.2: [1180:0822] type 00 class 0x080500
[    0.927693] pci 0000:15:00.2: reg 0x10: [mem 0xe4301800-0xe43018ff]
[    0.927926] pci 0000:15:00.2: supports D1 D2
[    0.928007] pci 0000:15:00.2: PME# supported from D0 D1 D2 D3hot D3cold
[    0.928593] pci 0000:00:1e.0: PCI bridge to [bus 15-18] (subtractive decode)
[    0.928593] pci 0000:00:1e.0:   bridge window [io  0x9000-0xcfff]
[    0.928658] pci 0000:00:1e.0:   bridge window [mem 0xe4300000-0xe7ffffff]
[    0.928761] pci 0000:00:1e.0:   bridge window [mem 0xe0000000-0xe3ffffff 64bit pref]
[    0.928864] pci 0000:00:1e.0:   bridge window [io  0x0000-0x0cf7 window] (subtractive decode)
[    0.928985] pci 0000:00:1e.0:   bridge window [io  0x0d00-0xffff window] (subtractive decode)
[    0.929106] pci 0000:00:1e.0:   bridge window [mem 0x000a0000-0x000bffff window] (subtractive decode)
[    0.929231] pci 0000:00:1e.0:   bridge window [mem 0x000d0000-0x000d3fff window] (subtractive decode)
[    0.929356] pci 0000:00:1e.0:   bridge window [mem 0x000d4000-0x000d7fff window] (subtractive decode)
[    0.929481] pci 0000:00:1e.0:   bridge window [mem 0x000d8000-0x000dbfff window] (subtractive decode)
[    0.929607] pci 0000:00:1e.0:   bridge window [mem 0xc0000000-0xfebfffff window] (subtractive decode)
[    0.929731] pci 0000:00:1e.0:   bridge window [mem 0xfed40000-0xfed40fff window] (subtractive decode)
[    0.929896] pci_bus 0000:16: extended config space not accessible
[    0.930115] pci_bus 0000:16: busn_res: [bus 16-18] end is updated to 17
[    0.930259] pci_bus 0000:00: on NUMA node 0
[    0.937862] ACPI: EC: interrupt unblocked
[    0.937947] ACPI: EC: event unblocked
[    0.938812] ACPI: EC: EC_CMD/EC_SC=0x66, EC_DATA=0x62
[    0.938896] ACPI: EC: GPE=0x1c
[    0.938972] ACPI: \_SB_.PCI0.LPC_.EC__: Boot ECDT EC initialization complete
[    0.939071] ACPI: \_SB_.PCI0.LPC_.EC__: EC: Used to handle transactions and events
[    0.939923] pci 0000:00:02.0: vgaarb: setting as boot VGA device
[    0.939923] pci 0000:00:02.0: vgaarb: VGA device added: decodes=io+mem,owns=io+mem,locks=none
[    0.939923] pci 0000:00:02.0: vgaarb: bridge control possible
[    0.939923] vgaarb: loaded
[    0.941220] SCSI subsystem initialized
[    0.941493] libata version 3.00 loaded.
[    0.941493] ACPI: bus type USB registered
[    0.941493] usbcore: registered new interface driver usbfs
[    0.941561] usbcore: registered new interface driver hub
[    0.941829] usbcore: registered new device driver usb
[    0.942054] mc: Linux media interface: v0.10
[    0.942186] videodev: Linux video capture interface: v2.00
[    0.942341] pps_core: LinuxPPS API ver. 1 registered
[    0.942423] pps_core: Software ver. 5.3.6 - Copyright 2005-2007 Rodolfo Giometti <giometti@linux.it>
[    0.942577] PTP clock support registered
[    0.942928] EDAC MC: Ver: 3.0.0
[    0.945216] Advanced Linux Sound Architecture Driver Initialized.
[    0.946371] Bluetooth: Core ver 2.22
[    0.946515] NET: Registered protocol family 31
[    0.946594] Bluetooth: HCI device and connection manager initialized
[    0.946695] Bluetooth: HCI socket layer initialized
[    0.946779] Bluetooth: L2CAP socket layer initialized
[    0.946885] Bluetooth: SCO socket layer initialized
[    0.947255] PCI: Using ACPI for IRQ routing
[    0.950338] PCI: pci_cache_line_size set to 64 bytes
[    0.950504] e820: reserve RAM buffer [mem 0x0009f000-0x0009ffff]
[    0.950510] e820: reserve RAM buffer [mem 0xbf6d0000-0xbfffffff]
[    0.950813] clocksource: Switched to clocksource hpet
[    0.951768] pnp: PnP ACPI init
[    0.953067] system 00:00: [mem 0x00000000-0x0009ffff] could not be reserved
[    0.953172] system 00:00: [mem 0x000c0000-0x000c3fff] could not be reserved
[    0.953274] system 00:00: [mem 0x000c4000-0x000c7fff] could not be reserved
[    0.953374] system 00:00: [mem 0x000c8000-0x000cbfff] has been reserved
[    0.953472] system 00:00: [mem 0x000cc000-0x000cffff] has been reserved
[    0.953571] system 00:00: [mem 0x000dc000-0x000dffff] could not be reserved
[    0.953672] system 00:00: [mem 0x000e0000-0x000e3fff] could not be reserved
[    0.953773] system 00:00: [mem 0x000e4000-0x000e7fff] could not be reserved
[    0.953874] system 00:00: [mem 0x000e8000-0x000ebfff] could not be reserved
[    0.953975] system 00:00: [mem 0x000ec000-0x000effff] could not be reserved
[    0.954076] system 00:00: [mem 0x000f0000-0x000fffff] could not be reserved
[    0.954178] system 00:00: [mem 0x00100000-0xbfffffff] could not be reserved
[    0.954279] system 00:00: [mem 0xfec00000-0xfed3ffff] could not be reserved
[    0.954380] system 00:00: [mem 0xfed41000-0xffffffff] could not be reserved
[    0.954526] system 00:00: Plug and Play ACPI device, IDs PNP0c01 (active)
[    0.955075] system 00:01: [io  0x164e-0x164f] has been reserved
[    0.955172] system 00:01: [io  0x1000-0x107f] has been reserved
[    0.955266] system 00:01: [io  0x1180-0x11bf] has been reserved
[    0.955359] system 00:01: [io  0x0800-0x080f] has been reserved
[    0.955453] system 00:01: [io  0x15e0-0x15ef] has been reserved
[    0.955549] system 00:01: [io  0x1600-0x165f] could not be reserved
[    0.955645] system 00:01: [mem 0xf0000000-0xf3ffffff] has been reserved
[    0.955743] system 00:01: [mem 0xfed1c000-0xfed1ffff] has been reserved
[    0.955841] system 00:01: [mem 0xfed14000-0xfed17fff] has been reserved
[    0.955939] system 00:01: [mem 0xfed18000-0xfed18fff] has been reserved
[    0.956037] system 00:01: [mem 0xfed19000-0xfed19fff] has been reserved
[    0.956168] system 00:01: Plug and Play ACPI device, IDs PNP0c02 (active)
[    0.956514] pnp 00:02: Plug and Play ACPI device, IDs PNP0b00 (active)
[    0.956722] pnp 00:03: Plug and Play ACPI device, IDs PNP0303 (active)
[    0.956885] pnp 00:04: Plug and Play ACPI device, IDs IBM3780 PNP0f13 (active)
[    0.957696] pnp 00:05: [dma 3]
[    0.957918] pnp 00:05: Plug and Play ACPI device, IDs IBM0071 PNP0511 (active)
[    0.958186] pnp 00:06: Plug and Play ACPI device, IDs ATM1200 PNP0c31 (active)
[    0.960818] pnp: PnP ACPI: found 7 devices
[    1.008052] clocksource: acpi_pm: mask: 0xffffff max_cycles: 0xffffff, max_idle_ns: 2085701024 ns
[    1.008338] NET: Registered protocol family 2
[    1.009011] tcp_listen_portaddr_hash hash table entries: 512 (order: 2, 22528 bytes, linear)
[    1.009175] TCP established hash table entries: 8192 (order: 3, 32768 bytes, linear)
[    1.009334] TCP bind hash table entries: 8192 (order: 6, 327680 bytes, linear)
[    1.009960] TCP: Hash tables configured (established 8192 bind 8192)
[    1.010368] UDP hash table entries: 512 (order: 3, 49152 bytes, linear)
[    1.010539] UDP-Lite hash table entries: 512 (order: 3, 49152 bytes, linear)
[    1.010854] NET: Registered protocol family 1
[    1.011621] RPC: Registered named UNIX socket transport module.
[    1.011712] RPC: Registered udp transport module.
[    1.011794] RPC: Registered tcp transport module.
[    1.011876] RPC: Registered tcp NFSv4.1 backchannel transport module.
[    1.012497] pci 0000:00:1c.0: bridge window [mem 0x00100000-0x000fffff 64bit pref] to [bus 02] add_size 200000 add_align 100000
[    1.012707] pci 0000:00:1c.0: BAR 9: assigned [mem 0xc0000000-0xc01fffff 64bit pref]
[    1.012809] pci 0000:00:1c.0: PCI bridge to [bus 02]
[    1.012894] pci 0000:00:1c.0:   bridge window [io  0x2000-0x2fff]
[    1.012987] pci 0000:00:1c.0:   bridge window [mem 0xee000000-0xee0fffff]
[    1.013083] pci 0000:00:1c.0:   bridge window [mem 0xc0000000-0xc01fffff 64bit pref]
[    1.013187] pci 0000:00:1c.1: PCI bridge to [bus 03]
[    1.013271] pci 0000:00:1c.1:   bridge window [io  0x3000-0x4fff]
[    1.013364] pci 0000:00:1c.1:   bridge window [mem 0xec000000-0xedffffff]
[    1.013459] pci 0000:00:1c.1:   bridge window [mem 0xe4000000-0xe40fffff 64bit pref]
[    1.013563] pci 0000:00:1c.2: PCI bridge to [bus 04-0b]
[    1.013649] pci 0000:00:1c.2:   bridge window [io  0x5000-0x6fff]
[    1.013742] pci 0000:00:1c.2:   bridge window [mem 0xe8000000-0xe9ffffff]
[    1.013837] pci 0000:00:1c.2:   bridge window [mem 0xe4100000-0xe41fffff 64bit pref]
[    1.013941] pci 0000:00:1c.3: PCI bridge to [bus 0c-13]
[    1.014026] pci 0000:00:1c.3:   bridge window [io  0x7000-0x8fff]
[    1.014119] pci 0000:00:1c.3:   bridge window [mem 0xea000000-0xebffffff]
[    1.014214] pci 0000:00:1c.3:   bridge window [mem 0xe4200000-0xe42fffff 64bit pref]
[    1.014332] pci 0000:15:00.0: BAR 9: assigned [mem 0xe0000000-0xe3ffffff pref]
[    1.014431] pci 0000:15:00.0: BAR 10: assigned [mem 0xc4000000-0xc7ffffff]
[    1.014525] pci 0000:15:00.0: BAR 7: assigned [io  0x9000-0x90ff]
[    1.014614] pci 0000:15:00.0: BAR 8: assigned [io  0x9400-0x94ff]
[    1.014711] pci 0000:15:00.0: CardBus bridge to [bus 16-17]
[    1.014797] pci 0000:15:00.0:   bridge window [io  0x9000-0x90ff]
[    1.014888] pci 0000:15:00.0:   bridge window [io  0x9400-0x94ff]
[    1.014980] pci 0000:15:00.0:   bridge window [mem 0xe0000000-0xe3ffffff pref]
[    1.015078] pci 0000:15:00.0:   bridge window [mem 0xc4000000-0xc7ffffff]
[    1.015174] pci 0000:00:1e.0: PCI bridge to [bus 15-18]
[    1.015259] pci 0000:00:1e.0:   bridge window [io  0x9000-0xcfff]
[    1.015353] pci 0000:00:1e.0:   bridge window [mem 0xe4300000-0xe7ffffff]
[    1.015449] pci 0000:00:1e.0:   bridge window [mem 0xe0000000-0xe3ffffff 64bit pref]
[    1.015554] pci_bus 0000:00: resource 4 [io  0x0000-0x0cf7 window]
[    1.015644] pci_bus 0000:00: resource 5 [io  0x0d00-0xffff window]
[    1.015733] pci_bus 0000:00: resource 6 [mem 0x000a0000-0x000bffff window]
[    1.015825] pci_bus 0000:00: resource 7 [mem 0x000d0000-0x000d3fff window]
[    1.015918] pci_bus 0000:00: resource 8 [mem 0x000d4000-0x000d7fff window]
[    1.016011] pci_bus 0000:00: resource 9 [mem 0x000d8000-0x000dbfff window]
[    1.016104] pci_bus 0000:00: resource 10 [mem 0xc0000000-0xfebfffff window]
[    1.016197] pci_bus 0000:00: resource 11 [mem 0xfed40000-0xfed40fff window]
[    1.016291] pci_bus 0000:02: resource 0 [io  0x2000-0x2fff]
[    1.016376] pci_bus 0000:02: resource 1 [mem 0xee000000-0xee0fffff]
[    1.016466] pci_bus 0000:02: resource 2 [mem 0xc0000000-0xc01fffff 64bit pref]
[    1.016576] pci_bus 0000:03: resource 0 [io  0x3000-0x4fff]
[    1.016663] pci_bus 0000:03: resource 1 [mem 0xec000000-0xedffffff]
[    1.016752] pci_bus 0000:03: resource 2 [mem 0xe4000000-0xe40fffff 64bit pref]
[    1.016847] pci_bus 0000:04: resource 0 [io  0x5000-0x6fff]
[    1.016933] pci_bus 0000:04: resource 1 [mem 0xe8000000-0xe9ffffff]
[    1.017023] pci_bus 0000:04: resource 2 [mem 0xe4100000-0xe41fffff 64bit pref]
[    1.017117] pci_bus 0000:0c: resource 0 [io  0x7000-0x8fff]
[    1.017203] pci_bus 0000:0c: resource 1 [mem 0xea000000-0xebffffff]
[    1.017293] pci_bus 0000:0c: resource 2 [mem 0xe4200000-0xe42fffff 64bit pref]
[    1.017387] pci_bus 0000:15: resource 0 [io  0x9000-0xcfff]
[    1.017473] pci_bus 0000:15: resource 1 [mem 0xe4300000-0xe7ffffff]
[    1.017562] pci_bus 0000:15: resource 2 [mem 0xe0000000-0xe3ffffff 64bit pref]
[    1.017657] pci_bus 0000:15: resource 4 [io  0x0000-0x0cf7 window]
[    1.017745] pci_bus 0000:15: resource 5 [io  0x0d00-0xffff window]
[    1.017834] pci_bus 0000:15: resource 6 [mem 0x000a0000-0x000bffff window]
[    1.017927] pci_bus 0000:15: resource 7 [mem 0x000d0000-0x000d3fff window]
[    1.018019] pci_bus 0000:15: resource 8 [mem 0x000d4000-0x000d7fff window]
[    1.018112] pci_bus 0000:15: resource 9 [mem 0x000d8000-0x000dbfff window]
[    1.018205] pci_bus 0000:15: resource 10 [mem 0xc0000000-0xfebfffff window]
[    1.018298] pci_bus 0000:15: resource 11 [mem 0xfed40000-0xfed40fff window]
[    1.018391] pci_bus 0000:16: resource 0 [io  0x9000-0x90ff]
[    1.018477] pci_bus 0000:16: resource 1 [io  0x9400-0x94ff]
[    1.018563] pci_bus 0000:16: resource 2 [mem 0xe0000000-0xe3ffffff pref]
[    1.018654] pci_bus 0000:16: resource 3 [mem 0xc4000000-0xc7ffffff]
[    1.019092] pci 0000:00:02.0: Video device with shadowed ROM at [mem 0x000c0000-0x000dffff]
[    1.022771] pci 0000:15:00.0: CLS mismatch (64 != 32), using 64 bytes
[    1.025968] Initialise system trusted keyrings
[    1.026251] workingset: timestamp_bits=30 max_order=20 bucket_order=0
[    1.028683] Installing knfsd (copyright (C) 1996 okir@monad.swb.de).
[    1.029465] ntfs: driver 2.1.32 [Flags: R/W].
[    1.029793] fuse: init (API version 7.31)
[    1.054000] Key type asymmetric registered
[    1.054088] Asymmetric key parser 'x509' registered
[    1.054314] bounce: pool size: 64 pages
[    1.054474] Block layer SCSI generic (bsg) driver version 0.4 loaded (major 249)
[    1.054580] io scheduler mq-deadline registered
[    1.054707] io scheduler bfq registered
[    1.055030] start plist test
[    1.058533] end plist test
[    1.061640] intel_idle: MWAIT substates: 0x22220
[    1.062439] ACPI: \_PR_.CPU0: Found 3 idle states
[    1.063385] ACPI: \_PR_.CPU1: Found 3 idle states
[    1.063467] intel_idle: ACPI _CST not found or not usable
[    1.063985] ACPI: Deprecated procfs I/F for AC is loaded, please retry with CONFIG_ACPI_PROCFS_POWER cleared
[    1.064588] ACPI: AC Adapter [AC] (on-line)
[    1.065060] input: Lid Switch as /devices/LNXSYSTM:00/LNXSYBUS:00/PNP0C0D:00/input/input0
[    1.072845] ACPI: Lid Switch [LID]
[    1.073166] input: Sleep Button as /devices/LNXSYSTM:00/LNXSYBUS:00/PNP0C0E:00/input/input1
[    1.073529] ACPI: Sleep Button [SLPB]
[    1.073907] input: Power Button as /devices/LNXSYSTM:00/LNXPWRBN:00/input/input2
[    1.074242] ACPI: Power Button [PWRF]
[    1.074943] ACPI: Video Device [VID] (multi-head: yes  rom: no  post: no)
[    1.083749] acpi device:01: registered as cooling_device0
[    1.084304] input: Video Bus as /devices/LNXSYSTM:00/LNXSYBUS:00/PNP0A08:00/LNXVIDEO:00/input/input3
[    1.085750] ACPI: \_PR_.CPU0: Found 3 idle states
[    1.096280] ACPI: \_PR_.CPU1: Found 3 idle states
[    1.102568] thermal LNXTHERM:00: registered as thermal_zone0
[    1.102658] ACPI: Thermal Zone [THM0] (45 C)
[    1.106917] thermal LNXTHERM:01: registered as thermal_zone1
[    1.107008] ACPI: Thermal Zone [THM1] (50 C)
[    1.107785] Serial: 8250/16550 driver, 4 ports, IRQ sharing disabled
[    1.108866] serial8250: ttyS1 at I/O 0x2f8 (irq = 3, base_baud = 921600) is a NS16550A
[    1.111935] lp: driver loaded but no devices found
[    1.112265] Non-volatile memory driver v1.3
[    1.112755] intel_rng: FWH not detected
[    1.112892] Linux agpgart interface v0.103
[    1.114040] [drm] radeon kernel modesetting enabled.
[    1.116196] pci 0000:00:00.0: Intel 945GM Chipset
[    1.117482] pci 0000:00:00.0: detected gtt size: 262144K total, 262144K mappable
[    1.118280] pci 0000:00:00.0: detected 8192K stolen memory
[    1.118532] i915 0000:00:02.0: vgaarb: deactivate vga console
[    1.120077] Console: switching to colour dummy device 80x25
[    1.121816] resource sanity check: requesting [mem 0x000c0000-0x000dffff], which spans more than pnp 00:00 [mem 0x000c8000-0x000cbfff]
[    1.121902] caller pci_map_rom+0x6f/0x174 mapping multiple BARs
[    1.123641] i915 0000:00:02.0: vgaarb: changed VGA decodes: olddecodes=io+mem,decodes=io+mem:owns=io+mem
[    1.135476] random: fast init done
[    1.139400] battery: ACPI: Deprecated procfs I/F for battery is loaded, please retry with CONFIG_ACPI_PROCFS_POWER cleared
[    1.139491] battery: ACPI: Battery Slot [BAT0] (battery present)
[    1.161272] i915 0000:00:02.0: [drm] Initialized overlay support.
[    1.163252] [drm] Initialized i915 1.6.0 20200515 for 0000:00:02.0 on minor 0
[    1.164894] usbcore: registered new interface driver udl
[    1.179496] fbcon: i915drmfb (fb0) is primary device
[    1.181750] loop: module loaded
[    1.245249] ahci 0000:00:1f.2: version 3.0
[    1.246033] ahci 0000:00:1f.2: AHCI 0001.0100 32 slots 4 ports 1.5 Gbps 0x1 impl SATA mode
[    1.246038] ahci 0000:00:1f.2: flags: 64bit ncq pm led clo pio slum part 
[    1.249068] scsi host0: ahci
[    1.249791] scsi host1: ahci
[    1.250447] scsi host2: ahci
[    1.251122] scsi host3: ahci
[    1.251537] ata1: SATA max UDMA/133 abar m1024@0xee444400 port 0xee444500 irq 16
[    1.251540] ata2: DUMMY
[    1.251541] ata3: DUMMY
[    1.251543] ata4: DUMMY
[    1.251730] ata_piix 0000:00:1f.1: version 2.13
[    1.255307] scsi host4: ata_piix
[    1.255848] scsi host5: ata_piix
[    1.256140] ata5: PATA max UDMA/100 cmd 0x1f0 ctl 0x3f6 bmdma 0x1810 irq 14
[    1.256142] ata6: PATA max UDMA/100 cmd 0x170 ctl 0x376 bmdma 0x1818 irq 15
[    1.257760] tun: Universal TUN/TAP device driver, 1.6
[    1.258414] e1000: Intel(R) PRO/1000 Network Driver - version 7.3.21-k8-NAPI
[    1.258416] e1000: Copyright (c) 1999-2006 Intel Corporation.
[    1.258510] e1000e: Intel(R) PRO/1000 Network Driver - 3.2.6-k
[    1.258511] e1000e: Copyright(c) 1999 - 2015 Intel Corporation.
[    1.258573] e1000e 0000:02:00.0: Disabling ASPM  L1
[    1.258577] e1000e 0000:02:00.0: can't disable ASPM; OS doesn't have ASPM control
[    1.259040] e1000e 0000:02:00.0: Interrupt Throttling Rate (ints/sec) set to dynamic conservative mode
[    1.259362] ata6: port disabled--ignoring
[    1.372038] e1000e 0000:02:00.0 eth0: (PCI Express:2.5GT/s:Width x1) 00:16:d3:25:19:04
[    1.372071] e1000e 0000:02:00.0 eth0: Intel(R) PRO/1000 Network Connection
[    1.372150] e1000e 0000:02:00.0 eth0: MAC: 2, PHY: 2, PBA No: 005302-003
[    1.372440] PPP generic driver version 2.4.2
[    1.372715] PPP BSD Compression module registered
[    1.372718] PPP Deflate Compression module registered
[    1.372721] SLIP: version 0.8.4-NET3.019-NEWTTY (dynamic channels, max=256).
[    1.372722] CSLIP: code copyright 1989 Regents of the University of California.
[    1.372818] iwl3945: Intel(R) PRO/Wireless 3945ABG/BG Network Connection driver for Linux, in-tree:ds
[    1.372819] iwl3945: Copyright(c) 2003-2011 Intel Corporation
[    1.372820] iwl3945: hw_scan is disabled
[    1.373131] iwl3945 0000:03:00.0: can't disable ASPM; OS doesn't have ASPM control
[    1.427593] iwl3945 0000:03:00.0: Tunable channels: 11 802.11bg, 13 802.11a channels
[    1.427597] iwl3945 0000:03:00.0: Detected Intel Wireless WiFi Link 3945ABG
[    1.428169] ieee80211 phy0: Selected rate control algorithm 'iwl-3945-rs'
[    1.429702] Intel(R) Wireless WiFi driver for Linux
[    1.429909] usbcore: registered new interface driver ax88179_178a
[    1.429955] usbcore: registered new interface driver cdc_ether
[    1.430002] usbcore: registered new interface driver net1080
[    1.430059] usbcore: registered new interface driver cdc_subset
[    1.430105] usbcore: registered new interface driver zaurus
[    1.430169] usbcore: registered new interface driver cdc_ncm
[    1.430257] pci 0000:00:1e.0: enabling device (0005 -> 0007)
[    1.431693] yenta_cardbus 0000:15:00.0: CardBus bridge found [17aa:201c]
[    1.572061] ata1: SATA link up 1.5 Gbps (SStatus 113 SControl 300)
[    1.680011] ata1.00: ACPI cmd ef/02:00:00:00:00:a0 (SET FEATURES) succeeded
[    1.680015] ata1.00: ACPI cmd f5/00:00:00:00:00:a0 (SECURITY FREEZE LOCK) filtered out
[    1.680019] ata1.00: ACPI cmd ef/10:03:00:00:00:a0 (SET FEATURES) filtered out
[    1.724020] ata1.00: ATA-9: ST1000LM014-1EJ164, SM11, max UDMA/133
[    1.724023] ata1.00: 1953525168 sectors, multi 16: LBA48 NCQ (depth 32), AA
[    1.768708] ata1.00: ACPI cmd ef/02:00:00:00:00:a0 (SET FEATURES) succeeded
[    1.768712] ata1.00: ACPI cmd f5/00:00:00:00:00:a0 (SECURITY FREEZE LOCK) filtered out
[    1.768716] ata1.00: ACPI cmd ef/10:03:00:00:00:a0 (SET FEATURES) filtered out
[    1.812787] ata1.00: configured for UDMA/133
[    1.877027] Console: switching to colour frame buffer device 102x42
[    2.014433] i915 0000:00:02.0: fb0: i915drmfb frame buffer device
[    2.017926] scsi 0:0:0:0: Direct-Access     ATA      ST1000LM014-1EJ1 SM11 PQ: 0 ANSI: 5
[    2.021958] sd 0:0:0:0: Attached scsi generic sg0 type 0
[    2.022232] sd 0:0:0:0: [sda] 1953525168 512-byte logical blocks: (1.00 TB/932 GiB)
[    2.027758] sd 0:0:0:0: [sda] 4096-byte physical blocks
[    2.030702] sd 0:0:0:0: [sda] Write Protect is off
[    2.033541] sd 0:0:0:0: [sda] Mode Sense: 00 3a 00 00
[    2.033662] sd 0:0:0:0: [sda] Write cache: enabled, read cache: enabled, doesn't support DPO or FUA
[    2.039368]  sda: sda1 sda2 sda3 sda4
[    2.044809] sd 0:0:0:0: [sda] Attached SCSI disk
[    2.185480] yenta_cardbus 0000:15:00.0: ISA IRQ mask 0x0cb8, PCI irq 16
[    2.188394] yenta_cardbus 0000:15:00.0: Socket status: 30000006
[    2.191310] yenta_cardbus 0000:15:00.0: pcmcia: parent PCI bridge window: [io  0x9000-0xcfff]
[    2.194239] yenta_cardbus 0000:15:00.0: pcmcia: parent PCI bridge window: [mem 0xe4300000-0xe7ffffff]
[    2.197088] pcmcia_socket pcmcia_socket0: cs: memory probe 0xe4300000-0xe7ffffff:
[    2.199899]  excluding 0xe4300000-0xe46cffff
[    2.202784] yenta_cardbus 0000:15:00.0: pcmcia: parent PCI bridge window: [mem 0xe0000000-0xe3ffffff 64bit pref]
[    2.202789] pcmcia_socket pcmcia_socket0: cs: memory probe 0xe0000000-0xe3ffffff:
[    2.202856]  excluding 0xe0000000-0xe3ffffff
[    2.212893] ehci_hcd: USB 2.0 'Enhanced' Host Controller (EHCI) Driver
[    2.215860] ehci-pci: EHCI PCI platform driver
[    2.219380] ehci-pci 0000:00:1d.7: EHCI Host Controller
[    2.222733] ehci-pci 0000:00:1d.7: new USB bus registered, assigned bus number 1
[    2.225880] ehci-pci 0000:00:1d.7: debug port 1
[    2.232961] ehci-pci 0000:00:1d.7: cache line size of 64 is not supported
[    2.236183] ehci-pci 0000:00:1d.7: irq 19, io mem 0xee444000
[    2.252707] ehci-pci 0000:00:1d.7: USB 2.0 started, EHCI 1.00
[    2.256279] usb usb1: New USB device found, idVendor=1d6b, idProduct=0002, bcdDevice= 5.08
[    2.259569] usb usb1: New USB device strings: Mfr=3, Product=2, SerialNumber=1
[    2.262814] usb usb1: Product: EHCI Host Controller
[    2.265990] usb usb1: Manufacturer: Linux 5.8.0-rc2-next-20200623+ ehci_hcd
[    2.269254] usb usb1: SerialNumber: 0000:00:1d.7
[    2.273332] hub 1-0:1.0: USB hub found
[    2.276509] hub 1-0:1.0: 8 ports detected
[    2.282050] ohci_hcd: USB 1.1 'Open' Host Controller (OHCI) Driver
[    2.285169] ohci-pci: OHCI PCI platform driver
[    2.288271] uhci_hcd: USB Universal Host Controller Interface driver
[    2.291924] uhci_hcd 0000:00:1d.0: UHCI Host Controller
[    2.295304] uhci_hcd 0000:00:1d.0: new USB bus registered, assigned bus number 2
[    2.298410] uhci_hcd 0000:00:1d.0: detected 2 ports
[    2.301439] uhci_hcd 0000:00:1d.0: irq 16, io base 0x00001820
[    2.304685] usb usb2: New USB device found, idVendor=1d6b, idProduct=0001, bcdDevice= 5.08
[    2.307733] usb usb2: New USB device strings: Mfr=3, Product=2, SerialNumber=1
[    2.310811] usb usb2: Product: UHCI Host Controller
[    2.313818] usb usb2: Manufacturer: Linux 5.8.0-rc2-next-20200623+ uhci_hcd
[    2.316826] usb usb2: SerialNumber: 0000:00:1d.0
[    2.320517] hub 2-0:1.0: USB hub found
[    2.323628] hub 2-0:1.0: 2 ports detected
[    2.327804] uhci_hcd 0000:00:1d.1: UHCI Host Controller
[    2.331004] uhci_hcd 0000:00:1d.1: new USB bus registered, assigned bus number 3
[    2.334005] uhci_hcd 0000:00:1d.1: detected 2 ports
[    2.336896] uhci_hcd 0000:00:1d.1: irq 17, io base 0x00001840
[    2.339947] usb usb3: New USB device found, idVendor=1d6b, idProduct=0001, bcdDevice= 5.08
[    2.342808] usb usb3: New USB device strings: Mfr=3, Product=2, SerialNumber=1
[    2.345568] usb usb3: Product: UHCI Host Controller
[    2.348234] usb usb3: Manufacturer: Linux 5.8.0-rc2-next-20200623+ uhci_hcd
[    2.350962] usb usb3: SerialNumber: 0000:00:1d.1
[    2.354419] hub 3-0:1.0: USB hub found
[    2.357135] hub 3-0:1.0: 2 ports detected
[    2.361140] uhci_hcd 0000:00:1d.2: UHCI Host Controller
[    2.364022] uhci_hcd 0000:00:1d.2: new USB bus registered, assigned bus number 4
[    2.366724] uhci_hcd 0000:00:1d.2: detected 2 ports
[    2.369419] uhci_hcd 0000:00:1d.2: irq 18, io base 0x00001860
[    2.372299] usb usb4: New USB device found, idVendor=1d6b, idProduct=0001, bcdDevice= 5.08
[    2.375015] usb usb4: New USB device strings: Mfr=3, Product=2, SerialNumber=1
[    2.377701] usb usb4: Product: UHCI Host Controller
[    2.380311] usb usb4: Manufacturer: Linux 5.8.0-rc2-next-20200623+ uhci_hcd
[    2.382993] usb usb4: SerialNumber: 0000:00:1d.2
[    2.386406] hub 4-0:1.0: USB hub found
[    2.389168] hub 4-0:1.0: 2 ports detected
[    2.393106] uhci_hcd 0000:00:1d.3: UHCI Host Controller
[    2.395982] uhci_hcd 0000:00:1d.3: new USB bus registered, assigned bus number 5
[    2.398667] uhci_hcd 0000:00:1d.3: detected 2 ports
[    2.401327] uhci_hcd 0000:00:1d.3: irq 19, io base 0x00001880
[    2.404140] usb usb5: New USB device found, idVendor=1d6b, idProduct=0001, bcdDevice= 5.08
[    2.406835] usb usb5: New USB device strings: Mfr=3, Product=2, SerialNumber=1
[    2.409508] usb usb5: Product: UHCI Host Controller
[    2.412147] usb usb5: Manufacturer: Linux 5.8.0-rc2-next-20200623+ uhci_hcd
[    2.415114] usb usb5: SerialNumber: 0000:00:1d.3
[    2.418481] hub 5-0:1.0: USB hub found
[    2.421120] hub 5-0:1.0: 2 ports detected
[    2.424720] usbcore: registered new interface driver cdc_acm
[    2.427234] cdc_acm: USB Abstract Control Model driver for USB modems and ISDN adapters
[    2.429951] usbcore: registered new interface driver usblp
[    2.432714] usbcore: registered new interface driver usb-storage
[    2.435377] usbcore: registered new interface driver ums-sddr09
[    2.438102] usbcore: registered new interface driver usbserial_generic
[    2.440706] usbserial: USB Serial support registered for generic
[    2.443325] usbcore: registered new interface driver ch341
[    2.445894] usbserial: USB Serial support registered for ch341-uart
[    2.448477] usbcore: registered new interface driver cp210x
[    2.451032] usbserial: USB Serial support registered for cp210x
[    2.453629] usbcore: registered new interface driver usb_debug
[    2.456170] usbserial: USB Serial support registered for debug
[    2.458738] usbserial: USB Serial support registered for xhci_dbc
[    2.461322] usbcore: registered new interface driver ftdi_sio
[    2.463856] usbserial: USB Serial support registered for FTDI USB Serial Device
[    2.466556] usbcore: registered new interface driver option
[    2.469167] usbserial: USB Serial support registered for GSM modem (1-port)
[    2.471934] usbcore: registered new interface driver pl2303
[    2.474564] usbserial: USB Serial support registered for pl2303
[    2.477233] usbcore: registered new interface driver usb_serial_simple
[    2.479855] usbserial: USB Serial support registered for carelink
[    2.482509] usbserial: USB Serial support registered for zio
[    2.485087] usbserial: USB Serial support registered for funsoft
[    2.487610] usbserial: USB Serial support registered for flashloader
[    2.490150] usbserial: USB Serial support registered for google
[    2.492639] usbserial: USB Serial support registered for libtransistor
[    2.495074] usbserial: USB Serial support registered for vivopay
[    2.497474] usbserial: USB Serial support registered for moto_modem
[    2.499838] usbserial: USB Serial support registered for motorola_tetra
[    2.502138] usbserial: USB Serial support registered for novatel_gps
[    2.504354] usbserial: USB Serial support registered for hp4x
[    2.506517] usbserial: USB Serial support registered for suunto
[    2.508627] usbserial: USB Serial support registered for siemens_mpi
[    2.510689] usbcore: registered new interface driver ti_usb_3410_5052
[    2.512766] usbserial: USB Serial support registered for TI USB 3410 1 port adapter
[    2.514927] usbserial: USB Serial support registered for TI USB 5052 2 port adapter
[    2.517019] ftdi_elan: driver ftdi-elan
[    2.519041] usbcore: registered new interface driver ftdi-elan
[    2.521231] i8042: PNP: PS/2 Controller [PNP0303:KBD,PNP0f13:MOU] at 0x60,0x64 irq 1,12
[    2.533391] serio: i8042 KBD port at 0x60,0x64 irq 1
[    2.535849] serio: i8042 AUX port at 0x60,0x64 irq 12
[    2.538765] mousedev: PS/2 mouse device common for all mice
[    2.542296] input: PC Speaker as /devices/platform/pcspkr/input/input5
[    2.545032] rtc_cmos 00:02: RTC can wake from S4
[    2.548109] rtc_cmos 00:02: registered as rtc0
[    2.550304] rtc_cmos 00:02: setting system clock to 2020-06-23T19:41:26 UTC (1592941286)
[    2.552698] rtc_cmos 00:02: alarms up to one month, y3k, 114 bytes nvram, hpet irqs
[    2.555077] usbcore: registered new interface driver uvcvideo
[    2.557368] USB Video Class driver (1.1.1)
[    2.559836] input: AT Translated Set 2 keyboard as /devices/platform/i8042/serio0/input/input4
[    2.563084] gspca_main: v2.14.0 registered
[    2.565716] usbcore: registered new interface driver sq930x
[    2.569317] device-mapper: ioctl: 4.42.0-ioctl (2020-02-27) initialised: dm-devel@redhat.com
[    2.571681] Bluetooth: HCI UART driver ver 2.3
[    2.574054] Bluetooth: HCI UART protocol H4 registered
[    2.576329] Bluetooth: HCI UART protocol BCSP registered
[    2.578869] usbcore: registered new interface driver btusb
[    2.581164] intel_pstate: CPU model not supported
[    2.583541] sdhci: Secure Digital Host Controller Interface driver
[    2.585933] sdhci: Copyright(c) Pierre Ossman
[    2.588386] sdhci-pci 0000:15:00.2: SDHCI controller found [1180:0822] (rev 18)
[    2.591398] sdhci-pci 0000:15:00.2: Will use DMA mode even though HW doesn't fully claim to support it.
[    2.594511] mmc0 bounce up to 128 segments into one, max segment size 65536 bytes
[    2.597436] sdhci-pci 0000:15:00.2: Will use DMA mode even though HW doesn't fully claim to support it.
[    2.600945] mmc0: SDHCI controller on PCI [0000:15:00.2] using DMA
[    2.604705] hid: raw HID events driver (C) Jiri Kosina
[    2.609300] usbcore: registered new interface driver usbhid
[    2.612604] usbhid: USB HID core driver
[    2.616806] thinkpad_acpi: ThinkPad ACPI Extras v0.26
[    2.619893] thinkpad_acpi: http://ibm-acpi.sf.net/
[    2.623454] thinkpad_acpi: ThinkPad BIOS 7BETD8WW (2.19 ), EC 7BHT40WW-1.13
[    2.626530] thinkpad_acpi: Lenovo ThinkPad X60, model 17097HU
[    2.636858] thinkpad_acpi: ACPI backlight control delay disabled
[    2.640496] thinkpad_acpi: radio switch found; radios are enabled
[    2.643921] thinkpad_acpi: This ThinkPad has standard ACPI backlight brightness control, supported by the ACPI video driver
[    2.650178] thinkpad_acpi: Disabling thinkpad-acpi brightness events by default...
[    2.657534] sdhci-pci 0000:15:00.2: Will use DMA mode even though HW doesn't fully claim to support it.
[    2.666541] thinkpad_acpi: rfkill switch tpacpi_bluetooth_sw: radio is unblocked
[    2.673603] thinkpad_acpi: warning: userspace override of important firmware LEDs is enabled
[    2.682122] thinkpad_acpi: Standard ACPI backlight interface available, not loading native one
[    2.686160] thinkpad_acpi: volume: disabled as there is no ALSA support in this kernel
[    2.690567] thinkpad_acpi: battery 1 registered (start 0, stop 0)
[    2.690587] battery: new extension: ThinkPad Battery Extension
[    2.697807] input: ThinkPad Extra Buttons as /devices/platform/thinkpad_acpi/input/input8
[    2.709281] snd_hda_intel 0000:00:1b.0: probe_mask set to 0x1 for device 17aa:2010
[    2.713517] usbcore: registered new interface driver snd-usb-audio
[    2.717065] sdhci-pci 0000:15:00.2: Will use DMA mode even though HW doesn't fully claim to support it.
[    2.719342] NET: Registered protocol family 17
[    2.724487] Bluetooth: RFCOMM TTY layer initialized
[    2.727999] Bluetooth: RFCOMM socket layer initialized
[    2.731485] Bluetooth: RFCOMM ver 1.11
[    2.734969] Bluetooth: BNEP (Ethernet Emulation) ver 1.3
[    2.738435] Bluetooth: BNEP filters: protocol multicast
[    2.741874] Bluetooth: BNEP socket layer initialized
[    2.745277] Bluetooth: HIDP (Human Interface Emulation) ver 1.2
[    2.748800] Bluetooth: HIDP socket layer initialized
[    2.753481] microcode: sig=0x6e8, pf=0x20, revision=0x39
[    2.757330] microcode: Microcode Update Driver: v2.2.
[    2.757336] IPI shorthand broadcast: enabled
[    2.764489] Loading compiled-in X.509 certificates
[    2.767886] Key type ._fscrypt registered
[    2.771147] Key type .fscrypt registered
[    2.774270] Key type fscrypt-provisioning registered
[    2.779171] Key type encrypted registered
[    2.782418] snd_hda_codec_analog hdaudioC0D0: autoconfig for AD1981: line_outs=1 (0x5/0x0/0x0/0x0/0x0) type:speaker
[    2.789563] snd_hda_codec_analog hdaudioC0D0:    speaker_outs=0 (0x0/0x0/0x0/0x0/0x0)
[    2.792911] snd_hda_codec_analog hdaudioC0D0:    hp_outs=0 (0x0/0x0/0x0/0x0/0x0)
[    2.796109] snd_hda_codec_analog hdaudioC0D0:    mono: mono_out=0x0
[    2.799418] snd_hda_codec_analog hdaudioC0D0:    inputs:
[    2.799485] sdhci-pci 0000:15:00.2: Will use DMA mode even though HW doesn't fully claim to support it.
[    2.802777] snd_hda_codec_analog hdaudioC0D0:      Mic=0x8
[    2.802781] snd_hda_codec_analog hdaudioC0D0:      CD=0x19
[    2.811007] cfg80211: Loading compiled-in X.509 certificates for regulatory database
[    2.818417] cfg80211: Loaded X.509 cert 'sforshee: 00b28ddf47aef9cea7'
[    2.821882] platform regulatory.0: Direct firmware load for regulatory.db failed with error -2
[    2.824929] cfg80211: failed to load regulatory.db
[    2.877392] sdhci-pci 0000:15:00.2: Will use DMA mode even though HW doesn't fully claim to support it.
[    2.920256] PM: Image not found (code -22)
[    2.920300] ALSA device list:
[    2.925581] usb 5-1: new full-speed USB device number 2 using uhci_hcd
[    2.931018]   #0: HDA Intel at 0xee240000 irq 17
[    3.122017] usb 5-1: New USB device found, idVendor=0a5c, idProduct=2110, bcdDevice= 1.00
[    3.127472] usb 5-1: New USB device strings: Mfr=1, Product=2, SerialNumber=0
[    3.132768] usb 5-1: Product: BCM2045B
[    3.137802] usb 5-1: Manufacturer: Broadcom Corp
[    3.172118] psmouse serio1: trackpoint: IBM TrackPoint firmware: 0x0e, buttons: 3/3
[    3.195283] input: TPPS/2 IBM TrackPoint as /devices/platform/i8042/serio1/input/input7
[    3.206007] md: Waiting for all devices to be available before autodetect
[    3.209202] md: If you don't use raid, use raid=noautodetect
[    3.213547] md: Autodetecting RAID arrays.
[    3.217766] md: autorun ...
[    3.221848] md: ... autorun DONE.
[    3.369763] EXT4-fs (sda4): mounted filesystem with ordered data mode. Opts: (null)
[    3.375485] VFS: Mounted root (ext4 filesystem) readonly on device 8:4.
[    3.381837] devtmpfs: mounted
[    3.385916] Freeing unused kernel image (initmem) memory: 672K
[    3.389271] Write protecting kernel text and read-only data: 18772k
[    3.392528] NX-protecting the kernel data: 7076k
[    3.396964] x86/mm: Checked W+X mappings: passed, no W+X pages found.
[    3.400280] rodata_test: all tests were successful
[    3.403745] x86/mm: Checking user space page tables
[    3.407130] x86/mm: Checked W+X mappings: passed, no W+X pages found.
[    3.410337] Run /sbin/init as init process
[    3.413463]   with arguments:
[    3.413466]     /sbin/init
[    3.413468]   with environment:
[    3.413471]     HOME=/
[    3.413473]     TERM=linux
[    3.413476]     BOOT_IMAGE=(hd0,2)/fast/l/linux-next-32/arch/x86/boot/bzImage
[    3.779481] random: systemd: uninitialized urandom read (16 bytes read)
[    3.787485] systemd[1]: systemd 215 running in system mode. (+PAM +AUDIT +SELINUX +IMA +SYSVINIT +LIBCRYPTSETUP +GCRYPT +ACL +XZ -SECCOMP -APPARMOR)
[    3.816896] systemd[1]: Detected architecture 'x86'.
[    3.908632] usb 5-2: new full-speed USB device number 3 using uhci_hcd
[    3.945823] systemd[1]: Failed to insert module 'ipv6'
[    3.951020] systemd[1]: Set hostname to <amd>.
[    4.015366] random: systemd-sysv-ge: uninitialized urandom read (16 bytes read)
[    4.115005] usb 5-2: New USB device found, idVendor=0483, idProduct=2016, bcdDevice= 0.01
[    4.119388] usb 5-2: New USB device strings: Mfr=1, Product=2, SerialNumber=0
[    4.125099] usb 5-2: Product: Biometric Coprocessor
[    4.130673] usb 5-2: Manufacturer: STMicroelectronics
[    4.690083] random: systemd: uninitialized urandom read (16 bytes read)
[    4.786805] urandom_read: 2 callbacks suppressed
[    4.786809] random: systemd: uninitialized urandom read (16 bytes read)
[    4.798092] random: systemd: uninitialized urandom read (16 bytes read)
[    4.801187] random: systemd: uninitialized urandom read (16 bytes read)
[    4.948795] systemd[1]: [/lib/systemd/system/anacron.timer:6] Unknown lvalue 'RandomizedDelaySec' in section 'Timer'
[    5.075009] systemd[1]: Binding to IPv6 address not available since kernel does not support IPv6.
[    5.080616] systemd[1]: [/lib/systemd/system/gpsd.socket:6] Failed to parse address value, ignoring: [::1]:2947
[    5.376334] systemd[1]: Starting User and Group Name Lookups.
[    5.389409] systemd[1]: Reached target User and Group Name Lookups.
[    5.392650] systemd[1]: Starting Forward Password Requests to Wall Directory Watch.
[    5.954055] systemd-udevd[2182]: starting version 215
[    6.245321] random: crng init done
[    6.249134] random: 2 urandom warning(s) missed due to ratelimiting
[    6.784994] EXT4-fs (sda4): re-mounted. Opts: errors=remount-ro
[    7.825934] e1000e 0000:02:00.0 eth1: renamed from eth0
[    7.845010] systemd-udevd[2530]: renamed network interface eth0 to eth1
[    7.981077] BUG: kernel NULL pointer dereference, address: 00000000
[    7.984087] #PF: supervisor read access in kernel mode
[    7.984584] #PF: error_code(0x0000) - not-present page
[    7.984584] *pdpt = 0000000033a31001 *pde = 0000000000000000 
[    7.984584] Oops: 0000 [#1] PREEMPT SMP PTI
[    7.984584] CPU: 1 PID: 2532 Comm: systemd-udevd Not tainted 5.8.0-rc2-next-20200623+ #126
[    7.998580] Hardware name: LENOVO 17097HU/17097HU, BIOS 7BETD8WW (2.19 ) 03/31/2011
[    8.000592] EIP: __queue_work+0x139/0x320
[    8.000592] Code: 90 83 7d f0 08 0f 84 b6 00 00 00 8b 45 ec 8b 9f 04 01 00 00 03 1c 85 40 63 1f c5 89 f0 e8 df f8 ff ff 85 c0 0f 85 4f ff ff ff <8b> 03 e9 50 ff ff ff 89 45 e4 e8 48 0a cb 00 8b 4d e8 8b 45 e4 8b
[    8.007883] EAX: 00000000 EBX: 00000000 ECX: 47d88848 EDX: 03ffffff
[    8.007883] ESI: f4a348bc EDI: f492a600 EBP: f3b1dd0c ESP: f3b1dcf0
[    8.019981] DS: 007b ES: 007b FS: 00d8 GS: 00e0 SS: 0068 EFLAGS: 00010046
[    8.023156] CR0: 80050033 CR2: 00000000 CR3: 33b1e000 CR4: 000006b0
[    8.028892] Call Trace:
[    8.034199]  queue_work_on+0x1d/0x30
[    8.034199]  hci_adv_monitors_clear+0x5c/0x80
[    8.042158]  hci_unregister_dev+0x161/0x2f0
[    8.042158]  ? usb_disable_endpoint+0x94/0xa0
[    8.042158]  btusb_disconnect+0x4b/0x120
[    8.057018]  usb_unbind_interface+0x64/0x230
[    8.057018]  device_release_driver_internal+0xc1/0x180
[    8.065196]  device_release_driver+0xc/0x10
[    8.068040]  bus_remove_device+0xa8/0x110
[    8.071767]  device_del+0x126/0x370
[    8.071767]  ? usb_remove_ep_devs+0x15/0x20
[    8.079199]  ? remove_intf_ep_devs+0x30/0x50
[    8.081371]  usb_disable_device+0x8e/0x240
[    8.087478]  usb_set_configuration+0x47c/0x800
[    8.087478]  usb_deauthorize_device+0x36/0x50
[    8.092662]  authorized_store+0x5d/0x70
[    8.096608]  ? authorized_default_store+0x60/0x60
[    8.096608]  dev_attr_store+0x13/0x20
[    8.096608]  ? component_bind_all.cold+0x52/0x52
[    8.106151]  sysfs_kf_write+0x2f/0x50
[    8.106151]  ? sysfs_file_ops+0x50/0x50
[    8.106151]  kernfs_fop_write+0x105/0x1a0
[    8.106151]  ? kernfs_fop_open+0x3c0/0x3c0
[    8.106151]  __vfs_write+0x2b/0x1e0
[    8.106151]  ? lock_acquire+0x3f/0x70
[    8.106151]  ? vfs_write+0x12a/0x180
[    8.106151]  ? __sb_start_write+0xd6/0x180
[    8.106151]  ? vfs_write+0x12a/0x180
[    8.106151]  vfs_write+0xa1/0x180
[    8.106151]  ksys_write+0x5c/0xd0
[    8.106151]  __ia32_sys_write+0x10/0x20
[    8.106151]  do_syscall_32_irqs_on+0x3a/0xf0
[    8.106151]  do_int80_syscall_32+0x9/0x20
[    8.106151]  entry_INT80_32+0x116/0x116
[    8.106151] EIP: 0xb7f45092
[    8.106151] Code: Bad RIP value.
[    8.146079] EAX: ffffffda EBX: 00000007 ECX: 004fb760 EDX: 00000001
[    8.146079] ESI: 004fb760 EDI: 00000001 EBP: 004c79f0 ESP: bfabc48c
[    8.146079] DS: 007b ES: 007b FS: 0000 GS: 0033 SS: 007b EFLAGS: 00000246
[    8.150364] Modules linked in:
[    8.150364] CR2: 0000000000000000
[    8.150364] ---[ end trace 468d097aaf220284 ]---
[    8.150364] EIP: __queue_work+0x139/0x320
[    8.150364] Code: 90 83 7d f0 08 0f 84 b6 00 00 00 8b 45 ec 8b 9f 04 01 00 00 03 1c 85 40 63 1f c5 89 f0 e8 df f8 ff ff 85 c0 0f 85 4f ff ff ff <8b> 03 e9 50 ff ff ff 89 45 e4 e8 48 0a cb 00 8b 4d e8 8b 45 e4 8b
[    8.150364] EAX: 00000000 EBX: 00000000 ECX: 47d88848 EDX: 03ffffff
[    8.150364] ESI: f4a348bc EDI: f492a600 EBP: f3b1dd0c ESP: f3b1dcf0
[    8.150364] DS: 007b ES: 007b FS: 00d8 GS: 00e0 SS: 0068 EFLAGS: 00010046
[    8.150364] CR0: 80050033 CR2: 00000000 CR3: 33b1e000 CR4: 000006b0
[    9.016637] Adding 2097148k swap on /dev/sda1.  Priority:-2 extents:1 across:2097148k 
[    9.375996] EXT4-fs (sda2): mounted filesystem with ordered data mode. Opts: errors=remount-ro
[   10.766757] systemd-journald[1975]: Received request to flush runtime journal from PID 1
[   20.713064] iwl3945 0000:03:00.0: loaded firmware version 15.32.2.9
[   36.533398] traps: clock-applet[3598] trap int3 ip:b71a1fc0 sp:bfd84c20 error:0 in libglib-2.0.so.0.5000.3[b7155000+12a000]
[   36.598777] traps: mateweather-app[3599] trap int3 ip:b729dfc0 sp:bfa33360 error:0 in libglib-2.0.so.0.5000.3[b7251000+12a000]
[   39.049520] wlan0: authenticate with 5c:f4:ab:10:d2:bb
[   39.049604] wlan0: send auth to 5c:f4:ab:10:d2:bb (try 1/3)
[   39.051474] wlan0: authenticated
[   39.056705] wlan0: associate with 5c:f4:ab:10:d2:bb (try 1/3)
[   39.059410] wlan0: RX AssocResp from 5c:f4:ab:10:d2:bb (capab=0x411 status=0 aid=1)
[   39.060984] wlan0: associated
