[    0.000000] Linux version 5.4.0+ (pavel@amd) (gcc version 4.9.2 (Debian 4.9.2-10+deb8u2)) #72 SMP PREEMPT Tue Nov 26 09:52:18 CET 2019
[    0.000000] Command line: BOOT_IMAGE=(hd1,2)/l/k/o/64/arch/x86/boot/bzImage root=/dev/sdb4 resume=/dev/sda1
[    0.000000] Disabled fast string operations
[    0.000000] x86/fpu: Supporting XSAVE feature 0x001: 'x87 floating point registers'
[    0.000000] x86/fpu: Supporting XSAVE feature 0x002: 'SSE registers'
[    0.000000] x86/fpu: Supporting XSAVE feature 0x004: 'AVX registers'
[    0.000000] x86/fpu: xstate_offset[2]:  576, xstate_sizes[2]:  256
[    0.000000] x86/fpu: Enabled xstate features 0x7, context size is 832 bytes, using 'standard' format.
[    0.000000] BIOS-provided physical RAM map:
[    0.000000] BIOS-e820: [mem 0x0000000000000000-0x000000000009d7ff] usable
[    0.000000] BIOS-e820: [mem 0x000000000009d800-0x000000000009ffff] reserved
[    0.000000] BIOS-e820: [mem 0x00000000000e0000-0x00000000000fffff] reserved
[    0.000000] BIOS-e820: [mem 0x0000000000100000-0x000000001fffffff] usable
[    0.000000] BIOS-e820: [mem 0x0000000020000000-0x00000000201fffff] reserved
[    0.000000] BIOS-e820: [mem 0x0000000020200000-0x000000003fffffff] usable
[    0.000000] BIOS-e820: [mem 0x0000000040000000-0x00000000401fffff] reserved
[    0.000000] BIOS-e820: [mem 0x0000000040200000-0x00000000da99efff] usable
[    0.000000] BIOS-e820: [mem 0x00000000da99f000-0x00000000dae9efff] reserved
[    0.000000] BIOS-e820: [mem 0x00000000dae9f000-0x00000000daf9efff] ACPI NVS
[    0.000000] BIOS-e820: [mem 0x00000000daf9f000-0x00000000daffefff] ACPI data
[    0.000000] BIOS-e820: [mem 0x00000000dafff000-0x00000000daffffff] usable
[    0.000000] BIOS-e820: [mem 0x00000000db000000-0x00000000df9fffff] reserved
[    0.000000] BIOS-e820: [mem 0x00000000f8000000-0x00000000fbffffff] reserved
[    0.000000] BIOS-e820: [mem 0x00000000fec00000-0x00000000fec00fff] reserved
[    0.000000] BIOS-e820: [mem 0x00000000fed08000-0x00000000fed08fff] reserved
[    0.000000] BIOS-e820: [mem 0x00000000fed10000-0x00000000fed19fff] reserved
[    0.000000] BIOS-e820: [mem 0x00000000fed1c000-0x00000000fed1ffff] reserved
[    0.000000] BIOS-e820: [mem 0x00000000fee00000-0x00000000fee00fff] reserved
[    0.000000] BIOS-e820: [mem 0x00000000ffd20000-0x00000000ffffffff] reserved
[    0.000000] BIOS-e820: [mem 0x0000000100000000-0x000000019e5fffff] usable
[    0.000000] BIOS-e820: [mem 0x000000019e600000-0x000000019e7fffff] reserved
[    0.000000] NX (Execute Disable) protection: active
[    0.000000] SMBIOS 2.6 present.
[    0.000000] DMI: LENOVO 42872WU/42872WU, BIOS 8DET74WW (1.44 ) 03/13/2018
[    0.000000] tsc: Fast TSC calibration using PIT
[    0.000000] tsc: Detected 2491.917 MHz processor
[    0.001588] e820: update [mem 0x00000000-0x00000fff] usable ==> reserved
[    0.001591] e820: remove [mem 0x000a0000-0x000fffff] usable
[    0.001598] last_pfn = 0x19e600 max_arch_pfn = 0x400000000
[    0.001604] MTRR default type: uncachable
[    0.001605] MTRR fixed ranges enabled:
[    0.001607]   00000-9FFFF write-back
[    0.001608]   A0000-BFFFF uncachable
[    0.001610]   C0000-FFFFF write-protect
[    0.001611] MTRR variable ranges enabled:
[    0.001613]   0 base 0FFC00000 mask FFFC00000 write-protect
[    0.001615]   1 base 000000000 mask F80000000 write-back
[    0.001616]   2 base 080000000 mask FC0000000 write-back
[    0.001618]   3 base 0C0000000 mask FE0000000 write-back
[    0.001619]   4 base 0DC000000 mask FFC000000 uncachable
[    0.001621]   5 base 0DB000000 mask FFF000000 uncachable
[    0.001622]   6 base 100000000 mask F80000000 write-back
[    0.001624]   7 base 180000000 mask FE0000000 write-back
[    0.001625]   8 base 19F000000 mask FFF000000 uncachable
[    0.001627]   9 base 19E800000 mask FFF800000 uncachable
[    0.002411] x86/PAT: Configuration [0-7]: WB  WC  UC- UC  WB  WP  UC- WT  
[    0.003808] last_pfn = 0xdb000 max_arch_pfn = 0x400000000
[    0.003829] reserving inaccessible SNB gfx pages
[    0.003835] BRK [0x06001000, 0x06001fff] PGTABLE
[    0.003838] BRK [0x06002000, 0x06002fff] PGTABLE
[    0.003839] BRK [0x06003000, 0x06003fff] PGTABLE
[    0.003901] BRK [0x06004000, 0x06004fff] PGTABLE
[    0.004053] BRK [0x06005000, 0x06005fff] PGTABLE
[    0.004321] BRK [0x06006000, 0x06006fff] PGTABLE
[    0.004821] ACPI: Early table checksum verification disabled
[    0.004828] ACPI: RSDP 0x00000000000F00E0 000024 (v02 LENOVO)
[    0.004834] ACPI: XSDT 0x00000000DAFFE120 0000AC (v01 LENOVO TP-8D    00001440 PTEC 00000002)
[    0.004841] ACPI: FACP 0x00000000DAFE7000 0000F4 (v04 LENOVO TP-8D    00001440 PTL  00000002)
[    0.004848] ACPI: DSDT 0x00000000DAFEA000 00FA89 (v01 LENOVO TP-8D    00001440 INTL 20061109)
[    0.004852] ACPI: FACS 0x00000000DAF2D000 000040
[    0.004856] ACPI: FACS 0x00000000DAF2D000 000040
[    0.004860] ACPI: SLIC 0x00000000DAFFD000 000176 (v01 LENOVO TP-8D    00001440 PTEC 00000001)
[    0.004864] ACPI: SSDT 0x00000000DAFFC000 000249 (v01 LENOVO TP-SSDT2 00000200 INTL 20061109)
[    0.004869] ACPI: SSDT 0x00000000DAFFB000 000033 (v01 LENOVO TP-SSDT1 00000100 INTL 20061109)
[    0.004873] ACPI: SSDT 0x00000000DAFFA000 0007D1 (v01 LENOVO SataAhci 00001000 INTL 20061109)
[    0.004877] ACPI: HPET 0x00000000DAFE6000 000038 (v01 LENOVO TP-8D    00001440 PTL  00000002)
[    0.004881] ACPI: APIC 0x00000000DAFE5000 000098 (v01 LENOVO TP-8D    00001440 PTL  00000002)
[    0.004885] ACPI: MCFG 0x00000000DAFE4000 00003C (v01 LENOVO TP-8D    00001440 PTL  00000002)
[    0.004890] ACPI: ECDT 0x00000000DAFE3000 000052 (v01 LENOVO TP-8D    00001440 PTL  00000002)
[    0.004894] ACPI: ASF! 0x00000000DAFE9000 0000A5 (v32 LENOVO TP-8D    00001440 PTL  00000002)
[    0.004898] ACPI: TCPA 0x00000000DAFE2000 000032 (v02 PTL    LENOVO   06040000 LNVO 00000001)
[    0.004902] ACPI: SSDT 0x00000000DAFE1000 000A27 (v01 PmRef  Cpu0Ist  00003000 INTL 20061109)
[    0.004907] ACPI: SSDT 0x00000000DAFE0000 000996 (v01 PmRef  CpuPm    00003000 INTL 20061109)
[    0.004911] ACPI: DMAR 0x00000000DAFDF000 0000E8 (v01 INTEL  SNB      00000001 INTL 00000001)
[    0.004915] ACPI: UEFI 0x00000000DAFDE000 00003E (v01 LENOVO TP-8D    00001440 PTL  00000002)
[    0.004919] ACPI: UEFI 0x00000000DAFDD000 000042 (v01 PTL    COMBUF   00000001 PTL  00000001)
[    0.004924] ACPI: UEFI 0x00000000DAFDC000 000292 (v01 LENOVO TP-8D    00001440 PTL  00000002)
[    0.004932] ACPI: Local APIC address 0xfee00000
[    0.004978] Zone ranges:
[    0.004980]   DMA      [mem 0x0000000000001000-0x0000000000ffffff]
[    0.004983]   DMA32    [mem 0x0000000001000000-0x00000000ffffffff]
[    0.004985]   Normal   [mem 0x0000000100000000-0x000000019e5fffff]
[    0.004988] Movable zone start for each node
[    0.004990] Early memory node ranges
[    0.004992]   node   0: [mem 0x0000000000001000-0x000000000009cfff]
[    0.004994]   node   0: [mem 0x0000000000100000-0x000000001fffffff]
[    0.004996]   node   0: [mem 0x0000000020200000-0x000000003fffffff]
[    0.004998]   node   0: [mem 0x0000000040200000-0x00000000da99efff]
[    0.005000]   node   0: [mem 0x00000000dafff000-0x00000000daffffff]
[    0.005002]   node   0: [mem 0x0000000100000000-0x000000019e5fffff]
[    0.005228] Zeroed struct page in unavailable ranges: 23236 pages
[    0.005230] Initmem setup node 0 [mem 0x0000000000001000-0x000000019e5fffff]
[    0.005233] On node 0 totalpages: 1542972
[    0.005235]   DMA zone: 56 pages used for memmap
[    0.005236]   DMA zone: 156 pages reserved
[    0.005238]   DMA zone: 3996 pages, LIFO batch:0
[    0.005282]   DMA32 zone: 12172 pages used for memmap
[    0.005284]   DMA32 zone: 890272 pages, LIFO batch:63
[    0.015703]   Normal zone: 8869 pages used for memmap
[    0.015707]   Normal zone: 648704 pages, LIFO batch:63
[    0.022592] Reserving Intel graphics memory at [mem 0xdba00000-0xdf9fffff]
[    0.022764] ACPI: PM-Timer IO Port: 0x408
[    0.022768] ACPI: Local APIC address 0xfee00000
[    0.022775] ACPI: LAPIC_NMI (acpi_id[0x00] high edge lint[0x1])
[    0.022777] ACPI: LAPIC_NMI (acpi_id[0x01] high edge lint[0x1])
[    0.022792] IOAPIC[0]: apic_id 2, version 32, address 0xfec00000, GSI 0-23
[    0.022796] ACPI: INT_SRC_OVR (bus 0 bus_irq 0 global_irq 2 dfl dfl)
[    0.022799] ACPI: INT_SRC_OVR (bus 0 bus_irq 9 global_irq 9 high level)
[    0.022802] ACPI: IRQ0 used by override.
[    0.022805] ACPI: IRQ9 used by override.
[    0.022808] Using ACPI (MADT) for SMP configuration information
[    0.022811] ACPI: HPET id: 0x8086a301 base: 0xfed00000
[    0.022816] smpboot: Allowing 8 CPUs, 4 hotplug CPUs
[    0.022845] PM: Registered nosave memory: [mem 0x00000000-0x00000fff]
[    0.022848] PM: Registered nosave memory: [mem 0x0009d000-0x0009dfff]
[    0.022850] PM: Registered nosave memory: [mem 0x0009e000-0x0009ffff]
[    0.022852] PM: Registered nosave memory: [mem 0x000a0000-0x000dffff]
[    0.022854] PM: Registered nosave memory: [mem 0x000e0000-0x000fffff]
[    0.022857] PM: Registered nosave memory: [mem 0x20000000-0x201fffff]
[    0.022860] PM: Registered nosave memory: [mem 0x40000000-0x401fffff]
[    0.022863] PM: Registered nosave memory: [mem 0xda99f000-0xdae9efff]
[    0.022865] PM: Registered nosave memory: [mem 0xdae9f000-0xdaf9efff]
[    0.022866] PM: Registered nosave memory: [mem 0xdaf9f000-0xdaffefff]
[    0.022869] PM: Registered nosave memory: [mem 0xdb000000-0xdf9fffff]
[    0.022871] PM: Registered nosave memory: [mem 0xdfa00000-0xf7ffffff]
[    0.022873] PM: Registered nosave memory: [mem 0xf8000000-0xfbffffff]
[    0.022875] PM: Registered nosave memory: [mem 0xfc000000-0xfebfffff]
[    0.022877] PM: Registered nosave memory: [mem 0xfec00000-0xfec00fff]
[    0.022879] PM: Registered nosave memory: [mem 0xfec01000-0xfed07fff]
[    0.022881] PM: Registered nosave memory: [mem 0xfed08000-0xfed08fff]
[    0.022882] PM: Registered nosave memory: [mem 0xfed09000-0xfed0ffff]
[    0.022884] PM: Registered nosave memory: [mem 0xfed10000-0xfed19fff]
[    0.022886] PM: Registered nosave memory: [mem 0xfed1a000-0xfed1bfff]
[    0.022888] PM: Registered nosave memory: [mem 0xfed1c000-0xfed1ffff]
[    0.022890] PM: Registered nosave memory: [mem 0xfed20000-0xfedfffff]
[    0.022892] PM: Registered nosave memory: [mem 0xfee00000-0xfee00fff]
[    0.022893] PM: Registered nosave memory: [mem 0xfee01000-0xffd1ffff]
[    0.022895] PM: Registered nosave memory: [mem 0xffd20000-0xffffffff]
[    0.022900] [mem 0xdfa00000-0xf7ffffff] available for PCI devices
[    0.022903] clocksource: refined-jiffies: mask: 0xffffffff max_cycles: 0xffffffff, max_idle_ns: 7645519600211568 ns
[    0.022912] setup_percpu: NR_CPUS:8 nr_cpumask_bits:8 nr_cpu_ids:8 nr_node_ids:1
[    0.024673] percpu: Embedded 59 pages/cpu s203784 r8192 d29688 u262144
[    0.024683] pcpu-alloc: s203784 r8192 d29688 u262144 alloc=1*2097152
[    0.024685] pcpu-alloc: [0] 0 1 2 3 4 5 6 7 
[    0.024712] Built 1 zonelists, mobility grouping on.  Total pages: 1521719
[    0.024716] Kernel command line: BOOT_IMAGE=(hd1,2)/l/k/o/64/arch/x86/boot/bzImage root=/dev/sdb4 resume=/dev/sda1
[    0.028581] Dentry cache hash table entries: 1048576 (order: 11, 8388608 bytes, linear)
[    0.030488] Inode-cache hash table entries: 524288 (order: 10, 4194304 bytes, linear)
[    0.030579] mem auto-init: stack:off, heap alloc:off, heap free:off
[    0.295235] Memory: 5970220K/6171888K available (16388K kernel code, 1146K rwdata, 5448K rodata, 1076K init, 5780K bss, 201668K reserved, 0K cma-reserved)
[    0.295260] random: get_random_u32 called from cache_alloc_refill+0x784/0xca0 with crng_init=0
[    0.295899] Kernel/User page tables isolation: enabled
[    0.296075] rcu: Preemptible hierarchical RCU implementation.
[    0.296078] 	Tasks RCU enabled.
[    0.296080] rcu: RCU calculated value of scheduler-enlistment delay is 25 jiffies.
[    0.296110] NR_IRQS: 4352, nr_irqs: 104, preallocated irqs: 16
[    0.298086] Console: colour VGA+ 80x25
[    0.306926] printk: console [tty0] enabled
[    0.306986] Lock dependency validator: Copyright (c) 2006 Red Hat, Inc., Ingo Molnar
[    0.307058] ... MAX_LOCKDEP_SUBCLASSES:  8
[    0.307117] ... MAX_LOCK_DEPTH:          48
[    0.307177] ... MAX_LOCKDEP_KEYS:        8192
[    0.307237] ... CLASSHASH_SIZE:          4096
[    0.307297] ... MAX_LOCKDEP_ENTRIES:     32768
[    0.307358] ... MAX_LOCKDEP_CHAINS:      65536
[    0.307418] ... CHAINHASH_SIZE:          32768
[    0.307479]  memory used by lock dependency info: 3509 kB
[    0.307543]  per task-struct memory footprint: 1920 bytes
[    0.307612] ACPI: Core revision 20190816
[    0.307950] clocksource: hpet: mask: 0xffffffff max_cycles: 0xffffffff, max_idle_ns: 133484882848 ns
[    0.308061] APIC: Switch to symmetric I/O mode setup
[    0.308579] ..TIMER: vector=0x30 apic1=0 pin1=2 apic2=-1 pin2=-1
[    0.328060] clocksource: tsc-early: mask: 0xffffffffffffffff max_cycles: 0x23eb666371d, max_idle_ns: 440795326719 ns
[    0.328159] Calibrating delay loop (skipped), value calculated using timer frequency.. 4983.83 BogoMIPS (lpj=9967668)
[    0.328255] pid_max: default: 32768 minimum: 301
[    0.328469] Mount-cache hash table entries: 16384 (order: 5, 131072 bytes, linear)
[    0.328558] Mountpoint-cache hash table entries: 16384 (order: 5, 131072 bytes, linear)
[    0.328685] *** VALIDATE tmpfs ***
[    0.329042] *** VALIDATE proc ***
[    0.329158] *** VALIDATE cgroup1 ***
[    0.329217] *** VALIDATE cgroup2 ***
[    0.329306] Disabled fast string operations
[    0.329377] process: using mwait in idle threads
[    0.329441] Last level iTLB entries: 4KB 512, 2MB 8, 4MB 8
[    0.329506] Last level dTLB entries: 4KB 512, 2MB 32, 4MB 32, 1GB 0
[    0.329575] Spectre V1 : Mitigation: usercopy/swapgs barriers and __user pointer sanitization
[    0.329664] Spectre V2 : Mitigation: Full generic retpoline
[    0.329729] Spectre V2 : Spectre v2 / SpectreRSB mitigation: Filling RSB on context switch
[    0.329804] Spectre V2 : Enabling Restricted Speculation for firmware calls
[    0.329874] Spectre V2 : mitigation: Enabling conditional Indirect Branch Prediction Barrier
[    0.329950] Spectre V2 : User space: Mitigation: STIBP via prctl
[    0.330016] Speculative Store Bypass: Vulnerable
[    0.330565] MDS: Vulnerable: Clear CPU buffers attempted, no microcode
[    0.330783] Freeing SMP alternatives memory: 44K
[    0.331910] TSC deadline timer enabled
[    0.331915] smpboot: CPU0: Intel(R) Core(TM) i5-2520M CPU @ 2.50GHz (family: 0x6, model: 0x2a, stepping: 0x7)
[    0.352225] Performance Events: PEBS fmt1+, SandyBridge events, 16-deep LBR, full-width counters, Intel PMU driver.
[    0.352354] ... version:                3
[    0.352414] ... bit width:              48
[    0.352474] ... generic registers:      4
[    0.352534] ... value mask:             0000ffffffffffff
[    0.352599] ... max period:             00007fffffffffff
[    0.352664] ... fixed-purpose events:   3
[    0.352724] ... event mask:             000000070000000f
[    0.360178] rcu: Hierarchical SRCU implementation.
[    0.372498] NMI watchdog: Enabled. Permanently consumes one hw-PMU counter.
[    0.380204] smp: Bringing up secondary CPUs ...
[    0.412542] x86: Booting SMP configuration:
[    0.412608] .... node  #0, CPUs:      #1
[    0.015809] Disabled fast string operations
[    0.414955] MDS CPU bug present and SMT on, data leak possible. See https://www.kernel.org/doc/html/latest/admin-guide/hw-vuln/mds.html for more details.
[    0.444537]  #2
[    0.015809] Disabled fast string operations
[    0.476538]  #3
[    0.015809] Disabled fast string operations
[    0.478821] smp: Brought up 1 node, 4 CPUs
[    0.478821] smpboot: Max logical packages: 2
[    0.478821] smpboot: Total of 4 processors activated (19935.33 BogoMIPS)
[    0.480494] devtmpfs: initialized
[    0.480494] PM: Registering ACPI NVS region [mem 0xdae9f000-0xdaf9efff] (1048576 bytes)
[    0.480738] clocksource: jiffies: mask: 0xffffffff max_cycles: 0xffffffff, max_idle_ns: 7645041785100000 ns
[    0.480738] futex hash table entries: 2048 (order: 6, 262144 bytes, linear)
[    0.480843] NET: Registered protocol family 16
[    0.481815] cpuidle: using governor ladder
[    0.481815] cpuidle: using governor menu
[    0.481815] ACPI FADT declares the system doesn't support PCIe ASPM, so disable it
[    0.481815] ACPI: bus type PCI registered
[    0.481815] PCI: MMCONFIG for domain 0000 [bus 00-3f] at [mem 0xf8000000-0xfbffffff] (base 0xf8000000)
[    0.481815] PCI: MMCONFIG at [mem 0xf8000000-0xfbffffff] reserved in E820
[    0.481815] PCI: Using configuration type 1 for base access
[    0.481815] core: PMU erratum BJ122, BV98, HSD29 worked around, HT is on
[    0.484232] ENERGY_PERF_BIAS: Set to 'normal', was 'performance'
[    0.517259] ACPI: Added _OSI(Module Device)
[    0.517259] ACPI: Added _OSI(Processor Device)
[    0.517259] ACPI: Added _OSI(3.0 _SCP Extensions)
[    0.517259] ACPI: Added _OSI(Processor Aggregator Device)
[    0.517259] ACPI: Added _OSI(Linux-Dell-Video)
[    0.517259] ACPI: Added _OSI(Linux-Lenovo-NV-HDMI-Audio)
[    0.517259] ACPI: Added _OSI(Linux-HPI-Hybrid-Graphics)
[    0.558199] ACPI: 6 ACPI AML tables successfully acquired and loaded
[    0.560815] ACPI: EC: EC started
[    0.560875] ACPI: EC: interrupt blocked
[    0.563525] ACPI: \: Used as first EC
[    0.563586] ACPI: \: GPE=0x11, EC_CMD/EC_SC=0x66, EC_DATA=0x62
[    0.563654] ACPI: EC: Boot ECDT EC used to handle transactions
[    0.564289] ACPI: [Firmware Bug]: BIOS _OSI(Linux) query ignored
[    0.574438] ACPI: Dynamic OEM Table Load:
[    0.574512] ACPI: SSDT 0xFFFF888197246000 0008C0 (v01 PmRef  Cpu0Cst  00003001 INTL 20061109)
[    0.577328] ACPI: Dynamic OEM Table Load:
[    0.577400] ACPI: SSDT 0xFFFF8881973D2000 000303 (v01 PmRef  ApIst    00003000 INTL 20061109)
[    0.579678] ACPI: Dynamic OEM Table Load:
[    0.579748] ACPI: SSDT 0xFFFF888197B71000 000119 (v01 PmRef  ApCst    00003000 INTL 20061109)
[    0.583675] ACPI: Interpreter enabled
[    0.583780] ACPI: (supports S0 S3 S4 S5)
[    0.583844] ACPI: Using IOAPIC for interrupt routing
[    0.584160] PCI: Using host bridge windows from ACPI; if necessary, use "pci=nocrs" and report a bug
[    0.584814] ACPI: Enabled 6 GPEs in block 00 to 3F
[    0.596582] ACPI: Power Resource [PUBS] (on)
[    0.597175] acpi PNP0C0A:01: ACPI dock station (docks/bays count: 1)
[    0.601210] acpi LNXIOBAY:00: ACPI dock station (docks/bays count: 2)
[    0.607342] acpi IBM0079:00: ACPI dock station (docks/bays count: 3)
[    0.609245] ACPI: PCI Interrupt Link [LNKA] (IRQs 3 4 5 6 7 9 10 *11)
[    0.609688] ACPI: PCI Interrupt Link [LNKB] (IRQs 3 4 5 6 7 9 10 *11)
[    0.610131] ACPI: PCI Interrupt Link [LNKC] (IRQs 3 4 5 6 7 9 10 *11)
[    0.610570] ACPI: PCI Interrupt Link [LNKD] (IRQs 3 4 5 6 7 9 *10 11)
[    0.611008] ACPI: PCI Interrupt Link [LNKE] (IRQs 3 4 5 6 *7 9 10 11)
[    0.611350] ACPI: PCI Interrupt Link [LNKF] (IRQs 3 4 5 6 7 9 10 11) *0, disabled.
[    0.611794] ACPI: PCI Interrupt Link [LNKG] (IRQs 3 4 5 6 *7 9 10 11)
[    0.612258] ACPI: PCI Interrupt Link [LNKH] (IRQs 3 4 5 6 7 9 *10 11)
[    0.612564] ACPI: PCI Root Bridge [PCI0] (domain 0000 [bus 00-fe])
[    0.612640] acpi PNP0A08:00: _OSC: OS supports [ExtendedConfig ASPM ClockPM Segments HPX-Type3]
[    0.613154] acpi PNP0A08:00: _OSC: not requesting OS control; OS requires [ExtendedConfig ASPM ClockPM MSI]
[    0.613257] acpi PNP0A08:00: [Firmware Info]: MMCONFIG for domain 0000 [bus 00-3f] only partially covers this bridge
[    0.613486] PCI host bridge to bus 0000:00
[    0.613550] pci_bus 0000:00: root bus resource [io  0x0000-0x0cf7 window]
[    0.613624] pci_bus 0000:00: root bus resource [io  0x0d00-0xffff window]
[    0.613697] pci_bus 0000:00: root bus resource [mem 0x000a0000-0x000bffff window]
[    0.613773] pci_bus 0000:00: root bus resource [mem 0xdfa00000-0xfebfffff window]
[    0.613849] pci_bus 0000:00: root bus resource [mem 0xfed40000-0xfed4bfff window]
[    0.613925] pci_bus 0000:00: root bus resource [bus 00-fe]
[    0.614018] pci 0000:00:00.0: [8086:0104] type 00 class 0x060000
[    0.614313] pci 0000:00:02.0: [8086:0126] type 00 class 0x030000
[    0.614396] pci 0000:00:02.0: reg 0x10: [mem 0xf0000000-0xf03fffff 64bit]
[    0.614474] pci 0000:00:02.0: reg 0x18: [mem 0xe0000000-0xefffffff 64bit pref]
[    0.614553] pci 0000:00:02.0: reg 0x20: [io  0x5000-0x503f]
[    0.614941] pci 0000:00:16.0: [8086:1c3a] type 00 class 0x078000
[    0.615042] pci 0000:00:16.0: reg 0x10: [mem 0xf2525000-0xf252500f 64bit]
[    0.615211] pci 0000:00:16.0: PME# supported from D0 D3hot D3cold
[    0.616162] pci 0000:00:19.0: [8086:1502] type 00 class 0x020000
[    0.616162] pci 0000:00:19.0: reg 0x10: [mem 0xf2500000-0xf251ffff]
[    0.616162] pci 0000:00:19.0: reg 0x14: [mem 0xf252b000-0xf252bfff]
[    0.616162] pci 0000:00:19.0: reg 0x18: [io  0x5080-0x509f]
[    0.616162] pci 0000:00:19.0: PME# supported from D0 D3hot D3cold
[    0.616241] pci 0000:00:1a.0: [8086:1c2d] type 00 class 0x0c0320
[    0.616355] pci 0000:00:1a.0: reg 0x10: [mem 0xf252a000-0xf252a3ff]
[    0.616540] pci 0000:00:1a.0: PME# supported from D0 D3hot D3cold
[    0.616906] pci 0000:00:1b.0: [8086:1c20] type 00 class 0x040300
[    0.617026] pci 0000:00:1b.0: reg 0x10: [mem 0xf2520000-0xf2523fff 64bit]
[    0.617213] pci 0000:00:1b.0: PME# supported from D0 D3hot D3cold
[    0.617546] pci 0000:00:1c.0: [8086:1c10] type 01 class 0x060400
[    0.617774] pci 0000:00:1c.0: PME# supported from D0 D3hot D3cold
[    0.618123] pci 0000:00:1c.1: [8086:1c12] type 01 class 0x060400
[    0.618361] pci 0000:00:1c.1: PME# supported from D0 D3hot D3cold
[    0.618712] pci 0000:00:1c.3: [8086:1c16] type 01 class 0x060400
[    0.618948] pci 0000:00:1c.3: PME# supported from D0 D3hot D3cold
[    0.619294] pci 0000:00:1c.4: [8086:1c18] type 01 class 0x060400
[    0.619530] pci 0000:00:1c.4: PME# supported from D0 D3hot D3cold
[    0.620197] pci 0000:00:1d.0: [8086:1c26] type 00 class 0x0c0320
[    0.620197] pci 0000:00:1d.0: reg 0x10: [mem 0xf2529000-0xf25293ff]
[    0.620197] pci 0000:00:1d.0: PME# supported from D0 D3hot D3cold
[    0.620507] pci 0000:00:1f.0: [8086:1c4f] type 00 class 0x060100
[    0.620948] pci 0000:00:1f.2: [8086:1c03] type 00 class 0x010601
[    0.621045] pci 0000:00:1f.2: reg 0x10: [io  0x50a8-0x50af]
[    0.621122] pci 0000:00:1f.2: reg 0x14: [io  0x50bc-0x50bf]
[    0.621199] pci 0000:00:1f.2: reg 0x18: [io  0x50a0-0x50a7]
[    0.621276] pci 0000:00:1f.2: reg 0x1c: [io  0x50b8-0x50bb]
[    0.621353] pci 0000:00:1f.2: reg 0x20: [io  0x5060-0x507f]
[    0.621431] pci 0000:00:1f.2: reg 0x24: [mem 0xf2528000-0xf25287ff]
[    0.621563] pci 0000:00:1f.2: PME# supported from D3hot
[    0.621878] pci 0000:00:1f.3: [8086:1c22] type 00 class 0x0c0500
[    0.621976] pci 0000:00:1f.3: reg 0x10: [mem 0xf2524000-0xf25240ff 64bit]
[    0.622076] pci 0000:00:1f.3: reg 0x20: [io  0xefa0-0xefbf]
[    0.622491] pci 0000:00:1c.0: PCI bridge to [bus 02]
[    0.622860] pci 0000:03:00.0: [8086:0084] type 00 class 0x028000
[    0.623261] pci 0000:03:00.0: reg 0x10: [mem 0xf2400000-0xf2401fff 64bit]
[    0.624379] pci 0000:03:00.0: PME# supported from D0 D3hot D3cold
[    0.625130] pci 0000:00:1c.1: PCI bridge to [bus 03]
[    0.625204] pci 0000:00:1c.1:   bridge window [mem 0xf2400000-0xf24fffff]
[    0.625381] pci 0000:00:1c.3: PCI bridge to [bus 05-0c]
[    0.625452] pci 0000:00:1c.3:   bridge window [io  0x4000-0x4fff]
[    0.625526] pci 0000:00:1c.3:   bridge window [mem 0xf1c00000-0xf23fffff]
[    0.625606] pci 0000:00:1c.3:   bridge window [mem 0xf0400000-0xf0bfffff 64bit pref]
[    0.625985] pci 0000:0d:00.0: [1180:e822] type 00 class 0x088001
[    0.626264] pci 0000:0d:00.0: MMC controller base frequency changed to 50Mhz.
[    0.626555] pci 0000:0d:00.0: reg 0x10: [mem 0xf1400000-0xf14000ff]
[    0.627091] pci 0000:0d:00.0: supports D1 D2
[    0.627154] pci 0000:0d:00.0: PME# supported from D0 D1 D2 D3hot D3cold
[    0.628224] pci 0000:00:1c.4: PCI bridge to [bus 0d]
[    0.628224] pci 0000:00:1c.4:   bridge window [io  0x3000-0x3fff]
[    0.628224] pci 0000:00:1c.4:   bridge window [mem 0xf1400000-0xf1bfffff]
[    0.628224] pci 0000:00:1c.4:   bridge window [mem 0xf0c00000-0xf13fffff 64bit pref]
[    0.628224] pci_bus 0000:00: on NUMA node 0
[    0.631059] ACPI: EC: interrupt unblocked
[    0.631134] ACPI: EC: event unblocked
[    0.631203] ACPI: \_SB_.PCI0.LPC_.EC__: GPE=0x11, EC_CMD/EC_SC=0x66, EC_DATA=0x62
[    0.631281] ACPI: \_SB_.PCI0.LPC_.EC__: Boot DSDT EC used to handle transactions and events
[    0.632329] pci 0000:00:02.0: vgaarb: setting as boot VGA device
[    0.632329] pci 0000:00:02.0: vgaarb: VGA device added: decodes=io+mem,owns=io+mem,locks=none
[    0.632365] pci 0000:00:02.0: vgaarb: bridge control possible
[    0.632432] vgaarb: loaded
[    0.632892] SCSI subsystem initialized
[    0.632999] libata version 3.00 loaded.
[    0.632999] ACPI: bus type USB registered
[    0.632999] usbcore: registered new interface driver usbfs
[    0.632999] usbcore: registered new interface driver hub
[    0.632999] usbcore: registered new device driver usb
[    0.632999] mc: Linux media interface: v0.10
[    0.633047] videodev: Linux video capture interface: v2.00
[    0.633162] pps_core: LinuxPPS API ver. 1 registered
[    0.633231] pps_core: Software ver. 5.3.6 - Copyright 2005-2007 Rodolfo Giometti <giometti@linux.it>
[    0.633338] PTP clock support registered
[    0.634030] EDAC MC: Ver: 3.0.0
[    0.634030] Advanced Linux Sound Architecture Driver Initialized.
[    0.634030] PCI: Using ACPI for IRQ routing
[    0.637364] PCI: pci_cache_line_size set to 64 bytes
[    0.637784] e820: reserve RAM buffer [mem 0x0009d800-0x0009ffff]
[    0.637787] e820: reserve RAM buffer [mem 0xda99f000-0xdbffffff]
[    0.637789] e820: reserve RAM buffer [mem 0xdb000000-0xdbffffff]
[    0.637791] e820: reserve RAM buffer [mem 0x19e600000-0x19fffffff]
[    0.638168] Bluetooth: Core ver 2.22
[    0.638263] NET: Registered protocol family 31
[    0.638332] Bluetooth: HCI device and connection manager initialized
[    0.638408] Bluetooth: HCI socket layer initialized
[    0.638474] Bluetooth: L2CAP socket layer initialized
[    0.638550] Bluetooth: SCO socket layer initialized
[    0.638709] clocksource: Switched to clocksource tsc-early
[    0.638709] *** VALIDATE ramfs ***
[    0.638709] pnp: PnP ACPI init
[    0.638709] system 00:00: [mem 0x00000000-0x0009ffff] could not be reserved
[    0.638709] system 00:00: [mem 0x000c0000-0x000c3fff] could not be reserved
[    0.638709] system 00:00: [mem 0x000c4000-0x000c7fff] could not be reserved
[    0.638709] system 00:00: [mem 0x000c8000-0x000cbfff] has been reserved
[    0.638709] system 00:00: [mem 0x000cc000-0x000cffff] has been reserved
[    0.638709] system 00:00: [mem 0x000d0000-0x000d3fff] has been reserved
[    0.638709] system 00:00: [mem 0x000d4000-0x000d7fff] has been reserved
[    0.638709] system 00:00: [mem 0x000d8000-0x000dbfff] has been reserved
[    0.638709] system 00:00: [mem 0x000dc000-0x000dffff] has been reserved
[    0.638771] system 00:00: [mem 0x000e0000-0x000e3fff] could not be reserved
[    0.638846] system 00:00: [mem 0x000e4000-0x000e7fff] could not be reserved
[    0.638921] system 00:00: [mem 0x000e8000-0x000ebfff] could not be reserved
[    0.638996] system 00:00: [mem 0x000ec000-0x000effff] could not be reserved
[    0.639071] system 00:00: [mem 0x000f0000-0x000fffff] could not be reserved
[    0.639146] system 00:00: [mem 0x00100000-0xdf9fffff] could not be reserved
[    0.639221] system 00:00: [mem 0xfec00000-0xfed3ffff] could not be reserved
[    0.639296] system 00:00: [mem 0xfed4c000-0xffffffff] could not be reserved
[    0.639397] system 00:00: Plug and Play ACPI device, IDs PNP0c01 (active)
[    0.639704] system 00:01: [io  0x0400-0x047f] has been reserved
[    0.639785] system 00:01: [io  0x0500-0x057f] has been reserved
[    0.639856] system 00:01: [io  0x0800-0x080f] has been reserved
[    0.639927] system 00:01: [io  0x15e0-0x15ef] has been reserved
[    0.639998] system 00:01: [io  0x1600-0x167f] has been reserved
[    0.640069] system 00:01: [mem 0xf8000000-0xfbffffff] has been reserved
[    0.640143] system 00:01: [mem 0x00000000-0x00000fff] could not be reserved
[    0.640218] system 00:01: [mem 0xfed1c000-0xfed1ffff] has been reserved
[    0.640294] system 00:01: [mem 0xfed10000-0xfed13fff] has been reserved
[    0.640368] system 00:01: [mem 0xfed18000-0xfed18fff] has been reserved
[    0.640441] system 00:01: [mem 0xfed19000-0xfed19fff] has been reserved
[    0.640514] system 00:01: [mem 0xfed45000-0xfed4bfff] has been reserved
[    0.640607] system 00:01: Plug and Play ACPI device, IDs PNP0c02 (active)
[    0.640784] pnp 00:02: Plug and Play ACPI device, IDs PNP0b00 (active)
[    0.640874] pnp 00:03: Plug and Play ACPI device, IDs PNP0303 (active)
[    0.640963] pnp 00:04: Plug and Play ACPI device, IDs LEN0020 PNP0f13 (active)
[    0.641133] pnp 00:05: Plug and Play ACPI device, IDs SMO1200 PNP0c31 (active)
[    0.642392] pnp: PnP ACPI: found 6 devices
[    0.649309] thermal_sys: Registered thermal governor 'step_wise'
[    0.653869] clocksource: acpi_pm: mask: 0xffffff max_cycles: 0xffffff, max_idle_ns: 2085701024 ns
[    0.654038] pci 0000:00:1c.0: bridge window [io  0x1000-0x0fff] to [bus 02] add_size 1000
[    0.654116] pci 0000:00:1c.0: bridge window [mem 0x00100000-0x000fffff 64bit pref] to [bus 02] add_size 200000 add_align 100000
[    0.654216] pci 0000:00:1c.0: bridge window [mem 0x00100000-0x000fffff] to [bus 02] add_size 200000 add_align 100000
[    0.654322] pci 0000:00:1c.0: BAR 8: assigned [mem 0xdfa00000-0xdfbfffff]
[    0.654397] pci 0000:00:1c.0: BAR 9: assigned [mem 0xdfc00000-0xdfdfffff 64bit pref]
[    0.654474] pci 0000:00:1c.0: BAR 7: assigned [io  0x2000-0x2fff]
[    0.654546] pci 0000:00:1c.0: PCI bridge to [bus 02]
[    0.654613] pci 0000:00:1c.0:   bridge window [io  0x2000-0x2fff]
[    0.654688] pci 0000:00:1c.0:   bridge window [mem 0xdfa00000-0xdfbfffff]
[    0.654763] pci 0000:00:1c.0:   bridge window [mem 0xdfc00000-0xdfdfffff 64bit pref]
[    0.654844] pci 0000:00:1c.1: PCI bridge to [bus 03]
[    0.654914] pci 0000:00:1c.1:   bridge window [mem 0xf2400000-0xf24fffff]
[    0.654996] pci 0000:00:1c.3: PCI bridge to [bus 05-0c]
[    0.655063] pci 0000:00:1c.3:   bridge window [io  0x4000-0x4fff]
[    0.655137] pci 0000:00:1c.3:   bridge window [mem 0xf1c00000-0xf23fffff]
[    0.655211] pci 0000:00:1c.3:   bridge window [mem 0xf0400000-0xf0bfffff 64bit pref]
[    0.655293] pci 0000:00:1c.4: PCI bridge to [bus 0d]
[    0.655359] pci 0000:00:1c.4:   bridge window [io  0x3000-0x3fff]
[    0.655433] pci 0000:00:1c.4:   bridge window [mem 0xf1400000-0xf1bfffff]
[    0.655507] pci 0000:00:1c.4:   bridge window [mem 0xf0c00000-0xf13fffff 64bit pref]
[    0.655590] pci_bus 0000:00: resource 4 [io  0x0000-0x0cf7 window]
[    0.655658] pci_bus 0000:00: resource 5 [io  0x0d00-0xffff window]
[    0.655727] pci_bus 0000:00: resource 6 [mem 0x000a0000-0x000bffff window]
[    0.655798] pci_bus 0000:00: resource 7 [mem 0xdfa00000-0xfebfffff window]
[    0.655869] pci_bus 0000:00: resource 8 [mem 0xfed40000-0xfed4bfff window]
[    0.655940] pci_bus 0000:02: resource 0 [io  0x2000-0x2fff]
[    0.656006] pci_bus 0000:02: resource 1 [mem 0xdfa00000-0xdfbfffff]
[    0.656075] pci_bus 0000:02: resource 2 [mem 0xdfc00000-0xdfdfffff 64bit pref]
[    0.656147] pci_bus 0000:03: resource 1 [mem 0xf2400000-0xf24fffff]
[    0.656229] pci_bus 0000:05: resource 0 [io  0x4000-0x4fff]
[    0.656295] pci_bus 0000:05: resource 1 [mem 0xf1c00000-0xf23fffff]
[    0.656364] pci_bus 0000:05: resource 2 [mem 0xf0400000-0xf0bfffff 64bit pref]
[    0.656437] pci_bus 0000:0d: resource 0 [io  0x3000-0x3fff]
[    0.656503] pci_bus 0000:0d: resource 1 [mem 0xf1400000-0xf1bfffff]
[    0.656571] pci_bus 0000:0d: resource 2 [mem 0xf0c00000-0xf13fffff 64bit pref]
[    0.656914] NET: Registered protocol family 2
[    0.657333] tcp_listen_portaddr_hash hash table entries: 4096 (order: 6, 294912 bytes, linear)
[    0.657570] TCP established hash table entries: 65536 (order: 7, 524288 bytes, linear)
[    0.657745] TCP bind hash table entries: 65536 (order: 10, 4194304 bytes, linear)
[    0.659792] TCP: Hash tables configured (established 65536 bind 65536)
[    0.660219] UDP hash table entries: 4096 (order: 7, 655360 bytes, linear)
[    0.660598] UDP-Lite hash table entries: 4096 (order: 7, 655360 bytes, linear)
[    0.661062] NET: Registered protocol family 1
[    0.661480] RPC: Registered named UNIX socket transport module.
[    0.661551] RPC: Registered udp transport module.
[    0.661616] RPC: Registered tcp transport module.
[    0.661680] RPC: Registered tcp NFSv4.1 backchannel transport module.
[    0.662015] pci 0000:00:02.0: Video device with shadowed ROM at [mem 0x000c0000-0x000dffff]
[    0.663071] PCI: CLS 64 bytes, default 64
[    0.663197] PCI-DMA: Using software bounce buffering for IO (SWIOTLB)
[    0.663267] software IO TLB: mapped [mem 0xd699f000-0xda99f000] (64MB)
[    0.667307] Initialise system trusted keyrings
[    0.667482] workingset: timestamp_bits=62 max_order=21 bucket_order=0
[    0.668826] Installing knfsd (copyright (C) 1996 okir@monad.swb.de).
[    0.669636] ntfs: driver 2.1.32 [Flags: R/W].
[    0.669819] fuse: init (API version 7.31)
[    0.669887] *** VALIDATE fuse ***
[    0.669946] *** VALIDATE fuse ***
[    0.674638] Key type asymmetric registered
[    0.674706] Asymmetric key parser 'x509' registered
[    0.674798] Block layer SCSI generic (bsg) driver version 0.4 loaded (major 249)
[    0.674885] io scheduler mq-deadline registered
[    0.674972] io scheduler bfq registered
[    0.675269] pcieport 0000:00:1c.0: enabling device (0000 -> 0003)
[    0.676984] intel_idle: MWAIT substates: 0x21120
[    0.676987] intel_idle: v0.4.1 model 0x2A
[    0.677709] intel_idle: lapic_timer_reliable_states 0xffffffff
[    0.678109] ACPI: Deprecated procfs I/F for AC is loaded, please retry with CONFIG_ACPI_PROCFS_POWER cleared
[    0.678499] ACPI: AC Adapter [AC] (on-line)
[    0.678770] input: Lid Switch as /devices/LNXSYSTM:00/LNXSYBUS:00/PNP0C0D:00/input/input0
[    0.679095] ACPI: Lid Switch [LID]
[    0.679254] input: Sleep Button as /devices/LNXSYSTM:00/LNXSYBUS:00/PNP0C0E:00/input/input1
[    0.679456] ACPI: Sleep Button [SLPB]
[    0.679666] input: Power Button as /devices/LNXSYSTM:00/LNXPWRBN:00/input/input2
[    0.679881] ACPI: Power Button [PWRF]
[    0.683401] thermal LNXTHERM:00: registered as thermal_zone0
[    0.683472] ACPI: Thermal Zone [THM0] (60 C)
[    0.683878] Serial: 8250/16550 driver, 4 ports, IRQ sharing disabled
[    0.684003] battery: ACPI: Deprecated procfs I/F for battery is loaded, please retry with CONFIG_ACPI_PROCFS_POWER cleared
[    0.684131] battery: ACPI: Battery Slot [BAT0] (battery absent)
[    0.685284] lp: driver loaded but no devices found
[    0.685435] Non-volatile memory driver v1.3
[    0.685704] Linux agpgart interface v0.103
[    0.686071] [drm] radeon kernel modesetting enabled.
[    0.687086] i915 0000:00:02.0: vgaarb: deactivate vga console
[    0.687631] Console: switching to colour dummy device 80x25
[    0.696388] [drm] Supports vblank timestamp caching Rev 2 (21.10.2013).
[    0.696410] [drm] Driver supports precise vblank timestamp query.
[    0.697527] i915 0000:00:02.0: vgaarb: changed VGA decodes: olddecodes=io+mem,decodes=io+mem:owns=io+mem
[    0.782456] [drm] Initialized i915 1.6.0 20190822 for 0000:00:02.0 on minor 0
[    0.784479] ACPI: Video Device [VID] (multi-head: yes  rom: no  post: no)
[    0.785100] input: Video Bus as /devices/LNXSYSTM:00/LNXSYBUS:00/PNP0A08:00/LNXVIDEO:00/input/input3
[    0.785421] usbcore: registered new interface driver udl
[    0.795005] loop: module loaded
[    0.849406] ahci 0000:00:1f.2: version 3.0
[    0.850016] ahci 0000:00:1f.2: SSS flag set, parallel bus scan disabled
[    0.860300] ahci 0000:00:1f.2: AHCI 0001.0300 32 slots 6 ports 6 Gbps 0x17 impl SATA mode
[    0.860326] ahci 0000:00:1f.2: flags: 64bit ncq sntf ilck stag pm led clo pio slum part ems sxs apst 
[    0.898471] scsi host0: ahci
[    0.898852] scsi host1: ahci
[    0.899152] scsi host2: ahci
[    0.899432] scsi host3: ahci
[    0.899696] scsi host4: ahci
[    0.899991] scsi host5: ahci
[    0.900151] ata1: SATA max UDMA/133 abar m2048@0xf2528000 port 0xf2528100 irq 19
[    0.900193] ata2: SATA max UDMA/133 abar m2048@0xf2528000 port 0xf2528180 irq 19
[    0.900218] ata3: SATA max UDMA/133 abar m2048@0xf2528000 port 0xf2528200 irq 19
[    0.900236] ata4: DUMMY
[    0.900244] ata5: SATA max UDMA/133 abar m2048@0xf2528000 port 0xf2528300 irq 19
[    0.900262] ata6: DUMMY
[    0.901187] tun: Universal TUN/TAP device driver, 1.6
[    0.901603] e1000e: Intel(R) PRO/1000 Network Driver - 3.2.6-k
[    0.901624] e1000e: Copyright(c) 1999 - 2015 Intel Corporation.
[    0.902042] e1000e 0000:00:19.0: Interrupt Throttling Rate (ints/sec) set to dynamic conservative mode
[    0.999867] e1000e 0000:00:19.0 0000:00:19.0 (uninitialized): registered PHC clock
[    1.069561] fbcon: i915drmfb (fb0) is primary device
[    1.093086] e1000e 0000:00:19.0 eth0: (PCI Express:2.5GT/s:Width x1) f0:de:f1:e3:99:75
[    1.093103] e1000e 0000:00:19.0 eth0: Intel(R) PRO/1000 Network Connection
[    1.093152] e1000e 0000:00:19.0 eth0: MAC: 10, PHY: 11, PBA No: 1000FF-0FF
[    1.093368] PPP generic driver version 2.4.2
[    1.093512] PPP BSD Compression module registered
[    1.093515] PPP Deflate Compression module registered
[    1.093517] SLIP: version 0.8.4-NET3.019-NEWTTY (dynamic channels, max=256).
[    1.093518] CSLIP: code copyright 1989 Regents of the University of California.
[    1.093572] iwl3945: Intel(R) PRO/Wireless 3945ABG/BG Network Connection driver for Linux, in-tree:ds
[    1.093574] iwl3945: Copyright(c) 2003-2011 Intel Corporation
[    1.093575] iwl3945: hw_scan is disabled
[    1.093628] Intel(R) Wireless WiFi driver for Linux
[    1.093629] Copyright(c) 2003- 2015 Intel Corporation
[    1.094145] iwlwifi 0000:03:00.0: pci_enable_msi failed - -38
[    1.094462] iwlwifi 0000:03:00.0: loaded firmware version 39.31.5.1 build 35138 op_mode iwldvm
[    1.094659] iwlwifi 0000:03:00.0: CONFIG_IWLWIFI_DEBUG disabled
[    1.094662] iwlwifi 0000:03:00.0: CONFIG_IWLWIFI_DEBUGFS disabled
[    1.094664] iwlwifi 0000:03:00.0: CONFIG_IWLWIFI_DEVICE_TRACING disabled
[    1.094666] iwlwifi 0000:03:00.0: Detected Intel(R) Centrino(R) Wireless-N 1000 BGN, REV=0x6C
[    1.136823] ieee80211 phy0: Selected rate control algorithm 'iwl-agn-rs'
[    1.137442] usbcore: registered new interface driver ax88179_178a
[    1.137476] usbcore: registered new interface driver cdc_ether
[    1.137513] usbcore: registered new interface driver cdc_eem
[    1.137555] usbcore: registered new interface driver net1080
[    1.137591] usbcore: registered new interface driver cdc_subset
[    1.137631] usbcore: registered new interface driver zaurus
[    1.137737] usbcore: registered new interface driver cdc_ncm
[    1.137778] usbcore: registered new interface driver cdc_mbim
[    1.138057] ehci_hcd: USB 2.0 'Enhanced' Host Controller (EHCI) Driver
[    1.138065] ehci-pci: EHCI PCI platform driver
[    1.138388] ehci-pci 0000:00:1a.0: EHCI Host Controller
[    1.138539] ehci-pci 0000:00:1a.0: new USB bus registered, assigned bus number 1
[    1.138566] ehci-pci 0000:00:1a.0: debug port 2
[    1.142512] ehci-pci 0000:00:1a.0: cache line size of 64 is not supported
[    1.142523] ehci-pci 0000:00:1a.0: irq 16, io mem 0xf252a000
[    1.156315] ehci-pci 0000:00:1a.0: USB 2.0 started, EHCI 1.00
[    1.156545] usb usb1: New USB device found, idVendor=1d6b, idProduct=0002, bcdDevice= 5.04
[    1.156547] usb usb1: New USB device strings: Mfr=3, Product=2, SerialNumber=1
[    1.156549] usb usb1: Product: EHCI Host Controller
[    1.156550] usb usb1: Manufacturer: Linux 5.4.0+ ehci_hcd
[    1.156552] usb usb1: SerialNumber: 0000:00:1a.0
[    1.156968] hub 1-0:1.0: USB hub found
[    1.156992] hub 1-0:1.0: 3 ports detected
[    1.157916] ehci-pci 0000:00:1d.0: EHCI Host Controller
[    1.158051] ehci-pci 0000:00:1d.0: new USB bus registered, assigned bus number 2
[    1.158076] ehci-pci 0000:00:1d.0: debug port 2
[    1.162012] ehci-pci 0000:00:1d.0: cache line size of 64 is not supported
[    1.162043] ehci-pci 0000:00:1d.0: irq 23, io mem 0xf2529000
[    1.176314] ehci-pci 0000:00:1d.0: USB 2.0 started, EHCI 1.00
[    1.176480] usb usb2: New USB device found, idVendor=1d6b, idProduct=0002, bcdDevice= 5.04
[    1.176482] usb usb2: New USB device strings: Mfr=3, Product=2, SerialNumber=1
[    1.176483] usb usb2: Product: EHCI Host Controller
[    1.176485] usb usb2: Manufacturer: Linux 5.4.0+ ehci_hcd
[    1.176486] usb usb2: SerialNumber: 0000:00:1d.0
[    1.176895] hub 2-0:1.0: USB hub found
[    1.176926] hub 2-0:1.0: 3 ports detected
[    1.177594] ohci_hcd: USB 1.1 'Open' Host Controller (OHCI) Driver
[    1.177611] ohci-pci: OHCI PCI platform driver
[    1.177674] uhci_hcd: USB Universal Host Controller Interface driver
[    1.177838] usbcore: registered new interface driver cdc_acm
[    1.177840] cdc_acm: USB Abstract Control Model driver for USB modems and ISDN adapters
[    1.177885] usbcore: registered new interface driver usblp
[    1.177924] usbcore: registered new interface driver cdc_wdm
[    1.177984] usbcore: registered new interface driver usb-storage
[    1.178021] usbcore: registered new interface driver ums-sddr09
[    1.178142] usbcore: registered new interface driver usbserial_generic
[    1.178202] usbserial: USB Serial support registered for generic
[    1.178242] usbcore: registered new interface driver ch341
[    1.178277] usbserial: USB Serial support registered for ch341-uart
[    1.178316] usbcore: registered new interface driver cp210x
[    1.178348] usbserial: USB Serial support registered for cp210x
[    1.178389] usbcore: registered new interface driver ftdi_sio
[    1.178481] usbserial: USB Serial support registered for FTDI USB Serial Device
[    1.178525] usbcore: registered new interface driver option
[    1.178557] usbserial: USB Serial support registered for GSM modem (1-port)
[    1.178619] usbcore: registered new interface driver pl2303
[    1.178698] usbserial: USB Serial support registered for pl2303
[    1.178742] usbcore: registered new interface driver ti_usb_3410_5052
[    1.178769] usbserial: USB Serial support registered for TI USB 3410 1 port adapter
[    1.178791] usbserial: USB Serial support registered for TI USB 5052 2 port adapter
[    1.178795] ftdi_elan: driver ftdi-elan
[    1.178898] usbcore: registered new interface driver ftdi-elan
[    1.179086] i8042: PNP: PS/2 Controller [PNP0303:KBD,PNP0f13:MOU] at 0x60,0x64 irq 1,12
[    1.183426] serio: i8042 KBD port at 0x60,0x64 irq 1
[    1.183555] serio: i8042 AUX port at 0x60,0x64 irq 12
[    1.183925] mousedev: PS/2 mouse device common for all mice
[    1.184789] input: PC Speaker as /devices/platform/pcspkr/input/input5
[    1.185115] rtc_cmos 00:02: RTC can wake from S4
[    1.185491] rtc_cmos 00:02: registered as rtc0
[    1.185566] rtc_cmos 00:02: alarms up to one month, y3k, 114 bytes nvram, hpet irqs
[    1.185612] i2c /dev entries driver
[    1.186729] usbcore: registered new interface driver uvcvideo
[    1.186731] USB Video Class driver (1.1.1)
[    1.186732] gspca_main: v2.14.0 registered
[    1.186775] usbcore: registered new interface driver sq930x
[    1.187479] device-mapper: ioctl: 4.41.0-ioctl (2019-09-16) initialised: dm-devel@redhat.com
[    1.187481] Bluetooth: HCI UART driver ver 2.3
[    1.187483] Bluetooth: HCI UART protocol H4 registered
[    1.187484] Bluetooth: HCI UART protocol BCSP registered
[    1.187544] usbcore: registered new interface driver btusb
[    1.187550] intel_pstate: Intel P-state driver initializing
[    1.188311] sdhci: Secure Digital Host Controller Interface driver
[    1.188314] sdhci: Copyright(c) Pierre Ossman
[    1.188432] sdhci-pci 0000:0d:00.0: SDHCI controller found [1180:e822] (rev 7)
[    1.189154] input: AT Translated Set 2 keyboard as /devices/platform/i8042/serio0/input/input4
[    1.190766] mmc0 bounce up to 128 segments into one, max segment size 65536 bytes
[    1.192795] mmc0: SDHCI controller on PCI [0000:0d:00.0] using DMA
[    1.193391] hidraw: raw HID events driver (C) Jiri Kosina
[    1.196072] usbcore: registered new interface driver usbhid
[    1.196076] usbhid: USB HID core driver
[    1.199498] thinkpad_acpi: ThinkPad ACPI Extras v0.26
[    1.199502] thinkpad_acpi: http://ibm-acpi.sf.net/
[    1.199505] thinkpad_acpi: ThinkPad BIOS 8DET74WW (1.44 ), EC unknown
[    1.199508] thinkpad_acpi: Lenovo ThinkPad X220, model 42872WU
[    1.202639] thinkpad_acpi: radio switch found; radios are enabled
[    1.202909] thinkpad_acpi: Tablet mode switch found (type: MHKG), currently in laptop mode
[    1.202928] thinkpad_acpi: This ThinkPad has standard ACPI backlight brightness control, supported by the ACPI video driver
[    1.202929] thinkpad_acpi: Disabling thinkpad-acpi brightness events by default...
[    1.207637] thinkpad_acpi: rfkill switch tpacpi_bluetooth_sw: radio is unblocked
[    1.209252] thinkpad_acpi: warning: userspace override of important firmware LEDs is enabled
[    1.209272] thinkpad_acpi: Standard ACPI backlight interface available, not loading native one
[    1.209273] thinkpad_acpi: volume: disabled as there is no ALSA support in this kernel
[    1.209723] battery: new extension: ThinkPad Battery Extension
[    1.209831] input: ThinkPad Extra Buttons as /devices/platform/thinkpad_acpi/input/input8
[    1.210346] random: fast init done
[    1.213329] usbcore: registered new interface driver snd-usb-audio
[    1.215902] NET: Registered protocol family 17
[    1.216058] Bluetooth: RFCOMM TTY layer initialized
[    1.216068] Bluetooth: RFCOMM socket layer initialized
[    1.216245] ata1: SATA link up 1.5 Gbps (SStatus 113 SControl 300)
[    1.217088] Bluetooth: RFCOMM ver 1.11
[    1.217100] Bluetooth: BNEP (Ethernet Emulation) ver 1.3
[    1.217101] Bluetooth: BNEP filters: protocol multicast
[    1.217106] Bluetooth: BNEP socket layer initialized
[    1.217108] Bluetooth: HIDP (Human Interface Emulation) ver 1.2
[    1.217110] Bluetooth: HIDP socket layer initialized
[    1.217276] microcode: sig=0x206a7, pf=0x10, revision=0x2d
[    1.217282] ata1.00: ACPI cmd ef/02:00:00:00:00:a0 (SET FEATURES) succeeded
[    1.217285] ata1.00: ACPI cmd f5/00:00:00:00:00:a0 (SECURITY FREEZE LOCK) filtered out
[    1.217289] ata1.00: ACPI cmd ef/10:03:00:00:00:a0 (SET FEATURES) filtered out
[    1.217448] microcode: Microcode Update Driver: v2.2.
[    1.217453] IPI shorthand broadcast: enabled
[    1.217476] sched_clock: Marking stable (1205609183, 11809669)->(1227302480, -9883628)
[    1.217645] Loading compiled-in X.509 certificates
[    1.217723] Key type ._fscrypt registered
[    1.217725] Key type .fscrypt registered
[    1.218119] ata1.00: ATA-8: Hitachi HTS545050A7E380, GG2OA7J0, max UDMA/133
[    1.218122] ata1.00: 976773168 sectors, multi 16: LBA48 NCQ (depth 32), AA
[    1.218433] Key type encrypted registered
[    1.218818] rtc_cmos 00:02: setting system clock to 2019-11-26T18:37:35 UTC (1574793455)
[    1.219027] cfg80211: Loading compiled-in X.509 certificates for regulatory database
[    1.219165] Console: switching to colour frame buffer device 102x42
[    1.219232] ata1.00: ACPI cmd ef/02:00:00:00:00:a0 (SET FEATURES) succeeded
[    1.219236] ata1.00: ACPI cmd f5/00:00:00:00:00:a0 (SECURITY FREEZE LOCK) filtered out
[    1.219240] ata1.00: ACPI cmd ef/10:03:00:00:00:a0 (SET FEATURES) filtered out
[    1.219922] cfg80211: Loaded X.509 cert 'sforshee: 00b28ddf47aef9cea7'
[    1.220108] platform regulatory.0: Direct firmware load for regulatory.db failed with error -2
[    1.220126] cfg80211: failed to load regulatory.db
[    1.220302] ata1.00: configured for UDMA/133
[    1.233018] snd_hda_intel 0000:00:1b.0: bound 0000:00:02.0 (ops i915_audio_component_bind_ops)
[    1.302549] snd_hda_codec_generic hdaudioC0D0: autoconfig for Generic: line_outs=1 (0x1f/0x0/0x0/0x0/0x0) type:speaker
[    1.303496] i915 0000:00:02.0: fb0: i915drmfb frame buffer device
[    1.304832] snd_hda_codec_generic hdaudioC0D0:    speaker_outs=0 (0x0/0x0/0x0/0x0/0x0)
[    1.379015] snd_hda_codec_generic hdaudioC0D0:    hp_outs=1 (0x19/0x0/0x0/0x0/0x0)
[    1.379317] scsi 0:0:0:0: Direct-Access     ATA      Hitachi HTS54505 A7J0 PQ: 0 ANSI: 5
[    1.380129] snd_hda_codec_generic hdaudioC0D0:    mono: mono_out=0x0
[    1.381742] sd 0:0:0:0: Attached scsi generic sg0 type 0
[    1.381914] sd 0:0:0:0: [sda] 976773168 512-byte logical blocks: (500 GB/466 GiB)
[    1.381918] sd 0:0:0:0: [sda] 4096-byte physical blocks
[    1.381956] sd 0:0:0:0: [sda] Write Protect is off
[    1.381960] sd 0:0:0:0: [sda] Mode Sense: 00 3a 00 00
[    1.382016] sd 0:0:0:0: [sda] Write cache: enabled, read cache: enabled, doesn't support DPO or FUA
[    1.382463] snd_hda_codec_generic hdaudioC0D0:    inputs:
[    1.389472] snd_hda_codec_generic hdaudioC0D0:      Internal Mic=0x23
[    1.390515] snd_hda_codec_generic hdaudioC0D0:      Mic=0x1b
[    1.395126] snd_hda_codec_generic hdaudioC0D3: ignore pin 0x7, too many assigned pins
[    1.396306] snd_hda_codec_generic hdaudioC0D3: autoconfig for Generic: line_outs=0 (0x0/0x0/0x0/0x0/0x0) type:line
[    1.397448] snd_hda_codec_generic hdaudioC0D3:    speaker_outs=0 (0x0/0x0/0x0/0x0/0x0)
[    1.398551] snd_hda_codec_generic hdaudioC0D3:    hp_outs=0 (0x0/0x0/0x0/0x0/0x0)
[    1.399650] snd_hda_codec_generic hdaudioC0D3:    mono: mono_out=0x0
[    1.400783] snd_hda_codec_generic hdaudioC0D3:    dig-out=0x5/0x6
[    1.401780] snd_hda_codec_generic hdaudioC0D3:    inputs:
[    1.405134] input: HDA Intel PCH Mic as /devices/pci0000:00/0000:00:1b.0/sound/card0/input9
[    1.406407] input: HDA Intel PCH Headphone as /devices/pci0000:00/0000:00:1b.0/sound/card0/input10
[    1.407664] input: HDA Intel PCH HDMI as /devices/pci0000:00/0000:00:1b.0/sound/card0/input11
[    1.409104] input: HDA Intel PCH HDMI as /devices/pci0000:00/0000:00:1b.0/sound/card0/input12
[    1.425112]  sda: sda1 sda2 sda3 sda4
[    1.429194] sd 0:0:0:0: [sda] Attached SCSI disk
[    1.492350] usb 1-1: new high-speed USB device number 2 using ehci-pci
[    1.516307] usb 2-1: new high-speed USB device number 2 using ehci-pci
[    1.657260] usb 1-1: New USB device found, idVendor=8087, idProduct=0024, bcdDevice= 0.00
[    1.658847] usb 1-1: New USB device strings: Mfr=0, Product=0, SerialNumber=0
[    1.661460] hub 1-1:1.0: USB hub found
[    1.663924] hub 1-1:1.0: 6 ports detected
[    1.677043] usb 2-1: New USB device found, idVendor=8087, idProduct=0024, bcdDevice= 0.00
[    1.678401] usb 2-1: New USB device strings: Mfr=0, Product=0, SerialNumber=0
[    1.680324] tsc: Refined TSC clocksource calibration: 2491.906 MHz
[    1.680611] hub 2-1:1.0: USB hub found
[    1.682301] clocksource: tsc: mask: 0xffffffffffffffff max_cycles: 0x23eb5badc15, max_idle_ns: 440795233937 ns
[    1.686769] hub 2-1:1.0: 8 ports detected
[    1.686972] clocksource: Switched to clocksource tsc
[    1.704298] ata2: SATA link down (SStatus 0 SControl 300)
[    1.960321] usb 1-1.3: new full-speed USB device number 3 using ehci-pci
[    1.980266] usb 2-1.2: new high-speed USB device number 3 using ehci-pci
[    2.027977] ata3: SATA link up 3.0 Gbps (SStatus 123 SControl 300)
[    2.044804] ata3.00: ACPI cmd ef/02:00:00:00:00:a0 (SET FEATURES) succeeded
[    2.044812] ata3.00: ACPI cmd f5/00:00:00:00:00:a0 (SECURITY FREEZE LOCK) filtered out
[    2.048743] ata3.00: ACPI cmd ef/10:03:00:00:00:a0 (SET FEATURES) filtered out
[    2.057425] ata3.00: ATA-8: KINGSTON SMS200S3240G, 60AABBF0, max UDMA/133
[    2.058570] ata3.00: 468862128 sectors, multi 1: LBA48 NCQ (depth 32), AA
[    2.064875] ata3.00: ACPI cmd ef/02:00:00:00:00:a0 (SET FEATURES) succeeded
[    2.064885] ata3.00: ACPI cmd f5/00:00:00:00:00:a0 (SECURITY FREEZE LOCK) filtered out
[    2.066038] ata3.00: ACPI cmd ef/10:03:00:00:00:a0 (SET FEATURES) filtered out
[    2.072325] ata3.00: configured for UDMA/133
[    2.074179] usb 1-1.3: New USB device found, idVendor=147e, idProduct=2016, bcdDevice= 0.02
[    2.075396] scsi 2:0:0:0: Direct-Access     ATA      KINGSTON SMS200S BBF0 PQ: 0 ANSI: 5
[    2.076591] usb 1-1.3: New USB device strings: Mfr=1, Product=2, SerialNumber=0
[    2.078796] sd 2:0:0:0: Attached scsi generic sg1 type 0
[    2.079237] sd 2:0:0:0: [sdb] 468862128 512-byte logical blocks: (240 GB/224 GiB)
[    2.079283] sd 2:0:0:0: [sdb] Write Protect is off
[    2.079289] sd 2:0:0:0: [sdb] Mode Sense: 00 3a 00 00
[    2.079374] sd 2:0:0:0: [sdb] Write cache: enabled, read cache: enabled, doesn't support DPO or FUA
[    2.080289] usb 1-1.3: Product: Biometric Coprocessor
[    2.086278]  sdb: sdb2 sdb4
[    2.086624] usb 1-1.3: Manufacturer: UPEK
[    2.088982] sd 2:0:0:0: [sdb] Attached SCSI disk
[    2.092091] psmouse serio1: synaptics: queried max coordinates: x [..5472], y [..4448]
[    2.092904] usb 2-1.2: New USB device found, idVendor=1a40, idProduct=0101, bcdDevice= 1.11
[    2.098308] usb 2-1.2: New USB device strings: Mfr=0, Product=1, SerialNumber=0
[    2.099818] usb 2-1.2: Product: USB 2.0 Hub
[    2.101916] hub 2-1.2:1.0: USB hub found
[    2.103557] hub 2-1.2:1.0: 4 ports detected
[    2.172122] psmouse serio1: synaptics: Touchpad model: 1, fw: 8.0, id: 0x1e2b1, caps: 0xd001a3/0x940300/0x120c00/0x0, board id: 1611, fw id: 774180
[    2.172276] usb 1-1.4: new full-speed USB device number 4 using ehci-pci
[    2.180269] psmouse serio1: synaptics: serio: Synaptics pass-through port at isa0060/serio1/input0
[    2.234373] input: SynPS/2 Synaptics TouchPad as /devices/platform/i8042/serio1/input/input7
[    2.296949] usb 1-1.4: config 1 interface 1 altsetting 0 endpoint 0x83 has wMaxPacketSize 0, skipping
[    2.301155] usb 1-1.4: config 1 interface 1 altsetting 0 endpoint 0x3 has wMaxPacketSize 0, skipping
[    2.305563] usb 1-1.4: New USB device found, idVendor=0a5c, idProduct=217f, bcdDevice= 7.48
[    2.307624] usb 1-1.4: New USB device strings: Mfr=1, Product=2, SerialNumber=3
[    2.309686] usb 1-1.4: Product: Broadcom Bluetooth Device
[    2.311679] usb 1-1.4: Manufacturer: Broadcom Corp
[    2.313794] usb 1-1.4: SerialNumber: 7CE9D3B855AA
[    2.400318] usb 1-1.6: new high-speed USB device number 5 using ehci-pci
[    2.403899] ata5: SATA link down (SStatus 0 SControl 300)
[    2.451586] PM: Image not found (code -22)
[    2.451661] ALSA device list:
[    2.455579]   #0: HDA Intel PCH at 0xf2520000 irq 22
[    2.512328] usb 2-1.2.1: new low-speed USB device number 4 using ehci-pci
[    2.521133] usb 1-1.6: New USB device found, idVendor=04f2, idProduct=b217, bcdDevice= 8.54
[    2.525232] usb 1-1.6: New USB device strings: Mfr=1, Product=2, SerialNumber=0
[    2.527555] usb 1-1.6: Product: Integrated Camera
[    2.529828] usb 1-1.6: Manufacturer: Chicony Electronics Co., Ltd.
[    2.535067] uvcvideo: Found UVC 1.00 device Integrated Camera (04f2:b217)
[    2.550612] uvcvideo 1-1.6:1.0: Entity type for entity Extension 3 was not initialized!
[    2.554706] uvcvideo 1-1.6:1.0: Entity type for entity Processing 2 was not initialized!
[    2.558804] uvcvideo 1-1.6:1.0: Entity type for entity Camera 1 was not initialized!
[    2.762677] usb 2-1.2.1: New USB device found, idVendor=06a3, idProduct=053f, bcdDevice= 0.02
[    2.766622] usb 2-1.2.1: New USB device strings: Mfr=1, Product=2, SerialNumber=3
[    2.768549] usb 2-1.2.1: Product: Saitek X36
[    2.770407] usb 2-1.2.1: Manufacturer: Saitek
[    2.772273] usb 2-1.2.1: SerialNumber: 00103464
[    2.815321] input: Saitek Saitek X36 as /devices/pci0000:00/0000:00:1d.0/usb2/2-1/2-1.2/2-1.2.1/2-1.2.1:1.0/0003:06A3:053F.0001/input/input14
[    2.824317] hid-generic 0003:06A3:053F.0001: input,hidraw0: USB HID v1.00 Joystick [Saitek Saitek X36] on usb-0000:00:1d.0-1.2.1/input0
[    2.984756] psmouse serio2: trackpoint: IBM TrackPoint firmware: 0x0e, buttons: 3/3
[    3.024317] usb 2-1.2.2: new low-speed USB device number 5 using ehci-pci
[    3.248281] input: TPPS/2 IBM TrackPoint as /devices/platform/i8042/serio1/serio2/input/input13
[    3.263313] usb 2-1.2.2: New USB device found, idVendor=046d, idProduct=c050, bcdDevice=27.20
[    3.267482] usb 2-1.2.2: New USB device strings: Mfr=1, Product=2, SerialNumber=0
[    3.271574] usb 2-1.2.2: Product: USB-PS/2 Optical Mouse
[    3.272891] usb 2-1.2.2: Manufacturer: Logitech
[    3.279544] input: Logitech USB-PS/2 Optical Mouse as /devices/pci0000:00/0000:00:1d.0/usb2/2-1/2-1.2/2-1.2.2/2-1.2.2:1.0/0003:046D:C050.0002/input/input15
[    3.282695] hid-generic 0003:046D:C050.0002: input,hidraw1: USB HID v1.10 Mouse [Logitech USB-PS/2 Optical Mouse] on usb-0000:00:1d.0-1.2.2/input0
[    3.359162] md: Waiting for all devices to be available before autodetect
[    3.363378] md: If you don't use raid, use raid=noautodetect
[    3.368967] md: Autodetecting RAID arrays.
[    3.373176] md: autorun ...
[    3.377309] md: ... autorun DONE.
[    3.387149] EXT4-fs (sdb4): mounted filesystem with ordered data mode. Opts: (null)
[    3.388320] VFS: Mounted root (ext4 filesystem) readonly on device 8:20.
[    3.390349] devtmpfs: mounted
[    3.394254] Freeing unused kernel image memory: 1076K
[    3.412355] Write protecting the kernel read-only data: 24576k
[    3.415440] Freeing unused kernel image memory: 2008K
[    3.418219] Freeing unused kernel image memory: 696K
[    3.431475] x86/mm: Checked W+X mappings: passed, no W+X pages found.
[    3.432515] rodata_test: all tests were successful
[    3.433541] x86/mm: Checking user space page tables
[    3.443308] x86/mm: Checked W+X mappings: passed, no W+X pages found.
[    3.444339] Run /sbin/init as init process
[    3.484219] usb 2-1.2.3: new low-speed USB device number 6 using ehci-pci
[    3.621227] systemd[1]: systemd 241 running in system mode. (+PAM +AUDIT +SELINUX +IMA +APPARMOR +SMACK +SYSVINIT +UTMP +LIBCRYPTSETUP +GCRYPT +GNUTLS +ACL +XZ +LZ4 +SECCOMP +BLKID +ELFUTILS +KMOD -IDN2 +IDN -PCRE2 default-hierarchy=hybrid)
[    3.644486] systemd[1]: Detected architecture x86-64.
[    3.662054] systemd[1]: Set hostname to <duo>.
[    3.723963] usb 2-1.2.3: New USB device found, idVendor=04f2, idProduct=0111, bcdDevice= 1.02
[    3.725808] usb 2-1.2.3: New USB device strings: Mfr=1, Product=2, SerialNumber=0
[    3.727543] usb 2-1.2.3: Product: USB Keyboard
[    3.729383] usb 2-1.2.3: Manufacturer: Chicony
[    3.736666] input: Chicony USB Keyboard as /devices/pci0000:00/0000:00:1d.0/usb2/2-1/2-1.2/2-1.2.3/2-1.2.3:1.0/0003:04F2:0111.0003/input/input16
[    3.800976] hid-generic 0003:04F2:0111.0003: input,hidraw2: USB HID v1.10 Keyboard [Chicony USB Keyboard] on usb-0000:00:1d.0-1.2.3/input0
[    3.813583] input: Chicony USB Keyboard System Control as /devices/pci0000:00/0000:00:1d.0/usb2/2-1/2-1.2/2-1.2.3/2-1.2.3:1.1/0003:04F2:0111.0004/input/input17
[    3.824763] systemd[1]: File /lib/systemd/system/systemd-journald.service:12 configures an IP firewall (IPAddressDeny=any), but the local system does not support BPF/cgroup based firewalling.
[    3.829935] systemd[1]: Proceeding WITHOUT firewalling in effect! (This warning is only shown for the first loaded unit using IP firewalling.)
[    3.876679] input: Chicony USB Keyboard Consumer Control as /devices/pci0000:00/0000:00:1d.0/usb2/2-1/2-1.2/2-1.2.3/2-1.2.3:1.1/0003:04F2:0111.0004/input/input18
[    3.881228] hid-generic 0003:04F2:0111.0004: input,hiddev96,hidraw3: USB HID v1.10 Device [Chicony USB Keyboard] on usb-0000:00:1d.0-1.2.3/input1
[    3.898382] systemd[1]: Binding to IPv6 address not available since kernel does not support IPv6.
[    3.899648] systemd[1]: Binding to IPv6 address not available since kernel does not support IPv6.
[    3.910882] systemd[1]: /lib/systemd/system/rpc-statd.service:13: PIDFile= references path below legacy directory /var/run/, updating /var/run/rpc.statd.pid  /run/rpc.statd.pid; please update the unit file accordingly.
[    3.920746] systemd[1]: Binding to IPv6 address not available since kernel does not support IPv6.
[    3.924830] systemd[1]: /lib/systemd/system/fancontrol.service:9: PIDFile= references path below legacy directory /var/run/, updating /var/run/fancontrol.pid  /run/fancontrol.pid; please update the unit file accordingly.
[    3.957000] random: systemd: uninitialized urandom read (16 bytes read)
[    3.960733] random: systemd: uninitialized urandom read (16 bytes read)
[    3.965443] random: systemd: uninitialized urandom read (16 bytes read)
[    4.935134] EXT4-fs (sdb4): re-mounted. Opts: errors=remount-ro
[    4.968047] systemd-journald[1751]: Received request to flush runtime journal from PID 1
[    5.284211] e1000e 0000:00:19.0 eth2: renamed from eth0
[    5.352448] iwlwifi 0000:03:00.0 wlan1: renamed from wlan0
[    6.744447] Adding 1681428k swap on /dev/sda1.  Priority:-2 extents:1 across:1681428k 
[    6.756267] random: crng init done
[    6.757291] random: 7 urandom warning(s) missed due to ratelimiting
[    7.207671] EXT4-fs (sda2): mounted filesystem with ordered data mode. Opts: errors=remount-ro
[    7.349268] EXT4-fs (sdb2): mounted filesystem with ordered data mode. Opts: errors=remount-ro
[    8.771720] iwlwifi 0000:03:00.0: Radio type=0x0-0x0-0x3
[    8.843638] iwlwifi 0000:03:00.0: Radio type=0x0-0x0-0x3
[    8.911705] iwlwifi 0000:03:00.0: Radio type=0x0-0x0-0x3
[    8.983816] iwlwifi 0000:03:00.0: Radio type=0x0-0x0-0x3
[    9.234806] NFSD: Using /var/lib/nfs/v4recovery as the NFSv4 state recovery directory
[    9.237532] NFSD: Using legacy client tracking operations.
[    9.239479] NFSD: starting 90-second grace period (net f0000098)
[    9.662456] broken atomic modeset userspace detected, disabling atomic
[   11.574184] e1000e: eth2 NIC Link is Up 100 Mbps Full Duplex, Flow Control: Rx/Tx
[   11.574198] e1000e 0000:00:19.0 eth2: 10/100 speed: disabling TSO
[   15.479694] iwlwifi 0000:03:00.0: Radio type=0x0-0x0-0x3
[   15.547829] iwlwifi 0000:03:00.0: Radio type=0x0-0x0-0x3
[   46.148278] iwlwifi 0000:03:00.0: Radio type=0x0-0x0-0x3
[   46.224734] iwlwifi 0000:03:00.0: Radio type=0x0-0x0-0x3
[   46.869301] iwlwifi 0000:03:00.0: Radio type=0x0-0x0-0x3
[   46.941750] iwlwifi 0000:03:00.0: Radio type=0x0-0x0-0x3
